Files:
- layui/2.11.6/css/layui.css.br
- layui/2.11.6/css/layui.css.gz
- layui/2.11.6/css/layui.css.map.br
- layui/2.11.6/css/layui.css.map.gz
- layui/2.11.6/css/layui.css.sri
- layui/2.11.6/css/layui.min.css.br
- layui/2.11.6/css/layui.min.css.gz
- layui/2.11.6/css/layui.min.css.sri
- layui/2.11.6/font/iconfont.eot.br
- layui/2.11.6/font/iconfont.eot.gz
- layui/2.11.6/font/iconfont.svg.br
- layui/2.11.6/font/iconfont.svg.gz
- layui/2.11.6/font/iconfont.ttf.br
- layui/2.11.6/font/iconfont.ttf.gz
- layui/2.11.6/font/iconfont.woff.br
- layui/2.11.6/font/iconfont.woff.gz
- layui/2.11.6/font/iconfont.woff2
- layui/2.11.6/layui.js.br
- layui/2.11.6/layui.js.gz
- layui/2.11.6/layui.js.map.br
- layui/2.11.6/layui.js.map.gz
- layui/2.11.6/layui.js.sri
- layui/2.11.6/layui.min.js.br
- layui/2.11.6/layui.min.js.gz
- layui/2.11.6/layui.min.js.sri
