config: {"authors":[{"name":"Guillaume du Pontavice","email":"g.du.pontavice@gmail.com"}],"autoupdate":{"source":"npm","target":"hls.js","fileMap":[{"basePath":"dist","files":["**/!(*-demo.*)"]}],"ignoreVersions":["*-canary.*"]},"description":"JavaScript HLS client using MediaSourceExtension","filename":"hls.min.js","homepage":"https://hls-js.netlify.com/demo/","keywords":["hls.js","video","streaming","mediasource","player"],"license":"Apache-2.0","name":"hls.js","repository":{"type":"git","url":"git://github.com/video-dev/hls.js"},"author":"Guillaume du Pontavice \u003cg.du.pontavice@gmail.com\u003e"}
KV keys:
- hls.js/1.6.0-beta.2.0.canary.10921/hls.d.mts.br
- hls.js/1.6.0-beta.2.0.canary.10921/hls.d.mts.gz
- hls.js/1.6.0-beta.2.0.canary.10921/hls.d.ts.br
- hls.js/1.6.0-beta.2.0.canary.10921/hls.d.ts.gz
- hls.js/1.6.0-beta.2.0.canary.10921/hls.js.br
- hls.js/1.6.0-beta.2.0.canary.10921/hls.js.d.ts.br
- hls.js/1.6.0-beta.2.0.canary.10921/hls.js.d.ts.gz
- hls.js/1.6.0-beta.2.0.canary.10921/hls.js.gz
- hls.js/1.6.0-beta.2.0.canary.10921/hls.js.map.br
- hls.js/1.6.0-beta.2.0.canary.10921/hls.js.map.gz
- hls.js/1.6.0-beta.2.0.canary.10921/hls.light.js.br
- hls.js/1.6.0-beta.2.0.canary.10921/hls.light.js.gz
- hls.js/1.6.0-beta.2.0.canary.10921/hls.light.js.map.br
- hls.js/1.6.0-beta.2.0.canary.10921/hls.light.js.map.gz
- hls.js/1.6.0-beta.2.0.canary.10921/hls.light.min.js.br
- hls.js/1.6.0-beta.2.0.canary.10921/hls.light.min.js.gz
- hls.js/1.6.0-beta.2.0.canary.10921/hls.light.min.js.map.br
- hls.js/1.6.0-beta.2.0.canary.10921/hls.light.min.js.map.gz
- hls.js/1.6.0-beta.2.0.canary.10921/hls.light.mjs.br
- hls.js/1.6.0-beta.2.0.canary.10921/hls.light.mjs.gz
- hls.js/1.6.0-beta.2.0.canary.10921/hls.light.mjs.map.br
- hls.js/1.6.0-beta.2.0.canary.10921/hls.light.mjs.map.gz
- hls.js/1.6.0-beta.2.0.canary.10921/hls.min.js.br
- hls.js/1.6.0-beta.2.0.canary.10921/hls.min.js.gz
- hls.js/1.6.0-beta.2.0.canary.10921/hls.min.js.map.br
- hls.js/1.6.0-beta.2.0.canary.10921/hls.min.js.map.gz
- hls.js/1.6.0-beta.2.0.canary.10921/hls.mjs.br
- hls.js/1.6.0-beta.2.0.canary.10921/hls.mjs.gz
- hls.js/1.6.0-beta.2.0.canary.10921/hls.mjs.map.br
- hls.js/1.6.0-beta.2.0.canary.10921/hls.mjs.map.gz
- hls.js/1.6.0-beta.2.0.canary.10921/hls.worker.js.br
- hls.js/1.6.0-beta.2.0.canary.10921/hls.worker.js.gz
- hls.js/1.6.0-beta.2.0.canary.10921/hls.worker.js.map.br
- hls.js/1.6.0-beta.2.0.canary.10921/hls.worker.js.map.gz
- hls.js/1.6.0-beta.2.0.canary.10921/hls.worker.min.js.br
- hls.js/1.6.0-beta.2.0.canary.10921/hls.worker.min.js.gz
SRIs:
- hls.js/1.6.0-beta.2.0.canary.10921/hls.light.js: sha512-Z1E0OFYJl4Y2DL4ZpU5oLdE7izdLIZ5ISIJ9eQLbD18jmP4wkzH78pz9ymPEgATep/7OPy29dq+sDA9scxCcuw==
- hls.js/1.6.0-beta.2.0.canary.10921/hls.light.min.js: sha512-kboPVrhF746D3/6DImlI9J7xmXEwPo/AQjPfla8beEByqO8EtBfSh2DLzRrqL4YSTMKr91l+Dc8BCOUeddJYmQ==
- hls.js/1.6.0-beta.2.0.canary.10921/hls.min.js: sha512-KOuwtcIs2UJkMmzZ6Qd/rKh4DSyGcnIfrjcnhjM1VxnzeVyqZAN+ypniYxiZ7S860fcNeQ8kDlIYXo+CH+/JgQ==
- hls.js/1.6.0-beta.2.0.canary.10921/hls.worker.js: sha512-K+X00sVI/ceY8ucw4kYJwGbgu1WjBbymuzvtP3Imlgq0ZYmQdiCWSkpWF5uBKOv56J/fNK4kuzclh9Q7qtz/Lw==
- hls.js/1.6.0-beta.2.0.canary.10921/hls.worker.min.js: sha512-hDKgfVWHmgHye0uvUUIcgMP5VOULVcSGX3OSM79f0rqGCTY3xVWQDFTGUTACvefVFuIhc4JgSTWGlyhlDhY9rA==
- hls.js/1.6.0-beta.2.0.canary.10921/hls.js: sha512-jHGY1EPMavxkZ8SkqPja4axWD/wfiBSnPosiqM2M8gKtFyvYRZ7SwWCWCk/PfAZk++JiESaoXg4/L8wCdyZttg==
