config: {"authors":[{"name":"Algolia SAS","url":"https://www.algolia.com"}],"autoupdate":{"source":"npm","target":"algoliasearch","fileMap":[{"basePath":"dist","files":["**/*.@(js?(.map)|d.ts)"]}]},"description":"AlgoliaSearch API JavaScript client","filename":"algoliasearch.umd.min.js","keywords":["algolia","search","search api","instant search","realtime","autocomplete"],"license":"MIT","name":"algoliasearch","repository":{"type":"git","url":"https://github.com/algolia/algoliasearch-client-js"},"author":"Algolia SAS (https://www.algolia.com)"}
KV keys:
- algoliasearch/5.14.1/algoliasearch.umd.js.br
- algoliasearch/5.14.1/algoliasearch.umd.js.gz
- algoliasearch/5.14.1/algoliasearch.umd.min.js.br
- algoliasearch/5.14.1/algoliasearch.umd.min.js.gz
- algoliasearch/5.14.1/browser.d.ts.br
- algoliasearch/5.14.1/browser.d.ts.gz
- algoliasearch/5.14.1/browser.js.br
- algoliasearch/5.14.1/browser.js.gz
- algoliasearch/5.14.1/browser.js.map.br
- algoliasearch/5.14.1/browser.js.map.gz
- algoliasearch/5.14.1/browser.min.js.br
- algoliasearch/5.14.1/browser.min.js.gz
- algoliasearch/5.14.1/browser.min.js.map.br
- algoliasearch/5.14.1/browser.min.js.map.gz
- algoliasearch/5.14.1/fetch.d.ts.br
- algoliasearch/5.14.1/fetch.d.ts.gz
- algoliasearch/5.14.1/fetch.js.br
- algoliasearch/5.14.1/fetch.js.gz
- algoliasearch/5.14.1/fetch.js.map.br
- algoliasearch/5.14.1/fetch.js.map.gz
- algoliasearch/5.14.1/fetch.min.js.br
- algoliasearch/5.14.1/fetch.min.js.gz
- algoliasearch/5.14.1/lite/browser.d.ts.br
- algoliasearch/5.14.1/lite/browser.d.ts.gz
- algoliasearch/5.14.1/lite/builds/browser.js.br
- algoliasearch/5.14.1/lite/builds/browser.js.gz
- algoliasearch/5.14.1/lite/builds/browser.js.map.br
- algoliasearch/5.14.1/lite/builds/browser.js.map.gz
- algoliasearch/5.14.1/lite/builds/browser.min.js.br
- algoliasearch/5.14.1/lite/builds/browser.min.js.gz
- algoliasearch/5.14.1/lite/builds/browser.min.js.map.br
- algoliasearch/5.14.1/lite/builds/browser.min.js.map.gz
- algoliasearch/5.14.1/lite/builds/browser.umd.js.br
- algoliasearch/5.14.1/lite/builds/browser.umd.js.gz
- algoliasearch/5.14.1/lite/builds/browser.umd.min.js.br
- algoliasearch/5.14.1/lite/builds/browser.umd.min.js.gz
- algoliasearch/5.14.1/lite/builds/node.js.br
- algoliasearch/5.14.1/lite/builds/node.js.gz
- algoliasearch/5.14.1/lite/builds/node.js.map.br
- algoliasearch/5.14.1/lite/builds/node.js.map.gz
- algoliasearch/5.14.1/lite/builds/node.min.js.br
- algoliasearch/5.14.1/lite/builds/node.min.js.gz
- algoliasearch/5.14.1/lite/node.d.ts.br
- algoliasearch/5.14.1/lite/node.d.ts.gz
- algoliasearch/5.14.1/lite/src/liteClient.js.br
- algoliasearch/5.14.1/lite/src/liteClient.js.gz
- algoliasearch/5.14.1/lite/src/liteClient.js.map.br
- algoliasearch/5.14.1/lite/src/liteClient.js.map.gz
- algoliasearch/5.14.1/lite/src/liteClient.min.js.br
- algoliasearch/5.14.1/lite/src/liteClient.min.js.gz
- algoliasearch/5.14.1/node.d.ts.br
- algoliasearch/5.14.1/node.d.ts.gz
- algoliasearch/5.14.1/node.js.br
- algoliasearch/5.14.1/node.js.gz
- algoliasearch/5.14.1/node.js.map.br
- algoliasearch/5.14.1/node.js.map.gz
- algoliasearch/5.14.1/node.min.js.br
- algoliasearch/5.14.1/node.min.js.gz
SRIs:
- algoliasearch/5.14.1/algoliasearch.umd.min.js: sha512-+1Cf+qKY5J8otBv9s40Xm3NSe75uBroMTZpfsEZau65dG9wPyfZGq2IhfF7HdQiMp7cQgVJyyU8AkJlEF+MDCg==
- algoliasearch/5.14.1/fetch.min.js: sha512-Kxm2VyEHgYqP3FFC44qbBZe/4/vv4SsCuB15FUdoFK8R1ZGgrhRgiUPBMLiUjOE/PLabJUK0zXWKdRdTBTNpgA==
- algoliasearch/5.14.1/lite/builds/browser.js: sha512-gci9ztJjYONYXqTYBLlgtayuN9xc28cWas6h3/quGovKCBUOB38KJu8dqnpxJaWv6cLKyZp1dGgnYF/SLyFTxA==
- algoliasearch/5.14.1/lite/src/liteClient.js: sha512-hYo1lV0aUI+tNXQca0cQDqEgXPp4qP5ziS/T0S8qxKOoUI372ahODZOzllE60nzp7cYpM7y6C3z2auMcbVg4Nw==
- algoliasearch/5.14.1/node.js: sha512-fnCiTN95Q8GNZeYI7vyPXzUjWA08bnscXxPA6InPe8r49OAlfG1RoGxAukBuKHnub8mkE69ZuRVvgDKnTURi+Q==
- algoliasearch/5.14.1/browser.js: sha512-tcct84UQwcCQtAzBHkBhKwcKBSZ1jW6jmdLj3Dy1dWOWPFrihUwKGu1ZLu2ZjWDX+8PZL27YRLv4kFN4DxLxfw==
- algoliasearch/5.14.1/fetch.js: sha512-R5ix1NxC+e8m2qdx4Ugd1Y4dI1tluwE+Wp/y4dQl2A4HF1TFhxFvl8YRpDdT+fa7mtX84HdB98lpKRS2Qz4JgA==
- algoliasearch/5.14.1/lite/builds/browser.min.js: sha512-2n+APWMszuGAyo79bK/Be0ftBu/SyhXZnoWUziDTsA+z4H8PMA1uiRCKDwVHgi4n2yZZX4SW9YrZun5o02KotA==
- algoliasearch/5.14.1/lite/builds/browser.umd.js: sha512-FZwXt767DUSUOBjJKsygYTJqrseMoCR61AF4r68Jv6mXQfwO5B7BBLt8n6nfYfFTyUXhLqVjUZpFoNccI+nvCQ==
- algoliasearch/5.14.1/lite/builds/browser.umd.min.js: sha512-4Qz5m8Zmb9woq2Vhu1dG4uaWAY+zy4vc3HBCRSF6kir431smeF8Y23okwl2NhfqGJNlO7ISiaF1mAFWLMR12LA==
- algoliasearch/5.14.1/lite/builds/node.min.js: sha512-uniikIMxnRV674t+n2sLb7fM9XZFJ4yGmWOrr6PJVnAotWM5MTKuzJm594DAE4lHiDAvjMA9XGihCrhFLGwqLA==
- algoliasearch/5.14.1/lite/src/liteClient.min.js: sha512-NZfJaNUPy9lTdENVU1IGJHRFG/ZEbEN6+HX9ySD73BuDN9SeXDt6EGJzoiIu1BrB3OL3VU8MrzhFtlI0tuk62w==
- algoliasearch/5.14.1/node.min.js: sha512-p0PJNr8EQdM0/OtSkx8sCK73w4RQCGMIIMwCsbwD7S6ITj+SDMcQQnHgV4W/N4q0iTuwkFF8sbqpIGvdEQxbeg==
- algoliasearch/5.14.1/algoliasearch.umd.js: sha512-IFJyMLCje30jiIZmFvZaCMLYJx9NoMYkTwSfDtqtWares9qQGbDAvtfrX+VXvmZTaXWDEGRlKX7W7bQReaAqHA==
- algoliasearch/5.14.1/browser.min.js: sha512-w9H9nh62Rlb13c8gL9asFWpAeM5sL66rnq3EbLl1mDDjMIEbd2svBPaw7DLJsP0BAr/3zfTVWs8Z30ivNes3CQ==
- algoliasearch/5.14.1/lite/builds/node.js: sha512-chPN4XsOhp0FrCjZf9a66JKDi9HuwEGlk41zp3rML3ZgFu17KahhmKdCFYCkM5eDWWsTthLuB6AjoOvVP54cGg==
