2025/06/19 01:03:13 optimizing files (Js true, Css true, Png true, Jpg true)
2025/06/19 01:03:13 algorithm: run /usr/bin/brotli --quality=11 --output=/output/33a552cb52e19389e14f.wasm.br /tmp/work/33a552cb52e19389e14f.wasm
2025/06/19 01:03:13 compress: run /node_modules/uglify-js/bin/uglifyjs (3.15.4) [--mangle --compress if_return=true -o /tmp/work/core.ruffle.05d6b75aa54f841f02c8.min.js /tmp/work/core.ruffle.05d6b75aa54f841f02c8.js]
2025/06/19 01:03:13 compress: run /node_modules/uglify-js/bin/uglifyjs (3.15.4) [--mangle --compress if_return=true -o /tmp/work/core.ruffle.516f7b44a9195c992227.min.js /tmp/work/core.ruffle.516f7b44a9195c992227.js]
2025/06/19 01:03:13 algorithm: run /usr/bin/brotli --quality=11 --output=/output/e432142b95fdb7c73ca6.wasm.br /tmp/work/e432142b95fdb7c73ca6.wasm
2025/06/19 01:03:13 compress: run /node_modules/uglify-js/bin/uglifyjs (3.15.4) [--mangle --compress if_return=true -o /tmp/work/ruffle.min.js /tmp/work/ruffle.js]
2025/06/19 01:03:21 sri /tmp/work/ruffle.min.js -> /output/ruffle.min.js.sri
2025/06/19 01:03:21 algorithm: run /usr/bin/brotli --quality=11 --output=/output/ruffle.min.js.br /tmp/work/ruffle.min.js
2025/06/19 01:03:21 sri /tmp/work/core.ruffle.05d6b75aa54f841f02c8.min.js -> /output/core.ruffle.05d6b75aa54f841f02c8.min.js.sri
2025/06/19 01:03:21 algorithm: run /usr/bin/brotli --quality=11 --output=/output/core.ruffle.05d6b75aa54f841f02c8.min.js.br /tmp/work/core.ruffle.05d6b75aa54f841f02c8.min.js
2025/06/19 01:03:22 br /tmp/work/ruffle.min.js -> /output/ruffle.min.js.br
2025/06/19 01:03:22 gz /tmp/work/ruffle.min.js -> /output/ruffle.min.js.gz
2025/06/19 01:03:22 sri /tmp/work/ruffle.js -> /output/ruffle.js.sri
2025/06/19 01:03:22 algorithm: run /usr/bin/brotli --quality=11 --output=/output/ruffle.js.br /tmp/work/ruffle.js
2025/06/19 01:03:22 br /tmp/work/core.ruffle.05d6b75aa54f841f02c8.min.js -> /output/core.ruffle.05d6b75aa54f841f02c8.min.js.br
2025/06/19 01:03:22 gz /tmp/work/core.ruffle.05d6b75aa54f841f02c8.min.js -> /output/core.ruffle.05d6b75aa54f841f02c8.min.js.gz
2025/06/19 01:03:22 sri /tmp/work/core.ruffle.05d6b75aa54f841f02c8.js -> /output/core.ruffle.05d6b75aa54f841f02c8.js.sri
2025/06/19 01:03:22 algorithm: run /usr/bin/brotli --quality=11 --output=/output/core.ruffle.05d6b75aa54f841f02c8.js.br /tmp/work/core.ruffle.05d6b75aa54f841f02c8.js
2025/06/19 01:03:23 br /tmp/work/core.ruffle.05d6b75aa54f841f02c8.js -> /output/core.ruffle.05d6b75aa54f841f02c8.js.br
2025/06/19 01:03:23 gz /tmp/work/core.ruffle.05d6b75aa54f841f02c8.js -> /output/core.ruffle.05d6b75aa54f841f02c8.js.gz
2025/06/19 01:03:23 sri /tmp/work/core.ruffle.516f7b44a9195c992227.min.js -> /output/core.ruffle.516f7b44a9195c992227.min.js.sri
2025/06/19 01:03:23 algorithm: run /usr/bin/brotli --quality=11 --output=/output/core.ruffle.516f7b44a9195c992227.min.js.br /tmp/work/core.ruffle.516f7b44a9195c992227.min.js
2025/06/19 01:03:23 br /tmp/work/core.ruffle.516f7b44a9195c992227.min.js -> /output/core.ruffle.516f7b44a9195c992227.min.js.br
2025/06/19 01:03:23 gz /tmp/work/core.ruffle.516f7b44a9195c992227.min.js -> /output/core.ruffle.516f7b44a9195c992227.min.js.gz
2025/06/19 01:03:23 sri /tmp/work/core.ruffle.516f7b44a9195c992227.js -> /output/core.ruffle.516f7b44a9195c992227.js.sri
2025/06/19 01:03:23 algorithm: run /usr/bin/brotli --quality=11 --output=/output/core.ruffle.516f7b44a9195c992227.js.br /tmp/work/core.ruffle.516f7b44a9195c992227.js
2025/06/19 01:03:23 br /tmp/work/core.ruffle.516f7b44a9195c992227.js -> /output/core.ruffle.516f7b44a9195c992227.js.br
2025/06/19 01:03:23 gz /tmp/work/core.ruffle.516f7b44a9195c992227.js -> /output/core.ruffle.516f7b44a9195c992227.js.gz
2025/06/19 01:03:23 br /tmp/work/ruffle.js -> /output/ruffle.js.br
2025/06/19 01:03:24 gz /tmp/work/ruffle.js -> /output/ruffle.js.gz
2025/06/19 01:04:31 br /tmp/work/33a552cb52e19389e14f.wasm -> /output/33a552cb52e19389e14f.wasm.br
2025/06/19 01:04:31 br /tmp/work/e432142b95fdb7c73ca6.wasm -> /output/e432142b95fdb7c73ca6.wasm.br
2025/06/19 01:04:32 gz /tmp/work/33a552cb52e19389e14f.wasm -> /output/33a552cb52e19389e14f.wasm.gz
2025/06/19 01:04:32 gz /tmp/work/e432142b95fdb7c73ca6.wasm -> /output/e432142b95fdb7c73ca6.wasm.gz
2025/06/19 01:04:32 processed ruffle-rs
