2025/06/18 01:33:30 optimizing files (Js true, Css true, Png true, Jpg true)
2025/06/18 01:33:31 /tmp/work/dist/rsuite-no-reset-rtl.css already has a compressed version: /tmp/work/dist/rsuite-no-reset-rtl.min.css
2025/06/18 01:33:31 algorithm: run /usr/bin/brotli --quality=11 --output=/output/rsuite-no-reset-rtl.min.css.map.br /tmp/work/dist/rsuite-no-reset-rtl.min.css.map
2025/06/18 01:33:31 /tmp/work/dist/rsuite-no-reset.css already has a compressed version: /tmp/work/dist/rsuite-no-reset.min.css
2025/06/18 01:33:31 sri /tmp/work/dist/rsuite-no-reset-rtl.css -> /output/rsuite-no-reset-rtl.css.sri
2025/06/18 01:33:31 algorithm: run /usr/bin/brotli --quality=11 --output=/output/rsuite-no-reset.min.css.map.br /tmp/work/dist/rsuite-no-reset.min.css.map
2025/06/18 01:33:31 /tmp/work/dist/rsuite-rtl.css already has a compressed version: /tmp/work/dist/rsuite-rtl.min.css
2025/06/18 01:33:31 algorithm: run /usr/bin/brotli --quality=11 --output=/output/rsuite-no-reset-rtl.css.br /tmp/work/dist/rsuite-no-reset-rtl.css
2025/06/18 01:33:31 sri /tmp/work/dist/rsuite-rtl.css -> /output/rsuite-rtl.css.sri
2025/06/18 01:33:31 algorithm: run /usr/bin/brotli --quality=11 --output=/output/rsuite-rtl.css.br /tmp/work/dist/rsuite-rtl.css
2025/06/18 01:33:31 sri /tmp/work/dist/rsuite-no-reset.min.css -> /output/rsuite-no-reset.min.css.sri
2025/06/18 01:33:31 algorithm: run /usr/bin/brotli --quality=11 --output=/output/rsuite-no-reset.min.css.br /tmp/work/dist/rsuite-no-reset.min.css
2025/06/18 01:33:31 sri /tmp/work/dist/rsuite-rtl.min.css -> /output/rsuite-rtl.min.css.sri
2025/06/18 01:33:31 algorithm: run /usr/bin/brotli --quality=11 --output=/output/rsuite-rtl.min.css.br /tmp/work/dist/rsuite-rtl.min.css
2025/06/18 01:33:31 sri /tmp/work/dist/rsuite-no-reset-rtl.min.css -> /output/rsuite-no-reset-rtl.min.css.sri
2025/06/18 01:33:31 algorithm: run /usr/bin/brotli --quality=11 --output=/output/rsuite-no-reset-rtl.min.css.br /tmp/work/dist/rsuite-no-reset-rtl.min.css
2025/06/18 01:33:31 sri /tmp/work/dist/rsuite-no-reset.css -> /output/rsuite-no-reset.css.sri
2025/06/18 01:33:31 algorithm: run /usr/bin/brotli --quality=11 --output=/output/rsuite-no-reset.css.br /tmp/work/dist/rsuite-no-reset.css
2025/06/18 01:33:33 br /tmp/work/dist/rsuite-no-reset-rtl.css -> /output/rsuite-no-reset-rtl.css.br
2025/06/18 01:33:33 gz /tmp/work/dist/rsuite-no-reset-rtl.css -> /output/rsuite-no-reset-rtl.css.gz
2025/06/18 01:33:33 algorithm: run /usr/bin/brotli --quality=11 --output=/output/rsuite-rtl.min.css.map.br /tmp/work/dist/rsuite-rtl.min.css.map
2025/06/18 01:33:34 br /tmp/work/dist/rsuite-rtl.min.css.map -> /output/rsuite-rtl.min.css.map.br
2025/06/18 01:33:34 gz /tmp/work/dist/rsuite-rtl.min.css.map -> /output/rsuite-rtl.min.css.map.gz
2025/06/18 01:33:34 /tmp/work/dist/rsuite.css already has a compressed version: /tmp/work/dist/rsuite.min.css
2025/06/18 01:33:34 sri /tmp/work/dist/rsuite.css -> /output/rsuite.css.sri
2025/06/18 01:33:34 algorithm: run /usr/bin/brotli --quality=11 --output=/output/rsuite.css.br /tmp/work/dist/rsuite.css
2025/06/18 01:33:35 br /tmp/work/dist/rsuite-no-reset-rtl.min.css -> /output/rsuite-no-reset-rtl.min.css.br
2025/06/18 01:33:35 gz /tmp/work/dist/rsuite-no-reset-rtl.min.css -> /output/rsuite-no-reset-rtl.min.css.gz
2025/06/18 01:33:35 /tmp/work/dist/rsuite.min.js already has corresponding compressed file
2025/06/18 01:33:35 br /tmp/work/dist/rsuite-no-reset.min.css -> /output/rsuite-no-reset.min.css.br
2025/06/18 01:33:35 sri /tmp/work/dist/rsuite.js -> /output/rsuite.js.sri
2025/06/18 01:33:35 algorithm: run /usr/bin/brotli --quality=11 --output=/output/rsuite.js.br /tmp/work/dist/rsuite.js
2025/06/18 01:33:35 gz /tmp/work/dist/rsuite-no-reset.min.css -> /output/rsuite-no-reset.min.css.gz
2025/06/18 01:33:35 algorithm: run /usr/bin/brotli --quality=11 --output=/output/rsuite.js.map.br /tmp/work/dist/rsuite.js.map
2025/06/18 01:33:35 br /tmp/work/dist/rsuite.js.map -> /output/rsuite.js.map.br
2025/06/18 01:33:35 gz /tmp/work/dist/rsuite.js.map -> /output/rsuite.js.map.gz
2025/06/18 01:33:35 sri /tmp/work/dist/rsuite.min.css -> /output/rsuite.min.css.sri
2025/06/18 01:33:35 algorithm: run /usr/bin/brotli --quality=11 --output=/output/rsuite.min.css.br /tmp/work/dist/rsuite.min.css
2025/06/18 01:33:36 br /tmp/work/dist/rsuite-no-reset.css -> /output/rsuite-no-reset.css.br
2025/06/18 01:33:36 br /tmp/work/dist/rsuite-rtl.css -> /output/rsuite-rtl.css.br
2025/06/18 01:33:36 gz /tmp/work/dist/rsuite-rtl.css -> /output/rsuite-rtl.css.gz
2025/06/18 01:33:36 algorithm: run /usr/bin/brotli --quality=11 --output=/output/rsuite.min.css.map.br /tmp/work/dist/rsuite.min.css.map
2025/06/18 01:33:36 gz /tmp/work/dist/rsuite-no-reset.css -> /output/rsuite-no-reset.css.gz
2025/06/18 01:33:36 /tmp/work/dist/rsuite.min.js is already compressed
2025/06/18 01:33:36 sri /tmp/work/dist/rsuite.min.js -> /output/rsuite.min.js.sri
2025/06/18 01:33:36 algorithm: run /usr/bin/brotli --quality=11 --output=/output/rsuite.min.js.br /tmp/work/dist/rsuite.min.js
2025/06/18 01:33:36 br /tmp/work/dist/rsuite-rtl.min.css -> /output/rsuite-rtl.min.css.br
2025/06/18 01:33:36 gz /tmp/work/dist/rsuite-rtl.min.css -> /output/rsuite-rtl.min.css.gz
2025/06/18 01:33:36 algorithm: run /usr/bin/brotli --quality=11 --output=/output/rsuite.min.js.LICENSE.txt.br /tmp/work/dist/rsuite.min.js.LICENSE.txt
2025/06/18 01:33:36 br /tmp/work/dist/rsuite.min.js.LICENSE.txt -> /output/rsuite.min.js.LICENSE.txt.br
2025/06/18 01:33:36 gz /tmp/work/dist/rsuite.min.js.LICENSE.txt -> /output/rsuite.min.js.LICENSE.txt.gz
2025/06/18 01:33:36 algorithm: run /usr/bin/brotli --quality=11 --output=/output/rsuite.min.js.map.br /tmp/work/dist/rsuite.min.js.map
2025/06/18 01:33:36 br /tmp/work/dist/rsuite.css -> /output/rsuite.css.br
2025/06/18 01:33:36 gz /tmp/work/dist/rsuite.css -> /output/rsuite.css.gz
2025/06/18 01:33:37 br /tmp/work/dist/rsuite-no-reset-rtl.min.css.map -> /output/rsuite-no-reset-rtl.min.css.map.br
2025/06/18 01:33:37 br /tmp/work/dist/rsuite-no-reset.min.css.map -> /output/rsuite-no-reset.min.css.map.br
2025/06/18 01:33:37 gz /tmp/work/dist/rsuite-no-reset-rtl.min.css.map -> /output/rsuite-no-reset-rtl.min.css.map.gz
2025/06/18 01:33:37 gz /tmp/work/dist/rsuite-no-reset.min.css.map -> /output/rsuite-no-reset.min.css.map.gz
2025/06/18 01:33:38 br /tmp/work/dist/rsuite.min.css -> /output/rsuite.min.css.br
2025/06/18 01:33:38 gz /tmp/work/dist/rsuite.min.css -> /output/rsuite.min.css.gz
2025/06/18 01:33:39 br /tmp/work/dist/rsuite.min.css.map -> /output/rsuite.min.css.map.br
2025/06/18 01:33:39 gz /tmp/work/dist/rsuite.min.css.map -> /output/rsuite.min.css.map.gz
2025/06/18 01:33:41 br /tmp/work/dist/rsuite.min.js -> /output/rsuite.min.js.br
2025/06/18 01:33:41 gz /tmp/work/dist/rsuite.min.js -> /output/rsuite.min.js.gz
2025/06/18 01:33:50 br /tmp/work/dist/rsuite.js -> /output/rsuite.js.br
2025/06/18 01:33:51 gz /tmp/work/dist/rsuite.js -> /output/rsuite.js.gz
2025/06/18 01:33:51 br /tmp/work/dist/rsuite.min.js.map -> /output/rsuite.min.js.map.br
2025/06/18 01:33:52 gz /tmp/work/dist/rsuite.min.js.map -> /output/rsuite.min.js.map.gz
2025/06/18 01:33:52 processed rsuite
