published: 2026-09-29T20:54:40.009Z

- jQRangeSlider/5.1.1/css/classic.css.br
- jQRangeSlider/5.1.1/css/classic.css.gz
- jQRangeSlider/5.1.1/css/classic.min.css.br
- jQRangeSlider/5.1.1/css/classic.min.css.gz
- jQRangeSlider/5.1.1/css/iThing.css.br
- jQRangeSlider/5.1.1/css/iThing.css.gz
- jQRangeSlider/5.1.1/css/iThing.min.css.br
- jQRangeSlider/5.1.1/css/iThing.min.css.gz
- jQRangeSlider/5.1.1/css/icons-classic/label.png.br
- jQRangeSlider/5.1.1/css/icons-classic/label.png.gz
- jQRangeSlider/5.1.1/css/icons-classic/resultset_next.png.br
- jQRangeSlider/5.1.1/css/icons-classic/resultset_next.png.gz
- jQRangeSlider/5.1.1/css/icons-classic/resultset_previous.png.br
- jQRangeSlider/5.1.1/css/icons-classic/resultset_previous.png.gz
- jQRangeSlider/5.1.1/jQDateRangeSlider.js.br
- jQRangeSlider/5.1.1/jQDateRangeSlider.js.gz
- jQRangeSlider/5.1.1/jQDateRangeSlider.min.js.br
- jQRangeSlider/5.1.1/jQDateRangeSlider.min.js.gz
- jQRangeSlider/5.1.1/jQDateRangeSliderHandle.js.br
- jQRangeSlider/5.1.1/jQDateRangeSliderHandle.js.gz
- jQRangeSlider/5.1.1/jQDateRangeSliderHandle.min.js.br
- jQRangeSlider/5.1.1/jQDateRangeSliderHandle.min.js.gz
- jQRangeSlider/5.1.1/jQEditRangeSlider.js.br
- jQRangeSlider/5.1.1/jQEditRangeSlider.js.gz
- jQRangeSlider/5.1.1/jQEditRangeSlider.min.js.br
- jQRangeSlider/5.1.1/jQEditRangeSlider.min.js.gz
- jQRangeSlider/5.1.1/jQEditRangeSliderLabel.js.br
- jQRangeSlider/5.1.1/jQEditRangeSliderLabel.js.gz
- jQRangeSlider/5.1.1/jQEditRangeSliderLabel.min.js.br
- jQRangeSlider/5.1.1/jQEditRangeSliderLabel.min.js.gz
- jQRangeSlider/5.1.1/jQRangeSlider.js.br
- jQRangeSlider/5.1.1/jQRangeSlider.js.gz
- jQRangeSlider/5.1.1/jQRangeSlider.min.js.br
- jQRangeSlider/5.1.1/jQRangeSlider.min.js.gz
- jQRangeSlider/5.1.1/jQRangeSliderBar.js.br
- jQRangeSlider/5.1.1/jQRangeSliderBar.js.gz
- jQRangeSlider/5.1.1/jQRangeSliderBar.min.js.br
- jQRangeSlider/5.1.1/jQRangeSliderBar.min.js.gz
- jQRangeSlider/5.1.1/jQRangeSliderDraggable.js.br
- jQRangeSlider/5.1.1/jQRangeSliderDraggable.js.gz
- jQRangeSlider/5.1.1/jQRangeSliderDraggable.min.js.br
- jQRangeSlider/5.1.1/jQRangeSliderDraggable.min.js.gz
- jQRangeSlider/5.1.1/jQRangeSliderHandle.js.br
- jQRangeSlider/5.1.1/jQRangeSliderHandle.js.gz
- jQRangeSlider/5.1.1/jQRangeSliderHandle.min.js.br
- jQRangeSlider/5.1.1/jQRangeSliderHandle.min.js.gz
- jQRangeSlider/5.1.1/jQRangeSliderLabel.js.br
- jQRangeSlider/5.1.1/jQRangeSliderLabel.js.gz
- jQRangeSlider/5.1.1/jQRangeSliderLabel.min.js.br
- jQRangeSlider/5.1.1/jQRangeSliderLabel.min.js.gz
- jQRangeSlider/5.1.1/jQRangeSliderMouseTouch.js.br
- jQRangeSlider/5.1.1/jQRangeSliderMouseTouch.js.gz
- jQRangeSlider/5.1.1/jQRangeSliderMouseTouch.min.js.br
- jQRangeSlider/5.1.1/jQRangeSliderMouseTouch.min.js.gz
- jQRangeSlider/5.1.1/jQRuler.js.br
- jQRangeSlider/5.1.1/jQRuler.js.gz
- jQRangeSlider/5.1.1/jQRuler.min.js.br
- jQRangeSlider/5.1.1/jQRuler.min.js.gz