- epub.js/0.2.15/epub.js.br
- epub.js/0.2.15/epub.js.gz
- epub.js/0.2.15/epub.js.map.br
- epub.js/0.2.15/epub.js.map.gz
- epub.js/0.2.15/epub.min.js.br
- epub.js/0.2.15/epub.min.js.gz
- epub.js/0.2.15/hooks.js.br
- epub.js/0.2.15/hooks.js.gz
- epub.js/0.2.15/hooks.js.map.br
- epub.js/0.2.15/hooks.js.map.gz
- epub.js/0.2.15/hooks.min.js.br
- epub.js/0.2.15/hooks.min.js.gz
- epub.js/0.2.15/hooks.min.map.br
- epub.js/0.2.15/hooks.min.map.gz
- epub.js/0.2.15/libs/localforage.min.js.br
- epub.js/0.2.15/libs/localforage.min.js.gz
- epub.js/0.2.15/libs/localforage.min.map.br
- epub.js/0.2.15/libs/localforage.min.map.gz
- epub.js/0.2.15/libs/zip.min.js.br
- epub.js/0.2.15/libs/zip.min.js.gz
- epub.js/0.2.15/libs/zip.min.map.br
- epub.js/0.2.15/libs/zip.min.map.gz
- epub.js/0.2.15/reader.js.br
- epub.js/0.2.15/reader.js.gz
- epub.js/0.2.15/reader.js.map.br
- epub.js/0.2.15/reader.js.map.gz
- epub.js/0.2.15/reader.min.js.br
- epub.js/0.2.15/reader.min.js.gz
- epub.js/0.2.15/reader.min.map.br
- epub.js/0.2.15/reader.min.map.gz