2025/06/18 17:03:41 optimizing files (Js true, Css true, Png true, Jpg true)
2025/06/18 17:03:41 algorithm: run /usr/bin/brotli --quality=11 --output=/output/_component-variables.sass.br /tmp/work/dist/_component-variables.sass
2025/06/18 17:03:41 algorithm: run /usr/bin/brotli --quality=11 --output=/output/json/attributes.json.br /tmp/work/dist/json/attributes.json
2025/06/18 17:03:41 algorithm: run /usr/bin/brotli --quality=11 --output=/output/json/importMap-labs.json.br /tmp/work/dist/json/importMap-labs.json
2025/06/18 17:03:41 algorithm: run /usr/bin/brotli --quality=11 --output=/output/json/importMap.json.br /tmp/work/dist/json/importMap.json
2025/06/18 17:03:41 algorithm: run /usr/bin/brotli --quality=11 --output=/output/json/tags.json.br /tmp/work/dist/json/tags.json
2025/06/18 17:03:41 algorithm: run /usr/bin/brotli --quality=11 --output=/output/json/web-types.json.br /tmp/work/dist/json/web-types.json
2025/06/18 17:03:41 algorithm: run /usr/bin/brotli --quality=11 --output=/output/vuetify-labs.cjs.br /tmp/work/dist/vuetify-labs.cjs
2025/06/18 17:03:41 algorithm: run /usr/bin/brotli --quality=11 --output=/output/_component-variables-labs.sass.br /tmp/work/dist/_component-variables-labs.sass
2025/06/18 17:03:41 br /tmp/work/dist/_component-variables.sass -> /output/_component-variables.sass.br
2025/06/18 17:03:41 gz /tmp/work/dist/_component-variables.sass -> /output/_component-variables.sass.gz
2025/06/18 17:03:41 /tmp/work/dist/vuetify-labs.css already has a compressed version: /tmp/work/dist/vuetify-labs.min.css
2025/06/18 17:03:41 sri /tmp/work/dist/vuetify-labs.css -> /output/vuetify-labs.css.sri
2025/06/18 17:03:41 algorithm: run /usr/bin/brotli --quality=11 --output=/output/vuetify-labs.css.br /tmp/work/dist/vuetify-labs.css
2025/06/18 17:03:41 br /tmp/work/dist/json/importMap-labs.json -> /output/json/importMap-labs.json.br
2025/06/18 17:03:41 gz /tmp/work/dist/json/importMap-labs.json -> /output/json/importMap-labs.json.gz
2025/06/18 17:03:41 algorithm: run /usr/bin/brotli --quality=11 --output=/output/vuetify-labs.d.ts.br /tmp/work/dist/vuetify-labs.d.ts
2025/06/18 17:03:41 br /tmp/work/dist/_component-variables-labs.sass -> /output/_component-variables-labs.sass.br
2025/06/18 17:03:41 gz /tmp/work/dist/_component-variables-labs.sass -> /output/_component-variables-labs.sass.gz
2025/06/18 17:03:41 compress: run /node_modules/uglify-js/bin/uglifyjs (3.15.4) [--mangle --compress if_return=true -o /tmp/work/dist/vuetify-labs.esm.min.js /tmp/work/dist/vuetify-labs.esm.js]
2025/06/18 17:03:41 br /tmp/work/dist/json/importMap.json -> /output/json/importMap.json.br
2025/06/18 17:03:41 gz /tmp/work/dist/json/importMap.json -> /output/json/importMap.json.gz
2025/06/18 17:03:41 algorithm: run /usr/bin/brotli --quality=11 --output=/output/vuetify-labs.esm.js.map.br /tmp/work/dist/vuetify-labs.esm.js.map
2025/06/18 17:03:42 br /tmp/work/dist/json/tags.json -> /output/json/tags.json.br
2025/06/18 17:03:42 gz /tmp/work/dist/json/tags.json -> /output/json/tags.json.gz
2025/06/18 17:03:42 compress: run /node_modules/uglify-js/bin/uglifyjs (3.15.4) [--mangle --compress if_return=true -o /tmp/work/dist/vuetify-labs.min.js /tmp/work/dist/vuetify-labs.js]
2025/06/18 17:03:52 br /tmp/work/dist/json/attributes.json -> /output/json/attributes.json.br
2025/06/18 17:03:53 gz /tmp/work/dist/json/attributes.json -> /output/json/attributes.json.gz
2025/06/18 17:03:53 sri /tmp/work/dist/vuetify-labs.min.css -> /output/vuetify-labs.min.css.sri
2025/06/18 17:03:53 algorithm: run /usr/bin/brotli --quality=11 --output=/output/vuetify-labs.min.css.br /tmp/work/dist/vuetify-labs.min.css
2025/06/18 17:03:53 br /tmp/work/dist/vuetify-labs.css -> /output/vuetify-labs.css.br
2025/06/18 17:03:53 gz /tmp/work/dist/vuetify-labs.css -> /output/vuetify-labs.css.gz
2025/06/18 17:03:53 algorithm: run /usr/bin/brotli --quality=11 --output=/output/vuetify.cjs.br /tmp/work/dist/vuetify.cjs
2025/06/18 17:04:00 br /tmp/work/dist/vuetify-labs.min.css -> /output/vuetify-labs.min.css.br
2025/06/18 17:04:01 gz /tmp/work/dist/vuetify-labs.min.css -> /output/vuetify-labs.min.css.gz
2025/06/18 17:04:01 algorithm: run /usr/bin/brotli --quality=11 --output=/output/vuetify.cjs.map.br /tmp/work/dist/vuetify.cjs.map
2025/06/18 17:04:02 br /tmp/work/dist/vuetify-labs.cjs -> /output/vuetify-labs.cjs.br
2025/06/18 17:04:02 gz /tmp/work/dist/vuetify-labs.cjs -> /output/vuetify-labs.cjs.gz
2025/06/18 17:04:02 /tmp/work/dist/vuetify.css already has a compressed version: /tmp/work/dist/vuetify.min.css
2025/06/18 17:04:02 sri /tmp/work/dist/vuetify.css -> /output/vuetify.css.sri
2025/06/18 17:04:02 algorithm: run /usr/bin/brotli --quality=11 --output=/output/vuetify.css.br /tmp/work/dist/vuetify.css
2025/06/18 17:04:06 br /tmp/work/dist/vuetify-labs.d.ts -> /output/vuetify-labs.d.ts.br
2025/06/18 17:04:07 gz /tmp/work/dist/vuetify-labs.d.ts -> /output/vuetify-labs.d.ts.gz
2025/06/18 17:04:08 algorithm: run /usr/bin/brotli --quality=11 --output=/output/vuetify.d.ts.br /tmp/work/dist/vuetify.d.ts
2025/06/18 17:04:10 br /tmp/work/dist/vuetify.cjs -> /output/vuetify.cjs.br
2025/06/18 17:04:11 gz /tmp/work/dist/vuetify.cjs -> /output/vuetify.cjs.gz
2025/06/18 17:04:11 compress: run /node_modules/uglify-js/bin/uglifyjs (3.15.4) [--mangle --compress if_return=true -o /tmp/work/dist/vuetify.esm.min.js /tmp/work/dist/vuetify.esm.js]
2025/06/18 17:04:13 br /tmp/work/dist/vuetify.css -> /output/vuetify.css.br
2025/06/18 17:04:13 gz /tmp/work/dist/vuetify.css -> /output/vuetify.css.gz
2025/06/18 17:04:13 algorithm: run /usr/bin/brotli --quality=11 --output=/output/vuetify.esm.js.map.br /tmp/work/dist/vuetify.esm.js.map
2025/06/18 17:04:21 sri /tmp/work/dist/vuetify-labs.esm.min.js -> /output/vuetify-labs.esm.min.js.sri
2025/06/18 17:04:21 algorithm: run /usr/bin/brotli --quality=11 --output=/output/vuetify-labs.esm.min.js.br /tmp/work/dist/vuetify-labs.esm.min.js
2025/06/18 17:04:30 br /tmp/work/dist/json/web-types.json -> /output/json/web-types.json.br
2025/06/18 17:04:30 br /tmp/work/dist/vuetify.d.ts -> /output/vuetify.d.ts.br
2025/06/18 17:04:30 gz /tmp/work/dist/json/web-types.json -> /output/json/web-types.json.gz
2025/06/18 17:04:30 /tmp/work/dist/vuetify.min.js already has corresponding compressed file
2025/06/18 17:04:30 sri /tmp/work/dist/vuetify.js -> /output/vuetify.js.sri
2025/06/18 17:04:30 algorithm: run /usr/bin/brotli --quality=11 --output=/output/vuetify.js.br /tmp/work/dist/vuetify.js
2025/06/18 17:04:30 sri /tmp/work/dist/vuetify-labs.min.js -> /output/vuetify-labs.min.js.sri
2025/06/18 17:04:30 algorithm: run /usr/bin/brotli --quality=11 --output=/output/vuetify-labs.min.js.br /tmp/work/dist/vuetify-labs.min.js
2025/06/18 17:04:31 br /tmp/work/dist/vuetify-labs.esm.min.js -> /output/vuetify-labs.esm.min.js.br
2025/06/18 17:04:31 gz /tmp/work/dist/vuetify-labs.esm.min.js -> /output/vuetify-labs.esm.min.js.gz
2025/06/18 17:04:31 sri /tmp/work/dist/vuetify-labs.esm.js -> /output/vuetify-labs.esm.js.sri
2025/06/18 17:04:31 algorithm: run /usr/bin/brotli --quality=11 --output=/output/vuetify-labs.esm.js.br /tmp/work/dist/vuetify-labs.esm.js
2025/06/18 17:04:31 br /tmp/work/dist/vuetify-labs.esm.js.map -> /output/vuetify-labs.esm.js.map.br
2025/06/18 17:04:31 gz /tmp/work/dist/vuetify.d.ts -> /output/vuetify.d.ts.gz
2025/06/18 17:04:31 algorithm: run /usr/bin/brotli --quality=11 --output=/output/vuetify.js.map.br /tmp/work/dist/vuetify.js.map
2025/06/18 17:04:33 gz /tmp/work/dist/vuetify-labs.esm.js.map -> /output/vuetify-labs.esm.js.map.gz
2025/06/18 17:04:33 sri /tmp/work/dist/vuetify.min.css -> /output/vuetify.min.css.sri
2025/06/18 17:04:33 algorithm: run /usr/bin/brotli --quality=11 --output=/output/vuetify.min.css.br /tmp/work/dist/vuetify.min.css
2025/06/18 17:04:38 br /tmp/work/dist/vuetify-labs.min.js -> /output/vuetify-labs.min.js.br
2025/06/18 17:04:38 gz /tmp/work/dist/vuetify-labs.min.js -> /output/vuetify-labs.min.js.gz
2025/06/18 17:04:38 sri /tmp/work/dist/vuetify-labs.js -> /output/vuetify-labs.js.sri
2025/06/18 17:04:38 algorithm: run /usr/bin/brotli --quality=11 --output=/output/vuetify-labs.js.br /tmp/work/dist/vuetify-labs.js
2025/06/18 17:04:40 br /tmp/work/dist/vuetify.min.css -> /output/vuetify.min.css.br
2025/06/18 17:04:40 gz /tmp/work/dist/vuetify.min.css -> /output/vuetify.min.css.gz
2025/06/18 17:04:40 /tmp/work/dist/vuetify.min.js is already compressed
2025/06/18 17:04:40 sri /tmp/work/dist/vuetify.min.js -> /output/vuetify.min.js.sri
2025/06/18 17:04:40 algorithm: run /usr/bin/brotli --quality=11 --output=/output/vuetify.min.js.br /tmp/work/dist/vuetify.min.js
2025/06/18 17:04:44 br /tmp/work/dist/vuetify.cjs.map -> /output/vuetify.cjs.map.br
2025/06/18 17:04:44 sri /tmp/work/dist/vuetify.esm.min.js -> /output/vuetify.esm.min.js.sri
2025/06/18 17:04:44 algorithm: run /usr/bin/brotli --quality=11 --output=/output/vuetify.esm.min.js.br /tmp/work/dist/vuetify.esm.min.js
2025/06/18 17:04:45 gz /tmp/work/dist/vuetify.cjs.map -> /output/vuetify.cjs.map.gz
2025/06/18 17:04:45 algorithm: run /usr/bin/brotli --quality=11 --output=/output/vuetify.min.js.map.br /tmp/work/dist/vuetify.min.js.map
2025/06/18 17:04:46 br /tmp/work/dist/vuetify.js -> /output/vuetify.js.br
2025/06/18 17:04:47 br /tmp/work/dist/vuetify-labs.esm.js -> /output/vuetify-labs.esm.js.br
2025/06/18 17:04:47 br /tmp/work/dist/vuetify.min.js -> /output/vuetify.min.js.br
2025/06/18 17:04:47 gz /tmp/work/dist/vuetify.js -> /output/vuetify.js.gz
2025/06/18 17:04:47 gz /tmp/work/dist/vuetify.min.js -> /output/vuetify.min.js.gz
2025/06/18 17:04:47 gz /tmp/work/dist/vuetify-labs.esm.js -> /output/vuetify-labs.esm.js.gz
2025/06/18 17:04:50 br /tmp/work/dist/vuetify.esm.min.js -> /output/vuetify.esm.min.js.br
2025/06/18 17:04:50 gz /tmp/work/dist/vuetify.esm.min.js -> /output/vuetify.esm.min.js.gz
2025/06/18 17:04:50 sri /tmp/work/dist/vuetify.esm.js -> /output/vuetify.esm.js.sri
2025/06/18 17:04:50 algorithm: run /usr/bin/brotli --quality=11 --output=/output/vuetify.esm.js.br /tmp/work/dist/vuetify.esm.js
2025/06/18 17:04:51 br /tmp/work/dist/vuetify.esm.js.map -> /output/vuetify.esm.js.map.br
2025/06/18 17:04:52 gz /tmp/work/dist/vuetify.esm.js.map -> /output/vuetify.esm.js.map.gz
2025/06/18 17:04:52 br /tmp/work/dist/vuetify-labs.js -> /output/vuetify-labs.js.br
2025/06/18 17:04:53 gz /tmp/work/dist/vuetify-labs.js -> /output/vuetify-labs.js.gz
2025/06/18 17:04:55 br /tmp/work/dist/vuetify.esm.js -> /output/vuetify.esm.js.br
2025/06/18 17:04:55 gz /tmp/work/dist/vuetify.esm.js -> /output/vuetify.esm.js.gz
2025/06/18 17:04:56 br /tmp/work/dist/vuetify.js.map -> /output/vuetify.js.map.br
2025/06/18 17:04:56 gz /tmp/work/dist/vuetify.js.map -> /output/vuetify.js.map.gz
2025/06/18 17:04:57 br /tmp/work/dist/vuetify.min.js.map -> /output/vuetify.min.js.map.br
2025/06/18 17:04:57 gz /tmp/work/dist/vuetify.min.js.map -> /output/vuetify.min.js.map.gz
2025/06/18 17:04:57 processed vuetify
