config: {"autoupdate":{"source":"npm","target":"@zonos/elements","fileMap":[{"basePath":"","files":["dist/zonos-elements/*.@(css|js)","dist/zonos-elements/assets/*.@(jpeg|jpg|png|svg|ico)","dist/scripts/*.js"]}]},"description":"Zonos component UI for Stripe elements","filename":"dist/scripts/loadZonos.js","keywords":["cross-border","international shopping","calculate-landed-cost","zonos","elements","payments","checkout"],"license":"MIT","name":"zonos-elements","repository":{"type":"git","url":"https://github.com/Zonos/zonos-elements-readme"}}
KV keys:
- zonos-elements/1.3.233/dist/scripts/blurCurrencyOnInit.js.br
- zonos-elements/1.3.233/dist/scripts/blurCurrencyOnInit.js.gz
- zonos-elements/1.3.233/dist/scripts/blurCurrencyOnInit.min.js.br
- zonos-elements/1.3.233/dist/scripts/blurCurrencyOnInit.min.js.gz
- zonos-elements/1.3.233/dist/scripts/index.js.br
- zonos-elements/1.3.233/dist/scripts/index.js.gz
- zonos-elements/1.3.233/dist/scripts/index.min.js.br
- zonos-elements/1.3.233/dist/scripts/index.min.js.gz
- zonos-elements/1.3.233/dist/scripts/loadZonos.js.br
- zonos-elements/1.3.233/dist/scripts/loadZonos.js.gz
- zonos-elements/1.3.233/dist/scripts/loadZonos.min.js.br
- zonos-elements/1.3.233/dist/scripts/loadZonos.min.js.gz
- zonos-elements/1.3.233/dist/scripts/zonos.js.br
- zonos-elements/1.3.233/dist/scripts/zonos.js.gz
- zonos-elements/1.3.233/dist/scripts/zonos.min.js.br
- zonos-elements/1.3.233/dist/scripts/zonos.min.js.gz
- zonos-elements/1.3.233/dist/zonos-elements/assets/Boxes.png.br
- zonos-elements/1.3.233/dist/zonos-elements/assets/Boxes.png.gz
- zonos-elements/1.3.233/dist/zonos-elements/assets/ChevronDownIcon.svg.br
- zonos-elements/1.3.233/dist/zonos-elements/assets/ChevronDownIcon.svg.gz
- zonos-elements/1.3.233/dist/zonos-elements/assets/ChevronUpIcon.svg.br
- zonos-elements/1.3.233/dist/zonos-elements/assets/ChevronUpIcon.svg.gz
- zonos-elements/1.3.233/dist/zonos-elements/assets/Earth.png.br
- zonos-elements/1.3.233/dist/zonos-elements/assets/Earth.png.gz
- zonos-elements/1.3.233/dist/zonos-elements/assets/EmptyBox.png.br
- zonos-elements/1.3.233/dist/zonos-elements/assets/EmptyBox.png.gz
- zonos-elements/1.3.233/dist/zonos-elements/assets/ExclamationMarkDuotoneIcon.svg.br
- zonos-elements/1.3.233/dist/zonos-elements/assets/ExclamationMarkDuotoneIcon.svg.gz
- zonos-elements/1.3.233/dist/zonos-elements/assets/HelpDuotoneIcon.svg.br
- zonos-elements/1.3.233/dist/zonos-elements/assets/HelpDuotoneIcon.svg.gz
- zonos-elements/1.3.233/dist/zonos-elements/assets/InfoIcon.svg.br
- zonos-elements/1.3.233/dist/zonos-elements/assets/InfoIcon.svg.gz
- zonos-elements/1.3.233/dist/zonos-elements/assets/LeftArrow.svg.br
- zonos-elements/1.3.233/dist/zonos-elements/assets/LeftArrow.svg.gz
- zonos-elements/1.3.233/dist/zonos-elements/assets/Lock.png.br
- zonos-elements/1.3.233/dist/zonos-elements/assets/Lock.png.gz
- zonos-elements/1.3.233/dist/zonos-elements/assets/MessageIcon.svg.br
- zonos-elements/1.3.233/dist/zonos-elements/assets/MessageIcon.svg.gz
- zonos-elements/1.3.233/dist/zonos-elements/assets/PigBank.png.br
- zonos-elements/1.3.233/dist/zonos-elements/assets/PigBank.png.gz
- zonos-elements/1.3.233/dist/zonos-elements/assets/RemoveIcon.svg.br
- zonos-elements/1.3.233/dist/zonos-elements/assets/RemoveIcon.svg.gz
- zonos-elements/1.3.233/dist/zonos-elements/assets/Scribble.png.br
- zonos-elements/1.3.233/dist/zonos-elements/assets/Scribble.png.gz
- zonos-elements/1.3.233/dist/zonos-elements/assets/Search.png.br
- zonos-elements/1.3.233/dist/zonos-elements/assets/Search.png.gz
- zonos-elements/1.3.233/dist/zonos-elements/assets/Settings.png.br
- zonos-elements/1.3.233/dist/zonos-elements/assets/Settings.png.gz
- zonos-elements/1.3.233/dist/zonos-elements/assets/ShoppingCart.png.br
- zonos-elements/1.3.233/dist/zonos-elements/assets/ShoppingCart.png.gz
- zonos-elements/1.3.233/dist/zonos-elements/assets/SpilledCup.png.br
- zonos-elements/1.3.233/dist/zonos-elements/assets/SpilledCup.png.gz
- zonos-elements/1.3.233/dist/zonos-elements/assets/SuccessIcon.svg.br
- zonos-elements/1.3.233/dist/zonos-elements/assets/SuccessIcon.svg.gz
- zonos-elements/1.3.233/dist/zonos-elements/assets/Switch.png.br
- zonos-elements/1.3.233/dist/zonos-elements/assets/Switch.png.gz
- zonos-elements/1.3.233/dist/zonos-elements/assets/TabCheckmark.svg.br
- zonos-elements/1.3.233/dist/zonos-elements/assets/TabCheckmark.svg.gz
- zonos-elements/1.3.233/dist/zonos-elements/assets/TaxId.png.br
- zonos-elements/1.3.233/dist/zonos-elements/assets/TaxId.png.gz
- zonos-elements/1.3.233/dist/zonos-elements/assets/Truck.png.br
- zonos-elements/1.3.233/dist/zonos-elements/assets/Truck.png.gz
- zonos-elements/1.3.233/dist/zonos-elements/assets/Warning.png.br
- zonos-elements/1.3.233/dist/zonos-elements/assets/Warning.png.gz
- zonos-elements/1.3.233/dist/zonos-elements/assets/WarningDuotoneIcon.svg.br
- zonos-elements/1.3.233/dist/zonos-elements/assets/WarningDuotoneIcon.svg.gz
- zonos-elements/1.3.233/dist/zonos-elements/assets/ZonosLogo.png.br
- zonos-elements/1.3.233/dist/zonos-elements/assets/ZonosLogo.png.gz
- zonos-elements/1.3.233/dist/zonos-elements/assets/bagIcon.svg.br
- zonos-elements/1.3.233/dist/zonos-elements/assets/bagIcon.svg.gz
- zonos-elements/1.3.233/dist/zonos-elements/assets/empty-item.jpeg.br
- zonos-elements/1.3.233/dist/zonos-elements/assets/empty-item.jpeg.gz
- zonos-elements/1.3.233/dist/zonos-elements/assets/importIcon.svg.br
- zonos-elements/1.3.233/dist/zonos-elements/assets/importIcon.svg.gz
- zonos-elements/1.3.233/dist/zonos-elements/assets/inclusivePricingIcon.svg.br
- zonos-elements/1.3.233/dist/zonos-elements/assets/inclusivePricingIcon.svg.gz
- zonos-elements/1.3.233/dist/zonos-elements/assets/messageIcon.svg.br
- zonos-elements/1.3.233/dist/zonos-elements/assets/messageIcon.svg.gz
- zonos-elements/1.3.233/dist/zonos-elements/assets/moneyIcon.svg.br
- zonos-elements/1.3.233/dist/zonos-elements/assets/moneyIcon.svg.gz
- zonos-elements/1.3.233/dist/zonos-elements/assets/removeIcon.svg.br
- zonos-elements/1.3.233/dist/zonos-elements/assets/removeIcon.svg.gz
- zonos-elements/1.3.233/dist/zonos-elements/base.css.br
- zonos-elements/1.3.233/dist/zonos-elements/base.css.gz
- zonos-elements/1.3.233/dist/zonos-elements/base.min.css.br
- zonos-elements/1.3.233/dist/zonos-elements/base.min.css.gz
- zonos-elements/1.3.233/dist/zonos-elements/index.esm.js.br
- zonos-elements/1.3.233/dist/zonos-elements/index.esm.js.gz
- zonos-elements/1.3.233/dist/zonos-elements/index.esm.min.js.br
- zonos-elements/1.3.233/dist/zonos-elements/index.esm.min.js.gz
- zonos-elements/1.3.233/dist/zonos-elements/p-00ac999f.system.entry.js.br
- zonos-elements/1.3.233/dist/zonos-elements/p-00ac999f.system.entry.js.gz
- zonos-elements/1.3.233/dist/zonos-elements/p-00ac999f.system.entry.min.js.br
- zonos-elements/1.3.233/dist/zonos-elements/p-00ac999f.system.entry.min.js.gz
- zonos-elements/1.3.233/dist/zonos-elements/p-00ec22b2.entry.js.br
- zonos-elements/1.3.233/dist/zonos-elements/p-00ec22b2.entry.js.gz
- zonos-elements/1.3.233/dist/zonos-elements/p-00ec22b2.entry.min.js.br
- zonos-elements/1.3.233/dist/zonos-elements/p-00ec22b2.entry.min.js.gz
- zonos-elements/1.3.233/dist/zonos-elements/p-01174496.system.js.br
- zonos-elements/1.3.233/dist/zonos-elements/p-01174496.system.js.gz
- zonos-elements/1.3.233/dist/zonos-elements/p-01174496.system.min.js.br
- zonos-elements/1.3.233/dist/zonos-elements/p-01174496.system.min.js.gz
- zonos-elements/1.3.233/dist/zonos-elements/p-03ff7b01.system.entry.js.br
- zonos-elements/1.3.233/dist/zonos-elements/p-03ff7b01.system.entry.js.gz
- zonos-elements/1.3.233/dist/zonos-elements/p-03ff7b01.system.entry.min.js.br
- zonos-elements/1.3.233/dist/zonos-elements/p-03ff7b01.system.entry.min.js.gz
- zonos-elements/1.3.233/dist/zonos-elements/p-06f798ee.system.js.br
- zonos-elements/1.3.233/dist/zonos-elements/p-06f798ee.system.js.gz
- zonos-elements/1.3.233/dist/zonos-elements/p-06f798ee.system.min.js.br
- zonos-elements/1.3.233/dist/zonos-elements/p-06f798ee.system.min.js.gz
- zonos-elements/1.3.233/dist/zonos-elements/p-08e7107d.js.br
- zonos-elements/1.3.233/dist/zonos-elements/p-08e7107d.js.gz
- zonos-elements/1.3.233/dist/zonos-elements/p-08e7107d.min.js.br
- zonos-elements/1.3.233/dist/zonos-elements/p-08e7107d.min.js.gz
- zonos-elements/1.3.233/dist/zonos-elements/p-0a377722.js.br
- zonos-elements/1.3.233/dist/zonos-elements/p-0a377722.js.gz
- zonos-elements/1.3.233/dist/zonos-elements/p-0a377722.min.js.br
- zonos-elements/1.3.233/dist/zonos-elements/p-0a377722.min.js.gz
- zonos-elements/1.3.233/dist/zonos-elements/p-0a90dd80.system.entry.js.br
- zonos-elements/1.3.233/dist/zonos-elements/p-0a90dd80.system.entry.js.gz
- zonos-elements/1.3.233/dist/zonos-elements/p-0a90dd80.system.entry.min.js.br
- zonos-elements/1.3.233/dist/zonos-elements/p-0a90dd80.system.entry.min.js.gz
- zonos-elements/1.3.233/dist/zonos-elements/p-0ef2a242.js.br
- zonos-elements/1.3.233/dist/zonos-elements/p-0ef2a242.js.gz
- zonos-elements/1.3.233/dist/zonos-elements/p-0ef2a242.min.js.br
- zonos-elements/1.3.233/dist/zonos-elements/p-0ef2a242.min.js.gz
- zonos-elements/1.3.233/dist/zonos-elements/p-100f6a88.system.entry.js.br
- zonos-elements/1.3.233/dist/zonos-elements/p-100f6a88.system.entry.js.gz
- zonos-elements/1.3.233/dist/zonos-elements/p-100f6a88.system.entry.min.js.br
- zonos-elements/1.3.233/dist/zonos-elements/p-100f6a88.system.entry.min.js.gz
- zonos-elements/1.3.233/dist/zonos-elements/p-143d706b.entry.js.br
- zonos-elements/1.3.233/dist/zonos-elements/p-143d706b.entry.js.gz
- zonos-elements/1.3.233/dist/zonos-elements/p-143d706b.entry.min.js.br
- zonos-elements/1.3.233/dist/zonos-elements/p-143d706b.entry.min.js.gz
- zonos-elements/1.3.233/dist/zonos-elements/p-14d7489d.js.br
- zonos-elements/1.3.233/dist/zonos-elements/p-14d7489d.js.gz
- zonos-elements/1.3.233/dist/zonos-elements/p-14d7489d.min.js.br
- zonos-elements/1.3.233/dist/zonos-elements/p-14d7489d.min.js.gz
- zonos-elements/1.3.233/dist/zonos-elements/p-1aa93d1e.system.js.br
- zonos-elements/1.3.233/dist/zonos-elements/p-1aa93d1e.system.js.gz
- zonos-elements/1.3.233/dist/zonos-elements/p-1aa93d1e.system.min.js.br
- zonos-elements/1.3.233/dist/zonos-elements/p-1aa93d1e.system.min.js.gz
- zonos-elements/1.3.233/dist/zonos-elements/p-1bfae137.entry.js.br
- zonos-elements/1.3.233/dist/zonos-elements/p-1bfae137.entry.js.gz
- zonos-elements/1.3.233/dist/zonos-elements/p-1bfae137.entry.min.js.br
- zonos-elements/1.3.233/dist/zonos-elements/p-1bfae137.entry.min.js.gz
- zonos-elements/1.3.233/dist/zonos-elements/p-1d5aa016.system.js.br
- zonos-elements/1.3.233/dist/zonos-elements/p-1d5aa016.system.js.gz
- zonos-elements/1.3.233/dist/zonos-elements/p-1d5aa016.system.min.js.br
- zonos-elements/1.3.233/dist/zonos-elements/p-1d5aa016.system.min.js.gz
- zonos-elements/1.3.233/dist/zonos-elements/p-1eae4987.entry.js.br
- zonos-elements/1.3.233/dist/zonos-elements/p-1eae4987.entry.js.gz
- zonos-elements/1.3.233/dist/zonos-elements/p-1eae4987.entry.min.js.br
- zonos-elements/1.3.233/dist/zonos-elements/p-1eae4987.entry.min.js.gz
- zonos-elements/1.3.233/dist/zonos-elements/p-1f894984.js.br
- zonos-elements/1.3.233/dist/zonos-elements/p-1f894984.js.gz
- zonos-elements/1.3.233/dist/zonos-elements/p-1f894984.min.js.br
- zonos-elements/1.3.233/dist/zonos-elements/p-1f894984.min.js.gz
- zonos-elements/1.3.233/dist/zonos-elements/p-23b45714.system.entry.js.br
- zonos-elements/1.3.233/dist/zonos-elements/p-23b45714.system.entry.js.gz
- zonos-elements/1.3.233/dist/zonos-elements/p-23b45714.system.entry.min.js.br
- zonos-elements/1.3.233/dist/zonos-elements/p-23b45714.system.entry.min.js.gz
- zonos-elements/1.3.233/dist/zonos-elements/p-23d497e3.system.js.br
- zonos-elements/1.3.233/dist/zonos-elements/p-23d497e3.system.js.gz
- zonos-elements/1.3.233/dist/zonos-elements/p-23d497e3.system.min.js.br
- zonos-elements/1.3.233/dist/zonos-elements/p-23d497e3.system.min.js.gz
- zonos-elements/1.3.233/dist/zonos-elements/p-23e7c655.system.js.br
- zonos-elements/1.3.233/dist/zonos-elements/p-23e7c655.system.js.gz
- zonos-elements/1.3.233/dist/zonos-elements/p-23e7c655.system.min.js.br
- zonos-elements/1.3.233/dist/zonos-elements/p-23e7c655.system.min.js.gz
- zonos-elements/1.3.233/dist/zonos-elements/p-2557b96b.js.br
- zonos-elements/1.3.233/dist/zonos-elements/p-2557b96b.js.gz
- zonos-elements/1.3.233/dist/zonos-elements/p-2557b96b.min.js.br
- zonos-elements/1.3.233/dist/zonos-elements/p-2557b96b.min.js.gz
- zonos-elements/1.3.233/dist/zonos-elements/p-2770ba48.system.js.br
- zonos-elements/1.3.233/dist/zonos-elements/p-2770ba48.system.js.gz
- zonos-elements/1.3.233/dist/zonos-elements/p-2770ba48.system.min.js.br
- zonos-elements/1.3.233/dist/zonos-elements/p-2770ba48.system.min.js.gz
- zonos-elements/1.3.233/dist/zonos-elements/p-27874c22.entry.js.br
- zonos-elements/1.3.233/dist/zonos-elements/p-27874c22.entry.js.gz
- zonos-elements/1.3.233/dist/zonos-elements/p-27874c22.entry.min.js.br
- zonos-elements/1.3.233/dist/zonos-elements/p-27874c22.entry.min.js.gz
- zonos-elements/1.3.233/dist/zonos-elements/p-2b8345d8.system.js.br
- zonos-elements/1.3.233/dist/zonos-elements/p-2b8345d8.system.js.gz
- zonos-elements/1.3.233/dist/zonos-elements/p-2b8345d8.system.min.js.br
- zonos-elements/1.3.233/dist/zonos-elements/p-2b8345d8.system.min.js.gz
- zonos-elements/1.3.233/dist/zonos-elements/p-2ca8b037.entry.js.br
- zonos-elements/1.3.233/dist/zonos-elements/p-2ca8b037.entry.js.gz
- zonos-elements/1.3.233/dist/zonos-elements/p-2ca8b037.entry.min.js.br
- zonos-elements/1.3.233/dist/zonos-elements/p-2ca8b037.entry.min.js.gz
- zonos-elements/1.3.233/dist/zonos-elements/p-2d6557ee.system.js.br
- zonos-elements/1.3.233/dist/zonos-elements/p-2d6557ee.system.js.gz
- zonos-elements/1.3.233/dist/zonos-elements/p-2d6557ee.system.min.js.br
- zonos-elements/1.3.233/dist/zonos-elements/p-2d6557ee.system.min.js.gz
- zonos-elements/1.3.233/dist/zonos-elements/p-2dbcecf4.entry.js.br
- zonos-elements/1.3.233/dist/zonos-elements/p-2dbcecf4.entry.js.gz
- zonos-elements/1.3.233/dist/zonos-elements/p-2dbcecf4.entry.min.js.br
- zonos-elements/1.3.233/dist/zonos-elements/p-2dbcecf4.entry.min.js.gz
- zonos-elements/1.3.233/dist/zonos-elements/p-316f9052.system.entry.js.br
- zonos-elements/1.3.233/dist/zonos-elements/p-316f9052.system.entry.js.gz
- zonos-elements/1.3.233/dist/zonos-elements/p-316f9052.system.entry.min.js.br
- zonos-elements/1.3.233/dist/zonos-elements/p-316f9052.system.entry.min.js.gz
- zonos-elements/1.3.233/dist/zonos-elements/p-3185968f.entry.js.br
- zonos-elements/1.3.233/dist/zonos-elements/p-3185968f.entry.js.gz
- zonos-elements/1.3.233/dist/zonos-elements/p-3185968f.entry.min.js.br
- zonos-elements/1.3.233/dist/zonos-elements/p-3185968f.entry.min.js.gz
- zonos-elements/1.3.233/dist/zonos-elements/p-31975752.entry.js.br
- zonos-elements/1.3.233/dist/zonos-elements/p-31975752.entry.js.gz
- zonos-elements/1.3.233/dist/zonos-elements/p-31975752.entry.min.js.br
- zonos-elements/1.3.233/dist/zonos-elements/p-31975752.entry.min.js.gz
- zonos-elements/1.3.233/dist/zonos-elements/p-31af91f0.entry.js.br
- zonos-elements/1.3.233/dist/zonos-elements/p-31af91f0.entry.js.gz
- zonos-elements/1.3.233/dist/zonos-elements/p-31af91f0.entry.min.js.br
- zonos-elements/1.3.233/dist/zonos-elements/p-31af91f0.entry.min.js.gz
- zonos-elements/1.3.233/dist/zonos-elements/p-398d9022.system.js.br
- zonos-elements/1.3.233/dist/zonos-elements/p-398d9022.system.js.gz
- zonos-elements/1.3.233/dist/zonos-elements/p-398d9022.system.min.js.br
- zonos-elements/1.3.233/dist/zonos-elements/p-398d9022.system.min.js.gz
- zonos-elements/1.3.233/dist/zonos-elements/p-40a4c8a2.system.js.br
- zonos-elements/1.3.233/dist/zonos-elements/p-40a4c8a2.system.js.gz
- zonos-elements/1.3.233/dist/zonos-elements/p-40a4c8a2.system.min.js.br
- zonos-elements/1.3.233/dist/zonos-elements/p-40a4c8a2.system.min.js.gz
- zonos-elements/1.3.233/dist/zonos-elements/p-4160bbc2.system.js.br
- zonos-elements/1.3.233/dist/zonos-elements/p-4160bbc2.system.js.gz
- zonos-elements/1.3.233/dist/zonos-elements/p-4160bbc2.system.min.js.br
- zonos-elements/1.3.233/dist/zonos-elements/p-4160bbc2.system.min.js.gz
- zonos-elements/1.3.233/dist/zonos-elements/p-41dd1cb8.js.br
- zonos-elements/1.3.233/dist/zonos-elements/p-41dd1cb8.js.gz
- zonos-elements/1.3.233/dist/zonos-elements/p-41dd1cb8.min.js.br
- zonos-elements/1.3.233/dist/zonos-elements/p-41dd1cb8.min.js.gz
- zonos-elements/1.3.233/dist/zonos-elements/p-452fb638.system.entry.js.br
- zonos-elements/1.3.233/dist/zonos-elements/p-452fb638.system.entry.js.gz
- zonos-elements/1.3.233/dist/zonos-elements/p-452fb638.system.entry.min.js.br
- zonos-elements/1.3.233/dist/zonos-elements/p-452fb638.system.entry.min.js.gz
- zonos-elements/1.3.233/dist/zonos-elements/p-4592ae49.entry.js.br
- zonos-elements/1.3.233/dist/zonos-elements/p-4592ae49.entry.js.gz
- zonos-elements/1.3.233/dist/zonos-elements/p-4592ae49.entry.min.js.br
- zonos-elements/1.3.233/dist/zonos-elements/p-4592ae49.entry.min.js.gz
- zonos-elements/1.3.233/dist/zonos-elements/p-4e41143a.system.entry.js.br
- zonos-elements/1.3.233/dist/zonos-elements/p-4e41143a.system.entry.js.gz
- zonos-elements/1.3.233/dist/zonos-elements/p-4e41143a.system.entry.min.js.br
- zonos-elements/1.3.233/dist/zonos-elements/p-4e41143a.system.entry.min.js.gz
- zonos-elements/1.3.233/dist/zonos-elements/p-52b87408.system.entry.js.br
- zonos-elements/1.3.233/dist/zonos-elements/p-52b87408.system.entry.js.gz
- zonos-elements/1.3.233/dist/zonos-elements/p-52b87408.system.entry.min.js.br
- zonos-elements/1.3.233/dist/zonos-elements/p-52b87408.system.entry.min.js.gz
- zonos-elements/1.3.233/dist/zonos-elements/p-540cec7e.system.entry.js.br
- zonos-elements/1.3.233/dist/zonos-elements/p-540cec7e.system.entry.js.gz
- zonos-elements/1.3.233/dist/zonos-elements/p-540cec7e.system.entry.min.js.br
- zonos-elements/1.3.233/dist/zonos-elements/p-540cec7e.system.entry.min.js.gz
- zonos-elements/1.3.233/dist/zonos-elements/p-55e2e4ed.entry.js.br
- zonos-elements/1.3.233/dist/zonos-elements/p-55e2e4ed.entry.js.gz
- zonos-elements/1.3.233/dist/zonos-elements/p-55e2e4ed.entry.min.js.br
- zonos-elements/1.3.233/dist/zonos-elements/p-55e2e4ed.entry.min.js.gz
- zonos-elements/1.3.233/dist/zonos-elements/p-561be3a2.system.js.br
- zonos-elements/1.3.233/dist/zonos-elements/p-561be3a2.system.js.gz
- zonos-elements/1.3.233/dist/zonos-elements/p-561be3a2.system.min.js.br
- zonos-elements/1.3.233/dist/zonos-elements/p-561be3a2.system.min.js.gz
- zonos-elements/1.3.233/dist/zonos-elements/p-56ba5cbf.system.js.br
- zonos-elements/1.3.233/dist/zonos-elements/p-56ba5cbf.system.js.gz
- zonos-elements/1.3.233/dist/zonos-elements/p-56ba5cbf.system.min.js.br
- zonos-elements/1.3.233/dist/zonos-elements/p-56ba5cbf.system.min.js.gz
- zonos-elements/1.3.233/dist/zonos-elements/p-5762e217.js.br
- zonos-elements/1.3.233/dist/zonos-elements/p-5762e217.js.gz
- zonos-elements/1.3.233/dist/zonos-elements/p-5762e217.min.js.br
- zonos-elements/1.3.233/dist/zonos-elements/p-5762e217.min.js.gz
- zonos-elements/1.3.233/dist/zonos-elements/p-57fa64d7.js.br
- zonos-elements/1.3.233/dist/zonos-elements/p-57fa64d7.js.gz
- zonos-elements/1.3.233/dist/zonos-elements/p-57fa64d7.min.js.br
- zonos-elements/1.3.233/dist/zonos-elements/p-57fa64d7.min.js.gz
- zonos-elements/1.3.233/dist/zonos-elements/p-5883217a.js.br
- zonos-elements/1.3.233/dist/zonos-elements/p-5883217a.js.gz
- zonos-elements/1.3.233/dist/zonos-elements/p-5883217a.min.js.br
- zonos-elements/1.3.233/dist/zonos-elements/p-5883217a.min.js.gz
- zonos-elements/1.3.233/dist/zonos-elements/p-595f5dd2.js.br
- zonos-elements/1.3.233/dist/zonos-elements/p-595f5dd2.js.gz
- zonos-elements/1.3.233/dist/zonos-elements/p-595f5dd2.min.js.br
- zonos-elements/1.3.233/dist/zonos-elements/p-595f5dd2.min.js.gz
- zonos-elements/1.3.233/dist/zonos-elements/p-59ebb8c7.system.entry.js.br
- zonos-elements/1.3.233/dist/zonos-elements/p-59ebb8c7.system.entry.js.gz
- zonos-elements/1.3.233/dist/zonos-elements/p-59ebb8c7.system.entry.min.js.br
- zonos-elements/1.3.233/dist/zonos-elements/p-59ebb8c7.system.entry.min.js.gz
- zonos-elements/1.3.233/dist/zonos-elements/p-5c680f72.js.br
- zonos-elements/1.3.233/dist/zonos-elements/p-5c680f72.js.gz
- zonos-elements/1.3.233/dist/zonos-elements/p-5c680f72.min.js.br
- zonos-elements/1.3.233/dist/zonos-elements/p-5c680f72.min.js.gz
- zonos-elements/1.3.233/dist/zonos-elements/p-5f398c28.entry.js.br
- zonos-elements/1.3.233/dist/zonos-elements/p-5f398c28.entry.js.gz
- zonos-elements/1.3.233/dist/zonos-elements/p-5f398c28.entry.min.js.br
- zonos-elements/1.3.233/dist/zonos-elements/p-5f398c28.entry.min.js.gz
- zonos-elements/1.3.233/dist/zonos-elements/p-5f77d19e.js.br
- zonos-elements/1.3.233/dist/zonos-elements/p-5f77d19e.js.gz
- zonos-elements/1.3.233/dist/zonos-elements/p-5f77d19e.min.js.br
- zonos-elements/1.3.233/dist/zonos-elements/p-5f77d19e.min.js.gz
- zonos-elements/1.3.233/dist/zonos-elements/p-6adfb3af.system.entry.js.br
- zonos-elements/1.3.233/dist/zonos-elements/p-6adfb3af.system.entry.js.gz
- zonos-elements/1.3.233/dist/zonos-elements/p-6adfb3af.system.entry.min.js.br
- zonos-elements/1.3.233/dist/zonos-elements/p-6adfb3af.system.entry.min.js.gz
- zonos-elements/1.3.233/dist/zonos-elements/p-6b361d2b.js.br
- zonos-elements/1.3.233/dist/zonos-elements/p-6b361d2b.js.gz
- zonos-elements/1.3.233/dist/zonos-elements/p-6b361d2b.min.js.br
- zonos-elements/1.3.233/dist/zonos-elements/p-6b361d2b.min.js.gz
- zonos-elements/1.3.233/dist/zonos-elements/p-74ca7739.entry.js.br
- zonos-elements/1.3.233/dist/zonos-elements/p-74ca7739.entry.js.gz
- zonos-elements/1.3.233/dist/zonos-elements/p-74ca7739.entry.min.js.br
- zonos-elements/1.3.233/dist/zonos-elements/p-74ca7739.entry.min.js.gz
- zonos-elements/1.3.233/dist/zonos-elements/p-767a31a8.system.js.br
- zonos-elements/1.3.233/dist/zonos-elements/p-767a31a8.system.js.gz
- zonos-elements/1.3.233/dist/zonos-elements/p-767a31a8.system.min.js.br
- zonos-elements/1.3.233/dist/zonos-elements/p-767a31a8.system.min.js.gz
- zonos-elements/1.3.233/dist/zonos-elements/p-770852bf.system.entry.js.br
- zonos-elements/1.3.233/dist/zonos-elements/p-770852bf.system.entry.js.gz
- zonos-elements/1.3.233/dist/zonos-elements/p-770852bf.system.entry.min.js.br
- zonos-elements/1.3.233/dist/zonos-elements/p-770852bf.system.entry.min.js.gz
- zonos-elements/1.3.233/dist/zonos-elements/p-78a6e775.system.js.br
- zonos-elements/1.3.233/dist/zonos-elements/p-78a6e775.system.js.gz
- zonos-elements/1.3.233/dist/zonos-elements/p-78a6e775.system.min.js.br
- zonos-elements/1.3.233/dist/zonos-elements/p-78a6e775.system.min.js.gz
- zonos-elements/1.3.233/dist/zonos-elements/p-7c705c76.system.js.br
- zonos-elements/1.3.233/dist/zonos-elements/p-7c705c76.system.js.gz
- zonos-elements/1.3.233/dist/zonos-elements/p-7c705c76.system.min.js.br
- zonos-elements/1.3.233/dist/zonos-elements/p-7c705c76.system.min.js.gz
- zonos-elements/1.3.233/dist/zonos-elements/p-81ba2820.system.entry.js.br
- zonos-elements/1.3.233/dist/zonos-elements/p-81ba2820.system.entry.js.gz
- zonos-elements/1.3.233/dist/zonos-elements/p-81ba2820.system.entry.min.js.br
- zonos-elements/1.3.233/dist/zonos-elements/p-81ba2820.system.entry.min.js.gz
- zonos-elements/1.3.233/dist/zonos-elements/p-82739127.js.br
- zonos-elements/1.3.233/dist/zonos-elements/p-82739127.js.gz
- zonos-elements/1.3.233/dist/zonos-elements/p-82739127.min.js.br
- zonos-elements/1.3.233/dist/zonos-elements/p-82739127.min.js.gz
- zonos-elements/1.3.233/dist/zonos-elements/p-83666056.js.br
- zonos-elements/1.3.233/dist/zonos-elements/p-83666056.js.gz
- zonos-elements/1.3.233/dist/zonos-elements/p-83666056.min.js.br
- zonos-elements/1.3.233/dist/zonos-elements/p-83666056.min.js.gz
- zonos-elements/1.3.233/dist/zonos-elements/p-84078c57.system.js.br
- zonos-elements/1.3.233/dist/zonos-elements/p-84078c57.system.js.gz
- zonos-elements/1.3.233/dist/zonos-elements/p-84078c57.system.min.js.br
- zonos-elements/1.3.233/dist/zonos-elements/p-84078c57.system.min.js.gz
- zonos-elements/1.3.233/dist/zonos-elements/p-88ea9f82.entry.js.br
- zonos-elements/1.3.233/dist/zonos-elements/p-88ea9f82.entry.js.gz
- zonos-elements/1.3.233/dist/zonos-elements/p-88ea9f82.entry.min.js.br
- zonos-elements/1.3.233/dist/zonos-elements/p-88ea9f82.entry.min.js.gz
- zonos-elements/1.3.233/dist/zonos-elements/p-8a23bbf5.js.br
- zonos-elements/1.3.233/dist/zonos-elements/p-8a23bbf5.js.gz
- zonos-elements/1.3.233/dist/zonos-elements/p-8a23bbf5.min.js.br
- zonos-elements/1.3.233/dist/zonos-elements/p-8a23bbf5.min.js.gz
- zonos-elements/1.3.233/dist/zonos-elements/p-905d2490.entry.js.br
- zonos-elements/1.3.233/dist/zonos-elements/p-905d2490.entry.js.gz
- zonos-elements/1.3.233/dist/zonos-elements/p-905d2490.entry.min.js.br
- zonos-elements/1.3.233/dist/zonos-elements/p-905d2490.entry.min.js.gz
- zonos-elements/1.3.233/dist/zonos-elements/p-909e2bc3.system.js.br
- zonos-elements/1.3.233/dist/zonos-elements/p-909e2bc3.system.js.gz
- zonos-elements/1.3.233/dist/zonos-elements/p-909e2bc3.system.min.js.br
- zonos-elements/1.3.233/dist/zonos-elements/p-909e2bc3.system.min.js.gz
- zonos-elements/1.3.233/dist/zonos-elements/p-936b54c1.entry.js.br
- zonos-elements/1.3.233/dist/zonos-elements/p-936b54c1.entry.js.gz
- zonos-elements/1.3.233/dist/zonos-elements/p-936b54c1.entry.min.js.br
- zonos-elements/1.3.233/dist/zonos-elements/p-936b54c1.entry.min.js.gz
- zonos-elements/1.3.233/dist/zonos-elements/p-93f2e1ee.system.entry.js.br
- zonos-elements/1.3.233/dist/zonos-elements/p-93f2e1ee.system.entry.js.gz
- zonos-elements/1.3.233/dist/zonos-elements/p-93f2e1ee.system.entry.min.js.br
- zonos-elements/1.3.233/dist/zonos-elements/p-93f2e1ee.system.entry.min.js.gz
- zonos-elements/1.3.233/dist/zonos-elements/p-96d77739.js.br
- zonos-elements/1.3.233/dist/zonos-elements/p-96d77739.js.gz
- zonos-elements/1.3.233/dist/zonos-elements/p-96d77739.min.js.br
- zonos-elements/1.3.233/dist/zonos-elements/p-96d77739.min.js.gz
- zonos-elements/1.3.233/dist/zonos-elements/p-97aceb11.js.br
- zonos-elements/1.3.233/dist/zonos-elements/p-97aceb11.js.gz
- zonos-elements/1.3.233/dist/zonos-elements/p-97aceb11.min.js.br
- zonos-elements/1.3.233/dist/zonos-elements/p-97aceb11.min.js.gz
- zonos-elements/1.3.233/dist/zonos-elements/p-989d3af9.system.js.br
- zonos-elements/1.3.233/dist/zonos-elements/p-989d3af9.system.js.gz
- zonos-elements/1.3.233/dist/zonos-elements/p-989d3af9.system.min.js.br
- zonos-elements/1.3.233/dist/zonos-elements/p-989d3af9.system.min.js.gz
- zonos-elements/1.3.233/dist/zonos-elements/p-9b8750f3.entry.js.br
- zonos-elements/1.3.233/dist/zonos-elements/p-9b8750f3.entry.js.gz
- zonos-elements/1.3.233/dist/zonos-elements/p-9b8750f3.entry.min.js.br
- zonos-elements/1.3.233/dist/zonos-elements/p-9b8750f3.entry.min.js.gz
- zonos-elements/1.3.233/dist/zonos-elements/p-a0a4e43d.system.entry.js.br
- zonos-elements/1.3.233/dist/zonos-elements/p-a0a4e43d.system.entry.js.gz
- zonos-elements/1.3.233/dist/zonos-elements/p-a0a4e43d.system.entry.min.js.br
- zonos-elements/1.3.233/dist/zonos-elements/p-a0a4e43d.system.entry.min.js.gz
- zonos-elements/1.3.233/dist/zonos-elements/p-a25428eb.system.js.br
- zonos-elements/1.3.233/dist/zonos-elements/p-a25428eb.system.js.gz
- zonos-elements/1.3.233/dist/zonos-elements/p-a25428eb.system.min.js.br
- zonos-elements/1.3.233/dist/zonos-elements/p-a25428eb.system.min.js.gz
- zonos-elements/1.3.233/dist/zonos-elements/p-a2819807.system.entry.js.br
- zonos-elements/1.3.233/dist/zonos-elements/p-a2819807.system.entry.js.gz
- zonos-elements/1.3.233/dist/zonos-elements/p-a2819807.system.entry.min.js.br
- zonos-elements/1.3.233/dist/zonos-elements/p-a2819807.system.entry.min.js.gz
- zonos-elements/1.3.233/dist/zonos-elements/p-a6e74856.entry.js.br
- zonos-elements/1.3.233/dist/zonos-elements/p-a6e74856.entry.js.gz
- zonos-elements/1.3.233/dist/zonos-elements/p-a6e74856.entry.min.js.br
- zonos-elements/1.3.233/dist/zonos-elements/p-a6e74856.entry.min.js.gz
- zonos-elements/1.3.233/dist/zonos-elements/p-a87561b8.js.br
- zonos-elements/1.3.233/dist/zonos-elements/p-a87561b8.js.gz
- zonos-elements/1.3.233/dist/zonos-elements/p-a87561b8.min.js.br
- zonos-elements/1.3.233/dist/zonos-elements/p-a87561b8.min.js.gz
- zonos-elements/1.3.233/dist/zonos-elements/p-ab41bab5.js.br
- zonos-elements/1.3.233/dist/zonos-elements/p-ab41bab5.js.gz
- zonos-elements/1.3.233/dist/zonos-elements/p-ab41bab5.min.js.br
- zonos-elements/1.3.233/dist/zonos-elements/p-ab41bab5.min.js.gz
- zonos-elements/1.3.233/dist/zonos-elements/p-ae393255.js.br
- zonos-elements/1.3.233/dist/zonos-elements/p-ae393255.js.gz
- zonos-elements/1.3.233/dist/zonos-elements/p-ae393255.min.js.br
- zonos-elements/1.3.233/dist/zonos-elements/p-ae393255.min.js.gz
- zonos-elements/1.3.233/dist/zonos-elements/p-ae940a99.js.br
- zonos-elements/1.3.233/dist/zonos-elements/p-ae940a99.js.gz
- zonos-elements/1.3.233/dist/zonos-elements/p-ae940a99.min.js.br
- zonos-elements/1.3.233/dist/zonos-elements/p-ae940a99.min.js.gz
- zonos-elements/1.3.233/dist/zonos-elements/p-b1fd1ec2.system.entry.js.br
- zonos-elements/1.3.233/dist/zonos-elements/p-b1fd1ec2.system.entry.js.gz
- zonos-elements/1.3.233/dist/zonos-elements/p-b1fd1ec2.system.entry.min.js.br
- zonos-elements/1.3.233/dist/zonos-elements/p-b1fd1ec2.system.entry.min.js.gz
- zonos-elements/1.3.233/dist/zonos-elements/p-b2a0ab4a.js.br
- zonos-elements/1.3.233/dist/zonos-elements/p-b2a0ab4a.js.gz
- zonos-elements/1.3.233/dist/zonos-elements/p-b2a0ab4a.min.js.br
- zonos-elements/1.3.233/dist/zonos-elements/p-b2a0ab4a.min.js.gz
- zonos-elements/1.3.233/dist/zonos-elements/p-b2ae8eb7.system.js.br
- zonos-elements/1.3.233/dist/zonos-elements/p-b2ae8eb7.system.js.gz
- zonos-elements/1.3.233/dist/zonos-elements/p-b2ae8eb7.system.min.js.br
- zonos-elements/1.3.233/dist/zonos-elements/p-b2ae8eb7.system.min.js.gz
- zonos-elements/1.3.233/dist/zonos-elements/p-b2d81c98.js.br
- zonos-elements/1.3.233/dist/zonos-elements/p-b2d81c98.js.gz
- zonos-elements/1.3.233/dist/zonos-elements/p-b2d81c98.min.js.br
- zonos-elements/1.3.233/dist/zonos-elements/p-b2d81c98.min.js.gz
- zonos-elements/1.3.233/dist/zonos-elements/p-b4b7f705.js.br
- zonos-elements/1.3.233/dist/zonos-elements/p-b4b7f705.js.gz
- zonos-elements/1.3.233/dist/zonos-elements/p-b4b7f705.min.js.br
- zonos-elements/1.3.233/dist/zonos-elements/p-b4b7f705.min.js.gz
- zonos-elements/1.3.233/dist/zonos-elements/p-b7ea5f4f.system.entry.js.br
- zonos-elements/1.3.233/dist/zonos-elements/p-b7ea5f4f.system.entry.js.gz
- zonos-elements/1.3.233/dist/zonos-elements/p-b7ea5f4f.system.entry.min.js.br
- zonos-elements/1.3.233/dist/zonos-elements/p-b7ea5f4f.system.entry.min.js.gz
- zonos-elements/1.3.233/dist/zonos-elements/p-bc7bf53e.system.js.br
- zonos-elements/1.3.233/dist/zonos-elements/p-bc7bf53e.system.js.gz
- zonos-elements/1.3.233/dist/zonos-elements/p-bc7bf53e.system.min.js.br
- zonos-elements/1.3.233/dist/zonos-elements/p-bc7bf53e.system.min.js.gz
- zonos-elements/1.3.233/dist/zonos-elements/p-bf37ccc7.system.js.br
- zonos-elements/1.3.233/dist/zonos-elements/p-bf37ccc7.system.js.gz
- zonos-elements/1.3.233/dist/zonos-elements/p-bf37ccc7.system.min.js.br
- zonos-elements/1.3.233/dist/zonos-elements/p-bf37ccc7.system.min.js.gz
- zonos-elements/1.3.233/dist/zonos-elements/p-bf9d889f.entry.js.br
- zonos-elements/1.3.233/dist/zonos-elements/p-bf9d889f.entry.js.gz
- zonos-elements/1.3.233/dist/zonos-elements/p-bf9d889f.entry.min.js.br
- zonos-elements/1.3.233/dist/zonos-elements/p-bf9d889f.entry.min.js.gz
- zonos-elements/1.3.233/dist/zonos-elements/p-c0c458f7.system.entry.js.br
- zonos-elements/1.3.233/dist/zonos-elements/p-c0c458f7.system.entry.js.gz
- zonos-elements/1.3.233/dist/zonos-elements/p-c0c458f7.system.entry.min.js.br
- zonos-elements/1.3.233/dist/zonos-elements/p-c0c458f7.system.entry.min.js.gz
- zonos-elements/1.3.233/dist/zonos-elements/p-c1ecab92.entry.js.br
- zonos-elements/1.3.233/dist/zonos-elements/p-c1ecab92.entry.js.gz
- zonos-elements/1.3.233/dist/zonos-elements/p-c1ecab92.entry.min.js.br
- zonos-elements/1.3.233/dist/zonos-elements/p-c1ecab92.entry.min.js.gz
- zonos-elements/1.3.233/dist/zonos-elements/p-c2442878.system.js.br
- zonos-elements/1.3.233/dist/zonos-elements/p-c2442878.system.js.gz
- zonos-elements/1.3.233/dist/zonos-elements/p-c2442878.system.min.js.br
- zonos-elements/1.3.233/dist/zonos-elements/p-c2442878.system.min.js.gz
- zonos-elements/1.3.233/dist/zonos-elements/p-c288c6da.system.entry.js.br
- zonos-elements/1.3.233/dist/zonos-elements/p-c288c6da.system.entry.js.gz
- zonos-elements/1.3.233/dist/zonos-elements/p-c288c6da.system.entry.min.js.br
- zonos-elements/1.3.233/dist/zonos-elements/p-c288c6da.system.entry.min.js.gz
- zonos-elements/1.3.233/dist/zonos-elements/p-c50cc926.entry.js.br
- zonos-elements/1.3.233/dist/zonos-elements/p-c50cc926.entry.js.gz
- zonos-elements/1.3.233/dist/zonos-elements/p-c50cc926.entry.min.js.br
- zonos-elements/1.3.233/dist/zonos-elements/p-c50cc926.entry.min.js.gz
- zonos-elements/1.3.233/dist/zonos-elements/p-c5cb2364.system.entry.js.br
- zonos-elements/1.3.233/dist/zonos-elements/p-c5cb2364.system.entry.js.gz
- zonos-elements/1.3.233/dist/zonos-elements/p-c5cb2364.system.entry.min.js.br
- zonos-elements/1.3.233/dist/zonos-elements/p-c5cb2364.system.entry.min.js.gz
- zonos-elements/1.3.233/dist/zonos-elements/p-c5d1217f.system.js.br
- zonos-elements/1.3.233/dist/zonos-elements/p-c5d1217f.system.js.gz
- zonos-elements/1.3.233/dist/zonos-elements/p-c5d1217f.system.min.js.br
- zonos-elements/1.3.233/dist/zonos-elements/p-c5d1217f.system.min.js.gz
- zonos-elements/1.3.233/dist/zonos-elements/p-c6e3d747.system.js.br
- zonos-elements/1.3.233/dist/zonos-elements/p-c6e3d747.system.js.gz
- zonos-elements/1.3.233/dist/zonos-elements/p-c6e3d747.system.min.js.br
- zonos-elements/1.3.233/dist/zonos-elements/p-c6e3d747.system.min.js.gz
- zonos-elements/1.3.233/dist/zonos-elements/p-c7b658cb.entry.js.br
- zonos-elements/1.3.233/dist/zonos-elements/p-c7b658cb.entry.js.gz
- zonos-elements/1.3.233/dist/zonos-elements/p-c7b658cb.entry.min.js.br
- zonos-elements/1.3.233/dist/zonos-elements/p-c7b658cb.entry.min.js.gz
- zonos-elements/1.3.233/dist/zonos-elements/p-c9e433c0.system.js.br
- zonos-elements/1.3.233/dist/zonos-elements/p-c9e433c0.system.js.gz
- zonos-elements/1.3.233/dist/zonos-elements/p-c9e433c0.system.min.js.br
- zonos-elements/1.3.233/dist/zonos-elements/p-c9e433c0.system.min.js.gz
- zonos-elements/1.3.233/dist/zonos-elements/p-cf765af3.system.js.br
- zonos-elements/1.3.233/dist/zonos-elements/p-cf765af3.system.js.gz
- zonos-elements/1.3.233/dist/zonos-elements/p-cf765af3.system.min.js.br
- zonos-elements/1.3.233/dist/zonos-elements/p-cf765af3.system.min.js.gz
- zonos-elements/1.3.233/dist/zonos-elements/p-d45285aa.system.js.br
- zonos-elements/1.3.233/dist/zonos-elements/p-d45285aa.system.js.gz
- zonos-elements/1.3.233/dist/zonos-elements/p-d45285aa.system.min.js.br
- zonos-elements/1.3.233/dist/zonos-elements/p-d45285aa.system.min.js.gz
- zonos-elements/1.3.233/dist/zonos-elements/p-d556c6d1.system.entry.js.br
- zonos-elements/1.3.233/dist/zonos-elements/p-d556c6d1.system.entry.js.gz
- zonos-elements/1.3.233/dist/zonos-elements/p-d556c6d1.system.entry.min.js.br
- zonos-elements/1.3.233/dist/zonos-elements/p-d556c6d1.system.entry.min.js.gz
- zonos-elements/1.3.233/dist/zonos-elements/p-d938f42f.system.js.br
- zonos-elements/1.3.233/dist/zonos-elements/p-d938f42f.system.js.gz
- zonos-elements/1.3.233/dist/zonos-elements/p-d938f42f.system.min.js.br
- zonos-elements/1.3.233/dist/zonos-elements/p-d938f42f.system.min.js.gz
- zonos-elements/1.3.233/dist/zonos-elements/p-db628e49.system.entry.js.br
- zonos-elements/1.3.233/dist/zonos-elements/p-db628e49.system.entry.js.gz
- zonos-elements/1.3.233/dist/zonos-elements/p-db628e49.system.entry.min.js.br
- zonos-elements/1.3.233/dist/zonos-elements/p-db628e49.system.entry.min.js.gz
- zonos-elements/1.3.233/dist/zonos-elements/p-e03e1a62.entry.js.br
- zonos-elements/1.3.233/dist/zonos-elements/p-e03e1a62.entry.js.gz
- zonos-elements/1.3.233/dist/zonos-elements/p-e03e1a62.entry.min.js.br
- zonos-elements/1.3.233/dist/zonos-elements/p-e03e1a62.entry.min.js.gz
- zonos-elements/1.3.233/dist/zonos-elements/p-e1255160.js.br
- zonos-elements/1.3.233/dist/zonos-elements/p-e1255160.js.gz
- zonos-elements/1.3.233/dist/zonos-elements/p-e1255160.min.js.br
- zonos-elements/1.3.233/dist/zonos-elements/p-e1255160.min.js.gz
- zonos-elements/1.3.233/dist/zonos-elements/p-e7874318.system.entry.js.br
- zonos-elements/1.3.233/dist/zonos-elements/p-e7874318.system.entry.js.gz
- zonos-elements/1.3.233/dist/zonos-elements/p-e7874318.system.entry.min.js.br
- zonos-elements/1.3.233/dist/zonos-elements/p-e7874318.system.entry.min.js.gz
- zonos-elements/1.3.233/dist/zonos-elements/p-e7b0c156.js.br
- zonos-elements/1.3.233/dist/zonos-elements/p-e7b0c156.js.gz
- zonos-elements/1.3.233/dist/zonos-elements/p-e7b0c156.min.js.br
- zonos-elements/1.3.233/dist/zonos-elements/p-e7b0c156.min.js.gz
- zonos-elements/1.3.233/dist/zonos-elements/p-e8949e7e.entry.js.br
- zonos-elements/1.3.233/dist/zonos-elements/p-e8949e7e.entry.js.gz
- zonos-elements/1.3.233/dist/zonos-elements/p-e8949e7e.entry.min.js.br
- zonos-elements/1.3.233/dist/zonos-elements/p-e8949e7e.entry.min.js.gz
- zonos-elements/1.3.233/dist/zonos-elements/p-ea0b5d10.system.js.br
- zonos-elements/1.3.233/dist/zonos-elements/p-ea0b5d10.system.js.gz
- zonos-elements/1.3.233/dist/zonos-elements/p-ea0b5d10.system.min.js.br
- zonos-elements/1.3.233/dist/zonos-elements/p-ea0b5d10.system.min.js.gz
- zonos-elements/1.3.233/dist/zonos-elements/p-eae3462c.entry.js.br
- zonos-elements/1.3.233/dist/zonos-elements/p-eae3462c.entry.js.gz
- zonos-elements/1.3.233/dist/zonos-elements/p-eae3462c.entry.min.js.br
- zonos-elements/1.3.233/dist/zonos-elements/p-eae3462c.entry.min.js.gz
- zonos-elements/1.3.233/dist/zonos-elements/p-eea0eb57.system.entry.js.br
- zonos-elements/1.3.233/dist/zonos-elements/p-eea0eb57.system.entry.js.gz
- zonos-elements/1.3.233/dist/zonos-elements/p-eea0eb57.system.entry.min.js.br
- zonos-elements/1.3.233/dist/zonos-elements/p-eea0eb57.system.entry.min.js.gz
- zonos-elements/1.3.233/dist/zonos-elements/p-eeb1081e.js.br
- zonos-elements/1.3.233/dist/zonos-elements/p-eeb1081e.js.gz
- zonos-elements/1.3.233/dist/zonos-elements/p-eeb1081e.min.js.br
- zonos-elements/1.3.233/dist/zonos-elements/p-eeb1081e.min.js.gz
- zonos-elements/1.3.233/dist/zonos-elements/p-eef5b0cc.js.br
- zonos-elements/1.3.233/dist/zonos-elements/p-eef5b0cc.js.gz
- zonos-elements/1.3.233/dist/zonos-elements/p-eef5b0cc.min.js.br
- zonos-elements/1.3.233/dist/zonos-elements/p-eef5b0cc.min.js.gz
- zonos-elements/1.3.233/dist/zonos-elements/p-f892595d.system.entry.js.br
- zonos-elements/1.3.233/dist/zonos-elements/p-f892595d.system.entry.js.gz
- zonos-elements/1.3.233/dist/zonos-elements/p-f892595d.system.entry.min.js.br
- zonos-elements/1.3.233/dist/zonos-elements/p-f892595d.system.entry.min.js.gz
- zonos-elements/1.3.233/dist/zonos-elements/p-f8d56ba9.system.js.br
- zonos-elements/1.3.233/dist/zonos-elements/p-f8d56ba9.system.js.gz
- zonos-elements/1.3.233/dist/zonos-elements/p-f8d56ba9.system.min.js.br
- zonos-elements/1.3.233/dist/zonos-elements/p-f8d56ba9.system.min.js.gz
- zonos-elements/1.3.233/dist/zonos-elements/p-fc776473.js.br
- zonos-elements/1.3.233/dist/zonos-elements/p-fc776473.js.gz
- zonos-elements/1.3.233/dist/zonos-elements/p-fc776473.min.js.br
- zonos-elements/1.3.233/dist/zonos-elements/p-fc776473.min.js.gz
- zonos-elements/1.3.233/dist/zonos-elements/p-fd3b46ee.entry.js.br
- zonos-elements/1.3.233/dist/zonos-elements/p-fd3b46ee.entry.js.gz
- zonos-elements/1.3.233/dist/zonos-elements/p-fd3b46ee.entry.min.js.br
- zonos-elements/1.3.233/dist/zonos-elements/p-fd3b46ee.entry.min.js.gz
- zonos-elements/1.3.233/dist/zonos-elements/zonos-elements.css.br
- zonos-elements/1.3.233/dist/zonos-elements/zonos-elements.css.gz
- zonos-elements/1.3.233/dist/zonos-elements/zonos-elements.esm.js.br
- zonos-elements/1.3.233/dist/zonos-elements/zonos-elements.esm.js.gz
- zonos-elements/1.3.233/dist/zonos-elements/zonos-elements.esm.min.js.br
- zonos-elements/1.3.233/dist/zonos-elements/zonos-elements.esm.min.js.gz
- zonos-elements/1.3.233/dist/zonos-elements/zonos-elements.js.br
- zonos-elements/1.3.233/dist/zonos-elements/zonos-elements.js.gz
- zonos-elements/1.3.233/dist/zonos-elements/zonos-elements.min.css.br
- zonos-elements/1.3.233/dist/zonos-elements/zonos-elements.min.css.gz
- zonos-elements/1.3.233/dist/zonos-elements/zonos-elements.min.js.br
- zonos-elements/1.3.233/dist/zonos-elements/zonos-elements.min.js.gz
SRIs:
- zonos-elements/1.3.233/dist/zonos-elements/p-52b87408.system.entry.js: sha512-/pwjzIxCQO6u10a+NxsblNadtBowOTr9pGB21HXVXWHhJf85pzSNacixlRuuSN67Uk2bHwKwrrGk8C/765bhzQ==
- zonos-elements/1.3.233/dist/zonos-elements/p-57fa64d7.js: sha512-nRnODkP4jh3O7ufdHKQYapdvM+lv2NbrpGS5fJ7dADIgykMuBquKFYuNwkSYlu5xpxsA4Q+SZnuhcuU/H1iEwQ==
- zonos-elements/1.3.233/dist/zonos-elements/p-5f77d19e.js: sha512-FdvIsMukUCJmco1Vardu/537QbCWvNiO+b4oodJZufUXBLM2vR0zRDTX7XnBmLdt7G8G8RYqGR5CfzqnPNjLtw==
- zonos-elements/1.3.233/dist/zonos-elements/p-c50cc926.entry.min.js: sha512-mLY3t8UcVKCpU3UToK06RTWH8EM5k3zrTRF5bLcpFEEDWN6AUWCrkFSuHy4TiP7cZ22/en8yAa2FinqjU4N4AA==
- zonos-elements/1.3.233/dist/zonos-elements/zonos-elements.esm.js: sha512-q8TokZjqzUfvnHxSXk0URfQ7gCEqst5RRVpuwduqjWzubAolkbxqtUFK89iH2Ed49yL81IW9Op5FjWGx+dpIRg==
- zonos-elements/1.3.233/dist/zonos-elements/p-31af91f0.entry.js: sha512-5NScuW0tC7m2/2JVBYgUv4qvEzdHrZHKV/8YW/x5yDfbA2TOlh/KoLNZONoc0ohA5RaQz9LBrEX9oGhKCgqJJg==
- zonos-elements/1.3.233/dist/zonos-elements/p-5762e217.min.js: sha512-okTMwa0L9ygUV7ayf5nFyk/myP/U2jmbBc1pAtsf/BSpuEgYda7juTBEA9HGKEBX9LvEveJcQ8u4RKCENAezJg==
- zonos-elements/1.3.233/dist/zonos-elements/zonos-elements.css: sha512-Q793tF0In2rkNSku82CznIhYRFVpZCzdboFaTXpclIHzm/fUY7sMhWhh4sZHaLC6+O+6eiMwimiz/jsJNXeLMQ==
- zonos-elements/1.3.233/dist/zonos-elements/p-2557b96b.min.js: sha512-HEKtM0vMMbbdVUdOI1sEWjpMIPEzp09Nfl+X0ZH+3pNIY+N4whU3Hp6F++02uaBneKOEZYsDuV32L6p/+hBA0w==
- zonos-elements/1.3.233/dist/zonos-elements/p-c7b658cb.entry.min.js: sha512-gJK+dh7y46fOLQRIPfOyW3bcEeLPo5gTekWj4YlQyuE3RYlqaYZFJhWZXg6XKPNIwSUBfV1xmMaCyEthlFi4Yw==
- zonos-elements/1.3.233/dist/zonos-elements/p-2ca8b037.entry.js: sha512-WMI3eSLadB8c/LJ9tzuNNKjewjqJYjWU8xEeG3IL0lyH1RjtlcwQQoIBwJGgOnNqs4VRQYvi+bt7BsvVO4OZng==
- zonos-elements/1.3.233/dist/zonos-elements/p-bc7bf53e.system.min.js: sha512-95jt5o7xddYWDQcFxHM3Ths2hgf8u5qK1b+zpQzOr01aktgqne5gdojP6o2qplsRb1B1MrvzlfRXMQttlxnkrg==
- zonos-elements/1.3.233/dist/zonos-elements/p-1f894984.js: sha512-Cpp44BbKuI4s1mev3PvJBA3kQYfHTuQjFVirQg8iySQBTX8w/FLEJI5ZCs/eP+O5uZ6uVoB4OIj7Z/FaXCBCEQ==
- zonos-elements/1.3.233/dist/zonos-elements/p-31975752.entry.min.js: sha512-hV1p7j2ftkVdal4PksnK6PIjLsg3QkNz54pc1CWd40MjJJJHEf7llR7d7aR0GaQvB4MJYZLjvlZdMKZTWwI7ZA==
- zonos-elements/1.3.233/dist/zonos-elements/p-40a4c8a2.system.min.js: sha512-no6QiLvVAkyfcRiaLrSztIqhOmCP4PoCRJJ9lah3dNrVmfVTCAwFrJsFVJTWqiXxRVoqQ2OyOpS7OZO9S5Y/tA==
- zonos-elements/1.3.233/dist/zonos-elements/p-905d2490.entry.js: sha512-Ki6nmuFU/CmuTxIH/z0s7tMEoqYSVT6iS7ZukT3KqElPSB6fvHp8ekLL1MFWXkmJbKNml3qP9rj/EgLuXzrhMg==
- zonos-elements/1.3.233/dist/zonos-elements/p-cf765af3.system.min.js: sha512-P44JlIb+SO69xpu5P+xp0EZsMuacy95GtQSjaCHCBy71kn5DvGedZaVaGxiKJSGxcXLXgBmdiQR644MiooQJOw==
- zonos-elements/1.3.233/dist/zonos-elements/p-0a90dd80.system.entry.min.js: sha512-vlj4EmGvmiaTEC0TFnT+BkSyqEjda7zYqiL2zbXxSEPkWUmP8aJkHtjA1zrIn1jzZUnbRYD30MvOueKy3iq5fQ==
- zonos-elements/1.3.233/dist/zonos-elements/p-b7ea5f4f.system.entry.min.js: sha512-q17UE7+eNKq5lnVJiU4P074cp5+9o4+rlms+NdyddyQ8ETJkOtz5EULv5Eiw6DlViGk2+js6FGPkPs+/tQucHg==
- zonos-elements/1.3.233/dist/zonos-elements/p-c288c6da.system.entry.js: sha512-2TKA2ya5PpV9wjb2S2J2fOErWKGU/mmY+MtFK2mEEb9FTl5eUxSl3CySvb6z/ns/rKL4+MUjqgUMYL+0jnR+sg==
- zonos-elements/1.3.233/dist/zonos-elements/p-d556c6d1.system.entry.min.js: sha512-+NDgTKMVR7/l18YgBATzgt/hLNb3c3vkKYTzdMOjU838NByf26gcFaNHVRZ6EJ06dqKFlyQXa8yG5aN9kZGE5A==
- zonos-elements/1.3.233/dist/zonos-elements/p-78a6e775.system.min.js: sha512-uwioN2GEmC5/ISkK7navGqCyOxb1wnS3jXPKTIUhutPbIIL7GGBL8G4mJiWZBXO+d8YxWg2pr3v8tr1j6hFpXQ==
- zonos-elements/1.3.233/dist/zonos-elements/p-f892595d.system.entry.min.js: sha512-ofa31k1iSEfzN8t3uLvb+KbDGwBXMKi7yFqEQnw0Ix67lZ6PshzJ8j5Llzq5ScnHF2uNRaf3BOc5H6Du+RurwQ==
- zonos-elements/1.3.233/dist/zonos-elements/p-5f398c28.entry.js: sha512-T8wIqRtZD9jOmGHuJOav2+Is4X5Q8UGQpoy0tLDUJ/yXg6BNobXK8Aon9+VyqNC/W0pwK9d+ancL01A02hUt9Q==
- zonos-elements/1.3.233/dist/zonos-elements/p-31af91f0.entry.min.js: sha512-r5LZY+Gh3BUCL8YtEN2Iyr/OQTakt5SoVDu0EqKSmgRxndDqR7/5KsquJt+KqJJNbmPqPU2mcL2FsFU6CJDO+A==
- zonos-elements/1.3.233/dist/zonos-elements/p-595f5dd2.js: sha512-ndsk67EJ59Yy1C6Lkj5DjlBffm8EGmJaUiZw77zWXVIZ+PfVdf/iUnoqEKMj05xqZhpn+oLHxed3mEDMOJPtAQ==
- zonos-elements/1.3.233/dist/zonos-elements/p-936b54c1.entry.min.js: sha512-P5F8/JXbqO6sl3/BCOi4R+FpVwVKZ+HbSo1WbIdbMWHBr7/u8xY4pN4s/Uuhy0OOHD1O775uNXic7xf2az2h3g==
- zonos-elements/1.3.233/dist/zonos-elements/p-bf37ccc7.system.min.js: sha512-7ApbzKIDaQimKpkJrpz45sdXuDcZ0/ZBPmoY9dBxvY+ZBdbpwPZzU+S88CeMjA0y1VnCs9NoSRgcbrjbssk+Yw==
- zonos-elements/1.3.233/dist/zonos-elements/p-c5d1217f.system.min.js: sha512-fPf6jorQnHNXu4geRX1gfjSBjSiHI66YfBnLHNBCkoGfIelKoH+jiw/UtA+SzyYbo8ThfEqqiRY7uwXXoSjuCw==
- zonos-elements/1.3.233/dist/zonos-elements/p-eeb1081e.min.js: sha512-5DRB92+3tMLhSFT+0sw25kSap4wr5GsEgpnidfY4ynGFC5p1jWrPxI19L2tooaQEyasHOQ2D8mpylpiiEc8tSA==
- zonos-elements/1.3.233/dist/zonos-elements/p-06f798ee.system.min.js: sha512-8x5Db7KCo4lEYbCCD3vLHTPHqRhrj+8HIwbFLINvdpDFphHHJ8RgovwwU3rYcJdONROybW1ChzIKZuqLJ0gEBA==
- zonos-elements/1.3.233/dist/zonos-elements/p-84078c57.system.min.js: sha512-3PLnu9VjOwulzd8NehDb6+oMvLgvG+uBF0dJ2qiiXk3xpQub7PhTybIbk3hJjbWv2aT1Bis3CKNGjkERQq4SoA==
- zonos-elements/1.3.233/dist/zonos-elements/p-14d7489d.min.js: sha512-lQBG4BGDwZucOj4V+el6f/TYqN262e311Grt/hbuf0g7/HF22/Ib4agD8PEks5l846Z+63oqovKxWXtnPCValA==
- zonos-elements/1.3.233/dist/zonos-elements/p-1bfae137.entry.js: sha512-qTnb4d8FZvEqQhdivhQuLZnf8kT3IZdG5UaqwbZqMnhEG1uVZavYqUqgNA/MnFbsFSuWkqs54gDWj5NqOIv84A==
- zonos-elements/1.3.233/dist/zonos-elements/p-398d9022.system.min.js: sha512-/ZbSUvKyRhzBXjMgZZfBlX20Q467I+cI2kSuHAzxM65nkNNOwCAIWwfYAezfvVfs51p9hywkHT6aPMPAuKgeMg==
- zonos-elements/1.3.233/dist/zonos-elements/p-82739127.js: sha512-Nmfa0rSfeX/uwxtdkHwQUFQg+cadcHin1Nm3tchCduaYDpNOlq0ZztYpvc85wF7DqXkz5xW4H3tvFWcxldOx5A==
- zonos-elements/1.3.233/dist/zonos-elements/p-989d3af9.system.min.js: sha512-HpYRPQFc1nQBilhJ6+cJ/vLfVogdtXdRsKzed2ffFZ9lw3vRzoz7OS8rRCjhkI8j1Knyicxd7GtsPQ4LPReflA==
- zonos-elements/1.3.233/dist/zonos-elements/p-100f6a88.system.entry.min.js: sha512-U4H9Eg9Dzrq/n84v3nj68hEVQxJY6JIV092kYiQAiDIvqbK/Fm7+gSwtCFUubG71+sJYOkWWxXpImPDdJ01OjA==
- zonos-elements/1.3.233/dist/zonos-elements/p-5762e217.js: sha512-tY0XMwCFa/a9lyVfcTExZd+cihK9VEtDeFQzjGAgHfX+oPJ0V/qfOZSmef0pYwnfpBYA3g1GGwoyaDeT4eNPcQ==
- zonos-elements/1.3.233/dist/zonos-elements/p-eea0eb57.system.entry.min.js: sha512-2yH/RIsl2+NQCRj+VD+Blf5jNNjBWTsewRyo1csltEYsi0I93IRyrTJr93FShbTsJHvPJQEF47yeLIKHS3A3/g==
- zonos-elements/1.3.233/dist/zonos-elements/p-f892595d.system.entry.js: sha512-naAhuf7IqGheji9DQFLW0cTJ64/kXxNJI7/QvvkLgwcNZrib/qyUkcWfljqu4jbwwnPIfXKsMscX8LJhLYzeFg==
- zonos-elements/1.3.233/dist/zonos-elements/p-fd3b46ee.entry.js: sha512-TO+j4LYM3seYnGJY9Bn/dV23A1TzZmbOYaYe0iCc1lFyhxAKkFfPbyBhYvqKIs+8fTsF3u20ZayBTfSbRJieRQ==
- zonos-elements/1.3.233/dist/zonos-elements/p-4160bbc2.system.min.js: sha512-xizPkWzZ81qMov/hEoyTPpZutJLSQL1x26P9xg/XIdrVEiLzdzxm0sJ6EENfhaY6efnXXeBYrEu5XPjsfya7uQ==
- zonos-elements/1.3.233/dist/zonos-elements/p-143d706b.entry.min.js: sha512-r9MJrSQCVnOYqBwHhziAUMeu4OsEDm8oVvJOLpMF9B+erRBRjjqzzTS2A+2XWK5tJieVKVcbeLhMg92OIpnKpw==
- zonos-elements/1.3.233/dist/zonos-elements/p-23e7c655.system.js: sha512-UpMduc/QQxqx39uMNBwhOy8IFq5L6kUczlJbgDH2omTuNYqaOTFat+BNzVUS7Hj5b6yj0pHqUgmIADVRM+mLWw==
- zonos-elements/1.3.233/dist/zonos-elements/p-2d6557ee.system.js: sha512-CtnrixTGiczkaDQfUXk/KHk+qi3NP3igRgYf8yLNUbZzh9CeTl4vu4jBASSxliu7FBxzYkRpCl+HqsQx/J4vJQ==
- zonos-elements/1.3.233/dist/zonos-elements/p-ea0b5d10.system.min.js: sha512-zLB6g2Mr7/bGN3uNJk2PvO/RZ1VGE5pWUWLWToaEz/mmvUsY1ZDYNjBSd0qVxVIl+Jckyxv1UjAWSBWh3w5hiw==
- zonos-elements/1.3.233/dist/zonos-elements/p-0a90dd80.system.entry.js: sha512-9awKGR9v/6AYO4J4YeKrFy5KRB05YPnYZzZjwERyA1fUvTeMOZH12z4KSB5eHwrH9ZF0VXjaiatx5PIabR6dlg==
- zonos-elements/1.3.233/dist/zonos-elements/p-7c705c76.system.js: sha512-UztpYI7RaA1n0k0I+o9WUbZ5QPMRsVu5jmFsxjJpcE8HQXJBcsrA4+jrYnQi4gTNrdXYjZ+jklkAus7G3l55rA==
- zonos-elements/1.3.233/dist/zonos-elements/p-a6e74856.entry.min.js: sha512-dW/qnDFbT/kkjs2m8+LRb7V+BIs/1fH196RAGn7FAdgMts5iU+4QyRIiham5JZVTtcQnGzeA48nm0nouxiiaGQ==
- zonos-elements/1.3.233/dist/zonos-elements/p-b2ae8eb7.system.js: sha512-c/MbX63JuHcKb9CurzJeo9q0ykLhogzRXVt+sluTporw4gplFw30pZQ3sZxNRS1uhN1dnonVSYgmbqii96qfIw==
- zonos-elements/1.3.233/dist/zonos-elements/p-40a4c8a2.system.js: sha512-lT3g5DsMIyVvxi46T4nMeaByBaQOlbpkCGcfJ7O8xehdK09851sVt0wHm42kMgoTNxTDjCaaJvcr37AUE96Tiw==
- zonos-elements/1.3.233/dist/zonos-elements/p-c0c458f7.system.entry.min.js: sha512-C5pRTnuPau2S8cCY1/Fp2d+9RUrCX6nScJtXA8bdYQiOCnQr2g8dBkV7EvSskgTk8IwdVr02h4iw9x0jCWwTAw==
- zonos-elements/1.3.233/dist/zonos-elements/p-eef5b0cc.min.js: sha512-+n8ao4VQQlDZVG1slhULV5nJznyTX9KsZi2vWzNf62JJp6tBB6bUG8EpaGWjrZsbCGibpd8C0raRkCa8s4X7Hg==
- zonos-elements/1.3.233/dist/zonos-elements/p-f8d56ba9.system.js: sha512-uSGgWg0zW9RWlNwvzXLuLp589AMfqDW7e/hpvImpx/yHBkHQIGQgdpn1R3TLTx6ZM0Ugh4j5A4URzf6qmghLbg==
- zonos-elements/1.3.233/dist/zonos-elements/p-0a377722.min.js: sha512-wXJpwLvak8og8BFxmbSwesjC74CdHAxKzQb62yyegMAto09LWUAuGfq/bUg5zW8N8zBoT8XYcKUqb/TymY1DGQ==
- zonos-elements/1.3.233/dist/zonos-elements/p-1aa93d1e.system.js: sha512-3HHXNdvtMWhvbEgXnCQw42ABbtEM3svCoUjxkRQr0hs+mLs5el7evt/FjjDuQWDxQUAARYn7U/AIcMmKTMXVyQ==
- zonos-elements/1.3.233/dist/zonos-elements/p-1eae4987.entry.min.js: sha512-4bSiWgaQtKQK6cUVDfhYwvdOMLREcg7DT2/kCmqnhM4BOyRSp3Mg+nqL1/84Zy43/JUVPmpcABMDV9dNJQA3KA==
- zonos-elements/1.3.233/dist/zonos-elements/p-27874c22.entry.min.js: sha512-tp4Y1RE+7Ni6UQjG1alE/tlW+aJmVrV1QKWwrez5CTHa+pdnJTQ53oFwg+uqC0FS+Z+U2suTGKHNfr/8ZLTPOA==
- zonos-elements/1.3.233/dist/zonos-elements/p-770852bf.system.entry.js: sha512-yvH+AF4lSrCmd8WOzP3J5k0fYbutn5HugQncg2Qldi0FJJz6R7j2B+51OielZeTZJRgTX/cHjaTbiksav+4yaA==
- zonos-elements/1.3.233/dist/zonos-elements/base.min.css: sha512-gI9vNXTs4GgdE9hXQPR+lzEUlsoFyKjGKE+L0KdmGeXKesU740benDZUrlBCkNjcYNcM4orfWvMoagqYoRhzhg==
- zonos-elements/1.3.233/dist/zonos-elements/p-100f6a88.system.entry.js: sha512-oufVK0bhUMm+rvyU5kzyR0vr2WZc4mvwRe4IaTF/xUgv+NRYc5GCT0JdJLMF8VFSSA7zX6x9JdyXeR0kH5fl2w==
- zonos-elements/1.3.233/dist/zonos-elements/p-56ba5cbf.system.js: sha512-SHWFgN7UAJIkoVCLigw+AcSfH6D4uUWZB03DPMA++1rnPgACBL3KT9oawpgRX3ra2W7+arqLEwrUyFOlZQACkA==
- zonos-elements/1.3.233/dist/zonos-elements/p-6adfb3af.system.entry.js: sha512-yTx4TPC7aaWFqzkJpsLWIhiu8hn6EfKSLBXWaHNUiufbqXZmPjsPTU09q9FXEJqSTRvi4bpPUJ2jGQ1BSc2q7w==
- zonos-elements/1.3.233/dist/zonos-elements/p-e03e1a62.entry.min.js: sha512-YCedcHXGQ5/XKMA+IDGVQUHcT7fbgPkifdzVACrtmQCmpbcE2Pq4nFO+zyeVtV5/7IJ1uMY+KdMf+gC4GxwszA==
- zonos-elements/1.3.233/dist/zonos-elements/zonos-elements.js: sha512-0QytlNBHv9VB+Wpk6Iygkj4ylBYTW/0lWTAf0RJP325meyn4vHS5PfDY+iTZgd7NDJVE0kRyu7s8MxEaE2YXOQ==
- zonos-elements/1.3.233/dist/zonos-elements/p-0a377722.js: sha512-8dZEFy/z0HR0zrzAS0ra2R3S8Cn44uZRv9fJJRoVHKqcX46bdVBbUp283RRqlkcqLPipLJek76NrqRWcCsVjsw==
- zonos-elements/1.3.233/dist/zonos-elements/p-2557b96b.js: sha512-9gG6rTBP3AfDKDiVcvAuK5a5cehLvzRW7ODwVc2gOV6u7yel5ZH4ewPobt9Xi+expk59dkctL6dNOUu8yK+a8A==
- zonos-elements/1.3.233/dist/zonos-elements/p-2770ba48.system.min.js: sha512-nV4vkAVDB8V0oAeOthEeWgy/2dmsfASUbQB3/nDc6+suestUd2wqcQnO7wDB84FO7qXGpEp/4YWWZGZA0yyDxA==
- zonos-elements/1.3.233/dist/zonos-elements/p-4e41143a.system.entry.js: sha512-KTpUBeRw307pWUDe/vj1zKiq+ZXqVl6GrAq72TwbLrqeXTsXezY7XzJZQIqe/eyzXKWung1z2wx+wFHZiCliMQ==
- zonos-elements/1.3.233/dist/zonos-elements/p-561be3a2.system.min.js: sha512-uU21hvcvYKTyNMmVohnSvxp5yaOTi75++EVSaTPqJiBaEPhPWFbm30IAmw6izBMKGXD0T6P/zj1AQhEgfNY0lg==
- zonos-elements/1.3.233/dist/zonos-elements/p-81ba2820.system.entry.js: sha512-AEhNerJzrBP+AUhkOfOfO2129yVcjYNE88RJiAiEeAlY9UYrAZdECUsEt6emY8abcOvoiSxBSdjYYE/lsHlzng==
- zonos-elements/1.3.233/dist/zonos-elements/p-b2a0ab4a.min.js: sha512-wqjYDgQLuvCXZFp7KvOxWPQSxOjkSq3Cn1K58IYR42wAjnhkGevah4dUq/Om3GmArdH76jB4czZDAfI2ZcK33A==
- zonos-elements/1.3.233/dist/zonos-elements/index.esm.js: sha512-qHGSJ2XXwsWr6nXW7tzkxlICqk+9qjF8JIpZwpd+/Juwau0AWzT5o3H/XQvk9D6MVm6zqt+ATY/DLfC3TOPBqg==
- zonos-elements/1.3.233/dist/zonos-elements/p-41dd1cb8.min.js: sha512-jvD+QdhGY00IWrVj0AOUzZ7A764VSowGYkjlHiLlsTQtAKF6eXMYziP3uz0iAVOcd5ckbkZGW5rz/AJn1g5Rew==
- zonos-elements/1.3.233/dist/zonos-elements/p-540cec7e.system.entry.js: sha512-myGL00v0gqDTxImtI0oE2PizwNJUM8EyLsTYBg8boMueUWcv9BCmKhrQqtNptcHyBNBlMRK1+UmJLGITLBo28w==
- zonos-elements/1.3.233/dist/zonos-elements/p-59ebb8c7.system.entry.min.js: sha512-78gXlvrVIGTjFpw7JTeg+NTnpMU6CQzSHW5EiB+6jSkJVRas+2zUqquBIR17b9kTNDdRulH3gvh/aoOcQAGmMw==
- zonos-elements/1.3.233/dist/zonos-elements/p-88ea9f82.entry.js: sha512-/p2xWMVP8FLCNcc8I4wHAOg6NGCdt7pXu8FEw6pGOAnvm/Y4tYQtgtJ68VyfpUr5xhNpxV23G3FSmgf8swMsxQ==
- zonos-elements/1.3.233/dist/zonos-elements/p-a0a4e43d.system.entry.js: sha512-FV2Lv52eXr4+ArhSJ0qEH0fNjAQNbNla6s0fxLsja2OUcCKmN0PZMjx0iswoZQIV35fDbvn0O+LRHl+D/sZ4Fw==
- zonos-elements/1.3.233/dist/zonos-elements/p-e8949e7e.entry.js: sha512-GP/aKkagS4duIxSAbWyYZ2OFXW9busgHHC+wsZdRljHv/ox0ULFc8G5f90fVLXDGaxHNXKZ+z26xvgoiwHxvrA==
- zonos-elements/1.3.233/dist/zonos-elements/p-23e7c655.system.min.js: sha512-H5NFnXHjornRLcH70W18+D025uAGCvtcbJ0KKmFDrRiZUSp4OZe5WueKZkrAxDVHCFeFEnS1PGhOgJ1T6UFn7A==
- zonos-elements/1.3.233/dist/zonos-elements/p-2b8345d8.system.js: sha512-6vf9ABcSXLD/U1PXDtfR4EhnzWLkf1L/YuyWv7GdvAW6/eBPgzAkPD+Z1gjvOtYG0m1hWlFoI/VuTEvTyHUzQw==
- zonos-elements/1.3.233/dist/zonos-elements/p-81ba2820.system.entry.min.js: sha512-ACn4kaqJX9W/D0JeQir8IpKmYmzqWqiyptHQbLVQVSy4LBLKQ2e8iqbqi5dqDKQSYBl5t3z2GMSSpIMHCClAKQ==
- zonos-elements/1.3.233/dist/zonos-elements/p-0ef2a242.js: sha512-oAHrhrLm8Cp+Qtd4wdSaFLfkZmpl29nym9Kzv1FrQ0A9BltUYvJKkOVO6ad2PQqWpmh7RmedUdNkSdAt5nxADA==
- zonos-elements/1.3.233/dist/zonos-elements/p-0ef2a242.min.js: sha512-F6/y53atKwud058B9V1gryrlB2DfrUYjqosG4SsF7GuPMNbwXMOdwyYLz+eHBVA051pjJLFUMDvNi4dAoebijA==
- zonos-elements/1.3.233/dist/zonos-elements/p-5c680f72.min.js: sha512-7CJ6qm0zyP37bt15M3n91gsOpH754CBUta03DXSC6iZdA/U5bzQQZtCpQ4HudrL3OYlovox6lYpqNqE9QUL1Lg==
- zonos-elements/1.3.233/dist/zonos-elements/p-ae940a99.min.js: sha512-8wR1qO+BQubKdo8Ms/cXTt+9hesJJczgpyesgw+8FLA3TqIdgF6eDJCG3YtkLJBv9arCCV0Y3qFxGf7UP+XzZg==
- zonos-elements/1.3.233/dist/scripts/loadZonos.js: sha512-JAItIWIzIo90+kqtdM8TocCRqBhpHpWI+nMzRWL3tnw/oqoqlNrYGmgyB4uaIeZFn+Whfi00QHMgddvPg002Lw==
- zonos-elements/1.3.233/dist/zonos-elements/p-316f9052.system.entry.js: sha512-xMnvqrnoPK0X+fYfFdN9/BtIevwHCYm/QX+vznZVZP8zVGaj5BV6LaNiYRgoTMVX5JR0mqMUJGx7fFQ4mOlDuQ==
- zonos-elements/1.3.233/dist/zonos-elements/p-56ba5cbf.system.min.js: sha512-G+mi8pNuqaqxZ1fI1zWzNXfdNfOL4fIA2arGTTqYJf6bJJaWs7lkb4yKMCOacbnXk4FZdOD7e3Yi/QOcZrzFyg==
- zonos-elements/1.3.233/dist/zonos-elements/p-db628e49.system.entry.min.js: sha512-SgEdg7gjEF3ghVfYG7Fm+8HzuT8uXSQt9J9JW6atnjXh5HLJAOhrbbId1Lf2lRZY29JqGpsUh0EN5AITkVaCoQ==
- zonos-elements/1.3.233/dist/zonos-elements/p-00ac999f.system.entry.min.js: sha512-Ithv+6pWEKmZSTltnwH9CfCXqs4NR/+UwNt+jPsZS8PZ+np0qyhYs8/fjqkP8J2fJxBjBlH4cbbMB3XtCkiRnw==
- zonos-elements/1.3.233/dist/zonos-elements/p-6b361d2b.min.js: sha512-p0W8NyHSlvX/CaPxgeu9dj9RXY6HNIrFZrv0uJ31cPWdvB7qSys8XA0Q/Z60kzfE263NFwMt/ugKSCvHcFZXPw==
- zonos-elements/1.3.233/dist/zonos-elements/p-9b8750f3.entry.min.js: sha512-CjWodxIKhuJgEnWywTFOWM5BkxfVU1pcQXOjGEUKCgAkq+LzWz8GKJsuCwe2k2mVBm0acv8PLXn9VsqFUKTyUg==
- zonos-elements/1.3.233/dist/zonos-elements/p-b4b7f705.js: sha512-PXp2XDRzpFdrYpI6LyR5G3j+g5PtzA4Z0OhD8XiMcKnOdkImq9k9KlSxw4DDQteF4ADG5hFznMH5JHHtcfTCRQ==
- zonos-elements/1.3.233/dist/zonos-elements/p-db628e49.system.entry.js: sha512-OZLrgXT9bjDQAt32iiHzz5Fxdq8dIJGD7IQolQPcR8y+r7kTTUdNjFGyI2KcXwmVx/OJB9PD8iSFU0Pk07L1kA==
- zonos-elements/1.3.233/dist/zonos-elements/zonos-elements.min.css: sha512-Q793tF0In2rkNSku82CznIhYRFVpZCzdboFaTXpclIHzm/fUY7sMhWhh4sZHaLC6+O+6eiMwimiz/jsJNXeLMQ==
- zonos-elements/1.3.233/dist/zonos-elements/p-561be3a2.system.js: sha512-5htvGPQeeUt0ZNBuPi6ZnsJ8TKCNVL/vlVkn/Erfl2a0zS2DRAdPvM/t7QjMITJHjdOvx+zLBC2qlbrE2L3rDA==
- zonos-elements/1.3.233/dist/zonos-elements/p-c5d1217f.system.js: sha512-VXnMOrwqpFx7lUzEpKbQ+jRrxFAD/lopOI+EolQRowGKqcfebU8YPhITMyq8rjot5uAiWD9YFfHDSnfXQZ37KQ==
- zonos-elements/1.3.233/dist/zonos-elements/p-d938f42f.system.js: sha512-M5boaVOZ5uWBSDWKjRyBBgNWnaiWqiVvNntVyFEp/vMCStSQ9dKqJMIqUFAi0yeyqshEF+DjuLZQBqT7cBD4TA==
- zonos-elements/1.3.233/dist/zonos-elements/p-08e7107d.min.js: sha512-Lpsv99JhhRss+ZobX76QE5PWqK0lMe5U6ntGYANuXnKaBE6Lt7ZLo0kYz8hyqlQRHzc2qaNbYz8o7e9noi/rWw==
- zonos-elements/1.3.233/dist/zonos-elements/p-d556c6d1.system.entry.js: sha512-taBh1vK52ihtB/uOZd0fUwOBxTvsQ9AXDBDV+8i/yJefWJq/yEqF2rlEi/14tH3IF1bQUUFHyr1/mptH2UQxOw==
- zonos-elements/1.3.233/dist/zonos-elements/p-eeb1081e.js: sha512-BcI9Tq3Ye8tRLCEwmZkgNcFn2HaAQWmHZxtQM6O9RY2Q7Tayws29/41vZlXhk5ElGQBs7Tc1ucZMf7/d/5ni4Q==
- zonos-elements/1.3.233/dist/zonos-elements/p-316f9052.system.entry.min.js: sha512-+QEx5JohtX6N/g7HsQ4O1p4xy+FxW7ehxU6hIGAxOy4VZG8/eNkFt67RtDgPM2gjswhIINT7i/YLK9CqjBd9dw==
- zonos-elements/1.3.233/dist/zonos-elements/p-909e2bc3.system.js: sha512-px/Ah86yvrYJ9FM0ukLUTaQ4imEa7IdiyF594wAcZkyiq/t26Iu2qjRUz2XrjxKYgRyG6LB71U/E4mARyKjv0g==
- zonos-elements/1.3.233/dist/zonos-elements/p-97aceb11.js: sha512-DjHf+RMq/Wr/dm1+i5FNd517rSW9+FUAPfuPkBlR8APYyNb0Fk0lSrTSPmaJQ3RehwQBWwkviYEEdjNjXrAfMA==
- zonos-elements/1.3.233/dist/zonos-elements/p-00ec22b2.entry.js: sha512-BF9jSQDA8lYw6mtjkERF7iAlZtKoTP2fTedTxPyknYlXHsdX4Aw3rxzCmsNOm7jLbX3l4rqOqQ7Fe7XP2ujAMg==
- zonos-elements/1.3.233/dist/zonos-elements/p-4592ae49.entry.min.js: sha512-6254EVZ8PhQV7CL5ulL2dk/JJ9ojMmhKX0gzWiOCBqakffaKY/EM49P0toTIK0CKtqDPi0P6sJYIZBqG2EzbMA==
- zonos-elements/1.3.233/dist/zonos-elements/p-c288c6da.system.entry.min.js: sha512-Syo4Zo8jOk2N1NBMOjdsQTMKS2azPHWYCYlCAWxU13QB+HEHtkc/IayUZ8NWw51bhd3f9FO0CcBzusm1r5BuTg==
- zonos-elements/1.3.233/dist/zonos-elements/p-23b45714.system.entry.min.js: sha512-yjO+6NA7fWuu/sJI5rlZ67s/K//DEIMdL1C+L0zjka9xG4tPldytZrHOmrmBqizcgRLatug4P/VKG8yXfFZT+w==
- zonos-elements/1.3.233/dist/zonos-elements/p-f8d56ba9.system.min.js: sha512-j2oDoRSlu8XXhmAyfqY/QwsWViUcYFAhjzTm8MYKOnTYSsmQ9EiiXZGQ0+hPU2aPJnBSv6fBGJT+eAoGpVl7Hw==
- zonos-elements/1.3.233/dist/zonos-elements/p-b2ae8eb7.system.min.js: sha512-KOGZDYkOV1u4cp/SOy8ofxfQJied2qWKix19768L9LDp3apK7qXodTuTUYzcFogmLwl0t3LrfESVhp6aM4Kfxg==
- zonos-elements/1.3.233/dist/zonos-elements/p-1d5aa016.system.min.js: sha512-qr0ZngnG38e5MgOUy+nJEO+vm0nSXe0uB9Kqj6dcgGTVYYw5QjVEjz3SpE0zKADdNlbYk+NStjo7HL8gbuMYFA==
- zonos-elements/1.3.233/dist/zonos-elements/p-2ca8b037.entry.min.js: sha512-M2RfjscOZy6oIcjYY2CBwk47/6Oul4US1ocBZ1ah8WaIB7Y77HQ/29mc/d2KYqwDHL9L/h5OBx3asQkVCNkmig==
- zonos-elements/1.3.233/dist/zonos-elements/p-01174496.system.min.js: sha512-/JI02dHNpthIs04L3hQB4w1aH7P8Gdo5iwEO3mQSZwh1csngC01pBp5L8bvZzQotVRFYsiY1fjwc1EPT3oDBZw==
- zonos-elements/1.3.233/dist/zonos-elements/p-a2819807.system.entry.min.js: sha512-UjC2xv9Vxfhm56OWPsCn+GGpEOURpfx6MytaSaWATB0zm80kEgAxWaphhCe4z6rgtQtXwlPTQUGQzrT9F/c4uA==
- zonos-elements/1.3.233/dist/zonos-elements/p-e8949e7e.entry.min.js: sha512-NUzYakiguH3KMltZt9DB3BVshOwAfm/oRRa9bEM8UL/esAtPTX1b0PvT/PgxXpB0NQeXjxcHyD3MC3VZRTW/dQ==
- zonos-elements/1.3.233/dist/zonos-elements/p-5c680f72.js: sha512-N9+8s+T0lJPKSNjeohgcIGdEQ4G8pTF+qo7tOD2FIWQTtBcb2c3JjcUVBNTE4xtUYTKx5JAewIY0urMOvhTZgA==
- zonos-elements/1.3.233/dist/zonos-elements/p-23b45714.system.entry.js: sha512-Id3sPnUIANkg4QLsyB+4On6lp8ymKfuj10le7yLGUGiKwmK2DkzTMWyidWEaZeVdiGEvuaLZwun+8BRWV0remQ==
- zonos-elements/1.3.233/dist/zonos-elements/p-398d9022.system.js: sha512-r+SIEfSj/t4WtHQPH5Dm2rXgCFzTZZ1qgBm54gJ4Ham0DPvbbByg7aGSv6DHE7ukb5Y2r84W2Y1FCgpBy2fzFQ==
- zonos-elements/1.3.233/dist/zonos-elements/p-5883217a.js: sha512-C9k8DTbeOi+yyyoVr4t8Qe31v8orqV/BhCPJY2xBsl7vJ5dQ/YIU7ttqCTigqqbMml5Pe0duxi2tZIro4syk3A==
- zonos-elements/1.3.233/dist/zonos-elements/p-96d77739.min.js: sha512-oe18i3TW2+P/EFNbajCnbXe/XkYQeBcYlrXg/q/w86H4M8Zp0zqIUMWNscqa3YXPdhFWtMBKua/WphxfLqb3gw==
- zonos-elements/1.3.233/dist/zonos-elements/p-e1255160.js: sha512-ekAuZOOVvHzfGdM/YkM1Irke2E+WgLxS2iUnv6RziXgTUfUF/v5c/Aft9MuUO3u0QPhJPZvI8EGnllCbkWpi3Q==
- zonos-elements/1.3.233/dist/zonos-elements/zonos-elements.min.js: sha512-ZnWnIGF48UB4KRDUarAhR2R/y7In7sjWX+jaA3hxsej7o8i1JEyfeMYsCFrn2Tp6v1v7gLH6DAcJ4x5fDEh2eA==
- zonos-elements/1.3.233/dist/zonos-elements/p-1aa93d1e.system.min.js: sha512-l1kUs1tU0Q37oKyhrudBmkkJN5Y447SESjkGPtgyaP5YJBZC2YdhFB9zHEy2bwn7Vzng9uDk1yqbzR1mzk21dw==
- zonos-elements/1.3.233/dist/zonos-elements/p-57fa64d7.min.js: sha512-UX7VKab0Ur8AC2Weq6Fm6iYZdY0dijJP+UNqO3IL9Mr+/Po+3L8G1MABZac0LLwuBnYmGMGudCny5bqCz2lAMA==
- zonos-elements/1.3.233/dist/zonos-elements/p-bf9d889f.entry.js: sha512-kwaZhlt4qrFZBEogrikqIspNBvS319GfvBurB/MKscLmLdhrhBWKvCA/4h8lhw7gSdN/0DlJclZ6NB5aST2N5w==
- zonos-elements/1.3.233/dist/zonos-elements/p-452fb638.system.entry.min.js: sha512-fZge32EqdsyXIXVy7MbhinYL9k7tUZP6E1qWjF9tAj7ugz0uxYtN7gA8QAtTi2QXAA7lB6Qxbe8XWJMyfoY6Vg==
- zonos-elements/1.3.233/dist/zonos-elements/p-03ff7b01.system.entry.min.js: sha512-57cjwyDUJTu1KjyZsXlw/wCagqmMZqGakNX/LybySV158Bez6kUzl92DEKlqO6oYyuU8+zGEBbJfvsdjzQ8jXQ==
- zonos-elements/1.3.233/dist/zonos-elements/p-b7ea5f4f.system.entry.js: sha512-TXLVbTGJuJShV5vBG8BfAh4h9BXQZMRMne2yr7B5jUg8OIGLPpDGnbi6JPIi88iQ7nEIiLltAjxORWnA4z/bKg==
- zonos-elements/1.3.233/dist/zonos-elements/p-3185968f.entry.js: sha512-qXBRbOeK0mRT/4qtzMY8HoDDiyGbylRe6PNJxhFGxH8QqslVbRhILh/TBnh8NcXEtZgbNOIRAI4bezo2fTJkmw==
- zonos-elements/1.3.233/dist/zonos-elements/p-41dd1cb8.js: sha512-kXjK8LXaRKaatIg1TGy7G7lbH62FbjBBK3U37CpUEpoaVQLzmloxmW9rpQjNpe0PvHNqww/X37Rfu9av7SH0Mw==
- zonos-elements/1.3.233/dist/zonos-elements/p-93f2e1ee.system.entry.js: sha512-ilFMgeqyrm/laJPYDkUkqBJ3aaCvX2uQ9fqxo/XQ+DGjC0icI7LrzN6mPnGXbD02S+t/3SvvVUoVPP4LFvHYfg==
- zonos-elements/1.3.233/dist/zonos-elements/p-eae3462c.entry.min.js: sha512-EmihFd8dWOuUZcruy2d1GsaLSBOWUeUPTajqcQeq5u63il8lIvi+wa2W4WHMrX4m5HkZiIEQ4VTOmhRHa+NH5A==
- zonos-elements/1.3.233/dist/scripts/blurCurrencyOnInit.min.js: sha512-ZMI0g52arZz2BagLLMKgOx9oEtoWLJbpc2U+C2PCkeuFt8Jx/oFI8hEC11TEJoX95dEfYo8lkEmRfAqbS+TX1w==
- zonos-elements/1.3.233/dist/zonos-elements/p-84078c57.system.js: sha512-PcrkDBS0xUZevAcceKyAlCCgKOk9JBDeXLqj7i6PmKfWvxP78U9OUz6d7YTHuZAQwJO9iycXq6w1mMkalGaWrA==
- zonos-elements/1.3.233/dist/zonos-elements/p-96d77739.js: sha512-+PC10Biq63Erxn/EhvjpmpYjG9+QGkU0yT77ED3LAJ0h/mHyMCHTSW+tDnWH1DFQierRoPfvI/B2rwAT00dBDA==
- zonos-elements/1.3.233/dist/zonos-elements/p-ae393255.min.js: sha512-XOco+U28Gx1T902DJFFtuAqhxD8WQ2OTZ2LlUurcwY8CP8uRSR1YZtIv5QQ0qW4HegnM2lwhVOYc5P0Ya5GdYA==
- zonos-elements/1.3.233/dist/zonos-elements/p-1f894984.min.js: sha512-ptATSX/V9YvxcLJYvH6E+BvUSy9eg/GirwUOEIw9//Q0gm6a4lYC83SZO4iKBv1tIGapEiiNeCG2PKoswzUE4w==
- zonos-elements/1.3.233/dist/zonos-elements/p-06f798ee.system.js: sha512-ZrKs55Mygl99P6SwV2J4ax4qS8GAf+HRehcTOT0oHr7A/qFHUyGawkfNvYGrHxpckVVLXIXgOFBS2fA+nZmEAQ==
- zonos-elements/1.3.233/dist/zonos-elements/p-78a6e775.system.js: sha512-uKMdISrxG1Xh+ErYmvNj2o17XYwNgy3NclVK1yAgiDq368gTMA0fGl/IGS0aJ5rdzkGAKG7Y+VCe1YbdXc4HWA==
- zonos-elements/1.3.233/dist/zonos-elements/p-909e2bc3.system.min.js: sha512-TcFFnk7tJoGfpwGZQOAjw2Suryb8FfoH+JBgwqXQ2k/51ac2KzXqR9oeIvSq8PyBUtk2GIL6lncf1+h4TLH5JA==
- zonos-elements/1.3.233/dist/zonos-elements/p-c6e3d747.system.min.js: sha512-yuwLl4hmNfsNQnf9v31ABsNGURfqjXnzWtdGkmsB8QyvBUlrE0y44FJwarjHi20co+K96YTg5OrGO4GKcFGARA==
- zonos-elements/1.3.233/dist/zonos-elements/p-e7874318.system.entry.js: sha512-9Ns6Pn36c3u2GPhfXdkWHn6PFQvn2UtipNyubZCStyLgAgLmCGuecbSaceNzge/mFNilAMsvOkpBvCaiPMyAfA==
- zonos-elements/1.3.233/dist/zonos-elements/zonos-elements.esm.min.js: sha512-H1Y4oNqaby9fjoFeVloJOXSpMLieMIrCgkvAMq8tn2nYIzobQ9gJB74LskPABSskN1GfYRdBMAp/g4rua9MJPA==
- zonos-elements/1.3.233/dist/scripts/index.min.js: sha512-lXQOKiwwg+eHuPK6Kbo01A73e6vLBbcXmOOg356IaPD82XJ4oOxOWdqJSkaX1NoUubvqOX2ypC5G6JI6TF0UVQ==
- zonos-elements/1.3.233/dist/zonos-elements/p-5f77d19e.min.js: sha512-xoIs36YtCkHse7IIkRQy7wTRFARs1y6oeBsuOZioDV3MVG6bKdUDVtohJC426todJ3mdkTIXbtlv0jV+/F/1FQ==
- zonos-elements/1.3.233/dist/zonos-elements/p-c0c458f7.system.entry.js: sha512-NSES3jmamxqZazi66QEKCJJ11z6N2qswVLDZkLQKKCJyR31bKWR/uFmfoUfk1e3gM3QmLcHICd3iJvvFOn5hiQ==
- zonos-elements/1.3.233/dist/zonos-elements/p-4592ae49.entry.js: sha512-UTvKfy+7ywXKlOcb9sDm/9xG96rdbEDiLwIDBdZpvyveuEY4Q0PgtB+mAs9oApKyT+PrVEEvcw5AOoRyh+eyew==
- zonos-elements/1.3.233/dist/zonos-elements/p-23d497e3.system.min.js: sha512-zqKI0jc57fnTrM+ZUIF0c1BZQ408jRXtbyMVp0HPwNsY/Cswoyknv/EhsNhjmTU1SEh8jH5ZBfUUTNtmogFQNg==
- zonos-elements/1.3.233/dist/zonos-elements/p-4160bbc2.system.js: sha512-bnqY8s463GNlyNCs0tIT3LYVEMXR+HZ/o9Lp28yipS7+/MTKgB7hwjI4pF98Zfkcpx3mp1ncjwFDQnCc4eCacg==
- zonos-elements/1.3.233/dist/zonos-elements/p-83666056.js: sha512-V69LnQurPs1rlJivQvbgFyPBzhaa8vYxv+w9RCwJy46qXtqEIkPGGKD3cKyiL+YeXnDehtnZ9L+0QgEg7hbu1Q==
- zonos-elements/1.3.233/dist/zonos-elements/p-a87561b8.js: sha512-gY9tv8teeTmrMar5Qi58ph5wqRQ4W02dYN7UHie6LEIjVNXOhG9GtSV+FeULVRaMbjItyKUrEHTEb8xRL2BI0g==
- zonos-elements/1.3.233/dist/zonos-elements/p-c9e433c0.system.js: sha512-C3FKT8Du81qJUxcrvxg4gm1xsRiizD+/V5ddr8+rcTaBGyLf10QTwmR0LB1z1LvfGHCdq1fLH8sl6VrGImedBQ==
- zonos-elements/1.3.233/dist/scripts/blurCurrencyOnInit.js: sha512-dbwGoox0Yqht6ctVEw8v4uMgak7TnnT0VyZOkrgiccyydS/Ct367m9J4BLCP8L6LZlAulxa0+xfSsCRmNSbe8Q==
- zonos-elements/1.3.233/dist/zonos-elements/p-2dbcecf4.entry.min.js: sha512-B+TdIb/HioZ3+kCbD02FnhzHzij+ft8wn29PTDSl4odDMmFLmCtlwVaJGKEzUOR9wFutlN55L1werGeoSMaP4g==
- zonos-elements/1.3.233/dist/zonos-elements/p-a0a4e43d.system.entry.min.js: sha512-71nQFL6zjVt25x19CFxxGzoK9QoXhiG48sfIk5ebAQxWTY7pbBKN3IKPbPr+xU5sK5Rdbzu0hsTeOoaHEPz2TA==
- zonos-elements/1.3.233/dist/zonos-elements/p-c6e3d747.system.js: sha512-DgRFPTPba+kgaNE9cUIOYsLBy0n2UGGn11U0yeh3MYao7YNvziy1luFv9nxIyhaySfiv45oqQOFArStE0wZc/Q==
- zonos-elements/1.3.233/dist/zonos-elements/p-27874c22.entry.js: sha512-io4/aItwku71/+XDYHFzOpoG8Lbp9e/cnBp9kDq7QFw7+1iW+sIMUgHhEGtJCoU4s4vWBchhSfEMs35Dj+wPrQ==
- zonos-elements/1.3.233/dist/zonos-elements/p-936b54c1.entry.js: sha512-F4W0pvk0YpobdELjuY1b+oHxylOmIcevnQeUXqWeGyf+ANoHANOjdHs852mUbMQ6QGT20bqwfb9SHnLoqnwv5Q==
- zonos-elements/1.3.233/dist/zonos-elements/p-93f2e1ee.system.entry.min.js: sha512-UvGJ++0ro63ghgy4V3papf8RPawhMicAp5gEPknZDA8CXChM3D3FpKc2Ldb3ICQ+3ZZpECoDQdERmtKqAhuAIA==
- zonos-elements/1.3.233/dist/zonos-elements/p-c50cc926.entry.js: sha512-VPtfG8W4iZiyTmFjbZxSKSFVbcUQwOGBewDMir0T0JdVGhlX9bNX5pioyAolFrlQWpXP4asi/kKnqUGgdvnAlg==
- zonos-elements/1.3.233/dist/zonos-elements/p-e1255160.min.js: sha512-HFYzkcVzsw+z+i0+3EDU2cQqcLO6WVyQReaceod58ELfrRuOVmE+Gx+fcTEm7jmHGNT5A6A90IW0YVx+gxovsw==
- zonos-elements/1.3.233/dist/zonos-elements/p-452fb638.system.entry.js: sha512-xIYpuyT/sd6mXwde2bjoPNESXzORahMZFFc1cSgH6TOozSI512bdJW4RP9zzb52gj5A2lZcsjnrpVVGIy2dysw==
- zonos-elements/1.3.233/dist/zonos-elements/p-55e2e4ed.entry.js: sha512-Fa0UxRmIRdE9ba5opr6eI0tB49YO0nEW8kbmVP1SNNfbs5cn2ByZUcuu+gP+vBByA3FfkCQ3a54Y4HfqnUQA2A==
- zonos-elements/1.3.233/dist/zonos-elements/p-74ca7739.entry.js: sha512-AQqqUcOe66Rec8k3EeFl07aVnWm1oQqEBUggHECv42cks3D9w1WAAL/k49dgtTwJSrH5FlKDfAa8//w622OMbQ==
- zonos-elements/1.3.233/dist/zonos-elements/p-31975752.entry.js: sha512-rMusSJ5Vfgk+Iuq5ueYJV73m6nD0qU4Kh8q2lJjvBic2nUG+otyBowUs/EKqM/oZ5zD/bn4K2TjpVLnDovp50g==
- zonos-elements/1.3.233/dist/zonos-elements/p-2d6557ee.system.min.js: sha512-YxrMe5dzkeoGjwJlrPQ5Wn8w82U/cZJEoiEcHiyq26QZAILKq2ul0b0DuJ68JY9dEXemLqAwDMRlsxEtPfO+Sg==
- zonos-elements/1.3.233/dist/zonos-elements/p-55e2e4ed.entry.min.js: sha512-DWOFG93275G7O12iULEwIyN/isJexhx5yxh+wcqM1DdgzP1J7OgL5iR0ueDdaebT1AvGWugq7qTehjUUvWrkFg==
- zonos-elements/1.3.233/dist/zonos-elements/p-fc776473.min.js: sha512-PxLsMreiardKZKPiX3Y1cgtifC7AQdn4P9u2q2gtgFi49Xlhux3oP+JjmWj9M8XS21xpHXUsEYaWUUnRYLIyKQ==
- zonos-elements/1.3.233/dist/zonos-elements/base.css: sha512-gI9vNXTs4GgdE9hXQPR+lzEUlsoFyKjGKE+L0KdmGeXKesU740benDZUrlBCkNjcYNcM4orfWvMoagqYoRhzhg==
- zonos-elements/1.3.233/dist/zonos-elements/p-b2a0ab4a.js: sha512-Acya68FYaJBraAn9fCWWfhPJC34Azz0YDw5VLKI3B7PBh82rGqP5LUVetKLIdIc3eaWkONieQcF8WljV75mYaw==
- zonos-elements/1.3.233/dist/zonos-elements/p-23d497e3.system.js: sha512-zc1CMlMm5YN1djW9CtXQS+s3Lnz3Wr9l2mLV5YL6yRA8sCsIfaoiMtWE+LxPUGD86bFV09yvBQj3PUbuxiEzLQ==
- zonos-elements/1.3.233/dist/zonos-elements/p-00ec22b2.entry.min.js: sha512-OSvw9B7Zeiv6asK1QiXxLEG3GDYM6c017n3oZptUmsrCd5QzmBVGclTC9Me0lQeC8mRc1PrpyJm59qmTSSh+gA==
- zonos-elements/1.3.233/dist/zonos-elements/p-88ea9f82.entry.min.js: sha512-B2jzpBHTGIj3DPAylLJ8F8kY5LhT5QfpbRMfAloZc55iH4j1PO4fpQte1+ZmQQzFXTGhwmbCQ/fQ1M1tDd3vpA==
- zonos-elements/1.3.233/dist/zonos-elements/p-b2d81c98.min.js: sha512-MqXsZsKTLPeN/EZaDm+LTCGb7XTkzGsb4IzK6iJBcRmO5Gpn2yW8770UwORoARME9BX5IdFy2k2ImT01HmTClA==
- zonos-elements/1.3.233/dist/zonos-elements/p-bf37ccc7.system.js: sha512-dUxLVsnK715LN6DaNW046xdeVsbDdWFPQmbBofSJ3DzKmkII0r5pcCofz856gZw0GCE1DeJJt/TJlV28Kn2a/A==
- zonos-elements/1.3.233/dist/zonos-elements/p-e7b0c156.js: sha512-1UfYP5FlCX/Tuyw7WdTdtuEbyF0oz1RFXsJ3crXKJjkhxoI1CsX81WigDA8UP81+n5GEsuRH4nE+icahKylvYA==
- zonos-elements/1.3.233/dist/zonos-elements/p-00ac999f.system.entry.js: sha512-2C/JQ/E15tzrMJJGz/9sVg4M2PVPdLHYLB3JNpuRBaGd3LJU/0RN1c2wTS2Tm8vkWzfOFx0xJjz9gzoNA5C6Jg==
- zonos-elements/1.3.233/dist/zonos-elements/p-7c705c76.system.min.js: sha512-fWvFayQeTsvfvXPAp+/+L3xP6Kgi8baP0tCiPKKxS1002AuvGdUUyjy726R+QKrmOw27jK2GcowwTQ0Hdr4s+w==
- zonos-elements/1.3.233/dist/zonos-elements/p-eef5b0cc.js: sha512-sp5B8eiFFYG3ykgp1K0z1O0iUCxEaQIfAddipqJIPRl1mZvBKoeKaXgUVSBG+nnaaPP5BGwJ++hrdzapSqMhtw==
- zonos-elements/1.3.233/dist/zonos-elements/p-08e7107d.js: sha512-8mHWdVAqjt5W9QCDhwCims0UwMZ79FZNzVowOzJ9crxd+EXbrdb2qtct2OjE08T7EAaUh7ZL+pQzjgF5eaKQeQ==
- zonos-elements/1.3.233/dist/zonos-elements/p-b4b7f705.min.js: sha512-A6I7cr0iDkyHv2+xlhxfUiM78fuHfz8QtUapG+/Lfv0tjUvbiKeldlDsWzhCKLAutlLDP9hJ8ArZcX+/oA6qnw==
- zonos-elements/1.3.233/dist/zonos-elements/p-c5cb2364.system.entry.min.js: sha512-qeiBvDSTCq5disFGdLb/pL0MMz+D9W8GTAExIYUQqZH8rBSZvDoGS0cL3BT1IaVQfO0gOmvRIfr4YvyFixiZLw==
- zonos-elements/1.3.233/dist/zonos-elements/p-8a23bbf5.min.js: sha512-/dlCgthCyxwmkv8jGgQkNBdZ9r0o2A64KGzOF+EZk7puTTU7GbGd8hcjHQ8nDTjP//iHljENPQOwVorGzaJ/sg==
- zonos-elements/1.3.233/dist/zonos-elements/p-905d2490.entry.min.js: sha512-d+qdJaQ1zDZPDfLFY88uhvRuxwokdaSjBloguokvDv0camSuCBHawOwVdr+wP2CPOQGDAiQTnoQlQvpWW3aJBQ==
- zonos-elements/1.3.233/dist/zonos-elements/p-c9e433c0.system.min.js: sha512-qEv9h9Y8nDpvaySioQF4/5ctRDptvHl1Tw4iOEaLHVqkum7g2oHmm7n+iHO1mox8nNClMJsepiC9110fTqk9iw==
- zonos-elements/1.3.233/dist/zonos-elements/p-fc776473.js: sha512-rtqwsGncer3F3DPMT4RclwLd+J5BXgPqqvAjJfpLa3UrlsWTzhj40Xy47eMi8q1QgMtpXrMlsCeoOeKZQGQDMg==
- zonos-elements/1.3.233/dist/zonos-elements/p-52b87408.system.entry.min.js: sha512-VfxGOwhCPDVoCdX13R6CceGauj5det/sBmMfE+xh42Iat+l5rppL37JQvFQbR93Fu6vgNuBWv8zRpE5NLe6YKw==
- zonos-elements/1.3.233/dist/zonos-elements/p-767a31a8.system.js: sha512-vjCXI1Nd1WZEZfqZFJ8h2wJlR1Hbe/y4UCxBRUW0Cp8cUfHqPH/gPbAiNLkvvAkad7vIJMvjA9l6FnW8K5NGPQ==
- zonos-elements/1.3.233/dist/zonos-elements/p-989d3af9.system.js: sha512-VW/iPiZuMBj6x77WXuddXz6q3XWuyl4J9j9UPmWc4GNJE7Sc7x5m+htu5IFJgoxDakV57+G+lmm5NWAiZvts+w==
- zonos-elements/1.3.233/dist/zonos-elements/p-bc7bf53e.system.js: sha512-9M0cRfNyc/rtUw0NPGYlVOFHmr8ZSSM/vWTW/HI/TyPK1IwIrCkQeRMGQF3P6xCVYLC6lTywL61apwxqwGjx3Q==
- zonos-elements/1.3.233/dist/zonos-elements/p-c7b658cb.entry.js: sha512-pfZr3ZwWXySw9rkIxO8kIvHjO1dicrS0uEfvoywOmQX8fq8Jrvn2yzt+XpYpmYEj2l2QbppYHiv7hkBmTlBGIw==
- zonos-elements/1.3.233/dist/scripts/loadZonos.min.js: sha512-kMKot3S1DXH+APLrSMYiVTt7TV9e3E1kmwdC8sUuI9Va/GKzpvOBtGtdTw++GGBhwxWKGTdlCJj/+aeSDhKTTQ==
- zonos-elements/1.3.233/dist/zonos-elements/p-2770ba48.system.js: sha512-kd6H5FaBik5YDMWAphSycrpIEi+ksoQGyUAzeAB9Y/Yn5ns50ZM8vXw+nn5FEyynDtlXlZJ66r8coNc3s3enEg==
- zonos-elements/1.3.233/dist/zonos-elements/p-b2d81c98.js: sha512-4xfTbUdohsAFwYxm8ruhkSqfstHKzZymupfk7Ink76h10a14rqAnUSwgkF8J11bX+TWXI+/TzrRvLyLN4dHBvA==
- zonos-elements/1.3.233/dist/scripts/zonos.js: sha512-sT5ymvd0DczmXgHAvbdTycQOukOTWS6z0T3OQOB5YoxshQFJFz+uxfhxPedMsALvMJUEbtQNVOCjG87QXmXAKA==
- zonos-elements/1.3.233/dist/zonos-elements/p-767a31a8.system.min.js: sha512-SytDgsqbb8P38s0MkWVhGXBEMY1/A0tAYRKqCPmHQ5KlrEhctT4k8dSO4W1X/AxiO6fvu6X82cSFeRJzlmV63w==
- zonos-elements/1.3.233/dist/zonos-elements/p-a6e74856.entry.js: sha512-YSNM7yAvxtreMU+8+Mr9Gqt2B3204W1dnFKuvc4BO1B1jeoHxIm2HOMMqOTJk64tNtEsXdHJhYdcA3vBOI9yZQ==
- zonos-elements/1.3.233/dist/zonos-elements/p-2b8345d8.system.min.js: sha512-EUcFeYkrJiz8mNygxk6GtLJBsXKlaqXWO/TFpOufMeMrAdtsDaA/ziW02el6mHVQNh5irbH5nTmsH7uzcf+dIw==
- zonos-elements/1.3.233/dist/zonos-elements/p-5883217a.min.js: sha512-HMcB/afxYiVDtGo8eBd1Xla6KxijnfIICHfrxO3hdtmvDJzCkcZ3zbFY6uX8lOicix9rwV9dXHdTIofxK7QR4Q==
- zonos-elements/1.3.233/dist/zonos-elements/p-ae940a99.js: sha512-5S/M6rLj32gfHUDLG8XBWDIgG1tjab6OTyZh4r0ugSi5s0/zhIOxk7RnZpHW1zBg7UOmzmMx2JYAmqIUqmyFRQ==
- zonos-elements/1.3.233/dist/zonos-elements/p-bf9d889f.entry.min.js: sha512-JCpzFDzircz2qo57f6ErBTyM9csVUNJ3RHFQNHpUHXNW9Am4SmflUh1PWmmduN98vrPPSWadj5gnP8iIgc1Bjg==
- zonos-elements/1.3.233/dist/zonos-elements/p-eea0eb57.system.entry.js: sha512-oodByLRA48a2Z32hlAg+8hvxRUxfbXZWV/vfLrRIkpOzQRY0SYxCxDCnRBSJpj0P0E0KCQwAjFjGLRoCBnygtg==
- zonos-elements/1.3.233/dist/zonos-elements/p-2dbcecf4.entry.js: sha512-FLOVXIK/QmJ6dbCtbF7oywnsLqpf+6x4NK4/nqy7qLRvuYt/woktblhRBLPR4FpT0G2bQSlclC3CXHtHswDGuQ==
- zonos-elements/1.3.233/dist/zonos-elements/p-3185968f.entry.min.js: sha512-jgBe0xF7VYlTZg5BH4sTsLoIJlyNrT+Yr/IIpx0IKgjl83SSA54WDZxKvntlW31xIL/cQWtMK+RuRgEyUpNYIw==
- zonos-elements/1.3.233/dist/zonos-elements/p-ab41bab5.min.js: sha512-06pjLSKd3a6FTfXNvjCaADmPo4VyZTJRl+yTSfGcBSv3qNsiDeyUXkkFwKwHIqY5BbcrjmNraegRVWS8AFF+Gw==
- zonos-elements/1.3.233/dist/zonos-elements/p-ae393255.js: sha512-xdX4yKBY9uTg4IdJl5t9ItgCS3v6yJONK+4K1/+8q8J1gZBW4tif5KoZz39tT9dR6tXb9QYi1M/c7x/jAJDKiw==
- zonos-elements/1.3.233/dist/zonos-elements/p-01174496.system.js: sha512-QzsEISkQbkV7c4AerVjbNDdkPoivsbAQKRcz9HT3cEh4cddO690twpGtD5ckUF63isLjyj5elNRiRM2B6PX2vw==
- zonos-elements/1.3.233/dist/zonos-elements/p-03ff7b01.system.entry.js: sha512-Zmf7CdBDmHQlADcXwBCmWqHnnWqBEPT30CjQB6wGACdkDu71b+BG36t5FR/aBV9y+SwX2vPYyMkQlBUbjFipNg==
- zonos-elements/1.3.233/dist/zonos-elements/p-143d706b.entry.js: sha512-XTfHwJxZujJjA6f/S4cIc4hXVmnnV/TDYfEDAdAycPfNCiezO5ncr/8EVnxNgGlfTl/r/vpd6t3bSk6USxXufg==
- zonos-elements/1.3.233/dist/zonos-elements/p-8a23bbf5.js: sha512-tiy/XGuwnB9ZnUm4mYr3/RUBQmoV8tTgNhSPAApzVRTM8r0cG5m8vi+Wltpm/1uhEXUXbXUxXo2sg3IA5qDD+Q==
- zonos-elements/1.3.233/dist/zonos-elements/p-97aceb11.min.js: sha512-s2HrbAwtY+L31v5f7jA6j20zHBrw4Go9PgmVHHTKBBApAqUM/AajavIjNiXPAesxRHTMtYmlbG7Fur0QgKLncA==
- zonos-elements/1.3.233/dist/zonos-elements/p-a25428eb.system.min.js: sha512-PJ7qk+y1kOP9SyP7jx6Omo+fh9ZXdrv1YWY3ix9p0UOOBng3WaGd7igonLuuuqfPxw5zR1nnKYewwIG54qdl4w==
- zonos-elements/1.3.233/dist/zonos-elements/p-e7874318.system.entry.min.js: sha512-uWk92Zlff+HL1r6sZKoz3AOGx7bTVnEqLCOwX49cyC99BAFAtPld+3+L7LWLaJ80rGosHTZbeitthx6XWCeukg==
- zonos-elements/1.3.233/dist/zonos-elements/p-e7b0c156.min.js: sha512-Lsai8Ej/HO/PjFVfY08Qh0BcT+WEdunu8g+6e+CPNs/hwMp7E/KfbLk57aGcW0lZ+VIa0Dv8TtIDAFOtRvhUVw==
- zonos-elements/1.3.233/dist/zonos-elements/index.esm.min.js: sha512-Eck4NiqRaHFvoYMkspgGHtTsnxacvKjann4oGwNUReHSIr/9Qm+RgVmXbLVJDBeZBtlsmVSAp5yc5aH5ybWyeQ==
- zonos-elements/1.3.233/dist/zonos-elements/p-fd3b46ee.entry.min.js: sha512-nLnAxgVP0RWkdgdIb9TN4tyr8Kbaw3Euv1RzPbD8n0BOQZPmG55OrnD5vl3U2bM6o+ZEG4SOEOp7c1cmJpx98Q==
- zonos-elements/1.3.233/dist/zonos-elements/p-1eae4987.entry.js: sha512-t4GuhSbQAL7rMn3g8mhfHySZsG4krOJiAxyHOj2U+72Oog8Qxg7ltC/qIGF7yUa89AtomGrZPRtSOM23fFfgUg==
- zonos-elements/1.3.233/dist/zonos-elements/p-4e41143a.system.entry.min.js: sha512-0rUMjuVfS9KjZz6Tj69vCIThx0DF73K3ojXdmKlL7TMAO3/u5lMiWers37BErXBQrZ3QM1zAtJt0VAJd1sFk1g==
- zonos-elements/1.3.233/dist/zonos-elements/p-595f5dd2.min.js: sha512-6PlJgJi4l9/gIs0aruQoUSduOr49sgvAkVsl973h+SGeU/WjP9hogo+x/wTXYFp531kq/jhpZz0g7XpSKqRJJw==
- zonos-elements/1.3.233/dist/zonos-elements/p-d938f42f.system.min.js: sha512-Qa3BN3yy2ENmBdPWY6JtSi9cqDCl9+tPHFZD5xlyl+FnuQq3aJ2Zexhif2MXS7A7Cqrhr2Qg2vNnqH2c/xnZjw==
- zonos-elements/1.3.233/dist/scripts/zonos.min.js: sha512-Z/XIkUGWAQpn2XI7cOMANxyc+T9KpiUGIxYWHxYWsfmTxVihcCUlsoJKavz2AolBY8W+azYX3qPiZa2CQ6TEVQ==
- zonos-elements/1.3.233/dist/zonos-elements/p-83666056.min.js: sha512-Y38xcEPw701OMDhidg6+On0c515dFBPTUmI5EYMmR7fPSxA0hZvgoduO7GrapigGIYE5UhRMYw3LGkw4CGIk5w==
- zonos-elements/1.3.233/dist/zonos-elements/p-a87561b8.min.js: sha512-JUMmee2kZpoju4BhVKJza+DdpnhCQHVHmJegHaFIR4ojryOCopM1uFHTEQmDsziLBcAd/3VDDNIT+rwuAFLB0Q==
- zonos-elements/1.3.233/dist/zonos-elements/p-e03e1a62.entry.js: sha512-mRTS6jjdnqxOaI2EXkoHkNLrc5NGu/BpxW+dzKLPIQv+h4g1h+lLytrhBzm283wAdMQHACAhpejnKTcVEKOEVw==
- zonos-elements/1.3.233/dist/zonos-elements/p-5f398c28.entry.min.js: sha512-3BAYq3ZnED2fr9WgAcZ/5UoM296p5pTFPXFOc87Lb9W0iYfIl+0FO26MVx4Fx0GtHNRZzN6m8kjxyFWlprCWuQ==
- zonos-elements/1.3.233/dist/zonos-elements/p-c2442878.system.min.js: sha512-pXbtToGoSOvt/h/R14wAjmKYUZKqeObC/pzJzNuJ4Glis+SpsQMo2QZ6BaySKWnA7mNUVEQstORsVH4VzoQbrw==
- zonos-elements/1.3.233/dist/zonos-elements/p-14d7489d.js: sha512-ZSNpd24ArmXpsg5GZGc2nZ82RWTY+ehbfierD19PuGpfADkH8myEv9lhX0Yb3pkFrtWSnfT8P96CS73oQ388ZQ==
- zonos-elements/1.3.233/dist/zonos-elements/p-540cec7e.system.entry.min.js: sha512-4DnW/+COBpwfP6WLQ4fnu5FlYSwGddcYhrRX9bcHvngq3IX/KfgtzWgmN0iVKVx4wIQHslafkYyagwQvCDR3tA==
- zonos-elements/1.3.233/dist/zonos-elements/p-6adfb3af.system.entry.min.js: sha512-e9QdQ05DqaBXj7avLz3n3f97j7ix2mTMW4xKDdPTVCPKa3jLvOTIlV788QmNVYQH6kzQ/pLDDHTTLaydU5kiyw==
- zonos-elements/1.3.233/dist/zonos-elements/p-6b361d2b.js: sha512-iDMzcpJz+NL5owqX+a99tLNZ3d4aM+2zyRbmvoNbKVsyJ2V8tSEVQqzl7jQKbpmR9KD3o0ja4XtU57iAaO3ZSQ==
- zonos-elements/1.3.233/dist/zonos-elements/p-74ca7739.entry.min.js: sha512-DXdmRkPPV76cFYk4838WuPQ07A9lZ8AC2UGCqyvdgstMrXRHYHV64eaPef4T5D51vUnMAfLVa2uqwzuwWZ7AVQ==
- zonos-elements/1.3.233/dist/zonos-elements/p-770852bf.system.entry.min.js: sha512-S6DFB0+AFup3j5X2FM1Txjg6shfhSdEeTS5YlF+d+wgeXL//DUUkHU/c/arTibAGMTSDVDw4jIbrhmJtKIA1rg==
- zonos-elements/1.3.233/dist/zonos-elements/p-82739127.min.js: sha512-tCJeSmSN4iOQbAisfn7yQwpQRqenZ+zTlXpVNjzMd2Z0clxwqtOyWziy+yRZaVyWiBczpNf3Vk/TAJ9G1lJ0Sg==
- zonos-elements/1.3.233/dist/scripts/index.js: sha512-gUx+fDi1xTyvh8rdWbBG0UEKoSFkT3iXMspu3RnAKDNbD98mhq7nZbGQlrRdK5UxfbIeH5AutHpzn3M6onP/QA==
- zonos-elements/1.3.233/dist/zonos-elements/p-cf765af3.system.js: sha512-H6HG7yfX5K0fM8aZWArbDMsrwgkelIeAkOEsIcOEEI2tZgsRmATwhyXszAnC9yyMFURICHNk3fSpoo/l8g5KmQ==
- zonos-elements/1.3.233/dist/zonos-elements/p-c5cb2364.system.entry.js: sha512-AzgZJoO80Y5KSqU6oRN0h6KyvC5Y2TAdStsuTToUKKw6R6s5OAefOdJvyer4VCGLGzXtcH0vrOdmjUo1IJ4nXA==
- zonos-elements/1.3.233/dist/zonos-elements/p-b1fd1ec2.system.entry.js: sha512-5R7ZwMnkJAVb6ofoIkX0ilOLYC6f28Wa+m08TfQPGW5AwFUKJD1DZrWfiz1NaK0+hFC0e0suxbDkI1SMQK5fuw==
- zonos-elements/1.3.233/dist/zonos-elements/p-c2442878.system.js: sha512-C7JMyVstkTMm/DGTn3yBpBoSUDGcY3D3qDbiGviPfDLsdYdZjHKf32PXs/bqd+AAoEygM9wB65L/wKl2UDzD9Q==
- zonos-elements/1.3.233/dist/zonos-elements/p-ea0b5d10.system.js: sha512-9q1VZYfzantaHMn8/qsA8OMBNCA46bJV5GokZWBUPZnp68juaECOfWh1nuHhSweZitVYTt54ZN4yQFx18sxYTg==
- zonos-elements/1.3.233/dist/zonos-elements/p-a2819807.system.entry.js: sha512-qdKlp+60Sl4Y8je8zNkS/jDVieDriI+vq0gGs6P2PzsNNSdAtvOeBXtVdwOWWLi2diXtPKXyt8D2ShvoDfL9Qw==
- zonos-elements/1.3.233/dist/zonos-elements/p-b1fd1ec2.system.entry.min.js: sha512-UMrEVJMUkQhFsqB4xhaB9q3wZVa2fYXHGgcwTOXpGXTI6+EMGVraK5qOZsUofB6jFvy5F/d2ZSBuWODlVqCm3w==
- zonos-elements/1.3.233/dist/zonos-elements/p-c1ecab92.entry.min.js: sha512-nvz0onF9p/6bHypmLoJxPrBkEdhsfKoMfdIK8Hgk9XVubFRqY1PBBywvcgmbMdWSY461LkRlRjnWyPelVhctwQ==
- zonos-elements/1.3.233/dist/zonos-elements/p-d45285aa.system.min.js: sha512-5WgkjqPoGYyo+zFQDZ4tbYzVxIC1JROn4ZW0poY8214IxNvwwDlT4yci4KooPVweT4qJvq8x0txBQluVJ3nilg==
- zonos-elements/1.3.233/dist/zonos-elements/p-9b8750f3.entry.js: sha512-LIGycW9Eg1AEhWWqy7UL8crEVp8uM3+7Atni72FP/iisChgWiP0vIywH8kHdmRcz6lje/F9A0B4nltJm+8Y/DQ==
- zonos-elements/1.3.233/dist/zonos-elements/p-1d5aa016.system.js: sha512-4JviPk8a70JVHb69yOvFxuRAawcTVS2u+g4sLynJrqAeKrta8aly6Z6dAm8moNraKW5S2ODU5wAUoRDOfB+GWA==
- zonos-elements/1.3.233/dist/zonos-elements/p-59ebb8c7.system.entry.js: sha512-otDxVkSJNnO0TB5tH30ROQHv6oGUW6fFw3RgenMpnRPVxuCLRycr8M6yOvevGyKxm1RLcJMTSSGn+kViVvC/4Q==
- zonos-elements/1.3.233/dist/zonos-elements/p-c1ecab92.entry.js: sha512-SBivblP2kEIGcFTX7LExHcZJ/jIyhogQp5Qw0WKHcVlhLBJ55+30A7pPurT6vyY6tsLx/7td8doVynVWMZ5hqQ==
- zonos-elements/1.3.233/dist/zonos-elements/p-d45285aa.system.js: sha512-AvYfaryho+PlZmfcR/xVF7ho6OZBz7A/cMmI4bePi+gyNHg5eATY9q0uDIXhJM3VecPzgGlX5G3PP0TcqDoqvQ==
- zonos-elements/1.3.233/dist/zonos-elements/p-1bfae137.entry.min.js: sha512-UONCsY6ze6qcP2yBaRNAg7SeSRzfBwufCxJ/DQOYRjjvCcqk5qpdjB+kYZuo0ErjocNcNjC2NnrQBFPBpqG/Cg==
- zonos-elements/1.3.233/dist/zonos-elements/p-ab41bab5.js: sha512-+eP6z/F2Qh+P4jD0G9MbsjBB4XkGMKZOmlrLgz1T2WYJCwLFEnjiNl24dVVbYcM5vJEi0v5Z2UUGKlshdSZvLA==
- zonos-elements/1.3.233/dist/zonos-elements/p-eae3462c.entry.js: sha512-ly/Pr04SB59K0kOKJ/sOYFUOCU34taiy56javM2qGZTeMFvJC6kK9sCgyhpRt0cDFIjDZuui1WhDiH/q1ecJ/w==
- zonos-elements/1.3.233/dist/zonos-elements/p-a25428eb.system.js: sha512-7ytVYfenraC+KQZWkXdX8Ei4KdWAeQp75HA8ZCDTn6Ae2H+wVnMLJHp5qu8D15hmyofG0L0ud+DXF5xtWwme4w==
