config: {"authors":[{"name":"meodai@gmail.com"}],"autoupdate":{"source":"npm","target":"color-name-list","fileMap":[{"basePath":"dist","files":["*.@(js|mjs|json|scss)"]}]},"description":"long list of color names","filename":"colornames.umd.js","homepage":"https://github.com/meodai/color-names#readme","keywords":["colors","color","names","naming"],"license":"MIT","name":"color-name-list","repository":{"type":"git","url":"git+https://github.com/meodai/color-names.git"},"author":"meodai@gmail.com"}
KV keys:
- color-name-list/11.12.0/colornames.bestof.esm.js.br
- color-name-list/11.12.0/colornames.bestof.esm.js.gz
- color-name-list/11.12.0/colornames.bestof.esm.min.js.br
- color-name-list/11.12.0/colornames.bestof.esm.min.js.gz
- color-name-list/11.12.0/colornames.bestof.esm.mjs.br
- color-name-list/11.12.0/colornames.bestof.esm.mjs.gz
- color-name-list/11.12.0/colornames.bestof.json.br
- color-name-list/11.12.0/colornames.bestof.json.gz
- color-name-list/11.12.0/colornames.bestof.min.json.br
- color-name-list/11.12.0/colornames.bestof.min.json.gz
- color-name-list/11.12.0/colornames.bestof.scss.br
- color-name-list/11.12.0/colornames.bestof.scss.gz
- color-name-list/11.12.0/colornames.bestof.umd.js.br
- color-name-list/11.12.0/colornames.bestof.umd.js.gz
- color-name-list/11.12.0/colornames.bestof.umd.min.js.br
- color-name-list/11.12.0/colornames.bestof.umd.min.js.gz
- color-name-list/11.12.0/colornames.esm.js.br
- color-name-list/11.12.0/colornames.esm.js.gz
- color-name-list/11.12.0/colornames.esm.min.js.br
- color-name-list/11.12.0/colornames.esm.min.js.gz
- color-name-list/11.12.0/colornames.esm.mjs.br
- color-name-list/11.12.0/colornames.esm.mjs.gz
- color-name-list/11.12.0/colornames.json.br
- color-name-list/11.12.0/colornames.json.gz
- color-name-list/11.12.0/colornames.min.json.br
- color-name-list/11.12.0/colornames.min.json.gz
- color-name-list/11.12.0/colornames.scss.br
- color-name-list/11.12.0/colornames.scss.gz
- color-name-list/11.12.0/colornames.short.esm.js.br
- color-name-list/11.12.0/colornames.short.esm.js.gz
- color-name-list/11.12.0/colornames.short.esm.min.js.br
- color-name-list/11.12.0/colornames.short.esm.min.js.gz
- color-name-list/11.12.0/colornames.short.esm.mjs.br
- color-name-list/11.12.0/colornames.short.esm.mjs.gz
- color-name-list/11.12.0/colornames.short.json.br
- color-name-list/11.12.0/colornames.short.json.gz
- color-name-list/11.12.0/colornames.short.min.json.br
- color-name-list/11.12.0/colornames.short.min.json.gz
- color-name-list/11.12.0/colornames.short.scss.br
- color-name-list/11.12.0/colornames.short.scss.gz
- color-name-list/11.12.0/colornames.short.umd.js.br
- color-name-list/11.12.0/colornames.short.umd.js.gz
- color-name-list/11.12.0/colornames.short.umd.min.js.br
- color-name-list/11.12.0/colornames.short.umd.min.js.gz
- color-name-list/11.12.0/colornames.umd.js.br
- color-name-list/11.12.0/colornames.umd.js.gz
- color-name-list/11.12.0/colornames.umd.min.js.br
- color-name-list/11.12.0/colornames.umd.min.js.gz
- color-name-list/11.12.0/history.json.br
- color-name-list/11.12.0/history.json.gz
SRIs:
- color-name-list/11.12.0/colornames.esm.js: sha512-eHYqz3og2g0um+JdjaqZfQaJb0aY3GVBOwcSVWxI+9mPgw7s6GDuFxfloDcOS52OXziQLwCphNfdEZBxpm6CDw==
- color-name-list/11.12.0/colornames.esm.min.js: sha512-6tMT7cUE5Cw+cB9E4ifwPSkHWL7f+ahI82JVPBHFY8dWiLl5N7oYPW63MmRE3o3TqmB3Sucye++tw/508YcqJQ==
- color-name-list/11.12.0/colornames.short.esm.min.js: sha512-pK75d54jpl/zNOXcvhnJDuIjPzKzEV0OPEp7MM3kur8sfGiSRy8cfsy4Ccy6IzvQfe4njA4ueiofpvIEK7NUlg==
- color-name-list/11.12.0/colornames.short.umd.js: sha512-r0Up3yeU/2MNobblmplCKe5mibyYab7puP9d7pswEQDOko1kTQ+3yhQKErMofSR/51MnugzdwOynblkfCtJuTw==
- color-name-list/11.12.0/colornames.umd.js: sha512-NzTP0W0VQXUcq8gdL2NtlcppL6gplDpvZqPNapve0Ggg4QLFzPaByQxn30SpRL3gvmHN8OZq//XNLfulwfdKUg==
- color-name-list/11.12.0/colornames.umd.min.js: sha512-Z7DR5C63w4BKrxInkEpYzFw9nFQciab2vnJnrJvDHf1rx6qfXgtTrTGwGomVuV3mFvRAAcliTtqK5wZXHvPLOw==
- color-name-list/11.12.0/colornames.bestof.umd.min.js: sha512-IbtxObNrL0IBsZhD34Uc0htdEPSKxdQjhs5FY5vPloJnWLtV+klYVnNU4SvQKaT9Z1/N+NPaCRzksxiqIs9SBA==
- color-name-list/11.12.0/colornames.bestof.esm.min.js: sha512-ssheQHRcpNLqZN24N0PR6xq7JInwhJudMH6Vpd8oYEAmfEN1C+9aqo3LP9PlSj4pF/SagXQGCkOFw0tGIu6PTA==
- color-name-list/11.12.0/colornames.bestof.umd.js: sha512-+161HbwhDBjXqq85xegZJl8+j2zfZgSFudEY7C1YPs4kkOQ7e7Vr9naJDbXUb0cbX4G+d4EaPLk1DKmUfERcJA==
- color-name-list/11.12.0/colornames.short.esm.js: sha512-4zQ0daVYxapyAFkdGF2ZmHC7/Y6naatkroczBlu5p+akDTlSMtjLKSi4Q9chrdeBDzkXgYpTUrNxwRh/k+YU1g==
- color-name-list/11.12.0/colornames.short.umd.min.js: sha512-0NQL7aK3XOUMLuTCheN557YBZHWEsYNVnjF3gTjisgYPPtw6qbdm7HOXTDkpl7XOnqli8GyPphr2ApaHglErHw==
- color-name-list/11.12.0/colornames.bestof.esm.js: sha512-vWu8qrOyXCWtal8q0qTLcEeroa4nWoGWLGph7+TaqwMZvkNaS5AvHqajsby9DRQcOoyPIBab5fydpOwRd/jVqw==
