config: {"authors":[{"name":"Facebook"}],"autoupdate":{"source":"npm","target":"react","fileMap":[{"basePath":"dist","files":["**/*"]},{"basePath":"","files":["+(cjs|umd)/**/*"]}],"ignoreVersions":["*-alpha.*[a-z]*","0.0.0-*"]},"description":"React is a JavaScript library for building user interfaces.","filename":"umd/react.production.min.js","homepage":"https://facebook.github.io/react/","keywords":["react","jsx","transformer","view"],"license":"MIT","name":"react","repository":{"type":"git","url":"https://github.com/facebook/react"},"author":"Facebook"}
KV keys:
- react/19.2.0-canary-c4676e72-20250520/cjs/react-compiler-runtime.development.js.br
- react/19.2.0-canary-c4676e72-20250520/cjs/react-compiler-runtime.development.js.gz
- react/19.2.0-canary-c4676e72-20250520/cjs/react-compiler-runtime.development.min.js.br
- react/19.2.0-canary-c4676e72-20250520/cjs/react-compiler-runtime.development.min.js.gz
- react/19.2.0-canary-c4676e72-20250520/cjs/react-compiler-runtime.production.js.br
- react/19.2.0-canary-c4676e72-20250520/cjs/react-compiler-runtime.production.js.gz
- react/19.2.0-canary-c4676e72-20250520/cjs/react-compiler-runtime.production.min.js.br
- react/19.2.0-canary-c4676e72-20250520/cjs/react-compiler-runtime.production.min.js.gz
- react/19.2.0-canary-c4676e72-20250520/cjs/react-compiler-runtime.profiling.js.br
- react/19.2.0-canary-c4676e72-20250520/cjs/react-compiler-runtime.profiling.js.gz
- react/19.2.0-canary-c4676e72-20250520/cjs/react-compiler-runtime.profiling.min.js.br
- react/19.2.0-canary-c4676e72-20250520/cjs/react-compiler-runtime.profiling.min.js.gz
- react/19.2.0-canary-c4676e72-20250520/cjs/react-jsx-dev-runtime.development.js.br
- react/19.2.0-canary-c4676e72-20250520/cjs/react-jsx-dev-runtime.development.js.gz
- react/19.2.0-canary-c4676e72-20250520/cjs/react-jsx-dev-runtime.development.min.js.br
- react/19.2.0-canary-c4676e72-20250520/cjs/react-jsx-dev-runtime.development.min.js.gz
- react/19.2.0-canary-c4676e72-20250520/cjs/react-jsx-dev-runtime.production.js.br
- react/19.2.0-canary-c4676e72-20250520/cjs/react-jsx-dev-runtime.production.js.gz
- react/19.2.0-canary-c4676e72-20250520/cjs/react-jsx-dev-runtime.production.min.js.br
- react/19.2.0-canary-c4676e72-20250520/cjs/react-jsx-dev-runtime.production.min.js.gz
- react/19.2.0-canary-c4676e72-20250520/cjs/react-jsx-dev-runtime.profiling.js.br
- react/19.2.0-canary-c4676e72-20250520/cjs/react-jsx-dev-runtime.profiling.js.gz
- react/19.2.0-canary-c4676e72-20250520/cjs/react-jsx-dev-runtime.profiling.min.js.br
- react/19.2.0-canary-c4676e72-20250520/cjs/react-jsx-dev-runtime.profiling.min.js.gz
- react/19.2.0-canary-c4676e72-20250520/cjs/react-jsx-dev-runtime.react-server.development.js.br
- react/19.2.0-canary-c4676e72-20250520/cjs/react-jsx-dev-runtime.react-server.development.js.gz
- react/19.2.0-canary-c4676e72-20250520/cjs/react-jsx-dev-runtime.react-server.development.min.js.br
- react/19.2.0-canary-c4676e72-20250520/cjs/react-jsx-dev-runtime.react-server.development.min.js.gz
- react/19.2.0-canary-c4676e72-20250520/cjs/react-jsx-dev-runtime.react-server.production.js.br
- react/19.2.0-canary-c4676e72-20250520/cjs/react-jsx-dev-runtime.react-server.production.js.gz
- react/19.2.0-canary-c4676e72-20250520/cjs/react-jsx-dev-runtime.react-server.production.min.js.br
- react/19.2.0-canary-c4676e72-20250520/cjs/react-jsx-dev-runtime.react-server.production.min.js.gz
- react/19.2.0-canary-c4676e72-20250520/cjs/react-jsx-runtime.development.js.br
- react/19.2.0-canary-c4676e72-20250520/cjs/react-jsx-runtime.development.js.gz
- react/19.2.0-canary-c4676e72-20250520/cjs/react-jsx-runtime.development.min.js.br
- react/19.2.0-canary-c4676e72-20250520/cjs/react-jsx-runtime.development.min.js.gz
- react/19.2.0-canary-c4676e72-20250520/cjs/react-jsx-runtime.production.js.br
- react/19.2.0-canary-c4676e72-20250520/cjs/react-jsx-runtime.production.js.gz
- react/19.2.0-canary-c4676e72-20250520/cjs/react-jsx-runtime.production.min.js.br
- react/19.2.0-canary-c4676e72-20250520/cjs/react-jsx-runtime.production.min.js.gz
- react/19.2.0-canary-c4676e72-20250520/cjs/react-jsx-runtime.profiling.js.br
- react/19.2.0-canary-c4676e72-20250520/cjs/react-jsx-runtime.profiling.js.gz
- react/19.2.0-canary-c4676e72-20250520/cjs/react-jsx-runtime.profiling.min.js.br
- react/19.2.0-canary-c4676e72-20250520/cjs/react-jsx-runtime.profiling.min.js.gz
- react/19.2.0-canary-c4676e72-20250520/cjs/react-jsx-runtime.react-server.development.js.br
- react/19.2.0-canary-c4676e72-20250520/cjs/react-jsx-runtime.react-server.development.js.gz
- react/19.2.0-canary-c4676e72-20250520/cjs/react-jsx-runtime.react-server.development.min.js.br
- react/19.2.0-canary-c4676e72-20250520/cjs/react-jsx-runtime.react-server.development.min.js.gz
- react/19.2.0-canary-c4676e72-20250520/cjs/react-jsx-runtime.react-server.production.js.br
- react/19.2.0-canary-c4676e72-20250520/cjs/react-jsx-runtime.react-server.production.js.gz
- react/19.2.0-canary-c4676e72-20250520/cjs/react-jsx-runtime.react-server.production.min.js.br
- react/19.2.0-canary-c4676e72-20250520/cjs/react-jsx-runtime.react-server.production.min.js.gz
- react/19.2.0-canary-c4676e72-20250520/cjs/react.development.js.br
- react/19.2.0-canary-c4676e72-20250520/cjs/react.development.js.gz
- react/19.2.0-canary-c4676e72-20250520/cjs/react.development.min.js.br
- react/19.2.0-canary-c4676e72-20250520/cjs/react.development.min.js.gz
- react/19.2.0-canary-c4676e72-20250520/cjs/react.production.js.br
- react/19.2.0-canary-c4676e72-20250520/cjs/react.production.js.gz
- react/19.2.0-canary-c4676e72-20250520/cjs/react.production.min.js.br
- react/19.2.0-canary-c4676e72-20250520/cjs/react.production.min.js.gz
- react/19.2.0-canary-c4676e72-20250520/cjs/react.react-server.development.js.br
- react/19.2.0-canary-c4676e72-20250520/cjs/react.react-server.development.js.gz
- react/19.2.0-canary-c4676e72-20250520/cjs/react.react-server.development.min.js.br
- react/19.2.0-canary-c4676e72-20250520/cjs/react.react-server.development.min.js.gz
- react/19.2.0-canary-c4676e72-20250520/cjs/react.react-server.production.js.br
- react/19.2.0-canary-c4676e72-20250520/cjs/react.react-server.production.js.gz
- react/19.2.0-canary-c4676e72-20250520/cjs/react.react-server.production.min.js.br
- react/19.2.0-canary-c4676e72-20250520/cjs/react.react-server.production.min.js.gz
SRIs:
- react/19.2.0-canary-c4676e72-20250520/cjs/react-jsx-dev-runtime.production.min.js: sha512-1+CWmpHVzib1U51ow7t0VVwTvdzOsQmVHO7oge93XKcwesLZjrXLwwXXm8SHHaoD+MLZ3gIsMar1OYoSLyrDkA==
- react/19.2.0-canary-c4676e72-20250520/cjs/react-jsx-dev-runtime.profiling.js: sha512-wswTb3+BsKS1ZxzIjbaQm9XGyh93XpFx7V8GKoCeWiZAe0MXgc4jUXuFhOiRIMl8nwL+uo14wT4CRzP+MwilWA==
- react/19.2.0-canary-c4676e72-20250520/cjs/react-jsx-dev-runtime.react-server.production.min.js: sha512-Prwac5XIV3vjTWb+JnKttIR8+35s1OcYO2qTdYKBaJmR9PIi3fCwNrcCtcM0HRVuGaUnQXBKxv/tAPBIsaJ6ew==
- react/19.2.0-canary-c4676e72-20250520/cjs/react-jsx-runtime.react-server.production.min.js: sha512-Prwac5XIV3vjTWb+JnKttIR8+35s1OcYO2qTdYKBaJmR9PIi3fCwNrcCtcM0HRVuGaUnQXBKxv/tAPBIsaJ6ew==
- react/19.2.0-canary-c4676e72-20250520/cjs/react-compiler-runtime.production.js: sha512-1qFyDdnxRLAq/fvSw4Y1LpBa0Abnf/LYJbI1dGfbA1cokICIqdrZEA85pwNcV5mWA7nzwXZWbVv4jEEPnxRAuA==
- react/19.2.0-canary-c4676e72-20250520/cjs/react-jsx-dev-runtime.profiling.min.js: sha512-1+CWmpHVzib1U51ow7t0VVwTvdzOsQmVHO7oge93XKcwesLZjrXLwwXXm8SHHaoD+MLZ3gIsMar1OYoSLyrDkA==
- react/19.2.0-canary-c4676e72-20250520/cjs/react-jsx-dev-runtime.react-server.development.js: sha512-ROkuVk8GBiLet2L5XWIkRdD8dYkylCSM80P2XdzY+rW1zyEPAC4FYa/eFDWA0tDWM9QoPbVzrI6wey58wbu0tg==
- react/19.2.0-canary-c4676e72-20250520/cjs/react-jsx-runtime.development.js: sha512-Y0rLgUbym4OCpWp4rgGMqwMzOUNLoi3RkDwvwt+Igz8DD6Y3JhcvxRqAzvO/PilFJdrkv9y8MWmiYWfyFuZe2w==
- react/19.2.0-canary-c4676e72-20250520/cjs/react-jsx-runtime.profiling.js: sha512-4sN1qCDF6UVjuGE94A+vtDru60b/2jBsScPiEvp6Qswe9Et0BE+ovennWF5Vr4VjpOQavLeHEYpu5OTT679R1g==
- react/19.2.0-canary-c4676e72-20250520/cjs/react.react-server.production.min.js: sha512-cqEp11/6KZRgQZTRTOi4e65+ypWNda6FRQ+aW/mKKISe4KtPbOhgnquPsllpbgNhDqLX6AfrBH+tDDPRl8ybjQ==
- react/19.2.0-canary-c4676e72-20250520/cjs/react-compiler-runtime.development.min.js: sha512-kMgdtvFvACJsUWthvqr2HdEMJuzXJmluC4RGa1BlNOPMH+Yp5Nz4mjQpu/Jj/NBjl37MCYlIRKUSiBIk3RBkWg==
- react/19.2.0-canary-c4676e72-20250520/cjs/react-compiler-runtime.profiling.js: sha512-NU2t/IKdQZyLtUXijIi97FL3atnJS4TDrcWAmArtnmGEFLUpCD5TPoFY9pBeOXlUKRBntlRTXB4DZfzcehU1jg==
- react/19.2.0-canary-c4676e72-20250520/cjs/react-compiler-runtime.profiling.min.js: sha512-bHAovrThZYaRt2qyN3SoGZOtRY+zzHTHoIyEhMxKj2B3eCSqDV6CyqFpOZdPfuA/poAwKI+G8j4heCVuskKQnQ==
- react/19.2.0-canary-c4676e72-20250520/cjs/react-jsx-dev-runtime.react-server.development.min.js: sha512-YPG5K1CseeCD4LTqOThcE1yIh5+e201XMG4mcdWOZtHDajDIP40PxcFc2zWoJsWGDeKIWYDR4fvSep2oQQuE9g==
- react/19.2.0-canary-c4676e72-20250520/cjs/react-jsx-dev-runtime.react-server.production.js: sha512-XkvkV4S/DfapUv3Dn+w8byPtkolH3MlnfpFdvcQCaJsOJdz17FAZX9EDkuSsO6JFD1NIPidYUY5r+eRxKMMQ0Q==
- react/19.2.0-canary-c4676e72-20250520/cjs/react.development.js: sha512-y2nZI8V05SxUOpBgdzgDeFLFLzDbS0rULt9fVQH3/WgBKNtkzpT3N8BZGu+3YM84xMW6522CIaMKf9w/kOXpZw==
- react/19.2.0-canary-c4676e72-20250520/cjs/react.react-server.production.js: sha512-0UcDlBjxGm2v+uV+9JLyjB2zzHh+/ibHl4LNkz4sfduWxcFkyuYraX4eoZyum0t0JfWGI0eeRkmOqDCWJmKKBA==
- react/19.2.0-canary-c4676e72-20250520/cjs/react-jsx-dev-runtime.development.js: sha512-ZINoZ6VyP471KbkG2x5DjeVBzgT9SnDOMEcVK4L8UI2JLQacuoGwDfz6CZ32AuBRWgkRk0QMi5f3jLbMGqUZWw==
- react/19.2.0-canary-c4676e72-20250520/cjs/react-jsx-dev-runtime.development.min.js: sha512-WKydP+Q0/tSYpKl2WuWt8ysHzLfqOLRYpm5zTnM6gk0J3hTgpeT2WZoh4MF8tweOMvCVKcQWZHbtBCAbNtlaEg==
- react/19.2.0-canary-c4676e72-20250520/cjs/react-jsx-runtime.react-server.production.js: sha512-RlXzYzVeltEebAzVOU4j3D7GpFCnn3i4Tjy4REK7Cf7+kvOWCDNmiyWErUqu9gOBEROYmYfcHW+NEERIEl16rg==
- react/19.2.0-canary-c4676e72-20250520/cjs/react.production.min.js: sha512-z3GjMC+S9a1iJYYW5kos5qv4RDxx0KEV8CBy0cQc/f7MNqntjllwedDqkgXVwQ4eCgr2vbee+RYl4PWAhp6phA==
- react/19.2.0-canary-c4676e72-20250520/cjs/react.react-server.development.min.js: sha512-h3fVCdJNYRDs4BwLRX/S0d3VoD1qRz+VuKwXkLPyc9WGhFkqiE1S3kUzUM2qTpoZvTYdJfonQc/ML/PUNk7ImQ==
- react/19.2.0-canary-c4676e72-20250520/cjs/react-compiler-runtime.production.min.js: sha512-bHAovrThZYaRt2qyN3SoGZOtRY+zzHTHoIyEhMxKj2B3eCSqDV6CyqFpOZdPfuA/poAwKI+G8j4heCVuskKQnQ==
- react/19.2.0-canary-c4676e72-20250520/cjs/react-jsx-runtime.production.js: sha512-hnQ/XwpNoC7l07vfUBvibCmClQ6XzLgueWUtdFz3Rsdoe8+s6/lTKQSqH17FWJjO+vXKJA8QowQtg1RFOoR5wg==
- react/19.2.0-canary-c4676e72-20250520/cjs/react-jsx-runtime.profiling.min.js: sha512-iZzraLNgVEUnq19W7rzBwzmxmZsmlG7b2wXN9V1RoR/pgLhlxLtVZJ12cuZjV+fNsQCDscIxkeRolKnoqCugpA==
- react/19.2.0-canary-c4676e72-20250520/cjs/react.react-server.development.js: sha512-HVUayLo+TYrEQf3YmZ5WvOl8pn86vcQ2ix30/dmj/MHn6na7Lt1kf1c36Dzw3LdquxyIFWYBHu0VBcTuT4kB2A==
- react/19.2.0-canary-c4676e72-20250520/cjs/react-compiler-runtime.development.js: sha512-/C8YYhdxDlZozW8TPt+CZJjWPn0dUVbl1EQBTOHPta1yf/fA4uAwtVQtZdDGwfHpnDaFgkGJZLMMK+o3yNqLTw==
- react/19.2.0-canary-c4676e72-20250520/cjs/react-jsx-dev-runtime.production.js: sha512-OLvq9bwXw+ggYvbjaVGFlp0ScQl6q71quraZEUnCB0dicA6eXeSgPcTTZeQYrw5oJ2TgvdOpXXoQeKEiM99aYA==
- react/19.2.0-canary-c4676e72-20250520/cjs/react-jsx-runtime.react-server.development.min.js: sha512-YPG5K1CseeCD4LTqOThcE1yIh5+e201XMG4mcdWOZtHDajDIP40PxcFc2zWoJsWGDeKIWYDR4fvSep2oQQuE9g==
- react/19.2.0-canary-c4676e72-20250520/cjs/react-jsx-runtime.development.min.js: sha512-hYwZnxy7GzO3v65q9tKIEXgFZ539TBCvYIKdNoeoXBTjSt6zEuloH96Z1ecHPrAx2fHv81YEYGH4FfFeAhBoHg==
- react/19.2.0-canary-c4676e72-20250520/cjs/react-jsx-runtime.production.min.js: sha512-iZzraLNgVEUnq19W7rzBwzmxmZsmlG7b2wXN9V1RoR/pgLhlxLtVZJ12cuZjV+fNsQCDscIxkeRolKnoqCugpA==
- react/19.2.0-canary-c4676e72-20250520/cjs/react-jsx-runtime.react-server.development.js: sha512-v+5JIFTUpo1G0VKiZwMtkSt4445okcfXvONoY+UNnAFkg9vt5UWm9FQmthd6lmkBZCYBNdSP520GgoFBSsLoLg==
- react/19.2.0-canary-c4676e72-20250520/cjs/react.development.min.js: sha512-w694Pbtwrr0VarTfgNLrvgqdY+yOCXoSZ4Y4DukJ9ux7bJKpJWQeWmkWfoj2VVaykoqWg30e5JGveGFj7yrtxQ==
- react/19.2.0-canary-c4676e72-20250520/cjs/react.production.js: sha512-HaeJAv3n/U/G0MD5sTik0UGv0wdnyyDl22fGBrI7+Tey5OYVaJFgdCCcO0ePSTmnH1CWHBhuQXq85dJFuv10vQ==
