config: {"authors":[{"name":"NAVER Corp."}],"autoupdate":{"source":"npm","target":"billboard.js","fileMap":[{"basePath":"dist","files":["**/*"]}]},"description":"Re-usable easy interface JavaScript chart library, based on D3 v4+","filename":"billboard.min.js","homepage":"https://naver.github.io/billboard.js/","keywords":["d3","chart","graph","svg"],"license":"MIT","name":"billboard.js","repository":{"type":"git","url":"https://github.com/naver/billboard.js"},"author":"NAVER Corp."}
KV keys:
- billboard.js/3.14.3/billboard.css.br
- billboard.js/3.14.3/billboard.css.gz
- billboard.js/3.14.3/billboard.js.br
- billboard.js/3.14.3/billboard.js.gz
- billboard.js/3.14.3/billboard.min.css.br
- billboard.js/3.14.3/billboard.min.css.gz
- billboard.js/3.14.3/billboard.min.js.br
- billboard.js/3.14.3/billboard.min.js.gz
- billboard.js/3.14.3/billboard.pkgd.js.br
- billboard.js/3.14.3/billboard.pkgd.js.gz
- billboard.js/3.14.3/billboard.pkgd.min.js.br
- billboard.js/3.14.3/billboard.pkgd.min.js.gz
- billboard.js/3.14.3/package.json.br
- billboard.js/3.14.3/package.json.gz
- billboard.js/3.14.3/plugin/billboardjs-plugin-bubblecompare.d.ts.br
- billboard.js/3.14.3/plugin/billboardjs-plugin-bubblecompare.d.ts.gz
- billboard.js/3.14.3/plugin/billboardjs-plugin-bubblecompare.js.br
- billboard.js/3.14.3/plugin/billboardjs-plugin-bubblecompare.js.gz
- billboard.js/3.14.3/plugin/billboardjs-plugin-bubblecompare.min.js.br
- billboard.js/3.14.3/plugin/billboardjs-plugin-bubblecompare.min.js.gz
- billboard.js/3.14.3/plugin/billboardjs-plugin-sparkline.d.ts.br
- billboard.js/3.14.3/plugin/billboardjs-plugin-sparkline.d.ts.gz
- billboard.js/3.14.3/plugin/billboardjs-plugin-sparkline.js.br
- billboard.js/3.14.3/plugin/billboardjs-plugin-sparkline.js.gz
- billboard.js/3.14.3/plugin/billboardjs-plugin-sparkline.min.js.br
- billboard.js/3.14.3/plugin/billboardjs-plugin-sparkline.min.js.gz
- billboard.js/3.14.3/plugin/billboardjs-plugin-stanford.d.ts.br
- billboard.js/3.14.3/plugin/billboardjs-plugin-stanford.d.ts.gz
- billboard.js/3.14.3/plugin/billboardjs-plugin-stanford.js.br
- billboard.js/3.14.3/plugin/billboardjs-plugin-stanford.js.gz
- billboard.js/3.14.3/plugin/billboardjs-plugin-stanford.min.js.br
- billboard.js/3.14.3/plugin/billboardjs-plugin-stanford.min.js.gz
- billboard.js/3.14.3/plugin/billboardjs-plugin-tableview.d.ts.br
- billboard.js/3.14.3/plugin/billboardjs-plugin-tableview.d.ts.gz
- billboard.js/3.14.3/plugin/billboardjs-plugin-tableview.js.br
- billboard.js/3.14.3/plugin/billboardjs-plugin-tableview.js.gz
- billboard.js/3.14.3/plugin/billboardjs-plugin-tableview.min.js.br
- billboard.js/3.14.3/plugin/billboardjs-plugin-tableview.min.js.gz
- billboard.js/3.14.3/plugin/billboardjs-plugin-textoverlap.d.ts.br
- billboard.js/3.14.3/plugin/billboardjs-plugin-textoverlap.d.ts.gz
- billboard.js/3.14.3/plugin/billboardjs-plugin-textoverlap.js.br
- billboard.js/3.14.3/plugin/billboardjs-plugin-textoverlap.js.gz
- billboard.js/3.14.3/plugin/billboardjs-plugin-textoverlap.min.js.br
- billboard.js/3.14.3/plugin/billboardjs-plugin-textoverlap.min.js.gz
- billboard.js/3.14.3/plugin/pkgd/billboardjs-plugin-bubblecompare.pkgd.js.br
- billboard.js/3.14.3/plugin/pkgd/billboardjs-plugin-bubblecompare.pkgd.js.gz
- billboard.js/3.14.3/plugin/pkgd/billboardjs-plugin-bubblecompare.pkgd.min.js.br
- billboard.js/3.14.3/plugin/pkgd/billboardjs-plugin-bubblecompare.pkgd.min.js.gz
- billboard.js/3.14.3/plugin/pkgd/billboardjs-plugin-sparkline.pkgd.js.br
- billboard.js/3.14.3/plugin/pkgd/billboardjs-plugin-sparkline.pkgd.js.gz
- billboard.js/3.14.3/plugin/pkgd/billboardjs-plugin-sparkline.pkgd.min.js.br
- billboard.js/3.14.3/plugin/pkgd/billboardjs-plugin-sparkline.pkgd.min.js.gz
- billboard.js/3.14.3/plugin/pkgd/billboardjs-plugin-stanford.pkgd.js.br
- billboard.js/3.14.3/plugin/pkgd/billboardjs-plugin-stanford.pkgd.js.gz
- billboard.js/3.14.3/plugin/pkgd/billboardjs-plugin-stanford.pkgd.min.js.br
- billboard.js/3.14.3/plugin/pkgd/billboardjs-plugin-stanford.pkgd.min.js.gz
- billboard.js/3.14.3/plugin/pkgd/billboardjs-plugin-tableview.pkgd.js.br
- billboard.js/3.14.3/plugin/pkgd/billboardjs-plugin-tableview.pkgd.js.gz
- billboard.js/3.14.3/plugin/pkgd/billboardjs-plugin-tableview.pkgd.min.js.br
- billboard.js/3.14.3/plugin/pkgd/billboardjs-plugin-tableview.pkgd.min.js.gz
- billboard.js/3.14.3/plugin/pkgd/billboardjs-plugin-textoverlap.pkgd.js.br
- billboard.js/3.14.3/plugin/pkgd/billboardjs-plugin-textoverlap.pkgd.js.gz
- billboard.js/3.14.3/plugin/pkgd/billboardjs-plugin-textoverlap.pkgd.min.js.br
- billboard.js/3.14.3/plugin/pkgd/billboardjs-plugin-textoverlap.pkgd.min.js.gz
- billboard.js/3.14.3/theme/dark.css.br
- billboard.js/3.14.3/theme/dark.css.gz
- billboard.js/3.14.3/theme/dark.min.css.br
- billboard.js/3.14.3/theme/dark.min.css.gz
- billboard.js/3.14.3/theme/datalab.css.br
- billboard.js/3.14.3/theme/datalab.css.gz
- billboard.js/3.14.3/theme/datalab.min.css.br
- billboard.js/3.14.3/theme/datalab.min.css.gz
- billboard.js/3.14.3/theme/graph.css.br
- billboard.js/3.14.3/theme/graph.css.gz
- billboard.js/3.14.3/theme/graph.min.css.br
- billboard.js/3.14.3/theme/graph.min.css.gz
- billboard.js/3.14.3/theme/insight.css.br
- billboard.js/3.14.3/theme/insight.css.gz
- billboard.js/3.14.3/theme/insight.min.css.br
- billboard.js/3.14.3/theme/insight.min.css.gz
- billboard.js/3.14.3/theme/modern.css.br
- billboard.js/3.14.3/theme/modern.css.gz
- billboard.js/3.14.3/theme/modern.min.css.br
- billboard.js/3.14.3/theme/modern.min.css.gz
SRIs:
- billboard.js/3.14.3/plugin/billboardjs-plugin-stanford.min.js: sha512-W64Qpl88KnWJdrguwVewyIB9RI3hq+dMtiQKuGlVIjOzfG2nVHweur9PT7AOBTspBtqKQCueIvLCiId/5QENsA==
- billboard.js/3.14.3/plugin/billboardjs-plugin-tableview.js: sha512-F3rh01cP5q9UrW85cWtqQT4AxmHThg3nFvR1l5Ah0PRyU8XjyWwbeu+Jf2cOII0i+VCXMtuzrMmvxXvr6igqzA==
- billboard.js/3.14.3/plugin/pkgd/billboardjs-plugin-sparkline.pkgd.min.js: sha512-z5c9zHqnnjcbaIv8oEw3SvhphqqLxa7pdcR3Jpdbl7W7uY7varW3AU702p+KlwLVL9b8FYWiWEg1mfKRpdcJIQ==
- billboard.js/3.14.3/plugin/billboardjs-plugin-bubblecompare.min.js: sha512-f22P8nKrnSFgXJ8YlomFBy1BTBwegmHpzqnTEwZFZ5g516T7FHkAnsSHDOcfjcTFCwbwNVAHRyuygcdGY95iTA==
- billboard.js/3.14.3/plugin/pkgd/billboardjs-plugin-stanford.pkgd.js: sha512-zaw6sv4Qn1LujnrusNmshLbd3novPwG+1YfgsTew6RbTji7QhYf74O9pVoGr5rxSuM4riDnr7tLhkURGVliEgA==
- billboard.js/3.14.3/theme/datalab.min.css: sha512-yTe+QXyIIcBvnAbsrbfzNfJ0K2sL8ehnQia2IWK9+04HVsXsvtqv4R1PoAYNP6r1cRUKUgko+if8w1K9wEUvew==
- billboard.js/3.14.3/plugin/billboardjs-plugin-stanford.js: sha512-8caYrK0xMww1ayBDkiMauTwN1QNZ19lZerj5kr1Wkg7tzvEEEb7eUu/dv4fsk9eWGLhJ5pfo6aY99pAIi9s7GQ==
- billboard.js/3.14.3/plugin/pkgd/billboardjs-plugin-tableview.pkgd.min.js: sha512-ana03ELBrIOFM0TVjh4nTByUg34Erq1kfIbFW8dqkjzKez9eniMbe/wJamlx+ipNEvc2OP2D0mvjbTrkLv2JAg==
- billboard.js/3.14.3/theme/insight.css: sha512-H3Ulo0MVOKCgRNJM6vpRofmtCwbEEnI+oNaNuQMNVNBDtK8sQa7o4zuunP8SaIRyPIOWt74df/8xdsLtbS3mSA==
- billboard.js/3.14.3/billboard.css: sha512-hsgLY2P49xChODDp48cZ+sZX4rFNDlrlg1ldQIJSerPanHNUMGrq09bUKOV96RwmULZbkA2Ccw4DTA4FgXvYNw==
- billboard.js/3.14.3/theme/graph.css: sha512-IZJP3JtlFRROLWKeVDcFOjYH+onFUGfZ9kmftHMbmU0ZQu50B8QhSRxxp5B1njnnRJia0RII+eOyR95yjrIgYw==
- billboard.js/3.14.3/theme/graph.min.css: sha512-lPTS88E1OOSdBfNwQxQ3UllZ+ynp/xGqZoeWVQxfebIydJWIlP1KPbBmHIHPuwo3Xh8aXVR/4TRvhYzPPc6uxQ==
- billboard.js/3.14.3/theme/insight.min.css: sha512-ctj8D23M3QtnKZkkYyUSa4Apo5pvNxwQoJz0Hm4gCPKr0zSCg7LI31LYST2jibW7mSo2Y/+pGD13Zz2yDMu3hA==
- billboard.js/3.14.3/billboard.js: sha512-fuqpYgwN3jZ3YnbMLxu5jn15il2rD7m7JralIEmPD06E1ln7I+QCgmqoSA0j3eD3SkOXOqJIG6Q51f1Fi8LTPQ==
- billboard.js/3.14.3/plugin/billboardjs-plugin-sparkline.min.js: sha512-Eq1TYEUdvnGvgqhlL1nnGQxMZT/ATmyPFGKFYaW17sEWXvcDs4M7duiDF7Y0hmmT7JQkGmsosjZWMNPppjvxew==
- billboard.js/3.14.3/plugin/billboardjs-plugin-textoverlap.js: sha512-I2BW3Q345HC3CQmh4o+LXHNYn336RZ7YEkcAamzrfK0UJi9cfz8GsusbY7y+gdx994Zyt2Gbg+NsUYqfFmpHQw==
- billboard.js/3.14.3/plugin/billboardjs-plugin-textoverlap.min.js: sha512-XqozW47GBxBV49KQLEE9WGPHhMIUy2330qfZWMkeXdxDrKkVMEo5SjyNRw3mcOd+YTJFG9zIoDMu5XfdjDctuQ==
- billboard.js/3.14.3/plugin/pkgd/billboardjs-plugin-tableview.pkgd.js: sha512-2E37xuiH7G7u3EYdq03WPYRLNxNn/eSwZM2k6IztYzVhcsLFCurbBSUrO2QqgB03Y7xJQd/pQp6sl+g/9zIudw==
- billboard.js/3.14.3/theme/dark.min.css: sha512-PkIPPajg9wvAWRr1iFXeXTz36Jza/ASufvEIATKnrJV0kF4btR+3Lp0LrnYfClUfQ1YQGEZMrBj3mCzAy5i6Zw==
- billboard.js/3.14.3/plugin/billboardjs-plugin-tableview.min.js: sha512-pn4JBfbzoJ8R6xHSN1Bf050bC8BwRPa8PmhfBnUvd5iDRT3V/s1TZSJFUUjF54vQNE1ddmbMx81kxVmfe6hycg==
- billboard.js/3.14.3/plugin/pkgd/billboardjs-plugin-bubblecompare.pkgd.min.js: sha512-Qf60YhK7JKpaGrTBm+66r+wXNbxyQfuW1QxaPtAHaXmyL3nlfROGFFGanh1e9yxiehL1f2Rg7ovUjKXchfCQbQ==
- billboard.js/3.14.3/plugin/pkgd/billboardjs-plugin-stanford.pkgd.min.js: sha512-u8lXN2PXfTUOSOyx40RkbtfBEVLQ86VbAQ173VcaKo2C/uolymRtf26p5TEBsTFk0GH+UQjsFPO8DQC6tJyLnA==
- billboard.js/3.14.3/plugin/billboardjs-plugin-bubblecompare.js: sha512-EQZ6commgjPA83ezwNIyqspnfBb7yhkkL7eBt8XGHQOdneE/OQX+qDP0Bci0UFXHIQCpgkwghoZNc3DoNmgGJA==
- billboard.js/3.14.3/plugin/billboardjs-plugin-sparkline.js: sha512-P/bLO7IS68qchWgZk2f/kWAWyMsdZuzzGQEF33WT8DWwTbaWpoo9Fwz54k9skEHkRpdHCd5DLntyNDiu5N8hVQ==
- billboard.js/3.14.3/plugin/pkgd/billboardjs-plugin-sparkline.pkgd.js: sha512-LGAWrSUWxSWiNG6Fa2hBmokYWSdb1f0OabLPpHXcXkiOKPi4Mg1XHfjre7PWpKBOjrtqqePD0rgT/0ppkZtLvw==
- billboard.js/3.14.3/plugin/pkgd/billboardjs-plugin-textoverlap.pkgd.js: sha512-kE/fs+4R0BtYlo0mtH7AJHWUsPyEs9zqg13SD76PgQNcJOJeNZxbm/DuGN6YsDrSRzn2EOwkLya3WEo2wA6A/Q==
- billboard.js/3.14.3/theme/datalab.css: sha512-ZyMUILJ6Td9zsx49ffvcfre7onpG8M4YN3pzeV5rtLZzXj+188UMs+3UzInPbYa4JlycN/WiIgxkfinjKh+9Jw==
- billboard.js/3.14.3/theme/dark.css: sha512-cWLNa0DFcCj/ztla2xD4Kb1HZPfIT/pagnxrSbCVQn7Srj7oytprzTUVFgl/xB2J9kgn/z7/+ClpepG7tQJAyQ==
- billboard.js/3.14.3/theme/modern.css: sha512-PwZooulxJYps6ZFUeagB3P/qWOuMMQrI5iQNNEhhtpuKe2snIBI93a6TcjKlzUpko+W4LLHeQYnlhahAjQ4FTQ==
- billboard.js/3.14.3/billboard.min.css: sha512-+iioEOUqup3ddDw5CE3m87DWYtXSJrYphQzP5sYHdJCcvMULwEelaPgWBV4TFu+XQmL9ZEhfPUvgFWgbQ0hocQ==
- billboard.js/3.14.3/billboard.min.js: sha512-xM26fmR2IozMkGheDIWdWNI+JcLmTrs+tmHBAD6tbbV3nODZumfpxLis5Jpe8xzLcRmlGQeI/Lj2NmIwx5yl+Q==
- billboard.js/3.14.3/billboard.pkgd.js: sha512-6Qqt1oAgmj2VVyHluQeAgW+uWNDQi65ufM/P9/QTvxxy6QvI8y1744GiqCBL7KLxKu6d2xGM3QU/0mo2+74DJA==
- billboard.js/3.14.3/billboard.pkgd.min.js: sha512-1VwrVSqZ+HSX8ZyO3Z+vKTlMM9BiUXbSnQL2JAnLdGL2DVoG+XJTXJEvtZGMt37ymAsP/DZXQStBRIep81mSQA==
- billboard.js/3.14.3/plugin/pkgd/billboardjs-plugin-bubblecompare.pkgd.js: sha512-Emyc3fydl47hFqSVjDhIWI5N05PyHzsS50XBBfdGJbH2T7CTWrSrDSm1fPXokykl/Cjxc2EtTPxgUvHPwv8frA==
- billboard.js/3.14.3/plugin/pkgd/billboardjs-plugin-textoverlap.pkgd.min.js: sha512-VGgEe1nOWBxGA+kJ+9qX0hItMgGKca9VIUKTG/L2+ZbLXxPIdNQjDncFaVaA7xeswoHzCXWASeNyR27B6ioBwg==
- billboard.js/3.14.3/theme/modern.min.css: sha512-FR87tZAf94MoCjPLN6z3fAyjJJsIBUuk8+yOk7RN0puAw7saQvJnuFHZg3osXNHwyHnRrIKr9Fb1i4nSw67eLg==
