Files:
- ruffle-rs/0.2.0-nightly.2025.8.22/0150ba64f7e03a37abf8.wasm.br
- ruffle-rs/0.2.0-nightly.2025.8.22/0150ba64f7e03a37abf8.wasm.gz
- ruffle-rs/0.2.0-nightly.2025.8.22/8f9c25de27f4c7dd320c.wasm.br
- ruffle-rs/0.2.0-nightly.2025.8.22/8f9c25de27f4c7dd320c.wasm.gz
- ruffle-rs/0.2.0-nightly.2025.8.22/core.ruffle.01ae5ec802f25adb4e4a.js.br
- ruffle-rs/0.2.0-nightly.2025.8.22/core.ruffle.01ae5ec802f25adb4e4a.js.gz
- ruffle-rs/0.2.0-nightly.2025.8.22/core.ruffle.01ae5ec802f25adb4e4a.js.sri
- ruffle-rs/0.2.0-nightly.2025.8.22/core.ruffle.01ae5ec802f25adb4e4a.min.js.br
- ruffle-rs/0.2.0-nightly.2025.8.22/core.ruffle.01ae5ec802f25adb4e4a.min.js.gz
- ruffle-rs/0.2.0-nightly.2025.8.22/core.ruffle.01ae5ec802f25adb4e4a.min.js.sri
- ruffle-rs/0.2.0-nightly.2025.8.22/core.ruffle.26b767cb34bd4a0bcba7.js.br
- ruffle-rs/0.2.0-nightly.2025.8.22/core.ruffle.26b767cb34bd4a0bcba7.js.gz
- ruffle-rs/0.2.0-nightly.2025.8.22/core.ruffle.26b767cb34bd4a0bcba7.js.sri
- ruffle-rs/0.2.0-nightly.2025.8.22/core.ruffle.26b767cb34bd4a0bcba7.min.js.br
- ruffle-rs/0.2.0-nightly.2025.8.22/core.ruffle.26b767cb34bd4a0bcba7.min.js.gz
- ruffle-rs/0.2.0-nightly.2025.8.22/core.ruffle.26b767cb34bd4a0bcba7.min.js.sri
- ruffle-rs/0.2.0-nightly.2025.8.22/ruffle.js.br
- ruffle-rs/0.2.0-nightly.2025.8.22/ruffle.js.gz
- ruffle-rs/0.2.0-nightly.2025.8.22/ruffle.js.sri
- ruffle-rs/0.2.0-nightly.2025.8.22/ruffle.min.js.br
- ruffle-rs/0.2.0-nightly.2025.8.22/ruffle.min.js.gz
- ruffle-rs/0.2.0-nightly.2025.8.22/ruffle.min.js.sri
