- tiny-slider/2.9.4/min/tiny-slider.helper.ie8.js.br
- tiny-slider/2.9.4/min/tiny-slider.helper.ie8.js.gz
- tiny-slider/2.9.4/min/tiny-slider.helper.ie8.min.js.br
- tiny-slider/2.9.4/min/tiny-slider.helper.ie8.min.js.gz
- tiny-slider/2.9.4/min/tiny-slider.js.br
- tiny-slider/2.9.4/min/tiny-slider.js.gz
- tiny-slider/2.9.4/min/tiny-slider.min.js.br
- tiny-slider/2.9.4/min/tiny-slider.min.js.gz
- tiny-slider/2.9.4/sourcemaps/tiny-slider.css.map.br
- tiny-slider/2.9.4/sourcemaps/tiny-slider.css.map.gz
- tiny-slider/2.9.4/sourcemaps/tiny-slider.helper.ie8.js.map.br
- tiny-slider/2.9.4/sourcemaps/tiny-slider.helper.ie8.js.map.gz
- tiny-slider/2.9.4/sourcemaps/tiny-slider.js.map.br
- tiny-slider/2.9.4/sourcemaps/tiny-slider.js.map.gz
- tiny-slider/2.9.4/tiny-slider.css.br
- tiny-slider/2.9.4/tiny-slider.css.gz
- tiny-slider/2.9.4/tiny-slider.helper.ie8.js.br
- tiny-slider/2.9.4/tiny-slider.helper.ie8.js.gz
- tiny-slider/2.9.4/tiny-slider.helper.ie8.min.js.br
- tiny-slider/2.9.4/tiny-slider.helper.ie8.min.js.gz
- tiny-slider/2.9.4/tiny-slider.js.br
- tiny-slider/2.9.4/tiny-slider.js.gz
- tiny-slider/2.9.4/tiny-slider.min.css.br
- tiny-slider/2.9.4/tiny-slider.min.css.gz
- tiny-slider/2.9.4/tiny-slider.min.js.br
- tiny-slider/2.9.4/tiny-slider.min.js.gz