config: {"autoupdate":{"source":"npm","target":"pdfjs-dist","fileMap":[{"basePath":"build","files":["**/*"]},{"basePath":"web","files":["**/*"]}]},"description":"PDF Reader in JavaScript","filename":"pdf.min.js","keywords":["PDF","reader","Js"],"license":"Apache-2.0","name":"pdf.js","repository":{"type":"git","url":"git://github.com/mozilla/pdf.js.git"}}
KV keys:
- pdf.js/4.10.38/images/altText_add.svg.br
- pdf.js/4.10.38/images/altText_add.svg.gz
- pdf.js/4.10.38/images/altText_disclaimer.svg.br
- pdf.js/4.10.38/images/altText_disclaimer.svg.gz
- pdf.js/4.10.38/images/altText_done.svg.br
- pdf.js/4.10.38/images/altText_done.svg.gz
- pdf.js/4.10.38/images/altText_spinner.svg.br
- pdf.js/4.10.38/images/altText_spinner.svg.gz
- pdf.js/4.10.38/images/altText_warning.svg.br
- pdf.js/4.10.38/images/altText_warning.svg.gz
- pdf.js/4.10.38/images/annotation-check.svg.br
- pdf.js/4.10.38/images/annotation-check.svg.gz
- pdf.js/4.10.38/images/annotation-comment.svg.br
- pdf.js/4.10.38/images/annotation-comment.svg.gz
- pdf.js/4.10.38/images/annotation-help.svg.br
- pdf.js/4.10.38/images/annotation-help.svg.gz
- pdf.js/4.10.38/images/annotation-insert.svg.br
- pdf.js/4.10.38/images/annotation-insert.svg.gz
- pdf.js/4.10.38/images/annotation-key.svg.br
- pdf.js/4.10.38/images/annotation-key.svg.gz
- pdf.js/4.10.38/images/annotation-newparagraph.svg.br
- pdf.js/4.10.38/images/annotation-newparagraph.svg.gz
- pdf.js/4.10.38/images/annotation-noicon.svg.br
- pdf.js/4.10.38/images/annotation-noicon.svg.gz
- pdf.js/4.10.38/images/annotation-note.svg.br
- pdf.js/4.10.38/images/annotation-note.svg.gz
- pdf.js/4.10.38/images/annotation-paperclip.svg.br
- pdf.js/4.10.38/images/annotation-paperclip.svg.gz
- pdf.js/4.10.38/images/annotation-paragraph.svg.br
- pdf.js/4.10.38/images/annotation-paragraph.svg.gz
- pdf.js/4.10.38/images/annotation-pushpin.svg.br
- pdf.js/4.10.38/images/annotation-pushpin.svg.gz
- pdf.js/4.10.38/images/cursor-editorFreeHighlight.svg.br
- pdf.js/4.10.38/images/cursor-editorFreeHighlight.svg.gz
- pdf.js/4.10.38/images/cursor-editorFreeText.svg.br
- pdf.js/4.10.38/images/cursor-editorFreeText.svg.gz
- pdf.js/4.10.38/images/cursor-editorInk.svg.br
- pdf.js/4.10.38/images/cursor-editorInk.svg.gz
- pdf.js/4.10.38/images/cursor-editorTextHighlight.svg.br
- pdf.js/4.10.38/images/cursor-editorTextHighlight.svg.gz
- pdf.js/4.10.38/images/editor-toolbar-delete.svg.br
- pdf.js/4.10.38/images/editor-toolbar-delete.svg.gz
- pdf.js/4.10.38/images/loading-icon.gif.br
- pdf.js/4.10.38/images/loading-icon.gif.gz
- pdf.js/4.10.38/images/messageBar_closingButton.svg.br
- pdf.js/4.10.38/images/messageBar_closingButton.svg.gz
- pdf.js/4.10.38/images/messageBar_warning.svg.br
- pdf.js/4.10.38/images/messageBar_warning.svg.gz
- pdf.js/4.10.38/images/secondaryToolbarButton-documentProperties.svg.br
- pdf.js/4.10.38/images/secondaryToolbarButton-documentProperties.svg.gz
- pdf.js/4.10.38/images/toolbarButton-editorHighlight.svg.br
- pdf.js/4.10.38/images/toolbarButton-editorHighlight.svg.gz
- pdf.js/4.10.38/images/toolbarButton-menuArrow.svg.br
- pdf.js/4.10.38/images/toolbarButton-menuArrow.svg.gz
- pdf.js/4.10.38/pdf.min.mjs.br
- pdf.js/4.10.38/pdf.min.mjs.gz
- pdf.js/4.10.38/pdf.mjs.br
- pdf.js/4.10.38/pdf.mjs.gz
- pdf.js/4.10.38/pdf.mjs.map.br
- pdf.js/4.10.38/pdf.mjs.map.gz
- pdf.js/4.10.38/pdf.sandbox.min.mjs.br
- pdf.js/4.10.38/pdf.sandbox.min.mjs.gz
- pdf.js/4.10.38/pdf.sandbox.mjs.br
- pdf.js/4.10.38/pdf.sandbox.mjs.gz
- pdf.js/4.10.38/pdf.sandbox.mjs.map.br
- pdf.js/4.10.38/pdf.sandbox.mjs.map.gz
- pdf.js/4.10.38/pdf.worker.min.mjs.br
- pdf.js/4.10.38/pdf.worker.min.mjs.gz
- pdf.js/4.10.38/pdf.worker.mjs.br
- pdf.js/4.10.38/pdf.worker.mjs.gz
- pdf.js/4.10.38/pdf.worker.mjs.map.br
- pdf.js/4.10.38/pdf.worker.mjs.map.gz
- pdf.js/4.10.38/pdf_viewer.css.br
- pdf.js/4.10.38/pdf_viewer.css.gz
- pdf.js/4.10.38/pdf_viewer.d.mts.br
- pdf.js/4.10.38/pdf_viewer.d.mts.gz
- pdf.js/4.10.38/pdf_viewer.min.css.br
- pdf.js/4.10.38/pdf_viewer.min.css.gz
- pdf.js/4.10.38/pdf_viewer.mjs.br
- pdf.js/4.10.38/pdf_viewer.mjs.gz
- pdf.js/4.10.38/pdf_viewer.mjs.map.br
- pdf.js/4.10.38/pdf_viewer.mjs.map.gz
SRIs:
- pdf.js/4.10.38/pdf_viewer.css: sha512-ugPyk5JbAJAcxXi7D7DJHXqaysFMoHwhsQ75OO8jLSg0X+fQcZsxNOnDzDIWCwYkLF7HLxPSL5k0ePacCdCLJQ==
- pdf.js/4.10.38/pdf_viewer.min.css: sha512-3RmdRrL3AYc82NkZyJY3Id9029bY37R6LtgNQkNRdZm+eI0sVjV/J5IF9QsC8VDUheqJ9pxCBQc8ts6wiOXIOg==
