config: {"authors":[{"name":"Vinta Chen","email":"vinta.chen@gmail.com","url":"https://vinta.ws/"}],"autoupdate":{"source":"npm","target":"pangu","fileMap":[{"basePath":"dist/browser","files":["**/*"]}]},"description":"Paranoid text spacing for good readability, to automatically insert whitespace between CJK (Chinese, Japanese, Korean) and half-width characters (alphabetical letters, numerical digits and symbols).","filename":"pangu.min.js","keywords":["chinese","file","japanese","korean","obsessive-compulsive disorder","ocd","pangu","paranoia","paranoid","readability","spacing","text"],"license":"MIT","name":"pangu","repository":{"type":"git","url":"git://github.com/vinta/pangu.js.git"},"author":"Vinta Chen \u003cvinta.chen@gmail.com\u003e (https://vinta.ws/)"}
KV keys:
- pangu/5.3.2/pangu.d.ts.br
- pangu/5.3.2/pangu.d.ts.gz
- pangu/5.3.2/pangu.js.br
- pangu/5.3.2/pangu.js.gz
- pangu/5.3.2/pangu.js.map.br
- pangu/5.3.2/pangu.js.map.gz
- pangu/5.3.2/pangu.min.js.br
- pangu/5.3.2/pangu.min.js.gz
- pangu/5.3.2/pangu.umd.d.ts.br
- pangu/5.3.2/pangu.umd.d.ts.gz
- pangu/5.3.2/pangu.umd.js.br
- pangu/5.3.2/pangu.umd.js.gz
- pangu/5.3.2/pangu.umd.js.map.br
- pangu/5.3.2/pangu.umd.js.map.gz
- pangu/5.3.2/pangu.umd.min.js.br
- pangu/5.3.2/pangu.umd.min.js.gz
SRIs:
- pangu/5.3.2/pangu.js: sha512-+X30AnEql1GjmyX/QlbIOw/nPvZmj4sEpwCLXaBChdr+VUGyZnFRQsnBKJQAokXHe6OBvTMSZI34wbHR1MSOzQ==
- pangu/5.3.2/pangu.min.js: sha512-m3dZRzw8yzldIBAwJjK6iDUVI2Jqkkpc0UufkrnlPMd1NO/+Az0Ubs6m4W2iyG/3t1r1/vMiFOKkLYgZ8yEmwQ==
- pangu/5.3.2/pangu.umd.js: sha512-AKGnNfT2ZbchWIt0Dm/V1EE62+dY+/Z2mB03C621UAIUOUa6SUWpDz8Tbc8XKutVZVQv5O0KkV8ucCdVXdl10g==
- pangu/5.3.2/pangu.umd.min.js: sha512-C3swFcATq7GI0t9r4mAy4j6Yi1vnTUwYjiudBf8MNjdRR7vI6U2w13L6N+1NWZl/dERyS/exkjHg2lA3zzZ+SA==
