config: {"authors":[{"name":"Faris Ansari"}],"autoupdate":{"source":"npm","target":"frappe-gantt","fileMap":[{"basePath":"dist","files":["**/*"]}]},"description":"A simple, modern, interactive gantt library for the web","filename":"frappe-gantt.min.js","homepage":"https://frappe.github.io/gantt/","keywords":["gantt","svg","simple gantt","project timeline","interactive gantt","project management","frappe-gantt","ganttjs","gantt-chart","javascript-gantt"],"license":"MIT","name":"frappe-gantt","repository":{"type":"git","url":"https://github.com/frappe/gantt.git"},"author":"Faris Ansari"}
KV keys:
- frappe-gantt/1.0.0/frappe-gantt.css.br
- frappe-gantt/1.0.0/frappe-gantt.css.gz
- frappe-gantt/1.0.0/frappe-gantt.es.js.br
- frappe-gantt/1.0.0/frappe-gantt.es.js.gz
- frappe-gantt/1.0.0/frappe-gantt.es.min.js.br
- frappe-gantt/1.0.0/frappe-gantt.es.min.js.gz
- frappe-gantt/1.0.0/frappe-gantt.min.css.br
- frappe-gantt/1.0.0/frappe-gantt.min.css.gz
- frappe-gantt/1.0.0/frappe-gantt.umd.js.br
- frappe-gantt/1.0.0/frappe-gantt.umd.js.gz
- frappe-gantt/1.0.0/frappe-gantt.umd.min.js.br
- frappe-gantt/1.0.0/frappe-gantt.umd.min.js.gz
SRIs:
- frappe-gantt/1.0.0/frappe-gantt.umd.js: sha512-v1PF6PqVv84wCupbv+5x/BVhdQvaW3w89WD3Pz1vjZdEFRJBxdnl2HbeZbkZVj6GEX6akRlJ46bjCYDdyyp2qg==
- frappe-gantt/1.0.0/frappe-gantt.umd.min.js: sha512-eu/B8ft+E9W3zzaSCP/JIFxhfc6lyX/ojULlSaZ/atl0Y7ckmSKm44Ku874Ho2OEgJmVTZwlyq389sqn6N704w==
- frappe-gantt/1.0.0/frappe-gantt.css: sha512-+1B2X/xogxXPnRrXg3/DO8/9ufMisofIJM61BRJp/PpwGAAzRE0uT14iOMmGCOGh/kxkI0WvhOSstepeI23YbA==
- frappe-gantt/1.0.0/frappe-gantt.es.js: sha512-VCvV33ssPLM/8XFwDGCbAOY+6nyVaAy7Ix8xYwwqQ3IH4SIlOOhqo0ljnPU1xyV6PEznMIxg2pRgXLXCdqjuPg==
- frappe-gantt/1.0.0/frappe-gantt.es.min.js: sha512-MGb0z7ljCrFLSJJqFFN9F6AlZAgXjkbZ/d4+4k78y/crgXcreCTNv5tTb/SBrjPnsI8Ej+mxXfSwWxh1dC8DzQ==
- frappe-gantt/1.0.0/frappe-gantt.min.css: sha512-yEgDkUrtNGb2c57M8/e8uSQQgMZ7XcV2trPpvQnK8LXYCkujYzzlFoIfpEQsGKJrJe0fhXHOqIjW8gm29K8WHg==
