- zl-fetch/6.3.5/core.js.br
- zl-fetch/6.3.5/core.js.gz
- zl-fetch/6.3.5/core.min.js.br
- zl-fetch/6.3.5/core.min.js.gz
- zl-fetch/6.3.5/create.js.br
- zl-fetch/6.3.5/create.js.gz
- zl-fetch/6.3.5/create.min.js.br
- zl-fetch/6.3.5/create.min.js.gz
- zl-fetch/6.3.5/createRequestOptions.js.br
- zl-fetch/6.3.5/createRequestOptions.js.gz
- zl-fetch/6.3.5/createRequestOptions.min.js.br
- zl-fetch/6.3.5/createRequestOptions.min.js.gz
- zl-fetch/6.3.5/event-source.js.br
- zl-fetch/6.3.5/event-source.js.gz
- zl-fetch/6.3.5/event-source.min.js.br
- zl-fetch/6.3.5/event-source.min.js.gz
- zl-fetch/6.3.5/handleResponse.js.br
- zl-fetch/6.3.5/handleResponse.js.gz
- zl-fetch/6.3.5/handleResponse.min.js.br
- zl-fetch/6.3.5/handleResponse.min.js.gz
- zl-fetch/6.3.5/index.js.br
- zl-fetch/6.3.5/index.js.gz
- zl-fetch/6.3.5/index.min.js.br
- zl-fetch/6.3.5/index.min.js.gz
- zl-fetch/6.3.5/util.js.br
- zl-fetch/6.3.5/util.js.gz
- zl-fetch/6.3.5/util.min.js.br
- zl-fetch/6.3.5/util.min.js.gz