- sugar/2.0.1/locales/ca.js.br
- sugar/2.0.1/locales/ca.js.gz
- sugar/2.0.1/locales/ca.min.js.br
- sugar/2.0.1/locales/ca.min.js.gz
- sugar/2.0.1/locales/da.js.br
- sugar/2.0.1/locales/da.js.gz
- sugar/2.0.1/locales/da.min.js.br
- sugar/2.0.1/locales/da.min.js.gz
- sugar/2.0.1/locales/de.js.br
- sugar/2.0.1/locales/de.js.gz
- sugar/2.0.1/locales/de.min.js.br
- sugar/2.0.1/locales/de.min.js.gz
- sugar/2.0.1/locales/es.js.br
- sugar/2.0.1/locales/es.js.gz
- sugar/2.0.1/locales/es.min.js.br
- sugar/2.0.1/locales/es.min.js.gz
- sugar/2.0.1/locales/fi.js.br
- sugar/2.0.1/locales/fi.js.gz
- sugar/2.0.1/locales/fi.min.js.br
- sugar/2.0.1/locales/fi.min.js.gz
- sugar/2.0.1/locales/fr.js.br
- sugar/2.0.1/locales/fr.js.gz
- sugar/2.0.1/locales/fr.min.js.br
- sugar/2.0.1/locales/fr.min.js.gz
- sugar/2.0.1/locales/it.js.br
- sugar/2.0.1/locales/it.js.gz
- sugar/2.0.1/locales/it.min.js.br
- sugar/2.0.1/locales/it.min.js.gz
- sugar/2.0.1/locales/ja.js.br
- sugar/2.0.1/locales/ja.js.gz
- sugar/2.0.1/locales/ja.min.js.br
- sugar/2.0.1/locales/ja.min.js.gz
- sugar/2.0.1/locales/ko.js.br
- sugar/2.0.1/locales/ko.js.gz
- sugar/2.0.1/locales/ko.min.js.br
- sugar/2.0.1/locales/ko.min.js.gz
- sugar/2.0.1/locales/nl.js.br
- sugar/2.0.1/locales/nl.js.gz
- sugar/2.0.1/locales/nl.min.js.br
- sugar/2.0.1/locales/nl.min.js.gz
- sugar/2.0.1/locales/no.js.br
- sugar/2.0.1/locales/no.js.gz
- sugar/2.0.1/locales/no.min.js.br
- sugar/2.0.1/locales/no.min.js.gz
- sugar/2.0.1/locales/pl.js.br
- sugar/2.0.1/locales/pl.js.gz
- sugar/2.0.1/locales/pl.min.js.br
- sugar/2.0.1/locales/pl.min.js.gz
- sugar/2.0.1/locales/pt.js.br
- sugar/2.0.1/locales/pt.js.gz
- sugar/2.0.1/locales/pt.min.js.br
- sugar/2.0.1/locales/pt.min.js.gz
- sugar/2.0.1/locales/ru.js.br
- sugar/2.0.1/locales/ru.js.gz
- sugar/2.0.1/locales/ru.min.js.br
- sugar/2.0.1/locales/ru.min.js.gz
- sugar/2.0.1/locales/sv.js.br
- sugar/2.0.1/locales/sv.js.gz
- sugar/2.0.1/locales/sv.min.js.br
- sugar/2.0.1/locales/sv.min.js.gz
- sugar/2.0.1/locales/zh-cn.js.br
- sugar/2.0.1/locales/zh-cn.js.gz
- sugar/2.0.1/locales/zh-cn.min.js.br
- sugar/2.0.1/locales/zh-cn.min.js.gz
- sugar/2.0.1/locales/zh-tw.js.br
- sugar/2.0.1/locales/zh-tw.js.gz
- sugar/2.0.1/locales/zh-tw.min.js.br
- sugar/2.0.1/locales/zh-tw.min.js.gz
- sugar/2.0.1/sugar-es5.js.br
- sugar/2.0.1/sugar-es5.js.gz
- sugar/2.0.1/sugar-es5.min.js.br
- sugar/2.0.1/sugar-es5.min.js.gz
- sugar/2.0.1/sugar-es5.min.map.br
- sugar/2.0.1/sugar-es5.min.map.gz
- sugar/2.0.1/sugar.js.br
- sugar/2.0.1/sugar.js.gz
- sugar/2.0.1/sugar.min.js.br
- sugar/2.0.1/sugar.min.js.gz
- sugar/2.0.1/sugar.min.map.br
- sugar/2.0.1/sugar.min.map.gz