config: {"authors":[{"name":"Simon Guo","email":"simonguo.2009@gmail.com"}],"autoupdate":{"source":"npm","target":"rsuite","fileMap":[{"basePath":"dist","files":["**/*"]}]},"description":"A suite of react components","filename":"rsuite.min.js","homepage":"https://rsuitejs.com/","keywords":["react","rsuite","component","react-component"],"license":"MIT","name":"rsuite","repository":{"type":"git","url":"https://github.com/rsuite/rsuite.git"},"author":"Simon Guo \u003csimonguo.2009@gmail.com\u003e"}
KV keys:
- rsuite/6.0.0-canary-20250702/rsuite-no-reset.css.br
- rsuite/6.0.0-canary-20250702/rsuite-no-reset.css.gz
- rsuite/6.0.0-canary-20250702/rsuite-no-reset.min.css.br
- rsuite/6.0.0-canary-20250702/rsuite-no-reset.min.css.gz
- rsuite/6.0.0-canary-20250702/rsuite.css.br
- rsuite/6.0.0-canary-20250702/rsuite.css.gz
- rsuite/6.0.0-canary-20250702/rsuite.js.br
- rsuite/6.0.0-canary-20250702/rsuite.js.gz
- rsuite/6.0.0-canary-20250702/rsuite.js.map.br
- rsuite/6.0.0-canary-20250702/rsuite.js.map.gz
- rsuite/6.0.0-canary-20250702/rsuite.min.css.br
- rsuite/6.0.0-canary-20250702/rsuite.min.css.gz
- rsuite/6.0.0-canary-20250702/rsuite.min.js.LICENSE.txt.br
- rsuite/6.0.0-canary-20250702/rsuite.min.js.LICENSE.txt.gz
- rsuite/6.0.0-canary-20250702/rsuite.min.js.br
- rsuite/6.0.0-canary-20250702/rsuite.min.js.gz
- rsuite/6.0.0-canary-20250702/rsuite.min.js.map.br
- rsuite/6.0.0-canary-20250702/rsuite.min.js.map.gz
SRIs:
- rsuite/6.0.0-canary-20250702/rsuite-no-reset.css: sha512-BUyOyAbR+ai3hUsFyNAZxLhkk0fHhyTjc17YjvXZlYPAU6ovYNQZMxMozhBbgtx+PdD5k3pMY2aRwoPnDzFB/A==
- rsuite/6.0.0-canary-20250702/rsuite-no-reset.min.css: sha512-JpUBjgUe03cBoj9rML7cduv9+uFOHEvCTPffVyjOhqwlUcwOydqi+43xAh/XcpUSBRDIcr6+dKynqdfYpqQcXw==
- rsuite/6.0.0-canary-20250702/rsuite.css: sha512-2mnKxWE6sh2Xzh7uz4UmLetl8fGkTAicHQ1UNYp9jTg2In+VExp5b1puM8Jz0EVpIsr8tSGHNliONjnwRvCGlg==
- rsuite/6.0.0-canary-20250702/rsuite.js: sha512-xONj3i/tuwNUUag3WOE9jSrujUd1Sa0FgnAIsdmZutnX85ZLzxsztwzIJvRpltvAfMV1kYh/fzLDth5+7oit/w==
- rsuite/6.0.0-canary-20250702/rsuite.min.css: sha512-4M2o5+Wim5qTllgyBc1FxgBJNWs76LDQHIvP+fNDIQBPrJWQLIUKQXPdw89/TzqbMrfGwFf/hNPaIe3lQTgHKA==
- rsuite/6.0.0-canary-20250702/rsuite.min.js: sha512-SlfcqMWJbW/5qJlH8uZgl1n/jUvj0pIxNS+Gmj/DPQtx/QF6GzyQFcFOZZMWW3euYYEF35JhIz24Nw5HSVgT5g==
