config: {"authors":[{"name":"afc163","url":"https://github.com/afc163"}],"autoupdate":{"source":"npm","target":"antd","fileMap":[{"basePath":"dist","files":["**/*.!(less)"]}]},"description":"An UI design language","filename":"antd.min.js","homepage":"http://ant.design/","keywords":["ant","design","react","react-component","component","components","ui","framework","frontend"],"license":"MIT","name":"antd","repository":{"type":"git","url":"https://github.com/ant-design/ant-design"},"author":"afc163 (https://github.com/afc163)"}
KV keys:
- antd/5.25.2/antd-with-locales.js.br
- antd/5.25.2/antd-with-locales.js.gz
- antd/5.25.2/antd-with-locales.js.map.br
- antd/5.25.2/antd-with-locales.js.map.gz
- antd/5.25.2/antd-with-locales.min.js.LICENSE.txt.br
- antd/5.25.2/antd-with-locales.min.js.LICENSE.txt.gz
- antd/5.25.2/antd-with-locales.min.js.br
- antd/5.25.2/antd-with-locales.min.js.gz
- antd/5.25.2/antd-with-locales.min.js.map.br
- antd/5.25.2/antd-with-locales.min.js.map.gz
- antd/5.25.2/antd.js.br
- antd/5.25.2/antd.js.gz
- antd/5.25.2/antd.js.map.br
- antd/5.25.2/antd.js.map.gz
- antd/5.25.2/antd.min.js.LICENSE.txt.br
- antd/5.25.2/antd.min.js.LICENSE.txt.gz
- antd/5.25.2/antd.min.js.br
- antd/5.25.2/antd.min.js.gz
- antd/5.25.2/antd.min.js.map.br
- antd/5.25.2/antd.min.js.map.gz
- antd/5.25.2/reset.css.br
- antd/5.25.2/reset.css.gz
- antd/5.25.2/reset.min.css.br
- antd/5.25.2/reset.min.css.gz
SRIs:
- antd/5.25.2/reset.css: sha512-pZC2IRT+WsRU/IqN5Bhe0rqQVQUOOQhMrChWriipYy+lcncFKe9C+7p+CI2bz+jqlMAxOulcioNxbvZcsD7erw==
- antd/5.25.2/reset.min.css: sha512-vw1Eh0YXwSfFcRPIxtAvonjwHTEqKqwq7ucziF/ZCMEzRlmECgzmGSIHecwetYQXMUE1AL4mlxI7OCt38WvOgw==
- antd/5.25.2/antd-with-locales.js: sha512-3baLarVVrI1jycsQJRhsY/DhcjUKwszS/ZE8J8SztA1DbmR7donJKofnUitaoRt4swviMC0NqVAQVTmtSbikqg==
- antd/5.25.2/antd-with-locales.min.js: sha512-P/ru8PVBlKyCP+4wlZUNZLHHT2Kh6Vv+eP+aAcaAeoDhk8OHlwunMYyFRWEBfFnzfs5AVqVaYWSYFKCxQDR6ww==
- antd/5.25.2/antd.js: sha512-xmV3C9E/zEvZbboJnAKocK2AP4mKJ0RoO0pU8RxO+t03ZVs1ONGkl2XRy30ZgLDoq4hTwYBCGu1iqOksikw70A==
- antd/5.25.2/antd.min.js: sha512-bs5RV2rWMWbdUyGgLFWZgFI3MiO1WnDFfkTSdrm4WcTwxEkamySEvaI4BuUHIg5UK2cmbMIpt7jAM27ikc7bIQ==
