published: 2026-09-21T14:44:33.440Z

- fontsource-mclaren/5.2.8/400.css.br
- fontsource-mclaren/5.2.8/400.css.gz
- fontsource-mclaren/5.2.8/400.min.css.br
- fontsource-mclaren/5.2.8/400.min.css.gz
- fontsource-mclaren/5.2.8/files/mclaren-latin-400-normal.woff.br
- fontsource-mclaren/5.2.8/files/mclaren-latin-400-normal.woff.gz
- fontsource-mclaren/5.2.8/files/mclaren-latin-400-normal.woff2
- fontsource-mclaren/5.2.8/files/mclaren-latin-ext-400-normal.woff.br
- fontsource-mclaren/5.2.8/files/mclaren-latin-ext-400-normal.woff.gz
- fontsource-mclaren/5.2.8/files/mclaren-latin-ext-400-normal.woff2
- fontsource-mclaren/5.2.8/index.css.br
- fontsource-mclaren/5.2.8/index.css.gz
- fontsource-mclaren/5.2.8/index.min.css.br
- fontsource-mclaren/5.2.8/index.min.css.gz
- fontsource-mclaren/5.2.8/latin-400.css.br
- fontsource-mclaren/5.2.8/latin-400.css.gz
- fontsource-mclaren/5.2.8/latin-400.min.css.br
- fontsource-mclaren/5.2.8/latin-400.min.css.gz
- fontsource-mclaren/5.2.8/latin-ext-400.css.br
- fontsource-mclaren/5.2.8/latin-ext-400.css.gz
- fontsource-mclaren/5.2.8/latin-ext-400.min.css.br
- fontsource-mclaren/5.2.8/latin-ext-400.min.css.gz
- fontsource-mclaren/5.2.8/latin-ext.css.br
- fontsource-mclaren/5.2.8/latin-ext.css.gz
- fontsource-mclaren/5.2.8/latin-ext.min.css.br
- fontsource-mclaren/5.2.8/latin-ext.min.css.gz
- fontsource-mclaren/5.2.8/latin.css.br
- fontsource-mclaren/5.2.8/latin.css.gz
- fontsource-mclaren/5.2.8/latin.min.css.br
- fontsource-mclaren/5.2.8/latin.min.css.gz