2025/06/18 14:36:00 optimizing files (Js true, Css true, Png true, Jpg true)
2025/06/18 14:36:01 algorithm: run /usr/bin/brotli --quality=11 --output=/output/livekit-client.e2ee.worker.mjs.br /tmp/work/dist/livekit-client.e2ee.worker.mjs
2025/06/18 14:36:01 compress: run /node_modules/uglify-js/bin/uglifyjs (3.15.4) [--mangle --compress if_return=true -o /tmp/work/dist/livekit-client.e2ee.worker.min.js /tmp/work/dist/livekit-client.e2ee.worker.js]
2025/06/18 14:36:01 algorithm: run /usr/bin/brotli --quality=11 --output=/output/livekit-client.esm.mjs.br /tmp/work/dist/livekit-client.esm.mjs
2025/06/18 14:36:01 compress: run /node_modules/uglify-js/bin/uglifyjs (3.15.4) [--mangle --compress if_return=true -o /tmp/work/dist/livekit-client.umd.min.js /tmp/work/dist/livekit-client.umd.js]
2025/06/18 14:36:01 br /tmp/work/dist/livekit-client.e2ee.worker.mjs -> /output/livekit-client.e2ee.worker.mjs.br
2025/06/18 14:36:01 gz /tmp/work/dist/livekit-client.e2ee.worker.mjs -> /output/livekit-client.e2ee.worker.mjs.gz
2025/06/18 14:36:04 sri /tmp/work/dist/livekit-client.e2ee.worker.min.js -> /output/livekit-client.e2ee.worker.min.js.sri
2025/06/18 14:36:04 algorithm: run /usr/bin/brotli --quality=11 --output=/output/livekit-client.e2ee.worker.min.js.br /tmp/work/dist/livekit-client.e2ee.worker.min.js
2025/06/18 14:36:04 br /tmp/work/dist/livekit-client.e2ee.worker.min.js -> /output/livekit-client.e2ee.worker.min.js.br
2025/06/18 14:36:04 gz /tmp/work/dist/livekit-client.e2ee.worker.min.js -> /output/livekit-client.e2ee.worker.min.js.gz
2025/06/18 14:36:04 sri /tmp/work/dist/livekit-client.e2ee.worker.js -> /output/livekit-client.e2ee.worker.js.sri
2025/06/18 14:36:04 algorithm: run /usr/bin/brotli --quality=11 --output=/output/livekit-client.e2ee.worker.js.br /tmp/work/dist/livekit-client.e2ee.worker.js
2025/06/18 14:36:04 br /tmp/work/dist/livekit-client.e2ee.worker.js -> /output/livekit-client.e2ee.worker.js.br
2025/06/18 14:36:04 gz /tmp/work/dist/livekit-client.e2ee.worker.js -> /output/livekit-client.e2ee.worker.js.gz
2025/06/18 14:36:07 br /tmp/work/dist/livekit-client.esm.mjs -> /output/livekit-client.esm.mjs.br
2025/06/18 14:36:08 gz /tmp/work/dist/livekit-client.esm.mjs -> /output/livekit-client.esm.mjs.gz
2025/06/18 14:36:11 sri /tmp/work/dist/livekit-client.umd.min.js -> /output/livekit-client.umd.min.js.sri
2025/06/18 14:36:11 algorithm: run /usr/bin/brotli --quality=11 --output=/output/livekit-client.umd.min.js.br /tmp/work/dist/livekit-client.umd.min.js
2025/06/18 14:36:12 br /tmp/work/dist/livekit-client.umd.min.js -> /output/livekit-client.umd.min.js.br
2025/06/18 14:36:12 gz /tmp/work/dist/livekit-client.umd.min.js -> /output/livekit-client.umd.min.js.gz
2025/06/18 14:36:12 sri /tmp/work/dist/livekit-client.umd.js -> /output/livekit-client.umd.js.sri
2025/06/18 14:36:12 algorithm: run /usr/bin/brotli --quality=11 --output=/output/livekit-client.umd.js.br /tmp/work/dist/livekit-client.umd.js
2025/06/18 14:36:13 br /tmp/work/dist/livekit-client.umd.js -> /output/livekit-client.umd.js.br
2025/06/18 14:36:13 gz /tmp/work/dist/livekit-client.umd.js -> /output/livekit-client.umd.js.gz
2025/06/18 14:36:13 processed livekit-client
