config: {"authors":[{"name":"Chupurnov","email":"chupurnov@gmail.com","url":"http://xdsoft.net/"}],"autoupdate":{"source":"npm","target":"jodit","fileMap":[{"basePath":"","files":["@(es2015|es2018|es2021|es2021.en|es5)/**/*.min.@(css|js)"]}]},"description":"Jodit is awesome and usefully wysiwyg editor with filebrowser","filename":"es2018/jodit.fat.min.js","homepage":"http://xdsoft.net/jodit/","keywords":["wysiwyg","editor","rich","jodit"],"license":"MIT","name":"jodit","repository":{"type":"git","url":"https://github.com/xdan/jodit.git"},"author":"Chupurnov \u003cchupurnov@gmail.com\u003e (http://xdsoft.net/)"}
KV keys:
- jodit/4.6.5/es2015/jodit.fat.min.css.br
- jodit/4.6.5/es2015/jodit.fat.min.css.gz
- jodit/4.6.5/es2015/jodit.fat.min.js.br
- jodit/4.6.5/es2015/jodit.fat.min.js.gz
- jodit/4.6.5/es2015/jodit.min.css.br
- jodit/4.6.5/es2015/jodit.min.css.gz
- jodit/4.6.5/es2015/jodit.min.js.br
- jodit/4.6.5/es2015/jodit.min.js.gz
- jodit/4.6.5/es2015/plugins/debug/debug.min.css.br
- jodit/4.6.5/es2015/plugins/debug/debug.min.css.gz
- jodit/4.6.5/es2015/plugins/debug/debug.min.js.br
- jodit/4.6.5/es2015/plugins/debug/debug.min.js.gz
- jodit/4.6.5/es2015/plugins/speech-recognize/speech-recognize.min.css.br
- jodit/4.6.5/es2015/plugins/speech-recognize/speech-recognize.min.css.gz
- jodit/4.6.5/es2015/plugins/speech-recognize/speech-recognize.min.js.br
- jodit/4.6.5/es2015/plugins/speech-recognize/speech-recognize.min.js.gz
- jodit/4.6.5/es2018/jodit.fat.min.css.br
- jodit/4.6.5/es2018/jodit.fat.min.css.gz
- jodit/4.6.5/es2018/jodit.fat.min.js.br
- jodit/4.6.5/es2018/jodit.fat.min.js.gz
- jodit/4.6.5/es2018/jodit.min.css.br
- jodit/4.6.5/es2018/jodit.min.css.gz
- jodit/4.6.5/es2018/jodit.min.js.br
- jodit/4.6.5/es2018/jodit.min.js.gz
- jodit/4.6.5/es2018/plugins/debug/debug.min.css.br
- jodit/4.6.5/es2018/plugins/debug/debug.min.css.gz
- jodit/4.6.5/es2018/plugins/debug/debug.min.js.br
- jodit/4.6.5/es2018/plugins/debug/debug.min.js.gz
- jodit/4.6.5/es2018/plugins/speech-recognize/speech-recognize.min.css.br
- jodit/4.6.5/es2018/plugins/speech-recognize/speech-recognize.min.css.gz
- jodit/4.6.5/es2018/plugins/speech-recognize/speech-recognize.min.js.br
- jodit/4.6.5/es2018/plugins/speech-recognize/speech-recognize.min.js.gz
- jodit/4.6.5/es2021/jodit.fat.min.css.br
- jodit/4.6.5/es2021/jodit.fat.min.css.gz
- jodit/4.6.5/es2021/jodit.fat.min.js.br
- jodit/4.6.5/es2021/jodit.fat.min.js.gz
- jodit/4.6.5/es2021/jodit.min.css.br
- jodit/4.6.5/es2021/jodit.min.css.gz
- jodit/4.6.5/es2021/jodit.min.js.br
- jodit/4.6.5/es2021/jodit.min.js.gz
- jodit/4.6.5/es2021/plugins/debug/debug.min.css.br
- jodit/4.6.5/es2021/plugins/debug/debug.min.css.gz
- jodit/4.6.5/es2021/plugins/debug/debug.min.js.br
- jodit/4.6.5/es2021/plugins/debug/debug.min.js.gz
- jodit/4.6.5/es2021/plugins/speech-recognize/speech-recognize.min.css.br
- jodit/4.6.5/es2021/plugins/speech-recognize/speech-recognize.min.css.gz
- jodit/4.6.5/es2021/plugins/speech-recognize/speech-recognize.min.js.br
- jodit/4.6.5/es2021/plugins/speech-recognize/speech-recognize.min.js.gz
- jodit/4.6.5/es2021.en/jodit.fat.min.css.br
- jodit/4.6.5/es2021.en/jodit.fat.min.css.gz
- jodit/4.6.5/es2021.en/jodit.fat.min.js.br
- jodit/4.6.5/es2021.en/jodit.fat.min.js.gz
- jodit/4.6.5/es2021.en/jodit.min.css.br
- jodit/4.6.5/es2021.en/jodit.min.css.gz
- jodit/4.6.5/es2021.en/jodit.min.js.br
- jodit/4.6.5/es2021.en/jodit.min.js.gz
- jodit/4.6.5/es2021.en/plugins/debug/debug.min.css.br
- jodit/4.6.5/es2021.en/plugins/debug/debug.min.css.gz
- jodit/4.6.5/es2021.en/plugins/debug/debug.min.js.br
- jodit/4.6.5/es2021.en/plugins/debug/debug.min.js.gz
- jodit/4.6.5/es2021.en/plugins/speech-recognize/speech-recognize.min.css.br
- jodit/4.6.5/es2021.en/plugins/speech-recognize/speech-recognize.min.css.gz
- jodit/4.6.5/es2021.en/plugins/speech-recognize/speech-recognize.min.js.br
- jodit/4.6.5/es2021.en/plugins/speech-recognize/speech-recognize.min.js.gz
- jodit/4.6.5/es5/415.fat.min.js.br
- jodit/4.6.5/es5/415.fat.min.js.gz
- jodit/4.6.5/es5/415.min.js.br
- jodit/4.6.5/es5/415.min.js.gz
- jodit/4.6.5/es5/5.fat.min.js.br
- jodit/4.6.5/es5/5.fat.min.js.gz
- jodit/4.6.5/es5/5.min.js.br
- jodit/4.6.5/es5/5.min.js.gz
- jodit/4.6.5/es5/jodit.fat.min.css.br
- jodit/4.6.5/es5/jodit.fat.min.css.gz
- jodit/4.6.5/es5/jodit.fat.min.js.br
- jodit/4.6.5/es5/jodit.fat.min.js.gz
- jodit/4.6.5/es5/jodit.min.css.br
- jodit/4.6.5/es5/jodit.min.css.gz
- jodit/4.6.5/es5/jodit.min.js.br
- jodit/4.6.5/es5/jodit.min.js.gz
- jodit/4.6.5/es5/plugins/debug/debug.min.css.br
- jodit/4.6.5/es5/plugins/debug/debug.min.css.gz
- jodit/4.6.5/es5/plugins/debug/debug.min.js.br
- jodit/4.6.5/es5/plugins/debug/debug.min.js.gz
- jodit/4.6.5/es5/plugins/speech-recognize/speech-recognize.min.css.br
- jodit/4.6.5/es5/plugins/speech-recognize/speech-recognize.min.css.gz
- jodit/4.6.5/es5/plugins/speech-recognize/speech-recognize.min.js.br
- jodit/4.6.5/es5/plugins/speech-recognize/speech-recognize.min.js.gz
SRIs:
- jodit/4.6.5/es2015/jodit.min.css: sha512-4n1ZHIw+LCuhnUPRKGYqCzMFW6UQ9Y9+UVBUpaYtmHD1S/MrGMEJyGveB9OrpnMg/aq1nfO8gw6XmHwwjx+/mQ==
- jodit/4.6.5/es2015/jodit.min.js: sha512-N217dOEmlRNIHAF2SMZjkhY9fk1BNH7Ak8daD1gJFGmTtzfbqbE6Wc0mFW5iBT/qmYrFCEcXUK6FyTj+ss/NHQ==
- jodit/4.6.5/es2015/plugins/debug/debug.min.css: sha512-Wr/G9YBDs8yyAzF3wqDoHfr6H9/V9b38xHE/bpghVTB83zjFw8ql6cJlT1hybAixRc44yervgGARgVjSygzmpw==
- jodit/4.6.5/es5/5.fat.min.js: sha512-40Ori/cCeWcrfMx8zWJGh2HNZSTr2QS1qISXcaphbuEFEoDI5WHDbIlRiRXU5UVASgUzBR8m/3nEVVnZF0/Rkg==
- jodit/4.6.5/es5/jodit.fat.min.css: sha512-2cfnJ8ZMBqkaNXsi/6ucIcFRvKVFKW69HEP5S7L2fQtAaPrVg5XLkkUgl46kkaN5PPArXwLPCOqhbsAAiHQiXA==
- jodit/4.6.5/es5/jodit.min.css: sha512-TCQd5mZ4BD53plR7iPRnJ/Wvl2RVVWadH4xmR47F6zo+V+tKLwPr2LpujVcWbUgokPHUFVg4CNKp8CZWygBcWw==
- jodit/4.6.5/es2021.en/jodit.fat.min.js: sha512-nA7mKibg1atg1PCak9NDhwA2VEEoJHKlXLDwzDMAzkX/UxYf5peTG+tu+OakSSGNhWyZ+bON6tEvS80iEHeTPw==
- jodit/4.6.5/es2015/jodit.fat.min.css: sha512-2cfnJ8ZMBqkaNXsi/6ucIcFRvKVFKW69HEP5S7L2fQtAaPrVg5XLkkUgl46kkaN5PPArXwLPCOqhbsAAiHQiXA==
- jodit/4.6.5/es2018/plugins/debug/debug.min.js: sha512-Ust8F7/dwzZZhePAOFnyu2tCgTOnpyJH47yCrwb5o992tieuiFYDa/jZ4ncmYKm1Zeo6CvFhWmy7e8CWHjZ1jQ==
- jodit/4.6.5/es2018/plugins/speech-recognize/speech-recognize.min.css: sha512-eg88d36JTN98CO9sj9WUgW3SpvxHBfm7gT7Ld5q2plOR/7UcG+S4HPq1vMwcLNnh/jja9CZBsazoR9iBLITb1Q==
- jodit/4.6.5/es2018/plugins/speech-recognize/speech-recognize.min.js: sha512-ZB5hd97ty+67kAOXiGxmmMVTbaPqAnp19ZuE8PonZR3Br7lxBqknHx782FaVxLTI8Adlka6VKmWpePPCAQbEeg==
- jodit/4.6.5/es2021/jodit.fat.min.css: sha512-2cfnJ8ZMBqkaNXsi/6ucIcFRvKVFKW69HEP5S7L2fQtAaPrVg5XLkkUgl46kkaN5PPArXwLPCOqhbsAAiHQiXA==
- jodit/4.6.5/es2021/jodit.min.js: sha512-p6lQJ94TCPrOPl1bYN4z6e8dJgWRV1A6xP5qkkl09PHp6QVWZsy0zXgXJL7ImdOZi9EhwrIb3udOcz1oKj9c0g==
- jodit/4.6.5/es2021/plugins/debug/debug.min.css: sha512-Wr/G9YBDs8yyAzF3wqDoHfr6H9/V9b38xHE/bpghVTB83zjFw8ql6cJlT1hybAixRc44yervgGARgVjSygzmpw==
- jodit/4.6.5/es2021.en/plugins/debug/debug.min.js: sha512-eTgp4P4ztN9vikxcx9Bw/ExoeZL9CSvBA2ZqxN80FNaMQ7TIK1XSoRveDX4C+lMPiW/HeJ24UOCnKUfd4RB4jA==
- jodit/4.6.5/es2015/plugins/debug/debug.min.js: sha512-Ust8F7/dwzZZhePAOFnyu2tCgTOnpyJH47yCrwb5o992tieuiFYDa/jZ4ncmYKm1Zeo6CvFhWmy7e8CWHjZ1jQ==
- jodit/4.6.5/es2015/plugins/speech-recognize/speech-recognize.min.js: sha512-ZB5hd97ty+67kAOXiGxmmMVTbaPqAnp19ZuE8PonZR3Br7lxBqknHx782FaVxLTI8Adlka6VKmWpePPCAQbEeg==
- jodit/4.6.5/es5/415.fat.min.js: sha512-IkoKpEPyNI1BcxPurOVpW7Ax9iI228jQnwUd+ZvjJ5MTRgYE8tT8VIvhJ24NEZR/3cKc5BUCVzCV6uDGzWuJwg==
- jodit/4.6.5/es5/5.min.js: sha512-40Ori/cCeWcrfMx8zWJGh2HNZSTr2QS1qISXcaphbuEFEoDI5WHDbIlRiRXU5UVASgUzBR8m/3nEVVnZF0/Rkg==
- jodit/4.6.5/es5/plugins/debug/debug.min.css: sha512-Wr/G9YBDs8yyAzF3wqDoHfr6H9/V9b38xHE/bpghVTB83zjFw8ql6cJlT1hybAixRc44yervgGARgVjSygzmpw==
- jodit/4.6.5/es2015/jodit.fat.min.js: sha512-hKPDMy+7dTQgaR/J3PcykiWJyme5jGMXC5h1FzTa3fcTyN4VoI7gFBg9ip6ltAT+63PtJ4nc1elLMrUNx/34kQ==
- jodit/4.6.5/es2018/plugins/debug/debug.min.css: sha512-Wr/G9YBDs8yyAzF3wqDoHfr6H9/V9b38xHE/bpghVTB83zjFw8ql6cJlT1hybAixRc44yervgGARgVjSygzmpw==
- jodit/4.6.5/es2021.en/jodit.fat.min.css: sha512-2cfnJ8ZMBqkaNXsi/6ucIcFRvKVFKW69HEP5S7L2fQtAaPrVg5XLkkUgl46kkaN5PPArXwLPCOqhbsAAiHQiXA==
- jodit/4.6.5/es2021.en/plugins/speech-recognize/speech-recognize.min.css: sha512-eg88d36JTN98CO9sj9WUgW3SpvxHBfm7gT7Ld5q2plOR/7UcG+S4HPq1vMwcLNnh/jja9CZBsazoR9iBLITb1Q==
- jodit/4.6.5/es2021.en/plugins/speech-recognize/speech-recognize.min.js: sha512-th4uUMp3Vei+meBll1udr5cPE70wu2E+aTum1XGU3VEaXAIQwzir2ktzaecg2UAgYuYMr1q8UQHnFZrITgSuTg==
- jodit/4.6.5/es5/jodit.min.js: sha512-HyLt0h9CiwPU1MAhPsmOuSK8NWR+yYFKjdpLiAcQKGCO//iWnIZi27duIzNIY89axjdE9QMm+81fX/bPbInkIA==
- jodit/4.6.5/es2021/jodit.fat.min.js: sha512-LH2RJswBLJzT6rhBqOOdAeSthwzZwLnCJ5ZiTWl9iNz9HyDnd/kZAoSnY9HMTS9Urvn9Pk2gxQmv2OQpKuyTlg==
- jodit/4.6.5/es2021.en/plugins/debug/debug.min.css: sha512-Wr/G9YBDs8yyAzF3wqDoHfr6H9/V9b38xHE/bpghVTB83zjFw8ql6cJlT1hybAixRc44yervgGARgVjSygzmpw==
- jodit/4.6.5/es5/plugins/speech-recognize/speech-recognize.min.css: sha512-eg88d36JTN98CO9sj9WUgW3SpvxHBfm7gT7Ld5q2plOR/7UcG+S4HPq1vMwcLNnh/jja9CZBsazoR9iBLITb1Q==
- jodit/4.6.5/es2018/jodit.fat.min.css: sha512-2cfnJ8ZMBqkaNXsi/6ucIcFRvKVFKW69HEP5S7L2fQtAaPrVg5XLkkUgl46kkaN5PPArXwLPCOqhbsAAiHQiXA==
- jodit/4.6.5/es2018/jodit.min.css: sha512-4n1ZHIw+LCuhnUPRKGYqCzMFW6UQ9Y9+UVBUpaYtmHD1S/MrGMEJyGveB9OrpnMg/aq1nfO8gw6XmHwwjx+/mQ==
- jodit/4.6.5/es2021/jodit.min.css: sha512-4n1ZHIw+LCuhnUPRKGYqCzMFW6UQ9Y9+UVBUpaYtmHD1S/MrGMEJyGveB9OrpnMg/aq1nfO8gw6XmHwwjx+/mQ==
- jodit/4.6.5/es2021/plugins/speech-recognize/speech-recognize.min.css: sha512-eg88d36JTN98CO9sj9WUgW3SpvxHBfm7gT7Ld5q2plOR/7UcG+S4HPq1vMwcLNnh/jja9CZBsazoR9iBLITb1Q==
- jodit/4.6.5/es2021.en/jodit.min.css: sha512-4n1ZHIw+LCuhnUPRKGYqCzMFW6UQ9Y9+UVBUpaYtmHD1S/MrGMEJyGveB9OrpnMg/aq1nfO8gw6XmHwwjx+/mQ==
- jodit/4.6.5/es5/jodit.fat.min.js: sha512-L324ZhUnousDxfOdDBgOCFr4Muk9SpU66wEJ3Q7XWqyszjVXX1rQr88PtgK+N34URCnPjSRssz4bsC3Djx1TmQ==
- jodit/4.6.5/es2015/plugins/speech-recognize/speech-recognize.min.css: sha512-eg88d36JTN98CO9sj9WUgW3SpvxHBfm7gT7Ld5q2plOR/7UcG+S4HPq1vMwcLNnh/jja9CZBsazoR9iBLITb1Q==
- jodit/4.6.5/es2021/plugins/debug/debug.min.js: sha512-eTgp4P4ztN9vikxcx9Bw/ExoeZL9CSvBA2ZqxN80FNaMQ7TIK1XSoRveDX4C+lMPiW/HeJ24UOCnKUfd4RB4jA==
- jodit/4.6.5/es2021/plugins/speech-recognize/speech-recognize.min.js: sha512-EfNsvGQrhPahMfPRQ0hS/GMJ7XQ3IsHVw/u4n+tAUGuf05wckQ184YFBC+SjHALGP+fHn/iGpqVmHAxaw3Fa0w==
- jodit/4.6.5/es2021.en/jodit.min.js: sha512-eauEY4up9X/JSkzsT9j8dn/DBkKGorqxAzb3qjMKHtNLkQ7kYKnKB923hfoa/PDQk2/PpQ4O2ugpyIA+AZpfsA==
- jodit/4.6.5/es5/415.min.js: sha512-IkoKpEPyNI1BcxPurOVpW7Ax9iI228jQnwUd+ZvjJ5MTRgYE8tT8VIvhJ24NEZR/3cKc5BUCVzCV6uDGzWuJwg==
- jodit/4.6.5/es5/plugins/debug/debug.min.js: sha512-8hge97KpwZ62MFtost3gDWFg3agsEF64l8EHvfXh/oW8kXo9+NyihW0aKHFV7iixYqik/MSnx4BeMBEfWS0Sfw==
- jodit/4.6.5/es5/plugins/speech-recognize/speech-recognize.min.js: sha512-v+APceODoiugfrVOEGqjJGKTlKWx2kqOwTQi7vtoZNPRM/eSpu0lCkjJj3Od47MC0W+auYmVbS6f5YyWs/rz8Q==
- jodit/4.6.5/es2018/jodit.fat.min.js: sha512-ZF5+NbmbJUfdKJZkg1iBdHAJTmqH12l/KmxRQej5O4yaqwlQQVwuPBmM22c5ZXFsJTtE73VuYT/UVEwSkUIbPA==
- jodit/4.6.5/es2018/jodit.min.js: sha512-eQAzWeEZC5PFhhijHndVzmC7d+z3ZCeizOu7cff6QK96/uM/uplREFXjgJIvjMv2kCyCLuEQDPZzUl8nz6fZAQ==
