config: {"authors":[{"name":"andrewtelnov","email":"andrew.telnov@gmail.com"}],"autoupdate":{"source":"npm","target":"survey-react","fileMap":[{"basePath":"","files":["survey*"]}]},"description":"survey.js is a JavaScript Survey Library. It is a modern way to add a survey to your website. It uses JSON for survey metadata and results.","filename":"survey.react.min.js","homepage":"https://surveyjs.org/","keywords":["Survey","JavaScript","Bootstrap","Library","react","react-component"],"license":"MIT","name":"survey-react","repository":{"type":"git","url":"git+https://github.com/andrewtelnov/surveyjs.git"},"author":"andrewtelnov \u003candrew.telnov@gmail.com\u003e"}
KV keys:
- survey-react/1.12.19/survey-react.d.ts.br
- survey-react/1.12.19/survey-react.d.ts.gz
- survey-react/1.12.19/survey.css.br
- survey-react/1.12.19/survey.css.gz
- survey-react/1.12.19/survey.css.map.br
- survey-react/1.12.19/survey.css.map.gz
- survey-react/1.12.19/survey.min.css.br
- survey-react/1.12.19/survey.min.css.gz
- survey-react/1.12.19/survey.react.d.ts.br
- survey-react/1.12.19/survey.react.d.ts.gz
- survey-react/1.12.19/survey.react.js.br
- survey-react/1.12.19/survey.react.js.gz
- survey-react/1.12.19/survey.react.js.map.br
- survey-react/1.12.19/survey.react.js.map.gz
- survey-react/1.12.19/survey.react.min.js.br
- survey-react/1.12.19/survey.react.min.js.gz
SRIs:
- survey-react/1.12.19/survey.css: sha512-PNPbAmIixshIZ61h7izHoia4xf8g4bVcsChRRLcP8iPv9kPMIpAcywTy4gUIBw/Zgjn2Mkc12rW6LckB7URUQg==
- survey-react/1.12.19/survey.min.css: sha512-upSbIyATyzfQtB+z4HaSTVG34D4ThWSNMyBRknf9Es4MC5wmL0so6qSMwwaGlK0m0HkshMrLSPZfzKUzxOqdyw==
- survey-react/1.12.19/survey.react.js: sha512-8dXsvumbIjZXH6RZz6NmEnHbzIcNvkpxXF4UxtX9btRIaptD47uW9P3/Q+IVh8LTDTkNG7RINQwXry8MHKfljw==
- survey-react/1.12.19/survey.react.min.js: sha512-rnaer3sXDhTukyx9Y/BldbA7yjLOKE6mmAq04pXcwlrVHoNaOvN5by3ATp7N259/Je4bKN1dYqoFkmKkIxPknQ==
