Files:
- fontsource-gafata/5.2.7/400.css.br
- fontsource-gafata/5.2.7/400.css.gz
- fontsource-gafata/5.2.7/400.css.sri
- fontsource-gafata/5.2.7/400.min.css.br
- fontsource-gafata/5.2.7/400.min.css.gz
- fontsource-gafata/5.2.7/400.min.css.sri
- fontsource-gafata/5.2.7/files/gafata-latin-400-normal.woff.br
- fontsource-gafata/5.2.7/files/gafata-latin-400-normal.woff.gz
- fontsource-gafata/5.2.7/files/gafata-latin-400-normal.woff2
- fontsource-gafata/5.2.7/files/gafata-latin-ext-400-normal.woff.br
- fontsource-gafata/5.2.7/files/gafata-latin-ext-400-normal.woff.gz
- fontsource-gafata/5.2.7/files/gafata-latin-ext-400-normal.woff2
- fontsource-gafata/5.2.7/index.css.br
- fontsource-gafata/5.2.7/index.css.gz
- fontsource-gafata/5.2.7/index.css.sri
- fontsource-gafata/5.2.7/index.min.css.br
- fontsource-gafata/5.2.7/index.min.css.gz
- fontsource-gafata/5.2.7/index.min.css.sri
- fontsource-gafata/5.2.7/latin-400.css.br
- fontsource-gafata/5.2.7/latin-400.css.gz
- fontsource-gafata/5.2.7/latin-400.css.sri
- fontsource-gafata/5.2.7/latin-400.min.css.br
- fontsource-gafata/5.2.7/latin-400.min.css.gz
- fontsource-gafata/5.2.7/latin-400.min.css.sri
- fontsource-gafata/5.2.7/latin-ext-400.css.br
- fontsource-gafata/5.2.7/latin-ext-400.css.gz
- fontsource-gafata/5.2.7/latin-ext-400.css.sri
- fontsource-gafata/5.2.7/latin-ext-400.min.css.br
- fontsource-gafata/5.2.7/latin-ext-400.min.css.gz
- fontsource-gafata/5.2.7/latin-ext-400.min.css.sri
- fontsource-gafata/5.2.7/latin-ext.css.br
- fontsource-gafata/5.2.7/latin-ext.css.gz
- fontsource-gafata/5.2.7/latin-ext.css.sri
- fontsource-gafata/5.2.7/latin-ext.min.css.br
- fontsource-gafata/5.2.7/latin-ext.min.css.gz
- fontsource-gafata/5.2.7/latin-ext.min.css.sri
- fontsource-gafata/5.2.7/latin.css.br
- fontsource-gafata/5.2.7/latin.css.gz
- fontsource-gafata/5.2.7/latin.css.sri
- fontsource-gafata/5.2.7/latin.min.css.br
- fontsource-gafata/5.2.7/latin.min.css.gz
- fontsource-gafata/5.2.7/latin.min.css.sri
