2025/04/07 08:19:33 ExtractTarGz: uknown type: 67 in pax_global_header
2025/04/07 08:19:34 optimizing files (Js true, Css true, Png true, Jpg true)
2025/04/07 08:19:34 algorithm: run /usr/bin/brotli --quality=11 --output=/output/swagger-ui-es-bundle.js.map.br /tmp/work/dist/swagger-ui-es-bundle.js.map
2025/04/07 08:19:34 algorithm: run /usr/bin/brotli --quality=11 --output=/output/swagger-ui-bundle.js.map.br /tmp/work/dist/swagger-ui-bundle.js.map
2025/04/07 08:19:34 algorithm: run /usr/bin/brotli --quality=11 --output=/output/swagger-ui-standalone-preset.js.map.br /tmp/work/dist/swagger-ui-standalone-preset.js.map
2025/04/07 08:19:34 algorithm: run /usr/bin/brotli --quality=11 --output=/output/swagger-ui-es-bundle-core.js.map.br /tmp/work/dist/swagger-ui-es-bundle-core.js.map
2025/04/07 08:19:34 compress: run /node_modules/uglify-js/bin/uglifyjs (3.15.4) [--mangle --compress if_return=true -o /tmp/work/dist/swagger-ui-bundle.min.js /tmp/work/dist/swagger-ui-bundle.js]
2025/04/07 08:19:34 compress: run /node_modules/uglify-js/bin/uglifyjs (3.15.4) [--mangle --compress if_return=true -o /tmp/work/dist/swagger-ui-es-bundle-core.min.js /tmp/work/dist/swagger-ui-es-bundle-core.js]
2025/04/07 08:19:34 compress: run /node_modules/uglify-js/bin/uglifyjs (3.15.4) [--mangle --compress if_return=true -o /tmp/work/dist/swagger-ui-es-bundle.min.js /tmp/work/dist/swagger-ui-es-bundle.js]
2025/04/07 08:19:34 compress: run /node_modules/uglify-js/bin/uglifyjs (3.15.4) [--mangle --compress if_return=true -o /tmp/work/dist/swagger-ui-standalone-preset.min.js /tmp/work/dist/swagger-ui-standalone-preset.js]
2025/04/07 08:19:35 br /tmp/work/dist/swagger-ui-standalone-preset.js.map -> /output/swagger-ui-standalone-preset.js.map.br
2025/04/07 08:19:35 gz /tmp/work/dist/swagger-ui-standalone-preset.js.map -> /output/swagger-ui-standalone-preset.js.map.gz
2025/04/07 08:19:35 compress: run /node_modules/clean-css-cli/bin/cleancss (3.3.10) [--compatibility --s0 -o /tmp/work/dist/swagger-ui.min.css /tmp/work/dist/swagger-ui.css]
2025/04/07 08:19:36 sri /tmp/work/dist/swagger-ui.min.css -> /output/swagger-ui.min.css.sri
2025/04/07 08:19:36 algorithm: run /usr/bin/brotli --quality=11 --output=/output/swagger-ui.min.css.br /tmp/work/dist/swagger-ui.min.css
2025/04/07 08:19:36 br /tmp/work/dist/swagger-ui.min.css -> /output/swagger-ui.min.css.br
2025/04/07 08:19:36 gz /tmp/work/dist/swagger-ui.min.css -> /output/swagger-ui.min.css.gz
2025/04/07 08:19:36 sri /tmp/work/dist/swagger-ui.css -> /output/swagger-ui.css.sri
2025/04/07 08:19:36 algorithm: run /usr/bin/brotli --quality=11 --output=/output/swagger-ui.css.br /tmp/work/dist/swagger-ui.css
2025/04/07 08:19:36 br /tmp/work/dist/swagger-ui.css -> /output/swagger-ui.css.br
2025/04/07 08:19:36 gz /tmp/work/dist/swagger-ui.css -> /output/swagger-ui.css.gz
2025/04/07 08:19:36 algorithm: run /usr/bin/brotli --quality=11 --output=/output/swagger-ui.css.map.br /tmp/work/dist/swagger-ui.css.map
2025/04/07 08:19:37 br /tmp/work/dist/swagger-ui.css.map -> /output/swagger-ui.css.map.br
2025/04/07 08:19:37 gz /tmp/work/dist/swagger-ui.css.map -> /output/swagger-ui.css.map.gz
2025/04/07 08:19:37 compress: run /node_modules/uglify-js/bin/uglifyjs (3.15.4) [--mangle --compress if_return=true -o /tmp/work/dist/swagger-ui.min.js /tmp/work/dist/swagger-ui.js]
2025/04/07 08:19:38 br /tmp/work/dist/swagger-ui-es-bundle-core.js.map -> /output/swagger-ui-es-bundle-core.js.map.br
2025/04/07 08:19:39 gz /tmp/work/dist/swagger-ui-es-bundle-core.js.map -> /output/swagger-ui-es-bundle-core.js.map.gz
2025/04/07 08:19:39 algorithm: run /usr/bin/brotli --quality=11 --output=/output/swagger-ui.js.map.br /tmp/work/dist/swagger-ui.js.map
2025/04/07 08:19:40 br /tmp/work/dist/swagger-ui-es-bundle.js.map -> /output/swagger-ui-es-bundle.js.map.br
2025/04/07 08:19:40 gz /tmp/work/dist/swagger-ui-es-bundle.js.map -> /output/swagger-ui-es-bundle.js.map.gz
2025/04/07 08:19:40 br /tmp/work/dist/swagger-ui-bundle.js.map -> /output/swagger-ui-bundle.js.map.br
2025/04/07 08:19:41 gz /tmp/work/dist/swagger-ui-bundle.js.map -> /output/swagger-ui-bundle.js.map.gz
2025/04/07 08:19:41 sri /tmp/work/dist/swagger-ui-standalone-preset.min.js -> /output/swagger-ui-standalone-preset.min.js.sri
2025/04/07 08:19:41 algorithm: run /usr/bin/brotli --quality=11 --output=/output/swagger-ui-standalone-preset.min.js.br /tmp/work/dist/swagger-ui-standalone-preset.min.js
2025/04/07 08:19:42 br /tmp/work/dist/swagger-ui-standalone-preset.min.js -> /output/swagger-ui-standalone-preset.min.js.br
2025/04/07 08:19:42 gz /tmp/work/dist/swagger-ui-standalone-preset.min.js -> /output/swagger-ui-standalone-preset.min.js.gz
2025/04/07 08:19:42 sri /tmp/work/dist/swagger-ui-standalone-preset.js -> /output/swagger-ui-standalone-preset.js.sri
2025/04/07 08:19:42 algorithm: run /usr/bin/brotli --quality=11 --output=/output/swagger-ui-standalone-preset.js.br /tmp/work/dist/swagger-ui-standalone-preset.js
2025/04/07 08:19:42 sri /tmp/work/dist/swagger-ui-es-bundle-core.min.js -> /output/swagger-ui-es-bundle-core.min.js.sri
2025/04/07 08:19:42 algorithm: run /usr/bin/brotli --quality=11 --output=/output/swagger-ui-es-bundle-core.min.js.br /tmp/work/dist/swagger-ui-es-bundle-core.min.js
2025/04/07 08:19:42 br /tmp/work/dist/swagger-ui.js.map -> /output/swagger-ui.js.map.br
2025/04/07 08:19:42 gz /tmp/work/dist/swagger-ui.js.map -> /output/swagger-ui.js.map.gz
2025/04/07 08:19:42 br /tmp/work/dist/swagger-ui-standalone-preset.js -> /output/swagger-ui-standalone-preset.js.br
2025/04/07 08:19:42 gz /tmp/work/dist/swagger-ui-standalone-preset.js -> /output/swagger-ui-standalone-preset.js.gz
2025/04/07 08:19:43 br /tmp/work/dist/swagger-ui-es-bundle-core.min.js -> /output/swagger-ui-es-bundle-core.min.js.br
2025/04/07 08:19:43 gz /tmp/work/dist/swagger-ui-es-bundle-core.min.js -> /output/swagger-ui-es-bundle-core.min.js.gz
2025/04/07 08:19:43 sri /tmp/work/dist/swagger-ui-es-bundle-core.js -> /output/swagger-ui-es-bundle-core.js.sri
2025/04/07 08:19:43 algorithm: run /usr/bin/brotli --quality=11 --output=/output/swagger-ui-es-bundle-core.js.br /tmp/work/dist/swagger-ui-es-bundle-core.js
2025/04/07 08:19:44 sri /tmp/work/dist/swagger-ui.min.js -> /output/swagger-ui.min.js.sri
2025/04/07 08:19:44 algorithm: run /usr/bin/brotli --quality=11 --output=/output/swagger-ui.min.js.br /tmp/work/dist/swagger-ui.min.js
2025/04/07 08:19:44 br /tmp/work/dist/swagger-ui-es-bundle-core.js -> /output/swagger-ui-es-bundle-core.js.br
2025/04/07 08:19:44 gz /tmp/work/dist/swagger-ui-es-bundle-core.js -> /output/swagger-ui-es-bundle-core.js.gz
2025/04/07 08:19:44 br /tmp/work/dist/swagger-ui.min.js -> /output/swagger-ui.min.js.br
2025/04/07 08:19:44 gz /tmp/work/dist/swagger-ui.min.js -> /output/swagger-ui.min.js.gz
2025/04/07 08:19:44 sri /tmp/work/dist/swagger-ui.js -> /output/swagger-ui.js.sri
2025/04/07 08:19:44 algorithm: run /usr/bin/brotli --quality=11 --output=/output/swagger-ui.js.br /tmp/work/dist/swagger-ui.js
2025/04/07 08:19:45 br /tmp/work/dist/swagger-ui.js -> /output/swagger-ui.js.br
2025/04/07 08:19:45 gz /tmp/work/dist/swagger-ui.js -> /output/swagger-ui.js.gz
2025/04/07 08:19:52 sri /tmp/work/dist/swagger-ui-es-bundle.min.js -> /output/swagger-ui-es-bundle.min.js.sri
2025/04/07 08:19:52 algorithm: run /usr/bin/brotli --quality=11 --output=/output/swagger-ui-es-bundle.min.js.br /tmp/work/dist/swagger-ui-es-bundle.min.js
2025/04/07 08:19:53 sri /tmp/work/dist/swagger-ui-bundle.min.js -> /output/swagger-ui-bundle.min.js.sri
2025/04/07 08:19:53 algorithm: run /usr/bin/brotli --quality=11 --output=/output/swagger-ui-bundle.min.js.br /tmp/work/dist/swagger-ui-bundle.min.js
2025/04/07 08:19:55 br /tmp/work/dist/swagger-ui-es-bundle.min.js -> /output/swagger-ui-es-bundle.min.js.br
2025/04/07 08:19:55 gz /tmp/work/dist/swagger-ui-es-bundle.min.js -> /output/swagger-ui-es-bundle.min.js.gz
2025/04/07 08:19:55 sri /tmp/work/dist/swagger-ui-es-bundle.js -> /output/swagger-ui-es-bundle.js.sri
2025/04/07 08:19:55 algorithm: run /usr/bin/brotli --quality=11 --output=/output/swagger-ui-es-bundle.js.br /tmp/work/dist/swagger-ui-es-bundle.js
2025/04/07 08:19:55 br /tmp/work/dist/swagger-ui-bundle.min.js -> /output/swagger-ui-bundle.min.js.br
2025/04/07 08:19:55 gz /tmp/work/dist/swagger-ui-bundle.min.js -> /output/swagger-ui-bundle.min.js.gz
2025/04/07 08:19:55 sri /tmp/work/dist/swagger-ui-bundle.js -> /output/swagger-ui-bundle.js.sri
2025/04/07 08:19:55 algorithm: run /usr/bin/brotli --quality=11 --output=/output/swagger-ui-bundle.js.br /tmp/work/dist/swagger-ui-bundle.js
2025/04/07 08:19:57 br /tmp/work/dist/swagger-ui-es-bundle.js -> /output/swagger-ui-es-bundle.js.br
2025/04/07 08:19:57 gz /tmp/work/dist/swagger-ui-es-bundle.js -> /output/swagger-ui-es-bundle.js.gz
2025/04/07 08:19:58 br /tmp/work/dist/swagger-ui-bundle.js -> /output/swagger-ui-bundle.js.br
2025/04/07 08:19:58 gz /tmp/work/dist/swagger-ui-bundle.js -> /output/swagger-ui-bundle.js.gz
2025/04/07 08:19:58 processed swagger-ui
