2025/08/22 00:01:28 optimizing files (Js true, Css true, Png true, Jpg true)
2025/08/22 00:01:28 compress: run /node_modules/uglify-js/bin/uglifyjs (3.15.4) [--mangle --compress if_return=true -o /tmp/work/dist/browser/h3-js.min.js /tmp/work/dist/browser/h3-js.js]
2025/08/22 00:01:28 compress: run /node_modules/uglify-js/bin/uglifyjs (3.15.4) [--mangle --compress if_return=true -o /tmp/work/dist/browser/h3-js.es.min.js /tmp/work/dist/browser/h3-js.es.js]
2025/08/22 00:01:35 sri /tmp/work/dist/browser/h3-js.min.js -> /output/h3-js.min.js.sri
2025/08/22 00:01:35 algorithm: run /usr/bin/brotli --quality=11 --output=/output/h3-js.min.js.br /tmp/work/dist/browser/h3-js.min.js
2025/08/22 00:01:35 sri /tmp/work/dist/browser/h3-js.es.min.js -> /output/h3-js.es.min.js.sri
2025/08/22 00:01:35 algorithm: run /usr/bin/brotli --quality=11 --output=/output/h3-js.es.min.js.br /tmp/work/dist/browser/h3-js.es.min.js
2025/08/22 00:01:35 br /tmp/work/dist/browser/h3-js.min.js -> /output/h3-js.min.js.br
2025/08/22 00:01:35 gz /tmp/work/dist/browser/h3-js.min.js -> /output/h3-js.min.js.gz
2025/08/22 00:01:35 sri /tmp/work/dist/browser/h3-js.js -> /output/h3-js.js.sri
2025/08/22 00:01:35 algorithm: run /usr/bin/brotli --quality=11 --output=/output/h3-js.js.br /tmp/work/dist/browser/h3-js.js
2025/08/22 00:01:35 br /tmp/work/dist/browser/h3-js.es.min.js -> /output/h3-js.es.min.js.br
2025/08/22 00:01:35 gz /tmp/work/dist/browser/h3-js.es.min.js -> /output/h3-js.es.min.js.gz
2025/08/22 00:01:35 sri /tmp/work/dist/browser/h3-js.es.js -> /output/h3-js.es.js.sri
2025/08/22 00:01:35 algorithm: run /usr/bin/brotli --quality=11 --output=/output/h3-js.es.js.br /tmp/work/dist/browser/h3-js.es.js
2025/08/22 00:01:36 br /tmp/work/dist/browser/h3-js.js -> /output/h3-js.js.br
2025/08/22 00:01:36 br /tmp/work/dist/browser/h3-js.es.js -> /output/h3-js.es.js.br
2025/08/22 00:01:36 gz /tmp/work/dist/browser/h3-js.js -> /output/h3-js.js.gz
2025/08/22 00:01:36 gz /tmp/work/dist/browser/h3-js.es.js -> /output/h3-js.es.js.gz
2025/08/22 00:01:36 processed h3-js
