config: {"authors":[{"name":"meodai@gmail.com"}],"autoupdate":{"source":"npm","target":"color-name-list","fileMap":[{"basePath":"dist","files":["*.@(js|mjs|json|scss)"]}]},"description":"long list of color names","filename":"colornames.umd.js","homepage":"https://github.com/meodai/color-names#readme","keywords":["colors","color","names","naming"],"license":"MIT","name":"color-name-list","repository":{"type":"git","url":"git+https://github.com/meodai/color-names.git"},"author":"meodai@gmail.com"}
KV keys:
- color-name-list/10.28.1/colornames.bestof.esm.js.br
- color-name-list/10.28.1/colornames.bestof.esm.js.gz
- color-name-list/10.28.1/colornames.bestof.esm.min.js.br
- color-name-list/10.28.1/colornames.bestof.esm.min.js.gz
- color-name-list/10.28.1/colornames.bestof.esm.mjs.br
- color-name-list/10.28.1/colornames.bestof.esm.mjs.gz
- color-name-list/10.28.1/colornames.bestof.json.br
- color-name-list/10.28.1/colornames.bestof.json.gz
- color-name-list/10.28.1/colornames.bestof.min.json.br
- color-name-list/10.28.1/colornames.bestof.min.json.gz
- color-name-list/10.28.1/colornames.bestof.scss.br
- color-name-list/10.28.1/colornames.bestof.scss.gz
- color-name-list/10.28.1/colornames.bestof.umd.js.br
- color-name-list/10.28.1/colornames.bestof.umd.js.gz
- color-name-list/10.28.1/colornames.bestof.umd.min.js.br
- color-name-list/10.28.1/colornames.bestof.umd.min.js.gz
- color-name-list/10.28.1/colornames.esm.js.br
- color-name-list/10.28.1/colornames.esm.js.gz
- color-name-list/10.28.1/colornames.esm.min.js.br
- color-name-list/10.28.1/colornames.esm.min.js.gz
- color-name-list/10.28.1/colornames.esm.mjs.br
- color-name-list/10.28.1/colornames.esm.mjs.gz
- color-name-list/10.28.1/colornames.json.br
- color-name-list/10.28.1/colornames.json.gz
- color-name-list/10.28.1/colornames.min.json.br
- color-name-list/10.28.1/colornames.min.json.gz
- color-name-list/10.28.1/colornames.scss.br
- color-name-list/10.28.1/colornames.scss.gz
- color-name-list/10.28.1/colornames.short.esm.js.br
- color-name-list/10.28.1/colornames.short.esm.js.gz
- color-name-list/10.28.1/colornames.short.esm.min.js.br
- color-name-list/10.28.1/colornames.short.esm.min.js.gz
- color-name-list/10.28.1/colornames.short.esm.mjs.br
- color-name-list/10.28.1/colornames.short.esm.mjs.gz
- color-name-list/10.28.1/colornames.short.json.br
- color-name-list/10.28.1/colornames.short.json.gz
- color-name-list/10.28.1/colornames.short.min.json.br
- color-name-list/10.28.1/colornames.short.min.json.gz
- color-name-list/10.28.1/colornames.short.scss.br
- color-name-list/10.28.1/colornames.short.scss.gz
- color-name-list/10.28.1/colornames.short.umd.js.br
- color-name-list/10.28.1/colornames.short.umd.js.gz
- color-name-list/10.28.1/colornames.short.umd.min.js.br
- color-name-list/10.28.1/colornames.short.umd.min.js.gz
- color-name-list/10.28.1/colornames.umd.js.br
- color-name-list/10.28.1/colornames.umd.js.gz
- color-name-list/10.28.1/colornames.umd.min.js.br
- color-name-list/10.28.1/colornames.umd.min.js.gz
- color-name-list/10.28.1/history.json.br
- color-name-list/10.28.1/history.json.gz
SRIs:
- color-name-list/10.28.1/colornames.esm.js: sha512-7+DcNvic5oR+HffMd8keaBMzZhzY9TrTTrRNnyrse/yEp+7JOP4fSTvhdTngve1eCeT1U/UDtdskkdfW2MBX6w==
- color-name-list/10.28.1/colornames.short.esm.js: sha512-u8UoI+9vx7a/kE5cZMw85JCx8XAYMZ1HdUaGTY8iOBLMrqYC/pm4jSz8lIq0qQzqKMJg+ommKiq3yPIIUvAsTw==
- color-name-list/10.28.1/colornames.short.esm.min.js: sha512-viU5lYv/A9Q70eHuxX1Cs1JRxHi0RXdDWByW0Ndua13iC5T7EkmuOOvPR0DKV1uI3uBcqgOqt2GHU0fXIrY4yg==
- color-name-list/10.28.1/colornames.short.umd.min.js: sha512-dJcZNxC0/3GAjuRmxQdJ3V8k0hWwjwtJj0e1VtbIm/4JN9vUG1keIWK0KWGdCwTV8Ayl1HB2fiF1+0HowQFHFg==
- color-name-list/10.28.1/colornames.umd.min.js: sha512-Ji8JsJNUDbmmAfDpKV7jDlwigjyOv2InoqVbN8XX7SL7QICIcNiMuVsi137NkXyriq8xulPtQjvXAgtJT3ei5w==
- color-name-list/10.28.1/colornames.bestof.esm.js: sha512-HpBa1wQoSgn2meNTGquul33408AY6v3Kltl6dIz1OXoiggcil7vhAiosoyKf664QC+VwrL82OvXtVE39X/+azg==
- color-name-list/10.28.1/colornames.bestof.umd.min.js: sha512-4JZyxtMk9FGTKCPdn1LAIHa1x1iY7fH+diESiATc3xk/Heln67F+MOMPLeJX3JuWRolPzWwyUDBV0wa05eYCvQ==
- color-name-list/10.28.1/colornames.esm.min.js: sha512-7CenzWI0EaKHti/vaXf5+YeRUuPxCNqdCqIptYeduA7eOJZG4gDO4Go1KfNNZxEszSGN8mq2/e3YRP0hShMjBg==
- color-name-list/10.28.1/colornames.short.umd.js: sha512-6kCOADJtpz3841XvyxlAISAh51upPYMZrXUUaCQwt19h+vfCYLPe1FO+XUEhmL2pJOXyvpNpTav1O5vSaZIjcQ==
- color-name-list/10.28.1/colornames.umd.js: sha512-krGEkPRkyuaK80L1wGcW+dRfSMOCbu4CozhbWk1WTEVWMklQ/hBmpubJ8wZCT4+zsqcDnJXzob2zJZPjn6UBnA==
- color-name-list/10.28.1/colornames.bestof.esm.min.js: sha512-M3a4FSwjEyRnFrAFtUQ8t+N+dsayXKxqWCTaFRhWr4ZmMeqZhH7GIguAllgjfcG7pCp8ND5q2byckj1MJsGI6Q==
- color-name-list/10.28.1/colornames.bestof.umd.js: sha512-Q+jTtuu5cko4/bAV3m7o1r0Qir/rZcPJrSV73p+GDZUO6NuifW99R+Nq4seVUkUYohQPgSlk20dbw2K48utFzQ==
