Files:
- tailwindcss/0.0.0-insiders.3c937ec/chunk-JT3OR7HW.mjs.br
- tailwindcss/0.0.0-insiders.3c937ec/chunk-JT3OR7HW.mjs.gz
- tailwindcss/0.0.0-insiders.3c937ec/chunk-PGUMDM6Y.mjs.br
- tailwindcss/0.0.0-insiders.3c937ec/chunk-PGUMDM6Y.mjs.gz
- tailwindcss/0.0.0-insiders.3c937ec/chunk-XP3A2E7M.mjs.br
- tailwindcss/0.0.0-insiders.3c937ec/chunk-XP3A2E7M.mjs.gz
- tailwindcss/0.0.0-insiders.3c937ec/colors-b_6i0Oi7.d.ts.br
- tailwindcss/0.0.0-insiders.3c937ec/colors-b_6i0Oi7.d.ts.gz
- tailwindcss/0.0.0-insiders.3c937ec/colors.d.mts.br
- tailwindcss/0.0.0-insiders.3c937ec/colors.d.mts.gz
- tailwindcss/0.0.0-insiders.3c937ec/colors.d.ts.br
- tailwindcss/0.0.0-insiders.3c937ec/colors.d.ts.gz
- tailwindcss/0.0.0-insiders.3c937ec/colors.js.br
- tailwindcss/0.0.0-insiders.3c937ec/colors.js.gz
- tailwindcss/0.0.0-insiders.3c937ec/colors.js.sri
- tailwindcss/0.0.0-insiders.3c937ec/colors.min.js.br
- tailwindcss/0.0.0-insiders.3c937ec/colors.min.js.gz
- tailwindcss/0.0.0-insiders.3c937ec/colors.min.js.sri
- tailwindcss/0.0.0-insiders.3c937ec/colors.mjs.br
- tailwindcss/0.0.0-insiders.3c937ec/colors.mjs.gz
- tailwindcss/0.0.0-insiders.3c937ec/default-theme.d.mts.br
- tailwindcss/0.0.0-insiders.3c937ec/default-theme.d.mts.gz
- tailwindcss/0.0.0-insiders.3c937ec/default-theme.d.ts.br
- tailwindcss/0.0.0-insiders.3c937ec/default-theme.d.ts.gz
- tailwindcss/0.0.0-insiders.3c937ec/default-theme.js.br
- tailwindcss/0.0.0-insiders.3c937ec/default-theme.js.gz
- tailwindcss/0.0.0-insiders.3c937ec/default-theme.js.sri
- tailwindcss/0.0.0-insiders.3c937ec/default-theme.min.js.br
- tailwindcss/0.0.0-insiders.3c937ec/default-theme.min.js.gz
- tailwindcss/0.0.0-insiders.3c937ec/default-theme.min.js.sri
- tailwindcss/0.0.0-insiders.3c937ec/default-theme.mjs.br
- tailwindcss/0.0.0-insiders.3c937ec/default-theme.mjs.gz
- tailwindcss/0.0.0-insiders.3c937ec/flatten-color-palette.d.mts.br
- tailwindcss/0.0.0-insiders.3c937ec/flatten-color-palette.d.mts.gz
- tailwindcss/0.0.0-insiders.3c937ec/flatten-color-palette.d.ts.br
- tailwindcss/0.0.0-insiders.3c937ec/flatten-color-palette.d.ts.gz
- tailwindcss/0.0.0-insiders.3c937ec/flatten-color-palette.js.br
- tailwindcss/0.0.0-insiders.3c937ec/flatten-color-palette.js.gz
- tailwindcss/0.0.0-insiders.3c937ec/flatten-color-palette.js.sri
- tailwindcss/0.0.0-insiders.3c937ec/flatten-color-palette.min.js.br
- tailwindcss/0.0.0-insiders.3c937ec/flatten-color-palette.min.js.gz
- tailwindcss/0.0.0-insiders.3c937ec/flatten-color-palette.min.js.sri
- tailwindcss/0.0.0-insiders.3c937ec/flatten-color-palette.mjs.br
- tailwindcss/0.0.0-insiders.3c937ec/flatten-color-palette.mjs.gz
- tailwindcss/0.0.0-insiders.3c937ec/lib.d.mts.br
- tailwindcss/0.0.0-insiders.3c937ec/lib.d.mts.gz
- tailwindcss/0.0.0-insiders.3c937ec/lib.d.ts.br
- tailwindcss/0.0.0-insiders.3c937ec/lib.d.ts.gz
- tailwindcss/0.0.0-insiders.3c937ec/lib.js.br
- tailwindcss/0.0.0-insiders.3c937ec/lib.js.gz
- tailwindcss/0.0.0-insiders.3c937ec/lib.js.sri
- tailwindcss/0.0.0-insiders.3c937ec/lib.min.js.br
- tailwindcss/0.0.0-insiders.3c937ec/lib.min.js.gz
- tailwindcss/0.0.0-insiders.3c937ec/lib.min.js.sri
- tailwindcss/0.0.0-insiders.3c937ec/lib.mjs.br
- tailwindcss/0.0.0-insiders.3c937ec/lib.mjs.gz
- tailwindcss/0.0.0-insiders.3c937ec/plugin.d.mts.br
- tailwindcss/0.0.0-insiders.3c937ec/plugin.d.mts.gz
- tailwindcss/0.0.0-insiders.3c937ec/plugin.d.ts.br
- tailwindcss/0.0.0-insiders.3c937ec/plugin.d.ts.gz
- tailwindcss/0.0.0-insiders.3c937ec/plugin.js.br
- tailwindcss/0.0.0-insiders.3c937ec/plugin.js.gz
- tailwindcss/0.0.0-insiders.3c937ec/plugin.js.sri
- tailwindcss/0.0.0-insiders.3c937ec/plugin.min.js.br
- tailwindcss/0.0.0-insiders.3c937ec/plugin.min.js.gz
- tailwindcss/0.0.0-insiders.3c937ec/plugin.min.js.sri
- tailwindcss/0.0.0-insiders.3c937ec/plugin.mjs.br
- tailwindcss/0.0.0-insiders.3c937ec/plugin.mjs.gz
- tailwindcss/0.0.0-insiders.3c937ec/resolve-config-BIFUA2FY.d.ts.br
- tailwindcss/0.0.0-insiders.3c937ec/resolve-config-BIFUA2FY.d.ts.gz
- tailwindcss/0.0.0-insiders.3c937ec/resolve-config-QUZ9b-Gn.d.mts.br
- tailwindcss/0.0.0-insiders.3c937ec/resolve-config-QUZ9b-Gn.d.mts.gz
- tailwindcss/0.0.0-insiders.3c937ec/types-B254mqw1.d.mts.br
- tailwindcss/0.0.0-insiders.3c937ec/types-B254mqw1.d.mts.gz
