config: {"authors":[{"name":"Google Inc."}],"autoupdate":{"source":"npm","target":"@fontsource/besley","fileMap":[{"basePath":"","files":["*.css","files/*.@(woff|woff2)"]}],"excludeFromSearch":true},"description":"Self-host the Besley font in a neatly bundled NPM package.","filename":"index.css","homepage":"https://fontsource.org/fonts/besley","keywords":["fontsource","font","font family","google fonts","besley","Besley","css","sass","front-end","web","typeface","variable"],"license":"OFL-1.1","name":"fontsource-besley","repository":{"type":"git","url":"git+https://github.com/fontsource/font-files.git"},"author":"Google Inc."}
KV keys:
- fontsource-besley/5.2.6/400-italic.css.br
- fontsource-besley/5.2.6/400-italic.css.gz
- fontsource-besley/5.2.6/400-italic.min.css.br
- fontsource-besley/5.2.6/400-italic.min.css.gz
- fontsource-besley/5.2.6/400.css.br
- fontsource-besley/5.2.6/400.css.gz
- fontsource-besley/5.2.6/400.min.css.br
- fontsource-besley/5.2.6/400.min.css.gz
- fontsource-besley/5.2.6/500-italic.css.br
- fontsource-besley/5.2.6/500-italic.css.gz
- fontsource-besley/5.2.6/500-italic.min.css.br
- fontsource-besley/5.2.6/500-italic.min.css.gz
- fontsource-besley/5.2.6/500.css.br
- fontsource-besley/5.2.6/500.css.gz
- fontsource-besley/5.2.6/500.min.css.br
- fontsource-besley/5.2.6/500.min.css.gz
- fontsource-besley/5.2.6/600-italic.css.br
- fontsource-besley/5.2.6/600-italic.css.gz
- fontsource-besley/5.2.6/600-italic.min.css.br
- fontsource-besley/5.2.6/600-italic.min.css.gz
- fontsource-besley/5.2.6/600.css.br
- fontsource-besley/5.2.6/600.css.gz
- fontsource-besley/5.2.6/600.min.css.br
- fontsource-besley/5.2.6/600.min.css.gz
- fontsource-besley/5.2.6/700-italic.css.br
- fontsource-besley/5.2.6/700-italic.css.gz
- fontsource-besley/5.2.6/700-italic.min.css.br
- fontsource-besley/5.2.6/700-italic.min.css.gz
- fontsource-besley/5.2.6/700.css.br
- fontsource-besley/5.2.6/700.css.gz
- fontsource-besley/5.2.6/700.min.css.br
- fontsource-besley/5.2.6/700.min.css.gz
- fontsource-besley/5.2.6/800-italic.css.br
- fontsource-besley/5.2.6/800-italic.css.gz
- fontsource-besley/5.2.6/800-italic.min.css.br
- fontsource-besley/5.2.6/800-italic.min.css.gz
- fontsource-besley/5.2.6/800.css.br
- fontsource-besley/5.2.6/800.css.gz
- fontsource-besley/5.2.6/800.min.css.br
- fontsource-besley/5.2.6/800.min.css.gz
- fontsource-besley/5.2.6/900-italic.css.br
- fontsource-besley/5.2.6/900-italic.css.gz
- fontsource-besley/5.2.6/900-italic.min.css.br
- fontsource-besley/5.2.6/900-italic.min.css.gz
- fontsource-besley/5.2.6/900.css.br
- fontsource-besley/5.2.6/900.css.gz
- fontsource-besley/5.2.6/900.min.css.br
- fontsource-besley/5.2.6/900.min.css.gz
- fontsource-besley/5.2.6/files/besley-latin-400-italic.woff.br
- fontsource-besley/5.2.6/files/besley-latin-400-italic.woff.gz
- fontsource-besley/5.2.6/files/besley-latin-400-italic.woff2
- fontsource-besley/5.2.6/files/besley-latin-400-normal.woff.br
- fontsource-besley/5.2.6/files/besley-latin-400-normal.woff.gz
- fontsource-besley/5.2.6/files/besley-latin-400-normal.woff2
- fontsource-besley/5.2.6/files/besley-latin-500-italic.woff.br
- fontsource-besley/5.2.6/files/besley-latin-500-italic.woff.gz
- fontsource-besley/5.2.6/files/besley-latin-500-italic.woff2
- fontsource-besley/5.2.6/files/besley-latin-500-normal.woff.br
- fontsource-besley/5.2.6/files/besley-latin-500-normal.woff.gz
- fontsource-besley/5.2.6/files/besley-latin-500-normal.woff2
- fontsource-besley/5.2.6/files/besley-latin-600-italic.woff.br
- fontsource-besley/5.2.6/files/besley-latin-600-italic.woff.gz
- fontsource-besley/5.2.6/files/besley-latin-600-italic.woff2
- fontsource-besley/5.2.6/files/besley-latin-600-normal.woff.br
- fontsource-besley/5.2.6/files/besley-latin-600-normal.woff.gz
- fontsource-besley/5.2.6/files/besley-latin-600-normal.woff2
- fontsource-besley/5.2.6/files/besley-latin-700-italic.woff.br
- fontsource-besley/5.2.6/files/besley-latin-700-italic.woff.gz
- fontsource-besley/5.2.6/files/besley-latin-700-italic.woff2
- fontsource-besley/5.2.6/files/besley-latin-700-normal.woff.br
- fontsource-besley/5.2.6/files/besley-latin-700-normal.woff.gz
- fontsource-besley/5.2.6/files/besley-latin-700-normal.woff2
- fontsource-besley/5.2.6/files/besley-latin-800-italic.woff.br
- fontsource-besley/5.2.6/files/besley-latin-800-italic.woff.gz
- fontsource-besley/5.2.6/files/besley-latin-800-italic.woff2
- fontsource-besley/5.2.6/files/besley-latin-800-normal.woff.br
- fontsource-besley/5.2.6/files/besley-latin-800-normal.woff.gz
- fontsource-besley/5.2.6/files/besley-latin-800-normal.woff2
- fontsource-besley/5.2.6/files/besley-latin-900-italic.woff.br
- fontsource-besley/5.2.6/files/besley-latin-900-italic.woff.gz
- fontsource-besley/5.2.6/files/besley-latin-900-italic.woff2
- fontsource-besley/5.2.6/files/besley-latin-900-normal.woff.br
- fontsource-besley/5.2.6/files/besley-latin-900-normal.woff.gz
- fontsource-besley/5.2.6/files/besley-latin-900-normal.woff2
- fontsource-besley/5.2.6/files/besley-latin-ext-400-italic.woff.br
- fontsource-besley/5.2.6/files/besley-latin-ext-400-italic.woff.gz
- fontsource-besley/5.2.6/files/besley-latin-ext-400-italic.woff2
- fontsource-besley/5.2.6/files/besley-latin-ext-400-normal.woff.br
- fontsource-besley/5.2.6/files/besley-latin-ext-400-normal.woff.gz
- fontsource-besley/5.2.6/files/besley-latin-ext-400-normal.woff2
- fontsource-besley/5.2.6/files/besley-latin-ext-500-italic.woff.br
- fontsource-besley/5.2.6/files/besley-latin-ext-500-italic.woff.gz
- fontsource-besley/5.2.6/files/besley-latin-ext-500-italic.woff2
- fontsource-besley/5.2.6/files/besley-latin-ext-500-normal.woff.br
- fontsource-besley/5.2.6/files/besley-latin-ext-500-normal.woff.gz
- fontsource-besley/5.2.6/files/besley-latin-ext-500-normal.woff2
- fontsource-besley/5.2.6/files/besley-latin-ext-600-italic.woff.br
- fontsource-besley/5.2.6/files/besley-latin-ext-600-italic.woff.gz
- fontsource-besley/5.2.6/files/besley-latin-ext-600-italic.woff2
- fontsource-besley/5.2.6/files/besley-latin-ext-600-normal.woff.br
- fontsource-besley/5.2.6/files/besley-latin-ext-600-normal.woff.gz
- fontsource-besley/5.2.6/files/besley-latin-ext-600-normal.woff2
- fontsource-besley/5.2.6/files/besley-latin-ext-700-italic.woff.br
- fontsource-besley/5.2.6/files/besley-latin-ext-700-italic.woff.gz
- fontsource-besley/5.2.6/files/besley-latin-ext-700-italic.woff2
- fontsource-besley/5.2.6/files/besley-latin-ext-700-normal.woff.br
- fontsource-besley/5.2.6/files/besley-latin-ext-700-normal.woff.gz
- fontsource-besley/5.2.6/files/besley-latin-ext-700-normal.woff2
- fontsource-besley/5.2.6/files/besley-latin-ext-800-italic.woff.br
- fontsource-besley/5.2.6/files/besley-latin-ext-800-italic.woff.gz
- fontsource-besley/5.2.6/files/besley-latin-ext-800-italic.woff2
- fontsource-besley/5.2.6/files/besley-latin-ext-800-normal.woff.br
- fontsource-besley/5.2.6/files/besley-latin-ext-800-normal.woff.gz
- fontsource-besley/5.2.6/files/besley-latin-ext-800-normal.woff2
- fontsource-besley/5.2.6/files/besley-latin-ext-900-italic.woff.br
- fontsource-besley/5.2.6/files/besley-latin-ext-900-italic.woff.gz
- fontsource-besley/5.2.6/files/besley-latin-ext-900-italic.woff2
- fontsource-besley/5.2.6/files/besley-latin-ext-900-normal.woff.br
- fontsource-besley/5.2.6/files/besley-latin-ext-900-normal.woff.gz
- fontsource-besley/5.2.6/files/besley-latin-ext-900-normal.woff2
- fontsource-besley/5.2.6/index.css.br
- fontsource-besley/5.2.6/index.css.gz
- fontsource-besley/5.2.6/index.min.css.br
- fontsource-besley/5.2.6/index.min.css.gz
- fontsource-besley/5.2.6/latin-400-italic.css.br
- fontsource-besley/5.2.6/latin-400-italic.css.gz
- fontsource-besley/5.2.6/latin-400-italic.min.css.br
- fontsource-besley/5.2.6/latin-400-italic.min.css.gz
- fontsource-besley/5.2.6/latin-400.css.br
- fontsource-besley/5.2.6/latin-400.css.gz
- fontsource-besley/5.2.6/latin-400.min.css.br
- fontsource-besley/5.2.6/latin-400.min.css.gz
- fontsource-besley/5.2.6/latin-500-italic.css.br
- fontsource-besley/5.2.6/latin-500-italic.css.gz
- fontsource-besley/5.2.6/latin-500-italic.min.css.br
- fontsource-besley/5.2.6/latin-500-italic.min.css.gz
- fontsource-besley/5.2.6/latin-500.css.br
- fontsource-besley/5.2.6/latin-500.css.gz
- fontsource-besley/5.2.6/latin-500.min.css.br
- fontsource-besley/5.2.6/latin-500.min.css.gz
- fontsource-besley/5.2.6/latin-600-italic.css.br
- fontsource-besley/5.2.6/latin-600-italic.css.gz
- fontsource-besley/5.2.6/latin-600-italic.min.css.br
- fontsource-besley/5.2.6/latin-600-italic.min.css.gz
- fontsource-besley/5.2.6/latin-600.css.br
- fontsource-besley/5.2.6/latin-600.css.gz
- fontsource-besley/5.2.6/latin-600.min.css.br
- fontsource-besley/5.2.6/latin-600.min.css.gz
- fontsource-besley/5.2.6/latin-700-italic.css.br
- fontsource-besley/5.2.6/latin-700-italic.css.gz
- fontsource-besley/5.2.6/latin-700-italic.min.css.br
- fontsource-besley/5.2.6/latin-700-italic.min.css.gz
- fontsource-besley/5.2.6/latin-700.css.br
- fontsource-besley/5.2.6/latin-700.css.gz
- fontsource-besley/5.2.6/latin-700.min.css.br
- fontsource-besley/5.2.6/latin-700.min.css.gz
- fontsource-besley/5.2.6/latin-800-italic.css.br
- fontsource-besley/5.2.6/latin-800-italic.css.gz
- fontsource-besley/5.2.6/latin-800-italic.min.css.br
- fontsource-besley/5.2.6/latin-800-italic.min.css.gz
- fontsource-besley/5.2.6/latin-800.css.br
- fontsource-besley/5.2.6/latin-800.css.gz
- fontsource-besley/5.2.6/latin-800.min.css.br
- fontsource-besley/5.2.6/latin-800.min.css.gz
- fontsource-besley/5.2.6/latin-900-italic.css.br
- fontsource-besley/5.2.6/latin-900-italic.css.gz
- fontsource-besley/5.2.6/latin-900-italic.min.css.br
- fontsource-besley/5.2.6/latin-900-italic.min.css.gz
- fontsource-besley/5.2.6/latin-900.css.br
- fontsource-besley/5.2.6/latin-900.css.gz
- fontsource-besley/5.2.6/latin-900.min.css.br
- fontsource-besley/5.2.6/latin-900.min.css.gz
- fontsource-besley/5.2.6/latin-ext-400-italic.css.br
- fontsource-besley/5.2.6/latin-ext-400-italic.css.gz
- fontsource-besley/5.2.6/latin-ext-400-italic.min.css.br
- fontsource-besley/5.2.6/latin-ext-400-italic.min.css.gz
- fontsource-besley/5.2.6/latin-ext-400.css.br
- fontsource-besley/5.2.6/latin-ext-400.css.gz
- fontsource-besley/5.2.6/latin-ext-400.min.css.br
- fontsource-besley/5.2.6/latin-ext-400.min.css.gz
- fontsource-besley/5.2.6/latin-ext-500-italic.css.br
- fontsource-besley/5.2.6/latin-ext-500-italic.css.gz
- fontsource-besley/5.2.6/latin-ext-500-italic.min.css.br
- fontsource-besley/5.2.6/latin-ext-500-italic.min.css.gz
- fontsource-besley/5.2.6/latin-ext-500.css.br
- fontsource-besley/5.2.6/latin-ext-500.css.gz
- fontsource-besley/5.2.6/latin-ext-500.min.css.br
- fontsource-besley/5.2.6/latin-ext-500.min.css.gz
- fontsource-besley/5.2.6/latin-ext-600-italic.css.br
- fontsource-besley/5.2.6/latin-ext-600-italic.css.gz
- fontsource-besley/5.2.6/latin-ext-600-italic.min.css.br
- fontsource-besley/5.2.6/latin-ext-600-italic.min.css.gz
- fontsource-besley/5.2.6/latin-ext-600.css.br
- fontsource-besley/5.2.6/latin-ext-600.css.gz
- fontsource-besley/5.2.6/latin-ext-600.min.css.br
- fontsource-besley/5.2.6/latin-ext-600.min.css.gz
- fontsource-besley/5.2.6/latin-ext-700-italic.css.br
- fontsource-besley/5.2.6/latin-ext-700-italic.css.gz
- fontsource-besley/5.2.6/latin-ext-700-italic.min.css.br
- fontsource-besley/5.2.6/latin-ext-700-italic.min.css.gz
- fontsource-besley/5.2.6/latin-ext-700.css.br
- fontsource-besley/5.2.6/latin-ext-700.css.gz
- fontsource-besley/5.2.6/latin-ext-700.min.css.br
- fontsource-besley/5.2.6/latin-ext-700.min.css.gz
- fontsource-besley/5.2.6/latin-ext-800-italic.css.br
- fontsource-besley/5.2.6/latin-ext-800-italic.css.gz
- fontsource-besley/5.2.6/latin-ext-800-italic.min.css.br
- fontsource-besley/5.2.6/latin-ext-800-italic.min.css.gz
- fontsource-besley/5.2.6/latin-ext-800.css.br
- fontsource-besley/5.2.6/latin-ext-800.css.gz
- fontsource-besley/5.2.6/latin-ext-800.min.css.br
- fontsource-besley/5.2.6/latin-ext-800.min.css.gz
- fontsource-besley/5.2.6/latin-ext-900-italic.css.br
- fontsource-besley/5.2.6/latin-ext-900-italic.css.gz
- fontsource-besley/5.2.6/latin-ext-900-italic.min.css.br
- fontsource-besley/5.2.6/latin-ext-900-italic.min.css.gz
- fontsource-besley/5.2.6/latin-ext-900.css.br
- fontsource-besley/5.2.6/latin-ext-900.css.gz
- fontsource-besley/5.2.6/latin-ext-900.min.css.br
- fontsource-besley/5.2.6/latin-ext-900.min.css.gz
- fontsource-besley/5.2.6/latin-ext-italic.css.br
- fontsource-besley/5.2.6/latin-ext-italic.css.gz
- fontsource-besley/5.2.6/latin-ext-italic.min.css.br
- fontsource-besley/5.2.6/latin-ext-italic.min.css.gz
- fontsource-besley/5.2.6/latin-ext.css.br
- fontsource-besley/5.2.6/latin-ext.css.gz
- fontsource-besley/5.2.6/latin-ext.min.css.br
- fontsource-besley/5.2.6/latin-ext.min.css.gz
- fontsource-besley/5.2.6/latin-italic.css.br
- fontsource-besley/5.2.6/latin-italic.css.gz
- fontsource-besley/5.2.6/latin-italic.min.css.br
- fontsource-besley/5.2.6/latin-italic.min.css.gz
- fontsource-besley/5.2.6/latin.css.br
- fontsource-besley/5.2.6/latin.css.gz
- fontsource-besley/5.2.6/latin.min.css.br
- fontsource-besley/5.2.6/latin.min.css.gz
SRIs:
- fontsource-besley/5.2.6/600.css: sha512-qbw8to4s83GEbJ5PLG+t6NG6X4fimGHvl4gHuw3YjvA5ts99HTLR231aj1hyBY+MOF4sqLggVifZxcsFkXm85w==
- fontsource-besley/5.2.6/800.css: sha512-42bFz531+ClPtR6G6qJylXV5feFFa8ZE8NBJJBAerzR5YAlws++BeZXWb2QkuaeW/qUjzQxwSbkyxGWb8sRqaw==
- fontsource-besley/5.2.6/latin-ext-500.min.css: sha512-BB6bWCu1RqPturM5va1GRSsXqOeK9JM9wO5NGpHrKejwJI2S1PD7IfgDNfHS+fYbARoNG9M/pMamw0BnIJPmqQ==
- fontsource-besley/5.2.6/latin-ext-600-italic.min.css: sha512-CVnyS73JYHBnE+SSxi2Sf5FuKRsAijjyD+PwzGBHqhlcJYfZIyxMi91wV+bidBLbDdf3XybA8/QE2vvfX+PA9g==
- fontsource-besley/5.2.6/latin-ext-800.min.css: sha512-+ZGq9dBhMTKpt1lHJgheGwLBKyBpz8R1ZietnbqATq+AmJM9pImHIJhBjPhsO87aiMI4qesgnDkfFjbzS8ymsA==
- fontsource-besley/5.2.6/latin.min.css: sha512-oE3//ciGMvIc9dXHCA1PriDLG2oF5ck2oTj5VkW9gFhjVs0FN6+lq2iga3VDgbUP3AqDBtkZM6/P9Rv0GmG2wg==
- fontsource-besley/5.2.6/400.min.css: sha512-DTgW4XHZ9A3gJYOXVvFIpoauqVlgwinPaZTglMhoDPQl8veRXja/6xIaBhKDYAuaZ+zI4wLLVVFX1NBpb1RJlA==
- fontsource-besley/5.2.6/800-italic.min.css: sha512-FQVkvZVmS3n+H8CFsrIN6Vm6OGbNHcNpVFmApm74HqIZ0v7eQe/3vV3HyQChhxS+1SNe+d+i/SeGMKe4tqWTfQ==
- fontsource-besley/5.2.6/index.min.css: sha512-DTgW4XHZ9A3gJYOXVvFIpoauqVlgwinPaZTglMhoDPQl8veRXja/6xIaBhKDYAuaZ+zI4wLLVVFX1NBpb1RJlA==
- fontsource-besley/5.2.6/latin-600-italic.min.css: sha512-s+/GyRvHgLQteHg5rZgRk2GZZU4LQU1uVknlhKkIDEVwpaChXd99WVjvwOKF1wEUHBue4aogubOa+c3OIeXV0Q==
- fontsource-besley/5.2.6/latin-800.css: sha512-QckXfEZkSA7SrXgmTS/lZjkPVb0b34fSWTAa72NUkg5BYctOvpYodmkXOk0zhwCwwUOesWiGYO3gROQvfZK/Wg==
- fontsource-besley/5.2.6/latin-800.min.css: sha512-d8wssuakhZjNR+pQ0K6xqz3LwW9TMmeS/xq3UEHc/he2Vza+DAsV77MiUEQlsDrGlE1p/pZsI6ykFpdg4DPqGw==
- fontsource-besley/5.2.6/latin-ext-900-italic.min.css: sha512-eGzdnNR7KDAWCcR2P/A/0kQXgK2H56/tcjrsEOnfyyBrbqH4jmMTQg8zzstlUWZRu6ExPOFSezywYmxpqoF8CQ==
- fontsource-besley/5.2.6/latin-ext-400.css: sha512-V4kCcxQOYe+2BrFHebu4uKl9EGI5D3hyUMtqFm2bL4MC7DB1iGfJs7UI6BxS61Zz8nRdQ/tedrHmW9w3RVb+cw==
- fontsource-besley/5.2.6/latin-ext-800-italic.css: sha512-tSJd0zRutgqvqdJMRCqvfHMJxukB1y+V+HJp61kFj7eiJZR7t6QiKG6/E1HmNfjIsBmZrkrRyKTwpQHmq0DFOQ==
- fontsource-besley/5.2.6/latin-ext.css: sha512-7d71aoHcHqaTihKR//JPA/TdpAEal11JFOW7vXTL1YGnAw/PgxjlqYr9ZWN53KdrN+ke2eOtsgoT55Vf+VD5Tg==
- fontsource-besley/5.2.6/900-italic.min.css: sha512-xUeZOymvFQW67/GURYEOX+dC/65vkn6whV/gejQPBEUAgwoXh3bkm9924niiHnhJ5IpJnZqEMmoGOMdi9E0RkQ==
- fontsource-besley/5.2.6/latin-600.min.css: sha512-YeS7lq5ptQ/z3BMvyTobmJ6LfPyjOfiy37bxXJCm+j57aMfgPG+DuiQQd+GyEsj2N9n3XFCbBci0tur8DPlbPQ==
- fontsource-besley/5.2.6/latin-700-italic.min.css: sha512-CAMHLNINGGm2d19Uv7nCC9EDaGtCHGsVJTqWO8A5IUf2Bb4OTrXeee1pbBMnAAuHXfaCDGQTIJzAPNyi8Id98A==
- fontsource-besley/5.2.6/latin-900-italic.css: sha512-cXc9ebvQP/XI88UOSR9JtIy8BGdDTxZQbSx5z9+9EiQgexzBCiJR3pa/yAzLXpjf5kqqkjZHS+KD0FoMCOA8GQ==
- fontsource-besley/5.2.6/900-italic.css: sha512-NlxIiEkAOjwf2BipDcoEkbgJLClU8Tzl2G56zCcr9vhasCaLHfArUj7aNSYcQdv7fZ3tkiyUFrDT8+9tIo7iqg==
- fontsource-besley/5.2.6/latin-400-italic.css: sha512-aRkWbdnR91BRizsmfkkjstQqpqhvkHibtkSENslCeFyIJ1dOQf7uvPDQSBQt1/LeDdUkoJwXfSua/GG7ipwnuw==
- fontsource-besley/5.2.6/latin-400.min.css: sha512-2xIJLetQax/R8a7VtsqqrEHWdSVrKlU1xNuJKkSYgfu9a8vpCW335mpOkHHVQdJSC0/6ASAiomoeSZ5A4oH71A==
- fontsource-besley/5.2.6/latin-700-italic.css: sha512-BFl2PnCEKRZA6ItEFdEYQPdbQiBButGo7m3oWyM75y8lvqUCbpN0M/M15pHXdTqpREfC265JFX7zrtvZaZxTaA==
- fontsource-besley/5.2.6/latin-ext-400-italic.min.css: sha512-pV2iz1OaKBmLKH5Uq+vdP31BdpydilKfi+ioW9lgQI00r/ZcPDotywtKUZr3RuxfUM9FKhgxfgWej4HYfKjRPQ==
- fontsource-besley/5.2.6/latin-ext-600.css: sha512-+gzOAZ6BiQ5/XulaH7ATQLwCeuN1WIPfMZL0VWtHY80/RRcAR6lBCRK4BwmvwbSOVcnmIztzXeY5LdsEBa120g==
- fontsource-besley/5.2.6/latin-700.min.css: sha512-QhkvZSVXB1/cNHM7XiamjWpfxHQCi7+dFUT/STKsx8Xrca7xUemYQiiTGAw2oShb4qe3NDfxuOe62X0fmijj8g==
- fontsource-besley/5.2.6/latin-ext-700-italic.min.css: sha512-8AjSjnEQZ6wPN0mIa46wPEMVHGxvMT/IQAjl/Hqs3TbdyEbcU8lAWmYX8aKrg4ZIZkqSGVfKZudVFQS72x19Fw==
- fontsource-besley/5.2.6/latin-ext-700.min.css: sha512-GODsF6QRo2k64jUqeB7N8X1V4KZmdSTTyDb1u0pMSlGQo+W7wO4AROBWdPZOMDImjdhLUcWiO6MemdJkGqbulg==
- fontsource-besley/5.2.6/latin-ext-italic.min.css: sha512-+I5VRgCFITdF2yEadQWsGZf1NtVRsPEPWZQ0KKy+68eE/TuwV/PrNRWGkcBvYGpF06IrNqW2G3I1oYl61oxdkg==
- fontsource-besley/5.2.6/latin-ext-700-italic.css: sha512-L8AYy4sXzDN0a+KokhuOA4nliFGkLUUMfkaFz4vBEuEL/ufRvuGbEBgM7RMl2x2HpnzFfUhS80O/RSJl5Lr8jQ==
- fontsource-besley/5.2.6/600.min.css: sha512-pPs55dBKkLD9i0Be0IDMZo12hq5k+rBOP/LyGCohvRXOm0lGnek3sY7DHZPf/+Fwqx2/NuPxe+M4erfr+ewt3A==
- fontsource-besley/5.2.6/700.css: sha512-af3DVRcALxs0AHwNq9hz+jdd32yFAzG+gzS/8rAzpiRYNobOkBaAiyiC/gDBGc42aouh2tylF5J3Jj61i2SxyQ==
- fontsource-besley/5.2.6/700.min.css: sha512-AoEwh0EvhBxf3rlCCxuwhdV/OYAZoXsBWxgAR3+MhEYKYfTKyLUhmBdt1s0qyetvo01NTsAHrOobQ4SaOW5Vbg==
- fontsource-besley/5.2.6/900.css: sha512-CT063s6YYOO1KC15HrW12b+h67IH9LytS5E4QZaN12c3I8TDSuw5oaVgrWP2mD08yB5g7i0HfPK9paJOSEOGOQ==
- fontsource-besley/5.2.6/index.css: sha512-Obe2h+CqKAE43b4qG9JbI7fvD+atXqUKbSHxLt1oPQMMRX2X6U68fBmK3searUdeARAkaXEMq+7a+JMgOR4cLQ==
- fontsource-besley/5.2.6/latin-600.css: sha512-BFSKr4fU1oXoj1Z3Tsr6O8YYZD8INhbyF/a1Qy12sIS5VeNaONcfIues6MReZg07r1Xd96WQIFFmy77kDwvAyQ==
- fontsource-besley/5.2.6/latin-ext-500-italic.css: sha512-+WMSph1VHSTkdEHxve4T5RNwXwglL+2POUw7cDlQy4UhaTAiMF7Z0PwxSVAT0/sJfQvi40U1fTbJV1ZcOT1XEg==
- fontsource-besley/5.2.6/400.css: sha512-Obe2h+CqKAE43b4qG9JbI7fvD+atXqUKbSHxLt1oPQMMRX2X6U68fBmK3searUdeARAkaXEMq+7a+JMgOR4cLQ==
- fontsource-besley/5.2.6/500.css: sha512-wAfuZA0IRl+SX6MKcY2YuWIpO6NUrA+fSUOKeCtzkT+rP7hdAAoaK31lwiq8efPq7rhVQ2bQ2dv+Qyw63Ms1aQ==
- fontsource-besley/5.2.6/600-italic.css: sha512-rFwvy9/CCKbqx7/N6iguz6V5Iwzup55Cn4hT3sf08QJDh5o2WOjqm92DIblylg5DhjXZ7jHGAzFG8dZljDQqmA==
- fontsource-besley/5.2.6/700-italic.min.css: sha512-ZFCcgaCsWcutBBy8m9zEqkI8czkyJb6dcJkS1hejxeHigX8eyGswvDdHQfpaK4HA9dbhQgP38R+5HxyT3/1tyg==
- fontsource-besley/5.2.6/latin-500-italic.min.css: sha512-UT87rJkLRPA+iJdlyTGyue29CpWpgrLgGCn5CsFTr1AnogLqrRU7eQbIhKxwG9SUWQgeOFB3PsLk9g/WWMgNmw==
- fontsource-besley/5.2.6/800.min.css: sha512-tyUxerI2OlKLiJt7tINH/3/hf2qWPbbNLJPEffYqVQC/wJEvA3JDHzZKMYEFGPz4yVVlf8YZohuZXnKtiTtcvQ==
- fontsource-besley/5.2.6/latin-800-italic.min.css: sha512-0Ib17necR63rTNy4EulmcQvffFgMJS/+MbBZ+5O6mCOfm8eOaSBCjTPUQoJkMJHYcq3Zd35P3D90uNPKEOqvAA==
- fontsource-besley/5.2.6/400-italic.min.css: sha512-aj63nj3w6ZuENjLc3f7Q3fU9f1PaCyb+QVuMBjcyKzV7nlyqfFJyTDIMFq3drbmn8QAdRt7CKpEzeFyuVoKFNw==
- fontsource-besley/5.2.6/latin-400.css: sha512-uoM+G55iUo5ZQVChBx6mk4U6yApHw4tAq91n9UKSsUoKTEjZ8TZJSB2wD0AGSyHKUDXE/a7bZnOzcgpY2b1YXQ==
- fontsource-besley/5.2.6/latin-800-italic.css: sha512-/2/wGgakC5w6sLfeFRI3apUWQkhaC+2UQlM+HyxZn0/gEnIk8xcKUQabckfURN12UvuNRrFdJ5VfD2EVlEAutQ==
- fontsource-besley/5.2.6/latin-900.min.css: sha512-hMY/WAQnXgD71eQ1HI+usGKr0FJzhymcSQMVFuK/2FF7ogahWefUTNPLIg/NhlIiQoxK8qx1TK38Qu93tWpjJw==
- fontsource-besley/5.2.6/latin-ext-400.min.css: sha512-7EkhpL+fx+40UkwybsTFnX+OWD+dZUVCT5MOOhdWoKtK+n+FSKkdk/YGmkM71fwJ+ae436qotHe7S0i6oZQKBg==
- fontsource-besley/5.2.6/latin-ext-800.css: sha512-5CGFK4OXOXYpETbwIAeFeiv2EToqotqdcoveB7/9ZEhYsY0QFCzGJis/uRdLYR7ympIVIRdKP3ERTDzW5P756g==
- fontsource-besley/5.2.6/latin-ext-900.css: sha512-cYC7AjwPcDX6WgNgU2niZrD4DSWoyaoni9vAOEUCHb/NsgGTFFNoGN+2KOI4xpaWf1DdkHWoZ52FiIYjHPjYOg==
- fontsource-besley/5.2.6/latin-ext-500-italic.min.css: sha512-h3GQqrcOuLHlBlMSuklkOl3X1grRSsIxfRa1UWuLpSA1QMYPxtRKovJsHc4SwSEnMvabAuTbdehZqY46FSRRnQ==
- fontsource-besley/5.2.6/latin-italic.css: sha512-Pi6V+iQSsVSOlqmJ8CqKxklGuY87tBemop5F+KIF/5fDDgmrMJhpsGUmP7wymPmNvvxg/97OFhUztm+0WhHDXA==
- fontsource-besley/5.2.6/latin-ext-800-italic.min.css: sha512-C8XoW1So/8hHnrLFbB2WZGxbowbZR5lwuxu3LDzveFLqW2aplSGWH3NEXD1iHoNVNwaDQu4rXPLiE6rscpE6JQ==
- fontsource-besley/5.2.6/500-italic.css: sha512-9x2Iok4CY+lhtmog7DAGdqkxc+NKhaZEWKlqgwTsF0xoZ4RB5A6N2e+/hkv3vMU2XG84WS4zlbihr8bWyBC/Tw==
- fontsource-besley/5.2.6/500-italic.min.css: sha512-7dy7hypSszTrIajo4aWRepUMN8U4CGVGUqcXSeA/fmgIg+pJjXRh3/eucpjE/GAEfA1sPhNaTog8z4I05iIJHQ==
- fontsource-besley/5.2.6/latin-500.css: sha512-BAI0AUxiI594AAM2o/MrYZ75jip1JeGfHSbqLFhIfqgsz36PT/4RFx3bBcS/d+La6Mnpr0xM/fdiLwNUVarvwA==
- fontsource-besley/5.2.6/latin-600-italic.css: sha512-BJbmRAun1l1sKc4G7GBB7WyFrHsYeeLJwH9GfvuK2FEbPiyd9Q7Ya5j6KHin5/SyFoMcJNd0lGZXhkR+wRCxUw==
- fontsource-besley/5.2.6/latin-700.css: sha512-auK+C2LY/sFxxl4krnNmxtrDb+dZOPIuvlkdY/O076aax94gxWzPThbUxYsN8Opfh6veGo+8Rn4LJSgKGfzuUw==
- fontsource-besley/5.2.6/latin-ext-500.css: sha512-XsfuUarjFsmBcbRpZoLzopYFWWpn3QgYbwQWVPwqBsThAMW5BNPom9kHu0qyAOMpunEDqSik2v0EnuW92mt/pA==
- fontsource-besley/5.2.6/latin-ext-600.min.css: sha512-ef4CF6eYJ6NxvsSxfoGAkNrh2YAyYonYAxN8NvGQG1w5gVFQbgz4+f7fvpq10V7RZarBvWPtdpU2vzztgM3/qQ==
- fontsource-besley/5.2.6/400-italic.css: sha512-CXByqpAaGCeF4kXa2P0Ea3QUCywG9NWHDI6AdtaePK/925MILBAiuThikgyn2jtfT9mS16mPr25SCwmb8GVNKA==
- fontsource-besley/5.2.6/700-italic.css: sha512-iJQpYV/7w7ph+Xgc1aS3hol9aXuHCHrHunHuQutdLraPRRdt2fxNQ2BhA4yACAaREB3JmZmv/3jbRTuOB/fLFQ==
- fontsource-besley/5.2.6/latin-900.css: sha512-lzgLtU5q/H1j6gRecTrQV272Ma/j7N5yYPtzUZPBO5yW5cXvNHg4TkQlOow3Gx/L4n8Qggb4Il6DlGK4GgOYNQ==
- fontsource-besley/5.2.6/latin-italic.min.css: sha512-vpmrhqz1O0shzQlxZ7OvTDFYk4Ndgt41ZsCinWcWSwJrUZ6FRxnnXu0gM5Tu4tsaHnz13+zsDDsDRsz6wDrukA==
- fontsource-besley/5.2.6/600-italic.min.css: sha512-+WRZhCKNL9vpbyRs6ZUnBXmC9UGJdoNW17272JNbyP/qeEQk2TW3patBuRSPSV97duhWxLze6wR9GKZt+7Sklw==
- fontsource-besley/5.2.6/latin-400-italic.min.css: sha512-iCL0Ji8sp4IuPLsHH6P31D0K9U+GY+Yazd+m7QpspUoKhSxQgs/60+KeHkfpg2rZibRSPyFX3aMbjeMwr0xTqQ==
- fontsource-besley/5.2.6/latin-ext-900-italic.css: sha512-xiAVMiBG9zMKM/v16HGLOpp8apQTvR99hCGr6/FpxTfP1iDKLE1W9pccK5iMnyuy1qG4h/hwrNi7qG3fXqgVHA==
- fontsource-besley/5.2.6/latin-ext-900.min.css: sha512-tTwQ5L5hsjmGFXIA3NQGJsPnfI7qs7ceEoIJwjvVSIoVg5mTJ2xSpPNLCwMoCQydiQhbSGhSi0yPIRkaQN0ksw==
- fontsource-besley/5.2.6/500.min.css: sha512-kvQ0QFZOvT51xvBPwggHNR9VM08oQwEKWHWewjIM/CQowkEvoBZ0MI9RX1Ht1SXFBlVODANOkRvC3A2KOABtZw==
- fontsource-besley/5.2.6/800-italic.css: sha512-J36OSksvYXNQPihFYqo1UDypMphkyOEdTRRw/Noqd1oFbQcsXXJrRKnb4cbeG5rFVdXebNC5XrzRxRUuffKawg==
- fontsource-besley/5.2.6/latin-900-italic.min.css: sha512-xcuh7651DIy7Va3okTqqeRbtnPv+dFSfxGnHaRFlMtSxMvgO6yK7ZqzR5t5y6fujOBDXATfHrrRFY1vimtnM2g==
- fontsource-besley/5.2.6/latin-ext-600-italic.css: sha512-P5Q+nVJcNzODLxV7DLFi7hNoIcb9OVqNoL1VnFqGEw/Q8aI0GFhsaDym/yuBz/Sdbvbuc/D8TaiLM8S49d3+Eg==
- fontsource-besley/5.2.6/latin-ext-italic.css: sha512-jgkO3AvGtXGTrbS9WDFa4JnoR8YmvZIEiSl8avk1tj40ZmEw0qvK7sR2Qs1lBv4qQj91jLB3w5fMklc7+pggvg==
- fontsource-besley/5.2.6/900.min.css: sha512-rznC4ApYwpI+uB1V8yTXBfL8Pn31g1xnn4X1NRrq/2HF+EqaUM8AV3mIKEaAGGrpX2Ej8ujd0zZz/6M9vDsygQ==
- fontsource-besley/5.2.6/latin-500-italic.css: sha512-f5+qVP8PjevmOzWYcx5XQh1jnb/wTKh+pQm+2PlLq4JGpcM7cXNhIqyuXqEFF+JQF/yVU72mwKhaQd60/Oj1JA==
- fontsource-besley/5.2.6/latin-500.min.css: sha512-FWP9tNGK6Aou/I5I4VUTOE1Xo8iSsK7+xIf0tMJSkxZ3CvouuW51zd5IdNgimkphj/i9qtk+gwbxG0xYOvL55w==
- fontsource-besley/5.2.6/latin-ext-400-italic.css: sha512-Kj/dwR2ovi0THgcxHxgmR1jO0ItjSUPg2iZnSp0sxoESc/yrDZAheHLTxw4ktPSv0LlopKQidnqY63hhlTm9VQ==
- fontsource-besley/5.2.6/latin-ext-700.css: sha512-O8IWCrZBQGRVhJEJDir3gNG+uvf8jbLBEgJAiXFVQa8H3UIoSWplklX+YFRSTagrvIj0BFYX+UcvGjvCXRrgNQ==
- fontsource-besley/5.2.6/latin-ext.min.css: sha512-EWGH4xSjlnbeww5WzEGE0g0X0a3VuszvyIBO9hhiDgMd9wn2Wf/oLDHG5hZijW4j5+9wYsY+pAoAbbnBhxjTZQ==
- fontsource-besley/5.2.6/latin.css: sha512-6s1oQHdceTEjPiViBtCtbWlBs73/SuZCn43BEy29IilGi+oneAmoJMgYZwICy+KsvXQso+JQv3uU4qcvdEBg1A==
