config: {"authors":[{"name":"antimatter15"}],"autoupdate":{"source":"npm","target":"tesseract.js","fileMap":[{"basePath":"dist","files":["**/!(*.md)"]}]},"description":"Pure Javascript Multilingual OCR","filename":"tesseract.min.js","homepage":"http://tesseract.projectnaptha.com/","keywords":["javascript","word","language","image"],"license":"Apache-2.0","name":"tesseract.js","repository":{"type":"git","url":"https://github.com/naptha/tesseract.js.git"},"author":"antimatter15"}
KV keys:
- tesseract.js/6.0.1/tesseract.esm.min.js.br
- tesseract.js/6.0.1/tesseract.esm.min.js.gz
- tesseract.js/6.0.1/tesseract.esm.min.js.map.br
- tesseract.js/6.0.1/tesseract.esm.min.js.map.gz
- tesseract.js/6.0.1/tesseract.min.js.LICENSE.txt.br
- tesseract.js/6.0.1/tesseract.min.js.LICENSE.txt.gz
- tesseract.js/6.0.1/tesseract.min.js.br
- tesseract.js/6.0.1/tesseract.min.js.gz
- tesseract.js/6.0.1/tesseract.min.js.map.br
- tesseract.js/6.0.1/tesseract.min.js.map.gz
- tesseract.js/6.0.1/worker.min.js.LICENSE.txt.br
- tesseract.js/6.0.1/worker.min.js.LICENSE.txt.gz
- tesseract.js/6.0.1/worker.min.js.br
- tesseract.js/6.0.1/worker.min.js.gz
- tesseract.js/6.0.1/worker.min.js.map.br
- tesseract.js/6.0.1/worker.min.js.map.gz
SRIs:
- tesseract.js/6.0.1/tesseract.esm.min.js: sha512-jso/24trf/Kb6Lp5qVCujbVH0V0UmM4V594VYJImq/K/CoCdsqYy/E6zO9tfSmbj85cmgJd80TAYjgeOC9Cfsw==
- tesseract.js/6.0.1/tesseract.min.js: sha512-x3WuOingc6Q+P7pb4dV+MFLvfjIzTzk+e/HZwSdeIZ5VT5PEA67LMn60Tp3G7cj4pYVbdsPF0zjFqafDt/gOnA==
- tesseract.js/6.0.1/worker.min.js: sha512-eIXvz9h2UOjSbkQlXVNb2t96wDI7zrp4NWeeL/vO9ZvCvqbSjLbxAZXBJFOpgDdgEIMmGf1kd7q2vWHjzFRf6Q==
