config: {"authors":[{"name":"Guillaume du Pontavice","email":"g.du.pontavice@gmail.com"}],"autoupdate":{"source":"npm","target":"hls.js","fileMap":[{"basePath":"dist","files":["**/!(*-demo.*)"]}],"ignoreVersions":["*-canary.*"]},"description":"JavaScript HLS client using MediaSourceExtension","filename":"hls.min.js","homepage":"https://hls-js.netlify.com/demo/","keywords":["hls.js","video","streaming","mediasource","player"],"license":"Apache-2.0","name":"hls.js","repository":{"type":"git","url":"git://github.com/video-dev/hls.js"},"author":"Guillaume du Pontavice \u003cg.du.pontavice@gmail.com\u003e"}
KV keys:
- hls.js/1.6.8-0.canary.11404/hls.d.mts.br
- hls.js/1.6.8-0.canary.11404/hls.d.mts.gz
- hls.js/1.6.8-0.canary.11404/hls.d.ts.br
- hls.js/1.6.8-0.canary.11404/hls.d.ts.gz
- hls.js/1.6.8-0.canary.11404/hls.js.br
- hls.js/1.6.8-0.canary.11404/hls.js.d.ts.br
- hls.js/1.6.8-0.canary.11404/hls.js.d.ts.gz
- hls.js/1.6.8-0.canary.11404/hls.js.gz
- hls.js/1.6.8-0.canary.11404/hls.js.map.br
- hls.js/1.6.8-0.canary.11404/hls.js.map.gz
- hls.js/1.6.8-0.canary.11404/hls.light.js.br
- hls.js/1.6.8-0.canary.11404/hls.light.js.gz
- hls.js/1.6.8-0.canary.11404/hls.light.js.map.br
- hls.js/1.6.8-0.canary.11404/hls.light.js.map.gz
- hls.js/1.6.8-0.canary.11404/hls.light.min.js.br
- hls.js/1.6.8-0.canary.11404/hls.light.min.js.gz
- hls.js/1.6.8-0.canary.11404/hls.light.min.js.map.br
- hls.js/1.6.8-0.canary.11404/hls.light.min.js.map.gz
- hls.js/1.6.8-0.canary.11404/hls.light.mjs.br
- hls.js/1.6.8-0.canary.11404/hls.light.mjs.gz
- hls.js/1.6.8-0.canary.11404/hls.light.mjs.map.br
- hls.js/1.6.8-0.canary.11404/hls.light.mjs.map.gz
- hls.js/1.6.8-0.canary.11404/hls.min.js.br
- hls.js/1.6.8-0.canary.11404/hls.min.js.gz
- hls.js/1.6.8-0.canary.11404/hls.min.js.map.br
- hls.js/1.6.8-0.canary.11404/hls.min.js.map.gz
- hls.js/1.6.8-0.canary.11404/hls.mjs.br
- hls.js/1.6.8-0.canary.11404/hls.mjs.gz
- hls.js/1.6.8-0.canary.11404/hls.mjs.map.br
- hls.js/1.6.8-0.canary.11404/hls.mjs.map.gz
- hls.js/1.6.8-0.canary.11404/hls.worker.js.br
- hls.js/1.6.8-0.canary.11404/hls.worker.js.gz
- hls.js/1.6.8-0.canary.11404/hls.worker.js.map.br
- hls.js/1.6.8-0.canary.11404/hls.worker.js.map.gz
- hls.js/1.6.8-0.canary.11404/hls.worker.min.js.br
- hls.js/1.6.8-0.canary.11404/hls.worker.min.js.gz
SRIs:
- hls.js/1.6.8-0.canary.11404/hls.min.js: sha512-MeYbptdXqBXVQnvPGtfJPD3KzCtXQOyh2hiQDH8QKyFkANU+Ek8mdKfWEDChwmIXZ1AFuLKV4U9vGVub/jyGuw==
- hls.js/1.6.8-0.canary.11404/hls.worker.js: sha512-Omd+XWqxbcnFUy7Sy8Vodl2KRX3HdE1eDEta12GWOL1M0+Es4tKmxyK52a2d3Lq3SPl2ZKTRIF8Y85jyk0uenA==
- hls.js/1.6.8-0.canary.11404/hls.worker.min.js: sha512-a0HujjHlXscY/IXVCovIoyHdT95JlSdWZO7YnrWuroO7xspXgw42ySwHOFyC/0CGDuNjfb4ZW2UPwOBDWiBMww==
- hls.js/1.6.8-0.canary.11404/hls.js: sha512-NgIMeB1gaVgUZdD6DyRjC+6I4hYcqx1RPPRq0KDeSjEFqfhseoS2UGGWNmTTcl9IPU4CZ5AUohGWyXK6HbO/tA==
- hls.js/1.6.8-0.canary.11404/hls.light.js: sha512-+cv5HNu7K661XmAgsEPoXlNvcqpXmDf6jUPAuUzj0Sai6xPqYudDhPEsfPUDhxda/HQfMbuJ/QgfjYjgCN9Rzw==
- hls.js/1.6.8-0.canary.11404/hls.light.min.js: sha512-7ibNXMMj3L56kTIQ+21p92sLycmA23FwanIGczKUMWF/qaElcvt3U97K9OE8ew+hUZ8700kOGQilqiHxtFcoxw==
