published: 2026-09-21T08:56:32.531Z

- fontsource-fasthand/5.2.8/400.css.br
- fontsource-fasthand/5.2.8/400.css.gz
- fontsource-fasthand/5.2.8/400.min.css.br
- fontsource-fasthand/5.2.8/400.min.css.gz
- fontsource-fasthand/5.2.8/files/fasthand-khmer-400-normal.woff.br
- fontsource-fasthand/5.2.8/files/fasthand-khmer-400-normal.woff.gz
- fontsource-fasthand/5.2.8/files/fasthand-khmer-400-normal.woff2
- fontsource-fasthand/5.2.8/files/fasthand-latin-400-normal.woff.br
- fontsource-fasthand/5.2.8/files/fasthand-latin-400-normal.woff.gz
- fontsource-fasthand/5.2.8/files/fasthand-latin-400-normal.woff2
- fontsource-fasthand/5.2.8/index.css.br
- fontsource-fasthand/5.2.8/index.css.gz
- fontsource-fasthand/5.2.8/index.min.css.br
- fontsource-fasthand/5.2.8/index.min.css.gz
- fontsource-fasthand/5.2.8/khmer-400.css.br
- fontsource-fasthand/5.2.8/khmer-400.css.gz
- fontsource-fasthand/5.2.8/khmer-400.min.css.br
- fontsource-fasthand/5.2.8/khmer-400.min.css.gz
- fontsource-fasthand/5.2.8/khmer.css.br
- fontsource-fasthand/5.2.8/khmer.css.gz
- fontsource-fasthand/5.2.8/khmer.min.css.br
- fontsource-fasthand/5.2.8/khmer.min.css.gz
- fontsource-fasthand/5.2.8/latin-400.css.br
- fontsource-fasthand/5.2.8/latin-400.css.gz
- fontsource-fasthand/5.2.8/latin-400.min.css.br
- fontsource-fasthand/5.2.8/latin-400.min.css.gz
- fontsource-fasthand/5.2.8/latin.css.br
- fontsource-fasthand/5.2.8/latin.css.gz
- fontsource-fasthand/5.2.8/latin.min.css.br
- fontsource-fasthand/5.2.8/latin.min.css.gz