config: {"authors":[{"name":"andrewtelnov","email":"andrew.telnov@gmail.com"}],"autoupdate":{"source":"npm","target":"survey-react","fileMap":[{"basePath":"","files":["survey*"]}]},"description":"survey.js is a JavaScript Survey Library. It is a modern way to add a survey to your website. It uses JSON for survey metadata and results.","filename":"survey.react.min.js","homepage":"https://surveyjs.org/","keywords":["Survey","JavaScript","Bootstrap","Library","react","react-component"],"license":"MIT","name":"survey-react","repository":{"type":"git","url":"git+https://github.com/andrewtelnov/surveyjs.git"},"author":"andrewtelnov \u003candrew.telnov@gmail.com\u003e"}
KV keys:
- survey-react/1.12.28/survey.css.br
- survey-react/1.12.28/survey.css.gz
- survey-react/1.12.28/survey.css.map.br
- survey-react/1.12.28/survey.css.map.gz
- survey-react/1.12.28/survey.min.css.br
- survey-react/1.12.28/survey.min.css.gz
- survey-react/1.12.28/survey.react.d.ts.br
- survey-react/1.12.28/survey.react.d.ts.gz
- survey-react/1.12.28/survey.react.js.br
- survey-react/1.12.28/survey.react.js.gz
- survey-react/1.12.28/survey.react.js.map.br
- survey-react/1.12.28/survey.react.js.map.gz
- survey-react/1.12.28/survey.react.min.js.br
- survey-react/1.12.28/survey.react.min.js.gz
SRIs:
- survey-react/1.12.28/survey.react.js: sha512-oU6zgIIQ58Xf0248GDdONJRpD2wj6N8x70cCvVq81A2bgZOFATYCvpB4mWDmm00TAlDfb7FPJn6WUAAeK6gOuQ==
- survey-react/1.12.28/survey.react.min.js: sha512-5C0QDVQXp9Tm49WktPoEg+73Ut/CxgGkeclFFRLFcLK1c82pdcTFtacxXB1dVyiURLBVYs2iWyyk+BviJ3i8PQ==
- survey-react/1.12.28/survey.css: sha512-ypxtkaD2UlE4yobdjsOfhFfQwxCPuoDZwxhr0rjCWQmvJBbfwJECvxCyF0liH9GdF3gwqpmD0sEM/jtWXnt2rA==
- survey-react/1.12.28/survey.min.css: sha512-/yBDlVALAu/MzdQBrHRwgyRMwR4kQCNojrg/yjO3oS+VGlcJBmyyLTaCz+Vc9PcWcifBJYRfL0ak9fx+ABWlZA==
