- html-reporter/11.4.0/134.min.js.br
- html-reporter/11.4.0/134.min.js.gz
- html-reporter/11.4.0/23.min.js.br
- html-reporter/11.4.0/23.min.js.gz
- html-reporter/11.4.0/231.min.css.br
- html-reporter/11.4.0/231.min.css.gz
- html-reporter/11.4.0/231.min.js.br
- html-reporter/11.4.0/231.min.js.gz
- html-reporter/11.4.0/359.min.js.br
- html-reporter/11.4.0/359.min.js.gz
- html-reporter/11.4.0/490.min.js.br
- html-reporter/11.4.0/490.min.js.gz
- html-reporter/11.4.0/613.min.js.br
- html-reporter/11.4.0/613.min.js.gz
- html-reporter/11.4.0/641.min.js.br
- html-reporter/11.4.0/641.min.js.gz
- html-reporter/11.4.0/648.min.js.br
- html-reporter/11.4.0/648.min.js.gz
- html-reporter/11.4.0/698.min.css.br
- html-reporter/11.4.0/698.min.css.gz
- html-reporter/11.4.0/698.min.js.br
- html-reporter/11.4.0/698.min.js.gz
- html-reporter/11.4.0/741.min.js.br
- html-reporter/11.4.0/741.min.js.gz
- html-reporter/11.4.0/899.min.js.br
- html-reporter/11.4.0/899.min.js.gz
- html-reporter/11.4.0/947.min.js.br
- html-reporter/11.4.0/947.min.js.gz
- html-reporter/11.4.0/949.min.css.br
- html-reporter/11.4.0/949.min.css.gz
- html-reporter/11.4.0/949.min.js.br
- html-reporter/11.4.0/949.min.js.gz
- html-reporter/11.4.0/gui.min.css.br
- html-reporter/11.4.0/gui.min.css.gz
- html-reporter/11.4.0/gui.min.js.br
- html-reporter/11.4.0/gui.min.js.gz
- html-reporter/11.4.0/newGui.min.css.br
- html-reporter/11.4.0/newGui.min.css.gz
- html-reporter/11.4.0/newGui.min.js.br
- html-reporter/11.4.0/newGui.min.js.gz
- html-reporter/11.4.0/newReport.min.js.br
- html-reporter/11.4.0/newReport.min.js.gz
- html-reporter/11.4.0/report.min.css.br
- html-reporter/11.4.0/report.min.css.gz
- html-reporter/11.4.0/report.min.js.br
- html-reporter/11.4.0/report.min.js.gz
- html-reporter/11.4.0/search-worker.min.js.br
- html-reporter/11.4.0/search-worker.min.js.gz