config: {"authors":[{"name":"Tony Tam","email":"fehguy@gmail.com"}],"autoupdate":{"source":"git","target":"git://github.com/swagger-api/swagger-ui.git","fileMap":[{"basePath":"dist","files":["**/swagger-ui*"]}],"ignoreVersions":["v"]},"description":"Swagger UI is a dependency-free collection of HTML, JavaScript, and CSS assets that dynamically generate beautiful documentation from a Swagger-compliant API","filename":"swagger-ui.js","homepage":"http://swagger.io/","keywords":["swagger-ui","library","ajax","framework","toolkit","api"],"license":"Apache-2.0","name":"swagger-ui","repository":{"type":"git","url":"https://github.com/swagger-api/swagger-ui.git"},"author":"Tony Tam \u003cfehguy@gmail.com\u003e"}
KV keys:
- swagger-ui/5.22.0/swagger-ui-bundle.js.br
- swagger-ui/5.22.0/swagger-ui-bundle.js.gz
- swagger-ui/5.22.0/swagger-ui-bundle.js.map.br
- swagger-ui/5.22.0/swagger-ui-bundle.js.map.gz
- swagger-ui/5.22.0/swagger-ui-bundle.min.js.br
- swagger-ui/5.22.0/swagger-ui-bundle.min.js.gz
- swagger-ui/5.22.0/swagger-ui-es-bundle-core.js.br
- swagger-ui/5.22.0/swagger-ui-es-bundle-core.js.gz
- swagger-ui/5.22.0/swagger-ui-es-bundle-core.js.map.br
- swagger-ui/5.22.0/swagger-ui-es-bundle-core.js.map.gz
- swagger-ui/5.22.0/swagger-ui-es-bundle-core.min.js.br
- swagger-ui/5.22.0/swagger-ui-es-bundle-core.min.js.gz
- swagger-ui/5.22.0/swagger-ui-es-bundle.js.br
- swagger-ui/5.22.0/swagger-ui-es-bundle.js.gz
- swagger-ui/5.22.0/swagger-ui-es-bundle.js.map.br
- swagger-ui/5.22.0/swagger-ui-es-bundle.js.map.gz
- swagger-ui/5.22.0/swagger-ui-es-bundle.min.js.br
- swagger-ui/5.22.0/swagger-ui-es-bundle.min.js.gz
- swagger-ui/5.22.0/swagger-ui-standalone-preset.js.br
- swagger-ui/5.22.0/swagger-ui-standalone-preset.js.gz
- swagger-ui/5.22.0/swagger-ui-standalone-preset.js.map.br
- swagger-ui/5.22.0/swagger-ui-standalone-preset.js.map.gz
- swagger-ui/5.22.0/swagger-ui-standalone-preset.min.js.br
- swagger-ui/5.22.0/swagger-ui-standalone-preset.min.js.gz
- swagger-ui/5.22.0/swagger-ui.css.br
- swagger-ui/5.22.0/swagger-ui.css.gz
- swagger-ui/5.22.0/swagger-ui.css.map.br
- swagger-ui/5.22.0/swagger-ui.css.map.gz
- swagger-ui/5.22.0/swagger-ui.js.br
- swagger-ui/5.22.0/swagger-ui.js.gz
- swagger-ui/5.22.0/swagger-ui.js.map.br
- swagger-ui/5.22.0/swagger-ui.js.map.gz
- swagger-ui/5.22.0/swagger-ui.min.css.br
- swagger-ui/5.22.0/swagger-ui.min.css.gz
- swagger-ui/5.22.0/swagger-ui.min.js.br
- swagger-ui/5.22.0/swagger-ui.min.js.gz
SRIs:
- swagger-ui/5.22.0/swagger-ui-es-bundle.min.js: sha512-G/X90GQ2wo3Q56GIC9cAFusa4LhE+l1Evt/h8ZFRfv2UJy0pLjaVP1nNY/l+jRPvUh6o/ZhQmvONoLxYmhe3Rw==
- swagger-ui/5.22.0/swagger-ui-standalone-preset.js: sha512-OpfRyVownaTZfFLyUMvwJsNA45Bx0lmyIcRHqQrq7KJfHoVSLBGpotGLSfkRFyFS6seeFfEyJFkVFtYNa9XjRg==
- swagger-ui/5.22.0/swagger-ui-standalone-preset.min.js: sha512-yJlD9FXQ7YaxAKXhviHSt/0KqWDCkLFdCnk0Ti23HXDMEQtHLAAWMHZ+POglC1mx/MOUB//h8kci3U1JYrywpQ==
- swagger-ui/5.22.0/swagger-ui.min.css: sha512-wWpxfn2bFvPwxuqDyiJbVB0WR3ffSqJNMMryNP07frPJ1h5Xg9HIDMV1wRr1rpxT5E+KTxDrKTuWfGb1RcV8SA==
- swagger-ui/5.22.0/swagger-ui.min.js: sha512-gdAECgd/sfIUMz4stq9LGnPwNWDnMZ5Pixx97cWivuL/ywbIq9LbzOTQ4htKarrVogMOMqYA8Y3l0eYn/Eqg7w==
- swagger-ui/5.22.0/swagger-ui-es-bundle-core.js: sha512-IvNBg6LEaFA6LShgfGyTF68hATKXR8dcMFC8bcjPHQAteDrIHyyy6noy5d6xHGr7HpO+rQh8BWWL3DIGjLFFdQ==
- swagger-ui/5.22.0/swagger-ui-bundle.min.js: sha512-LpV9tqn3O0pW+svVUH/YkFMd522Yp4YFrjwg3/Kc/w5a5Ahfch79wI0/FLOkVs/z7aHoLBztOZKNIJvCewOzAw==
- swagger-ui/5.22.0/swagger-ui-es-bundle-core.min.js: sha512-SMy+DWFrnzMN5CiullvlzT4ipAmeCBRPuK7snG+AiPSpsH1MhW14fXW62fIzmUJlLBIJkOgNKVi1wKvPS63r7A==
- swagger-ui/5.22.0/swagger-ui-es-bundle.js: sha512-o1Lm4MEKWO4X+iuSig3VLhfcZRtC4L2GYWZJAxf3i1gSOx8zEU7F69hjcVFMcdymGOJIPdUO/IsTp92qiwMM4A==
- swagger-ui/5.22.0/swagger-ui.css: sha512-t9a/cuWJs1xkVFylxd1khqMbTlrHYmO4aySyVQIZr+VeVltrO9jdLAb9zb4T/Uk12WvIZTQmaB17sTqoxxsgPQ==
- swagger-ui/5.22.0/swagger-ui.js: sha512-d48LkXKn9E17jPz563w/QjxM3jojZDZTQwt25SqTHAYcx0YeignH1fhExMaUi4W/R3MzUG8Uh/GJze7H6OaNmA==
- swagger-ui/5.22.0/swagger-ui-bundle.js: sha512-zRMBde/ap9tNWIohma7I8BUk0DaTvST8ttNqyfq1o7EYxzHpNZecygArS5KtL84BDLtXC6ceI5NRlDjL4XrfTg==
