2025/06/16 22:28:56 optimizing files (Js true, Css true, Png true, Jpg true)
2025/06/16 22:28:56 compress: run /node_modules/clean-css-cli/bin/cleancss (3.3.10) [--compatibility --s0 -o /tmp/work/dist/style.min.css /tmp/work/dist/style.css]
2025/06/16 22:28:56 compress: run /node_modules/uglify-js/bin/uglifyjs (3.15.4) [--mangle --compress if_return=true -o /tmp/work/dist/index.umd.min.js /tmp/work/dist/index.umd.js]
2025/06/16 22:28:56 sri /tmp/work/dist/style.min.css -> /output/style.min.css.sri
2025/06/16 22:28:56 algorithm: run /usr/bin/brotli --quality=11 --output=/output/style.min.css.br /tmp/work/dist/style.min.css
2025/06/16 22:28:56 br /tmp/work/dist/style.min.css -> /output/style.min.css.br
2025/06/16 22:28:56 gz /tmp/work/dist/style.min.css -> /output/style.min.css.gz
2025/06/16 22:28:56 sri /tmp/work/dist/style.css -> /output/style.css.sri
2025/06/16 22:28:56 algorithm: run /usr/bin/brotli --quality=11 --output=/output/style.css.br /tmp/work/dist/style.css
2025/06/16 22:28:56 br /tmp/work/dist/style.css -> /output/style.css.br
2025/06/16 22:28:56 gz /tmp/work/dist/style.css -> /output/style.css.gz
2025/06/16 22:29:01 sri /tmp/work/dist/index.umd.min.js -> /output/index.umd.min.js.sri
2025/06/16 22:29:01 algorithm: run /usr/bin/brotli --quality=11 --output=/output/index.umd.min.js.br /tmp/work/dist/index.umd.min.js
2025/06/16 22:29:01 br /tmp/work/dist/index.umd.min.js -> /output/index.umd.min.js.br
2025/06/16 22:29:01 gz /tmp/work/dist/index.umd.min.js -> /output/index.umd.min.js.gz
2025/06/16 22:29:01 sri /tmp/work/dist/index.umd.js -> /output/index.umd.js.sri
2025/06/16 22:29:01 algorithm: run /usr/bin/brotli --quality=11 --output=/output/index.umd.js.br /tmp/work/dist/index.umd.js
2025/06/16 22:29:02 br /tmp/work/dist/index.umd.js -> /output/index.umd.js.br
2025/06/16 22:29:02 gz /tmp/work/dist/index.umd.js -> /output/index.umd.js.gz
2025/06/16 22:29:02 processed undraw-ui
