config: {"authors":[{"name":"Clerk"}],"autoupdate":{"source":"npm","target":"@clerk/clerk-js","fileMap":[{"basePath":"dist","files":["*.@(js|cjs|mjs)"]}]},"description":"Clerk JS library","filename":"clerk.min.js","homepage":"https://clerk.com/","keywords":["clerk","auth","authentication","passwordless","session","jwt"],"license":"MIT","name":"clerk-js","repository":{"type":"git","url":"https://github.com/clerk/javascript/tree/main/packages/clerk-js"},"author":"Clerk"}
KV keys:
- clerk-js/5.57.0-snapshot.v20250317132011/192_42642f_5.57.0-snapshot.v20250317132011.js.br
- clerk-js/5.57.0-snapshot.v20250317132011/192_42642f_5.57.0-snapshot.v20250317132011.js.gz
- clerk-js/5.57.0-snapshot.v20250317132011/192_42642f_5.57.0-snapshot.v20250317132011.min.js.br
- clerk-js/5.57.0-snapshot.v20250317132011/192_42642f_5.57.0-snapshot.v20250317132011.min.js.gz
- clerk-js/5.57.0-snapshot.v20250317132011/377_a33a3f_5.57.0-snapshot.v20250317132011.js.br
- clerk-js/5.57.0-snapshot.v20250317132011/377_a33a3f_5.57.0-snapshot.v20250317132011.js.gz
- clerk-js/5.57.0-snapshot.v20250317132011/377_a33a3f_5.57.0-snapshot.v20250317132011.min.js.br
- clerk-js/5.57.0-snapshot.v20250317132011/377_a33a3f_5.57.0-snapshot.v20250317132011.min.js.gz
- clerk-js/5.57.0-snapshot.v20250317132011/890_a33a3f_5.57.0-snapshot.v20250317132011.js.br
- clerk-js/5.57.0-snapshot.v20250317132011/890_a33a3f_5.57.0-snapshot.v20250317132011.js.gz
- clerk-js/5.57.0-snapshot.v20250317132011/890_a33a3f_5.57.0-snapshot.v20250317132011.min.js.br
- clerk-js/5.57.0-snapshot.v20250317132011/890_a33a3f_5.57.0-snapshot.v20250317132011.min.js.gz
- clerk-js/5.57.0-snapshot.v20250317132011/965_a33a3f_5.57.0-snapshot.v20250317132011.js.br
- clerk-js/5.57.0-snapshot.v20250317132011/965_a33a3f_5.57.0-snapshot.v20250317132011.js.gz
- clerk-js/5.57.0-snapshot.v20250317132011/965_a33a3f_5.57.0-snapshot.v20250317132011.min.js.br
- clerk-js/5.57.0-snapshot.v20250317132011/965_a33a3f_5.57.0-snapshot.v20250317132011.min.js.gz
- clerk-js/5.57.0-snapshot.v20250317132011/blankcaptcha_42642f_5.57.0-snapshot.v20250317132011.js.br
- clerk-js/5.57.0-snapshot.v20250317132011/blankcaptcha_42642f_5.57.0-snapshot.v20250317132011.js.gz
- clerk-js/5.57.0-snapshot.v20250317132011/blankcaptcha_42642f_5.57.0-snapshot.v20250317132011.min.js.br
- clerk-js/5.57.0-snapshot.v20250317132011/blankcaptcha_42642f_5.57.0-snapshot.v20250317132011.min.js.gz
- clerk-js/5.57.0-snapshot.v20250317132011/checkout_42642f_5.57.0-snapshot.v20250317132011.js.br
- clerk-js/5.57.0-snapshot.v20250317132011/checkout_42642f_5.57.0-snapshot.v20250317132011.js.gz
- clerk-js/5.57.0-snapshot.v20250317132011/checkout_42642f_5.57.0-snapshot.v20250317132011.min.js.br
- clerk-js/5.57.0-snapshot.v20250317132011/checkout_42642f_5.57.0-snapshot.v20250317132011.min.js.gz
- clerk-js/5.57.0-snapshot.v20250317132011/clerk.browser.js.br
- clerk-js/5.57.0-snapshot.v20250317132011/clerk.browser.js.gz
- clerk-js/5.57.0-snapshot.v20250317132011/clerk.browser.min.js.br
- clerk-js/5.57.0-snapshot.v20250317132011/clerk.browser.min.js.gz
- clerk-js/5.57.0-snapshot.v20250317132011/clerk.headless.browser.js.br
- clerk-js/5.57.0-snapshot.v20250317132011/clerk.headless.browser.js.gz
- clerk-js/5.57.0-snapshot.v20250317132011/clerk.headless.browser.min.js.br
- clerk-js/5.57.0-snapshot.v20250317132011/clerk.headless.browser.min.js.gz
- clerk-js/5.57.0-snapshot.v20250317132011/clerk.headless.js.br
- clerk-js/5.57.0-snapshot.v20250317132011/clerk.headless.js.gz
- clerk-js/5.57.0-snapshot.v20250317132011/clerk.headless.min.js.br
- clerk-js/5.57.0-snapshot.v20250317132011/clerk.headless.min.js.gz
- clerk-js/5.57.0-snapshot.v20250317132011/clerk.js.br
- clerk-js/5.57.0-snapshot.v20250317132011/clerk.js.gz
- clerk-js/5.57.0-snapshot.v20250317132011/clerk.min.js.br
- clerk-js/5.57.0-snapshot.v20250317132011/clerk.min.js.gz
- clerk-js/5.57.0-snapshot.v20250317132011/clerk.mjs.br
- clerk-js/5.57.0-snapshot.v20250317132011/clerk.mjs.gz
- clerk-js/5.57.0-snapshot.v20250317132011/clerk.no-rhc.js.br
- clerk-js/5.57.0-snapshot.v20250317132011/clerk.no-rhc.js.gz
- clerk-js/5.57.0-snapshot.v20250317132011/clerk.no-rhc.min.js.br
- clerk-js/5.57.0-snapshot.v20250317132011/clerk.no-rhc.min.js.gz
- clerk-js/5.57.0-snapshot.v20250317132011/clerk.no-rhc.mjs.br
- clerk-js/5.57.0-snapshot.v20250317132011/clerk.no-rhc.mjs.gz
- clerk-js/5.57.0-snapshot.v20250317132011/coinbase-wallet-sdk_42642f_5.57.0-snapshot.v20250317132011.js.br
- clerk-js/5.57.0-snapshot.v20250317132011/coinbase-wallet-sdk_42642f_5.57.0-snapshot.v20250317132011.js.gz
- clerk-js/5.57.0-snapshot.v20250317132011/coinbase-wallet-sdk_42642f_5.57.0-snapshot.v20250317132011.min.js.br
- clerk-js/5.57.0-snapshot.v20250317132011/coinbase-wallet-sdk_42642f_5.57.0-snapshot.v20250317132011.min.js.gz
- clerk-js/5.57.0-snapshot.v20250317132011/coinbase-wallet-sdk_8c4017_5.57.0-snapshot.v20250317132011.js.br
- clerk-js/5.57.0-snapshot.v20250317132011/coinbase-wallet-sdk_8c4017_5.57.0-snapshot.v20250317132011.js.gz
- clerk-js/5.57.0-snapshot.v20250317132011/coinbase-wallet-sdk_8c4017_5.57.0-snapshot.v20250317132011.min.js.br
- clerk-js/5.57.0-snapshot.v20250317132011/coinbase-wallet-sdk_8c4017_5.57.0-snapshot.v20250317132011.min.js.gz
- clerk-js/5.57.0-snapshot.v20250317132011/cookieSuffix_42642f_5.57.0-snapshot.v20250317132011.js.br
- clerk-js/5.57.0-snapshot.v20250317132011/cookieSuffix_42642f_5.57.0-snapshot.v20250317132011.js.gz
- clerk-js/5.57.0-snapshot.v20250317132011/cookieSuffix_42642f_5.57.0-snapshot.v20250317132011.min.js.br
- clerk-js/5.57.0-snapshot.v20250317132011/cookieSuffix_42642f_5.57.0-snapshot.v20250317132011.min.js.gz
- clerk-js/5.57.0-snapshot.v20250317132011/cookieSuffix_8c4017_5.57.0-snapshot.v20250317132011.js.br
- clerk-js/5.57.0-snapshot.v20250317132011/cookieSuffix_8c4017_5.57.0-snapshot.v20250317132011.js.gz
- clerk-js/5.57.0-snapshot.v20250317132011/cookieSuffix_8c4017_5.57.0-snapshot.v20250317132011.min.js.br
- clerk-js/5.57.0-snapshot.v20250317132011/cookieSuffix_8c4017_5.57.0-snapshot.v20250317132011.min.js.gz
- clerk-js/5.57.0-snapshot.v20250317132011/cookieSuffix_a33a3f_5.57.0-snapshot.v20250317132011.js.br
- clerk-js/5.57.0-snapshot.v20250317132011/cookieSuffix_a33a3f_5.57.0-snapshot.v20250317132011.js.gz
- clerk-js/5.57.0-snapshot.v20250317132011/cookieSuffix_a33a3f_5.57.0-snapshot.v20250317132011.min.js.br
- clerk-js/5.57.0-snapshot.v20250317132011/cookieSuffix_a33a3f_5.57.0-snapshot.v20250317132011.min.js.gz
- clerk-js/5.57.0-snapshot.v20250317132011/createorganization_42642f_5.57.0-snapshot.v20250317132011.js.br
- clerk-js/5.57.0-snapshot.v20250317132011/createorganization_42642f_5.57.0-snapshot.v20250317132011.js.gz
- clerk-js/5.57.0-snapshot.v20250317132011/createorganization_42642f_5.57.0-snapshot.v20250317132011.min.js.br
- clerk-js/5.57.0-snapshot.v20250317132011/createorganization_42642f_5.57.0-snapshot.v20250317132011.min.js.gz
- clerk-js/5.57.0-snapshot.v20250317132011/framework_42642f_5.57.0-snapshot.v20250317132011.js.br
- clerk-js/5.57.0-snapshot.v20250317132011/framework_42642f_5.57.0-snapshot.v20250317132011.js.gz
- clerk-js/5.57.0-snapshot.v20250317132011/framework_42642f_5.57.0-snapshot.v20250317132011.min.js.br
- clerk-js/5.57.0-snapshot.v20250317132011/framework_42642f_5.57.0-snapshot.v20250317132011.min.js.gz
- clerk-js/5.57.0-snapshot.v20250317132011/impersonationfab_42642f_5.57.0-snapshot.v20250317132011.js.br
- clerk-js/5.57.0-snapshot.v20250317132011/impersonationfab_42642f_5.57.0-snapshot.v20250317132011.js.gz
- clerk-js/5.57.0-snapshot.v20250317132011/impersonationfab_42642f_5.57.0-snapshot.v20250317132011.min.js.br
- clerk-js/5.57.0-snapshot.v20250317132011/impersonationfab_42642f_5.57.0-snapshot.v20250317132011.min.js.gz
- clerk-js/5.57.0-snapshot.v20250317132011/keylessPrompt_42642f_5.57.0-snapshot.v20250317132011.js.br
- clerk-js/5.57.0-snapshot.v20250317132011/keylessPrompt_42642f_5.57.0-snapshot.v20250317132011.js.gz
- clerk-js/5.57.0-snapshot.v20250317132011/keylessPrompt_42642f_5.57.0-snapshot.v20250317132011.min.js.br
- clerk-js/5.57.0-snapshot.v20250317132011/keylessPrompt_42642f_5.57.0-snapshot.v20250317132011.min.js.gz
- clerk-js/5.57.0-snapshot.v20250317132011/onetap_42642f_5.57.0-snapshot.v20250317132011.js.br
- clerk-js/5.57.0-snapshot.v20250317132011/onetap_42642f_5.57.0-snapshot.v20250317132011.js.gz
- clerk-js/5.57.0-snapshot.v20250317132011/onetap_42642f_5.57.0-snapshot.v20250317132011.min.js.br
- clerk-js/5.57.0-snapshot.v20250317132011/onetap_42642f_5.57.0-snapshot.v20250317132011.min.js.gz
- clerk-js/5.57.0-snapshot.v20250317132011/organizationlist_42642f_5.57.0-snapshot.v20250317132011.js.br
- clerk-js/5.57.0-snapshot.v20250317132011/organizationlist_42642f_5.57.0-snapshot.v20250317132011.js.gz
- clerk-js/5.57.0-snapshot.v20250317132011/organizationlist_42642f_5.57.0-snapshot.v20250317132011.min.js.br
- clerk-js/5.57.0-snapshot.v20250317132011/organizationlist_42642f_5.57.0-snapshot.v20250317132011.min.js.gz
- clerk-js/5.57.0-snapshot.v20250317132011/organizationprofile_42642f_5.57.0-snapshot.v20250317132011.js.br
- clerk-js/5.57.0-snapshot.v20250317132011/organizationprofile_42642f_5.57.0-snapshot.v20250317132011.js.gz
- clerk-js/5.57.0-snapshot.v20250317132011/organizationprofile_42642f_5.57.0-snapshot.v20250317132011.min.js.br
- clerk-js/5.57.0-snapshot.v20250317132011/organizationprofile_42642f_5.57.0-snapshot.v20250317132011.min.js.gz
- clerk-js/5.57.0-snapshot.v20250317132011/organizationswitcher_42642f_5.57.0-snapshot.v20250317132011.js.br
- clerk-js/5.57.0-snapshot.v20250317132011/organizationswitcher_42642f_5.57.0-snapshot.v20250317132011.js.gz
- clerk-js/5.57.0-snapshot.v20250317132011/organizationswitcher_42642f_5.57.0-snapshot.v20250317132011.min.js.br
- clerk-js/5.57.0-snapshot.v20250317132011/organizationswitcher_42642f_5.57.0-snapshot.v20250317132011.min.js.gz
- clerk-js/5.57.0-snapshot.v20250317132011/prefetchorganizationlist_42642f_5.57.0-snapshot.v20250317132011.js.br
- clerk-js/5.57.0-snapshot.v20250317132011/prefetchorganizationlist_42642f_5.57.0-snapshot.v20250317132011.js.gz
- clerk-js/5.57.0-snapshot.v20250317132011/prefetchorganizationlist_42642f_5.57.0-snapshot.v20250317132011.min.js.br
- clerk-js/5.57.0-snapshot.v20250317132011/prefetchorganizationlist_42642f_5.57.0-snapshot.v20250317132011.min.js.gz
- clerk-js/5.57.0-snapshot.v20250317132011/pricingTable_42642f_5.57.0-snapshot.v20250317132011.js.br
- clerk-js/5.57.0-snapshot.v20250317132011/pricingTable_42642f_5.57.0-snapshot.v20250317132011.js.gz
- clerk-js/5.57.0-snapshot.v20250317132011/pricingTable_42642f_5.57.0-snapshot.v20250317132011.min.js.br
- clerk-js/5.57.0-snapshot.v20250317132011/pricingTable_42642f_5.57.0-snapshot.v20250317132011.min.js.gz
- clerk-js/5.57.0-snapshot.v20250317132011/sessionTask_42642f_5.57.0-snapshot.v20250317132011.js.br
- clerk-js/5.57.0-snapshot.v20250317132011/sessionTask_42642f_5.57.0-snapshot.v20250317132011.js.gz
- clerk-js/5.57.0-snapshot.v20250317132011/sessionTask_42642f_5.57.0-snapshot.v20250317132011.min.js.br
- clerk-js/5.57.0-snapshot.v20250317132011/sessionTask_42642f_5.57.0-snapshot.v20250317132011.min.js.gz
- clerk-js/5.57.0-snapshot.v20250317132011/signin_42642f_5.57.0-snapshot.v20250317132011.js.br
- clerk-js/5.57.0-snapshot.v20250317132011/signin_42642f_5.57.0-snapshot.v20250317132011.js.gz
- clerk-js/5.57.0-snapshot.v20250317132011/signin_42642f_5.57.0-snapshot.v20250317132011.min.js.br
- clerk-js/5.57.0-snapshot.v20250317132011/signin_42642f_5.57.0-snapshot.v20250317132011.min.js.gz
- clerk-js/5.57.0-snapshot.v20250317132011/signup_42642f_5.57.0-snapshot.v20250317132011.js.br
- clerk-js/5.57.0-snapshot.v20250317132011/signup_42642f_5.57.0-snapshot.v20250317132011.js.gz
- clerk-js/5.57.0-snapshot.v20250317132011/signup_42642f_5.57.0-snapshot.v20250317132011.min.js.br
- clerk-js/5.57.0-snapshot.v20250317132011/signup_42642f_5.57.0-snapshot.v20250317132011.min.js.gz
- clerk-js/5.57.0-snapshot.v20250317132011/ui-common_42642f_5.57.0-snapshot.v20250317132011.js.br
- clerk-js/5.57.0-snapshot.v20250317132011/ui-common_42642f_5.57.0-snapshot.v20250317132011.js.gz
- clerk-js/5.57.0-snapshot.v20250317132011/ui-common_42642f_5.57.0-snapshot.v20250317132011.min.js.br
- clerk-js/5.57.0-snapshot.v20250317132011/ui-common_42642f_5.57.0-snapshot.v20250317132011.min.js.gz
- clerk-js/5.57.0-snapshot.v20250317132011/userbutton_42642f_5.57.0-snapshot.v20250317132011.js.br
- clerk-js/5.57.0-snapshot.v20250317132011/userbutton_42642f_5.57.0-snapshot.v20250317132011.js.gz
- clerk-js/5.57.0-snapshot.v20250317132011/userbutton_42642f_5.57.0-snapshot.v20250317132011.min.js.br
- clerk-js/5.57.0-snapshot.v20250317132011/userbutton_42642f_5.57.0-snapshot.v20250317132011.min.js.gz
- clerk-js/5.57.0-snapshot.v20250317132011/userprofile_42642f_5.57.0-snapshot.v20250317132011.js.br
- clerk-js/5.57.0-snapshot.v20250317132011/userprofile_42642f_5.57.0-snapshot.v20250317132011.js.gz
- clerk-js/5.57.0-snapshot.v20250317132011/userprofile_42642f_5.57.0-snapshot.v20250317132011.min.js.br
- clerk-js/5.57.0-snapshot.v20250317132011/userprofile_42642f_5.57.0-snapshot.v20250317132011.min.js.gz
- clerk-js/5.57.0-snapshot.v20250317132011/userverification_42642f_5.57.0-snapshot.v20250317132011.js.br
- clerk-js/5.57.0-snapshot.v20250317132011/userverification_42642f_5.57.0-snapshot.v20250317132011.js.gz
- clerk-js/5.57.0-snapshot.v20250317132011/userverification_42642f_5.57.0-snapshot.v20250317132011.min.js.br
- clerk-js/5.57.0-snapshot.v20250317132011/userverification_42642f_5.57.0-snapshot.v20250317132011.min.js.gz
- clerk-js/5.57.0-snapshot.v20250317132011/vendors_42642f_5.57.0-snapshot.v20250317132011.js.br
- clerk-js/5.57.0-snapshot.v20250317132011/vendors_42642f_5.57.0-snapshot.v20250317132011.js.gz
- clerk-js/5.57.0-snapshot.v20250317132011/vendors_42642f_5.57.0-snapshot.v20250317132011.min.js.br
- clerk-js/5.57.0-snapshot.v20250317132011/vendors_42642f_5.57.0-snapshot.v20250317132011.min.js.gz
- clerk-js/5.57.0-snapshot.v20250317132011/vendors_8c4017_5.57.0-snapshot.v20250317132011.js.br
- clerk-js/5.57.0-snapshot.v20250317132011/vendors_8c4017_5.57.0-snapshot.v20250317132011.js.gz
- clerk-js/5.57.0-snapshot.v20250317132011/vendors_8c4017_5.57.0-snapshot.v20250317132011.min.js.br
- clerk-js/5.57.0-snapshot.v20250317132011/vendors_8c4017_5.57.0-snapshot.v20250317132011.min.js.gz
- clerk-js/5.57.0-snapshot.v20250317132011/waitlist_42642f_5.57.0-snapshot.v20250317132011.js.br
- clerk-js/5.57.0-snapshot.v20250317132011/waitlist_42642f_5.57.0-snapshot.v20250317132011.js.gz
- clerk-js/5.57.0-snapshot.v20250317132011/waitlist_42642f_5.57.0-snapshot.v20250317132011.min.js.br
- clerk-js/5.57.0-snapshot.v20250317132011/waitlist_42642f_5.57.0-snapshot.v20250317132011.min.js.gz
- clerk-js/5.57.0-snapshot.v20250317132011/zxcvbn-common_42642f_5.57.0-snapshot.v20250317132011.js.br
- clerk-js/5.57.0-snapshot.v20250317132011/zxcvbn-common_42642f_5.57.0-snapshot.v20250317132011.js.gz
- clerk-js/5.57.0-snapshot.v20250317132011/zxcvbn-common_42642f_5.57.0-snapshot.v20250317132011.min.js.br
- clerk-js/5.57.0-snapshot.v20250317132011/zxcvbn-common_42642f_5.57.0-snapshot.v20250317132011.min.js.gz
- clerk-js/5.57.0-snapshot.v20250317132011/zxcvbn-common_8c4017_5.57.0-snapshot.v20250317132011.js.br
- clerk-js/5.57.0-snapshot.v20250317132011/zxcvbn-common_8c4017_5.57.0-snapshot.v20250317132011.js.gz
- clerk-js/5.57.0-snapshot.v20250317132011/zxcvbn-common_8c4017_5.57.0-snapshot.v20250317132011.min.js.br
- clerk-js/5.57.0-snapshot.v20250317132011/zxcvbn-common_8c4017_5.57.0-snapshot.v20250317132011.min.js.gz
- clerk-js/5.57.0-snapshot.v20250317132011/zxcvbn-ts-core_42642f_5.57.0-snapshot.v20250317132011.js.br
- clerk-js/5.57.0-snapshot.v20250317132011/zxcvbn-ts-core_42642f_5.57.0-snapshot.v20250317132011.js.gz
- clerk-js/5.57.0-snapshot.v20250317132011/zxcvbn-ts-core_42642f_5.57.0-snapshot.v20250317132011.min.js.br
- clerk-js/5.57.0-snapshot.v20250317132011/zxcvbn-ts-core_42642f_5.57.0-snapshot.v20250317132011.min.js.gz
- clerk-js/5.57.0-snapshot.v20250317132011/zxcvbn-ts-core_8c4017_5.57.0-snapshot.v20250317132011.js.br
- clerk-js/5.57.0-snapshot.v20250317132011/zxcvbn-ts-core_8c4017_5.57.0-snapshot.v20250317132011.js.gz
- clerk-js/5.57.0-snapshot.v20250317132011/zxcvbn-ts-core_8c4017_5.57.0-snapshot.v20250317132011.min.js.br
- clerk-js/5.57.0-snapshot.v20250317132011/zxcvbn-ts-core_8c4017_5.57.0-snapshot.v20250317132011.min.js.gz
SRIs:
- clerk-js/5.57.0-snapshot.v20250317132011/377_a33a3f_5.57.0-snapshot.v20250317132011.js: sha512-zc8F3yZk25QQjJrOShqLpeNBhA8ix9HZTcTIrQiPU60F0OKzyPgSPRi+CPwhDzAP7iSnJme4ws73O3/7Qicq0w==
- clerk-js/5.57.0-snapshot.v20250317132011/clerk.no-rhc.js: sha512-RMdLhd7DTPmoa2cs1URiCWg8Fd3dMKzXUMaCCH6cZfYCQqEJ9daGj/UCiZGwb3zEc86woeIVH6AYSCTd/EFbuw==
- clerk-js/5.57.0-snapshot.v20250317132011/vendors_42642f_5.57.0-snapshot.v20250317132011.min.js: sha512-Jpn+A6umpgCmu0XvyhoixldoewWFUuwcKXKdgBlRW8jVaX6nHyWKU+vmrpEyjXXtBAyCaiTv9YkQGaExxOIdSA==
- clerk-js/5.57.0-snapshot.v20250317132011/vendors_8c4017_5.57.0-snapshot.v20250317132011.min.js: sha512-g4RuY+I+s/H0OIi8AxCaJozKGXjtlbcAAqVi+gXahsnCWx34mPL8NnuwatR1VV0s1VEalcS2zUG2iF8tjFP8+A==
- clerk-js/5.57.0-snapshot.v20250317132011/192_42642f_5.57.0-snapshot.v20250317132011.js: sha512-GJTITNWQ72z8qugW6jBsYxwh9dJjKSkLXV5Ehv9yiGRIML13cRPcR9w74eqs1qWpb+kXIDdX6xy9xward7WVqg==
- clerk-js/5.57.0-snapshot.v20250317132011/890_a33a3f_5.57.0-snapshot.v20250317132011.js: sha512-fJyLr7eyoRcxY4VoMqOrIvUfxOV20tqKiaz+bSQ7mdi09zQ7lwu2ZNK8F+hkpZXWjfH1fbNLGhqXXW/pvdMjTQ==
- clerk-js/5.57.0-snapshot.v20250317132011/cookieSuffix_8c4017_5.57.0-snapshot.v20250317132011.min.js: sha512-IJE0CiJEmdq03APLKkIPgq2PbtP14FrxDhSgsZ2Y9XfYD9CxRjUvXffvbzdaio5H6aCgWKbQ2k/1+J+EsNDvew==
- clerk-js/5.57.0-snapshot.v20250317132011/userbutton_42642f_5.57.0-snapshot.v20250317132011.js: sha512-A+y9CkFZAtK88qJ1rlrM6lHqSv1LEN5cFVj+x20NxDPDHEGYtc9O+dgAot0a/7Yv2MnK/yWVSTzqakSmp/p94A==
- clerk-js/5.57.0-snapshot.v20250317132011/zxcvbn-common_8c4017_5.57.0-snapshot.v20250317132011.js: sha512-boX5uXNRQZQYN/W2CHlD1c+GxJz/eIvxQEB/NHUf35Kqhj/LVz3BNsbzlnJ//KfJNGLq2kp2aOx1pEYCA2ZJ1g==
- clerk-js/5.57.0-snapshot.v20250317132011/192_42642f_5.57.0-snapshot.v20250317132011.min.js: sha512-D820Z4Yp4cYDBrMSXDGyVg2gVBQAhXnRyadyXHwVgUPzhIkzllDcXamWmGg09gL5/qtCErxEXBzsQOjUcMdxwA==
- clerk-js/5.57.0-snapshot.v20250317132011/signup_42642f_5.57.0-snapshot.v20250317132011.js: sha512-Z96bCuTobCV96Mo+iliB6N1k48Ze1Q/NVAaNUJIQNYNmBYqII1LWmcBNPWdUZbi9PzbxW6pd/nURSkbSaCCR9w==
- clerk-js/5.57.0-snapshot.v20250317132011/waitlist_42642f_5.57.0-snapshot.v20250317132011.min.js: sha512-FCAQP4zcp4sH6mos7YJzEaAyfNJoHZjGvS1J2MZ07EZGhyOAdRMs8+OcXrbgPQ2uNzCt0CfcifamLqLwhshyQg==
- clerk-js/5.57.0-snapshot.v20250317132011/zxcvbn-common_8c4017_5.57.0-snapshot.v20250317132011.min.js: sha512-y9gRF5Ka0unhVB2xoG/Bj2bzMBaPmpTTA9TH7eV8uiBXGRYf00rNezp5SflLdYFXtbsBj8le/1j/wf0t9ArKog==
- clerk-js/5.57.0-snapshot.v20250317132011/zxcvbn-ts-core_42642f_5.57.0-snapshot.v20250317132011.js: sha512-u1R07OFG77/ApUc4X39jIggIaisrN9w+/I/bMkjOmgcCYIsM1u3/GJBonYkOC6KFAAyoCbEaTQfg7yI8pqKQMQ==
- clerk-js/5.57.0-snapshot.v20250317132011/organizationprofile_42642f_5.57.0-snapshot.v20250317132011.min.js: sha512-fdLURG37V7LeAQAGZaiYmfwSdP4RV5umQGOPDNi7ZUbIYiwm7PGTjwOSN+zBRKyow3YlI1kglXi97om8aVPeRA==
- clerk-js/5.57.0-snapshot.v20250317132011/impersonationfab_42642f_5.57.0-snapshot.v20250317132011.min.js: sha512-kOCHFSyhfJzAv6hxd71tF8WpUGktKLK0/2e1T6Tlebljv0GvFixRgtfaqSKEl/fNMAETBltOJl/zCf5lHhwOfg==
- clerk-js/5.57.0-snapshot.v20250317132011/organizationprofile_42642f_5.57.0-snapshot.v20250317132011.js: sha512-dnlkpB26v4idVoxTc2Eamn2cqSq7EO0D6HiRWE38S5ynHFpm2szzkugoikgWbkea3+/YysWomNHPggGvTK3dQg==
- clerk-js/5.57.0-snapshot.v20250317132011/ui-common_42642f_5.57.0-snapshot.v20250317132011.js: sha512-wmpq3IrA94KruGc2E5RSs/IhyR9LO7SWQyhAzkRQU64IwIHhw37V0Gjer/YgI68DfQGJXGr0bg0j/4pd/MrJ3A==
- clerk-js/5.57.0-snapshot.v20250317132011/zxcvbn-ts-core_8c4017_5.57.0-snapshot.v20250317132011.min.js: sha512-ehVFQI3Q5B22PedBZ61SoCgmlVgE/7x8GtncAZJHp9Y4jjysZ6bykR43MSAJNr8sIV/Ea3pLNmWqzOIEmNhMSw==
- clerk-js/5.57.0-snapshot.v20250317132011/965_a33a3f_5.57.0-snapshot.v20250317132011.js: sha512-wwA9njlxlsLhRHDycSFJcLeupDJXe/GOIfY77JYrvgr6t0c5yHN47YUjarYBNezgVlk9dqwpLgOictg6x0EW1Q==
- clerk-js/5.57.0-snapshot.v20250317132011/createorganization_42642f_5.57.0-snapshot.v20250317132011.min.js: sha512-DxwNsdC9RDefhflG2mJ9HcH56m9exqljQmW29KmOKK8KcCLwtgvcYDIp2YM5jvcW0rSvkQR0Y6D8+gOY/Rz3SA==
- clerk-js/5.57.0-snapshot.v20250317132011/sessionTask_42642f_5.57.0-snapshot.v20250317132011.min.js: sha512-mcWfuQ770OVYqoswWvHS4jPXq3ALemSHEGtQKm3aRnkqj1TTeN3zoAGC5cljoDu1MI2z0iPXfKk9I961C1nSNg==
- clerk-js/5.57.0-snapshot.v20250317132011/zxcvbn-common_42642f_5.57.0-snapshot.v20250317132011.min.js: sha512-aCh2ygfnro5vZf81EzHC+a/0h3M9TnJ00IBt7iXKLjzLgyI3auAtH1LiZ+RWZSr6GgzVCxn+vp4qecJpbYQxzQ==
- clerk-js/5.57.0-snapshot.v20250317132011/clerk.js: sha512-opD4tsu5vyJWS1eHWz1fCHxjqkod8iAc6cW9/z7aqEJ91NKDXOLL53yls/asVso9/WLdpWuLbo/OPJFa0AZHgQ==
- clerk-js/5.57.0-snapshot.v20250317132011/framework_42642f_5.57.0-snapshot.v20250317132011.js: sha512-tzb6+xSCXoHW1A/3MvW/WzBy3nMxuZEp/FmtWopEUDBhpxur1MmgmFPyLowrAEXTntykggo2DAQQxBxeFDT5ug==
- clerk-js/5.57.0-snapshot.v20250317132011/keylessPrompt_42642f_5.57.0-snapshot.v20250317132011.js: sha512-MgCOs/KqZG4krkRegb94I8KPBgGl7J51q9oAW1QQXQOy/4t4U0ndoSvp17aem0bLPlqEdRkIJu025oLIIKcrlw==
- clerk-js/5.57.0-snapshot.v20250317132011/organizationlist_42642f_5.57.0-snapshot.v20250317132011.js: sha512-Lof3ZFjrb1MLPrPh4cotYFwGhC/NZVI+gjju7Wpuhwy+82N1OWyNMgcebjuAuvZphdEq0xE4CVYFwgL4Qu4ssA==
- clerk-js/5.57.0-snapshot.v20250317132011/ui-common_42642f_5.57.0-snapshot.v20250317132011.min.js: sha512-8zni4c1PcJYkrtMiwlh1LQ73tPorE0c5SSfpW45JS5TvmJPXeenSF+KuFevsBpLaIG49H7Ony3u9n1ppmFKvhw==
- clerk-js/5.57.0-snapshot.v20250317132011/zxcvbn-ts-core_42642f_5.57.0-snapshot.v20250317132011.min.js: sha512-ehVFQI3Q5B22PedBZ61SoCgmlVgE/7x8GtncAZJHp9Y4jjysZ6bykR43MSAJNr8sIV/Ea3pLNmWqzOIEmNhMSw==
- clerk-js/5.57.0-snapshot.v20250317132011/coinbase-wallet-sdk_8c4017_5.57.0-snapshot.v20250317132011.js: sha512-zsMxKfk3FVycks+FAkdfYxN5nPwWS2YwahF3420dqllixlk5RFx/tG+bLIG0F7HmXPvTwLkzLZQQzBrDvQaIVQ==
- clerk-js/5.57.0-snapshot.v20250317132011/coinbase-wallet-sdk_8c4017_5.57.0-snapshot.v20250317132011.min.js: sha512-0kD7RWMhSF+z/MvkILSfl6UcQjg1zNm89dkKCIrOLsX6MXRYIuziueKxakjzl9lAaeRQaIBOR36CsFouW+/c2Q==
- clerk-js/5.57.0-snapshot.v20250317132011/cookieSuffix_a33a3f_5.57.0-snapshot.v20250317132011.min.js: sha512-4EUpSUHonBKrBJLqwevyDFCyTVJz/+Wr7b2xKgHYgjZt1NZtxiTd/kVMpRKuzrZTgnG5XlpPer2sG76Xz14NSQ==
- clerk-js/5.57.0-snapshot.v20250317132011/userprofile_42642f_5.57.0-snapshot.v20250317132011.js: sha512-GoG4SjqWR65y2QT0YqmeCENqqovELsBHRv+7MzT8KJMHxdsVWfsoPyXXN3jWAoXhqj9nNVyKAgR2NYZf+Hu1BA==
- clerk-js/5.57.0-snapshot.v20250317132011/clerk.browser.min.js: sha512-N8byU+Q5tWeM+ltO2c/Ur/JvG83NXYdX2qJRqAOpKWc2oDhmy1L21WO02FZwteaZQ5TUBVgKDaxf+GnyNAfOIQ==
- clerk-js/5.57.0-snapshot.v20250317132011/clerk.headless.browser.js: sha512-+PD7aA6kPoM+lzHimOOyYgoJkyFFFqchWD28btEJiQ+kYWjsBZuOdPLHTLxtgZgLzSrzccDREWbg3AkyZ7/C9Q==
- clerk-js/5.57.0-snapshot.v20250317132011/cookieSuffix_42642f_5.57.0-snapshot.v20250317132011.min.js: sha512-vg9W90KEqH+vc1JFRH1saEVXiUZnoB4PjRAUIK93ot8dTBNFw5s4bdxfDujpqxfPLF9nfaOTDTwxPkEGE9X40g==
- clerk-js/5.57.0-snapshot.v20250317132011/impersonationfab_42642f_5.57.0-snapshot.v20250317132011.js: sha512-Lv0ksll8XNz3yS2tSTJgYo6P08eiKG0v8ZVDKIDeNqXjOnvzvvP10Z5lRqkWRWw5cQ8C0BoCSpSLhwqK3aQVNQ==
- clerk-js/5.57.0-snapshot.v20250317132011/prefetchorganizationlist_42642f_5.57.0-snapshot.v20250317132011.js: sha512-74040lpCiyxgaEAxKPj7uWpyRrMnOIha+sFU4UdQwP7u/g6VBvwMslALUC1YC9gvaNOAsPWiD5Le209YhL1LvA==
- clerk-js/5.57.0-snapshot.v20250317132011/waitlist_42642f_5.57.0-snapshot.v20250317132011.js: sha512-dzDfYspLCdB+g81IhqjeOLbLtpkApCG3BVYjpdmCW3Pd2IxiaJmqYTdfWqO70HrvAvykTyZLthfNHnmZ3FfB4A==
- clerk-js/5.57.0-snapshot.v20250317132011/zxcvbn-ts-core_8c4017_5.57.0-snapshot.v20250317132011.js: sha512-u1R07OFG77/ApUc4X39jIggIaisrN9w+/I/bMkjOmgcCYIsM1u3/GJBonYkOC6KFAAyoCbEaTQfg7yI8pqKQMQ==
- clerk-js/5.57.0-snapshot.v20250317132011/clerk.browser.js: sha512-OQdizBSuI7ctZ5T6IOkfNzHPEgbfUhUAJvDqBfKrVBA8+HmSQsISTPsnhRU3jp82pJCCV2/upKAAqQXa9aOaiA==
- clerk-js/5.57.0-snapshot.v20250317132011/cookieSuffix_a33a3f_5.57.0-snapshot.v20250317132011.js: sha512-DbbncaS2EQBxFJTxSV84ifuy40zRRwOUsx11FPksOP6nbyXhy+a+lxx5qT7zo6kSuMbAeHP0IBvdKuLx+5wlsA==
- clerk-js/5.57.0-snapshot.v20250317132011/pricingTable_42642f_5.57.0-snapshot.v20250317132011.js: sha512-k1Z7Sz8GNDVmkEaLcUfkAcC8+ncgqETSFRZEGyx/lmYX4CIOHAascToVMvRB8g/VT3Pb7utddWKdjGNPHOp6WQ==
- clerk-js/5.57.0-snapshot.v20250317132011/sessionTask_42642f_5.57.0-snapshot.v20250317132011.js: sha512-jUXp4bVP9Jqnkd5Naam6tcqC2Ee2K/mivRr4I2v3YerrbPL4GLzUm3OGXoL70Jb1YR10VumcBV0yEZ1hAVUJ7g==
- clerk-js/5.57.0-snapshot.v20250317132011/blankcaptcha_42642f_5.57.0-snapshot.v20250317132011.js: sha512-kjqIuQNI81xs3QyFVzmeY0ET5wokEMVMFaKxKpLCil4jyQKlFIJ0hEC9afTd5pt62TREEqVrxxO1GZFVJW7VZQ==
- clerk-js/5.57.0-snapshot.v20250317132011/prefetchorganizationlist_42642f_5.57.0-snapshot.v20250317132011.min.js: sha512-L5dAoeZDwsW1wv9AUvhmPe5PmzMXrcDsaIs7A6SXVxockmtwZZXkhi2H9o/Rb+sUX3GsNxVkgU46kRmqipUCHA==
- clerk-js/5.57.0-snapshot.v20250317132011/signin_42642f_5.57.0-snapshot.v20250317132011.min.js: sha512-909GJNozfWdmx1FxS0yWWpSvyID6FMWPLuLaXDh3pRkdCsstdS36aTQj15Uruwdc4D75S28RYOBEa+ezQmpCuQ==
- clerk-js/5.57.0-snapshot.v20250317132011/signup_42642f_5.57.0-snapshot.v20250317132011.min.js: sha512-a9HcDnUsa5KaQUPMq+cBe1BzuH8RbUvXruUyLvHYUi433Qi/C2V9vICnASBuHSNQ8egqPbnvxT/Aov1ggoSfPw==
- clerk-js/5.57.0-snapshot.v20250317132011/userprofile_42642f_5.57.0-snapshot.v20250317132011.min.js: sha512-ga+LbwGYQek7Y9N6a0oAWdyDfZ5VszepAyYs5MpVPoZ61FWTV+gHcjuJUV5uu21YqGP6wLeDFQRpyiWLb5ITcA==
- clerk-js/5.57.0-snapshot.v20250317132011/clerk.min.js: sha512-BRMCcp+By8ul0PaAH0TLjZVdYP+CT/sihwyurscm886AhFuHD6yBrKx7dJRnqo8Z8Zoc1Jh4KCbP32RF3fhbPA==
- clerk-js/5.57.0-snapshot.v20250317132011/clerk.headless.js: sha512-hxEu2uUc9NnPS/qqoR0H7XevlzQYp9zU4vx7blDwqeQZyiqyvGP3Gk/mCcnpl1E3GFUNrig0mNxfc/FMb4Sj9A==
- clerk-js/5.57.0-snapshot.v20250317132011/coinbase-wallet-sdk_42642f_5.57.0-snapshot.v20250317132011.js: sha512-XmsWgo7P66/MJ98RjH5+xP+jqMIySmYdkUlZU5Y+pQehv4HRBuCOl9E8eCkQMucfhDAbicblzU80MPDVa/Q0dg==
- clerk-js/5.57.0-snapshot.v20250317132011/zxcvbn-common_42642f_5.57.0-snapshot.v20250317132011.js: sha512-gwix3ZNtw1TFm23lywvPd2Ibw3+NOUxGSfpWkDhBtznjqXZw9sYOylp0NmN8iwaLQ6vc+D0Srw/hORbGdD3sPA==
- clerk-js/5.57.0-snapshot.v20250317132011/965_a33a3f_5.57.0-snapshot.v20250317132011.min.js: sha512-8uzLXoaBYGUPescFLLI+JOQ6nHcbv51kNZtJPMRklNO6KLP2HpPHiisW7QSSlNGqanUR8dHFY+ctwiarcpekFQ==
- clerk-js/5.57.0-snapshot.v20250317132011/keylessPrompt_42642f_5.57.0-snapshot.v20250317132011.min.js: sha512-khFwDyfDkkE4RL6NP0z1EsU4ImodCpltNcP3DQJHcoopRr+5agPlAQhOcKbgaIsXKwI+n+2hhtk5nFveP1OEoQ==
- clerk-js/5.57.0-snapshot.v20250317132011/onetap_42642f_5.57.0-snapshot.v20250317132011.js: sha512-25ZllJ6DgFyw8LMINYZfT2kkO6+MLHmm3NF+MXKcfDU0gSRdLxOqNJE6XJ6VZUiA4/OeOeBNKTNK5OwlTKL2SQ==
- clerk-js/5.57.0-snapshot.v20250317132011/userbutton_42642f_5.57.0-snapshot.v20250317132011.min.js: sha512-NDW2BWl1lMIT7xrVkAZAb9d7oeKw0sBPiztpsys8JJ32OYP/2YfEW+fiDqTs3u7TF/YVS0s4wuIiFdmk0MtKcQ==
- clerk-js/5.57.0-snapshot.v20250317132011/userverification_42642f_5.57.0-snapshot.v20250317132011.min.js: sha512-naAm7wt9//PMU54z1hiroGG46eXbhl8aahqIi6xF0pUVMVHGKTNc6asgBkI/574ZKEhOH8HfWOjaT5t5cxEllg==
- clerk-js/5.57.0-snapshot.v20250317132011/vendors_8c4017_5.57.0-snapshot.v20250317132011.js: sha512-uQG8M2yNSlwoHm6Sg6JdCvPDoQ7qaIkO8iF3eO2ldvyd5Gr97Maa1xjlFve1lrqXqxyFOtOtzRH6YvV4SYgWQA==
- clerk-js/5.57.0-snapshot.v20250317132011/cookieSuffix_42642f_5.57.0-snapshot.v20250317132011.js: sha512-vg9W90KEqH+vc1JFRH1saEVXiUZnoB4PjRAUIK93ot8dTBNFw5s4bdxfDujpqxfPLF9nfaOTDTwxPkEGE9X40g==
- clerk-js/5.57.0-snapshot.v20250317132011/checkout_42642f_5.57.0-snapshot.v20250317132011.js: sha512-FYjdUtuYlG5KlbyJ3BI2Z/GQicYUSWeOKiDJEwwFobNHoTh8o9krkqagIZ6YwFFZsIVHKDJSfi147GfpMSDEnw==
- clerk-js/5.57.0-snapshot.v20250317132011/clerk.headless.browser.min.js: sha512-M4U0fxuzGWKucToQMD+AaX3FCIQPg0sPNbPUV1a8f72+GjbKFX7yonW/3r4M3kdao9VtAlIUIPOdUqJQZ+E3Yw==
- clerk-js/5.57.0-snapshot.v20250317132011/coinbase-wallet-sdk_42642f_5.57.0-snapshot.v20250317132011.min.js: sha512-xFKf1REnhu8jteRUwRyXmjyDzXeHocWG4/flkSvB6sadgAwfoia2Ji5mEd5RLnFhNaUYMZ1R0uODgRfMb+9zEg==
- clerk-js/5.57.0-snapshot.v20250317132011/createorganization_42642f_5.57.0-snapshot.v20250317132011.js: sha512-OOCvTeAlayKuYrWWbcBIM1ONY6H4nCgcj4/A+R5q/d5Q/NDuemSfrgjX9dBC8h8Gxjw0bYAuzFGRnD9qMFWdnw==
- clerk-js/5.57.0-snapshot.v20250317132011/organizationlist_42642f_5.57.0-snapshot.v20250317132011.min.js: sha512-hOhhCKK2Lm/VfI5ILJ6PfYdE28WPIjsqkLvyln/kbqhjTmAJZYNX5UC0gL8NknjquUoEE9lNRWK7EhlrR6oa2g==
- clerk-js/5.57.0-snapshot.v20250317132011/organizationswitcher_42642f_5.57.0-snapshot.v20250317132011.js: sha512-zrCm9HjM9WUUqnljFClKwTJwNx7FqjOTqmWw932n4c/De4RHN+ZKcPqQ3uKjmFwSJP7IzufcfzYc9TaaDeCfWA==
- clerk-js/5.57.0-snapshot.v20250317132011/pricingTable_42642f_5.57.0-snapshot.v20250317132011.min.js: sha512-abeN29P3G3ZVEmUJintkLAapW7eNOYG/9+1SrneqOcOn5Xhw8iulZ2RtgpZOhkuGMY3alPVG+tIq8OSxNUGUsg==
- clerk-js/5.57.0-snapshot.v20250317132011/377_a33a3f_5.57.0-snapshot.v20250317132011.min.js: sha512-F6coj+HeCu/LQQe+SxnItti0GzOGI0YQuh4qx7obTnNRIPOEqdjguZZr+5XGt0IWnPYy0g3HAaw5wz05SJViWQ==
- clerk-js/5.57.0-snapshot.v20250317132011/signin_42642f_5.57.0-snapshot.v20250317132011.js: sha512-JIOByAWTADWBYQYHwqrKnNWB+8MBaREc2cTell27MFFMhDW1qOQU67hfCyICGTVVMH9atxaFl5a8wuPjuTAy6Q==
- clerk-js/5.57.0-snapshot.v20250317132011/checkout_42642f_5.57.0-snapshot.v20250317132011.min.js: sha512-S/if3Crdf0nMtOrzZfKH4L9Q4dcQ3Dl49HqxM6wULxU2v0I9xF681jZ50M1vCvcNcczOo09ANrjZsufxg3ZQig==
- clerk-js/5.57.0-snapshot.v20250317132011/clerk.no-rhc.min.js: sha512-U+2I3eufFPLtAwSY1Jr8HfZPW3iw0wwDBY0Ut1QTyelWSg1EuRgKDLH0CWi7YH29RDXAbzVsx7R22EzFk7vGEg==
- clerk-js/5.57.0-snapshot.v20250317132011/framework_42642f_5.57.0-snapshot.v20250317132011.min.js: sha512-HEOozu01OzUjoYEygMb4koxRRbaZrW0jTd4dTD5wkUajtxCXFhGEN036JGc0rCcfARtYiWh4ptj65vIovYgydg==
- clerk-js/5.57.0-snapshot.v20250317132011/userverification_42642f_5.57.0-snapshot.v20250317132011.js: sha512-LiK0SdtjSWwRu7vlePUPZUjVVRFrhDLgY9mbBSJUswwzZzdk9C0+6WOopxRUbaCAa0V1hjGE2j9dx35H3CmpRA==
- clerk-js/5.57.0-snapshot.v20250317132011/vendors_42642f_5.57.0-snapshot.v20250317132011.js: sha512-CyevLyfzgwOtvfqy3jmetYuefzLqDTXI+nG3AnTDqgBRCWy+FOZ+GZrSV6mvrahPUUGEfbs4qMHMNBq9GoUOlw==
- clerk-js/5.57.0-snapshot.v20250317132011/blankcaptcha_42642f_5.57.0-snapshot.v20250317132011.min.js: sha512-Lrrn0qDGEm43yTl7FGv8Ylwb3ulQMnIzVJsNLe81w0M1r7zqlFYxmIxhPU5Pmw8XXUtE0ghiyl100aAdirzZyg==
- clerk-js/5.57.0-snapshot.v20250317132011/clerk.headless.min.js: sha512-qf3/W/O9gApO875mT8mSAREkH1vwEmZhV33kMoAYPIEbCG6enj3EIOVFEoEyQi8W4FgboolZ73J6Ij7zjdkrLA==
- clerk-js/5.57.0-snapshot.v20250317132011/cookieSuffix_8c4017_5.57.0-snapshot.v20250317132011.js: sha512-IJE0CiJEmdq03APLKkIPgq2PbtP14FrxDhSgsZ2Y9XfYD9CxRjUvXffvbzdaio5H6aCgWKbQ2k/1+J+EsNDvew==
- clerk-js/5.57.0-snapshot.v20250317132011/onetap_42642f_5.57.0-snapshot.v20250317132011.min.js: sha512-UeXocYKBZH2LD38iAuxpeDiPM/Jd1hbC88b+yOp/xXTgZW8AXdNgn3liCZkZ0d2oiGQZO5MHTZ/jSIq+rT8XzQ==
- clerk-js/5.57.0-snapshot.v20250317132011/organizationswitcher_42642f_5.57.0-snapshot.v20250317132011.min.js: sha512-wdFVr2b1pn/SIXVuKQs9ToZ3KseEUstEMx4YHoj5U9CgZ24iDvCDNVwhiaWuSYODw1US7374uan4DRQQ5lAmZQ==
- clerk-js/5.57.0-snapshot.v20250317132011/890_a33a3f_5.57.0-snapshot.v20250317132011.min.js: sha512-hEF1K43aQMqG+pijiViKx6kafnm8kQiXYv2ecFOJb274GXeRhb+1rUWzQsXEuBYEP6kYZlZGr2l5QBu6yPY9Ww==
