config: {"authors":[{"name":"Google"}],"autoupdate":{"source":"npm","target":"shaka-player","fileMap":[{"basePath":"dist","files":["shaka-player*","controls.css*"]}]},"description":"DASH/EME video player library","filename":"shaka-player.compiled.js","keywords":["shaka","player"],"license":"Apache License 2.0","name":"shaka-player","repository":{"type":"git","url":"https://github.com/google/shaka-player"},"author":"Google"}
KV keys:
- shaka-player/4.13.15/controls.css.br
- shaka-player/4.13.15/controls.css.gz
- shaka-player/4.13.15/controls.css.map.br
- shaka-player/4.13.15/controls.css.map.gz
- shaka-player/4.13.15/controls.min.css.br
- shaka-player/4.13.15/controls.min.css.gz
- shaka-player/4.13.15/shaka-player.compiled.d.ts.br
- shaka-player/4.13.15/shaka-player.compiled.d.ts.gz
- shaka-player/4.13.15/shaka-player.compiled.debug.d.ts.br
- shaka-player/4.13.15/shaka-player.compiled.debug.d.ts.gz
- shaka-player/4.13.15/shaka-player.compiled.debug.externs.js.br
- shaka-player/4.13.15/shaka-player.compiled.debug.externs.js.gz
- shaka-player/4.13.15/shaka-player.compiled.debug.externs.min.js.br
- shaka-player/4.13.15/shaka-player.compiled.debug.externs.min.js.gz
- shaka-player/4.13.15/shaka-player.compiled.debug.js.br
- shaka-player/4.13.15/shaka-player.compiled.debug.js.gz
- shaka-player/4.13.15/shaka-player.compiled.debug.map.br
- shaka-player/4.13.15/shaka-player.compiled.debug.map.gz
- shaka-player/4.13.15/shaka-player.compiled.debug.min.js.br
- shaka-player/4.13.15/shaka-player.compiled.debug.min.js.gz
- shaka-player/4.13.15/shaka-player.compiled.externs.js.br
- shaka-player/4.13.15/shaka-player.compiled.externs.js.gz
- shaka-player/4.13.15/shaka-player.compiled.externs.min.js.br
- shaka-player/4.13.15/shaka-player.compiled.externs.min.js.gz
- shaka-player/4.13.15/shaka-player.compiled.js.br
- shaka-player/4.13.15/shaka-player.compiled.js.gz
- shaka-player/4.13.15/shaka-player.compiled.map.br
- shaka-player/4.13.15/shaka-player.compiled.map.gz
- shaka-player/4.13.15/shaka-player.compiled.min.js.br
- shaka-player/4.13.15/shaka-player.compiled.min.js.gz
- shaka-player/4.13.15/shaka-player.dash.d.ts.br
- shaka-player/4.13.15/shaka-player.dash.d.ts.gz
- shaka-player/4.13.15/shaka-player.dash.debug.d.ts.br
- shaka-player/4.13.15/shaka-player.dash.debug.d.ts.gz
- shaka-player/4.13.15/shaka-player.dash.debug.externs.js.br
- shaka-player/4.13.15/shaka-player.dash.debug.externs.js.gz
- shaka-player/4.13.15/shaka-player.dash.debug.externs.min.js.br
- shaka-player/4.13.15/shaka-player.dash.debug.externs.min.js.gz
- shaka-player/4.13.15/shaka-player.dash.debug.js.br
- shaka-player/4.13.15/shaka-player.dash.debug.js.gz
- shaka-player/4.13.15/shaka-player.dash.debug.map.br
- shaka-player/4.13.15/shaka-player.dash.debug.map.gz
- shaka-player/4.13.15/shaka-player.dash.debug.min.js.br
- shaka-player/4.13.15/shaka-player.dash.debug.min.js.gz
- shaka-player/4.13.15/shaka-player.dash.externs.js.br
- shaka-player/4.13.15/shaka-player.dash.externs.js.gz
- shaka-player/4.13.15/shaka-player.dash.externs.min.js.br
- shaka-player/4.13.15/shaka-player.dash.externs.min.js.gz
- shaka-player/4.13.15/shaka-player.dash.js.br
- shaka-player/4.13.15/shaka-player.dash.js.gz
- shaka-player/4.13.15/shaka-player.dash.map.br
- shaka-player/4.13.15/shaka-player.dash.map.gz
- shaka-player/4.13.15/shaka-player.dash.min.js.br
- shaka-player/4.13.15/shaka-player.dash.min.js.gz
- shaka-player/4.13.15/shaka-player.hls.d.ts.br
- shaka-player/4.13.15/shaka-player.hls.d.ts.gz
- shaka-player/4.13.15/shaka-player.hls.debug.d.ts.br
- shaka-player/4.13.15/shaka-player.hls.debug.d.ts.gz
- shaka-player/4.13.15/shaka-player.hls.debug.externs.js.br
- shaka-player/4.13.15/shaka-player.hls.debug.externs.js.gz
- shaka-player/4.13.15/shaka-player.hls.debug.externs.min.js.br
- shaka-player/4.13.15/shaka-player.hls.debug.externs.min.js.gz
- shaka-player/4.13.15/shaka-player.hls.debug.js.br
- shaka-player/4.13.15/shaka-player.hls.debug.js.gz
- shaka-player/4.13.15/shaka-player.hls.debug.map.br
- shaka-player/4.13.15/shaka-player.hls.debug.map.gz
- shaka-player/4.13.15/shaka-player.hls.debug.min.js.br
- shaka-player/4.13.15/shaka-player.hls.debug.min.js.gz
- shaka-player/4.13.15/shaka-player.hls.externs.js.br
- shaka-player/4.13.15/shaka-player.hls.externs.js.gz
- shaka-player/4.13.15/shaka-player.hls.externs.min.js.br
- shaka-player/4.13.15/shaka-player.hls.externs.min.js.gz
- shaka-player/4.13.15/shaka-player.hls.js.br
- shaka-player/4.13.15/shaka-player.hls.js.gz
- shaka-player/4.13.15/shaka-player.hls.map.br
- shaka-player/4.13.15/shaka-player.hls.map.gz
- shaka-player/4.13.15/shaka-player.hls.min.js.br
- shaka-player/4.13.15/shaka-player.hls.min.js.gz
- shaka-player/4.13.15/shaka-player.ui.d.ts.br
- shaka-player/4.13.15/shaka-player.ui.d.ts.gz
- shaka-player/4.13.15/shaka-player.ui.debug.d.ts.br
- shaka-player/4.13.15/shaka-player.ui.debug.d.ts.gz
- shaka-player/4.13.15/shaka-player.ui.debug.externs.js.br
- shaka-player/4.13.15/shaka-player.ui.debug.externs.js.gz
- shaka-player/4.13.15/shaka-player.ui.debug.externs.min.js.br
- shaka-player/4.13.15/shaka-player.ui.debug.externs.min.js.gz
- shaka-player/4.13.15/shaka-player.ui.debug.js.br
- shaka-player/4.13.15/shaka-player.ui.debug.js.gz
- shaka-player/4.13.15/shaka-player.ui.debug.map.br
- shaka-player/4.13.15/shaka-player.ui.debug.map.gz
- shaka-player/4.13.15/shaka-player.ui.debug.min.js.br
- shaka-player/4.13.15/shaka-player.ui.debug.min.js.gz
- shaka-player/4.13.15/shaka-player.ui.externs.js.br
- shaka-player/4.13.15/shaka-player.ui.externs.js.gz
- shaka-player/4.13.15/shaka-player.ui.externs.min.js.br
- shaka-player/4.13.15/shaka-player.ui.externs.min.js.gz
- shaka-player/4.13.15/shaka-player.ui.js.br
- shaka-player/4.13.15/shaka-player.ui.js.gz
- shaka-player/4.13.15/shaka-player.ui.map.br
- shaka-player/4.13.15/shaka-player.ui.map.gz
- shaka-player/4.13.15/shaka-player.ui.min.js.br
- shaka-player/4.13.15/shaka-player.ui.min.js.gz
SRIs:
- shaka-player/4.13.15/shaka-player.compiled.debug.externs.js: sha512-YiXsACcGjaXrZlJVyrCaXKELm+ePgS0vl+wclCZcEIBoqkfEEwmNvg1bVoiBhm+J/oRlecAbgUu2RNlqbQM/Lg==
- shaka-player/4.13.15/shaka-player.dash.min.js: sha512-eZwicqqgIYgBn6mG9cba3ZgQ0oZJKC8ty8xs6YbVhyiGW2G3NuZvU3gEpL+8w1z9DUBL1KGQ/xyOxOpBFnrDzQ==
- shaka-player/4.13.15/shaka-player.hls.debug.externs.js: sha512-xkRfVU1//Qb/cqbdKlR66oL5AfM1q8nD9PAqZymmwts4iq00f1TxASr+fRgwo7SZkCVRW62CyARr2twv96xteA==
- shaka-player/4.13.15/shaka-player.hls.debug.js: sha512-b0b0yFXQ2sVUwXRrUHKVyhZxJD06YWivb0TC/zcs58Zu7+pHkxw6NSfebbIMW0WX66Wvt1aohcyHu0VdWGtzKg==
- shaka-player/4.13.15/shaka-player.ui.debug.min.js: sha512-fgzqnTvaJRSElfBNp3Y3efP/KWA/dwSc34JAdzkOfag6TDboEl6dxryXNycMeVcYGbeZWOPqv5/bMDfN1ax5hA==
- shaka-player/4.13.15/shaka-player.ui.externs.min.js: sha512-KjPRIY2O/Tmx+BpsLZmFnfnM2oHce0liNW99ScVAt+LG64WTAElaexbpdUMYw+OQm6iYIWDT+kEhjNYv8MmgNw==
- shaka-player/4.13.15/shaka-player.compiled.debug.min.js: sha512-08QycPa4B37lareJjfxU3h8js8N+/dLmzOMJoIGvOTmwDsyEki0fGahk0GjSvdrScj3WuvljSx666EEgyLmakQ==
- shaka-player/4.13.15/shaka-player.dash.externs.js: sha512-+rW7fzqnQhjEm4kmr/5BmQVd8HFMht3E8+UYA8p+PwMIWfF+x6xLrQIFtsLBblWd8P6Q8PLgtdjQryMkeDG2tw==
- shaka-player/4.13.15/shaka-player.dash.js: sha512-lVR5c2ywHwAnf4cc6Q1vK4eYxzKbK26t1xwEFM5wYcDzZqd0M8XviAbDflBVRI7aMCG+Nc5z1QdoVIz606cmOw==
- shaka-player/4.13.15/shaka-player.hls.externs.min.js: sha512-sdDdmTaZ25n1uucrM6yT9WxnpHrRgvw1hHM6MTbQJ8OR7MuEG4yToaH/GlrRyxKr9fXHaqaM3s/sSqapou/jTQ==
- shaka-player/4.13.15/shaka-player.ui.debug.externs.js: sha512-5oNzjR/FQbyD2Kja3tZVNncN4qZPxmZVUUHzr4oAtvjpu/bzuz5Cav51fEn3FrCbsPXW+4xyo2t1dZ+s7kNE9A==
- shaka-player/4.13.15/shaka-player.dash.debug.externs.js: sha512-+rW7fzqnQhjEm4kmr/5BmQVd8HFMht3E8+UYA8p+PwMIWfF+x6xLrQIFtsLBblWd8P6Q8PLgtdjQryMkeDG2tw==
- shaka-player/4.13.15/shaka-player.hls.js: sha512-8FQUPWvdhPKb1JnAIZ7vTQECNzRb/aHzfZRdHytlOBqJ9WJOEWvMFAquSuICxePXLYSw29bCOEZsbmrhScPdMg==
- shaka-player/4.13.15/shaka-player.compiled.debug.externs.min.js: sha512-ogdlspzVh1iJA1RmLNvuvW7jHaNGZmZuZSpK1OEZ+nbqp8/x0lLDFwBRoWAoaj5L5CbFKtMd5xxd4P4sFdiWSA==
- shaka-player/4.13.15/shaka-player.compiled.js: sha512-YFMNLF0VYRzibrQUh603XMjN35LYi0S5S/CaqB5haJgcJHHpLtiMfZlh3iWrSoRLgye6P1DqMgr+G7t7xzaNFg==
- shaka-player/4.13.15/shaka-player.compiled.min.js: sha512-vgny94LXaWXN7VvkYxDxPnet4gE4By4JLUlMx2ec1XcNJId/9MR/2N1IaNNfoOwVtBn63Q1p/I/TaPqIc/tmYA==
- shaka-player/4.13.15/shaka-player.dash.debug.min.js: sha512-mJRUyp0j7lbkBnI9NaDrSbgBBrHs3JiJvzYtIv5OgIjMOuzvBv3TvivRI/J5K3gSM/AfwXj526vh7W4oSBWWow==
- shaka-player/4.13.15/shaka-player.ui.min.js: sha512-zWtS4xJ57hOWP/lURl1mTwTiupcRRKWcvm67REp39a2B3d1fDIaYlysBScWwiJ5kiy075me5OKN+BmwJtjSGwQ==
- shaka-player/4.13.15/shaka-player.compiled.externs.min.js: sha512-ogdlspzVh1iJA1RmLNvuvW7jHaNGZmZuZSpK1OEZ+nbqp8/x0lLDFwBRoWAoaj5L5CbFKtMd5xxd4P4sFdiWSA==
- shaka-player/4.13.15/shaka-player.dash.externs.min.js: sha512-DjeX22WM+H/SkwLKOlDd3Q4qkjVsqEqXho2f6eOX+ACwJS7NzsndVM+Y+6LLIWBcTIBQzvOYiUpqlRsct6hJ+A==
- shaka-player/4.13.15/shaka-player.hls.min.js: sha512-aCDSQf/xdazRatKbLgSvQJw1k36C+XfMC35hMbDWRHrUFswW+u2klrr/xURj3mwNoFBsIdZAvZiQ0C6TJdjqTA==
- shaka-player/4.13.15/shaka-player.ui.debug.externs.min.js: sha512-KjPRIY2O/Tmx+BpsLZmFnfnM2oHce0liNW99ScVAt+LG64WTAElaexbpdUMYw+OQm6iYIWDT+kEhjNYv8MmgNw==
- shaka-player/4.13.15/shaka-player.ui.debug.js: sha512-W6PWn6EfND/BdBG8xmiOrHaC3/n4ccYofjGrUHpK33TgcI8X92vZ2p1xy/ggXr+YQHF3iKVo559kvpUyquTpHA==
- shaka-player/4.13.15/shaka-player.ui.externs.js: sha512-5oNzjR/FQbyD2Kja3tZVNncN4qZPxmZVUUHzr4oAtvjpu/bzuz5Cav51fEn3FrCbsPXW+4xyo2t1dZ+s7kNE9A==
- shaka-player/4.13.15/shaka-player.dash.debug.js: sha512-5lnmXlm47ToGcwnjc/wagq70G0wIORMsmkXD5fXbGZSM+Hd+qkiqZWf1M5GKYmjUcPk0lGHNBA8mF64YMXDQWQ==
- shaka-player/4.13.15/shaka-player.hls.debug.externs.min.js: sha512-sdDdmTaZ25n1uucrM6yT9WxnpHrRgvw1hHM6MTbQJ8OR7MuEG4yToaH/GlrRyxKr9fXHaqaM3s/sSqapou/jTQ==
- shaka-player/4.13.15/shaka-player.hls.externs.js: sha512-xkRfVU1//Qb/cqbdKlR66oL5AfM1q8nD9PAqZymmwts4iq00f1TxASr+fRgwo7SZkCVRW62CyARr2twv96xteA==
- shaka-player/4.13.15/controls.css: sha512-eH0sr2Mqu60QSVTGVpNUXj+mQNsYItoalU3GKnWt2YAJ8N5dR1/QbVlKKvqLE/B5KR9lx4SQykepPczoydJU1A==
- shaka-player/4.13.15/controls.min.css: sha512-/QXsG4gkT08XXDOYB/bTbt8SjjhHwaB5IYSwT2TtXC7Of3DFToByn/kRjtcXiLaRvn8D9idhvIzOXRaEM9F8Nw==
- shaka-player/4.13.15/shaka-player.compiled.debug.js: sha512-kFDUGyow5qZYL3uO3Gq2cfBQteOHHmTQ3PqHu5zjvtJukWrH3KQcmwA6h8JaVUOfvq0lMEgxUCJ/THRiBsxMUA==
- shaka-player/4.13.15/shaka-player.dash.debug.externs.min.js: sha512-DjeX22WM+H/SkwLKOlDd3Q4qkjVsqEqXho2f6eOX+ACwJS7NzsndVM+Y+6LLIWBcTIBQzvOYiUpqlRsct6hJ+A==
- shaka-player/4.13.15/shaka-player.hls.debug.min.js: sha512-AgVku23S8MRAtwUWTYeW6qkYpcnkDuPGP9i4pLHsVL1p2yU8uu/g7qegCyycFvYntqUEA8BphqCHg670NmN2wA==
- shaka-player/4.13.15/shaka-player.ui.js: sha512-5+IRgUQbODwsrslYsyANMSTUZaaCYtEJhq10e/1y4NNNe1PhmtqCUSxUgrWVf6Y4AfCwOsc/XLcRm82tgk025g==
- shaka-player/4.13.15/shaka-player.compiled.externs.js: sha512-YiXsACcGjaXrZlJVyrCaXKELm+ePgS0vl+wclCZcEIBoqkfEEwmNvg1bVoiBhm+J/oRlecAbgUu2RNlqbQM/Lg==
