published: 2026-09-26T05:26:31.681Z

- mini.css/2.3.7/mini-dark.css.br
- mini.css/2.3.7/mini-dark.css.gz
- mini.css/2.3.7/mini-dark.min.css.br
- mini.css/2.3.7/mini-dark.min.css.gz
- mini.css/2.3.7/mini-default.css.br
- mini.css/2.3.7/mini-default.css.gz
- mini.css/2.3.7/mini-default.min.css.br
- mini.css/2.3.7/mini-default.min.css.gz
- mini.css/2.3.7/mini-lite.css.br
- mini.css/2.3.7/mini-lite.css.gz
- mini.css/2.3.7/mini-lite.min.css.br
- mini.css/2.3.7/mini-lite.min.css.gz
- mini.css/2.3.7/mini-nord.css.br
- mini.css/2.3.7/mini-nord.css.gz
- mini.css/2.3.7/mini-nord.min.css.br
- mini.css/2.3.7/mini-nord.min.css.gz
- mini.css/2.3.7/mini-pwa.css.br
- mini.css/2.3.7/mini-pwa.css.gz
- mini.css/2.3.7/mini-pwa.min.css.br
- mini.css/2.3.7/mini-pwa.min.css.gz
- mini.css/2.3.7/mini-sucroa.css.br
- mini.css/2.3.7/mini-sucroa.css.gz
- mini.css/2.3.7/mini-sucroa.min.css.br
- mini.css/2.3.7/mini-sucroa.min.css.gz