2025/07/02 19:38:42 optimizing files (Js true, Css true, Png true, Jpg true)
2025/07/02 19:38:42 compress: run /node_modules/uglify-js/bin/uglifyjs (3.15.4) [--mangle --compress if_return=true -o /tmp/work/dist/frappe-charts.cjs.min.js /tmp/work/dist/frappe-charts.cjs.js]
2025/07/02 19:38:42 algorithm: run /usr/bin/brotli --quality=11 --output=/output/frappe-charts.cjs.js.map.br /tmp/work/dist/frappe-charts.cjs.js.map
2025/07/02 19:38:42 algorithm: run /usr/bin/brotli --quality=11 --output=/output/frappe-charts.esm.js.map.br /tmp/work/dist/frappe-charts.esm.js.map
2025/07/02 19:38:42 sri /tmp/work/dist/frappe-charts.min.css -> /output/frappe-charts.min.css.sri
2025/07/02 19:38:42 algorithm: run /usr/bin/brotli --quality=11 --output=/output/frappe-charts.umd.js.map.br /tmp/work/dist/frappe-charts.umd.js.map
2025/07/02 19:38:42 algorithm: run /usr/bin/brotli --quality=11 --output=/output/frappe-charts.min.css.br /tmp/work/dist/frappe-charts.min.css
2025/07/02 19:38:42 compress: run /node_modules/uglify-js/bin/uglifyjs (3.15.4) [--mangle --compress if_return=true -o /tmp/work/dist/frappe-charts.umd.min.js /tmp/work/dist/frappe-charts.umd.js]
2025/07/02 19:38:42 br /tmp/work/dist/frappe-charts.min.css -> /output/frappe-charts.min.css.br
2025/07/02 19:38:42 gz /tmp/work/dist/frappe-charts.min.css -> /output/frappe-charts.min.css.gz
2025/07/02 19:38:43 br /tmp/work/dist/frappe-charts.cjs.js.map -> /output/frappe-charts.cjs.js.map.br
2025/07/02 19:38:43 gz /tmp/work/dist/frappe-charts.cjs.js.map -> /output/frappe-charts.cjs.js.map.gz
2025/07/02 19:38:43 br /tmp/work/dist/frappe-charts.umd.js.map -> /output/frappe-charts.umd.js.map.br
2025/07/02 19:38:43 br /tmp/work/dist/frappe-charts.esm.js.map -> /output/frappe-charts.esm.js.map.br
2025/07/02 19:38:43 gz /tmp/work/dist/frappe-charts.umd.js.map -> /output/frappe-charts.umd.js.map.gz
2025/07/02 19:38:43 gz /tmp/work/dist/frappe-charts.esm.js.map -> /output/frappe-charts.esm.js.map.gz
2025/07/02 19:38:44 sri /tmp/work/dist/frappe-charts.cjs.min.js -> /output/frappe-charts.cjs.min.js.sri
2025/07/02 19:38:44 algorithm: run /usr/bin/brotli --quality=11 --output=/output/frappe-charts.cjs.min.js.br /tmp/work/dist/frappe-charts.cjs.min.js
2025/07/02 19:38:44 br /tmp/work/dist/frappe-charts.cjs.min.js -> /output/frappe-charts.cjs.min.js.br
2025/07/02 19:38:44 gz /tmp/work/dist/frappe-charts.cjs.min.js -> /output/frappe-charts.cjs.min.js.gz
2025/07/02 19:38:44 sri /tmp/work/dist/frappe-charts.cjs.js -> /output/frappe-charts.cjs.js.sri
2025/07/02 19:38:44 algorithm: run /usr/bin/brotli --quality=11 --output=/output/frappe-charts.cjs.js.br /tmp/work/dist/frappe-charts.cjs.js
2025/07/02 19:38:44 sri /tmp/work/dist/frappe-charts.umd.min.js -> /output/frappe-charts.umd.min.js.sri
2025/07/02 19:38:44 algorithm: run /usr/bin/brotli --quality=11 --output=/output/frappe-charts.umd.min.js.br /tmp/work/dist/frappe-charts.umd.min.js
2025/07/02 19:38:44 br /tmp/work/dist/frappe-charts.cjs.js -> /output/frappe-charts.cjs.js.br
2025/07/02 19:38:44 gz /tmp/work/dist/frappe-charts.cjs.js -> /output/frappe-charts.cjs.js.gz
2025/07/02 19:38:44 br /tmp/work/dist/frappe-charts.umd.min.js -> /output/frappe-charts.umd.min.js.br
2025/07/02 19:38:44 gz /tmp/work/dist/frappe-charts.umd.min.js -> /output/frappe-charts.umd.min.js.gz
2025/07/02 19:38:44 sri /tmp/work/dist/frappe-charts.umd.js -> /output/frappe-charts.umd.js.sri
2025/07/02 19:38:44 algorithm: run /usr/bin/brotli --quality=11 --output=/output/frappe-charts.umd.js.br /tmp/work/dist/frappe-charts.umd.js
2025/07/02 19:38:44 br /tmp/work/dist/frappe-charts.umd.js -> /output/frappe-charts.umd.js.br
2025/07/02 19:38:44 gz /tmp/work/dist/frappe-charts.umd.js -> /output/frappe-charts.umd.js.gz
2025/07/02 19:38:44 processed frappe-charts
