Files:
- clerk-js/5.64.0-canary.v20250506070917/192_clerk.browser_3d961d_5.64.0-canary.v20250506070917.js.br
- clerk-js/5.64.0-canary.v20250506070917/192_clerk.browser_3d961d_5.64.0-canary.v20250506070917.js.gz
- clerk-js/5.64.0-canary.v20250506070917/192_clerk.browser_3d961d_5.64.0-canary.v20250506070917.js.sri
- clerk-js/5.64.0-canary.v20250506070917/192_clerk.browser_3d961d_5.64.0-canary.v20250506070917.min.js.br
- clerk-js/5.64.0-canary.v20250506070917/192_clerk.browser_3d961d_5.64.0-canary.v20250506070917.min.js.gz
- clerk-js/5.64.0-canary.v20250506070917/192_clerk.browser_3d961d_5.64.0-canary.v20250506070917.min.js.sri
- clerk-js/5.64.0-canary.v20250506070917/192_clerk.chips.browser_bada81_5.64.0-canary.v20250506070917.js.br
- clerk-js/5.64.0-canary.v20250506070917/192_clerk.chips.browser_bada81_5.64.0-canary.v20250506070917.js.gz
- clerk-js/5.64.0-canary.v20250506070917/192_clerk.chips.browser_bada81_5.64.0-canary.v20250506070917.js.sri
- clerk-js/5.64.0-canary.v20250506070917/192_clerk.chips.browser_bada81_5.64.0-canary.v20250506070917.min.js.br
- clerk-js/5.64.0-canary.v20250506070917/192_clerk.chips.browser_bada81_5.64.0-canary.v20250506070917.min.js.gz
- clerk-js/5.64.0-canary.v20250506070917/192_clerk.chips.browser_bada81_5.64.0-canary.v20250506070917.min.js.sri
- clerk-js/5.64.0-canary.v20250506070917/192_clerk.legacy.browser_618c54_5.64.0-canary.v20250506070917.js.br
- clerk-js/5.64.0-canary.v20250506070917/192_clerk.legacy.browser_618c54_5.64.0-canary.v20250506070917.js.gz
- clerk-js/5.64.0-canary.v20250506070917/192_clerk.legacy.browser_618c54_5.64.0-canary.v20250506070917.js.sri
- clerk-js/5.64.0-canary.v20250506070917/192_clerk.legacy.browser_618c54_5.64.0-canary.v20250506070917.min.js.br
- clerk-js/5.64.0-canary.v20250506070917/192_clerk.legacy.browser_618c54_5.64.0-canary.v20250506070917.min.js.gz
- clerk-js/5.64.0-canary.v20250506070917/192_clerk.legacy.browser_618c54_5.64.0-canary.v20250506070917.min.js.sri
- clerk-js/5.64.0-canary.v20250506070917/377_clerk.headless_b407c2_5.64.0-canary.v20250506070917.js.br
- clerk-js/5.64.0-canary.v20250506070917/377_clerk.headless_b407c2_5.64.0-canary.v20250506070917.js.gz
- clerk-js/5.64.0-canary.v20250506070917/377_clerk.headless_b407c2_5.64.0-canary.v20250506070917.js.sri
- clerk-js/5.64.0-canary.v20250506070917/377_clerk.headless_b407c2_5.64.0-canary.v20250506070917.min.js.br
- clerk-js/5.64.0-canary.v20250506070917/377_clerk.headless_b407c2_5.64.0-canary.v20250506070917.min.js.gz
- clerk-js/5.64.0-canary.v20250506070917/377_clerk.headless_b407c2_5.64.0-canary.v20250506070917.min.js.sri
- clerk-js/5.64.0-canary.v20250506070917/66_clerk.browser_3d961d_5.64.0-canary.v20250506070917.js.br
- clerk-js/5.64.0-canary.v20250506070917/66_clerk.browser_3d961d_5.64.0-canary.v20250506070917.js.gz
- clerk-js/5.64.0-canary.v20250506070917/66_clerk.browser_3d961d_5.64.0-canary.v20250506070917.js.sri
- clerk-js/5.64.0-canary.v20250506070917/66_clerk.browser_3d961d_5.64.0-canary.v20250506070917.min.js.br
- clerk-js/5.64.0-canary.v20250506070917/66_clerk.browser_3d961d_5.64.0-canary.v20250506070917.min.js.gz
- clerk-js/5.64.0-canary.v20250506070917/66_clerk.browser_3d961d_5.64.0-canary.v20250506070917.min.js.sri
- clerk-js/5.64.0-canary.v20250506070917/66_clerk.chips.browser_bada81_5.64.0-canary.v20250506070917.js.br
- clerk-js/5.64.0-canary.v20250506070917/66_clerk.chips.browser_bada81_5.64.0-canary.v20250506070917.js.gz
- clerk-js/5.64.0-canary.v20250506070917/66_clerk.chips.browser_bada81_5.64.0-canary.v20250506070917.js.sri
- clerk-js/5.64.0-canary.v20250506070917/66_clerk.chips.browser_bada81_5.64.0-canary.v20250506070917.min.js.br
- clerk-js/5.64.0-canary.v20250506070917/66_clerk.chips.browser_bada81_5.64.0-canary.v20250506070917.min.js.gz
- clerk-js/5.64.0-canary.v20250506070917/66_clerk.chips.browser_bada81_5.64.0-canary.v20250506070917.min.js.sri
- clerk-js/5.64.0-canary.v20250506070917/66_clerk.legacy.browser_618c54_5.64.0-canary.v20250506070917.js.br
- clerk-js/5.64.0-canary.v20250506070917/66_clerk.legacy.browser_618c54_5.64.0-canary.v20250506070917.js.gz
- clerk-js/5.64.0-canary.v20250506070917/66_clerk.legacy.browser_618c54_5.64.0-canary.v20250506070917.js.sri
- clerk-js/5.64.0-canary.v20250506070917/66_clerk.legacy.browser_618c54_5.64.0-canary.v20250506070917.min.js.br
- clerk-js/5.64.0-canary.v20250506070917/66_clerk.legacy.browser_618c54_5.64.0-canary.v20250506070917.min.js.gz
- clerk-js/5.64.0-canary.v20250506070917/66_clerk.legacy.browser_618c54_5.64.0-canary.v20250506070917.min.js.sri
- clerk-js/5.64.0-canary.v20250506070917/890_clerk.headless_b407c2_5.64.0-canary.v20250506070917.js.br
- clerk-js/5.64.0-canary.v20250506070917/890_clerk.headless_b407c2_5.64.0-canary.v20250506070917.js.gz
- clerk-js/5.64.0-canary.v20250506070917/890_clerk.headless_b407c2_5.64.0-canary.v20250506070917.js.sri
- clerk-js/5.64.0-canary.v20250506070917/890_clerk.headless_b407c2_5.64.0-canary.v20250506070917.min.js.br
- clerk-js/5.64.0-canary.v20250506070917/890_clerk.headless_b407c2_5.64.0-canary.v20250506070917.min.js.gz
- clerk-js/5.64.0-canary.v20250506070917/890_clerk.headless_b407c2_5.64.0-canary.v20250506070917.min.js.sri
- clerk-js/5.64.0-canary.v20250506070917/965_clerk.headless_b407c2_5.64.0-canary.v20250506070917.js.br
- clerk-js/5.64.0-canary.v20250506070917/965_clerk.headless_b407c2_5.64.0-canary.v20250506070917.js.gz
- clerk-js/5.64.0-canary.v20250506070917/965_clerk.headless_b407c2_5.64.0-canary.v20250506070917.js.sri
- clerk-js/5.64.0-canary.v20250506070917/965_clerk.headless_b407c2_5.64.0-canary.v20250506070917.min.js.br
- clerk-js/5.64.0-canary.v20250506070917/965_clerk.headless_b407c2_5.64.0-canary.v20250506070917.min.js.gz
- clerk-js/5.64.0-canary.v20250506070917/965_clerk.headless_b407c2_5.64.0-canary.v20250506070917.min.js.sri
- clerk-js/5.64.0-canary.v20250506070917/blankcaptcha_clerk.browser_3d961d_5.64.0-canary.v20250506070917.js.br
- clerk-js/5.64.0-canary.v20250506070917/blankcaptcha_clerk.browser_3d961d_5.64.0-canary.v20250506070917.js.gz
- clerk-js/5.64.0-canary.v20250506070917/blankcaptcha_clerk.browser_3d961d_5.64.0-canary.v20250506070917.js.sri
- clerk-js/5.64.0-canary.v20250506070917/blankcaptcha_clerk.browser_3d961d_5.64.0-canary.v20250506070917.min.js.br
- clerk-js/5.64.0-canary.v20250506070917/blankcaptcha_clerk.browser_3d961d_5.64.0-canary.v20250506070917.min.js.gz
- clerk-js/5.64.0-canary.v20250506070917/blankcaptcha_clerk.browser_3d961d_5.64.0-canary.v20250506070917.min.js.sri
- clerk-js/5.64.0-canary.v20250506070917/blankcaptcha_clerk.chips.browser_bada81_5.64.0-canary.v20250506070917.js.br
- clerk-js/5.64.0-canary.v20250506070917/blankcaptcha_clerk.chips.browser_bada81_5.64.0-canary.v20250506070917.js.gz
- clerk-js/5.64.0-canary.v20250506070917/blankcaptcha_clerk.chips.browser_bada81_5.64.0-canary.v20250506070917.js.sri
- clerk-js/5.64.0-canary.v20250506070917/blankcaptcha_clerk.chips.browser_bada81_5.64.0-canary.v20250506070917.min.js.br
- clerk-js/5.64.0-canary.v20250506070917/blankcaptcha_clerk.chips.browser_bada81_5.64.0-canary.v20250506070917.min.js.gz
- clerk-js/5.64.0-canary.v20250506070917/blankcaptcha_clerk.chips.browser_bada81_5.64.0-canary.v20250506070917.min.js.sri
- clerk-js/5.64.0-canary.v20250506070917/blankcaptcha_clerk.legacy.browser_618c54_5.64.0-canary.v20250506070917.js.br
- clerk-js/5.64.0-canary.v20250506070917/blankcaptcha_clerk.legacy.browser_618c54_5.64.0-canary.v20250506070917.js.gz
- clerk-js/5.64.0-canary.v20250506070917/blankcaptcha_clerk.legacy.browser_618c54_5.64.0-canary.v20250506070917.js.sri
- clerk-js/5.64.0-canary.v20250506070917/blankcaptcha_clerk.legacy.browser_618c54_5.64.0-canary.v20250506070917.min.js.br
- clerk-js/5.64.0-canary.v20250506070917/blankcaptcha_clerk.legacy.browser_618c54_5.64.0-canary.v20250506070917.min.js.gz
- clerk-js/5.64.0-canary.v20250506070917/blankcaptcha_clerk.legacy.browser_618c54_5.64.0-canary.v20250506070917.min.js.sri
- clerk-js/5.64.0-canary.v20250506070917/checkout_clerk.browser_3d961d_5.64.0-canary.v20250506070917.js.br
- clerk-js/5.64.0-canary.v20250506070917/checkout_clerk.browser_3d961d_5.64.0-canary.v20250506070917.js.gz
- clerk-js/5.64.0-canary.v20250506070917/checkout_clerk.browser_3d961d_5.64.0-canary.v20250506070917.js.sri
- clerk-js/5.64.0-canary.v20250506070917/checkout_clerk.browser_3d961d_5.64.0-canary.v20250506070917.min.js.br
- clerk-js/5.64.0-canary.v20250506070917/checkout_clerk.browser_3d961d_5.64.0-canary.v20250506070917.min.js.gz
- clerk-js/5.64.0-canary.v20250506070917/checkout_clerk.browser_3d961d_5.64.0-canary.v20250506070917.min.js.sri
- clerk-js/5.64.0-canary.v20250506070917/checkout_clerk.chips.browser_bada81_5.64.0-canary.v20250506070917.js.br
- clerk-js/5.64.0-canary.v20250506070917/checkout_clerk.chips.browser_bada81_5.64.0-canary.v20250506070917.js.gz
- clerk-js/5.64.0-canary.v20250506070917/checkout_clerk.chips.browser_bada81_5.64.0-canary.v20250506070917.js.sri
- clerk-js/5.64.0-canary.v20250506070917/checkout_clerk.chips.browser_bada81_5.64.0-canary.v20250506070917.min.js.br
- clerk-js/5.64.0-canary.v20250506070917/checkout_clerk.chips.browser_bada81_5.64.0-canary.v20250506070917.min.js.gz
- clerk-js/5.64.0-canary.v20250506070917/checkout_clerk.chips.browser_bada81_5.64.0-canary.v20250506070917.min.js.sri
- clerk-js/5.64.0-canary.v20250506070917/checkout_clerk.legacy.browser_618c54_5.64.0-canary.v20250506070917.js.br
- clerk-js/5.64.0-canary.v20250506070917/checkout_clerk.legacy.browser_618c54_5.64.0-canary.v20250506070917.js.gz
- clerk-js/5.64.0-canary.v20250506070917/checkout_clerk.legacy.browser_618c54_5.64.0-canary.v20250506070917.js.sri
- clerk-js/5.64.0-canary.v20250506070917/checkout_clerk.legacy.browser_618c54_5.64.0-canary.v20250506070917.min.js.br
- clerk-js/5.64.0-canary.v20250506070917/checkout_clerk.legacy.browser_618c54_5.64.0-canary.v20250506070917.min.js.gz
- clerk-js/5.64.0-canary.v20250506070917/checkout_clerk.legacy.browser_618c54_5.64.0-canary.v20250506070917.min.js.sri
- clerk-js/5.64.0-canary.v20250506070917/clerk.browser.js.br
- clerk-js/5.64.0-canary.v20250506070917/clerk.browser.js.gz
- clerk-js/5.64.0-canary.v20250506070917/clerk.browser.js.sri
- clerk-js/5.64.0-canary.v20250506070917/clerk.browser.min.js.br
- clerk-js/5.64.0-canary.v20250506070917/clerk.browser.min.js.gz
- clerk-js/5.64.0-canary.v20250506070917/clerk.browser.min.js.sri
- clerk-js/5.64.0-canary.v20250506070917/clerk.chips.browser.js.br
- clerk-js/5.64.0-canary.v20250506070917/clerk.chips.browser.js.gz
- clerk-js/5.64.0-canary.v20250506070917/clerk.chips.browser.js.sri
- clerk-js/5.64.0-canary.v20250506070917/clerk.chips.browser.min.js.br
- clerk-js/5.64.0-canary.v20250506070917/clerk.chips.browser.min.js.gz
- clerk-js/5.64.0-canary.v20250506070917/clerk.chips.browser.min.js.sri
- clerk-js/5.64.0-canary.v20250506070917/clerk.headless.browser.js.br
- clerk-js/5.64.0-canary.v20250506070917/clerk.headless.browser.js.gz
- clerk-js/5.64.0-canary.v20250506070917/clerk.headless.browser.js.sri
- clerk-js/5.64.0-canary.v20250506070917/clerk.headless.browser.min.js.br
- clerk-js/5.64.0-canary.v20250506070917/clerk.headless.browser.min.js.gz
- clerk-js/5.64.0-canary.v20250506070917/clerk.headless.browser.min.js.sri
- clerk-js/5.64.0-canary.v20250506070917/clerk.headless.js.br
- clerk-js/5.64.0-canary.v20250506070917/clerk.headless.js.gz
- clerk-js/5.64.0-canary.v20250506070917/clerk.headless.js.sri
- clerk-js/5.64.0-canary.v20250506070917/clerk.headless.min.js.br
- clerk-js/5.64.0-canary.v20250506070917/clerk.headless.min.js.gz
- clerk-js/5.64.0-canary.v20250506070917/clerk.headless.min.js.sri
- clerk-js/5.64.0-canary.v20250506070917/clerk.js.br
- clerk-js/5.64.0-canary.v20250506070917/clerk.js.gz
- clerk-js/5.64.0-canary.v20250506070917/clerk.js.sri
- clerk-js/5.64.0-canary.v20250506070917/clerk.legacy.browser.js.br
- clerk-js/5.64.0-canary.v20250506070917/clerk.legacy.browser.js.gz
- clerk-js/5.64.0-canary.v20250506070917/clerk.legacy.browser.js.sri
- clerk-js/5.64.0-canary.v20250506070917/clerk.legacy.browser.min.js.br
- clerk-js/5.64.0-canary.v20250506070917/clerk.legacy.browser.min.js.gz
- clerk-js/5.64.0-canary.v20250506070917/clerk.legacy.browser.min.js.sri
- clerk-js/5.64.0-canary.v20250506070917/clerk.min.js.br
- clerk-js/5.64.0-canary.v20250506070917/clerk.min.js.gz
- clerk-js/5.64.0-canary.v20250506070917/clerk.min.js.sri
- clerk-js/5.64.0-canary.v20250506070917/clerk.mjs.br
- clerk-js/5.64.0-canary.v20250506070917/clerk.mjs.gz
- clerk-js/5.64.0-canary.v20250506070917/clerk.no-rhc.js.br
- clerk-js/5.64.0-canary.v20250506070917/clerk.no-rhc.js.gz
- clerk-js/5.64.0-canary.v20250506070917/clerk.no-rhc.js.sri
- clerk-js/5.64.0-canary.v20250506070917/clerk.no-rhc.min.js.br
- clerk-js/5.64.0-canary.v20250506070917/clerk.no-rhc.min.js.gz
- clerk-js/5.64.0-canary.v20250506070917/clerk.no-rhc.min.js.sri
- clerk-js/5.64.0-canary.v20250506070917/clerk.no-rhc.mjs.br
- clerk-js/5.64.0-canary.v20250506070917/clerk.no-rhc.mjs.gz
- clerk-js/5.64.0-canary.v20250506070917/coinbase-wallet-sdk_clerk.browser_3d961d_5.64.0-canary.v20250506070917.js.br
- clerk-js/5.64.0-canary.v20250506070917/coinbase-wallet-sdk_clerk.browser_3d961d_5.64.0-canary.v20250506070917.js.gz
- clerk-js/5.64.0-canary.v20250506070917/coinbase-wallet-sdk_clerk.browser_3d961d_5.64.0-canary.v20250506070917.js.sri
- clerk-js/5.64.0-canary.v20250506070917/coinbase-wallet-sdk_clerk.browser_3d961d_5.64.0-canary.v20250506070917.min.js.br
- clerk-js/5.64.0-canary.v20250506070917/coinbase-wallet-sdk_clerk.browser_3d961d_5.64.0-canary.v20250506070917.min.js.gz
- clerk-js/5.64.0-canary.v20250506070917/coinbase-wallet-sdk_clerk.browser_3d961d_5.64.0-canary.v20250506070917.min.js.sri
- clerk-js/5.64.0-canary.v20250506070917/coinbase-wallet-sdk_clerk.chips.browser_bada81_5.64.0-canary.v20250506070917.js.br
- clerk-js/5.64.0-canary.v20250506070917/coinbase-wallet-sdk_clerk.chips.browser_bada81_5.64.0-canary.v20250506070917.js.gz
- clerk-js/5.64.0-canary.v20250506070917/coinbase-wallet-sdk_clerk.chips.browser_bada81_5.64.0-canary.v20250506070917.js.sri
- clerk-js/5.64.0-canary.v20250506070917/coinbase-wallet-sdk_clerk.chips.browser_bada81_5.64.0-canary.v20250506070917.min.js.br
- clerk-js/5.64.0-canary.v20250506070917/coinbase-wallet-sdk_clerk.chips.browser_bada81_5.64.0-canary.v20250506070917.min.js.gz
- clerk-js/5.64.0-canary.v20250506070917/coinbase-wallet-sdk_clerk.chips.browser_bada81_5.64.0-canary.v20250506070917.min.js.sri
- clerk-js/5.64.0-canary.v20250506070917/coinbase-wallet-sdk_clerk.headless.browser_db5799_5.64.0-canary.v20250506070917.js.br
- clerk-js/5.64.0-canary.v20250506070917/coinbase-wallet-sdk_clerk.headless.browser_db5799_5.64.0-canary.v20250506070917.js.gz
- clerk-js/5.64.0-canary.v20250506070917/coinbase-wallet-sdk_clerk.headless.browser_db5799_5.64.0-canary.v20250506070917.js.sri
- clerk-js/5.64.0-canary.v20250506070917/coinbase-wallet-sdk_clerk.headless.browser_db5799_5.64.0-canary.v20250506070917.min.js.br
- clerk-js/5.64.0-canary.v20250506070917/coinbase-wallet-sdk_clerk.headless.browser_db5799_5.64.0-canary.v20250506070917.min.js.gz
- clerk-js/5.64.0-canary.v20250506070917/coinbase-wallet-sdk_clerk.headless.browser_db5799_5.64.0-canary.v20250506070917.min.js.sri
- clerk-js/5.64.0-canary.v20250506070917/coinbase-wallet-sdk_clerk.legacy.browser_618c54_5.64.0-canary.v20250506070917.js.br
- clerk-js/5.64.0-canary.v20250506070917/coinbase-wallet-sdk_clerk.legacy.browser_618c54_5.64.0-canary.v20250506070917.js.gz
- clerk-js/5.64.0-canary.v20250506070917/coinbase-wallet-sdk_clerk.legacy.browser_618c54_5.64.0-canary.v20250506070917.js.sri
- clerk-js/5.64.0-canary.v20250506070917/coinbase-wallet-sdk_clerk.legacy.browser_618c54_5.64.0-canary.v20250506070917.min.js.br
- clerk-js/5.64.0-canary.v20250506070917/coinbase-wallet-sdk_clerk.legacy.browser_618c54_5.64.0-canary.v20250506070917.min.js.gz
- clerk-js/5.64.0-canary.v20250506070917/coinbase-wallet-sdk_clerk.legacy.browser_618c54_5.64.0-canary.v20250506070917.min.js.sri
- clerk-js/5.64.0-canary.v20250506070917/cookieSuffix_clerk.browser_3d961d_5.64.0-canary.v20250506070917.js.br
- clerk-js/5.64.0-canary.v20250506070917/cookieSuffix_clerk.browser_3d961d_5.64.0-canary.v20250506070917.js.gz
- clerk-js/5.64.0-canary.v20250506070917/cookieSuffix_clerk.browser_3d961d_5.64.0-canary.v20250506070917.js.sri
- clerk-js/5.64.0-canary.v20250506070917/cookieSuffix_clerk.browser_3d961d_5.64.0-canary.v20250506070917.min.js.br
- clerk-js/5.64.0-canary.v20250506070917/cookieSuffix_clerk.browser_3d961d_5.64.0-canary.v20250506070917.min.js.gz
- clerk-js/5.64.0-canary.v20250506070917/cookieSuffix_clerk.browser_3d961d_5.64.0-canary.v20250506070917.min.js.sri
- clerk-js/5.64.0-canary.v20250506070917/cookieSuffix_clerk.chips.browser_bada81_5.64.0-canary.v20250506070917.js.br
- clerk-js/5.64.0-canary.v20250506070917/cookieSuffix_clerk.chips.browser_bada81_5.64.0-canary.v20250506070917.js.gz
- clerk-js/5.64.0-canary.v20250506070917/cookieSuffix_clerk.chips.browser_bada81_5.64.0-canary.v20250506070917.js.sri
- clerk-js/5.64.0-canary.v20250506070917/cookieSuffix_clerk.chips.browser_bada81_5.64.0-canary.v20250506070917.min.js.br
- clerk-js/5.64.0-canary.v20250506070917/cookieSuffix_clerk.chips.browser_bada81_5.64.0-canary.v20250506070917.min.js.gz
- clerk-js/5.64.0-canary.v20250506070917/cookieSuffix_clerk.chips.browser_bada81_5.64.0-canary.v20250506070917.min.js.sri
- clerk-js/5.64.0-canary.v20250506070917/cookieSuffix_clerk.headless.browser_db5799_5.64.0-canary.v20250506070917.js.br
- clerk-js/5.64.0-canary.v20250506070917/cookieSuffix_clerk.headless.browser_db5799_5.64.0-canary.v20250506070917.js.gz
- clerk-js/5.64.0-canary.v20250506070917/cookieSuffix_clerk.headless.browser_db5799_5.64.0-canary.v20250506070917.js.sri
- clerk-js/5.64.0-canary.v20250506070917/cookieSuffix_clerk.headless.browser_db5799_5.64.0-canary.v20250506070917.min.js.br
- clerk-js/5.64.0-canary.v20250506070917/cookieSuffix_clerk.headless.browser_db5799_5.64.0-canary.v20250506070917.min.js.gz
- clerk-js/5.64.0-canary.v20250506070917/cookieSuffix_clerk.headless.browser_db5799_5.64.0-canary.v20250506070917.min.js.sri
- clerk-js/5.64.0-canary.v20250506070917/cookieSuffix_clerk.headless_b407c2_5.64.0-canary.v20250506070917.js.br
- clerk-js/5.64.0-canary.v20250506070917/cookieSuffix_clerk.headless_b407c2_5.64.0-canary.v20250506070917.js.gz
- clerk-js/5.64.0-canary.v20250506070917/cookieSuffix_clerk.headless_b407c2_5.64.0-canary.v20250506070917.js.sri
- clerk-js/5.64.0-canary.v20250506070917/cookieSuffix_clerk.headless_b407c2_5.64.0-canary.v20250506070917.min.js.br
- clerk-js/5.64.0-canary.v20250506070917/cookieSuffix_clerk.headless_b407c2_5.64.0-canary.v20250506070917.min.js.gz
- clerk-js/5.64.0-canary.v20250506070917/cookieSuffix_clerk.headless_b407c2_5.64.0-canary.v20250506070917.min.js.sri
- clerk-js/5.64.0-canary.v20250506070917/cookieSuffix_clerk.legacy.browser_618c54_5.64.0-canary.v20250506070917.js.br
- clerk-js/5.64.0-canary.v20250506070917/cookieSuffix_clerk.legacy.browser_618c54_5.64.0-canary.v20250506070917.js.gz
- clerk-js/5.64.0-canary.v20250506070917/cookieSuffix_clerk.legacy.browser_618c54_5.64.0-canary.v20250506070917.js.sri
- clerk-js/5.64.0-canary.v20250506070917/cookieSuffix_clerk.legacy.browser_618c54_5.64.0-canary.v20250506070917.min.js.br
- clerk-js/5.64.0-canary.v20250506070917/cookieSuffix_clerk.legacy.browser_618c54_5.64.0-canary.v20250506070917.min.js.gz
- clerk-js/5.64.0-canary.v20250506070917/cookieSuffix_clerk.legacy.browser_618c54_5.64.0-canary.v20250506070917.min.js.sri
- clerk-js/5.64.0-canary.v20250506070917/createorganization_clerk.browser_3d961d_5.64.0-canary.v20250506070917.js.br
- clerk-js/5.64.0-canary.v20250506070917/createorganization_clerk.browser_3d961d_5.64.0-canary.v20250506070917.js.gz
- clerk-js/5.64.0-canary.v20250506070917/createorganization_clerk.browser_3d961d_5.64.0-canary.v20250506070917.js.sri
- clerk-js/5.64.0-canary.v20250506070917/createorganization_clerk.browser_3d961d_5.64.0-canary.v20250506070917.min.js.br
- clerk-js/5.64.0-canary.v20250506070917/createorganization_clerk.browser_3d961d_5.64.0-canary.v20250506070917.min.js.gz
- clerk-js/5.64.0-canary.v20250506070917/createorganization_clerk.browser_3d961d_5.64.0-canary.v20250506070917.min.js.sri
- clerk-js/5.64.0-canary.v20250506070917/createorganization_clerk.chips.browser_bada81_5.64.0-canary.v20250506070917.js.br
- clerk-js/5.64.0-canary.v20250506070917/createorganization_clerk.chips.browser_bada81_5.64.0-canary.v20250506070917.js.gz
- clerk-js/5.64.0-canary.v20250506070917/createorganization_clerk.chips.browser_bada81_5.64.0-canary.v20250506070917.js.sri
- clerk-js/5.64.0-canary.v20250506070917/createorganization_clerk.chips.browser_bada81_5.64.0-canary.v20250506070917.min.js.br
- clerk-js/5.64.0-canary.v20250506070917/createorganization_clerk.chips.browser_bada81_5.64.0-canary.v20250506070917.min.js.gz
- clerk-js/5.64.0-canary.v20250506070917/createorganization_clerk.chips.browser_bada81_5.64.0-canary.v20250506070917.min.js.sri
- clerk-js/5.64.0-canary.v20250506070917/createorganization_clerk.legacy.browser_618c54_5.64.0-canary.v20250506070917.js.br
- clerk-js/5.64.0-canary.v20250506070917/createorganization_clerk.legacy.browser_618c54_5.64.0-canary.v20250506070917.js.gz
- clerk-js/5.64.0-canary.v20250506070917/createorganization_clerk.legacy.browser_618c54_5.64.0-canary.v20250506070917.js.sri
- clerk-js/5.64.0-canary.v20250506070917/createorganization_clerk.legacy.browser_618c54_5.64.0-canary.v20250506070917.min.js.br
- clerk-js/5.64.0-canary.v20250506070917/createorganization_clerk.legacy.browser_618c54_5.64.0-canary.v20250506070917.min.js.gz
- clerk-js/5.64.0-canary.v20250506070917/createorganization_clerk.legacy.browser_618c54_5.64.0-canary.v20250506070917.min.js.sri
- clerk-js/5.64.0-canary.v20250506070917/framework_clerk.browser_3d961d_5.64.0-canary.v20250506070917.js.br
- clerk-js/5.64.0-canary.v20250506070917/framework_clerk.browser_3d961d_5.64.0-canary.v20250506070917.js.gz
- clerk-js/5.64.0-canary.v20250506070917/framework_clerk.browser_3d961d_5.64.0-canary.v20250506070917.js.sri
- clerk-js/5.64.0-canary.v20250506070917/framework_clerk.browser_3d961d_5.64.0-canary.v20250506070917.min.js.br
- clerk-js/5.64.0-canary.v20250506070917/framework_clerk.browser_3d961d_5.64.0-canary.v20250506070917.min.js.gz
- clerk-js/5.64.0-canary.v20250506070917/framework_clerk.browser_3d961d_5.64.0-canary.v20250506070917.min.js.sri
- clerk-js/5.64.0-canary.v20250506070917/framework_clerk.chips.browser_bada81_5.64.0-canary.v20250506070917.js.br
- clerk-js/5.64.0-canary.v20250506070917/framework_clerk.chips.browser_bada81_5.64.0-canary.v20250506070917.js.gz
- clerk-js/5.64.0-canary.v20250506070917/framework_clerk.chips.browser_bada81_5.64.0-canary.v20250506070917.js.sri
- clerk-js/5.64.0-canary.v20250506070917/framework_clerk.chips.browser_bada81_5.64.0-canary.v20250506070917.min.js.br
- clerk-js/5.64.0-canary.v20250506070917/framework_clerk.chips.browser_bada81_5.64.0-canary.v20250506070917.min.js.gz
- clerk-js/5.64.0-canary.v20250506070917/framework_clerk.chips.browser_bada81_5.64.0-canary.v20250506070917.min.js.sri
- clerk-js/5.64.0-canary.v20250506070917/framework_clerk.legacy.browser_618c54_5.64.0-canary.v20250506070917.js.br
- clerk-js/5.64.0-canary.v20250506070917/framework_clerk.legacy.browser_618c54_5.64.0-canary.v20250506070917.js.gz
- clerk-js/5.64.0-canary.v20250506070917/framework_clerk.legacy.browser_618c54_5.64.0-canary.v20250506070917.js.sri
- clerk-js/5.64.0-canary.v20250506070917/framework_clerk.legacy.browser_618c54_5.64.0-canary.v20250506070917.min.js.br
- clerk-js/5.64.0-canary.v20250506070917/framework_clerk.legacy.browser_618c54_5.64.0-canary.v20250506070917.min.js.gz
- clerk-js/5.64.0-canary.v20250506070917/framework_clerk.legacy.browser_618c54_5.64.0-canary.v20250506070917.min.js.sri
- clerk-js/5.64.0-canary.v20250506070917/impersonationfab_clerk.browser_3d961d_5.64.0-canary.v20250506070917.js.br
- clerk-js/5.64.0-canary.v20250506070917/impersonationfab_clerk.browser_3d961d_5.64.0-canary.v20250506070917.js.gz
- clerk-js/5.64.0-canary.v20250506070917/impersonationfab_clerk.browser_3d961d_5.64.0-canary.v20250506070917.js.sri
- clerk-js/5.64.0-canary.v20250506070917/impersonationfab_clerk.browser_3d961d_5.64.0-canary.v20250506070917.min.js.br
- clerk-js/5.64.0-canary.v20250506070917/impersonationfab_clerk.browser_3d961d_5.64.0-canary.v20250506070917.min.js.gz
- clerk-js/5.64.0-canary.v20250506070917/impersonationfab_clerk.browser_3d961d_5.64.0-canary.v20250506070917.min.js.sri
- clerk-js/5.64.0-canary.v20250506070917/impersonationfab_clerk.chips.browser_bada81_5.64.0-canary.v20250506070917.js.br
- clerk-js/5.64.0-canary.v20250506070917/impersonationfab_clerk.chips.browser_bada81_5.64.0-canary.v20250506070917.js.gz
- clerk-js/5.64.0-canary.v20250506070917/impersonationfab_clerk.chips.browser_bada81_5.64.0-canary.v20250506070917.js.sri
- clerk-js/5.64.0-canary.v20250506070917/impersonationfab_clerk.chips.browser_bada81_5.64.0-canary.v20250506070917.min.js.br
- clerk-js/5.64.0-canary.v20250506070917/impersonationfab_clerk.chips.browser_bada81_5.64.0-canary.v20250506070917.min.js.gz
- clerk-js/5.64.0-canary.v20250506070917/impersonationfab_clerk.chips.browser_bada81_5.64.0-canary.v20250506070917.min.js.sri
- clerk-js/5.64.0-canary.v20250506070917/impersonationfab_clerk.legacy.browser_618c54_5.64.0-canary.v20250506070917.js.br
- clerk-js/5.64.0-canary.v20250506070917/impersonationfab_clerk.legacy.browser_618c54_5.64.0-canary.v20250506070917.js.gz
- clerk-js/5.64.0-canary.v20250506070917/impersonationfab_clerk.legacy.browser_618c54_5.64.0-canary.v20250506070917.js.sri
- clerk-js/5.64.0-canary.v20250506070917/impersonationfab_clerk.legacy.browser_618c54_5.64.0-canary.v20250506070917.min.js.br
- clerk-js/5.64.0-canary.v20250506070917/impersonationfab_clerk.legacy.browser_618c54_5.64.0-canary.v20250506070917.min.js.gz
- clerk-js/5.64.0-canary.v20250506070917/impersonationfab_clerk.legacy.browser_618c54_5.64.0-canary.v20250506070917.min.js.sri
- clerk-js/5.64.0-canary.v20250506070917/keylessPrompt_clerk.browser_3d961d_5.64.0-canary.v20250506070917.js.br
- clerk-js/5.64.0-canary.v20250506070917/keylessPrompt_clerk.browser_3d961d_5.64.0-canary.v20250506070917.js.gz
- clerk-js/5.64.0-canary.v20250506070917/keylessPrompt_clerk.browser_3d961d_5.64.0-canary.v20250506070917.js.sri
- clerk-js/5.64.0-canary.v20250506070917/keylessPrompt_clerk.browser_3d961d_5.64.0-canary.v20250506070917.min.js.br
- clerk-js/5.64.0-canary.v20250506070917/keylessPrompt_clerk.browser_3d961d_5.64.0-canary.v20250506070917.min.js.gz
- clerk-js/5.64.0-canary.v20250506070917/keylessPrompt_clerk.browser_3d961d_5.64.0-canary.v20250506070917.min.js.sri
- clerk-js/5.64.0-canary.v20250506070917/keylessPrompt_clerk.chips.browser_bada81_5.64.0-canary.v20250506070917.js.br
- clerk-js/5.64.0-canary.v20250506070917/keylessPrompt_clerk.chips.browser_bada81_5.64.0-canary.v20250506070917.js.gz
- clerk-js/5.64.0-canary.v20250506070917/keylessPrompt_clerk.chips.browser_bada81_5.64.0-canary.v20250506070917.js.sri
- clerk-js/5.64.0-canary.v20250506070917/keylessPrompt_clerk.chips.browser_bada81_5.64.0-canary.v20250506070917.min.js.br
- clerk-js/5.64.0-canary.v20250506070917/keylessPrompt_clerk.chips.browser_bada81_5.64.0-canary.v20250506070917.min.js.gz
- clerk-js/5.64.0-canary.v20250506070917/keylessPrompt_clerk.chips.browser_bada81_5.64.0-canary.v20250506070917.min.js.sri
- clerk-js/5.64.0-canary.v20250506070917/keylessPrompt_clerk.legacy.browser_618c54_5.64.0-canary.v20250506070917.js.br
- clerk-js/5.64.0-canary.v20250506070917/keylessPrompt_clerk.legacy.browser_618c54_5.64.0-canary.v20250506070917.js.gz
- clerk-js/5.64.0-canary.v20250506070917/keylessPrompt_clerk.legacy.browser_618c54_5.64.0-canary.v20250506070917.js.sri
- clerk-js/5.64.0-canary.v20250506070917/keylessPrompt_clerk.legacy.browser_618c54_5.64.0-canary.v20250506070917.min.js.br
- clerk-js/5.64.0-canary.v20250506070917/keylessPrompt_clerk.legacy.browser_618c54_5.64.0-canary.v20250506070917.min.js.gz
- clerk-js/5.64.0-canary.v20250506070917/keylessPrompt_clerk.legacy.browser_618c54_5.64.0-canary.v20250506070917.min.js.sri
- clerk-js/5.64.0-canary.v20250506070917/onetap_clerk.browser_3d961d_5.64.0-canary.v20250506070917.js.br
- clerk-js/5.64.0-canary.v20250506070917/onetap_clerk.browser_3d961d_5.64.0-canary.v20250506070917.js.gz
- clerk-js/5.64.0-canary.v20250506070917/onetap_clerk.browser_3d961d_5.64.0-canary.v20250506070917.js.sri
- clerk-js/5.64.0-canary.v20250506070917/onetap_clerk.browser_3d961d_5.64.0-canary.v20250506070917.min.js.br
- clerk-js/5.64.0-canary.v20250506070917/onetap_clerk.browser_3d961d_5.64.0-canary.v20250506070917.min.js.gz
- clerk-js/5.64.0-canary.v20250506070917/onetap_clerk.browser_3d961d_5.64.0-canary.v20250506070917.min.js.sri
- clerk-js/5.64.0-canary.v20250506070917/onetap_clerk.chips.browser_bada81_5.64.0-canary.v20250506070917.js.br
- clerk-js/5.64.0-canary.v20250506070917/onetap_clerk.chips.browser_bada81_5.64.0-canary.v20250506070917.js.gz
- clerk-js/5.64.0-canary.v20250506070917/onetap_clerk.chips.browser_bada81_5.64.0-canary.v20250506070917.js.sri
- clerk-js/5.64.0-canary.v20250506070917/onetap_clerk.chips.browser_bada81_5.64.0-canary.v20250506070917.min.js.br
- clerk-js/5.64.0-canary.v20250506070917/onetap_clerk.chips.browser_bada81_5.64.0-canary.v20250506070917.min.js.gz
- clerk-js/5.64.0-canary.v20250506070917/onetap_clerk.chips.browser_bada81_5.64.0-canary.v20250506070917.min.js.sri
- clerk-js/5.64.0-canary.v20250506070917/onetap_clerk.legacy.browser_618c54_5.64.0-canary.v20250506070917.js.br
- clerk-js/5.64.0-canary.v20250506070917/onetap_clerk.legacy.browser_618c54_5.64.0-canary.v20250506070917.js.gz
- clerk-js/5.64.0-canary.v20250506070917/onetap_clerk.legacy.browser_618c54_5.64.0-canary.v20250506070917.js.sri
- clerk-js/5.64.0-canary.v20250506070917/onetap_clerk.legacy.browser_618c54_5.64.0-canary.v20250506070917.min.js.br
- clerk-js/5.64.0-canary.v20250506070917/onetap_clerk.legacy.browser_618c54_5.64.0-canary.v20250506070917.min.js.gz
- clerk-js/5.64.0-canary.v20250506070917/onetap_clerk.legacy.browser_618c54_5.64.0-canary.v20250506070917.min.js.sri
- clerk-js/5.64.0-canary.v20250506070917/op-billing-page_clerk.browser_3d961d_5.64.0-canary.v20250506070917.js.br
- clerk-js/5.64.0-canary.v20250506070917/op-billing-page_clerk.browser_3d961d_5.64.0-canary.v20250506070917.js.gz
- clerk-js/5.64.0-canary.v20250506070917/op-billing-page_clerk.browser_3d961d_5.64.0-canary.v20250506070917.js.sri
- clerk-js/5.64.0-canary.v20250506070917/op-billing-page_clerk.browser_3d961d_5.64.0-canary.v20250506070917.min.js.br
- clerk-js/5.64.0-canary.v20250506070917/op-billing-page_clerk.browser_3d961d_5.64.0-canary.v20250506070917.min.js.gz
- clerk-js/5.64.0-canary.v20250506070917/op-billing-page_clerk.browser_3d961d_5.64.0-canary.v20250506070917.min.js.sri
- clerk-js/5.64.0-canary.v20250506070917/op-billing-page_clerk.chips.browser_bada81_5.64.0-canary.v20250506070917.js.br
- clerk-js/5.64.0-canary.v20250506070917/op-billing-page_clerk.chips.browser_bada81_5.64.0-canary.v20250506070917.js.gz
- clerk-js/5.64.0-canary.v20250506070917/op-billing-page_clerk.chips.browser_bada81_5.64.0-canary.v20250506070917.js.sri
- clerk-js/5.64.0-canary.v20250506070917/op-billing-page_clerk.chips.browser_bada81_5.64.0-canary.v20250506070917.min.js.br
- clerk-js/5.64.0-canary.v20250506070917/op-billing-page_clerk.chips.browser_bada81_5.64.0-canary.v20250506070917.min.js.gz
- clerk-js/5.64.0-canary.v20250506070917/op-billing-page_clerk.chips.browser_bada81_5.64.0-canary.v20250506070917.min.js.sri
- clerk-js/5.64.0-canary.v20250506070917/op-billing-page_clerk.legacy.browser_618c54_5.64.0-canary.v20250506070917.js.br
- clerk-js/5.64.0-canary.v20250506070917/op-billing-page_clerk.legacy.browser_618c54_5.64.0-canary.v20250506070917.js.gz
- clerk-js/5.64.0-canary.v20250506070917/op-billing-page_clerk.legacy.browser_618c54_5.64.0-canary.v20250506070917.js.sri
- clerk-js/5.64.0-canary.v20250506070917/op-billing-page_clerk.legacy.browser_618c54_5.64.0-canary.v20250506070917.min.js.br
- clerk-js/5.64.0-canary.v20250506070917/op-billing-page_clerk.legacy.browser_618c54_5.64.0-canary.v20250506070917.min.js.gz
- clerk-js/5.64.0-canary.v20250506070917/op-billing-page_clerk.legacy.browser_618c54_5.64.0-canary.v20250506070917.min.js.sri
- clerk-js/5.64.0-canary.v20250506070917/organizationlist_clerk.browser_3d961d_5.64.0-canary.v20250506070917.js.br
- clerk-js/5.64.0-canary.v20250506070917/organizationlist_clerk.browser_3d961d_5.64.0-canary.v20250506070917.js.gz
- clerk-js/5.64.0-canary.v20250506070917/organizationlist_clerk.browser_3d961d_5.64.0-canary.v20250506070917.js.sri
- clerk-js/5.64.0-canary.v20250506070917/organizationlist_clerk.browser_3d961d_5.64.0-canary.v20250506070917.min.js.br
- clerk-js/5.64.0-canary.v20250506070917/organizationlist_clerk.browser_3d961d_5.64.0-canary.v20250506070917.min.js.gz
- clerk-js/5.64.0-canary.v20250506070917/organizationlist_clerk.browser_3d961d_5.64.0-canary.v20250506070917.min.js.sri
- clerk-js/5.64.0-canary.v20250506070917/organizationlist_clerk.chips.browser_bada81_5.64.0-canary.v20250506070917.js.br
- clerk-js/5.64.0-canary.v20250506070917/organizationlist_clerk.chips.browser_bada81_5.64.0-canary.v20250506070917.js.gz
- clerk-js/5.64.0-canary.v20250506070917/organizationlist_clerk.chips.browser_bada81_5.64.0-canary.v20250506070917.js.sri
- clerk-js/5.64.0-canary.v20250506070917/organizationlist_clerk.chips.browser_bada81_5.64.0-canary.v20250506070917.min.js.br
- clerk-js/5.64.0-canary.v20250506070917/organizationlist_clerk.chips.browser_bada81_5.64.0-canary.v20250506070917.min.js.gz
- clerk-js/5.64.0-canary.v20250506070917/organizationlist_clerk.chips.browser_bada81_5.64.0-canary.v20250506070917.min.js.sri
- clerk-js/5.64.0-canary.v20250506070917/organizationlist_clerk.legacy.browser_618c54_5.64.0-canary.v20250506070917.js.br
- clerk-js/5.64.0-canary.v20250506070917/organizationlist_clerk.legacy.browser_618c54_5.64.0-canary.v20250506070917.js.gz
- clerk-js/5.64.0-canary.v20250506070917/organizationlist_clerk.legacy.browser_618c54_5.64.0-canary.v20250506070917.js.sri
- clerk-js/5.64.0-canary.v20250506070917/organizationlist_clerk.legacy.browser_618c54_5.64.0-canary.v20250506070917.min.js.br
- clerk-js/5.64.0-canary.v20250506070917/organizationlist_clerk.legacy.browser_618c54_5.64.0-canary.v20250506070917.min.js.gz
- clerk-js/5.64.0-canary.v20250506070917/organizationlist_clerk.legacy.browser_618c54_5.64.0-canary.v20250506070917.min.js.sri
- clerk-js/5.64.0-canary.v20250506070917/organizationprofile_clerk.browser_3d961d_5.64.0-canary.v20250506070917.js.br
- clerk-js/5.64.0-canary.v20250506070917/organizationprofile_clerk.browser_3d961d_5.64.0-canary.v20250506070917.js.gz
- clerk-js/5.64.0-canary.v20250506070917/organizationprofile_clerk.browser_3d961d_5.64.0-canary.v20250506070917.js.sri
- clerk-js/5.64.0-canary.v20250506070917/organizationprofile_clerk.browser_3d961d_5.64.0-canary.v20250506070917.min.js.br
- clerk-js/5.64.0-canary.v20250506070917/organizationprofile_clerk.browser_3d961d_5.64.0-canary.v20250506070917.min.js.gz
- clerk-js/5.64.0-canary.v20250506070917/organizationprofile_clerk.browser_3d961d_5.64.0-canary.v20250506070917.min.js.sri
- clerk-js/5.64.0-canary.v20250506070917/organizationprofile_clerk.chips.browser_bada81_5.64.0-canary.v20250506070917.js.br
- clerk-js/5.64.0-canary.v20250506070917/organizationprofile_clerk.chips.browser_bada81_5.64.0-canary.v20250506070917.js.gz
- clerk-js/5.64.0-canary.v20250506070917/organizationprofile_clerk.chips.browser_bada81_5.64.0-canary.v20250506070917.js.sri
- clerk-js/5.64.0-canary.v20250506070917/organizationprofile_clerk.chips.browser_bada81_5.64.0-canary.v20250506070917.min.js.br
- clerk-js/5.64.0-canary.v20250506070917/organizationprofile_clerk.chips.browser_bada81_5.64.0-canary.v20250506070917.min.js.gz
- clerk-js/5.64.0-canary.v20250506070917/organizationprofile_clerk.chips.browser_bada81_5.64.0-canary.v20250506070917.min.js.sri
- clerk-js/5.64.0-canary.v20250506070917/organizationprofile_clerk.legacy.browser_618c54_5.64.0-canary.v20250506070917.js.br
- clerk-js/5.64.0-canary.v20250506070917/organizationprofile_clerk.legacy.browser_618c54_5.64.0-canary.v20250506070917.js.gz
- clerk-js/5.64.0-canary.v20250506070917/organizationprofile_clerk.legacy.browser_618c54_5.64.0-canary.v20250506070917.js.sri
- clerk-js/5.64.0-canary.v20250506070917/organizationprofile_clerk.legacy.browser_618c54_5.64.0-canary.v20250506070917.min.js.br
- clerk-js/5.64.0-canary.v20250506070917/organizationprofile_clerk.legacy.browser_618c54_5.64.0-canary.v20250506070917.min.js.gz
- clerk-js/5.64.0-canary.v20250506070917/organizationprofile_clerk.legacy.browser_618c54_5.64.0-canary.v20250506070917.min.js.sri
- clerk-js/5.64.0-canary.v20250506070917/organizationswitcher_clerk.browser_3d961d_5.64.0-canary.v20250506070917.js.br
- clerk-js/5.64.0-canary.v20250506070917/organizationswitcher_clerk.browser_3d961d_5.64.0-canary.v20250506070917.js.gz
- clerk-js/5.64.0-canary.v20250506070917/organizationswitcher_clerk.browser_3d961d_5.64.0-canary.v20250506070917.js.sri
- clerk-js/5.64.0-canary.v20250506070917/organizationswitcher_clerk.browser_3d961d_5.64.0-canary.v20250506070917.min.js.br
- clerk-js/5.64.0-canary.v20250506070917/organizationswitcher_clerk.browser_3d961d_5.64.0-canary.v20250506070917.min.js.gz
- clerk-js/5.64.0-canary.v20250506070917/organizationswitcher_clerk.browser_3d961d_5.64.0-canary.v20250506070917.min.js.sri
- clerk-js/5.64.0-canary.v20250506070917/organizationswitcher_clerk.chips.browser_bada81_5.64.0-canary.v20250506070917.js.br
- clerk-js/5.64.0-canary.v20250506070917/organizationswitcher_clerk.chips.browser_bada81_5.64.0-canary.v20250506070917.js.gz
- clerk-js/5.64.0-canary.v20250506070917/organizationswitcher_clerk.chips.browser_bada81_5.64.0-canary.v20250506070917.js.sri
- clerk-js/5.64.0-canary.v20250506070917/organizationswitcher_clerk.chips.browser_bada81_5.64.0-canary.v20250506070917.min.js.br
- clerk-js/5.64.0-canary.v20250506070917/organizationswitcher_clerk.chips.browser_bada81_5.64.0-canary.v20250506070917.min.js.gz
- clerk-js/5.64.0-canary.v20250506070917/organizationswitcher_clerk.chips.browser_bada81_5.64.0-canary.v20250506070917.min.js.sri
- clerk-js/5.64.0-canary.v20250506070917/organizationswitcher_clerk.legacy.browser_618c54_5.64.0-canary.v20250506070917.js.br
- clerk-js/5.64.0-canary.v20250506070917/organizationswitcher_clerk.legacy.browser_618c54_5.64.0-canary.v20250506070917.js.gz
- clerk-js/5.64.0-canary.v20250506070917/organizationswitcher_clerk.legacy.browser_618c54_5.64.0-canary.v20250506070917.js.sri
- clerk-js/5.64.0-canary.v20250506070917/organizationswitcher_clerk.legacy.browser_618c54_5.64.0-canary.v20250506070917.min.js.br
- clerk-js/5.64.0-canary.v20250506070917/organizationswitcher_clerk.legacy.browser_618c54_5.64.0-canary.v20250506070917.min.js.gz
- clerk-js/5.64.0-canary.v20250506070917/organizationswitcher_clerk.legacy.browser_618c54_5.64.0-canary.v20250506070917.min.js.sri
- clerk-js/5.64.0-canary.v20250506070917/paymentSources_clerk.browser_3d961d_5.64.0-canary.v20250506070917.js.br
- clerk-js/5.64.0-canary.v20250506070917/paymentSources_clerk.browser_3d961d_5.64.0-canary.v20250506070917.js.gz
- clerk-js/5.64.0-canary.v20250506070917/paymentSources_clerk.browser_3d961d_5.64.0-canary.v20250506070917.js.sri
- clerk-js/5.64.0-canary.v20250506070917/paymentSources_clerk.browser_3d961d_5.64.0-canary.v20250506070917.min.js.br
- clerk-js/5.64.0-canary.v20250506070917/paymentSources_clerk.browser_3d961d_5.64.0-canary.v20250506070917.min.js.gz
- clerk-js/5.64.0-canary.v20250506070917/paymentSources_clerk.browser_3d961d_5.64.0-canary.v20250506070917.min.js.sri
- clerk-js/5.64.0-canary.v20250506070917/paymentSources_clerk.chips.browser_bada81_5.64.0-canary.v20250506070917.js.br
- clerk-js/5.64.0-canary.v20250506070917/paymentSources_clerk.chips.browser_bada81_5.64.0-canary.v20250506070917.js.gz
- clerk-js/5.64.0-canary.v20250506070917/paymentSources_clerk.chips.browser_bada81_5.64.0-canary.v20250506070917.js.sri
- clerk-js/5.64.0-canary.v20250506070917/paymentSources_clerk.chips.browser_bada81_5.64.0-canary.v20250506070917.min.js.br
- clerk-js/5.64.0-canary.v20250506070917/paymentSources_clerk.chips.browser_bada81_5.64.0-canary.v20250506070917.min.js.gz
- clerk-js/5.64.0-canary.v20250506070917/paymentSources_clerk.chips.browser_bada81_5.64.0-canary.v20250506070917.min.js.sri
- clerk-js/5.64.0-canary.v20250506070917/paymentSources_clerk.legacy.browser_618c54_5.64.0-canary.v20250506070917.js.br
- clerk-js/5.64.0-canary.v20250506070917/paymentSources_clerk.legacy.browser_618c54_5.64.0-canary.v20250506070917.js.gz
- clerk-js/5.64.0-canary.v20250506070917/paymentSources_clerk.legacy.browser_618c54_5.64.0-canary.v20250506070917.js.sri
- clerk-js/5.64.0-canary.v20250506070917/paymentSources_clerk.legacy.browser_618c54_5.64.0-canary.v20250506070917.min.js.br
- clerk-js/5.64.0-canary.v20250506070917/paymentSources_clerk.legacy.browser_618c54_5.64.0-canary.v20250506070917.min.js.gz
- clerk-js/5.64.0-canary.v20250506070917/paymentSources_clerk.legacy.browser_618c54_5.64.0-canary.v20250506070917.min.js.sri
- clerk-js/5.64.0-canary.v20250506070917/planDetails_clerk.browser_3d961d_5.64.0-canary.v20250506070917.js.br
- clerk-js/5.64.0-canary.v20250506070917/planDetails_clerk.browser_3d961d_5.64.0-canary.v20250506070917.js.gz
- clerk-js/5.64.0-canary.v20250506070917/planDetails_clerk.browser_3d961d_5.64.0-canary.v20250506070917.js.sri
- clerk-js/5.64.0-canary.v20250506070917/planDetails_clerk.browser_3d961d_5.64.0-canary.v20250506070917.min.js.br
- clerk-js/5.64.0-canary.v20250506070917/planDetails_clerk.browser_3d961d_5.64.0-canary.v20250506070917.min.js.gz
- clerk-js/5.64.0-canary.v20250506070917/planDetails_clerk.browser_3d961d_5.64.0-canary.v20250506070917.min.js.sri
- clerk-js/5.64.0-canary.v20250506070917/planDetails_clerk.chips.browser_bada81_5.64.0-canary.v20250506070917.js.br
- clerk-js/5.64.0-canary.v20250506070917/planDetails_clerk.chips.browser_bada81_5.64.0-canary.v20250506070917.js.gz
- clerk-js/5.64.0-canary.v20250506070917/planDetails_clerk.chips.browser_bada81_5.64.0-canary.v20250506070917.js.sri
- clerk-js/5.64.0-canary.v20250506070917/planDetails_clerk.chips.browser_bada81_5.64.0-canary.v20250506070917.min.js.br
- clerk-js/5.64.0-canary.v20250506070917/planDetails_clerk.chips.browser_bada81_5.64.0-canary.v20250506070917.min.js.gz
- clerk-js/5.64.0-canary.v20250506070917/planDetails_clerk.chips.browser_bada81_5.64.0-canary.v20250506070917.min.js.sri
- clerk-js/5.64.0-canary.v20250506070917/planDetails_clerk.legacy.browser_618c54_5.64.0-canary.v20250506070917.js.br
- clerk-js/5.64.0-canary.v20250506070917/planDetails_clerk.legacy.browser_618c54_5.64.0-canary.v20250506070917.js.gz
- clerk-js/5.64.0-canary.v20250506070917/planDetails_clerk.legacy.browser_618c54_5.64.0-canary.v20250506070917.js.sri
- clerk-js/5.64.0-canary.v20250506070917/planDetails_clerk.legacy.browser_618c54_5.64.0-canary.v20250506070917.min.js.br
- clerk-js/5.64.0-canary.v20250506070917/planDetails_clerk.legacy.browser_618c54_5.64.0-canary.v20250506070917.min.js.gz
- clerk-js/5.64.0-canary.v20250506070917/planDetails_clerk.legacy.browser_618c54_5.64.0-canary.v20250506070917.min.js.sri
- clerk-js/5.64.0-canary.v20250506070917/prefetchorganizationlist_clerk.browser_3d961d_5.64.0-canary.v20250506070917.js.br
- clerk-js/5.64.0-canary.v20250506070917/prefetchorganizationlist_clerk.browser_3d961d_5.64.0-canary.v20250506070917.js.gz
- clerk-js/5.64.0-canary.v20250506070917/prefetchorganizationlist_clerk.browser_3d961d_5.64.0-canary.v20250506070917.js.sri
- clerk-js/5.64.0-canary.v20250506070917/prefetchorganizationlist_clerk.browser_3d961d_5.64.0-canary.v20250506070917.min.js.br
- clerk-js/5.64.0-canary.v20250506070917/prefetchorganizationlist_clerk.browser_3d961d_5.64.0-canary.v20250506070917.min.js.gz
- clerk-js/5.64.0-canary.v20250506070917/prefetchorganizationlist_clerk.browser_3d961d_5.64.0-canary.v20250506070917.min.js.sri
- clerk-js/5.64.0-canary.v20250506070917/prefetchorganizationlist_clerk.chips.browser_bada81_5.64.0-canary.v20250506070917.js.br
- clerk-js/5.64.0-canary.v20250506070917/prefetchorganizationlist_clerk.chips.browser_bada81_5.64.0-canary.v20250506070917.js.gz
- clerk-js/5.64.0-canary.v20250506070917/prefetchorganizationlist_clerk.chips.browser_bada81_5.64.0-canary.v20250506070917.js.sri
- clerk-js/5.64.0-canary.v20250506070917/prefetchorganizationlist_clerk.chips.browser_bada81_5.64.0-canary.v20250506070917.min.js.br
- clerk-js/5.64.0-canary.v20250506070917/prefetchorganizationlist_clerk.chips.browser_bada81_5.64.0-canary.v20250506070917.min.js.gz
- clerk-js/5.64.0-canary.v20250506070917/prefetchorganizationlist_clerk.chips.browser_bada81_5.64.0-canary.v20250506070917.min.js.sri
- clerk-js/5.64.0-canary.v20250506070917/prefetchorganizationlist_clerk.legacy.browser_618c54_5.64.0-canary.v20250506070917.js.br
- clerk-js/5.64.0-canary.v20250506070917/prefetchorganizationlist_clerk.legacy.browser_618c54_5.64.0-canary.v20250506070917.js.gz
- clerk-js/5.64.0-canary.v20250506070917/prefetchorganizationlist_clerk.legacy.browser_618c54_5.64.0-canary.v20250506070917.js.sri
- clerk-js/5.64.0-canary.v20250506070917/prefetchorganizationlist_clerk.legacy.browser_618c54_5.64.0-canary.v20250506070917.min.js.br
- clerk-js/5.64.0-canary.v20250506070917/prefetchorganizationlist_clerk.legacy.browser_618c54_5.64.0-canary.v20250506070917.min.js.gz
- clerk-js/5.64.0-canary.v20250506070917/prefetchorganizationlist_clerk.legacy.browser_618c54_5.64.0-canary.v20250506070917.min.js.sri
- clerk-js/5.64.0-canary.v20250506070917/pricingTable_clerk.browser_3d961d_5.64.0-canary.v20250506070917.js.br
- clerk-js/5.64.0-canary.v20250506070917/pricingTable_clerk.browser_3d961d_5.64.0-canary.v20250506070917.js.gz
- clerk-js/5.64.0-canary.v20250506070917/pricingTable_clerk.browser_3d961d_5.64.0-canary.v20250506070917.js.sri
- clerk-js/5.64.0-canary.v20250506070917/pricingTable_clerk.browser_3d961d_5.64.0-canary.v20250506070917.min.js.br
- clerk-js/5.64.0-canary.v20250506070917/pricingTable_clerk.browser_3d961d_5.64.0-canary.v20250506070917.min.js.gz
- clerk-js/5.64.0-canary.v20250506070917/pricingTable_clerk.browser_3d961d_5.64.0-canary.v20250506070917.min.js.sri
- clerk-js/5.64.0-canary.v20250506070917/pricingTable_clerk.chips.browser_bada81_5.64.0-canary.v20250506070917.js.br
- clerk-js/5.64.0-canary.v20250506070917/pricingTable_clerk.chips.browser_bada81_5.64.0-canary.v20250506070917.js.gz
- clerk-js/5.64.0-canary.v20250506070917/pricingTable_clerk.chips.browser_bada81_5.64.0-canary.v20250506070917.js.sri
- clerk-js/5.64.0-canary.v20250506070917/pricingTable_clerk.chips.browser_bada81_5.64.0-canary.v20250506070917.min.js.br
- clerk-js/5.64.0-canary.v20250506070917/pricingTable_clerk.chips.browser_bada81_5.64.0-canary.v20250506070917.min.js.gz
- clerk-js/5.64.0-canary.v20250506070917/pricingTable_clerk.chips.browser_bada81_5.64.0-canary.v20250506070917.min.js.sri
- clerk-js/5.64.0-canary.v20250506070917/pricingTable_clerk.legacy.browser_618c54_5.64.0-canary.v20250506070917.js.br
- clerk-js/5.64.0-canary.v20250506070917/pricingTable_clerk.legacy.browser_618c54_5.64.0-canary.v20250506070917.js.gz
- clerk-js/5.64.0-canary.v20250506070917/pricingTable_clerk.legacy.browser_618c54_5.64.0-canary.v20250506070917.js.sri
- clerk-js/5.64.0-canary.v20250506070917/pricingTable_clerk.legacy.browser_618c54_5.64.0-canary.v20250506070917.min.js.br
- clerk-js/5.64.0-canary.v20250506070917/pricingTable_clerk.legacy.browser_618c54_5.64.0-canary.v20250506070917.min.js.gz
- clerk-js/5.64.0-canary.v20250506070917/pricingTable_clerk.legacy.browser_618c54_5.64.0-canary.v20250506070917.min.js.sri
- clerk-js/5.64.0-canary.v20250506070917/sessionTasks_clerk.browser_3d961d_5.64.0-canary.v20250506070917.js.br
- clerk-js/5.64.0-canary.v20250506070917/sessionTasks_clerk.browser_3d961d_5.64.0-canary.v20250506070917.js.gz
- clerk-js/5.64.0-canary.v20250506070917/sessionTasks_clerk.browser_3d961d_5.64.0-canary.v20250506070917.js.sri
- clerk-js/5.64.0-canary.v20250506070917/sessionTasks_clerk.browser_3d961d_5.64.0-canary.v20250506070917.min.js.br
- clerk-js/5.64.0-canary.v20250506070917/sessionTasks_clerk.browser_3d961d_5.64.0-canary.v20250506070917.min.js.gz
- clerk-js/5.64.0-canary.v20250506070917/sessionTasks_clerk.browser_3d961d_5.64.0-canary.v20250506070917.min.js.sri
- clerk-js/5.64.0-canary.v20250506070917/sessionTasks_clerk.chips.browser_bada81_5.64.0-canary.v20250506070917.js.br
- clerk-js/5.64.0-canary.v20250506070917/sessionTasks_clerk.chips.browser_bada81_5.64.0-canary.v20250506070917.js.gz
- clerk-js/5.64.0-canary.v20250506070917/sessionTasks_clerk.chips.browser_bada81_5.64.0-canary.v20250506070917.js.sri
- clerk-js/5.64.0-canary.v20250506070917/sessionTasks_clerk.chips.browser_bada81_5.64.0-canary.v20250506070917.min.js.br
- clerk-js/5.64.0-canary.v20250506070917/sessionTasks_clerk.chips.browser_bada81_5.64.0-canary.v20250506070917.min.js.gz
- clerk-js/5.64.0-canary.v20250506070917/sessionTasks_clerk.chips.browser_bada81_5.64.0-canary.v20250506070917.min.js.sri
- clerk-js/5.64.0-canary.v20250506070917/sessionTasks_clerk.legacy.browser_618c54_5.64.0-canary.v20250506070917.js.br
- clerk-js/5.64.0-canary.v20250506070917/sessionTasks_clerk.legacy.browser_618c54_5.64.0-canary.v20250506070917.js.gz
- clerk-js/5.64.0-canary.v20250506070917/sessionTasks_clerk.legacy.browser_618c54_5.64.0-canary.v20250506070917.js.sri
- clerk-js/5.64.0-canary.v20250506070917/sessionTasks_clerk.legacy.browser_618c54_5.64.0-canary.v20250506070917.min.js.br
- clerk-js/5.64.0-canary.v20250506070917/sessionTasks_clerk.legacy.browser_618c54_5.64.0-canary.v20250506070917.min.js.gz
- clerk-js/5.64.0-canary.v20250506070917/sessionTasks_clerk.legacy.browser_618c54_5.64.0-canary.v20250506070917.min.js.sri
- clerk-js/5.64.0-canary.v20250506070917/signin_clerk.browser_3d961d_5.64.0-canary.v20250506070917.js.br
- clerk-js/5.64.0-canary.v20250506070917/signin_clerk.browser_3d961d_5.64.0-canary.v20250506070917.js.gz
- clerk-js/5.64.0-canary.v20250506070917/signin_clerk.browser_3d961d_5.64.0-canary.v20250506070917.js.sri
- clerk-js/5.64.0-canary.v20250506070917/signin_clerk.browser_3d961d_5.64.0-canary.v20250506070917.min.js.br
- clerk-js/5.64.0-canary.v20250506070917/signin_clerk.browser_3d961d_5.64.0-canary.v20250506070917.min.js.gz
- clerk-js/5.64.0-canary.v20250506070917/signin_clerk.browser_3d961d_5.64.0-canary.v20250506070917.min.js.sri
- clerk-js/5.64.0-canary.v20250506070917/signin_clerk.chips.browser_bada81_5.64.0-canary.v20250506070917.js.br
- clerk-js/5.64.0-canary.v20250506070917/signin_clerk.chips.browser_bada81_5.64.0-canary.v20250506070917.js.gz
- clerk-js/5.64.0-canary.v20250506070917/signin_clerk.chips.browser_bada81_5.64.0-canary.v20250506070917.js.sri
- clerk-js/5.64.0-canary.v20250506070917/signin_clerk.chips.browser_bada81_5.64.0-canary.v20250506070917.min.js.br
- clerk-js/5.64.0-canary.v20250506070917/signin_clerk.chips.browser_bada81_5.64.0-canary.v20250506070917.min.js.gz
- clerk-js/5.64.0-canary.v20250506070917/signin_clerk.chips.browser_bada81_5.64.0-canary.v20250506070917.min.js.sri
- clerk-js/5.64.0-canary.v20250506070917/signin_clerk.legacy.browser_618c54_5.64.0-canary.v20250506070917.js.br
- clerk-js/5.64.0-canary.v20250506070917/signin_clerk.legacy.browser_618c54_5.64.0-canary.v20250506070917.js.gz
- clerk-js/5.64.0-canary.v20250506070917/signin_clerk.legacy.browser_618c54_5.64.0-canary.v20250506070917.js.sri
- clerk-js/5.64.0-canary.v20250506070917/signin_clerk.legacy.browser_618c54_5.64.0-canary.v20250506070917.min.js.br
- clerk-js/5.64.0-canary.v20250506070917/signin_clerk.legacy.browser_618c54_5.64.0-canary.v20250506070917.min.js.gz
- clerk-js/5.64.0-canary.v20250506070917/signin_clerk.legacy.browser_618c54_5.64.0-canary.v20250506070917.min.js.sri
- clerk-js/5.64.0-canary.v20250506070917/signup_clerk.browser_3d961d_5.64.0-canary.v20250506070917.js.br
- clerk-js/5.64.0-canary.v20250506070917/signup_clerk.browser_3d961d_5.64.0-canary.v20250506070917.js.gz
- clerk-js/5.64.0-canary.v20250506070917/signup_clerk.browser_3d961d_5.64.0-canary.v20250506070917.js.sri
- clerk-js/5.64.0-canary.v20250506070917/signup_clerk.browser_3d961d_5.64.0-canary.v20250506070917.min.js.br
- clerk-js/5.64.0-canary.v20250506070917/signup_clerk.browser_3d961d_5.64.0-canary.v20250506070917.min.js.gz
- clerk-js/5.64.0-canary.v20250506070917/signup_clerk.browser_3d961d_5.64.0-canary.v20250506070917.min.js.sri
- clerk-js/5.64.0-canary.v20250506070917/signup_clerk.chips.browser_bada81_5.64.0-canary.v20250506070917.js.br
- clerk-js/5.64.0-canary.v20250506070917/signup_clerk.chips.browser_bada81_5.64.0-canary.v20250506070917.js.gz
- clerk-js/5.64.0-canary.v20250506070917/signup_clerk.chips.browser_bada81_5.64.0-canary.v20250506070917.js.sri
- clerk-js/5.64.0-canary.v20250506070917/signup_clerk.chips.browser_bada81_5.64.0-canary.v20250506070917.min.js.br
- clerk-js/5.64.0-canary.v20250506070917/signup_clerk.chips.browser_bada81_5.64.0-canary.v20250506070917.min.js.gz
- clerk-js/5.64.0-canary.v20250506070917/signup_clerk.chips.browser_bada81_5.64.0-canary.v20250506070917.min.js.sri
- clerk-js/5.64.0-canary.v20250506070917/signup_clerk.legacy.browser_618c54_5.64.0-canary.v20250506070917.js.br
- clerk-js/5.64.0-canary.v20250506070917/signup_clerk.legacy.browser_618c54_5.64.0-canary.v20250506070917.js.gz
- clerk-js/5.64.0-canary.v20250506070917/signup_clerk.legacy.browser_618c54_5.64.0-canary.v20250506070917.js.sri
- clerk-js/5.64.0-canary.v20250506070917/signup_clerk.legacy.browser_618c54_5.64.0-canary.v20250506070917.min.js.br
- clerk-js/5.64.0-canary.v20250506070917/signup_clerk.legacy.browser_618c54_5.64.0-canary.v20250506070917.min.js.gz
- clerk-js/5.64.0-canary.v20250506070917/signup_clerk.legacy.browser_618c54_5.64.0-canary.v20250506070917.min.js.sri
- clerk-js/5.64.0-canary.v20250506070917/ui-common_clerk.browser_3d961d_5.64.0-canary.v20250506070917.js.br
- clerk-js/5.64.0-canary.v20250506070917/ui-common_clerk.browser_3d961d_5.64.0-canary.v20250506070917.js.gz
- clerk-js/5.64.0-canary.v20250506070917/ui-common_clerk.browser_3d961d_5.64.0-canary.v20250506070917.js.sri
- clerk-js/5.64.0-canary.v20250506070917/ui-common_clerk.browser_3d961d_5.64.0-canary.v20250506070917.min.js.br
- clerk-js/5.64.0-canary.v20250506070917/ui-common_clerk.browser_3d961d_5.64.0-canary.v20250506070917.min.js.gz
- clerk-js/5.64.0-canary.v20250506070917/ui-common_clerk.browser_3d961d_5.64.0-canary.v20250506070917.min.js.sri
- clerk-js/5.64.0-canary.v20250506070917/ui-common_clerk.chips.browser_bada81_5.64.0-canary.v20250506070917.js.br
- clerk-js/5.64.0-canary.v20250506070917/ui-common_clerk.chips.browser_bada81_5.64.0-canary.v20250506070917.js.gz
- clerk-js/5.64.0-canary.v20250506070917/ui-common_clerk.chips.browser_bada81_5.64.0-canary.v20250506070917.js.sri
- clerk-js/5.64.0-canary.v20250506070917/ui-common_clerk.chips.browser_bada81_5.64.0-canary.v20250506070917.min.js.br
- clerk-js/5.64.0-canary.v20250506070917/ui-common_clerk.chips.browser_bada81_5.64.0-canary.v20250506070917.min.js.gz
- clerk-js/5.64.0-canary.v20250506070917/ui-common_clerk.chips.browser_bada81_5.64.0-canary.v20250506070917.min.js.sri
- clerk-js/5.64.0-canary.v20250506070917/ui-common_clerk.legacy.browser_618c54_5.64.0-canary.v20250506070917.js.br
- clerk-js/5.64.0-canary.v20250506070917/ui-common_clerk.legacy.browser_618c54_5.64.0-canary.v20250506070917.js.gz
- clerk-js/5.64.0-canary.v20250506070917/ui-common_clerk.legacy.browser_618c54_5.64.0-canary.v20250506070917.js.sri
- clerk-js/5.64.0-canary.v20250506070917/ui-common_clerk.legacy.browser_618c54_5.64.0-canary.v20250506070917.min.js.br
- clerk-js/5.64.0-canary.v20250506070917/ui-common_clerk.legacy.browser_618c54_5.64.0-canary.v20250506070917.min.js.gz
- clerk-js/5.64.0-canary.v20250506070917/ui-common_clerk.legacy.browser_618c54_5.64.0-canary.v20250506070917.min.js.sri
- clerk-js/5.64.0-canary.v20250506070917/up-billing-page_clerk.browser_3d961d_5.64.0-canary.v20250506070917.js.br
- clerk-js/5.64.0-canary.v20250506070917/up-billing-page_clerk.browser_3d961d_5.64.0-canary.v20250506070917.js.gz
- clerk-js/5.64.0-canary.v20250506070917/up-billing-page_clerk.browser_3d961d_5.64.0-canary.v20250506070917.js.sri
- clerk-js/5.64.0-canary.v20250506070917/up-billing-page_clerk.browser_3d961d_5.64.0-canary.v20250506070917.min.js.br
- clerk-js/5.64.0-canary.v20250506070917/up-billing-page_clerk.browser_3d961d_5.64.0-canary.v20250506070917.min.js.gz
- clerk-js/5.64.0-canary.v20250506070917/up-billing-page_clerk.browser_3d961d_5.64.0-canary.v20250506070917.min.js.sri
- clerk-js/5.64.0-canary.v20250506070917/up-billing-page_clerk.chips.browser_bada81_5.64.0-canary.v20250506070917.js.br
- clerk-js/5.64.0-canary.v20250506070917/up-billing-page_clerk.chips.browser_bada81_5.64.0-canary.v20250506070917.js.gz
- clerk-js/5.64.0-canary.v20250506070917/up-billing-page_clerk.chips.browser_bada81_5.64.0-canary.v20250506070917.js.sri
- clerk-js/5.64.0-canary.v20250506070917/up-billing-page_clerk.chips.browser_bada81_5.64.0-canary.v20250506070917.min.js.br
- clerk-js/5.64.0-canary.v20250506070917/up-billing-page_clerk.chips.browser_bada81_5.64.0-canary.v20250506070917.min.js.gz
- clerk-js/5.64.0-canary.v20250506070917/up-billing-page_clerk.chips.browser_bada81_5.64.0-canary.v20250506070917.min.js.sri
- clerk-js/5.64.0-canary.v20250506070917/up-billing-page_clerk.legacy.browser_618c54_5.64.0-canary.v20250506070917.js.br
- clerk-js/5.64.0-canary.v20250506070917/up-billing-page_clerk.legacy.browser_618c54_5.64.0-canary.v20250506070917.js.gz
- clerk-js/5.64.0-canary.v20250506070917/up-billing-page_clerk.legacy.browser_618c54_5.64.0-canary.v20250506070917.js.sri
- clerk-js/5.64.0-canary.v20250506070917/up-billing-page_clerk.legacy.browser_618c54_5.64.0-canary.v20250506070917.min.js.br
- clerk-js/5.64.0-canary.v20250506070917/up-billing-page_clerk.legacy.browser_618c54_5.64.0-canary.v20250506070917.min.js.gz
- clerk-js/5.64.0-canary.v20250506070917/up-billing-page_clerk.legacy.browser_618c54_5.64.0-canary.v20250506070917.min.js.sri
- clerk-js/5.64.0-canary.v20250506070917/userbutton_clerk.browser_3d961d_5.64.0-canary.v20250506070917.js.br
- clerk-js/5.64.0-canary.v20250506070917/userbutton_clerk.browser_3d961d_5.64.0-canary.v20250506070917.js.gz
- clerk-js/5.64.0-canary.v20250506070917/userbutton_clerk.browser_3d961d_5.64.0-canary.v20250506070917.js.sri
- clerk-js/5.64.0-canary.v20250506070917/userbutton_clerk.browser_3d961d_5.64.0-canary.v20250506070917.min.js.br
- clerk-js/5.64.0-canary.v20250506070917/userbutton_clerk.browser_3d961d_5.64.0-canary.v20250506070917.min.js.gz
- clerk-js/5.64.0-canary.v20250506070917/userbutton_clerk.browser_3d961d_5.64.0-canary.v20250506070917.min.js.sri
- clerk-js/5.64.0-canary.v20250506070917/userbutton_clerk.chips.browser_bada81_5.64.0-canary.v20250506070917.js.br
- clerk-js/5.64.0-canary.v20250506070917/userbutton_clerk.chips.browser_bada81_5.64.0-canary.v20250506070917.js.gz
- clerk-js/5.64.0-canary.v20250506070917/userbutton_clerk.chips.browser_bada81_5.64.0-canary.v20250506070917.js.sri
- clerk-js/5.64.0-canary.v20250506070917/userbutton_clerk.chips.browser_bada81_5.64.0-canary.v20250506070917.min.js.br
- clerk-js/5.64.0-canary.v20250506070917/userbutton_clerk.chips.browser_bada81_5.64.0-canary.v20250506070917.min.js.gz
- clerk-js/5.64.0-canary.v20250506070917/userbutton_clerk.chips.browser_bada81_5.64.0-canary.v20250506070917.min.js.sri
- clerk-js/5.64.0-canary.v20250506070917/userbutton_clerk.legacy.browser_618c54_5.64.0-canary.v20250506070917.js.br
- clerk-js/5.64.0-canary.v20250506070917/userbutton_clerk.legacy.browser_618c54_5.64.0-canary.v20250506070917.js.gz
- clerk-js/5.64.0-canary.v20250506070917/userbutton_clerk.legacy.browser_618c54_5.64.0-canary.v20250506070917.js.sri
- clerk-js/5.64.0-canary.v20250506070917/userbutton_clerk.legacy.browser_618c54_5.64.0-canary.v20250506070917.min.js.br
- clerk-js/5.64.0-canary.v20250506070917/userbutton_clerk.legacy.browser_618c54_5.64.0-canary.v20250506070917.min.js.gz
- clerk-js/5.64.0-canary.v20250506070917/userbutton_clerk.legacy.browser_618c54_5.64.0-canary.v20250506070917.min.js.sri
- clerk-js/5.64.0-canary.v20250506070917/userprofile_clerk.browser_3d961d_5.64.0-canary.v20250506070917.js.br
- clerk-js/5.64.0-canary.v20250506070917/userprofile_clerk.browser_3d961d_5.64.0-canary.v20250506070917.js.gz
- clerk-js/5.64.0-canary.v20250506070917/userprofile_clerk.browser_3d961d_5.64.0-canary.v20250506070917.js.sri
- clerk-js/5.64.0-canary.v20250506070917/userprofile_clerk.browser_3d961d_5.64.0-canary.v20250506070917.min.js.br
- clerk-js/5.64.0-canary.v20250506070917/userprofile_clerk.browser_3d961d_5.64.0-canary.v20250506070917.min.js.gz
- clerk-js/5.64.0-canary.v20250506070917/userprofile_clerk.browser_3d961d_5.64.0-canary.v20250506070917.min.js.sri
- clerk-js/5.64.0-canary.v20250506070917/userprofile_clerk.chips.browser_bada81_5.64.0-canary.v20250506070917.js.br
- clerk-js/5.64.0-canary.v20250506070917/userprofile_clerk.chips.browser_bada81_5.64.0-canary.v20250506070917.js.gz
- clerk-js/5.64.0-canary.v20250506070917/userprofile_clerk.chips.browser_bada81_5.64.0-canary.v20250506070917.js.sri
- clerk-js/5.64.0-canary.v20250506070917/userprofile_clerk.chips.browser_bada81_5.64.0-canary.v20250506070917.min.js.br
- clerk-js/5.64.0-canary.v20250506070917/userprofile_clerk.chips.browser_bada81_5.64.0-canary.v20250506070917.min.js.gz
- clerk-js/5.64.0-canary.v20250506070917/userprofile_clerk.chips.browser_bada81_5.64.0-canary.v20250506070917.min.js.sri
- clerk-js/5.64.0-canary.v20250506070917/userprofile_clerk.legacy.browser_618c54_5.64.0-canary.v20250506070917.js.br
- clerk-js/5.64.0-canary.v20250506070917/userprofile_clerk.legacy.browser_618c54_5.64.0-canary.v20250506070917.js.gz
- clerk-js/5.64.0-canary.v20250506070917/userprofile_clerk.legacy.browser_618c54_5.64.0-canary.v20250506070917.js.sri
- clerk-js/5.64.0-canary.v20250506070917/userprofile_clerk.legacy.browser_618c54_5.64.0-canary.v20250506070917.min.js.br
- clerk-js/5.64.0-canary.v20250506070917/userprofile_clerk.legacy.browser_618c54_5.64.0-canary.v20250506070917.min.js.gz
- clerk-js/5.64.0-canary.v20250506070917/userprofile_clerk.legacy.browser_618c54_5.64.0-canary.v20250506070917.min.js.sri
- clerk-js/5.64.0-canary.v20250506070917/userverification_clerk.browser_3d961d_5.64.0-canary.v20250506070917.js.br
- clerk-js/5.64.0-canary.v20250506070917/userverification_clerk.browser_3d961d_5.64.0-canary.v20250506070917.js.gz
- clerk-js/5.64.0-canary.v20250506070917/userverification_clerk.browser_3d961d_5.64.0-canary.v20250506070917.js.sri
- clerk-js/5.64.0-canary.v20250506070917/userverification_clerk.browser_3d961d_5.64.0-canary.v20250506070917.min.js.br
- clerk-js/5.64.0-canary.v20250506070917/userverification_clerk.browser_3d961d_5.64.0-canary.v20250506070917.min.js.gz
- clerk-js/5.64.0-canary.v20250506070917/userverification_clerk.browser_3d961d_5.64.0-canary.v20250506070917.min.js.sri
- clerk-js/5.64.0-canary.v20250506070917/userverification_clerk.chips.browser_bada81_5.64.0-canary.v20250506070917.js.br
- clerk-js/5.64.0-canary.v20250506070917/userverification_clerk.chips.browser_bada81_5.64.0-canary.v20250506070917.js.gz
- clerk-js/5.64.0-canary.v20250506070917/userverification_clerk.chips.browser_bada81_5.64.0-canary.v20250506070917.js.sri
- clerk-js/5.64.0-canary.v20250506070917/userverification_clerk.chips.browser_bada81_5.64.0-canary.v20250506070917.min.js.br
- clerk-js/5.64.0-canary.v20250506070917/userverification_clerk.chips.browser_bada81_5.64.0-canary.v20250506070917.min.js.gz
- clerk-js/5.64.0-canary.v20250506070917/userverification_clerk.chips.browser_bada81_5.64.0-canary.v20250506070917.min.js.sri
- clerk-js/5.64.0-canary.v20250506070917/userverification_clerk.legacy.browser_618c54_5.64.0-canary.v20250506070917.js.br
- clerk-js/5.64.0-canary.v20250506070917/userverification_clerk.legacy.browser_618c54_5.64.0-canary.v20250506070917.js.gz
- clerk-js/5.64.0-canary.v20250506070917/userverification_clerk.legacy.browser_618c54_5.64.0-canary.v20250506070917.js.sri
- clerk-js/5.64.0-canary.v20250506070917/userverification_clerk.legacy.browser_618c54_5.64.0-canary.v20250506070917.min.js.br
- clerk-js/5.64.0-canary.v20250506070917/userverification_clerk.legacy.browser_618c54_5.64.0-canary.v20250506070917.min.js.gz
- clerk-js/5.64.0-canary.v20250506070917/userverification_clerk.legacy.browser_618c54_5.64.0-canary.v20250506070917.min.js.sri
- clerk-js/5.64.0-canary.v20250506070917/vendors_clerk.browser_3d961d_5.64.0-canary.v20250506070917.js.br
- clerk-js/5.64.0-canary.v20250506070917/vendors_clerk.browser_3d961d_5.64.0-canary.v20250506070917.js.gz
- clerk-js/5.64.0-canary.v20250506070917/vendors_clerk.browser_3d961d_5.64.0-canary.v20250506070917.js.sri
- clerk-js/5.64.0-canary.v20250506070917/vendors_clerk.browser_3d961d_5.64.0-canary.v20250506070917.min.js.br
- clerk-js/5.64.0-canary.v20250506070917/vendors_clerk.browser_3d961d_5.64.0-canary.v20250506070917.min.js.gz
- clerk-js/5.64.0-canary.v20250506070917/vendors_clerk.browser_3d961d_5.64.0-canary.v20250506070917.min.js.sri
- clerk-js/5.64.0-canary.v20250506070917/vendors_clerk.chips.browser_bada81_5.64.0-canary.v20250506070917.js.br
- clerk-js/5.64.0-canary.v20250506070917/vendors_clerk.chips.browser_bada81_5.64.0-canary.v20250506070917.js.gz
- clerk-js/5.64.0-canary.v20250506070917/vendors_clerk.chips.browser_bada81_5.64.0-canary.v20250506070917.js.sri
- clerk-js/5.64.0-canary.v20250506070917/vendors_clerk.chips.browser_bada81_5.64.0-canary.v20250506070917.min.js.br
- clerk-js/5.64.0-canary.v20250506070917/vendors_clerk.chips.browser_bada81_5.64.0-canary.v20250506070917.min.js.gz
- clerk-js/5.64.0-canary.v20250506070917/vendors_clerk.chips.browser_bada81_5.64.0-canary.v20250506070917.min.js.sri
- clerk-js/5.64.0-canary.v20250506070917/vendors_clerk.headless.browser_db5799_5.64.0-canary.v20250506070917.js.br
- clerk-js/5.64.0-canary.v20250506070917/vendors_clerk.headless.browser_db5799_5.64.0-canary.v20250506070917.js.gz
- clerk-js/5.64.0-canary.v20250506070917/vendors_clerk.headless.browser_db5799_5.64.0-canary.v20250506070917.js.sri
- clerk-js/5.64.0-canary.v20250506070917/vendors_clerk.headless.browser_db5799_5.64.0-canary.v20250506070917.min.js.br
- clerk-js/5.64.0-canary.v20250506070917/vendors_clerk.headless.browser_db5799_5.64.0-canary.v20250506070917.min.js.gz
- clerk-js/5.64.0-canary.v20250506070917/vendors_clerk.headless.browser_db5799_5.64.0-canary.v20250506070917.min.js.sri
- clerk-js/5.64.0-canary.v20250506070917/vendors_clerk.legacy.browser_618c54_5.64.0-canary.v20250506070917.js.br
- clerk-js/5.64.0-canary.v20250506070917/vendors_clerk.legacy.browser_618c54_5.64.0-canary.v20250506070917.js.gz
- clerk-js/5.64.0-canary.v20250506070917/vendors_clerk.legacy.browser_618c54_5.64.0-canary.v20250506070917.js.sri
- clerk-js/5.64.0-canary.v20250506070917/vendors_clerk.legacy.browser_618c54_5.64.0-canary.v20250506070917.min.js.br
- clerk-js/5.64.0-canary.v20250506070917/vendors_clerk.legacy.browser_618c54_5.64.0-canary.v20250506070917.min.js.gz
- clerk-js/5.64.0-canary.v20250506070917/vendors_clerk.legacy.browser_618c54_5.64.0-canary.v20250506070917.min.js.sri
- clerk-js/5.64.0-canary.v20250506070917/waitlist_clerk.browser_3d961d_5.64.0-canary.v20250506070917.js.br
- clerk-js/5.64.0-canary.v20250506070917/waitlist_clerk.browser_3d961d_5.64.0-canary.v20250506070917.js.gz
- clerk-js/5.64.0-canary.v20250506070917/waitlist_clerk.browser_3d961d_5.64.0-canary.v20250506070917.js.sri
- clerk-js/5.64.0-canary.v20250506070917/waitlist_clerk.browser_3d961d_5.64.0-canary.v20250506070917.min.js.br
- clerk-js/5.64.0-canary.v20250506070917/waitlist_clerk.browser_3d961d_5.64.0-canary.v20250506070917.min.js.gz
- clerk-js/5.64.0-canary.v20250506070917/waitlist_clerk.browser_3d961d_5.64.0-canary.v20250506070917.min.js.sri
- clerk-js/5.64.0-canary.v20250506070917/waitlist_clerk.chips.browser_bada81_5.64.0-canary.v20250506070917.js.br
- clerk-js/5.64.0-canary.v20250506070917/waitlist_clerk.chips.browser_bada81_5.64.0-canary.v20250506070917.js.gz
- clerk-js/5.64.0-canary.v20250506070917/waitlist_clerk.chips.browser_bada81_5.64.0-canary.v20250506070917.js.sri
- clerk-js/5.64.0-canary.v20250506070917/waitlist_clerk.chips.browser_bada81_5.64.0-canary.v20250506070917.min.js.br
- clerk-js/5.64.0-canary.v20250506070917/waitlist_clerk.chips.browser_bada81_5.64.0-canary.v20250506070917.min.js.gz
- clerk-js/5.64.0-canary.v20250506070917/waitlist_clerk.chips.browser_bada81_5.64.0-canary.v20250506070917.min.js.sri
- clerk-js/5.64.0-canary.v20250506070917/waitlist_clerk.legacy.browser_618c54_5.64.0-canary.v20250506070917.js.br
- clerk-js/5.64.0-canary.v20250506070917/waitlist_clerk.legacy.browser_618c54_5.64.0-canary.v20250506070917.js.gz
- clerk-js/5.64.0-canary.v20250506070917/waitlist_clerk.legacy.browser_618c54_5.64.0-canary.v20250506070917.js.sri
- clerk-js/5.64.0-canary.v20250506070917/waitlist_clerk.legacy.browser_618c54_5.64.0-canary.v20250506070917.min.js.br
- clerk-js/5.64.0-canary.v20250506070917/waitlist_clerk.legacy.browser_618c54_5.64.0-canary.v20250506070917.min.js.gz
- clerk-js/5.64.0-canary.v20250506070917/waitlist_clerk.legacy.browser_618c54_5.64.0-canary.v20250506070917.min.js.sri
- clerk-js/5.64.0-canary.v20250506070917/zxcvbn-common_clerk.browser_3d961d_5.64.0-canary.v20250506070917.js.br
- clerk-js/5.64.0-canary.v20250506070917/zxcvbn-common_clerk.browser_3d961d_5.64.0-canary.v20250506070917.js.gz
- clerk-js/5.64.0-canary.v20250506070917/zxcvbn-common_clerk.browser_3d961d_5.64.0-canary.v20250506070917.js.sri
- clerk-js/5.64.0-canary.v20250506070917/zxcvbn-common_clerk.browser_3d961d_5.64.0-canary.v20250506070917.min.js.br
- clerk-js/5.64.0-canary.v20250506070917/zxcvbn-common_clerk.browser_3d961d_5.64.0-canary.v20250506070917.min.js.gz
- clerk-js/5.64.0-canary.v20250506070917/zxcvbn-common_clerk.browser_3d961d_5.64.0-canary.v20250506070917.min.js.sri
- clerk-js/5.64.0-canary.v20250506070917/zxcvbn-common_clerk.chips.browser_bada81_5.64.0-canary.v20250506070917.js.br
- clerk-js/5.64.0-canary.v20250506070917/zxcvbn-common_clerk.chips.browser_bada81_5.64.0-canary.v20250506070917.js.gz
- clerk-js/5.64.0-canary.v20250506070917/zxcvbn-common_clerk.chips.browser_bada81_5.64.0-canary.v20250506070917.js.sri
- clerk-js/5.64.0-canary.v20250506070917/zxcvbn-common_clerk.chips.browser_bada81_5.64.0-canary.v20250506070917.min.js.br
- clerk-js/5.64.0-canary.v20250506070917/zxcvbn-common_clerk.chips.browser_bada81_5.64.0-canary.v20250506070917.min.js.gz
- clerk-js/5.64.0-canary.v20250506070917/zxcvbn-common_clerk.chips.browser_bada81_5.64.0-canary.v20250506070917.min.js.sri
- clerk-js/5.64.0-canary.v20250506070917/zxcvbn-common_clerk.headless.browser_db5799_5.64.0-canary.v20250506070917.js.br
- clerk-js/5.64.0-canary.v20250506070917/zxcvbn-common_clerk.headless.browser_db5799_5.64.0-canary.v20250506070917.js.gz
- clerk-js/5.64.0-canary.v20250506070917/zxcvbn-common_clerk.headless.browser_db5799_5.64.0-canary.v20250506070917.js.sri
- clerk-js/5.64.0-canary.v20250506070917/zxcvbn-common_clerk.headless.browser_db5799_5.64.0-canary.v20250506070917.min.js.br
- clerk-js/5.64.0-canary.v20250506070917/zxcvbn-common_clerk.headless.browser_db5799_5.64.0-canary.v20250506070917.min.js.gz
- clerk-js/5.64.0-canary.v20250506070917/zxcvbn-common_clerk.headless.browser_db5799_5.64.0-canary.v20250506070917.min.js.sri
- clerk-js/5.64.0-canary.v20250506070917/zxcvbn-common_clerk.legacy.browser_618c54_5.64.0-canary.v20250506070917.js.br
- clerk-js/5.64.0-canary.v20250506070917/zxcvbn-common_clerk.legacy.browser_618c54_5.64.0-canary.v20250506070917.js.gz
- clerk-js/5.64.0-canary.v20250506070917/zxcvbn-common_clerk.legacy.browser_618c54_5.64.0-canary.v20250506070917.js.sri
- clerk-js/5.64.0-canary.v20250506070917/zxcvbn-common_clerk.legacy.browser_618c54_5.64.0-canary.v20250506070917.min.js.br
- clerk-js/5.64.0-canary.v20250506070917/zxcvbn-common_clerk.legacy.browser_618c54_5.64.0-canary.v20250506070917.min.js.gz
- clerk-js/5.64.0-canary.v20250506070917/zxcvbn-common_clerk.legacy.browser_618c54_5.64.0-canary.v20250506070917.min.js.sri
- clerk-js/5.64.0-canary.v20250506070917/zxcvbn-ts-core_clerk.browser_3d961d_5.64.0-canary.v20250506070917.js.br
- clerk-js/5.64.0-canary.v20250506070917/zxcvbn-ts-core_clerk.browser_3d961d_5.64.0-canary.v20250506070917.js.gz
- clerk-js/5.64.0-canary.v20250506070917/zxcvbn-ts-core_clerk.browser_3d961d_5.64.0-canary.v20250506070917.js.sri
- clerk-js/5.64.0-canary.v20250506070917/zxcvbn-ts-core_clerk.browser_3d961d_5.64.0-canary.v20250506070917.min.js.br
- clerk-js/5.64.0-canary.v20250506070917/zxcvbn-ts-core_clerk.browser_3d961d_5.64.0-canary.v20250506070917.min.js.gz
- clerk-js/5.64.0-canary.v20250506070917/zxcvbn-ts-core_clerk.browser_3d961d_5.64.0-canary.v20250506070917.min.js.sri
- clerk-js/5.64.0-canary.v20250506070917/zxcvbn-ts-core_clerk.chips.browser_bada81_5.64.0-canary.v20250506070917.js.br
- clerk-js/5.64.0-canary.v20250506070917/zxcvbn-ts-core_clerk.chips.browser_bada81_5.64.0-canary.v20250506070917.js.gz
- clerk-js/5.64.0-canary.v20250506070917/zxcvbn-ts-core_clerk.chips.browser_bada81_5.64.0-canary.v20250506070917.js.sri
- clerk-js/5.64.0-canary.v20250506070917/zxcvbn-ts-core_clerk.chips.browser_bada81_5.64.0-canary.v20250506070917.min.js.br
- clerk-js/5.64.0-canary.v20250506070917/zxcvbn-ts-core_clerk.chips.browser_bada81_5.64.0-canary.v20250506070917.min.js.gz
- clerk-js/5.64.0-canary.v20250506070917/zxcvbn-ts-core_clerk.chips.browser_bada81_5.64.0-canary.v20250506070917.min.js.sri
- clerk-js/5.64.0-canary.v20250506070917/zxcvbn-ts-core_clerk.headless.browser_db5799_5.64.0-canary.v20250506070917.js.br
- clerk-js/5.64.0-canary.v20250506070917/zxcvbn-ts-core_clerk.headless.browser_db5799_5.64.0-canary.v20250506070917.js.gz
- clerk-js/5.64.0-canary.v20250506070917/zxcvbn-ts-core_clerk.headless.browser_db5799_5.64.0-canary.v20250506070917.js.sri
- clerk-js/5.64.0-canary.v20250506070917/zxcvbn-ts-core_clerk.headless.browser_db5799_5.64.0-canary.v20250506070917.min.js.br
- clerk-js/5.64.0-canary.v20250506070917/zxcvbn-ts-core_clerk.headless.browser_db5799_5.64.0-canary.v20250506070917.min.js.gz
- clerk-js/5.64.0-canary.v20250506070917/zxcvbn-ts-core_clerk.headless.browser_db5799_5.64.0-canary.v20250506070917.min.js.sri
- clerk-js/5.64.0-canary.v20250506070917/zxcvbn-ts-core_clerk.legacy.browser_618c54_5.64.0-canary.v20250506070917.js.br
- clerk-js/5.64.0-canary.v20250506070917/zxcvbn-ts-core_clerk.legacy.browser_618c54_5.64.0-canary.v20250506070917.js.gz
- clerk-js/5.64.0-canary.v20250506070917/zxcvbn-ts-core_clerk.legacy.browser_618c54_5.64.0-canary.v20250506070917.js.sri
- clerk-js/5.64.0-canary.v20250506070917/zxcvbn-ts-core_clerk.legacy.browser_618c54_5.64.0-canary.v20250506070917.min.js.br
- clerk-js/5.64.0-canary.v20250506070917/zxcvbn-ts-core_clerk.legacy.browser_618c54_5.64.0-canary.v20250506070917.min.js.gz
- clerk-js/5.64.0-canary.v20250506070917/zxcvbn-ts-core_clerk.legacy.browser_618c54_5.64.0-canary.v20250506070917.min.js.sri
