Files:
- ruffle-rs/0.1.0-nightly.2025.2.12/8e78e667ee12f5c96f24.wasm.br
- ruffle-rs/0.1.0-nightly.2025.2.12/8e78e667ee12f5c96f24.wasm.gz
- ruffle-rs/0.1.0-nightly.2025.2.12/core.ruffle.69b04cc6e4c6cb201993.js.br
- ruffle-rs/0.1.0-nightly.2025.2.12/core.ruffle.69b04cc6e4c6cb201993.js.gz
- ruffle-rs/0.1.0-nightly.2025.2.12/core.ruffle.69b04cc6e4c6cb201993.js.sri
- ruffle-rs/0.1.0-nightly.2025.2.12/core.ruffle.69b04cc6e4c6cb201993.min.js.br
- ruffle-rs/0.1.0-nightly.2025.2.12/core.ruffle.69b04cc6e4c6cb201993.min.js.gz
- ruffle-rs/0.1.0-nightly.2025.2.12/core.ruffle.69b04cc6e4c6cb201993.min.js.sri
- ruffle-rs/0.1.0-nightly.2025.2.12/core.ruffle.ca3af012f50ee92544f5.js.br
- ruffle-rs/0.1.0-nightly.2025.2.12/core.ruffle.ca3af012f50ee92544f5.js.gz
- ruffle-rs/0.1.0-nightly.2025.2.12/core.ruffle.ca3af012f50ee92544f5.js.sri
- ruffle-rs/0.1.0-nightly.2025.2.12/core.ruffle.ca3af012f50ee92544f5.min.js.br
- ruffle-rs/0.1.0-nightly.2025.2.12/core.ruffle.ca3af012f50ee92544f5.min.js.gz
- ruffle-rs/0.1.0-nightly.2025.2.12/core.ruffle.ca3af012f50ee92544f5.min.js.sri
- ruffle-rs/0.1.0-nightly.2025.2.12/ea3310ac50a596f784ae.wasm.br
- ruffle-rs/0.1.0-nightly.2025.2.12/ea3310ac50a596f784ae.wasm.gz
- ruffle-rs/0.1.0-nightly.2025.2.12/ruffle.js.br
- ruffle-rs/0.1.0-nightly.2025.2.12/ruffle.js.gz
- ruffle-rs/0.1.0-nightly.2025.2.12/ruffle.js.sri
- ruffle-rs/0.1.0-nightly.2025.2.12/ruffle.min.js.br
- ruffle-rs/0.1.0-nightly.2025.2.12/ruffle.min.js.gz
- ruffle-rs/0.1.0-nightly.2025.2.12/ruffle.min.js.sri
