2025/06/19 00:30:14 optimizing files (Js true, Css true, Png true, Jpg true)
2025/06/19 00:30:14 /tmp/work/build/playcanvas.min.js already has corresponding compressed file
2025/06/19 00:30:14 /tmp/work/build/playcanvas.min.js is already compressed
2025/06/19 00:30:14 algorithm: run /usr/bin/brotli --quality=11 --output=/output/playcanvas.d.ts.br /tmp/work/build/playcanvas.d.ts
2025/06/19 00:30:14 compress: run /node_modules/uglify-js/bin/uglifyjs (3.15.4) [--mangle --compress if_return=true -o /tmp/work/build/playcanvas.dbg.min.js /tmp/work/build/playcanvas.dbg.js]
2025/06/19 00:30:14 compress: run /node_modules/uglify-js/bin/uglifyjs (3.15.4) [--mangle --compress if_return=true -o /tmp/work/build/playcanvas.prf.min.js /tmp/work/build/playcanvas.prf.js]
2025/06/19 00:30:14 sri /tmp/work/build/playcanvas.min.js -> /output/playcanvas.min.js.sri
2025/06/19 00:30:14 algorithm: run /usr/bin/brotli --quality=11 --output=/output/playcanvas.min.js.br /tmp/work/build/playcanvas.min.js
2025/06/19 00:30:14 sri /tmp/work/build/playcanvas.js -> /output/playcanvas.js.sri
2025/06/19 00:30:14 algorithm: run /usr/bin/brotli --quality=11 --output=/output/playcanvas.js.br /tmp/work/build/playcanvas.js
2025/06/19 00:30:19 br /tmp/work/build/playcanvas.d.ts -> /output/playcanvas.d.ts.br
2025/06/19 00:30:19 gz /tmp/work/build/playcanvas.d.ts -> /output/playcanvas.d.ts.gz
2025/06/19 00:30:20 br /tmp/work/build/playcanvas.min.js -> /output/playcanvas.min.js.br
2025/06/19 00:30:21 gz /tmp/work/build/playcanvas.min.js -> /output/playcanvas.min.js.gz
2025/06/19 00:30:32 br /tmp/work/build/playcanvas.js -> /output/playcanvas.js.br
2025/06/19 00:30:34 gz /tmp/work/build/playcanvas.js -> /output/playcanvas.js.gz
2025/06/19 00:30:52 sri /tmp/work/build/playcanvas.prf.min.js -> /output/playcanvas.prf.min.js.sri
2025/06/19 00:30:52 algorithm: run /usr/bin/brotli --quality=11 --output=/output/playcanvas.prf.min.js.br /tmp/work/build/playcanvas.prf.min.js
2025/06/19 00:30:54 sri /tmp/work/build/playcanvas.dbg.min.js -> /output/playcanvas.dbg.min.js.sri
2025/06/19 00:30:54 algorithm: run /usr/bin/brotli --quality=11 --output=/output/playcanvas.dbg.min.js.br /tmp/work/build/playcanvas.dbg.min.js
2025/06/19 00:31:01 br /tmp/work/build/playcanvas.prf.min.js -> /output/playcanvas.prf.min.js.br
2025/06/19 00:31:01 gz /tmp/work/build/playcanvas.prf.min.js -> /output/playcanvas.prf.min.js.gz
2025/06/19 00:31:01 sri /tmp/work/build/playcanvas.prf.js -> /output/playcanvas.prf.js.sri
2025/06/19 00:31:01 algorithm: run /usr/bin/brotli --quality=11 --output=/output/playcanvas.prf.js.br /tmp/work/build/playcanvas.prf.js
2025/06/19 00:31:05 br /tmp/work/build/playcanvas.dbg.min.js -> /output/playcanvas.dbg.min.js.br
2025/06/19 00:31:05 gz /tmp/work/build/playcanvas.dbg.min.js -> /output/playcanvas.dbg.min.js.gz
2025/06/19 00:31:05 sri /tmp/work/build/playcanvas.dbg.js -> /output/playcanvas.dbg.js.sri
2025/06/19 00:31:05 algorithm: run /usr/bin/brotli --quality=11 --output=/output/playcanvas.dbg.js.br /tmp/work/build/playcanvas.dbg.js
2025/06/19 00:31:16 br /tmp/work/build/playcanvas.prf.js -> /output/playcanvas.prf.js.br
2025/06/19 00:31:17 gz /tmp/work/build/playcanvas.prf.js -> /output/playcanvas.prf.js.gz
2025/06/19 00:32:02 br /tmp/work/build/playcanvas.dbg.js -> /output/playcanvas.dbg.js.br
2025/06/19 00:32:04 gz /tmp/work/build/playcanvas.dbg.js -> /output/playcanvas.dbg.js.gz
2025/06/19 00:32:04 processed playcanvas
