- descope-web-component/0.0.0-next-a7842303-20251218/cjs/descope-wc/BaseDescopeWc.js.br
- descope-web-component/0.0.0-next-a7842303-20251218/cjs/descope-wc/BaseDescopeWc.js.gz
- descope-web-component/0.0.0-next-a7842303-20251218/cjs/descope-wc/BaseDescopeWc.js.map.br
- descope-web-component/0.0.0-next-a7842303-20251218/cjs/descope-wc/BaseDescopeWc.js.map.gz
- descope-web-component/0.0.0-next-a7842303-20251218/cjs/descope-wc/BaseDescopeWc.min.js.br
- descope-web-component/0.0.0-next-a7842303-20251218/cjs/descope-wc/BaseDescopeWc.min.js.gz
- descope-web-component/0.0.0-next-a7842303-20251218/cjs/descope-wc/DescopeWc.js.br
- descope-web-component/0.0.0-next-a7842303-20251218/cjs/descope-wc/DescopeWc.js.gz
- descope-web-component/0.0.0-next-a7842303-20251218/cjs/descope-wc/DescopeWc.js.map.br
- descope-web-component/0.0.0-next-a7842303-20251218/cjs/descope-wc/DescopeWc.js.map.gz
- descope-web-component/0.0.0-next-a7842303-20251218/cjs/descope-wc/DescopeWc.min.js.br
- descope-web-component/0.0.0-next-a7842303-20251218/cjs/descope-wc/DescopeWc.min.js.gz
- descope-web-component/0.0.0-next-a7842303-20251218/cjs/descope-wc/index.js.br
- descope-web-component/0.0.0-next-a7842303-20251218/cjs/descope-wc/index.js.gz
- descope-web-component/0.0.0-next-a7842303-20251218/cjs/descope-wc/index.js.map.br
- descope-web-component/0.0.0-next-a7842303-20251218/cjs/descope-wc/index.js.map.gz
- descope-web-component/0.0.0-next-a7842303-20251218/cjs/descope-wc/index.min.js.br
- descope-web-component/0.0.0-next-a7842303-20251218/cjs/descope-wc/index.min.js.gz
- descope-web-component/0.0.0-next-a7842303-20251218/esm/descope-wc/BaseDescopeWc.js.br
- descope-web-component/0.0.0-next-a7842303-20251218/esm/descope-wc/BaseDescopeWc.js.gz
- descope-web-component/0.0.0-next-a7842303-20251218/esm/descope-wc/BaseDescopeWc.js.map.br
- descope-web-component/0.0.0-next-a7842303-20251218/esm/descope-wc/BaseDescopeWc.js.map.gz
- descope-web-component/0.0.0-next-a7842303-20251218/esm/descope-wc/BaseDescopeWc.min.js.br
- descope-web-component/0.0.0-next-a7842303-20251218/esm/descope-wc/BaseDescopeWc.min.js.gz
- descope-web-component/0.0.0-next-a7842303-20251218/esm/descope-wc/DescopeWc.js.br
- descope-web-component/0.0.0-next-a7842303-20251218/esm/descope-wc/DescopeWc.js.gz
- descope-web-component/0.0.0-next-a7842303-20251218/esm/descope-wc/DescopeWc.js.map.br
- descope-web-component/0.0.0-next-a7842303-20251218/esm/descope-wc/DescopeWc.js.map.gz
- descope-web-component/0.0.0-next-a7842303-20251218/esm/descope-wc/DescopeWc.min.js.br
- descope-web-component/0.0.0-next-a7842303-20251218/esm/descope-wc/DescopeWc.min.js.gz
- descope-web-component/0.0.0-next-a7842303-20251218/esm/descope-wc/index.js.br
- descope-web-component/0.0.0-next-a7842303-20251218/esm/descope-wc/index.js.gz
- descope-web-component/0.0.0-next-a7842303-20251218/esm/descope-wc/index.js.map.br
- descope-web-component/0.0.0-next-a7842303-20251218/esm/descope-wc/index.js.map.gz
- descope-web-component/0.0.0-next-a7842303-20251218/esm/descope-wc/index.min.js.br
- descope-web-component/0.0.0-next-a7842303-20251218/esm/descope-wc/index.min.js.gz
- descope-web-component/0.0.0-next-a7842303-20251218/index.js.br
- descope-web-component/0.0.0-next-a7842303-20251218/index.js.gz
- descope-web-component/0.0.0-next-a7842303-20251218/index.min.js.br
- descope-web-component/0.0.0-next-a7842303-20251218/index.min.js.gz