- metisMenu/3.0.7/metisMenu.css.br
- metisMenu/3.0.7/metisMenu.css.gz
- metisMenu/3.0.7/metisMenu.css.map.br
- metisMenu/3.0.7/metisMenu.css.map.gz
- metisMenu/3.0.7/metisMenu.esm.js.br
- metisMenu/3.0.7/metisMenu.esm.js.gz
- metisMenu/3.0.7/metisMenu.esm.js.map.br
- metisMenu/3.0.7/metisMenu.esm.js.map.gz
- metisMenu/3.0.7/metisMenu.esm.min.js.br
- metisMenu/3.0.7/metisMenu.esm.min.js.gz
- metisMenu/3.0.7/metisMenu.esm.min.js.map.br
- metisMenu/3.0.7/metisMenu.esm.min.js.map.gz
- metisMenu/3.0.7/metisMenu.js.br
- metisMenu/3.0.7/metisMenu.js.gz
- metisMenu/3.0.7/metisMenu.js.map.br
- metisMenu/3.0.7/metisMenu.js.map.gz
- metisMenu/3.0.7/metisMenu.min.css.br
- metisMenu/3.0.7/metisMenu.min.css.gz
- metisMenu/3.0.7/metisMenu.min.css.map.br
- metisMenu/3.0.7/metisMenu.min.css.map.gz
- metisMenu/3.0.7/metisMenu.min.js.br
- metisMenu/3.0.7/metisMenu.min.js.gz
- metisMenu/3.0.7/metisMenu.min.js.map.br
- metisMenu/3.0.7/metisMenu.min.js.map.gz