Files:
- scittle/0.7.23/scittle.cljs-ajax.js.br
- scittle/0.7.23/scittle.cljs-ajax.js.gz
- scittle/0.7.23/scittle.cljs-ajax.js.sri
- scittle/0.7.23/scittle.cljs-ajax.min.js.br
- scittle/0.7.23/scittle.cljs-ajax.min.js.gz
- scittle/0.7.23/scittle.cljs-ajax.min.js.sri
- scittle/0.7.23/scittle.js-interop.js.br
- scittle/0.7.23/scittle.js-interop.js.gz
- scittle/0.7.23/scittle.js-interop.js.sri
- scittle/0.7.23/scittle.js.br
- scittle/0.7.23/scittle.js.gz
- scittle/0.7.23/scittle.js.sri
- scittle/0.7.23/scittle.min.js-interop.js.br
- scittle/0.7.23/scittle.min.js-interop.js.gz
- scittle/0.7.23/scittle.min.js-interop.js.sri
- scittle/0.7.23/scittle.min.js.br
- scittle/0.7.23/scittle.min.js.gz
- scittle/0.7.23/scittle.min.js.sri
- scittle/0.7.23/scittle.nrepl.js.br
- scittle/0.7.23/scittle.nrepl.js.gz
- scittle/0.7.23/scittle.nrepl.js.sri
- scittle/0.7.23/scittle.nrepl.min.js.br
- scittle/0.7.23/scittle.nrepl.min.js.gz
- scittle/0.7.23/scittle.nrepl.min.js.sri
- scittle/0.7.23/scittle.pprint.js.br
- scittle/0.7.23/scittle.pprint.js.gz
- scittle/0.7.23/scittle.pprint.js.sri
- scittle/0.7.23/scittle.pprint.min.js.br
- scittle/0.7.23/scittle.pprint.min.js.gz
- scittle/0.7.23/scittle.pprint.min.js.sri
- scittle/0.7.23/scittle.promesa.js.br
- scittle/0.7.23/scittle.promesa.js.gz
- scittle/0.7.23/scittle.promesa.js.sri
- scittle/0.7.23/scittle.promesa.min.js.br
- scittle/0.7.23/scittle.promesa.min.js.gz
- scittle/0.7.23/scittle.promesa.min.js.sri
- scittle/0.7.23/scittle.re-frame.js.br
- scittle/0.7.23/scittle.re-frame.js.gz
- scittle/0.7.23/scittle.re-frame.js.sri
- scittle/0.7.23/scittle.re-frame.min.js.br
- scittle/0.7.23/scittle.re-frame.min.js.gz
- scittle/0.7.23/scittle.re-frame.min.js.sri
- scittle/0.7.23/scittle.reagent.js.br
- scittle/0.7.23/scittle.reagent.js.gz
- scittle/0.7.23/scittle.reagent.js.sri
- scittle/0.7.23/scittle.reagent.min.js.br
- scittle/0.7.23/scittle.reagent.min.js.gz
- scittle/0.7.23/scittle.reagent.min.js.sri
- scittle/0.7.23/scittle.replicant.js.br
- scittle/0.7.23/scittle.replicant.js.gz
- scittle/0.7.23/scittle.replicant.js.sri
- scittle/0.7.23/scittle.replicant.min.js.br
- scittle/0.7.23/scittle.replicant.min.js.gz
- scittle/0.7.23/scittle.replicant.min.js.sri
