config: {"authors":[{"name":"Google Inc."}],"autoupdate":{"source":"npm","target":"@fontsource/baskervville","fileMap":[{"basePath":"","files":["*.css","files/*.@(woff|woff2)"]}],"excludeFromSearch":true},"description":"Self-host the Baskervville font in a neatly bundled NPM package.","filename":"index.css","homepage":"https://fontsource.org/fonts/baskervville","keywords":["fontsource","font","font family","google fonts","baskervville","Baskervville","css","sass","front-end","web","typeface","variable"],"license":"OFL-1.1","name":"fontsource-baskervville","repository":{"type":"git","url":"git+https://github.com/fontsource/font-files.git"},"author":"Google Inc."}
KV keys:
- fontsource-baskervville/5.2.8/400-italic.css.br
- fontsource-baskervville/5.2.8/400-italic.css.gz
- fontsource-baskervville/5.2.8/400-italic.min.css.br
- fontsource-baskervville/5.2.8/400-italic.min.css.gz
- fontsource-baskervville/5.2.8/400.css.br
- fontsource-baskervville/5.2.8/400.css.gz
- fontsource-baskervville/5.2.8/400.min.css.br
- fontsource-baskervville/5.2.8/400.min.css.gz
- fontsource-baskervville/5.2.8/500-italic.css.br
- fontsource-baskervville/5.2.8/500-italic.css.gz
- fontsource-baskervville/5.2.8/500-italic.min.css.br
- fontsource-baskervville/5.2.8/500-italic.min.css.gz
- fontsource-baskervville/5.2.8/500.css.br
- fontsource-baskervville/5.2.8/500.css.gz
- fontsource-baskervville/5.2.8/500.min.css.br
- fontsource-baskervville/5.2.8/500.min.css.gz
- fontsource-baskervville/5.2.8/600-italic.css.br
- fontsource-baskervville/5.2.8/600-italic.css.gz
- fontsource-baskervville/5.2.8/600-italic.min.css.br
- fontsource-baskervville/5.2.8/600-italic.min.css.gz
- fontsource-baskervville/5.2.8/600.css.br
- fontsource-baskervville/5.2.8/600.css.gz
- fontsource-baskervville/5.2.8/600.min.css.br
- fontsource-baskervville/5.2.8/600.min.css.gz
- fontsource-baskervville/5.2.8/700-italic.css.br
- fontsource-baskervville/5.2.8/700-italic.css.gz
- fontsource-baskervville/5.2.8/700-italic.min.css.br
- fontsource-baskervville/5.2.8/700-italic.min.css.gz
- fontsource-baskervville/5.2.8/700.css.br
- fontsource-baskervville/5.2.8/700.css.gz
- fontsource-baskervville/5.2.8/700.min.css.br
- fontsource-baskervville/5.2.8/700.min.css.gz
- fontsource-baskervville/5.2.8/files/baskervville-latin-400-italic.woff.br
- fontsource-baskervville/5.2.8/files/baskervville-latin-400-italic.woff.gz
- fontsource-baskervville/5.2.8/files/baskervville-latin-400-italic.woff2
- fontsource-baskervville/5.2.8/files/baskervville-latin-400-normal.woff.br
- fontsource-baskervville/5.2.8/files/baskervville-latin-400-normal.woff.gz
- fontsource-baskervville/5.2.8/files/baskervville-latin-400-normal.woff2
- fontsource-baskervville/5.2.8/files/baskervville-latin-500-italic.woff.br
- fontsource-baskervville/5.2.8/files/baskervville-latin-500-italic.woff.gz
- fontsource-baskervville/5.2.8/files/baskervville-latin-500-italic.woff2
- fontsource-baskervville/5.2.8/files/baskervville-latin-500-normal.woff.br
- fontsource-baskervville/5.2.8/files/baskervville-latin-500-normal.woff.gz
- fontsource-baskervville/5.2.8/files/baskervville-latin-500-normal.woff2
- fontsource-baskervville/5.2.8/files/baskervville-latin-600-italic.woff.br
- fontsource-baskervville/5.2.8/files/baskervville-latin-600-italic.woff.gz
- fontsource-baskervville/5.2.8/files/baskervville-latin-600-italic.woff2
- fontsource-baskervville/5.2.8/files/baskervville-latin-600-normal.woff.br
- fontsource-baskervville/5.2.8/files/baskervville-latin-600-normal.woff.gz
- fontsource-baskervville/5.2.8/files/baskervville-latin-600-normal.woff2
- fontsource-baskervville/5.2.8/files/baskervville-latin-700-italic.woff.br
- fontsource-baskervville/5.2.8/files/baskervville-latin-700-italic.woff.gz
- fontsource-baskervville/5.2.8/files/baskervville-latin-700-italic.woff2
- fontsource-baskervville/5.2.8/files/baskervville-latin-700-normal.woff.br
- fontsource-baskervville/5.2.8/files/baskervville-latin-700-normal.woff.gz
- fontsource-baskervville/5.2.8/files/baskervville-latin-700-normal.woff2
- fontsource-baskervville/5.2.8/files/baskervville-latin-ext-400-italic.woff.br
- fontsource-baskervville/5.2.8/files/baskervville-latin-ext-400-italic.woff.gz
- fontsource-baskervville/5.2.8/files/baskervville-latin-ext-400-italic.woff2
- fontsource-baskervville/5.2.8/files/baskervville-latin-ext-400-normal.woff.br
- fontsource-baskervville/5.2.8/files/baskervville-latin-ext-400-normal.woff.gz
- fontsource-baskervville/5.2.8/files/baskervville-latin-ext-400-normal.woff2
- fontsource-baskervville/5.2.8/files/baskervville-latin-ext-500-italic.woff.br
- fontsource-baskervville/5.2.8/files/baskervville-latin-ext-500-italic.woff.gz
- fontsource-baskervville/5.2.8/files/baskervville-latin-ext-500-italic.woff2
- fontsource-baskervville/5.2.8/files/baskervville-latin-ext-500-normal.woff.br
- fontsource-baskervville/5.2.8/files/baskervville-latin-ext-500-normal.woff.gz
- fontsource-baskervville/5.2.8/files/baskervville-latin-ext-500-normal.woff2
- fontsource-baskervville/5.2.8/files/baskervville-latin-ext-600-italic.woff.br
- fontsource-baskervville/5.2.8/files/baskervville-latin-ext-600-italic.woff.gz
- fontsource-baskervville/5.2.8/files/baskervville-latin-ext-600-italic.woff2
- fontsource-baskervville/5.2.8/files/baskervville-latin-ext-600-normal.woff.br
- fontsource-baskervville/5.2.8/files/baskervville-latin-ext-600-normal.woff.gz
- fontsource-baskervville/5.2.8/files/baskervville-latin-ext-600-normal.woff2
- fontsource-baskervville/5.2.8/files/baskervville-latin-ext-700-italic.woff.br
- fontsource-baskervville/5.2.8/files/baskervville-latin-ext-700-italic.woff.gz
- fontsource-baskervville/5.2.8/files/baskervville-latin-ext-700-italic.woff2
- fontsource-baskervville/5.2.8/files/baskervville-latin-ext-700-normal.woff.br
- fontsource-baskervville/5.2.8/files/baskervville-latin-ext-700-normal.woff.gz
- fontsource-baskervville/5.2.8/files/baskervville-latin-ext-700-normal.woff2
- fontsource-baskervville/5.2.8/index.css.br
- fontsource-baskervville/5.2.8/index.css.gz
- fontsource-baskervville/5.2.8/index.min.css.br
- fontsource-baskervville/5.2.8/index.min.css.gz
- fontsource-baskervville/5.2.8/latin-400-italic.css.br
- fontsource-baskervville/5.2.8/latin-400-italic.css.gz
- fontsource-baskervville/5.2.8/latin-400-italic.min.css.br
- fontsource-baskervville/5.2.8/latin-400-italic.min.css.gz
- fontsource-baskervville/5.2.8/latin-400.css.br
- fontsource-baskervville/5.2.8/latin-400.css.gz
- fontsource-baskervville/5.2.8/latin-400.min.css.br
- fontsource-baskervville/5.2.8/latin-400.min.css.gz
- fontsource-baskervville/5.2.8/latin-500-italic.css.br
- fontsource-baskervville/5.2.8/latin-500-italic.css.gz
- fontsource-baskervville/5.2.8/latin-500-italic.min.css.br
- fontsource-baskervville/5.2.8/latin-500-italic.min.css.gz
- fontsource-baskervville/5.2.8/latin-500.css.br
- fontsource-baskervville/5.2.8/latin-500.css.gz
- fontsource-baskervville/5.2.8/latin-500.min.css.br
- fontsource-baskervville/5.2.8/latin-500.min.css.gz
- fontsource-baskervville/5.2.8/latin-600-italic.css.br
- fontsource-baskervville/5.2.8/latin-600-italic.css.gz
- fontsource-baskervville/5.2.8/latin-600-italic.min.css.br
- fontsource-baskervville/5.2.8/latin-600-italic.min.css.gz
- fontsource-baskervville/5.2.8/latin-600.css.br
- fontsource-baskervville/5.2.8/latin-600.css.gz
- fontsource-baskervville/5.2.8/latin-600.min.css.br
- fontsource-baskervville/5.2.8/latin-600.min.css.gz
- fontsource-baskervville/5.2.8/latin-700-italic.css.br
- fontsource-baskervville/5.2.8/latin-700-italic.css.gz
- fontsource-baskervville/5.2.8/latin-700-italic.min.css.br
- fontsource-baskervville/5.2.8/latin-700-italic.min.css.gz
- fontsource-baskervville/5.2.8/latin-700.css.br
- fontsource-baskervville/5.2.8/latin-700.css.gz
- fontsource-baskervville/5.2.8/latin-700.min.css.br
- fontsource-baskervville/5.2.8/latin-700.min.css.gz
- fontsource-baskervville/5.2.8/latin-ext-400-italic.css.br
- fontsource-baskervville/5.2.8/latin-ext-400-italic.css.gz
- fontsource-baskervville/5.2.8/latin-ext-400-italic.min.css.br
- fontsource-baskervville/5.2.8/latin-ext-400-italic.min.css.gz
- fontsource-baskervville/5.2.8/latin-ext-400.css.br
- fontsource-baskervville/5.2.8/latin-ext-400.css.gz
- fontsource-baskervville/5.2.8/latin-ext-400.min.css.br
- fontsource-baskervville/5.2.8/latin-ext-400.min.css.gz
- fontsource-baskervville/5.2.8/latin-ext-500-italic.css.br
- fontsource-baskervville/5.2.8/latin-ext-500-italic.css.gz
- fontsource-baskervville/5.2.8/latin-ext-500-italic.min.css.br
- fontsource-baskervville/5.2.8/latin-ext-500-italic.min.css.gz
- fontsource-baskervville/5.2.8/latin-ext-500.css.br
- fontsource-baskervville/5.2.8/latin-ext-500.css.gz
- fontsource-baskervville/5.2.8/latin-ext-500.min.css.br
- fontsource-baskervville/5.2.8/latin-ext-500.min.css.gz
- fontsource-baskervville/5.2.8/latin-ext-600-italic.css.br
- fontsource-baskervville/5.2.8/latin-ext-600-italic.css.gz
- fontsource-baskervville/5.2.8/latin-ext-600-italic.min.css.br
- fontsource-baskervville/5.2.8/latin-ext-600-italic.min.css.gz
- fontsource-baskervville/5.2.8/latin-ext-600.css.br
- fontsource-baskervville/5.2.8/latin-ext-600.css.gz
- fontsource-baskervville/5.2.8/latin-ext-600.min.css.br
- fontsource-baskervville/5.2.8/latin-ext-600.min.css.gz
- fontsource-baskervville/5.2.8/latin-ext-700-italic.css.br
- fontsource-baskervville/5.2.8/latin-ext-700-italic.css.gz
- fontsource-baskervville/5.2.8/latin-ext-700-italic.min.css.br
- fontsource-baskervville/5.2.8/latin-ext-700-italic.min.css.gz
- fontsource-baskervville/5.2.8/latin-ext-700.css.br
- fontsource-baskervville/5.2.8/latin-ext-700.css.gz
- fontsource-baskervville/5.2.8/latin-ext-700.min.css.br
- fontsource-baskervville/5.2.8/latin-ext-700.min.css.gz
- fontsource-baskervville/5.2.8/latin-ext-italic.css.br
- fontsource-baskervville/5.2.8/latin-ext-italic.css.gz
- fontsource-baskervville/5.2.8/latin-ext-italic.min.css.br
- fontsource-baskervville/5.2.8/latin-ext-italic.min.css.gz
- fontsource-baskervville/5.2.8/latin-ext.css.br
- fontsource-baskervville/5.2.8/latin-ext.css.gz
- fontsource-baskervville/5.2.8/latin-ext.min.css.br
- fontsource-baskervville/5.2.8/latin-ext.min.css.gz
- fontsource-baskervville/5.2.8/latin-italic.css.br
- fontsource-baskervville/5.2.8/latin-italic.css.gz
- fontsource-baskervville/5.2.8/latin-italic.min.css.br
- fontsource-baskervville/5.2.8/latin-italic.min.css.gz
- fontsource-baskervville/5.2.8/latin.css.br
- fontsource-baskervville/5.2.8/latin.css.gz
- fontsource-baskervville/5.2.8/latin.min.css.br
- fontsource-baskervville/5.2.8/latin.min.css.gz
SRIs:
- fontsource-baskervville/5.2.8/latin-600-italic.css: sha512-wL8AGfXG8ldywfxBtZbbqAKM2PfvEPrczEr3l9s9qg4i3AXb003x9YKoEqwzfmBmyvi0WS0lMs3eaH+pgaqNNA==
- fontsource-baskervville/5.2.8/latin-700-italic.min.css: sha512-zyTbQBL5AjVl+SXf3JcVsTn9YBTgAZnv88YUJ/0MOvDQOYJ+VPofRgKxk1BfFL6N2qGJ7mH/frlczmbXPa7QqA==
- fontsource-baskervville/5.2.8/500-italic.min.css: sha512-mlNetXDxGbDq/hNYpv1rO01eyZhFyPCZrcVpxlMpMN3YTlACM+WQ8tiGm9J/gXBzpy0eGb9BozN2Zx1QT03T7g==
- fontsource-baskervville/5.2.8/latin-500-italic.min.css: sha512-OHZ+0cXWn8VbpeV6oxKJQWnf9oOfovw8zUcyzrm+3FiZVEXvqDCccyqJMRNFPJT7t61pu5wQ4cZVl3t8s4oteQ==
- fontsource-baskervville/5.2.8/400-italic.css: sha512-lREwPEo9kM0dTiNNk3soy3TDGBUuqYB7ChT3ioFaQTGgPjQDSqGrcOvOwxWDR/NuT0SbYv4XDLVKB2yzDJToEw==
- fontsource-baskervville/5.2.8/latin-italic.css: sha512-11nI0hdNAZpZJbSh+5HHgjXZ6Bs29/b0CDdvmCg+ngvqAvHzVOFXbu8TE3rHSo5jVAKr/JGDEknwdveDlc6Pcg==
- fontsource-baskervville/5.2.8/latin-ext-400.min.css: sha512-om9YC2EknIHSzf6DQzMtYSyL1TnLcDjrstWEKluCITSIYM7kooQ+buqE+BTbsoLlaM+29xwyFS8GaKqj7SdzbQ==
- fontsource-baskervville/5.2.8/latin-ext-500-italic.min.css: sha512-HuWhlmW1mtoUWc094e3NUHhN/CX/ACQU82jq99YjychoN4oJy8e5QfHviwhmOxV+gvBnr10uNnFs33Ds1RKBqg==
- fontsource-baskervville/5.2.8/latin-ext-italic.min.css: sha512-oiALhbuPbo4GQtqKGTls/4aJPAa9RHe8ahvPZuvIeSonwC8pru0c0zmfRdRJOA/ZkDqxVk/8ljgkgqrRyGlhTQ==
- fontsource-baskervville/5.2.8/index.css: sha512-0GirEsYQe9vHHvVF1IrDG21RFUb7El24/M5XyJ7ic3eQStuw1qvcHjd8JjiR8DnL2x/S3x06caJdR04fCpvGzQ==
- fontsource-baskervville/5.2.8/latin-400.min.css: sha512-1lCeJ/In+bT/wZKFwDZy84TsT6ZzLTf/Kgt5U6N3hLOkt1thSmbI+or1MHtGHkeYBLayvOkME5eYI8UwJM5TqQ==
- fontsource-baskervville/5.2.8/latin-500.min.css: sha512-iiOZguNaSxA8ey1VAVGitY7Da67VUTgGmDwJVUoySuK6AjljzleAQAuo2iNIaItHH/cmkeAdGplZeOSJVMP/sg==
- fontsource-baskervville/5.2.8/latin-ext-italic.css: sha512-xDC2bO82vzHwYZaYHgb2HBquhxJCKTKaYMeHRvq/1suJUxaBPRTmffVR6T0NVv5BK/1oOUDXVNK5jlRkjiWUYA==
- fontsource-baskervville/5.2.8/latin-ext-700.css: sha512-ezP8X2rHkPImVPqM6zzcM4kTSMm0o9RslbASdwXtPZO98BGLdFHsEjX8z478Cc7jM2nZJckHVnAk/Q8+mpSEVA==
- fontsource-baskervville/5.2.8/400-italic.min.css: sha512-8WrYmnG/xWPrVJI6xpYxqUQFrvN3EAYALzO74FC7ppnkigN4tve0rFgXPeVRwFGSXJOVEY9B81su1kAYTadEbQ==
- fontsource-baskervville/5.2.8/600.min.css: sha512-70KpXlJUl1vQt/kmuu0ZvX6aOLNsnlc4E0/6IiqBssZpeBbK1xOlBRq4l7X0hKOO0r7RTSbs6+duvv7eyLD6pQ==
- fontsource-baskervville/5.2.8/latin-ext-600-italic.min.css: sha512-BYCFt0wMzQncuQ5DsGYldcSwS9YxrTXDQqbLybuPUkCFZIquJmdBi+sj2cLB9bj6xpSWIzVQAYaCIoE1W3v3EQ==
- fontsource-baskervville/5.2.8/latin-ext-500-italic.css: sha512-eXbxir4qqaRQ41o9GFeh3IV/O8eUBGiIoTKT5zg4humzSkVFF6lQ+kJQxenbpkoYkR8nxgujHZGwmfhOedKiaQ==
- fontsource-baskervville/5.2.8/latin-ext-500.css: sha512-EkvuQpXBTCSH0V4URXhWFQFumg6bRr/A3qK6o3j+z6/w642SE02Yk3Pu6/rpIVhS0N1ducH3d3s53G0/oBh/zg==
- fontsource-baskervville/5.2.8/latin-ext-400.css: sha512-6OVUs27NpDoWvmHVLJoBfeSuBWZFGBLm9geki7xFHmgW+VJql0Yu3HZWOtgLnZPHVEyNSysb/cOvlFCwwxwDog==
- fontsource-baskervville/5.2.8/600.css: sha512-geafJq6nt1DWwZAb5bGBjbrBUNv1EmYg/2Yr7bYFpD6Srk2OXvbhdP9inBmI3DpLsmT1qPiAnVuMoQomVAvK0Q==
- fontsource-baskervville/5.2.8/latin-400-italic.css: sha512-YDEepxtEU4i/eO1oZXaBrvgcCJAb4a8w5nBnxfOYYCvRLEN/bf+gbzpXJfPKStC9JVIk/O7PirD9+lmDzUrq2w==
- fontsource-baskervville/5.2.8/500.min.css: sha512-PAc+2tpqgJQsjB+DI4pw8qewMT6DeW/Ob5TQEjwua2Ra6Xjldg0oaYuoqK69mVDOCkZ9TyJlWKYheMlrkVQucA==
- fontsource-baskervville/5.2.8/latin-ext-600.min.css: sha512-7d+QeZIjqfaPL3fkAzbGWkA6SewtPYwC+54as3toEbJKWJVol0nY2POilFFCTp9nl9xM07H5lX7ZerKkuruqsA==
- fontsource-baskervville/5.2.8/latin-ext-700-italic.css: sha512-yuCC17wBcQSyRSfNJ5CMoUxaJpAmZUNWRZk7+pyHa0AzokMA4aRPXQyfTYP5u3FI/9yRHcLHYlwJSeuq0MSrcw==
- fontsource-baskervville/5.2.8/700-italic.css: sha512-mctvvcqbq/rW3dB6vSW62nyBF33NgkEVemN/VTR+nPyYwowjapGUoJlQrpkbOt2KRTUGW/Eyr32NmWX13caq4g==
- fontsource-baskervville/5.2.8/latin-700.min.css: sha512-EY/iaoF12GsoX6DiUmsBeVHmOqEK6QohLYdoY4W13nzu5BSEpBp5d0DoarVHjnQBXiEJAsL2WxsUj03FlZRQFA==
- fontsource-baskervville/5.2.8/latin-700.css: sha512-cewTwOz7tkbVoUpWZDcWrP7KlDNbWiMGaG889scfjafkTGylFb1O639d5oqUxqAx4UiHWW1/FHIktyxisRc7Eg==
- fontsource-baskervville/5.2.8/latin-400.css: sha512-ax11NKIr5FVEcDg0kOYeJ7KGp1tGLa5SJrMu3vgyVaZPcMeQHPsorKWztCVpWcpLbPHNfk0608/IT6h7vQAVCg==
- fontsource-baskervville/5.2.8/latin-600.min.css: sha512-csyl1kT7sHM9Cs9MxW1MMaDU74ma/BrX4KNhB9yJUEbjQcVwMkNCcAGDVnJVQErUm6kBpgViZnZVSumn164zOA==
- fontsource-baskervville/5.2.8/latin-700-italic.css: sha512-k7QE2BVF/HtQvOFOGF3HEecIPtGfd5dstAWGZt5u5OGdB2myMGB0tGE8HltIXgcgeVw4enc6wRsZk6GxLbcmPw==
- fontsource-baskervville/5.2.8/latin-ext-600-italic.css: sha512-r4Q+jLAoSMrufdT+Zwm31XFDj0Dcz9HjULI4dNTETV/TYb6qS86xe7ly8YWrRvO88oUPXxfnHu2cKTGf8ikKqg==
- fontsource-baskervville/5.2.8/latin-ext-700.min.css: sha512-OX9/Q4bUQ+FYnByR2WxZW26UOoCo7/7VmTFORz44esjpE07eo06pRwDFM+TSwbnRE+OAwTTectWXSiOUuYv4eQ==
- fontsource-baskervville/5.2.8/latin-ext.min.css: sha512-Vph2uWJz1vVoKGanirf/BxGfrP1l6hBhnvf5xv0YdoGA8L1otWKCNLKKEbx+OLDPSSAezakhSWPpa11MRDn4aA==
- fontsource-baskervville/5.2.8/700-italic.min.css: sha512-BFjtpebnGERfS3h6ANoQbqQpbSroXFN6JedL4v7fYdmdJqScWJ5jZ4/06mhvwcopw3lhvH1n2URCblQpMOCQEw==
- fontsource-baskervville/5.2.8/700.css: sha512-2nNSfZskAVKYjk0o4RrVw7vo6VVCfbTnZ4cWBkxHT9qcXOlvr/KJ3QXxSddVYpJILWZLLTfrB1A+Qqjzk1hQCw==
- fontsource-baskervville/5.2.8/latin-ext-500.min.css: sha512-5TKCuO58eM2AHfKBodlgcmiU/0HevHciFArVN4sgM3ng8LKg+EKAXFcqtMwpYWba637KUeTV3ufaAL3SUZhErA==
- fontsource-baskervville/5.2.8/latin.css: sha512-/ZQYvD7c9/9+jB1SBOluYnvU9MBgGS36UN1sRG2I4kIbzx5SjP7w+xJ1KBHfmNwwFuerJoZXkhcsj8E3emd2Ew==
- fontsource-baskervville/5.2.8/400.min.css: sha512-shDqfc90Rc0sX8GXlOlwnIMKbqT+X1jDHqwzn3jqgWTh4F/KP7u+07ateSPABjQs2M+444HoZBCO2PU4WdJVoA==
- fontsource-baskervville/5.2.8/500-italic.css: sha512-vdastimAeD1PVYJCu9eHsJYBDtEUR2P7ldYQf+CLq3yVALcKUnOubVPmMAmGmY+BLrJC8Tf5bF9miR2icRjuMA==
- fontsource-baskervville/5.2.8/700.min.css: sha512-DPM391X8FfdeJ62MqZiPvWUxrl0WGKAqeM6gpaToECbd4wr+jsqAzroZiR5qnRlGOG+uLh2zL7g9wdKR/rTEVw==
- fontsource-baskervville/5.2.8/latin-ext-400-italic.min.css: sha512-8ks4P2fOO+YlSBjGjpvCwttk4/mQwhgfxYPYTgJMPDTk8MFhblJ+DvAltw8Efqi8idNNTkgrhUKdAH3DiQwjOw==
- fontsource-baskervville/5.2.8/latin-ext-600.css: sha512-n1qf3RzsQKLV+Afz8mzQIgQ/yEK6PT+CpwuzPcHkW1e2U8isYkYm9oBwXaE9UFEYNt6rfFHsU+d11NwJyfyDPQ==
- fontsource-baskervville/5.2.8/latin-ext-700-italic.min.css: sha512-y6SrC0AbZW9yggGJ6ZJxxUsfBFANZSWSj0Pt8gY/FwiafgyJ3wo9pGBCBwFtrd3n1qexe4ftTdi8pFT+WwRGhg==
- fontsource-baskervville/5.2.8/400.css: sha512-0GirEsYQe9vHHvVF1IrDG21RFUb7El24/M5XyJ7ic3eQStuw1qvcHjd8JjiR8DnL2x/S3x06caJdR04fCpvGzQ==
- fontsource-baskervville/5.2.8/600-italic.css: sha512-qAzQ8bWZ7uSwmyLUH2HqBu36jMUSuJat6k2QUDihBqrwM+X9IVWVRTMQSwLmNdeRvMFiy5lZ2u1SenxKz4JWkw==
- fontsource-baskervville/5.2.8/latin-500.css: sha512-tkotjWRm1C5yp6EJW5RPfCj765IMg8a0/c1lvnIuxTCOh2uHb/bAdXZ9n7S3IPE9tTI4EQVB9McfDh2oSjMMPg==
- fontsource-baskervville/5.2.8/latin-ext.css: sha512-+rWeNMVlC6NEdTMfvIU+w7Zi8nwqlIhbCtXQh4bjH/VB+54s/NDUotZjHZHIkPgIJk9PyvWusm57dknC8YD/WA==
- fontsource-baskervville/5.2.8/latin-italic.min.css: sha512-w2CwIV5jEth1pigbS5rkkNDesAp9NxFkrZ/oqqG0JqklNDzqBJkoefiv5NaSwE8M1cTuL7LVq2aO1DUWpRMy5g==
- fontsource-baskervville/5.2.8/index.min.css: sha512-shDqfc90Rc0sX8GXlOlwnIMKbqT+X1jDHqwzn3jqgWTh4F/KP7u+07ateSPABjQs2M+444HoZBCO2PU4WdJVoA==
- fontsource-baskervville/5.2.8/latin-400-italic.min.css: sha512-iGUJgeyG2lEEKW0p9ArcGYCXpFen3J86YFK8GGFeICiME0lPdnjEHmiQI73yfFKgwDuDX5fIE0CtenZw8ltgXQ==
- fontsource-baskervville/5.2.8/latin-600.css: sha512-hTQD115wNr7LQT4FyJW66uu/fw4eQiJp3Jx+X5KRXFdq16Ygi/vQ27ceMHfsISsxjHezH68o0BseetmnARtYFQ==
- fontsource-baskervville/5.2.8/latin.min.css: sha512-p3o7yVs1QohaaDBGIbz/T4kN6ejcPjcGuHmG2SuV9OGZy6JC02acWgpUp1h5tGzEBpGU4nUpqm4jieg5YxaBvg==
- fontsource-baskervville/5.2.8/600-italic.min.css: sha512-mUMkSjIS5rt5xJKHtsAjrjRXb1CTuAsfo0PeCWHnrrg5BIz8cljiQ0RajFJI4OPKQ9wYFeWJBEdASoqmRbv9sg==
- fontsource-baskervville/5.2.8/latin-500-italic.css: sha512-rnDF0Ezd0uWcIrt7WI+fn19liK4Vhogwr3lFmlBy6wDrvSc6FYGirYpBsOdOS3cRYbAvFyMFLoDf0gVkSl4Lrg==
- fontsource-baskervville/5.2.8/latin-ext-400-italic.css: sha512-E0a4jWYVOC1h8BEAvYRISW3nvaT9XLO6pUsMOTvRMkVlhtoWEY6zrbfqQ9tlo1eqc3pZ6MSCQye6tPWOeOrUPg==
- fontsource-baskervville/5.2.8/500.css: sha512-QtP0SVeZcNnrGIF3oI+tIhP/RtA2Boqyd9vO+kV4IaYqkERTLUXV4STZ2aJxfNqlj5m/n4nILYYfLdMHW5j0CQ==
- fontsource-baskervville/5.2.8/latin-600-italic.min.css: sha512-oZP3+SB2xrj328/fmkzUavy1O/3ckDiQOnQ6ASdPPCs6snGBpyNCUkl4EzvmH402TLP5OsouqnBKMhjFhHLYMw==
