Files:
- clerk-js/5.59.1-snapshot.v20250407145248/192_3af146_5.59.1-snapshot.v20250407145248.js.br
- clerk-js/5.59.1-snapshot.v20250407145248/192_3af146_5.59.1-snapshot.v20250407145248.js.gz
- clerk-js/5.59.1-snapshot.v20250407145248/192_3af146_5.59.1-snapshot.v20250407145248.js.sri
- clerk-js/5.59.1-snapshot.v20250407145248/192_3af146_5.59.1-snapshot.v20250407145248.min.js.br
- clerk-js/5.59.1-snapshot.v20250407145248/192_3af146_5.59.1-snapshot.v20250407145248.min.js.gz
- clerk-js/5.59.1-snapshot.v20250407145248/192_3af146_5.59.1-snapshot.v20250407145248.min.js.sri
- clerk-js/5.59.1-snapshot.v20250407145248/377_049625_5.59.1-snapshot.v20250407145248.js.br
- clerk-js/5.59.1-snapshot.v20250407145248/377_049625_5.59.1-snapshot.v20250407145248.js.gz
- clerk-js/5.59.1-snapshot.v20250407145248/377_049625_5.59.1-snapshot.v20250407145248.js.sri
- clerk-js/5.59.1-snapshot.v20250407145248/377_049625_5.59.1-snapshot.v20250407145248.min.js.br
- clerk-js/5.59.1-snapshot.v20250407145248/377_049625_5.59.1-snapshot.v20250407145248.min.js.gz
- clerk-js/5.59.1-snapshot.v20250407145248/377_049625_5.59.1-snapshot.v20250407145248.min.js.sri
- clerk-js/5.59.1-snapshot.v20250407145248/890_049625_5.59.1-snapshot.v20250407145248.js.br
- clerk-js/5.59.1-snapshot.v20250407145248/890_049625_5.59.1-snapshot.v20250407145248.js.gz
- clerk-js/5.59.1-snapshot.v20250407145248/890_049625_5.59.1-snapshot.v20250407145248.js.sri
- clerk-js/5.59.1-snapshot.v20250407145248/890_049625_5.59.1-snapshot.v20250407145248.min.js.br
- clerk-js/5.59.1-snapshot.v20250407145248/890_049625_5.59.1-snapshot.v20250407145248.min.js.gz
- clerk-js/5.59.1-snapshot.v20250407145248/890_049625_5.59.1-snapshot.v20250407145248.min.js.sri
- clerk-js/5.59.1-snapshot.v20250407145248/965_049625_5.59.1-snapshot.v20250407145248.js.br
- clerk-js/5.59.1-snapshot.v20250407145248/965_049625_5.59.1-snapshot.v20250407145248.js.gz
- clerk-js/5.59.1-snapshot.v20250407145248/965_049625_5.59.1-snapshot.v20250407145248.js.sri
- clerk-js/5.59.1-snapshot.v20250407145248/965_049625_5.59.1-snapshot.v20250407145248.min.js.br
- clerk-js/5.59.1-snapshot.v20250407145248/965_049625_5.59.1-snapshot.v20250407145248.min.js.gz
- clerk-js/5.59.1-snapshot.v20250407145248/965_049625_5.59.1-snapshot.v20250407145248.min.js.sri
- clerk-js/5.59.1-snapshot.v20250407145248/blankcaptcha_3af146_5.59.1-snapshot.v20250407145248.js.br
- clerk-js/5.59.1-snapshot.v20250407145248/blankcaptcha_3af146_5.59.1-snapshot.v20250407145248.js.gz
- clerk-js/5.59.1-snapshot.v20250407145248/blankcaptcha_3af146_5.59.1-snapshot.v20250407145248.js.sri
- clerk-js/5.59.1-snapshot.v20250407145248/blankcaptcha_3af146_5.59.1-snapshot.v20250407145248.min.js.br
- clerk-js/5.59.1-snapshot.v20250407145248/blankcaptcha_3af146_5.59.1-snapshot.v20250407145248.min.js.gz
- clerk-js/5.59.1-snapshot.v20250407145248/blankcaptcha_3af146_5.59.1-snapshot.v20250407145248.min.js.sri
- clerk-js/5.59.1-snapshot.v20250407145248/checkout_3af146_5.59.1-snapshot.v20250407145248.js.br
- clerk-js/5.59.1-snapshot.v20250407145248/checkout_3af146_5.59.1-snapshot.v20250407145248.js.gz
- clerk-js/5.59.1-snapshot.v20250407145248/checkout_3af146_5.59.1-snapshot.v20250407145248.js.sri
- clerk-js/5.59.1-snapshot.v20250407145248/checkout_3af146_5.59.1-snapshot.v20250407145248.min.js.br
- clerk-js/5.59.1-snapshot.v20250407145248/checkout_3af146_5.59.1-snapshot.v20250407145248.min.js.gz
- clerk-js/5.59.1-snapshot.v20250407145248/checkout_3af146_5.59.1-snapshot.v20250407145248.min.js.sri
- clerk-js/5.59.1-snapshot.v20250407145248/clerk.browser.js.br
- clerk-js/5.59.1-snapshot.v20250407145248/clerk.browser.js.gz
- clerk-js/5.59.1-snapshot.v20250407145248/clerk.browser.js.sri
- clerk-js/5.59.1-snapshot.v20250407145248/clerk.browser.min.js.br
- clerk-js/5.59.1-snapshot.v20250407145248/clerk.browser.min.js.gz
- clerk-js/5.59.1-snapshot.v20250407145248/clerk.browser.min.js.sri
- clerk-js/5.59.1-snapshot.v20250407145248/clerk.headless.browser.js.br
- clerk-js/5.59.1-snapshot.v20250407145248/clerk.headless.browser.js.gz
- clerk-js/5.59.1-snapshot.v20250407145248/clerk.headless.browser.js.sri
- clerk-js/5.59.1-snapshot.v20250407145248/clerk.headless.browser.min.js.br
- clerk-js/5.59.1-snapshot.v20250407145248/clerk.headless.browser.min.js.gz
- clerk-js/5.59.1-snapshot.v20250407145248/clerk.headless.browser.min.js.sri
- clerk-js/5.59.1-snapshot.v20250407145248/clerk.headless.js.br
- clerk-js/5.59.1-snapshot.v20250407145248/clerk.headless.js.gz
- clerk-js/5.59.1-snapshot.v20250407145248/clerk.headless.js.sri
- clerk-js/5.59.1-snapshot.v20250407145248/clerk.headless.min.js.br
- clerk-js/5.59.1-snapshot.v20250407145248/clerk.headless.min.js.gz
- clerk-js/5.59.1-snapshot.v20250407145248/clerk.headless.min.js.sri
- clerk-js/5.59.1-snapshot.v20250407145248/clerk.js.br
- clerk-js/5.59.1-snapshot.v20250407145248/clerk.js.gz
- clerk-js/5.59.1-snapshot.v20250407145248/clerk.js.sri
- clerk-js/5.59.1-snapshot.v20250407145248/clerk.min.js.br
- clerk-js/5.59.1-snapshot.v20250407145248/clerk.min.js.gz
- clerk-js/5.59.1-snapshot.v20250407145248/clerk.min.js.sri
- clerk-js/5.59.1-snapshot.v20250407145248/clerk.mjs.br
- clerk-js/5.59.1-snapshot.v20250407145248/clerk.mjs.gz
- clerk-js/5.59.1-snapshot.v20250407145248/clerk.no-rhc.js.br
- clerk-js/5.59.1-snapshot.v20250407145248/clerk.no-rhc.js.gz
- clerk-js/5.59.1-snapshot.v20250407145248/clerk.no-rhc.js.sri
- clerk-js/5.59.1-snapshot.v20250407145248/clerk.no-rhc.min.js.br
- clerk-js/5.59.1-snapshot.v20250407145248/clerk.no-rhc.min.js.gz
- clerk-js/5.59.1-snapshot.v20250407145248/clerk.no-rhc.min.js.sri
- clerk-js/5.59.1-snapshot.v20250407145248/clerk.no-rhc.mjs.br
- clerk-js/5.59.1-snapshot.v20250407145248/clerk.no-rhc.mjs.gz
- clerk-js/5.59.1-snapshot.v20250407145248/coinbase-wallet-sdk_3af146_5.59.1-snapshot.v20250407145248.js.br
- clerk-js/5.59.1-snapshot.v20250407145248/coinbase-wallet-sdk_3af146_5.59.1-snapshot.v20250407145248.js.gz
- clerk-js/5.59.1-snapshot.v20250407145248/coinbase-wallet-sdk_3af146_5.59.1-snapshot.v20250407145248.js.sri
- clerk-js/5.59.1-snapshot.v20250407145248/coinbase-wallet-sdk_3af146_5.59.1-snapshot.v20250407145248.min.js.br
- clerk-js/5.59.1-snapshot.v20250407145248/coinbase-wallet-sdk_3af146_5.59.1-snapshot.v20250407145248.min.js.gz
- clerk-js/5.59.1-snapshot.v20250407145248/coinbase-wallet-sdk_3af146_5.59.1-snapshot.v20250407145248.min.js.sri
- clerk-js/5.59.1-snapshot.v20250407145248/coinbase-wallet-sdk_ac73d2_5.59.1-snapshot.v20250407145248.js.br
- clerk-js/5.59.1-snapshot.v20250407145248/coinbase-wallet-sdk_ac73d2_5.59.1-snapshot.v20250407145248.js.gz
- clerk-js/5.59.1-snapshot.v20250407145248/coinbase-wallet-sdk_ac73d2_5.59.1-snapshot.v20250407145248.js.sri
- clerk-js/5.59.1-snapshot.v20250407145248/coinbase-wallet-sdk_ac73d2_5.59.1-snapshot.v20250407145248.min.js.br
- clerk-js/5.59.1-snapshot.v20250407145248/coinbase-wallet-sdk_ac73d2_5.59.1-snapshot.v20250407145248.min.js.gz
- clerk-js/5.59.1-snapshot.v20250407145248/coinbase-wallet-sdk_ac73d2_5.59.1-snapshot.v20250407145248.min.js.sri
- clerk-js/5.59.1-snapshot.v20250407145248/cookieSuffix_049625_5.59.1-snapshot.v20250407145248.js.br
- clerk-js/5.59.1-snapshot.v20250407145248/cookieSuffix_049625_5.59.1-snapshot.v20250407145248.js.gz
- clerk-js/5.59.1-snapshot.v20250407145248/cookieSuffix_049625_5.59.1-snapshot.v20250407145248.js.sri
- clerk-js/5.59.1-snapshot.v20250407145248/cookieSuffix_049625_5.59.1-snapshot.v20250407145248.min.js.br
- clerk-js/5.59.1-snapshot.v20250407145248/cookieSuffix_049625_5.59.1-snapshot.v20250407145248.min.js.gz
- clerk-js/5.59.1-snapshot.v20250407145248/cookieSuffix_049625_5.59.1-snapshot.v20250407145248.min.js.sri
- clerk-js/5.59.1-snapshot.v20250407145248/cookieSuffix_3af146_5.59.1-snapshot.v20250407145248.js.br
- clerk-js/5.59.1-snapshot.v20250407145248/cookieSuffix_3af146_5.59.1-snapshot.v20250407145248.js.gz
- clerk-js/5.59.1-snapshot.v20250407145248/cookieSuffix_3af146_5.59.1-snapshot.v20250407145248.js.sri
- clerk-js/5.59.1-snapshot.v20250407145248/cookieSuffix_3af146_5.59.1-snapshot.v20250407145248.min.js.br
- clerk-js/5.59.1-snapshot.v20250407145248/cookieSuffix_3af146_5.59.1-snapshot.v20250407145248.min.js.gz
- clerk-js/5.59.1-snapshot.v20250407145248/cookieSuffix_3af146_5.59.1-snapshot.v20250407145248.min.js.sri
- clerk-js/5.59.1-snapshot.v20250407145248/cookieSuffix_ac73d2_5.59.1-snapshot.v20250407145248.js.br
- clerk-js/5.59.1-snapshot.v20250407145248/cookieSuffix_ac73d2_5.59.1-snapshot.v20250407145248.js.gz
- clerk-js/5.59.1-snapshot.v20250407145248/cookieSuffix_ac73d2_5.59.1-snapshot.v20250407145248.js.sri
- clerk-js/5.59.1-snapshot.v20250407145248/cookieSuffix_ac73d2_5.59.1-snapshot.v20250407145248.min.js.br
- clerk-js/5.59.1-snapshot.v20250407145248/cookieSuffix_ac73d2_5.59.1-snapshot.v20250407145248.min.js.gz
- clerk-js/5.59.1-snapshot.v20250407145248/cookieSuffix_ac73d2_5.59.1-snapshot.v20250407145248.min.js.sri
- clerk-js/5.59.1-snapshot.v20250407145248/createorganization_3af146_5.59.1-snapshot.v20250407145248.js.br
- clerk-js/5.59.1-snapshot.v20250407145248/createorganization_3af146_5.59.1-snapshot.v20250407145248.js.gz
- clerk-js/5.59.1-snapshot.v20250407145248/createorganization_3af146_5.59.1-snapshot.v20250407145248.js.sri
- clerk-js/5.59.1-snapshot.v20250407145248/createorganization_3af146_5.59.1-snapshot.v20250407145248.min.js.br
- clerk-js/5.59.1-snapshot.v20250407145248/createorganization_3af146_5.59.1-snapshot.v20250407145248.min.js.gz
- clerk-js/5.59.1-snapshot.v20250407145248/createorganization_3af146_5.59.1-snapshot.v20250407145248.min.js.sri
- clerk-js/5.59.1-snapshot.v20250407145248/framework_3af146_5.59.1-snapshot.v20250407145248.js.br
- clerk-js/5.59.1-snapshot.v20250407145248/framework_3af146_5.59.1-snapshot.v20250407145248.js.gz
- clerk-js/5.59.1-snapshot.v20250407145248/framework_3af146_5.59.1-snapshot.v20250407145248.js.sri
- clerk-js/5.59.1-snapshot.v20250407145248/framework_3af146_5.59.1-snapshot.v20250407145248.min.js.br
- clerk-js/5.59.1-snapshot.v20250407145248/framework_3af146_5.59.1-snapshot.v20250407145248.min.js.gz
- clerk-js/5.59.1-snapshot.v20250407145248/framework_3af146_5.59.1-snapshot.v20250407145248.min.js.sri
- clerk-js/5.59.1-snapshot.v20250407145248/impersonationfab_3af146_5.59.1-snapshot.v20250407145248.js.br
- clerk-js/5.59.1-snapshot.v20250407145248/impersonationfab_3af146_5.59.1-snapshot.v20250407145248.js.gz
- clerk-js/5.59.1-snapshot.v20250407145248/impersonationfab_3af146_5.59.1-snapshot.v20250407145248.js.sri
- clerk-js/5.59.1-snapshot.v20250407145248/impersonationfab_3af146_5.59.1-snapshot.v20250407145248.min.js.br
- clerk-js/5.59.1-snapshot.v20250407145248/impersonationfab_3af146_5.59.1-snapshot.v20250407145248.min.js.gz
- clerk-js/5.59.1-snapshot.v20250407145248/impersonationfab_3af146_5.59.1-snapshot.v20250407145248.min.js.sri
- clerk-js/5.59.1-snapshot.v20250407145248/keylessPrompt_3af146_5.59.1-snapshot.v20250407145248.js.br
- clerk-js/5.59.1-snapshot.v20250407145248/keylessPrompt_3af146_5.59.1-snapshot.v20250407145248.js.gz
- clerk-js/5.59.1-snapshot.v20250407145248/keylessPrompt_3af146_5.59.1-snapshot.v20250407145248.js.sri
- clerk-js/5.59.1-snapshot.v20250407145248/keylessPrompt_3af146_5.59.1-snapshot.v20250407145248.min.js.br
- clerk-js/5.59.1-snapshot.v20250407145248/keylessPrompt_3af146_5.59.1-snapshot.v20250407145248.min.js.gz
- clerk-js/5.59.1-snapshot.v20250407145248/keylessPrompt_3af146_5.59.1-snapshot.v20250407145248.min.js.sri
- clerk-js/5.59.1-snapshot.v20250407145248/onetap_3af146_5.59.1-snapshot.v20250407145248.js.br
- clerk-js/5.59.1-snapshot.v20250407145248/onetap_3af146_5.59.1-snapshot.v20250407145248.js.gz
- clerk-js/5.59.1-snapshot.v20250407145248/onetap_3af146_5.59.1-snapshot.v20250407145248.js.sri
- clerk-js/5.59.1-snapshot.v20250407145248/onetap_3af146_5.59.1-snapshot.v20250407145248.min.js.br
- clerk-js/5.59.1-snapshot.v20250407145248/onetap_3af146_5.59.1-snapshot.v20250407145248.min.js.gz
- clerk-js/5.59.1-snapshot.v20250407145248/onetap_3af146_5.59.1-snapshot.v20250407145248.min.js.sri
- clerk-js/5.59.1-snapshot.v20250407145248/op-billing-page_3af146_5.59.1-snapshot.v20250407145248.js.br
- clerk-js/5.59.1-snapshot.v20250407145248/op-billing-page_3af146_5.59.1-snapshot.v20250407145248.js.gz
- clerk-js/5.59.1-snapshot.v20250407145248/op-billing-page_3af146_5.59.1-snapshot.v20250407145248.js.sri
- clerk-js/5.59.1-snapshot.v20250407145248/op-billing-page_3af146_5.59.1-snapshot.v20250407145248.min.js.br
- clerk-js/5.59.1-snapshot.v20250407145248/op-billing-page_3af146_5.59.1-snapshot.v20250407145248.min.js.gz
- clerk-js/5.59.1-snapshot.v20250407145248/op-billing-page_3af146_5.59.1-snapshot.v20250407145248.min.js.sri
- clerk-js/5.59.1-snapshot.v20250407145248/organizationlist_3af146_5.59.1-snapshot.v20250407145248.js.br
- clerk-js/5.59.1-snapshot.v20250407145248/organizationlist_3af146_5.59.1-snapshot.v20250407145248.js.gz
- clerk-js/5.59.1-snapshot.v20250407145248/organizationlist_3af146_5.59.1-snapshot.v20250407145248.js.sri
- clerk-js/5.59.1-snapshot.v20250407145248/organizationlist_3af146_5.59.1-snapshot.v20250407145248.min.js.br
- clerk-js/5.59.1-snapshot.v20250407145248/organizationlist_3af146_5.59.1-snapshot.v20250407145248.min.js.gz
- clerk-js/5.59.1-snapshot.v20250407145248/organizationlist_3af146_5.59.1-snapshot.v20250407145248.min.js.sri
- clerk-js/5.59.1-snapshot.v20250407145248/organizationprofile_3af146_5.59.1-snapshot.v20250407145248.js.br
- clerk-js/5.59.1-snapshot.v20250407145248/organizationprofile_3af146_5.59.1-snapshot.v20250407145248.js.gz
- clerk-js/5.59.1-snapshot.v20250407145248/organizationprofile_3af146_5.59.1-snapshot.v20250407145248.js.sri
- clerk-js/5.59.1-snapshot.v20250407145248/organizationprofile_3af146_5.59.1-snapshot.v20250407145248.min.js.br
- clerk-js/5.59.1-snapshot.v20250407145248/organizationprofile_3af146_5.59.1-snapshot.v20250407145248.min.js.gz
- clerk-js/5.59.1-snapshot.v20250407145248/organizationprofile_3af146_5.59.1-snapshot.v20250407145248.min.js.sri
- clerk-js/5.59.1-snapshot.v20250407145248/organizationswitcher_3af146_5.59.1-snapshot.v20250407145248.js.br
- clerk-js/5.59.1-snapshot.v20250407145248/organizationswitcher_3af146_5.59.1-snapshot.v20250407145248.js.gz
- clerk-js/5.59.1-snapshot.v20250407145248/organizationswitcher_3af146_5.59.1-snapshot.v20250407145248.js.sri
- clerk-js/5.59.1-snapshot.v20250407145248/organizationswitcher_3af146_5.59.1-snapshot.v20250407145248.min.js.br
- clerk-js/5.59.1-snapshot.v20250407145248/organizationswitcher_3af146_5.59.1-snapshot.v20250407145248.min.js.gz
- clerk-js/5.59.1-snapshot.v20250407145248/organizationswitcher_3af146_5.59.1-snapshot.v20250407145248.min.js.sri
- clerk-js/5.59.1-snapshot.v20250407145248/paymentSources_3af146_5.59.1-snapshot.v20250407145248.js.br
- clerk-js/5.59.1-snapshot.v20250407145248/paymentSources_3af146_5.59.1-snapshot.v20250407145248.js.gz
- clerk-js/5.59.1-snapshot.v20250407145248/paymentSources_3af146_5.59.1-snapshot.v20250407145248.js.sri
- clerk-js/5.59.1-snapshot.v20250407145248/paymentSources_3af146_5.59.1-snapshot.v20250407145248.min.js.br
- clerk-js/5.59.1-snapshot.v20250407145248/paymentSources_3af146_5.59.1-snapshot.v20250407145248.min.js.gz
- clerk-js/5.59.1-snapshot.v20250407145248/paymentSources_3af146_5.59.1-snapshot.v20250407145248.min.js.sri
- clerk-js/5.59.1-snapshot.v20250407145248/prefetchorganizationlist_3af146_5.59.1-snapshot.v20250407145248.js.br
- clerk-js/5.59.1-snapshot.v20250407145248/prefetchorganizationlist_3af146_5.59.1-snapshot.v20250407145248.js.gz
- clerk-js/5.59.1-snapshot.v20250407145248/prefetchorganizationlist_3af146_5.59.1-snapshot.v20250407145248.js.sri
- clerk-js/5.59.1-snapshot.v20250407145248/prefetchorganizationlist_3af146_5.59.1-snapshot.v20250407145248.min.js.br
- clerk-js/5.59.1-snapshot.v20250407145248/prefetchorganizationlist_3af146_5.59.1-snapshot.v20250407145248.min.js.gz
- clerk-js/5.59.1-snapshot.v20250407145248/prefetchorganizationlist_3af146_5.59.1-snapshot.v20250407145248.min.js.sri
- clerk-js/5.59.1-snapshot.v20250407145248/pricingTable_3af146_5.59.1-snapshot.v20250407145248.js.br
- clerk-js/5.59.1-snapshot.v20250407145248/pricingTable_3af146_5.59.1-snapshot.v20250407145248.js.gz
- clerk-js/5.59.1-snapshot.v20250407145248/pricingTable_3af146_5.59.1-snapshot.v20250407145248.js.sri
- clerk-js/5.59.1-snapshot.v20250407145248/pricingTable_3af146_5.59.1-snapshot.v20250407145248.min.js.br
- clerk-js/5.59.1-snapshot.v20250407145248/pricingTable_3af146_5.59.1-snapshot.v20250407145248.min.js.gz
- clerk-js/5.59.1-snapshot.v20250407145248/pricingTable_3af146_5.59.1-snapshot.v20250407145248.min.js.sri
- clerk-js/5.59.1-snapshot.v20250407145248/sessionTasks_3af146_5.59.1-snapshot.v20250407145248.js.br
- clerk-js/5.59.1-snapshot.v20250407145248/sessionTasks_3af146_5.59.1-snapshot.v20250407145248.js.gz
- clerk-js/5.59.1-snapshot.v20250407145248/sessionTasks_3af146_5.59.1-snapshot.v20250407145248.js.sri
- clerk-js/5.59.1-snapshot.v20250407145248/sessionTasks_3af146_5.59.1-snapshot.v20250407145248.min.js.br
- clerk-js/5.59.1-snapshot.v20250407145248/sessionTasks_3af146_5.59.1-snapshot.v20250407145248.min.js.gz
- clerk-js/5.59.1-snapshot.v20250407145248/sessionTasks_3af146_5.59.1-snapshot.v20250407145248.min.js.sri
- clerk-js/5.59.1-snapshot.v20250407145248/signin_3af146_5.59.1-snapshot.v20250407145248.js.br
- clerk-js/5.59.1-snapshot.v20250407145248/signin_3af146_5.59.1-snapshot.v20250407145248.js.gz
- clerk-js/5.59.1-snapshot.v20250407145248/signin_3af146_5.59.1-snapshot.v20250407145248.js.sri
- clerk-js/5.59.1-snapshot.v20250407145248/signin_3af146_5.59.1-snapshot.v20250407145248.min.js.br
- clerk-js/5.59.1-snapshot.v20250407145248/signin_3af146_5.59.1-snapshot.v20250407145248.min.js.gz
- clerk-js/5.59.1-snapshot.v20250407145248/signin_3af146_5.59.1-snapshot.v20250407145248.min.js.sri
- clerk-js/5.59.1-snapshot.v20250407145248/signup_3af146_5.59.1-snapshot.v20250407145248.js.br
- clerk-js/5.59.1-snapshot.v20250407145248/signup_3af146_5.59.1-snapshot.v20250407145248.js.gz
- clerk-js/5.59.1-snapshot.v20250407145248/signup_3af146_5.59.1-snapshot.v20250407145248.js.sri
- clerk-js/5.59.1-snapshot.v20250407145248/signup_3af146_5.59.1-snapshot.v20250407145248.min.js.br
- clerk-js/5.59.1-snapshot.v20250407145248/signup_3af146_5.59.1-snapshot.v20250407145248.min.js.gz
- clerk-js/5.59.1-snapshot.v20250407145248/signup_3af146_5.59.1-snapshot.v20250407145248.min.js.sri
- clerk-js/5.59.1-snapshot.v20250407145248/ui-common_3af146_5.59.1-snapshot.v20250407145248.js.br
- clerk-js/5.59.1-snapshot.v20250407145248/ui-common_3af146_5.59.1-snapshot.v20250407145248.js.gz
- clerk-js/5.59.1-snapshot.v20250407145248/ui-common_3af146_5.59.1-snapshot.v20250407145248.js.sri
- clerk-js/5.59.1-snapshot.v20250407145248/ui-common_3af146_5.59.1-snapshot.v20250407145248.min.js.br
- clerk-js/5.59.1-snapshot.v20250407145248/ui-common_3af146_5.59.1-snapshot.v20250407145248.min.js.gz
- clerk-js/5.59.1-snapshot.v20250407145248/ui-common_3af146_5.59.1-snapshot.v20250407145248.min.js.sri
- clerk-js/5.59.1-snapshot.v20250407145248/up-billing-page_3af146_5.59.1-snapshot.v20250407145248.js.br
- clerk-js/5.59.1-snapshot.v20250407145248/up-billing-page_3af146_5.59.1-snapshot.v20250407145248.js.gz
- clerk-js/5.59.1-snapshot.v20250407145248/up-billing-page_3af146_5.59.1-snapshot.v20250407145248.js.sri
- clerk-js/5.59.1-snapshot.v20250407145248/up-billing-page_3af146_5.59.1-snapshot.v20250407145248.min.js.br
- clerk-js/5.59.1-snapshot.v20250407145248/up-billing-page_3af146_5.59.1-snapshot.v20250407145248.min.js.gz
- clerk-js/5.59.1-snapshot.v20250407145248/up-billing-page_3af146_5.59.1-snapshot.v20250407145248.min.js.sri
- clerk-js/5.59.1-snapshot.v20250407145248/userbutton_3af146_5.59.1-snapshot.v20250407145248.js.br
- clerk-js/5.59.1-snapshot.v20250407145248/userbutton_3af146_5.59.1-snapshot.v20250407145248.js.gz
- clerk-js/5.59.1-snapshot.v20250407145248/userbutton_3af146_5.59.1-snapshot.v20250407145248.js.sri
- clerk-js/5.59.1-snapshot.v20250407145248/userbutton_3af146_5.59.1-snapshot.v20250407145248.min.js.br
- clerk-js/5.59.1-snapshot.v20250407145248/userbutton_3af146_5.59.1-snapshot.v20250407145248.min.js.gz
- clerk-js/5.59.1-snapshot.v20250407145248/userbutton_3af146_5.59.1-snapshot.v20250407145248.min.js.sri
- clerk-js/5.59.1-snapshot.v20250407145248/userprofile_3af146_5.59.1-snapshot.v20250407145248.js.br
- clerk-js/5.59.1-snapshot.v20250407145248/userprofile_3af146_5.59.1-snapshot.v20250407145248.js.gz
- clerk-js/5.59.1-snapshot.v20250407145248/userprofile_3af146_5.59.1-snapshot.v20250407145248.js.sri
- clerk-js/5.59.1-snapshot.v20250407145248/userprofile_3af146_5.59.1-snapshot.v20250407145248.min.js.br
- clerk-js/5.59.1-snapshot.v20250407145248/userprofile_3af146_5.59.1-snapshot.v20250407145248.min.js.gz
- clerk-js/5.59.1-snapshot.v20250407145248/userprofile_3af146_5.59.1-snapshot.v20250407145248.min.js.sri
- clerk-js/5.59.1-snapshot.v20250407145248/userverification_3af146_5.59.1-snapshot.v20250407145248.js.br
- clerk-js/5.59.1-snapshot.v20250407145248/userverification_3af146_5.59.1-snapshot.v20250407145248.js.gz
- clerk-js/5.59.1-snapshot.v20250407145248/userverification_3af146_5.59.1-snapshot.v20250407145248.js.sri
- clerk-js/5.59.1-snapshot.v20250407145248/userverification_3af146_5.59.1-snapshot.v20250407145248.min.js.br
- clerk-js/5.59.1-snapshot.v20250407145248/userverification_3af146_5.59.1-snapshot.v20250407145248.min.js.gz
- clerk-js/5.59.1-snapshot.v20250407145248/userverification_3af146_5.59.1-snapshot.v20250407145248.min.js.sri
- clerk-js/5.59.1-snapshot.v20250407145248/vendors_3af146_5.59.1-snapshot.v20250407145248.js.br
- clerk-js/5.59.1-snapshot.v20250407145248/vendors_3af146_5.59.1-snapshot.v20250407145248.js.gz
- clerk-js/5.59.1-snapshot.v20250407145248/vendors_3af146_5.59.1-snapshot.v20250407145248.js.sri
- clerk-js/5.59.1-snapshot.v20250407145248/vendors_3af146_5.59.1-snapshot.v20250407145248.min.js.br
- clerk-js/5.59.1-snapshot.v20250407145248/vendors_3af146_5.59.1-snapshot.v20250407145248.min.js.gz
- clerk-js/5.59.1-snapshot.v20250407145248/vendors_3af146_5.59.1-snapshot.v20250407145248.min.js.sri
- clerk-js/5.59.1-snapshot.v20250407145248/vendors_ac73d2_5.59.1-snapshot.v20250407145248.js.br
- clerk-js/5.59.1-snapshot.v20250407145248/vendors_ac73d2_5.59.1-snapshot.v20250407145248.js.gz
- clerk-js/5.59.1-snapshot.v20250407145248/vendors_ac73d2_5.59.1-snapshot.v20250407145248.js.sri
- clerk-js/5.59.1-snapshot.v20250407145248/vendors_ac73d2_5.59.1-snapshot.v20250407145248.min.js.br
- clerk-js/5.59.1-snapshot.v20250407145248/vendors_ac73d2_5.59.1-snapshot.v20250407145248.min.js.gz
- clerk-js/5.59.1-snapshot.v20250407145248/vendors_ac73d2_5.59.1-snapshot.v20250407145248.min.js.sri
- clerk-js/5.59.1-snapshot.v20250407145248/waitlist_3af146_5.59.1-snapshot.v20250407145248.js.br
- clerk-js/5.59.1-snapshot.v20250407145248/waitlist_3af146_5.59.1-snapshot.v20250407145248.js.gz
- clerk-js/5.59.1-snapshot.v20250407145248/waitlist_3af146_5.59.1-snapshot.v20250407145248.js.sri
- clerk-js/5.59.1-snapshot.v20250407145248/waitlist_3af146_5.59.1-snapshot.v20250407145248.min.js.br
- clerk-js/5.59.1-snapshot.v20250407145248/waitlist_3af146_5.59.1-snapshot.v20250407145248.min.js.gz
- clerk-js/5.59.1-snapshot.v20250407145248/waitlist_3af146_5.59.1-snapshot.v20250407145248.min.js.sri
- clerk-js/5.59.1-snapshot.v20250407145248/zxcvbn-common_3af146_5.59.1-snapshot.v20250407145248.js.br
- clerk-js/5.59.1-snapshot.v20250407145248/zxcvbn-common_3af146_5.59.1-snapshot.v20250407145248.js.gz
- clerk-js/5.59.1-snapshot.v20250407145248/zxcvbn-common_3af146_5.59.1-snapshot.v20250407145248.js.sri
- clerk-js/5.59.1-snapshot.v20250407145248/zxcvbn-common_3af146_5.59.1-snapshot.v20250407145248.min.js.br
- clerk-js/5.59.1-snapshot.v20250407145248/zxcvbn-common_3af146_5.59.1-snapshot.v20250407145248.min.js.gz
- clerk-js/5.59.1-snapshot.v20250407145248/zxcvbn-common_3af146_5.59.1-snapshot.v20250407145248.min.js.sri
- clerk-js/5.59.1-snapshot.v20250407145248/zxcvbn-common_ac73d2_5.59.1-snapshot.v20250407145248.js.br
- clerk-js/5.59.1-snapshot.v20250407145248/zxcvbn-common_ac73d2_5.59.1-snapshot.v20250407145248.js.gz
- clerk-js/5.59.1-snapshot.v20250407145248/zxcvbn-common_ac73d2_5.59.1-snapshot.v20250407145248.js.sri
- clerk-js/5.59.1-snapshot.v20250407145248/zxcvbn-common_ac73d2_5.59.1-snapshot.v20250407145248.min.js.br
- clerk-js/5.59.1-snapshot.v20250407145248/zxcvbn-common_ac73d2_5.59.1-snapshot.v20250407145248.min.js.gz
- clerk-js/5.59.1-snapshot.v20250407145248/zxcvbn-common_ac73d2_5.59.1-snapshot.v20250407145248.min.js.sri
- clerk-js/5.59.1-snapshot.v20250407145248/zxcvbn-ts-core_3af146_5.59.1-snapshot.v20250407145248.js.br
- clerk-js/5.59.1-snapshot.v20250407145248/zxcvbn-ts-core_3af146_5.59.1-snapshot.v20250407145248.js.gz
- clerk-js/5.59.1-snapshot.v20250407145248/zxcvbn-ts-core_3af146_5.59.1-snapshot.v20250407145248.js.sri
- clerk-js/5.59.1-snapshot.v20250407145248/zxcvbn-ts-core_3af146_5.59.1-snapshot.v20250407145248.min.js.br
- clerk-js/5.59.1-snapshot.v20250407145248/zxcvbn-ts-core_3af146_5.59.1-snapshot.v20250407145248.min.js.gz
- clerk-js/5.59.1-snapshot.v20250407145248/zxcvbn-ts-core_3af146_5.59.1-snapshot.v20250407145248.min.js.sri
- clerk-js/5.59.1-snapshot.v20250407145248/zxcvbn-ts-core_ac73d2_5.59.1-snapshot.v20250407145248.js.br
- clerk-js/5.59.1-snapshot.v20250407145248/zxcvbn-ts-core_ac73d2_5.59.1-snapshot.v20250407145248.js.gz
- clerk-js/5.59.1-snapshot.v20250407145248/zxcvbn-ts-core_ac73d2_5.59.1-snapshot.v20250407145248.js.sri
- clerk-js/5.59.1-snapshot.v20250407145248/zxcvbn-ts-core_ac73d2_5.59.1-snapshot.v20250407145248.min.js.br
- clerk-js/5.59.1-snapshot.v20250407145248/zxcvbn-ts-core_ac73d2_5.59.1-snapshot.v20250407145248.min.js.gz
- clerk-js/5.59.1-snapshot.v20250407145248/zxcvbn-ts-core_ac73d2_5.59.1-snapshot.v20250407145248.min.js.sri
