Files:
- clerk-js/5.69.2-canary.v20250625172331/192_clerk.browser_4c67ef_5.69.2-canary.v20250625172331.js.br
- clerk-js/5.69.2-canary.v20250625172331/192_clerk.browser_4c67ef_5.69.2-canary.v20250625172331.js.gz
- clerk-js/5.69.2-canary.v20250625172331/192_clerk.browser_4c67ef_5.69.2-canary.v20250625172331.js.sri
- clerk-js/5.69.2-canary.v20250625172331/192_clerk.browser_4c67ef_5.69.2-canary.v20250625172331.min.js.br
- clerk-js/5.69.2-canary.v20250625172331/192_clerk.browser_4c67ef_5.69.2-canary.v20250625172331.min.js.gz
- clerk-js/5.69.2-canary.v20250625172331/192_clerk.browser_4c67ef_5.69.2-canary.v20250625172331.min.js.sri
- clerk-js/5.69.2-canary.v20250625172331/192_clerk.chips.browser_52cdee_5.69.2-canary.v20250625172331.js.br
- clerk-js/5.69.2-canary.v20250625172331/192_clerk.chips.browser_52cdee_5.69.2-canary.v20250625172331.js.gz
- clerk-js/5.69.2-canary.v20250625172331/192_clerk.chips.browser_52cdee_5.69.2-canary.v20250625172331.js.sri
- clerk-js/5.69.2-canary.v20250625172331/192_clerk.chips.browser_52cdee_5.69.2-canary.v20250625172331.min.js.br
- clerk-js/5.69.2-canary.v20250625172331/192_clerk.chips.browser_52cdee_5.69.2-canary.v20250625172331.min.js.gz
- clerk-js/5.69.2-canary.v20250625172331/192_clerk.chips.browser_52cdee_5.69.2-canary.v20250625172331.min.js.sri
- clerk-js/5.69.2-canary.v20250625172331/192_clerk.legacy.browser_c1796e_5.69.2-canary.v20250625172331.js.br
- clerk-js/5.69.2-canary.v20250625172331/192_clerk.legacy.browser_c1796e_5.69.2-canary.v20250625172331.js.gz
- clerk-js/5.69.2-canary.v20250625172331/192_clerk.legacy.browser_c1796e_5.69.2-canary.v20250625172331.js.sri
- clerk-js/5.69.2-canary.v20250625172331/192_clerk.legacy.browser_c1796e_5.69.2-canary.v20250625172331.min.js.br
- clerk-js/5.69.2-canary.v20250625172331/192_clerk.legacy.browser_c1796e_5.69.2-canary.v20250625172331.min.js.gz
- clerk-js/5.69.2-canary.v20250625172331/192_clerk.legacy.browser_c1796e_5.69.2-canary.v20250625172331.min.js.sri
- clerk-js/5.69.2-canary.v20250625172331/377_clerk.headless_984370_5.69.2-canary.v20250625172331.js.br
- clerk-js/5.69.2-canary.v20250625172331/377_clerk.headless_984370_5.69.2-canary.v20250625172331.js.gz
- clerk-js/5.69.2-canary.v20250625172331/377_clerk.headless_984370_5.69.2-canary.v20250625172331.js.sri
- clerk-js/5.69.2-canary.v20250625172331/377_clerk.headless_984370_5.69.2-canary.v20250625172331.min.js.br
- clerk-js/5.69.2-canary.v20250625172331/377_clerk.headless_984370_5.69.2-canary.v20250625172331.min.js.gz
- clerk-js/5.69.2-canary.v20250625172331/377_clerk.headless_984370_5.69.2-canary.v20250625172331.min.js.sri
- clerk-js/5.69.2-canary.v20250625172331/544_clerk.browser_4c67ef_5.69.2-canary.v20250625172331.js.br
- clerk-js/5.69.2-canary.v20250625172331/544_clerk.browser_4c67ef_5.69.2-canary.v20250625172331.js.gz
- clerk-js/5.69.2-canary.v20250625172331/544_clerk.browser_4c67ef_5.69.2-canary.v20250625172331.js.sri
- clerk-js/5.69.2-canary.v20250625172331/544_clerk.browser_4c67ef_5.69.2-canary.v20250625172331.min.js.br
- clerk-js/5.69.2-canary.v20250625172331/544_clerk.browser_4c67ef_5.69.2-canary.v20250625172331.min.js.gz
- clerk-js/5.69.2-canary.v20250625172331/544_clerk.browser_4c67ef_5.69.2-canary.v20250625172331.min.js.sri
- clerk-js/5.69.2-canary.v20250625172331/544_clerk.chips.browser_52cdee_5.69.2-canary.v20250625172331.js.br
- clerk-js/5.69.2-canary.v20250625172331/544_clerk.chips.browser_52cdee_5.69.2-canary.v20250625172331.js.gz
- clerk-js/5.69.2-canary.v20250625172331/544_clerk.chips.browser_52cdee_5.69.2-canary.v20250625172331.js.sri
- clerk-js/5.69.2-canary.v20250625172331/544_clerk.chips.browser_52cdee_5.69.2-canary.v20250625172331.min.js.br
- clerk-js/5.69.2-canary.v20250625172331/544_clerk.chips.browser_52cdee_5.69.2-canary.v20250625172331.min.js.gz
- clerk-js/5.69.2-canary.v20250625172331/544_clerk.chips.browser_52cdee_5.69.2-canary.v20250625172331.min.js.sri
- clerk-js/5.69.2-canary.v20250625172331/544_clerk.legacy.browser_c1796e_5.69.2-canary.v20250625172331.js.br
- clerk-js/5.69.2-canary.v20250625172331/544_clerk.legacy.browser_c1796e_5.69.2-canary.v20250625172331.js.gz
- clerk-js/5.69.2-canary.v20250625172331/544_clerk.legacy.browser_c1796e_5.69.2-canary.v20250625172331.js.sri
- clerk-js/5.69.2-canary.v20250625172331/544_clerk.legacy.browser_c1796e_5.69.2-canary.v20250625172331.min.js.br
- clerk-js/5.69.2-canary.v20250625172331/544_clerk.legacy.browser_c1796e_5.69.2-canary.v20250625172331.min.js.gz
- clerk-js/5.69.2-canary.v20250625172331/544_clerk.legacy.browser_c1796e_5.69.2-canary.v20250625172331.min.js.sri
- clerk-js/5.69.2-canary.v20250625172331/646_clerk.browser_4c67ef_5.69.2-canary.v20250625172331.js.br
- clerk-js/5.69.2-canary.v20250625172331/646_clerk.browser_4c67ef_5.69.2-canary.v20250625172331.js.gz
- clerk-js/5.69.2-canary.v20250625172331/646_clerk.browser_4c67ef_5.69.2-canary.v20250625172331.js.sri
- clerk-js/5.69.2-canary.v20250625172331/646_clerk.browser_4c67ef_5.69.2-canary.v20250625172331.min.js.br
- clerk-js/5.69.2-canary.v20250625172331/646_clerk.browser_4c67ef_5.69.2-canary.v20250625172331.min.js.gz
- clerk-js/5.69.2-canary.v20250625172331/646_clerk.browser_4c67ef_5.69.2-canary.v20250625172331.min.js.sri
- clerk-js/5.69.2-canary.v20250625172331/646_clerk.chips.browser_52cdee_5.69.2-canary.v20250625172331.js.br
- clerk-js/5.69.2-canary.v20250625172331/646_clerk.chips.browser_52cdee_5.69.2-canary.v20250625172331.js.gz
- clerk-js/5.69.2-canary.v20250625172331/646_clerk.chips.browser_52cdee_5.69.2-canary.v20250625172331.js.sri
- clerk-js/5.69.2-canary.v20250625172331/646_clerk.chips.browser_52cdee_5.69.2-canary.v20250625172331.min.js.br
- clerk-js/5.69.2-canary.v20250625172331/646_clerk.chips.browser_52cdee_5.69.2-canary.v20250625172331.min.js.gz
- clerk-js/5.69.2-canary.v20250625172331/646_clerk.chips.browser_52cdee_5.69.2-canary.v20250625172331.min.js.sri
- clerk-js/5.69.2-canary.v20250625172331/646_clerk.legacy.browser_c1796e_5.69.2-canary.v20250625172331.js.br
- clerk-js/5.69.2-canary.v20250625172331/646_clerk.legacy.browser_c1796e_5.69.2-canary.v20250625172331.js.gz
- clerk-js/5.69.2-canary.v20250625172331/646_clerk.legacy.browser_c1796e_5.69.2-canary.v20250625172331.js.sri
- clerk-js/5.69.2-canary.v20250625172331/646_clerk.legacy.browser_c1796e_5.69.2-canary.v20250625172331.min.js.br
- clerk-js/5.69.2-canary.v20250625172331/646_clerk.legacy.browser_c1796e_5.69.2-canary.v20250625172331.min.js.gz
- clerk-js/5.69.2-canary.v20250625172331/646_clerk.legacy.browser_c1796e_5.69.2-canary.v20250625172331.min.js.sri
- clerk-js/5.69.2-canary.v20250625172331/66_clerk.browser_4c67ef_5.69.2-canary.v20250625172331.js.br
- clerk-js/5.69.2-canary.v20250625172331/66_clerk.browser_4c67ef_5.69.2-canary.v20250625172331.js.gz
- clerk-js/5.69.2-canary.v20250625172331/66_clerk.browser_4c67ef_5.69.2-canary.v20250625172331.js.sri
- clerk-js/5.69.2-canary.v20250625172331/66_clerk.browser_4c67ef_5.69.2-canary.v20250625172331.min.js.br
- clerk-js/5.69.2-canary.v20250625172331/66_clerk.browser_4c67ef_5.69.2-canary.v20250625172331.min.js.gz
- clerk-js/5.69.2-canary.v20250625172331/66_clerk.browser_4c67ef_5.69.2-canary.v20250625172331.min.js.sri
- clerk-js/5.69.2-canary.v20250625172331/66_clerk.chips.browser_52cdee_5.69.2-canary.v20250625172331.js.br
- clerk-js/5.69.2-canary.v20250625172331/66_clerk.chips.browser_52cdee_5.69.2-canary.v20250625172331.js.gz
- clerk-js/5.69.2-canary.v20250625172331/66_clerk.chips.browser_52cdee_5.69.2-canary.v20250625172331.js.sri
- clerk-js/5.69.2-canary.v20250625172331/66_clerk.chips.browser_52cdee_5.69.2-canary.v20250625172331.min.js.br
- clerk-js/5.69.2-canary.v20250625172331/66_clerk.chips.browser_52cdee_5.69.2-canary.v20250625172331.min.js.gz
- clerk-js/5.69.2-canary.v20250625172331/66_clerk.chips.browser_52cdee_5.69.2-canary.v20250625172331.min.js.sri
- clerk-js/5.69.2-canary.v20250625172331/66_clerk.legacy.browser_c1796e_5.69.2-canary.v20250625172331.js.br
- clerk-js/5.69.2-canary.v20250625172331/66_clerk.legacy.browser_c1796e_5.69.2-canary.v20250625172331.js.gz
- clerk-js/5.69.2-canary.v20250625172331/66_clerk.legacy.browser_c1796e_5.69.2-canary.v20250625172331.js.sri
- clerk-js/5.69.2-canary.v20250625172331/66_clerk.legacy.browser_c1796e_5.69.2-canary.v20250625172331.min.js.br
- clerk-js/5.69.2-canary.v20250625172331/66_clerk.legacy.browser_c1796e_5.69.2-canary.v20250625172331.min.js.gz
- clerk-js/5.69.2-canary.v20250625172331/66_clerk.legacy.browser_c1796e_5.69.2-canary.v20250625172331.min.js.sri
- clerk-js/5.69.2-canary.v20250625172331/890_clerk.headless_984370_5.69.2-canary.v20250625172331.js.br
- clerk-js/5.69.2-canary.v20250625172331/890_clerk.headless_984370_5.69.2-canary.v20250625172331.js.gz
- clerk-js/5.69.2-canary.v20250625172331/890_clerk.headless_984370_5.69.2-canary.v20250625172331.js.sri
- clerk-js/5.69.2-canary.v20250625172331/890_clerk.headless_984370_5.69.2-canary.v20250625172331.min.js.br
- clerk-js/5.69.2-canary.v20250625172331/890_clerk.headless_984370_5.69.2-canary.v20250625172331.min.js.gz
- clerk-js/5.69.2-canary.v20250625172331/890_clerk.headless_984370_5.69.2-canary.v20250625172331.min.js.sri
- clerk-js/5.69.2-canary.v20250625172331/965_clerk.headless_984370_5.69.2-canary.v20250625172331.js.br
- clerk-js/5.69.2-canary.v20250625172331/965_clerk.headless_984370_5.69.2-canary.v20250625172331.js.gz
- clerk-js/5.69.2-canary.v20250625172331/965_clerk.headless_984370_5.69.2-canary.v20250625172331.js.sri
- clerk-js/5.69.2-canary.v20250625172331/965_clerk.headless_984370_5.69.2-canary.v20250625172331.min.js.br
- clerk-js/5.69.2-canary.v20250625172331/965_clerk.headless_984370_5.69.2-canary.v20250625172331.min.js.gz
- clerk-js/5.69.2-canary.v20250625172331/965_clerk.headless_984370_5.69.2-canary.v20250625172331.min.js.sri
- clerk-js/5.69.2-canary.v20250625172331/apiKeys_clerk.browser_4c67ef_5.69.2-canary.v20250625172331.js.br
- clerk-js/5.69.2-canary.v20250625172331/apiKeys_clerk.browser_4c67ef_5.69.2-canary.v20250625172331.js.gz
- clerk-js/5.69.2-canary.v20250625172331/apiKeys_clerk.browser_4c67ef_5.69.2-canary.v20250625172331.js.sri
- clerk-js/5.69.2-canary.v20250625172331/apiKeys_clerk.browser_4c67ef_5.69.2-canary.v20250625172331.min.js.br
- clerk-js/5.69.2-canary.v20250625172331/apiKeys_clerk.browser_4c67ef_5.69.2-canary.v20250625172331.min.js.gz
- clerk-js/5.69.2-canary.v20250625172331/apiKeys_clerk.browser_4c67ef_5.69.2-canary.v20250625172331.min.js.sri
- clerk-js/5.69.2-canary.v20250625172331/apiKeys_clerk.chips.browser_52cdee_5.69.2-canary.v20250625172331.js.br
- clerk-js/5.69.2-canary.v20250625172331/apiKeys_clerk.chips.browser_52cdee_5.69.2-canary.v20250625172331.js.gz
- clerk-js/5.69.2-canary.v20250625172331/apiKeys_clerk.chips.browser_52cdee_5.69.2-canary.v20250625172331.js.sri
- clerk-js/5.69.2-canary.v20250625172331/apiKeys_clerk.chips.browser_52cdee_5.69.2-canary.v20250625172331.min.js.br
- clerk-js/5.69.2-canary.v20250625172331/apiKeys_clerk.chips.browser_52cdee_5.69.2-canary.v20250625172331.min.js.gz
- clerk-js/5.69.2-canary.v20250625172331/apiKeys_clerk.chips.browser_52cdee_5.69.2-canary.v20250625172331.min.js.sri
- clerk-js/5.69.2-canary.v20250625172331/apiKeys_clerk.legacy.browser_c1796e_5.69.2-canary.v20250625172331.js.br
- clerk-js/5.69.2-canary.v20250625172331/apiKeys_clerk.legacy.browser_c1796e_5.69.2-canary.v20250625172331.js.gz
- clerk-js/5.69.2-canary.v20250625172331/apiKeys_clerk.legacy.browser_c1796e_5.69.2-canary.v20250625172331.js.sri
- clerk-js/5.69.2-canary.v20250625172331/apiKeys_clerk.legacy.browser_c1796e_5.69.2-canary.v20250625172331.min.js.br
- clerk-js/5.69.2-canary.v20250625172331/apiKeys_clerk.legacy.browser_c1796e_5.69.2-canary.v20250625172331.min.js.gz
- clerk-js/5.69.2-canary.v20250625172331/apiKeys_clerk.legacy.browser_c1796e_5.69.2-canary.v20250625172331.min.js.sri
- clerk-js/5.69.2-canary.v20250625172331/blankcaptcha_clerk.browser_4c67ef_5.69.2-canary.v20250625172331.js.br
- clerk-js/5.69.2-canary.v20250625172331/blankcaptcha_clerk.browser_4c67ef_5.69.2-canary.v20250625172331.js.gz
- clerk-js/5.69.2-canary.v20250625172331/blankcaptcha_clerk.browser_4c67ef_5.69.2-canary.v20250625172331.js.sri
- clerk-js/5.69.2-canary.v20250625172331/blankcaptcha_clerk.browser_4c67ef_5.69.2-canary.v20250625172331.min.js.br
- clerk-js/5.69.2-canary.v20250625172331/blankcaptcha_clerk.browser_4c67ef_5.69.2-canary.v20250625172331.min.js.gz
- clerk-js/5.69.2-canary.v20250625172331/blankcaptcha_clerk.browser_4c67ef_5.69.2-canary.v20250625172331.min.js.sri
- clerk-js/5.69.2-canary.v20250625172331/blankcaptcha_clerk.chips.browser_52cdee_5.69.2-canary.v20250625172331.js.br
- clerk-js/5.69.2-canary.v20250625172331/blankcaptcha_clerk.chips.browser_52cdee_5.69.2-canary.v20250625172331.js.gz
- clerk-js/5.69.2-canary.v20250625172331/blankcaptcha_clerk.chips.browser_52cdee_5.69.2-canary.v20250625172331.js.sri
- clerk-js/5.69.2-canary.v20250625172331/blankcaptcha_clerk.chips.browser_52cdee_5.69.2-canary.v20250625172331.min.js.br
- clerk-js/5.69.2-canary.v20250625172331/blankcaptcha_clerk.chips.browser_52cdee_5.69.2-canary.v20250625172331.min.js.gz
- clerk-js/5.69.2-canary.v20250625172331/blankcaptcha_clerk.chips.browser_52cdee_5.69.2-canary.v20250625172331.min.js.sri
- clerk-js/5.69.2-canary.v20250625172331/blankcaptcha_clerk.legacy.browser_c1796e_5.69.2-canary.v20250625172331.js.br
- clerk-js/5.69.2-canary.v20250625172331/blankcaptcha_clerk.legacy.browser_c1796e_5.69.2-canary.v20250625172331.js.gz
- clerk-js/5.69.2-canary.v20250625172331/blankcaptcha_clerk.legacy.browser_c1796e_5.69.2-canary.v20250625172331.js.sri
- clerk-js/5.69.2-canary.v20250625172331/blankcaptcha_clerk.legacy.browser_c1796e_5.69.2-canary.v20250625172331.min.js.br
- clerk-js/5.69.2-canary.v20250625172331/blankcaptcha_clerk.legacy.browser_c1796e_5.69.2-canary.v20250625172331.min.js.gz
- clerk-js/5.69.2-canary.v20250625172331/blankcaptcha_clerk.legacy.browser_c1796e_5.69.2-canary.v20250625172331.min.js.sri
- clerk-js/5.69.2-canary.v20250625172331/checkout_clerk.browser_4c67ef_5.69.2-canary.v20250625172331.js.br
- clerk-js/5.69.2-canary.v20250625172331/checkout_clerk.browser_4c67ef_5.69.2-canary.v20250625172331.js.gz
- clerk-js/5.69.2-canary.v20250625172331/checkout_clerk.browser_4c67ef_5.69.2-canary.v20250625172331.js.sri
- clerk-js/5.69.2-canary.v20250625172331/checkout_clerk.browser_4c67ef_5.69.2-canary.v20250625172331.min.js.br
- clerk-js/5.69.2-canary.v20250625172331/checkout_clerk.browser_4c67ef_5.69.2-canary.v20250625172331.min.js.gz
- clerk-js/5.69.2-canary.v20250625172331/checkout_clerk.browser_4c67ef_5.69.2-canary.v20250625172331.min.js.sri
- clerk-js/5.69.2-canary.v20250625172331/checkout_clerk.chips.browser_52cdee_5.69.2-canary.v20250625172331.js.br
- clerk-js/5.69.2-canary.v20250625172331/checkout_clerk.chips.browser_52cdee_5.69.2-canary.v20250625172331.js.gz
- clerk-js/5.69.2-canary.v20250625172331/checkout_clerk.chips.browser_52cdee_5.69.2-canary.v20250625172331.js.sri
- clerk-js/5.69.2-canary.v20250625172331/checkout_clerk.chips.browser_52cdee_5.69.2-canary.v20250625172331.min.js.br
- clerk-js/5.69.2-canary.v20250625172331/checkout_clerk.chips.browser_52cdee_5.69.2-canary.v20250625172331.min.js.gz
- clerk-js/5.69.2-canary.v20250625172331/checkout_clerk.chips.browser_52cdee_5.69.2-canary.v20250625172331.min.js.sri
- clerk-js/5.69.2-canary.v20250625172331/checkout_clerk.legacy.browser_c1796e_5.69.2-canary.v20250625172331.js.br
- clerk-js/5.69.2-canary.v20250625172331/checkout_clerk.legacy.browser_c1796e_5.69.2-canary.v20250625172331.js.gz
- clerk-js/5.69.2-canary.v20250625172331/checkout_clerk.legacy.browser_c1796e_5.69.2-canary.v20250625172331.js.sri
- clerk-js/5.69.2-canary.v20250625172331/checkout_clerk.legacy.browser_c1796e_5.69.2-canary.v20250625172331.min.js.br
- clerk-js/5.69.2-canary.v20250625172331/checkout_clerk.legacy.browser_c1796e_5.69.2-canary.v20250625172331.min.js.gz
- clerk-js/5.69.2-canary.v20250625172331/checkout_clerk.legacy.browser_c1796e_5.69.2-canary.v20250625172331.min.js.sri
- clerk-js/5.69.2-canary.v20250625172331/clerk.browser.js.br
- clerk-js/5.69.2-canary.v20250625172331/clerk.browser.js.gz
- clerk-js/5.69.2-canary.v20250625172331/clerk.browser.js.sri
- clerk-js/5.69.2-canary.v20250625172331/clerk.browser.min.js.br
- clerk-js/5.69.2-canary.v20250625172331/clerk.browser.min.js.gz
- clerk-js/5.69.2-canary.v20250625172331/clerk.browser.min.js.sri
- clerk-js/5.69.2-canary.v20250625172331/clerk.chips.browser.js.br
- clerk-js/5.69.2-canary.v20250625172331/clerk.chips.browser.js.gz
- clerk-js/5.69.2-canary.v20250625172331/clerk.chips.browser.js.sri
- clerk-js/5.69.2-canary.v20250625172331/clerk.chips.browser.min.js.br
- clerk-js/5.69.2-canary.v20250625172331/clerk.chips.browser.min.js.gz
- clerk-js/5.69.2-canary.v20250625172331/clerk.chips.browser.min.js.sri
- clerk-js/5.69.2-canary.v20250625172331/clerk.headless.browser.js.br
- clerk-js/5.69.2-canary.v20250625172331/clerk.headless.browser.js.gz
- clerk-js/5.69.2-canary.v20250625172331/clerk.headless.browser.js.sri
- clerk-js/5.69.2-canary.v20250625172331/clerk.headless.browser.min.js.br
- clerk-js/5.69.2-canary.v20250625172331/clerk.headless.browser.min.js.gz
- clerk-js/5.69.2-canary.v20250625172331/clerk.headless.browser.min.js.sri
- clerk-js/5.69.2-canary.v20250625172331/clerk.headless.js.br
- clerk-js/5.69.2-canary.v20250625172331/clerk.headless.js.gz
- clerk-js/5.69.2-canary.v20250625172331/clerk.headless.js.sri
- clerk-js/5.69.2-canary.v20250625172331/clerk.headless.min.js.br
- clerk-js/5.69.2-canary.v20250625172331/clerk.headless.min.js.gz
- clerk-js/5.69.2-canary.v20250625172331/clerk.headless.min.js.sri
- clerk-js/5.69.2-canary.v20250625172331/clerk.js.br
- clerk-js/5.69.2-canary.v20250625172331/clerk.js.gz
- clerk-js/5.69.2-canary.v20250625172331/clerk.js.sri
- clerk-js/5.69.2-canary.v20250625172331/clerk.legacy.browser.js.br
- clerk-js/5.69.2-canary.v20250625172331/clerk.legacy.browser.js.gz
- clerk-js/5.69.2-canary.v20250625172331/clerk.legacy.browser.js.sri
- clerk-js/5.69.2-canary.v20250625172331/clerk.legacy.browser.min.js.br
- clerk-js/5.69.2-canary.v20250625172331/clerk.legacy.browser.min.js.gz
- clerk-js/5.69.2-canary.v20250625172331/clerk.legacy.browser.min.js.sri
- clerk-js/5.69.2-canary.v20250625172331/clerk.min.js.br
- clerk-js/5.69.2-canary.v20250625172331/clerk.min.js.gz
- clerk-js/5.69.2-canary.v20250625172331/clerk.min.js.sri
- clerk-js/5.69.2-canary.v20250625172331/clerk.mjs.br
- clerk-js/5.69.2-canary.v20250625172331/clerk.mjs.gz
- clerk-js/5.69.2-canary.v20250625172331/clerk.no-rhc.js.br
- clerk-js/5.69.2-canary.v20250625172331/clerk.no-rhc.js.gz
- clerk-js/5.69.2-canary.v20250625172331/clerk.no-rhc.js.sri
- clerk-js/5.69.2-canary.v20250625172331/clerk.no-rhc.min.js.br
- clerk-js/5.69.2-canary.v20250625172331/clerk.no-rhc.min.js.gz
- clerk-js/5.69.2-canary.v20250625172331/clerk.no-rhc.min.js.sri
- clerk-js/5.69.2-canary.v20250625172331/clerk.no-rhc.mjs.br
- clerk-js/5.69.2-canary.v20250625172331/clerk.no-rhc.mjs.gz
- clerk-js/5.69.2-canary.v20250625172331/coinbase-wallet-sdk_clerk.browser_4c67ef_5.69.2-canary.v20250625172331.js.br
- clerk-js/5.69.2-canary.v20250625172331/coinbase-wallet-sdk_clerk.browser_4c67ef_5.69.2-canary.v20250625172331.js.gz
- clerk-js/5.69.2-canary.v20250625172331/coinbase-wallet-sdk_clerk.browser_4c67ef_5.69.2-canary.v20250625172331.js.sri
- clerk-js/5.69.2-canary.v20250625172331/coinbase-wallet-sdk_clerk.browser_4c67ef_5.69.2-canary.v20250625172331.min.js.br
- clerk-js/5.69.2-canary.v20250625172331/coinbase-wallet-sdk_clerk.browser_4c67ef_5.69.2-canary.v20250625172331.min.js.gz
- clerk-js/5.69.2-canary.v20250625172331/coinbase-wallet-sdk_clerk.browser_4c67ef_5.69.2-canary.v20250625172331.min.js.sri
- clerk-js/5.69.2-canary.v20250625172331/coinbase-wallet-sdk_clerk.chips.browser_52cdee_5.69.2-canary.v20250625172331.js.br
- clerk-js/5.69.2-canary.v20250625172331/coinbase-wallet-sdk_clerk.chips.browser_52cdee_5.69.2-canary.v20250625172331.js.gz
- clerk-js/5.69.2-canary.v20250625172331/coinbase-wallet-sdk_clerk.chips.browser_52cdee_5.69.2-canary.v20250625172331.js.sri
- clerk-js/5.69.2-canary.v20250625172331/coinbase-wallet-sdk_clerk.chips.browser_52cdee_5.69.2-canary.v20250625172331.min.js.br
- clerk-js/5.69.2-canary.v20250625172331/coinbase-wallet-sdk_clerk.chips.browser_52cdee_5.69.2-canary.v20250625172331.min.js.gz
- clerk-js/5.69.2-canary.v20250625172331/coinbase-wallet-sdk_clerk.chips.browser_52cdee_5.69.2-canary.v20250625172331.min.js.sri
- clerk-js/5.69.2-canary.v20250625172331/coinbase-wallet-sdk_clerk.headless.browser_2bed33_5.69.2-canary.v20250625172331.js.br
- clerk-js/5.69.2-canary.v20250625172331/coinbase-wallet-sdk_clerk.headless.browser_2bed33_5.69.2-canary.v20250625172331.js.gz
- clerk-js/5.69.2-canary.v20250625172331/coinbase-wallet-sdk_clerk.headless.browser_2bed33_5.69.2-canary.v20250625172331.js.sri
- clerk-js/5.69.2-canary.v20250625172331/coinbase-wallet-sdk_clerk.headless.browser_2bed33_5.69.2-canary.v20250625172331.min.js.br
- clerk-js/5.69.2-canary.v20250625172331/coinbase-wallet-sdk_clerk.headless.browser_2bed33_5.69.2-canary.v20250625172331.min.js.gz
- clerk-js/5.69.2-canary.v20250625172331/coinbase-wallet-sdk_clerk.headless.browser_2bed33_5.69.2-canary.v20250625172331.min.js.sri
- clerk-js/5.69.2-canary.v20250625172331/coinbase-wallet-sdk_clerk.legacy.browser_c1796e_5.69.2-canary.v20250625172331.js.br
- clerk-js/5.69.2-canary.v20250625172331/coinbase-wallet-sdk_clerk.legacy.browser_c1796e_5.69.2-canary.v20250625172331.js.gz
- clerk-js/5.69.2-canary.v20250625172331/coinbase-wallet-sdk_clerk.legacy.browser_c1796e_5.69.2-canary.v20250625172331.js.sri
- clerk-js/5.69.2-canary.v20250625172331/coinbase-wallet-sdk_clerk.legacy.browser_c1796e_5.69.2-canary.v20250625172331.min.js.br
- clerk-js/5.69.2-canary.v20250625172331/coinbase-wallet-sdk_clerk.legacy.browser_c1796e_5.69.2-canary.v20250625172331.min.js.gz
- clerk-js/5.69.2-canary.v20250625172331/coinbase-wallet-sdk_clerk.legacy.browser_c1796e_5.69.2-canary.v20250625172331.min.js.sri
- clerk-js/5.69.2-canary.v20250625172331/cookieSuffix_clerk.browser_4c67ef_5.69.2-canary.v20250625172331.js.br
- clerk-js/5.69.2-canary.v20250625172331/cookieSuffix_clerk.browser_4c67ef_5.69.2-canary.v20250625172331.js.gz
- clerk-js/5.69.2-canary.v20250625172331/cookieSuffix_clerk.browser_4c67ef_5.69.2-canary.v20250625172331.js.sri
- clerk-js/5.69.2-canary.v20250625172331/cookieSuffix_clerk.browser_4c67ef_5.69.2-canary.v20250625172331.min.js.br
- clerk-js/5.69.2-canary.v20250625172331/cookieSuffix_clerk.browser_4c67ef_5.69.2-canary.v20250625172331.min.js.gz
- clerk-js/5.69.2-canary.v20250625172331/cookieSuffix_clerk.browser_4c67ef_5.69.2-canary.v20250625172331.min.js.sri
- clerk-js/5.69.2-canary.v20250625172331/cookieSuffix_clerk.chips.browser_52cdee_5.69.2-canary.v20250625172331.js.br
- clerk-js/5.69.2-canary.v20250625172331/cookieSuffix_clerk.chips.browser_52cdee_5.69.2-canary.v20250625172331.js.gz
- clerk-js/5.69.2-canary.v20250625172331/cookieSuffix_clerk.chips.browser_52cdee_5.69.2-canary.v20250625172331.js.sri
- clerk-js/5.69.2-canary.v20250625172331/cookieSuffix_clerk.chips.browser_52cdee_5.69.2-canary.v20250625172331.min.js.br
- clerk-js/5.69.2-canary.v20250625172331/cookieSuffix_clerk.chips.browser_52cdee_5.69.2-canary.v20250625172331.min.js.gz
- clerk-js/5.69.2-canary.v20250625172331/cookieSuffix_clerk.chips.browser_52cdee_5.69.2-canary.v20250625172331.min.js.sri
- clerk-js/5.69.2-canary.v20250625172331/cookieSuffix_clerk.headless.browser_2bed33_5.69.2-canary.v20250625172331.js.br
- clerk-js/5.69.2-canary.v20250625172331/cookieSuffix_clerk.headless.browser_2bed33_5.69.2-canary.v20250625172331.js.gz
- clerk-js/5.69.2-canary.v20250625172331/cookieSuffix_clerk.headless.browser_2bed33_5.69.2-canary.v20250625172331.js.sri
- clerk-js/5.69.2-canary.v20250625172331/cookieSuffix_clerk.headless.browser_2bed33_5.69.2-canary.v20250625172331.min.js.br
- clerk-js/5.69.2-canary.v20250625172331/cookieSuffix_clerk.headless.browser_2bed33_5.69.2-canary.v20250625172331.min.js.gz
- clerk-js/5.69.2-canary.v20250625172331/cookieSuffix_clerk.headless.browser_2bed33_5.69.2-canary.v20250625172331.min.js.sri
- clerk-js/5.69.2-canary.v20250625172331/cookieSuffix_clerk.headless_984370_5.69.2-canary.v20250625172331.js.br
- clerk-js/5.69.2-canary.v20250625172331/cookieSuffix_clerk.headless_984370_5.69.2-canary.v20250625172331.js.gz
- clerk-js/5.69.2-canary.v20250625172331/cookieSuffix_clerk.headless_984370_5.69.2-canary.v20250625172331.js.sri
- clerk-js/5.69.2-canary.v20250625172331/cookieSuffix_clerk.headless_984370_5.69.2-canary.v20250625172331.min.js.br
- clerk-js/5.69.2-canary.v20250625172331/cookieSuffix_clerk.headless_984370_5.69.2-canary.v20250625172331.min.js.gz
- clerk-js/5.69.2-canary.v20250625172331/cookieSuffix_clerk.headless_984370_5.69.2-canary.v20250625172331.min.js.sri
- clerk-js/5.69.2-canary.v20250625172331/cookieSuffix_clerk.legacy.browser_c1796e_5.69.2-canary.v20250625172331.js.br
- clerk-js/5.69.2-canary.v20250625172331/cookieSuffix_clerk.legacy.browser_c1796e_5.69.2-canary.v20250625172331.js.gz
- clerk-js/5.69.2-canary.v20250625172331/cookieSuffix_clerk.legacy.browser_c1796e_5.69.2-canary.v20250625172331.js.sri
- clerk-js/5.69.2-canary.v20250625172331/cookieSuffix_clerk.legacy.browser_c1796e_5.69.2-canary.v20250625172331.min.js.br
- clerk-js/5.69.2-canary.v20250625172331/cookieSuffix_clerk.legacy.browser_c1796e_5.69.2-canary.v20250625172331.min.js.gz
- clerk-js/5.69.2-canary.v20250625172331/cookieSuffix_clerk.legacy.browser_c1796e_5.69.2-canary.v20250625172331.min.js.sri
- clerk-js/5.69.2-canary.v20250625172331/createorganization_clerk.browser_4c67ef_5.69.2-canary.v20250625172331.js.br
- clerk-js/5.69.2-canary.v20250625172331/createorganization_clerk.browser_4c67ef_5.69.2-canary.v20250625172331.js.gz
- clerk-js/5.69.2-canary.v20250625172331/createorganization_clerk.browser_4c67ef_5.69.2-canary.v20250625172331.js.sri
- clerk-js/5.69.2-canary.v20250625172331/createorganization_clerk.browser_4c67ef_5.69.2-canary.v20250625172331.min.js.br
- clerk-js/5.69.2-canary.v20250625172331/createorganization_clerk.browser_4c67ef_5.69.2-canary.v20250625172331.min.js.gz
- clerk-js/5.69.2-canary.v20250625172331/createorganization_clerk.browser_4c67ef_5.69.2-canary.v20250625172331.min.js.sri
- clerk-js/5.69.2-canary.v20250625172331/createorganization_clerk.chips.browser_52cdee_5.69.2-canary.v20250625172331.js.br
- clerk-js/5.69.2-canary.v20250625172331/createorganization_clerk.chips.browser_52cdee_5.69.2-canary.v20250625172331.js.gz
- clerk-js/5.69.2-canary.v20250625172331/createorganization_clerk.chips.browser_52cdee_5.69.2-canary.v20250625172331.js.sri
- clerk-js/5.69.2-canary.v20250625172331/createorganization_clerk.chips.browser_52cdee_5.69.2-canary.v20250625172331.min.js.br
- clerk-js/5.69.2-canary.v20250625172331/createorganization_clerk.chips.browser_52cdee_5.69.2-canary.v20250625172331.min.js.gz
- clerk-js/5.69.2-canary.v20250625172331/createorganization_clerk.chips.browser_52cdee_5.69.2-canary.v20250625172331.min.js.sri
- clerk-js/5.69.2-canary.v20250625172331/createorganization_clerk.legacy.browser_c1796e_5.69.2-canary.v20250625172331.js.br
- clerk-js/5.69.2-canary.v20250625172331/createorganization_clerk.legacy.browser_c1796e_5.69.2-canary.v20250625172331.js.gz
- clerk-js/5.69.2-canary.v20250625172331/createorganization_clerk.legacy.browser_c1796e_5.69.2-canary.v20250625172331.js.sri
- clerk-js/5.69.2-canary.v20250625172331/createorganization_clerk.legacy.browser_c1796e_5.69.2-canary.v20250625172331.min.js.br
- clerk-js/5.69.2-canary.v20250625172331/createorganization_clerk.legacy.browser_c1796e_5.69.2-canary.v20250625172331.min.js.gz
- clerk-js/5.69.2-canary.v20250625172331/createorganization_clerk.legacy.browser_c1796e_5.69.2-canary.v20250625172331.min.js.sri
- clerk-js/5.69.2-canary.v20250625172331/framework_clerk.browser_4c67ef_5.69.2-canary.v20250625172331.js.br
- clerk-js/5.69.2-canary.v20250625172331/framework_clerk.browser_4c67ef_5.69.2-canary.v20250625172331.js.gz
- clerk-js/5.69.2-canary.v20250625172331/framework_clerk.browser_4c67ef_5.69.2-canary.v20250625172331.js.sri
- clerk-js/5.69.2-canary.v20250625172331/framework_clerk.browser_4c67ef_5.69.2-canary.v20250625172331.min.js.br
- clerk-js/5.69.2-canary.v20250625172331/framework_clerk.browser_4c67ef_5.69.2-canary.v20250625172331.min.js.gz
- clerk-js/5.69.2-canary.v20250625172331/framework_clerk.browser_4c67ef_5.69.2-canary.v20250625172331.min.js.sri
- clerk-js/5.69.2-canary.v20250625172331/framework_clerk.chips.browser_52cdee_5.69.2-canary.v20250625172331.js.br
- clerk-js/5.69.2-canary.v20250625172331/framework_clerk.chips.browser_52cdee_5.69.2-canary.v20250625172331.js.gz
- clerk-js/5.69.2-canary.v20250625172331/framework_clerk.chips.browser_52cdee_5.69.2-canary.v20250625172331.js.sri
- clerk-js/5.69.2-canary.v20250625172331/framework_clerk.chips.browser_52cdee_5.69.2-canary.v20250625172331.min.js.br
- clerk-js/5.69.2-canary.v20250625172331/framework_clerk.chips.browser_52cdee_5.69.2-canary.v20250625172331.min.js.gz
- clerk-js/5.69.2-canary.v20250625172331/framework_clerk.chips.browser_52cdee_5.69.2-canary.v20250625172331.min.js.sri
- clerk-js/5.69.2-canary.v20250625172331/framework_clerk.legacy.browser_c1796e_5.69.2-canary.v20250625172331.js.br
- clerk-js/5.69.2-canary.v20250625172331/framework_clerk.legacy.browser_c1796e_5.69.2-canary.v20250625172331.js.gz
- clerk-js/5.69.2-canary.v20250625172331/framework_clerk.legacy.browser_c1796e_5.69.2-canary.v20250625172331.js.sri
- clerk-js/5.69.2-canary.v20250625172331/framework_clerk.legacy.browser_c1796e_5.69.2-canary.v20250625172331.min.js.br
- clerk-js/5.69.2-canary.v20250625172331/framework_clerk.legacy.browser_c1796e_5.69.2-canary.v20250625172331.min.js.gz
- clerk-js/5.69.2-canary.v20250625172331/framework_clerk.legacy.browser_c1796e_5.69.2-canary.v20250625172331.min.js.sri
- clerk-js/5.69.2-canary.v20250625172331/impersonationfab_clerk.browser_4c67ef_5.69.2-canary.v20250625172331.js.br
- clerk-js/5.69.2-canary.v20250625172331/impersonationfab_clerk.browser_4c67ef_5.69.2-canary.v20250625172331.js.gz
- clerk-js/5.69.2-canary.v20250625172331/impersonationfab_clerk.browser_4c67ef_5.69.2-canary.v20250625172331.js.sri
- clerk-js/5.69.2-canary.v20250625172331/impersonationfab_clerk.browser_4c67ef_5.69.2-canary.v20250625172331.min.js.br
- clerk-js/5.69.2-canary.v20250625172331/impersonationfab_clerk.browser_4c67ef_5.69.2-canary.v20250625172331.min.js.gz
- clerk-js/5.69.2-canary.v20250625172331/impersonationfab_clerk.browser_4c67ef_5.69.2-canary.v20250625172331.min.js.sri
- clerk-js/5.69.2-canary.v20250625172331/impersonationfab_clerk.chips.browser_52cdee_5.69.2-canary.v20250625172331.js.br
- clerk-js/5.69.2-canary.v20250625172331/impersonationfab_clerk.chips.browser_52cdee_5.69.2-canary.v20250625172331.js.gz
- clerk-js/5.69.2-canary.v20250625172331/impersonationfab_clerk.chips.browser_52cdee_5.69.2-canary.v20250625172331.js.sri
- clerk-js/5.69.2-canary.v20250625172331/impersonationfab_clerk.chips.browser_52cdee_5.69.2-canary.v20250625172331.min.js.br
- clerk-js/5.69.2-canary.v20250625172331/impersonationfab_clerk.chips.browser_52cdee_5.69.2-canary.v20250625172331.min.js.gz
- clerk-js/5.69.2-canary.v20250625172331/impersonationfab_clerk.chips.browser_52cdee_5.69.2-canary.v20250625172331.min.js.sri
- clerk-js/5.69.2-canary.v20250625172331/impersonationfab_clerk.legacy.browser_c1796e_5.69.2-canary.v20250625172331.js.br
- clerk-js/5.69.2-canary.v20250625172331/impersonationfab_clerk.legacy.browser_c1796e_5.69.2-canary.v20250625172331.js.gz
- clerk-js/5.69.2-canary.v20250625172331/impersonationfab_clerk.legacy.browser_c1796e_5.69.2-canary.v20250625172331.js.sri
- clerk-js/5.69.2-canary.v20250625172331/impersonationfab_clerk.legacy.browser_c1796e_5.69.2-canary.v20250625172331.min.js.br
- clerk-js/5.69.2-canary.v20250625172331/impersonationfab_clerk.legacy.browser_c1796e_5.69.2-canary.v20250625172331.min.js.gz
- clerk-js/5.69.2-canary.v20250625172331/impersonationfab_clerk.legacy.browser_c1796e_5.69.2-canary.v20250625172331.min.js.sri
- clerk-js/5.69.2-canary.v20250625172331/keylessPrompt_clerk.browser_4c67ef_5.69.2-canary.v20250625172331.js.br
- clerk-js/5.69.2-canary.v20250625172331/keylessPrompt_clerk.browser_4c67ef_5.69.2-canary.v20250625172331.js.gz
- clerk-js/5.69.2-canary.v20250625172331/keylessPrompt_clerk.browser_4c67ef_5.69.2-canary.v20250625172331.js.sri
- clerk-js/5.69.2-canary.v20250625172331/keylessPrompt_clerk.browser_4c67ef_5.69.2-canary.v20250625172331.min.js.br
- clerk-js/5.69.2-canary.v20250625172331/keylessPrompt_clerk.browser_4c67ef_5.69.2-canary.v20250625172331.min.js.gz
- clerk-js/5.69.2-canary.v20250625172331/keylessPrompt_clerk.browser_4c67ef_5.69.2-canary.v20250625172331.min.js.sri
- clerk-js/5.69.2-canary.v20250625172331/keylessPrompt_clerk.chips.browser_52cdee_5.69.2-canary.v20250625172331.js.br
- clerk-js/5.69.2-canary.v20250625172331/keylessPrompt_clerk.chips.browser_52cdee_5.69.2-canary.v20250625172331.js.gz
- clerk-js/5.69.2-canary.v20250625172331/keylessPrompt_clerk.chips.browser_52cdee_5.69.2-canary.v20250625172331.js.sri
- clerk-js/5.69.2-canary.v20250625172331/keylessPrompt_clerk.chips.browser_52cdee_5.69.2-canary.v20250625172331.min.js.br
- clerk-js/5.69.2-canary.v20250625172331/keylessPrompt_clerk.chips.browser_52cdee_5.69.2-canary.v20250625172331.min.js.gz
- clerk-js/5.69.2-canary.v20250625172331/keylessPrompt_clerk.chips.browser_52cdee_5.69.2-canary.v20250625172331.min.js.sri
- clerk-js/5.69.2-canary.v20250625172331/keylessPrompt_clerk.legacy.browser_c1796e_5.69.2-canary.v20250625172331.js.br
- clerk-js/5.69.2-canary.v20250625172331/keylessPrompt_clerk.legacy.browser_c1796e_5.69.2-canary.v20250625172331.js.gz
- clerk-js/5.69.2-canary.v20250625172331/keylessPrompt_clerk.legacy.browser_c1796e_5.69.2-canary.v20250625172331.js.sri
- clerk-js/5.69.2-canary.v20250625172331/keylessPrompt_clerk.legacy.browser_c1796e_5.69.2-canary.v20250625172331.min.js.br
- clerk-js/5.69.2-canary.v20250625172331/keylessPrompt_clerk.legacy.browser_c1796e_5.69.2-canary.v20250625172331.min.js.gz
- clerk-js/5.69.2-canary.v20250625172331/keylessPrompt_clerk.legacy.browser_c1796e_5.69.2-canary.v20250625172331.min.js.sri
- clerk-js/5.69.2-canary.v20250625172331/oauthConsent_clerk.browser_4c67ef_5.69.2-canary.v20250625172331.js.br
- clerk-js/5.69.2-canary.v20250625172331/oauthConsent_clerk.browser_4c67ef_5.69.2-canary.v20250625172331.js.gz
- clerk-js/5.69.2-canary.v20250625172331/oauthConsent_clerk.browser_4c67ef_5.69.2-canary.v20250625172331.js.sri
- clerk-js/5.69.2-canary.v20250625172331/oauthConsent_clerk.browser_4c67ef_5.69.2-canary.v20250625172331.min.js.br
- clerk-js/5.69.2-canary.v20250625172331/oauthConsent_clerk.browser_4c67ef_5.69.2-canary.v20250625172331.min.js.gz
- clerk-js/5.69.2-canary.v20250625172331/oauthConsent_clerk.browser_4c67ef_5.69.2-canary.v20250625172331.min.js.sri
- clerk-js/5.69.2-canary.v20250625172331/oauthConsent_clerk.chips.browser_52cdee_5.69.2-canary.v20250625172331.js.br
- clerk-js/5.69.2-canary.v20250625172331/oauthConsent_clerk.chips.browser_52cdee_5.69.2-canary.v20250625172331.js.gz
- clerk-js/5.69.2-canary.v20250625172331/oauthConsent_clerk.chips.browser_52cdee_5.69.2-canary.v20250625172331.js.sri
- clerk-js/5.69.2-canary.v20250625172331/oauthConsent_clerk.chips.browser_52cdee_5.69.2-canary.v20250625172331.min.js.br
- clerk-js/5.69.2-canary.v20250625172331/oauthConsent_clerk.chips.browser_52cdee_5.69.2-canary.v20250625172331.min.js.gz
- clerk-js/5.69.2-canary.v20250625172331/oauthConsent_clerk.chips.browser_52cdee_5.69.2-canary.v20250625172331.min.js.sri
- clerk-js/5.69.2-canary.v20250625172331/oauthConsent_clerk.legacy.browser_c1796e_5.69.2-canary.v20250625172331.js.br
- clerk-js/5.69.2-canary.v20250625172331/oauthConsent_clerk.legacy.browser_c1796e_5.69.2-canary.v20250625172331.js.gz
- clerk-js/5.69.2-canary.v20250625172331/oauthConsent_clerk.legacy.browser_c1796e_5.69.2-canary.v20250625172331.js.sri
- clerk-js/5.69.2-canary.v20250625172331/oauthConsent_clerk.legacy.browser_c1796e_5.69.2-canary.v20250625172331.min.js.br
- clerk-js/5.69.2-canary.v20250625172331/oauthConsent_clerk.legacy.browser_c1796e_5.69.2-canary.v20250625172331.min.js.gz
- clerk-js/5.69.2-canary.v20250625172331/oauthConsent_clerk.legacy.browser_c1796e_5.69.2-canary.v20250625172331.min.js.sri
- clerk-js/5.69.2-canary.v20250625172331/onetap_clerk.browser_4c67ef_5.69.2-canary.v20250625172331.js.br
- clerk-js/5.69.2-canary.v20250625172331/onetap_clerk.browser_4c67ef_5.69.2-canary.v20250625172331.js.gz
- clerk-js/5.69.2-canary.v20250625172331/onetap_clerk.browser_4c67ef_5.69.2-canary.v20250625172331.js.sri
- clerk-js/5.69.2-canary.v20250625172331/onetap_clerk.browser_4c67ef_5.69.2-canary.v20250625172331.min.js.br
- clerk-js/5.69.2-canary.v20250625172331/onetap_clerk.browser_4c67ef_5.69.2-canary.v20250625172331.min.js.gz
- clerk-js/5.69.2-canary.v20250625172331/onetap_clerk.browser_4c67ef_5.69.2-canary.v20250625172331.min.js.sri
- clerk-js/5.69.2-canary.v20250625172331/onetap_clerk.chips.browser_52cdee_5.69.2-canary.v20250625172331.js.br
- clerk-js/5.69.2-canary.v20250625172331/onetap_clerk.chips.browser_52cdee_5.69.2-canary.v20250625172331.js.gz
- clerk-js/5.69.2-canary.v20250625172331/onetap_clerk.chips.browser_52cdee_5.69.2-canary.v20250625172331.js.sri
- clerk-js/5.69.2-canary.v20250625172331/onetap_clerk.chips.browser_52cdee_5.69.2-canary.v20250625172331.min.js.br
- clerk-js/5.69.2-canary.v20250625172331/onetap_clerk.chips.browser_52cdee_5.69.2-canary.v20250625172331.min.js.gz
- clerk-js/5.69.2-canary.v20250625172331/onetap_clerk.chips.browser_52cdee_5.69.2-canary.v20250625172331.min.js.sri
- clerk-js/5.69.2-canary.v20250625172331/onetap_clerk.legacy.browser_c1796e_5.69.2-canary.v20250625172331.js.br
- clerk-js/5.69.2-canary.v20250625172331/onetap_clerk.legacy.browser_c1796e_5.69.2-canary.v20250625172331.js.gz
- clerk-js/5.69.2-canary.v20250625172331/onetap_clerk.legacy.browser_c1796e_5.69.2-canary.v20250625172331.js.sri
- clerk-js/5.69.2-canary.v20250625172331/onetap_clerk.legacy.browser_c1796e_5.69.2-canary.v20250625172331.min.js.br
- clerk-js/5.69.2-canary.v20250625172331/onetap_clerk.legacy.browser_c1796e_5.69.2-canary.v20250625172331.min.js.gz
- clerk-js/5.69.2-canary.v20250625172331/onetap_clerk.legacy.browser_c1796e_5.69.2-canary.v20250625172331.min.js.sri
- clerk-js/5.69.2-canary.v20250625172331/op-api-keys-page_clerk.browser_4c67ef_5.69.2-canary.v20250625172331.js.br
- clerk-js/5.69.2-canary.v20250625172331/op-api-keys-page_clerk.browser_4c67ef_5.69.2-canary.v20250625172331.js.gz
- clerk-js/5.69.2-canary.v20250625172331/op-api-keys-page_clerk.browser_4c67ef_5.69.2-canary.v20250625172331.js.sri
- clerk-js/5.69.2-canary.v20250625172331/op-api-keys-page_clerk.browser_4c67ef_5.69.2-canary.v20250625172331.min.js.br
- clerk-js/5.69.2-canary.v20250625172331/op-api-keys-page_clerk.browser_4c67ef_5.69.2-canary.v20250625172331.min.js.gz
- clerk-js/5.69.2-canary.v20250625172331/op-api-keys-page_clerk.browser_4c67ef_5.69.2-canary.v20250625172331.min.js.sri
- clerk-js/5.69.2-canary.v20250625172331/op-api-keys-page_clerk.chips.browser_52cdee_5.69.2-canary.v20250625172331.js.br
- clerk-js/5.69.2-canary.v20250625172331/op-api-keys-page_clerk.chips.browser_52cdee_5.69.2-canary.v20250625172331.js.gz
- clerk-js/5.69.2-canary.v20250625172331/op-api-keys-page_clerk.chips.browser_52cdee_5.69.2-canary.v20250625172331.js.sri
- clerk-js/5.69.2-canary.v20250625172331/op-api-keys-page_clerk.chips.browser_52cdee_5.69.2-canary.v20250625172331.min.js.br
- clerk-js/5.69.2-canary.v20250625172331/op-api-keys-page_clerk.chips.browser_52cdee_5.69.2-canary.v20250625172331.min.js.gz
- clerk-js/5.69.2-canary.v20250625172331/op-api-keys-page_clerk.chips.browser_52cdee_5.69.2-canary.v20250625172331.min.js.sri
- clerk-js/5.69.2-canary.v20250625172331/op-api-keys-page_clerk.legacy.browser_c1796e_5.69.2-canary.v20250625172331.js.br
- clerk-js/5.69.2-canary.v20250625172331/op-api-keys-page_clerk.legacy.browser_c1796e_5.69.2-canary.v20250625172331.js.gz
- clerk-js/5.69.2-canary.v20250625172331/op-api-keys-page_clerk.legacy.browser_c1796e_5.69.2-canary.v20250625172331.js.sri
- clerk-js/5.69.2-canary.v20250625172331/op-api-keys-page_clerk.legacy.browser_c1796e_5.69.2-canary.v20250625172331.min.js.br
- clerk-js/5.69.2-canary.v20250625172331/op-api-keys-page_clerk.legacy.browser_c1796e_5.69.2-canary.v20250625172331.min.js.gz
- clerk-js/5.69.2-canary.v20250625172331/op-api-keys-page_clerk.legacy.browser_c1796e_5.69.2-canary.v20250625172331.min.js.sri
- clerk-js/5.69.2-canary.v20250625172331/op-billing-page_clerk.browser_4c67ef_5.69.2-canary.v20250625172331.js.br
- clerk-js/5.69.2-canary.v20250625172331/op-billing-page_clerk.browser_4c67ef_5.69.2-canary.v20250625172331.js.gz
- clerk-js/5.69.2-canary.v20250625172331/op-billing-page_clerk.browser_4c67ef_5.69.2-canary.v20250625172331.js.sri
- clerk-js/5.69.2-canary.v20250625172331/op-billing-page_clerk.browser_4c67ef_5.69.2-canary.v20250625172331.min.js.br
- clerk-js/5.69.2-canary.v20250625172331/op-billing-page_clerk.browser_4c67ef_5.69.2-canary.v20250625172331.min.js.gz
- clerk-js/5.69.2-canary.v20250625172331/op-billing-page_clerk.browser_4c67ef_5.69.2-canary.v20250625172331.min.js.sri
- clerk-js/5.69.2-canary.v20250625172331/op-billing-page_clerk.chips.browser_52cdee_5.69.2-canary.v20250625172331.js.br
- clerk-js/5.69.2-canary.v20250625172331/op-billing-page_clerk.chips.browser_52cdee_5.69.2-canary.v20250625172331.js.gz
- clerk-js/5.69.2-canary.v20250625172331/op-billing-page_clerk.chips.browser_52cdee_5.69.2-canary.v20250625172331.js.sri
- clerk-js/5.69.2-canary.v20250625172331/op-billing-page_clerk.chips.browser_52cdee_5.69.2-canary.v20250625172331.min.js.br
- clerk-js/5.69.2-canary.v20250625172331/op-billing-page_clerk.chips.browser_52cdee_5.69.2-canary.v20250625172331.min.js.gz
- clerk-js/5.69.2-canary.v20250625172331/op-billing-page_clerk.chips.browser_52cdee_5.69.2-canary.v20250625172331.min.js.sri
- clerk-js/5.69.2-canary.v20250625172331/op-billing-page_clerk.legacy.browser_c1796e_5.69.2-canary.v20250625172331.js.br
- clerk-js/5.69.2-canary.v20250625172331/op-billing-page_clerk.legacy.browser_c1796e_5.69.2-canary.v20250625172331.js.gz
- clerk-js/5.69.2-canary.v20250625172331/op-billing-page_clerk.legacy.browser_c1796e_5.69.2-canary.v20250625172331.js.sri
- clerk-js/5.69.2-canary.v20250625172331/op-billing-page_clerk.legacy.browser_c1796e_5.69.2-canary.v20250625172331.min.js.br
- clerk-js/5.69.2-canary.v20250625172331/op-billing-page_clerk.legacy.browser_c1796e_5.69.2-canary.v20250625172331.min.js.gz
- clerk-js/5.69.2-canary.v20250625172331/op-billing-page_clerk.legacy.browser_c1796e_5.69.2-canary.v20250625172331.min.js.sri
- clerk-js/5.69.2-canary.v20250625172331/organizationlist_clerk.browser_4c67ef_5.69.2-canary.v20250625172331.js.br
- clerk-js/5.69.2-canary.v20250625172331/organizationlist_clerk.browser_4c67ef_5.69.2-canary.v20250625172331.js.gz
- clerk-js/5.69.2-canary.v20250625172331/organizationlist_clerk.browser_4c67ef_5.69.2-canary.v20250625172331.js.sri
- clerk-js/5.69.2-canary.v20250625172331/organizationlist_clerk.browser_4c67ef_5.69.2-canary.v20250625172331.min.js.br
- clerk-js/5.69.2-canary.v20250625172331/organizationlist_clerk.browser_4c67ef_5.69.2-canary.v20250625172331.min.js.gz
- clerk-js/5.69.2-canary.v20250625172331/organizationlist_clerk.browser_4c67ef_5.69.2-canary.v20250625172331.min.js.sri
- clerk-js/5.69.2-canary.v20250625172331/organizationlist_clerk.chips.browser_52cdee_5.69.2-canary.v20250625172331.js.br
- clerk-js/5.69.2-canary.v20250625172331/organizationlist_clerk.chips.browser_52cdee_5.69.2-canary.v20250625172331.js.gz
- clerk-js/5.69.2-canary.v20250625172331/organizationlist_clerk.chips.browser_52cdee_5.69.2-canary.v20250625172331.js.sri
- clerk-js/5.69.2-canary.v20250625172331/organizationlist_clerk.chips.browser_52cdee_5.69.2-canary.v20250625172331.min.js.br
- clerk-js/5.69.2-canary.v20250625172331/organizationlist_clerk.chips.browser_52cdee_5.69.2-canary.v20250625172331.min.js.gz
- clerk-js/5.69.2-canary.v20250625172331/organizationlist_clerk.chips.browser_52cdee_5.69.2-canary.v20250625172331.min.js.sri
- clerk-js/5.69.2-canary.v20250625172331/organizationlist_clerk.legacy.browser_c1796e_5.69.2-canary.v20250625172331.js.br
- clerk-js/5.69.2-canary.v20250625172331/organizationlist_clerk.legacy.browser_c1796e_5.69.2-canary.v20250625172331.js.gz
- clerk-js/5.69.2-canary.v20250625172331/organizationlist_clerk.legacy.browser_c1796e_5.69.2-canary.v20250625172331.js.sri
- clerk-js/5.69.2-canary.v20250625172331/organizationlist_clerk.legacy.browser_c1796e_5.69.2-canary.v20250625172331.min.js.br
- clerk-js/5.69.2-canary.v20250625172331/organizationlist_clerk.legacy.browser_c1796e_5.69.2-canary.v20250625172331.min.js.gz
- clerk-js/5.69.2-canary.v20250625172331/organizationlist_clerk.legacy.browser_c1796e_5.69.2-canary.v20250625172331.min.js.sri
- clerk-js/5.69.2-canary.v20250625172331/organizationprofile_clerk.browser_4c67ef_5.69.2-canary.v20250625172331.js.br
- clerk-js/5.69.2-canary.v20250625172331/organizationprofile_clerk.browser_4c67ef_5.69.2-canary.v20250625172331.js.gz
- clerk-js/5.69.2-canary.v20250625172331/organizationprofile_clerk.browser_4c67ef_5.69.2-canary.v20250625172331.js.sri
- clerk-js/5.69.2-canary.v20250625172331/organizationprofile_clerk.browser_4c67ef_5.69.2-canary.v20250625172331.min.js.br
- clerk-js/5.69.2-canary.v20250625172331/organizationprofile_clerk.browser_4c67ef_5.69.2-canary.v20250625172331.min.js.gz
- clerk-js/5.69.2-canary.v20250625172331/organizationprofile_clerk.browser_4c67ef_5.69.2-canary.v20250625172331.min.js.sri
- clerk-js/5.69.2-canary.v20250625172331/organizationprofile_clerk.chips.browser_52cdee_5.69.2-canary.v20250625172331.js.br
- clerk-js/5.69.2-canary.v20250625172331/organizationprofile_clerk.chips.browser_52cdee_5.69.2-canary.v20250625172331.js.gz
- clerk-js/5.69.2-canary.v20250625172331/organizationprofile_clerk.chips.browser_52cdee_5.69.2-canary.v20250625172331.js.sri
- clerk-js/5.69.2-canary.v20250625172331/organizationprofile_clerk.chips.browser_52cdee_5.69.2-canary.v20250625172331.min.js.br
- clerk-js/5.69.2-canary.v20250625172331/organizationprofile_clerk.chips.browser_52cdee_5.69.2-canary.v20250625172331.min.js.gz
- clerk-js/5.69.2-canary.v20250625172331/organizationprofile_clerk.chips.browser_52cdee_5.69.2-canary.v20250625172331.min.js.sri
- clerk-js/5.69.2-canary.v20250625172331/organizationprofile_clerk.legacy.browser_c1796e_5.69.2-canary.v20250625172331.js.br
- clerk-js/5.69.2-canary.v20250625172331/organizationprofile_clerk.legacy.browser_c1796e_5.69.2-canary.v20250625172331.js.gz
- clerk-js/5.69.2-canary.v20250625172331/organizationprofile_clerk.legacy.browser_c1796e_5.69.2-canary.v20250625172331.js.sri
- clerk-js/5.69.2-canary.v20250625172331/organizationprofile_clerk.legacy.browser_c1796e_5.69.2-canary.v20250625172331.min.js.br
- clerk-js/5.69.2-canary.v20250625172331/organizationprofile_clerk.legacy.browser_c1796e_5.69.2-canary.v20250625172331.min.js.gz
- clerk-js/5.69.2-canary.v20250625172331/organizationprofile_clerk.legacy.browser_c1796e_5.69.2-canary.v20250625172331.min.js.sri
- clerk-js/5.69.2-canary.v20250625172331/organizationswitcher_clerk.browser_4c67ef_5.69.2-canary.v20250625172331.js.br
- clerk-js/5.69.2-canary.v20250625172331/organizationswitcher_clerk.browser_4c67ef_5.69.2-canary.v20250625172331.js.gz
- clerk-js/5.69.2-canary.v20250625172331/organizationswitcher_clerk.browser_4c67ef_5.69.2-canary.v20250625172331.js.sri
- clerk-js/5.69.2-canary.v20250625172331/organizationswitcher_clerk.browser_4c67ef_5.69.2-canary.v20250625172331.min.js.br
- clerk-js/5.69.2-canary.v20250625172331/organizationswitcher_clerk.browser_4c67ef_5.69.2-canary.v20250625172331.min.js.gz
- clerk-js/5.69.2-canary.v20250625172331/organizationswitcher_clerk.browser_4c67ef_5.69.2-canary.v20250625172331.min.js.sri
- clerk-js/5.69.2-canary.v20250625172331/organizationswitcher_clerk.chips.browser_52cdee_5.69.2-canary.v20250625172331.js.br
- clerk-js/5.69.2-canary.v20250625172331/organizationswitcher_clerk.chips.browser_52cdee_5.69.2-canary.v20250625172331.js.gz
- clerk-js/5.69.2-canary.v20250625172331/organizationswitcher_clerk.chips.browser_52cdee_5.69.2-canary.v20250625172331.js.sri
- clerk-js/5.69.2-canary.v20250625172331/organizationswitcher_clerk.chips.browser_52cdee_5.69.2-canary.v20250625172331.min.js.br
- clerk-js/5.69.2-canary.v20250625172331/organizationswitcher_clerk.chips.browser_52cdee_5.69.2-canary.v20250625172331.min.js.gz
- clerk-js/5.69.2-canary.v20250625172331/organizationswitcher_clerk.chips.browser_52cdee_5.69.2-canary.v20250625172331.min.js.sri
- clerk-js/5.69.2-canary.v20250625172331/organizationswitcher_clerk.legacy.browser_c1796e_5.69.2-canary.v20250625172331.js.br
- clerk-js/5.69.2-canary.v20250625172331/organizationswitcher_clerk.legacy.browser_c1796e_5.69.2-canary.v20250625172331.js.gz
- clerk-js/5.69.2-canary.v20250625172331/organizationswitcher_clerk.legacy.browser_c1796e_5.69.2-canary.v20250625172331.js.sri
- clerk-js/5.69.2-canary.v20250625172331/organizationswitcher_clerk.legacy.browser_c1796e_5.69.2-canary.v20250625172331.min.js.br
- clerk-js/5.69.2-canary.v20250625172331/organizationswitcher_clerk.legacy.browser_c1796e_5.69.2-canary.v20250625172331.min.js.gz
- clerk-js/5.69.2-canary.v20250625172331/organizationswitcher_clerk.legacy.browser_c1796e_5.69.2-canary.v20250625172331.min.js.sri
- clerk-js/5.69.2-canary.v20250625172331/paymentSources_clerk.browser_4c67ef_5.69.2-canary.v20250625172331.js.br
- clerk-js/5.69.2-canary.v20250625172331/paymentSources_clerk.browser_4c67ef_5.69.2-canary.v20250625172331.js.gz
- clerk-js/5.69.2-canary.v20250625172331/paymentSources_clerk.browser_4c67ef_5.69.2-canary.v20250625172331.js.sri
- clerk-js/5.69.2-canary.v20250625172331/paymentSources_clerk.browser_4c67ef_5.69.2-canary.v20250625172331.min.js.br
- clerk-js/5.69.2-canary.v20250625172331/paymentSources_clerk.browser_4c67ef_5.69.2-canary.v20250625172331.min.js.gz
- clerk-js/5.69.2-canary.v20250625172331/paymentSources_clerk.browser_4c67ef_5.69.2-canary.v20250625172331.min.js.sri
- clerk-js/5.69.2-canary.v20250625172331/paymentSources_clerk.chips.browser_52cdee_5.69.2-canary.v20250625172331.js.br
- clerk-js/5.69.2-canary.v20250625172331/paymentSources_clerk.chips.browser_52cdee_5.69.2-canary.v20250625172331.js.gz
- clerk-js/5.69.2-canary.v20250625172331/paymentSources_clerk.chips.browser_52cdee_5.69.2-canary.v20250625172331.js.sri
- clerk-js/5.69.2-canary.v20250625172331/paymentSources_clerk.chips.browser_52cdee_5.69.2-canary.v20250625172331.min.js.br
- clerk-js/5.69.2-canary.v20250625172331/paymentSources_clerk.chips.browser_52cdee_5.69.2-canary.v20250625172331.min.js.gz
- clerk-js/5.69.2-canary.v20250625172331/paymentSources_clerk.chips.browser_52cdee_5.69.2-canary.v20250625172331.min.js.sri
- clerk-js/5.69.2-canary.v20250625172331/paymentSources_clerk.legacy.browser_c1796e_5.69.2-canary.v20250625172331.js.br
- clerk-js/5.69.2-canary.v20250625172331/paymentSources_clerk.legacy.browser_c1796e_5.69.2-canary.v20250625172331.js.gz
- clerk-js/5.69.2-canary.v20250625172331/paymentSources_clerk.legacy.browser_c1796e_5.69.2-canary.v20250625172331.js.sri
- clerk-js/5.69.2-canary.v20250625172331/paymentSources_clerk.legacy.browser_c1796e_5.69.2-canary.v20250625172331.min.js.br
- clerk-js/5.69.2-canary.v20250625172331/paymentSources_clerk.legacy.browser_c1796e_5.69.2-canary.v20250625172331.min.js.gz
- clerk-js/5.69.2-canary.v20250625172331/paymentSources_clerk.legacy.browser_c1796e_5.69.2-canary.v20250625172331.min.js.sri
- clerk-js/5.69.2-canary.v20250625172331/planDetails_clerk.browser_4c67ef_5.69.2-canary.v20250625172331.js.br
- clerk-js/5.69.2-canary.v20250625172331/planDetails_clerk.browser_4c67ef_5.69.2-canary.v20250625172331.js.gz
- clerk-js/5.69.2-canary.v20250625172331/planDetails_clerk.browser_4c67ef_5.69.2-canary.v20250625172331.js.sri
- clerk-js/5.69.2-canary.v20250625172331/planDetails_clerk.browser_4c67ef_5.69.2-canary.v20250625172331.min.js.br
- clerk-js/5.69.2-canary.v20250625172331/planDetails_clerk.browser_4c67ef_5.69.2-canary.v20250625172331.min.js.gz
- clerk-js/5.69.2-canary.v20250625172331/planDetails_clerk.browser_4c67ef_5.69.2-canary.v20250625172331.min.js.sri
- clerk-js/5.69.2-canary.v20250625172331/planDetails_clerk.chips.browser_52cdee_5.69.2-canary.v20250625172331.js.br
- clerk-js/5.69.2-canary.v20250625172331/planDetails_clerk.chips.browser_52cdee_5.69.2-canary.v20250625172331.js.gz
- clerk-js/5.69.2-canary.v20250625172331/planDetails_clerk.chips.browser_52cdee_5.69.2-canary.v20250625172331.js.sri
- clerk-js/5.69.2-canary.v20250625172331/planDetails_clerk.chips.browser_52cdee_5.69.2-canary.v20250625172331.min.js.br
- clerk-js/5.69.2-canary.v20250625172331/planDetails_clerk.chips.browser_52cdee_5.69.2-canary.v20250625172331.min.js.gz
- clerk-js/5.69.2-canary.v20250625172331/planDetails_clerk.chips.browser_52cdee_5.69.2-canary.v20250625172331.min.js.sri
- clerk-js/5.69.2-canary.v20250625172331/planDetails_clerk.legacy.browser_c1796e_5.69.2-canary.v20250625172331.js.br
- clerk-js/5.69.2-canary.v20250625172331/planDetails_clerk.legacy.browser_c1796e_5.69.2-canary.v20250625172331.js.gz
- clerk-js/5.69.2-canary.v20250625172331/planDetails_clerk.legacy.browser_c1796e_5.69.2-canary.v20250625172331.js.sri
- clerk-js/5.69.2-canary.v20250625172331/planDetails_clerk.legacy.browser_c1796e_5.69.2-canary.v20250625172331.min.js.br
- clerk-js/5.69.2-canary.v20250625172331/planDetails_clerk.legacy.browser_c1796e_5.69.2-canary.v20250625172331.min.js.gz
- clerk-js/5.69.2-canary.v20250625172331/planDetails_clerk.legacy.browser_c1796e_5.69.2-canary.v20250625172331.min.js.sri
- clerk-js/5.69.2-canary.v20250625172331/prefetchorganizationlist_clerk.browser_4c67ef_5.69.2-canary.v20250625172331.js.br
- clerk-js/5.69.2-canary.v20250625172331/prefetchorganizationlist_clerk.browser_4c67ef_5.69.2-canary.v20250625172331.js.gz
- clerk-js/5.69.2-canary.v20250625172331/prefetchorganizationlist_clerk.browser_4c67ef_5.69.2-canary.v20250625172331.js.sri
- clerk-js/5.69.2-canary.v20250625172331/prefetchorganizationlist_clerk.browser_4c67ef_5.69.2-canary.v20250625172331.min.js.br
- clerk-js/5.69.2-canary.v20250625172331/prefetchorganizationlist_clerk.browser_4c67ef_5.69.2-canary.v20250625172331.min.js.gz
- clerk-js/5.69.2-canary.v20250625172331/prefetchorganizationlist_clerk.browser_4c67ef_5.69.2-canary.v20250625172331.min.js.sri
- clerk-js/5.69.2-canary.v20250625172331/prefetchorganizationlist_clerk.chips.browser_52cdee_5.69.2-canary.v20250625172331.js.br
- clerk-js/5.69.2-canary.v20250625172331/prefetchorganizationlist_clerk.chips.browser_52cdee_5.69.2-canary.v20250625172331.js.gz
- clerk-js/5.69.2-canary.v20250625172331/prefetchorganizationlist_clerk.chips.browser_52cdee_5.69.2-canary.v20250625172331.js.sri
- clerk-js/5.69.2-canary.v20250625172331/prefetchorganizationlist_clerk.chips.browser_52cdee_5.69.2-canary.v20250625172331.min.js.br
- clerk-js/5.69.2-canary.v20250625172331/prefetchorganizationlist_clerk.chips.browser_52cdee_5.69.2-canary.v20250625172331.min.js.gz
- clerk-js/5.69.2-canary.v20250625172331/prefetchorganizationlist_clerk.chips.browser_52cdee_5.69.2-canary.v20250625172331.min.js.sri
- clerk-js/5.69.2-canary.v20250625172331/prefetchorganizationlist_clerk.legacy.browser_c1796e_5.69.2-canary.v20250625172331.js.br
- clerk-js/5.69.2-canary.v20250625172331/prefetchorganizationlist_clerk.legacy.browser_c1796e_5.69.2-canary.v20250625172331.js.gz
- clerk-js/5.69.2-canary.v20250625172331/prefetchorganizationlist_clerk.legacy.browser_c1796e_5.69.2-canary.v20250625172331.js.sri
- clerk-js/5.69.2-canary.v20250625172331/prefetchorganizationlist_clerk.legacy.browser_c1796e_5.69.2-canary.v20250625172331.min.js.br
- clerk-js/5.69.2-canary.v20250625172331/prefetchorganizationlist_clerk.legacy.browser_c1796e_5.69.2-canary.v20250625172331.min.js.gz
- clerk-js/5.69.2-canary.v20250625172331/prefetchorganizationlist_clerk.legacy.browser_c1796e_5.69.2-canary.v20250625172331.min.js.sri
- clerk-js/5.69.2-canary.v20250625172331/pricingTable_clerk.browser_4c67ef_5.69.2-canary.v20250625172331.js.br
- clerk-js/5.69.2-canary.v20250625172331/pricingTable_clerk.browser_4c67ef_5.69.2-canary.v20250625172331.js.gz
- clerk-js/5.69.2-canary.v20250625172331/pricingTable_clerk.browser_4c67ef_5.69.2-canary.v20250625172331.js.sri
- clerk-js/5.69.2-canary.v20250625172331/pricingTable_clerk.browser_4c67ef_5.69.2-canary.v20250625172331.min.js.br
- clerk-js/5.69.2-canary.v20250625172331/pricingTable_clerk.browser_4c67ef_5.69.2-canary.v20250625172331.min.js.gz
- clerk-js/5.69.2-canary.v20250625172331/pricingTable_clerk.browser_4c67ef_5.69.2-canary.v20250625172331.min.js.sri
- clerk-js/5.69.2-canary.v20250625172331/pricingTable_clerk.chips.browser_52cdee_5.69.2-canary.v20250625172331.js.br
- clerk-js/5.69.2-canary.v20250625172331/pricingTable_clerk.chips.browser_52cdee_5.69.2-canary.v20250625172331.js.gz
- clerk-js/5.69.2-canary.v20250625172331/pricingTable_clerk.chips.browser_52cdee_5.69.2-canary.v20250625172331.js.sri
- clerk-js/5.69.2-canary.v20250625172331/pricingTable_clerk.chips.browser_52cdee_5.69.2-canary.v20250625172331.min.js.br
- clerk-js/5.69.2-canary.v20250625172331/pricingTable_clerk.chips.browser_52cdee_5.69.2-canary.v20250625172331.min.js.gz
- clerk-js/5.69.2-canary.v20250625172331/pricingTable_clerk.chips.browser_52cdee_5.69.2-canary.v20250625172331.min.js.sri
- clerk-js/5.69.2-canary.v20250625172331/pricingTable_clerk.legacy.browser_c1796e_5.69.2-canary.v20250625172331.js.br
- clerk-js/5.69.2-canary.v20250625172331/pricingTable_clerk.legacy.browser_c1796e_5.69.2-canary.v20250625172331.js.gz
- clerk-js/5.69.2-canary.v20250625172331/pricingTable_clerk.legacy.browser_c1796e_5.69.2-canary.v20250625172331.js.sri
- clerk-js/5.69.2-canary.v20250625172331/pricingTable_clerk.legacy.browser_c1796e_5.69.2-canary.v20250625172331.min.js.br
- clerk-js/5.69.2-canary.v20250625172331/pricingTable_clerk.legacy.browser_c1796e_5.69.2-canary.v20250625172331.min.js.gz
- clerk-js/5.69.2-canary.v20250625172331/pricingTable_clerk.legacy.browser_c1796e_5.69.2-canary.v20250625172331.min.js.sri
- clerk-js/5.69.2-canary.v20250625172331/revoke-api-key-modal_clerk.browser_4c67ef_5.69.2-canary.v20250625172331.js.br
- clerk-js/5.69.2-canary.v20250625172331/revoke-api-key-modal_clerk.browser_4c67ef_5.69.2-canary.v20250625172331.js.gz
- clerk-js/5.69.2-canary.v20250625172331/revoke-api-key-modal_clerk.browser_4c67ef_5.69.2-canary.v20250625172331.js.sri
- clerk-js/5.69.2-canary.v20250625172331/revoke-api-key-modal_clerk.browser_4c67ef_5.69.2-canary.v20250625172331.min.js.br
- clerk-js/5.69.2-canary.v20250625172331/revoke-api-key-modal_clerk.browser_4c67ef_5.69.2-canary.v20250625172331.min.js.gz
- clerk-js/5.69.2-canary.v20250625172331/revoke-api-key-modal_clerk.browser_4c67ef_5.69.2-canary.v20250625172331.min.js.sri
- clerk-js/5.69.2-canary.v20250625172331/revoke-api-key-modal_clerk.chips.browser_52cdee_5.69.2-canary.v20250625172331.js.br
- clerk-js/5.69.2-canary.v20250625172331/revoke-api-key-modal_clerk.chips.browser_52cdee_5.69.2-canary.v20250625172331.js.gz
- clerk-js/5.69.2-canary.v20250625172331/revoke-api-key-modal_clerk.chips.browser_52cdee_5.69.2-canary.v20250625172331.js.sri
- clerk-js/5.69.2-canary.v20250625172331/revoke-api-key-modal_clerk.chips.browser_52cdee_5.69.2-canary.v20250625172331.min.js.br
- clerk-js/5.69.2-canary.v20250625172331/revoke-api-key-modal_clerk.chips.browser_52cdee_5.69.2-canary.v20250625172331.min.js.gz
- clerk-js/5.69.2-canary.v20250625172331/revoke-api-key-modal_clerk.chips.browser_52cdee_5.69.2-canary.v20250625172331.min.js.sri
- clerk-js/5.69.2-canary.v20250625172331/revoke-api-key-modal_clerk.legacy.browser_c1796e_5.69.2-canary.v20250625172331.js.br
- clerk-js/5.69.2-canary.v20250625172331/revoke-api-key-modal_clerk.legacy.browser_c1796e_5.69.2-canary.v20250625172331.js.gz
- clerk-js/5.69.2-canary.v20250625172331/revoke-api-key-modal_clerk.legacy.browser_c1796e_5.69.2-canary.v20250625172331.js.sri
- clerk-js/5.69.2-canary.v20250625172331/revoke-api-key-modal_clerk.legacy.browser_c1796e_5.69.2-canary.v20250625172331.min.js.br
- clerk-js/5.69.2-canary.v20250625172331/revoke-api-key-modal_clerk.legacy.browser_c1796e_5.69.2-canary.v20250625172331.min.js.gz
- clerk-js/5.69.2-canary.v20250625172331/revoke-api-key-modal_clerk.legacy.browser_c1796e_5.69.2-canary.v20250625172331.min.js.sri
- clerk-js/5.69.2-canary.v20250625172331/sessionTasks_clerk.browser_4c67ef_5.69.2-canary.v20250625172331.js.br
- clerk-js/5.69.2-canary.v20250625172331/sessionTasks_clerk.browser_4c67ef_5.69.2-canary.v20250625172331.js.gz
- clerk-js/5.69.2-canary.v20250625172331/sessionTasks_clerk.browser_4c67ef_5.69.2-canary.v20250625172331.js.sri
- clerk-js/5.69.2-canary.v20250625172331/sessionTasks_clerk.browser_4c67ef_5.69.2-canary.v20250625172331.min.js.br
- clerk-js/5.69.2-canary.v20250625172331/sessionTasks_clerk.browser_4c67ef_5.69.2-canary.v20250625172331.min.js.gz
- clerk-js/5.69.2-canary.v20250625172331/sessionTasks_clerk.browser_4c67ef_5.69.2-canary.v20250625172331.min.js.sri
- clerk-js/5.69.2-canary.v20250625172331/sessionTasks_clerk.chips.browser_52cdee_5.69.2-canary.v20250625172331.js.br
- clerk-js/5.69.2-canary.v20250625172331/sessionTasks_clerk.chips.browser_52cdee_5.69.2-canary.v20250625172331.js.gz
- clerk-js/5.69.2-canary.v20250625172331/sessionTasks_clerk.chips.browser_52cdee_5.69.2-canary.v20250625172331.js.sri
- clerk-js/5.69.2-canary.v20250625172331/sessionTasks_clerk.chips.browser_52cdee_5.69.2-canary.v20250625172331.min.js.br
- clerk-js/5.69.2-canary.v20250625172331/sessionTasks_clerk.chips.browser_52cdee_5.69.2-canary.v20250625172331.min.js.gz
- clerk-js/5.69.2-canary.v20250625172331/sessionTasks_clerk.chips.browser_52cdee_5.69.2-canary.v20250625172331.min.js.sri
- clerk-js/5.69.2-canary.v20250625172331/sessionTasks_clerk.legacy.browser_c1796e_5.69.2-canary.v20250625172331.js.br
- clerk-js/5.69.2-canary.v20250625172331/sessionTasks_clerk.legacy.browser_c1796e_5.69.2-canary.v20250625172331.js.gz
- clerk-js/5.69.2-canary.v20250625172331/sessionTasks_clerk.legacy.browser_c1796e_5.69.2-canary.v20250625172331.js.sri
- clerk-js/5.69.2-canary.v20250625172331/sessionTasks_clerk.legacy.browser_c1796e_5.69.2-canary.v20250625172331.min.js.br
- clerk-js/5.69.2-canary.v20250625172331/sessionTasks_clerk.legacy.browser_c1796e_5.69.2-canary.v20250625172331.min.js.gz
- clerk-js/5.69.2-canary.v20250625172331/sessionTasks_clerk.legacy.browser_c1796e_5.69.2-canary.v20250625172331.min.js.sri
- clerk-js/5.69.2-canary.v20250625172331/signin_clerk.browser_4c67ef_5.69.2-canary.v20250625172331.js.br
- clerk-js/5.69.2-canary.v20250625172331/signin_clerk.browser_4c67ef_5.69.2-canary.v20250625172331.js.gz
- clerk-js/5.69.2-canary.v20250625172331/signin_clerk.browser_4c67ef_5.69.2-canary.v20250625172331.js.sri
- clerk-js/5.69.2-canary.v20250625172331/signin_clerk.browser_4c67ef_5.69.2-canary.v20250625172331.min.js.br
- clerk-js/5.69.2-canary.v20250625172331/signin_clerk.browser_4c67ef_5.69.2-canary.v20250625172331.min.js.gz
- clerk-js/5.69.2-canary.v20250625172331/signin_clerk.browser_4c67ef_5.69.2-canary.v20250625172331.min.js.sri
- clerk-js/5.69.2-canary.v20250625172331/signin_clerk.chips.browser_52cdee_5.69.2-canary.v20250625172331.js.br
- clerk-js/5.69.2-canary.v20250625172331/signin_clerk.chips.browser_52cdee_5.69.2-canary.v20250625172331.js.gz
- clerk-js/5.69.2-canary.v20250625172331/signin_clerk.chips.browser_52cdee_5.69.2-canary.v20250625172331.js.sri
- clerk-js/5.69.2-canary.v20250625172331/signin_clerk.chips.browser_52cdee_5.69.2-canary.v20250625172331.min.js.br
- clerk-js/5.69.2-canary.v20250625172331/signin_clerk.chips.browser_52cdee_5.69.2-canary.v20250625172331.min.js.gz
- clerk-js/5.69.2-canary.v20250625172331/signin_clerk.chips.browser_52cdee_5.69.2-canary.v20250625172331.min.js.sri
- clerk-js/5.69.2-canary.v20250625172331/signin_clerk.legacy.browser_c1796e_5.69.2-canary.v20250625172331.js.br
- clerk-js/5.69.2-canary.v20250625172331/signin_clerk.legacy.browser_c1796e_5.69.2-canary.v20250625172331.js.gz
- clerk-js/5.69.2-canary.v20250625172331/signin_clerk.legacy.browser_c1796e_5.69.2-canary.v20250625172331.js.sri
- clerk-js/5.69.2-canary.v20250625172331/signin_clerk.legacy.browser_c1796e_5.69.2-canary.v20250625172331.min.js.br
- clerk-js/5.69.2-canary.v20250625172331/signin_clerk.legacy.browser_c1796e_5.69.2-canary.v20250625172331.min.js.gz
- clerk-js/5.69.2-canary.v20250625172331/signin_clerk.legacy.browser_c1796e_5.69.2-canary.v20250625172331.min.js.sri
- clerk-js/5.69.2-canary.v20250625172331/signup_clerk.browser_4c67ef_5.69.2-canary.v20250625172331.js.br
- clerk-js/5.69.2-canary.v20250625172331/signup_clerk.browser_4c67ef_5.69.2-canary.v20250625172331.js.gz
- clerk-js/5.69.2-canary.v20250625172331/signup_clerk.browser_4c67ef_5.69.2-canary.v20250625172331.js.sri
- clerk-js/5.69.2-canary.v20250625172331/signup_clerk.browser_4c67ef_5.69.2-canary.v20250625172331.min.js.br
- clerk-js/5.69.2-canary.v20250625172331/signup_clerk.browser_4c67ef_5.69.2-canary.v20250625172331.min.js.gz
- clerk-js/5.69.2-canary.v20250625172331/signup_clerk.browser_4c67ef_5.69.2-canary.v20250625172331.min.js.sri
- clerk-js/5.69.2-canary.v20250625172331/signup_clerk.chips.browser_52cdee_5.69.2-canary.v20250625172331.js.br
- clerk-js/5.69.2-canary.v20250625172331/signup_clerk.chips.browser_52cdee_5.69.2-canary.v20250625172331.js.gz
- clerk-js/5.69.2-canary.v20250625172331/signup_clerk.chips.browser_52cdee_5.69.2-canary.v20250625172331.js.sri
- clerk-js/5.69.2-canary.v20250625172331/signup_clerk.chips.browser_52cdee_5.69.2-canary.v20250625172331.min.js.br
- clerk-js/5.69.2-canary.v20250625172331/signup_clerk.chips.browser_52cdee_5.69.2-canary.v20250625172331.min.js.gz
- clerk-js/5.69.2-canary.v20250625172331/signup_clerk.chips.browser_52cdee_5.69.2-canary.v20250625172331.min.js.sri
- clerk-js/5.69.2-canary.v20250625172331/signup_clerk.legacy.browser_c1796e_5.69.2-canary.v20250625172331.js.br
- clerk-js/5.69.2-canary.v20250625172331/signup_clerk.legacy.browser_c1796e_5.69.2-canary.v20250625172331.js.gz
- clerk-js/5.69.2-canary.v20250625172331/signup_clerk.legacy.browser_c1796e_5.69.2-canary.v20250625172331.js.sri
- clerk-js/5.69.2-canary.v20250625172331/signup_clerk.legacy.browser_c1796e_5.69.2-canary.v20250625172331.min.js.br
- clerk-js/5.69.2-canary.v20250625172331/signup_clerk.legacy.browser_c1796e_5.69.2-canary.v20250625172331.min.js.gz
- clerk-js/5.69.2-canary.v20250625172331/signup_clerk.legacy.browser_c1796e_5.69.2-canary.v20250625172331.min.js.sri
- clerk-js/5.69.2-canary.v20250625172331/ui-common_clerk.browser_4c67ef_5.69.2-canary.v20250625172331.js.br
- clerk-js/5.69.2-canary.v20250625172331/ui-common_clerk.browser_4c67ef_5.69.2-canary.v20250625172331.js.gz
- clerk-js/5.69.2-canary.v20250625172331/ui-common_clerk.browser_4c67ef_5.69.2-canary.v20250625172331.js.sri
- clerk-js/5.69.2-canary.v20250625172331/ui-common_clerk.browser_4c67ef_5.69.2-canary.v20250625172331.min.js.br
- clerk-js/5.69.2-canary.v20250625172331/ui-common_clerk.browser_4c67ef_5.69.2-canary.v20250625172331.min.js.gz
- clerk-js/5.69.2-canary.v20250625172331/ui-common_clerk.browser_4c67ef_5.69.2-canary.v20250625172331.min.js.sri
- clerk-js/5.69.2-canary.v20250625172331/ui-common_clerk.chips.browser_52cdee_5.69.2-canary.v20250625172331.js.br
- clerk-js/5.69.2-canary.v20250625172331/ui-common_clerk.chips.browser_52cdee_5.69.2-canary.v20250625172331.js.gz
- clerk-js/5.69.2-canary.v20250625172331/ui-common_clerk.chips.browser_52cdee_5.69.2-canary.v20250625172331.js.sri
- clerk-js/5.69.2-canary.v20250625172331/ui-common_clerk.chips.browser_52cdee_5.69.2-canary.v20250625172331.min.js.br
- clerk-js/5.69.2-canary.v20250625172331/ui-common_clerk.chips.browser_52cdee_5.69.2-canary.v20250625172331.min.js.gz
- clerk-js/5.69.2-canary.v20250625172331/ui-common_clerk.chips.browser_52cdee_5.69.2-canary.v20250625172331.min.js.sri
- clerk-js/5.69.2-canary.v20250625172331/ui-common_clerk.legacy.browser_c1796e_5.69.2-canary.v20250625172331.js.br
- clerk-js/5.69.2-canary.v20250625172331/ui-common_clerk.legacy.browser_c1796e_5.69.2-canary.v20250625172331.js.gz
- clerk-js/5.69.2-canary.v20250625172331/ui-common_clerk.legacy.browser_c1796e_5.69.2-canary.v20250625172331.js.sri
- clerk-js/5.69.2-canary.v20250625172331/ui-common_clerk.legacy.browser_c1796e_5.69.2-canary.v20250625172331.min.js.br
- clerk-js/5.69.2-canary.v20250625172331/ui-common_clerk.legacy.browser_c1796e_5.69.2-canary.v20250625172331.min.js.gz
- clerk-js/5.69.2-canary.v20250625172331/ui-common_clerk.legacy.browser_c1796e_5.69.2-canary.v20250625172331.min.js.sri
- clerk-js/5.69.2-canary.v20250625172331/up-api-keys-page_clerk.browser_4c67ef_5.69.2-canary.v20250625172331.js.br
- clerk-js/5.69.2-canary.v20250625172331/up-api-keys-page_clerk.browser_4c67ef_5.69.2-canary.v20250625172331.js.gz
- clerk-js/5.69.2-canary.v20250625172331/up-api-keys-page_clerk.browser_4c67ef_5.69.2-canary.v20250625172331.js.sri
- clerk-js/5.69.2-canary.v20250625172331/up-api-keys-page_clerk.browser_4c67ef_5.69.2-canary.v20250625172331.min.js.br
- clerk-js/5.69.2-canary.v20250625172331/up-api-keys-page_clerk.browser_4c67ef_5.69.2-canary.v20250625172331.min.js.gz
- clerk-js/5.69.2-canary.v20250625172331/up-api-keys-page_clerk.browser_4c67ef_5.69.2-canary.v20250625172331.min.js.sri
- clerk-js/5.69.2-canary.v20250625172331/up-api-keys-page_clerk.chips.browser_52cdee_5.69.2-canary.v20250625172331.js.br
- clerk-js/5.69.2-canary.v20250625172331/up-api-keys-page_clerk.chips.browser_52cdee_5.69.2-canary.v20250625172331.js.gz
- clerk-js/5.69.2-canary.v20250625172331/up-api-keys-page_clerk.chips.browser_52cdee_5.69.2-canary.v20250625172331.js.sri
- clerk-js/5.69.2-canary.v20250625172331/up-api-keys-page_clerk.chips.browser_52cdee_5.69.2-canary.v20250625172331.min.js.br
- clerk-js/5.69.2-canary.v20250625172331/up-api-keys-page_clerk.chips.browser_52cdee_5.69.2-canary.v20250625172331.min.js.gz
- clerk-js/5.69.2-canary.v20250625172331/up-api-keys-page_clerk.chips.browser_52cdee_5.69.2-canary.v20250625172331.min.js.sri
- clerk-js/5.69.2-canary.v20250625172331/up-api-keys-page_clerk.legacy.browser_c1796e_5.69.2-canary.v20250625172331.js.br
- clerk-js/5.69.2-canary.v20250625172331/up-api-keys-page_clerk.legacy.browser_c1796e_5.69.2-canary.v20250625172331.js.gz
- clerk-js/5.69.2-canary.v20250625172331/up-api-keys-page_clerk.legacy.browser_c1796e_5.69.2-canary.v20250625172331.js.sri
- clerk-js/5.69.2-canary.v20250625172331/up-api-keys-page_clerk.legacy.browser_c1796e_5.69.2-canary.v20250625172331.min.js.br
- clerk-js/5.69.2-canary.v20250625172331/up-api-keys-page_clerk.legacy.browser_c1796e_5.69.2-canary.v20250625172331.min.js.gz
- clerk-js/5.69.2-canary.v20250625172331/up-api-keys-page_clerk.legacy.browser_c1796e_5.69.2-canary.v20250625172331.min.js.sri
- clerk-js/5.69.2-canary.v20250625172331/up-billing-page_clerk.browser_4c67ef_5.69.2-canary.v20250625172331.js.br
- clerk-js/5.69.2-canary.v20250625172331/up-billing-page_clerk.browser_4c67ef_5.69.2-canary.v20250625172331.js.gz
- clerk-js/5.69.2-canary.v20250625172331/up-billing-page_clerk.browser_4c67ef_5.69.2-canary.v20250625172331.js.sri
- clerk-js/5.69.2-canary.v20250625172331/up-billing-page_clerk.browser_4c67ef_5.69.2-canary.v20250625172331.min.js.br
- clerk-js/5.69.2-canary.v20250625172331/up-billing-page_clerk.browser_4c67ef_5.69.2-canary.v20250625172331.min.js.gz
- clerk-js/5.69.2-canary.v20250625172331/up-billing-page_clerk.browser_4c67ef_5.69.2-canary.v20250625172331.min.js.sri
- clerk-js/5.69.2-canary.v20250625172331/up-billing-page_clerk.chips.browser_52cdee_5.69.2-canary.v20250625172331.js.br
- clerk-js/5.69.2-canary.v20250625172331/up-billing-page_clerk.chips.browser_52cdee_5.69.2-canary.v20250625172331.js.gz
- clerk-js/5.69.2-canary.v20250625172331/up-billing-page_clerk.chips.browser_52cdee_5.69.2-canary.v20250625172331.js.sri
- clerk-js/5.69.2-canary.v20250625172331/up-billing-page_clerk.chips.browser_52cdee_5.69.2-canary.v20250625172331.min.js.br
- clerk-js/5.69.2-canary.v20250625172331/up-billing-page_clerk.chips.browser_52cdee_5.69.2-canary.v20250625172331.min.js.gz
- clerk-js/5.69.2-canary.v20250625172331/up-billing-page_clerk.chips.browser_52cdee_5.69.2-canary.v20250625172331.min.js.sri
- clerk-js/5.69.2-canary.v20250625172331/up-billing-page_clerk.legacy.browser_c1796e_5.69.2-canary.v20250625172331.js.br
- clerk-js/5.69.2-canary.v20250625172331/up-billing-page_clerk.legacy.browser_c1796e_5.69.2-canary.v20250625172331.js.gz
- clerk-js/5.69.2-canary.v20250625172331/up-billing-page_clerk.legacy.browser_c1796e_5.69.2-canary.v20250625172331.js.sri
- clerk-js/5.69.2-canary.v20250625172331/up-billing-page_clerk.legacy.browser_c1796e_5.69.2-canary.v20250625172331.min.js.br
- clerk-js/5.69.2-canary.v20250625172331/up-billing-page_clerk.legacy.browser_c1796e_5.69.2-canary.v20250625172331.min.js.gz
- clerk-js/5.69.2-canary.v20250625172331/up-billing-page_clerk.legacy.browser_c1796e_5.69.2-canary.v20250625172331.min.js.sri
- clerk-js/5.69.2-canary.v20250625172331/userbutton_clerk.browser_4c67ef_5.69.2-canary.v20250625172331.js.br
- clerk-js/5.69.2-canary.v20250625172331/userbutton_clerk.browser_4c67ef_5.69.2-canary.v20250625172331.js.gz
- clerk-js/5.69.2-canary.v20250625172331/userbutton_clerk.browser_4c67ef_5.69.2-canary.v20250625172331.js.sri
- clerk-js/5.69.2-canary.v20250625172331/userbutton_clerk.browser_4c67ef_5.69.2-canary.v20250625172331.min.js.br
- clerk-js/5.69.2-canary.v20250625172331/userbutton_clerk.browser_4c67ef_5.69.2-canary.v20250625172331.min.js.gz
- clerk-js/5.69.2-canary.v20250625172331/userbutton_clerk.browser_4c67ef_5.69.2-canary.v20250625172331.min.js.sri
- clerk-js/5.69.2-canary.v20250625172331/userbutton_clerk.chips.browser_52cdee_5.69.2-canary.v20250625172331.js.br
- clerk-js/5.69.2-canary.v20250625172331/userbutton_clerk.chips.browser_52cdee_5.69.2-canary.v20250625172331.js.gz
- clerk-js/5.69.2-canary.v20250625172331/userbutton_clerk.chips.browser_52cdee_5.69.2-canary.v20250625172331.js.sri
- clerk-js/5.69.2-canary.v20250625172331/userbutton_clerk.chips.browser_52cdee_5.69.2-canary.v20250625172331.min.js.br
- clerk-js/5.69.2-canary.v20250625172331/userbutton_clerk.chips.browser_52cdee_5.69.2-canary.v20250625172331.min.js.gz
- clerk-js/5.69.2-canary.v20250625172331/userbutton_clerk.chips.browser_52cdee_5.69.2-canary.v20250625172331.min.js.sri
- clerk-js/5.69.2-canary.v20250625172331/userbutton_clerk.legacy.browser_c1796e_5.69.2-canary.v20250625172331.js.br
- clerk-js/5.69.2-canary.v20250625172331/userbutton_clerk.legacy.browser_c1796e_5.69.2-canary.v20250625172331.js.gz
- clerk-js/5.69.2-canary.v20250625172331/userbutton_clerk.legacy.browser_c1796e_5.69.2-canary.v20250625172331.js.sri
- clerk-js/5.69.2-canary.v20250625172331/userbutton_clerk.legacy.browser_c1796e_5.69.2-canary.v20250625172331.min.js.br
- clerk-js/5.69.2-canary.v20250625172331/userbutton_clerk.legacy.browser_c1796e_5.69.2-canary.v20250625172331.min.js.gz
- clerk-js/5.69.2-canary.v20250625172331/userbutton_clerk.legacy.browser_c1796e_5.69.2-canary.v20250625172331.min.js.sri
- clerk-js/5.69.2-canary.v20250625172331/userprofile_clerk.browser_4c67ef_5.69.2-canary.v20250625172331.js.br
- clerk-js/5.69.2-canary.v20250625172331/userprofile_clerk.browser_4c67ef_5.69.2-canary.v20250625172331.js.gz
- clerk-js/5.69.2-canary.v20250625172331/userprofile_clerk.browser_4c67ef_5.69.2-canary.v20250625172331.js.sri
- clerk-js/5.69.2-canary.v20250625172331/userprofile_clerk.browser_4c67ef_5.69.2-canary.v20250625172331.min.js.br
- clerk-js/5.69.2-canary.v20250625172331/userprofile_clerk.browser_4c67ef_5.69.2-canary.v20250625172331.min.js.gz
- clerk-js/5.69.2-canary.v20250625172331/userprofile_clerk.browser_4c67ef_5.69.2-canary.v20250625172331.min.js.sri
- clerk-js/5.69.2-canary.v20250625172331/userprofile_clerk.chips.browser_52cdee_5.69.2-canary.v20250625172331.js.br
- clerk-js/5.69.2-canary.v20250625172331/userprofile_clerk.chips.browser_52cdee_5.69.2-canary.v20250625172331.js.gz
- clerk-js/5.69.2-canary.v20250625172331/userprofile_clerk.chips.browser_52cdee_5.69.2-canary.v20250625172331.js.sri
- clerk-js/5.69.2-canary.v20250625172331/userprofile_clerk.chips.browser_52cdee_5.69.2-canary.v20250625172331.min.js.br
- clerk-js/5.69.2-canary.v20250625172331/userprofile_clerk.chips.browser_52cdee_5.69.2-canary.v20250625172331.min.js.gz
- clerk-js/5.69.2-canary.v20250625172331/userprofile_clerk.chips.browser_52cdee_5.69.2-canary.v20250625172331.min.js.sri
- clerk-js/5.69.2-canary.v20250625172331/userprofile_clerk.legacy.browser_c1796e_5.69.2-canary.v20250625172331.js.br
- clerk-js/5.69.2-canary.v20250625172331/userprofile_clerk.legacy.browser_c1796e_5.69.2-canary.v20250625172331.js.gz
- clerk-js/5.69.2-canary.v20250625172331/userprofile_clerk.legacy.browser_c1796e_5.69.2-canary.v20250625172331.js.sri
- clerk-js/5.69.2-canary.v20250625172331/userprofile_clerk.legacy.browser_c1796e_5.69.2-canary.v20250625172331.min.js.br
- clerk-js/5.69.2-canary.v20250625172331/userprofile_clerk.legacy.browser_c1796e_5.69.2-canary.v20250625172331.min.js.gz
- clerk-js/5.69.2-canary.v20250625172331/userprofile_clerk.legacy.browser_c1796e_5.69.2-canary.v20250625172331.min.js.sri
- clerk-js/5.69.2-canary.v20250625172331/userverification_clerk.browser_4c67ef_5.69.2-canary.v20250625172331.js.br
- clerk-js/5.69.2-canary.v20250625172331/userverification_clerk.browser_4c67ef_5.69.2-canary.v20250625172331.js.gz
- clerk-js/5.69.2-canary.v20250625172331/userverification_clerk.browser_4c67ef_5.69.2-canary.v20250625172331.js.sri
- clerk-js/5.69.2-canary.v20250625172331/userverification_clerk.browser_4c67ef_5.69.2-canary.v20250625172331.min.js.br
- clerk-js/5.69.2-canary.v20250625172331/userverification_clerk.browser_4c67ef_5.69.2-canary.v20250625172331.min.js.gz
- clerk-js/5.69.2-canary.v20250625172331/userverification_clerk.browser_4c67ef_5.69.2-canary.v20250625172331.min.js.sri
- clerk-js/5.69.2-canary.v20250625172331/userverification_clerk.chips.browser_52cdee_5.69.2-canary.v20250625172331.js.br
- clerk-js/5.69.2-canary.v20250625172331/userverification_clerk.chips.browser_52cdee_5.69.2-canary.v20250625172331.js.gz
- clerk-js/5.69.2-canary.v20250625172331/userverification_clerk.chips.browser_52cdee_5.69.2-canary.v20250625172331.js.sri
- clerk-js/5.69.2-canary.v20250625172331/userverification_clerk.chips.browser_52cdee_5.69.2-canary.v20250625172331.min.js.br
- clerk-js/5.69.2-canary.v20250625172331/userverification_clerk.chips.browser_52cdee_5.69.2-canary.v20250625172331.min.js.gz
- clerk-js/5.69.2-canary.v20250625172331/userverification_clerk.chips.browser_52cdee_5.69.2-canary.v20250625172331.min.js.sri
- clerk-js/5.69.2-canary.v20250625172331/userverification_clerk.legacy.browser_c1796e_5.69.2-canary.v20250625172331.js.br
- clerk-js/5.69.2-canary.v20250625172331/userverification_clerk.legacy.browser_c1796e_5.69.2-canary.v20250625172331.js.gz
- clerk-js/5.69.2-canary.v20250625172331/userverification_clerk.legacy.browser_c1796e_5.69.2-canary.v20250625172331.js.sri
- clerk-js/5.69.2-canary.v20250625172331/userverification_clerk.legacy.browser_c1796e_5.69.2-canary.v20250625172331.min.js.br
- clerk-js/5.69.2-canary.v20250625172331/userverification_clerk.legacy.browser_c1796e_5.69.2-canary.v20250625172331.min.js.gz
- clerk-js/5.69.2-canary.v20250625172331/userverification_clerk.legacy.browser_c1796e_5.69.2-canary.v20250625172331.min.js.sri
- clerk-js/5.69.2-canary.v20250625172331/vendors_clerk.browser_4c67ef_5.69.2-canary.v20250625172331.js.br
- clerk-js/5.69.2-canary.v20250625172331/vendors_clerk.browser_4c67ef_5.69.2-canary.v20250625172331.js.gz
- clerk-js/5.69.2-canary.v20250625172331/vendors_clerk.browser_4c67ef_5.69.2-canary.v20250625172331.js.sri
- clerk-js/5.69.2-canary.v20250625172331/vendors_clerk.browser_4c67ef_5.69.2-canary.v20250625172331.min.js.br
- clerk-js/5.69.2-canary.v20250625172331/vendors_clerk.browser_4c67ef_5.69.2-canary.v20250625172331.min.js.gz
- clerk-js/5.69.2-canary.v20250625172331/vendors_clerk.browser_4c67ef_5.69.2-canary.v20250625172331.min.js.sri
- clerk-js/5.69.2-canary.v20250625172331/vendors_clerk.chips.browser_52cdee_5.69.2-canary.v20250625172331.js.br
- clerk-js/5.69.2-canary.v20250625172331/vendors_clerk.chips.browser_52cdee_5.69.2-canary.v20250625172331.js.gz
- clerk-js/5.69.2-canary.v20250625172331/vendors_clerk.chips.browser_52cdee_5.69.2-canary.v20250625172331.js.sri
- clerk-js/5.69.2-canary.v20250625172331/vendors_clerk.chips.browser_52cdee_5.69.2-canary.v20250625172331.min.js.br
- clerk-js/5.69.2-canary.v20250625172331/vendors_clerk.chips.browser_52cdee_5.69.2-canary.v20250625172331.min.js.gz
- clerk-js/5.69.2-canary.v20250625172331/vendors_clerk.chips.browser_52cdee_5.69.2-canary.v20250625172331.min.js.sri
- clerk-js/5.69.2-canary.v20250625172331/vendors_clerk.headless.browser_2bed33_5.69.2-canary.v20250625172331.js.br
- clerk-js/5.69.2-canary.v20250625172331/vendors_clerk.headless.browser_2bed33_5.69.2-canary.v20250625172331.js.gz
- clerk-js/5.69.2-canary.v20250625172331/vendors_clerk.headless.browser_2bed33_5.69.2-canary.v20250625172331.js.sri
- clerk-js/5.69.2-canary.v20250625172331/vendors_clerk.headless.browser_2bed33_5.69.2-canary.v20250625172331.min.js.br
- clerk-js/5.69.2-canary.v20250625172331/vendors_clerk.headless.browser_2bed33_5.69.2-canary.v20250625172331.min.js.gz
- clerk-js/5.69.2-canary.v20250625172331/vendors_clerk.headless.browser_2bed33_5.69.2-canary.v20250625172331.min.js.sri
- clerk-js/5.69.2-canary.v20250625172331/vendors_clerk.legacy.browser_c1796e_5.69.2-canary.v20250625172331.js.br
- clerk-js/5.69.2-canary.v20250625172331/vendors_clerk.legacy.browser_c1796e_5.69.2-canary.v20250625172331.js.gz
- clerk-js/5.69.2-canary.v20250625172331/vendors_clerk.legacy.browser_c1796e_5.69.2-canary.v20250625172331.js.sri
- clerk-js/5.69.2-canary.v20250625172331/vendors_clerk.legacy.browser_c1796e_5.69.2-canary.v20250625172331.min.js.br
- clerk-js/5.69.2-canary.v20250625172331/vendors_clerk.legacy.browser_c1796e_5.69.2-canary.v20250625172331.min.js.gz
- clerk-js/5.69.2-canary.v20250625172331/vendors_clerk.legacy.browser_c1796e_5.69.2-canary.v20250625172331.min.js.sri
- clerk-js/5.69.2-canary.v20250625172331/waitlist_clerk.browser_4c67ef_5.69.2-canary.v20250625172331.js.br
- clerk-js/5.69.2-canary.v20250625172331/waitlist_clerk.browser_4c67ef_5.69.2-canary.v20250625172331.js.gz
- clerk-js/5.69.2-canary.v20250625172331/waitlist_clerk.browser_4c67ef_5.69.2-canary.v20250625172331.js.sri
- clerk-js/5.69.2-canary.v20250625172331/waitlist_clerk.browser_4c67ef_5.69.2-canary.v20250625172331.min.js.br
- clerk-js/5.69.2-canary.v20250625172331/waitlist_clerk.browser_4c67ef_5.69.2-canary.v20250625172331.min.js.gz
- clerk-js/5.69.2-canary.v20250625172331/waitlist_clerk.browser_4c67ef_5.69.2-canary.v20250625172331.min.js.sri
- clerk-js/5.69.2-canary.v20250625172331/waitlist_clerk.chips.browser_52cdee_5.69.2-canary.v20250625172331.js.br
- clerk-js/5.69.2-canary.v20250625172331/waitlist_clerk.chips.browser_52cdee_5.69.2-canary.v20250625172331.js.gz
- clerk-js/5.69.2-canary.v20250625172331/waitlist_clerk.chips.browser_52cdee_5.69.2-canary.v20250625172331.js.sri
- clerk-js/5.69.2-canary.v20250625172331/waitlist_clerk.chips.browser_52cdee_5.69.2-canary.v20250625172331.min.js.br
- clerk-js/5.69.2-canary.v20250625172331/waitlist_clerk.chips.browser_52cdee_5.69.2-canary.v20250625172331.min.js.gz
- clerk-js/5.69.2-canary.v20250625172331/waitlist_clerk.chips.browser_52cdee_5.69.2-canary.v20250625172331.min.js.sri
- clerk-js/5.69.2-canary.v20250625172331/waitlist_clerk.legacy.browser_c1796e_5.69.2-canary.v20250625172331.js.br
- clerk-js/5.69.2-canary.v20250625172331/waitlist_clerk.legacy.browser_c1796e_5.69.2-canary.v20250625172331.js.gz
- clerk-js/5.69.2-canary.v20250625172331/waitlist_clerk.legacy.browser_c1796e_5.69.2-canary.v20250625172331.js.sri
- clerk-js/5.69.2-canary.v20250625172331/waitlist_clerk.legacy.browser_c1796e_5.69.2-canary.v20250625172331.min.js.br
- clerk-js/5.69.2-canary.v20250625172331/waitlist_clerk.legacy.browser_c1796e_5.69.2-canary.v20250625172331.min.js.gz
- clerk-js/5.69.2-canary.v20250625172331/waitlist_clerk.legacy.browser_c1796e_5.69.2-canary.v20250625172331.min.js.sri
- clerk-js/5.69.2-canary.v20250625172331/zxcvbn-common_clerk.browser_4c67ef_5.69.2-canary.v20250625172331.js.br
- clerk-js/5.69.2-canary.v20250625172331/zxcvbn-common_clerk.browser_4c67ef_5.69.2-canary.v20250625172331.js.gz
- clerk-js/5.69.2-canary.v20250625172331/zxcvbn-common_clerk.browser_4c67ef_5.69.2-canary.v20250625172331.js.sri
- clerk-js/5.69.2-canary.v20250625172331/zxcvbn-common_clerk.browser_4c67ef_5.69.2-canary.v20250625172331.min.js.br
- clerk-js/5.69.2-canary.v20250625172331/zxcvbn-common_clerk.browser_4c67ef_5.69.2-canary.v20250625172331.min.js.gz
- clerk-js/5.69.2-canary.v20250625172331/zxcvbn-common_clerk.browser_4c67ef_5.69.2-canary.v20250625172331.min.js.sri
- clerk-js/5.69.2-canary.v20250625172331/zxcvbn-common_clerk.chips.browser_52cdee_5.69.2-canary.v20250625172331.js.br
- clerk-js/5.69.2-canary.v20250625172331/zxcvbn-common_clerk.chips.browser_52cdee_5.69.2-canary.v20250625172331.js.gz
- clerk-js/5.69.2-canary.v20250625172331/zxcvbn-common_clerk.chips.browser_52cdee_5.69.2-canary.v20250625172331.js.sri
- clerk-js/5.69.2-canary.v20250625172331/zxcvbn-common_clerk.chips.browser_52cdee_5.69.2-canary.v20250625172331.min.js.br
- clerk-js/5.69.2-canary.v20250625172331/zxcvbn-common_clerk.chips.browser_52cdee_5.69.2-canary.v20250625172331.min.js.gz
- clerk-js/5.69.2-canary.v20250625172331/zxcvbn-common_clerk.chips.browser_52cdee_5.69.2-canary.v20250625172331.min.js.sri
- clerk-js/5.69.2-canary.v20250625172331/zxcvbn-common_clerk.headless.browser_2bed33_5.69.2-canary.v20250625172331.js.br
- clerk-js/5.69.2-canary.v20250625172331/zxcvbn-common_clerk.headless.browser_2bed33_5.69.2-canary.v20250625172331.js.gz
- clerk-js/5.69.2-canary.v20250625172331/zxcvbn-common_clerk.headless.browser_2bed33_5.69.2-canary.v20250625172331.js.sri
- clerk-js/5.69.2-canary.v20250625172331/zxcvbn-common_clerk.headless.browser_2bed33_5.69.2-canary.v20250625172331.min.js.br
- clerk-js/5.69.2-canary.v20250625172331/zxcvbn-common_clerk.headless.browser_2bed33_5.69.2-canary.v20250625172331.min.js.gz
- clerk-js/5.69.2-canary.v20250625172331/zxcvbn-common_clerk.headless.browser_2bed33_5.69.2-canary.v20250625172331.min.js.sri
- clerk-js/5.69.2-canary.v20250625172331/zxcvbn-common_clerk.legacy.browser_c1796e_5.69.2-canary.v20250625172331.js.br
- clerk-js/5.69.2-canary.v20250625172331/zxcvbn-common_clerk.legacy.browser_c1796e_5.69.2-canary.v20250625172331.js.gz
- clerk-js/5.69.2-canary.v20250625172331/zxcvbn-common_clerk.legacy.browser_c1796e_5.69.2-canary.v20250625172331.js.sri
- clerk-js/5.69.2-canary.v20250625172331/zxcvbn-common_clerk.legacy.browser_c1796e_5.69.2-canary.v20250625172331.min.js.br
- clerk-js/5.69.2-canary.v20250625172331/zxcvbn-common_clerk.legacy.browser_c1796e_5.69.2-canary.v20250625172331.min.js.gz
- clerk-js/5.69.2-canary.v20250625172331/zxcvbn-common_clerk.legacy.browser_c1796e_5.69.2-canary.v20250625172331.min.js.sri
- clerk-js/5.69.2-canary.v20250625172331/zxcvbn-ts-core_clerk.browser_4c67ef_5.69.2-canary.v20250625172331.js.br
- clerk-js/5.69.2-canary.v20250625172331/zxcvbn-ts-core_clerk.browser_4c67ef_5.69.2-canary.v20250625172331.js.gz
- clerk-js/5.69.2-canary.v20250625172331/zxcvbn-ts-core_clerk.browser_4c67ef_5.69.2-canary.v20250625172331.js.sri
- clerk-js/5.69.2-canary.v20250625172331/zxcvbn-ts-core_clerk.browser_4c67ef_5.69.2-canary.v20250625172331.min.js.br
- clerk-js/5.69.2-canary.v20250625172331/zxcvbn-ts-core_clerk.browser_4c67ef_5.69.2-canary.v20250625172331.min.js.gz
- clerk-js/5.69.2-canary.v20250625172331/zxcvbn-ts-core_clerk.browser_4c67ef_5.69.2-canary.v20250625172331.min.js.sri
- clerk-js/5.69.2-canary.v20250625172331/zxcvbn-ts-core_clerk.chips.browser_52cdee_5.69.2-canary.v20250625172331.js.br
- clerk-js/5.69.2-canary.v20250625172331/zxcvbn-ts-core_clerk.chips.browser_52cdee_5.69.2-canary.v20250625172331.js.gz
- clerk-js/5.69.2-canary.v20250625172331/zxcvbn-ts-core_clerk.chips.browser_52cdee_5.69.2-canary.v20250625172331.js.sri
- clerk-js/5.69.2-canary.v20250625172331/zxcvbn-ts-core_clerk.chips.browser_52cdee_5.69.2-canary.v20250625172331.min.js.br
- clerk-js/5.69.2-canary.v20250625172331/zxcvbn-ts-core_clerk.chips.browser_52cdee_5.69.2-canary.v20250625172331.min.js.gz
- clerk-js/5.69.2-canary.v20250625172331/zxcvbn-ts-core_clerk.chips.browser_52cdee_5.69.2-canary.v20250625172331.min.js.sri
- clerk-js/5.69.2-canary.v20250625172331/zxcvbn-ts-core_clerk.headless.browser_2bed33_5.69.2-canary.v20250625172331.js.br
- clerk-js/5.69.2-canary.v20250625172331/zxcvbn-ts-core_clerk.headless.browser_2bed33_5.69.2-canary.v20250625172331.js.gz
- clerk-js/5.69.2-canary.v20250625172331/zxcvbn-ts-core_clerk.headless.browser_2bed33_5.69.2-canary.v20250625172331.js.sri
- clerk-js/5.69.2-canary.v20250625172331/zxcvbn-ts-core_clerk.headless.browser_2bed33_5.69.2-canary.v20250625172331.min.js.br
- clerk-js/5.69.2-canary.v20250625172331/zxcvbn-ts-core_clerk.headless.browser_2bed33_5.69.2-canary.v20250625172331.min.js.gz
- clerk-js/5.69.2-canary.v20250625172331/zxcvbn-ts-core_clerk.headless.browser_2bed33_5.69.2-canary.v20250625172331.min.js.sri
- clerk-js/5.69.2-canary.v20250625172331/zxcvbn-ts-core_clerk.legacy.browser_c1796e_5.69.2-canary.v20250625172331.js.br
- clerk-js/5.69.2-canary.v20250625172331/zxcvbn-ts-core_clerk.legacy.browser_c1796e_5.69.2-canary.v20250625172331.js.gz
- clerk-js/5.69.2-canary.v20250625172331/zxcvbn-ts-core_clerk.legacy.browser_c1796e_5.69.2-canary.v20250625172331.js.sri
- clerk-js/5.69.2-canary.v20250625172331/zxcvbn-ts-core_clerk.legacy.browser_c1796e_5.69.2-canary.v20250625172331.min.js.br
- clerk-js/5.69.2-canary.v20250625172331/zxcvbn-ts-core_clerk.legacy.browser_c1796e_5.69.2-canary.v20250625172331.min.js.gz
- clerk-js/5.69.2-canary.v20250625172331/zxcvbn-ts-core_clerk.legacy.browser_c1796e_5.69.2-canary.v20250625172331.min.js.sri
