2025/06/17 21:36:35 optimizing files (Js true, Css true, Png true, Jpg true)
2025/06/17 21:36:35 algorithm: run /usr/bin/brotli --quality=11 --output=/output/survey.css.map.br /tmp/work/survey.css.map
2025/06/17 21:36:35 /tmp/work/survey.css already has a compressed version: /tmp/work/survey.min.css
2025/06/17 21:36:35 sri /tmp/work/survey.min.css -> /output/survey.min.css.sri
2025/06/17 21:36:35 algorithm: run /usr/bin/brotli --quality=11 --output=/output/survey.min.css.br /tmp/work/survey.min.css
2025/06/17 21:36:35 sri /tmp/work/survey.css -> /output/survey.css.sri
2025/06/17 21:36:35 algorithm: run /usr/bin/brotli --quality=11 --output=/output/survey.css.br /tmp/work/survey.css
2025/06/17 21:36:35 algorithm: run /usr/bin/brotli --quality=11 --output=/output/survey.ko.d.ts.br /tmp/work/survey.ko.d.ts
2025/06/17 21:36:35 /tmp/work/survey.ko.min.js already has corresponding compressed file
2025/06/17 21:36:35 algorithm: run /usr/bin/brotli --quality=11 --output=/output/survey.ko.js.map.br /tmp/work/survey.ko.js.map
2025/06/17 21:36:35 /tmp/work/survey.ko.min.js is already compressed
2025/06/17 21:36:35 algorithm: run /usr/bin/brotli --quality=11 --output=/output/survey-knockout.d.ts.br /tmp/work/survey-knockout.d.ts
2025/06/17 21:36:35 sri /tmp/work/survey.ko.min.js -> /output/survey.ko.min.js.sri
2025/06/17 21:36:35 algorithm: run /usr/bin/brotli --quality=11 --output=/output/survey.ko.min.js.br /tmp/work/survey.ko.min.js
2025/06/17 21:36:35 sri /tmp/work/survey.ko.js -> /output/survey.ko.js.sri
2025/06/17 21:36:35 algorithm: run /usr/bin/brotli --quality=11 --output=/output/survey.ko.js.br /tmp/work/survey.ko.js
2025/06/17 21:36:36 br /tmp/work/survey.min.css -> /output/survey.min.css.br
2025/06/17 21:36:36 gz /tmp/work/survey.min.css -> /output/survey.min.css.gz
2025/06/17 21:36:36 br /tmp/work/survey.css -> /output/survey.css.br
2025/06/17 21:36:36 gz /tmp/work/survey.css -> /output/survey.css.gz
2025/06/17 21:36:37 br /tmp/work/survey.css.map -> /output/survey.css.map.br
2025/06/17 21:36:37 gz /tmp/work/survey.css.map -> /output/survey.css.map.gz
2025/06/17 21:36:41 br /tmp/work/survey-knockout.d.ts -> /output/survey-knockout.d.ts.br
2025/06/17 21:36:42 gz /tmp/work/survey-knockout.d.ts -> /output/survey-knockout.d.ts.gz
2025/06/17 21:36:44 br /tmp/work/survey.ko.d.ts -> /output/survey.ko.d.ts.br
2025/06/17 21:36:44 gz /tmp/work/survey.ko.d.ts -> /output/survey.ko.d.ts.gz
2025/06/17 21:36:49 br /tmp/work/survey.ko.min.js -> /output/survey.ko.min.js.br
2025/06/17 21:36:49 gz /tmp/work/survey.ko.min.js -> /output/survey.ko.min.js.gz
2025/06/17 21:36:56 br /tmp/work/survey.ko.js -> /output/survey.ko.js.br
2025/06/17 21:36:56 gz /tmp/work/survey.ko.js -> /output/survey.ko.js.gz
2025/06/17 21:37:01 br /tmp/work/survey.ko.js.map -> /output/survey.ko.js.map.br
2025/06/17 21:37:02 gz /tmp/work/survey.ko.js.map -> /output/survey.ko.js.map.gz
2025/06/17 21:37:02 processed survey-knockout
