config: {"authors":[{"name":"Handsoncode","email":"hello@handsontable.com"}],"autoupdate":{"source":"npm","target":"handsontable","fileMap":[{"basePath":"dist","files":["*.js","*.css"]}]},"description":"Spreadsheet-like data grid editor that provides copy/paste functionality compatible with Excel/Google Docs","filename":"handsontable.min.js","homepage":"http://handsontable.com/","keywords":["grid","datagrid","table","ui","input","ajax","handsontable","spreadsheet"],"license":"SEE LICENSE IN https://github.com/handsontable/handsontable/blob/7.0.0/LICENSE.txt","name":"handsontable","repository":{"type":"git","url":"https://github.com/handsontable/handsontable"},"author":"Handsoncode \u003chello@handsontable.com\u003e"}
KV keys:
- handsontable/0.0.0-next-a24a177-20250929/handsontable.css.br
- handsontable/0.0.0-next-a24a177-20250929/handsontable.css.gz
- handsontable/0.0.0-next-a24a177-20250929/handsontable.full.css.br
- handsontable/0.0.0-next-a24a177-20250929/handsontable.full.css.gz
- handsontable/0.0.0-next-a24a177-20250929/handsontable.full.js.br
- handsontable/0.0.0-next-a24a177-20250929/handsontable.full.js.gz
- handsontable/0.0.0-next-a24a177-20250929/handsontable.full.min.css.br
- handsontable/0.0.0-next-a24a177-20250929/handsontable.full.min.css.gz
- handsontable/0.0.0-next-a24a177-20250929/handsontable.full.min.js.br
- handsontable/0.0.0-next-a24a177-20250929/handsontable.full.min.js.gz
- handsontable/0.0.0-next-a24a177-20250929/handsontable.js.br
- handsontable/0.0.0-next-a24a177-20250929/handsontable.js.gz
- handsontable/0.0.0-next-a24a177-20250929/handsontable.min.css.br
- handsontable/0.0.0-next-a24a177-20250929/handsontable.min.css.gz
- handsontable/0.0.0-next-a24a177-20250929/handsontable.min.js.br
- handsontable/0.0.0-next-a24a177-20250929/handsontable.min.js.gz
SRIs:
- handsontable/0.0.0-next-a24a177-20250929/handsontable.full.min.js: sha512-bOIHL5iyZc6LuFOhjyJyK/Uw8zEodPAYNYRoij0m499cDiVwdwUJeIsm9efWnBJ9fPVJTIruoOl0bWzRjKznAw==
- handsontable/0.0.0-next-a24a177-20250929/handsontable.js: sha512-/VDazPQVsCoiTRufysoR+L7QdBTr3vC0pmHfe/8HoSlNdVCUud7WxMKGSRWZmtC5tMSoqxEr2bjCifGBjYsNNA==
- handsontable/0.0.0-next-a24a177-20250929/handsontable.min.css: sha512-XyuTv8ETjku1S8NDtQuZcxAPgmZdQBae60FYcc6SMn7wf7O0tykQIJPFOkoXgcisnYZvj2pnis/DvupnV347xg==
- handsontable/0.0.0-next-a24a177-20250929/handsontable.min.js: sha512-j0p6nndxfD1wLnmYbggaoFSpz1RT1ls2nI6RSs72oyyvOcbcT6+lrt1HfQwHmIO+24/O3R+WTUlXSGHSRqr9Ow==
- handsontable/0.0.0-next-a24a177-20250929/handsontable.css: sha512-DAL6OIQRkOKFB4hn40LPxii8ftK5JM8Qd/Soy+fOUSV2H2JnRyX3c+LW8/OFaYkQ8R/kSHSrmP+q7WZsQykWGA==
- handsontable/0.0.0-next-a24a177-20250929/handsontable.full.css: sha512-aOI1EjlnRLsNfcUolssTgDIWfjiNN9YWPbpy/gEF05bnrB4AlwOtJzmJlMIO1u9fn+jyBNnJ6liwDLZbgw9Qpw==
- handsontable/0.0.0-next-a24a177-20250929/handsontable.full.js: sha512-Fh17bwD0QQcrQEle6alWWysTSMqyTfOWXZhtsYWPfAtAvvKO/9ke2XPMiJSradDKyV9ueo8Cy9qJPLKnVJAE2Q==
- handsontable/0.0.0-next-a24a177-20250929/handsontable.full.min.css: sha512-Ny7g3B5EHrDGj7jRGqrH83P0XSSBDr+7NTl3PhOp821zlq9aF7oYFDYRLSShbkB5EorImlfVIKl7oJuNUSHXYw==
