config: {"authors":[{"name":"Google Inc."}],"autoupdate":{"source":"npm","target":"@fontsource/grenze","fileMap":[{"basePath":"","files":["*.css","files/*.@(woff|woff2)"]}],"excludeFromSearch":true},"description":"Self-host the Grenze font in a neatly bundled NPM package.","filename":"index.css","homepage":"https://fontsource.org/fonts/grenze","keywords":["fontsource","font","font family","google fonts","grenze","Grenze","css","sass","front-end","web","typeface","variable"],"license":"OFL-1.1","name":"fontsource-grenze","repository":{"type":"git","url":"git+https://github.com/fontsource/font-files.git"},"author":"Google Inc."}
KV keys:
- fontsource-grenze/5.2.4/100-italic.css.br
- fontsource-grenze/5.2.4/100-italic.css.gz
- fontsource-grenze/5.2.4/100-italic.min.css.br
- fontsource-grenze/5.2.4/100-italic.min.css.gz
- fontsource-grenze/5.2.4/100.css.br
- fontsource-grenze/5.2.4/100.css.gz
- fontsource-grenze/5.2.4/100.min.css.br
- fontsource-grenze/5.2.4/100.min.css.gz
- fontsource-grenze/5.2.4/200-italic.css.br
- fontsource-grenze/5.2.4/200-italic.css.gz
- fontsource-grenze/5.2.4/200-italic.min.css.br
- fontsource-grenze/5.2.4/200-italic.min.css.gz
- fontsource-grenze/5.2.4/200.css.br
- fontsource-grenze/5.2.4/200.css.gz
- fontsource-grenze/5.2.4/200.min.css.br
- fontsource-grenze/5.2.4/200.min.css.gz
- fontsource-grenze/5.2.4/300-italic.css.br
- fontsource-grenze/5.2.4/300-italic.css.gz
- fontsource-grenze/5.2.4/300-italic.min.css.br
- fontsource-grenze/5.2.4/300-italic.min.css.gz
- fontsource-grenze/5.2.4/300.css.br
- fontsource-grenze/5.2.4/300.css.gz
- fontsource-grenze/5.2.4/300.min.css.br
- fontsource-grenze/5.2.4/300.min.css.gz
- fontsource-grenze/5.2.4/400-italic.css.br
- fontsource-grenze/5.2.4/400-italic.css.gz
- fontsource-grenze/5.2.4/400-italic.min.css.br
- fontsource-grenze/5.2.4/400-italic.min.css.gz
- fontsource-grenze/5.2.4/400.css.br
- fontsource-grenze/5.2.4/400.css.gz
- fontsource-grenze/5.2.4/400.min.css.br
- fontsource-grenze/5.2.4/400.min.css.gz
- fontsource-grenze/5.2.4/500-italic.css.br
- fontsource-grenze/5.2.4/500-italic.css.gz
- fontsource-grenze/5.2.4/500-italic.min.css.br
- fontsource-grenze/5.2.4/500-italic.min.css.gz
- fontsource-grenze/5.2.4/500.css.br
- fontsource-grenze/5.2.4/500.css.gz
- fontsource-grenze/5.2.4/500.min.css.br
- fontsource-grenze/5.2.4/500.min.css.gz
- fontsource-grenze/5.2.4/600-italic.css.br
- fontsource-grenze/5.2.4/600-italic.css.gz
- fontsource-grenze/5.2.4/600-italic.min.css.br
- fontsource-grenze/5.2.4/600-italic.min.css.gz
- fontsource-grenze/5.2.4/600.css.br
- fontsource-grenze/5.2.4/600.css.gz
- fontsource-grenze/5.2.4/600.min.css.br
- fontsource-grenze/5.2.4/600.min.css.gz
- fontsource-grenze/5.2.4/700-italic.css.br
- fontsource-grenze/5.2.4/700-italic.css.gz
- fontsource-grenze/5.2.4/700-italic.min.css.br
- fontsource-grenze/5.2.4/700-italic.min.css.gz
- fontsource-grenze/5.2.4/700.css.br
- fontsource-grenze/5.2.4/700.css.gz
- fontsource-grenze/5.2.4/700.min.css.br
- fontsource-grenze/5.2.4/700.min.css.gz
- fontsource-grenze/5.2.4/800-italic.css.br
- fontsource-grenze/5.2.4/800-italic.css.gz
- fontsource-grenze/5.2.4/800-italic.min.css.br
- fontsource-grenze/5.2.4/800-italic.min.css.gz
- fontsource-grenze/5.2.4/800.css.br
- fontsource-grenze/5.2.4/800.css.gz
- fontsource-grenze/5.2.4/800.min.css.br
- fontsource-grenze/5.2.4/800.min.css.gz
- fontsource-grenze/5.2.4/900-italic.css.br
- fontsource-grenze/5.2.4/900-italic.css.gz
- fontsource-grenze/5.2.4/900-italic.min.css.br
- fontsource-grenze/5.2.4/900-italic.min.css.gz
- fontsource-grenze/5.2.4/900.css.br
- fontsource-grenze/5.2.4/900.css.gz
- fontsource-grenze/5.2.4/900.min.css.br
- fontsource-grenze/5.2.4/900.min.css.gz
- fontsource-grenze/5.2.4/files/grenze-latin-100-italic.woff.br
- fontsource-grenze/5.2.4/files/grenze-latin-100-italic.woff.gz
- fontsource-grenze/5.2.4/files/grenze-latin-100-italic.woff2
- fontsource-grenze/5.2.4/files/grenze-latin-100-normal.woff.br
- fontsource-grenze/5.2.4/files/grenze-latin-100-normal.woff.gz
- fontsource-grenze/5.2.4/files/grenze-latin-100-normal.woff2
- fontsource-grenze/5.2.4/files/grenze-latin-200-italic.woff.br
- fontsource-grenze/5.2.4/files/grenze-latin-200-italic.woff.gz
- fontsource-grenze/5.2.4/files/grenze-latin-200-italic.woff2
- fontsource-grenze/5.2.4/files/grenze-latin-200-normal.woff.br
- fontsource-grenze/5.2.4/files/grenze-latin-200-normal.woff.gz
- fontsource-grenze/5.2.4/files/grenze-latin-200-normal.woff2
- fontsource-grenze/5.2.4/files/grenze-latin-300-italic.woff.br
- fontsource-grenze/5.2.4/files/grenze-latin-300-italic.woff.gz
- fontsource-grenze/5.2.4/files/grenze-latin-300-italic.woff2
- fontsource-grenze/5.2.4/files/grenze-latin-300-normal.woff.br
- fontsource-grenze/5.2.4/files/grenze-latin-300-normal.woff.gz
- fontsource-grenze/5.2.4/files/grenze-latin-300-normal.woff2
- fontsource-grenze/5.2.4/files/grenze-latin-400-italic.woff.br
- fontsource-grenze/5.2.4/files/grenze-latin-400-italic.woff.gz
- fontsource-grenze/5.2.4/files/grenze-latin-400-italic.woff2
- fontsource-grenze/5.2.4/files/grenze-latin-400-normal.woff.br
- fontsource-grenze/5.2.4/files/grenze-latin-400-normal.woff.gz
- fontsource-grenze/5.2.4/files/grenze-latin-400-normal.woff2
- fontsource-grenze/5.2.4/files/grenze-latin-500-italic.woff.br
- fontsource-grenze/5.2.4/files/grenze-latin-500-italic.woff.gz
- fontsource-grenze/5.2.4/files/grenze-latin-500-italic.woff2
- fontsource-grenze/5.2.4/files/grenze-latin-500-normal.woff.br
- fontsource-grenze/5.2.4/files/grenze-latin-500-normal.woff.gz
- fontsource-grenze/5.2.4/files/grenze-latin-500-normal.woff2
- fontsource-grenze/5.2.4/files/grenze-latin-600-italic.woff.br
- fontsource-grenze/5.2.4/files/grenze-latin-600-italic.woff.gz
- fontsource-grenze/5.2.4/files/grenze-latin-600-italic.woff2
- fontsource-grenze/5.2.4/files/grenze-latin-600-normal.woff.br
- fontsource-grenze/5.2.4/files/grenze-latin-600-normal.woff.gz
- fontsource-grenze/5.2.4/files/grenze-latin-600-normal.woff2
- fontsource-grenze/5.2.4/files/grenze-latin-700-italic.woff.br
- fontsource-grenze/5.2.4/files/grenze-latin-700-italic.woff.gz
- fontsource-grenze/5.2.4/files/grenze-latin-700-italic.woff2
- fontsource-grenze/5.2.4/files/grenze-latin-700-normal.woff.br
- fontsource-grenze/5.2.4/files/grenze-latin-700-normal.woff.gz
- fontsource-grenze/5.2.4/files/grenze-latin-700-normal.woff2
- fontsource-grenze/5.2.4/files/grenze-latin-800-italic.woff.br
- fontsource-grenze/5.2.4/files/grenze-latin-800-italic.woff.gz
- fontsource-grenze/5.2.4/files/grenze-latin-800-italic.woff2
- fontsource-grenze/5.2.4/files/grenze-latin-800-normal.woff.br
- fontsource-grenze/5.2.4/files/grenze-latin-800-normal.woff.gz
- fontsource-grenze/5.2.4/files/grenze-latin-800-normal.woff2
- fontsource-grenze/5.2.4/files/grenze-latin-900-italic.woff.br
- fontsource-grenze/5.2.4/files/grenze-latin-900-italic.woff.gz
- fontsource-grenze/5.2.4/files/grenze-latin-900-italic.woff2
- fontsource-grenze/5.2.4/files/grenze-latin-900-normal.woff.br
- fontsource-grenze/5.2.4/files/grenze-latin-900-normal.woff.gz
- fontsource-grenze/5.2.4/files/grenze-latin-900-normal.woff2
- fontsource-grenze/5.2.4/files/grenze-latin-ext-100-italic.woff.br
- fontsource-grenze/5.2.4/files/grenze-latin-ext-100-italic.woff.gz
- fontsource-grenze/5.2.4/files/grenze-latin-ext-100-italic.woff2
- fontsource-grenze/5.2.4/files/grenze-latin-ext-100-normal.woff.br
- fontsource-grenze/5.2.4/files/grenze-latin-ext-100-normal.woff.gz
- fontsource-grenze/5.2.4/files/grenze-latin-ext-100-normal.woff2
- fontsource-grenze/5.2.4/files/grenze-latin-ext-200-italic.woff.br
- fontsource-grenze/5.2.4/files/grenze-latin-ext-200-italic.woff.gz
- fontsource-grenze/5.2.4/files/grenze-latin-ext-200-italic.woff2
- fontsource-grenze/5.2.4/files/grenze-latin-ext-200-normal.woff.br
- fontsource-grenze/5.2.4/files/grenze-latin-ext-200-normal.woff.gz
- fontsource-grenze/5.2.4/files/grenze-latin-ext-200-normal.woff2
- fontsource-grenze/5.2.4/files/grenze-latin-ext-300-italic.woff.br
- fontsource-grenze/5.2.4/files/grenze-latin-ext-300-italic.woff.gz
- fontsource-grenze/5.2.4/files/grenze-latin-ext-300-italic.woff2
- fontsource-grenze/5.2.4/files/grenze-latin-ext-300-normal.woff.br
- fontsource-grenze/5.2.4/files/grenze-latin-ext-300-normal.woff.gz
- fontsource-grenze/5.2.4/files/grenze-latin-ext-300-normal.woff2
- fontsource-grenze/5.2.4/files/grenze-latin-ext-400-italic.woff.br
- fontsource-grenze/5.2.4/files/grenze-latin-ext-400-italic.woff.gz
- fontsource-grenze/5.2.4/files/grenze-latin-ext-400-italic.woff2
- fontsource-grenze/5.2.4/files/grenze-latin-ext-400-normal.woff.br
- fontsource-grenze/5.2.4/files/grenze-latin-ext-400-normal.woff.gz
- fontsource-grenze/5.2.4/files/grenze-latin-ext-400-normal.woff2
- fontsource-grenze/5.2.4/files/grenze-latin-ext-500-italic.woff.br
- fontsource-grenze/5.2.4/files/grenze-latin-ext-500-italic.woff.gz
- fontsource-grenze/5.2.4/files/grenze-latin-ext-500-italic.woff2
- fontsource-grenze/5.2.4/files/grenze-latin-ext-500-normal.woff.br
- fontsource-grenze/5.2.4/files/grenze-latin-ext-500-normal.woff.gz
- fontsource-grenze/5.2.4/files/grenze-latin-ext-500-normal.woff2
- fontsource-grenze/5.2.4/files/grenze-latin-ext-600-italic.woff.br
- fontsource-grenze/5.2.4/files/grenze-latin-ext-600-italic.woff.gz
- fontsource-grenze/5.2.4/files/grenze-latin-ext-600-italic.woff2
- fontsource-grenze/5.2.4/files/grenze-latin-ext-600-normal.woff.br
- fontsource-grenze/5.2.4/files/grenze-latin-ext-600-normal.woff.gz
- fontsource-grenze/5.2.4/files/grenze-latin-ext-600-normal.woff2
- fontsource-grenze/5.2.4/files/grenze-latin-ext-700-italic.woff.br
- fontsource-grenze/5.2.4/files/grenze-latin-ext-700-italic.woff.gz
- fontsource-grenze/5.2.4/files/grenze-latin-ext-700-italic.woff2
- fontsource-grenze/5.2.4/files/grenze-latin-ext-700-normal.woff.br
- fontsource-grenze/5.2.4/files/grenze-latin-ext-700-normal.woff.gz
- fontsource-grenze/5.2.4/files/grenze-latin-ext-700-normal.woff2
- fontsource-grenze/5.2.4/files/grenze-latin-ext-800-italic.woff.br
- fontsource-grenze/5.2.4/files/grenze-latin-ext-800-italic.woff.gz
- fontsource-grenze/5.2.4/files/grenze-latin-ext-800-italic.woff2
- fontsource-grenze/5.2.4/files/grenze-latin-ext-800-normal.woff.br
- fontsource-grenze/5.2.4/files/grenze-latin-ext-800-normal.woff.gz
- fontsource-grenze/5.2.4/files/grenze-latin-ext-800-normal.woff2
- fontsource-grenze/5.2.4/files/grenze-latin-ext-900-italic.woff.br
- fontsource-grenze/5.2.4/files/grenze-latin-ext-900-italic.woff.gz
- fontsource-grenze/5.2.4/files/grenze-latin-ext-900-italic.woff2
- fontsource-grenze/5.2.4/files/grenze-latin-ext-900-normal.woff.br
- fontsource-grenze/5.2.4/files/grenze-latin-ext-900-normal.woff.gz
- fontsource-grenze/5.2.4/files/grenze-latin-ext-900-normal.woff2
- fontsource-grenze/5.2.4/files/grenze-vietnamese-100-italic.woff.br
- fontsource-grenze/5.2.4/files/grenze-vietnamese-100-italic.woff.gz
- fontsource-grenze/5.2.4/files/grenze-vietnamese-100-italic.woff2
- fontsource-grenze/5.2.4/files/grenze-vietnamese-100-normal.woff.br
- fontsource-grenze/5.2.4/files/grenze-vietnamese-100-normal.woff.gz
- fontsource-grenze/5.2.4/files/grenze-vietnamese-100-normal.woff2
- fontsource-grenze/5.2.4/files/grenze-vietnamese-200-italic.woff.br
- fontsource-grenze/5.2.4/files/grenze-vietnamese-200-italic.woff.gz
- fontsource-grenze/5.2.4/files/grenze-vietnamese-200-italic.woff2
- fontsource-grenze/5.2.4/files/grenze-vietnamese-200-normal.woff.br
- fontsource-grenze/5.2.4/files/grenze-vietnamese-200-normal.woff.gz
- fontsource-grenze/5.2.4/files/grenze-vietnamese-200-normal.woff2
- fontsource-grenze/5.2.4/files/grenze-vietnamese-300-italic.woff.br
- fontsource-grenze/5.2.4/files/grenze-vietnamese-300-italic.woff.gz
- fontsource-grenze/5.2.4/files/grenze-vietnamese-300-italic.woff2
- fontsource-grenze/5.2.4/files/grenze-vietnamese-300-normal.woff.br
- fontsource-grenze/5.2.4/files/grenze-vietnamese-300-normal.woff.gz
- fontsource-grenze/5.2.4/files/grenze-vietnamese-300-normal.woff2
- fontsource-grenze/5.2.4/files/grenze-vietnamese-400-italic.woff.br
- fontsource-grenze/5.2.4/files/grenze-vietnamese-400-italic.woff.gz
- fontsource-grenze/5.2.4/files/grenze-vietnamese-400-italic.woff2
- fontsource-grenze/5.2.4/files/grenze-vietnamese-400-normal.woff.br
- fontsource-grenze/5.2.4/files/grenze-vietnamese-400-normal.woff.gz
- fontsource-grenze/5.2.4/files/grenze-vietnamese-400-normal.woff2
- fontsource-grenze/5.2.4/files/grenze-vietnamese-500-italic.woff.br
- fontsource-grenze/5.2.4/files/grenze-vietnamese-500-italic.woff.gz
- fontsource-grenze/5.2.4/files/grenze-vietnamese-500-italic.woff2
- fontsource-grenze/5.2.4/files/grenze-vietnamese-500-normal.woff.br
- fontsource-grenze/5.2.4/files/grenze-vietnamese-500-normal.woff.gz
- fontsource-grenze/5.2.4/files/grenze-vietnamese-500-normal.woff2
- fontsource-grenze/5.2.4/files/grenze-vietnamese-600-italic.woff.br
- fontsource-grenze/5.2.4/files/grenze-vietnamese-600-italic.woff.gz
- fontsource-grenze/5.2.4/files/grenze-vietnamese-600-italic.woff2
- fontsource-grenze/5.2.4/files/grenze-vietnamese-600-normal.woff.br
- fontsource-grenze/5.2.4/files/grenze-vietnamese-600-normal.woff.gz
- fontsource-grenze/5.2.4/files/grenze-vietnamese-600-normal.woff2
- fontsource-grenze/5.2.4/files/grenze-vietnamese-700-italic.woff.br
- fontsource-grenze/5.2.4/files/grenze-vietnamese-700-italic.woff.gz
- fontsource-grenze/5.2.4/files/grenze-vietnamese-700-italic.woff2
- fontsource-grenze/5.2.4/files/grenze-vietnamese-700-normal.woff.br
- fontsource-grenze/5.2.4/files/grenze-vietnamese-700-normal.woff.gz
- fontsource-grenze/5.2.4/files/grenze-vietnamese-700-normal.woff2
- fontsource-grenze/5.2.4/files/grenze-vietnamese-800-italic.woff.br
- fontsource-grenze/5.2.4/files/grenze-vietnamese-800-italic.woff.gz
- fontsource-grenze/5.2.4/files/grenze-vietnamese-800-italic.woff2
- fontsource-grenze/5.2.4/files/grenze-vietnamese-800-normal.woff.br
- fontsource-grenze/5.2.4/files/grenze-vietnamese-800-normal.woff.gz
- fontsource-grenze/5.2.4/files/grenze-vietnamese-800-normal.woff2
- fontsource-grenze/5.2.4/files/grenze-vietnamese-900-italic.woff.br
- fontsource-grenze/5.2.4/files/grenze-vietnamese-900-italic.woff.gz
- fontsource-grenze/5.2.4/files/grenze-vietnamese-900-italic.woff2
- fontsource-grenze/5.2.4/files/grenze-vietnamese-900-normal.woff.br
- fontsource-grenze/5.2.4/files/grenze-vietnamese-900-normal.woff.gz
- fontsource-grenze/5.2.4/files/grenze-vietnamese-900-normal.woff2
- fontsource-grenze/5.2.4/index.css.br
- fontsource-grenze/5.2.4/index.css.gz
- fontsource-grenze/5.2.4/index.min.css.br
- fontsource-grenze/5.2.4/index.min.css.gz
- fontsource-grenze/5.2.4/latin-100-italic.css.br
- fontsource-grenze/5.2.4/latin-100-italic.css.gz
- fontsource-grenze/5.2.4/latin-100-italic.min.css.br
- fontsource-grenze/5.2.4/latin-100-italic.min.css.gz
- fontsource-grenze/5.2.4/latin-100.css.br
- fontsource-grenze/5.2.4/latin-100.css.gz
- fontsource-grenze/5.2.4/latin-100.min.css.br
- fontsource-grenze/5.2.4/latin-100.min.css.gz
- fontsource-grenze/5.2.4/latin-200-italic.css.br
- fontsource-grenze/5.2.4/latin-200-italic.css.gz
- fontsource-grenze/5.2.4/latin-200-italic.min.css.br
- fontsource-grenze/5.2.4/latin-200-italic.min.css.gz
- fontsource-grenze/5.2.4/latin-200.css.br
- fontsource-grenze/5.2.4/latin-200.css.gz
- fontsource-grenze/5.2.4/latin-200.min.css.br
- fontsource-grenze/5.2.4/latin-200.min.css.gz
- fontsource-grenze/5.2.4/latin-300-italic.css.br
- fontsource-grenze/5.2.4/latin-300-italic.css.gz
- fontsource-grenze/5.2.4/latin-300-italic.min.css.br
- fontsource-grenze/5.2.4/latin-300-italic.min.css.gz
- fontsource-grenze/5.2.4/latin-300.css.br
- fontsource-grenze/5.2.4/latin-300.css.gz
- fontsource-grenze/5.2.4/latin-300.min.css.br
- fontsource-grenze/5.2.4/latin-300.min.css.gz
- fontsource-grenze/5.2.4/latin-400-italic.css.br
- fontsource-grenze/5.2.4/latin-400-italic.css.gz
- fontsource-grenze/5.2.4/latin-400-italic.min.css.br
- fontsource-grenze/5.2.4/latin-400-italic.min.css.gz
- fontsource-grenze/5.2.4/latin-400.css.br
- fontsource-grenze/5.2.4/latin-400.css.gz
- fontsource-grenze/5.2.4/latin-400.min.css.br
- fontsource-grenze/5.2.4/latin-400.min.css.gz
- fontsource-grenze/5.2.4/latin-500-italic.css.br
- fontsource-grenze/5.2.4/latin-500-italic.css.gz
- fontsource-grenze/5.2.4/latin-500-italic.min.css.br
- fontsource-grenze/5.2.4/latin-500-italic.min.css.gz
- fontsource-grenze/5.2.4/latin-500.css.br
- fontsource-grenze/5.2.4/latin-500.css.gz
- fontsource-grenze/5.2.4/latin-500.min.css.br
- fontsource-grenze/5.2.4/latin-500.min.css.gz
- fontsource-grenze/5.2.4/latin-600-italic.css.br
- fontsource-grenze/5.2.4/latin-600-italic.css.gz
- fontsource-grenze/5.2.4/latin-600-italic.min.css.br
- fontsource-grenze/5.2.4/latin-600-italic.min.css.gz
- fontsource-grenze/5.2.4/latin-600.css.br
- fontsource-grenze/5.2.4/latin-600.css.gz
- fontsource-grenze/5.2.4/latin-600.min.css.br
- fontsource-grenze/5.2.4/latin-600.min.css.gz
- fontsource-grenze/5.2.4/latin-700-italic.css.br
- fontsource-grenze/5.2.4/latin-700-italic.css.gz
- fontsource-grenze/5.2.4/latin-700-italic.min.css.br
- fontsource-grenze/5.2.4/latin-700-italic.min.css.gz
- fontsource-grenze/5.2.4/latin-700.css.br
- fontsource-grenze/5.2.4/latin-700.css.gz
- fontsource-grenze/5.2.4/latin-700.min.css.br
- fontsource-grenze/5.2.4/latin-700.min.css.gz
- fontsource-grenze/5.2.4/latin-800-italic.css.br
- fontsource-grenze/5.2.4/latin-800-italic.css.gz
- fontsource-grenze/5.2.4/latin-800-italic.min.css.br
- fontsource-grenze/5.2.4/latin-800-italic.min.css.gz
- fontsource-grenze/5.2.4/latin-800.css.br
- fontsource-grenze/5.2.4/latin-800.css.gz
- fontsource-grenze/5.2.4/latin-800.min.css.br
- fontsource-grenze/5.2.4/latin-800.min.css.gz
- fontsource-grenze/5.2.4/latin-900-italic.css.br
- fontsource-grenze/5.2.4/latin-900-italic.css.gz
- fontsource-grenze/5.2.4/latin-900-italic.min.css.br
- fontsource-grenze/5.2.4/latin-900-italic.min.css.gz
- fontsource-grenze/5.2.4/latin-900.css.br
- fontsource-grenze/5.2.4/latin-900.css.gz
- fontsource-grenze/5.2.4/latin-900.min.css.br
- fontsource-grenze/5.2.4/latin-900.min.css.gz
- fontsource-grenze/5.2.4/latin-ext-100-italic.css.br
- fontsource-grenze/5.2.4/latin-ext-100-italic.css.gz
- fontsource-grenze/5.2.4/latin-ext-100-italic.min.css.br
- fontsource-grenze/5.2.4/latin-ext-100-italic.min.css.gz
- fontsource-grenze/5.2.4/latin-ext-100.css.br
- fontsource-grenze/5.2.4/latin-ext-100.css.gz
- fontsource-grenze/5.2.4/latin-ext-100.min.css.br
- fontsource-grenze/5.2.4/latin-ext-100.min.css.gz
- fontsource-grenze/5.2.4/latin-ext-200-italic.css.br
- fontsource-grenze/5.2.4/latin-ext-200-italic.css.gz
- fontsource-grenze/5.2.4/latin-ext-200-italic.min.css.br
- fontsource-grenze/5.2.4/latin-ext-200-italic.min.css.gz
- fontsource-grenze/5.2.4/latin-ext-200.css.br
- fontsource-grenze/5.2.4/latin-ext-200.css.gz
- fontsource-grenze/5.2.4/latin-ext-200.min.css.br
- fontsource-grenze/5.2.4/latin-ext-200.min.css.gz
- fontsource-grenze/5.2.4/latin-ext-300-italic.css.br
- fontsource-grenze/5.2.4/latin-ext-300-italic.css.gz
- fontsource-grenze/5.2.4/latin-ext-300-italic.min.css.br
- fontsource-grenze/5.2.4/latin-ext-300-italic.min.css.gz
- fontsource-grenze/5.2.4/latin-ext-300.css.br
- fontsource-grenze/5.2.4/latin-ext-300.css.gz
- fontsource-grenze/5.2.4/latin-ext-300.min.css.br
- fontsource-grenze/5.2.4/latin-ext-300.min.css.gz
- fontsource-grenze/5.2.4/latin-ext-400-italic.css.br
- fontsource-grenze/5.2.4/latin-ext-400-italic.css.gz
- fontsource-grenze/5.2.4/latin-ext-400-italic.min.css.br
- fontsource-grenze/5.2.4/latin-ext-400-italic.min.css.gz
- fontsource-grenze/5.2.4/latin-ext-400.css.br
- fontsource-grenze/5.2.4/latin-ext-400.css.gz
- fontsource-grenze/5.2.4/latin-ext-400.min.css.br
- fontsource-grenze/5.2.4/latin-ext-400.min.css.gz
- fontsource-grenze/5.2.4/latin-ext-500-italic.css.br
- fontsource-grenze/5.2.4/latin-ext-500-italic.css.gz
- fontsource-grenze/5.2.4/latin-ext-500-italic.min.css.br
- fontsource-grenze/5.2.4/latin-ext-500-italic.min.css.gz
- fontsource-grenze/5.2.4/latin-ext-500.css.br
- fontsource-grenze/5.2.4/latin-ext-500.css.gz
- fontsource-grenze/5.2.4/latin-ext-500.min.css.br
- fontsource-grenze/5.2.4/latin-ext-500.min.css.gz
- fontsource-grenze/5.2.4/latin-ext-600-italic.css.br
- fontsource-grenze/5.2.4/latin-ext-600-italic.css.gz
- fontsource-grenze/5.2.4/latin-ext-600-italic.min.css.br
- fontsource-grenze/5.2.4/latin-ext-600-italic.min.css.gz
- fontsource-grenze/5.2.4/latin-ext-600.css.br
- fontsource-grenze/5.2.4/latin-ext-600.css.gz
- fontsource-grenze/5.2.4/latin-ext-600.min.css.br
- fontsource-grenze/5.2.4/latin-ext-600.min.css.gz
- fontsource-grenze/5.2.4/latin-ext-700-italic.css.br
- fontsource-grenze/5.2.4/latin-ext-700-italic.css.gz
- fontsource-grenze/5.2.4/latin-ext-700-italic.min.css.br
- fontsource-grenze/5.2.4/latin-ext-700-italic.min.css.gz
- fontsource-grenze/5.2.4/latin-ext-700.css.br
- fontsource-grenze/5.2.4/latin-ext-700.css.gz
- fontsource-grenze/5.2.4/latin-ext-700.min.css.br
- fontsource-grenze/5.2.4/latin-ext-700.min.css.gz
- fontsource-grenze/5.2.4/latin-ext-800-italic.css.br
- fontsource-grenze/5.2.4/latin-ext-800-italic.css.gz
- fontsource-grenze/5.2.4/latin-ext-800-italic.min.css.br
- fontsource-grenze/5.2.4/latin-ext-800-italic.min.css.gz
- fontsource-grenze/5.2.4/latin-ext-800.css.br
- fontsource-grenze/5.2.4/latin-ext-800.css.gz
- fontsource-grenze/5.2.4/latin-ext-800.min.css.br
- fontsource-grenze/5.2.4/latin-ext-800.min.css.gz
- fontsource-grenze/5.2.4/latin-ext-900-italic.css.br
- fontsource-grenze/5.2.4/latin-ext-900-italic.css.gz
- fontsource-grenze/5.2.4/latin-ext-900-italic.min.css.br
- fontsource-grenze/5.2.4/latin-ext-900-italic.min.css.gz
- fontsource-grenze/5.2.4/latin-ext-900.css.br
- fontsource-grenze/5.2.4/latin-ext-900.css.gz
- fontsource-grenze/5.2.4/latin-ext-900.min.css.br
- fontsource-grenze/5.2.4/latin-ext-900.min.css.gz
- fontsource-grenze/5.2.4/latin-ext-italic.css.br
- fontsource-grenze/5.2.4/latin-ext-italic.css.gz
- fontsource-grenze/5.2.4/latin-ext-italic.min.css.br
- fontsource-grenze/5.2.4/latin-ext-italic.min.css.gz
- fontsource-grenze/5.2.4/latin-ext.css.br
- fontsource-grenze/5.2.4/latin-ext.css.gz
- fontsource-grenze/5.2.4/latin-ext.min.css.br
- fontsource-grenze/5.2.4/latin-ext.min.css.gz
- fontsource-grenze/5.2.4/latin-italic.css.br
- fontsource-grenze/5.2.4/latin-italic.css.gz
- fontsource-grenze/5.2.4/latin-italic.min.css.br
- fontsource-grenze/5.2.4/latin-italic.min.css.gz
- fontsource-grenze/5.2.4/latin.css.br
- fontsource-grenze/5.2.4/latin.css.gz
- fontsource-grenze/5.2.4/latin.min.css.br
- fontsource-grenze/5.2.4/latin.min.css.gz
- fontsource-grenze/5.2.4/vietnamese-100-italic.css.br
- fontsource-grenze/5.2.4/vietnamese-100-italic.css.gz
- fontsource-grenze/5.2.4/vietnamese-100-italic.min.css.br
- fontsource-grenze/5.2.4/vietnamese-100-italic.min.css.gz
- fontsource-grenze/5.2.4/vietnamese-100.css.br
- fontsource-grenze/5.2.4/vietnamese-100.css.gz
- fontsource-grenze/5.2.4/vietnamese-100.min.css.br
- fontsource-grenze/5.2.4/vietnamese-100.min.css.gz
- fontsource-grenze/5.2.4/vietnamese-200-italic.css.br
- fontsource-grenze/5.2.4/vietnamese-200-italic.css.gz
- fontsource-grenze/5.2.4/vietnamese-200-italic.min.css.br
- fontsource-grenze/5.2.4/vietnamese-200-italic.min.css.gz
- fontsource-grenze/5.2.4/vietnamese-200.css.br
- fontsource-grenze/5.2.4/vietnamese-200.css.gz
- fontsource-grenze/5.2.4/vietnamese-200.min.css.br
- fontsource-grenze/5.2.4/vietnamese-200.min.css.gz
- fontsource-grenze/5.2.4/vietnamese-300-italic.css.br
- fontsource-grenze/5.2.4/vietnamese-300-italic.css.gz
- fontsource-grenze/5.2.4/vietnamese-300-italic.min.css.br
- fontsource-grenze/5.2.4/vietnamese-300-italic.min.css.gz
- fontsource-grenze/5.2.4/vietnamese-300.css.br
- fontsource-grenze/5.2.4/vietnamese-300.css.gz
- fontsource-grenze/5.2.4/vietnamese-300.min.css.br
- fontsource-grenze/5.2.4/vietnamese-300.min.css.gz
- fontsource-grenze/5.2.4/vietnamese-400-italic.css.br
- fontsource-grenze/5.2.4/vietnamese-400-italic.css.gz
- fontsource-grenze/5.2.4/vietnamese-400-italic.min.css.br
- fontsource-grenze/5.2.4/vietnamese-400-italic.min.css.gz
- fontsource-grenze/5.2.4/vietnamese-400.css.br
- fontsource-grenze/5.2.4/vietnamese-400.css.gz
- fontsource-grenze/5.2.4/vietnamese-400.min.css.br
- fontsource-grenze/5.2.4/vietnamese-400.min.css.gz
- fontsource-grenze/5.2.4/vietnamese-500-italic.css.br
- fontsource-grenze/5.2.4/vietnamese-500-italic.css.gz
- fontsource-grenze/5.2.4/vietnamese-500-italic.min.css.br
- fontsource-grenze/5.2.4/vietnamese-500-italic.min.css.gz
- fontsource-grenze/5.2.4/vietnamese-500.css.br
- fontsource-grenze/5.2.4/vietnamese-500.css.gz
- fontsource-grenze/5.2.4/vietnamese-500.min.css.br
- fontsource-grenze/5.2.4/vietnamese-500.min.css.gz
- fontsource-grenze/5.2.4/vietnamese-600-italic.css.br
- fontsource-grenze/5.2.4/vietnamese-600-italic.css.gz
- fontsource-grenze/5.2.4/vietnamese-600-italic.min.css.br
- fontsource-grenze/5.2.4/vietnamese-600-italic.min.css.gz
- fontsource-grenze/5.2.4/vietnamese-600.css.br
- fontsource-grenze/5.2.4/vietnamese-600.css.gz
- fontsource-grenze/5.2.4/vietnamese-600.min.css.br
- fontsource-grenze/5.2.4/vietnamese-600.min.css.gz
- fontsource-grenze/5.2.4/vietnamese-700-italic.css.br
- fontsource-grenze/5.2.4/vietnamese-700-italic.css.gz
- fontsource-grenze/5.2.4/vietnamese-700-italic.min.css.br
- fontsource-grenze/5.2.4/vietnamese-700-italic.min.css.gz
- fontsource-grenze/5.2.4/vietnamese-700.css.br
- fontsource-grenze/5.2.4/vietnamese-700.css.gz
- fontsource-grenze/5.2.4/vietnamese-700.min.css.br
- fontsource-grenze/5.2.4/vietnamese-700.min.css.gz
- fontsource-grenze/5.2.4/vietnamese-800-italic.css.br
- fontsource-grenze/5.2.4/vietnamese-800-italic.css.gz
- fontsource-grenze/5.2.4/vietnamese-800-italic.min.css.br
- fontsource-grenze/5.2.4/vietnamese-800-italic.min.css.gz
- fontsource-grenze/5.2.4/vietnamese-800.css.br
- fontsource-grenze/5.2.4/vietnamese-800.css.gz
- fontsource-grenze/5.2.4/vietnamese-800.min.css.br
- fontsource-grenze/5.2.4/vietnamese-800.min.css.gz
- fontsource-grenze/5.2.4/vietnamese-900-italic.css.br
- fontsource-grenze/5.2.4/vietnamese-900-italic.css.gz
- fontsource-grenze/5.2.4/vietnamese-900-italic.min.css.br
- fontsource-grenze/5.2.4/vietnamese-900-italic.min.css.gz
- fontsource-grenze/5.2.4/vietnamese-900.css.br
- fontsource-grenze/5.2.4/vietnamese-900.css.gz
- fontsource-grenze/5.2.4/vietnamese-900.min.css.br
- fontsource-grenze/5.2.4/vietnamese-900.min.css.gz
- fontsource-grenze/5.2.4/vietnamese-italic.css.br
- fontsource-grenze/5.2.4/vietnamese-italic.css.gz
- fontsource-grenze/5.2.4/vietnamese-italic.min.css.br
- fontsource-grenze/5.2.4/vietnamese-italic.min.css.gz
- fontsource-grenze/5.2.4/vietnamese.css.br
- fontsource-grenze/5.2.4/vietnamese.css.gz
- fontsource-grenze/5.2.4/vietnamese.min.css.br
- fontsource-grenze/5.2.4/vietnamese.min.css.gz
SRIs:
- fontsource-grenze/5.2.4/latin-400.min.css: sha512-yOBXItIotsgrqYlTPfQOfeb44pzQZIJY8VpeFkS/D53Yje/pHTbtfn8Inam3MTIgGibT8LBW6dHYq4UQ/3YNTg==
- fontsource-grenze/5.2.4/latin-500-italic.css: sha512-oJnSHBCVM4F0ZNqxNXIyyIMLHnjfFIdy/NHXPHQEqsuKbh+0jWImUxTRXgV4E57DbpVRCpGOeNXB8Z1fWJquYg==
- fontsource-grenze/5.2.4/latin-700.css: sha512-lLOo1ImwhCAhxy8bH6QQnH8slDtp1QC4AqrNtCWDsG4IO2Rqdy35Zy6oMa3Aq8xzk2RqF+bSnlfWNfoBqIocvw==
- fontsource-grenze/5.2.4/latin-900-italic.min.css: sha512-QcjZviE+jJ5q2KeHlHUZv3i+weEFeoPefvRj54Pd+zGnaIJ/wmaEJGK3f7y7PReikIk5revtT/Oix9KfKQLYgA==
- fontsource-grenze/5.2.4/latin-ext-800.css: sha512-jZ4J9c9NrxnkYaJo63lFpLZ6vvlhc46dZMuQkkemnLnrLxv7pHBWC3LxsFY5k4HvOq2aHDQPiC0p6JWBiO5BtA==
- fontsource-grenze/5.2.4/vietnamese-800.css: sha512-EosugVx0mI/Rz+P7lKZOZWqx4Bt3ocfp9sAFxSd49aV0JKnYScyrDBBaHq+EHSaCeeVX/XNfCmy7Q9y77oqluw==
- fontsource-grenze/5.2.4/vietnamese-900-italic.min.css: sha512-kji72Ss2fYBGBZkKPW3REM2uxAncQwpvdxjhvNi2X0C8AMsv2Q3OoeJbJt2IqjVsuWMaol0w+Zq/9TuarPpkeA==
- fontsource-grenze/5.2.4/700-italic.css: sha512-W1mc9NPbrxZ2xupDQ9QXhyMFyenqTdA4dP5loL4QTHVcpjJlsmsoDX0WCGlVnX1ttnQjkAdjNll7MxzJyL7LeQ==
- fontsource-grenze/5.2.4/latin-700-italic.css: sha512-9EH7kWSQj5i3H8/EuZEZKJKuXKcn908DjJh06Ggus1VttMF10i/QLL5C3V9kObeEy8T3WHKm5qT4Ry0oKPsJDA==
- fontsource-grenze/5.2.4/latin-ext-100.min.css: sha512-C65p5zagYZ8VjU14gXPtCFn1vPOlKoqIGNP718hunEn+nit6C4vSIDZFCaV2tv2wjNX5u+/PoY+el2k9L0uF6Q==
- fontsource-grenze/5.2.4/latin-ext-900-italic.min.css: sha512-fQ/8R3lnSQ4j18cvmdh/wNFGfCDwxz3tqM432uPQ4ahHdySp1u/SPGpGRTcxxDmM5gEcxKBg3AT4PIx7MUUgXQ==
- fontsource-grenze/5.2.4/900-italic.css: sha512-bJgVswJbbUPKHL0nIJMnWwKeKegZAJsnQZnu4/+6yC/dMYDxs3j4B8RUhQxj/vuwcM5zloGmF/3+Jtu2dqCmOw==
- fontsource-grenze/5.2.4/900-italic.min.css: sha512-kCFrlUsxq3KPjqcxJrMqgctZGMXctingLWuCWTO8X5mp8oUNbdhgDOeckhK8oozRB38dTlNF8X3FQODx/jVQxQ==
- fontsource-grenze/5.2.4/vietnamese-400-italic.css: sha512-ZU2fX3Al9nKnP72FDvf+6W/3PTgzVfGreGDH/c1gybfcryVaobwf6xHjwvSMhwrxsUmG8TiBASbpukNdN8D6tw==
- fontsource-grenze/5.2.4/vietnamese-500.css: sha512-LmBf3LF9wVXFv10848VgbBouVAGUQommi4GtOSFL6WpPmoT3eYT+KnZK4wPZFYi6/DQD6ABgfP9nFfevG1cb6w==
- fontsource-grenze/5.2.4/600.min.css: sha512-9wK1+vx/7Lr6S9VAuEX4nA7qT/BM3qFKbhOPmZ0nq4LyYM/penldZHQKD/Vh+w6tq8YcQGwnCXVPAGls3Apq3Q==
- fontsource-grenze/5.2.4/400-italic.css: sha512-ZrjY7BWnlz4QM4WI8jrK0EbiEnhIBnhfJOsTb0G6TRcp9UJNqpzP+e4+bQl0IzG1b4ANLHJVEOIePhCm9g+eJg==
- fontsource-grenze/5.2.4/latin-400-italic.min.css: sha512-dKvywfN08Gn2XiVqhIiDJcKPUSmfuReSkRL+tn2+gmDWCdoIN/E/gpfl00IFZttJzkXt1oqPqRVQFLJChxZUAA==
- fontsource-grenze/5.2.4/latin-ext-600-italic.css: sha512-eKyeOAQne1s1RnOt93fbWMJtdZhC6/HAXYkxtxhCpRF2B5YpJQ6xlyipt5rVJVaDb4ZFuUWk+TWiwCLv8n2AIw==
- fontsource-grenze/5.2.4/100-italic.min.css: sha512-twVY9XiyKnWuU78dMoGKoJnA9yJlucsAtZyPYNpmKYqcBdY4sPw0YYOjoM652Pd1/8PdxZ9gK/06C5SHZsdVpQ==
- fontsource-grenze/5.2.4/vietnamese-600.min.css: sha512-sqWJr9Rr5hiOXGsxk5qnV18r0Z6QjrJ8dEa3gj8NPytxtXfOHbwPKClkIpGVvm8pdwAX32adIHobrP7QgHWIhQ==
- fontsource-grenze/5.2.4/latin-ext-100-italic.css: sha512-GR88QYkbblo4TQwTr7FF+wwOb8Ohot8uW6eIsBXxdBRWohSXsU1PJTopC6Ardc+MFqqXcblRvZfNCe9uBSGb7w==
- fontsource-grenze/5.2.4/latin-ext-600.css: sha512-iDbTsXvigJ+443ERp8ytJpwHAU8WaWabhj3MxkbiVjAJEYhI2cCnbOS59TEMJ9udhhQELZ63ScB0QjFHPr+UFA==
- fontsource-grenze/5.2.4/latin-ext-600.min.css: sha512-EQagWkYHY+Le35+joj7OLFzQ6w0tVwF9Bo8AnKtctPEVyp2osHv+f4iKZi4HHznKaQ8QeQlgF00XS0LjR4rifA==
- fontsource-grenze/5.2.4/vietnamese-200-italic.css: sha512-Zn+tqXqsxGdtVcIPdd24paNU7IayFv5kvU5NCpyvcdKc4gx2xXMk+8HOkGkxV6Hqp4N/CSP+Gwk0yClQYs6Org==
- fontsource-grenze/5.2.4/vietnamese-200.css: sha512-XQl3F6bwfZb5v1/AeRiiqq3u6DM5NvVSuDooUzimWQ3B868HIMYsrCTWKOpKw7cr4oUbJ0Pd3V+p7/N7g2dUSA==
- fontsource-grenze/5.2.4/vietnamese-800-italic.min.css: sha512-TyQrjYOFLhfgiq7tq/L7Gf1DG6eO3Jm/CAepMSGDc5n5JctrR+T8h+LmAxvz4I94tn5s9GBbUpofpfmoVsOM6g==
- fontsource-grenze/5.2.4/latin-ext-100-italic.min.css: sha512-C60lBEFj1dz6t+FXKalFakQeDWjL3FT1M/JpKYtg+3IxDyJzBUdOykvWjB2Jhyqbww4lgbAYmE6l6GTqSjYlTA==
- fontsource-grenze/5.2.4/latin-ext-500-italic.css: sha512-1Tp/N7R16B2EsnFnOfmoIGWV2fWZK2S7TlOaX/ODL8/td7KlL1aEqBn9hZj/lrZjjWPUc6xG6pzdMOJu+CA5ig==
- fontsource-grenze/5.2.4/latin-ext-900.css: sha512-VeFey6kwzNGi13DCky5pRkrJ1/1q3tLDepyvSPmEOQq5a0YXoJ+lAJ5lm0rOAKZBnrN8ftO5o5rj3JhqMKk1uw==
- fontsource-grenze/5.2.4/vietnamese-100.css: sha512-BPEOI/7wpTJbir4OgXsSr42beuwlXTcmsgYA5ZkeFpwTAxaFD/CCB/d14kdfWUwtao61WVcjCWgpxVieyxBXOA==
- fontsource-grenze/5.2.4/vietnamese-600-italic.css: sha512-5SIxVBbWe1PQ038pZ6KticfugQX+xyGvnE9KxVSzE8g5nlSJR2tNYpNOYyqx+8cexpXr3yA4QYpfADO1VYqVOg==
- fontsource-grenze/5.2.4/vietnamese-700.min.css: sha512-hpMK6kAkinGHtKCW/66CmZbHjx1cbkaExY567/3/uWc2asAMRstTYHWuP9SY/A5kgyg1JwOONDqFCJBIDPocDA==
- fontsource-grenze/5.2.4/vietnamese-800.min.css: sha512-ivI/7D00Z2MhCRx6iZsQxRQezn9IOUE74LIevuwWx4pO/ssUuqWREXeFI23zMFbxlxxEkxsk5fT3tzNG34Q3UA==
- fontsource-grenze/5.2.4/latin-ext-200.min.css: sha512-Ls1ciBDq92kEP5oLomZcxRYBN1eEYdPZhJ17qS2J1MU3AqydPyLiBPBTkX9bAX+j79ZD/qb23arvuhhEs7Lp/g==
- fontsource-grenze/5.2.4/latin-300.css: sha512-ft5FMVNv4GrtFuuSLD7ItjOUoWMOyOYAHH6R2rgCca3JVe8HSqgrka0yRUlFhLnSyDQ4yxG/gtlt/HulEbn/eg==
- fontsource-grenze/5.2.4/latin-ext-500.css: sha512-+6+WU2mrjDem4hOSVGzcECyoHpGXS5KGQm3CXZdWxca4hvECXk81DbRtXI3gb+vPkOP8TN8sN4sHR5P8Zfpo6w==
- fontsource-grenze/5.2.4/vietnamese.css: sha512-nTG9C8Fu1uGGoyK4orrR6iAe5WiWcNh9pxhOsrtPY3CtfxFrV918LYuuAfjpfi6Bh4OKaX1iXPtU2FoqtD1k3w==
- fontsource-grenze/5.2.4/700.css: sha512-0Az0C0WoYytJg3TR6IOt1rkjPhNfI6tGc4g1JWdUlfTLT5hmbed2OpJ9aPEBVNHIzz2E4Cgy7TNWC6gPE0Op6A==
- fontsource-grenze/5.2.4/vietnamese-400-italic.min.css: sha512-KUHqKxNu0tgtcBxJ+fQ7U35Ko6E3v67viymXnADLX0wqrDg6S9x248ZywU2kF0ZlwVGMsT5jZAyyiPdI6fY5yA==
- fontsource-grenze/5.2.4/100-italic.css: sha512-StFSTt3fSz7nVOXM+79BKSI/4p/mB/zgbzR4oSdzgC3BuJ6BozhLoIZyVh00/GE4cOy2iGyuR/qBPnkfz2XxrA==
- fontsource-grenze/5.2.4/latin-300.min.css: sha512-ON08yQNdKDayFSUsl943ZUFMV7wHN4Q58c75XD4kiVRSHnIw9QZA4SaUVDHM4Rnr+X5U6yjYgYIUM5pbmC+cJg==
- fontsource-grenze/5.2.4/vietnamese-italic.css: sha512-SU+CL4SgHHiDs+AaAC4OT1mOcs3buPFTZK3efcKbuQBhm/wXfpJtLjGohOJ+qyg6DbbihjfPAiubHhYYc2SX4Q==
- fontsource-grenze/5.2.4/latin-100-italic.css: sha512-AGKiSl/5dPZ+Esp2cZ36teNp3QaGseVor1gZjb4mXpS/woZLyMGsLYeyVXluljsN+SWFWqHpMlKAiJAQyP3ccw==
- fontsource-grenze/5.2.4/latin-ext-400-italic.css: sha512-RiyiGhe1jMl6ITRHEqKTkQgeJlV2347rGSHjYJHuNRrtTAJQVf4zQtqHgmsCVIITCIteD3Zux2pXrcbv3robbw==
- fontsource-grenze/5.2.4/vietnamese-100-italic.css: sha512-54n0WBg0EDCB4bJ1xajQHlgBXQ07PmH2DYxJEZp83F0bVgJN3Svv6TWuiV8+8v92TZSPfvdbzIwswL5pfQG6IQ==
- fontsource-grenze/5.2.4/vietnamese-100.min.css: sha512-wPEmF9W48oeaxho62ABslc9eGBglGlwBXfeVD0RqY1D6xlH0Yvzjp/dG/qNfjntvim9p58Ppbr9Irps1rEXL0g==
- fontsource-grenze/5.2.4/vietnamese-300-italic.css: sha512-Vi0lLPPzBVH6JJ+p5xTvQh55oKe9wHsi0Sn2SI4tG19YZuO+aUcE9RUfPhgQpJvR9IkCzRJUzQ1nhFFUYBKQvQ==
- fontsource-grenze/5.2.4/vietnamese-800-italic.css: sha512-n0bPnyzI8JHmWsgah3tptUAuH94MJmk5kqBsxXWdOtXR3iGx/gaExiIA7xpKhsae/SRQnegZGUbScH4IITvJqQ==
- fontsource-grenze/5.2.4/vietnamese-900.css: sha512-LAu8FOYDz27BvV7+pkePDWJAqgSCB8qc6gK3aQHHsCPY/QTNYEGqXMEWIkUZGThFqu1fULowbQauyGzFz9DeKg==
- fontsource-grenze/5.2.4/latin-500-italic.min.css: sha512-clYUvW/yr3vbNFMITU+qp7CFutHGOkl0W2Ld1AUqInfXg3J17j2GkEToG6hggHz99uN0NbFC07VZSd8Pebnfjw==
- fontsource-grenze/5.2.4/400-italic.min.css: sha512-ogKebVPGkRic93QlqDiNY9cr6MfN05GGk7DmYdFnoC/o4lks4nfT1H/vGObLVHoBZRiVmp4CQLXZVAaBj/ME+A==
- fontsource-grenze/5.2.4/600.css: sha512-xL2Xi8aV2m77XdEs6wvyrTJS3RysdeirdieCKISLasJaw3dJl0JWJYXVpDESD/CheQCiMET9o9L2PlnxGCGJ+w==
- fontsource-grenze/5.2.4/800.css: sha512-4EjujASMU1EhjXdKqH8xlbwwyPPpt7bjUXvFj1FXm98c+EyzuMa9u5NNlCuqVnz/QigxZO9uh1tDbqUV9805Tw==
- fontsource-grenze/5.2.4/latin-200.css: sha512-9GwMff0jMXbwEq4KvCSImJD06CFDbmbwB4TD/jHVrU+A7LuKfIa0vPik2tBJF7x92iqTPk41L+z2mAK/MGNS1w==
- fontsource-grenze/5.2.4/latin-900-italic.css: sha512-1ohkq8VarrCAezWURl8ncmIw7YFmxpl9cKulhsok/hszPYavxSZMQs5tId95UGbMm6tKwDChbD/TbJGpmFWIoA==
- fontsource-grenze/5.2.4/300-italic.css: sha512-B17KMpGAkjQrV2kn+JzhvgRPwYksJp39tVrUJRchDe3z9Yigj9PppOio/bdS2ShxztQoUUFUaIZD0pcjQa6Ibg==
- fontsource-grenze/5.2.4/600-italic.css: sha512-MsA9pd+wGAIFmyLlqDb1SUyqXAGHyUqN9R6c5sMHTznH2WYzSa7Pl0ocBfCe/p/s0cj8vyVjyskMg70xikhMTQ==
- fontsource-grenze/5.2.4/latin-100.css: sha512-/4lFwPBwNmaf0issfT0207BKaNvlLz8I4cky2sgz4roeY1VuRicMfVhB1qjTTD5w/drgqRvc/29YEx8H7+/aHA==
- fontsource-grenze/5.2.4/latin-600.css: sha512-WT36+eLrxs6/NdNWtBpAOHdiVfMS4x46MawwToZ1UUR9//7ThEdfl5yzdPNMXYgOobKO+rTX1+E8I8ZEX7+rkQ==
- fontsource-grenze/5.2.4/latin-800-italic.min.css: sha512-Rmms6jBRybITpE4p8HDjVru+zzcVVwSWHOjmPAVp/H2Mskcry4DJeVFHs5O0yH8azPlYSbvT+Bd7PUHE2vEqnQ==
- fontsource-grenze/5.2.4/vietnamese-700-italic.css: sha512-n9fE9xWgNLgavAXvShlwwTrFJrUZcThMhBJFK0Qjync/ojtobHqn8i9hV293O1ODZxE4tlHVJvG1c8nlAYaqpw==
- fontsource-grenze/5.2.4/400.css: sha512-h2Sxd3mSHetsjD9M979UsCYGf6VzkD0hkhp5pz0pmOpLdUGmddHb459lZEhgg1/WZY+mIB4iOrIlzlBed5dasw==
- fontsource-grenze/5.2.4/700-italic.min.css: sha512-jEbDSPJ4Lcnol7kS25waGrgXQbuQdMXrRWJ62eM2K8XxlCWVh3WmUL4syAthGlEeBoHRGDwjNFz5+FuOUL+P6w==
- fontsource-grenze/5.2.4/latin-600-italic.min.css: sha512-NC0EuFnfFPmyU93MRH3WfCTbieH6w72ookKcsVweFGAW2X2rjiwJt49td1W330OeqlTCyAndcAm3wI8R3QjJjQ==
- fontsource-grenze/5.2.4/latin-ext-300.min.css: sha512-/CeermCX0wrF/65hKSce3D3a7JpowbSTpnBPji2J2yJmZDcfidRnAU5pYTAw/4C8yky9nLYGsRUqHfnAb9jPEw==
- fontsource-grenze/5.2.4/vietnamese-300-italic.min.css: sha512-kwEjOH+O/V53kKK2V7+ML/sFAJ0dOlL2gPImPSNdGZ/MS6WVg+d/E2IBW/wuwroZHOt/0a1pHeqTG5XeS1Vvpg==
- fontsource-grenze/5.2.4/vietnamese-400.css: sha512-JIPqRp5sNDmlAZJEt7vgEj0Vh9F/0EolYLj/3Cuf9ubHaCmSxagNcJRmPYh6T+T7BI53EygHLV5kg8Fy1gbDYg==
- fontsource-grenze/5.2.4/vietnamese-700.css: sha512-LRDBiF0hBv17DayU3BOd1xfvxUiRnNPwMVi7MX0Ii0cOmunUjdUu4V93sitlWX5sIsN7KawX2FO5HEgQuJge+g==
- fontsource-grenze/5.2.4/200.css: sha512-p3ABVPVEyzGFHumS48j1Jn1azy0SdzwY6f7FbilcrmmgQz7vrNM075HIPPvmtKcHOJXZAFi8R8q/4BYKjVX6tA==
- fontsource-grenze/5.2.4/latin-500.min.css: sha512-kG14Ogv30Va0DIALhEpJZQMuUXD2cP2ajmyK1SFhXDeItLt7Q+vJ1hshpjBH3KA0veOcMNmgjdUm7Bt9XXNNQg==
- fontsource-grenze/5.2.4/latin-800-italic.css: sha512-mf0g/W2z0X7i4lR62ezmHGcWE6RiNBmImQMZnNgq6oOzcB8Z6jsvdUKZdfiHuANdMlQevrGBpvJXVlXoIVfSNQ==
- fontsource-grenze/5.2.4/latin-ext-200-italic.css: sha512-iSoFObb+OgBpO6CiV1W0VCczBF/vSFm+dDD5gKdepTVsQVayS3WJ97UwgYfdm4On579VlO0hk4KtgnoEM7lKcw==
- fontsource-grenze/5.2.4/500-italic.min.css: sha512-nplnFfVhPxdxrJCGNY5YhQ1KYBdJWgYHU+LYOE3Eds2exUT7HS+S/caxTFwHPqqdZkU2YNU/METMylT7IIqVxA==
- fontsource-grenze/5.2.4/latin-ext-400.min.css: sha512-wVPdjLbgWxXLkm78NPtT3q7wvhPZVMy8e7YdbJNUPCAu6BJgNfBzQ3lFfrEYO1ndrMfdcD8/XLuCJcrgA/eUlg==
- fontsource-grenze/5.2.4/latin-ext-600-italic.min.css: sha512-R+Muzqnz5kfacGkYZUudNfpNbXP/JmQK4C9uxi65UxXBAXbu/iACknKnAdIpPMfQKt9IQxK+6JyNp0HU0Qnd5w==
- fontsource-grenze/5.2.4/latin-ext-800-italic.css: sha512-B4snpE6okEAvODKZgsz8OxHsX3SuZbh6AQUvJpsNbikG0L2yBxL2sBW6y0nUjcTZvENU/eTQC705bzMHoEYzfg==
- fontsource-grenze/5.2.4/latin-italic.css: sha512-kUZNjaBMrJNgKkAzxhSelKLkmsYdqqkmHSkLJN1OYKKqX95J35/CBazfkrBMh4pafDSpN0+855ayWM9TQhHEBg==
- fontsource-grenze/5.2.4/vietnamese-900-italic.css: sha512-gR3NFJP8mXKtxBNKilYqv8ZLgaOb0lGCfpcAobAiczK0rcvjjeruk6+GXg1zEhsI7p3pTh6dFDo2y2ybQ2qNtw==
- fontsource-grenze/5.2.4/latin-700-italic.min.css: sha512-z0EdflJuhkjN7vx7IutoJjAQURY+aicZh4l4q7VuPncoiswgEja7mOXTRDrOYIfdheuLxVEZexjFHlzJs1UaCA==
- fontsource-grenze/5.2.4/300.css: sha512-bYLz2sUQJHb0gQybqupmDE+W3DoUJYqp4BDrmdEkGJKSCHGf7HZnSelxw9wm1Fh++NV4LXvXObC7pHNf90jWUg==
- fontsource-grenze/5.2.4/index.css: sha512-h2Sxd3mSHetsjD9M979UsCYGf6VzkD0hkhp5pz0pmOpLdUGmddHb459lZEhgg1/WZY+mIB4iOrIlzlBed5dasw==
- fontsource-grenze/5.2.4/latin-ext-200.css: sha512-ug10+qhNb2pk22P0wJ9Nmt23KkJndc6XN2fBAwVqjCfB4NCkEhfWDj9x37RUHer6C7lFG9DWgE5y5tcqdjJpRA==
- fontsource-grenze/5.2.4/latin-ext-800.min.css: sha512-+i8vIA+5J1cVibwhBwxqLmt6rSDxlcd95EaOQEyhTdq0OLBprMGOZ/UetQxCgbTkC4Exn4a36tIlD/JxjSP0jQ==
- fontsource-grenze/5.2.4/vietnamese-600-italic.min.css: sha512-yMgUG/vuWzX5sqmsWX4134Iid7Gs3f8QTwj53lLCh4eLeQHCauixBxmk3mtO82M1/MQO99fth4wgbkTL8EtG2Q==
- fontsource-grenze/5.2.4/200-italic.min.css: sha512-XE0j37VFCKo6lIL2Q8rq6p0ZNhLcClYRTIL7Jiqzg9GiZBmFk8QIAg7uKSEytTVvgKSzsvpC2k9vTjWvWSIROg==
- fontsource-grenze/5.2.4/latin-200-italic.css: sha512-ejPnx071dWrt2g8exSVOsfwWXa27VKQiGb0KJi91R7ymHM9wbTHlZUYzmHE2WSqT5ZmxIJ+CXDV5Vr8MRpVlZA==
- fontsource-grenze/5.2.4/latin-200.min.css: sha512-cPTw/bLUev5+obIZ9Qz/4tiOx9KgDnjl1Jlt1E+yG9eIK1QbgmN2GIYHzNqIXHt8NdL5ZOkPqtCGyD4xnBGgWQ==
- fontsource-grenze/5.2.4/latin-300-italic.css: sha512-iFQ64KLxxIItWTLcgl3+wiyPbg2FS5Og5d4DTxNKutFwVQ0PJlqelv+GoqvwfHje2wougTLhwY6uWf06anoUtA==
- fontsource-grenze/5.2.4/latin-500.css: sha512-UAOE2dMzt7Cs+ntwhbugcpZPMHkiL+49CRURKda/UiBCWbFyjlHdsK2u0CnEvxRxownM8fV9r94G3v1/WByYCA==
- fontsource-grenze/5.2.4/latin-600.min.css: sha512-3UZLU/Fnmk0r15armOoyGqDdUkrDOBPwxv65/8seA6hc9BIMLyK5PAFwitxbuFEBKvd3dT/I8hWHcH0Zz22mkA==
- fontsource-grenze/5.2.4/latin-ext-700.min.css: sha512-I/CVTez/Sy8fatoOojg8SzjcdbvUjTbTZaS9Z4hy2F28H053qNBvwiuljsPMipNOKn8uWRfIbCgch7YBuTNTBA==
- fontsource-grenze/5.2.4/latin-ext-italic.min.css: sha512-Wu9hPSo74W5UvzPYn1NJ7a97T+VAezO98Bhlweef6t43Tz5MPC3/N7YYz305RidSjavnaGY5CujX7Hr5pUO9hg==
- fontsource-grenze/5.2.4/800-italic.css: sha512-BTuvcXqZxwCh3ZWlPC7uO/YKoWS7ziAsTEHp/cZiLiERIOHQ2zMJG19JNFlwc8ZUsuoMH4sLNmlJSmOcSx/ADg==
- fontsource-grenze/5.2.4/latin-ext.css: sha512-TAuNYOLmi8MghVlrenI57lX4dDE12AKeW1Lbf3WtyfyMPf6FO4MQRx/krMgikRcu3aM22xFQClY/W+h5xwTRpw==
- fontsource-grenze/5.2.4/400.min.css: sha512-/xBiq2N7g0HQah2R2LF/XGemkmVLNcIRIcWVAfbbUKHpo6ffEWFjUtmke41JKnHPrs1uls6z4aobjrklaDx44w==
- fontsource-grenze/5.2.4/latin-400.css: sha512-FYdjB8VCUSdKiNTc2x8Gdteu67gXu3ZDyi85NKgUwXplOPhSwqUcRIwvgN9KyT6SnxMRUZ8nQS2uSRPuzQQYIA==
- fontsource-grenze/5.2.4/latin-ext-italic.css: sha512-qtja4mQ4QMvXSI1th8PVHG7TIOHul4xbMNIpUYaYgu11KEeay3mYY5nKKnv/HjBd50TlxDIiih1Jm3SFauPTbw==
- fontsource-grenze/5.2.4/vietnamese-500-italic.min.css: sha512-KzV5/F3o5Ub82ZTieMFTRC6kT9WeFtAnLlZR8mN3dAS8GKZS9p2r3hsxg9M8ksyp0is2DGmz9mIweb5ohWASXw==
- fontsource-grenze/5.2.4/vietnamese-900.min.css: sha512-AkDY0Z/9Tk7PNFiD9fDauCPrN8RL2rIM+XqDu8+KPVfFoVzdUhB0ns9qNTiHhrJT1757ku6QnXZ3RPXTKLcuOA==
- fontsource-grenze/5.2.4/100.css: sha512-Lnvn/J0SKgulOmzN6mDoc9BwiYip6nnm6DdIK0iof+QcRyWbvLV/JHViuDKFXX62s9W2CFzQxFZ+Q9WU3hT0gg==
- fontsource-grenze/5.2.4/latin-800.css: sha512-YiQeuysCmB6V18Dk4910SAWxh9xCF7dSCe65YZU/pUWc/ixQvJMLP6rYrm3GHka6u3GgkseUC//0XKW1z+mxqA==
- fontsource-grenze/5.2.4/latin-900.min.css: sha512-acfc5q1oLSd+It4n51i5cLBp3ZOGN4X8Pu7Iz2CTlkCp+p8PL1YP7lRyxwD08qrHMhi2EFfq08fhyg/tUwOnzw==
- fontsource-grenze/5.2.4/vietnamese-700-italic.min.css: sha512-sImDEQEyQpoG/kzfTuWt1QDghyx8tHYRULh40pj6wsAOonQVSF0G9J1FWVK/E5A6HWEfEVddZom2kIqsguehWw==
- fontsource-grenze/5.2.4/500-italic.css: sha512-FGT25oGbZTcuMS1WBPO9t8Tm1rmB1ht35hel2t0ZwXvvswwK4NIpOaXNUPIt/6763ZZ2ADp8A7nD3FywYl9wxQ==
- fontsource-grenze/5.2.4/900.css: sha512-0cnVUptYxmWfXVlq9M/8G0ZbYPQYe5xZ18axiFrACyNd07kMIXAKf5r/7UDdLEPAGVfw3v3Z7AtLVnju3tKrVg==
- fontsource-grenze/5.2.4/latin-900.css: sha512-eqamyXf+k/8K7K6k/goQPE/HpM9GdZRxYB/keRUeocgfpV8+yowSk2TerSVUdQLh4ihqtMY0BuS7/huFvMKVPw==
- fontsource-grenze/5.2.4/latin-ext-400-italic.min.css: sha512-clE1l5SRrIxyLFiKvZjMr3aCWoHKjazASIDmQTqk7oyGcwZGP8W6L/T60Cj1Kp7Io5sC1xuHy9EYWw66NBc2uw==
- fontsource-grenze/5.2.4/latin-ext-900.min.css: sha512-suU1t/qBJDyliPNp6eHSrWzCSqEKhKXZeXHyTjZ1gD1CmJtT/VnxrEmh4jYNOFB23FYQ7gcZbR5Vodx2Jf4e5Q==
- fontsource-grenze/5.2.4/vietnamese-500.min.css: sha512-leeAonjwSkxpSxUbVMp3ElYis7p8iI89Xvf8WpDb0PPGwDeMo/JBFgTLbl2V9nbsTsaTQFoAXXLcI4TOd2AV6A==
- fontsource-grenze/5.2.4/500.min.css: sha512-wXxF5YralVrAq95QcOQf0p3i568NC+XD5MOMp4EFZbbb3UsgLx16pxjIWpRJH4za8bUO8+fapQLRtMLd5dLNWA==
- fontsource-grenze/5.2.4/latin-100.min.css: sha512-grqVZAKBgqQrURxFuSzn0hJ3g/rerZWo5em8CqzlZvHdNaaGo5G0bYIh+opVPvcFKWXkeNM2gLS2gEwhlUfEkw==
- fontsource-grenze/5.2.4/latin-ext-300-italic.css: sha512-G2gG71MgiJyFqQ5drG4yJHIPdN5LxLX5HW7LeovOZBGUSPfyCTOtB8fTD1tFN7xoWKfA2qwPf+m8mD9bUKZ7KQ==
- fontsource-grenze/5.2.4/latin.min.css: sha512-tHFsDEzihJNf8e3cLvhccsrhqZBnlFtc2J5Wl8qtBN67PlzxP7SXytIFdAMpULDQL56md50jG9uFqsh7sBjGBQ==
- fontsource-grenze/5.2.4/vietnamese-200-italic.min.css: sha512-ym0duSYAdIhQt/1kUzUBdqlIaUuCY+r/X6iohxIpxblS354YlDAELCtbPjaYcGWCrshYmF0Yz4jc4cSVruOTzA==
- fontsource-grenze/5.2.4/vietnamese-500-italic.css: sha512-9nawh6XayYEZGSwLTIUxZuSuEAHWxXud44+kxcYEOAYvgD+noSixT8Tfpl67QXFj16E2h+AVolBkC1Qb5ltu2w==
- fontsource-grenze/5.2.4/600-italic.min.css: sha512-7He3H7I6O+Ow/kZjD/5+ZjughBzmv8WcLLM/d+Jei2rZOhkYPwV3qtRZYHpnisrg8kO+Bxa3w4M0SlyzJruysw==
- fontsource-grenze/5.2.4/latin-300-italic.min.css: sha512-not/QsrYm19VKy+2ydV/65NssOY/H3Gnl2qfndxXYgBavysHPNNIUsg3PMkV2AUrNE942sNDXTJ6wl2nAIM64A==
- fontsource-grenze/5.2.4/300.min.css: sha512-PLk81LKlUqfj8iaep0T/bBPek8BhW/YN48Fw0LuAAhmrB6igznzMhu2gjTqk7Yqg9aTrox3qRuh84gvRzRC8xQ==
- fontsource-grenze/5.2.4/latin-100-italic.min.css: sha512-/X4oqsqOgv1grYfzhFedJQsvhbM4BJr5c4a47YCWED3z8r1d1UOyr9yfxDVckioOx5NAZ/4ZTRTYvdFo06nncQ==
- fontsource-grenze/5.2.4/latin-ext-800-italic.min.css: sha512-dfYgSOwcvmEtIZy+CpVgG8ni1Uf/aQeDNnTDyhfO9DuVeoJC1hk9ZBJGEzLOZPIGTPv3UsqXYRkhw69pnzOJtg==
- fontsource-grenze/5.2.4/latin-ext.min.css: sha512-r7tKzsvrn3yfp6ujwCU1EEX0+a7RDPiEsxL5ELL/84LpEcvh4YbYAc7z0R07NhXlgTOm+1qmfikmCVTwhMxPlQ==
- fontsource-grenze/5.2.4/latin-italic.min.css: sha512-u0pwc8kpBVxM+1GLOezqL1ENjpmeU0bT4xpGmyEfYuZFewJvPuJMA6TLzauM+fdU0EDQFW1mdIbGg4uplUJBkw==
- fontsource-grenze/5.2.4/vietnamese-300.css: sha512-34E3IsDnzyzBbw+6/8vFwUX9osXyI/1Oe5N28ek7Bu0HugVBqXGoGSiuYcGkWE3/qRwKmryNgCyYV2KLaGwpAQ==
- fontsource-grenze/5.2.4/200-italic.css: sha512-Avz6wD/H3BCqlTsVjFawD6JTW6oPSn6KGHsiHS4eIKz85y8LrmzF7kGbFJGwfLaymtFlnO17ZBAR32pgSMN4ow==
- fontsource-grenze/5.2.4/latin-700.min.css: sha512-bXGDD3POQ4UDVKuRcCVw+p3sc790ND6sfnChDwhNuqYf2ED8yolZZKgJ0NeVxzdZ4okt6IzFRxlRf7CrUHZ1JA==
- fontsource-grenze/5.2.4/latin-ext-400.css: sha512-BjHrV6EqUotULCtYXQoL/9kGd1XLAGPVqrBJuO/JZUB66hiaLYBGg+1eZQOFtnDElpMIwbiVbCTHk1ZjANRdow==
- fontsource-grenze/5.2.4/vietnamese-600.css: sha512-Z7cGikVbvtU8/QpGO9NE1rwgl8iAJIZwylb4AAml8gqj3qsR9W1MtgBHtlqAWEZCabziEOFd29/bzGXH3Ykq0w==
- fontsource-grenze/5.2.4/500.css: sha512-jQVFzx7dmUdR5zFSjHUtmiLTlDNWbP894vPxYirjlMW5foRHwyI+uysJK7F9uZeXWqfnRDNpZ33UR0hswtZlUw==
- fontsource-grenze/5.2.4/800-italic.min.css: sha512-jN7oGrgoT5j67VkxjqwY6hvPHYPNv9TRritGehGiYEUhkSs71gDzt6+Fzgxsf+LnJ1LSk6jv7ddYf22b94vhzA==
- fontsource-grenze/5.2.4/800.min.css: sha512-pTdTwPl/MLPLO9NT7BW+cwXUCZrf5VHyzlqZ0XZHyESWITmeIOCFSHfMMZJuTSo41EgSWp6Dpk3hZ4+m6Hm6Vw==
- fontsource-grenze/5.2.4/latin-ext-200-italic.min.css: sha512-0QikymaxwWaTYsDuWgOR+Zzwde1FQAT6YBPcIFRhv/jiO0nR0pBP+eu8m429eGzK+FT1bDvKc09wt6fR2t3ZfA==
- fontsource-grenze/5.2.4/latin-ext-500.min.css: sha512-f4L/1JloFdi1VdKCAKthIaNp5an00ZG1J9sLVwGUQGbvoFAesjUsXqybSx12q2xC+FupnB7/7n0gVy5bu8K4fg==
- fontsource-grenze/5.2.4/latin-ext-700-italic.css: sha512-huRRUSBz+a443giYm+8j4VVlwmyHlyB7CuuHemnRxfSwhBrpKKVVcera8GpvyP/eecOa3l5kPLRoBNcr4MyH/w==
- fontsource-grenze/5.2.4/latin-ext-700-italic.min.css: sha512-TpumlT8Bv5t+mzAyMjRXMgmaQNXEICRe/EsA5H+vT9jxcvSo7Ww2KGIwJtKe3uKRqj4sQzyiLMaDordQK8F25g==
- fontsource-grenze/5.2.4/vietnamese-300.min.css: sha512-VFkeImUvSDO0k6GTeshqnaST/5GV+TGs+iFr6fPF7JM96tbMcDC0nd3w3w/Bg5MtJIXI5HzP75BtzyzdgOVEYA==
- fontsource-grenze/5.2.4/700.min.css: sha512-Puesgzot0Wk5O3Xa3bfrRV0oExE7urK4cOh+xLawvgO7r7hicOmPuiu7CyZBS3MupN1VYlrru7P/eLACvpc9ew==
- fontsource-grenze/5.2.4/vietnamese-italic.min.css: sha512-qGnW+MQpsYEefalODd6InIG2HSEee2VedNLwQfk178DxG6ThdXpdbt1SB7LKfmP0i+XcCdsmt79QvhJyuZrh2Q==
- fontsource-grenze/5.2.4/latin-800.min.css: sha512-EffFjaay5K9TApzrHCsE9cEBnj9bsg/4xyr/NW/lo6WaFyqLQT4gE1s0Hjis0yp1r6LvwJY3gW3XhN61DuasAw==
- fontsource-grenze/5.2.4/latin-ext-500-italic.min.css: sha512-68w0rTMmQ4JZQnMSydy0iduAharKT05Iod/MwGWmCevr0mqIxrZsxVoX2jYOXE6561A0ZUSjguPlVsLyH5lnIA==
- fontsource-grenze/5.2.4/latin-400-italic.css: sha512-kOQMbui4h37sHraW72AZThE5olwCNZtlo2V7xw/SOgjgoF9yMwqV3xDXGUh3e6sV+TqZgjLD4YUpY9iW8Ci+vg==
- fontsource-grenze/5.2.4/latin-600-italic.css: sha512-i3xPFjt2rM2vEoLkSLHnIdev/gVPWZXaHYOMAAyE7iyL9njs77AoR19YzX1M98sHMyxhWjOgaUnOy9MDiyHgBQ==
- fontsource-grenze/5.2.4/latin-ext-300-italic.min.css: sha512-3G2taL93keffYvv1Hp1/+dv/gyh4mpocy3mayqNha725qt8v8/JrNoPob8WoC0dz9XYSsM28cD6GZSAcz8l2wQ==
- fontsource-grenze/5.2.4/vietnamese-100-italic.min.css: sha512-8B+YamC7YKIDEV3VK5JHqYGPuptbPjY8rjq4o1Q+h5asoExTgMs7+sc5l/7UopzWupLCXaM9Plftxbqo6B6O2w==
- fontsource-grenze/5.2.4/vietnamese-200.min.css: sha512-L4q9aGjVMNj/2HXkLQazBB9Iqa73haFwZ9TIG3ItCsLbOr2ss7fWG9KstR2XcujRMVUGGNbGfwIEkur1pKHGtw==
- fontsource-grenze/5.2.4/vietnamese-400.min.css: sha512-c/KtjN4uIWDeG8FWwP+gCdUIOI1+s0wX7su26x4meAom3TVplG2UFYw1w3kvi+0uJgdhKm0A5GpgfcS8p47eng==
- fontsource-grenze/5.2.4/vietnamese.min.css: sha512-lg7OGv8VAylbe4qAC6IYLIG+yQ7RFgbVV9PlIlAmwHU3TFdSwoDt0ceHQbK7g+jeYA7cz/wgaEu7yQ/gTS+jjg==
- fontsource-grenze/5.2.4/100.min.css: sha512-Jsv3S/VlA8Hw33rrX5UjOvnyXN7AH/8um6slRoVrb/S0nGji5DpqSgPs7xaPLp0HiuWl+U1u4X6dSWbmfCqlvg==
- fontsource-grenze/5.2.4/index.min.css: sha512-/xBiq2N7g0HQah2R2LF/XGemkmVLNcIRIcWVAfbbUKHpo6ffEWFjUtmke41JKnHPrs1uls6z4aobjrklaDx44w==
- fontsource-grenze/5.2.4/latin-200-italic.min.css: sha512-UgYjBTiZnduYy8o+SVIHK2xB648Mu2OYHufGXftMKfFVIbKjwMYPAvAev+dl0anRGNA9fhNEYF1osAscwy2yPg==
- fontsource-grenze/5.2.4/latin-ext-300.css: sha512-/BXNwWu3zGOrofINjU9yy6EwmkPetVz7OYg4koCTrINsdMeB6PLEVHIQlykmC2/QehHUcQL8Amn0/biZiKhrbg==
- fontsource-grenze/5.2.4/latin-ext-900-italic.css: sha512-BOaMr99miGECcUSgnG82SC2V5jDmQeOeIGghQHG4lpyl1H/1cKmk1DAc8R1bCZBHbMdjeXErby65Tu+NnyQ5Vg==
- fontsource-grenze/5.2.4/900.min.css: sha512-kEEZ1mlw3puKzu+ODA4u8Rvl/DpxzGngTRkG6h6w4YfDtH2TXjS9OuaxEj/RdhWWSSiSNiZgWV5xLaH8Jcbc4w==
- fontsource-grenze/5.2.4/300-italic.min.css: sha512-zUGKgczm7qAh1ZN+pJLPSvSflMGJQh5ax/X/jKRxdHiAT48PCYXBfV00oIUktnKRIY/6Pd3nxhqJf9jUZUAOBw==
- fontsource-grenze/5.2.4/latin-ext-100.css: sha512-MSrqSCQMvfZrBHdSY6kmFiQl/06oxQWUEAEjFkLawuUShj/XqbAOBcJ36jKXIF/WgWRUSsktjeJTGTYk+54ILg==
- fontsource-grenze/5.2.4/latin-ext-700.css: sha512-vIcvwoh2HtHyH0jDMyLGehXaq4eD8UkSaCCtJiRTZKDaNcoHrbd+AtTdaPYQCE7BcqrThagG4Wh4H0rA65XUgQ==
- fontsource-grenze/5.2.4/latin.css: sha512-7paRQFXX5x23O3muHrZCQ8J1I+dPh1V4Ne8ZvycanvZk+Yu6YQpmVCTkS5FamqKOFhLurq5v8s9Yw5LNt8DOIQ==
- fontsource-grenze/5.2.4/200.min.css: sha512-C+SV2pBcnM8tChZLVp6XnO1p69LccGz8+MrQXcxO+RUPYR+e+mDlfJP4Pn4T77W1H1s3pmfmhPbadtGwlq3CUw==
