config: {"autoupdate":{"source":"npm","target":"@zonos/elements","fileMap":[{"basePath":"","files":["dist/zonos-elements/*.@(css|js)","dist/zonos-elements/assets/*.@(jpeg|jpg|png|svg|ico)","dist/scripts/*.js"]}]},"description":"Zonos component UI for Stripe elements","filename":"dist/scripts/loadZonos.js","keywords":["cross-border","international shopping","calculate-landed-cost","zonos","elements","payments","checkout"],"license":"MIT","name":"zonos-elements","repository":{"type":"git","url":"https://github.com/Zonos/zonos-elements-readme"}}
KV keys:
- zonos-elements/1.3.177/dist/scripts/index.js.br
- zonos-elements/1.3.177/dist/scripts/index.js.gz
- zonos-elements/1.3.177/dist/scripts/index.min.js.br
- zonos-elements/1.3.177/dist/scripts/index.min.js.gz
- zonos-elements/1.3.177/dist/scripts/loadZonos.js.br
- zonos-elements/1.3.177/dist/scripts/loadZonos.js.gz
- zonos-elements/1.3.177/dist/scripts/loadZonos.min.js.br
- zonos-elements/1.3.177/dist/scripts/loadZonos.min.js.gz
- zonos-elements/1.3.177/dist/scripts/zonos.js.br
- zonos-elements/1.3.177/dist/scripts/zonos.js.gz
- zonos-elements/1.3.177/dist/scripts/zonos.min.js.br
- zonos-elements/1.3.177/dist/scripts/zonos.min.js.gz
- zonos-elements/1.3.177/dist/zonos-elements/assets/Boxes.png.br
- zonos-elements/1.3.177/dist/zonos-elements/assets/Boxes.png.gz
- zonos-elements/1.3.177/dist/zonos-elements/assets/ChevronDownIcon.svg.br
- zonos-elements/1.3.177/dist/zonos-elements/assets/ChevronDownIcon.svg.gz
- zonos-elements/1.3.177/dist/zonos-elements/assets/ChevronUpIcon.svg.br
- zonos-elements/1.3.177/dist/zonos-elements/assets/ChevronUpIcon.svg.gz
- zonos-elements/1.3.177/dist/zonos-elements/assets/Earth.png.br
- zonos-elements/1.3.177/dist/zonos-elements/assets/Earth.png.gz
- zonos-elements/1.3.177/dist/zonos-elements/assets/EmptyBox.png.br
- zonos-elements/1.3.177/dist/zonos-elements/assets/EmptyBox.png.gz
- zonos-elements/1.3.177/dist/zonos-elements/assets/ExclamationMarkDuotoneIcon.svg.br
- zonos-elements/1.3.177/dist/zonos-elements/assets/ExclamationMarkDuotoneIcon.svg.gz
- zonos-elements/1.3.177/dist/zonos-elements/assets/HelpDuotoneIcon.svg.br
- zonos-elements/1.3.177/dist/zonos-elements/assets/HelpDuotoneIcon.svg.gz
- zonos-elements/1.3.177/dist/zonos-elements/assets/InfoIcon.svg.br
- zonos-elements/1.3.177/dist/zonos-elements/assets/InfoIcon.svg.gz
- zonos-elements/1.3.177/dist/zonos-elements/assets/LeftArrow.svg.br
- zonos-elements/1.3.177/dist/zonos-elements/assets/LeftArrow.svg.gz
- zonos-elements/1.3.177/dist/zonos-elements/assets/Lock.png.br
- zonos-elements/1.3.177/dist/zonos-elements/assets/Lock.png.gz
- zonos-elements/1.3.177/dist/zonos-elements/assets/MessageIcon.svg.br
- zonos-elements/1.3.177/dist/zonos-elements/assets/MessageIcon.svg.gz
- zonos-elements/1.3.177/dist/zonos-elements/assets/PigBank.png.br
- zonos-elements/1.3.177/dist/zonos-elements/assets/PigBank.png.gz
- zonos-elements/1.3.177/dist/zonos-elements/assets/RemoveIcon.svg.br
- zonos-elements/1.3.177/dist/zonos-elements/assets/RemoveIcon.svg.gz
- zonos-elements/1.3.177/dist/zonos-elements/assets/Scribble.png.br
- zonos-elements/1.3.177/dist/zonos-elements/assets/Scribble.png.gz
- zonos-elements/1.3.177/dist/zonos-elements/assets/Search.png.br
- zonos-elements/1.3.177/dist/zonos-elements/assets/Search.png.gz
- zonos-elements/1.3.177/dist/zonos-elements/assets/Settings.png.br
- zonos-elements/1.3.177/dist/zonos-elements/assets/Settings.png.gz
- zonos-elements/1.3.177/dist/zonos-elements/assets/ShoppingCart.png.br
- zonos-elements/1.3.177/dist/zonos-elements/assets/ShoppingCart.png.gz
- zonos-elements/1.3.177/dist/zonos-elements/assets/SpilledCup.png.br
- zonos-elements/1.3.177/dist/zonos-elements/assets/SpilledCup.png.gz
- zonos-elements/1.3.177/dist/zonos-elements/assets/SuccessIcon.svg.br
- zonos-elements/1.3.177/dist/zonos-elements/assets/SuccessIcon.svg.gz
- zonos-elements/1.3.177/dist/zonos-elements/assets/Switch.png.br
- zonos-elements/1.3.177/dist/zonos-elements/assets/Switch.png.gz
- zonos-elements/1.3.177/dist/zonos-elements/assets/TabCheckmark.svg.br
- zonos-elements/1.3.177/dist/zonos-elements/assets/TabCheckmark.svg.gz
- zonos-elements/1.3.177/dist/zonos-elements/assets/TaxId.png.br
- zonos-elements/1.3.177/dist/zonos-elements/assets/TaxId.png.gz
- zonos-elements/1.3.177/dist/zonos-elements/assets/Truck.png.br
- zonos-elements/1.3.177/dist/zonos-elements/assets/Truck.png.gz
- zonos-elements/1.3.177/dist/zonos-elements/assets/Warning.png.br
- zonos-elements/1.3.177/dist/zonos-elements/assets/Warning.png.gz
- zonos-elements/1.3.177/dist/zonos-elements/assets/WarningDuotoneIcon.svg.br
- zonos-elements/1.3.177/dist/zonos-elements/assets/WarningDuotoneIcon.svg.gz
- zonos-elements/1.3.177/dist/zonos-elements/assets/ZonosLogo.png.br
- zonos-elements/1.3.177/dist/zonos-elements/assets/ZonosLogo.png.gz
- zonos-elements/1.3.177/dist/zonos-elements/assets/bagIcon.svg.br
- zonos-elements/1.3.177/dist/zonos-elements/assets/bagIcon.svg.gz
- zonos-elements/1.3.177/dist/zonos-elements/assets/empty-item.jpeg.br
- zonos-elements/1.3.177/dist/zonos-elements/assets/empty-item.jpeg.gz
- zonos-elements/1.3.177/dist/zonos-elements/assets/importIcon.svg.br
- zonos-elements/1.3.177/dist/zonos-elements/assets/importIcon.svg.gz
- zonos-elements/1.3.177/dist/zonos-elements/assets/inclusivePricingIcon.svg.br
- zonos-elements/1.3.177/dist/zonos-elements/assets/inclusivePricingIcon.svg.gz
- zonos-elements/1.3.177/dist/zonos-elements/assets/messageIcon.svg.br
- zonos-elements/1.3.177/dist/zonos-elements/assets/messageIcon.svg.gz
- zonos-elements/1.3.177/dist/zonos-elements/assets/moneyIcon.svg.br
- zonos-elements/1.3.177/dist/zonos-elements/assets/moneyIcon.svg.gz
- zonos-elements/1.3.177/dist/zonos-elements/assets/removeIcon.svg.br
- zonos-elements/1.3.177/dist/zonos-elements/assets/removeIcon.svg.gz
- zonos-elements/1.3.177/dist/zonos-elements/index.esm.js.br
- zonos-elements/1.3.177/dist/zonos-elements/index.esm.js.gz
- zonos-elements/1.3.177/dist/zonos-elements/index.esm.min.js.br
- zonos-elements/1.3.177/dist/zonos-elements/index.esm.min.js.gz
- zonos-elements/1.3.177/dist/zonos-elements/p-0894159c.entry.js.br
- zonos-elements/1.3.177/dist/zonos-elements/p-0894159c.entry.js.gz
- zonos-elements/1.3.177/dist/zonos-elements/p-0894159c.entry.min.js.br
- zonos-elements/1.3.177/dist/zonos-elements/p-0894159c.entry.min.js.gz
- zonos-elements/1.3.177/dist/zonos-elements/p-08e7107d.js.br
- zonos-elements/1.3.177/dist/zonos-elements/p-08e7107d.js.gz
- zonos-elements/1.3.177/dist/zonos-elements/p-08e7107d.min.js.br
- zonos-elements/1.3.177/dist/zonos-elements/p-08e7107d.min.js.gz
- zonos-elements/1.3.177/dist/zonos-elements/p-0bb6e344.entry.js.br
- zonos-elements/1.3.177/dist/zonos-elements/p-0bb6e344.entry.js.gz
- zonos-elements/1.3.177/dist/zonos-elements/p-0bb6e344.entry.min.js.br
- zonos-elements/1.3.177/dist/zonos-elements/p-0bb6e344.entry.min.js.gz
- zonos-elements/1.3.177/dist/zonos-elements/p-0c64dbbb.js.br
- zonos-elements/1.3.177/dist/zonos-elements/p-0c64dbbb.js.gz
- zonos-elements/1.3.177/dist/zonos-elements/p-0c64dbbb.min.js.br
- zonos-elements/1.3.177/dist/zonos-elements/p-0c64dbbb.min.js.gz
- zonos-elements/1.3.177/dist/zonos-elements/p-0e63259c.system.entry.js.br
- zonos-elements/1.3.177/dist/zonos-elements/p-0e63259c.system.entry.js.gz
- zonos-elements/1.3.177/dist/zonos-elements/p-0e63259c.system.entry.min.js.br
- zonos-elements/1.3.177/dist/zonos-elements/p-0e63259c.system.entry.min.js.gz
- zonos-elements/1.3.177/dist/zonos-elements/p-0e8d337c.entry.js.br
- zonos-elements/1.3.177/dist/zonos-elements/p-0e8d337c.entry.js.gz
- zonos-elements/1.3.177/dist/zonos-elements/p-0e8d337c.entry.min.js.br
- zonos-elements/1.3.177/dist/zonos-elements/p-0e8d337c.entry.min.js.gz
- zonos-elements/1.3.177/dist/zonos-elements/p-0fc02cde.js.br
- zonos-elements/1.3.177/dist/zonos-elements/p-0fc02cde.js.gz
- zonos-elements/1.3.177/dist/zonos-elements/p-0fc02cde.min.js.br
- zonos-elements/1.3.177/dist/zonos-elements/p-0fc02cde.min.js.gz
- zonos-elements/1.3.177/dist/zonos-elements/p-12a6b7bd.system.js.br
- zonos-elements/1.3.177/dist/zonos-elements/p-12a6b7bd.system.js.gz
- zonos-elements/1.3.177/dist/zonos-elements/p-12a6b7bd.system.min.js.br
- zonos-elements/1.3.177/dist/zonos-elements/p-12a6b7bd.system.min.js.gz
- zonos-elements/1.3.177/dist/zonos-elements/p-1aa93d1e.system.js.br
- zonos-elements/1.3.177/dist/zonos-elements/p-1aa93d1e.system.js.gz
- zonos-elements/1.3.177/dist/zonos-elements/p-1aa93d1e.system.min.js.br
- zonos-elements/1.3.177/dist/zonos-elements/p-1aa93d1e.system.min.js.gz
- zonos-elements/1.3.177/dist/zonos-elements/p-1b75aa35.system.js.br
- zonos-elements/1.3.177/dist/zonos-elements/p-1b75aa35.system.js.gz
- zonos-elements/1.3.177/dist/zonos-elements/p-1b75aa35.system.min.js.br
- zonos-elements/1.3.177/dist/zonos-elements/p-1b75aa35.system.min.js.gz
- zonos-elements/1.3.177/dist/zonos-elements/p-20f859ea.system.entry.js.br
- zonos-elements/1.3.177/dist/zonos-elements/p-20f859ea.system.entry.js.gz
- zonos-elements/1.3.177/dist/zonos-elements/p-20f859ea.system.entry.min.js.br
- zonos-elements/1.3.177/dist/zonos-elements/p-20f859ea.system.entry.min.js.gz
- zonos-elements/1.3.177/dist/zonos-elements/p-2221d9e8.system.entry.js.br
- zonos-elements/1.3.177/dist/zonos-elements/p-2221d9e8.system.entry.js.gz
- zonos-elements/1.3.177/dist/zonos-elements/p-2221d9e8.system.entry.min.js.br
- zonos-elements/1.3.177/dist/zonos-elements/p-2221d9e8.system.entry.min.js.gz
- zonos-elements/1.3.177/dist/zonos-elements/p-236f32c8.system.entry.js.br
- zonos-elements/1.3.177/dist/zonos-elements/p-236f32c8.system.entry.js.gz
- zonos-elements/1.3.177/dist/zonos-elements/p-236f32c8.system.entry.min.js.br
- zonos-elements/1.3.177/dist/zonos-elements/p-236f32c8.system.entry.min.js.gz
- zonos-elements/1.3.177/dist/zonos-elements/p-23e7c655.system.js.br
- zonos-elements/1.3.177/dist/zonos-elements/p-23e7c655.system.js.gz
- zonos-elements/1.3.177/dist/zonos-elements/p-23e7c655.system.min.js.br
- zonos-elements/1.3.177/dist/zonos-elements/p-23e7c655.system.min.js.gz
- zonos-elements/1.3.177/dist/zonos-elements/p-2670438c.system.js.br
- zonos-elements/1.3.177/dist/zonos-elements/p-2670438c.system.js.gz
- zonos-elements/1.3.177/dist/zonos-elements/p-2670438c.system.min.js.br
- zonos-elements/1.3.177/dist/zonos-elements/p-2670438c.system.min.js.gz
- zonos-elements/1.3.177/dist/zonos-elements/p-2770ba48.system.js.br
- zonos-elements/1.3.177/dist/zonos-elements/p-2770ba48.system.js.gz
- zonos-elements/1.3.177/dist/zonos-elements/p-2770ba48.system.min.js.br
- zonos-elements/1.3.177/dist/zonos-elements/p-2770ba48.system.min.js.gz
- zonos-elements/1.3.177/dist/zonos-elements/p-2a732f95.system.entry.js.br
- zonos-elements/1.3.177/dist/zonos-elements/p-2a732f95.system.entry.js.gz
- zonos-elements/1.3.177/dist/zonos-elements/p-2a732f95.system.entry.min.js.br
- zonos-elements/1.3.177/dist/zonos-elements/p-2a732f95.system.entry.min.js.gz
- zonos-elements/1.3.177/dist/zonos-elements/p-2d6557ee.system.js.br
- zonos-elements/1.3.177/dist/zonos-elements/p-2d6557ee.system.js.gz
- zonos-elements/1.3.177/dist/zonos-elements/p-2d6557ee.system.min.js.br
- zonos-elements/1.3.177/dist/zonos-elements/p-2d6557ee.system.min.js.gz
- zonos-elements/1.3.177/dist/zonos-elements/p-30fdcbee.js.br
- zonos-elements/1.3.177/dist/zonos-elements/p-30fdcbee.js.gz
- zonos-elements/1.3.177/dist/zonos-elements/p-30fdcbee.min.js.br
- zonos-elements/1.3.177/dist/zonos-elements/p-30fdcbee.min.js.gz
- zonos-elements/1.3.177/dist/zonos-elements/p-32902ef7.entry.js.br
- zonos-elements/1.3.177/dist/zonos-elements/p-32902ef7.entry.js.gz
- zonos-elements/1.3.177/dist/zonos-elements/p-32902ef7.entry.min.js.br
- zonos-elements/1.3.177/dist/zonos-elements/p-32902ef7.entry.min.js.gz
- zonos-elements/1.3.177/dist/zonos-elements/p-3731e7f5.entry.js.br
- zonos-elements/1.3.177/dist/zonos-elements/p-3731e7f5.entry.js.gz
- zonos-elements/1.3.177/dist/zonos-elements/p-3731e7f5.entry.min.js.br
- zonos-elements/1.3.177/dist/zonos-elements/p-3731e7f5.entry.min.js.gz
- zonos-elements/1.3.177/dist/zonos-elements/p-3d221556.system.entry.js.br
- zonos-elements/1.3.177/dist/zonos-elements/p-3d221556.system.entry.js.gz
- zonos-elements/1.3.177/dist/zonos-elements/p-3d221556.system.entry.min.js.br
- zonos-elements/1.3.177/dist/zonos-elements/p-3d221556.system.entry.min.js.gz
- zonos-elements/1.3.177/dist/zonos-elements/p-3eac4b10.entry.js.br
- zonos-elements/1.3.177/dist/zonos-elements/p-3eac4b10.entry.js.gz
- zonos-elements/1.3.177/dist/zonos-elements/p-3eac4b10.entry.min.js.br
- zonos-elements/1.3.177/dist/zonos-elements/p-3eac4b10.entry.min.js.gz
- zonos-elements/1.3.177/dist/zonos-elements/p-41dfc828.entry.js.br
- zonos-elements/1.3.177/dist/zonos-elements/p-41dfc828.entry.js.gz
- zonos-elements/1.3.177/dist/zonos-elements/p-41dfc828.entry.min.js.br
- zonos-elements/1.3.177/dist/zonos-elements/p-41dfc828.entry.min.js.gz
- zonos-elements/1.3.177/dist/zonos-elements/p-46f6e5e9.system.js.br
- zonos-elements/1.3.177/dist/zonos-elements/p-46f6e5e9.system.js.gz
- zonos-elements/1.3.177/dist/zonos-elements/p-46f6e5e9.system.min.js.br
- zonos-elements/1.3.177/dist/zonos-elements/p-46f6e5e9.system.min.js.gz
- zonos-elements/1.3.177/dist/zonos-elements/p-4af7acba.system.entry.js.br
- zonos-elements/1.3.177/dist/zonos-elements/p-4af7acba.system.entry.js.gz
- zonos-elements/1.3.177/dist/zonos-elements/p-4af7acba.system.entry.min.js.br
- zonos-elements/1.3.177/dist/zonos-elements/p-4af7acba.system.entry.min.js.gz
- zonos-elements/1.3.177/dist/zonos-elements/p-4c462db3.system.entry.js.br
- zonos-elements/1.3.177/dist/zonos-elements/p-4c462db3.system.entry.js.gz
- zonos-elements/1.3.177/dist/zonos-elements/p-4c462db3.system.entry.min.js.br
- zonos-elements/1.3.177/dist/zonos-elements/p-4c462db3.system.entry.min.js.gz
- zonos-elements/1.3.177/dist/zonos-elements/p-4caffd96.system.js.br
- zonos-elements/1.3.177/dist/zonos-elements/p-4caffd96.system.js.gz
- zonos-elements/1.3.177/dist/zonos-elements/p-4caffd96.system.min.js.br
- zonos-elements/1.3.177/dist/zonos-elements/p-4caffd96.system.min.js.gz
- zonos-elements/1.3.177/dist/zonos-elements/p-50335898.system.entry.js.br
- zonos-elements/1.3.177/dist/zonos-elements/p-50335898.system.entry.js.gz
- zonos-elements/1.3.177/dist/zonos-elements/p-50335898.system.entry.min.js.br
- zonos-elements/1.3.177/dist/zonos-elements/p-50335898.system.entry.min.js.gz
- zonos-elements/1.3.177/dist/zonos-elements/p-5187ba8f.system.js.br
- zonos-elements/1.3.177/dist/zonos-elements/p-5187ba8f.system.js.gz
- zonos-elements/1.3.177/dist/zonos-elements/p-5187ba8f.system.min.js.br
- zonos-elements/1.3.177/dist/zonos-elements/p-5187ba8f.system.min.js.gz
- zonos-elements/1.3.177/dist/zonos-elements/p-56ba5cbf.system.js.br
- zonos-elements/1.3.177/dist/zonos-elements/p-56ba5cbf.system.js.gz
- zonos-elements/1.3.177/dist/zonos-elements/p-56ba5cbf.system.min.js.br
- zonos-elements/1.3.177/dist/zonos-elements/p-56ba5cbf.system.min.js.gz
- zonos-elements/1.3.177/dist/zonos-elements/p-5883217a.js.br
- zonos-elements/1.3.177/dist/zonos-elements/p-5883217a.js.gz
- zonos-elements/1.3.177/dist/zonos-elements/p-5883217a.min.js.br
- zonos-elements/1.3.177/dist/zonos-elements/p-5883217a.min.js.gz
- zonos-elements/1.3.177/dist/zonos-elements/p-58f660d4.system.entry.js.br
- zonos-elements/1.3.177/dist/zonos-elements/p-58f660d4.system.entry.js.gz
- zonos-elements/1.3.177/dist/zonos-elements/p-58f660d4.system.entry.min.js.br
- zonos-elements/1.3.177/dist/zonos-elements/p-58f660d4.system.entry.min.js.gz
- zonos-elements/1.3.177/dist/zonos-elements/p-595f5dd2.js.br
- zonos-elements/1.3.177/dist/zonos-elements/p-595f5dd2.js.gz
- zonos-elements/1.3.177/dist/zonos-elements/p-595f5dd2.min.js.br
- zonos-elements/1.3.177/dist/zonos-elements/p-595f5dd2.min.js.gz
- zonos-elements/1.3.177/dist/zonos-elements/p-59d7ca9c.js.br
- zonos-elements/1.3.177/dist/zonos-elements/p-59d7ca9c.js.gz
- zonos-elements/1.3.177/dist/zonos-elements/p-59d7ca9c.min.js.br
- zonos-elements/1.3.177/dist/zonos-elements/p-59d7ca9c.min.js.gz
- zonos-elements/1.3.177/dist/zonos-elements/p-5bd927f2.js.br
- zonos-elements/1.3.177/dist/zonos-elements/p-5bd927f2.js.gz
- zonos-elements/1.3.177/dist/zonos-elements/p-5bd927f2.min.js.br
- zonos-elements/1.3.177/dist/zonos-elements/p-5bd927f2.min.js.gz
- zonos-elements/1.3.177/dist/zonos-elements/p-5c49561b.system.entry.js.br
- zonos-elements/1.3.177/dist/zonos-elements/p-5c49561b.system.entry.js.gz
- zonos-elements/1.3.177/dist/zonos-elements/p-5c49561b.system.entry.min.js.br
- zonos-elements/1.3.177/dist/zonos-elements/p-5c49561b.system.entry.min.js.gz
- zonos-elements/1.3.177/dist/zonos-elements/p-63e767aa.system.entry.js.br
- zonos-elements/1.3.177/dist/zonos-elements/p-63e767aa.system.entry.js.gz
- zonos-elements/1.3.177/dist/zonos-elements/p-63e767aa.system.entry.min.js.br
- zonos-elements/1.3.177/dist/zonos-elements/p-63e767aa.system.entry.min.js.gz
- zonos-elements/1.3.177/dist/zonos-elements/p-647404d6.entry.js.br
- zonos-elements/1.3.177/dist/zonos-elements/p-647404d6.entry.js.gz
- zonos-elements/1.3.177/dist/zonos-elements/p-647404d6.entry.min.js.br
- zonos-elements/1.3.177/dist/zonos-elements/p-647404d6.entry.min.js.gz
- zonos-elements/1.3.177/dist/zonos-elements/p-67973776.entry.js.br
- zonos-elements/1.3.177/dist/zonos-elements/p-67973776.entry.js.gz
- zonos-elements/1.3.177/dist/zonos-elements/p-67973776.entry.min.js.br
- zonos-elements/1.3.177/dist/zonos-elements/p-67973776.entry.min.js.gz
- zonos-elements/1.3.177/dist/zonos-elements/p-69255ed2.system.js.br
- zonos-elements/1.3.177/dist/zonos-elements/p-69255ed2.system.js.gz
- zonos-elements/1.3.177/dist/zonos-elements/p-69255ed2.system.min.js.br
- zonos-elements/1.3.177/dist/zonos-elements/p-69255ed2.system.min.js.gz
- zonos-elements/1.3.177/dist/zonos-elements/p-69f84611.entry.js.br
- zonos-elements/1.3.177/dist/zonos-elements/p-69f84611.entry.js.gz
- zonos-elements/1.3.177/dist/zonos-elements/p-69f84611.entry.min.js.br
- zonos-elements/1.3.177/dist/zonos-elements/p-69f84611.entry.min.js.gz
- zonos-elements/1.3.177/dist/zonos-elements/p-6c0c8722.system.entry.js.br
- zonos-elements/1.3.177/dist/zonos-elements/p-6c0c8722.system.entry.js.gz
- zonos-elements/1.3.177/dist/zonos-elements/p-6c0c8722.system.entry.min.js.br
- zonos-elements/1.3.177/dist/zonos-elements/p-6c0c8722.system.entry.min.js.gz
- zonos-elements/1.3.177/dist/zonos-elements/p-739014f8.system.entry.js.br
- zonos-elements/1.3.177/dist/zonos-elements/p-739014f8.system.entry.js.gz
- zonos-elements/1.3.177/dist/zonos-elements/p-739014f8.system.entry.min.js.br
- zonos-elements/1.3.177/dist/zonos-elements/p-739014f8.system.entry.min.js.gz
- zonos-elements/1.3.177/dist/zonos-elements/p-8048932d.entry.js.br
- zonos-elements/1.3.177/dist/zonos-elements/p-8048932d.entry.js.gz
- zonos-elements/1.3.177/dist/zonos-elements/p-8048932d.entry.min.js.br
- zonos-elements/1.3.177/dist/zonos-elements/p-8048932d.entry.min.js.gz
- zonos-elements/1.3.177/dist/zonos-elements/p-81084be5.system.entry.js.br
- zonos-elements/1.3.177/dist/zonos-elements/p-81084be5.system.entry.js.gz
- zonos-elements/1.3.177/dist/zonos-elements/p-81084be5.system.entry.min.js.br
- zonos-elements/1.3.177/dist/zonos-elements/p-81084be5.system.entry.min.js.gz
- zonos-elements/1.3.177/dist/zonos-elements/p-829f6a40.entry.js.br
- zonos-elements/1.3.177/dist/zonos-elements/p-829f6a40.entry.js.gz
- zonos-elements/1.3.177/dist/zonos-elements/p-829f6a40.entry.min.js.br
- zonos-elements/1.3.177/dist/zonos-elements/p-829f6a40.entry.min.js.gz
- zonos-elements/1.3.177/dist/zonos-elements/p-8ee34712.system.js.br
- zonos-elements/1.3.177/dist/zonos-elements/p-8ee34712.system.js.gz
- zonos-elements/1.3.177/dist/zonos-elements/p-8ee34712.system.min.js.br
- zonos-elements/1.3.177/dist/zonos-elements/p-8ee34712.system.min.js.gz
- zonos-elements/1.3.177/dist/zonos-elements/p-90633d63.entry.js.br
- zonos-elements/1.3.177/dist/zonos-elements/p-90633d63.entry.js.gz
- zonos-elements/1.3.177/dist/zonos-elements/p-90633d63.entry.min.js.br
- zonos-elements/1.3.177/dist/zonos-elements/p-90633d63.entry.min.js.gz
- zonos-elements/1.3.177/dist/zonos-elements/p-916d04a5.entry.js.br
- zonos-elements/1.3.177/dist/zonos-elements/p-916d04a5.entry.js.gz
- zonos-elements/1.3.177/dist/zonos-elements/p-916d04a5.entry.min.js.br
- zonos-elements/1.3.177/dist/zonos-elements/p-916d04a5.entry.min.js.gz
- zonos-elements/1.3.177/dist/zonos-elements/p-96d77739.js.br
- zonos-elements/1.3.177/dist/zonos-elements/p-96d77739.js.gz
- zonos-elements/1.3.177/dist/zonos-elements/p-96d77739.min.js.br
- zonos-elements/1.3.177/dist/zonos-elements/p-96d77739.min.js.gz
- zonos-elements/1.3.177/dist/zonos-elements/p-97aceb11.js.br
- zonos-elements/1.3.177/dist/zonos-elements/p-97aceb11.js.gz
- zonos-elements/1.3.177/dist/zonos-elements/p-97aceb11.min.js.br
- zonos-elements/1.3.177/dist/zonos-elements/p-97aceb11.min.js.gz
- zonos-elements/1.3.177/dist/zonos-elements/p-98aa88b1.js.br
- zonos-elements/1.3.177/dist/zonos-elements/p-98aa88b1.js.gz
- zonos-elements/1.3.177/dist/zonos-elements/p-98aa88b1.min.js.br
- zonos-elements/1.3.177/dist/zonos-elements/p-98aa88b1.min.js.gz
- zonos-elements/1.3.177/dist/zonos-elements/p-9baf7e19.entry.js.br
- zonos-elements/1.3.177/dist/zonos-elements/p-9baf7e19.entry.js.gz
- zonos-elements/1.3.177/dist/zonos-elements/p-9baf7e19.entry.min.js.br
- zonos-elements/1.3.177/dist/zonos-elements/p-9baf7e19.entry.min.js.gz
- zonos-elements/1.3.177/dist/zonos-elements/p-a1cfbd0a.js.br
- zonos-elements/1.3.177/dist/zonos-elements/p-a1cfbd0a.js.gz
- zonos-elements/1.3.177/dist/zonos-elements/p-a1cfbd0a.min.js.br
- zonos-elements/1.3.177/dist/zonos-elements/p-a1cfbd0a.min.js.gz
- zonos-elements/1.3.177/dist/zonos-elements/p-a87561b8.js.br
- zonos-elements/1.3.177/dist/zonos-elements/p-a87561b8.js.gz
- zonos-elements/1.3.177/dist/zonos-elements/p-a87561b8.min.js.br
- zonos-elements/1.3.177/dist/zonos-elements/p-a87561b8.min.js.gz
- zonos-elements/1.3.177/dist/zonos-elements/p-ab68ad11.js.br
- zonos-elements/1.3.177/dist/zonos-elements/p-ab68ad11.js.gz
- zonos-elements/1.3.177/dist/zonos-elements/p-ab68ad11.min.js.br
- zonos-elements/1.3.177/dist/zonos-elements/p-ab68ad11.min.js.gz
- zonos-elements/1.3.177/dist/zonos-elements/p-ad7a69cc.system.entry.js.br
- zonos-elements/1.3.177/dist/zonos-elements/p-ad7a69cc.system.entry.js.gz
- zonos-elements/1.3.177/dist/zonos-elements/p-ad7a69cc.system.entry.min.js.br
- zonos-elements/1.3.177/dist/zonos-elements/p-ad7a69cc.system.entry.min.js.gz
- zonos-elements/1.3.177/dist/zonos-elements/p-ae393255.js.br
- zonos-elements/1.3.177/dist/zonos-elements/p-ae393255.js.gz
- zonos-elements/1.3.177/dist/zonos-elements/p-ae393255.min.js.br
- zonos-elements/1.3.177/dist/zonos-elements/p-ae393255.min.js.gz
- zonos-elements/1.3.177/dist/zonos-elements/p-b2ad4966.js.br
- zonos-elements/1.3.177/dist/zonos-elements/p-b2ad4966.js.gz
- zonos-elements/1.3.177/dist/zonos-elements/p-b2ad4966.min.js.br
- zonos-elements/1.3.177/dist/zonos-elements/p-b2ad4966.min.js.gz
- zonos-elements/1.3.177/dist/zonos-elements/p-b4b7f705.js.br
- zonos-elements/1.3.177/dist/zonos-elements/p-b4b7f705.js.gz
- zonos-elements/1.3.177/dist/zonos-elements/p-b4b7f705.min.js.br
- zonos-elements/1.3.177/dist/zonos-elements/p-b4b7f705.min.js.gz
- zonos-elements/1.3.177/dist/zonos-elements/p-b5b9aa6c.entry.js.br
- zonos-elements/1.3.177/dist/zonos-elements/p-b5b9aa6c.entry.js.gz
- zonos-elements/1.3.177/dist/zonos-elements/p-b5b9aa6c.entry.min.js.br
- zonos-elements/1.3.177/dist/zonos-elements/p-b5b9aa6c.entry.min.js.gz
- zonos-elements/1.3.177/dist/zonos-elements/p-bc7bf53e.system.js.br
- zonos-elements/1.3.177/dist/zonos-elements/p-bc7bf53e.system.js.gz
- zonos-elements/1.3.177/dist/zonos-elements/p-bc7bf53e.system.min.js.br
- zonos-elements/1.3.177/dist/zonos-elements/p-bc7bf53e.system.min.js.gz
- zonos-elements/1.3.177/dist/zonos-elements/p-be9e1818.system.entry.js.br
- zonos-elements/1.3.177/dist/zonos-elements/p-be9e1818.system.entry.js.gz
- zonos-elements/1.3.177/dist/zonos-elements/p-be9e1818.system.entry.min.js.br
- zonos-elements/1.3.177/dist/zonos-elements/p-be9e1818.system.entry.min.js.gz
- zonos-elements/1.3.177/dist/zonos-elements/p-bf084b60.system.js.br
- zonos-elements/1.3.177/dist/zonos-elements/p-bf084b60.system.js.gz
- zonos-elements/1.3.177/dist/zonos-elements/p-bf084b60.system.min.js.br
- zonos-elements/1.3.177/dist/zonos-elements/p-bf084b60.system.min.js.gz
- zonos-elements/1.3.177/dist/zonos-elements/p-bf37ccc7.system.js.br
- zonos-elements/1.3.177/dist/zonos-elements/p-bf37ccc7.system.js.gz
- zonos-elements/1.3.177/dist/zonos-elements/p-bf37ccc7.system.min.js.br
- zonos-elements/1.3.177/dist/zonos-elements/p-bf37ccc7.system.min.js.gz
- zonos-elements/1.3.177/dist/zonos-elements/p-bffff3cd.system.entry.js.br
- zonos-elements/1.3.177/dist/zonos-elements/p-bffff3cd.system.entry.js.gz
- zonos-elements/1.3.177/dist/zonos-elements/p-bffff3cd.system.entry.min.js.br
- zonos-elements/1.3.177/dist/zonos-elements/p-bffff3cd.system.entry.min.js.gz
- zonos-elements/1.3.177/dist/zonos-elements/p-c4fa8524.system.entry.js.br
- zonos-elements/1.3.177/dist/zonos-elements/p-c4fa8524.system.entry.js.gz
- zonos-elements/1.3.177/dist/zonos-elements/p-c4fa8524.system.entry.min.js.br
- zonos-elements/1.3.177/dist/zonos-elements/p-c4fa8524.system.entry.min.js.gz
- zonos-elements/1.3.177/dist/zonos-elements/p-c5d1217f.system.js.br
- zonos-elements/1.3.177/dist/zonos-elements/p-c5d1217f.system.js.gz
- zonos-elements/1.3.177/dist/zonos-elements/p-c5d1217f.system.min.js.br
- zonos-elements/1.3.177/dist/zonos-elements/p-c5d1217f.system.min.js.gz
- zonos-elements/1.3.177/dist/zonos-elements/p-c9e433c0.system.js.br
- zonos-elements/1.3.177/dist/zonos-elements/p-c9e433c0.system.js.gz
- zonos-elements/1.3.177/dist/zonos-elements/p-c9e433c0.system.min.js.br
- zonos-elements/1.3.177/dist/zonos-elements/p-c9e433c0.system.min.js.gz
- zonos-elements/1.3.177/dist/zonos-elements/p-cc6d9f7d.entry.js.br
- zonos-elements/1.3.177/dist/zonos-elements/p-cc6d9f7d.entry.js.gz
- zonos-elements/1.3.177/dist/zonos-elements/p-cc6d9f7d.entry.min.js.br
- zonos-elements/1.3.177/dist/zonos-elements/p-cc6d9f7d.entry.min.js.gz
- zonos-elements/1.3.177/dist/zonos-elements/p-cc9f529e.entry.js.br
- zonos-elements/1.3.177/dist/zonos-elements/p-cc9f529e.entry.js.gz
- zonos-elements/1.3.177/dist/zonos-elements/p-cc9f529e.entry.min.js.br
- zonos-elements/1.3.177/dist/zonos-elements/p-cc9f529e.entry.min.js.gz
- zonos-elements/1.3.177/dist/zonos-elements/p-ce853f8f.system.entry.js.br
- zonos-elements/1.3.177/dist/zonos-elements/p-ce853f8f.system.entry.js.gz
- zonos-elements/1.3.177/dist/zonos-elements/p-ce853f8f.system.entry.min.js.br
- zonos-elements/1.3.177/dist/zonos-elements/p-ce853f8f.system.entry.min.js.gz
- zonos-elements/1.3.177/dist/zonos-elements/p-cedf08f0.entry.js.br
- zonos-elements/1.3.177/dist/zonos-elements/p-cedf08f0.entry.js.gz
- zonos-elements/1.3.177/dist/zonos-elements/p-cedf08f0.entry.min.js.br
- zonos-elements/1.3.177/dist/zonos-elements/p-cedf08f0.entry.min.js.gz
- zonos-elements/1.3.177/dist/zonos-elements/p-d0944cc8.system.entry.js.br
- zonos-elements/1.3.177/dist/zonos-elements/p-d0944cc8.system.entry.js.gz
- zonos-elements/1.3.177/dist/zonos-elements/p-d0944cc8.system.entry.min.js.br
- zonos-elements/1.3.177/dist/zonos-elements/p-d0944cc8.system.entry.min.js.gz
- zonos-elements/1.3.177/dist/zonos-elements/p-d49c6a3e.system.entry.js.br
- zonos-elements/1.3.177/dist/zonos-elements/p-d49c6a3e.system.entry.js.gz
- zonos-elements/1.3.177/dist/zonos-elements/p-d49c6a3e.system.entry.min.js.br
- zonos-elements/1.3.177/dist/zonos-elements/p-d49c6a3e.system.entry.min.js.gz
- zonos-elements/1.3.177/dist/zonos-elements/p-da1495c3.entry.js.br
- zonos-elements/1.3.177/dist/zonos-elements/p-da1495c3.entry.js.gz
- zonos-elements/1.3.177/dist/zonos-elements/p-da1495c3.entry.min.js.br
- zonos-elements/1.3.177/dist/zonos-elements/p-da1495c3.entry.min.js.gz
- zonos-elements/1.3.177/dist/zonos-elements/p-db3f381d.entry.js.br
- zonos-elements/1.3.177/dist/zonos-elements/p-db3f381d.entry.js.gz
- zonos-elements/1.3.177/dist/zonos-elements/p-db3f381d.entry.min.js.br
- zonos-elements/1.3.177/dist/zonos-elements/p-db3f381d.entry.min.js.gz
- zonos-elements/1.3.177/dist/zonos-elements/p-de221545.entry.js.br
- zonos-elements/1.3.177/dist/zonos-elements/p-de221545.entry.js.gz
- zonos-elements/1.3.177/dist/zonos-elements/p-de221545.entry.min.js.br
- zonos-elements/1.3.177/dist/zonos-elements/p-de221545.entry.min.js.gz
- zonos-elements/1.3.177/dist/zonos-elements/p-e1255160.js.br
- zonos-elements/1.3.177/dist/zonos-elements/p-e1255160.js.gz
- zonos-elements/1.3.177/dist/zonos-elements/p-e1255160.min.js.br
- zonos-elements/1.3.177/dist/zonos-elements/p-e1255160.min.js.gz
- zonos-elements/1.3.177/dist/zonos-elements/p-e4f8114a.system.js.br
- zonos-elements/1.3.177/dist/zonos-elements/p-e4f8114a.system.js.gz
- zonos-elements/1.3.177/dist/zonos-elements/p-e4f8114a.system.min.js.br
- zonos-elements/1.3.177/dist/zonos-elements/p-e4f8114a.system.min.js.gz
- zonos-elements/1.3.177/dist/zonos-elements/p-e8c70c7d.system.entry.js.br
- zonos-elements/1.3.177/dist/zonos-elements/p-e8c70c7d.system.entry.js.gz
- zonos-elements/1.3.177/dist/zonos-elements/p-e8c70c7d.system.entry.min.js.br
- zonos-elements/1.3.177/dist/zonos-elements/p-e8c70c7d.system.entry.min.js.gz
- zonos-elements/1.3.177/dist/zonos-elements/p-e99e75dd.system.entry.js.br
- zonos-elements/1.3.177/dist/zonos-elements/p-e99e75dd.system.entry.js.gz
- zonos-elements/1.3.177/dist/zonos-elements/p-e99e75dd.system.entry.min.js.br
- zonos-elements/1.3.177/dist/zonos-elements/p-e99e75dd.system.entry.min.js.gz
- zonos-elements/1.3.177/dist/zonos-elements/p-eb294265.entry.js.br
- zonos-elements/1.3.177/dist/zonos-elements/p-eb294265.entry.js.gz
- zonos-elements/1.3.177/dist/zonos-elements/p-eb294265.entry.min.js.br
- zonos-elements/1.3.177/dist/zonos-elements/p-eb294265.entry.min.js.gz
- zonos-elements/1.3.177/dist/zonos-elements/p-ebae987b.system.js.br
- zonos-elements/1.3.177/dist/zonos-elements/p-ebae987b.system.js.gz
- zonos-elements/1.3.177/dist/zonos-elements/p-ebae987b.system.min.js.br
- zonos-elements/1.3.177/dist/zonos-elements/p-ebae987b.system.min.js.gz
- zonos-elements/1.3.177/dist/zonos-elements/p-ecdb20bb.system.js.br
- zonos-elements/1.3.177/dist/zonos-elements/p-ecdb20bb.system.js.gz
- zonos-elements/1.3.177/dist/zonos-elements/p-ecdb20bb.system.min.js.br
- zonos-elements/1.3.177/dist/zonos-elements/p-ecdb20bb.system.min.js.gz
- zonos-elements/1.3.177/dist/zonos-elements/p-f378b4d3.system.entry.js.br
- zonos-elements/1.3.177/dist/zonos-elements/p-f378b4d3.system.entry.js.gz
- zonos-elements/1.3.177/dist/zonos-elements/p-f378b4d3.system.entry.min.js.br
- zonos-elements/1.3.177/dist/zonos-elements/p-f378b4d3.system.entry.min.js.gz
- zonos-elements/1.3.177/dist/zonos-elements/p-fe253cc1.js.br
- zonos-elements/1.3.177/dist/zonos-elements/p-fe253cc1.js.gz
- zonos-elements/1.3.177/dist/zonos-elements/p-fe253cc1.min.js.br
- zonos-elements/1.3.177/dist/zonos-elements/p-fe253cc1.min.js.gz
- zonos-elements/1.3.177/dist/zonos-elements/p-fe2c27c4.entry.js.br
- zonos-elements/1.3.177/dist/zonos-elements/p-fe2c27c4.entry.js.gz
- zonos-elements/1.3.177/dist/zonos-elements/p-fe2c27c4.entry.min.js.br
- zonos-elements/1.3.177/dist/zonos-elements/p-fe2c27c4.entry.min.js.gz
- zonos-elements/1.3.177/dist/zonos-elements/p-febb90e0.entry.js.br
- zonos-elements/1.3.177/dist/zonos-elements/p-febb90e0.entry.js.gz
- zonos-elements/1.3.177/dist/zonos-elements/p-febb90e0.entry.min.js.br
- zonos-elements/1.3.177/dist/zonos-elements/p-febb90e0.entry.min.js.gz
- zonos-elements/1.3.177/dist/zonos-elements/zonos-elements.css.br
- zonos-elements/1.3.177/dist/zonos-elements/zonos-elements.css.gz
- zonos-elements/1.3.177/dist/zonos-elements/zonos-elements.esm.js.br
- zonos-elements/1.3.177/dist/zonos-elements/zonos-elements.esm.js.gz
- zonos-elements/1.3.177/dist/zonos-elements/zonos-elements.esm.min.js.br
- zonos-elements/1.3.177/dist/zonos-elements/zonos-elements.esm.min.js.gz
- zonos-elements/1.3.177/dist/zonos-elements/zonos-elements.js.br
- zonos-elements/1.3.177/dist/zonos-elements/zonos-elements.js.gz
- zonos-elements/1.3.177/dist/zonos-elements/zonos-elements.min.css.br
- zonos-elements/1.3.177/dist/zonos-elements/zonos-elements.min.css.gz
- zonos-elements/1.3.177/dist/zonos-elements/zonos-elements.min.js.br
- zonos-elements/1.3.177/dist/zonos-elements/zonos-elements.min.js.gz
SRIs:
- zonos-elements/1.3.177/dist/zonos-elements/p-bf084b60.system.min.js: sha512-VVIeAIU2PBB7HXk1cXrVJBSlSq5AB8PE+jOjjCRsJ9NHfYSvVEmlvb29pVvrNNZYPcdOCvTKOfjgr4Gq/i8ubg==
- zonos-elements/1.3.177/dist/zonos-elements/p-6c0c8722.system.entry.min.js: sha512-z/hrcD6lopFBpAyn8hdt2hqXWFWEJLLVimSiGBgO+XzqXw7YPnB2XS21huYJOo/tIX8867xe5Ric7TABfC47jQ==
- zonos-elements/1.3.177/dist/zonos-elements/p-ae393255.min.js: sha512-XOco+U28Gx1T902DJFFtuAqhxD8WQ2OTZ2LlUurcwY8CP8uRSR1YZtIv5QQ0qW4HegnM2lwhVOYc5P0Ya5GdYA==
- zonos-elements/1.3.177/dist/zonos-elements/p-56ba5cbf.system.js: sha512-SHWFgN7UAJIkoVCLigw+AcSfH6D4uUWZB03DPMA++1rnPgACBL3KT9oawpgRX3ra2W7+arqLEwrUyFOlZQACkA==
- zonos-elements/1.3.177/dist/zonos-elements/p-97aceb11.min.js: sha512-s2HrbAwtY+L31v5f7jA6j20zHBrw4Go9PgmVHHTKBBApAqUM/AajavIjNiXPAesxRHTMtYmlbG7Fur0QgKLncA==
- zonos-elements/1.3.177/dist/zonos-elements/p-bc7bf53e.system.js: sha512-9M0cRfNyc/rtUw0NPGYlVOFHmr8ZSSM/vWTW/HI/TyPK1IwIrCkQeRMGQF3P6xCVYLC6lTywL61apwxqwGjx3Q==
- zonos-elements/1.3.177/dist/scripts/loadZonos.min.js: sha512-CGHBTr4c9HLLdAGIsYzcaCM8SIwDsR2qgcXqqvd3XJN27wJIgcCKG9BaeeVnfVlByL7VLXWkpAa1zPOD1aUXGw==
- zonos-elements/1.3.177/dist/zonos-elements/p-3d221556.system.entry.js: sha512-X1+6LtUy5yfGF7JOkzMa31ksjG8tfssvRxAzYl8iwlfGbPIYMUqBN0XahVcewiTo25b5nbAzNGgkh0t0enXLhA==
- zonos-elements/1.3.177/dist/zonos-elements/p-f378b4d3.system.entry.js: sha512-lg5ecbgWEZEoIPQZ/sZ0UmptLrVwQD/BAC/+6ZO052oaabZMJ4E2IxJidbVH1X+gt0/5tEUhQT9UJJ2+SZjszQ==
- zonos-elements/1.3.177/dist/zonos-elements/p-3d221556.system.entry.min.js: sha512-pHo3uLnRzGhDGCniXZuesFugB6LGLDCoGsANXeU0QKdlWGxxD5MKesmqJF8MoDd20dJHDzAqKwSJ0Nl5djGv8Q==
- zonos-elements/1.3.177/dist/zonos-elements/p-5c49561b.system.entry.min.js: sha512-KwcS3BoQSH/SrANDatHuOEnyr5Tp39GX76C7YJWsUZIMhD+B0LzVYxQlu1Ex31/3ZdCPBvaF0tuMh/Ax653+NQ==
- zonos-elements/1.3.177/dist/zonos-elements/p-a87561b8.min.js: sha512-JUMmee2kZpoju4BhVKJza+DdpnhCQHVHmJegHaFIR4ojryOCopM1uFHTEQmDsziLBcAd/3VDDNIT+rwuAFLB0Q==
- zonos-elements/1.3.177/dist/zonos-elements/index.esm.min.js: sha512-W/ne5kIcQxP81Hms5ecdcS3E7WhEl8SuYRj2NKdLmzmpFnu3xBKH/meryA3Yt9qy4iOFxwrdSqn5YvjYQlAyGA==
- zonos-elements/1.3.177/dist/zonos-elements/p-32902ef7.entry.min.js: sha512-bZ9Wgitp8y61Ec9Z/y6BfTh8CxJPadmQBlramFsciT9rsElXwwwsh/xFvLV0QaVpR6l38uxIfzSo1yh9/0uENQ==
- zonos-elements/1.3.177/dist/zonos-elements/p-fe2c27c4.entry.js: sha512-rhAkIvaD3jBxPvjsB900jtkJakNmhkFRLJ4kUTRrV/yBCnwq0msfBs80o7GJ5u081D5yi/W4hH4xkK2mqJbvdw==
- zonos-elements/1.3.177/dist/zonos-elements/p-9baf7e19.entry.js: sha512-fbysA3PhYKpU7M1xULYkvIfwiRyOheo6p2GmYAdaGhV+VEmszLugK5NxjRdhcKgghEXDToh8jcdjRtdaLaJHrA==
- zonos-elements/1.3.177/dist/scripts/zonos.js: sha512-8/n52+g+YRoKaBhoIs2qcIicDqMjBRYTOtL0aNaKqPYMnqvpBe+KkUz7AMb7i8vjAzL5NiTzdRdZkWy0Uyq85w==
- zonos-elements/1.3.177/dist/zonos-elements/p-96d77739.js: sha512-+PC10Biq63Erxn/EhvjpmpYjG9+QGkU0yT77ED3LAJ0h/mHyMCHTSW+tDnWH1DFQierRoPfvI/B2rwAT00dBDA==
- zonos-elements/1.3.177/dist/zonos-elements/p-c9e433c0.system.js: sha512-C3FKT8Du81qJUxcrvxg4gm1xsRiizD+/V5ddr8+rcTaBGyLf10QTwmR0LB1z1LvfGHCdq1fLH8sl6VrGImedBQ==
- zonos-elements/1.3.177/dist/zonos-elements/p-1aa93d1e.system.js: sha512-3HHXNdvtMWhvbEgXnCQw42ABbtEM3svCoUjxkRQr0hs+mLs5el7evt/FjjDuQWDxQUAARYn7U/AIcMmKTMXVyQ==
- zonos-elements/1.3.177/dist/zonos-elements/p-739014f8.system.entry.min.js: sha512-QJmAlSs5OZ1bTXqwFqoQ1JiRr2Iu9YEgtpI4JsuuCYM58rpfp58tgI/BIfDAs9t5grOnmHbFb/8bun1iLNgiqg==
- zonos-elements/1.3.177/dist/zonos-elements/p-a1cfbd0a.js: sha512-c5E8m8jXjodxxiiAJl2Rbh/eCFR4Khf532JOJEbIJYoYl328Th+uPqcTql2d3GLmPZwgLMZILrHnmK1FqJjksg==
- zonos-elements/1.3.177/dist/zonos-elements/p-0fc02cde.js: sha512-aT62ihPgXEiGgXoq2CBDJRbXCpfEI5YidR8doixAmSHSwfT6uEtdS77TBlCei1zOGk96a2cAqn+NArgzqVDoFQ==
- zonos-elements/1.3.177/dist/zonos-elements/p-6c0c8722.system.entry.js: sha512-MA3WAv42HlWEeLYXq+59x+hwT8/goGDDkiHZ5WiFrIWicNe+xJNIzGW8uXvdXSoVD8xHi8gKFzWYQzdbrdqoeA==
- zonos-elements/1.3.177/dist/zonos-elements/p-b4b7f705.js: sha512-PXp2XDRzpFdrYpI6LyR5G3j+g5PtzA4Z0OhD8XiMcKnOdkImq9k9KlSxw4DDQteF4ADG5hFznMH5JHHtcfTCRQ==
- zonos-elements/1.3.177/dist/zonos-elements/p-ebae987b.system.min.js: sha512-5bO50BsP4ESpyX4iFJJIEziyuTL117RbvbEu0Tc5k+AIyqU5HWOetHIp+gZE4LvpXKT1UyUNzkfr4e/dqdfmKw==
- zonos-elements/1.3.177/dist/zonos-elements/p-59d7ca9c.js: sha512-mJrxNmvQDNL4Yl35BVzUupJcT0ohg6Mmqf+3xG6eDpZxcpGklwwbl7fswB0Lba8rvgSC7GHlS3IKsq7kCfyLMw==
- zonos-elements/1.3.177/dist/zonos-elements/p-d0944cc8.system.entry.min.js: sha512-Ze3Pfe1Nfg0G6wZ3ZrHdGOW8JXOxPIZACsZm5Fh0NedUul90L9CGRSa5Lb054CbSDq/up2d7X8wefHrYfjXglw==
- zonos-elements/1.3.177/dist/scripts/loadZonos.js: sha512-xcTar9L9z+8fMcKKkXLKfGNjooETe9buswfB8AqvZvl5GuWwrpCjol0S5hHOkScX70kKAURufL/zCOb61B0R3A==
- zonos-elements/1.3.177/dist/zonos-elements/p-0c64dbbb.min.js: sha512-I1QaaeCOb8w6hnEAedRCXNV3hCL67ab7rna8MZWHgJGpAeTBUEjWQu0VhNccDbOhJK0mEg2/trGvtkrg+XJu8Q==
- zonos-elements/1.3.177/dist/zonos-elements/p-c9e433c0.system.min.js: sha512-qEv9h9Y8nDpvaySioQF4/5ctRDptvHl1Tw4iOEaLHVqkum7g2oHmm7n+iHO1mox8nNClMJsepiC9110fTqk9iw==
- zonos-elements/1.3.177/dist/zonos-elements/p-08e7107d.js: sha512-8mHWdVAqjt5W9QCDhwCims0UwMZ79FZNzVowOzJ9crxd+EXbrdb2qtct2OjE08T7EAaUh7ZL+pQzjgF5eaKQeQ==
- zonos-elements/1.3.177/dist/zonos-elements/p-50335898.system.entry.js: sha512-eykllztYmu4u8PkoF7rfPW/yWAq3UpMbzpDi1qxVKO6qGr6u/pZtZIdPZOecxsk0TLufUKFKhZDcMIbPJvO7cg==
- zonos-elements/1.3.177/dist/zonos-elements/p-81084be5.system.entry.min.js: sha512-2SlVygldjSPbZH0AHASLvO4cZXwwZhxCXZgKjf9UVsQpRcaZnR2N1/9yV2zbvebmefHKRs57o3UrnnMMzTy0kA==
- zonos-elements/1.3.177/dist/scripts/index.js: sha512-fYcIF1uFHCFr29dv7h5PaupqqW2duSYmtYjJH9q7LoNE3NBI+EqPPXVthTxfcY+SkCTGrbGNagUjc8j4xqVkOg==
- zonos-elements/1.3.177/dist/zonos-elements/p-12a6b7bd.system.min.js: sha512-T/T1Eq/u07Khm6z7uws/e7ynKnuY3f0tGsj8BpvxbldBqPr+AnS11K8IidXh31tcK1g0XdIy0rkUQxDtzO0h2g==
- zonos-elements/1.3.177/dist/zonos-elements/p-58f660d4.system.entry.min.js: sha512-apZAiUQW20JttRlpif4NDqT5iKXadM/jW3ZJmUpXAQSXuNG1MnviGa2vEggny+M55xF7phliPTGVL7WGkbwrGA==
- zonos-elements/1.3.177/dist/zonos-elements/p-647404d6.entry.js: sha512-yMkwB58vKjFIsg14366zti4HfozwzkuTYfL+xRj/0KOffTZQh1iE5/g8Zx2VuAg9Ue7VhWrDRlSZWuBJncsaGA==
- zonos-elements/1.3.177/dist/zonos-elements/p-3eac4b10.entry.min.js: sha512-OC9K/Y5ztrXFQ4T73nr/xVHX6wnXO10/ZHd65JwR2p6VHblHSaRjeqvrWfCLA/Ldxiuz9Rfcaf9Wlb+grgSN0w==
- zonos-elements/1.3.177/dist/zonos-elements/p-63e767aa.system.entry.js: sha512-cOKZxf39DIT6gD37Al0dO4omx69AxuWHEHCitQ4cdPpsjMHsVRuBMXgRqK0VBUd/mEsdCG36gas+GqQdRNkh5g==
- zonos-elements/1.3.177/dist/zonos-elements/p-98aa88b1.min.js: sha512-g2bGRz0c6xyU/yAOoYkquUBHyQ0I7IvP7IVUVjZbhjETM5xTvEFE5Z1QbkOyrpbJ2qfw+gWvzyJNRKgxHE9AEg==
- zonos-elements/1.3.177/dist/zonos-elements/p-23e7c655.system.js: sha512-UpMduc/QQxqx39uMNBwhOy8IFq5L6kUczlJbgDH2omTuNYqaOTFat+BNzVUS7Hj5b6yj0pHqUgmIADVRM+mLWw==
- zonos-elements/1.3.177/dist/zonos-elements/p-30fdcbee.min.js: sha512-tvNzJAbbmE0wsmPvG9E4XjQQnPmIZLxdXTXt6FBG+4fX+W55YIzLOuRZRuP/Znfej4KvornZcsFOzEpQMy+vkA==
- zonos-elements/1.3.177/dist/zonos-elements/p-59d7ca9c.min.js: sha512-n6u4dWjPim5Y2fJwnmLYaAlI63ROHkmwMqnG5oUHQtdp2wRqZzyDxdtlRZRYx1AWDj1QH+llOQ8H4ApDs472Fw==
- zonos-elements/1.3.177/dist/zonos-elements/p-b5b9aa6c.entry.min.js: sha512-34LSr3iVhaTwdEJllM1uoPdbwvdbp5d6oVND1/vST2d5XIupjKZRQZWN+1LTQ7jay4NbR0SX6Lzz67Az4zLDhw==
- zonos-elements/1.3.177/dist/zonos-elements/p-febb90e0.entry.min.js: sha512-xzl0O3EvSXTTcNnL6B98u/Fu+AHpR++ac6AeHobfExcmbEx/kYQ3gaIy3Vy9rjHyRiUGrOxalyX/pRUwQYlGIw==
- zonos-elements/1.3.177/dist/zonos-elements/p-b5b9aa6c.entry.js: sha512-gi6YcuYImOKm1jW4uJFCpgXOXTjMgLfRKQvUwEwsJH0RnB65483nhb7fOuaPVq65XktUqvyLjjZHssJ74EicWg==
- zonos-elements/1.3.177/dist/zonos-elements/p-ebae987b.system.js: sha512-NUeMgHf526upwFqKj3Qxgz6TBhRFHoOW5OTs8t+2GHBd7ZO3XJqYiwrmz7gqA2kUxCQayMpcN71Jy9sq91xdcQ==
- zonos-elements/1.3.177/dist/zonos-elements/p-2770ba48.system.min.js: sha512-nV4vkAVDB8V0oAeOthEeWgy/2dmsfASUbQB3/nDc6+suestUd2wqcQnO7wDB84FO7qXGpEp/4YWWZGZA0yyDxA==
- zonos-elements/1.3.177/dist/zonos-elements/p-da1495c3.entry.js: sha512-p9uOy/WzpZcpapNyZb3e+RwQ7Ov5QsCEiSx5nqvRNzYi3PuYFLTZBfP+4GMnfgF6cYLt55cZRH+zL+4g2t/Grw==
- zonos-elements/1.3.177/dist/zonos-elements/p-e99e75dd.system.entry.min.js: sha512-ebsTq7HcLv4Bytpn/G37cBoN/k93BdGtvCgSQ5d/2GmBZI4+fLhcsr05kTEp0dhTOnFBuno2LARRsfxkQcocbQ==
- zonos-elements/1.3.177/dist/zonos-elements/p-4af7acba.system.entry.min.js: sha512-5bXBsVwRuvUzwkDyowJINZN/DoZ3W+Rali8vG76EQzbdnqErQ9kedqJhSI2Ljebvk2McHG+sMuAHbEruLeHa+Q==
- zonos-elements/1.3.177/dist/zonos-elements/p-cc9f529e.entry.js: sha512-3NEFOKhqRmSPdxl68vT/nm52PBwYYXPjsHHjPnb0wFPnFFpTYWBTDQCSDxwZwToUWP3qb1g4mbw8N+lAuDXrwA==
- zonos-elements/1.3.177/dist/zonos-elements/p-d0944cc8.system.entry.js: sha512-jOXq+E4al9B4IYpUHDXhKfCIGiH2ShtG/wNps+M0J3AgXPKB2MsJPip66Dbc2yT8qtvawiArQkdWTaRDp2ARBw==
- zonos-elements/1.3.177/dist/zonos-elements/p-46f6e5e9.system.js: sha512-wAVAob7nIkkcjs0YNWnEYh0tBPOcywe52p3GMWYi8jElyoOUu0q4sUCds0srYOOlJn6ut9CMsay1gmEhR9zBVg==
- zonos-elements/1.3.177/dist/zonos-elements/p-bffff3cd.system.entry.min.js: sha512-EY6EShaqttVaOHCzBl9FufKNn65lDiOWUghBCPiWFLukNE+yUXeKX8+qq3y4Ys7ZAl7VDILW0HPHztJUy+NYXA==
- zonos-elements/1.3.177/dist/zonos-elements/p-bffff3cd.system.entry.js: sha512-N1Yg7hDLrydu4+6GaPxnlTc8NvIOekCdeGoq6lcxZpmAQvYkhvgxBYTMqRy/xMXm2PEpYdK4aXxNpMWhrIROSQ==
- zonos-elements/1.3.177/dist/zonos-elements/p-cc9f529e.entry.min.js: sha512-Iihb8AOVXlIinQoBKPq198sKfgKEnKr88sdufc8O+/8skAizfjhx8AyvVGSIaobUaFUHwk1umUQgCEdahglcRA==
- zonos-elements/1.3.177/dist/zonos-elements/p-0bb6e344.entry.min.js: sha512-t4/ouF/p8lBWnWR6E36dn6PpJRFP+cAgB2TR4Z7oPnd3HdXhq/GoEEYoVIPxmtUNB4UOvMUSL8fdyyFBclU94Q==
- zonos-elements/1.3.177/dist/zonos-elements/p-46f6e5e9.system.min.js: sha512-DiHRUGgIztwRVX1hjwzSE7jZow9NOo4vjjhv9zmhn8zILUnMDaXTPfmyl09McPl4LRLD2SGtoYYD7BFEvfpSyQ==
- zonos-elements/1.3.177/dist/zonos-elements/p-bc7bf53e.system.min.js: sha512-95jt5o7xddYWDQcFxHM3Ths2hgf8u5qK1b+zpQzOr01aktgqne5gdojP6o2qplsRb1B1MrvzlfRXMQttlxnkrg==
- zonos-elements/1.3.177/dist/zonos-elements/p-69f84611.entry.js: sha512-U5kPHASeP715bGKJ2mmpWSv+K6KuGZjELIfz5fqUVVJMav713cbrEwhVSQvLwvClD6vQ1wJ22sw4VrQUojMwEg==
- zonos-elements/1.3.177/dist/zonos-elements/p-a87561b8.js: sha512-gY9tv8teeTmrMar5Qi58ph5wqRQ4W02dYN7UHie6LEIjVNXOhG9GtSV+FeULVRaMbjItyKUrEHTEb8xRL2BI0g==
- zonos-elements/1.3.177/dist/zonos-elements/p-b2ad4966.min.js: sha512-TskfBnOFh2hx3oyxyqvf2gG997846YhFuuIdwhuo0MCC2xK3N/5Z3DN0VF+t/0dDdIWPwLn0sZmLZP3Rxrtmwg==
- zonos-elements/1.3.177/dist/zonos-elements/p-c4fa8524.system.entry.min.js: sha512-MfTQ4/fiTGf19PL07O/jM1hMej/GETNYMG+XNv/uEzYsel5src1tfE4VMh5tdWsSaPsKUxbnCB9iGTfj7lEUAQ==
- zonos-elements/1.3.177/dist/zonos-elements/p-e1255160.js: sha512-ekAuZOOVvHzfGdM/YkM1Irke2E+WgLxS2iUnv6RziXgTUfUF/v5c/Aft9MuUO3u0QPhJPZvI8EGnllCbkWpi3Q==
- zonos-elements/1.3.177/dist/zonos-elements/p-4caffd96.system.js: sha512-1uSu5GarwFQyJzeei/Kqcc+vpq0hxN/iY0ELuOJNSp0q02e+vINRGNQ0JAjpKEs6BhqP4f5VhJM6skp+VfZbTA==
- zonos-elements/1.3.177/dist/zonos-elements/p-c4fa8524.system.entry.js: sha512-MKL5LDBQEqE5WJhBoEImFInlfNHIwE4G8mHGaRZBL79jpz5ksV7PXxEUgszLIN21bWi57NUAplpI9qzcZzJsIQ==
- zonos-elements/1.3.177/dist/scripts/zonos.min.js: sha512-qevZKtrPHsBP1UjLLpGlWYOFB4IAbjmOLEKJs5LdbzVGnHk0VIoSL0jpDuJ917VIr26IShEswjDxEpxnzMcEjA==
- zonos-elements/1.3.177/dist/zonos-elements/p-3eac4b10.entry.js: sha512-/pXbaRIoRFqos1kPPS4ZP9WUIICEikmxrmt4kJX6o5eCwIqqutUfZwxkXVlrgk63Xh2SDdz3kNZyQNLBxRbHBg==
- zonos-elements/1.3.177/dist/zonos-elements/p-cedf08f0.entry.js: sha512-T0i3UfqUg/jkiBBNyBWXqH2kv+99sO/23PaEPItfSpAPR0KdLnZOr4jr4PZAR6xRDEE3nWyayBaDcc2OIdLaww==
- zonos-elements/1.3.177/dist/zonos-elements/p-fe2c27c4.entry.min.js: sha512-QHKnu9ktt9kBTWjpd+BoSEQh9Q9/dn3VqNLWJj29lbohD26d17sbphVQVG1BQbfS6HyahuGZqDzuuQ/1r40W4w==
- zonos-elements/1.3.177/dist/zonos-elements/p-e8c70c7d.system.entry.js: sha512-TqbSxqiBpyaDsodAYHi2+AWWR0hd17ZlT8+Jn4Qs5HKjwYa2K0tqLidviyItL/hIF+oTiygv7lM065veEFwLww==
- zonos-elements/1.3.177/dist/zonos-elements/p-0894159c.entry.min.js: sha512-09OTCuAjyBtHveD+wncuOdKyjinw9WRTgDLEWjkkOSRQX9M2e2RLZcc+kOa729xqf8X8Q/ytz3vDmcBfX+MzrQ==
- zonos-elements/1.3.177/dist/zonos-elements/p-69f84611.entry.min.js: sha512-uj721EEablxqOAUUBbcJ1V3w1LlhvleUAqZAEpwavZfasQGZVg7DQ0B8Tug32QjH6VobUqHH4KVWm+1snIo3gg==
- zonos-elements/1.3.177/dist/zonos-elements/p-d49c6a3e.system.entry.js: sha512-PGPVAkD/x7uamJ4hpwIBQyCBTz0l5HipA9U9OPBuBhRm7u1WmOmnaR1ct5DoPKUeZ6RTTVXmF1pFX83Znt01Fw==
- zonos-elements/1.3.177/dist/zonos-elements/p-e4f8114a.system.js: sha512-j8HJQw/Bon5mm/RWz/R408qp+qKqri5rWSwtDyAl5EQ3ZlhXPHnNvc1bbGBjx7B6dfy8FjC+Tsoqlc9QXz2Sqg==
- zonos-elements/1.3.177/dist/zonos-elements/p-cedf08f0.entry.min.js: sha512-TG/bGezAHd6wYJQpLGqYismj9UfU6P9XnTx6nBvyWmQjD7T4Y9Yzo7fGuojcEgaQOVgkn8ODldkRnREOOkY5ng==
- zonos-elements/1.3.177/dist/zonos-elements/p-e4f8114a.system.min.js: sha512-Vk7bvvabw4r6VFhlzzoZ+v0a0EbvH7Qi2Tqdh/Ji9HUgNM3LAsigEFlpatwikLAeYYPvVG/Lwu9IORxJHgJgdg==
- zonos-elements/1.3.177/dist/zonos-elements/p-50335898.system.entry.min.js: sha512-v3JmlwOmzHTHRgHLmA27RWi8SwSsKltovLITBesjQjmDP+jLOWc2250wIPLHYq9jjVemOm6Ht6ITPTygcYGPJw==
- zonos-elements/1.3.177/dist/zonos-elements/p-0e63259c.system.entry.min.js: sha512-Ao1Pn6dXAFmOGrk3YsRe3YN4ZYPMdiPf+/lDlHejY4bbqjm/xDCUCRkMbSzU+E17TGN/CmlCRCgNI2zUdX+8WQ==
- zonos-elements/1.3.177/dist/zonos-elements/p-98aa88b1.js: sha512-n2qoTEnAcdZcvt7XAW3llnBbZ3su9Er8PociplLULbrhoz9QgNnmlO/on14HCwxE0e9x6dHDKcaySRXm4ujlZw==
- zonos-elements/1.3.177/dist/zonos-elements/p-da1495c3.entry.min.js: sha512-MGwT5al6740pe2CnV5IifoQuFZL9bCJTloyFkE0y4bmYnwAmlvb0RB75SSUpxpzDQlauK8b+7J8BA/Mpt3jfjg==
- zonos-elements/1.3.177/dist/zonos-elements/p-e8c70c7d.system.entry.min.js: sha512-6Gnzl95qUKXQ/XdU/fnhTSc3yplgBC00T8V4c7V3C+wEBS8zPe+wRs7e2UeOL/447sPem9S7wGT9mJw3bKXRSA==
- zonos-elements/1.3.177/dist/zonos-elements/p-febb90e0.entry.js: sha512-1FWEBA9Z3cMOBb6bOGVNCi6oyqQV0lewmfnr2SMkClRXbK0qX/ZAByLUH4+neEcw+AHjm9yTSvwe3Fy7MKkjFg==
- zonos-elements/1.3.177/dist/zonos-elements/p-595f5dd2.js: sha512-ndsk67EJ59Yy1C6Lkj5DjlBffm8EGmJaUiZw77zWXVIZ+PfVdf/iUnoqEKMj05xqZhpn+oLHxed3mEDMOJPtAQ==
- zonos-elements/1.3.177/dist/zonos-elements/p-9baf7e19.entry.min.js: sha512-I3BVoeAQI2hW1e9us27/SPCcPn3GEo9l0xxoF8QOOzNX6Z5i07QCEIyBeyLS+hd69lv+UL2ATpH3FdgegG7iiw==
- zonos-elements/1.3.177/dist/zonos-elements/p-81084be5.system.entry.js: sha512-WCsbb6FMiIEzKwaTJG3//S6sFX+6JUBIqfBDNfYep405ofkMHuNeaPGqPQpxNBKhXBLmIgHhtDTJYUc1fvnDfw==
- zonos-elements/1.3.177/dist/zonos-elements/p-eb294265.entry.min.js: sha512-XqEny8+tDhncNLf2fMCSiiU4Sclt1w4VRonAU8vudTG5IDjCJkR2GKFc+HexVQFmBS4l7xzX84Fev310ntUCNQ==
- zonos-elements/1.3.177/dist/zonos-elements/p-67973776.entry.min.js: sha512-Gxnkk8F+C8PX4NOBeUeo9C8zT9b+1+n9lrPO/WNtKiamC/4lYNftHDPyBryOMPZC50sRxh9oGrkrwNEYuwSigQ==
- zonos-elements/1.3.177/dist/zonos-elements/p-c5d1217f.system.js: sha512-VXnMOrwqpFx7lUzEpKbQ+jRrxFAD/lopOI+EolQRowGKqcfebU8YPhITMyq8rjot5uAiWD9YFfHDSnfXQZ37KQ==
- zonos-elements/1.3.177/dist/scripts/index.min.js: sha512-y/chUjc+bWhVYNs9KzugxOqvvSDF/LiVBrapTF9DVHpVypU9VNKQbQCxEmPG3pFkU5RnEk7GNhtzQrqPixtdcQ==
- zonos-elements/1.3.177/dist/zonos-elements/p-4af7acba.system.entry.js: sha512-GbUVaERoPFHfnkO9yf+qIVN6j8yB4TJSOCPa6GmlYCWMzSgwxJUm+7Z1ZV2mzzN8vEhwgkmeDDsXaQpcvp6meA==
- zonos-elements/1.3.177/dist/zonos-elements/p-de221545.entry.min.js: sha512-XVy0SIdO+mOFPDVPZ5fErOf+ldvMyuVRYmGVBO8AXgzjKyreIAHgTROirPkgRXCwFUHzU4qKLI27QV0JS48Qvg==
- zonos-elements/1.3.177/dist/zonos-elements/p-20f859ea.system.entry.min.js: sha512-QrE3fCPl9SCKu8T48no5gaUJJkQg29iVc9G88TWRr4Tt659HOSrTmI5bdgQOL1q8tzsYQXHNkyE4JgIQ350y0w==
- zonos-elements/1.3.177/dist/zonos-elements/p-2670438c.system.min.js: sha512-4n5BC8DaYvqS5fxjz81tQS3+1PRa8jKUo/ljQgfIdUOfLGuWvnr8k6atbInXCEHUgTu2sJrVt5zoDU8BRRBpOA==
- zonos-elements/1.3.177/dist/zonos-elements/p-2a732f95.system.entry.js: sha512-SeSuJPcLxLFHJaaPyS0BYQSQTX/X2+Dh/HJ9Oi/ZVeKbFKBSRGEYzXLFHuWhW5Nut5NqV83GFfeWfDFGfFNB0w==
- zonos-elements/1.3.177/dist/zonos-elements/p-5883217a.min.js: sha512-HMcB/afxYiVDtGo8eBd1Xla6KxijnfIICHfrxO3hdtmvDJzCkcZ3zbFY6uX8lOicix9rwV9dXHdTIofxK7QR4Q==
- zonos-elements/1.3.177/dist/zonos-elements/p-c5d1217f.system.min.js: sha512-fPf6jorQnHNXu4geRX1gfjSBjSiHI66YfBnLHNBCkoGfIelKoH+jiw/UtA+SzyYbo8ThfEqqiRY7uwXXoSjuCw==
- zonos-elements/1.3.177/dist/zonos-elements/p-3731e7f5.entry.min.js: sha512-3LgXgDUWi9hs/3AQyMbV88hH8OLKI03fcdpxVWzb2ml2/aW78GuSwbUW8MuO47vyvb3E+qK4KfcAXHW/NfIv5Q==
- zonos-elements/1.3.177/dist/zonos-elements/p-8ee34712.system.min.js: sha512-9jfNTBg7BHaf4qL230dN1A+dgrwPMbzsQx4w9qWNmb4qtk3/sqKsnm6u6Cf4GZUtS3CVbtVpgOaZAzM9t3fEVA==
- zonos-elements/1.3.177/dist/zonos-elements/p-1b75aa35.system.min.js: sha512-FNhzBEok36+mQ3fjQrsYcS4LYRUhYBNMoR34JTIA5wiyDG10V/NVyciADXMVq6HiNEKHhW/1gzOr1j0Emif23g==
- zonos-elements/1.3.177/dist/zonos-elements/p-20f859ea.system.entry.js: sha512-ndL2ym85BgnVXilXwh3iNoQ97P85ffSWgojnQ7JECVxDWVDynU9XHB/F3Fjldxhi+VqL8Eb16i6XqqBNZpGzzw==
- zonos-elements/1.3.177/dist/zonos-elements/p-ce853f8f.system.entry.js: sha512-mXFNL63ae8CHcLiChE9UJEpDda+f5ilEGZw7ZEJrfOEfMgJ4q/EZ/o9MvifOI+Jcy1Tf3hoewINaHGI+ka57dw==
- zonos-elements/1.3.177/dist/zonos-elements/p-db3f381d.entry.min.js: sha512-iygN9NKm+0yW6LEwe3p49ZziljPQIy2mYUDBvxFDieCnpClD4mljYcPR3uMGZtNZ63rOPP0nIhNhrjV/cA6Drg==
- zonos-elements/1.3.177/dist/zonos-elements/p-08e7107d.min.js: sha512-Lpsv99JhhRss+ZobX76QE5PWqK0lMe5U6ntGYANuXnKaBE6Lt7ZLo0kYz8hyqlQRHzc2qaNbYz8o7e9noi/rWw==
- zonos-elements/1.3.177/dist/zonos-elements/p-a1cfbd0a.min.js: sha512-KN6BseBXjFCTlEUrLaly7orRB34mES3hSSDC58wNalqjysErih1tIcyP0MUKnWo/Jc7kLQg/v2wqH/9h3WNllA==
- zonos-elements/1.3.177/dist/zonos-elements/p-b2ad4966.js: sha512-epaCaOZ3jjRYHomasSIchd2OutibaVJaLNpxV/nQrunLMV2/XRC9K6UIOa7HKbyW6sib5i6nCfk71fv4eZ8ssg==
- zonos-elements/1.3.177/dist/zonos-elements/p-f378b4d3.system.entry.min.js: sha512-wLkN7CvZON2htYPPmnw8p9rNPkI4ACEEAK/47vWcqWeUzbIMUzHU4B/sV7xe7JOkeG3k4NRObLPP8bTs6Hg0rA==
- zonos-elements/1.3.177/dist/zonos-elements/p-236f32c8.system.entry.js: sha512-fp+scYkbKNF1hA3nEadLtLJ86eZ2Vs82zInY+mTfT3VOoBNlDp4q0eS2km48QLvLACnUIFYO+Pn7fOSbybQqnQ==
- zonos-elements/1.3.177/dist/zonos-elements/p-595f5dd2.min.js: sha512-6PlJgJi4l9/gIs0aruQoUSduOr49sgvAkVsl973h+SGeU/WjP9hogo+x/wTXYFp531kq/jhpZz0g7XpSKqRJJw==
- zonos-elements/1.3.177/dist/zonos-elements/p-829f6a40.entry.js: sha512-mWNx2iD2qftnbzsPgWDxI66wgBa1AP1ZEdtmrwQjFQJ+qTORuEpI8UU5PZiuNtWFHa53vbqKwVl0rfdCyfPqeA==
- zonos-elements/1.3.177/dist/zonos-elements/p-0e8d337c.entry.min.js: sha512-xM0wxLO+3YG1zWJ6IEi+CnyB6oyEUzL3n7uEN/kdeorwJpF4dMB653PzijLwrpWaFnb2K5hq+ozy/kSQPd7AUw==
- zonos-elements/1.3.177/dist/zonos-elements/p-5187ba8f.system.js: sha512-nueBI70zp3VAsmVkmVET96FLiMeDum7uTZ+X45adG3NsKVDKKP0/2w8zIsOWew83bUsgDnrpj7CudGuvhSoDjw==
- zonos-elements/1.3.177/dist/zonos-elements/p-bf37ccc7.system.js: sha512-dUxLVsnK715LN6DaNW046xdeVsbDdWFPQmbBofSJ3DzKmkII0r5pcCofz856gZw0GCE1DeJJt/TJlV28Kn2a/A==
- zonos-elements/1.3.177/dist/zonos-elements/p-0bb6e344.entry.js: sha512-DqDuYIbJ2qz/jyPxmRDbiQJ9vB2VBIuUvg03D6Dj0k9Fcy6jaMCF8IGOxTaG7UZFcwA0GBUUrn1dKmqV/b/4cg==
- zonos-elements/1.3.177/dist/zonos-elements/p-0c64dbbb.js: sha512-zmNoMecgRAID9sH1Atkbi1MV4O716qU9LVbV/WM8DkODYqwm/aSb5jnoxvS9jpBJHuY4v4Izkp5qqC0dOzvOWw==
- zonos-elements/1.3.177/dist/zonos-elements/p-fe253cc1.min.js: sha512-P1mL4lyPOwPCNbcALBeClA2TS5f+5OH4Yz2VQXLoDF4VpArI5v+uqzo/mAeklruzrfpf2zcm1DP+Hzvzcx2h9g==
- zonos-elements/1.3.177/dist/zonos-elements/p-bf084b60.system.js: sha512-+uDIDXfhpuZZHjyH7y2mA2StkCDs+av48Vd8nRANV57GBz0SAGSlk+YXJv5WAifz1/ZeofmyiCYiQeD9sbeRGg==
- zonos-elements/1.3.177/dist/zonos-elements/p-23e7c655.system.min.js: sha512-H5NFnXHjornRLcH70W18+D025uAGCvtcbJ0KKmFDrRiZUSp4OZe5WueKZkrAxDVHCFeFEnS1PGhOgJ1T6UFn7A==
- zonos-elements/1.3.177/dist/zonos-elements/p-58f660d4.system.entry.js: sha512-kCHfnZ39eFAETBee7Oq38/tTTkHwy+YkMs/bICjCJezbIj2b1coXp3vFg2smNxPrsNrXoZAVpUvorpR8vJF1Dg==
- zonos-elements/1.3.177/dist/zonos-elements/p-be9e1818.system.entry.min.js: sha512-unfR0JkvPOP9BvxywSvgNoRAr0evxirESbn4Z9DQndK5jvoxatFewDegZCgRCAupc9QHpJYU1V9LwSUtGiO8sw==
- zonos-elements/1.3.177/dist/zonos-elements/p-2221d9e8.system.entry.js: sha512-HPc2UzWRR5LeMXsWO92bu//VSW1vG4twkMx8RoQ8yV1iGEKQOYPWudbqb+bsR9FMfKi0XhEFtlVY1oUjNav41Q==
- zonos-elements/1.3.177/dist/zonos-elements/p-2221d9e8.system.entry.min.js: sha512-KoqRWxo8bUCa0plf06UNE9YYG06DDBaJCGygF0/oEv1wL9aI8YJYmg5gG6ZyOWMl1/IWpYivCJQQvyPcSSQSHQ==
- zonos-elements/1.3.177/dist/zonos-elements/p-97aceb11.js: sha512-DjHf+RMq/Wr/dm1+i5FNd517rSW9+FUAPfuPkBlR8APYyNb0Fk0lSrTSPmaJQ3RehwQBWwkviYEEdjNjXrAfMA==
- zonos-elements/1.3.177/dist/zonos-elements/p-be9e1818.system.entry.js: sha512-uUoPTjrqgzlK48uiVZZuMKVi06mAWBZk8dOv53dsckl4U3vhFad/h3HIfnsKeWiMu7QbeEXMDCVsJ87XXM+bBg==
- zonos-elements/1.3.177/dist/zonos-elements/p-0fc02cde.min.js: sha512-xo0tTLYDdO49tIxyORf3Of7c9qIBz4NWoi7s2CcNEuLX8CzMzXJcu2Qt1jYlCPEXqLpEJrjFXJK5P/MD860O0g==
- zonos-elements/1.3.177/dist/zonos-elements/p-2670438c.system.js: sha512-BlZ+imZ+kYVckAYqoujUw9H9DxscJuqHpYCSHGMgHNrbPu/RwW4R2TuVmip89xrI9UH784gM+vJd8yTaik0Cxw==
- zonos-elements/1.3.177/dist/zonos-elements/p-8048932d.entry.min.js: sha512-NprDXSAl0NZjvPPbtTWHHnNgLw5JEMz7kY+3Ohi5Za37y34JfqwwSxEBK8bPm2eagAQ1CD+TSEV3I4NEZTYn0A==
- zonos-elements/1.3.177/dist/zonos-elements/p-db3f381d.entry.js: sha512-OEEvhC9aNwBqL2Cbb5W36LlWQ6HgIgs3BTEFbxr6f7joMFTUmmK4cNPntdiDvOKPzpYXZSiV34My29YNMM845Q==
- zonos-elements/1.3.177/dist/zonos-elements/zonos-elements.esm.js: sha512-XRDrvKaQ8IxrWGwTm9Ind+ROSr1m/uAoj1Gq+PQn6NsT1txSdHlbujTL7ZBSCo5yjIVP5H3oQt7xbxMGZCifxg==
- zonos-elements/1.3.177/dist/zonos-elements/p-32902ef7.entry.js: sha512-HKzBuW2lGTMIF/bw4B4y/iYhyboHE6pvAEYAkp0W+uulprFQb+JPEpub3+w1tufmXCiO6VnhA2QQS1DL0A1oAA==
- zonos-elements/1.3.177/dist/zonos-elements/p-63e767aa.system.entry.min.js: sha512-HWdy/Qi3Wa2GCI3Ac+WgEd/htSGEqmH+ptzYxbTIljx4xvAmj5EntjYYCfDq+2AWQmvV7qr9Ib6nFy53wrXy7A==
- zonos-elements/1.3.177/dist/zonos-elements/p-fe253cc1.js: sha512-CZNu517GHkzvnBJSB+3Gy/D2Z2C5XjFgFmWbYWrrKJL1lNxWyaJVBT3Z3fXO/KZECR15d3CitqaYdN8EK0mXYQ==
- zonos-elements/1.3.177/dist/zonos-elements/p-de221545.entry.js: sha512-ivGxmgPHp8jnKdlNYY3gSRxc6ooJWWVQ1y3yuvQILuNuY5GeDj9ZSNw636mZyrSSH1vKasp/d/zFLs8SyTQt1A==
- zonos-elements/1.3.177/dist/zonos-elements/index.esm.js: sha512-tFMLNTg+jNVZaOjnEFA2V9YWflY83aruoN5KKwnVWaunOrzJ2EJh/gBfsWXsZUIRT7sAQLq40rD3U+P5N0w9Tg==
- zonos-elements/1.3.177/dist/zonos-elements/p-0e8d337c.entry.js: sha512-uxCh+bYtlEqF7xPC/FS6q2O/icp0cn4nYljvpPwWnAJQoj/yxdjim4J9aQoixn6op63KMZ5ycuqHMAXgm78slA==
- zonos-elements/1.3.177/dist/zonos-elements/zonos-elements.js: sha512-UwW+ftIND/J4tJvWeywbojVOvAFWkTw9/Ii4hRV+TP/iHhj5whlCxQaxpARi7FVTjkFiCbkUZz04JQalTtkMsw==
- zonos-elements/1.3.177/dist/zonos-elements/p-ce853f8f.system.entry.min.js: sha512-6bN9mdOYpNTyoaOQedNt5Eec5I7VTuPerKHhbq865fhFDexjv4Vt73SFdtzVeyZCgfmyE7FVT4iszCSRycKN2A==
- zonos-elements/1.3.177/dist/zonos-elements/p-d49c6a3e.system.entry.min.js: sha512-H5jNd24ev8TKoJSmVXA6y4NZWvLmh75RNqw20VjQKjN3OB4CpqRqBbze/PLCxPwdD+dBcR/opqEy2LB/fvvZ6w==
- zonos-elements/1.3.177/dist/zonos-elements/zonos-elements.min.css: sha512-vUdyl/CsO5eMfLbVXxbEHDtPOAUfFVjxpxBWY4uzob0bcWsazCpndyReOiAwQJTwEl604H6GCy0PRX6z+AIpIw==
- zonos-elements/1.3.177/dist/zonos-elements/p-1aa93d1e.system.min.js: sha512-l1kUs1tU0Q37oKyhrudBmkkJN5Y447SESjkGPtgyaP5YJBZC2YdhFB9zHEy2bwn7Vzng9uDk1yqbzR1mzk21dw==
- zonos-elements/1.3.177/dist/zonos-elements/p-56ba5cbf.system.min.js: sha512-G+mi8pNuqaqxZ1fI1zWzNXfdNfOL4fIA2arGTTqYJf6bJJaWs7lkb4yKMCOacbnXk4FZdOD7e3Yi/QOcZrzFyg==
- zonos-elements/1.3.177/dist/zonos-elements/p-69255ed2.system.min.js: sha512-EPNNDGEezxbw9OsYSzxTlxviGOFso1eIWuK/y8Wy2zsNHhr9Ml8qj4haZf5xldDEODFm+Wjnwc5DXbYV+A4oIQ==
- zonos-elements/1.3.177/dist/zonos-elements/p-90633d63.entry.min.js: sha512-1m8YY1xwmA/yDsv6BkuPJU6QKIlNBgvuHan0Aa2uVwbXdLrGvAtcCiT+2s3XdysZVlk4GMhHNw+M54tLX+W/lw==
- zonos-elements/1.3.177/dist/zonos-elements/p-647404d6.entry.min.js: sha512-GyQBHk5yHKJ9U7obKOdCqx3ajgyABiWXXW+Lw8KWOfPlZmhEeuPcPKguzFOg+J4CnT+bxgZYNOgK5FBEnjmibA==
- zonos-elements/1.3.177/dist/zonos-elements/p-cc6d9f7d.entry.js: sha512-muRR7DVgVdJK7ibLr/23NcD2m9lOMBlyn7oL9yihToA5p7cLRHRVfhZnCutRIR1FzGiV3Z2KUYuwwHHocf3lSQ==
- zonos-elements/1.3.177/dist/zonos-elements/p-ae393255.js: sha512-xdX4yKBY9uTg4IdJl5t9ItgCS3v6yJONK+4K1/+8q8J1gZBW4tif5KoZz39tT9dR6tXb9QYi1M/c7x/jAJDKiw==
- zonos-elements/1.3.177/dist/zonos-elements/p-3731e7f5.entry.js: sha512-An1F09UGRymCcJuHhKgRYP9dQJu9hJmgqOtWygsdgDf/xKrPty/ITCIJQA5gGg+rrI4gpYPLgEKF8RxzNYMKLw==
- zonos-elements/1.3.177/dist/zonos-elements/p-41dfc828.entry.js: sha512-ktTFFrPbjcpMDyCCleIAxCKG8gq/RGJATO18Wx5FRD6JSbsEgx777K39uEgAwglJXo0eNQqzXOFcYNuOLpts0w==
- zonos-elements/1.3.177/dist/zonos-elements/p-0e63259c.system.entry.js: sha512-Hi8zrzzKnRDMzPWUJuJOaWrxuDBisBBS7m163zAivfgIQGLU32fE2rklEztoSV6VrEFfnBtTZOjrf8kws8NR1Q==
- zonos-elements/1.3.177/dist/zonos-elements/p-12a6b7bd.system.js: sha512-7FKcxjGcHJRlZtKc1SdbXm0rugY5niigd8He3m2ri2fEne/zy4Psu9WPGMjMDAP3nZ5VGo0qUCy6I5G2Lvh4tQ==
- zonos-elements/1.3.177/dist/zonos-elements/p-236f32c8.system.entry.min.js: sha512-XtbQWSPcmf8CGs5Lx7w262E2BEo8ZXcmbarWG9raN9O4W8JDM/rEnrwCWw9PNdY6lpV5gr4RD/vFYOqBNeFJWg==
- zonos-elements/1.3.177/dist/zonos-elements/p-2d6557ee.system.min.js: sha512-YxrMe5dzkeoGjwJlrPQ5Wn8w82U/cZJEoiEcHiyq26QZAILKq2ul0b0DuJ68JY9dEXemLqAwDMRlsxEtPfO+Sg==
- zonos-elements/1.3.177/dist/zonos-elements/p-ab68ad11.min.js: sha512-uJs6QIAsmh9yIPA1pKT1iLuwl41ERoKFhW9JCPXiPjJXlsvSB2e47MNEQoR7d2Bb5sQcfL+8QkISk4ASnKXq5g==
- zonos-elements/1.3.177/dist/zonos-elements/p-41dfc828.entry.min.js: sha512-4nD+25z3Z3UQDpkirQMXGFuwpyBNXWJK3010TrRaMzIUfmSkEidMRGYQ9m8cMxrSwYqPybbslWRCg4lpTfFl/g==
- zonos-elements/1.3.177/dist/zonos-elements/p-4c462db3.system.entry.min.js: sha512-ky0mUqPgbFNj8kzIoqZEOjPw5norum0kpzCF6slJjwGsn1KdBJy6nVwZVAiWY4FkUmTik8ftvCJU1CZh82lUIw==
- zonos-elements/1.3.177/dist/zonos-elements/p-4c462db3.system.entry.js: sha512-mxl0NBv7OB1xEqMPue1CYgCOQAcF06m3m4lRqq+dZURwuOSMXIye4BmDsUq7+aZbHSHjJVDmQ2JP063hvbCTMg==
- zonos-elements/1.3.177/dist/zonos-elements/p-5bd927f2.min.js: sha512-ieeMm2QrN5rZWfBXDE83dSlkbUZ1AeJwDSS+YM6R+kKbo7OmtXH6s46355oeCg840Gbxigbg/BFjVGQZjOypgg==
- zonos-elements/1.3.177/dist/zonos-elements/p-eb294265.entry.js: sha512-Htwric/zD7p80fAMhQOdzgDnxH1nUrogQ5umUztrrcoGWPCLBURDxeebcxEOWnJU8K0nVOLs9BGNKFMz/pnpBQ==
- zonos-elements/1.3.177/dist/zonos-elements/zonos-elements.min.js: sha512-pWbAIQg0nRabbHnumSJ/9Jo7q1E+hfAv1zVqdD7L8woRauSahCJAEGHJlGRvVKroDH16ZT0OtX4g7/pAJqTI2w==
- zonos-elements/1.3.177/dist/zonos-elements/p-67973776.entry.js: sha512-uJ4DO33tVWneN6+G3OO7By977ALpqPKRC3W+wCqDL3IEsN3sIIxaVlqZx/RaiX3Oeyh8BzS6yb6IxNvfq+KsWg==
- zonos-elements/1.3.177/dist/zonos-elements/p-b4b7f705.min.js: sha512-A6I7cr0iDkyHv2+xlhxfUiM78fuHfz8QtUapG+/Lfv0tjUvbiKeldlDsWzhCKLAutlLDP9hJ8ArZcX+/oA6qnw==
- zonos-elements/1.3.177/dist/zonos-elements/p-bf37ccc7.system.min.js: sha512-7ApbzKIDaQimKpkJrpz45sdXuDcZ0/ZBPmoY9dBxvY+ZBdbpwPZzU+S88CeMjA0y1VnCs9NoSRgcbrjbssk+Yw==
- zonos-elements/1.3.177/dist/zonos-elements/p-69255ed2.system.js: sha512-7IdCl21BtgAeXoXpq0oF9qVlCSmXTQGm9b6Y22eXiY1totA+lWm5vbUmzg8+ECIIB6rkkDjLOVwQnXmGmeYnVw==
- zonos-elements/1.3.177/dist/zonos-elements/p-90633d63.entry.js: sha512-73BlBIdssizhq2tdOwdbJewKB7AwiaFpSgzPunTG9KkN/pnRYz1im28+qOVDXhVBffE/QGQDNTM7VJ/oWue36w==
- zonos-elements/1.3.177/dist/zonos-elements/p-30fdcbee.js: sha512-yjtbxeRXrt0AR5Qn7WkCNH67OrF+mfSoAyMD1w21fcPhoj4vVjEdP8W9b0NBJNW65rOkIM/dqq131ZgGFoMU1Q==
- zonos-elements/1.3.177/dist/zonos-elements/p-5187ba8f.system.min.js: sha512-1zB3LXAJ1vQ7qFMbJPqq3TCDF6UJfa/R53jQXJHL0b0V0ucAA4xx6g6NNdk2lKRCb3JmJ/yRTaJ4COi91G+inA==
- zonos-elements/1.3.177/dist/zonos-elements/p-5c49561b.system.entry.js: sha512-H9ETNNyptoTG6fkdh7obaDpgqnkY5FztMuaHrQd53C7q+u8sVBF7C6VXvpPCQ7rJiGYY1VmMzV/vfDaA2+1O8Q==
- zonos-elements/1.3.177/dist/zonos-elements/p-4caffd96.system.min.js: sha512-36niEN4qSywnR4s/A0TinBle572LgXFHOgU5XCx0cLECiZ6RkSOgRU+bCLgv3BLZ6TJ27cTXuqknkxu9+JoCBQ==
- zonos-elements/1.3.177/dist/zonos-elements/p-ad7a69cc.system.entry.js: sha512-7PfWSE4JmGJSM0PYFwqDdU24HlVT/QiXL3/XjW3vE05RQg8lTewlpjn9R1BCVjSxT2vFombKRfrmtU17hXNUxA==
- zonos-elements/1.3.177/dist/zonos-elements/p-ecdb20bb.system.min.js: sha512-s0NWLLMCuMvmptBWXYIM7GlQc5jd7c6qbn0NIpXSzDEXpCtcDR1JTeIub3HJUYGGdBEHm+1RAZGwxFPbdf2VWg==
- zonos-elements/1.3.177/dist/zonos-elements/p-2a732f95.system.entry.min.js: sha512-MWMo5kK+ekhWp16Q3fWZVJMRkWaXYCqACNIFsIlrMmXYHMHC61kbC16HWcM1CyFePkhJePhzZBBGoeA5kfJuTA==
- zonos-elements/1.3.177/dist/zonos-elements/p-8048932d.entry.js: sha512-Y1HAQnW3ugP++EJ73QFvKVQvOw5osPLi1R2UW/fs2wDacd8j+y2+l6ZPnSn7pO9++Fjj+DmA+dMPoh/et48Hwg==
- zonos-elements/1.3.177/dist/zonos-elements/p-ad7a69cc.system.entry.min.js: sha512-eFw4zAjxXwKlvDVyNZpnIZWKH45/rCTgQ4Sz1ODSnrcB5GdYywQ39mCsmj6TPizNokCXTjNyiO/TnbxKlQYRcA==
- zonos-elements/1.3.177/dist/zonos-elements/p-cc6d9f7d.entry.min.js: sha512-VonDEFCtKRpoOib4JCkktyRZ8ACEeR34o3Bkqk1Eg65NzQpt8P/1HMGCPxpa3Cau5F6s/2fDz9fJ7xs+2bi/rg==
- zonos-elements/1.3.177/dist/zonos-elements/p-829f6a40.entry.min.js: sha512-xhWWkzMo16S8CRoUV/ubbkovtduD2LQO9j7kGuVzPFUvQme1yn6Ksu3wBYBydiDO3vyxUHbrn9BITRGepp/Enw==
- zonos-elements/1.3.177/dist/zonos-elements/zonos-elements.css: sha512-vUdyl/CsO5eMfLbVXxbEHDtPOAUfFVjxpxBWY4uzob0bcWsazCpndyReOiAwQJTwEl604H6GCy0PRX6z+AIpIw==
- zonos-elements/1.3.177/dist/zonos-elements/p-2d6557ee.system.js: sha512-CtnrixTGiczkaDQfUXk/KHk+qi3NP3igRgYf8yLNUbZzh9CeTl4vu4jBASSxliu7FBxzYkRpCl+HqsQx/J4vJQ==
- zonos-elements/1.3.177/dist/zonos-elements/p-5883217a.js: sha512-C9k8DTbeOi+yyyoVr4t8Qe31v8orqV/BhCPJY2xBsl7vJ5dQ/YIU7ttqCTigqqbMml5Pe0duxi2tZIro4syk3A==
- zonos-elements/1.3.177/dist/zonos-elements/p-916d04a5.entry.js: sha512-DH+DgFRbxUUSUZlTpoNHcafBtIVDQUaHN9iyZCvlYxE07XzPKEjX+r/egjarVQHuEKKZWrE+aAR6lLyktOi5HA==
- zonos-elements/1.3.177/dist/zonos-elements/p-96d77739.min.js: sha512-oe18i3TW2+P/EFNbajCnbXe/XkYQeBcYlrXg/q/w86H4M8Zp0zqIUMWNscqa3YXPdhFWtMBKua/WphxfLqb3gw==
- zonos-elements/1.3.177/dist/zonos-elements/p-e99e75dd.system.entry.js: sha512-vQu3cdVoyHCF9NvLzhrz7nDAZvzDeMQ1B72W4sQqWDJk08EtYiqWDMsyBNUN5PQ8b35MNmn7sSCzWGoB9MtHeA==
- zonos-elements/1.3.177/dist/zonos-elements/p-e1255160.min.js: sha512-HFYzkcVzsw+z+i0+3EDU2cQqcLO6WVyQReaceod58ELfrRuOVmE+Gx+fcTEm7jmHGNT5A6A90IW0YVx+gxovsw==
- zonos-elements/1.3.177/dist/zonos-elements/p-0894159c.entry.js: sha512-vN73j81pv5/XQNm1pNi+rcERE3pzbH99o5/l122fy2MuOwCCn7qAXi5xySrhpVV05nRblxdYezmzGyyDf2s52g==
- zonos-elements/1.3.177/dist/zonos-elements/p-739014f8.system.entry.js: sha512-J1zQPDLRcmZIrXWBWk0IgUWWWItctqX9Y0ZVbiENzctasAHGWoJKFf643pnPQpxmbRxpJd36ij6I8jFRwoJQbg==
- zonos-elements/1.3.177/dist/zonos-elements/p-8ee34712.system.js: sha512-KwUu9bzSYgWaijiLVdRAd7vkpM1lWcerj1f8tuQWS/HfrQbtuuGIsDgo6+O1bBy/Gge/ZV4uGKQjP0Zv1e76JQ==
- zonos-elements/1.3.177/dist/zonos-elements/zonos-elements.esm.min.js: sha512-sqEhm1aPhrOI5LlsitJseF6rgmCtZtkRK4tZUFogOhf2EJ1AjZik0mgWukNPDsIX24wmjkLdHfu0bMblKAY2SQ==
- zonos-elements/1.3.177/dist/zonos-elements/p-1b75aa35.system.js: sha512-5m0E3jB8KbHgR6+wLNbEyyOk4SUKNpUpv9krEEgXV3lERlMRKqs4Z2gtabYRTfn7Icv0anF+QQhHoU42Vf34Fg==
- zonos-elements/1.3.177/dist/zonos-elements/p-916d04a5.entry.min.js: sha512-cneHlYTzBm07Cp7Sic5OLmLgPs5F/Qns/EBM6V9GZ4SvHrqmAFqq2bHa4Qb6XpOrrIQbcNvac4q3naSvbryJ1A==
- zonos-elements/1.3.177/dist/zonos-elements/p-ab68ad11.js: sha512-3cmsEV38i//pij3+15mv5O/k+wXH5EQiisZz63TdLCZhuv5A7IXoXk8tLemX6AmanezTE+mJ+TYOgdo8R4K0IQ==
- zonos-elements/1.3.177/dist/zonos-elements/p-2770ba48.system.js: sha512-kd6H5FaBik5YDMWAphSycrpIEi+ksoQGyUAzeAB9Y/Yn5ns50ZM8vXw+nn5FEyynDtlXlZJ66r8coNc3s3enEg==
- zonos-elements/1.3.177/dist/zonos-elements/p-5bd927f2.js: sha512-6taYmWAECFxOzQAc09n7Cz/GL5ur/g0hHF1LDb7W/AOQxIjg0Zvg8Vuwb/5il1vylXwCJxlVIbWqHX1pbnoVPw==
- zonos-elements/1.3.177/dist/zonos-elements/p-ecdb20bb.system.js: sha512-c3aAu64DCM2DqTLjXAiod2bdY4cNLHThBg0OjqZjrOhAH241ikTrQ6v7tAYTEXJ68DZ/CC5Rp4lsM3E5f5SNrA==
