config: {"authors":[{"name":"Tony Tam","email":"fehguy@gmail.com"}],"autoupdate":{"source":"git","target":"git://github.com/swagger-api/swagger-ui.git","fileMap":[{"basePath":"dist","files":["**/swagger-ui*"]}],"ignoreVersions":["v"]},"description":"Swagger UI is a dependency-free collection of HTML, JavaScript, and CSS assets that dynamically generate beautiful documentation from a Swagger-compliant API","filename":"swagger-ui.js","homepage":"http://swagger.io/","keywords":["swagger-ui","library","ajax","framework","toolkit","api"],"license":"Apache-2.0","name":"swagger-ui","repository":{"type":"git","url":"https://github.com/swagger-api/swagger-ui.git"},"author":"Tony Tam \u003cfehguy@gmail.com\u003e"}
KV keys:
- swagger-ui/5.28.0/swagger-ui-bundle.js.br
- swagger-ui/5.28.0/swagger-ui-bundle.js.gz
- swagger-ui/5.28.0/swagger-ui-bundle.min.js.br
- swagger-ui/5.28.0/swagger-ui-bundle.min.js.gz
- swagger-ui/5.28.0/swagger-ui-es-bundle-core.js.br
- swagger-ui/5.28.0/swagger-ui-es-bundle-core.js.gz
- swagger-ui/5.28.0/swagger-ui-es-bundle-core.min.js.br
- swagger-ui/5.28.0/swagger-ui-es-bundle-core.min.js.gz
- swagger-ui/5.28.0/swagger-ui-es-bundle.js.br
- swagger-ui/5.28.0/swagger-ui-es-bundle.js.gz
- swagger-ui/5.28.0/swagger-ui-es-bundle.min.js.br
- swagger-ui/5.28.0/swagger-ui-es-bundle.min.js.gz
- swagger-ui/5.28.0/swagger-ui-standalone-preset.js.br
- swagger-ui/5.28.0/swagger-ui-standalone-preset.js.gz
- swagger-ui/5.28.0/swagger-ui-standalone-preset.min.js.br
- swagger-ui/5.28.0/swagger-ui-standalone-preset.min.js.gz
- swagger-ui/5.28.0/swagger-ui.css.br
- swagger-ui/5.28.0/swagger-ui.css.gz
- swagger-ui/5.28.0/swagger-ui.js.br
- swagger-ui/5.28.0/swagger-ui.js.gz
- swagger-ui/5.28.0/swagger-ui.min.css.br
- swagger-ui/5.28.0/swagger-ui.min.css.gz
- swagger-ui/5.28.0/swagger-ui.min.js.br
- swagger-ui/5.28.0/swagger-ui.min.js.gz
SRIs:
- swagger-ui/5.28.0/swagger-ui-standalone-preset.min.js: sha512-yJlD9FXQ7YaxAKXhviHSt/0KqWDCkLFdCnk0Ti23HXDMEQtHLAAWMHZ+POglC1mx/MOUB//h8kci3U1JYrywpQ==
- swagger-ui/5.28.0/swagger-ui.js: sha512-xf29vfEUvls/rKaj532h/s/jD+rLjBq3P9AR+b+IJ9Vp194WbnNuccTTBjX7Wu37Az+JBS+pksYtMXMs+GSFTA==
- swagger-ui/5.28.0/swagger-ui.min.css: sha512-FCw+cnh2A20omSXcIdoLnqQrVbcPiyAPEjKlSZdj6uIR++Xx0VIduMmFZhzYm/gf7bqmZ7dzP3+WVn2Gfr5TjQ==
- swagger-ui/5.28.0/swagger-ui-bundle.js: sha512-1UyxYzFLca3MuOuoCjlD63gTVNeyT7/vRoVVFziGOwpda3S7VW2ch8Acth+wgQ7Mpk5/4GmcZARiXTGll0uw2A==
- swagger-ui/5.28.0/swagger-ui-bundle.min.js: sha512-5wwTumuGSEhs2cxv8qTPioOYR5ApZvDzEi8iEJ7ENTOzQ9/qLYh9tWKkMFlrYLpEcnHK+TkqvOLJxKSDGOWrfQ==
- swagger-ui/5.28.0/swagger-ui-es-bundle-core.js: sha512-pCxrJ4S4cQN4lupAg4QdlPLp+HK22CCnnYasUzyTqMERxh7+D+RZury/oHX0crj7TckMEmFqDb4VSNH1u+oa5Q==
- swagger-ui/5.28.0/swagger-ui-es-bundle.min.js: sha512-ErrT0vUAmYHszkNZx4sVcTuQyS5RjI6MXf+27jyXT9++3QUcUFg+d9ZohojOLURA7tc0R2UrUxeoSV1J2GAsaw==
- swagger-ui/5.28.0/swagger-ui-standalone-preset.js: sha512-OpfRyVownaTZfFLyUMvwJsNA45Bx0lmyIcRHqQrq7KJfHoVSLBGpotGLSfkRFyFS6seeFfEyJFkVFtYNa9XjRg==
- swagger-ui/5.28.0/swagger-ui-es-bundle-core.min.js: sha512-eAsZoP8/ae1n4mZmXhEQD1JSAEnIPjBXuC4xU+M8D4PLPsYrJy8JQvN2NTWppLtPy3bDNM6RenyHZtE/keFoRg==
- swagger-ui/5.28.0/swagger-ui-es-bundle.js: sha512-WtNeSscxh7uI5gTOTDWuQ0W4K1u/CeNQQ7WeN+k8ivf0w2NgKkqWOJZmjUITtU80XZ8zAeq4EhVpk/P787m9Uw==
- swagger-ui/5.28.0/swagger-ui.css: sha512-RPglwf2sfXxTzet3gDTqUm0kQTS4smvZH+KghUBdleD/yg11lFA/bQMCL6muqDUFscql2I07hzbOQejXdGhzRA==
- swagger-ui/5.28.0/swagger-ui.min.js: sha512-ByCTjtgrSBSkKoAqZRn8OdFHxUBBtM8sVtGR+XMOmQza/Le/v8BcWepAJU1I6XyJJ1SSoiJFcHUF0bXc/jRyBg==
