config: {"authors":[{"name":"Pouya Saadeghi"}],"autoupdate":{"source":"npm","target":"daisyui","fileMap":[{"basePath":"dist","files":["*.css"]}]},"description":"Tailwind CSS Components","filename":"full.css","homepage":"https://daisyui.com/","keywords":["design-system","tailwindcss","components","ui-library","component","framework","tailwind","theming","postcss","design","css","ui"],"license":"MIT","name":"daisyui","repository":{"type":"git","url":"https://github.com/saadeghi/daisyui.git"},"author":"Pouya Saadeghi"}
KV keys:
- daisyui/4.12.17/full.css.br
- daisyui/4.12.17/full.css.gz
- daisyui/4.12.17/full.min.css.br
- daisyui/4.12.17/full.min.css.gz
- daisyui/4.12.17/styled.css.br
- daisyui/4.12.17/styled.css.gz
- daisyui/4.12.17/styled.min.css.br
- daisyui/4.12.17/styled.min.css.gz
- daisyui/4.12.17/themes.css.br
- daisyui/4.12.17/themes.css.gz
- daisyui/4.12.17/themes.min.css.br
- daisyui/4.12.17/themes.min.css.gz
- daisyui/4.12.17/unstyled.css.br
- daisyui/4.12.17/unstyled.css.gz
- daisyui/4.12.17/unstyled.min.css.br
- daisyui/4.12.17/unstyled.min.css.gz
SRIs:
- daisyui/4.12.17/themes.min.css: sha512-ZY/UD7s2WPDhEadzyvKKLNf37Y3xIdnxH3FN35I9e3Bj5+Q9p0igBA9O6rTcg7fgaXIw+ruFBBlNcUvE6mF1aw==
- daisyui/4.12.17/unstyled.css: sha512-GsYLMkDjc8602Dv3ynnRFYlhMvOeYSvIpvZ+iTA5S25le2Jg++LZbkUh3r9TVGOYyWdHMaPA3qP4xcBVaPPZcQ==
- daisyui/4.12.17/unstyled.min.css: sha512-NfuOaq62I9hVi09V/JokhY9rIUd6bftunkoHftWoZzjoUZ0GtR8bbYW5ChG47usnHAnDrcQhAtZmbX8mHsODjQ==
- daisyui/4.12.17/full.css: sha512-ioPzNJMo22dXpBdAr5me1Qiw5MfSCy5furiNzvtanNcF6IXVEUNYulYP+qr3kvefGbEwiEx4XQRwWvCGKPh3fQ==
- daisyui/4.12.17/full.min.css: sha512-mWrD/tLqmHdcK33CHKBJD27AMYcgQ0vQrITpY6XfNfoByAo/mF9T1x7pgs1dVgEIwJMmLAztdLxNWAvDJHUGHg==
- daisyui/4.12.17/styled.css: sha512-Ocp1+CyUJmCORhfm+lgsM6vc9dAyjXvHoL0zqW6gnTG1AyD3OEM4cdNI6DACMfXFxjTRqpicPFOx1sv8SgrLoA==
- daisyui/4.12.17/styled.min.css: sha512-DQVgwV98028SJ/t8hcSsshzwEVs7NSwxERBbPW9U43bDhDrJZG0AQ4OOlxnhST6B0cmb726iBxt8Ej4pPhis8A==
- daisyui/4.12.17/themes.css: sha512-ARree2jhfu/DjzaZt7hzPoo8pTRq4l1LcwEPia2APEdJLja66EYHJaSxNLXSidWZVWQQpV6j5Nbz76a53c2UHw==
