Files:
- clerk-js/5.59.0-snapshot.v20250401231954/192_86803f_5.59.0-snapshot.v20250401231954.js.br
- clerk-js/5.59.0-snapshot.v20250401231954/192_86803f_5.59.0-snapshot.v20250401231954.js.gz
- clerk-js/5.59.0-snapshot.v20250401231954/192_86803f_5.59.0-snapshot.v20250401231954.js.sri
- clerk-js/5.59.0-snapshot.v20250401231954/192_86803f_5.59.0-snapshot.v20250401231954.min.js.br
- clerk-js/5.59.0-snapshot.v20250401231954/192_86803f_5.59.0-snapshot.v20250401231954.min.js.gz
- clerk-js/5.59.0-snapshot.v20250401231954/192_86803f_5.59.0-snapshot.v20250401231954.min.js.sri
- clerk-js/5.59.0-snapshot.v20250401231954/377_3ab55f_5.59.0-snapshot.v20250401231954.js.br
- clerk-js/5.59.0-snapshot.v20250401231954/377_3ab55f_5.59.0-snapshot.v20250401231954.js.gz
- clerk-js/5.59.0-snapshot.v20250401231954/377_3ab55f_5.59.0-snapshot.v20250401231954.js.sri
- clerk-js/5.59.0-snapshot.v20250401231954/377_3ab55f_5.59.0-snapshot.v20250401231954.min.js.br
- clerk-js/5.59.0-snapshot.v20250401231954/377_3ab55f_5.59.0-snapshot.v20250401231954.min.js.gz
- clerk-js/5.59.0-snapshot.v20250401231954/377_3ab55f_5.59.0-snapshot.v20250401231954.min.js.sri
- clerk-js/5.59.0-snapshot.v20250401231954/890_3ab55f_5.59.0-snapshot.v20250401231954.js.br
- clerk-js/5.59.0-snapshot.v20250401231954/890_3ab55f_5.59.0-snapshot.v20250401231954.js.gz
- clerk-js/5.59.0-snapshot.v20250401231954/890_3ab55f_5.59.0-snapshot.v20250401231954.js.sri
- clerk-js/5.59.0-snapshot.v20250401231954/890_3ab55f_5.59.0-snapshot.v20250401231954.min.js.br
- clerk-js/5.59.0-snapshot.v20250401231954/890_3ab55f_5.59.0-snapshot.v20250401231954.min.js.gz
- clerk-js/5.59.0-snapshot.v20250401231954/890_3ab55f_5.59.0-snapshot.v20250401231954.min.js.sri
- clerk-js/5.59.0-snapshot.v20250401231954/965_3ab55f_5.59.0-snapshot.v20250401231954.js.br
- clerk-js/5.59.0-snapshot.v20250401231954/965_3ab55f_5.59.0-snapshot.v20250401231954.js.gz
- clerk-js/5.59.0-snapshot.v20250401231954/965_3ab55f_5.59.0-snapshot.v20250401231954.js.sri
- clerk-js/5.59.0-snapshot.v20250401231954/965_3ab55f_5.59.0-snapshot.v20250401231954.min.js.br
- clerk-js/5.59.0-snapshot.v20250401231954/965_3ab55f_5.59.0-snapshot.v20250401231954.min.js.gz
- clerk-js/5.59.0-snapshot.v20250401231954/965_3ab55f_5.59.0-snapshot.v20250401231954.min.js.sri
- clerk-js/5.59.0-snapshot.v20250401231954/blankcaptcha_86803f_5.59.0-snapshot.v20250401231954.js.br
- clerk-js/5.59.0-snapshot.v20250401231954/blankcaptcha_86803f_5.59.0-snapshot.v20250401231954.js.gz
- clerk-js/5.59.0-snapshot.v20250401231954/blankcaptcha_86803f_5.59.0-snapshot.v20250401231954.js.sri
- clerk-js/5.59.0-snapshot.v20250401231954/blankcaptcha_86803f_5.59.0-snapshot.v20250401231954.min.js.br
- clerk-js/5.59.0-snapshot.v20250401231954/blankcaptcha_86803f_5.59.0-snapshot.v20250401231954.min.js.gz
- clerk-js/5.59.0-snapshot.v20250401231954/blankcaptcha_86803f_5.59.0-snapshot.v20250401231954.min.js.sri
- clerk-js/5.59.0-snapshot.v20250401231954/checkout_86803f_5.59.0-snapshot.v20250401231954.js.br
- clerk-js/5.59.0-snapshot.v20250401231954/checkout_86803f_5.59.0-snapshot.v20250401231954.js.gz
- clerk-js/5.59.0-snapshot.v20250401231954/checkout_86803f_5.59.0-snapshot.v20250401231954.js.sri
- clerk-js/5.59.0-snapshot.v20250401231954/checkout_86803f_5.59.0-snapshot.v20250401231954.min.js.br
- clerk-js/5.59.0-snapshot.v20250401231954/checkout_86803f_5.59.0-snapshot.v20250401231954.min.js.gz
- clerk-js/5.59.0-snapshot.v20250401231954/checkout_86803f_5.59.0-snapshot.v20250401231954.min.js.sri
- clerk-js/5.59.0-snapshot.v20250401231954/clerk.browser.js.br
- clerk-js/5.59.0-snapshot.v20250401231954/clerk.browser.js.gz
- clerk-js/5.59.0-snapshot.v20250401231954/clerk.browser.js.sri
- clerk-js/5.59.0-snapshot.v20250401231954/clerk.browser.min.js.br
- clerk-js/5.59.0-snapshot.v20250401231954/clerk.browser.min.js.gz
- clerk-js/5.59.0-snapshot.v20250401231954/clerk.browser.min.js.sri
- clerk-js/5.59.0-snapshot.v20250401231954/clerk.headless.browser.js.br
- clerk-js/5.59.0-snapshot.v20250401231954/clerk.headless.browser.js.gz
- clerk-js/5.59.0-snapshot.v20250401231954/clerk.headless.browser.js.sri
- clerk-js/5.59.0-snapshot.v20250401231954/clerk.headless.browser.min.js.br
- clerk-js/5.59.0-snapshot.v20250401231954/clerk.headless.browser.min.js.gz
- clerk-js/5.59.0-snapshot.v20250401231954/clerk.headless.browser.min.js.sri
- clerk-js/5.59.0-snapshot.v20250401231954/clerk.headless.js.br
- clerk-js/5.59.0-snapshot.v20250401231954/clerk.headless.js.gz
- clerk-js/5.59.0-snapshot.v20250401231954/clerk.headless.js.sri
- clerk-js/5.59.0-snapshot.v20250401231954/clerk.headless.min.js.br
- clerk-js/5.59.0-snapshot.v20250401231954/clerk.headless.min.js.gz
- clerk-js/5.59.0-snapshot.v20250401231954/clerk.headless.min.js.sri
- clerk-js/5.59.0-snapshot.v20250401231954/clerk.js.br
- clerk-js/5.59.0-snapshot.v20250401231954/clerk.js.gz
- clerk-js/5.59.0-snapshot.v20250401231954/clerk.js.sri
- clerk-js/5.59.0-snapshot.v20250401231954/clerk.min.js.br
- clerk-js/5.59.0-snapshot.v20250401231954/clerk.min.js.gz
- clerk-js/5.59.0-snapshot.v20250401231954/clerk.min.js.sri
- clerk-js/5.59.0-snapshot.v20250401231954/clerk.mjs.br
- clerk-js/5.59.0-snapshot.v20250401231954/clerk.mjs.gz
- clerk-js/5.59.0-snapshot.v20250401231954/clerk.no-rhc.js.br
- clerk-js/5.59.0-snapshot.v20250401231954/clerk.no-rhc.js.gz
- clerk-js/5.59.0-snapshot.v20250401231954/clerk.no-rhc.js.sri
- clerk-js/5.59.0-snapshot.v20250401231954/clerk.no-rhc.min.js.br
- clerk-js/5.59.0-snapshot.v20250401231954/clerk.no-rhc.min.js.gz
- clerk-js/5.59.0-snapshot.v20250401231954/clerk.no-rhc.min.js.sri
- clerk-js/5.59.0-snapshot.v20250401231954/clerk.no-rhc.mjs.br
- clerk-js/5.59.0-snapshot.v20250401231954/clerk.no-rhc.mjs.gz
- clerk-js/5.59.0-snapshot.v20250401231954/coinbase-wallet-sdk_86803f_5.59.0-snapshot.v20250401231954.js.br
- clerk-js/5.59.0-snapshot.v20250401231954/coinbase-wallet-sdk_86803f_5.59.0-snapshot.v20250401231954.js.gz
- clerk-js/5.59.0-snapshot.v20250401231954/coinbase-wallet-sdk_86803f_5.59.0-snapshot.v20250401231954.js.sri
- clerk-js/5.59.0-snapshot.v20250401231954/coinbase-wallet-sdk_86803f_5.59.0-snapshot.v20250401231954.min.js.br
- clerk-js/5.59.0-snapshot.v20250401231954/coinbase-wallet-sdk_86803f_5.59.0-snapshot.v20250401231954.min.js.gz
- clerk-js/5.59.0-snapshot.v20250401231954/coinbase-wallet-sdk_86803f_5.59.0-snapshot.v20250401231954.min.js.sri
- clerk-js/5.59.0-snapshot.v20250401231954/coinbase-wallet-sdk_cc5ff5_5.59.0-snapshot.v20250401231954.js.br
- clerk-js/5.59.0-snapshot.v20250401231954/coinbase-wallet-sdk_cc5ff5_5.59.0-snapshot.v20250401231954.js.gz
- clerk-js/5.59.0-snapshot.v20250401231954/coinbase-wallet-sdk_cc5ff5_5.59.0-snapshot.v20250401231954.js.sri
- clerk-js/5.59.0-snapshot.v20250401231954/coinbase-wallet-sdk_cc5ff5_5.59.0-snapshot.v20250401231954.min.js.br
- clerk-js/5.59.0-snapshot.v20250401231954/coinbase-wallet-sdk_cc5ff5_5.59.0-snapshot.v20250401231954.min.js.gz
- clerk-js/5.59.0-snapshot.v20250401231954/coinbase-wallet-sdk_cc5ff5_5.59.0-snapshot.v20250401231954.min.js.sri
- clerk-js/5.59.0-snapshot.v20250401231954/cookieSuffix_3ab55f_5.59.0-snapshot.v20250401231954.js.br
- clerk-js/5.59.0-snapshot.v20250401231954/cookieSuffix_3ab55f_5.59.0-snapshot.v20250401231954.js.gz
- clerk-js/5.59.0-snapshot.v20250401231954/cookieSuffix_3ab55f_5.59.0-snapshot.v20250401231954.js.sri
- clerk-js/5.59.0-snapshot.v20250401231954/cookieSuffix_3ab55f_5.59.0-snapshot.v20250401231954.min.js.br
- clerk-js/5.59.0-snapshot.v20250401231954/cookieSuffix_3ab55f_5.59.0-snapshot.v20250401231954.min.js.gz
- clerk-js/5.59.0-snapshot.v20250401231954/cookieSuffix_3ab55f_5.59.0-snapshot.v20250401231954.min.js.sri
- clerk-js/5.59.0-snapshot.v20250401231954/cookieSuffix_86803f_5.59.0-snapshot.v20250401231954.js.br
- clerk-js/5.59.0-snapshot.v20250401231954/cookieSuffix_86803f_5.59.0-snapshot.v20250401231954.js.gz
- clerk-js/5.59.0-snapshot.v20250401231954/cookieSuffix_86803f_5.59.0-snapshot.v20250401231954.js.sri
- clerk-js/5.59.0-snapshot.v20250401231954/cookieSuffix_86803f_5.59.0-snapshot.v20250401231954.min.js.br
- clerk-js/5.59.0-snapshot.v20250401231954/cookieSuffix_86803f_5.59.0-snapshot.v20250401231954.min.js.gz
- clerk-js/5.59.0-snapshot.v20250401231954/cookieSuffix_86803f_5.59.0-snapshot.v20250401231954.min.js.sri
- clerk-js/5.59.0-snapshot.v20250401231954/cookieSuffix_cc5ff5_5.59.0-snapshot.v20250401231954.js.br
- clerk-js/5.59.0-snapshot.v20250401231954/cookieSuffix_cc5ff5_5.59.0-snapshot.v20250401231954.js.gz
- clerk-js/5.59.0-snapshot.v20250401231954/cookieSuffix_cc5ff5_5.59.0-snapshot.v20250401231954.js.sri
- clerk-js/5.59.0-snapshot.v20250401231954/cookieSuffix_cc5ff5_5.59.0-snapshot.v20250401231954.min.js.br
- clerk-js/5.59.0-snapshot.v20250401231954/cookieSuffix_cc5ff5_5.59.0-snapshot.v20250401231954.min.js.gz
- clerk-js/5.59.0-snapshot.v20250401231954/cookieSuffix_cc5ff5_5.59.0-snapshot.v20250401231954.min.js.sri
- clerk-js/5.59.0-snapshot.v20250401231954/createorganization_86803f_5.59.0-snapshot.v20250401231954.js.br
- clerk-js/5.59.0-snapshot.v20250401231954/createorganization_86803f_5.59.0-snapshot.v20250401231954.js.gz
- clerk-js/5.59.0-snapshot.v20250401231954/createorganization_86803f_5.59.0-snapshot.v20250401231954.js.sri
- clerk-js/5.59.0-snapshot.v20250401231954/createorganization_86803f_5.59.0-snapshot.v20250401231954.min.js.br
- clerk-js/5.59.0-snapshot.v20250401231954/createorganization_86803f_5.59.0-snapshot.v20250401231954.min.js.gz
- clerk-js/5.59.0-snapshot.v20250401231954/createorganization_86803f_5.59.0-snapshot.v20250401231954.min.js.sri
- clerk-js/5.59.0-snapshot.v20250401231954/framework_86803f_5.59.0-snapshot.v20250401231954.js.br
- clerk-js/5.59.0-snapshot.v20250401231954/framework_86803f_5.59.0-snapshot.v20250401231954.js.gz
- clerk-js/5.59.0-snapshot.v20250401231954/framework_86803f_5.59.0-snapshot.v20250401231954.js.sri
- clerk-js/5.59.0-snapshot.v20250401231954/framework_86803f_5.59.0-snapshot.v20250401231954.min.js.br
- clerk-js/5.59.0-snapshot.v20250401231954/framework_86803f_5.59.0-snapshot.v20250401231954.min.js.gz
- clerk-js/5.59.0-snapshot.v20250401231954/framework_86803f_5.59.0-snapshot.v20250401231954.min.js.sri
- clerk-js/5.59.0-snapshot.v20250401231954/impersonationfab_86803f_5.59.0-snapshot.v20250401231954.js.br
- clerk-js/5.59.0-snapshot.v20250401231954/impersonationfab_86803f_5.59.0-snapshot.v20250401231954.js.gz
- clerk-js/5.59.0-snapshot.v20250401231954/impersonationfab_86803f_5.59.0-snapshot.v20250401231954.js.sri
- clerk-js/5.59.0-snapshot.v20250401231954/impersonationfab_86803f_5.59.0-snapshot.v20250401231954.min.js.br
- clerk-js/5.59.0-snapshot.v20250401231954/impersonationfab_86803f_5.59.0-snapshot.v20250401231954.min.js.gz
- clerk-js/5.59.0-snapshot.v20250401231954/impersonationfab_86803f_5.59.0-snapshot.v20250401231954.min.js.sri
- clerk-js/5.59.0-snapshot.v20250401231954/keylessPrompt_86803f_5.59.0-snapshot.v20250401231954.js.br
- clerk-js/5.59.0-snapshot.v20250401231954/keylessPrompt_86803f_5.59.0-snapshot.v20250401231954.js.gz
- clerk-js/5.59.0-snapshot.v20250401231954/keylessPrompt_86803f_5.59.0-snapshot.v20250401231954.js.sri
- clerk-js/5.59.0-snapshot.v20250401231954/keylessPrompt_86803f_5.59.0-snapshot.v20250401231954.min.js.br
- clerk-js/5.59.0-snapshot.v20250401231954/keylessPrompt_86803f_5.59.0-snapshot.v20250401231954.min.js.gz
- clerk-js/5.59.0-snapshot.v20250401231954/keylessPrompt_86803f_5.59.0-snapshot.v20250401231954.min.js.sri
- clerk-js/5.59.0-snapshot.v20250401231954/onetap_86803f_5.59.0-snapshot.v20250401231954.js.br
- clerk-js/5.59.0-snapshot.v20250401231954/onetap_86803f_5.59.0-snapshot.v20250401231954.js.gz
- clerk-js/5.59.0-snapshot.v20250401231954/onetap_86803f_5.59.0-snapshot.v20250401231954.js.sri
- clerk-js/5.59.0-snapshot.v20250401231954/onetap_86803f_5.59.0-snapshot.v20250401231954.min.js.br
- clerk-js/5.59.0-snapshot.v20250401231954/onetap_86803f_5.59.0-snapshot.v20250401231954.min.js.gz
- clerk-js/5.59.0-snapshot.v20250401231954/onetap_86803f_5.59.0-snapshot.v20250401231954.min.js.sri
- clerk-js/5.59.0-snapshot.v20250401231954/op-billing-page_86803f_5.59.0-snapshot.v20250401231954.js.br
- clerk-js/5.59.0-snapshot.v20250401231954/op-billing-page_86803f_5.59.0-snapshot.v20250401231954.js.gz
- clerk-js/5.59.0-snapshot.v20250401231954/op-billing-page_86803f_5.59.0-snapshot.v20250401231954.js.sri
- clerk-js/5.59.0-snapshot.v20250401231954/op-billing-page_86803f_5.59.0-snapshot.v20250401231954.min.js.br
- clerk-js/5.59.0-snapshot.v20250401231954/op-billing-page_86803f_5.59.0-snapshot.v20250401231954.min.js.gz
- clerk-js/5.59.0-snapshot.v20250401231954/op-billing-page_86803f_5.59.0-snapshot.v20250401231954.min.js.sri
- clerk-js/5.59.0-snapshot.v20250401231954/organizationlist_86803f_5.59.0-snapshot.v20250401231954.js.br
- clerk-js/5.59.0-snapshot.v20250401231954/organizationlist_86803f_5.59.0-snapshot.v20250401231954.js.gz
- clerk-js/5.59.0-snapshot.v20250401231954/organizationlist_86803f_5.59.0-snapshot.v20250401231954.js.sri
- clerk-js/5.59.0-snapshot.v20250401231954/organizationlist_86803f_5.59.0-snapshot.v20250401231954.min.js.br
- clerk-js/5.59.0-snapshot.v20250401231954/organizationlist_86803f_5.59.0-snapshot.v20250401231954.min.js.gz
- clerk-js/5.59.0-snapshot.v20250401231954/organizationlist_86803f_5.59.0-snapshot.v20250401231954.min.js.sri
- clerk-js/5.59.0-snapshot.v20250401231954/organizationprofile_86803f_5.59.0-snapshot.v20250401231954.js.br
- clerk-js/5.59.0-snapshot.v20250401231954/organizationprofile_86803f_5.59.0-snapshot.v20250401231954.js.gz
- clerk-js/5.59.0-snapshot.v20250401231954/organizationprofile_86803f_5.59.0-snapshot.v20250401231954.js.sri
- clerk-js/5.59.0-snapshot.v20250401231954/organizationprofile_86803f_5.59.0-snapshot.v20250401231954.min.js.br
- clerk-js/5.59.0-snapshot.v20250401231954/organizationprofile_86803f_5.59.0-snapshot.v20250401231954.min.js.gz
- clerk-js/5.59.0-snapshot.v20250401231954/organizationprofile_86803f_5.59.0-snapshot.v20250401231954.min.js.sri
- clerk-js/5.59.0-snapshot.v20250401231954/organizationswitcher_86803f_5.59.0-snapshot.v20250401231954.js.br
- clerk-js/5.59.0-snapshot.v20250401231954/organizationswitcher_86803f_5.59.0-snapshot.v20250401231954.js.gz
- clerk-js/5.59.0-snapshot.v20250401231954/organizationswitcher_86803f_5.59.0-snapshot.v20250401231954.js.sri
- clerk-js/5.59.0-snapshot.v20250401231954/organizationswitcher_86803f_5.59.0-snapshot.v20250401231954.min.js.br
- clerk-js/5.59.0-snapshot.v20250401231954/organizationswitcher_86803f_5.59.0-snapshot.v20250401231954.min.js.gz
- clerk-js/5.59.0-snapshot.v20250401231954/organizationswitcher_86803f_5.59.0-snapshot.v20250401231954.min.js.sri
- clerk-js/5.59.0-snapshot.v20250401231954/prefetchorganizationlist_86803f_5.59.0-snapshot.v20250401231954.js.br
- clerk-js/5.59.0-snapshot.v20250401231954/prefetchorganizationlist_86803f_5.59.0-snapshot.v20250401231954.js.gz
- clerk-js/5.59.0-snapshot.v20250401231954/prefetchorganizationlist_86803f_5.59.0-snapshot.v20250401231954.js.sri
- clerk-js/5.59.0-snapshot.v20250401231954/prefetchorganizationlist_86803f_5.59.0-snapshot.v20250401231954.min.js.br
- clerk-js/5.59.0-snapshot.v20250401231954/prefetchorganizationlist_86803f_5.59.0-snapshot.v20250401231954.min.js.gz
- clerk-js/5.59.0-snapshot.v20250401231954/prefetchorganizationlist_86803f_5.59.0-snapshot.v20250401231954.min.js.sri
- clerk-js/5.59.0-snapshot.v20250401231954/pricingTable_86803f_5.59.0-snapshot.v20250401231954.js.br
- clerk-js/5.59.0-snapshot.v20250401231954/pricingTable_86803f_5.59.0-snapshot.v20250401231954.js.gz
- clerk-js/5.59.0-snapshot.v20250401231954/pricingTable_86803f_5.59.0-snapshot.v20250401231954.js.sri
- clerk-js/5.59.0-snapshot.v20250401231954/pricingTable_86803f_5.59.0-snapshot.v20250401231954.min.js.br
- clerk-js/5.59.0-snapshot.v20250401231954/pricingTable_86803f_5.59.0-snapshot.v20250401231954.min.js.gz
- clerk-js/5.59.0-snapshot.v20250401231954/pricingTable_86803f_5.59.0-snapshot.v20250401231954.min.js.sri
- clerk-js/5.59.0-snapshot.v20250401231954/sessionTasks_86803f_5.59.0-snapshot.v20250401231954.js.br
- clerk-js/5.59.0-snapshot.v20250401231954/sessionTasks_86803f_5.59.0-snapshot.v20250401231954.js.gz
- clerk-js/5.59.0-snapshot.v20250401231954/sessionTasks_86803f_5.59.0-snapshot.v20250401231954.js.sri
- clerk-js/5.59.0-snapshot.v20250401231954/sessionTasks_86803f_5.59.0-snapshot.v20250401231954.min.js.br
- clerk-js/5.59.0-snapshot.v20250401231954/sessionTasks_86803f_5.59.0-snapshot.v20250401231954.min.js.gz
- clerk-js/5.59.0-snapshot.v20250401231954/sessionTasks_86803f_5.59.0-snapshot.v20250401231954.min.js.sri
- clerk-js/5.59.0-snapshot.v20250401231954/signin_86803f_5.59.0-snapshot.v20250401231954.js.br
- clerk-js/5.59.0-snapshot.v20250401231954/signin_86803f_5.59.0-snapshot.v20250401231954.js.gz
- clerk-js/5.59.0-snapshot.v20250401231954/signin_86803f_5.59.0-snapshot.v20250401231954.js.sri
- clerk-js/5.59.0-snapshot.v20250401231954/signin_86803f_5.59.0-snapshot.v20250401231954.min.js.br
- clerk-js/5.59.0-snapshot.v20250401231954/signin_86803f_5.59.0-snapshot.v20250401231954.min.js.gz
- clerk-js/5.59.0-snapshot.v20250401231954/signin_86803f_5.59.0-snapshot.v20250401231954.min.js.sri
- clerk-js/5.59.0-snapshot.v20250401231954/signup_86803f_5.59.0-snapshot.v20250401231954.js.br
- clerk-js/5.59.0-snapshot.v20250401231954/signup_86803f_5.59.0-snapshot.v20250401231954.js.gz
- clerk-js/5.59.0-snapshot.v20250401231954/signup_86803f_5.59.0-snapshot.v20250401231954.js.sri
- clerk-js/5.59.0-snapshot.v20250401231954/signup_86803f_5.59.0-snapshot.v20250401231954.min.js.br
- clerk-js/5.59.0-snapshot.v20250401231954/signup_86803f_5.59.0-snapshot.v20250401231954.min.js.gz
- clerk-js/5.59.0-snapshot.v20250401231954/signup_86803f_5.59.0-snapshot.v20250401231954.min.js.sri
- clerk-js/5.59.0-snapshot.v20250401231954/ui-common_86803f_5.59.0-snapshot.v20250401231954.js.br
- clerk-js/5.59.0-snapshot.v20250401231954/ui-common_86803f_5.59.0-snapshot.v20250401231954.js.gz
- clerk-js/5.59.0-snapshot.v20250401231954/ui-common_86803f_5.59.0-snapshot.v20250401231954.js.sri
- clerk-js/5.59.0-snapshot.v20250401231954/ui-common_86803f_5.59.0-snapshot.v20250401231954.min.js.br
- clerk-js/5.59.0-snapshot.v20250401231954/ui-common_86803f_5.59.0-snapshot.v20250401231954.min.js.gz
- clerk-js/5.59.0-snapshot.v20250401231954/ui-common_86803f_5.59.0-snapshot.v20250401231954.min.js.sri
- clerk-js/5.59.0-snapshot.v20250401231954/up-billing-page_86803f_5.59.0-snapshot.v20250401231954.js.br
- clerk-js/5.59.0-snapshot.v20250401231954/up-billing-page_86803f_5.59.0-snapshot.v20250401231954.js.gz
- clerk-js/5.59.0-snapshot.v20250401231954/up-billing-page_86803f_5.59.0-snapshot.v20250401231954.js.sri
- clerk-js/5.59.0-snapshot.v20250401231954/up-billing-page_86803f_5.59.0-snapshot.v20250401231954.min.js.br
- clerk-js/5.59.0-snapshot.v20250401231954/up-billing-page_86803f_5.59.0-snapshot.v20250401231954.min.js.gz
- clerk-js/5.59.0-snapshot.v20250401231954/up-billing-page_86803f_5.59.0-snapshot.v20250401231954.min.js.sri
- clerk-js/5.59.0-snapshot.v20250401231954/userbutton_86803f_5.59.0-snapshot.v20250401231954.js.br
- clerk-js/5.59.0-snapshot.v20250401231954/userbutton_86803f_5.59.0-snapshot.v20250401231954.js.gz
- clerk-js/5.59.0-snapshot.v20250401231954/userbutton_86803f_5.59.0-snapshot.v20250401231954.js.sri
- clerk-js/5.59.0-snapshot.v20250401231954/userbutton_86803f_5.59.0-snapshot.v20250401231954.min.js.br
- clerk-js/5.59.0-snapshot.v20250401231954/userbutton_86803f_5.59.0-snapshot.v20250401231954.min.js.gz
- clerk-js/5.59.0-snapshot.v20250401231954/userbutton_86803f_5.59.0-snapshot.v20250401231954.min.js.sri
- clerk-js/5.59.0-snapshot.v20250401231954/userprofile_86803f_5.59.0-snapshot.v20250401231954.js.br
- clerk-js/5.59.0-snapshot.v20250401231954/userprofile_86803f_5.59.0-snapshot.v20250401231954.js.gz
- clerk-js/5.59.0-snapshot.v20250401231954/userprofile_86803f_5.59.0-snapshot.v20250401231954.js.sri
- clerk-js/5.59.0-snapshot.v20250401231954/userprofile_86803f_5.59.0-snapshot.v20250401231954.min.js.br
- clerk-js/5.59.0-snapshot.v20250401231954/userprofile_86803f_5.59.0-snapshot.v20250401231954.min.js.gz
- clerk-js/5.59.0-snapshot.v20250401231954/userprofile_86803f_5.59.0-snapshot.v20250401231954.min.js.sri
- clerk-js/5.59.0-snapshot.v20250401231954/userverification_86803f_5.59.0-snapshot.v20250401231954.js.br
- clerk-js/5.59.0-snapshot.v20250401231954/userverification_86803f_5.59.0-snapshot.v20250401231954.js.gz
- clerk-js/5.59.0-snapshot.v20250401231954/userverification_86803f_5.59.0-snapshot.v20250401231954.js.sri
- clerk-js/5.59.0-snapshot.v20250401231954/userverification_86803f_5.59.0-snapshot.v20250401231954.min.js.br
- clerk-js/5.59.0-snapshot.v20250401231954/userverification_86803f_5.59.0-snapshot.v20250401231954.min.js.gz
- clerk-js/5.59.0-snapshot.v20250401231954/userverification_86803f_5.59.0-snapshot.v20250401231954.min.js.sri
- clerk-js/5.59.0-snapshot.v20250401231954/vendors_86803f_5.59.0-snapshot.v20250401231954.js.br
- clerk-js/5.59.0-snapshot.v20250401231954/vendors_86803f_5.59.0-snapshot.v20250401231954.js.gz
- clerk-js/5.59.0-snapshot.v20250401231954/vendors_86803f_5.59.0-snapshot.v20250401231954.js.sri
- clerk-js/5.59.0-snapshot.v20250401231954/vendors_86803f_5.59.0-snapshot.v20250401231954.min.js.br
- clerk-js/5.59.0-snapshot.v20250401231954/vendors_86803f_5.59.0-snapshot.v20250401231954.min.js.gz
- clerk-js/5.59.0-snapshot.v20250401231954/vendors_86803f_5.59.0-snapshot.v20250401231954.min.js.sri
- clerk-js/5.59.0-snapshot.v20250401231954/vendors_cc5ff5_5.59.0-snapshot.v20250401231954.js.br
- clerk-js/5.59.0-snapshot.v20250401231954/vendors_cc5ff5_5.59.0-snapshot.v20250401231954.js.gz
- clerk-js/5.59.0-snapshot.v20250401231954/vendors_cc5ff5_5.59.0-snapshot.v20250401231954.js.sri
- clerk-js/5.59.0-snapshot.v20250401231954/vendors_cc5ff5_5.59.0-snapshot.v20250401231954.min.js.br
- clerk-js/5.59.0-snapshot.v20250401231954/vendors_cc5ff5_5.59.0-snapshot.v20250401231954.min.js.gz
- clerk-js/5.59.0-snapshot.v20250401231954/vendors_cc5ff5_5.59.0-snapshot.v20250401231954.min.js.sri
- clerk-js/5.59.0-snapshot.v20250401231954/waitlist_86803f_5.59.0-snapshot.v20250401231954.js.br
- clerk-js/5.59.0-snapshot.v20250401231954/waitlist_86803f_5.59.0-snapshot.v20250401231954.js.gz
- clerk-js/5.59.0-snapshot.v20250401231954/waitlist_86803f_5.59.0-snapshot.v20250401231954.js.sri
- clerk-js/5.59.0-snapshot.v20250401231954/waitlist_86803f_5.59.0-snapshot.v20250401231954.min.js.br
- clerk-js/5.59.0-snapshot.v20250401231954/waitlist_86803f_5.59.0-snapshot.v20250401231954.min.js.gz
- clerk-js/5.59.0-snapshot.v20250401231954/waitlist_86803f_5.59.0-snapshot.v20250401231954.min.js.sri
- clerk-js/5.59.0-snapshot.v20250401231954/zxcvbn-common_86803f_5.59.0-snapshot.v20250401231954.js.br
- clerk-js/5.59.0-snapshot.v20250401231954/zxcvbn-common_86803f_5.59.0-snapshot.v20250401231954.js.gz
- clerk-js/5.59.0-snapshot.v20250401231954/zxcvbn-common_86803f_5.59.0-snapshot.v20250401231954.js.sri
- clerk-js/5.59.0-snapshot.v20250401231954/zxcvbn-common_86803f_5.59.0-snapshot.v20250401231954.min.js.br
- clerk-js/5.59.0-snapshot.v20250401231954/zxcvbn-common_86803f_5.59.0-snapshot.v20250401231954.min.js.gz
- clerk-js/5.59.0-snapshot.v20250401231954/zxcvbn-common_86803f_5.59.0-snapshot.v20250401231954.min.js.sri
- clerk-js/5.59.0-snapshot.v20250401231954/zxcvbn-common_cc5ff5_5.59.0-snapshot.v20250401231954.js.br
- clerk-js/5.59.0-snapshot.v20250401231954/zxcvbn-common_cc5ff5_5.59.0-snapshot.v20250401231954.js.gz
- clerk-js/5.59.0-snapshot.v20250401231954/zxcvbn-common_cc5ff5_5.59.0-snapshot.v20250401231954.js.sri
- clerk-js/5.59.0-snapshot.v20250401231954/zxcvbn-common_cc5ff5_5.59.0-snapshot.v20250401231954.min.js.br
- clerk-js/5.59.0-snapshot.v20250401231954/zxcvbn-common_cc5ff5_5.59.0-snapshot.v20250401231954.min.js.gz
- clerk-js/5.59.0-snapshot.v20250401231954/zxcvbn-common_cc5ff5_5.59.0-snapshot.v20250401231954.min.js.sri
- clerk-js/5.59.0-snapshot.v20250401231954/zxcvbn-ts-core_86803f_5.59.0-snapshot.v20250401231954.js.br
- clerk-js/5.59.0-snapshot.v20250401231954/zxcvbn-ts-core_86803f_5.59.0-snapshot.v20250401231954.js.gz
- clerk-js/5.59.0-snapshot.v20250401231954/zxcvbn-ts-core_86803f_5.59.0-snapshot.v20250401231954.js.sri
- clerk-js/5.59.0-snapshot.v20250401231954/zxcvbn-ts-core_86803f_5.59.0-snapshot.v20250401231954.min.js.br
- clerk-js/5.59.0-snapshot.v20250401231954/zxcvbn-ts-core_86803f_5.59.0-snapshot.v20250401231954.min.js.gz
- clerk-js/5.59.0-snapshot.v20250401231954/zxcvbn-ts-core_86803f_5.59.0-snapshot.v20250401231954.min.js.sri
- clerk-js/5.59.0-snapshot.v20250401231954/zxcvbn-ts-core_cc5ff5_5.59.0-snapshot.v20250401231954.js.br
- clerk-js/5.59.0-snapshot.v20250401231954/zxcvbn-ts-core_cc5ff5_5.59.0-snapshot.v20250401231954.js.gz
- clerk-js/5.59.0-snapshot.v20250401231954/zxcvbn-ts-core_cc5ff5_5.59.0-snapshot.v20250401231954.js.sri
- clerk-js/5.59.0-snapshot.v20250401231954/zxcvbn-ts-core_cc5ff5_5.59.0-snapshot.v20250401231954.min.js.br
- clerk-js/5.59.0-snapshot.v20250401231954/zxcvbn-ts-core_cc5ff5_5.59.0-snapshot.v20250401231954.min.js.gz
- clerk-js/5.59.0-snapshot.v20250401231954/zxcvbn-ts-core_cc5ff5_5.59.0-snapshot.v20250401231954.min.js.sri
