config: {"authors":[{"name":"Google Inc."}],"autoupdate":{"source":"npm","target":"@fontsource/amethysta","fileMap":[{"basePath":"","files":["*.css","files/*.@(woff|woff2)"]}],"excludeFromSearch":true},"description":"Self-host the Amethysta font in a neatly bundled NPM package.","filename":"index.css","homepage":"https://fontsource.org/fonts/amethysta","keywords":["fontsource","font","font family","google fonts","amethysta","Amethysta","css","sass","front-end","web","typeface","variable"],"license":"OFL-1.1","name":"fontsource-amethysta","repository":{"type":"git","url":"git+https://github.com/fontsource/font-files.git"},"author":"Google Inc."}
KV keys:
- fontsource-amethysta/5.2.7/400.css.br
- fontsource-amethysta/5.2.7/400.css.gz
- fontsource-amethysta/5.2.7/400.min.css.br
- fontsource-amethysta/5.2.7/400.min.css.gz
- fontsource-amethysta/5.2.7/files/amethysta-latin-400-normal.woff.br
- fontsource-amethysta/5.2.7/files/amethysta-latin-400-normal.woff.gz
- fontsource-amethysta/5.2.7/files/amethysta-latin-400-normal.woff2
- fontsource-amethysta/5.2.7/index.css.br
- fontsource-amethysta/5.2.7/index.css.gz
- fontsource-amethysta/5.2.7/index.min.css.br
- fontsource-amethysta/5.2.7/index.min.css.gz
- fontsource-amethysta/5.2.7/latin-400.css.br
- fontsource-amethysta/5.2.7/latin-400.css.gz
- fontsource-amethysta/5.2.7/latin-400.min.css.br
- fontsource-amethysta/5.2.7/latin-400.min.css.gz
- fontsource-amethysta/5.2.7/latin.css.br
- fontsource-amethysta/5.2.7/latin.css.gz
- fontsource-amethysta/5.2.7/latin.min.css.br
- fontsource-amethysta/5.2.7/latin.min.css.gz
SRIs:
- fontsource-amethysta/5.2.7/index.min.css: sha512-hqTkz3dkEHNj3DFuSo0l8x6PSJ40+8J856NJvI1H4lOPI91QNfDqlKFNHJEVWqozwo+xjnL5BdyB8S4Cx4huIA==
- fontsource-amethysta/5.2.7/latin-400.css: sha512-lYZRKQ0/j8GN2y4aT3EZWyuSH47ksFZl74XH7rHVHapX133o5lxoWIJETddLXdJrZNVOUflZZe2zSq3R2xKmtg==
- fontsource-amethysta/5.2.7/latin-400.min.css: sha512-5Fz/JaN1pytMvTaNpzuBGUSW6VK1c/f2w0XBgz4feBeAPf3K9L8lh1/lRvOHxcb1cZXcZTzUtDDIQsergyac/Q==
- fontsource-amethysta/5.2.7/latin.css: sha512-lYZRKQ0/j8GN2y4aT3EZWyuSH47ksFZl74XH7rHVHapX133o5lxoWIJETddLXdJrZNVOUflZZe2zSq3R2xKmtg==
- fontsource-amethysta/5.2.7/latin.min.css: sha512-5Fz/JaN1pytMvTaNpzuBGUSW6VK1c/f2w0XBgz4feBeAPf3K9L8lh1/lRvOHxcb1cZXcZTzUtDDIQsergyac/Q==
- fontsource-amethysta/5.2.7/400.css: sha512-ze5wDCwO9pTfIZ9IgObIlOPjbme/eLbwP1wQlwxIS+aUj/GayLMOSTe9RpUI28V6bGBYukkedN9oX/d15bekUw==
- fontsource-amethysta/5.2.7/400.min.css: sha512-hqTkz3dkEHNj3DFuSo0l8x6PSJ40+8J856NJvI1H4lOPI91QNfDqlKFNHJEVWqozwo+xjnL5BdyB8S4Cx4huIA==
- fontsource-amethysta/5.2.7/index.css: sha512-ze5wDCwO9pTfIZ9IgObIlOPjbme/eLbwP1wQlwxIS+aUj/GayLMOSTe9RpUI28V6bGBYukkedN9oX/d15bekUw==
