- libphonenumber/9.0.41/asyoutypeformatter.js.br
- libphonenumber/9.0.41/asyoutypeformatter.js.gz
- libphonenumber/9.0.41/asyoutypeformatter.min.js.br
- libphonenumber/9.0.41/asyoutypeformatter.min.js.gz
- libphonenumber/9.0.41/metadata.js.br
- libphonenumber/9.0.41/metadata.js.gz
- libphonenumber/9.0.41/metadata.min.js.br
- libphonenumber/9.0.41/metadata.min.js.gz
- libphonenumber/9.0.41/metadatalite.js.br
- libphonenumber/9.0.41/metadatalite.js.gz
- libphonenumber/9.0.41/metadatalite.min.js.br
- libphonenumber/9.0.41/metadatalite.min.js.gz
- libphonenumber/9.0.41/phonemetadata.pb.js.br
- libphonenumber/9.0.41/phonemetadata.pb.js.gz
- libphonenumber/9.0.41/phonemetadata.pb.min.js.br
- libphonenumber/9.0.41/phonemetadata.pb.min.js.gz
- libphonenumber/9.0.41/phonenumber.pb.js.br
- libphonenumber/9.0.41/phonenumber.pb.js.gz
- libphonenumber/9.0.41/phonenumber.pb.min.js.br
- libphonenumber/9.0.41/phonenumber.pb.min.js.gz
- libphonenumber/9.0.41/phonenumberutil.js.br
- libphonenumber/9.0.41/phonenumberutil.js.gz
- libphonenumber/9.0.41/phonenumberutil.min.js.br
- libphonenumber/9.0.41/phonenumberutil.min.js.gz
- libphonenumber/9.0.41/shortnumberinfo.js.br
- libphonenumber/9.0.41/shortnumberinfo.js.gz
- libphonenumber/9.0.41/shortnumberinfo.min.js.br
- libphonenumber/9.0.41/shortnumberinfo.min.js.gz
- libphonenumber/9.0.41/shortnumbermetadata.js.br
- libphonenumber/9.0.41/shortnumbermetadata.js.gz
- libphonenumber/9.0.41/shortnumbermetadata.min.js.br
- libphonenumber/9.0.41/shortnumbermetadata.min.js.gz