- zonos-elements/1.3.267/dist/scripts/analyticsRelayOnInit.js.br
- zonos-elements/1.3.267/dist/scripts/analyticsRelayOnInit.js.gz
- zonos-elements/1.3.267/dist/scripts/analyticsRelayOnInit.min.js.br
- zonos-elements/1.3.267/dist/scripts/analyticsRelayOnInit.min.js.gz
- zonos-elements/1.3.267/dist/scripts/blurCurrencyOnInit.js.br
- zonos-elements/1.3.267/dist/scripts/blurCurrencyOnInit.js.gz
- zonos-elements/1.3.267/dist/scripts/blurCurrencyOnInit.min.js.br
- zonos-elements/1.3.267/dist/scripts/blurCurrencyOnInit.min.js.gz
- zonos-elements/1.3.267/dist/scripts/index.js.br
- zonos-elements/1.3.267/dist/scripts/index.js.gz
- zonos-elements/1.3.267/dist/scripts/index.min.js.br
- zonos-elements/1.3.267/dist/scripts/index.min.js.gz
- zonos-elements/1.3.267/dist/scripts/loadZonos.js.br
- zonos-elements/1.3.267/dist/scripts/loadZonos.js.gz
- zonos-elements/1.3.267/dist/scripts/loadZonos.min.js.br
- zonos-elements/1.3.267/dist/scripts/loadZonos.min.js.gz
- zonos-elements/1.3.267/dist/scripts/zonos.js.br
- zonos-elements/1.3.267/dist/scripts/zonos.js.gz
- zonos-elements/1.3.267/dist/scripts/zonos.min.js.br
- zonos-elements/1.3.267/dist/scripts/zonos.min.js.gz
- zonos-elements/1.3.267/dist/zonos-elements/assets/Boxes.png.br
- zonos-elements/1.3.267/dist/zonos-elements/assets/Boxes.png.gz
- zonos-elements/1.3.267/dist/zonos-elements/assets/ChevronDownIcon.svg.br
- zonos-elements/1.3.267/dist/zonos-elements/assets/ChevronDownIcon.svg.gz
- zonos-elements/1.3.267/dist/zonos-elements/assets/ChevronUpIcon.svg.br
- zonos-elements/1.3.267/dist/zonos-elements/assets/ChevronUpIcon.svg.gz
- zonos-elements/1.3.267/dist/zonos-elements/assets/Earth.png.br
- zonos-elements/1.3.267/dist/zonos-elements/assets/Earth.png.gz
- zonos-elements/1.3.267/dist/zonos-elements/assets/EmptyBox.png.br
- zonos-elements/1.3.267/dist/zonos-elements/assets/EmptyBox.png.gz
- zonos-elements/1.3.267/dist/zonos-elements/assets/ExclamationMarkDuotoneIcon.svg.br
- zonos-elements/1.3.267/dist/zonos-elements/assets/ExclamationMarkDuotoneIcon.svg.gz
- zonos-elements/1.3.267/dist/zonos-elements/assets/HelpDuotoneIcon.svg.br
- zonos-elements/1.3.267/dist/zonos-elements/assets/HelpDuotoneIcon.svg.gz
- zonos-elements/1.3.267/dist/zonos-elements/assets/InfoIcon.svg.br
- zonos-elements/1.3.267/dist/zonos-elements/assets/InfoIcon.svg.gz
- zonos-elements/1.3.267/dist/zonos-elements/assets/LeftArrow.svg.br
- zonos-elements/1.3.267/dist/zonos-elements/assets/LeftArrow.svg.gz
- zonos-elements/1.3.267/dist/zonos-elements/assets/Lock.png.br
- zonos-elements/1.3.267/dist/zonos-elements/assets/Lock.png.gz
- zonos-elements/1.3.267/dist/zonos-elements/assets/MessageIcon.svg.br
- zonos-elements/1.3.267/dist/zonos-elements/assets/MessageIcon.svg.gz
- zonos-elements/1.3.267/dist/zonos-elements/assets/PigBank.png.br
- zonos-elements/1.3.267/dist/zonos-elements/assets/PigBank.png.gz
- zonos-elements/1.3.267/dist/zonos-elements/assets/RemoveIcon.svg.br
- zonos-elements/1.3.267/dist/zonos-elements/assets/RemoveIcon.svg.gz
- zonos-elements/1.3.267/dist/zonos-elements/assets/Scribble.png.br
- zonos-elements/1.3.267/dist/zonos-elements/assets/Scribble.png.gz
- zonos-elements/1.3.267/dist/zonos-elements/assets/Search.png.br
- zonos-elements/1.3.267/dist/zonos-elements/assets/Search.png.gz
- zonos-elements/1.3.267/dist/zonos-elements/assets/Settings.png.br
- zonos-elements/1.3.267/dist/zonos-elements/assets/Settings.png.gz
- zonos-elements/1.3.267/dist/zonos-elements/assets/ShoppingCart.png.br
- zonos-elements/1.3.267/dist/zonos-elements/assets/ShoppingCart.png.gz
- zonos-elements/1.3.267/dist/zonos-elements/assets/SpilledCup.png.br
- zonos-elements/1.3.267/dist/zonos-elements/assets/SpilledCup.png.gz
- zonos-elements/1.3.267/dist/zonos-elements/assets/SuccessIcon.svg.br
- zonos-elements/1.3.267/dist/zonos-elements/assets/SuccessIcon.svg.gz
- zonos-elements/1.3.267/dist/zonos-elements/assets/Switch.png.br
- zonos-elements/1.3.267/dist/zonos-elements/assets/Switch.png.gz
- zonos-elements/1.3.267/dist/zonos-elements/assets/TabCheckmark.svg.br
- zonos-elements/1.3.267/dist/zonos-elements/assets/TabCheckmark.svg.gz
- zonos-elements/1.3.267/dist/zonos-elements/assets/TaxId.png.br
- zonos-elements/1.3.267/dist/zonos-elements/assets/TaxId.png.gz
- zonos-elements/1.3.267/dist/zonos-elements/assets/Truck.png.br
- zonos-elements/1.3.267/dist/zonos-elements/assets/Truck.png.gz
- zonos-elements/1.3.267/dist/zonos-elements/assets/Warning.png.br
- zonos-elements/1.3.267/dist/zonos-elements/assets/Warning.png.gz
- zonos-elements/1.3.267/dist/zonos-elements/assets/WarningDuotoneIcon.svg.br
- zonos-elements/1.3.267/dist/zonos-elements/assets/WarningDuotoneIcon.svg.gz
- zonos-elements/1.3.267/dist/zonos-elements/assets/ZonosLogo.png.br
- zonos-elements/1.3.267/dist/zonos-elements/assets/ZonosLogo.png.gz
- zonos-elements/1.3.267/dist/zonos-elements/assets/bagIcon.svg.br
- zonos-elements/1.3.267/dist/zonos-elements/assets/bagIcon.svg.gz
- zonos-elements/1.3.267/dist/zonos-elements/assets/empty-item.jpeg.br
- zonos-elements/1.3.267/dist/zonos-elements/assets/empty-item.jpeg.gz
- zonos-elements/1.3.267/dist/zonos-elements/assets/importIcon.svg.br
- zonos-elements/1.3.267/dist/zonos-elements/assets/importIcon.svg.gz
- zonos-elements/1.3.267/dist/zonos-elements/assets/inclusivePricingIcon.svg.br
- zonos-elements/1.3.267/dist/zonos-elements/assets/inclusivePricingIcon.svg.gz
- zonos-elements/1.3.267/dist/zonos-elements/assets/messageIcon.svg.br
- zonos-elements/1.3.267/dist/zonos-elements/assets/messageIcon.svg.gz
- zonos-elements/1.3.267/dist/zonos-elements/assets/moneyIcon.svg.br
- zonos-elements/1.3.267/dist/zonos-elements/assets/moneyIcon.svg.gz
- zonos-elements/1.3.267/dist/zonos-elements/assets/removeIcon.svg.br
- zonos-elements/1.3.267/dist/zonos-elements/assets/removeIcon.svg.gz
- zonos-elements/1.3.267/dist/zonos-elements/base.css.br
- zonos-elements/1.3.267/dist/zonos-elements/base.css.gz
- zonos-elements/1.3.267/dist/zonos-elements/base.min.css.br
- zonos-elements/1.3.267/dist/zonos-elements/base.min.css.gz
- zonos-elements/1.3.267/dist/zonos-elements/index.esm.js.br
- zonos-elements/1.3.267/dist/zonos-elements/index.esm.js.gz
- zonos-elements/1.3.267/dist/zonos-elements/index.esm.min.js.br
- zonos-elements/1.3.267/dist/zonos-elements/index.esm.min.js.gz
- zonos-elements/1.3.267/dist/zonos-elements/p-01174496.system.js.br
- zonos-elements/1.3.267/dist/zonos-elements/p-01174496.system.js.gz
- zonos-elements/1.3.267/dist/zonos-elements/p-01174496.system.min.js.br
- zonos-elements/1.3.267/dist/zonos-elements/p-01174496.system.min.js.gz
- zonos-elements/1.3.267/dist/zonos-elements/p-01497a20.entry.js.br
- zonos-elements/1.3.267/dist/zonos-elements/p-01497a20.entry.js.gz
- zonos-elements/1.3.267/dist/zonos-elements/p-01497a20.entry.min.js.br
- zonos-elements/1.3.267/dist/zonos-elements/p-01497a20.entry.min.js.gz
- zonos-elements/1.3.267/dist/zonos-elements/p-0207c91e.system.js.br
- zonos-elements/1.3.267/dist/zonos-elements/p-0207c91e.system.js.gz
- zonos-elements/1.3.267/dist/zonos-elements/p-0207c91e.system.min.js.br
- zonos-elements/1.3.267/dist/zonos-elements/p-0207c91e.system.min.js.gz
- zonos-elements/1.3.267/dist/zonos-elements/p-029be4a8.entry.js.br
- zonos-elements/1.3.267/dist/zonos-elements/p-029be4a8.entry.js.gz
- zonos-elements/1.3.267/dist/zonos-elements/p-029be4a8.entry.min.js.br
- zonos-elements/1.3.267/dist/zonos-elements/p-029be4a8.entry.min.js.gz
- zonos-elements/1.3.267/dist/zonos-elements/p-034ab928.system.entry.js.br
- zonos-elements/1.3.267/dist/zonos-elements/p-034ab928.system.entry.js.gz
- zonos-elements/1.3.267/dist/zonos-elements/p-034ab928.system.entry.min.js.br
- zonos-elements/1.3.267/dist/zonos-elements/p-034ab928.system.entry.min.js.gz
- zonos-elements/1.3.267/dist/zonos-elements/p-06f798ee.system.js.br
- zonos-elements/1.3.267/dist/zonos-elements/p-06f798ee.system.js.gz
- zonos-elements/1.3.267/dist/zonos-elements/p-06f798ee.system.min.js.br
- zonos-elements/1.3.267/dist/zonos-elements/p-06f798ee.system.min.js.gz
- zonos-elements/1.3.267/dist/zonos-elements/p-07a76716.system.js.br
- zonos-elements/1.3.267/dist/zonos-elements/p-07a76716.system.js.gz
- zonos-elements/1.3.267/dist/zonos-elements/p-07a76716.system.min.js.br
- zonos-elements/1.3.267/dist/zonos-elements/p-07a76716.system.min.js.gz
- zonos-elements/1.3.267/dist/zonos-elements/p-087520f2.system.entry.js.br
- zonos-elements/1.3.267/dist/zonos-elements/p-087520f2.system.entry.js.gz
- zonos-elements/1.3.267/dist/zonos-elements/p-087520f2.system.entry.min.js.br
- zonos-elements/1.3.267/dist/zonos-elements/p-087520f2.system.entry.min.js.gz
- zonos-elements/1.3.267/dist/zonos-elements/p-08e7107d.js.br
- zonos-elements/1.3.267/dist/zonos-elements/p-08e7107d.js.gz
- zonos-elements/1.3.267/dist/zonos-elements/p-08e7107d.min.js.br
- zonos-elements/1.3.267/dist/zonos-elements/p-08e7107d.min.js.gz
- zonos-elements/1.3.267/dist/zonos-elements/p-0a377722.js.br
- zonos-elements/1.3.267/dist/zonos-elements/p-0a377722.js.gz
- zonos-elements/1.3.267/dist/zonos-elements/p-0a377722.min.js.br
- zonos-elements/1.3.267/dist/zonos-elements/p-0a377722.min.js.gz
- zonos-elements/1.3.267/dist/zonos-elements/p-0b46f3bd.system.entry.js.br
- zonos-elements/1.3.267/dist/zonos-elements/p-0b46f3bd.system.entry.js.gz
- zonos-elements/1.3.267/dist/zonos-elements/p-0b46f3bd.system.entry.min.js.br
- zonos-elements/1.3.267/dist/zonos-elements/p-0b46f3bd.system.entry.min.js.gz
- zonos-elements/1.3.267/dist/zonos-elements/p-0b4ba025.entry.js.br
- zonos-elements/1.3.267/dist/zonos-elements/p-0b4ba025.entry.js.gz
- zonos-elements/1.3.267/dist/zonos-elements/p-0b4ba025.entry.min.js.br
- zonos-elements/1.3.267/dist/zonos-elements/p-0b4ba025.entry.min.js.gz
- zonos-elements/1.3.267/dist/zonos-elements/p-0c64dbbb.js.br
- zonos-elements/1.3.267/dist/zonos-elements/p-0c64dbbb.js.gz
- zonos-elements/1.3.267/dist/zonos-elements/p-0c64dbbb.min.js.br
- zonos-elements/1.3.267/dist/zonos-elements/p-0c64dbbb.min.js.gz
- zonos-elements/1.3.267/dist/zonos-elements/p-0e8c4a29.entry.js.br
- zonos-elements/1.3.267/dist/zonos-elements/p-0e8c4a29.entry.js.gz
- zonos-elements/1.3.267/dist/zonos-elements/p-0e8c4a29.entry.min.js.br
- zonos-elements/1.3.267/dist/zonos-elements/p-0e8c4a29.entry.min.js.gz
- zonos-elements/1.3.267/dist/zonos-elements/p-0ed70279.entry.js.br
- zonos-elements/1.3.267/dist/zonos-elements/p-0ed70279.entry.js.gz
- zonos-elements/1.3.267/dist/zonos-elements/p-0ed70279.entry.min.js.br
- zonos-elements/1.3.267/dist/zonos-elements/p-0ed70279.entry.min.js.gz
- zonos-elements/1.3.267/dist/zonos-elements/p-1325bbd6.system.entry.js.br
- zonos-elements/1.3.267/dist/zonos-elements/p-1325bbd6.system.entry.js.gz
- zonos-elements/1.3.267/dist/zonos-elements/p-1325bbd6.system.entry.min.js.br
- zonos-elements/1.3.267/dist/zonos-elements/p-1325bbd6.system.entry.min.js.gz
- zonos-elements/1.3.267/dist/zonos-elements/p-16948eea.system.entry.js.br
- zonos-elements/1.3.267/dist/zonos-elements/p-16948eea.system.entry.js.gz
- zonos-elements/1.3.267/dist/zonos-elements/p-16948eea.system.entry.min.js.br
- zonos-elements/1.3.267/dist/zonos-elements/p-16948eea.system.entry.min.js.gz
- zonos-elements/1.3.267/dist/zonos-elements/p-175c04a4.system.js.br
- zonos-elements/1.3.267/dist/zonos-elements/p-175c04a4.system.js.gz
- zonos-elements/1.3.267/dist/zonos-elements/p-175c04a4.system.min.js.br
- zonos-elements/1.3.267/dist/zonos-elements/p-175c04a4.system.min.js.gz
- zonos-elements/1.3.267/dist/zonos-elements/p-180d3e3d.entry.js.br
- zonos-elements/1.3.267/dist/zonos-elements/p-180d3e3d.entry.js.gz
- zonos-elements/1.3.267/dist/zonos-elements/p-180d3e3d.entry.min.js.br
- zonos-elements/1.3.267/dist/zonos-elements/p-180d3e3d.entry.min.js.gz
- zonos-elements/1.3.267/dist/zonos-elements/p-1957af5a.system.entry.js.br
- zonos-elements/1.3.267/dist/zonos-elements/p-1957af5a.system.entry.js.gz
- zonos-elements/1.3.267/dist/zonos-elements/p-1957af5a.system.entry.min.js.br
- zonos-elements/1.3.267/dist/zonos-elements/p-1957af5a.system.entry.min.js.gz
- zonos-elements/1.3.267/dist/zonos-elements/p-1aa93d1e.system.js.br
- zonos-elements/1.3.267/dist/zonos-elements/p-1aa93d1e.system.js.gz
- zonos-elements/1.3.267/dist/zonos-elements/p-1aa93d1e.system.min.js.br
- zonos-elements/1.3.267/dist/zonos-elements/p-1aa93d1e.system.min.js.gz
- zonos-elements/1.3.267/dist/zonos-elements/p-1b8771bb.js.br
- zonos-elements/1.3.267/dist/zonos-elements/p-1b8771bb.js.gz
- zonos-elements/1.3.267/dist/zonos-elements/p-1b8771bb.min.js.br
- zonos-elements/1.3.267/dist/zonos-elements/p-1b8771bb.min.js.gz
- zonos-elements/1.3.267/dist/zonos-elements/p-1bf9a1b9.system.js.br
- zonos-elements/1.3.267/dist/zonos-elements/p-1bf9a1b9.system.js.gz
- zonos-elements/1.3.267/dist/zonos-elements/p-1bf9a1b9.system.min.js.br
- zonos-elements/1.3.267/dist/zonos-elements/p-1bf9a1b9.system.min.js.gz
- zonos-elements/1.3.267/dist/zonos-elements/p-1d42cd20.js.br
- zonos-elements/1.3.267/dist/zonos-elements/p-1d42cd20.js.gz
- zonos-elements/1.3.267/dist/zonos-elements/p-1d42cd20.min.js.br
- zonos-elements/1.3.267/dist/zonos-elements/p-1d42cd20.min.js.gz
- zonos-elements/1.3.267/dist/zonos-elements/p-1ec9b3b0.entry.js.br
- zonos-elements/1.3.267/dist/zonos-elements/p-1ec9b3b0.entry.js.gz
- zonos-elements/1.3.267/dist/zonos-elements/p-1ec9b3b0.entry.min.js.br
- zonos-elements/1.3.267/dist/zonos-elements/p-1ec9b3b0.entry.min.js.gz
- zonos-elements/1.3.267/dist/zonos-elements/p-1f256673.entry.js.br
- zonos-elements/1.3.267/dist/zonos-elements/p-1f256673.entry.js.gz
- zonos-elements/1.3.267/dist/zonos-elements/p-1f256673.entry.min.js.br
- zonos-elements/1.3.267/dist/zonos-elements/p-1f256673.entry.min.js.gz
- zonos-elements/1.3.267/dist/zonos-elements/p-1f3549c6.js.br
- zonos-elements/1.3.267/dist/zonos-elements/p-1f3549c6.js.gz
- zonos-elements/1.3.267/dist/zonos-elements/p-1f3549c6.min.js.br
- zonos-elements/1.3.267/dist/zonos-elements/p-1f3549c6.min.js.gz
- zonos-elements/1.3.267/dist/zonos-elements/p-22ba60f6.system.entry.js.br
- zonos-elements/1.3.267/dist/zonos-elements/p-22ba60f6.system.entry.js.gz
- zonos-elements/1.3.267/dist/zonos-elements/p-22ba60f6.system.entry.min.js.br
- zonos-elements/1.3.267/dist/zonos-elements/p-22ba60f6.system.entry.min.js.gz
- zonos-elements/1.3.267/dist/zonos-elements/p-23e7c655.system.js.br
- zonos-elements/1.3.267/dist/zonos-elements/p-23e7c655.system.js.gz
- zonos-elements/1.3.267/dist/zonos-elements/p-23e7c655.system.min.js.br
- zonos-elements/1.3.267/dist/zonos-elements/p-23e7c655.system.min.js.gz
- zonos-elements/1.3.267/dist/zonos-elements/p-2670438c.system.js.br
- zonos-elements/1.3.267/dist/zonos-elements/p-2670438c.system.js.gz
- zonos-elements/1.3.267/dist/zonos-elements/p-2670438c.system.min.js.br
- zonos-elements/1.3.267/dist/zonos-elements/p-2670438c.system.min.js.gz
- zonos-elements/1.3.267/dist/zonos-elements/p-26c85188.entry.js.br
- zonos-elements/1.3.267/dist/zonos-elements/p-26c85188.entry.js.gz
- zonos-elements/1.3.267/dist/zonos-elements/p-26c85188.entry.min.js.br
- zonos-elements/1.3.267/dist/zonos-elements/p-26c85188.entry.min.js.gz
- zonos-elements/1.3.267/dist/zonos-elements/p-27061873.entry.js.br
- zonos-elements/1.3.267/dist/zonos-elements/p-27061873.entry.js.gz
- zonos-elements/1.3.267/dist/zonos-elements/p-27061873.entry.min.js.br
- zonos-elements/1.3.267/dist/zonos-elements/p-27061873.entry.min.js.gz
- zonos-elements/1.3.267/dist/zonos-elements/p-2770ba48.system.js.br
- zonos-elements/1.3.267/dist/zonos-elements/p-2770ba48.system.js.gz
- zonos-elements/1.3.267/dist/zonos-elements/p-2770ba48.system.min.js.br
- zonos-elements/1.3.267/dist/zonos-elements/p-2770ba48.system.min.js.gz
- zonos-elements/1.3.267/dist/zonos-elements/p-283ffaad.entry.js.br
- zonos-elements/1.3.267/dist/zonos-elements/p-283ffaad.entry.js.gz
- zonos-elements/1.3.267/dist/zonos-elements/p-283ffaad.entry.min.js.br
- zonos-elements/1.3.267/dist/zonos-elements/p-283ffaad.entry.min.js.gz
- zonos-elements/1.3.267/dist/zonos-elements/p-28e2ac3b.entry.js.br
- zonos-elements/1.3.267/dist/zonos-elements/p-28e2ac3b.entry.js.gz
- zonos-elements/1.3.267/dist/zonos-elements/p-28e2ac3b.entry.min.js.br
- zonos-elements/1.3.267/dist/zonos-elements/p-28e2ac3b.entry.min.js.gz
- zonos-elements/1.3.267/dist/zonos-elements/p-29b60bf3.system.js.br
- zonos-elements/1.3.267/dist/zonos-elements/p-29b60bf3.system.js.gz
- zonos-elements/1.3.267/dist/zonos-elements/p-29b60bf3.system.min.js.br
- zonos-elements/1.3.267/dist/zonos-elements/p-29b60bf3.system.min.js.gz
- zonos-elements/1.3.267/dist/zonos-elements/p-2a6be4a5.entry.js.br
- zonos-elements/1.3.267/dist/zonos-elements/p-2a6be4a5.entry.js.gz
- zonos-elements/1.3.267/dist/zonos-elements/p-2a6be4a5.entry.min.js.br
- zonos-elements/1.3.267/dist/zonos-elements/p-2a6be4a5.entry.min.js.gz
- zonos-elements/1.3.267/dist/zonos-elements/p-2a8fcb71.system.entry.js.br
- zonos-elements/1.3.267/dist/zonos-elements/p-2a8fcb71.system.entry.js.gz
- zonos-elements/1.3.267/dist/zonos-elements/p-2a8fcb71.system.entry.min.js.br
- zonos-elements/1.3.267/dist/zonos-elements/p-2a8fcb71.system.entry.min.js.gz
- zonos-elements/1.3.267/dist/zonos-elements/p-2b8345d8.system.js.br
- zonos-elements/1.3.267/dist/zonos-elements/p-2b8345d8.system.js.gz
- zonos-elements/1.3.267/dist/zonos-elements/p-2b8345d8.system.min.js.br
- zonos-elements/1.3.267/dist/zonos-elements/p-2b8345d8.system.min.js.gz
- zonos-elements/1.3.267/dist/zonos-elements/p-2c854197.system.entry.js.br
- zonos-elements/1.3.267/dist/zonos-elements/p-2c854197.system.entry.js.gz
- zonos-elements/1.3.267/dist/zonos-elements/p-2c854197.system.entry.min.js.br
- zonos-elements/1.3.267/dist/zonos-elements/p-2c854197.system.entry.min.js.gz
- zonos-elements/1.3.267/dist/zonos-elements/p-2d6557ee.system.js.br
- zonos-elements/1.3.267/dist/zonos-elements/p-2d6557ee.system.js.gz
- zonos-elements/1.3.267/dist/zonos-elements/p-2d6557ee.system.min.js.br
- zonos-elements/1.3.267/dist/zonos-elements/p-2d6557ee.system.min.js.gz
- zonos-elements/1.3.267/dist/zonos-elements/p-311ba000.system.js.br
- zonos-elements/1.3.267/dist/zonos-elements/p-311ba000.system.js.gz
- zonos-elements/1.3.267/dist/zonos-elements/p-311ba000.system.min.js.br
- zonos-elements/1.3.267/dist/zonos-elements/p-311ba000.system.min.js.gz
- zonos-elements/1.3.267/dist/zonos-elements/p-3516340a.system.entry.js.br
- zonos-elements/1.3.267/dist/zonos-elements/p-3516340a.system.entry.js.gz
- zonos-elements/1.3.267/dist/zonos-elements/p-3516340a.system.entry.min.js.br
- zonos-elements/1.3.267/dist/zonos-elements/p-3516340a.system.entry.min.js.gz
- zonos-elements/1.3.267/dist/zonos-elements/p-367a72bc.js.br
- zonos-elements/1.3.267/dist/zonos-elements/p-367a72bc.js.gz
- zonos-elements/1.3.267/dist/zonos-elements/p-367a72bc.min.js.br
- zonos-elements/1.3.267/dist/zonos-elements/p-367a72bc.min.js.gz
- zonos-elements/1.3.267/dist/zonos-elements/p-3689821f.system.js.br
- zonos-elements/1.3.267/dist/zonos-elements/p-3689821f.system.js.gz
- zonos-elements/1.3.267/dist/zonos-elements/p-3689821f.system.min.js.br
- zonos-elements/1.3.267/dist/zonos-elements/p-3689821f.system.min.js.gz
- zonos-elements/1.3.267/dist/zonos-elements/p-398d9022.system.js.br
- zonos-elements/1.3.267/dist/zonos-elements/p-398d9022.system.js.gz
- zonos-elements/1.3.267/dist/zonos-elements/p-398d9022.system.min.js.br
- zonos-elements/1.3.267/dist/zonos-elements/p-398d9022.system.min.js.gz
- zonos-elements/1.3.267/dist/zonos-elements/p-3b1b3598.system.js.br
- zonos-elements/1.3.267/dist/zonos-elements/p-3b1b3598.system.js.gz
- zonos-elements/1.3.267/dist/zonos-elements/p-3b1b3598.system.min.js.br
- zonos-elements/1.3.267/dist/zonos-elements/p-3b1b3598.system.min.js.gz
- zonos-elements/1.3.267/dist/zonos-elements/p-40284821.system.js.br
- zonos-elements/1.3.267/dist/zonos-elements/p-40284821.system.js.gz
- zonos-elements/1.3.267/dist/zonos-elements/p-40284821.system.min.js.br
- zonos-elements/1.3.267/dist/zonos-elements/p-40284821.system.min.js.gz
- zonos-elements/1.3.267/dist/zonos-elements/p-40a4c8a2.system.js.br
- zonos-elements/1.3.267/dist/zonos-elements/p-40a4c8a2.system.js.gz
- zonos-elements/1.3.267/dist/zonos-elements/p-40a4c8a2.system.min.js.br
- zonos-elements/1.3.267/dist/zonos-elements/p-40a4c8a2.system.min.js.gz
- zonos-elements/1.3.267/dist/zonos-elements/p-4160bbc2.system.js.br
- zonos-elements/1.3.267/dist/zonos-elements/p-4160bbc2.system.js.gz
- zonos-elements/1.3.267/dist/zonos-elements/p-4160bbc2.system.min.js.br
- zonos-elements/1.3.267/dist/zonos-elements/p-4160bbc2.system.min.js.gz
- zonos-elements/1.3.267/dist/zonos-elements/p-41dd1cb8.js.br
- zonos-elements/1.3.267/dist/zonos-elements/p-41dd1cb8.js.gz
- zonos-elements/1.3.267/dist/zonos-elements/p-41dd1cb8.min.js.br
- zonos-elements/1.3.267/dist/zonos-elements/p-41dd1cb8.min.js.gz
- zonos-elements/1.3.267/dist/zonos-elements/p-458df669.js.br
- zonos-elements/1.3.267/dist/zonos-elements/p-458df669.js.gz
- zonos-elements/1.3.267/dist/zonos-elements/p-458df669.min.js.br
- zonos-elements/1.3.267/dist/zonos-elements/p-458df669.min.js.gz
- zonos-elements/1.3.267/dist/zonos-elements/p-45bd8072.system.js.br
- zonos-elements/1.3.267/dist/zonos-elements/p-45bd8072.system.js.gz
- zonos-elements/1.3.267/dist/zonos-elements/p-45bd8072.system.min.js.br
- zonos-elements/1.3.267/dist/zonos-elements/p-45bd8072.system.min.js.gz
- zonos-elements/1.3.267/dist/zonos-elements/p-46071125.entry.js.br
- zonos-elements/1.3.267/dist/zonos-elements/p-46071125.entry.js.gz
- zonos-elements/1.3.267/dist/zonos-elements/p-46071125.entry.min.js.br
- zonos-elements/1.3.267/dist/zonos-elements/p-46071125.entry.min.js.gz
- zonos-elements/1.3.267/dist/zonos-elements/p-48d55793.system.js.br
- zonos-elements/1.3.267/dist/zonos-elements/p-48d55793.system.js.gz
- zonos-elements/1.3.267/dist/zonos-elements/p-48d55793.system.min.js.br
- zonos-elements/1.3.267/dist/zonos-elements/p-48d55793.system.min.js.gz
- zonos-elements/1.3.267/dist/zonos-elements/p-4980facb.js.br
- zonos-elements/1.3.267/dist/zonos-elements/p-4980facb.js.gz
- zonos-elements/1.3.267/dist/zonos-elements/p-4980facb.min.js.br
- zonos-elements/1.3.267/dist/zonos-elements/p-4980facb.min.js.gz
- zonos-elements/1.3.267/dist/zonos-elements/p-4c89d04a.js.br
- zonos-elements/1.3.267/dist/zonos-elements/p-4c89d04a.js.gz
- zonos-elements/1.3.267/dist/zonos-elements/p-4c89d04a.min.js.br
- zonos-elements/1.3.267/dist/zonos-elements/p-4c89d04a.min.js.gz
- zonos-elements/1.3.267/dist/zonos-elements/p-4f718ef9.system.js.br
- zonos-elements/1.3.267/dist/zonos-elements/p-4f718ef9.system.js.gz
- zonos-elements/1.3.267/dist/zonos-elements/p-4f718ef9.system.min.js.br
- zonos-elements/1.3.267/dist/zonos-elements/p-4f718ef9.system.min.js.gz
- zonos-elements/1.3.267/dist/zonos-elements/p-55fb4ea3.system.entry.js.br
- zonos-elements/1.3.267/dist/zonos-elements/p-55fb4ea3.system.entry.js.gz
- zonos-elements/1.3.267/dist/zonos-elements/p-55fb4ea3.system.entry.min.js.br
- zonos-elements/1.3.267/dist/zonos-elements/p-55fb4ea3.system.entry.min.js.gz
- zonos-elements/1.3.267/dist/zonos-elements/p-56ba5cbf.system.js.br
- zonos-elements/1.3.267/dist/zonos-elements/p-56ba5cbf.system.js.gz
- zonos-elements/1.3.267/dist/zonos-elements/p-56ba5cbf.system.min.js.br
- zonos-elements/1.3.267/dist/zonos-elements/p-56ba5cbf.system.min.js.gz
- zonos-elements/1.3.267/dist/zonos-elements/p-5883217a.js.br
- zonos-elements/1.3.267/dist/zonos-elements/p-5883217a.js.gz
- zonos-elements/1.3.267/dist/zonos-elements/p-5883217a.min.js.br
- zonos-elements/1.3.267/dist/zonos-elements/p-5883217a.min.js.gz
- zonos-elements/1.3.267/dist/zonos-elements/p-595f5dd2.js.br
- zonos-elements/1.3.267/dist/zonos-elements/p-595f5dd2.js.gz
- zonos-elements/1.3.267/dist/zonos-elements/p-595f5dd2.min.js.br
- zonos-elements/1.3.267/dist/zonos-elements/p-595f5dd2.min.js.gz
- zonos-elements/1.3.267/dist/zonos-elements/p-5d823ea7.system.js.br
- zonos-elements/1.3.267/dist/zonos-elements/p-5d823ea7.system.js.gz
- zonos-elements/1.3.267/dist/zonos-elements/p-5d823ea7.system.min.js.br
- zonos-elements/1.3.267/dist/zonos-elements/p-5d823ea7.system.min.js.gz
- zonos-elements/1.3.267/dist/zonos-elements/p-5dd86dd9.system.js.br
- zonos-elements/1.3.267/dist/zonos-elements/p-5dd86dd9.system.js.gz
- zonos-elements/1.3.267/dist/zonos-elements/p-5dd86dd9.system.min.js.br
- zonos-elements/1.3.267/dist/zonos-elements/p-5dd86dd9.system.min.js.gz
- zonos-elements/1.3.267/dist/zonos-elements/p-5e1799bc.entry.js.br
- zonos-elements/1.3.267/dist/zonos-elements/p-5e1799bc.entry.js.gz
- zonos-elements/1.3.267/dist/zonos-elements/p-5e1799bc.entry.min.js.br
- zonos-elements/1.3.267/dist/zonos-elements/p-5e1799bc.entry.min.js.gz
- zonos-elements/1.3.267/dist/zonos-elements/p-5e6f85f0.system.js.br
- zonos-elements/1.3.267/dist/zonos-elements/p-5e6f85f0.system.js.gz
- zonos-elements/1.3.267/dist/zonos-elements/p-5e6f85f0.system.min.js.br
- zonos-elements/1.3.267/dist/zonos-elements/p-5e6f85f0.system.min.js.gz
- zonos-elements/1.3.267/dist/zonos-elements/p-601bb27e.entry.js.br
- zonos-elements/1.3.267/dist/zonos-elements/p-601bb27e.entry.js.gz
- zonos-elements/1.3.267/dist/zonos-elements/p-601bb27e.entry.min.js.br
- zonos-elements/1.3.267/dist/zonos-elements/p-601bb27e.entry.min.js.gz
- zonos-elements/1.3.267/dist/zonos-elements/p-63a383f4.js.br
- zonos-elements/1.3.267/dist/zonos-elements/p-63a383f4.js.gz
- zonos-elements/1.3.267/dist/zonos-elements/p-63a383f4.min.js.br
- zonos-elements/1.3.267/dist/zonos-elements/p-63a383f4.min.js.gz
- zonos-elements/1.3.267/dist/zonos-elements/p-648f3ada.entry.js.br
- zonos-elements/1.3.267/dist/zonos-elements/p-648f3ada.entry.js.gz
- zonos-elements/1.3.267/dist/zonos-elements/p-648f3ada.entry.min.js.br
- zonos-elements/1.3.267/dist/zonos-elements/p-648f3ada.entry.min.js.gz
- zonos-elements/1.3.267/dist/zonos-elements/p-655ec440.system.js.br
- zonos-elements/1.3.267/dist/zonos-elements/p-655ec440.system.js.gz
- zonos-elements/1.3.267/dist/zonos-elements/p-655ec440.system.min.js.br
- zonos-elements/1.3.267/dist/zonos-elements/p-655ec440.system.min.js.gz
- zonos-elements/1.3.267/dist/zonos-elements/p-665bfd4f.entry.js.br
- zonos-elements/1.3.267/dist/zonos-elements/p-665bfd4f.entry.js.gz
- zonos-elements/1.3.267/dist/zonos-elements/p-665bfd4f.entry.min.js.br
- zonos-elements/1.3.267/dist/zonos-elements/p-665bfd4f.entry.min.js.gz
- zonos-elements/1.3.267/dist/zonos-elements/p-6987f9c9.js.br
- zonos-elements/1.3.267/dist/zonos-elements/p-6987f9c9.js.gz
- zonos-elements/1.3.267/dist/zonos-elements/p-6987f9c9.min.js.br
- zonos-elements/1.3.267/dist/zonos-elements/p-6987f9c9.min.js.gz
- zonos-elements/1.3.267/dist/zonos-elements/p-6a195559.system.js.br
- zonos-elements/1.3.267/dist/zonos-elements/p-6a195559.system.js.gz
- zonos-elements/1.3.267/dist/zonos-elements/p-6a195559.system.min.js.br
- zonos-elements/1.3.267/dist/zonos-elements/p-6a195559.system.min.js.gz
- zonos-elements/1.3.267/dist/zonos-elements/p-6b361d2b.js.br
- zonos-elements/1.3.267/dist/zonos-elements/p-6b361d2b.js.gz
- zonos-elements/1.3.267/dist/zonos-elements/p-6b361d2b.min.js.br
- zonos-elements/1.3.267/dist/zonos-elements/p-6b361d2b.min.js.gz
- zonos-elements/1.3.267/dist/zonos-elements/p-6b6cfc59.system.entry.js.br
- zonos-elements/1.3.267/dist/zonos-elements/p-6b6cfc59.system.entry.js.gz
- zonos-elements/1.3.267/dist/zonos-elements/p-6b6cfc59.system.entry.min.js.br
- zonos-elements/1.3.267/dist/zonos-elements/p-6b6cfc59.system.entry.min.js.gz
- zonos-elements/1.3.267/dist/zonos-elements/p-6d81901a.js.br
- zonos-elements/1.3.267/dist/zonos-elements/p-6d81901a.js.gz
- zonos-elements/1.3.267/dist/zonos-elements/p-6d81901a.min.js.br
- zonos-elements/1.3.267/dist/zonos-elements/p-6d81901a.min.js.gz
- zonos-elements/1.3.267/dist/zonos-elements/p-6f23a26a.system.js.br
- zonos-elements/1.3.267/dist/zonos-elements/p-6f23a26a.system.js.gz
- zonos-elements/1.3.267/dist/zonos-elements/p-6f23a26a.system.min.js.br
- zonos-elements/1.3.267/dist/zonos-elements/p-6f23a26a.system.min.js.gz
- zonos-elements/1.3.267/dist/zonos-elements/p-7003d093.system.entry.js.br
- zonos-elements/1.3.267/dist/zonos-elements/p-7003d093.system.entry.js.gz
- zonos-elements/1.3.267/dist/zonos-elements/p-7003d093.system.entry.min.js.br
- zonos-elements/1.3.267/dist/zonos-elements/p-7003d093.system.entry.min.js.gz
- zonos-elements/1.3.267/dist/zonos-elements/p-703fc360.entry.js.br
- zonos-elements/1.3.267/dist/zonos-elements/p-703fc360.entry.js.gz
- zonos-elements/1.3.267/dist/zonos-elements/p-703fc360.entry.min.js.br
- zonos-elements/1.3.267/dist/zonos-elements/p-703fc360.entry.min.js.gz
- zonos-elements/1.3.267/dist/zonos-elements/p-71c7a1ff.entry.js.br
- zonos-elements/1.3.267/dist/zonos-elements/p-71c7a1ff.entry.js.gz
- zonos-elements/1.3.267/dist/zonos-elements/p-71c7a1ff.entry.min.js.br
- zonos-elements/1.3.267/dist/zonos-elements/p-71c7a1ff.entry.min.js.gz
- zonos-elements/1.3.267/dist/zonos-elements/p-71fb6126.entry.js.br
- zonos-elements/1.3.267/dist/zonos-elements/p-71fb6126.entry.js.gz
- zonos-elements/1.3.267/dist/zonos-elements/p-71fb6126.entry.min.js.br
- zonos-elements/1.3.267/dist/zonos-elements/p-71fb6126.entry.min.js.gz
- zonos-elements/1.3.267/dist/zonos-elements/p-7261e245.system.js.br
- zonos-elements/1.3.267/dist/zonos-elements/p-7261e245.system.js.gz
- zonos-elements/1.3.267/dist/zonos-elements/p-7261e245.system.min.js.br
- zonos-elements/1.3.267/dist/zonos-elements/p-7261e245.system.min.js.gz
- zonos-elements/1.3.267/dist/zonos-elements/p-77c2e465.system.js.br
- zonos-elements/1.3.267/dist/zonos-elements/p-77c2e465.system.js.gz
- zonos-elements/1.3.267/dist/zonos-elements/p-77c2e465.system.min.js.br
- zonos-elements/1.3.267/dist/zonos-elements/p-77c2e465.system.min.js.gz
- zonos-elements/1.3.267/dist/zonos-elements/p-79e5a629.system.entry.js.br
- zonos-elements/1.3.267/dist/zonos-elements/p-79e5a629.system.entry.js.gz
- zonos-elements/1.3.267/dist/zonos-elements/p-79e5a629.system.entry.min.js.br
- zonos-elements/1.3.267/dist/zonos-elements/p-79e5a629.system.entry.min.js.gz
- zonos-elements/1.3.267/dist/zonos-elements/p-79f3c227.system.entry.js.br
- zonos-elements/1.3.267/dist/zonos-elements/p-79f3c227.system.entry.js.gz
- zonos-elements/1.3.267/dist/zonos-elements/p-79f3c227.system.entry.min.js.br
- zonos-elements/1.3.267/dist/zonos-elements/p-79f3c227.system.entry.min.js.gz
- zonos-elements/1.3.267/dist/zonos-elements/p-83666056.js.br
- zonos-elements/1.3.267/dist/zonos-elements/p-83666056.js.gz
- zonos-elements/1.3.267/dist/zonos-elements/p-83666056.min.js.br
- zonos-elements/1.3.267/dist/zonos-elements/p-83666056.min.js.gz
- zonos-elements/1.3.267/dist/zonos-elements/p-843ced6c.js.br
- zonos-elements/1.3.267/dist/zonos-elements/p-843ced6c.js.gz
- zonos-elements/1.3.267/dist/zonos-elements/p-843ced6c.min.js.br
- zonos-elements/1.3.267/dist/zonos-elements/p-843ced6c.min.js.gz
- zonos-elements/1.3.267/dist/zonos-elements/p-84dbf474.js.br
- zonos-elements/1.3.267/dist/zonos-elements/p-84dbf474.js.gz
- zonos-elements/1.3.267/dist/zonos-elements/p-84dbf474.min.js.br
- zonos-elements/1.3.267/dist/zonos-elements/p-84dbf474.min.js.gz
- zonos-elements/1.3.267/dist/zonos-elements/p-8570e88a.system.js.br
- zonos-elements/1.3.267/dist/zonos-elements/p-8570e88a.system.js.gz
- zonos-elements/1.3.267/dist/zonos-elements/p-8570e88a.system.min.js.br
- zonos-elements/1.3.267/dist/zonos-elements/p-8570e88a.system.min.js.gz
- zonos-elements/1.3.267/dist/zonos-elements/p-8571f3ce.entry.js.br
- zonos-elements/1.3.267/dist/zonos-elements/p-8571f3ce.entry.js.gz
- zonos-elements/1.3.267/dist/zonos-elements/p-8571f3ce.entry.min.js.br
- zonos-elements/1.3.267/dist/zonos-elements/p-8571f3ce.entry.min.js.gz
- zonos-elements/1.3.267/dist/zonos-elements/p-8d5f413c.system.entry.js.br
- zonos-elements/1.3.267/dist/zonos-elements/p-8d5f413c.system.entry.js.gz
- zonos-elements/1.3.267/dist/zonos-elements/p-8d5f413c.system.entry.min.js.br
- zonos-elements/1.3.267/dist/zonos-elements/p-8d5f413c.system.entry.min.js.gz
- zonos-elements/1.3.267/dist/zonos-elements/p-8f9e95c2.entry.js.br
- zonos-elements/1.3.267/dist/zonos-elements/p-8f9e95c2.entry.js.gz
- zonos-elements/1.3.267/dist/zonos-elements/p-8f9e95c2.entry.min.js.br
- zonos-elements/1.3.267/dist/zonos-elements/p-8f9e95c2.entry.min.js.gz
- zonos-elements/1.3.267/dist/zonos-elements/p-90c932fd.entry.js.br
- zonos-elements/1.3.267/dist/zonos-elements/p-90c932fd.entry.js.gz
- zonos-elements/1.3.267/dist/zonos-elements/p-90c932fd.entry.min.js.br
- zonos-elements/1.3.267/dist/zonos-elements/p-90c932fd.entry.min.js.gz
- zonos-elements/1.3.267/dist/zonos-elements/p-928291e5.entry.js.br
- zonos-elements/1.3.267/dist/zonos-elements/p-928291e5.entry.js.gz
- zonos-elements/1.3.267/dist/zonos-elements/p-928291e5.entry.min.js.br
- zonos-elements/1.3.267/dist/zonos-elements/p-928291e5.entry.min.js.gz
- zonos-elements/1.3.267/dist/zonos-elements/p-9581bffb.js.br
- zonos-elements/1.3.267/dist/zonos-elements/p-9581bffb.js.gz
- zonos-elements/1.3.267/dist/zonos-elements/p-9581bffb.min.js.br
- zonos-elements/1.3.267/dist/zonos-elements/p-9581bffb.min.js.gz
- zonos-elements/1.3.267/dist/zonos-elements/p-96d77739.js.br
- zonos-elements/1.3.267/dist/zonos-elements/p-96d77739.js.gz
- zonos-elements/1.3.267/dist/zonos-elements/p-96d77739.min.js.br
- zonos-elements/1.3.267/dist/zonos-elements/p-96d77739.min.js.gz
- zonos-elements/1.3.267/dist/zonos-elements/p-97aceb11.js.br
- zonos-elements/1.3.267/dist/zonos-elements/p-97aceb11.js.gz
- zonos-elements/1.3.267/dist/zonos-elements/p-97aceb11.min.js.br
- zonos-elements/1.3.267/dist/zonos-elements/p-97aceb11.min.js.gz
- zonos-elements/1.3.267/dist/zonos-elements/p-9a5a2043.js.br
- zonos-elements/1.3.267/dist/zonos-elements/p-9a5a2043.js.gz
- zonos-elements/1.3.267/dist/zonos-elements/p-9a5a2043.min.js.br
- zonos-elements/1.3.267/dist/zonos-elements/p-9a5a2043.min.js.gz
- zonos-elements/1.3.267/dist/zonos-elements/p-9b0a6fe5.system.entry.js.br
- zonos-elements/1.3.267/dist/zonos-elements/p-9b0a6fe5.system.entry.js.gz
- zonos-elements/1.3.267/dist/zonos-elements/p-9b0a6fe5.system.entry.min.js.br
- zonos-elements/1.3.267/dist/zonos-elements/p-9b0a6fe5.system.entry.min.js.gz
- zonos-elements/1.3.267/dist/zonos-elements/p-9e0cb5b3.system.entry.js.br
- zonos-elements/1.3.267/dist/zonos-elements/p-9e0cb5b3.system.entry.js.gz
- zonos-elements/1.3.267/dist/zonos-elements/p-9e0cb5b3.system.entry.min.js.br
- zonos-elements/1.3.267/dist/zonos-elements/p-9e0cb5b3.system.entry.min.js.gz
- zonos-elements/1.3.267/dist/zonos-elements/p-a1bad0c3.system.entry.js.br
- zonos-elements/1.3.267/dist/zonos-elements/p-a1bad0c3.system.entry.js.gz
- zonos-elements/1.3.267/dist/zonos-elements/p-a1bad0c3.system.entry.min.js.br
- zonos-elements/1.3.267/dist/zonos-elements/p-a1bad0c3.system.entry.min.js.gz
- zonos-elements/1.3.267/dist/zonos-elements/p-a49ba3ae.system.entry.js.br
- zonos-elements/1.3.267/dist/zonos-elements/p-a49ba3ae.system.entry.js.gz
- zonos-elements/1.3.267/dist/zonos-elements/p-a49ba3ae.system.entry.min.js.br
- zonos-elements/1.3.267/dist/zonos-elements/p-a49ba3ae.system.entry.min.js.gz
- zonos-elements/1.3.267/dist/zonos-elements/p-a6db8883.entry.js.br
- zonos-elements/1.3.267/dist/zonos-elements/p-a6db8883.entry.js.gz
- zonos-elements/1.3.267/dist/zonos-elements/p-a6db8883.entry.min.js.br
- zonos-elements/1.3.267/dist/zonos-elements/p-a6db8883.entry.min.js.gz
- zonos-elements/1.3.267/dist/zonos-elements/p-a78bc004.entry.js.br
- zonos-elements/1.3.267/dist/zonos-elements/p-a78bc004.entry.js.gz
- zonos-elements/1.3.267/dist/zonos-elements/p-a78bc004.entry.min.js.br
- zonos-elements/1.3.267/dist/zonos-elements/p-a78bc004.entry.min.js.gz
- zonos-elements/1.3.267/dist/zonos-elements/p-a87561b8.js.br
- zonos-elements/1.3.267/dist/zonos-elements/p-a87561b8.js.gz
- zonos-elements/1.3.267/dist/zonos-elements/p-a87561b8.min.js.br
- zonos-elements/1.3.267/dist/zonos-elements/p-a87561b8.min.js.gz
- zonos-elements/1.3.267/dist/zonos-elements/p-ab0b23f2.js.br
- zonos-elements/1.3.267/dist/zonos-elements/p-ab0b23f2.js.gz
- zonos-elements/1.3.267/dist/zonos-elements/p-ab0b23f2.min.js.br
- zonos-elements/1.3.267/dist/zonos-elements/p-ab0b23f2.min.js.gz
- zonos-elements/1.3.267/dist/zonos-elements/p-adb9827c.js.br
- zonos-elements/1.3.267/dist/zonos-elements/p-adb9827c.js.gz
- zonos-elements/1.3.267/dist/zonos-elements/p-adb9827c.min.js.br
- zonos-elements/1.3.267/dist/zonos-elements/p-adb9827c.min.js.gz
- zonos-elements/1.3.267/dist/zonos-elements/p-ae393255.js.br
- zonos-elements/1.3.267/dist/zonos-elements/p-ae393255.js.gz
- zonos-elements/1.3.267/dist/zonos-elements/p-ae393255.min.js.br
- zonos-elements/1.3.267/dist/zonos-elements/p-ae393255.min.js.gz
- zonos-elements/1.3.267/dist/zonos-elements/p-b2d276e1.js.br
- zonos-elements/1.3.267/dist/zonos-elements/p-b2d276e1.js.gz
- zonos-elements/1.3.267/dist/zonos-elements/p-b2d276e1.min.js.br
- zonos-elements/1.3.267/dist/zonos-elements/p-b2d276e1.min.js.gz
- zonos-elements/1.3.267/dist/zonos-elements/p-b2d81c98.js.br
- zonos-elements/1.3.267/dist/zonos-elements/p-b2d81c98.js.gz
- zonos-elements/1.3.267/dist/zonos-elements/p-b2d81c98.min.js.br
- zonos-elements/1.3.267/dist/zonos-elements/p-b2d81c98.min.js.gz
- zonos-elements/1.3.267/dist/zonos-elements/p-b4b23475.entry.js.br
- zonos-elements/1.3.267/dist/zonos-elements/p-b4b23475.entry.js.gz
- zonos-elements/1.3.267/dist/zonos-elements/p-b4b23475.entry.min.js.br
- zonos-elements/1.3.267/dist/zonos-elements/p-b4b23475.entry.min.js.gz
- zonos-elements/1.3.267/dist/zonos-elements/p-b4b7f705.js.br
- zonos-elements/1.3.267/dist/zonos-elements/p-b4b7f705.js.gz
- zonos-elements/1.3.267/dist/zonos-elements/p-b4b7f705.min.js.br
- zonos-elements/1.3.267/dist/zonos-elements/p-b4b7f705.min.js.gz
- zonos-elements/1.3.267/dist/zonos-elements/p-b5a26334.system.entry.js.br
- zonos-elements/1.3.267/dist/zonos-elements/p-b5a26334.system.entry.js.gz
- zonos-elements/1.3.267/dist/zonos-elements/p-b5a26334.system.entry.min.js.br
- zonos-elements/1.3.267/dist/zonos-elements/p-b5a26334.system.entry.min.js.gz
- zonos-elements/1.3.267/dist/zonos-elements/p-b6a36c25.system.js.br
- zonos-elements/1.3.267/dist/zonos-elements/p-b6a36c25.system.js.gz
- zonos-elements/1.3.267/dist/zonos-elements/p-b6a36c25.system.min.js.br
- zonos-elements/1.3.267/dist/zonos-elements/p-b6a36c25.system.min.js.gz
- zonos-elements/1.3.267/dist/zonos-elements/p-b6df4cc2.system.entry.js.br
- zonos-elements/1.3.267/dist/zonos-elements/p-b6df4cc2.system.entry.js.gz
- zonos-elements/1.3.267/dist/zonos-elements/p-b6df4cc2.system.entry.min.js.br
- zonos-elements/1.3.267/dist/zonos-elements/p-b6df4cc2.system.entry.min.js.gz
- zonos-elements/1.3.267/dist/zonos-elements/p-b7e4a020.system.entry.js.br
- zonos-elements/1.3.267/dist/zonos-elements/p-b7e4a020.system.entry.js.gz
- zonos-elements/1.3.267/dist/zonos-elements/p-b7e4a020.system.entry.min.js.br
- zonos-elements/1.3.267/dist/zonos-elements/p-b7e4a020.system.entry.min.js.gz
- zonos-elements/1.3.267/dist/zonos-elements/p-ba9e2612.system.entry.js.br
- zonos-elements/1.3.267/dist/zonos-elements/p-ba9e2612.system.entry.js.gz
- zonos-elements/1.3.267/dist/zonos-elements/p-ba9e2612.system.entry.min.js.br
- zonos-elements/1.3.267/dist/zonos-elements/p-ba9e2612.system.entry.min.js.gz
- zonos-elements/1.3.267/dist/zonos-elements/p-baf0b24c.system.entry.js.br
- zonos-elements/1.3.267/dist/zonos-elements/p-baf0b24c.system.entry.js.gz
- zonos-elements/1.3.267/dist/zonos-elements/p-baf0b24c.system.entry.min.js.br
- zonos-elements/1.3.267/dist/zonos-elements/p-baf0b24c.system.entry.min.js.gz
- zonos-elements/1.3.267/dist/zonos-elements/p-bc7bf53e.system.js.br
- zonos-elements/1.3.267/dist/zonos-elements/p-bc7bf53e.system.js.gz
- zonos-elements/1.3.267/dist/zonos-elements/p-bc7bf53e.system.min.js.br
- zonos-elements/1.3.267/dist/zonos-elements/p-bc7bf53e.system.min.js.gz
- zonos-elements/1.3.267/dist/zonos-elements/p-becac995.js.br
- zonos-elements/1.3.267/dist/zonos-elements/p-becac995.js.gz
- zonos-elements/1.3.267/dist/zonos-elements/p-becac995.min.js.br
- zonos-elements/1.3.267/dist/zonos-elements/p-becac995.min.js.gz
- zonos-elements/1.3.267/dist/zonos-elements/p-bf37ccc7.system.js.br
- zonos-elements/1.3.267/dist/zonos-elements/p-bf37ccc7.system.js.gz
- zonos-elements/1.3.267/dist/zonos-elements/p-bf37ccc7.system.min.js.br
- zonos-elements/1.3.267/dist/zonos-elements/p-bf37ccc7.system.min.js.gz
- zonos-elements/1.3.267/dist/zonos-elements/p-bf5c3dd7.system.entry.js.br
- zonos-elements/1.3.267/dist/zonos-elements/p-bf5c3dd7.system.entry.js.gz
- zonos-elements/1.3.267/dist/zonos-elements/p-bf5c3dd7.system.entry.min.js.br
- zonos-elements/1.3.267/dist/zonos-elements/p-bf5c3dd7.system.entry.min.js.gz
- zonos-elements/1.3.267/dist/zonos-elements/p-c5d1217f.system.js.br
- zonos-elements/1.3.267/dist/zonos-elements/p-c5d1217f.system.js.gz
- zonos-elements/1.3.267/dist/zonos-elements/p-c5d1217f.system.min.js.br
- zonos-elements/1.3.267/dist/zonos-elements/p-c5d1217f.system.min.js.gz
- zonos-elements/1.3.267/dist/zonos-elements/p-c9c17d08.system.entry.js.br
- zonos-elements/1.3.267/dist/zonos-elements/p-c9c17d08.system.entry.js.gz
- zonos-elements/1.3.267/dist/zonos-elements/p-c9c17d08.system.entry.min.js.br
- zonos-elements/1.3.267/dist/zonos-elements/p-c9c17d08.system.entry.min.js.gz
- zonos-elements/1.3.267/dist/zonos-elements/p-c9e433c0.system.js.br
- zonos-elements/1.3.267/dist/zonos-elements/p-c9e433c0.system.js.gz
- zonos-elements/1.3.267/dist/zonos-elements/p-c9e433c0.system.min.js.br
- zonos-elements/1.3.267/dist/zonos-elements/p-c9e433c0.system.min.js.gz
- zonos-elements/1.3.267/dist/zonos-elements/p-cb966d16.system.entry.js.br
- zonos-elements/1.3.267/dist/zonos-elements/p-cb966d16.system.entry.js.gz
- zonos-elements/1.3.267/dist/zonos-elements/p-cb966d16.system.entry.min.js.br
- zonos-elements/1.3.267/dist/zonos-elements/p-cb966d16.system.entry.min.js.gz
- zonos-elements/1.3.267/dist/zonos-elements/p-ce103c66.system.entry.js.br
- zonos-elements/1.3.267/dist/zonos-elements/p-ce103c66.system.entry.js.gz
- zonos-elements/1.3.267/dist/zonos-elements/p-ce103c66.system.entry.min.js.br
- zonos-elements/1.3.267/dist/zonos-elements/p-ce103c66.system.entry.min.js.gz
- zonos-elements/1.3.267/dist/zonos-elements/p-ce75b047.js.br
- zonos-elements/1.3.267/dist/zonos-elements/p-ce75b047.js.gz
- zonos-elements/1.3.267/dist/zonos-elements/p-ce75b047.min.js.br
- zonos-elements/1.3.267/dist/zonos-elements/p-ce75b047.min.js.gz
- zonos-elements/1.3.267/dist/zonos-elements/p-cfb0059f.js.br
- zonos-elements/1.3.267/dist/zonos-elements/p-cfb0059f.js.gz
- zonos-elements/1.3.267/dist/zonos-elements/p-cfb0059f.min.js.br
- zonos-elements/1.3.267/dist/zonos-elements/p-cfb0059f.min.js.gz
- zonos-elements/1.3.267/dist/zonos-elements/p-d28be518.js.br
- zonos-elements/1.3.267/dist/zonos-elements/p-d28be518.js.gz
- zonos-elements/1.3.267/dist/zonos-elements/p-d28be518.min.js.br
- zonos-elements/1.3.267/dist/zonos-elements/p-d28be518.min.js.gz
- zonos-elements/1.3.267/dist/zonos-elements/p-d938f42f.system.js.br
- zonos-elements/1.3.267/dist/zonos-elements/p-d938f42f.system.js.gz
- zonos-elements/1.3.267/dist/zonos-elements/p-d938f42f.system.min.js.br
- zonos-elements/1.3.267/dist/zonos-elements/p-d938f42f.system.min.js.gz
- zonos-elements/1.3.267/dist/zonos-elements/p-d950b0b4.entry.js.br
- zonos-elements/1.3.267/dist/zonos-elements/p-d950b0b4.entry.js.gz
- zonos-elements/1.3.267/dist/zonos-elements/p-d950b0b4.entry.min.js.br
- zonos-elements/1.3.267/dist/zonos-elements/p-d950b0b4.entry.min.js.gz
- zonos-elements/1.3.267/dist/zonos-elements/p-db3b101a.js.br
- zonos-elements/1.3.267/dist/zonos-elements/p-db3b101a.js.gz
- zonos-elements/1.3.267/dist/zonos-elements/p-db3b101a.min.js.br
- zonos-elements/1.3.267/dist/zonos-elements/p-db3b101a.min.js.gz
- zonos-elements/1.3.267/dist/zonos-elements/p-db5f6b8c.entry.js.br
- zonos-elements/1.3.267/dist/zonos-elements/p-db5f6b8c.entry.js.gz
- zonos-elements/1.3.267/dist/zonos-elements/p-db5f6b8c.entry.min.js.br
- zonos-elements/1.3.267/dist/zonos-elements/p-db5f6b8c.entry.min.js.gz
- zonos-elements/1.3.267/dist/zonos-elements/p-deaf0e38.system.entry.js.br
- zonos-elements/1.3.267/dist/zonos-elements/p-deaf0e38.system.entry.js.gz
- zonos-elements/1.3.267/dist/zonos-elements/p-deaf0e38.system.entry.min.js.br
- zonos-elements/1.3.267/dist/zonos-elements/p-deaf0e38.system.entry.min.js.gz
- zonos-elements/1.3.267/dist/zonos-elements/p-e056ae6b.entry.js.br
- zonos-elements/1.3.267/dist/zonos-elements/p-e056ae6b.entry.js.gz
- zonos-elements/1.3.267/dist/zonos-elements/p-e056ae6b.entry.min.js.br
- zonos-elements/1.3.267/dist/zonos-elements/p-e056ae6b.entry.min.js.gz
- zonos-elements/1.3.267/dist/zonos-elements/p-e1255160.js.br
- zonos-elements/1.3.267/dist/zonos-elements/p-e1255160.js.gz
- zonos-elements/1.3.267/dist/zonos-elements/p-e1255160.min.js.br
- zonos-elements/1.3.267/dist/zonos-elements/p-e1255160.min.js.gz
- zonos-elements/1.3.267/dist/zonos-elements/p-e3292be8.system.js.br
- zonos-elements/1.3.267/dist/zonos-elements/p-e3292be8.system.js.gz
- zonos-elements/1.3.267/dist/zonos-elements/p-e3292be8.system.min.js.br
- zonos-elements/1.3.267/dist/zonos-elements/p-e3292be8.system.min.js.gz
- zonos-elements/1.3.267/dist/zonos-elements/p-e5dfccd8.system.js.br
- zonos-elements/1.3.267/dist/zonos-elements/p-e5dfccd8.system.js.gz
- zonos-elements/1.3.267/dist/zonos-elements/p-e5dfccd8.system.min.js.br
- zonos-elements/1.3.267/dist/zonos-elements/p-e5dfccd8.system.min.js.gz
- zonos-elements/1.3.267/dist/zonos-elements/p-e7b0c156.js.br
- zonos-elements/1.3.267/dist/zonos-elements/p-e7b0c156.js.gz
- zonos-elements/1.3.267/dist/zonos-elements/p-e7b0c156.min.js.br
- zonos-elements/1.3.267/dist/zonos-elements/p-e7b0c156.min.js.gz
- zonos-elements/1.3.267/dist/zonos-elements/p-e850e6e7.system.entry.js.br
- zonos-elements/1.3.267/dist/zonos-elements/p-e850e6e7.system.entry.js.gz
- zonos-elements/1.3.267/dist/zonos-elements/p-e850e6e7.system.entry.min.js.br
- zonos-elements/1.3.267/dist/zonos-elements/p-e850e6e7.system.entry.min.js.gz
- zonos-elements/1.3.267/dist/zonos-elements/p-eb99a625.system.js.br
- zonos-elements/1.3.267/dist/zonos-elements/p-eb99a625.system.js.gz
- zonos-elements/1.3.267/dist/zonos-elements/p-eb99a625.system.min.js.br
- zonos-elements/1.3.267/dist/zonos-elements/p-eb99a625.system.min.js.gz
- zonos-elements/1.3.267/dist/zonos-elements/p-eef5b0cc.js.br
- zonos-elements/1.3.267/dist/zonos-elements/p-eef5b0cc.js.gz
- zonos-elements/1.3.267/dist/zonos-elements/p-eef5b0cc.min.js.br
- zonos-elements/1.3.267/dist/zonos-elements/p-eef5b0cc.min.js.gz
- zonos-elements/1.3.267/dist/zonos-elements/p-f3cfd8fa.js.br
- zonos-elements/1.3.267/dist/zonos-elements/p-f3cfd8fa.js.gz
- zonos-elements/1.3.267/dist/zonos-elements/p-f3cfd8fa.min.js.br
- zonos-elements/1.3.267/dist/zonos-elements/p-f3cfd8fa.min.js.gz
- zonos-elements/1.3.267/dist/zonos-elements/p-fb684748.system.entry.js.br
- zonos-elements/1.3.267/dist/zonos-elements/p-fb684748.system.entry.js.gz
- zonos-elements/1.3.267/dist/zonos-elements/p-fb684748.system.entry.min.js.br
- zonos-elements/1.3.267/dist/zonos-elements/p-fb684748.system.entry.min.js.gz
- zonos-elements/1.3.267/dist/zonos-elements/p-fb712719.entry.js.br
- zonos-elements/1.3.267/dist/zonos-elements/p-fb712719.entry.js.gz
- zonos-elements/1.3.267/dist/zonos-elements/p-fb712719.entry.min.js.br
- zonos-elements/1.3.267/dist/zonos-elements/p-fb712719.entry.min.js.gz
- zonos-elements/1.3.267/dist/zonos-elements/zonos-elements.css.br
- zonos-elements/1.3.267/dist/zonos-elements/zonos-elements.css.gz
- zonos-elements/1.3.267/dist/zonos-elements/zonos-elements.esm.js.br
- zonos-elements/1.3.267/dist/zonos-elements/zonos-elements.esm.js.gz
- zonos-elements/1.3.267/dist/zonos-elements/zonos-elements.esm.min.js.br
- zonos-elements/1.3.267/dist/zonos-elements/zonos-elements.esm.min.js.gz
- zonos-elements/1.3.267/dist/zonos-elements/zonos-elements.js.br
- zonos-elements/1.3.267/dist/zonos-elements/zonos-elements.js.gz
- zonos-elements/1.3.267/dist/zonos-elements/zonos-elements.min.css.br
- zonos-elements/1.3.267/dist/zonos-elements/zonos-elements.min.css.gz
- zonos-elements/1.3.267/dist/zonos-elements/zonos-elements.min.js.br
- zonos-elements/1.3.267/dist/zonos-elements/zonos-elements.min.js.gz