- buefy/3.0.5/buefy.esm.js.br
- buefy/3.0.5/buefy.esm.js.gz
- buefy/3.0.5/buefy.esm.min.js.br
- buefy/3.0.5/buefy.esm.min.js.gz
- buefy/3.0.5/buefy.js.br
- buefy/3.0.5/buefy.js.gz
- buefy/3.0.5/buefy.min.js.br
- buefy/3.0.5/buefy.min.js.gz
- buefy/3.0.5/cjs/Autocomplete-DEUs3z7g.js.br
- buefy/3.0.5/cjs/Autocomplete-DEUs3z7g.js.gz
- buefy/3.0.5/cjs/Autocomplete-DEUs3z7g.min.js.br
- buefy/3.0.5/cjs/Autocomplete-DEUs3z7g.min.js.gz
- buefy/3.0.5/cjs/Button-Cq7yqI8p.js.br
- buefy/3.0.5/cjs/Button-Cq7yqI8p.js.gz
- buefy/3.0.5/cjs/Button-Cq7yqI8p.min.js.br
- buefy/3.0.5/cjs/Button-Cq7yqI8p.min.js.gz
- buefy/3.0.5/cjs/CheckRadioMixin-CDu0SN3g.js.br
- buefy/3.0.5/cjs/CheckRadioMixin-CDu0SN3g.js.gz
- buefy/3.0.5/cjs/CheckRadioMixin-CDu0SN3g.min.js.br
- buefy/3.0.5/cjs/CheckRadioMixin-CDu0SN3g.min.js.gz
- buefy/3.0.5/cjs/Checkbox-GPzAMQqM.js.br
- buefy/3.0.5/cjs/Checkbox-GPzAMQqM.js.gz
- buefy/3.0.5/cjs/Checkbox-GPzAMQqM.min.js.br
- buefy/3.0.5/cjs/Checkbox-GPzAMQqM.min.js.gz
- buefy/3.0.5/cjs/CompatFallthroughMixin-hhK0Gkhr.js.br
- buefy/3.0.5/cjs/CompatFallthroughMixin-hhK0Gkhr.js.gz
- buefy/3.0.5/cjs/CompatFallthroughMixin-hhK0Gkhr.min.js.br
- buefy/3.0.5/cjs/CompatFallthroughMixin-hhK0Gkhr.min.js.gz
- buefy/3.0.5/cjs/Datepicker-DhsJpauU.js.br
- buefy/3.0.5/cjs/Datepicker-DhsJpauU.js.gz
- buefy/3.0.5/cjs/Datepicker-DhsJpauU.min.js.br
- buefy/3.0.5/cjs/Datepicker-DhsJpauU.min.js.gz
- buefy/3.0.5/cjs/Dropdown-BAXMPUCZ.js.br
- buefy/3.0.5/cjs/Dropdown-BAXMPUCZ.js.gz
- buefy/3.0.5/cjs/Dropdown-BAXMPUCZ.min.js.br
- buefy/3.0.5/cjs/Dropdown-BAXMPUCZ.min.js.gz
- buefy/3.0.5/cjs/DropdownItem-BOAAPdrW.js.br
- buefy/3.0.5/cjs/DropdownItem-BOAAPdrW.js.gz
- buefy/3.0.5/cjs/DropdownItem-BOAAPdrW.min.js.br
- buefy/3.0.5/cjs/DropdownItem-BOAAPdrW.min.js.gz
- buefy/3.0.5/cjs/Field-19ZCJFF8.js.br
- buefy/3.0.5/cjs/Field-19ZCJFF8.js.gz
- buefy/3.0.5/cjs/Field-19ZCJFF8.min.js.br
- buefy/3.0.5/cjs/Field-19ZCJFF8.min.js.gz
- buefy/3.0.5/cjs/FormElementMixin-DavX4iOv.js.br
- buefy/3.0.5/cjs/FormElementMixin-DavX4iOv.js.gz
- buefy/3.0.5/cjs/FormElementMixin-DavX4iOv.min.js.br
- buefy/3.0.5/cjs/FormElementMixin-DavX4iOv.min.js.gz
- buefy/3.0.5/cjs/Icon-lsDKE2wQ.js.br
- buefy/3.0.5/cjs/Icon-lsDKE2wQ.js.gz
- buefy/3.0.5/cjs/Icon-lsDKE2wQ.min.js.br
- buefy/3.0.5/cjs/Icon-lsDKE2wQ.min.js.gz
- buefy/3.0.5/cjs/Image-CocPwU3n.js.br
- buefy/3.0.5/cjs/Image-CocPwU3n.js.gz
- buefy/3.0.5/cjs/Image-CocPwU3n.min.js.br
- buefy/3.0.5/cjs/Image-CocPwU3n.min.js.gz
- buefy/3.0.5/cjs/InjectedChildMixin-CUKn09dB.js.br
- buefy/3.0.5/cjs/InjectedChildMixin-CUKn09dB.js.gz
- buefy/3.0.5/cjs/InjectedChildMixin-CUKn09dB.min.js.br
- buefy/3.0.5/cjs/InjectedChildMixin-CUKn09dB.min.js.gz
- buefy/3.0.5/cjs/Input-BcloGeZ3.js.br
- buefy/3.0.5/cjs/Input-BcloGeZ3.js.gz
- buefy/3.0.5/cjs/Input-BcloGeZ3.min.js.br
- buefy/3.0.5/cjs/Input-BcloGeZ3.min.js.gz
- buefy/3.0.5/cjs/Loading-GqqqjipO.js.br
- buefy/3.0.5/cjs/Loading-GqqqjipO.js.gz
- buefy/3.0.5/cjs/Loading-GqqqjipO.min.js.br
- buefy/3.0.5/cjs/Loading-GqqqjipO.min.js.gz
- buefy/3.0.5/cjs/MessageMixin-bGuuzfev.js.br
- buefy/3.0.5/cjs/MessageMixin-bGuuzfev.js.gz
- buefy/3.0.5/cjs/MessageMixin-bGuuzfev.min.js.br
- buefy/3.0.5/cjs/MessageMixin-bGuuzfev.min.js.gz
- buefy/3.0.5/cjs/Modal-D1aZUehE.js.br
- buefy/3.0.5/cjs/Modal-D1aZUehE.js.gz
- buefy/3.0.5/cjs/Modal-D1aZUehE.min.js.br
- buefy/3.0.5/cjs/Modal-D1aZUehE.min.js.gz
- buefy/3.0.5/cjs/NoticeMixin--3RjH43z.js.br
- buefy/3.0.5/cjs/NoticeMixin--3RjH43z.js.gz
- buefy/3.0.5/cjs/NoticeMixin--3RjH43z.min.js.br
- buefy/3.0.5/cjs/NoticeMixin--3RjH43z.min.js.gz
- buefy/3.0.5/cjs/Pagination-D1MVdiLp.js.br
- buefy/3.0.5/cjs/Pagination-D1MVdiLp.js.gz
- buefy/3.0.5/cjs/Pagination-D1MVdiLp.min.js.br
- buefy/3.0.5/cjs/Pagination-D1MVdiLp.min.js.gz
- buefy/3.0.5/cjs/Progress-DT9Qc8Id.js.br
- buefy/3.0.5/cjs/Progress-DT9Qc8Id.js.gz
- buefy/3.0.5/cjs/Progress-DT9Qc8Id.min.js.br
- buefy/3.0.5/cjs/Progress-DT9Qc8Id.min.js.gz
- buefy/3.0.5/cjs/Select-DayPKwCY.js.br
- buefy/3.0.5/cjs/Select-DayPKwCY.js.gz
- buefy/3.0.5/cjs/Select-DayPKwCY.min.js.br
- buefy/3.0.5/cjs/Select-DayPKwCY.min.js.gz
- buefy/3.0.5/cjs/SlotComponent-BruGdRW3.js.br
- buefy/3.0.5/cjs/SlotComponent-BruGdRW3.js.gz
- buefy/3.0.5/cjs/SlotComponent-BruGdRW3.min.js.br
- buefy/3.0.5/cjs/SlotComponent-BruGdRW3.min.js.gz
- buefy/3.0.5/cjs/TabbedChildMixin-B3JUUwcf.js.br
- buefy/3.0.5/cjs/TabbedChildMixin-B3JUUwcf.js.gz
- buefy/3.0.5/cjs/TabbedChildMixin-B3JUUwcf.min.js.br
- buefy/3.0.5/cjs/TabbedChildMixin-B3JUUwcf.min.js.gz
- buefy/3.0.5/cjs/Tag-BprnwJJ1.js.br
- buefy/3.0.5/cjs/Tag-BprnwJJ1.js.gz
- buefy/3.0.5/cjs/Tag-BprnwJJ1.min.js.br
- buefy/3.0.5/cjs/Tag-BprnwJJ1.min.js.gz
- buefy/3.0.5/cjs/Timepicker-DDYkLeNV.js.br
- buefy/3.0.5/cjs/Timepicker-DDYkLeNV.js.gz
- buefy/3.0.5/cjs/Timepicker-DDYkLeNV.min.js.br
- buefy/3.0.5/cjs/Timepicker-DDYkLeNV.min.js.gz
- buefy/3.0.5/cjs/TimepickerMixin-C9WVvcUL.js.br
- buefy/3.0.5/cjs/TimepickerMixin-C9WVvcUL.js.gz
- buefy/3.0.5/cjs/TimepickerMixin-C9WVvcUL.min.js.br
- buefy/3.0.5/cjs/TimepickerMixin-C9WVvcUL.min.js.gz
- buefy/3.0.5/cjs/Tooltip-Cgighv0j.js.br
- buefy/3.0.5/cjs/Tooltip-Cgighv0j.js.gz
- buefy/3.0.5/cjs/Tooltip-Cgighv0j.min.js.br
- buefy/3.0.5/cjs/Tooltip-Cgighv0j.min.js.gz
- buefy/3.0.5/cjs/_plugin-vue_export-helper-Die8u8yB.js.br
- buefy/3.0.5/cjs/_plugin-vue_export-helper-Die8u8yB.js.gz
- buefy/3.0.5/cjs/_plugin-vue_export-helper-Die8u8yB.min.js.br
- buefy/3.0.5/cjs/_plugin-vue_export-helper-Die8u8yB.min.js.gz
- buefy/3.0.5/cjs/autocomplete.js.br
- buefy/3.0.5/cjs/autocomplete.js.gz
- buefy/3.0.5/cjs/autocomplete.min.js.br
- buefy/3.0.5/cjs/autocomplete.min.js.gz
- buefy/3.0.5/cjs/breadcrumb.js.br
- buefy/3.0.5/cjs/breadcrumb.js.gz
- buefy/3.0.5/cjs/breadcrumb.min.js.br
- buefy/3.0.5/cjs/breadcrumb.min.js.gz
- buefy/3.0.5/cjs/button.js.br
- buefy/3.0.5/cjs/button.js.gz
- buefy/3.0.5/cjs/button.min.js.br
- buefy/3.0.5/cjs/button.min.js.gz
- buefy/3.0.5/cjs/carousel.js.br
- buefy/3.0.5/cjs/carousel.js.gz
- buefy/3.0.5/cjs/carousel.min.js.br
- buefy/3.0.5/cjs/carousel.min.js.gz
- buefy/3.0.5/cjs/checkbox.js.br
- buefy/3.0.5/cjs/checkbox.js.gz
- buefy/3.0.5/cjs/checkbox.min.js.br
- buefy/3.0.5/cjs/checkbox.min.js.gz
- buefy/3.0.5/cjs/clockpicker.js.br
- buefy/3.0.5/cjs/clockpicker.js.gz
- buefy/3.0.5/cjs/clockpicker.min.js.br
- buefy/3.0.5/cjs/clockpicker.min.js.gz
- buefy/3.0.5/cjs/collapse.js.br
- buefy/3.0.5/cjs/collapse.js.gz
- buefy/3.0.5/cjs/collapse.min.js.br
- buefy/3.0.5/cjs/collapse.min.js.gz
- buefy/3.0.5/cjs/colorpicker.js.br
- buefy/3.0.5/cjs/colorpicker.js.gz
- buefy/3.0.5/cjs/colorpicker.min.js.br
- buefy/3.0.5/cjs/colorpicker.min.js.gz
- buefy/3.0.5/cjs/config-DR826Ki2.js.br
- buefy/3.0.5/cjs/config-DR826Ki2.js.gz
- buefy/3.0.5/cjs/config-DR826Ki2.min.js.br
- buefy/3.0.5/cjs/config-DR826Ki2.min.js.gz
- buefy/3.0.5/cjs/config.js.br
- buefy/3.0.5/cjs/config.js.gz
- buefy/3.0.5/cjs/config.min.js.br
- buefy/3.0.5/cjs/config.min.js.gz
- buefy/3.0.5/cjs/datepicker.js.br
- buefy/3.0.5/cjs/datepicker.js.gz
- buefy/3.0.5/cjs/datepicker.min.js.br
- buefy/3.0.5/cjs/datepicker.min.js.gz
- buefy/3.0.5/cjs/datetimepicker.js.br
- buefy/3.0.5/cjs/datetimepicker.js.gz
- buefy/3.0.5/cjs/datetimepicker.min.js.br
- buefy/3.0.5/cjs/datetimepicker.min.js.gz
- buefy/3.0.5/cjs/dialog.js.br
- buefy/3.0.5/cjs/dialog.js.gz
- buefy/3.0.5/cjs/dialog.min.js.br
- buefy/3.0.5/cjs/dialog.min.js.gz
- buefy/3.0.5/cjs/dropdown.js.br
- buefy/3.0.5/cjs/dropdown.js.gz
- buefy/3.0.5/cjs/dropdown.min.js.br
- buefy/3.0.5/cjs/dropdown.min.js.gz
- buefy/3.0.5/cjs/field.js.br
- buefy/3.0.5/cjs/field.js.gz
- buefy/3.0.5/cjs/field.min.js.br
- buefy/3.0.5/cjs/field.min.js.gz
- buefy/3.0.5/cjs/helpers.js.br
- buefy/3.0.5/cjs/helpers.js.gz
- buefy/3.0.5/cjs/helpers.min.js.br
- buefy/3.0.5/cjs/helpers.min.js.gz
- buefy/3.0.5/cjs/icon.js.br
- buefy/3.0.5/cjs/icon.js.gz
- buefy/3.0.5/cjs/icon.min.js.br
- buefy/3.0.5/cjs/icon.min.js.gz
- buefy/3.0.5/cjs/image.js.br
- buefy/3.0.5/cjs/image.js.gz
- buefy/3.0.5/cjs/image.min.js.br
- buefy/3.0.5/cjs/image.min.js.gz
- buefy/3.0.5/cjs/index-BkFyTNWp.js.br
- buefy/3.0.5/cjs/index-BkFyTNWp.js.gz
- buefy/3.0.5/cjs/index-BkFyTNWp.min.js.br
- buefy/3.0.5/cjs/index-BkFyTNWp.min.js.gz
- buefy/3.0.5/cjs/index.js.br
- buefy/3.0.5/cjs/index.js.gz
- buefy/3.0.5/cjs/index.min.js.br
- buefy/3.0.5/cjs/index.min.js.gz
- buefy/3.0.5/cjs/input.js.br
- buefy/3.0.5/cjs/input.js.gz
- buefy/3.0.5/cjs/loading.js.br
- buefy/3.0.5/cjs/loading.js.gz
- buefy/3.0.5/cjs/loading.min.js.br
- buefy/3.0.5/cjs/loading.min.js.gz
- buefy/3.0.5/cjs/menu.js.br
- buefy/3.0.5/cjs/menu.js.gz
- buefy/3.0.5/cjs/menu.min.js.br
- buefy/3.0.5/cjs/menu.min.js.gz
- buefy/3.0.5/cjs/message.js.br
- buefy/3.0.5/cjs/message.js.gz
- buefy/3.0.5/cjs/message.min.js.br
- buefy/3.0.5/cjs/message.min.js.gz
- buefy/3.0.5/cjs/modal.js.br
- buefy/3.0.5/cjs/modal.js.gz
- buefy/3.0.5/cjs/modal.min.js.br
- buefy/3.0.5/cjs/modal.min.js.gz
- buefy/3.0.5/cjs/navbar.js.br
- buefy/3.0.5/cjs/navbar.js.gz
- buefy/3.0.5/cjs/navbar.min.js.br
- buefy/3.0.5/cjs/navbar.min.js.gz
- buefy/3.0.5/cjs/notification.js.br
- buefy/3.0.5/cjs/notification.js.gz
- buefy/3.0.5/cjs/notification.min.js.br
- buefy/3.0.5/cjs/notification.min.js.gz
- buefy/3.0.5/cjs/numberinput.js.br
- buefy/3.0.5/cjs/numberinput.js.gz
- buefy/3.0.5/cjs/numberinput.min.js.br
- buefy/3.0.5/cjs/numberinput.min.js.gz
- buefy/3.0.5/cjs/pagination.js.br
- buefy/3.0.5/cjs/pagination.js.gz
- buefy/3.0.5/cjs/pagination.min.js.br
- buefy/3.0.5/cjs/pagination.min.js.gz
- buefy/3.0.5/cjs/plugins-BWKpXmCr.js.br
- buefy/3.0.5/cjs/plugins-BWKpXmCr.js.gz
- buefy/3.0.5/cjs/plugins-BWKpXmCr.min.js.br
- buefy/3.0.5/cjs/plugins-BWKpXmCr.min.js.gz
- buefy/3.0.5/cjs/progress.js.br
- buefy/3.0.5/cjs/progress.js.gz
- buefy/3.0.5/cjs/progress.min.js.br
- buefy/3.0.5/cjs/progress.min.js.gz
- buefy/3.0.5/cjs/radio.js.br
- buefy/3.0.5/cjs/radio.js.gz
- buefy/3.0.5/cjs/radio.min.js.br
- buefy/3.0.5/cjs/radio.min.js.gz
- buefy/3.0.5/cjs/rate.js.br
- buefy/3.0.5/cjs/rate.js.gz
- buefy/3.0.5/cjs/rate.min.js.br
- buefy/3.0.5/cjs/rate.min.js.gz
- buefy/3.0.5/cjs/select.js.br
- buefy/3.0.5/cjs/select.js.gz
- buefy/3.0.5/cjs/select.min.js.br
- buefy/3.0.5/cjs/select.min.js.gz
- buefy/3.0.5/cjs/sidebar.js.br
- buefy/3.0.5/cjs/sidebar.js.gz
- buefy/3.0.5/cjs/sidebar.min.js.br
- buefy/3.0.5/cjs/sidebar.min.js.gz
- buefy/3.0.5/cjs/skeleton.js.br
- buefy/3.0.5/cjs/skeleton.js.gz
- buefy/3.0.5/cjs/skeleton.min.js.br
- buefy/3.0.5/cjs/skeleton.min.js.gz
- buefy/3.0.5/cjs/slider.js.br
- buefy/3.0.5/cjs/slider.js.gz
- buefy/3.0.5/cjs/slider.min.js.br
- buefy/3.0.5/cjs/slider.min.js.gz
- buefy/3.0.5/cjs/snackbar.js.br
- buefy/3.0.5/cjs/snackbar.js.gz
- buefy/3.0.5/cjs/snackbar.min.js.br
- buefy/3.0.5/cjs/snackbar.min.js.gz
- buefy/3.0.5/cjs/ssr-DVRFTu_P.js.br
- buefy/3.0.5/cjs/ssr-DVRFTu_P.js.gz
- buefy/3.0.5/cjs/ssr-DVRFTu_P.min.js.br
- buefy/3.0.5/cjs/ssr-DVRFTu_P.min.js.gz
- buefy/3.0.5/cjs/steps.js.br
- buefy/3.0.5/cjs/steps.js.gz
- buefy/3.0.5/cjs/steps.min.js.br
- buefy/3.0.5/cjs/steps.min.js.gz
- buefy/3.0.5/cjs/switch.js.br
- buefy/3.0.5/cjs/switch.js.gz
- buefy/3.0.5/cjs/switch.min.js.br
- buefy/3.0.5/cjs/switch.min.js.gz
- buefy/3.0.5/cjs/table.js.br
- buefy/3.0.5/cjs/table.js.gz
- buefy/3.0.5/cjs/table.min.js.br
- buefy/3.0.5/cjs/table.min.js.gz
- buefy/3.0.5/cjs/tabs.js.br
- buefy/3.0.5/cjs/tabs.js.gz
- buefy/3.0.5/cjs/tabs.min.js.br
- buefy/3.0.5/cjs/tabs.min.js.gz
- buefy/3.0.5/cjs/tag.js.br
- buefy/3.0.5/cjs/tag.js.gz
- buefy/3.0.5/cjs/tag.min.js.br
- buefy/3.0.5/cjs/tag.min.js.gz
- buefy/3.0.5/cjs/taginput.js.br
- buefy/3.0.5/cjs/taginput.js.gz
- buefy/3.0.5/cjs/taginput.min.js.br
- buefy/3.0.5/cjs/taginput.min.js.gz
- buefy/3.0.5/cjs/timepicker.js.br
- buefy/3.0.5/cjs/timepicker.js.gz
- buefy/3.0.5/cjs/toast.js.br
- buefy/3.0.5/cjs/toast.js.gz
- buefy/3.0.5/cjs/toast.min.js.br
- buefy/3.0.5/cjs/toast.min.js.gz
- buefy/3.0.5/cjs/tooltip.js.br
- buefy/3.0.5/cjs/tooltip.js.gz
- buefy/3.0.5/cjs/tooltip.min.js.br
- buefy/3.0.5/cjs/tooltip.min.js.gz
- buefy/3.0.5/cjs/trapFocus-BlX6xykt.js.br
- buefy/3.0.5/cjs/trapFocus-BlX6xykt.js.gz
- buefy/3.0.5/cjs/trapFocus-BlX6xykt.min.js.br
- buefy/3.0.5/cjs/trapFocus-BlX6xykt.min.js.gz
- buefy/3.0.5/cjs/upload.js.br
- buefy/3.0.5/cjs/upload.js.gz
- buefy/3.0.5/cjs/upload.min.js.br
- buefy/3.0.5/cjs/upload.min.js.gz
- buefy/3.0.5/components/autocomplete/index.js.br
- buefy/3.0.5/components/autocomplete/index.js.gz
- buefy/3.0.5/components/autocomplete/index.min.js.br
- buefy/3.0.5/components/autocomplete/index.min.js.gz
- buefy/3.0.5/components/breadcrumb/index.js.br
- buefy/3.0.5/components/breadcrumb/index.js.gz
- buefy/3.0.5/components/breadcrumb/index.min.js.br
- buefy/3.0.5/components/breadcrumb/index.min.js.gz
- buefy/3.0.5/components/button/index.js.br
- buefy/3.0.5/components/button/index.js.gz
- buefy/3.0.5/components/button/index.min.js.br
- buefy/3.0.5/components/button/index.min.js.gz
- buefy/3.0.5/components/carousel/index.js.br
- buefy/3.0.5/components/carousel/index.js.gz
- buefy/3.0.5/components/carousel/index.min.js.br
- buefy/3.0.5/components/carousel/index.min.js.gz
- buefy/3.0.5/components/checkbox/index.js.br
- buefy/3.0.5/components/checkbox/index.js.gz
- buefy/3.0.5/components/checkbox/index.min.js.br
- buefy/3.0.5/components/checkbox/index.min.js.gz
- buefy/3.0.5/components/clockpicker/index.js.br
- buefy/3.0.5/components/clockpicker/index.js.gz
- buefy/3.0.5/components/clockpicker/index.min.js.br
- buefy/3.0.5/components/clockpicker/index.min.js.gz
- buefy/3.0.5/components/collapse/index.js.br
- buefy/3.0.5/components/collapse/index.js.gz
- buefy/3.0.5/components/collapse/index.min.js.br
- buefy/3.0.5/components/collapse/index.min.js.gz
- buefy/3.0.5/components/colorpicker/index.js.br
- buefy/3.0.5/components/colorpicker/index.js.gz
- buefy/3.0.5/components/colorpicker/index.min.js.br
- buefy/3.0.5/components/colorpicker/index.min.js.gz
- buefy/3.0.5/components/datepicker/index.js.br
- buefy/3.0.5/components/datepicker/index.js.gz
- buefy/3.0.5/components/datepicker/index.min.js.br
- buefy/3.0.5/components/datepicker/index.min.js.gz
- buefy/3.0.5/components/datetimepicker/index.js.br
- buefy/3.0.5/components/datetimepicker/index.js.gz
- buefy/3.0.5/components/datetimepicker/index.min.js.br
- buefy/3.0.5/components/datetimepicker/index.min.js.gz
- buefy/3.0.5/components/dialog/index.js.br
- buefy/3.0.5/components/dialog/index.js.gz
- buefy/3.0.5/components/dialog/index.min.js.br
- buefy/3.0.5/components/dialog/index.min.js.gz
- buefy/3.0.5/components/dropdown/index.js.br
- buefy/3.0.5/components/dropdown/index.js.gz
- buefy/3.0.5/components/dropdown/index.min.js.br
- buefy/3.0.5/components/dropdown/index.min.js.gz
- buefy/3.0.5/components/field/index.js.br
- buefy/3.0.5/components/field/index.js.gz
- buefy/3.0.5/components/field/index.min.js.br
- buefy/3.0.5/components/field/index.min.js.gz
- buefy/3.0.5/components/icon/index.js.br
- buefy/3.0.5/components/icon/index.js.gz
- buefy/3.0.5/components/icon/index.min.js.br
- buefy/3.0.5/components/icon/index.min.js.gz
- buefy/3.0.5/components/image/index.js.br
- buefy/3.0.5/components/image/index.js.gz
- buefy/3.0.5/components/image/index.min.js.br
- buefy/3.0.5/components/image/index.min.js.gz
- buefy/3.0.5/components/input/index.js.br
- buefy/3.0.5/components/input/index.js.gz
- buefy/3.0.5/components/input/index.min.js.br
- buefy/3.0.5/components/input/index.min.js.gz
- buefy/3.0.5/components/loading/index.js.br
- buefy/3.0.5/components/loading/index.js.gz
- buefy/3.0.5/components/loading/index.min.js.br
- buefy/3.0.5/components/loading/index.min.js.gz
- buefy/3.0.5/components/menu/index.js.br
- buefy/3.0.5/components/menu/index.js.gz
- buefy/3.0.5/components/menu/index.min.js.br
- buefy/3.0.5/components/menu/index.min.js.gz
- buefy/3.0.5/components/message/index.js.br
- buefy/3.0.5/components/message/index.js.gz
- buefy/3.0.5/components/message/index.min.js.br
- buefy/3.0.5/components/message/index.min.js.gz
- buefy/3.0.5/components/modal/index.js.br
- buefy/3.0.5/components/modal/index.js.gz
- buefy/3.0.5/components/modal/index.min.js.br
- buefy/3.0.5/components/modal/index.min.js.gz
- buefy/3.0.5/components/navbar/index.js.br
- buefy/3.0.5/components/navbar/index.js.gz
- buefy/3.0.5/components/navbar/index.min.js.br
- buefy/3.0.5/components/navbar/index.min.js.gz
- buefy/3.0.5/components/notification/index.js.br
- buefy/3.0.5/components/notification/index.js.gz
- buefy/3.0.5/components/notification/index.min.js.br
- buefy/3.0.5/components/notification/index.min.js.gz
- buefy/3.0.5/components/numberinput/index.js.br
- buefy/3.0.5/components/numberinput/index.js.gz
- buefy/3.0.5/components/numberinput/index.min.js.br
- buefy/3.0.5/components/numberinput/index.min.js.gz
- buefy/3.0.5/components/pagination/index.js.br
- buefy/3.0.5/components/pagination/index.js.gz
- buefy/3.0.5/components/pagination/index.min.js.br
- buefy/3.0.5/components/pagination/index.min.js.gz
- buefy/3.0.5/components/progress/index.js.br
- buefy/3.0.5/components/progress/index.js.gz
- buefy/3.0.5/components/progress/index.min.js.br
- buefy/3.0.5/components/progress/index.min.js.gz
- buefy/3.0.5/components/radio/index.js.br
- buefy/3.0.5/components/radio/index.js.gz
- buefy/3.0.5/components/radio/index.min.js.br
- buefy/3.0.5/components/radio/index.min.js.gz
- buefy/3.0.5/components/rate/index.js.br
- buefy/3.0.5/components/rate/index.js.gz
- buefy/3.0.5/components/rate/index.min.js.br
- buefy/3.0.5/components/rate/index.min.js.gz
- buefy/3.0.5/components/select/index.js.br
- buefy/3.0.5/components/select/index.js.gz
- buefy/3.0.5/components/select/index.min.js.br
- buefy/3.0.5/components/select/index.min.js.gz
- buefy/3.0.5/components/sidebar/index.js.br
- buefy/3.0.5/components/sidebar/index.js.gz
- buefy/3.0.5/components/sidebar/index.min.js.br
- buefy/3.0.5/components/sidebar/index.min.js.gz
- buefy/3.0.5/components/skeleton/index.js.br
- buefy/3.0.5/components/skeleton/index.js.gz
- buefy/3.0.5/components/skeleton/index.min.js.br
- buefy/3.0.5/components/skeleton/index.min.js.gz
- buefy/3.0.5/components/slider/index.js.br
- buefy/3.0.5/components/slider/index.js.gz
- buefy/3.0.5/components/slider/index.min.js.br
- buefy/3.0.5/components/slider/index.min.js.gz
- buefy/3.0.5/components/snackbar/index.js.br
- buefy/3.0.5/components/snackbar/index.js.gz
- buefy/3.0.5/components/snackbar/index.min.js.br
- buefy/3.0.5/components/snackbar/index.min.js.gz
- buefy/3.0.5/components/steps/index.js.br
- buefy/3.0.5/components/steps/index.js.gz
- buefy/3.0.5/components/steps/index.min.js.br
- buefy/3.0.5/components/steps/index.min.js.gz
- buefy/3.0.5/components/switch/index.js.br
- buefy/3.0.5/components/switch/index.js.gz
- buefy/3.0.5/components/switch/index.min.js.br
- buefy/3.0.5/components/switch/index.min.js.gz
- buefy/3.0.5/components/table/index.js.br
- buefy/3.0.5/components/table/index.js.gz
- buefy/3.0.5/components/table/index.min.js.br
- buefy/3.0.5/components/table/index.min.js.gz
- buefy/3.0.5/components/tabs/index.js.br
- buefy/3.0.5/components/tabs/index.js.gz
- buefy/3.0.5/components/tabs/index.min.js.br
- buefy/3.0.5/components/tabs/index.min.js.gz
- buefy/3.0.5/components/tag/index.js.br
- buefy/3.0.5/components/tag/index.js.gz
- buefy/3.0.5/components/tag/index.min.js.br
- buefy/3.0.5/components/tag/index.min.js.gz
- buefy/3.0.5/components/taginput/index.js.br
- buefy/3.0.5/components/taginput/index.js.gz
- buefy/3.0.5/components/taginput/index.min.js.br
- buefy/3.0.5/components/taginput/index.min.js.gz
- buefy/3.0.5/components/timepicker/index.js.br
- buefy/3.0.5/components/timepicker/index.js.gz
- buefy/3.0.5/components/timepicker/index.min.js.br
- buefy/3.0.5/components/timepicker/index.min.js.gz
- buefy/3.0.5/components/toast/index.js.br
- buefy/3.0.5/components/toast/index.js.gz
- buefy/3.0.5/components/toast/index.min.js.br
- buefy/3.0.5/components/toast/index.min.js.gz
- buefy/3.0.5/components/tooltip/index.js.br
- buefy/3.0.5/components/tooltip/index.js.gz
- buefy/3.0.5/components/tooltip/index.min.js.br
- buefy/3.0.5/components/tooltip/index.min.js.gz
- buefy/3.0.5/components/upload/index.js.br
- buefy/3.0.5/components/upload/index.js.gz
- buefy/3.0.5/components/upload/index.min.js.br
- buefy/3.0.5/components/upload/index.min.js.gz
- buefy/3.0.5/css/buefy.css.br
- buefy/3.0.5/css/buefy.css.gz
- buefy/3.0.5/css/buefy.min.css.br
- buefy/3.0.5/css/buefy.min.css.gz
- buefy/3.0.5/css/versions/buefy-no-reset.css.br
- buefy/3.0.5/css/versions/buefy-no-reset.css.gz
- buefy/3.0.5/css/versions/buefy-no-reset.min.css.br
- buefy/3.0.5/css/versions/buefy-no-reset.min.css.gz
- buefy/3.0.5/css/versions/buefy-standalone.css.br
- buefy/3.0.5/css/versions/buefy-standalone.css.gz
- buefy/3.0.5/css/versions/buefy-standalone.min.css.br
- buefy/3.0.5/css/versions/buefy-standalone.min.css.gz
- buefy/3.0.5/esm/Autocomplete-HsHD-6pc.js.br
- buefy/3.0.5/esm/Autocomplete-HsHD-6pc.js.gz
- buefy/3.0.5/esm/Autocomplete-HsHD-6pc.min.js.br
- buefy/3.0.5/esm/Autocomplete-HsHD-6pc.min.js.gz
- buefy/3.0.5/esm/Button-Bvib75up.js.br
- buefy/3.0.5/esm/Button-Bvib75up.js.gz
- buefy/3.0.5/esm/Button-Bvib75up.min.js.br
- buefy/3.0.5/esm/Button-Bvib75up.min.js.gz
- buefy/3.0.5/esm/CheckRadioMixin-DSD_rjC8.js.br
- buefy/3.0.5/esm/CheckRadioMixin-DSD_rjC8.js.gz
- buefy/3.0.5/esm/CheckRadioMixin-DSD_rjC8.min.js.br
- buefy/3.0.5/esm/CheckRadioMixin-DSD_rjC8.min.js.gz
- buefy/3.0.5/esm/Checkbox-u861Rije.js.br
- buefy/3.0.5/esm/Checkbox-u861Rije.js.gz
- buefy/3.0.5/esm/Checkbox-u861Rije.min.js.br
- buefy/3.0.5/esm/Checkbox-u861Rije.min.js.gz
- buefy/3.0.5/esm/CompatFallthroughMixin-C8LPuwDr.js.br
- buefy/3.0.5/esm/CompatFallthroughMixin-C8LPuwDr.js.gz
- buefy/3.0.5/esm/CompatFallthroughMixin-C8LPuwDr.min.js.br
- buefy/3.0.5/esm/CompatFallthroughMixin-C8LPuwDr.min.js.gz
- buefy/3.0.5/esm/Datepicker-BZ5ORu0F.js.br
- buefy/3.0.5/esm/Datepicker-BZ5ORu0F.js.gz
- buefy/3.0.5/esm/Datepicker-BZ5ORu0F.min.js.br
- buefy/3.0.5/esm/Datepicker-BZ5ORu0F.min.js.gz
- buefy/3.0.5/esm/Dropdown-BLadix4L.js.br
- buefy/3.0.5/esm/Dropdown-BLadix4L.js.gz
- buefy/3.0.5/esm/Dropdown-BLadix4L.min.js.br
- buefy/3.0.5/esm/Dropdown-BLadix4L.min.js.gz
- buefy/3.0.5/esm/DropdownItem-Crhb4RQp.js.br
- buefy/3.0.5/esm/DropdownItem-Crhb4RQp.js.gz
- buefy/3.0.5/esm/DropdownItem-Crhb4RQp.min.js.br
- buefy/3.0.5/esm/DropdownItem-Crhb4RQp.min.js.gz
- buefy/3.0.5/esm/Field-DZCOQuRO.js.br
- buefy/3.0.5/esm/Field-DZCOQuRO.js.gz
- buefy/3.0.5/esm/Field-DZCOQuRO.min.js.br
- buefy/3.0.5/esm/Field-DZCOQuRO.min.js.gz
- buefy/3.0.5/esm/FormElementMixin-Dd_wkBN5.js.br
- buefy/3.0.5/esm/FormElementMixin-Dd_wkBN5.js.gz
- buefy/3.0.5/esm/FormElementMixin-Dd_wkBN5.min.js.br
- buefy/3.0.5/esm/FormElementMixin-Dd_wkBN5.min.js.gz
- buefy/3.0.5/esm/Icon-iqPKMem5.js.br
- buefy/3.0.5/esm/Icon-iqPKMem5.js.gz
- buefy/3.0.5/esm/Icon-iqPKMem5.min.js.br
- buefy/3.0.5/esm/Icon-iqPKMem5.min.js.gz
- buefy/3.0.5/esm/Image-By9o7ryD.js.br
- buefy/3.0.5/esm/Image-By9o7ryD.js.gz
- buefy/3.0.5/esm/Image-By9o7ryD.min.js.br
- buefy/3.0.5/esm/Image-By9o7ryD.min.js.gz
- buefy/3.0.5/esm/InjectedChildMixin-D2K-FwuO.js.br
- buefy/3.0.5/esm/InjectedChildMixin-D2K-FwuO.js.gz
- buefy/3.0.5/esm/InjectedChildMixin-D2K-FwuO.min.js.br
- buefy/3.0.5/esm/InjectedChildMixin-D2K-FwuO.min.js.gz
- buefy/3.0.5/esm/Input-JL4LWKyL.js.br
- buefy/3.0.5/esm/Input-JL4LWKyL.js.gz
- buefy/3.0.5/esm/Input-JL4LWKyL.min.js.br
- buefy/3.0.5/esm/Input-JL4LWKyL.min.js.gz
- buefy/3.0.5/esm/Loading-BSqhV1Gi.js.br
- buefy/3.0.5/esm/Loading-BSqhV1Gi.js.gz
- buefy/3.0.5/esm/Loading-BSqhV1Gi.min.js.br
- buefy/3.0.5/esm/Loading-BSqhV1Gi.min.js.gz
- buefy/3.0.5/esm/MessageMixin-CQ7LIdvq.js.br
- buefy/3.0.5/esm/MessageMixin-CQ7LIdvq.js.gz
- buefy/3.0.5/esm/MessageMixin-CQ7LIdvq.min.js.br
- buefy/3.0.5/esm/MessageMixin-CQ7LIdvq.min.js.gz
- buefy/3.0.5/esm/Modal-BF2kchNd.js.br
- buefy/3.0.5/esm/Modal-BF2kchNd.js.gz
- buefy/3.0.5/esm/Modal-BF2kchNd.min.js.br
- buefy/3.0.5/esm/Modal-BF2kchNd.min.js.gz
- buefy/3.0.5/esm/NoticeMixin-ByNlva3T.js.br
- buefy/3.0.5/esm/NoticeMixin-ByNlva3T.js.gz
- buefy/3.0.5/esm/Pagination-BWFVCGiz.js.br
- buefy/3.0.5/esm/Pagination-BWFVCGiz.js.gz
- buefy/3.0.5/esm/Pagination-BWFVCGiz.min.js.br
- buefy/3.0.5/esm/Pagination-BWFVCGiz.min.js.gz
- buefy/3.0.5/esm/Progress-BxT2PFEw.js.br
- buefy/3.0.5/esm/Progress-BxT2PFEw.js.gz
- buefy/3.0.5/esm/Progress-BxT2PFEw.min.js.br
- buefy/3.0.5/esm/Progress-BxT2PFEw.min.js.gz
- buefy/3.0.5/esm/Select-dYTVc9W4.js.br
- buefy/3.0.5/esm/Select-dYTVc9W4.js.gz
- buefy/3.0.5/esm/Select-dYTVc9W4.min.js.br
- buefy/3.0.5/esm/Select-dYTVc9W4.min.js.gz
- buefy/3.0.5/esm/SlotComponent-BwNpVnfH.js.br
- buefy/3.0.5/esm/SlotComponent-BwNpVnfH.js.gz
- buefy/3.0.5/esm/SlotComponent-BwNpVnfH.min.js.br
- buefy/3.0.5/esm/SlotComponent-BwNpVnfH.min.js.gz
- buefy/3.0.5/esm/TabbedChildMixin-BsuDQmWE.js.br
- buefy/3.0.5/esm/TabbedChildMixin-BsuDQmWE.js.gz
- buefy/3.0.5/esm/TabbedChildMixin-BsuDQmWE.min.js.br
- buefy/3.0.5/esm/TabbedChildMixin-BsuDQmWE.min.js.gz
- buefy/3.0.5/esm/Tag-BFgiw0Ac.js.br
- buefy/3.0.5/esm/Tag-BFgiw0Ac.js.gz
- buefy/3.0.5/esm/Tag-BFgiw0Ac.min.js.br
- buefy/3.0.5/esm/Tag-BFgiw0Ac.min.js.gz
- buefy/3.0.5/esm/Timepicker-CYqyLHE9.js.br
- buefy/3.0.5/esm/Timepicker-CYqyLHE9.js.gz
- buefy/3.0.5/esm/Timepicker-CYqyLHE9.min.js.br
- buefy/3.0.5/esm/Timepicker-CYqyLHE9.min.js.gz
- buefy/3.0.5/esm/TimepickerMixin-Bikh6_Fg.js.br
- buefy/3.0.5/esm/TimepickerMixin-Bikh6_Fg.js.gz
- buefy/3.0.5/esm/TimepickerMixin-Bikh6_Fg.min.js.br
- buefy/3.0.5/esm/TimepickerMixin-Bikh6_Fg.min.js.gz
- buefy/3.0.5/esm/Tooltip-Ds5fe3ZP.js.br
- buefy/3.0.5/esm/Tooltip-Ds5fe3ZP.js.gz
- buefy/3.0.5/esm/Tooltip-Ds5fe3ZP.min.js.br
- buefy/3.0.5/esm/Tooltip-Ds5fe3ZP.min.js.gz
- buefy/3.0.5/esm/_plugin-vue_export-helper-OJRSZE6i.js.br
- buefy/3.0.5/esm/_plugin-vue_export-helper-OJRSZE6i.js.gz
- buefy/3.0.5/esm/_plugin-vue_export-helper-OJRSZE6i.min.js.br
- buefy/3.0.5/esm/_plugin-vue_export-helper-OJRSZE6i.min.js.gz
- buefy/3.0.5/esm/autocomplete.js.br
- buefy/3.0.5/esm/autocomplete.js.gz
- buefy/3.0.5/esm/autocomplete.min.js.br
- buefy/3.0.5/esm/autocomplete.min.js.gz
- buefy/3.0.5/esm/breadcrumb.js.br
- buefy/3.0.5/esm/breadcrumb.js.gz
- buefy/3.0.5/esm/button.js.br
- buefy/3.0.5/esm/button.js.gz
- buefy/3.0.5/esm/button.min.js.br
- buefy/3.0.5/esm/button.min.js.gz
- buefy/3.0.5/esm/carousel.js.br
- buefy/3.0.5/esm/carousel.js.gz
- buefy/3.0.5/esm/carousel.min.js.br
- buefy/3.0.5/esm/carousel.min.js.gz
- buefy/3.0.5/esm/checkbox.js.br
- buefy/3.0.5/esm/checkbox.js.gz
- buefy/3.0.5/esm/checkbox.min.js.br
- buefy/3.0.5/esm/checkbox.min.js.gz
- buefy/3.0.5/esm/clockpicker.js.br
- buefy/3.0.5/esm/clockpicker.js.gz
- buefy/3.0.5/esm/clockpicker.min.js.br
- buefy/3.0.5/esm/clockpicker.min.js.gz
- buefy/3.0.5/esm/collapse.js.br
- buefy/3.0.5/esm/collapse.js.gz
- buefy/3.0.5/esm/collapse.min.js.br
- buefy/3.0.5/esm/collapse.min.js.gz
- buefy/3.0.5/esm/colorpicker.js.br
- buefy/3.0.5/esm/colorpicker.js.gz
- buefy/3.0.5/esm/colorpicker.min.js.br
- buefy/3.0.5/esm/colorpicker.min.js.gz
- buefy/3.0.5/esm/config-CKuo-p6e.js.br
- buefy/3.0.5/esm/config-CKuo-p6e.js.gz
- buefy/3.0.5/esm/config-CKuo-p6e.min.js.br
- buefy/3.0.5/esm/config-CKuo-p6e.min.js.gz
- buefy/3.0.5/esm/config.js.br
- buefy/3.0.5/esm/config.js.gz
- buefy/3.0.5/esm/config.min.js.br
- buefy/3.0.5/esm/config.min.js.gz
- buefy/3.0.5/esm/datepicker.js.br
- buefy/3.0.5/esm/datepicker.js.gz
- buefy/3.0.5/esm/datepicker.min.js.br
- buefy/3.0.5/esm/datepicker.min.js.gz
- buefy/3.0.5/esm/datetimepicker.js.br
- buefy/3.0.5/esm/datetimepicker.js.gz
- buefy/3.0.5/esm/datetimepicker.min.js.br
- buefy/3.0.5/esm/datetimepicker.min.js.gz
- buefy/3.0.5/esm/dialog.js.br
- buefy/3.0.5/esm/dialog.js.gz
- buefy/3.0.5/esm/dialog.min.js.br
- buefy/3.0.5/esm/dialog.min.js.gz
- buefy/3.0.5/esm/dropdown.js.br
- buefy/3.0.5/esm/dropdown.js.gz
- buefy/3.0.5/esm/dropdown.min.js.br
- buefy/3.0.5/esm/dropdown.min.js.gz
- buefy/3.0.5/esm/field.js.br
- buefy/3.0.5/esm/field.js.gz
- buefy/3.0.5/esm/field.min.js.br
- buefy/3.0.5/esm/field.min.js.gz
- buefy/3.0.5/esm/helpers.js.br
- buefy/3.0.5/esm/helpers.js.gz
- buefy/3.0.5/esm/helpers.min.js.br
- buefy/3.0.5/esm/helpers.min.js.gz
- buefy/3.0.5/esm/icon.js.br
- buefy/3.0.5/esm/icon.js.gz
- buefy/3.0.5/esm/icon.min.js.br
- buefy/3.0.5/esm/icon.min.js.gz
- buefy/3.0.5/esm/image.js.br
- buefy/3.0.5/esm/image.js.gz
- buefy/3.0.5/esm/image.min.js.br
- buefy/3.0.5/esm/image.min.js.gz
- buefy/3.0.5/esm/index-mnzTDKh9.js.br
- buefy/3.0.5/esm/index-mnzTDKh9.js.gz
- buefy/3.0.5/esm/index-mnzTDKh9.min.js.br
- buefy/3.0.5/esm/index-mnzTDKh9.min.js.gz
- buefy/3.0.5/esm/index.js.br
- buefy/3.0.5/esm/index.js.gz
- buefy/3.0.5/esm/index.min.js.br
- buefy/3.0.5/esm/index.min.js.gz
- buefy/3.0.5/esm/input.js.br
- buefy/3.0.5/esm/input.js.gz
- buefy/3.0.5/esm/input.min.js.br
- buefy/3.0.5/esm/input.min.js.gz
- buefy/3.0.5/esm/loading.js.br
- buefy/3.0.5/esm/loading.js.gz
- buefy/3.0.5/esm/menu.js.br
- buefy/3.0.5/esm/menu.js.gz
- buefy/3.0.5/esm/menu.min.js.br
- buefy/3.0.5/esm/menu.min.js.gz
- buefy/3.0.5/esm/message.js.br
- buefy/3.0.5/esm/message.js.gz
- buefy/3.0.5/esm/modal.js.br
- buefy/3.0.5/esm/modal.js.gz
- buefy/3.0.5/esm/modal.min.js.br
- buefy/3.0.5/esm/modal.min.js.gz
- buefy/3.0.5/esm/navbar.js.br
- buefy/3.0.5/esm/navbar.js.gz
- buefy/3.0.5/esm/navbar.min.js.br
- buefy/3.0.5/esm/navbar.min.js.gz
- buefy/3.0.5/esm/notification.js.br
- buefy/3.0.5/esm/notification.js.gz
- buefy/3.0.5/esm/notification.min.js.br
- buefy/3.0.5/esm/notification.min.js.gz
- buefy/3.0.5/esm/numberinput.js.br
- buefy/3.0.5/esm/numberinput.js.gz
- buefy/3.0.5/esm/numberinput.min.js.br
- buefy/3.0.5/esm/numberinput.min.js.gz
- buefy/3.0.5/esm/pagination.js.br
- buefy/3.0.5/esm/pagination.js.gz
- buefy/3.0.5/esm/plugins-1tLsuIZF.js.br
- buefy/3.0.5/esm/plugins-1tLsuIZF.js.gz
- buefy/3.0.5/esm/plugins-1tLsuIZF.min.js.br
- buefy/3.0.5/esm/plugins-1tLsuIZF.min.js.gz
- buefy/3.0.5/esm/progress.js.br
- buefy/3.0.5/esm/progress.js.gz
- buefy/3.0.5/esm/progress.min.js.br
- buefy/3.0.5/esm/progress.min.js.gz
- buefy/3.0.5/esm/radio.js.br
- buefy/3.0.5/esm/radio.js.gz
- buefy/3.0.5/esm/radio.min.js.br
- buefy/3.0.5/esm/radio.min.js.gz
- buefy/3.0.5/esm/rate.js.br
- buefy/3.0.5/esm/rate.js.gz
- buefy/3.0.5/esm/rate.min.js.br
- buefy/3.0.5/esm/rate.min.js.gz
- buefy/3.0.5/esm/select.js.br
- buefy/3.0.5/esm/select.js.gz
- buefy/3.0.5/esm/sidebar.js.br
- buefy/3.0.5/esm/sidebar.js.gz
- buefy/3.0.5/esm/sidebar.min.js.br
- buefy/3.0.5/esm/sidebar.min.js.gz
- buefy/3.0.5/esm/skeleton.js.br
- buefy/3.0.5/esm/skeleton.js.gz
- buefy/3.0.5/esm/skeleton.min.js.br
- buefy/3.0.5/esm/skeleton.min.js.gz
- buefy/3.0.5/esm/slider.js.br
- buefy/3.0.5/esm/slider.js.gz
- buefy/3.0.5/esm/snackbar.js.br
- buefy/3.0.5/esm/snackbar.js.gz
- buefy/3.0.5/esm/snackbar.min.js.br
- buefy/3.0.5/esm/snackbar.min.js.gz
- buefy/3.0.5/esm/ssr-C7yEpGLm.js.br
- buefy/3.0.5/esm/ssr-C7yEpGLm.js.gz
- buefy/3.0.5/esm/ssr-C7yEpGLm.min.js.br
- buefy/3.0.5/esm/ssr-C7yEpGLm.min.js.gz
- buefy/3.0.5/esm/steps.js.br
- buefy/3.0.5/esm/steps.js.gz
- buefy/3.0.5/esm/steps.min.js.br
- buefy/3.0.5/esm/steps.min.js.gz
- buefy/3.0.5/esm/switch.js.br
- buefy/3.0.5/esm/switch.js.gz
- buefy/3.0.5/esm/table.js.br
- buefy/3.0.5/esm/table.js.gz
- buefy/3.0.5/esm/table.min.js.br
- buefy/3.0.5/esm/table.min.js.gz
- buefy/3.0.5/esm/tabs.js.br
- buefy/3.0.5/esm/tabs.js.gz
- buefy/3.0.5/esm/tabs.min.js.br
- buefy/3.0.5/esm/tabs.min.js.gz
- buefy/3.0.5/esm/tag.js.br
- buefy/3.0.5/esm/tag.js.gz
- buefy/3.0.5/esm/tag.min.js.br
- buefy/3.0.5/esm/tag.min.js.gz
- buefy/3.0.5/esm/taginput.js.br
- buefy/3.0.5/esm/taginput.js.gz
- buefy/3.0.5/esm/timepicker.js.br
- buefy/3.0.5/esm/timepicker.js.gz
- buefy/3.0.5/esm/timepicker.min.js.br
- buefy/3.0.5/esm/timepicker.min.js.gz
- buefy/3.0.5/esm/toast.js.br
- buefy/3.0.5/esm/toast.js.gz
- buefy/3.0.5/esm/toast.min.js.br
- buefy/3.0.5/esm/toast.min.js.gz
- buefy/3.0.5/esm/tooltip.js.br
- buefy/3.0.5/esm/tooltip.js.gz
- buefy/3.0.5/esm/tooltip.min.js.br
- buefy/3.0.5/esm/tooltip.min.js.gz
- buefy/3.0.5/esm/trapFocus-KHP_kCNE.js.br
- buefy/3.0.5/esm/trapFocus-KHP_kCNE.js.gz
- buefy/3.0.5/esm/trapFocus-KHP_kCNE.min.js.br
- buefy/3.0.5/esm/trapFocus-KHP_kCNE.min.js.gz
- buefy/3.0.5/esm/upload.js.br
- buefy/3.0.5/esm/upload.js.gz
- buefy/3.0.5/esm/upload.min.js.br
- buefy/3.0.5/esm/upload.min.js.gz
- buefy/3.0.5/tsdoc-metadata.json.br
- buefy/3.0.5/tsdoc-metadata.json.gz