2025/06/26 06:02:54 optimizing files (Js true, Css true, Png true, Jpg true)
2025/06/26 06:02:55 compress: run /node_modules/uglify-js/bin/uglifyjs (3.15.4) [--mangle --compress if_return=true -o /tmp/work/dist/965_af0169_5.61.1-canary.v20250416012649.min.js /tmp/work/dist/965_af0169_5.61.1-canary.v20250416012649.js]
2025/06/26 06:02:55 compress: run /node_modules/uglify-js/bin/uglifyjs (3.15.4) [--mangle --compress if_return=true -o /tmp/work/dist/377_af0169_5.61.1-canary.v20250416012649.min.js /tmp/work/dist/377_af0169_5.61.1-canary.v20250416012649.js]
2025/06/26 06:02:55 compress: run /node_modules/uglify-js/bin/uglifyjs (3.15.4) [--mangle --compress if_return=true -o /tmp/work/dist/890_af0169_5.61.1-canary.v20250416012649.min.js /tmp/work/dist/890_af0169_5.61.1-canary.v20250416012649.js]
2025/06/26 06:02:55 compress: run /node_modules/uglify-js/bin/uglifyjs (3.15.4) [--mangle --compress if_return=true -o /tmp/work/dist/checkout_438b9e_5.61.1-canary.v20250416012649.min.js /tmp/work/dist/checkout_438b9e_5.61.1-canary.v20250416012649.js]
2025/06/26 06:02:55 compress: run /node_modules/uglify-js/bin/uglifyjs (3.15.4) [--mangle --compress if_return=true -o /tmp/work/dist/blankcaptcha_438b9e_5.61.1-canary.v20250416012649.min.js /tmp/work/dist/blankcaptcha_438b9e_5.61.1-canary.v20250416012649.js]
2025/06/26 06:02:55 compress: run /node_modules/uglify-js/bin/uglifyjs (3.15.4) [--mangle --compress if_return=true -o /tmp/work/dist/192_438b9e_5.61.1-canary.v20250416012649.min.js /tmp/work/dist/192_438b9e_5.61.1-canary.v20250416012649.js]
2025/06/26 06:02:55 compress: run /node_modules/uglify-js/bin/uglifyjs (3.15.4) [--mangle --compress if_return=true -o /tmp/work/dist/clerk.headless.browser.min.js /tmp/work/dist/clerk.headless.browser.js]
2025/06/26 06:02:55 compress: run /node_modules/uglify-js/bin/uglifyjs (3.15.4) [--mangle --compress if_return=true -o /tmp/work/dist/clerk.browser.min.js /tmp/work/dist/clerk.browser.js]
2025/06/26 06:02:55 sri /tmp/work/dist/blankcaptcha_438b9e_5.61.1-canary.v20250416012649.min.js -> /output/blankcaptcha_438b9e_5.61.1-canary.v20250416012649.min.js.sri
2025/06/26 06:02:55 algorithm: run /usr/bin/brotli --quality=11 --output=/output/blankcaptcha_438b9e_5.61.1-canary.v20250416012649.min.js.br /tmp/work/dist/blankcaptcha_438b9e_5.61.1-canary.v20250416012649.min.js
2025/06/26 06:02:55 br /tmp/work/dist/blankcaptcha_438b9e_5.61.1-canary.v20250416012649.min.js -> /output/blankcaptcha_438b9e_5.61.1-canary.v20250416012649.min.js.br
2025/06/26 06:02:55 gz /tmp/work/dist/blankcaptcha_438b9e_5.61.1-canary.v20250416012649.min.js -> /output/blankcaptcha_438b9e_5.61.1-canary.v20250416012649.min.js.gz
2025/06/26 06:02:55 sri /tmp/work/dist/blankcaptcha_438b9e_5.61.1-canary.v20250416012649.js -> /output/blankcaptcha_438b9e_5.61.1-canary.v20250416012649.js.sri
2025/06/26 06:02:55 algorithm: run /usr/bin/brotli --quality=11 --output=/output/blankcaptcha_438b9e_5.61.1-canary.v20250416012649.js.br /tmp/work/dist/blankcaptcha_438b9e_5.61.1-canary.v20250416012649.js
2025/06/26 06:02:55 br /tmp/work/dist/blankcaptcha_438b9e_5.61.1-canary.v20250416012649.js -> /output/blankcaptcha_438b9e_5.61.1-canary.v20250416012649.js.br
2025/06/26 06:02:55 gz /tmp/work/dist/blankcaptcha_438b9e_5.61.1-canary.v20250416012649.js -> /output/blankcaptcha_438b9e_5.61.1-canary.v20250416012649.js.gz
2025/06/26 06:02:55 compress: run /node_modules/uglify-js/bin/uglifyjs (3.15.4) [--mangle --compress if_return=true -o /tmp/work/dist/clerk.headless.min.js /tmp/work/dist/clerk.headless.js]
2025/06/26 06:02:55 sri /tmp/work/dist/checkout_438b9e_5.61.1-canary.v20250416012649.min.js -> /output/checkout_438b9e_5.61.1-canary.v20250416012649.min.js.sri
2025/06/26 06:02:55 algorithm: run /usr/bin/brotli --quality=11 --output=/output/checkout_438b9e_5.61.1-canary.v20250416012649.min.js.br /tmp/work/dist/checkout_438b9e_5.61.1-canary.v20250416012649.min.js
2025/06/26 06:02:55 br /tmp/work/dist/checkout_438b9e_5.61.1-canary.v20250416012649.min.js -> /output/checkout_438b9e_5.61.1-canary.v20250416012649.min.js.br
2025/06/26 06:02:55 gz /tmp/work/dist/checkout_438b9e_5.61.1-canary.v20250416012649.min.js -> /output/checkout_438b9e_5.61.1-canary.v20250416012649.min.js.gz
2025/06/26 06:02:55 sri /tmp/work/dist/checkout_438b9e_5.61.1-canary.v20250416012649.js -> /output/checkout_438b9e_5.61.1-canary.v20250416012649.js.sri
2025/06/26 06:02:55 algorithm: run /usr/bin/brotli --quality=11 --output=/output/checkout_438b9e_5.61.1-canary.v20250416012649.js.br /tmp/work/dist/checkout_438b9e_5.61.1-canary.v20250416012649.js
2025/06/26 06:02:55 br /tmp/work/dist/checkout_438b9e_5.61.1-canary.v20250416012649.js -> /output/checkout_438b9e_5.61.1-canary.v20250416012649.js.br
2025/06/26 06:02:55 gz /tmp/work/dist/checkout_438b9e_5.61.1-canary.v20250416012649.js -> /output/checkout_438b9e_5.61.1-canary.v20250416012649.js.gz
2025/06/26 06:02:55 compress: run /node_modules/uglify-js/bin/uglifyjs (3.15.4) [--mangle --compress if_return=true -o /tmp/work/dist/clerk.min.js /tmp/work/dist/clerk.js]
2025/06/26 06:02:55 sri /tmp/work/dist/192_438b9e_5.61.1-canary.v20250416012649.min.js -> /output/192_438b9e_5.61.1-canary.v20250416012649.min.js.sri
2025/06/26 06:02:55 algorithm: run /usr/bin/brotli --quality=11 --output=/output/192_438b9e_5.61.1-canary.v20250416012649.min.js.br /tmp/work/dist/192_438b9e_5.61.1-canary.v20250416012649.min.js
2025/06/26 06:02:55 br /tmp/work/dist/192_438b9e_5.61.1-canary.v20250416012649.min.js -> /output/192_438b9e_5.61.1-canary.v20250416012649.min.js.br
2025/06/26 06:02:55 gz /tmp/work/dist/192_438b9e_5.61.1-canary.v20250416012649.min.js -> /output/192_438b9e_5.61.1-canary.v20250416012649.min.js.gz
2025/06/26 06:02:55 sri /tmp/work/dist/192_438b9e_5.61.1-canary.v20250416012649.js -> /output/192_438b9e_5.61.1-canary.v20250416012649.js.sri
2025/06/26 06:02:55 algorithm: run /usr/bin/brotli --quality=11 --output=/output/192_438b9e_5.61.1-canary.v20250416012649.js.br /tmp/work/dist/192_438b9e_5.61.1-canary.v20250416012649.js
2025/06/26 06:02:55 br /tmp/work/dist/192_438b9e_5.61.1-canary.v20250416012649.js -> /output/192_438b9e_5.61.1-canary.v20250416012649.js.br
2025/06/26 06:02:55 gz /tmp/work/dist/192_438b9e_5.61.1-canary.v20250416012649.js -> /output/192_438b9e_5.61.1-canary.v20250416012649.js.gz
2025/06/26 06:02:55 algorithm: run /usr/bin/brotli --quality=11 --output=/output/clerk.mjs.br /tmp/work/dist/clerk.mjs
2025/06/26 06:02:55 sri /tmp/work/dist/377_af0169_5.61.1-canary.v20250416012649.min.js -> /output/377_af0169_5.61.1-canary.v20250416012649.min.js.sri
2025/06/26 06:02:55 algorithm: run /usr/bin/brotli --quality=11 --output=/output/377_af0169_5.61.1-canary.v20250416012649.min.js.br /tmp/work/dist/377_af0169_5.61.1-canary.v20250416012649.min.js
2025/06/26 06:02:56 sri /tmp/work/dist/890_af0169_5.61.1-canary.v20250416012649.min.js -> /output/890_af0169_5.61.1-canary.v20250416012649.min.js.sri
2025/06/26 06:02:56 algorithm: run /usr/bin/brotli --quality=11 --output=/output/890_af0169_5.61.1-canary.v20250416012649.min.js.br /tmp/work/dist/890_af0169_5.61.1-canary.v20250416012649.min.js
2025/06/26 06:02:56 br /tmp/work/dist/890_af0169_5.61.1-canary.v20250416012649.min.js -> /output/890_af0169_5.61.1-canary.v20250416012649.min.js.br
2025/06/26 06:02:56 gz /tmp/work/dist/890_af0169_5.61.1-canary.v20250416012649.min.js -> /output/890_af0169_5.61.1-canary.v20250416012649.min.js.gz
2025/06/26 06:02:56 sri /tmp/work/dist/890_af0169_5.61.1-canary.v20250416012649.js -> /output/890_af0169_5.61.1-canary.v20250416012649.js.sri
2025/06/26 06:02:56 algorithm: run /usr/bin/brotli --quality=11 --output=/output/890_af0169_5.61.1-canary.v20250416012649.js.br /tmp/work/dist/890_af0169_5.61.1-canary.v20250416012649.js
2025/06/26 06:02:56 br /tmp/work/dist/890_af0169_5.61.1-canary.v20250416012649.js -> /output/890_af0169_5.61.1-canary.v20250416012649.js.br
2025/06/26 06:02:56 gz /tmp/work/dist/890_af0169_5.61.1-canary.v20250416012649.js -> /output/890_af0169_5.61.1-canary.v20250416012649.js.gz
2025/06/26 06:02:56 compress: run /node_modules/uglify-js/bin/uglifyjs (3.15.4) [--mangle --compress if_return=true -o /tmp/work/dist/clerk.no-rhc.min.js /tmp/work/dist/clerk.no-rhc.js]
2025/06/26 06:02:57 br /tmp/work/dist/377_af0169_5.61.1-canary.v20250416012649.min.js -> /output/377_af0169_5.61.1-canary.v20250416012649.min.js.br
2025/06/26 06:02:57 gz /tmp/work/dist/377_af0169_5.61.1-canary.v20250416012649.min.js -> /output/377_af0169_5.61.1-canary.v20250416012649.min.js.gz
2025/06/26 06:02:57 sri /tmp/work/dist/377_af0169_5.61.1-canary.v20250416012649.js -> /output/377_af0169_5.61.1-canary.v20250416012649.js.sri
2025/06/26 06:02:57 algorithm: run /usr/bin/brotli --quality=11 --output=/output/377_af0169_5.61.1-canary.v20250416012649.js.br /tmp/work/dist/377_af0169_5.61.1-canary.v20250416012649.js
2025/06/26 06:02:58 sri /tmp/work/dist/965_af0169_5.61.1-canary.v20250416012649.min.js -> /output/965_af0169_5.61.1-canary.v20250416012649.min.js.sri
2025/06/26 06:02:58 algorithm: run /usr/bin/brotli --quality=11 --output=/output/965_af0169_5.61.1-canary.v20250416012649.min.js.br /tmp/work/dist/965_af0169_5.61.1-canary.v20250416012649.min.js
2025/06/26 06:02:59 br /tmp/work/dist/965_af0169_5.61.1-canary.v20250416012649.min.js -> /output/965_af0169_5.61.1-canary.v20250416012649.min.js.br
2025/06/26 06:02:59 gz /tmp/work/dist/965_af0169_5.61.1-canary.v20250416012649.min.js -> /output/965_af0169_5.61.1-canary.v20250416012649.min.js.gz
2025/06/26 06:02:59 sri /tmp/work/dist/965_af0169_5.61.1-canary.v20250416012649.js -> /output/965_af0169_5.61.1-canary.v20250416012649.js.sri
2025/06/26 06:02:59 algorithm: run /usr/bin/brotli --quality=11 --output=/output/965_af0169_5.61.1-canary.v20250416012649.js.br /tmp/work/dist/965_af0169_5.61.1-canary.v20250416012649.js
2025/06/26 06:02:59 br /tmp/work/dist/377_af0169_5.61.1-canary.v20250416012649.js -> /output/377_af0169_5.61.1-canary.v20250416012649.js.br
2025/06/26 06:02:59 gz /tmp/work/dist/377_af0169_5.61.1-canary.v20250416012649.js -> /output/377_af0169_5.61.1-canary.v20250416012649.js.gz
2025/06/26 06:02:59 algorithm: run /usr/bin/brotli --quality=11 --output=/output/clerk.no-rhc.mjs.br /tmp/work/dist/clerk.no-rhc.mjs
2025/06/26 06:02:59 br /tmp/work/dist/965_af0169_5.61.1-canary.v20250416012649.js -> /output/965_af0169_5.61.1-canary.v20250416012649.js.br
2025/06/26 06:02:59 gz /tmp/work/dist/965_af0169_5.61.1-canary.v20250416012649.js -> /output/965_af0169_5.61.1-canary.v20250416012649.js.gz
2025/06/26 06:02:59 compress: run /node_modules/uglify-js/bin/uglifyjs (3.15.4) [--mangle --compress if_return=true -o /tmp/work/dist/coinbase-wallet-sdk_07edc3_5.61.1-canary.v20250416012649.min.js /tmp/work/dist/coinbase-wallet-sdk_07edc3_5.61.1-canary.v20250416012649.js]
2025/06/26 06:03:02 sri /tmp/work/dist/clerk.headless.browser.min.js -> /output/clerk.headless.browser.min.js.sri
2025/06/26 06:03:02 algorithm: run /usr/bin/brotli --quality=11 --output=/output/clerk.headless.browser.min.js.br /tmp/work/dist/clerk.headless.browser.min.js
2025/06/26 06:03:02 sri /tmp/work/dist/clerk.headless.min.js -> /output/clerk.headless.min.js.sri
2025/06/26 06:03:02 algorithm: run /usr/bin/brotli --quality=11 --output=/output/clerk.headless.min.js.br /tmp/work/dist/clerk.headless.min.js
2025/06/26 06:03:02 br /tmp/work/dist/clerk.headless.browser.min.js -> /output/clerk.headless.browser.min.js.br
2025/06/26 06:03:02 gz /tmp/work/dist/clerk.headless.browser.min.js -> /output/clerk.headless.browser.min.js.gz
2025/06/26 06:03:02 sri /tmp/work/dist/clerk.headless.browser.js -> /output/clerk.headless.browser.js.sri
2025/06/26 06:03:02 algorithm: run /usr/bin/brotli --quality=11 --output=/output/clerk.headless.browser.js.br /tmp/work/dist/clerk.headless.browser.js
2025/06/26 06:03:02 br /tmp/work/dist/clerk.mjs -> /output/clerk.mjs.br
2025/06/26 06:03:02 gz /tmp/work/dist/clerk.mjs -> /output/clerk.mjs.gz
2025/06/26 06:03:02 compress: run /node_modules/uglify-js/bin/uglifyjs (3.15.4) [--mangle --compress if_return=true -o /tmp/work/dist/coinbase-wallet-sdk_438b9e_5.61.1-canary.v20250416012649.min.js /tmp/work/dist/coinbase-wallet-sdk_438b9e_5.61.1-canary.v20250416012649.js]
2025/06/26 06:03:02 br /tmp/work/dist/clerk.headless.min.js -> /output/clerk.headless.min.js.br
2025/06/26 06:03:03 gz /tmp/work/dist/clerk.headless.min.js -> /output/clerk.headless.min.js.gz
2025/06/26 06:03:03 sri /tmp/work/dist/clerk.headless.js -> /output/clerk.headless.js.sri
2025/06/26 06:03:03 algorithm: run /usr/bin/brotli --quality=11 --output=/output/clerk.headless.js.br /tmp/work/dist/clerk.headless.js
2025/06/26 06:03:03 br /tmp/work/dist/clerk.headless.browser.js -> /output/clerk.headless.browser.js.br
2025/06/26 06:03:03 gz /tmp/work/dist/clerk.headless.browser.js -> /output/clerk.headless.browser.js.gz
2025/06/26 06:03:03 compress: run /node_modules/uglify-js/bin/uglifyjs (3.15.4) [--mangle --compress if_return=true -o /tmp/work/dist/cookieSuffix_07edc3_5.61.1-canary.v20250416012649.min.js /tmp/work/dist/cookieSuffix_07edc3_5.61.1-canary.v20250416012649.js]
2025/06/26 06:03:03 sri /tmp/work/dist/coinbase-wallet-sdk_07edc3_5.61.1-canary.v20250416012649.min.js -> /output/coinbase-wallet-sdk_07edc3_5.61.1-canary.v20250416012649.min.js.sri
2025/06/26 06:03:03 algorithm: run /usr/bin/brotli --quality=11 --output=/output/coinbase-wallet-sdk_07edc3_5.61.1-canary.v20250416012649.min.js.br /tmp/work/dist/coinbase-wallet-sdk_07edc3_5.61.1-canary.v20250416012649.min.js
2025/06/26 06:03:03 sri /tmp/work/dist/cookieSuffix_07edc3_5.61.1-canary.v20250416012649.min.js -> /output/cookieSuffix_07edc3_5.61.1-canary.v20250416012649.min.js.sri
2025/06/26 06:03:03 algorithm: run /usr/bin/brotli --quality=11 --output=/output/cookieSuffix_07edc3_5.61.1-canary.v20250416012649.min.js.br /tmp/work/dist/cookieSuffix_07edc3_5.61.1-canary.v20250416012649.min.js
2025/06/26 06:03:03 br /tmp/work/dist/cookieSuffix_07edc3_5.61.1-canary.v20250416012649.min.js -> /output/cookieSuffix_07edc3_5.61.1-canary.v20250416012649.min.js.br
2025/06/26 06:03:03 gz /tmp/work/dist/cookieSuffix_07edc3_5.61.1-canary.v20250416012649.min.js -> /output/cookieSuffix_07edc3_5.61.1-canary.v20250416012649.min.js.gz
2025/06/26 06:03:03 sri /tmp/work/dist/cookieSuffix_07edc3_5.61.1-canary.v20250416012649.js -> /output/cookieSuffix_07edc3_5.61.1-canary.v20250416012649.js.sri
2025/06/26 06:03:03 algorithm: run /usr/bin/brotli --quality=11 --output=/output/cookieSuffix_07edc3_5.61.1-canary.v20250416012649.js.br /tmp/work/dist/cookieSuffix_07edc3_5.61.1-canary.v20250416012649.js
2025/06/26 06:03:03 br /tmp/work/dist/cookieSuffix_07edc3_5.61.1-canary.v20250416012649.js -> /output/cookieSuffix_07edc3_5.61.1-canary.v20250416012649.js.br
2025/06/26 06:03:03 gz /tmp/work/dist/cookieSuffix_07edc3_5.61.1-canary.v20250416012649.js -> /output/cookieSuffix_07edc3_5.61.1-canary.v20250416012649.js.gz
2025/06/26 06:03:03 compress: run /node_modules/uglify-js/bin/uglifyjs (3.15.4) [--mangle --compress if_return=true -o /tmp/work/dist/cookieSuffix_438b9e_5.61.1-canary.v20250416012649.min.js /tmp/work/dist/cookieSuffix_438b9e_5.61.1-canary.v20250416012649.js]
2025/06/26 06:03:03 br /tmp/work/dist/clerk.headless.js -> /output/clerk.headless.js.br
2025/06/26 06:03:03 gz /tmp/work/dist/clerk.headless.js -> /output/clerk.headless.js.gz
2025/06/26 06:03:03 compress: run /node_modules/uglify-js/bin/uglifyjs (3.15.4) [--mangle --compress if_return=true -o /tmp/work/dist/cookieSuffix_af0169_5.61.1-canary.v20250416012649.min.js /tmp/work/dist/cookieSuffix_af0169_5.61.1-canary.v20250416012649.js]
2025/06/26 06:03:03 br /tmp/work/dist/coinbase-wallet-sdk_07edc3_5.61.1-canary.v20250416012649.min.js -> /output/coinbase-wallet-sdk_07edc3_5.61.1-canary.v20250416012649.min.js.br
2025/06/26 06:03:03 gz /tmp/work/dist/coinbase-wallet-sdk_07edc3_5.61.1-canary.v20250416012649.min.js -> /output/coinbase-wallet-sdk_07edc3_5.61.1-canary.v20250416012649.min.js.gz
2025/06/26 06:03:03 sri /tmp/work/dist/coinbase-wallet-sdk_07edc3_5.61.1-canary.v20250416012649.js -> /output/coinbase-wallet-sdk_07edc3_5.61.1-canary.v20250416012649.js.sri
2025/06/26 06:03:03 algorithm: run /usr/bin/brotli --quality=11 --output=/output/coinbase-wallet-sdk_07edc3_5.61.1-canary.v20250416012649.js.br /tmp/work/dist/coinbase-wallet-sdk_07edc3_5.61.1-canary.v20250416012649.js
2025/06/26 06:03:03 sri /tmp/work/dist/cookieSuffix_438b9e_5.61.1-canary.v20250416012649.min.js -> /output/cookieSuffix_438b9e_5.61.1-canary.v20250416012649.min.js.sri
2025/06/26 06:03:03 algorithm: run /usr/bin/brotli --quality=11 --output=/output/cookieSuffix_438b9e_5.61.1-canary.v20250416012649.min.js.br /tmp/work/dist/cookieSuffix_438b9e_5.61.1-canary.v20250416012649.min.js
2025/06/26 06:03:03 br /tmp/work/dist/cookieSuffix_438b9e_5.61.1-canary.v20250416012649.min.js -> /output/cookieSuffix_438b9e_5.61.1-canary.v20250416012649.min.js.br
2025/06/26 06:03:03 gz /tmp/work/dist/cookieSuffix_438b9e_5.61.1-canary.v20250416012649.min.js -> /output/cookieSuffix_438b9e_5.61.1-canary.v20250416012649.min.js.gz
2025/06/26 06:03:03 sri /tmp/work/dist/cookieSuffix_438b9e_5.61.1-canary.v20250416012649.js -> /output/cookieSuffix_438b9e_5.61.1-canary.v20250416012649.js.sri
2025/06/26 06:03:03 algorithm: run /usr/bin/brotli --quality=11 --output=/output/cookieSuffix_438b9e_5.61.1-canary.v20250416012649.js.br /tmp/work/dist/cookieSuffix_438b9e_5.61.1-canary.v20250416012649.js
2025/06/26 06:03:03 br /tmp/work/dist/cookieSuffix_438b9e_5.61.1-canary.v20250416012649.js -> /output/cookieSuffix_438b9e_5.61.1-canary.v20250416012649.js.br
2025/06/26 06:03:03 gz /tmp/work/dist/cookieSuffix_438b9e_5.61.1-canary.v20250416012649.js -> /output/cookieSuffix_438b9e_5.61.1-canary.v20250416012649.js.gz
2025/06/26 06:03:03 compress: run /node_modules/uglify-js/bin/uglifyjs (3.15.4) [--mangle --compress if_return=true -o /tmp/work/dist/createorganization_438b9e_5.61.1-canary.v20250416012649.min.js /tmp/work/dist/createorganization_438b9e_5.61.1-canary.v20250416012649.js]
2025/06/26 06:03:03 sri /tmp/work/dist/clerk.browser.min.js -> /output/clerk.browser.min.js.sri
2025/06/26 06:03:03 algorithm: run /usr/bin/brotli --quality=11 --output=/output/clerk.browser.min.js.br /tmp/work/dist/clerk.browser.min.js
2025/06/26 06:03:04 br /tmp/work/dist/coinbase-wallet-sdk_07edc3_5.61.1-canary.v20250416012649.js -> /output/coinbase-wallet-sdk_07edc3_5.61.1-canary.v20250416012649.js.br
2025/06/26 06:03:04 gz /tmp/work/dist/coinbase-wallet-sdk_07edc3_5.61.1-canary.v20250416012649.js -> /output/coinbase-wallet-sdk_07edc3_5.61.1-canary.v20250416012649.js.gz
2025/06/26 06:03:04 compress: run /node_modules/uglify-js/bin/uglifyjs (3.15.4) [--mangle --compress if_return=true -o /tmp/work/dist/framework_438b9e_5.61.1-canary.v20250416012649.min.js /tmp/work/dist/framework_438b9e_5.61.1-canary.v20250416012649.js]
2025/06/26 06:03:04 sri /tmp/work/dist/createorganization_438b9e_5.61.1-canary.v20250416012649.min.js -> /output/createorganization_438b9e_5.61.1-canary.v20250416012649.min.js.sri
2025/06/26 06:03:04 algorithm: run /usr/bin/brotli --quality=11 --output=/output/createorganization_438b9e_5.61.1-canary.v20250416012649.min.js.br /tmp/work/dist/createorganization_438b9e_5.61.1-canary.v20250416012649.min.js
2025/06/26 06:03:04 br /tmp/work/dist/createorganization_438b9e_5.61.1-canary.v20250416012649.min.js -> /output/createorganization_438b9e_5.61.1-canary.v20250416012649.min.js.br
2025/06/26 06:03:04 gz /tmp/work/dist/createorganization_438b9e_5.61.1-canary.v20250416012649.min.js -> /output/createorganization_438b9e_5.61.1-canary.v20250416012649.min.js.gz
2025/06/26 06:03:04 sri /tmp/work/dist/createorganization_438b9e_5.61.1-canary.v20250416012649.js -> /output/createorganization_438b9e_5.61.1-canary.v20250416012649.js.sri
2025/06/26 06:03:04 algorithm: run /usr/bin/brotli --quality=11 --output=/output/createorganization_438b9e_5.61.1-canary.v20250416012649.js.br /tmp/work/dist/createorganization_438b9e_5.61.1-canary.v20250416012649.js
2025/06/26 06:03:04 br /tmp/work/dist/createorganization_438b9e_5.61.1-canary.v20250416012649.js -> /output/createorganization_438b9e_5.61.1-canary.v20250416012649.js.br
2025/06/26 06:03:04 gz /tmp/work/dist/createorganization_438b9e_5.61.1-canary.v20250416012649.js -> /output/createorganization_438b9e_5.61.1-canary.v20250416012649.js.gz
2025/06/26 06:03:04 compress: run /node_modules/uglify-js/bin/uglifyjs (3.15.4) [--mangle --compress if_return=true -o /tmp/work/dist/impersonationfab_438b9e_5.61.1-canary.v20250416012649.min.js /tmp/work/dist/impersonationfab_438b9e_5.61.1-canary.v20250416012649.js]
2025/06/26 06:03:04 sri /tmp/work/dist/cookieSuffix_af0169_5.61.1-canary.v20250416012649.min.js -> /output/cookieSuffix_af0169_5.61.1-canary.v20250416012649.min.js.sri
2025/06/26 06:03:04 algorithm: run /usr/bin/brotli --quality=11 --output=/output/cookieSuffix_af0169_5.61.1-canary.v20250416012649.min.js.br /tmp/work/dist/cookieSuffix_af0169_5.61.1-canary.v20250416012649.min.js
2025/06/26 06:03:04 br /tmp/work/dist/cookieSuffix_af0169_5.61.1-canary.v20250416012649.min.js -> /output/cookieSuffix_af0169_5.61.1-canary.v20250416012649.min.js.br
2025/06/26 06:03:04 gz /tmp/work/dist/cookieSuffix_af0169_5.61.1-canary.v20250416012649.min.js -> /output/cookieSuffix_af0169_5.61.1-canary.v20250416012649.min.js.gz
2025/06/26 06:03:04 sri /tmp/work/dist/cookieSuffix_af0169_5.61.1-canary.v20250416012649.js -> /output/cookieSuffix_af0169_5.61.1-canary.v20250416012649.js.sri
2025/06/26 06:03:04 algorithm: run /usr/bin/brotli --quality=11 --output=/output/cookieSuffix_af0169_5.61.1-canary.v20250416012649.js.br /tmp/work/dist/cookieSuffix_af0169_5.61.1-canary.v20250416012649.js
2025/06/26 06:03:04 br /tmp/work/dist/cookieSuffix_af0169_5.61.1-canary.v20250416012649.js -> /output/cookieSuffix_af0169_5.61.1-canary.v20250416012649.js.br
2025/06/26 06:03:04 gz /tmp/work/dist/cookieSuffix_af0169_5.61.1-canary.v20250416012649.js -> /output/cookieSuffix_af0169_5.61.1-canary.v20250416012649.js.gz
2025/06/26 06:03:04 compress: run /node_modules/uglify-js/bin/uglifyjs (3.15.4) [--mangle --compress if_return=true -o /tmp/work/dist/keylessPrompt_438b9e_5.61.1-canary.v20250416012649.min.js /tmp/work/dist/keylessPrompt_438b9e_5.61.1-canary.v20250416012649.js]
2025/06/26 06:03:04 br /tmp/work/dist/clerk.browser.min.js -> /output/clerk.browser.min.js.br
2025/06/26 06:03:04 gz /tmp/work/dist/clerk.browser.min.js -> /output/clerk.browser.min.js.gz
2025/06/26 06:03:04 sri /tmp/work/dist/clerk.browser.js -> /output/clerk.browser.js.sri
2025/06/26 06:03:04 algorithm: run /usr/bin/brotli --quality=11 --output=/output/clerk.browser.js.br /tmp/work/dist/clerk.browser.js
2025/06/26 06:03:04 sri /tmp/work/dist/impersonationfab_438b9e_5.61.1-canary.v20250416012649.min.js -> /output/impersonationfab_438b9e_5.61.1-canary.v20250416012649.min.js.sri
2025/06/26 06:03:04 algorithm: run /usr/bin/brotli --quality=11 --output=/output/impersonationfab_438b9e_5.61.1-canary.v20250416012649.min.js.br /tmp/work/dist/impersonationfab_438b9e_5.61.1-canary.v20250416012649.min.js
2025/06/26 06:03:04 br /tmp/work/dist/impersonationfab_438b9e_5.61.1-canary.v20250416012649.min.js -> /output/impersonationfab_438b9e_5.61.1-canary.v20250416012649.min.js.br
2025/06/26 06:03:04 gz /tmp/work/dist/impersonationfab_438b9e_5.61.1-canary.v20250416012649.min.js -> /output/impersonationfab_438b9e_5.61.1-canary.v20250416012649.min.js.gz
2025/06/26 06:03:04 sri /tmp/work/dist/impersonationfab_438b9e_5.61.1-canary.v20250416012649.js -> /output/impersonationfab_438b9e_5.61.1-canary.v20250416012649.js.sri
2025/06/26 06:03:04 algorithm: run /usr/bin/brotli --quality=11 --output=/output/impersonationfab_438b9e_5.61.1-canary.v20250416012649.js.br /tmp/work/dist/impersonationfab_438b9e_5.61.1-canary.v20250416012649.js
2025/06/26 06:03:04 br /tmp/work/dist/impersonationfab_438b9e_5.61.1-canary.v20250416012649.js -> /output/impersonationfab_438b9e_5.61.1-canary.v20250416012649.js.br
2025/06/26 06:03:04 gz /tmp/work/dist/impersonationfab_438b9e_5.61.1-canary.v20250416012649.js -> /output/impersonationfab_438b9e_5.61.1-canary.v20250416012649.js.gz
2025/06/26 06:03:04 compress: run /node_modules/uglify-js/bin/uglifyjs (3.15.4) [--mangle --compress if_return=true -o /tmp/work/dist/onetap_438b9e_5.61.1-canary.v20250416012649.min.js /tmp/work/dist/onetap_438b9e_5.61.1-canary.v20250416012649.js]
2025/06/26 06:03:05 sri /tmp/work/dist/keylessPrompt_438b9e_5.61.1-canary.v20250416012649.min.js -> /output/keylessPrompt_438b9e_5.61.1-canary.v20250416012649.min.js.sri
2025/06/26 06:03:05 algorithm: run /usr/bin/brotli --quality=11 --output=/output/keylessPrompt_438b9e_5.61.1-canary.v20250416012649.min.js.br /tmp/work/dist/keylessPrompt_438b9e_5.61.1-canary.v20250416012649.min.js
2025/06/26 06:03:05 br /tmp/work/dist/keylessPrompt_438b9e_5.61.1-canary.v20250416012649.min.js -> /output/keylessPrompt_438b9e_5.61.1-canary.v20250416012649.min.js.br
2025/06/26 06:03:05 gz /tmp/work/dist/keylessPrompt_438b9e_5.61.1-canary.v20250416012649.min.js -> /output/keylessPrompt_438b9e_5.61.1-canary.v20250416012649.min.js.gz
2025/06/26 06:03:05 sri /tmp/work/dist/onetap_438b9e_5.61.1-canary.v20250416012649.min.js -> /output/onetap_438b9e_5.61.1-canary.v20250416012649.min.js.sri
2025/06/26 06:03:05 algorithm: run /usr/bin/brotli --quality=11 --output=/output/onetap_438b9e_5.61.1-canary.v20250416012649.min.js.br /tmp/work/dist/onetap_438b9e_5.61.1-canary.v20250416012649.min.js
2025/06/26 06:03:05 sri /tmp/work/dist/keylessPrompt_438b9e_5.61.1-canary.v20250416012649.js -> /output/keylessPrompt_438b9e_5.61.1-canary.v20250416012649.js.sri
2025/06/26 06:03:05 algorithm: run /usr/bin/brotli --quality=11 --output=/output/keylessPrompt_438b9e_5.61.1-canary.v20250416012649.js.br /tmp/work/dist/keylessPrompt_438b9e_5.61.1-canary.v20250416012649.js
2025/06/26 06:03:05 br /tmp/work/dist/onetap_438b9e_5.61.1-canary.v20250416012649.min.js -> /output/onetap_438b9e_5.61.1-canary.v20250416012649.min.js.br
2025/06/26 06:03:05 gz /tmp/work/dist/onetap_438b9e_5.61.1-canary.v20250416012649.min.js -> /output/onetap_438b9e_5.61.1-canary.v20250416012649.min.js.gz
2025/06/26 06:03:05 sri /tmp/work/dist/onetap_438b9e_5.61.1-canary.v20250416012649.js -> /output/onetap_438b9e_5.61.1-canary.v20250416012649.js.sri
2025/06/26 06:03:05 algorithm: run /usr/bin/brotli --quality=11 --output=/output/onetap_438b9e_5.61.1-canary.v20250416012649.js.br /tmp/work/dist/onetap_438b9e_5.61.1-canary.v20250416012649.js
2025/06/26 06:03:05 br /tmp/work/dist/onetap_438b9e_5.61.1-canary.v20250416012649.js -> /output/onetap_438b9e_5.61.1-canary.v20250416012649.js.br
2025/06/26 06:03:05 gz /tmp/work/dist/onetap_438b9e_5.61.1-canary.v20250416012649.js -> /output/onetap_438b9e_5.61.1-canary.v20250416012649.js.gz
2025/06/26 06:03:05 compress: run /node_modules/uglify-js/bin/uglifyjs (3.15.4) [--mangle --compress if_return=true -o /tmp/work/dist/op-billing-page_438b9e_5.61.1-canary.v20250416012649.min.js /tmp/work/dist/op-billing-page_438b9e_5.61.1-canary.v20250416012649.js]
2025/06/26 06:03:05 br /tmp/work/dist/keylessPrompt_438b9e_5.61.1-canary.v20250416012649.js -> /output/keylessPrompt_438b9e_5.61.1-canary.v20250416012649.js.br
2025/06/26 06:03:05 gz /tmp/work/dist/keylessPrompt_438b9e_5.61.1-canary.v20250416012649.js -> /output/keylessPrompt_438b9e_5.61.1-canary.v20250416012649.js.gz
2025/06/26 06:03:05 compress: run /node_modules/uglify-js/bin/uglifyjs (3.15.4) [--mangle --compress if_return=true -o /tmp/work/dist/organizationlist_438b9e_5.61.1-canary.v20250416012649.min.js /tmp/work/dist/organizationlist_438b9e_5.61.1-canary.v20250416012649.js]
2025/06/26 06:03:05 sri /tmp/work/dist/op-billing-page_438b9e_5.61.1-canary.v20250416012649.min.js -> /output/op-billing-page_438b9e_5.61.1-canary.v20250416012649.min.js.sri
2025/06/26 06:03:05 algorithm: run /usr/bin/brotli --quality=11 --output=/output/op-billing-page_438b9e_5.61.1-canary.v20250416012649.min.js.br /tmp/work/dist/op-billing-page_438b9e_5.61.1-canary.v20250416012649.min.js
2025/06/26 06:03:05 br /tmp/work/dist/op-billing-page_438b9e_5.61.1-canary.v20250416012649.min.js -> /output/op-billing-page_438b9e_5.61.1-canary.v20250416012649.min.js.br
2025/06/26 06:03:05 gz /tmp/work/dist/op-billing-page_438b9e_5.61.1-canary.v20250416012649.min.js -> /output/op-billing-page_438b9e_5.61.1-canary.v20250416012649.min.js.gz
2025/06/26 06:03:05 sri /tmp/work/dist/op-billing-page_438b9e_5.61.1-canary.v20250416012649.js -> /output/op-billing-page_438b9e_5.61.1-canary.v20250416012649.js.sri
2025/06/26 06:03:05 algorithm: run /usr/bin/brotli --quality=11 --output=/output/op-billing-page_438b9e_5.61.1-canary.v20250416012649.js.br /tmp/work/dist/op-billing-page_438b9e_5.61.1-canary.v20250416012649.js
2025/06/26 06:03:05 br /tmp/work/dist/op-billing-page_438b9e_5.61.1-canary.v20250416012649.js -> /output/op-billing-page_438b9e_5.61.1-canary.v20250416012649.js.br
2025/06/26 06:03:05 gz /tmp/work/dist/op-billing-page_438b9e_5.61.1-canary.v20250416012649.js -> /output/op-billing-page_438b9e_5.61.1-canary.v20250416012649.js.gz
2025/06/26 06:03:05 compress: run /node_modules/uglify-js/bin/uglifyjs (3.15.4) [--mangle --compress if_return=true -o /tmp/work/dist/organizationprofile_438b9e_5.61.1-canary.v20250416012649.min.js /tmp/work/dist/organizationprofile_438b9e_5.61.1-canary.v20250416012649.js]
2025/06/26 06:03:05 br /tmp/work/dist/clerk.browser.js -> /output/clerk.browser.js.br
2025/06/26 06:03:05 gz /tmp/work/dist/clerk.browser.js -> /output/clerk.browser.js.gz
2025/06/26 06:03:05 compress: run /node_modules/uglify-js/bin/uglifyjs (3.15.4) [--mangle --compress if_return=true -o /tmp/work/dist/organizationswitcher_438b9e_5.61.1-canary.v20250416012649.min.js /tmp/work/dist/organizationswitcher_438b9e_5.61.1-canary.v20250416012649.js]
2025/06/26 06:03:06 br /tmp/work/dist/clerk.no-rhc.mjs -> /output/clerk.no-rhc.mjs.br
2025/06/26 06:03:06 gz /tmp/work/dist/clerk.no-rhc.mjs -> /output/clerk.no-rhc.mjs.gz
2025/06/26 06:03:06 compress: run /node_modules/uglify-js/bin/uglifyjs (3.15.4) [--mangle --compress if_return=true -o /tmp/work/dist/paymentSources_438b9e_5.61.1-canary.v20250416012649.min.js /tmp/work/dist/paymentSources_438b9e_5.61.1-canary.v20250416012649.js]
2025/06/26 06:03:06 sri /tmp/work/dist/organizationlist_438b9e_5.61.1-canary.v20250416012649.min.js -> /output/organizationlist_438b9e_5.61.1-canary.v20250416012649.min.js.sri
2025/06/26 06:03:06 algorithm: run /usr/bin/brotli --quality=11 --output=/output/organizationlist_438b9e_5.61.1-canary.v20250416012649.min.js.br /tmp/work/dist/organizationlist_438b9e_5.61.1-canary.v20250416012649.min.js
2025/06/26 06:03:06 br /tmp/work/dist/organizationlist_438b9e_5.61.1-canary.v20250416012649.min.js -> /output/organizationlist_438b9e_5.61.1-canary.v20250416012649.min.js.br
2025/06/26 06:03:06 gz /tmp/work/dist/organizationlist_438b9e_5.61.1-canary.v20250416012649.min.js -> /output/organizationlist_438b9e_5.61.1-canary.v20250416012649.min.js.gz
2025/06/26 06:03:06 sri /tmp/work/dist/organizationlist_438b9e_5.61.1-canary.v20250416012649.js -> /output/organizationlist_438b9e_5.61.1-canary.v20250416012649.js.sri
2025/06/26 06:03:06 algorithm: run /usr/bin/brotli --quality=11 --output=/output/organizationlist_438b9e_5.61.1-canary.v20250416012649.js.br /tmp/work/dist/organizationlist_438b9e_5.61.1-canary.v20250416012649.js
2025/06/26 06:03:06 br /tmp/work/dist/organizationlist_438b9e_5.61.1-canary.v20250416012649.js -> /output/organizationlist_438b9e_5.61.1-canary.v20250416012649.js.br
2025/06/26 06:03:06 gz /tmp/work/dist/organizationlist_438b9e_5.61.1-canary.v20250416012649.js -> /output/organizationlist_438b9e_5.61.1-canary.v20250416012649.js.gz
2025/06/26 06:03:06 compress: run /node_modules/uglify-js/bin/uglifyjs (3.15.4) [--mangle --compress if_return=true -o /tmp/work/dist/prefetchorganizationlist_438b9e_5.61.1-canary.v20250416012649.min.js /tmp/work/dist/prefetchorganizationlist_438b9e_5.61.1-canary.v20250416012649.js]
2025/06/26 06:03:06 sri /tmp/work/dist/organizationswitcher_438b9e_5.61.1-canary.v20250416012649.min.js -> /output/organizationswitcher_438b9e_5.61.1-canary.v20250416012649.min.js.sri
2025/06/26 06:03:06 algorithm: run /usr/bin/brotli --quality=11 --output=/output/organizationswitcher_438b9e_5.61.1-canary.v20250416012649.min.js.br /tmp/work/dist/organizationswitcher_438b9e_5.61.1-canary.v20250416012649.min.js
2025/06/26 06:03:06 br /tmp/work/dist/organizationswitcher_438b9e_5.61.1-canary.v20250416012649.min.js -> /output/organizationswitcher_438b9e_5.61.1-canary.v20250416012649.min.js.br
2025/06/26 06:03:06 gz /tmp/work/dist/organizationswitcher_438b9e_5.61.1-canary.v20250416012649.min.js -> /output/organizationswitcher_438b9e_5.61.1-canary.v20250416012649.min.js.gz
2025/06/26 06:03:06 sri /tmp/work/dist/organizationswitcher_438b9e_5.61.1-canary.v20250416012649.js -> /output/organizationswitcher_438b9e_5.61.1-canary.v20250416012649.js.sri
2025/06/26 06:03:06 algorithm: run /usr/bin/brotli --quality=11 --output=/output/organizationswitcher_438b9e_5.61.1-canary.v20250416012649.js.br /tmp/work/dist/organizationswitcher_438b9e_5.61.1-canary.v20250416012649.js
2025/06/26 06:03:06 sri /tmp/work/dist/coinbase-wallet-sdk_438b9e_5.61.1-canary.v20250416012649.min.js -> /output/coinbase-wallet-sdk_438b9e_5.61.1-canary.v20250416012649.min.js.sri
2025/06/26 06:03:06 algorithm: run /usr/bin/brotli --quality=11 --output=/output/coinbase-wallet-sdk_438b9e_5.61.1-canary.v20250416012649.min.js.br /tmp/work/dist/coinbase-wallet-sdk_438b9e_5.61.1-canary.v20250416012649.min.js
2025/06/26 06:03:06 br /tmp/work/dist/organizationswitcher_438b9e_5.61.1-canary.v20250416012649.js -> /output/organizationswitcher_438b9e_5.61.1-canary.v20250416012649.js.br
2025/06/26 06:03:06 gz /tmp/work/dist/organizationswitcher_438b9e_5.61.1-canary.v20250416012649.js -> /output/organizationswitcher_438b9e_5.61.1-canary.v20250416012649.js.gz
2025/06/26 06:03:06 compress: run /node_modules/uglify-js/bin/uglifyjs (3.15.4) [--mangle --compress if_return=true -o /tmp/work/dist/pricingTable_438b9e_5.61.1-canary.v20250416012649.min.js /tmp/work/dist/pricingTable_438b9e_5.61.1-canary.v20250416012649.js]
2025/06/26 06:03:06 sri /tmp/work/dist/prefetchorganizationlist_438b9e_5.61.1-canary.v20250416012649.min.js -> /output/prefetchorganizationlist_438b9e_5.61.1-canary.v20250416012649.min.js.sri
2025/06/26 06:03:06 algorithm: run /usr/bin/brotli --quality=11 --output=/output/prefetchorganizationlist_438b9e_5.61.1-canary.v20250416012649.min.js.br /tmp/work/dist/prefetchorganizationlist_438b9e_5.61.1-canary.v20250416012649.min.js
2025/06/26 06:03:06 br /tmp/work/dist/prefetchorganizationlist_438b9e_5.61.1-canary.v20250416012649.min.js -> /output/prefetchorganizationlist_438b9e_5.61.1-canary.v20250416012649.min.js.br
2025/06/26 06:03:06 gz /tmp/work/dist/prefetchorganizationlist_438b9e_5.61.1-canary.v20250416012649.min.js -> /output/prefetchorganizationlist_438b9e_5.61.1-canary.v20250416012649.min.js.gz
2025/06/26 06:03:06 sri /tmp/work/dist/prefetchorganizationlist_438b9e_5.61.1-canary.v20250416012649.js -> /output/prefetchorganizationlist_438b9e_5.61.1-canary.v20250416012649.js.sri
2025/06/26 06:03:06 algorithm: run /usr/bin/brotli --quality=11 --output=/output/prefetchorganizationlist_438b9e_5.61.1-canary.v20250416012649.js.br /tmp/work/dist/prefetchorganizationlist_438b9e_5.61.1-canary.v20250416012649.js
2025/06/26 06:03:06 br /tmp/work/dist/prefetchorganizationlist_438b9e_5.61.1-canary.v20250416012649.js -> /output/prefetchorganizationlist_438b9e_5.61.1-canary.v20250416012649.js.br
2025/06/26 06:03:06 gz /tmp/work/dist/prefetchorganizationlist_438b9e_5.61.1-canary.v20250416012649.js -> /output/prefetchorganizationlist_438b9e_5.61.1-canary.v20250416012649.js.gz
2025/06/26 06:03:06 compress: run /node_modules/uglify-js/bin/uglifyjs (3.15.4) [--mangle --compress if_return=true -o /tmp/work/dist/sessionTasks_438b9e_5.61.1-canary.v20250416012649.min.js /tmp/work/dist/sessionTasks_438b9e_5.61.1-canary.v20250416012649.js]
2025/06/26 06:03:06 br /tmp/work/dist/coinbase-wallet-sdk_438b9e_5.61.1-canary.v20250416012649.min.js -> /output/coinbase-wallet-sdk_438b9e_5.61.1-canary.v20250416012649.min.js.br
2025/06/26 06:03:06 gz /tmp/work/dist/coinbase-wallet-sdk_438b9e_5.61.1-canary.v20250416012649.min.js -> /output/coinbase-wallet-sdk_438b9e_5.61.1-canary.v20250416012649.min.js.gz
2025/06/26 06:03:06 sri /tmp/work/dist/coinbase-wallet-sdk_438b9e_5.61.1-canary.v20250416012649.js -> /output/coinbase-wallet-sdk_438b9e_5.61.1-canary.v20250416012649.js.sri
2025/06/26 06:03:06 algorithm: run /usr/bin/brotli --quality=11 --output=/output/coinbase-wallet-sdk_438b9e_5.61.1-canary.v20250416012649.js.br /tmp/work/dist/coinbase-wallet-sdk_438b9e_5.61.1-canary.v20250416012649.js
2025/06/26 06:03:07 sri /tmp/work/dist/sessionTasks_438b9e_5.61.1-canary.v20250416012649.min.js -> /output/sessionTasks_438b9e_5.61.1-canary.v20250416012649.min.js.sri
2025/06/26 06:03:07 algorithm: run /usr/bin/brotli --quality=11 --output=/output/sessionTasks_438b9e_5.61.1-canary.v20250416012649.min.js.br /tmp/work/dist/sessionTasks_438b9e_5.61.1-canary.v20250416012649.min.js
2025/06/26 06:03:07 br /tmp/work/dist/sessionTasks_438b9e_5.61.1-canary.v20250416012649.min.js -> /output/sessionTasks_438b9e_5.61.1-canary.v20250416012649.min.js.br
2025/06/26 06:03:07 gz /tmp/work/dist/sessionTasks_438b9e_5.61.1-canary.v20250416012649.min.js -> /output/sessionTasks_438b9e_5.61.1-canary.v20250416012649.min.js.gz
2025/06/26 06:03:07 sri /tmp/work/dist/sessionTasks_438b9e_5.61.1-canary.v20250416012649.js -> /output/sessionTasks_438b9e_5.61.1-canary.v20250416012649.js.sri
2025/06/26 06:03:07 algorithm: run /usr/bin/brotli --quality=11 --output=/output/sessionTasks_438b9e_5.61.1-canary.v20250416012649.js.br /tmp/work/dist/sessionTasks_438b9e_5.61.1-canary.v20250416012649.js
2025/06/26 06:03:07 br /tmp/work/dist/sessionTasks_438b9e_5.61.1-canary.v20250416012649.js -> /output/sessionTasks_438b9e_5.61.1-canary.v20250416012649.js.br
2025/06/26 06:03:07 gz /tmp/work/dist/sessionTasks_438b9e_5.61.1-canary.v20250416012649.js -> /output/sessionTasks_438b9e_5.61.1-canary.v20250416012649.js.gz
2025/06/26 06:03:07 compress: run /node_modules/uglify-js/bin/uglifyjs (3.15.4) [--mangle --compress if_return=true -o /tmp/work/dist/signin_438b9e_5.61.1-canary.v20250416012649.min.js /tmp/work/dist/signin_438b9e_5.61.1-canary.v20250416012649.js]
2025/06/26 06:03:07 sri /tmp/work/dist/organizationprofile_438b9e_5.61.1-canary.v20250416012649.min.js -> /output/organizationprofile_438b9e_5.61.1-canary.v20250416012649.min.js.sri
2025/06/26 06:03:07 algorithm: run /usr/bin/brotli --quality=11 --output=/output/organizationprofile_438b9e_5.61.1-canary.v20250416012649.min.js.br /tmp/work/dist/organizationprofile_438b9e_5.61.1-canary.v20250416012649.min.js
2025/06/26 06:03:07 br /tmp/work/dist/coinbase-wallet-sdk_438b9e_5.61.1-canary.v20250416012649.js -> /output/coinbase-wallet-sdk_438b9e_5.61.1-canary.v20250416012649.js.br
2025/06/26 06:03:07 gz /tmp/work/dist/coinbase-wallet-sdk_438b9e_5.61.1-canary.v20250416012649.js -> /output/coinbase-wallet-sdk_438b9e_5.61.1-canary.v20250416012649.js.gz
2025/06/26 06:03:07 compress: run /node_modules/uglify-js/bin/uglifyjs (3.15.4) [--mangle --compress if_return=true -o /tmp/work/dist/signup_438b9e_5.61.1-canary.v20250416012649.min.js /tmp/work/dist/signup_438b9e_5.61.1-canary.v20250416012649.js]
2025/06/26 06:03:07 br /tmp/work/dist/organizationprofile_438b9e_5.61.1-canary.v20250416012649.min.js -> /output/organizationprofile_438b9e_5.61.1-canary.v20250416012649.min.js.br
2025/06/26 06:03:07 gz /tmp/work/dist/organizationprofile_438b9e_5.61.1-canary.v20250416012649.min.js -> /output/organizationprofile_438b9e_5.61.1-canary.v20250416012649.min.js.gz
2025/06/26 06:03:07 sri /tmp/work/dist/organizationprofile_438b9e_5.61.1-canary.v20250416012649.js -> /output/organizationprofile_438b9e_5.61.1-canary.v20250416012649.js.sri
2025/06/26 06:03:07 algorithm: run /usr/bin/brotli --quality=11 --output=/output/organizationprofile_438b9e_5.61.1-canary.v20250416012649.js.br /tmp/work/dist/organizationprofile_438b9e_5.61.1-canary.v20250416012649.js
2025/06/26 06:03:07 br /tmp/work/dist/organizationprofile_438b9e_5.61.1-canary.v20250416012649.js -> /output/organizationprofile_438b9e_5.61.1-canary.v20250416012649.js.br
2025/06/26 06:03:07 gz /tmp/work/dist/organizationprofile_438b9e_5.61.1-canary.v20250416012649.js -> /output/organizationprofile_438b9e_5.61.1-canary.v20250416012649.js.gz
2025/06/26 06:03:07 compress: run /node_modules/uglify-js/bin/uglifyjs (3.15.4) [--mangle --compress if_return=true -o /tmp/work/dist/ui-common_438b9e_5.61.1-canary.v20250416012649.min.js /tmp/work/dist/ui-common_438b9e_5.61.1-canary.v20250416012649.js]
2025/06/26 06:03:07 sri /tmp/work/dist/pricingTable_438b9e_5.61.1-canary.v20250416012649.min.js -> /output/pricingTable_438b9e_5.61.1-canary.v20250416012649.min.js.sri
2025/06/26 06:03:07 algorithm: run /usr/bin/brotli --quality=11 --output=/output/pricingTable_438b9e_5.61.1-canary.v20250416012649.min.js.br /tmp/work/dist/pricingTable_438b9e_5.61.1-canary.v20250416012649.min.js
2025/06/26 06:03:07 sri /tmp/work/dist/paymentSources_438b9e_5.61.1-canary.v20250416012649.min.js -> /output/paymentSources_438b9e_5.61.1-canary.v20250416012649.min.js.sri
2025/06/26 06:03:07 algorithm: run /usr/bin/brotli --quality=11 --output=/output/paymentSources_438b9e_5.61.1-canary.v20250416012649.min.js.br /tmp/work/dist/paymentSources_438b9e_5.61.1-canary.v20250416012649.min.js
2025/06/26 06:03:07 br /tmp/work/dist/pricingTable_438b9e_5.61.1-canary.v20250416012649.min.js -> /output/pricingTable_438b9e_5.61.1-canary.v20250416012649.min.js.br
2025/06/26 06:03:07 gz /tmp/work/dist/pricingTable_438b9e_5.61.1-canary.v20250416012649.min.js -> /output/pricingTable_438b9e_5.61.1-canary.v20250416012649.min.js.gz
2025/06/26 06:03:07 sri /tmp/work/dist/pricingTable_438b9e_5.61.1-canary.v20250416012649.js -> /output/pricingTable_438b9e_5.61.1-canary.v20250416012649.js.sri
2025/06/26 06:03:07 algorithm: run /usr/bin/brotli --quality=11 --output=/output/pricingTable_438b9e_5.61.1-canary.v20250416012649.js.br /tmp/work/dist/pricingTable_438b9e_5.61.1-canary.v20250416012649.js
2025/06/26 06:03:07 br /tmp/work/dist/pricingTable_438b9e_5.61.1-canary.v20250416012649.js -> /output/pricingTable_438b9e_5.61.1-canary.v20250416012649.js.br
2025/06/26 06:03:07 gz /tmp/work/dist/pricingTable_438b9e_5.61.1-canary.v20250416012649.js -> /output/pricingTable_438b9e_5.61.1-canary.v20250416012649.js.gz
2025/06/26 06:03:07 compress: run /node_modules/uglify-js/bin/uglifyjs (3.15.4) [--mangle --compress if_return=true -o /tmp/work/dist/up-billing-page_438b9e_5.61.1-canary.v20250416012649.min.js /tmp/work/dist/up-billing-page_438b9e_5.61.1-canary.v20250416012649.js]
2025/06/26 06:03:07 br /tmp/work/dist/paymentSources_438b9e_5.61.1-canary.v20250416012649.min.js -> /output/paymentSources_438b9e_5.61.1-canary.v20250416012649.min.js.br
2025/06/26 06:03:07 gz /tmp/work/dist/paymentSources_438b9e_5.61.1-canary.v20250416012649.min.js -> /output/paymentSources_438b9e_5.61.1-canary.v20250416012649.min.js.gz
2025/06/26 06:03:07 sri /tmp/work/dist/paymentSources_438b9e_5.61.1-canary.v20250416012649.js -> /output/paymentSources_438b9e_5.61.1-canary.v20250416012649.js.sri
2025/06/26 06:03:07 algorithm: run /usr/bin/brotli --quality=11 --output=/output/paymentSources_438b9e_5.61.1-canary.v20250416012649.js.br /tmp/work/dist/paymentSources_438b9e_5.61.1-canary.v20250416012649.js
2025/06/26 06:03:07 br /tmp/work/dist/paymentSources_438b9e_5.61.1-canary.v20250416012649.js -> /output/paymentSources_438b9e_5.61.1-canary.v20250416012649.js.br
2025/06/26 06:03:07 gz /tmp/work/dist/paymentSources_438b9e_5.61.1-canary.v20250416012649.js -> /output/paymentSources_438b9e_5.61.1-canary.v20250416012649.js.gz
2025/06/26 06:03:07 compress: run /node_modules/uglify-js/bin/uglifyjs (3.15.4) [--mangle --compress if_return=true -o /tmp/work/dist/userbutton_438b9e_5.61.1-canary.v20250416012649.min.js /tmp/work/dist/userbutton_438b9e_5.61.1-canary.v20250416012649.js]
2025/06/26 06:03:08 sri /tmp/work/dist/up-billing-page_438b9e_5.61.1-canary.v20250416012649.min.js -> /output/up-billing-page_438b9e_5.61.1-canary.v20250416012649.min.js.sri
2025/06/26 06:03:08 algorithm: run /usr/bin/brotli --quality=11 --output=/output/up-billing-page_438b9e_5.61.1-canary.v20250416012649.min.js.br /tmp/work/dist/up-billing-page_438b9e_5.61.1-canary.v20250416012649.min.js
2025/06/26 06:03:08 br /tmp/work/dist/up-billing-page_438b9e_5.61.1-canary.v20250416012649.min.js -> /output/up-billing-page_438b9e_5.61.1-canary.v20250416012649.min.js.br
2025/06/26 06:03:08 gz /tmp/work/dist/up-billing-page_438b9e_5.61.1-canary.v20250416012649.min.js -> /output/up-billing-page_438b9e_5.61.1-canary.v20250416012649.min.js.gz
2025/06/26 06:03:08 sri /tmp/work/dist/up-billing-page_438b9e_5.61.1-canary.v20250416012649.js -> /output/up-billing-page_438b9e_5.61.1-canary.v20250416012649.js.sri
2025/06/26 06:03:08 algorithm: run /usr/bin/brotli --quality=11 --output=/output/up-billing-page_438b9e_5.61.1-canary.v20250416012649.js.br /tmp/work/dist/up-billing-page_438b9e_5.61.1-canary.v20250416012649.js
2025/06/26 06:03:08 br /tmp/work/dist/up-billing-page_438b9e_5.61.1-canary.v20250416012649.js -> /output/up-billing-page_438b9e_5.61.1-canary.v20250416012649.js.br
2025/06/26 06:03:08 gz /tmp/work/dist/up-billing-page_438b9e_5.61.1-canary.v20250416012649.js -> /output/up-billing-page_438b9e_5.61.1-canary.v20250416012649.js.gz
2025/06/26 06:03:08 compress: run /node_modules/uglify-js/bin/uglifyjs (3.15.4) [--mangle --compress if_return=true -o /tmp/work/dist/userprofile_438b9e_5.61.1-canary.v20250416012649.min.js /tmp/work/dist/userprofile_438b9e_5.61.1-canary.v20250416012649.js]
2025/06/26 06:03:08 sri /tmp/work/dist/signup_438b9e_5.61.1-canary.v20250416012649.min.js -> /output/signup_438b9e_5.61.1-canary.v20250416012649.min.js.sri
2025/06/26 06:03:08 algorithm: run /usr/bin/brotli --quality=11 --output=/output/signup_438b9e_5.61.1-canary.v20250416012649.min.js.br /tmp/work/dist/signup_438b9e_5.61.1-canary.v20250416012649.min.js
2025/06/26 06:03:08 br /tmp/work/dist/signup_438b9e_5.61.1-canary.v20250416012649.min.js -> /output/signup_438b9e_5.61.1-canary.v20250416012649.min.js.br
2025/06/26 06:03:08 gz /tmp/work/dist/signup_438b9e_5.61.1-canary.v20250416012649.min.js -> /output/signup_438b9e_5.61.1-canary.v20250416012649.min.js.gz
2025/06/26 06:03:08 sri /tmp/work/dist/signup_438b9e_5.61.1-canary.v20250416012649.js -> /output/signup_438b9e_5.61.1-canary.v20250416012649.js.sri
2025/06/26 06:03:08 algorithm: run /usr/bin/brotli --quality=11 --output=/output/signup_438b9e_5.61.1-canary.v20250416012649.js.br /tmp/work/dist/signup_438b9e_5.61.1-canary.v20250416012649.js
2025/06/26 06:03:08 sri /tmp/work/dist/userbutton_438b9e_5.61.1-canary.v20250416012649.min.js -> /output/userbutton_438b9e_5.61.1-canary.v20250416012649.min.js.sri
2025/06/26 06:03:08 algorithm: run /usr/bin/brotli --quality=11 --output=/output/userbutton_438b9e_5.61.1-canary.v20250416012649.min.js.br /tmp/work/dist/userbutton_438b9e_5.61.1-canary.v20250416012649.min.js
2025/06/26 06:03:08 br /tmp/work/dist/userbutton_438b9e_5.61.1-canary.v20250416012649.min.js -> /output/userbutton_438b9e_5.61.1-canary.v20250416012649.min.js.br
2025/06/26 06:03:08 gz /tmp/work/dist/userbutton_438b9e_5.61.1-canary.v20250416012649.min.js -> /output/userbutton_438b9e_5.61.1-canary.v20250416012649.min.js.gz
2025/06/26 06:03:08 sri /tmp/work/dist/userbutton_438b9e_5.61.1-canary.v20250416012649.js -> /output/userbutton_438b9e_5.61.1-canary.v20250416012649.js.sri
2025/06/26 06:03:08 algorithm: run /usr/bin/brotli --quality=11 --output=/output/userbutton_438b9e_5.61.1-canary.v20250416012649.js.br /tmp/work/dist/userbutton_438b9e_5.61.1-canary.v20250416012649.js
2025/06/26 06:03:08 br /tmp/work/dist/signup_438b9e_5.61.1-canary.v20250416012649.js -> /output/signup_438b9e_5.61.1-canary.v20250416012649.js.br
2025/06/26 06:03:08 gz /tmp/work/dist/signup_438b9e_5.61.1-canary.v20250416012649.js -> /output/signup_438b9e_5.61.1-canary.v20250416012649.js.gz
2025/06/26 06:03:08 compress: run /node_modules/uglify-js/bin/uglifyjs (3.15.4) [--mangle --compress if_return=true -o /tmp/work/dist/userverification_438b9e_5.61.1-canary.v20250416012649.min.js /tmp/work/dist/userverification_438b9e_5.61.1-canary.v20250416012649.js]
2025/06/26 06:03:08 br /tmp/work/dist/userbutton_438b9e_5.61.1-canary.v20250416012649.js -> /output/userbutton_438b9e_5.61.1-canary.v20250416012649.js.br
2025/06/26 06:03:08 gz /tmp/work/dist/userbutton_438b9e_5.61.1-canary.v20250416012649.js -> /output/userbutton_438b9e_5.61.1-canary.v20250416012649.js.gz
2025/06/26 06:03:08 compress: run /node_modules/uglify-js/bin/uglifyjs (3.15.4) [--mangle --compress if_return=true -o /tmp/work/dist/vendors_07edc3_5.61.1-canary.v20250416012649.min.js /tmp/work/dist/vendors_07edc3_5.61.1-canary.v20250416012649.js]
2025/06/26 06:03:09 sri /tmp/work/dist/signin_438b9e_5.61.1-canary.v20250416012649.min.js -> /output/signin_438b9e_5.61.1-canary.v20250416012649.min.js.sri
2025/06/26 06:03:09 algorithm: run /usr/bin/brotli --quality=11 --output=/output/signin_438b9e_5.61.1-canary.v20250416012649.min.js.br /tmp/work/dist/signin_438b9e_5.61.1-canary.v20250416012649.min.js
2025/06/26 06:03:09 br /tmp/work/dist/signin_438b9e_5.61.1-canary.v20250416012649.min.js -> /output/signin_438b9e_5.61.1-canary.v20250416012649.min.js.br
2025/06/26 06:03:09 gz /tmp/work/dist/signin_438b9e_5.61.1-canary.v20250416012649.min.js -> /output/signin_438b9e_5.61.1-canary.v20250416012649.min.js.gz
2025/06/26 06:03:09 sri /tmp/work/dist/signin_438b9e_5.61.1-canary.v20250416012649.js -> /output/signin_438b9e_5.61.1-canary.v20250416012649.js.sri
2025/06/26 06:03:09 algorithm: run /usr/bin/brotli --quality=11 --output=/output/signin_438b9e_5.61.1-canary.v20250416012649.js.br /tmp/work/dist/signin_438b9e_5.61.1-canary.v20250416012649.js
2025/06/26 06:03:09 br /tmp/work/dist/signin_438b9e_5.61.1-canary.v20250416012649.js -> /output/signin_438b9e_5.61.1-canary.v20250416012649.js.br
2025/06/26 06:03:09 gz /tmp/work/dist/signin_438b9e_5.61.1-canary.v20250416012649.js -> /output/signin_438b9e_5.61.1-canary.v20250416012649.js.gz
2025/06/26 06:03:09 compress: run /node_modules/uglify-js/bin/uglifyjs (3.15.4) [--mangle --compress if_return=true -o /tmp/work/dist/vendors_438b9e_5.61.1-canary.v20250416012649.min.js /tmp/work/dist/vendors_438b9e_5.61.1-canary.v20250416012649.js]
2025/06/26 06:03:09 sri /tmp/work/dist/vendors_07edc3_5.61.1-canary.v20250416012649.min.js -> /output/vendors_07edc3_5.61.1-canary.v20250416012649.min.js.sri
2025/06/26 06:03:09 algorithm: run /usr/bin/brotli --quality=11 --output=/output/vendors_07edc3_5.61.1-canary.v20250416012649.min.js.br /tmp/work/dist/vendors_07edc3_5.61.1-canary.v20250416012649.min.js
2025/06/26 06:03:09 br /tmp/work/dist/vendors_07edc3_5.61.1-canary.v20250416012649.min.js -> /output/vendors_07edc3_5.61.1-canary.v20250416012649.min.js.br
2025/06/26 06:03:09 gz /tmp/work/dist/vendors_07edc3_5.61.1-canary.v20250416012649.min.js -> /output/vendors_07edc3_5.61.1-canary.v20250416012649.min.js.gz
2025/06/26 06:03:09 sri /tmp/work/dist/vendors_07edc3_5.61.1-canary.v20250416012649.js -> /output/vendors_07edc3_5.61.1-canary.v20250416012649.js.sri
2025/06/26 06:03:09 algorithm: run /usr/bin/brotli --quality=11 --output=/output/vendors_07edc3_5.61.1-canary.v20250416012649.js.br /tmp/work/dist/vendors_07edc3_5.61.1-canary.v20250416012649.js
2025/06/26 06:03:09 br /tmp/work/dist/vendors_07edc3_5.61.1-canary.v20250416012649.js -> /output/vendors_07edc3_5.61.1-canary.v20250416012649.js.br
2025/06/26 06:03:09 gz /tmp/work/dist/vendors_07edc3_5.61.1-canary.v20250416012649.js -> /output/vendors_07edc3_5.61.1-canary.v20250416012649.js.gz
2025/06/26 06:03:09 compress: run /node_modules/uglify-js/bin/uglifyjs (3.15.4) [--mangle --compress if_return=true -o /tmp/work/dist/waitlist_438b9e_5.61.1-canary.v20250416012649.min.js /tmp/work/dist/waitlist_438b9e_5.61.1-canary.v20250416012649.js]
2025/06/26 06:03:09 sri /tmp/work/dist/userverification_438b9e_5.61.1-canary.v20250416012649.min.js -> /output/userverification_438b9e_5.61.1-canary.v20250416012649.min.js.sri
2025/06/26 06:03:09 algorithm: run /usr/bin/brotli --quality=11 --output=/output/userverification_438b9e_5.61.1-canary.v20250416012649.min.js.br /tmp/work/dist/userverification_438b9e_5.61.1-canary.v20250416012649.min.js
2025/06/26 06:03:09 br /tmp/work/dist/userverification_438b9e_5.61.1-canary.v20250416012649.min.js -> /output/userverification_438b9e_5.61.1-canary.v20250416012649.min.js.br
2025/06/26 06:03:09 gz /tmp/work/dist/userverification_438b9e_5.61.1-canary.v20250416012649.min.js -> /output/userverification_438b9e_5.61.1-canary.v20250416012649.min.js.gz
2025/06/26 06:03:09 sri /tmp/work/dist/userverification_438b9e_5.61.1-canary.v20250416012649.js -> /output/userverification_438b9e_5.61.1-canary.v20250416012649.js.sri
2025/06/26 06:03:09 algorithm: run /usr/bin/brotli --quality=11 --output=/output/userverification_438b9e_5.61.1-canary.v20250416012649.js.br /tmp/work/dist/userverification_438b9e_5.61.1-canary.v20250416012649.js
2025/06/26 06:03:09 sri /tmp/work/dist/framework_438b9e_5.61.1-canary.v20250416012649.min.js -> /output/framework_438b9e_5.61.1-canary.v20250416012649.min.js.sri
2025/06/26 06:03:09 algorithm: run /usr/bin/brotli --quality=11 --output=/output/framework_438b9e_5.61.1-canary.v20250416012649.min.js.br /tmp/work/dist/framework_438b9e_5.61.1-canary.v20250416012649.min.js
2025/06/26 06:03:10 br /tmp/work/dist/userverification_438b9e_5.61.1-canary.v20250416012649.js -> /output/userverification_438b9e_5.61.1-canary.v20250416012649.js.br
2025/06/26 06:03:10 gz /tmp/work/dist/userverification_438b9e_5.61.1-canary.v20250416012649.js -> /output/userverification_438b9e_5.61.1-canary.v20250416012649.js.gz
2025/06/26 06:03:10 compress: run /node_modules/uglify-js/bin/uglifyjs (3.15.4) [--mangle --compress if_return=true -o /tmp/work/dist/zxcvbn-common_07edc3_5.61.1-canary.v20250416012649.min.js /tmp/work/dist/zxcvbn-common_07edc3_5.61.1-canary.v20250416012649.js]
2025/06/26 06:03:10 sri /tmp/work/dist/waitlist_438b9e_5.61.1-canary.v20250416012649.min.js -> /output/waitlist_438b9e_5.61.1-canary.v20250416012649.min.js.sri
2025/06/26 06:03:10 algorithm: run /usr/bin/brotli --quality=11 --output=/output/waitlist_438b9e_5.61.1-canary.v20250416012649.min.js.br /tmp/work/dist/waitlist_438b9e_5.61.1-canary.v20250416012649.min.js
2025/06/26 06:03:10 br /tmp/work/dist/waitlist_438b9e_5.61.1-canary.v20250416012649.min.js -> /output/waitlist_438b9e_5.61.1-canary.v20250416012649.min.js.br
2025/06/26 06:03:10 gz /tmp/work/dist/waitlist_438b9e_5.61.1-canary.v20250416012649.min.js -> /output/waitlist_438b9e_5.61.1-canary.v20250416012649.min.js.gz
2025/06/26 06:03:10 sri /tmp/work/dist/waitlist_438b9e_5.61.1-canary.v20250416012649.js -> /output/waitlist_438b9e_5.61.1-canary.v20250416012649.js.sri
2025/06/26 06:03:10 algorithm: run /usr/bin/brotli --quality=11 --output=/output/waitlist_438b9e_5.61.1-canary.v20250416012649.js.br /tmp/work/dist/waitlist_438b9e_5.61.1-canary.v20250416012649.js
2025/06/26 06:03:10 br /tmp/work/dist/waitlist_438b9e_5.61.1-canary.v20250416012649.js -> /output/waitlist_438b9e_5.61.1-canary.v20250416012649.js.br
2025/06/26 06:03:10 gz /tmp/work/dist/waitlist_438b9e_5.61.1-canary.v20250416012649.js -> /output/waitlist_438b9e_5.61.1-canary.v20250416012649.js.gz
2025/06/26 06:03:10 compress: run /node_modules/uglify-js/bin/uglifyjs (3.15.4) [--mangle --compress if_return=true -o /tmp/work/dist/zxcvbn-common_438b9e_5.61.1-canary.v20250416012649.min.js /tmp/work/dist/zxcvbn-common_438b9e_5.61.1-canary.v20250416012649.js]
2025/06/26 06:03:10 br /tmp/work/dist/framework_438b9e_5.61.1-canary.v20250416012649.min.js -> /output/framework_438b9e_5.61.1-canary.v20250416012649.min.js.br
2025/06/26 06:03:10 gz /tmp/work/dist/framework_438b9e_5.61.1-canary.v20250416012649.min.js -> /output/framework_438b9e_5.61.1-canary.v20250416012649.min.js.gz
2025/06/26 06:03:10 sri /tmp/work/dist/framework_438b9e_5.61.1-canary.v20250416012649.js -> /output/framework_438b9e_5.61.1-canary.v20250416012649.js.sri
2025/06/26 06:03:10 algorithm: run /usr/bin/brotli --quality=11 --output=/output/framework_438b9e_5.61.1-canary.v20250416012649.js.br /tmp/work/dist/framework_438b9e_5.61.1-canary.v20250416012649.js
2025/06/26 06:03:10 sri /tmp/work/dist/zxcvbn-common_07edc3_5.61.1-canary.v20250416012649.min.js -> /output/zxcvbn-common_07edc3_5.61.1-canary.v20250416012649.min.js.sri
2025/06/26 06:03:10 algorithm: run /usr/bin/brotli --quality=11 --output=/output/zxcvbn-common_07edc3_5.61.1-canary.v20250416012649.min.js.br /tmp/work/dist/zxcvbn-common_07edc3_5.61.1-canary.v20250416012649.min.js
2025/06/26 06:03:10 sri /tmp/work/dist/userprofile_438b9e_5.61.1-canary.v20250416012649.min.js -> /output/userprofile_438b9e_5.61.1-canary.v20250416012649.min.js.sri
2025/06/26 06:03:10 algorithm: run /usr/bin/brotli --quality=11 --output=/output/userprofile_438b9e_5.61.1-canary.v20250416012649.min.js.br /tmp/work/dist/userprofile_438b9e_5.61.1-canary.v20250416012649.min.js
2025/06/26 06:03:10 br /tmp/work/dist/framework_438b9e_5.61.1-canary.v20250416012649.js -> /output/framework_438b9e_5.61.1-canary.v20250416012649.js.br
2025/06/26 06:03:10 gz /tmp/work/dist/framework_438b9e_5.61.1-canary.v20250416012649.js -> /output/framework_438b9e_5.61.1-canary.v20250416012649.js.gz
2025/06/26 06:03:10 compress: run /node_modules/uglify-js/bin/uglifyjs (3.15.4) [--mangle --compress if_return=true -o /tmp/work/dist/zxcvbn-ts-core_07edc3_5.61.1-canary.v20250416012649.min.js /tmp/work/dist/zxcvbn-ts-core_07edc3_5.61.1-canary.v20250416012649.js]
2025/06/26 06:03:11 br /tmp/work/dist/userprofile_438b9e_5.61.1-canary.v20250416012649.min.js -> /output/userprofile_438b9e_5.61.1-canary.v20250416012649.min.js.br
2025/06/26 06:03:11 gz /tmp/work/dist/userprofile_438b9e_5.61.1-canary.v20250416012649.min.js -> /output/userprofile_438b9e_5.61.1-canary.v20250416012649.min.js.gz
2025/06/26 06:03:11 sri /tmp/work/dist/userprofile_438b9e_5.61.1-canary.v20250416012649.js -> /output/userprofile_438b9e_5.61.1-canary.v20250416012649.js.sri
2025/06/26 06:03:11 algorithm: run /usr/bin/brotli --quality=11 --output=/output/userprofile_438b9e_5.61.1-canary.v20250416012649.js.br /tmp/work/dist/userprofile_438b9e_5.61.1-canary.v20250416012649.js
2025/06/26 06:03:11 sri /tmp/work/dist/zxcvbn-common_438b9e_5.61.1-canary.v20250416012649.min.js -> /output/zxcvbn-common_438b9e_5.61.1-canary.v20250416012649.min.js.sri
2025/06/26 06:03:11 algorithm: run /usr/bin/brotli --quality=11 --output=/output/zxcvbn-common_438b9e_5.61.1-canary.v20250416012649.min.js.br /tmp/work/dist/zxcvbn-common_438b9e_5.61.1-canary.v20250416012649.min.js
2025/06/26 06:03:11 br /tmp/work/dist/userprofile_438b9e_5.61.1-canary.v20250416012649.js -> /output/userprofile_438b9e_5.61.1-canary.v20250416012649.js.br
2025/06/26 06:03:11 gz /tmp/work/dist/userprofile_438b9e_5.61.1-canary.v20250416012649.js -> /output/userprofile_438b9e_5.61.1-canary.v20250416012649.js.gz
2025/06/26 06:03:11 compress: run /node_modules/uglify-js/bin/uglifyjs (3.15.4) [--mangle --compress if_return=true -o /tmp/work/dist/zxcvbn-ts-core_438b9e_5.61.1-canary.v20250416012649.min.js /tmp/work/dist/zxcvbn-ts-core_438b9e_5.61.1-canary.v20250416012649.js]
2025/06/26 06:03:12 sri /tmp/work/dist/zxcvbn-ts-core_07edc3_5.61.1-canary.v20250416012649.min.js -> /output/zxcvbn-ts-core_07edc3_5.61.1-canary.v20250416012649.min.js.sri
2025/06/26 06:03:12 algorithm: run /usr/bin/brotli --quality=11 --output=/output/zxcvbn-ts-core_07edc3_5.61.1-canary.v20250416012649.min.js.br /tmp/work/dist/zxcvbn-ts-core_07edc3_5.61.1-canary.v20250416012649.min.js
2025/06/26 06:03:12 br /tmp/work/dist/zxcvbn-common_07edc3_5.61.1-canary.v20250416012649.min.js -> /output/zxcvbn-common_07edc3_5.61.1-canary.v20250416012649.min.js.br
2025/06/26 06:03:12 br /tmp/work/dist/zxcvbn-ts-core_07edc3_5.61.1-canary.v20250416012649.min.js -> /output/zxcvbn-ts-core_07edc3_5.61.1-canary.v20250416012649.min.js.br
2025/06/26 06:03:12 gz /tmp/work/dist/zxcvbn-ts-core_07edc3_5.61.1-canary.v20250416012649.min.js -> /output/zxcvbn-ts-core_07edc3_5.61.1-canary.v20250416012649.min.js.gz
2025/06/26 06:03:12 sri /tmp/work/dist/zxcvbn-ts-core_07edc3_5.61.1-canary.v20250416012649.js -> /output/zxcvbn-ts-core_07edc3_5.61.1-canary.v20250416012649.js.sri
2025/06/26 06:03:12 algorithm: run /usr/bin/brotli --quality=11 --output=/output/zxcvbn-ts-core_07edc3_5.61.1-canary.v20250416012649.js.br /tmp/work/dist/zxcvbn-ts-core_07edc3_5.61.1-canary.v20250416012649.js
2025/06/26 06:03:12 gz /tmp/work/dist/zxcvbn-common_07edc3_5.61.1-canary.v20250416012649.min.js -> /output/zxcvbn-common_07edc3_5.61.1-canary.v20250416012649.min.js.gz
2025/06/26 06:03:12 sri /tmp/work/dist/zxcvbn-common_07edc3_5.61.1-canary.v20250416012649.js -> /output/zxcvbn-common_07edc3_5.61.1-canary.v20250416012649.js.sri
2025/06/26 06:03:12 algorithm: run /usr/bin/brotli --quality=11 --output=/output/zxcvbn-common_07edc3_5.61.1-canary.v20250416012649.js.br /tmp/work/dist/zxcvbn-common_07edc3_5.61.1-canary.v20250416012649.js
2025/06/26 06:03:12 br /tmp/work/dist/zxcvbn-ts-core_07edc3_5.61.1-canary.v20250416012649.js -> /output/zxcvbn-ts-core_07edc3_5.61.1-canary.v20250416012649.js.br
2025/06/26 06:03:12 gz /tmp/work/dist/zxcvbn-ts-core_07edc3_5.61.1-canary.v20250416012649.js -> /output/zxcvbn-ts-core_07edc3_5.61.1-canary.v20250416012649.js.gz
2025/06/26 06:03:12 sri /tmp/work/dist/zxcvbn-ts-core_438b9e_5.61.1-canary.v20250416012649.min.js -> /output/zxcvbn-ts-core_438b9e_5.61.1-canary.v20250416012649.min.js.sri
2025/06/26 06:03:12 algorithm: run /usr/bin/brotli --quality=11 --output=/output/zxcvbn-ts-core_438b9e_5.61.1-canary.v20250416012649.min.js.br /tmp/work/dist/zxcvbn-ts-core_438b9e_5.61.1-canary.v20250416012649.min.js
2025/06/26 06:03:12 br /tmp/work/dist/zxcvbn-common_438b9e_5.61.1-canary.v20250416012649.min.js -> /output/zxcvbn-common_438b9e_5.61.1-canary.v20250416012649.min.js.br
2025/06/26 06:03:13 gz /tmp/work/dist/zxcvbn-common_438b9e_5.61.1-canary.v20250416012649.min.js -> /output/zxcvbn-common_438b9e_5.61.1-canary.v20250416012649.min.js.gz
2025/06/26 06:03:13 sri /tmp/work/dist/zxcvbn-common_438b9e_5.61.1-canary.v20250416012649.js -> /output/zxcvbn-common_438b9e_5.61.1-canary.v20250416012649.js.sri
2025/06/26 06:03:13 algorithm: run /usr/bin/brotli --quality=11 --output=/output/zxcvbn-common_438b9e_5.61.1-canary.v20250416012649.js.br /tmp/work/dist/zxcvbn-common_438b9e_5.61.1-canary.v20250416012649.js
2025/06/26 06:03:13 br /tmp/work/dist/zxcvbn-ts-core_438b9e_5.61.1-canary.v20250416012649.min.js -> /output/zxcvbn-ts-core_438b9e_5.61.1-canary.v20250416012649.min.js.br
2025/06/26 06:03:13 gz /tmp/work/dist/zxcvbn-ts-core_438b9e_5.61.1-canary.v20250416012649.min.js -> /output/zxcvbn-ts-core_438b9e_5.61.1-canary.v20250416012649.min.js.gz
2025/06/26 06:03:13 sri /tmp/work/dist/zxcvbn-ts-core_438b9e_5.61.1-canary.v20250416012649.js -> /output/zxcvbn-ts-core_438b9e_5.61.1-canary.v20250416012649.js.sri
2025/06/26 06:03:13 algorithm: run /usr/bin/brotli --quality=11 --output=/output/zxcvbn-ts-core_438b9e_5.61.1-canary.v20250416012649.js.br /tmp/work/dist/zxcvbn-ts-core_438b9e_5.61.1-canary.v20250416012649.js
2025/06/26 06:03:13 br /tmp/work/dist/zxcvbn-ts-core_438b9e_5.61.1-canary.v20250416012649.js -> /output/zxcvbn-ts-core_438b9e_5.61.1-canary.v20250416012649.js.br
2025/06/26 06:03:13 gz /tmp/work/dist/zxcvbn-ts-core_438b9e_5.61.1-canary.v20250416012649.js -> /output/zxcvbn-ts-core_438b9e_5.61.1-canary.v20250416012649.js.gz
2025/06/26 06:03:14 sri /tmp/work/dist/vendors_438b9e_5.61.1-canary.v20250416012649.min.js -> /output/vendors_438b9e_5.61.1-canary.v20250416012649.min.js.sri
2025/06/26 06:03:14 algorithm: run /usr/bin/brotli --quality=11 --output=/output/vendors_438b9e_5.61.1-canary.v20250416012649.min.js.br /tmp/work/dist/vendors_438b9e_5.61.1-canary.v20250416012649.min.js
2025/06/26 06:03:14 br /tmp/work/dist/zxcvbn-common_07edc3_5.61.1-canary.v20250416012649.js -> /output/zxcvbn-common_07edc3_5.61.1-canary.v20250416012649.js.br
2025/06/26 06:03:14 gz /tmp/work/dist/zxcvbn-common_07edc3_5.61.1-canary.v20250416012649.js -> /output/zxcvbn-common_07edc3_5.61.1-canary.v20250416012649.js.gz
2025/06/26 06:03:14 br /tmp/work/dist/vendors_438b9e_5.61.1-canary.v20250416012649.min.js -> /output/vendors_438b9e_5.61.1-canary.v20250416012649.min.js.br
2025/06/26 06:03:14 gz /tmp/work/dist/vendors_438b9e_5.61.1-canary.v20250416012649.min.js -> /output/vendors_438b9e_5.61.1-canary.v20250416012649.min.js.gz
2025/06/26 06:03:14 sri /tmp/work/dist/vendors_438b9e_5.61.1-canary.v20250416012649.js -> /output/vendors_438b9e_5.61.1-canary.v20250416012649.js.sri
2025/06/26 06:03:14 algorithm: run /usr/bin/brotli --quality=11 --output=/output/vendors_438b9e_5.61.1-canary.v20250416012649.js.br /tmp/work/dist/vendors_438b9e_5.61.1-canary.v20250416012649.js
2025/06/26 06:03:14 br /tmp/work/dist/zxcvbn-common_438b9e_5.61.1-canary.v20250416012649.js -> /output/zxcvbn-common_438b9e_5.61.1-canary.v20250416012649.js.br
2025/06/26 06:03:14 sri /tmp/work/dist/ui-common_438b9e_5.61.1-canary.v20250416012649.min.js -> /output/ui-common_438b9e_5.61.1-canary.v20250416012649.min.js.sri
2025/06/26 06:03:14 algorithm: run /usr/bin/brotli --quality=11 --output=/output/ui-common_438b9e_5.61.1-canary.v20250416012649.min.js.br /tmp/work/dist/ui-common_438b9e_5.61.1-canary.v20250416012649.min.js
2025/06/26 06:03:14 gz /tmp/work/dist/zxcvbn-common_438b9e_5.61.1-canary.v20250416012649.js -> /output/zxcvbn-common_438b9e_5.61.1-canary.v20250416012649.js.gz
2025/06/26 06:03:14 br /tmp/work/dist/vendors_438b9e_5.61.1-canary.v20250416012649.js -> /output/vendors_438b9e_5.61.1-canary.v20250416012649.js.br
2025/06/26 06:03:14 gz /tmp/work/dist/vendors_438b9e_5.61.1-canary.v20250416012649.js -> /output/vendors_438b9e_5.61.1-canary.v20250416012649.js.gz
2025/06/26 06:03:15 br /tmp/work/dist/ui-common_438b9e_5.61.1-canary.v20250416012649.min.js -> /output/ui-common_438b9e_5.61.1-canary.v20250416012649.min.js.br
2025/06/26 06:03:15 gz /tmp/work/dist/ui-common_438b9e_5.61.1-canary.v20250416012649.min.js -> /output/ui-common_438b9e_5.61.1-canary.v20250416012649.min.js.gz
2025/06/26 06:03:15 sri /tmp/work/dist/ui-common_438b9e_5.61.1-canary.v20250416012649.js -> /output/ui-common_438b9e_5.61.1-canary.v20250416012649.js.sri
2025/06/26 06:03:15 algorithm: run /usr/bin/brotli --quality=11 --output=/output/ui-common_438b9e_5.61.1-canary.v20250416012649.js.br /tmp/work/dist/ui-common_438b9e_5.61.1-canary.v20250416012649.js
2025/06/26 06:03:15 br /tmp/work/dist/ui-common_438b9e_5.61.1-canary.v20250416012649.js -> /output/ui-common_438b9e_5.61.1-canary.v20250416012649.js.br
2025/06/26 06:03:15 gz /tmp/work/dist/ui-common_438b9e_5.61.1-canary.v20250416012649.js -> /output/ui-common_438b9e_5.61.1-canary.v20250416012649.js.gz
2025/06/26 06:03:17 sri /tmp/work/dist/clerk.min.js -> /output/clerk.min.js.sri
2025/06/26 06:03:17 algorithm: run /usr/bin/brotli --quality=11 --output=/output/clerk.min.js.br /tmp/work/dist/clerk.min.js
2025/06/26 06:03:17 sri /tmp/work/dist/clerk.no-rhc.min.js -> /output/clerk.no-rhc.min.js.sri
2025/06/26 06:03:17 algorithm: run /usr/bin/brotli --quality=11 --output=/output/clerk.no-rhc.min.js.br /tmp/work/dist/clerk.no-rhc.min.js
2025/06/26 06:03:20 br /tmp/work/dist/clerk.min.js -> /output/clerk.min.js.br
2025/06/26 06:03:20 gz /tmp/work/dist/clerk.min.js -> /output/clerk.min.js.gz
2025/06/26 06:03:20 sri /tmp/work/dist/clerk.js -> /output/clerk.js.sri
2025/06/26 06:03:20 algorithm: run /usr/bin/brotli --quality=11 --output=/output/clerk.js.br /tmp/work/dist/clerk.js
2025/06/26 06:03:20 br /tmp/work/dist/clerk.no-rhc.min.js -> /output/clerk.no-rhc.min.js.br
2025/06/26 06:03:20 gz /tmp/work/dist/clerk.no-rhc.min.js -> /output/clerk.no-rhc.min.js.gz
2025/06/26 06:03:20 sri /tmp/work/dist/clerk.no-rhc.js -> /output/clerk.no-rhc.js.sri
2025/06/26 06:03:20 algorithm: run /usr/bin/brotli --quality=11 --output=/output/clerk.no-rhc.js.br /tmp/work/dist/clerk.no-rhc.js
2025/06/26 06:03:23 br /tmp/work/dist/clerk.js -> /output/clerk.js.br
2025/06/26 06:03:23 br /tmp/work/dist/clerk.no-rhc.js -> /output/clerk.no-rhc.js.br
2025/06/26 06:03:23 gz /tmp/work/dist/clerk.js -> /output/clerk.js.gz
2025/06/26 06:03:23 gz /tmp/work/dist/clerk.no-rhc.js -> /output/clerk.no-rhc.js.gz
2025/06/26 06:03:23 processed clerk-js
