config: {"autoupdate":{"source":"npm","target":"@atlassian/aui","fileMap":[{"basePath":"dist","files":["**/*.@(js|css|eot|ttf|woff|svg)?(.map)"]}],"ignoreVersions":["*do-not-use"]},"description":"Atlassian User Interface Framework","filename":"aui/js/aui.min.js","homepage":"https://docs.atlassian.com/aui/","keywords":["atlassian","aui","adg"],"license":"Apache-2.0","name":"aui","repository":{"type":"git","url":"https://bitbucket.org/atlassian/aui"}}
KV keys:
- aui/10.0.0-M02/aui/aui-css-deprecations.js.br
- aui/10.0.0-M02/aui/aui-css-deprecations.js.gz
- aui/10.0.0-M02/aui/aui-css-deprecations.js.map.br
- aui/10.0.0-M02/aui/aui-css-deprecations.js.map.gz
- aui/10.0.0-M02/aui/aui-css-deprecations.min.js.br
- aui/10.0.0-M02/aui/aui-css-deprecations.min.js.gz
- aui/10.0.0-M02/aui/aui-prototyping-browserfocus.css.br
- aui/10.0.0-M02/aui/aui-prototyping-browserfocus.css.gz
- aui/10.0.0-M02/aui/aui-prototyping-browserfocus.css.map.br
- aui/10.0.0-M02/aui/aui-prototyping-browserfocus.css.map.gz
- aui/10.0.0-M02/aui/aui-prototyping-browserfocus.min.css.br
- aui/10.0.0-M02/aui/aui-prototyping-browserfocus.min.css.gz
- aui/10.0.0-M02/aui/aui-prototyping-darkmode.css.br
- aui/10.0.0-M02/aui/aui-prototyping-darkmode.css.gz
- aui/10.0.0-M02/aui/aui-prototyping-darkmode.css.map.br
- aui/10.0.0-M02/aui/aui-prototyping-darkmode.css.map.gz
- aui/10.0.0-M02/aui/aui-prototyping-darkmode.min.css.br
- aui/10.0.0-M02/aui/aui-prototyping-darkmode.min.css.gz
- aui/10.0.0-M02/aui/aui-prototyping-design-tokens-api-full.js.br
- aui/10.0.0-M02/aui/aui-prototyping-design-tokens-api-full.js.gz
- aui/10.0.0-M02/aui/aui-prototyping-design-tokens-api-full.js.map.br
- aui/10.0.0-M02/aui/aui-prototyping-design-tokens-api-full.js.map.gz
- aui/10.0.0-M02/aui/aui-prototyping-design-tokens-api-full.min.js.br
- aui/10.0.0-M02/aui/aui-prototyping-design-tokens-api-full.min.js.gz
- aui/10.0.0-M02/aui/aui-prototyping-design-tokens-api.js.br
- aui/10.0.0-M02/aui/aui-prototyping-design-tokens-api.js.gz
- aui/10.0.0-M02/aui/aui-prototyping-design-tokens-api.js.map.br
- aui/10.0.0-M02/aui/aui-prototyping-design-tokens-api.js.map.gz
- aui/10.0.0-M02/aui/aui-prototyping-design-tokens-api.min.js.br
- aui/10.0.0-M02/aui/aui-prototyping-design-tokens-api.min.js.gz
- aui/10.0.0-M02/aui/aui-prototyping-design-tokens-base-themes-css.css.br
- aui/10.0.0-M02/aui/aui-prototyping-design-tokens-base-themes-css.css.gz
- aui/10.0.0-M02/aui/aui-prototyping-design-tokens-base-themes-css.css.map.br
- aui/10.0.0-M02/aui/aui-prototyping-design-tokens-base-themes-css.css.map.gz
- aui/10.0.0-M02/aui/aui-prototyping-design-tokens-base-themes-css.js.br
- aui/10.0.0-M02/aui/aui-prototyping-design-tokens-base-themes-css.js.gz
- aui/10.0.0-M02/aui/aui-prototyping-design-tokens-base-themes-css.js.map.br
- aui/10.0.0-M02/aui/aui-prototyping-design-tokens-base-themes-css.js.map.gz
- aui/10.0.0-M02/aui/aui-prototyping-design-tokens-base-themes-css.min.css.br
- aui/10.0.0-M02/aui/aui-prototyping-design-tokens-base-themes-css.min.css.gz
- aui/10.0.0-M02/aui/aui-prototyping-design-tokens-base-themes-css.min.js.br
- aui/10.0.0-M02/aui/aui-prototyping-design-tokens-base-themes-css.min.js.gz
- aui/10.0.0-M02/aui/aui-prototyping-design-tokens-base-themes.js.br
- aui/10.0.0-M02/aui/aui-prototyping-design-tokens-base-themes.js.gz
- aui/10.0.0-M02/aui/aui-prototyping-design-tokens-base-themes.js.map.br
- aui/10.0.0-M02/aui/aui-prototyping-design-tokens-base-themes.js.map.gz
- aui/10.0.0-M02/aui/aui-prototyping-design-tokens-base-themes.min.js.br
- aui/10.0.0-M02/aui/aui-prototyping-design-tokens-base-themes.min.js.gz
- aui/10.0.0-M02/aui/aui-prototyping-design-tokens-compatibility.css.br
- aui/10.0.0-M02/aui/aui-prototyping-design-tokens-compatibility.css.gz
- aui/10.0.0-M02/aui/aui-prototyping-design-tokens-compatibility.css.map.br
- aui/10.0.0-M02/aui/aui-prototyping-design-tokens-compatibility.css.map.gz
- aui/10.0.0-M02/aui/aui-prototyping-design-tokens-compatibility.min.css.br
- aui/10.0.0-M02/aui/aui-prototyping-design-tokens-compatibility.min.css.gz
- aui/10.0.0-M02/aui/aui-prototyping.css.br
- aui/10.0.0-M02/aui/aui-prototyping.css.gz
- aui/10.0.0-M02/aui/aui-prototyping.css.map.br
- aui/10.0.0-M02/aui/aui-prototyping.css.map.gz
- aui/10.0.0-M02/aui/aui-prototyping.js.br
- aui/10.0.0-M02/aui/aui-prototyping.js.gz
- aui/10.0.0-M02/aui/aui-prototyping.js.map.br
- aui/10.0.0-M02/aui/aui-prototyping.js.map.gz
- aui/10.0.0-M02/aui/aui-prototyping.min.css.br
- aui/10.0.0-M02/aui/aui-prototyping.min.css.gz
- aui/10.0.0-M02/aui/aui-prototyping.min.js.br
- aui/10.0.0-M02/aui/aui-prototyping.min.js.gz
- aui/10.0.0-M02/aui/aui-prototyping.nodeps.css.br
- aui/10.0.0-M02/aui/aui-prototyping.nodeps.css.gz
- aui/10.0.0-M02/aui/aui-prototyping.nodeps.css.map.br
- aui/10.0.0-M02/aui/aui-prototyping.nodeps.css.map.gz
- aui/10.0.0-M02/aui/aui-prototyping.nodeps.js.br
- aui/10.0.0-M02/aui/aui-prototyping.nodeps.js.gz
- aui/10.0.0-M02/aui/aui-prototyping.nodeps.js.map.br
- aui/10.0.0-M02/aui/aui-prototyping.nodeps.js.map.gz
- aui/10.0.0-M02/aui/aui-prototyping.nodeps.min.css.br
- aui/10.0.0-M02/aui/aui-prototyping.nodeps.min.css.gz
- aui/10.0.0-M02/aui/aui-prototyping.nodeps.min.js.br
- aui/10.0.0-M02/aui/aui-prototyping.nodeps.min.js.gz
- aui/10.0.0-M02/aui/fonts/adgs-icons.eot.br
- aui/10.0.0-M02/aui/fonts/adgs-icons.eot.gz
- aui/10.0.0-M02/aui/fonts/adgs-icons.ttf.br
- aui/10.0.0-M02/aui/fonts/adgs-icons.ttf.gz
- aui/10.0.0-M02/aui/fonts/adgs-icons.woff.br
- aui/10.0.0-M02/aui/fonts/adgs-icons.woff.gz
- aui/10.0.0-M02/aui/fonts/atlassian-icons.eot.br
- aui/10.0.0-M02/aui/fonts/atlassian-icons.eot.gz
- aui/10.0.0-M02/aui/fonts/atlassian-icons.ttf.br
- aui/10.0.0-M02/aui/fonts/atlassian-icons.ttf.gz
- aui/10.0.0-M02/aui/fonts/atlassian-icons.woff.br
- aui/10.0.0-M02/aui/fonts/atlassian-icons.woff.gz
- aui/10.0.0-M02/aui/images/adgs-icons.svg.br
- aui/10.0.0-M02/aui/images/adgs-icons.svg.gz
- aui/10.0.0-M02/aui/images/atlassian-icons.svg.br
- aui/10.0.0-M02/aui/images/atlassian-icons.svg.gz
- aui/10.0.0-M02/aui/themes/dark-future.js.br
- aui/10.0.0-M02/aui/themes/dark-future.js.gz
- aui/10.0.0-M02/aui/themes/dark-future.js.map.br
- aui/10.0.0-M02/aui/themes/dark-future.js.map.gz
- aui/10.0.0-M02/aui/themes/dark-future.min.js.br
- aui/10.0.0-M02/aui/themes/dark-future.min.js.gz
- aui/10.0.0-M02/aui/themes/dark.js.br
- aui/10.0.0-M02/aui/themes/dark.js.gz
- aui/10.0.0-M02/aui/themes/dark.js.map.br
- aui/10.0.0-M02/aui/themes/dark.js.map.gz
- aui/10.0.0-M02/aui/themes/dark.min.js.br
- aui/10.0.0-M02/aui/themes/dark.min.js.gz
- aui/10.0.0-M02/aui/themes/legacy-dark.js.br
- aui/10.0.0-M02/aui/themes/legacy-dark.js.gz
- aui/10.0.0-M02/aui/themes/legacy-dark.js.map.br
- aui/10.0.0-M02/aui/themes/legacy-dark.js.map.gz
- aui/10.0.0-M02/aui/themes/legacy-dark.min.js.br
- aui/10.0.0-M02/aui/themes/legacy-dark.min.js.gz
- aui/10.0.0-M02/aui/themes/legacy-light.js.br
- aui/10.0.0-M02/aui/themes/legacy-light.js.gz
- aui/10.0.0-M02/aui/themes/legacy-light.js.map.br
- aui/10.0.0-M02/aui/themes/legacy-light.js.map.gz
- aui/10.0.0-M02/aui/themes/legacy-light.min.js.br
- aui/10.0.0-M02/aui/themes/legacy-light.min.js.gz
- aui/10.0.0-M02/aui/themes/light-future.js.br
- aui/10.0.0-M02/aui/themes/light-future.js.gz
- aui/10.0.0-M02/aui/themes/light-future.js.map.br
- aui/10.0.0-M02/aui/themes/light-future.js.map.gz
- aui/10.0.0-M02/aui/themes/light-future.min.js.br
- aui/10.0.0-M02/aui/themes/light-future.min.js.gz
- aui/10.0.0-M02/aui/themes/light.js.br
- aui/10.0.0-M02/aui/themes/light.js.gz
- aui/10.0.0-M02/aui/themes/light.js.map.br
- aui/10.0.0-M02/aui/themes/light.js.map.gz
- aui/10.0.0-M02/aui/themes/light.min.js.br
- aui/10.0.0-M02/aui/themes/light.min.js.gz
- aui/10.0.0-M02/aui/themes/shape.js.br
- aui/10.0.0-M02/aui/themes/shape.js.gz
- aui/10.0.0-M02/aui/themes/shape.js.map.br
- aui/10.0.0-M02/aui/themes/shape.js.map.gz
- aui/10.0.0-M02/aui/themes/shape.min.js.br
- aui/10.0.0-M02/aui/themes/shape.min.js.gz
- aui/10.0.0-M02/aui/themes/spacing.js.br
- aui/10.0.0-M02/aui/themes/spacing.js.gz
- aui/10.0.0-M02/aui/themes/spacing.js.map.br
- aui/10.0.0-M02/aui/themes/spacing.js.map.gz
- aui/10.0.0-M02/aui/themes/spacing.min.js.br
- aui/10.0.0-M02/aui/themes/spacing.min.js.gz
- aui/10.0.0-M02/aui/themes/typography-adg3.js.br
- aui/10.0.0-M02/aui/themes/typography-adg3.js.gz
- aui/10.0.0-M02/aui/themes/typography-adg3.js.map.br
- aui/10.0.0-M02/aui/themes/typography-adg3.js.map.gz
- aui/10.0.0-M02/aui/themes/typography-adg3.min.js.br
- aui/10.0.0-M02/aui/themes/typography-adg3.min.js.gz
- aui/10.0.0-M02/aui/themes/typography-modernized.js.br
- aui/10.0.0-M02/aui/themes/typography-modernized.js.gz
- aui/10.0.0-M02/aui/themes/typography-modernized.js.map.br
- aui/10.0.0-M02/aui/themes/typography-modernized.js.map.gz
- aui/10.0.0-M02/aui/themes/typography-modernized.min.js.br
- aui/10.0.0-M02/aui/themes/typography-modernized.min.js.gz
SRIs:
- aui/10.0.0-M02/aui/aui-prototyping-design-tokens-base-themes.min.js: sha512-j1pHZNX6vDlGrV3WHKTTJvFHfNGU0Gf6cEU4rjqSYE/Z4ZBYiFP7efyr1k/iPLE19Fo3kq40+wxYCdts93L2MQ==
- aui/10.0.0-M02/aui/themes/dark.js: sha512-a4HcepNSZmfEY1vTxr1yy+jyIoPh9EXP1dTvsvVNnGtzo3BWs+Y48SYsgCh07/K3OTDd48duO7pMJVS/3VlEMA==
- aui/10.0.0-M02/aui/themes/light-future.js: sha512-6dQfUWLkMnytMbUUJvUkqqtHZM9XfuM3EwveODSZdVEQeKGHH3mo1u3rv65OvwQeV+/YBwBBMKyoYq8qR63QxQ==
- aui/10.0.0-M02/aui/aui-prototyping-darkmode.css: sha512-t4SoW88Vl+qxm/TifnN7aEcPOwb77CjTtyzveuQf6TQRfJSNWwHqAbmUOXJ4AP0VsevJLVuOWw8JBT4cPtK6LQ==
- aui/10.0.0-M02/aui/aui-prototyping.min.css: sha512-+UKCPWB8M7ytlVhBPScy8WkERHTyPNRapYX52nOXHI8rItBsYMpT4i6USE9qSg9YMq9yI6IWZ2MKa5cJm5GAtQ==
- aui/10.0.0-M02/aui/themes/legacy-dark.min.js: sha512-POJcXWF2NQiM3Okb6UxNS8YLC/0CAdMcqoZE9pHpdQskflK3BO/PnjpiF1KOCxG03vuNDXylx7IKWhUqnurZwg==
- aui/10.0.0-M02/aui/themes/legacy-light.js: sha512-6JnXtZYReJiNmZ7WzJ3rag3SFiYXcc5+pxTLtNcEXDwAwfwi2A6RAsOugT91k5EjY1zTCQPlmeJj8QkGZBGsOw==
- aui/10.0.0-M02/aui/themes/shape.js: sha512-ma0jvYnm3aG9kIxufDnXlelE0/vV+5kULfbi6sIObDpSQtRb9tWToGA/ogoja0I/YSpGW8NN8zVkRzR7YBS4Dw==
- aui/10.0.0-M02/aui/themes/typography-modernized.js: sha512-QT2skiMC8SCAFInjxeHfirxGaBGtrfGtT4JrxzY9o2DOoj758udY1TtLdjO+G7Ourhzb9JpoTPSVJuQtqj//Wg==
- aui/10.0.0-M02/aui/aui-prototyping-design-tokens-base-themes-css.css: sha512-EVpk348v5elA/CMVHpbkZ58eN2x7p4+IhKIAB6V+V+tPUY3erDcbF/qyhk+yE7+X8O3O+cmGzgbmQLOu8/ARag==
- aui/10.0.0-M02/aui/aui-prototyping.css: sha512-PgzkIQLxjKRDwWFJckPAG/L9dDq4DdytU0rIr1VOtwopO+uaq6bxAQCY9fm3DfaQzqmHJSUYCfrxDws6H1PPBA==
- aui/10.0.0-M02/aui/themes/dark.min.js: sha512-ZV4ocS28fy5Ks+/Yp1I6X1gnj3+166NFD7iySXXbZJUXEwHkAyOTkEXtl4SYtCSJqCvjsa0hzIfwEDo3KD/JXA==
- aui/10.0.0-M02/aui/themes/light.min.js: sha512-SzxlNYxtjNtjGD2lp2ZTWTAqbjtuUi5Mws7hLlvz4xbDR5Tcf/bJS3yt6sRvJWgT2oX1OWG4OPtz+hr2GNT2Zw==
- aui/10.0.0-M02/aui/themes/typography-adg3.min.js: sha512-MHJ0b96KMC+Y13EsAXrWSSrZaoSW1rNpOjUf/chPEWjsh3hymBDkHJ+g5sJd1KUUBe4/emTEaKZvtfaosZevFQ==
- aui/10.0.0-M02/aui/aui-css-deprecations.js: sha512-02EMauAAx9SQ5KTyMCou3SfEGrT3PTuSAIZ8J9nrk0vB5Xv/xlbW6LjqboK7dhCEqAYtMe443TZpNJcU7kk31A==
- aui/10.0.0-M02/aui/aui-prototyping-design-tokens-compatibility.css: sha512-WSfhligDjxbiVDX2QTxQeRnojxlP92JqDHHwDn+nz/B1njSjsQujkE/tasL3Oq1jWYGdsXmzhQ0m1TqRl7ywaQ==
- aui/10.0.0-M02/aui/aui-prototyping-design-tokens-compatibility.min.css: sha512-ntdvMdci6ZVOPu3erbJuiYCtPf7zwQqsNSVfQJ5M+vhCfx1lAZFygXlFJBKSsU/E4ItbwvSsoSqmqSxPWMfqbA==
- aui/10.0.0-M02/aui/themes/light-future.min.js: sha512-rXsa2W3k4WXMx4bIp5UqmVckYMrVFviUUdvxmGfe7Gt+umPEJMzmR1140oXGz+g7NO1XCv+udUrsf5dV4wpX1Q==
- aui/10.0.0-M02/aui/themes/shape.min.js: sha512-8723nqQp5i+Vw5Q0rUiZo3Kkz5Of0BKHmtUMxB4FoaBj1oeoDDKJoKqVByWiCXmbenUufUoGvJ47Uj8H1Q581Q==
- aui/10.0.0-M02/aui/themes/typography-adg3.js: sha512-vpNlgvNSVTT6eECJSdSBoopetUS3qeg0rwT9dLplMWBT2LByprRbX48/fXnv0rAOTP60kCn9/n5NOEzNjGO+0g==
- aui/10.0.0-M02/aui/aui-prototyping-design-tokens-api-full.js: sha512-085/92npM3v7krL8JyqVs+gvXuep2RLsnXK4AymWzT3ZnAo659P8O/YxhQeTNAvAqRw7P0EycigepQUSY6Aifg==
- aui/10.0.0-M02/aui/aui-prototyping.min.js: sha512-AuKdASCn4gwPsiFwGfT9S6K924M71MY5pd0hRCl7fNrguk0ytugv5oUE6k2vTq+g4nYBjddzcm332qlOt21dbA==
- aui/10.0.0-M02/aui/aui-prototyping.nodeps.css: sha512-b+DasTVCl6OisRVjM3p3iOt++5p3Q8K/cabIs+eTCewrLqm8MylN7/VyHqpLMp9dasbcCE21+UKqbRd5Y/zu4g==
- aui/10.0.0-M02/aui/themes/typography-modernized.min.js: sha512-EHsn8yFCJTsXrPmdnvVnHWucqdWgmsCmZG48aQkOejgHB4ReWRGuCI9fQrHQohaZCts+EBR499D9I5DiptUxWw==
- aui/10.0.0-M02/aui/aui-prototyping-design-tokens-base-themes.js: sha512-HoqRcKL+DmCk/xVnvFK4LatlUheQoPMLpCraODonRW9fFcilqq2EyMLPkUXqM9rdwHo4pIo4EEW6rMyPxt1NSw==
- aui/10.0.0-M02/aui/aui-prototyping-design-tokens-api-full.min.js: sha512-SF7bQqnlb9aNaJs0co7zn8rGTtLUbQfEvGmHhmqWl9m5I3ijrdZkGnqeZ7l2Jjhwn9GZUMDYK+RI85xZiQI5lQ==
- aui/10.0.0-M02/aui/aui-prototyping.nodeps.js: sha512-XoD4keI3mzxbNbMsI6P7b1egz2Ss2IeX9pkp40CXb+nm3bK7W5U5/dwR6hHnyNRM/Kn50ZsDeiGBdZidDTuaTQ==
- aui/10.0.0-M02/aui/aui-prototyping.nodeps.min.css: sha512-+UKCPWB8M7ytlVhBPScy8WkERHTyPNRapYX52nOXHI8rItBsYMpT4i6USE9qSg9YMq9yI6IWZ2MKa5cJm5GAtQ==
- aui/10.0.0-M02/aui/aui-prototyping-browserfocus.min.css: sha512-L+Gzhp6P5Yq1ySIfEi3rdWFs9Zhfr1EwnmPqu3rTrRyZ2WEQgO4CYKBjX8r9iHRuCsuOfHTeOXOb6LBpvGTr8g==
- aui/10.0.0-M02/aui/aui-prototyping-design-tokens-api.min.js: sha512-fsKgslokETctSiDx6I1/Jpih/bd8jlF8UugvjwrlI2AWnOa/DqrReaza8Q7UVpiuVSv/+3/KzDXQeW0RI9bwng==
- aui/10.0.0-M02/aui/aui-prototyping-design-tokens-base-themes-css.js: sha512-fPEvvGXrmrqt2CiLfSto0/MsNZ44g8d4bUkbwJCjFPJO/8tk4LL2RZSp8eatN9p4bCc1u2QPf+dm2p05K0LANg==
- aui/10.0.0-M02/aui/aui-prototyping-design-tokens-base-themes-css.min.css: sha512-58I7OVJVN+GNnVX+OdfH5mc9Dk0tY5+PebVkwLnRrGLhdSudceL0PcjINYb58AkK4UQFNg0CyLXXwl+lSoLeBA==
- aui/10.0.0-M02/aui/aui-prototyping-design-tokens-base-themes-css.min.js: sha512-BXeQCbytkLTibCJFRp1284Aah+AqODY4T+6YuJRYLVnggX6Xxp81cEJ5MkL8dBf3tUICJ4eMrltEzWTh/iX9nA==
- aui/10.0.0-M02/aui/aui-prototyping.js: sha512-pGJy/uKhZzGjyFT/GZP5S+1166FpHJ4+T3oGBrw5ZBePMdANENFJAY9BFTjLY+oAL9Y+maF1a43RHMIxRoSjcQ==
- aui/10.0.0-M02/aui/themes/dark-future.min.js: sha512-pQdZlV60dAkdUj9Oj9CaGXYl5PpUk9sRmHb7GawGXgeNfqTg6GZTHFUUPHi1THVnRlzbO6Qnp+ru6ybzZMgfig==
- aui/10.0.0-M02/aui/themes/legacy-dark.js: sha512-ZtmWsxzcPvIu2ewtfHQIZXh8IFMziS9ChCTuOrRykhXfz4EdsgtvegTpOBNU116aGMfMQnI59CYGHqqwVxbvGw==
- aui/10.0.0-M02/aui/aui-prototyping-darkmode.min.css: sha512-u41F8q0rFVSi+DMza8n4sFO5DsnFEHjeFwgGbVpT3tvDOlQCUUUCg5shgDmHAkjXWAn1/2aVlr3q6MFPyazPzQ==
- aui/10.0.0-M02/aui/themes/light.js: sha512-kc/pFZkAGZClMaKlohRkP2uWdNTXQOBCmd+tIxy59WGGHOeXKfbxLzaJbpWTjuE2sGvbYuK96p6n34u92sjArA==
- aui/10.0.0-M02/aui/themes/spacing.js: sha512-1tjQ7ULlvtUhonVo+8p58706AUdAk9QB7n8ZFwcIj+Uw/zHJiBzbR0ohzxB3JK4qBrARvKO9HJzGqbg8tJd2PA==
- aui/10.0.0-M02/aui/themes/spacing.min.js: sha512-ryFW2O9WiBEPndWHDb0UiGG5IHtSaM0pEjlxq4zs3ZO7TRxN/xJ6ElqjMWzwp2HnHUMI0piKA+i4PMv6FxVBNA==
- aui/10.0.0-M02/aui/themes/legacy-light.min.js: sha512-o8gQ+/4LO26NZM3yEODzO/eE9xawjIDl0I+wyizfmJMjm6SeFAHaJMwW4DnyqVRTfsGI/hpBF0LTZ4ezn2JMFw==
- aui/10.0.0-M02/aui/aui-prototyping-browserfocus.css: sha512-h+RaARe5pvq2HsbiObZ4fdXbN9MvOJaOMqfv9iMMAAGDtd30LK4u9qf8qbujj9R0TXhwVYyKNzM25kUACPeJ7A==
- aui/10.0.0-M02/aui/aui-prototyping-design-tokens-api.js: sha512-kSqFbZjt/3BAqCs3mY1NQBbTSc0XjxUw07NRwfNfJx2OTTRyaVd9uoDxhtnAyM09cXABzMe2xtiVEwCAftp7zA==
- aui/10.0.0-M02/aui/aui-prototyping.nodeps.min.js: sha512-A1WVCu0+veFvzD3I5eGYIGpmxBDQt0E979Ys8wtG5FZCg+asJ6JbmcfbUi60ihEaNPtzXZd/nQULjpX4n8xFLQ==
- aui/10.0.0-M02/aui/themes/dark-future.js: sha512-P+X2af60L/jpGZmjBf5B0zDfy/OVwZkNcnYfX2VccJInFZgWKK50R1w+au0iW6yNS28GMr8cAz8wytQPuXPp6g==
- aui/10.0.0-M02/aui/aui-css-deprecations.min.js: sha512-9gCOhuIaI3Sw+L+W3VY8obQExHdfcJLOmGhAQRHo4StQJB8ug24peKV8QU1T52C4kOy3HXCm1xZc4dKJj5EUeA==
