config: {"authors":[{"name":"Northwoods Software"}],"autoupdate":{"source":"npm","target":"gojs","fileMap":[{"basePath":"release","files":["**/*.+(js|map)"]}]},"description":"Interactive diagrams, charts, and graphs, such as trees, flowcharts, orgcharts, UML, BPMN, or business diagrams","filename":"go.js","homepage":"http://gojs.net","keywords":["diagram","chart","tree","flowchart","orgchart","uml","bpmn","graphics","editor","inspector","drawing","canvas","shape","svg","hierarchy","node","link","group","vertex","edge","connection","port","label","arrowhead","family-tree","decision-tree","mindmap","tournament","treeview","pipe-tree","genogram","ivr-tree","parse-tree","concept-map","euler","visualization","entity-relationship","er-diagram","friend-wheel","radial","graph-distances","graph-paths","sankey","pert","gantt","timeline","monitor","layer","swimlane","spreadsheet","virtualization","flow","process","state","sequential-function","grafcet","sequence","circuit","record","field","table","dataflow","data-flow","planogram","seating","pipes","overview","palette","comment","layout","grid-layout","tree-layout","force-directed","layered","hierarchical","circular","fishbone","ishikawa","parallel","serpentine","treemap","tree-map","freehand","polygon","polyline","bezier","panel","view","model","databinding","data-binding","binding","transaction","coordinates","subgraph","selection","highlight","tooltip","context-menu","tool","command","validation","button","template","legend","grid","printing"],"license":"http://gojs.net/latest/doc/license.html","name":"gojs","repository":{"type":"git","url":"git+https://github.com/NorthwoodsSoftware/GoJS.git"},"author":"Northwoods Software"}
KV keys:
- gojs/3.1.0-a1/go-debug-module.js.br
- gojs/3.1.0-a1/go-debug-module.js.gz
- gojs/3.1.0-a1/go-debug-module.min.js.br
- gojs/3.1.0-a1/go-debug-module.min.js.gz
- gojs/3.1.0-a1/go-debug.js.br
- gojs/3.1.0-a1/go-debug.js.gz
- gojs/3.1.0-a1/go-debug.min.js.br
- gojs/3.1.0-a1/go-debug.min.js.gz
- gojs/3.1.0-a1/go-module.js.br
- gojs/3.1.0-a1/go-module.js.gz
- gojs/3.1.0-a1/go-module.min.js.br
- gojs/3.1.0-a1/go-module.min.js.gz
- gojs/3.1.0-a1/go.js.br
- gojs/3.1.0-a1/go.js.gz
- gojs/3.1.0-a1/go.min.js.br
- gojs/3.1.0-a1/go.min.js.gz
SRIs:
- gojs/3.1.0-a1/go-module.js: sha512-djsxK92LDFKLcbG7LnG1hyyGMHfwMepKo2GUbULWCxP/hSZP4G3+8DIqAWbZzDiH+swM6B3Kd7JOp/QR28yfJQ==
- gojs/3.1.0-a1/go-module.min.js: sha512-MvVBmo46yl0qd8dVuM2P8PKUaLx0CrpOIxWL019ksWw/lVPV0pSd+uA+Af79zsS7kJWDG5RR1QW4CYlVTEt9eg==
- gojs/3.1.0-a1/go.js: sha512-376otwuFOlxQ1ZWAk85r8EV0RDND9qobGMC82tjzNF/PF1ngIz9yoakN9T/TftpJAmBC3WBduxe79hsaw3HG7w==
- gojs/3.1.0-a1/go.min.js: sha512-8G8nOYak6MxhNqdpN9lfX4sQL55hfRInMuX1dhH2q2VhOXVJ8MYJTCkMg1ksa1CI7Wj09V7Cei3LlaA2QDWDaA==
- gojs/3.1.0-a1/go-debug-module.js: sha512-2H0XNw24zsEiMx8MK4ThWIbEU7bB7/Hlz84kDwdsLw2xah1jZcVjjF7fuEoCX+QjusVLWzKCe3fh4Ypl/jgt2w==
- gojs/3.1.0-a1/go-debug-module.min.js: sha512-bNzOFgbWjdXBXEm4/ORDKcAL3BXI02G9Hy9jbwPyYdS351JqaQ8PhnAioiAnBxS3Z6IBjzfdl3578JPjUi9Uww==
- gojs/3.1.0-a1/go-debug.js: sha512-IKScmwYAlhp9VErHRrQVDKtce+8Q1DCo2PTMMPLmurSQwm187UtfYvZ25xUMXDvOxwBRPhT6Zb+gOFWhiCkloA==
- gojs/3.1.0-a1/go-debug.min.js: sha512-JSAF1l1rNwGVnOz3UKNHiVMjjbW3p2otvIwxcEdMNjVQOLqcUvIpWBLKZ3Py5vHBeXZEUPmC7Nkn4TGkyKAuQA==
