config: {"authors":[{"name":"ruffle contributors","url":"https://github.com/ruffle-rs/ruffle/graphs/contributors"}],"autoupdate":{"source":"npm","target":"@ruffle-rs/ruffle","fileMap":[{"basePath":"","files":["*.@(js|wasm)"]}]},"description":"Putting Flash back on the web. Ruffle will polyfill all Flash content and replace it with the Ruffle flash player.","filename":"ruffle.js","homepage":"https://ruffle.rs","keywords":["flash","swf"],"license":"(MIT OR Apache-2.0)","name":"ruffle-rs","repository":{"type":"git","url":"git+https://github.com/ruffle-rs/ruffle.git"},"author":"ruffle contributors (https://github.com/ruffle-rs/ruffle/graphs/contributors)"}
KV keys:
- ruffle-rs/0.1.0-nightly.2025.5.29/5b3ca9d71c2e3248dd71.wasm.br
- ruffle-rs/0.1.0-nightly.2025.5.29/5b3ca9d71c2e3248dd71.wasm.gz
- ruffle-rs/0.1.0-nightly.2025.5.29/bc0d0586244a473e800b.wasm.br
- ruffle-rs/0.1.0-nightly.2025.5.29/bc0d0586244a473e800b.wasm.gz
- ruffle-rs/0.1.0-nightly.2025.5.29/core.ruffle.29d57bf5557b9d16043b.js.br
- ruffle-rs/0.1.0-nightly.2025.5.29/core.ruffle.29d57bf5557b9d16043b.js.gz
- ruffle-rs/0.1.0-nightly.2025.5.29/core.ruffle.29d57bf5557b9d16043b.min.js.br
- ruffle-rs/0.1.0-nightly.2025.5.29/core.ruffle.29d57bf5557b9d16043b.min.js.gz
- ruffle-rs/0.1.0-nightly.2025.5.29/core.ruffle.d2941fc9c6a49db447af.js.br
- ruffle-rs/0.1.0-nightly.2025.5.29/core.ruffle.d2941fc9c6a49db447af.js.gz
- ruffle-rs/0.1.0-nightly.2025.5.29/core.ruffle.d2941fc9c6a49db447af.min.js.br
- ruffle-rs/0.1.0-nightly.2025.5.29/core.ruffle.d2941fc9c6a49db447af.min.js.gz
- ruffle-rs/0.1.0-nightly.2025.5.29/ruffle.js.br
- ruffle-rs/0.1.0-nightly.2025.5.29/ruffle.js.gz
- ruffle-rs/0.1.0-nightly.2025.5.29/ruffle.min.js.br
- ruffle-rs/0.1.0-nightly.2025.5.29/ruffle.min.js.gz
SRIs:
- ruffle-rs/0.1.0-nightly.2025.5.29/core.ruffle.d2941fc9c6a49db447af.min.js: sha512-kpgZyGkwLKLqtGfkZcxGfR2RGySaaL9IXZVxxTvA7SYIiqFZAh63RwXjIEszk8xwEAnACU1TWX9tUZmFM6b2NA==
- ruffle-rs/0.1.0-nightly.2025.5.29/ruffle.js: sha512-I4kfmU5GRUuxhGPkQlO1GZz22b1N1t24K9BJJyIcCPj4oQhTnxIs+UkWd3V7pqJBxociwAMrAcZVKMIGXJXDZA==
- ruffle-rs/0.1.0-nightly.2025.5.29/ruffle.min.js: sha512-UCNBcBpnO741Kf8wbxeBQ46NJvkkGgQqnKO1+rzEhNO5O7d4KtG8b5UuQSQ64CWYXryEoYxjBVPiah86SUZVnQ==
- ruffle-rs/0.1.0-nightly.2025.5.29/core.ruffle.29d57bf5557b9d16043b.js: sha512-l7C9Cot1JXYkTFiW2iGUgXT0DtshezdJ2BJ0mX6qUNxoRjfm+71vO6NC/wh/3ANwA8DoQnXZK6Hbepygmrn2gQ==
- ruffle-rs/0.1.0-nightly.2025.5.29/core.ruffle.29d57bf5557b9d16043b.min.js: sha512-C8PiW27r4vqLxAzIXsSgKXZh5PkCmsbZHO+QdPVUf0GijwlxDOgtqVWItvTJF8WYWuabenEQpQmfV5TRUtU0VA==
- ruffle-rs/0.1.0-nightly.2025.5.29/core.ruffle.d2941fc9c6a49db447af.js: sha512-XUi8GVtGOXjo9T4JSdvha/SrNQCOOj2ca1La3H5LalJJtwF/ljQdTmQixCfDRy3ejhWkDvgDUc8oiUA/ZuqOGQ==
