2025/06/16 19:52:33 optimizing files (Js true, Css true, Png true, Jpg true)
2025/06/16 19:52:33 /tmp/work/css/select.bootstrap5.css already has a compressed version: /tmp/work/css/select.bootstrap5.min.css
2025/06/16 19:52:33 sri /tmp/work/css/select.bootstrap5.css -> /output/select.bootstrap5.css.sri
2025/06/16 19:52:33 sri /tmp/work/css/select.bootstrap5.min.css -> /output/select.bootstrap5.min.css.sri
2025/06/16 19:52:33 algorithm: run /usr/bin/brotli --quality=11 --output=/output/select.bootstrap5.css.br /tmp/work/css/select.bootstrap5.css
2025/06/16 19:52:33 /tmp/work/js/select.bootstrap5.min.js already has corresponding compressed file
2025/06/16 19:52:33 /tmp/work/js/select.bootstrap5.min.js is already compressed
2025/06/16 19:52:33 sri /tmp/work/js/select.bootstrap5.min.js -> /output/select.bootstrap5.min.js.sri
2025/06/16 19:52:33 algorithm: run /usr/bin/brotli --quality=11 --output=/output/select.bootstrap5.min.js.br /tmp/work/js/select.bootstrap5.min.js
2025/06/16 19:52:33 sri /tmp/work/js/select.bootstrap5.js -> /output/select.bootstrap5.js.sri
2025/06/16 19:52:33 algorithm: run /usr/bin/brotli --quality=11 --output=/output/select.bootstrap5.js.br /tmp/work/js/select.bootstrap5.js
2025/06/16 19:52:33 algorithm: run /usr/bin/brotli --quality=11 --output=/output/select.bootstrap5.min.css.br /tmp/work/css/select.bootstrap5.min.css
2025/06/16 19:52:33 br /tmp/work/js/select.bootstrap5.min.js -> /output/select.bootstrap5.min.js.br
2025/06/16 19:52:33 gz /tmp/work/js/select.bootstrap5.min.js -> /output/select.bootstrap5.min.js.gz
2025/06/16 19:52:33 br /tmp/work/css/select.bootstrap5.css -> /output/select.bootstrap5.css.br
2025/06/16 19:52:33 gz /tmp/work/css/select.bootstrap5.css -> /output/select.bootstrap5.css.gz
2025/06/16 19:52:33 br /tmp/work/css/select.bootstrap5.min.css -> /output/select.bootstrap5.min.css.br
2025/06/16 19:52:33 gz /tmp/work/css/select.bootstrap5.min.css -> /output/select.bootstrap5.min.css.gz
2025/06/16 19:52:33 br /tmp/work/js/select.bootstrap5.js -> /output/select.bootstrap5.js.br
2025/06/16 19:52:33 gz /tmp/work/js/select.bootstrap5.js -> /output/select.bootstrap5.js.gz
2025/06/16 19:52:33 processed datatables.net-select-bs5
