- v-charts/1.17.7/amap.js.br
- v-charts/1.17.7/amap.js.gz
- v-charts/1.17.7/amap.min.js.br
- v-charts/1.17.7/amap.min.js.gz
- v-charts/1.17.7/bar.js.br
- v-charts/1.17.7/bar.js.gz
- v-charts/1.17.7/bar.min.js.br
- v-charts/1.17.7/bar.min.js.gz
- v-charts/1.17.7/bmap.js.br
- v-charts/1.17.7/bmap.js.gz
- v-charts/1.17.7/bmap.min.js.br
- v-charts/1.17.7/bmap.min.js.gz
- v-charts/1.17.7/candle.js.br
- v-charts/1.17.7/candle.js.gz
- v-charts/1.17.7/candle.min.js.br
- v-charts/1.17.7/candle.min.js.gz
- v-charts/1.17.7/chart.js.br
- v-charts/1.17.7/chart.js.gz
- v-charts/1.17.7/chart.min.js.br
- v-charts/1.17.7/chart.min.js.gz
- v-charts/1.17.7/constants.js.br
- v-charts/1.17.7/constants.js.gz
- v-charts/1.17.7/constants.min.js.br
- v-charts/1.17.7/constants.min.js.gz
- v-charts/1.17.7/core.js.br
- v-charts/1.17.7/core.js.gz
- v-charts/1.17.7/core.min.js.br
- v-charts/1.17.7/core.min.js.gz
- v-charts/1.17.7/funnel.js.br
- v-charts/1.17.7/funnel.js.gz
- v-charts/1.17.7/funnel.min.js.br
- v-charts/1.17.7/funnel.min.js.gz
- v-charts/1.17.7/gauge.js.br
- v-charts/1.17.7/gauge.js.gz
- v-charts/1.17.7/gauge.min.js.br
- v-charts/1.17.7/gauge.min.js.gz
- v-charts/1.17.7/heatmap.js.br
- v-charts/1.17.7/heatmap.js.gz
- v-charts/1.17.7/heatmap.min.js.br
- v-charts/1.17.7/heatmap.min.js.gz
- v-charts/1.17.7/histogram.js.br
- v-charts/1.17.7/histogram.js.gz
- v-charts/1.17.7/histogram.min.js.br
- v-charts/1.17.7/histogram.min.js.gz
- v-charts/1.17.7/index.esm.js.br
- v-charts/1.17.7/index.esm.js.gz
- v-charts/1.17.7/index.esm.min.js.br
- v-charts/1.17.7/index.esm.min.js.gz
- v-charts/1.17.7/index.js.br
- v-charts/1.17.7/index.js.gz
- v-charts/1.17.7/index.min.js.br
- v-charts/1.17.7/index.min.js.gz
- v-charts/1.17.7/line.js.br
- v-charts/1.17.7/line.js.gz
- v-charts/1.17.7/line.min.js.br
- v-charts/1.17.7/line.min.js.gz
- v-charts/1.17.7/map.js.br
- v-charts/1.17.7/map.js.gz
- v-charts/1.17.7/map.min.js.br
- v-charts/1.17.7/map.min.js.gz
- v-charts/1.17.7/pie.js.br
- v-charts/1.17.7/pie.js.gz
- v-charts/1.17.7/pie.min.js.br
- v-charts/1.17.7/pie.min.js.gz
- v-charts/1.17.7/radar.js.br
- v-charts/1.17.7/radar.js.gz
- v-charts/1.17.7/radar.min.js.br
- v-charts/1.17.7/radar.min.js.gz
- v-charts/1.17.7/ring.js.br
- v-charts/1.17.7/ring.js.gz
- v-charts/1.17.7/ring.min.js.br
- v-charts/1.17.7/ring.min.js.gz
- v-charts/1.17.7/sankey.js.br
- v-charts/1.17.7/sankey.js.gz
- v-charts/1.17.7/sankey.min.js.br
- v-charts/1.17.7/sankey.min.js.gz
- v-charts/1.17.7/scatter.js.br
- v-charts/1.17.7/scatter.js.gz
- v-charts/1.17.7/scatter.min.js.br
- v-charts/1.17.7/scatter.min.js.gz
- v-charts/1.17.7/tree.js.br
- v-charts/1.17.7/tree.js.gz
- v-charts/1.17.7/tree.min.js.br
- v-charts/1.17.7/tree.min.js.gz
- v-charts/1.17.7/waterfall.js.br
- v-charts/1.17.7/waterfall.js.gz
- v-charts/1.17.7/waterfall.min.js.br
- v-charts/1.17.7/waterfall.min.js.gz