config: {"authors":[{"name":"Facebook"}],"autoupdate":{"source":"npm","target":"react-dom","fileMap":[{"basePath":"dist","files":["**/*"]},{"basePath":"","files":["+(cjs|umd)/**/*"]}],"ignoreVersions":["*-alpha.*[a-z]*","0.0.0-*"]},"description":"The entry point of the DOM-related rendering paths. It is intended to be paired with the isomorphic React, which is shipped as react to npm.","filename":"umd/react-dom.production.min.js","homepage":"https://facebook.github.io/react/","keywords":["react","jsx","transformer","view","dom","server"],"license":"MIT","name":"react-dom","repository":{"type":"git","url":"https://github.com/facebook/react"},"author":"Facebook"}
KV keys:
- react-dom/19.2.0-canary-a96a0f39-20250815/cjs/react-dom-client.development.js.br
- react-dom/19.2.0-canary-a96a0f39-20250815/cjs/react-dom-client.development.js.gz
- react-dom/19.2.0-canary-a96a0f39-20250815/cjs/react-dom-client.development.min.js.br
- react-dom/19.2.0-canary-a96a0f39-20250815/cjs/react-dom-client.development.min.js.gz
- react-dom/19.2.0-canary-a96a0f39-20250815/cjs/react-dom-client.production.js.br
- react-dom/19.2.0-canary-a96a0f39-20250815/cjs/react-dom-client.production.js.gz
- react-dom/19.2.0-canary-a96a0f39-20250815/cjs/react-dom-client.production.min.js.br
- react-dom/19.2.0-canary-a96a0f39-20250815/cjs/react-dom-client.production.min.js.gz
- react-dom/19.2.0-canary-a96a0f39-20250815/cjs/react-dom-profiling.development.js.br
- react-dom/19.2.0-canary-a96a0f39-20250815/cjs/react-dom-profiling.development.js.gz
- react-dom/19.2.0-canary-a96a0f39-20250815/cjs/react-dom-profiling.development.min.js.br
- react-dom/19.2.0-canary-a96a0f39-20250815/cjs/react-dom-profiling.development.min.js.gz
- react-dom/19.2.0-canary-a96a0f39-20250815/cjs/react-dom-profiling.profiling.js.br
- react-dom/19.2.0-canary-a96a0f39-20250815/cjs/react-dom-profiling.profiling.js.gz
- react-dom/19.2.0-canary-a96a0f39-20250815/cjs/react-dom-profiling.profiling.min.js.br
- react-dom/19.2.0-canary-a96a0f39-20250815/cjs/react-dom-profiling.profiling.min.js.gz
- react-dom/19.2.0-canary-a96a0f39-20250815/cjs/react-dom-server-legacy.browser.development.js.br
- react-dom/19.2.0-canary-a96a0f39-20250815/cjs/react-dom-server-legacy.browser.development.js.gz
- react-dom/19.2.0-canary-a96a0f39-20250815/cjs/react-dom-server-legacy.browser.development.min.js.br
- react-dom/19.2.0-canary-a96a0f39-20250815/cjs/react-dom-server-legacy.browser.development.min.js.gz
- react-dom/19.2.0-canary-a96a0f39-20250815/cjs/react-dom-server-legacy.browser.production.js.br
- react-dom/19.2.0-canary-a96a0f39-20250815/cjs/react-dom-server-legacy.browser.production.js.gz
- react-dom/19.2.0-canary-a96a0f39-20250815/cjs/react-dom-server-legacy.browser.production.min.js.br
- react-dom/19.2.0-canary-a96a0f39-20250815/cjs/react-dom-server-legacy.browser.production.min.js.gz
- react-dom/19.2.0-canary-a96a0f39-20250815/cjs/react-dom-server-legacy.node.development.js.br
- react-dom/19.2.0-canary-a96a0f39-20250815/cjs/react-dom-server-legacy.node.development.js.gz
- react-dom/19.2.0-canary-a96a0f39-20250815/cjs/react-dom-server-legacy.node.development.min.js.br
- react-dom/19.2.0-canary-a96a0f39-20250815/cjs/react-dom-server-legacy.node.development.min.js.gz
- react-dom/19.2.0-canary-a96a0f39-20250815/cjs/react-dom-server-legacy.node.production.js.br
- react-dom/19.2.0-canary-a96a0f39-20250815/cjs/react-dom-server-legacy.node.production.js.gz
- react-dom/19.2.0-canary-a96a0f39-20250815/cjs/react-dom-server-legacy.node.production.min.js.br
- react-dom/19.2.0-canary-a96a0f39-20250815/cjs/react-dom-server-legacy.node.production.min.js.gz
- react-dom/19.2.0-canary-a96a0f39-20250815/cjs/react-dom-server.browser.development.js.br
- react-dom/19.2.0-canary-a96a0f39-20250815/cjs/react-dom-server.browser.development.js.gz
- react-dom/19.2.0-canary-a96a0f39-20250815/cjs/react-dom-server.browser.development.min.js.br
- react-dom/19.2.0-canary-a96a0f39-20250815/cjs/react-dom-server.browser.development.min.js.gz
- react-dom/19.2.0-canary-a96a0f39-20250815/cjs/react-dom-server.browser.production.js.br
- react-dom/19.2.0-canary-a96a0f39-20250815/cjs/react-dom-server.browser.production.js.gz
- react-dom/19.2.0-canary-a96a0f39-20250815/cjs/react-dom-server.browser.production.min.js.br
- react-dom/19.2.0-canary-a96a0f39-20250815/cjs/react-dom-server.browser.production.min.js.gz
- react-dom/19.2.0-canary-a96a0f39-20250815/cjs/react-dom-server.bun.development.js.br
- react-dom/19.2.0-canary-a96a0f39-20250815/cjs/react-dom-server.bun.development.js.gz
- react-dom/19.2.0-canary-a96a0f39-20250815/cjs/react-dom-server.bun.development.min.js.br
- react-dom/19.2.0-canary-a96a0f39-20250815/cjs/react-dom-server.bun.development.min.js.gz
- react-dom/19.2.0-canary-a96a0f39-20250815/cjs/react-dom-server.bun.production.js.br
- react-dom/19.2.0-canary-a96a0f39-20250815/cjs/react-dom-server.bun.production.js.gz
- react-dom/19.2.0-canary-a96a0f39-20250815/cjs/react-dom-server.bun.production.min.js.br
- react-dom/19.2.0-canary-a96a0f39-20250815/cjs/react-dom-server.bun.production.min.js.gz
- react-dom/19.2.0-canary-a96a0f39-20250815/cjs/react-dom-server.edge.development.js.br
- react-dom/19.2.0-canary-a96a0f39-20250815/cjs/react-dom-server.edge.development.js.gz
- react-dom/19.2.0-canary-a96a0f39-20250815/cjs/react-dom-server.edge.development.min.js.br
- react-dom/19.2.0-canary-a96a0f39-20250815/cjs/react-dom-server.edge.development.min.js.gz
- react-dom/19.2.0-canary-a96a0f39-20250815/cjs/react-dom-server.edge.production.js.br
- react-dom/19.2.0-canary-a96a0f39-20250815/cjs/react-dom-server.edge.production.js.gz
- react-dom/19.2.0-canary-a96a0f39-20250815/cjs/react-dom-server.edge.production.min.js.br
- react-dom/19.2.0-canary-a96a0f39-20250815/cjs/react-dom-server.edge.production.min.js.gz
- react-dom/19.2.0-canary-a96a0f39-20250815/cjs/react-dom-server.node.development.js.br
- react-dom/19.2.0-canary-a96a0f39-20250815/cjs/react-dom-server.node.development.js.gz
- react-dom/19.2.0-canary-a96a0f39-20250815/cjs/react-dom-server.node.development.min.js.br
- react-dom/19.2.0-canary-a96a0f39-20250815/cjs/react-dom-server.node.development.min.js.gz
- react-dom/19.2.0-canary-a96a0f39-20250815/cjs/react-dom-server.node.production.js.br
- react-dom/19.2.0-canary-a96a0f39-20250815/cjs/react-dom-server.node.production.js.gz
- react-dom/19.2.0-canary-a96a0f39-20250815/cjs/react-dom-server.node.production.min.js.br
- react-dom/19.2.0-canary-a96a0f39-20250815/cjs/react-dom-server.node.production.min.js.gz
- react-dom/19.2.0-canary-a96a0f39-20250815/cjs/react-dom-test-utils.development.js.br
- react-dom/19.2.0-canary-a96a0f39-20250815/cjs/react-dom-test-utils.development.js.gz
- react-dom/19.2.0-canary-a96a0f39-20250815/cjs/react-dom-test-utils.development.min.js.br
- react-dom/19.2.0-canary-a96a0f39-20250815/cjs/react-dom-test-utils.development.min.js.gz
- react-dom/19.2.0-canary-a96a0f39-20250815/cjs/react-dom-test-utils.production.js.br
- react-dom/19.2.0-canary-a96a0f39-20250815/cjs/react-dom-test-utils.production.js.gz
- react-dom/19.2.0-canary-a96a0f39-20250815/cjs/react-dom-test-utils.production.min.js.br
- react-dom/19.2.0-canary-a96a0f39-20250815/cjs/react-dom-test-utils.production.min.js.gz
- react-dom/19.2.0-canary-a96a0f39-20250815/cjs/react-dom.development.js.br
- react-dom/19.2.0-canary-a96a0f39-20250815/cjs/react-dom.development.js.gz
- react-dom/19.2.0-canary-a96a0f39-20250815/cjs/react-dom.development.min.js.br
- react-dom/19.2.0-canary-a96a0f39-20250815/cjs/react-dom.development.min.js.gz
- react-dom/19.2.0-canary-a96a0f39-20250815/cjs/react-dom.production.js.br
- react-dom/19.2.0-canary-a96a0f39-20250815/cjs/react-dom.production.js.gz
- react-dom/19.2.0-canary-a96a0f39-20250815/cjs/react-dom.production.min.js.br
- react-dom/19.2.0-canary-a96a0f39-20250815/cjs/react-dom.production.min.js.gz
- react-dom/19.2.0-canary-a96a0f39-20250815/cjs/react-dom.react-server.development.js.br
- react-dom/19.2.0-canary-a96a0f39-20250815/cjs/react-dom.react-server.development.js.gz
- react-dom/19.2.0-canary-a96a0f39-20250815/cjs/react-dom.react-server.development.min.js.br
- react-dom/19.2.0-canary-a96a0f39-20250815/cjs/react-dom.react-server.development.min.js.gz
- react-dom/19.2.0-canary-a96a0f39-20250815/cjs/react-dom.react-server.production.js.br
- react-dom/19.2.0-canary-a96a0f39-20250815/cjs/react-dom.react-server.production.js.gz
- react-dom/19.2.0-canary-a96a0f39-20250815/cjs/react-dom.react-server.production.min.js.br
- react-dom/19.2.0-canary-a96a0f39-20250815/cjs/react-dom.react-server.production.min.js.gz
SRIs:
- react-dom/19.2.0-canary-a96a0f39-20250815/cjs/react-dom-server-legacy.node.production.min.js: sha512-J8Og1/Ff9MuLOW2rCGgiZP0x9EYT3VdKp36L29YWK4hcBWVT7r8eTOeETVMpafmSl+ZxxGyss9vOv8RKPGmCTw==
- react-dom/19.2.0-canary-a96a0f39-20250815/cjs/react-dom-server.bun.production.min.js: sha512-zJ7x2n5QyKL4YBzG14bt6eWfOlM3Yes3hpQuUCS8oVAGzoPoSRg/jEp5OieUaHh2VKnkTXpFFLdw9mc6kWqH/A==
- react-dom/19.2.0-canary-a96a0f39-20250815/cjs/react-dom-server.edge.development.min.js: sha512-8BMoIfeTWY/jmVL12V+rLEIyxY/iTEHrWNbnN+zq0HJRFfR/N+rQEATD6c/J7clbyfMBt2lx1PtCJAlly/q8Nw==
- react-dom/19.2.0-canary-a96a0f39-20250815/cjs/react-dom-client.development.js: sha512-i+o695jDEbc232/Ur8n54r/BaH15Ep9YgLgeRXsv1dG8bwKBt+XlBEAcqb1VxEAq1+ANczGK58DTgsYkoDNE5A==
- react-dom/19.2.0-canary-a96a0f39-20250815/cjs/react-dom-client.development.min.js: sha512-bJYMHS2nH95KhqD/q6PIaJxvls+k2hhnsR6CrViIBoVWRAfWJ/ouioe0cnz7+oIqcsfrm+H72s6eRfxRe5BLOQ==
- react-dom/19.2.0-canary-a96a0f39-20250815/cjs/react-dom-client.production.js: sha512-evyrlod+ThS1QU++WNPVfzLBvqwWG88TzJajbE1LLzinokFlxUvxpGKUFhRBu8wAuDtCXIT1vQ79Tj9rm0HTmA==
- react-dom/19.2.0-canary-a96a0f39-20250815/cjs/react-dom-profiling.development.js: sha512-2xiKesgpn0e8reHX2UZstNonF3CCwnBnFlCb+1V8WcRWcIoGu5XY1+3MwKPCl7FIFXBDQZDPJS+79Tu1gbfWhA==
- react-dom/19.2.0-canary-a96a0f39-20250815/cjs/react-dom-profiling.profiling.min.js: sha512-10olrlN1nlrelUNphpfUGWiBAMMsde3vRCm1zyqHGV0aoDAyzlcXBOkpW8unwpVOCIT580bMfigrImm2qS6kEA==
- react-dom/19.2.0-canary-a96a0f39-20250815/cjs/react-dom-server.browser.development.js: sha512-evC6I8Eh/dIDUEUH8fs1n1cvq9TQ+g0kPT7+1RZkA3wTaQq2Bl4x0erX5mwe2a9MauZ/yAorurjW76NC+HZIyA==
- react-dom/19.2.0-canary-a96a0f39-20250815/cjs/react-dom-test-utils.production.min.js: sha512-7i9t0ZObhvtf6bXCbuUPUW3AkdvGjkN3wJ+Wy1eNzrakcrYWQ2mieiZloe9pfdNx7c3ye/zhZFjluDQttG0gpw==
- react-dom/19.2.0-canary-a96a0f39-20250815/cjs/react-dom-server-legacy.browser.production.min.js: sha512-+OygwtjpDQKubbbG2VFiRCIg18/axVdPiGUZFeR4Q9ZkJcf/wAVEnMARz8udGIKQPHZEZ2uYaGH+vUYRZ0Q01g==
- react-dom/19.2.0-canary-a96a0f39-20250815/cjs/react-dom-server-legacy.node.development.js: sha512-Pz9rgk/UGSKXE8gPu9RUal3VQB2lQGmfPv7NViPzb5lK4iD+zdhbNs8Xz2GsmnZzTc7sldvdgJpR3OUTm+nrJQ==
- react-dom/19.2.0-canary-a96a0f39-20250815/cjs/react-dom-server.browser.production.js: sha512-+FqZGBnd3Y6i8/Pz1/m/icfH3E5dkUxx9dOYrUOIo3Q6QPv9TedD7u4bfWwk8BrQVQI4y9NpmyU/WmX50UMn4g==
- react-dom/19.2.0-canary-a96a0f39-20250815/cjs/react-dom-server.edge.development.js: sha512-xS07GNFBlG5uh1akUwJdpmda8YGROhnKCyxwjuxJHNkGA/iUWGa4GzFQNVvgws9aGQxDekheSbe2yaueqYW41Q==
- react-dom/19.2.0-canary-a96a0f39-20250815/cjs/react-dom-server-legacy.browser.production.js: sha512-4n0kHM/HUUyLvn9JmDDGOMu4DEx1i8ghILCa71lTN/jq7BR8zljk2jGF/muGCiHB4m6e38vmyyTawkmJ3wPEkg==
- react-dom/19.2.0-canary-a96a0f39-20250815/cjs/react-dom-server.edge.production.min.js: sha512-a6fc4iOKkH7L+GZDPVWxx1srpz80Y0UpPtQfDBgv2HRlklpxyTZ8xXOpSO+X41LGJUVED4SoyU6wXcHXchHMKw==
- react-dom/19.2.0-canary-a96a0f39-20250815/cjs/react-dom-server.node.production.js: sha512-dYFHUNYEPUlkdWupNy6LyEWRhH8cWsMhoMJSMpimlW9ue7YHDs/yiX8wrdxWK78TRPwr63A2jUjxfKOPuAHg3A==
- react-dom/19.2.0-canary-a96a0f39-20250815/cjs/react-dom-test-utils.development.min.js: sha512-zZ3i3o1rgGlQugRndFsHwrDh56QBL4RxBWQsEEZKtI4fmkztffLhS4URazWEluTDK6af7E2vJnk0cDWvTJmBIA==
- react-dom/19.2.0-canary-a96a0f39-20250815/cjs/react-dom.production.js: sha512-S7X0dNCf93dshJcx2WdYX9fbvCbdQy9bL7nmfkcpcUp3wo4cbScOqewJNJwJRauNCznyHPjjq3O/aGVMpV/udA==
- react-dom/19.2.0-canary-a96a0f39-20250815/cjs/react-dom.react-server.development.js: sha512-w6C5Ai6sjIVNLG5yBIY+lvBlpcghvv8g6/ORNDvTOJJdAMz4DWAy819fW3LxXcpoKd4QZXPnVH+yLfuyK75HQA==
- react-dom/19.2.0-canary-a96a0f39-20250815/cjs/react-dom-profiling.development.min.js: sha512-wM4jkWxRLEtHrRBA1dgvgGYepb1cgExP2Hz59X5nIcytPTvPZU4RvwFRMqU7jXjK+1KwUihlytx5823/JEzwLA==
- react-dom/19.2.0-canary-a96a0f39-20250815/cjs/react-dom-server-legacy.node.development.min.js: sha512-82xZ6RT2hAEyHyweOXmvOpymoXQDRl/sIYqTYS+dSw0QLG0BEx+rtu7VMbExsN2Oe3ElYoIhVDDmnk4AsWw2cA==
- react-dom/19.2.0-canary-a96a0f39-20250815/cjs/react-dom.development.js: sha512-96XUYcywvlPyVm3tRuB981u8OMvwYpqNYkpdvECJZuxW/RpF9uzLnCL1ZXDr+FcAp3G3sZE4C9O/OMUKc0GlBg==
- react-dom/19.2.0-canary-a96a0f39-20250815/cjs/react-dom.react-server.production.js: sha512-lhAxNJmyBpOIpGD0T1hn+BikphFRl/j63YUTm/u29tqz4B44WH/Pohrm4zUxafZBYu7nnGqVl61RCAoQlzFXmg==
- react-dom/19.2.0-canary-a96a0f39-20250815/cjs/react-dom.production.min.js: sha512-O7TF4YfRc6rcyzdc+W0COQXYKqncBXa3Ocirde9lzevHk+j4Ytlr91o8sbdG+uB1yFZ/9bvY5cS3VCVBwcQ97g==
- react-dom/19.2.0-canary-a96a0f39-20250815/cjs/react-dom-profiling.profiling.js: sha512-xJkJyEysUt12azEYI9AvYNZLr6lasrcxGF4Graxo7TWqiIG136R0RgXhWLzZ9pcoLNwXaUA8GVs2KA1ugmSWIQ==
- react-dom/19.2.0-canary-a96a0f39-20250815/cjs/react-dom-server-legacy.browser.development.js: sha512-Fb2MWiweA90/82NALHJC/AhEXDbHOqYMbUYbmrd8ILH3GiKU9VYsIvBsqjGwHRryDtXN5qig0HtYxhSGDFPZHQ==
- react-dom/19.2.0-canary-a96a0f39-20250815/cjs/react-dom-server-legacy.browser.development.min.js: sha512-epX4ZkvZY3nTkTWXOzBcsHxudzfObHIQISEbHsfhAHRTNqaE4CkCHqod1zUUqKT0m1RzxFQcNWcL2Am/eRroTQ==
- react-dom/19.2.0-canary-a96a0f39-20250815/cjs/react-dom-server.bun.development.min.js: sha512-QPUWBD6PrmWE8buNQI8e9VMHD0rcDqMoe9I5HXL047Io/401tesYMFaWYHJURMbTf7xZE67HtHbx8UWhg/mq8w==
- react-dom/19.2.0-canary-a96a0f39-20250815/cjs/react-dom-server.bun.production.js: sha512-slkNvRo8A6lTa2Kk0cZuPrw4RwsKtso2bCHcr51o0WwOnU/GbU4iuZ5ynXJp2NI6EpSms8o/1/wdbr4vzKl6vA==
- react-dom/19.2.0-canary-a96a0f39-20250815/cjs/react-dom-test-utils.development.js: sha512-WXOi4X8urnIYjwhn0/ettuwKqfPkRU/SKLAds31Ovg5w/cL3iy7GWQh8DdbUx1afVOJUwhU48fDqX1prORciCQ==
- react-dom/19.2.0-canary-a96a0f39-20250815/cjs/react-dom-test-utils.production.js: sha512-jkoqaAph1QG0Rsi5v6QFKgNiVbYZAAHnJAMKrsaEng593GKYE7QdBtHNvNEnyJXhBy7MahqaZvPLT30h+DAZig==
- react-dom/19.2.0-canary-a96a0f39-20250815/cjs/react-dom-client.production.min.js: sha512-MYnD2o3UiN89iDvbtKG7GeiYd4fOel/cXrSfppzwwJqyUR/IGBlj6ePiQph22MYS3orgsfPFn0zoO8e6qxlctw==
- react-dom/19.2.0-canary-a96a0f39-20250815/cjs/react-dom-server.browser.production.min.js: sha512-SmzmCeR6T82L7Ag/PAGDAsl2D27IJlBjwvoiq9NyDnsCVz6vqZhdJlpS/+GxTRUoxdghNaS+RB3Bg8T2B2oDMA==
- react-dom/19.2.0-canary-a96a0f39-20250815/cjs/react-dom-server.edge.production.js: sha512-Vaxb0AVi/bLQSyzKF7rtYvqLLIgwErHrowlXwD+PC/p5Wa7WsAJ4huzD907Vi3jwIxDSc7Au22JoyMhSTubRJA==
- react-dom/19.2.0-canary-a96a0f39-20250815/cjs/react-dom-server.node.development.min.js: sha512-dE6mjlf4r5BIh4DYpR3OttNQIED5uvgNFeYwgKQQS560VIxMU3+UeuZH8JISxocU+CweMS9yb3i7kUv2MDqtiw==
- react-dom/19.2.0-canary-a96a0f39-20250815/cjs/react-dom-server.node.production.min.js: sha512-QGnNwDw3pBKh9DCxVgv/2XPbMVa/hDguIzwmNl3p8byjRuv+ZcFGl7D4tZXMhWQR2jNk13rjeibrMddTm5vO0Q==
- react-dom/19.2.0-canary-a96a0f39-20250815/cjs/react-dom.development.min.js: sha512-mLB2H6PBsQxmjDnSJJDZmJwLX9+RhMoYEk3WacIzHxyzN1ypz65XbXx8lmaTs7feZkGL6XTjO2IWgZzCOqAxnQ==
- react-dom/19.2.0-canary-a96a0f39-20250815/cjs/react-dom.react-server.development.min.js: sha512-WRJinmCOou9dfdBZVrMjn/w5EztU0DmgmUF9ZlratIjTcmMDxLh72UWRfGLBQjEXdMmvVwjPi48FkbvxdsIRWg==
- react-dom/19.2.0-canary-a96a0f39-20250815/cjs/react-dom-server-legacy.node.production.js: sha512-i1PZdGI60wSK0lr+bImRejUE6ne0HRBhXAiZAlMaW6pk6xOfqICAa3pnMjl/I8gWjo99DRcDd+xyGBIpFEajJw==
- react-dom/19.2.0-canary-a96a0f39-20250815/cjs/react-dom-server.browser.development.min.js: sha512-QfoUidGcgoV209nTHmPQcvl4cmlnwJCMIr7Fi7mSWsu2d+sfAml3kEz7NVqrL9Rj4W3AyP68V2MEPufMvpN8KA==
- react-dom/19.2.0-canary-a96a0f39-20250815/cjs/react-dom-server.bun.development.js: sha512-gt5ekRA6WP3GvnUCh0LO41MEUkhsnfFsKhZaCngcYZRJWVtcAzf/3IcC7KyHCtDhysu6hHuy17bRiXZp+i5xkg==
- react-dom/19.2.0-canary-a96a0f39-20250815/cjs/react-dom-server.node.development.js: sha512-MdlqRBxDReF5AUQ2646RDT3WwmKWjM22eXKSe6s7xyX2ziuAazH/9T+GxcsNPq74LYSat1sMtBXXG9oMRgAzDw==
- react-dom/19.2.0-canary-a96a0f39-20250815/cjs/react-dom.react-server.production.min.js: sha512-uWlWhOE4Nb9V1boQA1C6CVkvYB4wtaxP/zn8gJ60T1bFxpUJKT+Y7oPSnc6m4cSoxP1D0FpUwnJBivxxCqmkzQ==
