- descope-web-component/0.0.0-next-ec33c70c-20260312/cjs/descope-wc/BaseDescopeWc.js.br
- descope-web-component/0.0.0-next-ec33c70c-20260312/cjs/descope-wc/BaseDescopeWc.js.gz
- descope-web-component/0.0.0-next-ec33c70c-20260312/cjs/descope-wc/BaseDescopeWc.js.map.br
- descope-web-component/0.0.0-next-ec33c70c-20260312/cjs/descope-wc/BaseDescopeWc.js.map.gz
- descope-web-component/0.0.0-next-ec33c70c-20260312/cjs/descope-wc/BaseDescopeWc.min.js.br
- descope-web-component/0.0.0-next-ec33c70c-20260312/cjs/descope-wc/BaseDescopeWc.min.js.gz
- descope-web-component/0.0.0-next-ec33c70c-20260312/cjs/descope-wc/DescopeWc.js.br
- descope-web-component/0.0.0-next-ec33c70c-20260312/cjs/descope-wc/DescopeWc.js.gz
- descope-web-component/0.0.0-next-ec33c70c-20260312/cjs/descope-wc/DescopeWc.js.map.br
- descope-web-component/0.0.0-next-ec33c70c-20260312/cjs/descope-wc/DescopeWc.js.map.gz
- descope-web-component/0.0.0-next-ec33c70c-20260312/cjs/descope-wc/DescopeWc.min.js.br
- descope-web-component/0.0.0-next-ec33c70c-20260312/cjs/descope-wc/DescopeWc.min.js.gz
- descope-web-component/0.0.0-next-ec33c70c-20260312/cjs/descope-wc/index.js.br
- descope-web-component/0.0.0-next-ec33c70c-20260312/cjs/descope-wc/index.js.gz
- descope-web-component/0.0.0-next-ec33c70c-20260312/cjs/descope-wc/index.js.map.br
- descope-web-component/0.0.0-next-ec33c70c-20260312/cjs/descope-wc/index.js.map.gz
- descope-web-component/0.0.0-next-ec33c70c-20260312/cjs/descope-wc/index.min.js.br
- descope-web-component/0.0.0-next-ec33c70c-20260312/cjs/descope-wc/index.min.js.gz
- descope-web-component/0.0.0-next-ec33c70c-20260312/esm/descope-wc/BaseDescopeWc.js.br
- descope-web-component/0.0.0-next-ec33c70c-20260312/esm/descope-wc/BaseDescopeWc.js.gz
- descope-web-component/0.0.0-next-ec33c70c-20260312/esm/descope-wc/BaseDescopeWc.js.map.br
- descope-web-component/0.0.0-next-ec33c70c-20260312/esm/descope-wc/BaseDescopeWc.js.map.gz
- descope-web-component/0.0.0-next-ec33c70c-20260312/esm/descope-wc/BaseDescopeWc.min.js.br
- descope-web-component/0.0.0-next-ec33c70c-20260312/esm/descope-wc/BaseDescopeWc.min.js.gz
- descope-web-component/0.0.0-next-ec33c70c-20260312/esm/descope-wc/DescopeWc.js.br
- descope-web-component/0.0.0-next-ec33c70c-20260312/esm/descope-wc/DescopeWc.js.gz
- descope-web-component/0.0.0-next-ec33c70c-20260312/esm/descope-wc/DescopeWc.js.map.br
- descope-web-component/0.0.0-next-ec33c70c-20260312/esm/descope-wc/DescopeWc.js.map.gz
- descope-web-component/0.0.0-next-ec33c70c-20260312/esm/descope-wc/DescopeWc.min.js.br
- descope-web-component/0.0.0-next-ec33c70c-20260312/esm/descope-wc/DescopeWc.min.js.gz
- descope-web-component/0.0.0-next-ec33c70c-20260312/esm/descope-wc/index.js.br
- descope-web-component/0.0.0-next-ec33c70c-20260312/esm/descope-wc/index.js.gz
- descope-web-component/0.0.0-next-ec33c70c-20260312/esm/descope-wc/index.js.map.br
- descope-web-component/0.0.0-next-ec33c70c-20260312/esm/descope-wc/index.js.map.gz
- descope-web-component/0.0.0-next-ec33c70c-20260312/esm/descope-wc/index.min.js.br
- descope-web-component/0.0.0-next-ec33c70c-20260312/esm/descope-wc/index.min.js.gz
- descope-web-component/0.0.0-next-ec33c70c-20260312/index.js.br
- descope-web-component/0.0.0-next-ec33c70c-20260312/index.js.gz
- descope-web-component/0.0.0-next-ec33c70c-20260312/index.min.js.br
- descope-web-component/0.0.0-next-ec33c70c-20260312/index.min.js.gz