- open-props/1.7.17/animations.min.css.br
- open-props/1.7.17/animations.min.css.gz
- open-props/1.7.17/animations.shadow.min.css.br
- open-props/1.7.17/animations.shadow.min.css.gz
- open-props/1.7.17/aspects.min.css.br
- open-props/1.7.17/aspects.min.css.gz
- open-props/1.7.17/aspects.shadow.min.css.br
- open-props/1.7.17/aspects.shadow.min.css.gz
- open-props/1.7.17/blue-hsl.min.css.br
- open-props/1.7.17/blue-hsl.min.css.gz
- open-props/1.7.17/blue-hsl.shadow.min.css.br
- open-props/1.7.17/blue-hsl.shadow.min.css.gz
- open-props/1.7.17/blue.min.css.br
- open-props/1.7.17/blue.min.css.gz
- open-props/1.7.17/blue.shadow.min.css.br
- open-props/1.7.17/blue.shadow.min.css.gz
- open-props/1.7.17/borders.min.css.br
- open-props/1.7.17/borders.min.css.gz
- open-props/1.7.17/borders.shadow.min.css.br
- open-props/1.7.17/borders.shadow.min.css.gz
- open-props/1.7.17/brand-colors.min.css.br
- open-props/1.7.17/brand-colors.min.css.gz
- open-props/1.7.17/brown-hsl.min.css.br
- open-props/1.7.17/brown-hsl.min.css.gz
- open-props/1.7.17/brown-hsl.shadow.min.css.br
- open-props/1.7.17/brown-hsl.shadow.min.css.gz
- open-props/1.7.17/brown.min.css.br
- open-props/1.7.17/brown.min.css.gz
- open-props/1.7.17/brown.shadow.min.css.br
- open-props/1.7.17/brown.shadow.min.css.gz
- open-props/1.7.17/buttons.dark.min.css.br
- open-props/1.7.17/buttons.dark.min.css.gz
- open-props/1.7.17/buttons.light.min.css.br
- open-props/1.7.17/buttons.light.min.css.gz
- open-props/1.7.17/buttons.min.css.br
- open-props/1.7.17/buttons.min.css.gz
- open-props/1.7.17/camo-hsl.min.css.br
- open-props/1.7.17/camo-hsl.min.css.gz
- open-props/1.7.17/camo-hsl.shadow.min.css.br
- open-props/1.7.17/camo-hsl.shadow.min.css.gz
- open-props/1.7.17/camo.min.css.br
- open-props/1.7.17/camo.min.css.gz
- open-props/1.7.17/camo.shadow.min.css.br
- open-props/1.7.17/camo.shadow.min.css.gz
- open-props/1.7.17/choco-hsl.min.css.br
- open-props/1.7.17/choco-hsl.min.css.gz
- open-props/1.7.17/choco-hsl.shadow.min.css.br
- open-props/1.7.17/choco-hsl.shadow.min.css.gz
- open-props/1.7.17/choco.min.css.br
- open-props/1.7.17/choco.min.css.gz
- open-props/1.7.17/choco.shadow.min.css.br
- open-props/1.7.17/choco.shadow.min.css.gz
- open-props/1.7.17/colors-hsl.min.css.br
- open-props/1.7.17/colors-hsl.min.css.gz
- open-props/1.7.17/colors-hsl.shadow.min.css.br
- open-props/1.7.17/colors-hsl.shadow.min.css.gz
- open-props/1.7.17/colors-oklch.min.css.br
- open-props/1.7.17/colors-oklch.min.css.gz
- open-props/1.7.17/colors-oklch.shadow.min.css.br
- open-props/1.7.17/colors-oklch.shadow.min.css.gz
- open-props/1.7.17/colors.min.css.br
- open-props/1.7.17/colors.min.css.gz
- open-props/1.7.17/colors.shadow.min.css.br
- open-props/1.7.17/colors.shadow.min.css.gz
- open-props/1.7.17/cyan-hsl.min.css.br
- open-props/1.7.17/cyan-hsl.min.css.gz
- open-props/1.7.17/cyan-hsl.shadow.min.css.br
- open-props/1.7.17/cyan-hsl.shadow.min.css.gz
- open-props/1.7.17/cyan.min.css.br
- open-props/1.7.17/cyan.min.css.gz
- open-props/1.7.17/cyan.shadow.min.css.br
- open-props/1.7.17/cyan.shadow.min.css.gz
- open-props/1.7.17/durations.min.css.br
- open-props/1.7.17/durations.min.css.gz
- open-props/1.7.17/easings.min.css.br
- open-props/1.7.17/easings.min.css.gz
- open-props/1.7.17/easings.shadow.min.css.br
- open-props/1.7.17/easings.shadow.min.css.gz
- open-props/1.7.17/extra/brand.css.br
- open-props/1.7.17/extra/brand.css.gz
- open-props/1.7.17/extra/buttons.css.br
- open-props/1.7.17/extra/buttons.css.gz
- open-props/1.7.17/extra/buttons.dark.css.br
- open-props/1.7.17/extra/buttons.dark.css.gz
- open-props/1.7.17/extra/buttons.light.css.br
- open-props/1.7.17/extra/buttons.light.css.gz
- open-props/1.7.17/extra/durations.css.br
- open-props/1.7.17/extra/durations.css.gz
- open-props/1.7.17/extra/durations.min.css.br
- open-props/1.7.17/extra/durations.min.css.gz
- open-props/1.7.17/extra/normalize.css.br
- open-props/1.7.17/extra/normalize.css.gz
- open-props/1.7.17/extra/normalize.dark.css.br
- open-props/1.7.17/extra/normalize.dark.css.gz
- open-props/1.7.17/extra/normalize.dark.min.css.br
- open-props/1.7.17/extra/normalize.dark.min.css.gz
- open-props/1.7.17/extra/normalize.light.css.br
- open-props/1.7.17/extra/normalize.light.css.gz
- open-props/1.7.17/extra/normalize.light.min.css.br
- open-props/1.7.17/extra/normalize.light.min.css.gz
- open-props/1.7.17/extra/normalize.min.css.br
- open-props/1.7.17/extra/normalize.min.css.gz
- open-props/1.7.17/extra/normalize.src.css.br
- open-props/1.7.17/extra/normalize.src.css.gz
- open-props/1.7.17/extra/theme.css.br
- open-props/1.7.17/extra/theme.css.gz
- open-props/1.7.17/extra/theme.dark.css.br
- open-props/1.7.17/extra/theme.dark.css.gz
- open-props/1.7.17/extra/theme.dark.switch.css.br
- open-props/1.7.17/extra/theme.dark.switch.css.gz
- open-props/1.7.17/extra/theme.light.css.br
- open-props/1.7.17/extra/theme.light.css.gz
- open-props/1.7.17/extra/theme.light.switch.css.br
- open-props/1.7.17/extra/theme.light.switch.css.gz
- open-props/1.7.17/extra/theme.min.css.br
- open-props/1.7.17/extra/theme.min.css.gz
- open-props/1.7.17/extra/utilities.css.br
- open-props/1.7.17/extra/utilities.css.gz
- open-props/1.7.17/extra/utilities.min.css.br
- open-props/1.7.17/extra/utilities.min.css.gz
- open-props/1.7.17/fonts.min.css.br
- open-props/1.7.17/fonts.min.css.gz
- open-props/1.7.17/fonts.shadow.min.css.br
- open-props/1.7.17/fonts.shadow.min.css.gz
- open-props/1.7.17/gradients.min.css.br
- open-props/1.7.17/gradients.min.css.gz
- open-props/1.7.17/gradients.shadow.min.css.br
- open-props/1.7.17/gradients.shadow.min.css.gz
- open-props/1.7.17/gray-hsl.min.css.br
- open-props/1.7.17/gray-hsl.min.css.gz
- open-props/1.7.17/gray-hsl.shadow.min.css.br
- open-props/1.7.17/gray-hsl.shadow.min.css.gz
- open-props/1.7.17/gray-oklch.min.css.br
- open-props/1.7.17/gray-oklch.min.css.gz
- open-props/1.7.17/gray-oklch.shadow.min.css.br
- open-props/1.7.17/gray-oklch.shadow.min.css.gz
- open-props/1.7.17/gray.min.css.br
- open-props/1.7.17/gray.min.css.gz
- open-props/1.7.17/gray.shadow.min.css.br
- open-props/1.7.17/gray.shadow.min.css.gz
- open-props/1.7.17/green-hsl.min.css.br
- open-props/1.7.17/green-hsl.min.css.gz
- open-props/1.7.17/green-hsl.shadow.min.css.br
- open-props/1.7.17/green-hsl.shadow.min.css.gz
- open-props/1.7.17/green.min.css.br
- open-props/1.7.17/green.min.css.gz
- open-props/1.7.17/green.shadow.min.css.br
- open-props/1.7.17/green.shadow.min.css.gz
- open-props/1.7.17/index.css.br
- open-props/1.7.17/index.css.gz
- open-props/1.7.17/index.min.css.br
- open-props/1.7.17/index.min.css.gz
- open-props/1.7.17/indigo-hsl.min.css.br
- open-props/1.7.17/indigo-hsl.min.css.gz
- open-props/1.7.17/indigo-hsl.shadow.min.css.br
- open-props/1.7.17/indigo-hsl.shadow.min.css.gz
- open-props/1.7.17/indigo.min.css.br
- open-props/1.7.17/indigo.min.css.gz
- open-props/1.7.17/indigo.shadow.min.css.br
- open-props/1.7.17/indigo.shadow.min.css.gz
- open-props/1.7.17/jungle-hsl.min.css.br
- open-props/1.7.17/jungle-hsl.min.css.gz
- open-props/1.7.17/jungle-hsl.shadow.min.css.br
- open-props/1.7.17/jungle-hsl.shadow.min.css.gz
- open-props/1.7.17/jungle.min.css.br
- open-props/1.7.17/jungle.min.css.gz
- open-props/1.7.17/jungle.shadow.min.css.br
- open-props/1.7.17/jungle.shadow.min.css.gz
- open-props/1.7.17/lime-hsl.min.css.br
- open-props/1.7.17/lime-hsl.min.css.gz
- open-props/1.7.17/lime-hsl.shadow.min.css.br
- open-props/1.7.17/lime-hsl.shadow.min.css.gz
- open-props/1.7.17/lime.min.css.br
- open-props/1.7.17/lime.min.css.gz
- open-props/1.7.17/lime.shadow.min.css.br
- open-props/1.7.17/lime.shadow.min.css.gz
- open-props/1.7.17/masks.corner-cuts.min.css.br
- open-props/1.7.17/masks.corner-cuts.min.css.gz
- open-props/1.7.17/masks.edges.min.css.br
- open-props/1.7.17/masks.edges.min.css.gz
- open-props/1.7.17/media.min.css.br
- open-props/1.7.17/media.min.css.gz
- open-props/1.7.17/normalize.dark.min.css.br
- open-props/1.7.17/normalize.dark.min.css.gz
- open-props/1.7.17/normalize.light.min.css.br
- open-props/1.7.17/normalize.light.min.css.gz
- open-props/1.7.17/normalize.min.css.br
- open-props/1.7.17/normalize.min.css.gz
- open-props/1.7.17/normalize.shadow.min.css.br
- open-props/1.7.17/normalize.shadow.min.css.gz
- open-props/1.7.17/oklch-hues.min.css.br
- open-props/1.7.17/oklch-hues.min.css.gz
- open-props/1.7.17/oklch-hues.shadow.min.css.br
- open-props/1.7.17/oklch-hues.shadow.min.css.gz
- open-props/1.7.17/open-props.min.css.br
- open-props/1.7.17/open-props.min.css.gz
- open-props/1.7.17/open-props.shadow.min.css.br
- open-props/1.7.17/open-props.shadow.min.css.gz
- open-props/1.7.17/orange-hsl.min.css.br
- open-props/1.7.17/orange-hsl.min.css.gz
- open-props/1.7.17/orange-hsl.shadow.min.css.br
- open-props/1.7.17/orange-hsl.shadow.min.css.gz
- open-props/1.7.17/orange.min.css.br
- open-props/1.7.17/orange.min.css.gz
- open-props/1.7.17/orange.shadow.min.css.br
- open-props/1.7.17/orange.shadow.min.css.gz
- open-props/1.7.17/pink-hsl.min.css.br
- open-props/1.7.17/pink-hsl.min.css.gz
- open-props/1.7.17/pink-hsl.shadow.min.css.br
- open-props/1.7.17/pink-hsl.shadow.min.css.gz
- open-props/1.7.17/pink.min.css.br
- open-props/1.7.17/pink.min.css.gz
- open-props/1.7.17/pink.shadow.min.css.br
- open-props/1.7.17/pink.shadow.min.css.gz
- open-props/1.7.17/props.animations.css.br
- open-props/1.7.17/props.animations.css.gz
- open-props/1.7.17/props.animations.min.css.br
- open-props/1.7.17/props.animations.min.css.gz
- open-props/1.7.17/props.aspects.css.br
- open-props/1.7.17/props.aspects.css.gz
- open-props/1.7.17/props.aspects.min.css.br
- open-props/1.7.17/props.aspects.min.css.gz
- open-props/1.7.17/props.blue-hsl.css.br
- open-props/1.7.17/props.blue-hsl.css.gz
- open-props/1.7.17/props.blue-hsl.min.css.br
- open-props/1.7.17/props.blue-hsl.min.css.gz
- open-props/1.7.17/props.blue.css.br
- open-props/1.7.17/props.blue.css.gz
- open-props/1.7.17/props.blue.min.css.br
- open-props/1.7.17/props.blue.min.css.gz
- open-props/1.7.17/props.borders.css.br
- open-props/1.7.17/props.borders.css.gz
- open-props/1.7.17/props.borders.min.css.br
- open-props/1.7.17/props.borders.min.css.gz
- open-props/1.7.17/props.brand-colors.css.br
- open-props/1.7.17/props.brand-colors.css.gz
- open-props/1.7.17/props.brand-colors.min.css.br
- open-props/1.7.17/props.brand-colors.min.css.gz
- open-props/1.7.17/props.brown-hsl.css.br
- open-props/1.7.17/props.brown-hsl.css.gz
- open-props/1.7.17/props.brown-hsl.min.css.br
- open-props/1.7.17/props.brown-hsl.min.css.gz
- open-props/1.7.17/props.brown.css.br
- open-props/1.7.17/props.brown.css.gz
- open-props/1.7.17/props.brown.min.css.br
- open-props/1.7.17/props.brown.min.css.gz
- open-props/1.7.17/props.camo-hsl.css.br
- open-props/1.7.17/props.camo-hsl.css.gz
- open-props/1.7.17/props.camo-hsl.min.css.br
- open-props/1.7.17/props.camo-hsl.min.css.gz
- open-props/1.7.17/props.camo.css.br
- open-props/1.7.17/props.camo.css.gz
- open-props/1.7.17/props.camo.min.css.br
- open-props/1.7.17/props.camo.min.css.gz
- open-props/1.7.17/props.choco-hsl.css.br
- open-props/1.7.17/props.choco-hsl.css.gz
- open-props/1.7.17/props.choco-hsl.min.css.br
- open-props/1.7.17/props.choco-hsl.min.css.gz
- open-props/1.7.17/props.choco.css.br
- open-props/1.7.17/props.choco.css.gz
- open-props/1.7.17/props.choco.min.css.br
- open-props/1.7.17/props.choco.min.css.gz
- open-props/1.7.17/props.colors-hsl.css.br
- open-props/1.7.17/props.colors-hsl.css.gz
- open-props/1.7.17/props.colors-hsl.min.css.br
- open-props/1.7.17/props.colors-hsl.min.css.gz
- open-props/1.7.17/props.colors-oklch-hues.css.br
- open-props/1.7.17/props.colors-oklch-hues.css.gz
- open-props/1.7.17/props.colors-oklch-hues.min.css.br
- open-props/1.7.17/props.colors-oklch-hues.min.css.gz
- open-props/1.7.17/props.colors-oklch.css.br
- open-props/1.7.17/props.colors-oklch.css.gz
- open-props/1.7.17/props.colors-oklch.min.css.br
- open-props/1.7.17/props.colors-oklch.min.css.gz
- open-props/1.7.17/props.colors.css.br
- open-props/1.7.17/props.colors.css.gz
- open-props/1.7.17/props.colors.min.css.br
- open-props/1.7.17/props.colors.min.css.gz
- open-props/1.7.17/props.cyan-hsl.css.br
- open-props/1.7.17/props.cyan-hsl.css.gz
- open-props/1.7.17/props.cyan-hsl.min.css.br
- open-props/1.7.17/props.cyan-hsl.min.css.gz
- open-props/1.7.17/props.cyan.css.br
- open-props/1.7.17/props.cyan.css.gz
- open-props/1.7.17/props.cyan.min.css.br
- open-props/1.7.17/props.cyan.min.css.gz
- open-props/1.7.17/props.easing.css.br
- open-props/1.7.17/props.easing.css.gz
- open-props/1.7.17/props.easing.min.css.br
- open-props/1.7.17/props.easing.min.css.gz
- open-props/1.7.17/props.fonts.css.br
- open-props/1.7.17/props.fonts.css.gz
- open-props/1.7.17/props.fonts.min.css.br
- open-props/1.7.17/props.fonts.min.css.gz
- open-props/1.7.17/props.gradients.css.br
- open-props/1.7.17/props.gradients.css.gz
- open-props/1.7.17/props.gradients.min.css.br
- open-props/1.7.17/props.gradients.min.css.gz
- open-props/1.7.17/props.gray-hsl.css.br
- open-props/1.7.17/props.gray-hsl.css.gz
- open-props/1.7.17/props.gray-hsl.min.css.br
- open-props/1.7.17/props.gray-hsl.min.css.gz
- open-props/1.7.17/props.gray-oklch.css.br
- open-props/1.7.17/props.gray-oklch.css.gz
- open-props/1.7.17/props.gray-oklch.min.css.br
- open-props/1.7.17/props.gray-oklch.min.css.gz
- open-props/1.7.17/props.gray.css.br
- open-props/1.7.17/props.gray.css.gz
- open-props/1.7.17/props.gray.min.css.br
- open-props/1.7.17/props.gray.min.css.gz
- open-props/1.7.17/props.green-hsl.css.br
- open-props/1.7.17/props.green-hsl.css.gz
- open-props/1.7.17/props.green-hsl.min.css.br
- open-props/1.7.17/props.green-hsl.min.css.gz
- open-props/1.7.17/props.green.css.br
- open-props/1.7.17/props.green.css.gz
- open-props/1.7.17/props.green.min.css.br
- open-props/1.7.17/props.green.min.css.gz
- open-props/1.7.17/props.highlights.css.br
- open-props/1.7.17/props.highlights.css.gz
- open-props/1.7.17/props.highlights.min.css.br
- open-props/1.7.17/props.highlights.min.css.gz
- open-props/1.7.17/props.indigo-hsl.css.br
- open-props/1.7.17/props.indigo-hsl.css.gz
- open-props/1.7.17/props.indigo-hsl.min.css.br
- open-props/1.7.17/props.indigo-hsl.min.css.gz
- open-props/1.7.17/props.indigo.css.br
- open-props/1.7.17/props.indigo.css.gz
- open-props/1.7.17/props.indigo.min.css.br
- open-props/1.7.17/props.indigo.min.css.gz
- open-props/1.7.17/props.jungle-hsl.css.br
- open-props/1.7.17/props.jungle-hsl.css.gz
- open-props/1.7.17/props.jungle-hsl.min.css.br
- open-props/1.7.17/props.jungle-hsl.min.css.gz
- open-props/1.7.17/props.jungle.css.br
- open-props/1.7.17/props.jungle.css.gz
- open-props/1.7.17/props.jungle.min.css.br
- open-props/1.7.17/props.jungle.min.css.gz
- open-props/1.7.17/props.layouts.css.br
- open-props/1.7.17/props.layouts.css.gz
- open-props/1.7.17/props.layouts.min.css.br
- open-props/1.7.17/props.layouts.min.css.gz
- open-props/1.7.17/props.lime-hsl.css.br
- open-props/1.7.17/props.lime-hsl.css.gz
- open-props/1.7.17/props.lime-hsl.min.css.br
- open-props/1.7.17/props.lime-hsl.min.css.gz
- open-props/1.7.17/props.lime.css.br
- open-props/1.7.17/props.lime.css.gz
- open-props/1.7.17/props.lime.min.css.br
- open-props/1.7.17/props.lime.min.css.gz
- open-props/1.7.17/props.masks.corner-cuts.css.br
- open-props/1.7.17/props.masks.corner-cuts.css.gz
- open-props/1.7.17/props.masks.corner-cuts.min.css.br
- open-props/1.7.17/props.masks.corner-cuts.min.css.gz
- open-props/1.7.17/props.masks.edges.css.br
- open-props/1.7.17/props.masks.edges.css.gz
- open-props/1.7.17/props.masks.edges.min.css.br
- open-props/1.7.17/props.masks.edges.min.css.gz
- open-props/1.7.17/props.media.css.br
- open-props/1.7.17/props.media.css.gz
- open-props/1.7.17/props.media.min.css.br
- open-props/1.7.17/props.media.min.css.gz
- open-props/1.7.17/props.orange-hsl.css.br
- open-props/1.7.17/props.orange-hsl.css.gz
- open-props/1.7.17/props.orange-hsl.min.css.br
- open-props/1.7.17/props.orange-hsl.min.css.gz
- open-props/1.7.17/props.orange.css.br
- open-props/1.7.17/props.orange.css.gz
- open-props/1.7.17/props.orange.min.css.br
- open-props/1.7.17/props.orange.min.css.gz
- open-props/1.7.17/props.pink-hsl.css.br
- open-props/1.7.17/props.pink-hsl.css.gz
- open-props/1.7.17/props.pink-hsl.min.css.br
- open-props/1.7.17/props.pink-hsl.min.css.gz
- open-props/1.7.17/props.pink.css.br
- open-props/1.7.17/props.pink.css.gz
- open-props/1.7.17/props.pink.min.css.br
- open-props/1.7.17/props.pink.min.css.gz
- open-props/1.7.17/props.purple-hsl.css.br
- open-props/1.7.17/props.purple-hsl.css.gz
- open-props/1.7.17/props.purple-hsl.min.css.br
- open-props/1.7.17/props.purple-hsl.min.css.gz
- open-props/1.7.17/props.purple.css.br
- open-props/1.7.17/props.purple.css.gz
- open-props/1.7.17/props.purple.min.css.br
- open-props/1.7.17/props.purple.min.css.gz
- open-props/1.7.17/props.red-hsl.css.br
- open-props/1.7.17/props.red-hsl.css.gz
- open-props/1.7.17/props.red-hsl.min.css.br
- open-props/1.7.17/props.red-hsl.min.css.gz
- open-props/1.7.17/props.red.css.br
- open-props/1.7.17/props.red.css.gz
- open-props/1.7.17/props.red.min.css.br
- open-props/1.7.17/props.red.min.css.gz
- open-props/1.7.17/props.sand-hsl.css.br
- open-props/1.7.17/props.sand-hsl.css.gz
- open-props/1.7.17/props.sand-hsl.min.css.br
- open-props/1.7.17/props.sand-hsl.min.css.gz
- open-props/1.7.17/props.sand.css.br
- open-props/1.7.17/props.sand.css.gz
- open-props/1.7.17/props.sand.min.css.br
- open-props/1.7.17/props.sand.min.css.gz
- open-props/1.7.17/props.shadows.css.br
- open-props/1.7.17/props.shadows.css.gz
- open-props/1.7.17/props.shadows.min.css.br
- open-props/1.7.17/props.shadows.min.css.gz
- open-props/1.7.17/props.sizes.css.br
- open-props/1.7.17/props.sizes.css.gz
- open-props/1.7.17/props.sizes.min.css.br
- open-props/1.7.17/props.sizes.min.css.gz
- open-props/1.7.17/props.stone-hsl.css.br
- open-props/1.7.17/props.stone-hsl.css.gz
- open-props/1.7.17/props.stone-hsl.min.css.br
- open-props/1.7.17/props.stone-hsl.min.css.gz
- open-props/1.7.17/props.stone.css.br
- open-props/1.7.17/props.stone.css.gz
- open-props/1.7.17/props.stone.min.css.br
- open-props/1.7.17/props.stone.min.css.gz
- open-props/1.7.17/props.supports.css.br
- open-props/1.7.17/props.supports.css.gz
- open-props/1.7.17/props.svg.css.br
- open-props/1.7.17/props.svg.css.gz
- open-props/1.7.17/props.svg.min.css.br
- open-props/1.7.17/props.svg.min.css.gz
- open-props/1.7.17/props.teal-hsl.css.br
- open-props/1.7.17/props.teal-hsl.css.gz
- open-props/1.7.17/props.teal-hsl.min.css.br
- open-props/1.7.17/props.teal-hsl.min.css.gz
- open-props/1.7.17/props.teal.css.br
- open-props/1.7.17/props.teal.css.gz
- open-props/1.7.17/props.teal.min.css.br
- open-props/1.7.17/props.teal.min.css.gz
- open-props/1.7.17/props.violet-hsl.css.br
- open-props/1.7.17/props.violet-hsl.css.gz
- open-props/1.7.17/props.violet-hsl.min.css.br
- open-props/1.7.17/props.violet-hsl.min.css.gz
- open-props/1.7.17/props.violet.css.br
- open-props/1.7.17/props.violet.css.gz
- open-props/1.7.17/props.violet.min.css.br
- open-props/1.7.17/props.violet.min.css.gz
- open-props/1.7.17/props.yellow-hsl.css.br
- open-props/1.7.17/props.yellow-hsl.css.gz
- open-props/1.7.17/props.yellow-hsl.min.css.br
- open-props/1.7.17/props.yellow-hsl.min.css.gz
- open-props/1.7.17/props.yellow.css.br
- open-props/1.7.17/props.yellow.css.gz
- open-props/1.7.17/props.yellow.min.css.br
- open-props/1.7.17/props.yellow.min.css.gz
- open-props/1.7.17/props.zindex.css.br
- open-props/1.7.17/props.zindex.css.gz
- open-props/1.7.17/props.zindex.min.css.br
- open-props/1.7.17/props.zindex.min.css.gz
- open-props/1.7.17/purple-hsl.min.css.br
- open-props/1.7.17/purple-hsl.min.css.gz
- open-props/1.7.17/purple-hsl.shadow.min.css.br
- open-props/1.7.17/purple-hsl.shadow.min.css.gz
- open-props/1.7.17/purple.min.css.br
- open-props/1.7.17/purple.min.css.gz
- open-props/1.7.17/purple.shadow.min.css.br
- open-props/1.7.17/purple.shadow.min.css.gz
- open-props/1.7.17/red-hsl.min.css.br
- open-props/1.7.17/red-hsl.min.css.gz
- open-props/1.7.17/red-hsl.shadow.min.css.br
- open-props/1.7.17/red-hsl.shadow.min.css.gz
- open-props/1.7.17/red.min.css.br
- open-props/1.7.17/red.min.css.gz
- open-props/1.7.17/red.shadow.min.css.br
- open-props/1.7.17/red.shadow.min.css.gz
- open-props/1.7.17/sand-hsl.min.css.br
- open-props/1.7.17/sand-hsl.min.css.gz
- open-props/1.7.17/sand-hsl.shadow.min.css.br
- open-props/1.7.17/sand-hsl.shadow.min.css.gz
- open-props/1.7.17/sand.min.css.br
- open-props/1.7.17/sand.min.css.gz
- open-props/1.7.17/sand.shadow.min.css.br
- open-props/1.7.17/sand.shadow.min.css.gz
- open-props/1.7.17/shadow.index.css.br
- open-props/1.7.17/shadow.index.css.gz
- open-props/1.7.17/shadow.index.min.css.br
- open-props/1.7.17/shadow.index.min.css.gz
- open-props/1.7.17/shadow.props.animations.css.br
- open-props/1.7.17/shadow.props.animations.css.gz
- open-props/1.7.17/shadow.props.animations.min.css.br
- open-props/1.7.17/shadow.props.animations.min.css.gz
- open-props/1.7.17/shadow.props.aspects.css.br
- open-props/1.7.17/shadow.props.aspects.css.gz
- open-props/1.7.17/shadow.props.aspects.min.css.br
- open-props/1.7.17/shadow.props.aspects.min.css.gz
- open-props/1.7.17/shadow.props.blue-hsl.css.br
- open-props/1.7.17/shadow.props.blue-hsl.css.gz
- open-props/1.7.17/shadow.props.blue-hsl.min.css.br
- open-props/1.7.17/shadow.props.blue-hsl.min.css.gz
- open-props/1.7.17/shadow.props.blue.css.br
- open-props/1.7.17/shadow.props.blue.css.gz
- open-props/1.7.17/shadow.props.blue.min.css.br
- open-props/1.7.17/shadow.props.blue.min.css.gz
- open-props/1.7.17/shadow.props.borders.css.br
- open-props/1.7.17/shadow.props.borders.css.gz
- open-props/1.7.17/shadow.props.borders.min.css.br
- open-props/1.7.17/shadow.props.borders.min.css.gz
- open-props/1.7.17/shadow.props.brand-colors.css.br
- open-props/1.7.17/shadow.props.brand-colors.css.gz
- open-props/1.7.17/shadow.props.brand-colors.min.css.br
- open-props/1.7.17/shadow.props.brand-colors.min.css.gz
- open-props/1.7.17/shadow.props.brown-hsl.css.br
- open-props/1.7.17/shadow.props.brown-hsl.css.gz
- open-props/1.7.17/shadow.props.brown-hsl.min.css.br
- open-props/1.7.17/shadow.props.brown-hsl.min.css.gz
- open-props/1.7.17/shadow.props.brown.css.br
- open-props/1.7.17/shadow.props.brown.css.gz
- open-props/1.7.17/shadow.props.brown.min.css.br
- open-props/1.7.17/shadow.props.brown.min.css.gz
- open-props/1.7.17/shadow.props.camo-hsl.css.br
- open-props/1.7.17/shadow.props.camo-hsl.css.gz
- open-props/1.7.17/shadow.props.camo-hsl.min.css.br
- open-props/1.7.17/shadow.props.camo-hsl.min.css.gz
- open-props/1.7.17/shadow.props.camo.css.br
- open-props/1.7.17/shadow.props.camo.css.gz
- open-props/1.7.17/shadow.props.camo.min.css.br
- open-props/1.7.17/shadow.props.camo.min.css.gz
- open-props/1.7.17/shadow.props.choco-hsl.css.br
- open-props/1.7.17/shadow.props.choco-hsl.css.gz
- open-props/1.7.17/shadow.props.choco-hsl.min.css.br
- open-props/1.7.17/shadow.props.choco-hsl.min.css.gz
- open-props/1.7.17/shadow.props.choco.css.br
- open-props/1.7.17/shadow.props.choco.css.gz
- open-props/1.7.17/shadow.props.choco.min.css.br
- open-props/1.7.17/shadow.props.choco.min.css.gz
- open-props/1.7.17/shadow.props.colors-hsl.css.br
- open-props/1.7.17/shadow.props.colors-hsl.css.gz
- open-props/1.7.17/shadow.props.colors-hsl.min.css.br
- open-props/1.7.17/shadow.props.colors-hsl.min.css.gz
- open-props/1.7.17/shadow.props.colors-oklch-hues.css.br
- open-props/1.7.17/shadow.props.colors-oklch-hues.css.gz
- open-props/1.7.17/shadow.props.colors-oklch-hues.min.css.br
- open-props/1.7.17/shadow.props.colors-oklch-hues.min.css.gz
- open-props/1.7.17/shadow.props.colors-oklch.css.br
- open-props/1.7.17/shadow.props.colors-oklch.css.gz
- open-props/1.7.17/shadow.props.colors-oklch.min.css.br
- open-props/1.7.17/shadow.props.colors-oklch.min.css.gz
- open-props/1.7.17/shadow.props.colors.css.br
- open-props/1.7.17/shadow.props.colors.css.gz
- open-props/1.7.17/shadow.props.colors.min.css.br
- open-props/1.7.17/shadow.props.colors.min.css.gz
- open-props/1.7.17/shadow.props.cyan-hsl.css.br
- open-props/1.7.17/shadow.props.cyan-hsl.css.gz
- open-props/1.7.17/shadow.props.cyan-hsl.min.css.br
- open-props/1.7.17/shadow.props.cyan-hsl.min.css.gz
- open-props/1.7.17/shadow.props.cyan.css.br
- open-props/1.7.17/shadow.props.cyan.css.gz
- open-props/1.7.17/shadow.props.cyan.min.css.br
- open-props/1.7.17/shadow.props.cyan.min.css.gz
- open-props/1.7.17/shadow.props.easing.css.br
- open-props/1.7.17/shadow.props.easing.css.gz
- open-props/1.7.17/shadow.props.easing.min.css.br
- open-props/1.7.17/shadow.props.easing.min.css.gz
- open-props/1.7.17/shadow.props.fonts.css.br
- open-props/1.7.17/shadow.props.fonts.css.gz
- open-props/1.7.17/shadow.props.fonts.min.css.br
- open-props/1.7.17/shadow.props.fonts.min.css.gz
- open-props/1.7.17/shadow.props.gradients.css.br
- open-props/1.7.17/shadow.props.gradients.css.gz
- open-props/1.7.17/shadow.props.gradients.min.css.br
- open-props/1.7.17/shadow.props.gradients.min.css.gz
- open-props/1.7.17/shadow.props.gray-hsl.css.br
- open-props/1.7.17/shadow.props.gray-hsl.css.gz
- open-props/1.7.17/shadow.props.gray-hsl.min.css.br
- open-props/1.7.17/shadow.props.gray-hsl.min.css.gz
- open-props/1.7.17/shadow.props.gray-oklch.css.br
- open-props/1.7.17/shadow.props.gray-oklch.css.gz
- open-props/1.7.17/shadow.props.gray-oklch.min.css.br
- open-props/1.7.17/shadow.props.gray-oklch.min.css.gz
- open-props/1.7.17/shadow.props.gray.css.br
- open-props/1.7.17/shadow.props.gray.css.gz
- open-props/1.7.17/shadow.props.gray.min.css.br
- open-props/1.7.17/shadow.props.gray.min.css.gz
- open-props/1.7.17/shadow.props.green-hsl.css.br
- open-props/1.7.17/shadow.props.green-hsl.css.gz
- open-props/1.7.17/shadow.props.green-hsl.min.css.br
- open-props/1.7.17/shadow.props.green-hsl.min.css.gz
- open-props/1.7.17/shadow.props.green.css.br
- open-props/1.7.17/shadow.props.green.css.gz
- open-props/1.7.17/shadow.props.green.min.css.br
- open-props/1.7.17/shadow.props.green.min.css.gz
- open-props/1.7.17/shadow.props.indigo-hsl.css.br
- open-props/1.7.17/shadow.props.indigo-hsl.css.gz
- open-props/1.7.17/shadow.props.indigo-hsl.min.css.br
- open-props/1.7.17/shadow.props.indigo-hsl.min.css.gz
- open-props/1.7.17/shadow.props.indigo.css.br
- open-props/1.7.17/shadow.props.indigo.css.gz
- open-props/1.7.17/shadow.props.indigo.min.css.br
- open-props/1.7.17/shadow.props.indigo.min.css.gz
- open-props/1.7.17/shadow.props.jungle-hsl.css.br
- open-props/1.7.17/shadow.props.jungle-hsl.css.gz
- open-props/1.7.17/shadow.props.jungle-hsl.min.css.br
- open-props/1.7.17/shadow.props.jungle-hsl.min.css.gz
- open-props/1.7.17/shadow.props.jungle.css.br
- open-props/1.7.17/shadow.props.jungle.css.gz
- open-props/1.7.17/shadow.props.jungle.min.css.br
- open-props/1.7.17/shadow.props.jungle.min.css.gz
- open-props/1.7.17/shadow.props.lime-hsl.css.br
- open-props/1.7.17/shadow.props.lime-hsl.css.gz
- open-props/1.7.17/shadow.props.lime-hsl.min.css.br
- open-props/1.7.17/shadow.props.lime-hsl.min.css.gz
- open-props/1.7.17/shadow.props.lime.css.br
- open-props/1.7.17/shadow.props.lime.css.gz
- open-props/1.7.17/shadow.props.lime.min.css.br
- open-props/1.7.17/shadow.props.lime.min.css.gz
- open-props/1.7.17/shadow.props.masks.corner-cuts.css.br
- open-props/1.7.17/shadow.props.masks.corner-cuts.css.gz
- open-props/1.7.17/shadow.props.masks.corner-cuts.min.css.br
- open-props/1.7.17/shadow.props.masks.corner-cuts.min.css.gz
- open-props/1.7.17/shadow.props.masks.edges.css.br
- open-props/1.7.17/shadow.props.masks.edges.css.gz
- open-props/1.7.17/shadow.props.masks.edges.min.css.br
- open-props/1.7.17/shadow.props.masks.edges.min.css.gz
- open-props/1.7.17/shadow.props.orange-hsl.css.br
- open-props/1.7.17/shadow.props.orange-hsl.css.gz
- open-props/1.7.17/shadow.props.orange-hsl.min.css.br
- open-props/1.7.17/shadow.props.orange-hsl.min.css.gz
- open-props/1.7.17/shadow.props.orange.css.br
- open-props/1.7.17/shadow.props.orange.css.gz
- open-props/1.7.17/shadow.props.orange.min.css.br
- open-props/1.7.17/shadow.props.orange.min.css.gz
- open-props/1.7.17/shadow.props.pink-hsl.css.br
- open-props/1.7.17/shadow.props.pink-hsl.css.gz
- open-props/1.7.17/shadow.props.pink-hsl.min.css.br
- open-props/1.7.17/shadow.props.pink-hsl.min.css.gz
- open-props/1.7.17/shadow.props.pink.css.br
- open-props/1.7.17/shadow.props.pink.css.gz
- open-props/1.7.17/shadow.props.pink.min.css.br
- open-props/1.7.17/shadow.props.pink.min.css.gz
- open-props/1.7.17/shadow.props.purple-hsl.css.br
- open-props/1.7.17/shadow.props.purple-hsl.css.gz
- open-props/1.7.17/shadow.props.purple-hsl.min.css.br
- open-props/1.7.17/shadow.props.purple-hsl.min.css.gz
- open-props/1.7.17/shadow.props.purple.css.br
- open-props/1.7.17/shadow.props.purple.css.gz
- open-props/1.7.17/shadow.props.purple.min.css.br
- open-props/1.7.17/shadow.props.purple.min.css.gz
- open-props/1.7.17/shadow.props.red-hsl.css.br
- open-props/1.7.17/shadow.props.red-hsl.css.gz
- open-props/1.7.17/shadow.props.red-hsl.min.css.br
- open-props/1.7.17/shadow.props.red-hsl.min.css.gz
- open-props/1.7.17/shadow.props.red.css.br
- open-props/1.7.17/shadow.props.red.css.gz
- open-props/1.7.17/shadow.props.red.min.css.br
- open-props/1.7.17/shadow.props.red.min.css.gz
- open-props/1.7.17/shadow.props.sand-hsl.css.br
- open-props/1.7.17/shadow.props.sand-hsl.css.gz
- open-props/1.7.17/shadow.props.sand-hsl.min.css.br
- open-props/1.7.17/shadow.props.sand-hsl.min.css.gz
- open-props/1.7.17/shadow.props.sand.css.br
- open-props/1.7.17/shadow.props.sand.css.gz
- open-props/1.7.17/shadow.props.sand.min.css.br
- open-props/1.7.17/shadow.props.sand.min.css.gz
- open-props/1.7.17/shadow.props.shadows.css.br
- open-props/1.7.17/shadow.props.shadows.css.gz
- open-props/1.7.17/shadow.props.shadows.min.css.br
- open-props/1.7.17/shadow.props.shadows.min.css.gz
- open-props/1.7.17/shadow.props.sizes.css.br
- open-props/1.7.17/shadow.props.sizes.css.gz
- open-props/1.7.17/shadow.props.sizes.min.css.br
- open-props/1.7.17/shadow.props.sizes.min.css.gz
- open-props/1.7.17/shadow.props.stone-hsl.css.br
- open-props/1.7.17/shadow.props.stone-hsl.css.gz
- open-props/1.7.17/shadow.props.stone-hsl.min.css.br
- open-props/1.7.17/shadow.props.stone-hsl.min.css.gz
- open-props/1.7.17/shadow.props.stone.css.br
- open-props/1.7.17/shadow.props.stone.css.gz
- open-props/1.7.17/shadow.props.stone.min.css.br
- open-props/1.7.17/shadow.props.stone.min.css.gz
- open-props/1.7.17/shadow.props.teal-hsl.css.br
- open-props/1.7.17/shadow.props.teal-hsl.css.gz
- open-props/1.7.17/shadow.props.teal-hsl.min.css.br
- open-props/1.7.17/shadow.props.teal-hsl.min.css.gz
- open-props/1.7.17/shadow.props.teal.css.br
- open-props/1.7.17/shadow.props.teal.css.gz
- open-props/1.7.17/shadow.props.teal.min.css.br
- open-props/1.7.17/shadow.props.teal.min.css.gz
- open-props/1.7.17/shadow.props.violet-hsl.css.br
- open-props/1.7.17/shadow.props.violet-hsl.css.gz
- open-props/1.7.17/shadow.props.violet-hsl.min.css.br
- open-props/1.7.17/shadow.props.violet-hsl.min.css.gz
- open-props/1.7.17/shadow.props.violet.css.br
- open-props/1.7.17/shadow.props.violet.css.gz
- open-props/1.7.17/shadow.props.violet.min.css.br
- open-props/1.7.17/shadow.props.violet.min.css.gz
- open-props/1.7.17/shadow.props.yellow-hsl.css.br
- open-props/1.7.17/shadow.props.yellow-hsl.css.gz
- open-props/1.7.17/shadow.props.yellow-hsl.min.css.br
- open-props/1.7.17/shadow.props.yellow-hsl.min.css.gz
- open-props/1.7.17/shadow.props.yellow.css.br
- open-props/1.7.17/shadow.props.yellow.css.gz
- open-props/1.7.17/shadow.props.yellow.min.css.br
- open-props/1.7.17/shadow.props.yellow.min.css.gz
- open-props/1.7.17/shadow.props.zindex.css.br
- open-props/1.7.17/shadow.props.zindex.css.gz
- open-props/1.7.17/shadow.props.zindex.min.css.br
- open-props/1.7.17/shadow.props.zindex.min.css.gz
- open-props/1.7.17/shadows.min.css.br
- open-props/1.7.17/shadows.min.css.gz
- open-props/1.7.17/shadows.shadow.min.css.br
- open-props/1.7.17/shadows.shadow.min.css.gz
- open-props/1.7.17/sizes.min.css.br
- open-props/1.7.17/sizes.min.css.gz
- open-props/1.7.17/sizes.shadow.min.css.br
- open-props/1.7.17/sizes.shadow.min.css.gz
- open-props/1.7.17/stone-hsl.min.css.br
- open-props/1.7.17/stone-hsl.min.css.gz
- open-props/1.7.17/stone-hsl.shadow.min.css.br
- open-props/1.7.17/stone-hsl.shadow.min.css.gz
- open-props/1.7.17/stone.min.css.br
- open-props/1.7.17/stone.min.css.gz
- open-props/1.7.17/stone.shadow.min.css.br
- open-props/1.7.17/stone.shadow.min.css.gz
- open-props/1.7.17/supports.min.css.br
- open-props/1.7.17/supports.min.css.gz
- open-props/1.7.17/teal-hsl.min.css.br
- open-props/1.7.17/teal-hsl.min.css.gz
- open-props/1.7.17/teal-hsl.shadow.min.css.br
- open-props/1.7.17/teal-hsl.shadow.min.css.gz
- open-props/1.7.17/teal.min.css.br
- open-props/1.7.17/teal.min.css.gz
- open-props/1.7.17/teal.shadow.min.css.br
- open-props/1.7.17/teal.shadow.min.css.gz
- open-props/1.7.17/theme.dark.switch.min.css.br
- open-props/1.7.17/theme.dark.switch.min.css.gz
- open-props/1.7.17/theme.light.switch.min.css.br
- open-props/1.7.17/theme.light.switch.min.css.gz
- open-props/1.7.17/violet-hsl.min.css.br
- open-props/1.7.17/violet-hsl.min.css.gz
- open-props/1.7.17/violet-hsl.shadow.min.css.br
- open-props/1.7.17/violet-hsl.shadow.min.css.gz
- open-props/1.7.17/violet.min.css.br
- open-props/1.7.17/violet.min.css.gz
- open-props/1.7.17/violet.shadow.min.css.br
- open-props/1.7.17/violet.shadow.min.css.gz
- open-props/1.7.17/yellow-hsl.min.css.br
- open-props/1.7.17/yellow-hsl.min.css.gz
- open-props/1.7.17/yellow-hsl.shadow.min.css.br
- open-props/1.7.17/yellow-hsl.shadow.min.css.gz
- open-props/1.7.17/yellow.min.css.br
- open-props/1.7.17/yellow.min.css.gz
- open-props/1.7.17/yellow.shadow.min.css.br
- open-props/1.7.17/yellow.shadow.min.css.gz
- open-props/1.7.17/zindex.min.css.br
- open-props/1.7.17/zindex.min.css.gz
- open-props/1.7.17/zindex.shadow.min.css.br
- open-props/1.7.17/zindex.shadow.min.css.gz