config: {"authors":[{"name":"Adam Wathan","email":"adam.wathan@gmail.com"},{"name":"Jonathan Reinink","email":"jonathan@reinink.ca"},{"name":"David Hemphill","email":"davidlee.hemphill@gmail.com"}],"autoupdate":{"source":"npm","target":"tailwindcss","fileMap":[{"basePath":"dist","files":["**/*"]}]},"description":"A utility-first CSS framework for rapidly building custom user interfaces.","filename":"tailwind.min.css","homepage":"https://tailwindcss.com","keywords":["tailwindcss","css","css-framework","postcss","functional-css","utility-classes","responsive"],"license":"MIT","name":"tailwindcss","repository":{"type":"git","url":"https://github.com/tailwindcss/tailwindcss"},"author":"Adam Wathan \u003cadam.wathan@gmail.com\u003e,Jonathan Reinink \u003cjonathan@reinink.ca\u003e,David Hemphill \u003cdavidlee.hemphill@gmail.com\u003e"}
KV keys:
- tailwindcss/0.0.0-insiders.2941a7b/chunk-44OOKQIU.mjs.br
- tailwindcss/0.0.0-insiders.2941a7b/chunk-44OOKQIU.mjs.gz
- tailwindcss/0.0.0-insiders.2941a7b/chunk-G32FJCSR.mjs.br
- tailwindcss/0.0.0-insiders.2941a7b/chunk-G32FJCSR.mjs.gz
- tailwindcss/0.0.0-insiders.2941a7b/chunk-HTB5LLOP.mjs.br
- tailwindcss/0.0.0-insiders.2941a7b/chunk-HTB5LLOP.mjs.gz
- tailwindcss/0.0.0-insiders.2941a7b/colors-b_6i0Oi7.d.ts.br
- tailwindcss/0.0.0-insiders.2941a7b/colors-b_6i0Oi7.d.ts.gz
- tailwindcss/0.0.0-insiders.2941a7b/colors.d.mts.br
- tailwindcss/0.0.0-insiders.2941a7b/colors.d.mts.gz
- tailwindcss/0.0.0-insiders.2941a7b/colors.d.ts.br
- tailwindcss/0.0.0-insiders.2941a7b/colors.d.ts.gz
- tailwindcss/0.0.0-insiders.2941a7b/colors.js.br
- tailwindcss/0.0.0-insiders.2941a7b/colors.js.gz
- tailwindcss/0.0.0-insiders.2941a7b/colors.min.js.br
- tailwindcss/0.0.0-insiders.2941a7b/colors.min.js.gz
- tailwindcss/0.0.0-insiders.2941a7b/colors.mjs.br
- tailwindcss/0.0.0-insiders.2941a7b/colors.mjs.gz
- tailwindcss/0.0.0-insiders.2941a7b/default-theme.d.mts.br
- tailwindcss/0.0.0-insiders.2941a7b/default-theme.d.mts.gz
- tailwindcss/0.0.0-insiders.2941a7b/default-theme.d.ts.br
- tailwindcss/0.0.0-insiders.2941a7b/default-theme.d.ts.gz
- tailwindcss/0.0.0-insiders.2941a7b/default-theme.js.br
- tailwindcss/0.0.0-insiders.2941a7b/default-theme.js.gz
- tailwindcss/0.0.0-insiders.2941a7b/default-theme.min.js.br
- tailwindcss/0.0.0-insiders.2941a7b/default-theme.min.js.gz
- tailwindcss/0.0.0-insiders.2941a7b/default-theme.mjs.br
- tailwindcss/0.0.0-insiders.2941a7b/default-theme.mjs.gz
- tailwindcss/0.0.0-insiders.2941a7b/flatten-color-palette.d.mts.br
- tailwindcss/0.0.0-insiders.2941a7b/flatten-color-palette.d.mts.gz
- tailwindcss/0.0.0-insiders.2941a7b/flatten-color-palette.d.ts.br
- tailwindcss/0.0.0-insiders.2941a7b/flatten-color-palette.d.ts.gz
- tailwindcss/0.0.0-insiders.2941a7b/flatten-color-palette.js.br
- tailwindcss/0.0.0-insiders.2941a7b/flatten-color-palette.js.gz
- tailwindcss/0.0.0-insiders.2941a7b/flatten-color-palette.min.js.br
- tailwindcss/0.0.0-insiders.2941a7b/flatten-color-palette.min.js.gz
- tailwindcss/0.0.0-insiders.2941a7b/flatten-color-palette.mjs.br
- tailwindcss/0.0.0-insiders.2941a7b/flatten-color-palette.mjs.gz
- tailwindcss/0.0.0-insiders.2941a7b/lib.d.mts.br
- tailwindcss/0.0.0-insiders.2941a7b/lib.d.mts.gz
- tailwindcss/0.0.0-insiders.2941a7b/lib.d.ts.br
- tailwindcss/0.0.0-insiders.2941a7b/lib.d.ts.gz
- tailwindcss/0.0.0-insiders.2941a7b/lib.js.br
- tailwindcss/0.0.0-insiders.2941a7b/lib.js.gz
- tailwindcss/0.0.0-insiders.2941a7b/lib.min.js.br
- tailwindcss/0.0.0-insiders.2941a7b/lib.min.js.gz
- tailwindcss/0.0.0-insiders.2941a7b/lib.mjs.br
- tailwindcss/0.0.0-insiders.2941a7b/lib.mjs.gz
- tailwindcss/0.0.0-insiders.2941a7b/plugin.d.mts.br
- tailwindcss/0.0.0-insiders.2941a7b/plugin.d.mts.gz
- tailwindcss/0.0.0-insiders.2941a7b/plugin.d.ts.br
- tailwindcss/0.0.0-insiders.2941a7b/plugin.d.ts.gz
- tailwindcss/0.0.0-insiders.2941a7b/plugin.js.br
- tailwindcss/0.0.0-insiders.2941a7b/plugin.js.gz
- tailwindcss/0.0.0-insiders.2941a7b/plugin.min.js.br
- tailwindcss/0.0.0-insiders.2941a7b/plugin.min.js.gz
- tailwindcss/0.0.0-insiders.2941a7b/plugin.mjs.br
- tailwindcss/0.0.0-insiders.2941a7b/plugin.mjs.gz
- tailwindcss/0.0.0-insiders.2941a7b/resolve-config-BIFUA2FY.d.ts.br
- tailwindcss/0.0.0-insiders.2941a7b/resolve-config-BIFUA2FY.d.ts.gz
- tailwindcss/0.0.0-insiders.2941a7b/resolve-config-QUZ9b-Gn.d.mts.br
- tailwindcss/0.0.0-insiders.2941a7b/resolve-config-QUZ9b-Gn.d.mts.gz
- tailwindcss/0.0.0-insiders.2941a7b/types-WlZgYgM8.d.mts.br
- tailwindcss/0.0.0-insiders.2941a7b/types-WlZgYgM8.d.mts.gz
SRIs:
- tailwindcss/0.0.0-insiders.2941a7b/lib.js: sha512-Z+MGw9EGdBgFJDjP48rV0aSDdN/4CLNTazNRWs38oaGEm3f++y9mWeuW1LJbWZS3xN1lcrVvh9cng4Q+XbozgA==
- tailwindcss/0.0.0-insiders.2941a7b/lib.min.js: sha512-iCgtxpkLDWdmIE462vXOifBnhuedNYoRbneDyZh5L3WvVR8w/BTr4QZeEiKmGwzjtrgR00u8ly5pfE1xW33rtQ==
- tailwindcss/0.0.0-insiders.2941a7b/plugin.js: sha512-rldNfS2wBK0GNFqKZxPBZYcoq+Gg4rJWuYrpnFFdt8iXln4f52olLSDWEgF3s/kewekLu8maNx1YafpIsea19w==
- tailwindcss/0.0.0-insiders.2941a7b/plugin.min.js: sha512-EpdUFqaHHclgqLVRQHEGy1WKr+6fkS2b3bYciPJzRLvPNCZb4g9FjQXQ8V5/6P0HGte57jRGlcCbXAeSHDhLsA==
- tailwindcss/0.0.0-insiders.2941a7b/default-theme.js: sha512-gvuccnt8IVRTmtx3CvH/9bcsCMPx37NloSQAAR9L/9Qn+WkoXXaZ9feVhNtuePZBB8BkFOKOcrSCW98v4Dq6BQ==
- tailwindcss/0.0.0-insiders.2941a7b/flatten-color-palette.js: sha512-9rPGYzMcBd/m7WqpwTXo+djXFqlqOEq9tmwRY4l28VAspdkEN0CQZ+WNfB3Bx+Rs00dQhkVZdPnt3tsKpT/7Gw==
- tailwindcss/0.0.0-insiders.2941a7b/flatten-color-palette.min.js: sha512-ktq21r1ZoNVxpYFBRz2ME7SEjjDZnll33J5V2nwz1Kka2WgtYGFK8a6SuvxGmM1LyrgL8vDzp6XXIwDrycuTgQ==
- tailwindcss/0.0.0-insiders.2941a7b/colors.js: sha512-tqa7gW9YjuZQYUE0oosfJCGA4MTXRYaSFUeELj0VcV9uR3QmcFNoHj9AS6QQogJtKi6HsPv9vq/E2foZ5zygMw==
- tailwindcss/0.0.0-insiders.2941a7b/colors.min.js: sha512-XCWTRVO7g0LlfM1NYVx8ugIQPaMWJAZEqOcu85qaFrrSVzc48gqN4bsWVWuTheX3iiVhb3g3tBN6E1XArqGYLQ==
- tailwindcss/0.0.0-insiders.2941a7b/default-theme.min.js: sha512-FoA2JIoFZeSBLOJFjuHoI+d6RUEGb0nJZ01CUYjge34kT6TFwCqgL0WPGAihNHSpcuZ74FIcCPN5MVUwcK4M7w==
