Files:
- tailwindcss/0.0.0-insiders.2941a7b/chunk-44OOKQIU.mjs.br
- tailwindcss/0.0.0-insiders.2941a7b/chunk-44OOKQIU.mjs.gz
- tailwindcss/0.0.0-insiders.2941a7b/chunk-G32FJCSR.mjs.br
- tailwindcss/0.0.0-insiders.2941a7b/chunk-G32FJCSR.mjs.gz
- tailwindcss/0.0.0-insiders.2941a7b/chunk-HTB5LLOP.mjs.br
- tailwindcss/0.0.0-insiders.2941a7b/chunk-HTB5LLOP.mjs.gz
- tailwindcss/0.0.0-insiders.2941a7b/colors-b_6i0Oi7.d.ts.br
- tailwindcss/0.0.0-insiders.2941a7b/colors-b_6i0Oi7.d.ts.gz
- tailwindcss/0.0.0-insiders.2941a7b/colors.d.mts.br
- tailwindcss/0.0.0-insiders.2941a7b/colors.d.mts.gz
- tailwindcss/0.0.0-insiders.2941a7b/colors.d.ts.br
- tailwindcss/0.0.0-insiders.2941a7b/colors.d.ts.gz
- tailwindcss/0.0.0-insiders.2941a7b/colors.js.br
- tailwindcss/0.0.0-insiders.2941a7b/colors.js.gz
- tailwindcss/0.0.0-insiders.2941a7b/colors.js.sri
- tailwindcss/0.0.0-insiders.2941a7b/colors.min.js.br
- tailwindcss/0.0.0-insiders.2941a7b/colors.min.js.gz
- tailwindcss/0.0.0-insiders.2941a7b/colors.min.js.sri
- tailwindcss/0.0.0-insiders.2941a7b/colors.mjs.br
- tailwindcss/0.0.0-insiders.2941a7b/colors.mjs.gz
- tailwindcss/0.0.0-insiders.2941a7b/default-theme.d.mts.br
- tailwindcss/0.0.0-insiders.2941a7b/default-theme.d.mts.gz
- tailwindcss/0.0.0-insiders.2941a7b/default-theme.d.ts.br
- tailwindcss/0.0.0-insiders.2941a7b/default-theme.d.ts.gz
- tailwindcss/0.0.0-insiders.2941a7b/default-theme.js.br
- tailwindcss/0.0.0-insiders.2941a7b/default-theme.js.gz
- tailwindcss/0.0.0-insiders.2941a7b/default-theme.js.sri
- tailwindcss/0.0.0-insiders.2941a7b/default-theme.min.js.br
- tailwindcss/0.0.0-insiders.2941a7b/default-theme.min.js.gz
- tailwindcss/0.0.0-insiders.2941a7b/default-theme.min.js.sri
- tailwindcss/0.0.0-insiders.2941a7b/default-theme.mjs.br
- tailwindcss/0.0.0-insiders.2941a7b/default-theme.mjs.gz
- tailwindcss/0.0.0-insiders.2941a7b/flatten-color-palette.d.mts.br
- tailwindcss/0.0.0-insiders.2941a7b/flatten-color-palette.d.mts.gz
- tailwindcss/0.0.0-insiders.2941a7b/flatten-color-palette.d.ts.br
- tailwindcss/0.0.0-insiders.2941a7b/flatten-color-palette.d.ts.gz
- tailwindcss/0.0.0-insiders.2941a7b/flatten-color-palette.js.br
- tailwindcss/0.0.0-insiders.2941a7b/flatten-color-palette.js.gz
- tailwindcss/0.0.0-insiders.2941a7b/flatten-color-palette.js.sri
- tailwindcss/0.0.0-insiders.2941a7b/flatten-color-palette.min.js.br
- tailwindcss/0.0.0-insiders.2941a7b/flatten-color-palette.min.js.gz
- tailwindcss/0.0.0-insiders.2941a7b/flatten-color-palette.min.js.sri
- tailwindcss/0.0.0-insiders.2941a7b/flatten-color-palette.mjs.br
- tailwindcss/0.0.0-insiders.2941a7b/flatten-color-palette.mjs.gz
- tailwindcss/0.0.0-insiders.2941a7b/lib.d.mts.br
- tailwindcss/0.0.0-insiders.2941a7b/lib.d.mts.gz
- tailwindcss/0.0.0-insiders.2941a7b/lib.d.ts.br
- tailwindcss/0.0.0-insiders.2941a7b/lib.d.ts.gz
- tailwindcss/0.0.0-insiders.2941a7b/lib.js.br
- tailwindcss/0.0.0-insiders.2941a7b/lib.js.gz
- tailwindcss/0.0.0-insiders.2941a7b/lib.js.sri
- tailwindcss/0.0.0-insiders.2941a7b/lib.min.js.br
- tailwindcss/0.0.0-insiders.2941a7b/lib.min.js.gz
- tailwindcss/0.0.0-insiders.2941a7b/lib.min.js.sri
- tailwindcss/0.0.0-insiders.2941a7b/lib.mjs.br
- tailwindcss/0.0.0-insiders.2941a7b/lib.mjs.gz
- tailwindcss/0.0.0-insiders.2941a7b/plugin.d.mts.br
- tailwindcss/0.0.0-insiders.2941a7b/plugin.d.mts.gz
- tailwindcss/0.0.0-insiders.2941a7b/plugin.d.ts.br
- tailwindcss/0.0.0-insiders.2941a7b/plugin.d.ts.gz
- tailwindcss/0.0.0-insiders.2941a7b/plugin.js.br
- tailwindcss/0.0.0-insiders.2941a7b/plugin.js.gz
- tailwindcss/0.0.0-insiders.2941a7b/plugin.js.sri
- tailwindcss/0.0.0-insiders.2941a7b/plugin.min.js.br
- tailwindcss/0.0.0-insiders.2941a7b/plugin.min.js.gz
- tailwindcss/0.0.0-insiders.2941a7b/plugin.min.js.sri
- tailwindcss/0.0.0-insiders.2941a7b/plugin.mjs.br
- tailwindcss/0.0.0-insiders.2941a7b/plugin.mjs.gz
- tailwindcss/0.0.0-insiders.2941a7b/resolve-config-BIFUA2FY.d.ts.br
- tailwindcss/0.0.0-insiders.2941a7b/resolve-config-BIFUA2FY.d.ts.gz
- tailwindcss/0.0.0-insiders.2941a7b/resolve-config-QUZ9b-Gn.d.mts.br
- tailwindcss/0.0.0-insiders.2941a7b/resolve-config-QUZ9b-Gn.d.mts.gz
- tailwindcss/0.0.0-insiders.2941a7b/types-WlZgYgM8.d.mts.br
- tailwindcss/0.0.0-insiders.2941a7b/types-WlZgYgM8.d.mts.gz
