2025/09/15 18:31:01 optimizing files (Js true, Css true, Png true, Jpg true)
2025/09/15 18:31:01 algorithm: run /usr/bin/brotli --quality=11 --output=/output/checkout.d.ts.br /tmp/work/dist/checkout.d.ts
2025/09/15 18:31:01 algorithm: run /usr/bin/brotli --quality=11 --output=/output/checkout.esm.mjs.br /tmp/work/dist/checkout.esm.mjs
2025/09/15 18:31:01 compress: run /node_modules/uglify-js/bin/uglifyjs (3.15.4) [--mangle --compress if_return=true -o /tmp/work/dist/checkout.min.js /tmp/work/dist/checkout.js]
2025/09/15 18:31:01 algorithm: run /usr/bin/brotli --quality=11 --output=/output/react-stripe.d.ts.br /tmp/work/dist/react-stripe.d.ts
2025/09/15 18:31:01 algorithm: run /usr/bin/brotli --quality=11 --output=/output/react-stripe.esm.mjs.br /tmp/work/dist/react-stripe.esm.mjs
2025/09/15 18:31:01 compress: run /node_modules/uglify-js/bin/uglifyjs (3.15.4) [--mangle --compress if_return=true -o /tmp/work/dist/react-stripe.min.js /tmp/work/dist/react-stripe.js]
2025/09/15 18:31:01 algorithm: run /usr/bin/brotli --quality=11 --output=/output/react-stripe.umd.d.ts.br /tmp/work/dist/react-stripe.umd.d.ts
2025/09/15 18:31:01 /tmp/work/dist/react-stripe.umd.min.js already has corresponding compressed file
2025/09/15 18:31:01 sri /tmp/work/dist/react-stripe.umd.js -> /output/react-stripe.umd.js.sri
2025/09/15 18:31:01 algorithm: run /usr/bin/brotli --quality=11 --output=/output/react-stripe.umd.js.br /tmp/work/dist/react-stripe.umd.js
2025/09/15 18:31:01 br /tmp/work/dist/checkout.esm.mjs -> /output/checkout.esm.mjs.br
2025/09/15 18:31:01 gz /tmp/work/dist/checkout.esm.mjs -> /output/checkout.esm.mjs.gz
2025/09/15 18:31:01 algorithm: run /usr/bin/brotli --quality=11 --output=/output/react-stripe.umd.min.d.ts.br /tmp/work/dist/react-stripe.umd.min.d.ts
2025/09/15 18:31:01 br /tmp/work/dist/checkout.d.ts -> /output/checkout.d.ts.br
2025/09/15 18:31:01 gz /tmp/work/dist/checkout.d.ts -> /output/checkout.d.ts.gz
2025/09/15 18:31:01 /tmp/work/dist/react-stripe.umd.min.js is already compressed
2025/09/15 18:31:01 sri /tmp/work/dist/react-stripe.umd.min.js -> /output/react-stripe.umd.min.js.sri
2025/09/15 18:31:01 algorithm: run /usr/bin/brotli --quality=11 --output=/output/react-stripe.umd.min.js.br /tmp/work/dist/react-stripe.umd.min.js
2025/09/15 18:31:01 br /tmp/work/dist/react-stripe.esm.mjs -> /output/react-stripe.esm.mjs.br
2025/09/15 18:31:01 gz /tmp/work/dist/react-stripe.esm.mjs -> /output/react-stripe.esm.mjs.gz
2025/09/15 18:31:01 br /tmp/work/dist/react-stripe.umd.js -> /output/react-stripe.umd.js.br
2025/09/15 18:31:01 gz /tmp/work/dist/react-stripe.umd.js -> /output/react-stripe.umd.js.gz
2025/09/15 18:31:01 br /tmp/work/dist/react-stripe.d.ts -> /output/react-stripe.d.ts.br
2025/09/15 18:31:01 gz /tmp/work/dist/react-stripe.d.ts -> /output/react-stripe.d.ts.gz
2025/09/15 18:31:01 br /tmp/work/dist/react-stripe.umd.min.js -> /output/react-stripe.umd.min.js.br
2025/09/15 18:31:01 gz /tmp/work/dist/react-stripe.umd.min.js -> /output/react-stripe.umd.min.js.gz
2025/09/15 18:31:01 br /tmp/work/dist/react-stripe.umd.min.d.ts -> /output/react-stripe.umd.min.d.ts.br
2025/09/15 18:31:01 gz /tmp/work/dist/react-stripe.umd.min.d.ts -> /output/react-stripe.umd.min.d.ts.gz
2025/09/15 18:31:01 br /tmp/work/dist/react-stripe.umd.d.ts -> /output/react-stripe.umd.d.ts.br
2025/09/15 18:31:01 gz /tmp/work/dist/react-stripe.umd.d.ts -> /output/react-stripe.umd.d.ts.gz
2025/09/15 18:31:02 sri /tmp/work/dist/checkout.min.js -> /output/checkout.min.js.sri
2025/09/15 18:31:02 algorithm: run /usr/bin/brotli --quality=11 --output=/output/checkout.min.js.br /tmp/work/dist/checkout.min.js
2025/09/15 18:31:02 br /tmp/work/dist/checkout.min.js -> /output/checkout.min.js.br
2025/09/15 18:31:02 gz /tmp/work/dist/checkout.min.js -> /output/checkout.min.js.gz
2025/09/15 18:31:02 sri /tmp/work/dist/checkout.js -> /output/checkout.js.sri
2025/09/15 18:31:02 algorithm: run /usr/bin/brotli --quality=11 --output=/output/checkout.js.br /tmp/work/dist/checkout.js
2025/09/15 18:31:02 sri /tmp/work/dist/react-stripe.min.js -> /output/react-stripe.min.js.sri
2025/09/15 18:31:02 algorithm: run /usr/bin/brotli --quality=11 --output=/output/react-stripe.min.js.br /tmp/work/dist/react-stripe.min.js
2025/09/15 18:31:02 br /tmp/work/dist/checkout.js -> /output/checkout.js.br
2025/09/15 18:31:02 gz /tmp/work/dist/checkout.js -> /output/checkout.js.gz
2025/09/15 18:31:02 br /tmp/work/dist/react-stripe.min.js -> /output/react-stripe.min.js.br
2025/09/15 18:31:02 gz /tmp/work/dist/react-stripe.min.js -> /output/react-stripe.min.js.gz
2025/09/15 18:31:02 sri /tmp/work/dist/react-stripe.js -> /output/react-stripe.js.sri
2025/09/15 18:31:02 algorithm: run /usr/bin/brotli --quality=11 --output=/output/react-stripe.js.br /tmp/work/dist/react-stripe.js
2025/09/15 18:31:02 br /tmp/work/dist/react-stripe.js -> /output/react-stripe.js.br
2025/09/15 18:31:02 gz /tmp/work/dist/react-stripe.js -> /output/react-stripe.js.gz
2025/09/15 18:31:02 processed react-stripe-js
