2025/09/15 16:32:27 optimizing files (Js true, Css true, Png true, Jpg true)
2025/09/15 16:32:27 /tmp/work/dist/svg.min.js already has corresponding compressed file
2025/09/15 16:32:27 algorithm: run /usr/bin/brotli --quality=11 --output=/output/svg.esm.js.map.br /tmp/work/dist/svg.esm.js.map
2025/09/15 16:32:27 compress: run /node_modules/uglify-js/bin/uglifyjs (3.15.4) [--mangle --compress if_return=true -o /tmp/work/dist/polyfillsIE.min.js /tmp/work/dist/polyfillsIE.js]
2025/09/15 16:32:27 compress: run /node_modules/uglify-js/bin/uglifyjs (3.15.4) [--mangle --compress if_return=true -o /tmp/work/dist/svg.esm.min.js /tmp/work/dist/svg.esm.js]
2025/09/15 16:32:27 algorithm: run /usr/bin/brotli --quality=11 --output=/output/svg.js.map.br /tmp/work/dist/svg.js.map
2025/09/15 16:32:27 /tmp/work/dist/svg.min.js is already compressed
2025/09/15 16:32:27 algorithm: run /usr/bin/brotli --quality=11 --output=/output/svg.min.js.map.br /tmp/work/dist/svg.min.js.map
2025/09/15 16:32:27 sri /tmp/work/dist/svg.min.js -> /output/svg.min.js.sri
2025/09/15 16:32:27 algorithm: run /usr/bin/brotli --quality=11 --output=/output/svg.min.js.br /tmp/work/dist/svg.min.js
2025/09/15 16:32:27 sri /tmp/work/dist/svg.js -> /output/svg.js.sri
2025/09/15 16:32:27 algorithm: run /usr/bin/brotli --quality=11 --output=/output/svg.js.br /tmp/work/dist/svg.js
2025/09/15 16:32:28 br /tmp/work/dist/svg.min.js -> /output/svg.min.js.br
2025/09/15 16:32:28 gz /tmp/work/dist/svg.min.js -> /output/svg.min.js.gz
2025/09/15 16:32:28 br /tmp/work/dist/svg.js -> /output/svg.js.br
2025/09/15 16:32:28 gz /tmp/work/dist/svg.js -> /output/svg.js.gz
2025/09/15 16:32:28 sri /tmp/work/dist/polyfillsIE.min.js -> /output/polyfillsIE.min.js.sri
2025/09/15 16:32:28 algorithm: run /usr/bin/brotli --quality=11 --output=/output/polyfillsIE.min.js.br /tmp/work/dist/polyfillsIE.min.js
2025/09/15 16:32:28 br /tmp/work/dist/polyfillsIE.min.js -> /output/polyfillsIE.min.js.br
2025/09/15 16:32:28 gz /tmp/work/dist/polyfillsIE.min.js -> /output/polyfillsIE.min.js.gz
2025/09/15 16:32:28 sri /tmp/work/dist/polyfillsIE.js -> /output/polyfillsIE.js.sri
2025/09/15 16:32:28 algorithm: run /usr/bin/brotli --quality=11 --output=/output/polyfillsIE.js.br /tmp/work/dist/polyfillsIE.js
2025/09/15 16:32:28 br /tmp/work/dist/polyfillsIE.js -> /output/polyfillsIE.js.br
2025/09/15 16:32:28 gz /tmp/work/dist/polyfillsIE.js -> /output/polyfillsIE.js.gz
2025/09/15 16:32:29 br /tmp/work/dist/svg.min.js.map -> /output/svg.min.js.map.br
2025/09/15 16:32:29 gz /tmp/work/dist/svg.min.js.map -> /output/svg.min.js.map.gz
2025/09/15 16:32:29 br /tmp/work/dist/svg.esm.js.map -> /output/svg.esm.js.map.br
2025/09/15 16:32:29 br /tmp/work/dist/svg.js.map -> /output/svg.js.map.br
2025/09/15 16:32:29 gz /tmp/work/dist/svg.esm.js.map -> /output/svg.esm.js.map.gz
2025/09/15 16:32:29 gz /tmp/work/dist/svg.js.map -> /output/svg.js.map.gz
2025/09/15 16:32:29 sri /tmp/work/dist/svg.esm.min.js -> /output/svg.esm.min.js.sri
2025/09/15 16:32:29 algorithm: run /usr/bin/brotli --quality=11 --output=/output/svg.esm.min.js.br /tmp/work/dist/svg.esm.min.js
2025/09/15 16:32:29 br /tmp/work/dist/svg.esm.min.js -> /output/svg.esm.min.js.br
2025/09/15 16:32:29 gz /tmp/work/dist/svg.esm.min.js -> /output/svg.esm.min.js.gz
2025/09/15 16:32:29 sri /tmp/work/dist/svg.esm.js -> /output/svg.esm.js.sri
2025/09/15 16:32:29 algorithm: run /usr/bin/brotli --quality=11 --output=/output/svg.esm.js.br /tmp/work/dist/svg.esm.js
2025/09/15 16:32:30 br /tmp/work/dist/svg.esm.js -> /output/svg.esm.js.br
2025/09/15 16:32:30 gz /tmp/work/dist/svg.esm.js -> /output/svg.esm.js.gz
2025/09/15 16:32:30 processed svg.js
