- jsvectormap/1.4.2/css/jsvectormap.css.br
- jsvectormap/1.4.2/css/jsvectormap.css.gz
- jsvectormap/1.4.2/css/jsvectormap.min.css.br
- jsvectormap/1.4.2/css/jsvectormap.min.css.gz
- jsvectormap/1.4.2/js/gdp.js.br
- jsvectormap/1.4.2/js/gdp.js.gz
- jsvectormap/1.4.2/js/gdp.min.js.br
- jsvectormap/1.4.2/js/gdp.min.js.gz
- jsvectormap/1.4.2/js/jsvectormap.js.br
- jsvectormap/1.4.2/js/jsvectormap.js.gz
- jsvectormap/1.4.2/js/jsvectormap.min.js.br
- jsvectormap/1.4.2/js/jsvectormap.min.js.gz
- jsvectormap/1.4.2/maps/canada.js.br
- jsvectormap/1.4.2/maps/canada.js.gz
- jsvectormap/1.4.2/maps/canada.min.js.br
- jsvectormap/1.4.2/maps/canada.min.js.gz
- jsvectormap/1.4.2/maps/iraq.js.br
- jsvectormap/1.4.2/maps/iraq.js.gz
- jsvectormap/1.4.2/maps/iraq.min.js.br
- jsvectormap/1.4.2/maps/iraq.min.js.gz
- jsvectormap/1.4.2/maps/italy.js.br
- jsvectormap/1.4.2/maps/italy.js.gz
- jsvectormap/1.4.2/maps/italy.min.js.br
- jsvectormap/1.4.2/maps/italy.min.js.gz
- jsvectormap/1.4.2/maps/russia.js.br
- jsvectormap/1.4.2/maps/russia.js.gz
- jsvectormap/1.4.2/maps/russia.min.js.br
- jsvectormap/1.4.2/maps/russia.min.js.gz
- jsvectormap/1.4.2/maps/spain.js.br
- jsvectormap/1.4.2/maps/spain.js.gz
- jsvectormap/1.4.2/maps/spain.min.js.br
- jsvectormap/1.4.2/maps/spain.min.js.gz
- jsvectormap/1.4.2/maps/us-aea-en.js.br
- jsvectormap/1.4.2/maps/us-aea-en.js.gz
- jsvectormap/1.4.2/maps/us-aea-en.min.js.br
- jsvectormap/1.4.2/maps/us-aea-en.min.js.gz
- jsvectormap/1.4.2/maps/us-lcc-en.js.br
- jsvectormap/1.4.2/maps/us-lcc-en.js.gz
- jsvectormap/1.4.2/maps/us-lcc-en.min.js.br
- jsvectormap/1.4.2/maps/us-lcc-en.min.js.gz
- jsvectormap/1.4.2/maps/us-merc-en.js.br
- jsvectormap/1.4.2/maps/us-merc-en.js.gz
- jsvectormap/1.4.2/maps/us-merc-en.min.js.br
- jsvectormap/1.4.2/maps/us-merc-en.min.js.gz
- jsvectormap/1.4.2/maps/us-mill-en.js.br
- jsvectormap/1.4.2/maps/us-mill-en.js.gz
- jsvectormap/1.4.2/maps/us-mill-en.min.js.br
- jsvectormap/1.4.2/maps/us-mill-en.min.js.gz
- jsvectormap/1.4.2/maps/world-merc.js.br
- jsvectormap/1.4.2/maps/world-merc.js.gz
- jsvectormap/1.4.2/maps/world-merc.min.js.br
- jsvectormap/1.4.2/maps/world-merc.min.js.gz
- jsvectormap/1.4.2/maps/world.js.br
- jsvectormap/1.4.2/maps/world.js.gz
- jsvectormap/1.4.2/maps/world.min.js.br
- jsvectormap/1.4.2/maps/world.min.js.gz