config: {"authors":[{"name":"Google Inc."}],"autoupdate":{"source":"npm","target":"@fontsource/cabin-sketch","fileMap":[{"basePath":"","files":["*.css","files/*.@(woff|woff2)"]}],"excludeFromSearch":true},"description":"Self-host the Cabin Sketch font in a neatly bundled NPM package.","filename":"index.css","homepage":"https://fontsource.org/fonts/cabin-sketch","keywords":["fontsource","font","font family","google fonts","cabin-sketch","Cabin Sketch","css","sass","front-end","web","typeface","variable"],"license":"OFL-1.1","name":"fontsource-cabin-sketch","repository":{"type":"git","url":"git+https://github.com/fontsource/font-files.git"},"author":"Google Inc."}
KV keys:
- fontsource-cabin-sketch/5.2.7/400.css.br
- fontsource-cabin-sketch/5.2.7/400.css.gz
- fontsource-cabin-sketch/5.2.7/400.min.css.br
- fontsource-cabin-sketch/5.2.7/400.min.css.gz
- fontsource-cabin-sketch/5.2.7/700.css.br
- fontsource-cabin-sketch/5.2.7/700.css.gz
- fontsource-cabin-sketch/5.2.7/700.min.css.br
- fontsource-cabin-sketch/5.2.7/700.min.css.gz
- fontsource-cabin-sketch/5.2.7/files/cabin-sketch-latin-400-normal.woff.br
- fontsource-cabin-sketch/5.2.7/files/cabin-sketch-latin-400-normal.woff.gz
- fontsource-cabin-sketch/5.2.7/files/cabin-sketch-latin-400-normal.woff2
- fontsource-cabin-sketch/5.2.7/files/cabin-sketch-latin-700-normal.woff.br
- fontsource-cabin-sketch/5.2.7/files/cabin-sketch-latin-700-normal.woff.gz
- fontsource-cabin-sketch/5.2.7/files/cabin-sketch-latin-700-normal.woff2
- fontsource-cabin-sketch/5.2.7/index.css.br
- fontsource-cabin-sketch/5.2.7/index.css.gz
- fontsource-cabin-sketch/5.2.7/index.min.css.br
- fontsource-cabin-sketch/5.2.7/index.min.css.gz
- fontsource-cabin-sketch/5.2.7/latin-400.css.br
- fontsource-cabin-sketch/5.2.7/latin-400.css.gz
- fontsource-cabin-sketch/5.2.7/latin-400.min.css.br
- fontsource-cabin-sketch/5.2.7/latin-400.min.css.gz
- fontsource-cabin-sketch/5.2.7/latin-700.css.br
- fontsource-cabin-sketch/5.2.7/latin-700.css.gz
- fontsource-cabin-sketch/5.2.7/latin-700.min.css.br
- fontsource-cabin-sketch/5.2.7/latin-700.min.css.gz
- fontsource-cabin-sketch/5.2.7/latin.css.br
- fontsource-cabin-sketch/5.2.7/latin.css.gz
- fontsource-cabin-sketch/5.2.7/latin.min.css.br
- fontsource-cabin-sketch/5.2.7/latin.min.css.gz
SRIs:
- fontsource-cabin-sketch/5.2.7/400.css: sha512-6DdkU2iH1MI/KTpBgjp329fjDdg+fHDwUD9BETcnir1vTQZaHbuO040kgJmrBIvQ0HHciifu6GnFgH8dlw5tmQ==
- fontsource-cabin-sketch/5.2.7/700.css: sha512-iNzZt8fGHnqvMbr/tjp44n54jA99kzC6IGvMJnxbc7Ud/QM8lkWhpp7dR4k78Cxkm29e3bQj4U5fzkseM8N5Lg==
- fontsource-cabin-sketch/5.2.7/700.min.css: sha512-oznNqZmAwc1b6LaBRomfzZwGv+hKTvqBzCIS250PYGtG59XKn6xGq04xJNyBRCPL4DA0KmJRE00HzOMMw9KHYA==
- fontsource-cabin-sketch/5.2.7/latin-400.css: sha512-QBCe83tbHxTr/3sms3J7e9k4YqYPxTMje0rsyBiOmgs/vPxdObTey7B7VUXBRqK0kokbII1PrS6IoaaYBdHW8Q==
- fontsource-cabin-sketch/5.2.7/latin-400.min.css: sha512-EUjOCfGV2nDxtT54OZkw5V1y+Mq4AmC3RLDjLxHXpRka7ZYSD21r47XH5TqtJy/NwaUMA5UO5fHtkenojQRxyA==
- fontsource-cabin-sketch/5.2.7/latin-700.min.css: sha512-ggsXbaMvu4nEwHSadt4lMuREsGSxPGPdqeJcHFwPTVg/B2pEOigELkV92bo2tPkAWHkl7hn7bSCMhuJ+vhnqcw==
- fontsource-cabin-sketch/5.2.7/400.min.css: sha512-Kt5AD+GuVdRvCWB3mwMHdmT39qc5Ri5MKavwFe6CnwnSNkzoCKMrvqyS7UCnUctPRO2PRA4rOJVYDcHaXl5KTw==
- fontsource-cabin-sketch/5.2.7/index.css: sha512-6DdkU2iH1MI/KTpBgjp329fjDdg+fHDwUD9BETcnir1vTQZaHbuO040kgJmrBIvQ0HHciifu6GnFgH8dlw5tmQ==
- fontsource-cabin-sketch/5.2.7/index.min.css: sha512-Kt5AD+GuVdRvCWB3mwMHdmT39qc5Ri5MKavwFe6CnwnSNkzoCKMrvqyS7UCnUctPRO2PRA4rOJVYDcHaXl5KTw==
- fontsource-cabin-sketch/5.2.7/latin-700.css: sha512-cZW1hmxQxdr3NrVmfdghtRl1NewM3SIGeDH82Y93zcokk4pmzXSjz6UVgV1BUeAZNxc0Xb4V1V+baDXvSXEQrw==
- fontsource-cabin-sketch/5.2.7/latin.css: sha512-RSASEPucTU2kDRbHYotb9KEU8D9o1fk8eC0sV8GMra+kYas1SZJ1y557fP7L6T5KrR77S+9hGHPfT7G4joRm9g==
- fontsource-cabin-sketch/5.2.7/latin.min.css: sha512-m+aPr/95agahCwLG4CUeguSVAeLs1Di4JVPRE+WFtHd/d9TyThF2b6SGpf7nrKYtvC6IAo37FBEHoSaMrrOQjw==
