2025/01/09 21:00:37 optimizing files (Js true, Css true, Png true, Jpg true)
2025/01/09 21:00:38 compress: run /node_modules/uglify-js/bin/uglifyjs (3.15.4) [--mangle --compress if_return=true -o /tmp/work/dist/zonos-elements/index.esm.min.js /tmp/work/dist/zonos-elements/index.esm.js]
2025/01/09 21:00:38 compress: run /node_modules/uglify-js/bin/uglifyjs (3.15.4) [--mangle --compress if_return=true -o /tmp/work/dist/zonos-elements/p-0028d158.entry.min.js /tmp/work/dist/zonos-elements/p-0028d158.entry.js]
2025/01/09 21:00:38 compress: run /node_modules/uglify-js/bin/uglifyjs (3.15.4) [--mangle --compress if_return=true -o /tmp/work/dist/zonos-elements/p-0101da8c.system.min.js /tmp/work/dist/zonos-elements/p-0101da8c.system.js]
2025/01/09 21:00:38 compress: run /node_modules/uglify-js/bin/uglifyjs (3.15.4) [--mangle --compress if_return=true -o /tmp/work/dist/zonos-elements/p-05013308.entry.min.js /tmp/work/dist/zonos-elements/p-05013308.entry.js]
2025/01/09 21:00:38 compress: run /node_modules/uglify-js/bin/uglifyjs (3.15.4) [--mangle --compress if_return=true -o /tmp/work/dist/zonos-elements/p-0c64dbbb.min.js /tmp/work/dist/zonos-elements/p-0c64dbbb.js]
2025/01/09 21:00:38 compress: run /node_modules/uglify-js/bin/uglifyjs (3.15.4) [--mangle --compress if_return=true -o /tmp/work/dist/zonos-elements/p-07a8a124.entry.min.js /tmp/work/dist/zonos-elements/p-07a8a124.entry.js]
2025/01/09 21:00:38 compress: run /node_modules/uglify-js/bin/uglifyjs (3.15.4) [--mangle --compress if_return=true -o /tmp/work/dist/zonos-elements/p-0ab922d1.min.js /tmp/work/dist/zonos-elements/p-0ab922d1.js]
2025/01/09 21:00:38 compress: run /node_modules/uglify-js/bin/uglifyjs (3.15.4) [--mangle --compress if_return=true -o /tmp/work/dist/zonos-elements/p-08e7107d.min.js /tmp/work/dist/zonos-elements/p-08e7107d.js]
2025/01/09 21:00:38 sri /tmp/work/dist/zonos-elements/p-08e7107d.min.js -> /output/dist/zonos-elements/p-08e7107d.min.js.sri
2025/01/09 21:00:38 algorithm: run /usr/bin/brotli --quality=11 --output=/output/dist/zonos-elements/p-08e7107d.min.js.br /tmp/work/dist/zonos-elements/p-08e7107d.min.js
2025/01/09 21:00:38 br /tmp/work/dist/zonos-elements/p-08e7107d.min.js -> /output/dist/zonos-elements/p-08e7107d.min.js.br
2025/01/09 21:00:38 gz /tmp/work/dist/zonos-elements/p-08e7107d.min.js -> /output/dist/zonos-elements/p-08e7107d.min.js.gz
2025/01/09 21:00:38 sri /tmp/work/dist/zonos-elements/p-08e7107d.js -> /output/dist/zonos-elements/p-08e7107d.js.sri
2025/01/09 21:00:38 algorithm: run /usr/bin/brotli --quality=11 --output=/output/dist/zonos-elements/p-08e7107d.js.br /tmp/work/dist/zonos-elements/p-08e7107d.js
2025/01/09 21:00:38 br /tmp/work/dist/zonos-elements/p-08e7107d.js -> /output/dist/zonos-elements/p-08e7107d.js.br
2025/01/09 21:00:38 gz /tmp/work/dist/zonos-elements/p-08e7107d.js -> /output/dist/zonos-elements/p-08e7107d.js.gz
2025/01/09 21:00:38 compress: run /node_modules/uglify-js/bin/uglifyjs (3.15.4) [--mangle --compress if_return=true -o /tmp/work/dist/zonos-elements/p-0f02083d.system.entry.min.js /tmp/work/dist/zonos-elements/p-0f02083d.system.entry.js]
2025/01/09 21:00:38 sri /tmp/work/dist/zonos-elements/p-0c64dbbb.min.js -> /output/dist/zonos-elements/p-0c64dbbb.min.js.sri
2025/01/09 21:00:38 algorithm: run /usr/bin/brotli --quality=11 --output=/output/dist/zonos-elements/p-0c64dbbb.min.js.br /tmp/work/dist/zonos-elements/p-0c64dbbb.min.js
2025/01/09 21:00:38 sri /tmp/work/dist/zonos-elements/p-05013308.entry.min.js -> /output/dist/zonos-elements/p-05013308.entry.min.js.sri
2025/01/09 21:00:38 algorithm: run /usr/bin/brotli --quality=11 --output=/output/dist/zonos-elements/p-05013308.entry.min.js.br /tmp/work/dist/zonos-elements/p-05013308.entry.min.js
2025/01/09 21:00:38 br /tmp/work/dist/zonos-elements/p-0c64dbbb.min.js -> /output/dist/zonos-elements/p-0c64dbbb.min.js.br
2025/01/09 21:00:38 gz /tmp/work/dist/zonos-elements/p-0c64dbbb.min.js -> /output/dist/zonos-elements/p-0c64dbbb.min.js.gz
2025/01/09 21:00:38 sri /tmp/work/dist/zonos-elements/p-0c64dbbb.js -> /output/dist/zonos-elements/p-0c64dbbb.js.sri
2025/01/09 21:00:38 algorithm: run /usr/bin/brotli --quality=11 --output=/output/dist/zonos-elements/p-0c64dbbb.js.br /tmp/work/dist/zonos-elements/p-0c64dbbb.js
2025/01/09 21:00:38 br /tmp/work/dist/zonos-elements/p-05013308.entry.min.js -> /output/dist/zonos-elements/p-05013308.entry.min.js.br
2025/01/09 21:00:38 gz /tmp/work/dist/zonos-elements/p-05013308.entry.min.js -> /output/dist/zonos-elements/p-05013308.entry.min.js.gz
2025/01/09 21:00:38 sri /tmp/work/dist/zonos-elements/p-05013308.entry.js -> /output/dist/zonos-elements/p-05013308.entry.js.sri
2025/01/09 21:00:38 algorithm: run /usr/bin/brotli --quality=11 --output=/output/dist/zonos-elements/p-05013308.entry.js.br /tmp/work/dist/zonos-elements/p-05013308.entry.js
2025/01/09 21:00:38 br /tmp/work/dist/zonos-elements/p-0c64dbbb.js -> /output/dist/zonos-elements/p-0c64dbbb.js.br
2025/01/09 21:00:38 gz /tmp/work/dist/zonos-elements/p-0c64dbbb.js -> /output/dist/zonos-elements/p-0c64dbbb.js.gz
2025/01/09 21:00:38 compress: run /node_modules/uglify-js/bin/uglifyjs (3.15.4) [--mangle --compress if_return=true -o /tmp/work/dist/zonos-elements/p-12546668.system.min.js /tmp/work/dist/zonos-elements/p-12546668.system.js]
2025/01/09 21:00:38 sri /tmp/work/dist/zonos-elements/p-0028d158.entry.min.js -> /output/dist/zonos-elements/p-0028d158.entry.min.js.sri
2025/01/09 21:00:38 algorithm: run /usr/bin/brotli --quality=11 --output=/output/dist/zonos-elements/p-0028d158.entry.min.js.br /tmp/work/dist/zonos-elements/p-0028d158.entry.min.js
2025/01/09 21:00:38 br /tmp/work/dist/zonos-elements/p-05013308.entry.js -> /output/dist/zonos-elements/p-05013308.entry.js.br
2025/01/09 21:00:38 gz /tmp/work/dist/zonos-elements/p-05013308.entry.js -> /output/dist/zonos-elements/p-05013308.entry.js.gz
2025/01/09 21:00:38 compress: run /node_modules/uglify-js/bin/uglifyjs (3.15.4) [--mangle --compress if_return=true -o /tmp/work/dist/zonos-elements/p-12a6b7bd.system.min.js /tmp/work/dist/zonos-elements/p-12a6b7bd.system.js]
2025/01/09 21:00:38 br /tmp/work/dist/zonos-elements/p-0028d158.entry.min.js -> /output/dist/zonos-elements/p-0028d158.entry.min.js.br
2025/01/09 21:00:38 gz /tmp/work/dist/zonos-elements/p-0028d158.entry.min.js -> /output/dist/zonos-elements/p-0028d158.entry.min.js.gz
2025/01/09 21:00:38 sri /tmp/work/dist/zonos-elements/p-0028d158.entry.js -> /output/dist/zonos-elements/p-0028d158.entry.js.sri
2025/01/09 21:00:38 algorithm: run /usr/bin/brotli --quality=11 --output=/output/dist/zonos-elements/p-0028d158.entry.js.br /tmp/work/dist/zonos-elements/p-0028d158.entry.js
2025/01/09 21:00:38 br /tmp/work/dist/zonos-elements/p-0028d158.entry.js -> /output/dist/zonos-elements/p-0028d158.entry.js.br
2025/01/09 21:00:38 gz /tmp/work/dist/zonos-elements/p-0028d158.entry.js -> /output/dist/zonos-elements/p-0028d158.entry.js.gz
2025/01/09 21:00:38 compress: run /node_modules/uglify-js/bin/uglifyjs (3.15.4) [--mangle --compress if_return=true -o /tmp/work/dist/zonos-elements/p-18e5b741.system.min.js /tmp/work/dist/zonos-elements/p-18e5b741.system.js]
2025/01/09 21:00:38 sri /tmp/work/dist/zonos-elements/p-07a8a124.entry.min.js -> /output/dist/zonos-elements/p-07a8a124.entry.min.js.sri
2025/01/09 21:00:38 algorithm: run /usr/bin/brotli --quality=11 --output=/output/dist/zonos-elements/p-07a8a124.entry.min.js.br /tmp/work/dist/zonos-elements/p-07a8a124.entry.min.js
2025/01/09 21:00:38 sri /tmp/work/dist/zonos-elements/p-12a6b7bd.system.min.js -> /output/dist/zonos-elements/p-12a6b7bd.system.min.js.sri
2025/01/09 21:00:38 algorithm: run /usr/bin/brotli --quality=11 --output=/output/dist/zonos-elements/p-12a6b7bd.system.min.js.br /tmp/work/dist/zonos-elements/p-12a6b7bd.system.min.js
2025/01/09 21:00:38 br /tmp/work/dist/zonos-elements/p-12a6b7bd.system.min.js -> /output/dist/zonos-elements/p-12a6b7bd.system.min.js.br
2025/01/09 21:00:38 gz /tmp/work/dist/zonos-elements/p-12a6b7bd.system.min.js -> /output/dist/zonos-elements/p-12a6b7bd.system.min.js.gz
2025/01/09 21:00:38 sri /tmp/work/dist/zonos-elements/p-12a6b7bd.system.js -> /output/dist/zonos-elements/p-12a6b7bd.system.js.sri
2025/01/09 21:00:38 algorithm: run /usr/bin/brotli --quality=11 --output=/output/dist/zonos-elements/p-12a6b7bd.system.js.br /tmp/work/dist/zonos-elements/p-12a6b7bd.system.js
2025/01/09 21:00:38 br /tmp/work/dist/zonos-elements/p-12a6b7bd.system.js -> /output/dist/zonos-elements/p-12a6b7bd.system.js.br
2025/01/09 21:00:38 gz /tmp/work/dist/zonos-elements/p-12a6b7bd.system.js -> /output/dist/zonos-elements/p-12a6b7bd.system.js.gz
2025/01/09 21:00:38 compress: run /node_modules/uglify-js/bin/uglifyjs (3.15.4) [--mangle --compress if_return=true -o /tmp/work/dist/zonos-elements/p-1aa93d1e.system.min.js /tmp/work/dist/zonos-elements/p-1aa93d1e.system.js]
2025/01/09 21:00:38 br /tmp/work/dist/zonos-elements/p-07a8a124.entry.min.js -> /output/dist/zonos-elements/p-07a8a124.entry.min.js.br
2025/01/09 21:00:38 gz /tmp/work/dist/zonos-elements/p-07a8a124.entry.min.js -> /output/dist/zonos-elements/p-07a8a124.entry.min.js.gz
2025/01/09 21:00:38 sri /tmp/work/dist/zonos-elements/p-07a8a124.entry.js -> /output/dist/zonos-elements/p-07a8a124.entry.js.sri
2025/01/09 21:00:38 algorithm: run /usr/bin/brotli --quality=11 --output=/output/dist/zonos-elements/p-07a8a124.entry.js.br /tmp/work/dist/zonos-elements/p-07a8a124.entry.js
2025/01/09 21:00:38 br /tmp/work/dist/zonos-elements/p-07a8a124.entry.js -> /output/dist/zonos-elements/p-07a8a124.entry.js.br
2025/01/09 21:00:38 gz /tmp/work/dist/zonos-elements/p-07a8a124.entry.js -> /output/dist/zonos-elements/p-07a8a124.entry.js.gz
2025/01/09 21:00:38 compress: run /node_modules/uglify-js/bin/uglifyjs (3.15.4) [--mangle --compress if_return=true -o /tmp/work/dist/zonos-elements/p-23e7c655.system.min.js /tmp/work/dist/zonos-elements/p-23e7c655.system.js]
2025/01/09 21:00:38 sri /tmp/work/dist/zonos-elements/p-0ab922d1.min.js -> /output/dist/zonos-elements/p-0ab922d1.min.js.sri
2025/01/09 21:00:38 algorithm: run /usr/bin/brotli --quality=11 --output=/output/dist/zonos-elements/p-0ab922d1.min.js.br /tmp/work/dist/zonos-elements/p-0ab922d1.min.js
2025/01/09 21:00:38 br /tmp/work/dist/zonos-elements/p-0ab922d1.min.js -> /output/dist/zonos-elements/p-0ab922d1.min.js.br
2025/01/09 21:00:38 gz /tmp/work/dist/zonos-elements/p-0ab922d1.min.js -> /output/dist/zonos-elements/p-0ab922d1.min.js.gz
2025/01/09 21:00:38 sri /tmp/work/dist/zonos-elements/p-0ab922d1.js -> /output/dist/zonos-elements/p-0ab922d1.js.sri
2025/01/09 21:00:38 algorithm: run /usr/bin/brotli --quality=11 --output=/output/dist/zonos-elements/p-0ab922d1.js.br /tmp/work/dist/zonos-elements/p-0ab922d1.js
2025/01/09 21:00:38 sri /tmp/work/dist/zonos-elements/index.esm.min.js -> /output/dist/zonos-elements/index.esm.min.js.sri
2025/01/09 21:00:38 algorithm: run /usr/bin/brotli --quality=11 --output=/output/dist/zonos-elements/index.esm.min.js.br /tmp/work/dist/zonos-elements/index.esm.min.js
2025/01/09 21:00:38 br /tmp/work/dist/zonos-elements/p-0ab922d1.js -> /output/dist/zonos-elements/p-0ab922d1.js.br
2025/01/09 21:00:38 br /tmp/work/dist/zonos-elements/index.esm.min.js -> /output/dist/zonos-elements/index.esm.min.js.br
2025/01/09 21:00:38 gz /tmp/work/dist/zonos-elements/p-0ab922d1.js -> /output/dist/zonos-elements/p-0ab922d1.js.gz
2025/01/09 21:00:38 compress: run /node_modules/uglify-js/bin/uglifyjs (3.15.4) [--mangle --compress if_return=true -o /tmp/work/dist/zonos-elements/p-23ea1883.system.entry.min.js /tmp/work/dist/zonos-elements/p-23ea1883.system.entry.js]
2025/01/09 21:00:38 gz /tmp/work/dist/zonos-elements/index.esm.min.js -> /output/dist/zonos-elements/index.esm.min.js.gz
2025/01/09 21:00:38 sri /tmp/work/dist/zonos-elements/index.esm.js -> /output/dist/zonos-elements/index.esm.js.sri
2025/01/09 21:00:38 algorithm: run /usr/bin/brotli --quality=11 --output=/output/dist/zonos-elements/index.esm.js.br /tmp/work/dist/zonos-elements/index.esm.js
2025/01/09 21:00:38 sri /tmp/work/dist/zonos-elements/p-1aa93d1e.system.min.js -> /output/dist/zonos-elements/p-1aa93d1e.system.min.js.sri
2025/01/09 21:00:38 algorithm: run /usr/bin/brotli --quality=11 --output=/output/dist/zonos-elements/p-1aa93d1e.system.min.js.br /tmp/work/dist/zonos-elements/p-1aa93d1e.system.min.js
2025/01/09 21:00:38 br /tmp/work/dist/zonos-elements/p-1aa93d1e.system.min.js -> /output/dist/zonos-elements/p-1aa93d1e.system.min.js.br
2025/01/09 21:00:38 gz /tmp/work/dist/zonos-elements/p-1aa93d1e.system.min.js -> /output/dist/zonos-elements/p-1aa93d1e.system.min.js.gz
2025/01/09 21:00:38 sri /tmp/work/dist/zonos-elements/p-1aa93d1e.system.js -> /output/dist/zonos-elements/p-1aa93d1e.system.js.sri
2025/01/09 21:00:38 algorithm: run /usr/bin/brotli --quality=11 --output=/output/dist/zonos-elements/p-1aa93d1e.system.js.br /tmp/work/dist/zonos-elements/p-1aa93d1e.system.js
2025/01/09 21:00:38 sri /tmp/work/dist/zonos-elements/p-23e7c655.system.min.js -> /output/dist/zonos-elements/p-23e7c655.system.min.js.sri
2025/01/09 21:00:38 algorithm: run /usr/bin/brotli --quality=11 --output=/output/dist/zonos-elements/p-23e7c655.system.min.js.br /tmp/work/dist/zonos-elements/p-23e7c655.system.min.js
2025/01/09 21:00:38 br /tmp/work/dist/zonos-elements/p-1aa93d1e.system.js -> /output/dist/zonos-elements/p-1aa93d1e.system.js.br
2025/01/09 21:00:38 gz /tmp/work/dist/zonos-elements/p-1aa93d1e.system.js -> /output/dist/zonos-elements/p-1aa93d1e.system.js.gz
2025/01/09 21:00:38 compress: run /node_modules/uglify-js/bin/uglifyjs (3.15.4) [--mangle --compress if_return=true -o /tmp/work/dist/zonos-elements/p-2670438c.system.min.js /tmp/work/dist/zonos-elements/p-2670438c.system.js]
2025/01/09 21:00:38 br /tmp/work/dist/zonos-elements/p-23e7c655.system.min.js -> /output/dist/zonos-elements/p-23e7c655.system.min.js.br
2025/01/09 21:00:38 br /tmp/work/dist/zonos-elements/index.esm.js -> /output/dist/zonos-elements/index.esm.js.br
2025/01/09 21:00:38 gz /tmp/work/dist/zonos-elements/p-23e7c655.system.min.js -> /output/dist/zonos-elements/p-23e7c655.system.min.js.gz
2025/01/09 21:00:38 sri /tmp/work/dist/zonos-elements/p-23e7c655.system.js -> /output/dist/zonos-elements/p-23e7c655.system.js.sri
2025/01/09 21:00:38 algorithm: run /usr/bin/brotli --quality=11 --output=/output/dist/zonos-elements/p-23e7c655.system.js.br /tmp/work/dist/zonos-elements/p-23e7c655.system.js
2025/01/09 21:00:38 gz /tmp/work/dist/zonos-elements/index.esm.js -> /output/dist/zonos-elements/index.esm.js.gz
2025/01/09 21:00:38 compress: run /node_modules/uglify-js/bin/uglifyjs (3.15.4) [--mangle --compress if_return=true -o /tmp/work/dist/zonos-elements/p-2770ba48.system.min.js /tmp/work/dist/zonos-elements/p-2770ba48.system.js]
2025/01/09 21:00:38 br /tmp/work/dist/zonos-elements/p-23e7c655.system.js -> /output/dist/zonos-elements/p-23e7c655.system.js.br
2025/01/09 21:00:38 gz /tmp/work/dist/zonos-elements/p-23e7c655.system.js -> /output/dist/zonos-elements/p-23e7c655.system.js.gz
2025/01/09 21:00:38 compress: run /node_modules/uglify-js/bin/uglifyjs (3.15.4) [--mangle --compress if_return=true -o /tmp/work/dist/zonos-elements/p-2d152241.system.min.js /tmp/work/dist/zonos-elements/p-2d152241.system.js]
2025/01/09 21:00:39 sri /tmp/work/dist/zonos-elements/p-2770ba48.system.min.js -> /output/dist/zonos-elements/p-2770ba48.system.min.js.sri
2025/01/09 21:00:39 algorithm: run /usr/bin/brotli --quality=11 --output=/output/dist/zonos-elements/p-2770ba48.system.min.js.br /tmp/work/dist/zonos-elements/p-2770ba48.system.min.js
2025/01/09 21:00:39 br /tmp/work/dist/zonos-elements/p-2770ba48.system.min.js -> /output/dist/zonos-elements/p-2770ba48.system.min.js.br
2025/01/09 21:00:39 gz /tmp/work/dist/zonos-elements/p-2770ba48.system.min.js -> /output/dist/zonos-elements/p-2770ba48.system.min.js.gz
2025/01/09 21:00:39 sri /tmp/work/dist/zonos-elements/p-2770ba48.system.js -> /output/dist/zonos-elements/p-2770ba48.system.js.sri
2025/01/09 21:00:39 algorithm: run /usr/bin/brotli --quality=11 --output=/output/dist/zonos-elements/p-2770ba48.system.js.br /tmp/work/dist/zonos-elements/p-2770ba48.system.js
2025/01/09 21:00:39 sri /tmp/work/dist/zonos-elements/p-0101da8c.system.min.js -> /output/dist/zonos-elements/p-0101da8c.system.min.js.sri
2025/01/09 21:00:39 algorithm: run /usr/bin/brotli --quality=11 --output=/output/dist/zonos-elements/p-0101da8c.system.min.js.br /tmp/work/dist/zonos-elements/p-0101da8c.system.min.js
2025/01/09 21:00:39 br /tmp/work/dist/zonos-elements/p-2770ba48.system.js -> /output/dist/zonos-elements/p-2770ba48.system.js.br
2025/01/09 21:00:39 gz /tmp/work/dist/zonos-elements/p-2770ba48.system.js -> /output/dist/zonos-elements/p-2770ba48.system.js.gz
2025/01/09 21:00:39 compress: run /node_modules/uglify-js/bin/uglifyjs (3.15.4) [--mangle --compress if_return=true -o /tmp/work/dist/zonos-elements/p-2d450227.entry.min.js /tmp/work/dist/zonos-elements/p-2d450227.entry.js]
2025/01/09 21:00:39 sri /tmp/work/dist/zonos-elements/p-23ea1883.system.entry.min.js -> /output/dist/zonos-elements/p-23ea1883.system.entry.min.js.sri
2025/01/09 21:00:39 algorithm: run /usr/bin/brotli --quality=11 --output=/output/dist/zonos-elements/p-23ea1883.system.entry.min.js.br /tmp/work/dist/zonos-elements/p-23ea1883.system.entry.min.js
2025/01/09 21:00:39 br /tmp/work/dist/zonos-elements/p-0101da8c.system.min.js -> /output/dist/zonos-elements/p-0101da8c.system.min.js.br
2025/01/09 21:00:39 gz /tmp/work/dist/zonos-elements/p-0101da8c.system.min.js -> /output/dist/zonos-elements/p-0101da8c.system.min.js.gz
2025/01/09 21:00:39 sri /tmp/work/dist/zonos-elements/p-0101da8c.system.js -> /output/dist/zonos-elements/p-0101da8c.system.js.sri
2025/01/09 21:00:39 algorithm: run /usr/bin/brotli --quality=11 --output=/output/dist/zonos-elements/p-0101da8c.system.js.br /tmp/work/dist/zonos-elements/p-0101da8c.system.js
2025/01/09 21:00:39 br /tmp/work/dist/zonos-elements/p-23ea1883.system.entry.min.js -> /output/dist/zonos-elements/p-23ea1883.system.entry.min.js.br
2025/01/09 21:00:39 gz /tmp/work/dist/zonos-elements/p-23ea1883.system.entry.min.js -> /output/dist/zonos-elements/p-23ea1883.system.entry.min.js.gz
2025/01/09 21:00:39 sri /tmp/work/dist/zonos-elements/p-23ea1883.system.entry.js -> /output/dist/zonos-elements/p-23ea1883.system.entry.js.sri
2025/01/09 21:00:39 algorithm: run /usr/bin/brotli --quality=11 --output=/output/dist/zonos-elements/p-23ea1883.system.entry.js.br /tmp/work/dist/zonos-elements/p-23ea1883.system.entry.js
2025/01/09 21:00:39 br /tmp/work/dist/zonos-elements/p-23ea1883.system.entry.js -> /output/dist/zonos-elements/p-23ea1883.system.entry.js.br
2025/01/09 21:00:39 gz /tmp/work/dist/zonos-elements/p-23ea1883.system.entry.js -> /output/dist/zonos-elements/p-23ea1883.system.entry.js.gz
2025/01/09 21:00:39 br /tmp/work/dist/zonos-elements/p-0101da8c.system.js -> /output/dist/zonos-elements/p-0101da8c.system.js.br
2025/01/09 21:00:39 gz /tmp/work/dist/zonos-elements/p-0101da8c.system.js -> /output/dist/zonos-elements/p-0101da8c.system.js.gz
2025/01/09 21:00:39 compress: run /node_modules/uglify-js/bin/uglifyjs (3.15.4) [--mangle --compress if_return=true -o /tmp/work/dist/zonos-elements/p-2d6557ee.system.min.js /tmp/work/dist/zonos-elements/p-2d6557ee.system.js]
2025/01/09 21:00:39 compress: run /node_modules/uglify-js/bin/uglifyjs (3.15.4) [--mangle --compress if_return=true -o /tmp/work/dist/zonos-elements/p-32912caf.system.min.js /tmp/work/dist/zonos-elements/p-32912caf.system.js]
2025/01/09 21:00:39 sri /tmp/work/dist/zonos-elements/p-2670438c.system.min.js -> /output/dist/zonos-elements/p-2670438c.system.min.js.sri
2025/01/09 21:00:39 algorithm: run /usr/bin/brotli --quality=11 --output=/output/dist/zonos-elements/p-2670438c.system.min.js.br /tmp/work/dist/zonos-elements/p-2670438c.system.min.js
2025/01/09 21:00:39 br /tmp/work/dist/zonos-elements/p-2670438c.system.min.js -> /output/dist/zonos-elements/p-2670438c.system.min.js.br
2025/01/09 21:00:39 gz /tmp/work/dist/zonos-elements/p-2670438c.system.min.js -> /output/dist/zonos-elements/p-2670438c.system.min.js.gz
2025/01/09 21:00:39 sri /tmp/work/dist/zonos-elements/p-2670438c.system.js -> /output/dist/zonos-elements/p-2670438c.system.js.sri
2025/01/09 21:00:39 algorithm: run /usr/bin/brotli --quality=11 --output=/output/dist/zonos-elements/p-2670438c.system.js.br /tmp/work/dist/zonos-elements/p-2670438c.system.js
2025/01/09 21:00:39 br /tmp/work/dist/zonos-elements/p-2670438c.system.js -> /output/dist/zonos-elements/p-2670438c.system.js.br
2025/01/09 21:00:39 gz /tmp/work/dist/zonos-elements/p-2670438c.system.js -> /output/dist/zonos-elements/p-2670438c.system.js.gz
2025/01/09 21:00:39 compress: run /node_modules/uglify-js/bin/uglifyjs (3.15.4) [--mangle --compress if_return=true -o /tmp/work/dist/zonos-elements/p-36f97fd9.entry.min.js /tmp/work/dist/zonos-elements/p-36f97fd9.entry.js]
2025/01/09 21:00:39 sri /tmp/work/dist/zonos-elements/p-18e5b741.system.min.js -> /output/dist/zonos-elements/p-18e5b741.system.min.js.sri
2025/01/09 21:00:39 algorithm: run /usr/bin/brotli --quality=11 --output=/output/dist/zonos-elements/p-18e5b741.system.min.js.br /tmp/work/dist/zonos-elements/p-18e5b741.system.min.js
2025/01/09 21:00:39 br /tmp/work/dist/zonos-elements/p-18e5b741.system.min.js -> /output/dist/zonos-elements/p-18e5b741.system.min.js.br
2025/01/09 21:00:39 gz /tmp/work/dist/zonos-elements/p-18e5b741.system.min.js -> /output/dist/zonos-elements/p-18e5b741.system.min.js.gz
2025/01/09 21:00:39 sri /tmp/work/dist/zonos-elements/p-18e5b741.system.js -> /output/dist/zonos-elements/p-18e5b741.system.js.sri
2025/01/09 21:00:39 algorithm: run /usr/bin/brotli --quality=11 --output=/output/dist/zonos-elements/p-18e5b741.system.js.br /tmp/work/dist/zonos-elements/p-18e5b741.system.js
2025/01/09 21:00:39 br /tmp/work/dist/zonos-elements/p-18e5b741.system.js -> /output/dist/zonos-elements/p-18e5b741.system.js.br
2025/01/09 21:00:39 gz /tmp/work/dist/zonos-elements/p-18e5b741.system.js -> /output/dist/zonos-elements/p-18e5b741.system.js.gz
2025/01/09 21:00:39 compress: run /node_modules/uglify-js/bin/uglifyjs (3.15.4) [--mangle --compress if_return=true -o /tmp/work/dist/zonos-elements/p-3a213429.system.entry.min.js /tmp/work/dist/zonos-elements/p-3a213429.system.entry.js]
2025/01/09 21:00:39 sri /tmp/work/dist/zonos-elements/p-2d6557ee.system.min.js -> /output/dist/zonos-elements/p-2d6557ee.system.min.js.sri
2025/01/09 21:00:39 algorithm: run /usr/bin/brotli --quality=11 --output=/output/dist/zonos-elements/p-2d6557ee.system.min.js.br /tmp/work/dist/zonos-elements/p-2d6557ee.system.min.js
2025/01/09 21:00:39 sri /tmp/work/dist/zonos-elements/p-2d450227.entry.min.js -> /output/dist/zonos-elements/p-2d450227.entry.min.js.sri
2025/01/09 21:00:39 algorithm: run /usr/bin/brotli --quality=11 --output=/output/dist/zonos-elements/p-2d450227.entry.min.js.br /tmp/work/dist/zonos-elements/p-2d450227.entry.min.js
2025/01/09 21:00:39 br /tmp/work/dist/zonos-elements/p-2d6557ee.system.min.js -> /output/dist/zonos-elements/p-2d6557ee.system.min.js.br
2025/01/09 21:00:39 gz /tmp/work/dist/zonos-elements/p-2d6557ee.system.min.js -> /output/dist/zonos-elements/p-2d6557ee.system.min.js.gz
2025/01/09 21:00:39 sri /tmp/work/dist/zonos-elements/p-2d6557ee.system.js -> /output/dist/zonos-elements/p-2d6557ee.system.js.sri
2025/01/09 21:00:39 algorithm: run /usr/bin/brotli --quality=11 --output=/output/dist/zonos-elements/p-2d6557ee.system.js.br /tmp/work/dist/zonos-elements/p-2d6557ee.system.js
2025/01/09 21:00:39 br /tmp/work/dist/zonos-elements/p-2d6557ee.system.js -> /output/dist/zonos-elements/p-2d6557ee.system.js.br
2025/01/09 21:00:39 gz /tmp/work/dist/zonos-elements/p-2d6557ee.system.js -> /output/dist/zonos-elements/p-2d6557ee.system.js.gz
2025/01/09 21:00:39 compress: run /node_modules/uglify-js/bin/uglifyjs (3.15.4) [--mangle --compress if_return=true -o /tmp/work/dist/zonos-elements/p-3aa4841a.system.entry.min.js /tmp/work/dist/zonos-elements/p-3aa4841a.system.entry.js]
2025/01/09 21:00:39 br /tmp/work/dist/zonos-elements/p-2d450227.entry.min.js -> /output/dist/zonos-elements/p-2d450227.entry.min.js.br
2025/01/09 21:00:39 gz /tmp/work/dist/zonos-elements/p-2d450227.entry.min.js -> /output/dist/zonos-elements/p-2d450227.entry.min.js.gz
2025/01/09 21:00:39 sri /tmp/work/dist/zonos-elements/p-2d450227.entry.js -> /output/dist/zonos-elements/p-2d450227.entry.js.sri
2025/01/09 21:00:39 algorithm: run /usr/bin/brotli --quality=11 --output=/output/dist/zonos-elements/p-2d450227.entry.js.br /tmp/work/dist/zonos-elements/p-2d450227.entry.js
2025/01/09 21:00:39 br /tmp/work/dist/zonos-elements/p-2d450227.entry.js -> /output/dist/zonos-elements/p-2d450227.entry.js.br
2025/01/09 21:00:39 gz /tmp/work/dist/zonos-elements/p-2d450227.entry.js -> /output/dist/zonos-elements/p-2d450227.entry.js.gz
2025/01/09 21:00:39 compress: run /node_modules/uglify-js/bin/uglifyjs (3.15.4) [--mangle --compress if_return=true -o /tmp/work/dist/zonos-elements/p-3d221556.system.entry.min.js /tmp/work/dist/zonos-elements/p-3d221556.system.entry.js]
2025/01/09 21:00:39 sri /tmp/work/dist/zonos-elements/p-36f97fd9.entry.min.js -> /output/dist/zonos-elements/p-36f97fd9.entry.min.js.sri
2025/01/09 21:00:39 algorithm: run /usr/bin/brotli --quality=11 --output=/output/dist/zonos-elements/p-36f97fd9.entry.min.js.br /tmp/work/dist/zonos-elements/p-36f97fd9.entry.min.js
2025/01/09 21:00:39 br /tmp/work/dist/zonos-elements/p-36f97fd9.entry.min.js -> /output/dist/zonos-elements/p-36f97fd9.entry.min.js.br
2025/01/09 21:00:39 gz /tmp/work/dist/zonos-elements/p-36f97fd9.entry.min.js -> /output/dist/zonos-elements/p-36f97fd9.entry.min.js.gz
2025/01/09 21:00:39 sri /tmp/work/dist/zonos-elements/p-36f97fd9.entry.js -> /output/dist/zonos-elements/p-36f97fd9.entry.js.sri
2025/01/09 21:00:39 algorithm: run /usr/bin/brotli --quality=11 --output=/output/dist/zonos-elements/p-36f97fd9.entry.js.br /tmp/work/dist/zonos-elements/p-36f97fd9.entry.js
2025/01/09 21:00:39 br /tmp/work/dist/zonos-elements/p-36f97fd9.entry.js -> /output/dist/zonos-elements/p-36f97fd9.entry.js.br
2025/01/09 21:00:39 gz /tmp/work/dist/zonos-elements/p-36f97fd9.entry.js -> /output/dist/zonos-elements/p-36f97fd9.entry.js.gz
2025/01/09 21:00:39 compress: run /node_modules/uglify-js/bin/uglifyjs (3.15.4) [--mangle --compress if_return=true -o /tmp/work/dist/zonos-elements/p-41e26cc4.system.entry.min.js /tmp/work/dist/zonos-elements/p-41e26cc4.system.entry.js]
2025/01/09 21:00:39 sri /tmp/work/dist/zonos-elements/p-3a213429.system.entry.min.js -> /output/dist/zonos-elements/p-3a213429.system.entry.min.js.sri
2025/01/09 21:00:39 algorithm: run /usr/bin/brotli --quality=11 --output=/output/dist/zonos-elements/p-3a213429.system.entry.min.js.br /tmp/work/dist/zonos-elements/p-3a213429.system.entry.min.js
2025/01/09 21:00:39 br /tmp/work/dist/zonos-elements/p-3a213429.system.entry.min.js -> /output/dist/zonos-elements/p-3a213429.system.entry.min.js.br
2025/01/09 21:00:39 gz /tmp/work/dist/zonos-elements/p-3a213429.system.entry.min.js -> /output/dist/zonos-elements/p-3a213429.system.entry.min.js.gz
2025/01/09 21:00:39 sri /tmp/work/dist/zonos-elements/p-3a213429.system.entry.js -> /output/dist/zonos-elements/p-3a213429.system.entry.js.sri
2025/01/09 21:00:39 algorithm: run /usr/bin/brotli --quality=11 --output=/output/dist/zonos-elements/p-3a213429.system.entry.js.br /tmp/work/dist/zonos-elements/p-3a213429.system.entry.js
2025/01/09 21:00:39 br /tmp/work/dist/zonos-elements/p-3a213429.system.entry.js -> /output/dist/zonos-elements/p-3a213429.system.entry.js.br
2025/01/09 21:00:39 gz /tmp/work/dist/zonos-elements/p-3a213429.system.entry.js -> /output/dist/zonos-elements/p-3a213429.system.entry.js.gz
2025/01/09 21:00:39 compress: run /node_modules/uglify-js/bin/uglifyjs (3.15.4) [--mangle --compress if_return=true -o /tmp/work/dist/zonos-elements/p-4456cc80.entry.min.js /tmp/work/dist/zonos-elements/p-4456cc80.entry.js]
2025/01/09 21:00:39 sri /tmp/work/dist/zonos-elements/p-3d221556.system.entry.min.js -> /output/dist/zonos-elements/p-3d221556.system.entry.min.js.sri
2025/01/09 21:00:39 algorithm: run /usr/bin/brotli --quality=11 --output=/output/dist/zonos-elements/p-3d221556.system.entry.min.js.br /tmp/work/dist/zonos-elements/p-3d221556.system.entry.min.js
2025/01/09 21:00:39 br /tmp/work/dist/zonos-elements/p-3d221556.system.entry.min.js -> /output/dist/zonos-elements/p-3d221556.system.entry.min.js.br
2025/01/09 21:00:39 gz /tmp/work/dist/zonos-elements/p-3d221556.system.entry.min.js -> /output/dist/zonos-elements/p-3d221556.system.entry.min.js.gz
2025/01/09 21:00:39 sri /tmp/work/dist/zonos-elements/p-3d221556.system.entry.js -> /output/dist/zonos-elements/p-3d221556.system.entry.js.sri
2025/01/09 21:00:39 algorithm: run /usr/bin/brotli --quality=11 --output=/output/dist/zonos-elements/p-3d221556.system.entry.js.br /tmp/work/dist/zonos-elements/p-3d221556.system.entry.js
2025/01/09 21:00:39 br /tmp/work/dist/zonos-elements/p-3d221556.system.entry.js -> /output/dist/zonos-elements/p-3d221556.system.entry.js.br
2025/01/09 21:00:39 gz /tmp/work/dist/zonos-elements/p-3d221556.system.entry.js -> /output/dist/zonos-elements/p-3d221556.system.entry.js.gz
2025/01/09 21:00:39 compress: run /node_modules/uglify-js/bin/uglifyjs (3.15.4) [--mangle --compress if_return=true -o /tmp/work/dist/zonos-elements/p-469dd116.entry.min.js /tmp/work/dist/zonos-elements/p-469dd116.entry.js]
2025/01/09 21:00:39 sri /tmp/work/dist/zonos-elements/p-3aa4841a.system.entry.min.js -> /output/dist/zonos-elements/p-3aa4841a.system.entry.min.js.sri
2025/01/09 21:00:39 algorithm: run /usr/bin/brotli --quality=11 --output=/output/dist/zonos-elements/p-3aa4841a.system.entry.min.js.br /tmp/work/dist/zonos-elements/p-3aa4841a.system.entry.min.js
2025/01/09 21:00:39 br /tmp/work/dist/zonos-elements/p-3aa4841a.system.entry.min.js -> /output/dist/zonos-elements/p-3aa4841a.system.entry.min.js.br
2025/01/09 21:00:39 gz /tmp/work/dist/zonos-elements/p-3aa4841a.system.entry.min.js -> /output/dist/zonos-elements/p-3aa4841a.system.entry.min.js.gz
2025/01/09 21:00:39 sri /tmp/work/dist/zonos-elements/p-3aa4841a.system.entry.js -> /output/dist/zonos-elements/p-3aa4841a.system.entry.js.sri
2025/01/09 21:00:39 algorithm: run /usr/bin/brotli --quality=11 --output=/output/dist/zonos-elements/p-3aa4841a.system.entry.js.br /tmp/work/dist/zonos-elements/p-3aa4841a.system.entry.js
2025/01/09 21:00:39 br /tmp/work/dist/zonos-elements/p-3aa4841a.system.entry.js -> /output/dist/zonos-elements/p-3aa4841a.system.entry.js.br
2025/01/09 21:00:39 gz /tmp/work/dist/zonos-elements/p-3aa4841a.system.entry.js -> /output/dist/zonos-elements/p-3aa4841a.system.entry.js.gz
2025/01/09 21:00:39 compress: run /node_modules/uglify-js/bin/uglifyjs (3.15.4) [--mangle --compress if_return=true -o /tmp/work/dist/zonos-elements/p-46f6e5e9.system.min.js /tmp/work/dist/zonos-elements/p-46f6e5e9.system.js]
2025/01/09 21:00:39 sri /tmp/work/dist/zonos-elements/p-12546668.system.min.js -> /output/dist/zonos-elements/p-12546668.system.min.js.sri
2025/01/09 21:00:39 algorithm: run /usr/bin/brotli --quality=11 --output=/output/dist/zonos-elements/p-12546668.system.min.js.br /tmp/work/dist/zonos-elements/p-12546668.system.min.js
2025/01/09 21:00:39 br /tmp/work/dist/zonos-elements/p-12546668.system.min.js -> /output/dist/zonos-elements/p-12546668.system.min.js.br
2025/01/09 21:00:39 gz /tmp/work/dist/zonos-elements/p-12546668.system.min.js -> /output/dist/zonos-elements/p-12546668.system.min.js.gz
2025/01/09 21:00:39 sri /tmp/work/dist/zonos-elements/p-12546668.system.js -> /output/dist/zonos-elements/p-12546668.system.js.sri
2025/01/09 21:00:39 algorithm: run /usr/bin/brotli --quality=11 --output=/output/dist/zonos-elements/p-12546668.system.js.br /tmp/work/dist/zonos-elements/p-12546668.system.js
2025/01/09 21:00:39 sri /tmp/work/dist/zonos-elements/p-41e26cc4.system.entry.min.js -> /output/dist/zonos-elements/p-41e26cc4.system.entry.min.js.sri
2025/01/09 21:00:39 algorithm: run /usr/bin/brotli --quality=11 --output=/output/dist/zonos-elements/p-41e26cc4.system.entry.min.js.br /tmp/work/dist/zonos-elements/p-41e26cc4.system.entry.min.js
2025/01/09 21:00:39 br /tmp/work/dist/zonos-elements/p-41e26cc4.system.entry.min.js -> /output/dist/zonos-elements/p-41e26cc4.system.entry.min.js.br
2025/01/09 21:00:39 gz /tmp/work/dist/zonos-elements/p-41e26cc4.system.entry.min.js -> /output/dist/zonos-elements/p-41e26cc4.system.entry.min.js.gz
2025/01/09 21:00:39 sri /tmp/work/dist/zonos-elements/p-41e26cc4.system.entry.js -> /output/dist/zonos-elements/p-41e26cc4.system.entry.js.sri
2025/01/09 21:00:39 algorithm: run /usr/bin/brotli --quality=11 --output=/output/dist/zonos-elements/p-41e26cc4.system.entry.js.br /tmp/work/dist/zonos-elements/p-41e26cc4.system.entry.js
2025/01/09 21:00:39 br /tmp/work/dist/zonos-elements/p-12546668.system.js -> /output/dist/zonos-elements/p-12546668.system.js.br
2025/01/09 21:00:39 gz /tmp/work/dist/zonos-elements/p-12546668.system.js -> /output/dist/zonos-elements/p-12546668.system.js.gz
2025/01/09 21:00:39 compress: run /node_modules/uglify-js/bin/uglifyjs (3.15.4) [--mangle --compress if_return=true -o /tmp/work/dist/zonos-elements/p-4caffd96.system.min.js /tmp/work/dist/zonos-elements/p-4caffd96.system.js]
2025/01/09 21:00:39 br /tmp/work/dist/zonos-elements/p-41e26cc4.system.entry.js -> /output/dist/zonos-elements/p-41e26cc4.system.entry.js.br
2025/01/09 21:00:39 gz /tmp/work/dist/zonos-elements/p-41e26cc4.system.entry.js -> /output/dist/zonos-elements/p-41e26cc4.system.entry.js.gz
2025/01/09 21:00:39 compress: run /node_modules/uglify-js/bin/uglifyjs (3.15.4) [--mangle --compress if_return=true -o /tmp/work/dist/zonos-elements/p-56ba5cbf.system.min.js /tmp/work/dist/zonos-elements/p-56ba5cbf.system.js]
2025/01/09 21:00:40 sri /tmp/work/dist/zonos-elements/p-56ba5cbf.system.min.js -> /output/dist/zonos-elements/p-56ba5cbf.system.min.js.sri
2025/01/09 21:00:40 algorithm: run /usr/bin/brotli --quality=11 --output=/output/dist/zonos-elements/p-56ba5cbf.system.min.js.br /tmp/work/dist/zonos-elements/p-56ba5cbf.system.min.js
2025/01/09 21:00:40 br /tmp/work/dist/zonos-elements/p-56ba5cbf.system.min.js -> /output/dist/zonos-elements/p-56ba5cbf.system.min.js.br
2025/01/09 21:00:40 gz /tmp/work/dist/zonos-elements/p-56ba5cbf.system.min.js -> /output/dist/zonos-elements/p-56ba5cbf.system.min.js.gz
2025/01/09 21:00:40 sri /tmp/work/dist/zonos-elements/p-56ba5cbf.system.js -> /output/dist/zonos-elements/p-56ba5cbf.system.js.sri
2025/01/09 21:00:40 algorithm: run /usr/bin/brotli --quality=11 --output=/output/dist/zonos-elements/p-56ba5cbf.system.js.br /tmp/work/dist/zonos-elements/p-56ba5cbf.system.js
2025/01/09 21:00:40 br /tmp/work/dist/zonos-elements/p-56ba5cbf.system.js -> /output/dist/zonos-elements/p-56ba5cbf.system.js.br
2025/01/09 21:00:40 gz /tmp/work/dist/zonos-elements/p-56ba5cbf.system.js -> /output/dist/zonos-elements/p-56ba5cbf.system.js.gz
2025/01/09 21:00:40 compress: run /node_modules/uglify-js/bin/uglifyjs (3.15.4) [--mangle --compress if_return=true -o /tmp/work/dist/zonos-elements/p-576f95f8.entry.min.js /tmp/work/dist/zonos-elements/p-576f95f8.entry.js]
2025/01/09 21:00:40 sri /tmp/work/dist/zonos-elements/p-46f6e5e9.system.min.js -> /output/dist/zonos-elements/p-46f6e5e9.system.min.js.sri
2025/01/09 21:00:40 algorithm: run /usr/bin/brotli --quality=11 --output=/output/dist/zonos-elements/p-46f6e5e9.system.min.js.br /tmp/work/dist/zonos-elements/p-46f6e5e9.system.min.js
2025/01/09 21:00:40 br /tmp/work/dist/zonos-elements/p-46f6e5e9.system.min.js -> /output/dist/zonos-elements/p-46f6e5e9.system.min.js.br
2025/01/09 21:00:40 gz /tmp/work/dist/zonos-elements/p-46f6e5e9.system.min.js -> /output/dist/zonos-elements/p-46f6e5e9.system.min.js.gz
2025/01/09 21:00:40 sri /tmp/work/dist/zonos-elements/p-46f6e5e9.system.js -> /output/dist/zonos-elements/p-46f6e5e9.system.js.sri
2025/01/09 21:00:40 algorithm: run /usr/bin/brotli --quality=11 --output=/output/dist/zonos-elements/p-46f6e5e9.system.js.br /tmp/work/dist/zonos-elements/p-46f6e5e9.system.js
2025/01/09 21:00:40 br /tmp/work/dist/zonos-elements/p-46f6e5e9.system.js -> /output/dist/zonos-elements/p-46f6e5e9.system.js.br
2025/01/09 21:00:40 gz /tmp/work/dist/zonos-elements/p-46f6e5e9.system.js -> /output/dist/zonos-elements/p-46f6e5e9.system.js.gz
2025/01/09 21:00:40 compress: run /node_modules/uglify-js/bin/uglifyjs (3.15.4) [--mangle --compress if_return=true -o /tmp/work/dist/zonos-elements/p-5883217a.min.js /tmp/work/dist/zonos-elements/p-5883217a.js]
2025/01/09 21:00:40 sri /tmp/work/dist/zonos-elements/p-0f02083d.system.entry.min.js -> /output/dist/zonos-elements/p-0f02083d.system.entry.min.js.sri
2025/01/09 21:00:40 algorithm: run /usr/bin/brotli --quality=11 --output=/output/dist/zonos-elements/p-0f02083d.system.entry.min.js.br /tmp/work/dist/zonos-elements/p-0f02083d.system.entry.min.js
2025/01/09 21:00:40 sri /tmp/work/dist/zonos-elements/p-5883217a.min.js -> /output/dist/zonos-elements/p-5883217a.min.js.sri
2025/01/09 21:00:40 algorithm: run /usr/bin/brotli --quality=11 --output=/output/dist/zonos-elements/p-5883217a.min.js.br /tmp/work/dist/zonos-elements/p-5883217a.min.js
2025/01/09 21:00:40 br /tmp/work/dist/zonos-elements/p-5883217a.min.js -> /output/dist/zonos-elements/p-5883217a.min.js.br
2025/01/09 21:00:40 gz /tmp/work/dist/zonos-elements/p-5883217a.min.js -> /output/dist/zonos-elements/p-5883217a.min.js.gz
2025/01/09 21:00:40 sri /tmp/work/dist/zonos-elements/p-5883217a.js -> /output/dist/zonos-elements/p-5883217a.js.sri
2025/01/09 21:00:40 algorithm: run /usr/bin/brotli --quality=11 --output=/output/dist/zonos-elements/p-5883217a.js.br /tmp/work/dist/zonos-elements/p-5883217a.js
2025/01/09 21:00:40 br /tmp/work/dist/zonos-elements/p-5883217a.js -> /output/dist/zonos-elements/p-5883217a.js.br
2025/01/09 21:00:40 gz /tmp/work/dist/zonos-elements/p-5883217a.js -> /output/dist/zonos-elements/p-5883217a.js.gz
2025/01/09 21:00:40 compress: run /node_modules/uglify-js/bin/uglifyjs (3.15.4) [--mangle --compress if_return=true -o /tmp/work/dist/zonos-elements/p-595f5dd2.min.js /tmp/work/dist/zonos-elements/p-595f5dd2.js]
2025/01/09 21:00:40 br /tmp/work/dist/zonos-elements/p-0f02083d.system.entry.min.js -> /output/dist/zonos-elements/p-0f02083d.system.entry.min.js.br
2025/01/09 21:00:40 gz /tmp/work/dist/zonos-elements/p-0f02083d.system.entry.min.js -> /output/dist/zonos-elements/p-0f02083d.system.entry.min.js.gz
2025/01/09 21:00:40 sri /tmp/work/dist/zonos-elements/p-0f02083d.system.entry.js -> /output/dist/zonos-elements/p-0f02083d.system.entry.js.sri
2025/01/09 21:00:40 algorithm: run /usr/bin/brotli --quality=11 --output=/output/dist/zonos-elements/p-0f02083d.system.entry.js.br /tmp/work/dist/zonos-elements/p-0f02083d.system.entry.js
2025/01/09 21:00:40 sri /tmp/work/dist/zonos-elements/p-4456cc80.entry.min.js -> /output/dist/zonos-elements/p-4456cc80.entry.min.js.sri
2025/01/09 21:00:40 algorithm: run /usr/bin/brotli --quality=11 --output=/output/dist/zonos-elements/p-4456cc80.entry.min.js.br /tmp/work/dist/zonos-elements/p-4456cc80.entry.min.js
2025/01/09 21:00:40 sri /tmp/work/dist/zonos-elements/p-595f5dd2.min.js -> /output/dist/zonos-elements/p-595f5dd2.min.js.sri
2025/01/09 21:00:40 algorithm: run /usr/bin/brotli --quality=11 --output=/output/dist/zonos-elements/p-595f5dd2.min.js.br /tmp/work/dist/zonos-elements/p-595f5dd2.min.js
2025/01/09 21:00:40 br /tmp/work/dist/zonos-elements/p-595f5dd2.min.js -> /output/dist/zonos-elements/p-595f5dd2.min.js.br
2025/01/09 21:00:40 br /tmp/work/dist/zonos-elements/p-0f02083d.system.entry.js -> /output/dist/zonos-elements/p-0f02083d.system.entry.js.br
2025/01/09 21:00:40 gz /tmp/work/dist/zonos-elements/p-0f02083d.system.entry.js -> /output/dist/zonos-elements/p-0f02083d.system.entry.js.gz
2025/01/09 21:00:40 compress: run /node_modules/uglify-js/bin/uglifyjs (3.15.4) [--mangle --compress if_return=true -o /tmp/work/dist/zonos-elements/p-5bd927f2.min.js /tmp/work/dist/zonos-elements/p-5bd927f2.js]
2025/01/09 21:00:40 gz /tmp/work/dist/zonos-elements/p-595f5dd2.min.js -> /output/dist/zonos-elements/p-595f5dd2.min.js.gz
2025/01/09 21:00:40 sri /tmp/work/dist/zonos-elements/p-595f5dd2.js -> /output/dist/zonos-elements/p-595f5dd2.js.sri
2025/01/09 21:00:40 algorithm: run /usr/bin/brotli --quality=11 --output=/output/dist/zonos-elements/p-595f5dd2.js.br /tmp/work/dist/zonos-elements/p-595f5dd2.js
2025/01/09 21:00:40 br /tmp/work/dist/zonos-elements/p-595f5dd2.js -> /output/dist/zonos-elements/p-595f5dd2.js.br
2025/01/09 21:00:40 gz /tmp/work/dist/zonos-elements/p-595f5dd2.js -> /output/dist/zonos-elements/p-595f5dd2.js.gz
2025/01/09 21:00:40 compress: run /node_modules/uglify-js/bin/uglifyjs (3.15.4) [--mangle --compress if_return=true -o /tmp/work/dist/zonos-elements/p-60ea5e25.system.entry.min.js /tmp/work/dist/zonos-elements/p-60ea5e25.system.entry.js]
2025/01/09 21:00:40 br /tmp/work/dist/zonos-elements/p-4456cc80.entry.min.js -> /output/dist/zonos-elements/p-4456cc80.entry.min.js.br
2025/01/09 21:00:40 gz /tmp/work/dist/zonos-elements/p-4456cc80.entry.min.js -> /output/dist/zonos-elements/p-4456cc80.entry.min.js.gz
2025/01/09 21:00:40 sri /tmp/work/dist/zonos-elements/p-4456cc80.entry.js -> /output/dist/zonos-elements/p-4456cc80.entry.js.sri
2025/01/09 21:00:40 algorithm: run /usr/bin/brotli --quality=11 --output=/output/dist/zonos-elements/p-4456cc80.entry.js.br /tmp/work/dist/zonos-elements/p-4456cc80.entry.js
2025/01/09 21:00:40 sri /tmp/work/dist/zonos-elements/p-576f95f8.entry.min.js -> /output/dist/zonos-elements/p-576f95f8.entry.min.js.sri
2025/01/09 21:00:40 algorithm: run /usr/bin/brotli --quality=11 --output=/output/dist/zonos-elements/p-576f95f8.entry.min.js.br /tmp/work/dist/zonos-elements/p-576f95f8.entry.min.js
2025/01/09 21:00:40 br /tmp/work/dist/zonos-elements/p-4456cc80.entry.js -> /output/dist/zonos-elements/p-4456cc80.entry.js.br
2025/01/09 21:00:40 gz /tmp/work/dist/zonos-elements/p-4456cc80.entry.js -> /output/dist/zonos-elements/p-4456cc80.entry.js.gz
2025/01/09 21:00:40 compress: run /node_modules/uglify-js/bin/uglifyjs (3.15.4) [--mangle --compress if_return=true -o /tmp/work/dist/zonos-elements/p-619c07c6.system.entry.min.js /tmp/work/dist/zonos-elements/p-619c07c6.system.entry.js]
2025/01/09 21:00:40 sri /tmp/work/dist/zonos-elements/p-5bd927f2.min.js -> /output/dist/zonos-elements/p-5bd927f2.min.js.sri
2025/01/09 21:00:40 algorithm: run /usr/bin/brotli --quality=11 --output=/output/dist/zonos-elements/p-5bd927f2.min.js.br /tmp/work/dist/zonos-elements/p-5bd927f2.min.js
2025/01/09 21:00:40 br /tmp/work/dist/zonos-elements/p-5bd927f2.min.js -> /output/dist/zonos-elements/p-5bd927f2.min.js.br
2025/01/09 21:00:40 gz /tmp/work/dist/zonos-elements/p-5bd927f2.min.js -> /output/dist/zonos-elements/p-5bd927f2.min.js.gz
2025/01/09 21:00:40 sri /tmp/work/dist/zonos-elements/p-5bd927f2.js -> /output/dist/zonos-elements/p-5bd927f2.js.sri
2025/01/09 21:00:40 algorithm: run /usr/bin/brotli --quality=11 --output=/output/dist/zonos-elements/p-5bd927f2.js.br /tmp/work/dist/zonos-elements/p-5bd927f2.js
2025/01/09 21:00:40 br /tmp/work/dist/zonos-elements/p-5bd927f2.js -> /output/dist/zonos-elements/p-5bd927f2.js.br
2025/01/09 21:00:40 gz /tmp/work/dist/zonos-elements/p-5bd927f2.js -> /output/dist/zonos-elements/p-5bd927f2.js.gz
2025/01/09 21:00:40 compress: run /node_modules/uglify-js/bin/uglifyjs (3.15.4) [--mangle --compress if_return=true -o /tmp/work/dist/zonos-elements/p-68f80c51.entry.min.js /tmp/work/dist/zonos-elements/p-68f80c51.entry.js]
2025/01/09 21:00:40 br /tmp/work/dist/zonos-elements/p-576f95f8.entry.min.js -> /output/dist/zonos-elements/p-576f95f8.entry.min.js.br
2025/01/09 21:00:40 gz /tmp/work/dist/zonos-elements/p-576f95f8.entry.min.js -> /output/dist/zonos-elements/p-576f95f8.entry.min.js.gz
2025/01/09 21:00:40 sri /tmp/work/dist/zonos-elements/p-576f95f8.entry.js -> /output/dist/zonos-elements/p-576f95f8.entry.js.sri
2025/01/09 21:00:40 algorithm: run /usr/bin/brotli --quality=11 --output=/output/dist/zonos-elements/p-576f95f8.entry.js.br /tmp/work/dist/zonos-elements/p-576f95f8.entry.js
2025/01/09 21:00:40 br /tmp/work/dist/zonos-elements/p-576f95f8.entry.js -> /output/dist/zonos-elements/p-576f95f8.entry.js.br
2025/01/09 21:00:40 gz /tmp/work/dist/zonos-elements/p-576f95f8.entry.js -> /output/dist/zonos-elements/p-576f95f8.entry.js.gz
2025/01/09 21:00:40 compress: run /node_modules/uglify-js/bin/uglifyjs (3.15.4) [--mangle --compress if_return=true -o /tmp/work/dist/zonos-elements/p-69f84611.entry.min.js /tmp/work/dist/zonos-elements/p-69f84611.entry.js]
2025/01/09 21:00:40 sri /tmp/work/dist/zonos-elements/p-32912caf.system.min.js -> /output/dist/zonos-elements/p-32912caf.system.min.js.sri
2025/01/09 21:00:40 algorithm: run /usr/bin/brotli --quality=11 --output=/output/dist/zonos-elements/p-32912caf.system.min.js.br /tmp/work/dist/zonos-elements/p-32912caf.system.min.js
2025/01/09 21:00:40 br /tmp/work/dist/zonos-elements/p-32912caf.system.min.js -> /output/dist/zonos-elements/p-32912caf.system.min.js.br
2025/01/09 21:00:40 gz /tmp/work/dist/zonos-elements/p-32912caf.system.min.js -> /output/dist/zonos-elements/p-32912caf.system.min.js.gz
2025/01/09 21:00:40 sri /tmp/work/dist/zonos-elements/p-32912caf.system.js -> /output/dist/zonos-elements/p-32912caf.system.js.sri
2025/01/09 21:00:40 sri /tmp/work/dist/zonos-elements/p-68f80c51.entry.min.js -> /output/dist/zonos-elements/p-68f80c51.entry.min.js.sri
2025/01/09 21:00:40 algorithm: run /usr/bin/brotli --quality=11 --output=/output/dist/zonos-elements/p-68f80c51.entry.min.js.br /tmp/work/dist/zonos-elements/p-68f80c51.entry.min.js
2025/01/09 21:00:40 algorithm: run /usr/bin/brotli --quality=11 --output=/output/dist/zonos-elements/p-32912caf.system.js.br /tmp/work/dist/zonos-elements/p-32912caf.system.js
2025/01/09 21:00:40 br /tmp/work/dist/zonos-elements/p-68f80c51.entry.min.js -> /output/dist/zonos-elements/p-68f80c51.entry.min.js.br
2025/01/09 21:00:40 gz /tmp/work/dist/zonos-elements/p-68f80c51.entry.min.js -> /output/dist/zonos-elements/p-68f80c51.entry.min.js.gz
2025/01/09 21:00:40 sri /tmp/work/dist/zonos-elements/p-68f80c51.entry.js -> /output/dist/zonos-elements/p-68f80c51.entry.js.sri
2025/01/09 21:00:40 algorithm: run /usr/bin/brotli --quality=11 --output=/output/dist/zonos-elements/p-68f80c51.entry.js.br /tmp/work/dist/zonos-elements/p-68f80c51.entry.js
2025/01/09 21:00:40 br /tmp/work/dist/zonos-elements/p-68f80c51.entry.js -> /output/dist/zonos-elements/p-68f80c51.entry.js.br
2025/01/09 21:00:40 gz /tmp/work/dist/zonos-elements/p-68f80c51.entry.js -> /output/dist/zonos-elements/p-68f80c51.entry.js.gz
2025/01/09 21:00:40 compress: run /node_modules/uglify-js/bin/uglifyjs (3.15.4) [--mangle --compress if_return=true -o /tmp/work/dist/zonos-elements/p-6ad1541e.system.entry.min.js /tmp/work/dist/zonos-elements/p-6ad1541e.system.entry.js]
2025/01/09 21:00:40 sri /tmp/work/dist/zonos-elements/p-69f84611.entry.min.js -> /output/dist/zonos-elements/p-69f84611.entry.min.js.sri
2025/01/09 21:00:40 algorithm: run /usr/bin/brotli --quality=11 --output=/output/dist/zonos-elements/p-69f84611.entry.min.js.br /tmp/work/dist/zonos-elements/p-69f84611.entry.min.js
2025/01/09 21:00:40 br /tmp/work/dist/zonos-elements/p-69f84611.entry.min.js -> /output/dist/zonos-elements/p-69f84611.entry.min.js.br
2025/01/09 21:00:40 gz /tmp/work/dist/zonos-elements/p-69f84611.entry.min.js -> /output/dist/zonos-elements/p-69f84611.entry.min.js.gz
2025/01/09 21:00:40 sri /tmp/work/dist/zonos-elements/p-69f84611.entry.js -> /output/dist/zonos-elements/p-69f84611.entry.js.sri
2025/01/09 21:00:40 algorithm: run /usr/bin/brotli --quality=11 --output=/output/dist/zonos-elements/p-69f84611.entry.js.br /tmp/work/dist/zonos-elements/p-69f84611.entry.js
2025/01/09 21:00:40 br /tmp/work/dist/zonos-elements/p-32912caf.system.js -> /output/dist/zonos-elements/p-32912caf.system.js.br
2025/01/09 21:00:40 gz /tmp/work/dist/zonos-elements/p-32912caf.system.js -> /output/dist/zonos-elements/p-32912caf.system.js.gz
2025/01/09 21:00:40 compress: run /node_modules/uglify-js/bin/uglifyjs (3.15.4) [--mangle --compress if_return=true -o /tmp/work/dist/zonos-elements/p-6c578d26.min.js /tmp/work/dist/zonos-elements/p-6c578d26.js]
2025/01/09 21:00:40 sri /tmp/work/dist/zonos-elements/p-619c07c6.system.entry.min.js -> /output/dist/zonos-elements/p-619c07c6.system.entry.min.js.sri
2025/01/09 21:00:40 algorithm: run /usr/bin/brotli --quality=11 --output=/output/dist/zonos-elements/p-619c07c6.system.entry.min.js.br /tmp/work/dist/zonos-elements/p-619c07c6.system.entry.min.js
2025/01/09 21:00:40 br /tmp/work/dist/zonos-elements/p-69f84611.entry.js -> /output/dist/zonos-elements/p-69f84611.entry.js.br
2025/01/09 21:00:40 gz /tmp/work/dist/zonos-elements/p-69f84611.entry.js -> /output/dist/zonos-elements/p-69f84611.entry.js.gz
2025/01/09 21:00:40 compress: run /node_modules/uglify-js/bin/uglifyjs (3.15.4) [--mangle --compress if_return=true -o /tmp/work/dist/zonos-elements/p-709c7e9e.entry.min.js /tmp/work/dist/zonos-elements/p-709c7e9e.entry.js]
2025/01/09 21:00:41 br /tmp/work/dist/zonos-elements/p-619c07c6.system.entry.min.js -> /output/dist/zonos-elements/p-619c07c6.system.entry.min.js.br
2025/01/09 21:00:41 gz /tmp/work/dist/zonos-elements/p-619c07c6.system.entry.min.js -> /output/dist/zonos-elements/p-619c07c6.system.entry.min.js.gz
2025/01/09 21:00:41 sri /tmp/work/dist/zonos-elements/p-619c07c6.system.entry.js -> /output/dist/zonos-elements/p-619c07c6.system.entry.js.sri
2025/01/09 21:00:41 algorithm: run /usr/bin/brotli --quality=11 --output=/output/dist/zonos-elements/p-619c07c6.system.entry.js.br /tmp/work/dist/zonos-elements/p-619c07c6.system.entry.js
2025/01/09 21:00:41 br /tmp/work/dist/zonos-elements/p-619c07c6.system.entry.js -> /output/dist/zonos-elements/p-619c07c6.system.entry.js.br
2025/01/09 21:00:41 gz /tmp/work/dist/zonos-elements/p-619c07c6.system.entry.js -> /output/dist/zonos-elements/p-619c07c6.system.entry.js.gz
2025/01/09 21:00:41 compress: run /node_modules/uglify-js/bin/uglifyjs (3.15.4) [--mangle --compress if_return=true -o /tmp/work/dist/zonos-elements/p-7140439f.system.entry.min.js /tmp/work/dist/zonos-elements/p-7140439f.system.entry.js]
2025/01/09 21:00:41 sri /tmp/work/dist/zonos-elements/p-469dd116.entry.min.js -> /output/dist/zonos-elements/p-469dd116.entry.min.js.sri
2025/01/09 21:00:41 algorithm: run /usr/bin/brotli --quality=11 --output=/output/dist/zonos-elements/p-469dd116.entry.min.js.br /tmp/work/dist/zonos-elements/p-469dd116.entry.min.js
2025/01/09 21:00:41 sri /tmp/work/dist/zonos-elements/p-709c7e9e.entry.min.js -> /output/dist/zonos-elements/p-709c7e9e.entry.min.js.sri
2025/01/09 21:00:41 algorithm: run /usr/bin/brotli --quality=11 --output=/output/dist/zonos-elements/p-709c7e9e.entry.min.js.br /tmp/work/dist/zonos-elements/p-709c7e9e.entry.min.js
2025/01/09 21:00:41 br /tmp/work/dist/zonos-elements/p-709c7e9e.entry.min.js -> /output/dist/zonos-elements/p-709c7e9e.entry.min.js.br
2025/01/09 21:00:41 gz /tmp/work/dist/zonos-elements/p-709c7e9e.entry.min.js -> /output/dist/zonos-elements/p-709c7e9e.entry.min.js.gz
2025/01/09 21:00:41 sri /tmp/work/dist/zonos-elements/p-709c7e9e.entry.js -> /output/dist/zonos-elements/p-709c7e9e.entry.js.sri
2025/01/09 21:00:41 algorithm: run /usr/bin/brotli --quality=11 --output=/output/dist/zonos-elements/p-709c7e9e.entry.js.br /tmp/work/dist/zonos-elements/p-709c7e9e.entry.js
2025/01/09 21:00:41 br /tmp/work/dist/zonos-elements/p-709c7e9e.entry.js -> /output/dist/zonos-elements/p-709c7e9e.entry.js.br
2025/01/09 21:00:41 gz /tmp/work/dist/zonos-elements/p-709c7e9e.entry.js -> /output/dist/zonos-elements/p-709c7e9e.entry.js.gz
2025/01/09 21:00:41 compress: run /node_modules/uglify-js/bin/uglifyjs (3.15.4) [--mangle --compress if_return=true -o /tmp/work/dist/zonos-elements/p-7f288336.entry.min.js /tmp/work/dist/zonos-elements/p-7f288336.entry.js]
2025/01/09 21:00:41 sri /tmp/work/dist/zonos-elements/p-7140439f.system.entry.min.js -> /output/dist/zonos-elements/p-7140439f.system.entry.min.js.sri
2025/01/09 21:00:41 algorithm: run /usr/bin/brotli --quality=11 --output=/output/dist/zonos-elements/p-7140439f.system.entry.min.js.br /tmp/work/dist/zonos-elements/p-7140439f.system.entry.min.js
2025/01/09 21:00:41 br /tmp/work/dist/zonos-elements/p-7140439f.system.entry.min.js -> /output/dist/zonos-elements/p-7140439f.system.entry.min.js.br
2025/01/09 21:00:41 gz /tmp/work/dist/zonos-elements/p-7140439f.system.entry.min.js -> /output/dist/zonos-elements/p-7140439f.system.entry.min.js.gz
2025/01/09 21:00:41 sri /tmp/work/dist/zonos-elements/p-7140439f.system.entry.js -> /output/dist/zonos-elements/p-7140439f.system.entry.js.sri
2025/01/09 21:00:41 algorithm: run /usr/bin/brotli --quality=11 --output=/output/dist/zonos-elements/p-7140439f.system.entry.js.br /tmp/work/dist/zonos-elements/p-7140439f.system.entry.js
2025/01/09 21:00:41 br /tmp/work/dist/zonos-elements/p-7140439f.system.entry.js -> /output/dist/zonos-elements/p-7140439f.system.entry.js.br
2025/01/09 21:00:41 gz /tmp/work/dist/zonos-elements/p-7140439f.system.entry.js -> /output/dist/zonos-elements/p-7140439f.system.entry.js.gz
2025/01/09 21:00:41 compress: run /node_modules/uglify-js/bin/uglifyjs (3.15.4) [--mangle --compress if_return=true -o /tmp/work/dist/zonos-elements/p-81084be5.system.entry.min.js /tmp/work/dist/zonos-elements/p-81084be5.system.entry.js]
2025/01/09 21:00:41 br /tmp/work/dist/zonos-elements/p-469dd116.entry.min.js -> /output/dist/zonos-elements/p-469dd116.entry.min.js.br
2025/01/09 21:00:41 gz /tmp/work/dist/zonos-elements/p-469dd116.entry.min.js -> /output/dist/zonos-elements/p-469dd116.entry.min.js.gz
2025/01/09 21:00:41 sri /tmp/work/dist/zonos-elements/p-469dd116.entry.js -> /output/dist/zonos-elements/p-469dd116.entry.js.sri
2025/01/09 21:00:41 algorithm: run /usr/bin/brotli --quality=11 --output=/output/dist/zonos-elements/p-469dd116.entry.js.br /tmp/work/dist/zonos-elements/p-469dd116.entry.js
2025/01/09 21:00:41 sri /tmp/work/dist/zonos-elements/p-60ea5e25.system.entry.min.js -> /output/dist/zonos-elements/p-60ea5e25.system.entry.min.js.sri
2025/01/09 21:00:41 algorithm: run /usr/bin/brotli --quality=11 --output=/output/dist/zonos-elements/p-60ea5e25.system.entry.min.js.br /tmp/work/dist/zonos-elements/p-60ea5e25.system.entry.min.js
2025/01/09 21:00:41 sri /tmp/work/dist/zonos-elements/p-7f288336.entry.min.js -> /output/dist/zonos-elements/p-7f288336.entry.min.js.sri
2025/01/09 21:00:41 algorithm: run /usr/bin/brotli --quality=11 --output=/output/dist/zonos-elements/p-7f288336.entry.min.js.br /tmp/work/dist/zonos-elements/p-7f288336.entry.min.js
2025/01/09 21:00:41 br /tmp/work/dist/zonos-elements/p-7f288336.entry.min.js -> /output/dist/zonos-elements/p-7f288336.entry.min.js.br
2025/01/09 21:00:41 gz /tmp/work/dist/zonos-elements/p-7f288336.entry.min.js -> /output/dist/zonos-elements/p-7f288336.entry.min.js.gz
2025/01/09 21:00:41 sri /tmp/work/dist/zonos-elements/p-7f288336.entry.js -> /output/dist/zonos-elements/p-7f288336.entry.js.sri
2025/01/09 21:00:41 algorithm: run /usr/bin/brotli --quality=11 --output=/output/dist/zonos-elements/p-7f288336.entry.js.br /tmp/work/dist/zonos-elements/p-7f288336.entry.js
panic: exit status 1

goroutine 16 [running]:
github.com/cdnjs/tools/util.Check(...)
	/go/src/github.com/util/check.go:10
github.com/cdnjs/tools/compress.runAlgorithm(0x870280, 0xc000016060, 0x7f32f7, 0x6, 0xc000393cd0, 0x3, 0x3, 0x2f7377924c4f1f18, 0x30, 0x1)
	/go/src/github.com/compress/algorithm.go:28 +0x348
github.com/cdnjs/tools/compress.Brotli11CLI(...)
	/go/src/github.com/compress/algorithm.go:40
main.optimizeJob.emitFromWorkspace(0x870280, 0xc000016060, 0x0, 0xc000593020, 0x27, 0xc0001c26db, 0x27, 0xc00011e840, 0x31)
	/go/src/github.com/cmd/process-version/main.go:105 +0x506
main.optimizeJob.emit(0x870280, 0xc000016060, 0x0, 0xc000593020, 0x27, 0xc0001c26db, 0x27, 0xc000593020, 0x27)
	/go/src/github.com/cmd/process-version/main.go:126 +0xc6
main.optimizeWorker(0xc0001c4ec0, 0xc0001a49c0)
	/go/src/github.com/cmd/process-version/main.go:245 +0x14a
created by main.optimizePackage
	/go/src/github.com/cmd/process-version/main.go:266 +0x24a
