Files:
- clerk-js/5.66.0-snapshot.v20250514120037/192_clerk.browser_8c4cfc_5.66.0-snapshot.v20250514120037.js.br
- clerk-js/5.66.0-snapshot.v20250514120037/192_clerk.browser_8c4cfc_5.66.0-snapshot.v20250514120037.js.gz
- clerk-js/5.66.0-snapshot.v20250514120037/192_clerk.browser_8c4cfc_5.66.0-snapshot.v20250514120037.js.sri
- clerk-js/5.66.0-snapshot.v20250514120037/192_clerk.browser_8c4cfc_5.66.0-snapshot.v20250514120037.min.js.br
- clerk-js/5.66.0-snapshot.v20250514120037/192_clerk.browser_8c4cfc_5.66.0-snapshot.v20250514120037.min.js.gz
- clerk-js/5.66.0-snapshot.v20250514120037/192_clerk.browser_8c4cfc_5.66.0-snapshot.v20250514120037.min.js.sri
- clerk-js/5.66.0-snapshot.v20250514120037/192_clerk.chips.browser_f35ba1_5.66.0-snapshot.v20250514120037.js.br
- clerk-js/5.66.0-snapshot.v20250514120037/192_clerk.chips.browser_f35ba1_5.66.0-snapshot.v20250514120037.js.gz
- clerk-js/5.66.0-snapshot.v20250514120037/192_clerk.chips.browser_f35ba1_5.66.0-snapshot.v20250514120037.js.sri
- clerk-js/5.66.0-snapshot.v20250514120037/192_clerk.chips.browser_f35ba1_5.66.0-snapshot.v20250514120037.min.js.br
- clerk-js/5.66.0-snapshot.v20250514120037/192_clerk.chips.browser_f35ba1_5.66.0-snapshot.v20250514120037.min.js.gz
- clerk-js/5.66.0-snapshot.v20250514120037/192_clerk.chips.browser_f35ba1_5.66.0-snapshot.v20250514120037.min.js.sri
- clerk-js/5.66.0-snapshot.v20250514120037/192_clerk.legacy.browser_6aa9b0_5.66.0-snapshot.v20250514120037.js.br
- clerk-js/5.66.0-snapshot.v20250514120037/192_clerk.legacy.browser_6aa9b0_5.66.0-snapshot.v20250514120037.js.gz
- clerk-js/5.66.0-snapshot.v20250514120037/192_clerk.legacy.browser_6aa9b0_5.66.0-snapshot.v20250514120037.js.sri
- clerk-js/5.66.0-snapshot.v20250514120037/192_clerk.legacy.browser_6aa9b0_5.66.0-snapshot.v20250514120037.min.js.br
- clerk-js/5.66.0-snapshot.v20250514120037/192_clerk.legacy.browser_6aa9b0_5.66.0-snapshot.v20250514120037.min.js.gz
- clerk-js/5.66.0-snapshot.v20250514120037/192_clerk.legacy.browser_6aa9b0_5.66.0-snapshot.v20250514120037.min.js.sri
- clerk-js/5.66.0-snapshot.v20250514120037/377_clerk.headless_ebb034_5.66.0-snapshot.v20250514120037.js.br
- clerk-js/5.66.0-snapshot.v20250514120037/377_clerk.headless_ebb034_5.66.0-snapshot.v20250514120037.js.gz
- clerk-js/5.66.0-snapshot.v20250514120037/377_clerk.headless_ebb034_5.66.0-snapshot.v20250514120037.js.sri
- clerk-js/5.66.0-snapshot.v20250514120037/377_clerk.headless_ebb034_5.66.0-snapshot.v20250514120037.min.js.br
- clerk-js/5.66.0-snapshot.v20250514120037/377_clerk.headless_ebb034_5.66.0-snapshot.v20250514120037.min.js.gz
- clerk-js/5.66.0-snapshot.v20250514120037/377_clerk.headless_ebb034_5.66.0-snapshot.v20250514120037.min.js.sri
- clerk-js/5.66.0-snapshot.v20250514120037/645_clerk.browser_8c4cfc_5.66.0-snapshot.v20250514120037.js.br
- clerk-js/5.66.0-snapshot.v20250514120037/645_clerk.browser_8c4cfc_5.66.0-snapshot.v20250514120037.js.gz
- clerk-js/5.66.0-snapshot.v20250514120037/645_clerk.browser_8c4cfc_5.66.0-snapshot.v20250514120037.js.sri
- clerk-js/5.66.0-snapshot.v20250514120037/645_clerk.browser_8c4cfc_5.66.0-snapshot.v20250514120037.min.js.br
- clerk-js/5.66.0-snapshot.v20250514120037/645_clerk.browser_8c4cfc_5.66.0-snapshot.v20250514120037.min.js.gz
- clerk-js/5.66.0-snapshot.v20250514120037/645_clerk.browser_8c4cfc_5.66.0-snapshot.v20250514120037.min.js.sri
- clerk-js/5.66.0-snapshot.v20250514120037/645_clerk.chips.browser_f35ba1_5.66.0-snapshot.v20250514120037.js.br
- clerk-js/5.66.0-snapshot.v20250514120037/645_clerk.chips.browser_f35ba1_5.66.0-snapshot.v20250514120037.js.gz
- clerk-js/5.66.0-snapshot.v20250514120037/645_clerk.chips.browser_f35ba1_5.66.0-snapshot.v20250514120037.js.sri
- clerk-js/5.66.0-snapshot.v20250514120037/645_clerk.chips.browser_f35ba1_5.66.0-snapshot.v20250514120037.min.js.br
- clerk-js/5.66.0-snapshot.v20250514120037/645_clerk.chips.browser_f35ba1_5.66.0-snapshot.v20250514120037.min.js.gz
- clerk-js/5.66.0-snapshot.v20250514120037/645_clerk.chips.browser_f35ba1_5.66.0-snapshot.v20250514120037.min.js.sri
- clerk-js/5.66.0-snapshot.v20250514120037/645_clerk.legacy.browser_6aa9b0_5.66.0-snapshot.v20250514120037.js.br
- clerk-js/5.66.0-snapshot.v20250514120037/645_clerk.legacy.browser_6aa9b0_5.66.0-snapshot.v20250514120037.js.gz
- clerk-js/5.66.0-snapshot.v20250514120037/645_clerk.legacy.browser_6aa9b0_5.66.0-snapshot.v20250514120037.js.sri
- clerk-js/5.66.0-snapshot.v20250514120037/645_clerk.legacy.browser_6aa9b0_5.66.0-snapshot.v20250514120037.min.js.br
- clerk-js/5.66.0-snapshot.v20250514120037/645_clerk.legacy.browser_6aa9b0_5.66.0-snapshot.v20250514120037.min.js.gz
- clerk-js/5.66.0-snapshot.v20250514120037/645_clerk.legacy.browser_6aa9b0_5.66.0-snapshot.v20250514120037.min.js.sri
- clerk-js/5.66.0-snapshot.v20250514120037/66_clerk.browser_8c4cfc_5.66.0-snapshot.v20250514120037.js.br
- clerk-js/5.66.0-snapshot.v20250514120037/66_clerk.browser_8c4cfc_5.66.0-snapshot.v20250514120037.js.gz
- clerk-js/5.66.0-snapshot.v20250514120037/66_clerk.browser_8c4cfc_5.66.0-snapshot.v20250514120037.js.sri
- clerk-js/5.66.0-snapshot.v20250514120037/66_clerk.browser_8c4cfc_5.66.0-snapshot.v20250514120037.min.js.br
- clerk-js/5.66.0-snapshot.v20250514120037/66_clerk.browser_8c4cfc_5.66.0-snapshot.v20250514120037.min.js.gz
- clerk-js/5.66.0-snapshot.v20250514120037/66_clerk.browser_8c4cfc_5.66.0-snapshot.v20250514120037.min.js.sri
- clerk-js/5.66.0-snapshot.v20250514120037/66_clerk.chips.browser_f35ba1_5.66.0-snapshot.v20250514120037.js.br
- clerk-js/5.66.0-snapshot.v20250514120037/66_clerk.chips.browser_f35ba1_5.66.0-snapshot.v20250514120037.js.gz
- clerk-js/5.66.0-snapshot.v20250514120037/66_clerk.chips.browser_f35ba1_5.66.0-snapshot.v20250514120037.js.sri
- clerk-js/5.66.0-snapshot.v20250514120037/66_clerk.chips.browser_f35ba1_5.66.0-snapshot.v20250514120037.min.js.br
- clerk-js/5.66.0-snapshot.v20250514120037/66_clerk.chips.browser_f35ba1_5.66.0-snapshot.v20250514120037.min.js.gz
- clerk-js/5.66.0-snapshot.v20250514120037/66_clerk.chips.browser_f35ba1_5.66.0-snapshot.v20250514120037.min.js.sri
- clerk-js/5.66.0-snapshot.v20250514120037/66_clerk.legacy.browser_6aa9b0_5.66.0-snapshot.v20250514120037.js.br
- clerk-js/5.66.0-snapshot.v20250514120037/66_clerk.legacy.browser_6aa9b0_5.66.0-snapshot.v20250514120037.js.gz
- clerk-js/5.66.0-snapshot.v20250514120037/66_clerk.legacy.browser_6aa9b0_5.66.0-snapshot.v20250514120037.js.sri
- clerk-js/5.66.0-snapshot.v20250514120037/66_clerk.legacy.browser_6aa9b0_5.66.0-snapshot.v20250514120037.min.js.br
- clerk-js/5.66.0-snapshot.v20250514120037/66_clerk.legacy.browser_6aa9b0_5.66.0-snapshot.v20250514120037.min.js.gz
- clerk-js/5.66.0-snapshot.v20250514120037/66_clerk.legacy.browser_6aa9b0_5.66.0-snapshot.v20250514120037.min.js.sri
- clerk-js/5.66.0-snapshot.v20250514120037/890_clerk.headless_ebb034_5.66.0-snapshot.v20250514120037.js.br
- clerk-js/5.66.0-snapshot.v20250514120037/890_clerk.headless_ebb034_5.66.0-snapshot.v20250514120037.js.gz
- clerk-js/5.66.0-snapshot.v20250514120037/890_clerk.headless_ebb034_5.66.0-snapshot.v20250514120037.js.sri
- clerk-js/5.66.0-snapshot.v20250514120037/890_clerk.headless_ebb034_5.66.0-snapshot.v20250514120037.min.js.br
- clerk-js/5.66.0-snapshot.v20250514120037/890_clerk.headless_ebb034_5.66.0-snapshot.v20250514120037.min.js.gz
- clerk-js/5.66.0-snapshot.v20250514120037/890_clerk.headless_ebb034_5.66.0-snapshot.v20250514120037.min.js.sri
- clerk-js/5.66.0-snapshot.v20250514120037/965_clerk.headless_ebb034_5.66.0-snapshot.v20250514120037.js.br
- clerk-js/5.66.0-snapshot.v20250514120037/965_clerk.headless_ebb034_5.66.0-snapshot.v20250514120037.js.gz
- clerk-js/5.66.0-snapshot.v20250514120037/965_clerk.headless_ebb034_5.66.0-snapshot.v20250514120037.js.sri
- clerk-js/5.66.0-snapshot.v20250514120037/965_clerk.headless_ebb034_5.66.0-snapshot.v20250514120037.min.js.br
- clerk-js/5.66.0-snapshot.v20250514120037/965_clerk.headless_ebb034_5.66.0-snapshot.v20250514120037.min.js.gz
- clerk-js/5.66.0-snapshot.v20250514120037/965_clerk.headless_ebb034_5.66.0-snapshot.v20250514120037.min.js.sri
- clerk-js/5.66.0-snapshot.v20250514120037/blankcaptcha_clerk.browser_8c4cfc_5.66.0-snapshot.v20250514120037.js.br
- clerk-js/5.66.0-snapshot.v20250514120037/blankcaptcha_clerk.browser_8c4cfc_5.66.0-snapshot.v20250514120037.js.gz
- clerk-js/5.66.0-snapshot.v20250514120037/blankcaptcha_clerk.browser_8c4cfc_5.66.0-snapshot.v20250514120037.js.sri
- clerk-js/5.66.0-snapshot.v20250514120037/blankcaptcha_clerk.browser_8c4cfc_5.66.0-snapshot.v20250514120037.min.js.br
- clerk-js/5.66.0-snapshot.v20250514120037/blankcaptcha_clerk.browser_8c4cfc_5.66.0-snapshot.v20250514120037.min.js.gz
- clerk-js/5.66.0-snapshot.v20250514120037/blankcaptcha_clerk.browser_8c4cfc_5.66.0-snapshot.v20250514120037.min.js.sri
- clerk-js/5.66.0-snapshot.v20250514120037/blankcaptcha_clerk.chips.browser_f35ba1_5.66.0-snapshot.v20250514120037.js.br
- clerk-js/5.66.0-snapshot.v20250514120037/blankcaptcha_clerk.chips.browser_f35ba1_5.66.0-snapshot.v20250514120037.js.gz
- clerk-js/5.66.0-snapshot.v20250514120037/blankcaptcha_clerk.chips.browser_f35ba1_5.66.0-snapshot.v20250514120037.js.sri
- clerk-js/5.66.0-snapshot.v20250514120037/blankcaptcha_clerk.chips.browser_f35ba1_5.66.0-snapshot.v20250514120037.min.js.br
- clerk-js/5.66.0-snapshot.v20250514120037/blankcaptcha_clerk.chips.browser_f35ba1_5.66.0-snapshot.v20250514120037.min.js.gz
- clerk-js/5.66.0-snapshot.v20250514120037/blankcaptcha_clerk.chips.browser_f35ba1_5.66.0-snapshot.v20250514120037.min.js.sri
- clerk-js/5.66.0-snapshot.v20250514120037/blankcaptcha_clerk.legacy.browser_6aa9b0_5.66.0-snapshot.v20250514120037.js.br
- clerk-js/5.66.0-snapshot.v20250514120037/blankcaptcha_clerk.legacy.browser_6aa9b0_5.66.0-snapshot.v20250514120037.js.gz
- clerk-js/5.66.0-snapshot.v20250514120037/blankcaptcha_clerk.legacy.browser_6aa9b0_5.66.0-snapshot.v20250514120037.js.sri
- clerk-js/5.66.0-snapshot.v20250514120037/blankcaptcha_clerk.legacy.browser_6aa9b0_5.66.0-snapshot.v20250514120037.min.js.br
- clerk-js/5.66.0-snapshot.v20250514120037/blankcaptcha_clerk.legacy.browser_6aa9b0_5.66.0-snapshot.v20250514120037.min.js.gz
- clerk-js/5.66.0-snapshot.v20250514120037/blankcaptcha_clerk.legacy.browser_6aa9b0_5.66.0-snapshot.v20250514120037.min.js.sri
- clerk-js/5.66.0-snapshot.v20250514120037/checkout_clerk.browser_8c4cfc_5.66.0-snapshot.v20250514120037.js.br
- clerk-js/5.66.0-snapshot.v20250514120037/checkout_clerk.browser_8c4cfc_5.66.0-snapshot.v20250514120037.js.gz
- clerk-js/5.66.0-snapshot.v20250514120037/checkout_clerk.browser_8c4cfc_5.66.0-snapshot.v20250514120037.js.sri
- clerk-js/5.66.0-snapshot.v20250514120037/checkout_clerk.browser_8c4cfc_5.66.0-snapshot.v20250514120037.min.js.br
- clerk-js/5.66.0-snapshot.v20250514120037/checkout_clerk.browser_8c4cfc_5.66.0-snapshot.v20250514120037.min.js.gz
- clerk-js/5.66.0-snapshot.v20250514120037/checkout_clerk.browser_8c4cfc_5.66.0-snapshot.v20250514120037.min.js.sri
- clerk-js/5.66.0-snapshot.v20250514120037/checkout_clerk.chips.browser_f35ba1_5.66.0-snapshot.v20250514120037.js.br
- clerk-js/5.66.0-snapshot.v20250514120037/checkout_clerk.chips.browser_f35ba1_5.66.0-snapshot.v20250514120037.js.gz
- clerk-js/5.66.0-snapshot.v20250514120037/checkout_clerk.chips.browser_f35ba1_5.66.0-snapshot.v20250514120037.js.sri
- clerk-js/5.66.0-snapshot.v20250514120037/checkout_clerk.chips.browser_f35ba1_5.66.0-snapshot.v20250514120037.min.js.br
- clerk-js/5.66.0-snapshot.v20250514120037/checkout_clerk.chips.browser_f35ba1_5.66.0-snapshot.v20250514120037.min.js.gz
- clerk-js/5.66.0-snapshot.v20250514120037/checkout_clerk.chips.browser_f35ba1_5.66.0-snapshot.v20250514120037.min.js.sri
- clerk-js/5.66.0-snapshot.v20250514120037/checkout_clerk.legacy.browser_6aa9b0_5.66.0-snapshot.v20250514120037.js.br
- clerk-js/5.66.0-snapshot.v20250514120037/checkout_clerk.legacy.browser_6aa9b0_5.66.0-snapshot.v20250514120037.js.gz
- clerk-js/5.66.0-snapshot.v20250514120037/checkout_clerk.legacy.browser_6aa9b0_5.66.0-snapshot.v20250514120037.js.sri
- clerk-js/5.66.0-snapshot.v20250514120037/checkout_clerk.legacy.browser_6aa9b0_5.66.0-snapshot.v20250514120037.min.js.br
- clerk-js/5.66.0-snapshot.v20250514120037/checkout_clerk.legacy.browser_6aa9b0_5.66.0-snapshot.v20250514120037.min.js.gz
- clerk-js/5.66.0-snapshot.v20250514120037/checkout_clerk.legacy.browser_6aa9b0_5.66.0-snapshot.v20250514120037.min.js.sri
- clerk-js/5.66.0-snapshot.v20250514120037/clerk.browser.js.br
- clerk-js/5.66.0-snapshot.v20250514120037/clerk.browser.js.gz
- clerk-js/5.66.0-snapshot.v20250514120037/clerk.browser.js.sri
- clerk-js/5.66.0-snapshot.v20250514120037/clerk.browser.min.js.br
- clerk-js/5.66.0-snapshot.v20250514120037/clerk.browser.min.js.gz
- clerk-js/5.66.0-snapshot.v20250514120037/clerk.browser.min.js.sri
- clerk-js/5.66.0-snapshot.v20250514120037/clerk.chips.browser.js.br
- clerk-js/5.66.0-snapshot.v20250514120037/clerk.chips.browser.js.gz
- clerk-js/5.66.0-snapshot.v20250514120037/clerk.chips.browser.js.sri
- clerk-js/5.66.0-snapshot.v20250514120037/clerk.chips.browser.min.js.br
- clerk-js/5.66.0-snapshot.v20250514120037/clerk.chips.browser.min.js.gz
- clerk-js/5.66.0-snapshot.v20250514120037/clerk.chips.browser.min.js.sri
- clerk-js/5.66.0-snapshot.v20250514120037/clerk.headless.browser.js.br
- clerk-js/5.66.0-snapshot.v20250514120037/clerk.headless.browser.js.gz
- clerk-js/5.66.0-snapshot.v20250514120037/clerk.headless.browser.js.sri
- clerk-js/5.66.0-snapshot.v20250514120037/clerk.headless.browser.min.js.br
- clerk-js/5.66.0-snapshot.v20250514120037/clerk.headless.browser.min.js.gz
- clerk-js/5.66.0-snapshot.v20250514120037/clerk.headless.browser.min.js.sri
- clerk-js/5.66.0-snapshot.v20250514120037/clerk.headless.js.br
- clerk-js/5.66.0-snapshot.v20250514120037/clerk.headless.js.gz
- clerk-js/5.66.0-snapshot.v20250514120037/clerk.headless.js.sri
- clerk-js/5.66.0-snapshot.v20250514120037/clerk.headless.min.js.br
- clerk-js/5.66.0-snapshot.v20250514120037/clerk.headless.min.js.gz
- clerk-js/5.66.0-snapshot.v20250514120037/clerk.headless.min.js.sri
- clerk-js/5.66.0-snapshot.v20250514120037/clerk.js.br
- clerk-js/5.66.0-snapshot.v20250514120037/clerk.js.gz
- clerk-js/5.66.0-snapshot.v20250514120037/clerk.js.sri
- clerk-js/5.66.0-snapshot.v20250514120037/clerk.legacy.browser.js.br
- clerk-js/5.66.0-snapshot.v20250514120037/clerk.legacy.browser.js.gz
- clerk-js/5.66.0-snapshot.v20250514120037/clerk.legacy.browser.js.sri
- clerk-js/5.66.0-snapshot.v20250514120037/clerk.legacy.browser.min.js.br
- clerk-js/5.66.0-snapshot.v20250514120037/clerk.legacy.browser.min.js.gz
- clerk-js/5.66.0-snapshot.v20250514120037/clerk.legacy.browser.min.js.sri
- clerk-js/5.66.0-snapshot.v20250514120037/clerk.min.js.br
- clerk-js/5.66.0-snapshot.v20250514120037/clerk.min.js.gz
- clerk-js/5.66.0-snapshot.v20250514120037/clerk.min.js.sri
- clerk-js/5.66.0-snapshot.v20250514120037/clerk.mjs.br
- clerk-js/5.66.0-snapshot.v20250514120037/clerk.mjs.gz
- clerk-js/5.66.0-snapshot.v20250514120037/clerk.no-rhc.js.br
- clerk-js/5.66.0-snapshot.v20250514120037/clerk.no-rhc.js.gz
- clerk-js/5.66.0-snapshot.v20250514120037/clerk.no-rhc.js.sri
- clerk-js/5.66.0-snapshot.v20250514120037/clerk.no-rhc.min.js.br
- clerk-js/5.66.0-snapshot.v20250514120037/clerk.no-rhc.min.js.gz
- clerk-js/5.66.0-snapshot.v20250514120037/clerk.no-rhc.min.js.sri
- clerk-js/5.66.0-snapshot.v20250514120037/clerk.no-rhc.mjs.br
- clerk-js/5.66.0-snapshot.v20250514120037/clerk.no-rhc.mjs.gz
- clerk-js/5.66.0-snapshot.v20250514120037/coinbase-wallet-sdk_clerk.browser_8c4cfc_5.66.0-snapshot.v20250514120037.js.br
- clerk-js/5.66.0-snapshot.v20250514120037/coinbase-wallet-sdk_clerk.browser_8c4cfc_5.66.0-snapshot.v20250514120037.js.gz
- clerk-js/5.66.0-snapshot.v20250514120037/coinbase-wallet-sdk_clerk.browser_8c4cfc_5.66.0-snapshot.v20250514120037.js.sri
- clerk-js/5.66.0-snapshot.v20250514120037/coinbase-wallet-sdk_clerk.browser_8c4cfc_5.66.0-snapshot.v20250514120037.min.js.br
- clerk-js/5.66.0-snapshot.v20250514120037/coinbase-wallet-sdk_clerk.browser_8c4cfc_5.66.0-snapshot.v20250514120037.min.js.gz
- clerk-js/5.66.0-snapshot.v20250514120037/coinbase-wallet-sdk_clerk.browser_8c4cfc_5.66.0-snapshot.v20250514120037.min.js.sri
- clerk-js/5.66.0-snapshot.v20250514120037/coinbase-wallet-sdk_clerk.chips.browser_f35ba1_5.66.0-snapshot.v20250514120037.js.br
- clerk-js/5.66.0-snapshot.v20250514120037/coinbase-wallet-sdk_clerk.chips.browser_f35ba1_5.66.0-snapshot.v20250514120037.js.gz
- clerk-js/5.66.0-snapshot.v20250514120037/coinbase-wallet-sdk_clerk.chips.browser_f35ba1_5.66.0-snapshot.v20250514120037.js.sri
- clerk-js/5.66.0-snapshot.v20250514120037/coinbase-wallet-sdk_clerk.chips.browser_f35ba1_5.66.0-snapshot.v20250514120037.min.js.br
- clerk-js/5.66.0-snapshot.v20250514120037/coinbase-wallet-sdk_clerk.chips.browser_f35ba1_5.66.0-snapshot.v20250514120037.min.js.gz
- clerk-js/5.66.0-snapshot.v20250514120037/coinbase-wallet-sdk_clerk.chips.browser_f35ba1_5.66.0-snapshot.v20250514120037.min.js.sri
- clerk-js/5.66.0-snapshot.v20250514120037/coinbase-wallet-sdk_clerk.headless.browser_20c800_5.66.0-snapshot.v20250514120037.js.br
- clerk-js/5.66.0-snapshot.v20250514120037/coinbase-wallet-sdk_clerk.headless.browser_20c800_5.66.0-snapshot.v20250514120037.js.gz
- clerk-js/5.66.0-snapshot.v20250514120037/coinbase-wallet-sdk_clerk.headless.browser_20c800_5.66.0-snapshot.v20250514120037.js.sri
- clerk-js/5.66.0-snapshot.v20250514120037/coinbase-wallet-sdk_clerk.headless.browser_20c800_5.66.0-snapshot.v20250514120037.min.js.br
- clerk-js/5.66.0-snapshot.v20250514120037/coinbase-wallet-sdk_clerk.headless.browser_20c800_5.66.0-snapshot.v20250514120037.min.js.gz
- clerk-js/5.66.0-snapshot.v20250514120037/coinbase-wallet-sdk_clerk.headless.browser_20c800_5.66.0-snapshot.v20250514120037.min.js.sri
- clerk-js/5.66.0-snapshot.v20250514120037/coinbase-wallet-sdk_clerk.legacy.browser_6aa9b0_5.66.0-snapshot.v20250514120037.js.br
- clerk-js/5.66.0-snapshot.v20250514120037/coinbase-wallet-sdk_clerk.legacy.browser_6aa9b0_5.66.0-snapshot.v20250514120037.js.gz
- clerk-js/5.66.0-snapshot.v20250514120037/coinbase-wallet-sdk_clerk.legacy.browser_6aa9b0_5.66.0-snapshot.v20250514120037.js.sri
- clerk-js/5.66.0-snapshot.v20250514120037/coinbase-wallet-sdk_clerk.legacy.browser_6aa9b0_5.66.0-snapshot.v20250514120037.min.js.br
- clerk-js/5.66.0-snapshot.v20250514120037/coinbase-wallet-sdk_clerk.legacy.browser_6aa9b0_5.66.0-snapshot.v20250514120037.min.js.gz
- clerk-js/5.66.0-snapshot.v20250514120037/coinbase-wallet-sdk_clerk.legacy.browser_6aa9b0_5.66.0-snapshot.v20250514120037.min.js.sri
- clerk-js/5.66.0-snapshot.v20250514120037/cookieSuffix_clerk.browser_8c4cfc_5.66.0-snapshot.v20250514120037.js.br
- clerk-js/5.66.0-snapshot.v20250514120037/cookieSuffix_clerk.browser_8c4cfc_5.66.0-snapshot.v20250514120037.js.gz
- clerk-js/5.66.0-snapshot.v20250514120037/cookieSuffix_clerk.browser_8c4cfc_5.66.0-snapshot.v20250514120037.js.sri
- clerk-js/5.66.0-snapshot.v20250514120037/cookieSuffix_clerk.browser_8c4cfc_5.66.0-snapshot.v20250514120037.min.js.br
- clerk-js/5.66.0-snapshot.v20250514120037/cookieSuffix_clerk.browser_8c4cfc_5.66.0-snapshot.v20250514120037.min.js.gz
- clerk-js/5.66.0-snapshot.v20250514120037/cookieSuffix_clerk.browser_8c4cfc_5.66.0-snapshot.v20250514120037.min.js.sri
- clerk-js/5.66.0-snapshot.v20250514120037/cookieSuffix_clerk.chips.browser_f35ba1_5.66.0-snapshot.v20250514120037.js.br
- clerk-js/5.66.0-snapshot.v20250514120037/cookieSuffix_clerk.chips.browser_f35ba1_5.66.0-snapshot.v20250514120037.js.gz
- clerk-js/5.66.0-snapshot.v20250514120037/cookieSuffix_clerk.chips.browser_f35ba1_5.66.0-snapshot.v20250514120037.js.sri
- clerk-js/5.66.0-snapshot.v20250514120037/cookieSuffix_clerk.chips.browser_f35ba1_5.66.0-snapshot.v20250514120037.min.js.br
- clerk-js/5.66.0-snapshot.v20250514120037/cookieSuffix_clerk.chips.browser_f35ba1_5.66.0-snapshot.v20250514120037.min.js.gz
- clerk-js/5.66.0-snapshot.v20250514120037/cookieSuffix_clerk.chips.browser_f35ba1_5.66.0-snapshot.v20250514120037.min.js.sri
- clerk-js/5.66.0-snapshot.v20250514120037/cookieSuffix_clerk.headless.browser_20c800_5.66.0-snapshot.v20250514120037.js.br
- clerk-js/5.66.0-snapshot.v20250514120037/cookieSuffix_clerk.headless.browser_20c800_5.66.0-snapshot.v20250514120037.js.gz
- clerk-js/5.66.0-snapshot.v20250514120037/cookieSuffix_clerk.headless.browser_20c800_5.66.0-snapshot.v20250514120037.js.sri
- clerk-js/5.66.0-snapshot.v20250514120037/cookieSuffix_clerk.headless.browser_20c800_5.66.0-snapshot.v20250514120037.min.js.br
- clerk-js/5.66.0-snapshot.v20250514120037/cookieSuffix_clerk.headless.browser_20c800_5.66.0-snapshot.v20250514120037.min.js.gz
- clerk-js/5.66.0-snapshot.v20250514120037/cookieSuffix_clerk.headless.browser_20c800_5.66.0-snapshot.v20250514120037.min.js.sri
- clerk-js/5.66.0-snapshot.v20250514120037/cookieSuffix_clerk.headless_ebb034_5.66.0-snapshot.v20250514120037.js.br
- clerk-js/5.66.0-snapshot.v20250514120037/cookieSuffix_clerk.headless_ebb034_5.66.0-snapshot.v20250514120037.js.gz
- clerk-js/5.66.0-snapshot.v20250514120037/cookieSuffix_clerk.headless_ebb034_5.66.0-snapshot.v20250514120037.js.sri
- clerk-js/5.66.0-snapshot.v20250514120037/cookieSuffix_clerk.headless_ebb034_5.66.0-snapshot.v20250514120037.min.js.br
- clerk-js/5.66.0-snapshot.v20250514120037/cookieSuffix_clerk.headless_ebb034_5.66.0-snapshot.v20250514120037.min.js.gz
- clerk-js/5.66.0-snapshot.v20250514120037/cookieSuffix_clerk.headless_ebb034_5.66.0-snapshot.v20250514120037.min.js.sri
- clerk-js/5.66.0-snapshot.v20250514120037/cookieSuffix_clerk.legacy.browser_6aa9b0_5.66.0-snapshot.v20250514120037.js.br
- clerk-js/5.66.0-snapshot.v20250514120037/cookieSuffix_clerk.legacy.browser_6aa9b0_5.66.0-snapshot.v20250514120037.js.gz
- clerk-js/5.66.0-snapshot.v20250514120037/cookieSuffix_clerk.legacy.browser_6aa9b0_5.66.0-snapshot.v20250514120037.js.sri
- clerk-js/5.66.0-snapshot.v20250514120037/cookieSuffix_clerk.legacy.browser_6aa9b0_5.66.0-snapshot.v20250514120037.min.js.br
- clerk-js/5.66.0-snapshot.v20250514120037/cookieSuffix_clerk.legacy.browser_6aa9b0_5.66.0-snapshot.v20250514120037.min.js.gz
- clerk-js/5.66.0-snapshot.v20250514120037/cookieSuffix_clerk.legacy.browser_6aa9b0_5.66.0-snapshot.v20250514120037.min.js.sri
- clerk-js/5.66.0-snapshot.v20250514120037/createorganization_clerk.browser_8c4cfc_5.66.0-snapshot.v20250514120037.js.br
- clerk-js/5.66.0-snapshot.v20250514120037/createorganization_clerk.browser_8c4cfc_5.66.0-snapshot.v20250514120037.js.gz
- clerk-js/5.66.0-snapshot.v20250514120037/createorganization_clerk.browser_8c4cfc_5.66.0-snapshot.v20250514120037.js.sri
- clerk-js/5.66.0-snapshot.v20250514120037/createorganization_clerk.browser_8c4cfc_5.66.0-snapshot.v20250514120037.min.js.br
- clerk-js/5.66.0-snapshot.v20250514120037/createorganization_clerk.browser_8c4cfc_5.66.0-snapshot.v20250514120037.min.js.gz
- clerk-js/5.66.0-snapshot.v20250514120037/createorganization_clerk.browser_8c4cfc_5.66.0-snapshot.v20250514120037.min.js.sri
- clerk-js/5.66.0-snapshot.v20250514120037/createorganization_clerk.chips.browser_f35ba1_5.66.0-snapshot.v20250514120037.js.br
- clerk-js/5.66.0-snapshot.v20250514120037/createorganization_clerk.chips.browser_f35ba1_5.66.0-snapshot.v20250514120037.js.gz
- clerk-js/5.66.0-snapshot.v20250514120037/createorganization_clerk.chips.browser_f35ba1_5.66.0-snapshot.v20250514120037.js.sri
- clerk-js/5.66.0-snapshot.v20250514120037/createorganization_clerk.chips.browser_f35ba1_5.66.0-snapshot.v20250514120037.min.js.br
- clerk-js/5.66.0-snapshot.v20250514120037/createorganization_clerk.chips.browser_f35ba1_5.66.0-snapshot.v20250514120037.min.js.gz
- clerk-js/5.66.0-snapshot.v20250514120037/createorganization_clerk.chips.browser_f35ba1_5.66.0-snapshot.v20250514120037.min.js.sri
- clerk-js/5.66.0-snapshot.v20250514120037/createorganization_clerk.legacy.browser_6aa9b0_5.66.0-snapshot.v20250514120037.js.br
- clerk-js/5.66.0-snapshot.v20250514120037/createorganization_clerk.legacy.browser_6aa9b0_5.66.0-snapshot.v20250514120037.js.gz
- clerk-js/5.66.0-snapshot.v20250514120037/createorganization_clerk.legacy.browser_6aa9b0_5.66.0-snapshot.v20250514120037.js.sri
- clerk-js/5.66.0-snapshot.v20250514120037/createorganization_clerk.legacy.browser_6aa9b0_5.66.0-snapshot.v20250514120037.min.js.br
- clerk-js/5.66.0-snapshot.v20250514120037/createorganization_clerk.legacy.browser_6aa9b0_5.66.0-snapshot.v20250514120037.min.js.gz
- clerk-js/5.66.0-snapshot.v20250514120037/createorganization_clerk.legacy.browser_6aa9b0_5.66.0-snapshot.v20250514120037.min.js.sri
- clerk-js/5.66.0-snapshot.v20250514120037/framework_clerk.browser_8c4cfc_5.66.0-snapshot.v20250514120037.js.br
- clerk-js/5.66.0-snapshot.v20250514120037/framework_clerk.browser_8c4cfc_5.66.0-snapshot.v20250514120037.js.gz
- clerk-js/5.66.0-snapshot.v20250514120037/framework_clerk.browser_8c4cfc_5.66.0-snapshot.v20250514120037.js.sri
- clerk-js/5.66.0-snapshot.v20250514120037/framework_clerk.browser_8c4cfc_5.66.0-snapshot.v20250514120037.min.js.br
- clerk-js/5.66.0-snapshot.v20250514120037/framework_clerk.browser_8c4cfc_5.66.0-snapshot.v20250514120037.min.js.gz
- clerk-js/5.66.0-snapshot.v20250514120037/framework_clerk.browser_8c4cfc_5.66.0-snapshot.v20250514120037.min.js.sri
- clerk-js/5.66.0-snapshot.v20250514120037/framework_clerk.chips.browser_f35ba1_5.66.0-snapshot.v20250514120037.js.br
- clerk-js/5.66.0-snapshot.v20250514120037/framework_clerk.chips.browser_f35ba1_5.66.0-snapshot.v20250514120037.js.gz
- clerk-js/5.66.0-snapshot.v20250514120037/framework_clerk.chips.browser_f35ba1_5.66.0-snapshot.v20250514120037.js.sri
- clerk-js/5.66.0-snapshot.v20250514120037/framework_clerk.chips.browser_f35ba1_5.66.0-snapshot.v20250514120037.min.js.br
- clerk-js/5.66.0-snapshot.v20250514120037/framework_clerk.chips.browser_f35ba1_5.66.0-snapshot.v20250514120037.min.js.gz
- clerk-js/5.66.0-snapshot.v20250514120037/framework_clerk.chips.browser_f35ba1_5.66.0-snapshot.v20250514120037.min.js.sri
- clerk-js/5.66.0-snapshot.v20250514120037/framework_clerk.legacy.browser_6aa9b0_5.66.0-snapshot.v20250514120037.js.br
- clerk-js/5.66.0-snapshot.v20250514120037/framework_clerk.legacy.browser_6aa9b0_5.66.0-snapshot.v20250514120037.js.gz
- clerk-js/5.66.0-snapshot.v20250514120037/framework_clerk.legacy.browser_6aa9b0_5.66.0-snapshot.v20250514120037.js.sri
- clerk-js/5.66.0-snapshot.v20250514120037/framework_clerk.legacy.browser_6aa9b0_5.66.0-snapshot.v20250514120037.min.js.br
- clerk-js/5.66.0-snapshot.v20250514120037/framework_clerk.legacy.browser_6aa9b0_5.66.0-snapshot.v20250514120037.min.js.gz
- clerk-js/5.66.0-snapshot.v20250514120037/framework_clerk.legacy.browser_6aa9b0_5.66.0-snapshot.v20250514120037.min.js.sri
- clerk-js/5.66.0-snapshot.v20250514120037/impersonationfab_clerk.browser_8c4cfc_5.66.0-snapshot.v20250514120037.js.br
- clerk-js/5.66.0-snapshot.v20250514120037/impersonationfab_clerk.browser_8c4cfc_5.66.0-snapshot.v20250514120037.js.gz
- clerk-js/5.66.0-snapshot.v20250514120037/impersonationfab_clerk.browser_8c4cfc_5.66.0-snapshot.v20250514120037.js.sri
- clerk-js/5.66.0-snapshot.v20250514120037/impersonationfab_clerk.browser_8c4cfc_5.66.0-snapshot.v20250514120037.min.js.br
- clerk-js/5.66.0-snapshot.v20250514120037/impersonationfab_clerk.browser_8c4cfc_5.66.0-snapshot.v20250514120037.min.js.gz
- clerk-js/5.66.0-snapshot.v20250514120037/impersonationfab_clerk.browser_8c4cfc_5.66.0-snapshot.v20250514120037.min.js.sri
- clerk-js/5.66.0-snapshot.v20250514120037/impersonationfab_clerk.chips.browser_f35ba1_5.66.0-snapshot.v20250514120037.js.br
- clerk-js/5.66.0-snapshot.v20250514120037/impersonationfab_clerk.chips.browser_f35ba1_5.66.0-snapshot.v20250514120037.js.gz
- clerk-js/5.66.0-snapshot.v20250514120037/impersonationfab_clerk.chips.browser_f35ba1_5.66.0-snapshot.v20250514120037.js.sri
- clerk-js/5.66.0-snapshot.v20250514120037/impersonationfab_clerk.chips.browser_f35ba1_5.66.0-snapshot.v20250514120037.min.js.br
- clerk-js/5.66.0-snapshot.v20250514120037/impersonationfab_clerk.chips.browser_f35ba1_5.66.0-snapshot.v20250514120037.min.js.gz
- clerk-js/5.66.0-snapshot.v20250514120037/impersonationfab_clerk.chips.browser_f35ba1_5.66.0-snapshot.v20250514120037.min.js.sri
- clerk-js/5.66.0-snapshot.v20250514120037/impersonationfab_clerk.legacy.browser_6aa9b0_5.66.0-snapshot.v20250514120037.js.br
- clerk-js/5.66.0-snapshot.v20250514120037/impersonationfab_clerk.legacy.browser_6aa9b0_5.66.0-snapshot.v20250514120037.js.gz
- clerk-js/5.66.0-snapshot.v20250514120037/impersonationfab_clerk.legacy.browser_6aa9b0_5.66.0-snapshot.v20250514120037.js.sri
- clerk-js/5.66.0-snapshot.v20250514120037/impersonationfab_clerk.legacy.browser_6aa9b0_5.66.0-snapshot.v20250514120037.min.js.br
- clerk-js/5.66.0-snapshot.v20250514120037/impersonationfab_clerk.legacy.browser_6aa9b0_5.66.0-snapshot.v20250514120037.min.js.gz
- clerk-js/5.66.0-snapshot.v20250514120037/impersonationfab_clerk.legacy.browser_6aa9b0_5.66.0-snapshot.v20250514120037.min.js.sri
- clerk-js/5.66.0-snapshot.v20250514120037/keylessPrompt_clerk.browser_8c4cfc_5.66.0-snapshot.v20250514120037.js.br
- clerk-js/5.66.0-snapshot.v20250514120037/keylessPrompt_clerk.browser_8c4cfc_5.66.0-snapshot.v20250514120037.js.gz
- clerk-js/5.66.0-snapshot.v20250514120037/keylessPrompt_clerk.browser_8c4cfc_5.66.0-snapshot.v20250514120037.js.sri
- clerk-js/5.66.0-snapshot.v20250514120037/keylessPrompt_clerk.browser_8c4cfc_5.66.0-snapshot.v20250514120037.min.js.br
- clerk-js/5.66.0-snapshot.v20250514120037/keylessPrompt_clerk.browser_8c4cfc_5.66.0-snapshot.v20250514120037.min.js.gz
- clerk-js/5.66.0-snapshot.v20250514120037/keylessPrompt_clerk.browser_8c4cfc_5.66.0-snapshot.v20250514120037.min.js.sri
- clerk-js/5.66.0-snapshot.v20250514120037/keylessPrompt_clerk.chips.browser_f35ba1_5.66.0-snapshot.v20250514120037.js.br
- clerk-js/5.66.0-snapshot.v20250514120037/keylessPrompt_clerk.chips.browser_f35ba1_5.66.0-snapshot.v20250514120037.js.gz
- clerk-js/5.66.0-snapshot.v20250514120037/keylessPrompt_clerk.chips.browser_f35ba1_5.66.0-snapshot.v20250514120037.js.sri
- clerk-js/5.66.0-snapshot.v20250514120037/keylessPrompt_clerk.chips.browser_f35ba1_5.66.0-snapshot.v20250514120037.min.js.br
- clerk-js/5.66.0-snapshot.v20250514120037/keylessPrompt_clerk.chips.browser_f35ba1_5.66.0-snapshot.v20250514120037.min.js.gz
- clerk-js/5.66.0-snapshot.v20250514120037/keylessPrompt_clerk.chips.browser_f35ba1_5.66.0-snapshot.v20250514120037.min.js.sri
- clerk-js/5.66.0-snapshot.v20250514120037/keylessPrompt_clerk.legacy.browser_6aa9b0_5.66.0-snapshot.v20250514120037.js.br
- clerk-js/5.66.0-snapshot.v20250514120037/keylessPrompt_clerk.legacy.browser_6aa9b0_5.66.0-snapshot.v20250514120037.js.gz
- clerk-js/5.66.0-snapshot.v20250514120037/keylessPrompt_clerk.legacy.browser_6aa9b0_5.66.0-snapshot.v20250514120037.js.sri
- clerk-js/5.66.0-snapshot.v20250514120037/keylessPrompt_clerk.legacy.browser_6aa9b0_5.66.0-snapshot.v20250514120037.min.js.br
- clerk-js/5.66.0-snapshot.v20250514120037/keylessPrompt_clerk.legacy.browser_6aa9b0_5.66.0-snapshot.v20250514120037.min.js.gz
- clerk-js/5.66.0-snapshot.v20250514120037/keylessPrompt_clerk.legacy.browser_6aa9b0_5.66.0-snapshot.v20250514120037.min.js.sri
- clerk-js/5.66.0-snapshot.v20250514120037/onetap_clerk.browser_8c4cfc_5.66.0-snapshot.v20250514120037.js.br
- clerk-js/5.66.0-snapshot.v20250514120037/onetap_clerk.browser_8c4cfc_5.66.0-snapshot.v20250514120037.js.gz
- clerk-js/5.66.0-snapshot.v20250514120037/onetap_clerk.browser_8c4cfc_5.66.0-snapshot.v20250514120037.js.sri
- clerk-js/5.66.0-snapshot.v20250514120037/onetap_clerk.browser_8c4cfc_5.66.0-snapshot.v20250514120037.min.js.br
- clerk-js/5.66.0-snapshot.v20250514120037/onetap_clerk.browser_8c4cfc_5.66.0-snapshot.v20250514120037.min.js.gz
- clerk-js/5.66.0-snapshot.v20250514120037/onetap_clerk.browser_8c4cfc_5.66.0-snapshot.v20250514120037.min.js.sri
- clerk-js/5.66.0-snapshot.v20250514120037/onetap_clerk.chips.browser_f35ba1_5.66.0-snapshot.v20250514120037.js.br
- clerk-js/5.66.0-snapshot.v20250514120037/onetap_clerk.chips.browser_f35ba1_5.66.0-snapshot.v20250514120037.js.gz
- clerk-js/5.66.0-snapshot.v20250514120037/onetap_clerk.chips.browser_f35ba1_5.66.0-snapshot.v20250514120037.js.sri
- clerk-js/5.66.0-snapshot.v20250514120037/onetap_clerk.chips.browser_f35ba1_5.66.0-snapshot.v20250514120037.min.js.br
- clerk-js/5.66.0-snapshot.v20250514120037/onetap_clerk.chips.browser_f35ba1_5.66.0-snapshot.v20250514120037.min.js.gz
- clerk-js/5.66.0-snapshot.v20250514120037/onetap_clerk.chips.browser_f35ba1_5.66.0-snapshot.v20250514120037.min.js.sri
- clerk-js/5.66.0-snapshot.v20250514120037/onetap_clerk.legacy.browser_6aa9b0_5.66.0-snapshot.v20250514120037.js.br
- clerk-js/5.66.0-snapshot.v20250514120037/onetap_clerk.legacy.browser_6aa9b0_5.66.0-snapshot.v20250514120037.js.gz
- clerk-js/5.66.0-snapshot.v20250514120037/onetap_clerk.legacy.browser_6aa9b0_5.66.0-snapshot.v20250514120037.js.sri
- clerk-js/5.66.0-snapshot.v20250514120037/onetap_clerk.legacy.browser_6aa9b0_5.66.0-snapshot.v20250514120037.min.js.br
- clerk-js/5.66.0-snapshot.v20250514120037/onetap_clerk.legacy.browser_6aa9b0_5.66.0-snapshot.v20250514120037.min.js.gz
- clerk-js/5.66.0-snapshot.v20250514120037/onetap_clerk.legacy.browser_6aa9b0_5.66.0-snapshot.v20250514120037.min.js.sri
- clerk-js/5.66.0-snapshot.v20250514120037/op-billing-page_clerk.browser_8c4cfc_5.66.0-snapshot.v20250514120037.js.br
- clerk-js/5.66.0-snapshot.v20250514120037/op-billing-page_clerk.browser_8c4cfc_5.66.0-snapshot.v20250514120037.js.gz
- clerk-js/5.66.0-snapshot.v20250514120037/op-billing-page_clerk.browser_8c4cfc_5.66.0-snapshot.v20250514120037.js.sri
- clerk-js/5.66.0-snapshot.v20250514120037/op-billing-page_clerk.browser_8c4cfc_5.66.0-snapshot.v20250514120037.min.js.br
- clerk-js/5.66.0-snapshot.v20250514120037/op-billing-page_clerk.browser_8c4cfc_5.66.0-snapshot.v20250514120037.min.js.gz
- clerk-js/5.66.0-snapshot.v20250514120037/op-billing-page_clerk.browser_8c4cfc_5.66.0-snapshot.v20250514120037.min.js.sri
- clerk-js/5.66.0-snapshot.v20250514120037/op-billing-page_clerk.chips.browser_f35ba1_5.66.0-snapshot.v20250514120037.js.br
- clerk-js/5.66.0-snapshot.v20250514120037/op-billing-page_clerk.chips.browser_f35ba1_5.66.0-snapshot.v20250514120037.js.gz
- clerk-js/5.66.0-snapshot.v20250514120037/op-billing-page_clerk.chips.browser_f35ba1_5.66.0-snapshot.v20250514120037.js.sri
- clerk-js/5.66.0-snapshot.v20250514120037/op-billing-page_clerk.chips.browser_f35ba1_5.66.0-snapshot.v20250514120037.min.js.br
- clerk-js/5.66.0-snapshot.v20250514120037/op-billing-page_clerk.chips.browser_f35ba1_5.66.0-snapshot.v20250514120037.min.js.gz
- clerk-js/5.66.0-snapshot.v20250514120037/op-billing-page_clerk.chips.browser_f35ba1_5.66.0-snapshot.v20250514120037.min.js.sri
- clerk-js/5.66.0-snapshot.v20250514120037/op-billing-page_clerk.legacy.browser_6aa9b0_5.66.0-snapshot.v20250514120037.js.br
- clerk-js/5.66.0-snapshot.v20250514120037/op-billing-page_clerk.legacy.browser_6aa9b0_5.66.0-snapshot.v20250514120037.js.gz
- clerk-js/5.66.0-snapshot.v20250514120037/op-billing-page_clerk.legacy.browser_6aa9b0_5.66.0-snapshot.v20250514120037.js.sri
- clerk-js/5.66.0-snapshot.v20250514120037/op-billing-page_clerk.legacy.browser_6aa9b0_5.66.0-snapshot.v20250514120037.min.js.br
- clerk-js/5.66.0-snapshot.v20250514120037/op-billing-page_clerk.legacy.browser_6aa9b0_5.66.0-snapshot.v20250514120037.min.js.gz
- clerk-js/5.66.0-snapshot.v20250514120037/op-billing-page_clerk.legacy.browser_6aa9b0_5.66.0-snapshot.v20250514120037.min.js.sri
- clerk-js/5.66.0-snapshot.v20250514120037/organizationlist_clerk.browser_8c4cfc_5.66.0-snapshot.v20250514120037.js.br
- clerk-js/5.66.0-snapshot.v20250514120037/organizationlist_clerk.browser_8c4cfc_5.66.0-snapshot.v20250514120037.js.gz
- clerk-js/5.66.0-snapshot.v20250514120037/organizationlist_clerk.browser_8c4cfc_5.66.0-snapshot.v20250514120037.js.sri
- clerk-js/5.66.0-snapshot.v20250514120037/organizationlist_clerk.browser_8c4cfc_5.66.0-snapshot.v20250514120037.min.js.br
- clerk-js/5.66.0-snapshot.v20250514120037/organizationlist_clerk.browser_8c4cfc_5.66.0-snapshot.v20250514120037.min.js.gz
- clerk-js/5.66.0-snapshot.v20250514120037/organizationlist_clerk.browser_8c4cfc_5.66.0-snapshot.v20250514120037.min.js.sri
- clerk-js/5.66.0-snapshot.v20250514120037/organizationlist_clerk.chips.browser_f35ba1_5.66.0-snapshot.v20250514120037.js.br
- clerk-js/5.66.0-snapshot.v20250514120037/organizationlist_clerk.chips.browser_f35ba1_5.66.0-snapshot.v20250514120037.js.gz
- clerk-js/5.66.0-snapshot.v20250514120037/organizationlist_clerk.chips.browser_f35ba1_5.66.0-snapshot.v20250514120037.js.sri
- clerk-js/5.66.0-snapshot.v20250514120037/organizationlist_clerk.chips.browser_f35ba1_5.66.0-snapshot.v20250514120037.min.js.br
- clerk-js/5.66.0-snapshot.v20250514120037/organizationlist_clerk.chips.browser_f35ba1_5.66.0-snapshot.v20250514120037.min.js.gz
- clerk-js/5.66.0-snapshot.v20250514120037/organizationlist_clerk.chips.browser_f35ba1_5.66.0-snapshot.v20250514120037.min.js.sri
- clerk-js/5.66.0-snapshot.v20250514120037/organizationlist_clerk.legacy.browser_6aa9b0_5.66.0-snapshot.v20250514120037.js.br
- clerk-js/5.66.0-snapshot.v20250514120037/organizationlist_clerk.legacy.browser_6aa9b0_5.66.0-snapshot.v20250514120037.js.gz
- clerk-js/5.66.0-snapshot.v20250514120037/organizationlist_clerk.legacy.browser_6aa9b0_5.66.0-snapshot.v20250514120037.js.sri
- clerk-js/5.66.0-snapshot.v20250514120037/organizationlist_clerk.legacy.browser_6aa9b0_5.66.0-snapshot.v20250514120037.min.js.br
- clerk-js/5.66.0-snapshot.v20250514120037/organizationlist_clerk.legacy.browser_6aa9b0_5.66.0-snapshot.v20250514120037.min.js.gz
- clerk-js/5.66.0-snapshot.v20250514120037/organizationlist_clerk.legacy.browser_6aa9b0_5.66.0-snapshot.v20250514120037.min.js.sri
- clerk-js/5.66.0-snapshot.v20250514120037/organizationprofile_clerk.browser_8c4cfc_5.66.0-snapshot.v20250514120037.js.br
- clerk-js/5.66.0-snapshot.v20250514120037/organizationprofile_clerk.browser_8c4cfc_5.66.0-snapshot.v20250514120037.js.gz
- clerk-js/5.66.0-snapshot.v20250514120037/organizationprofile_clerk.browser_8c4cfc_5.66.0-snapshot.v20250514120037.js.sri
- clerk-js/5.66.0-snapshot.v20250514120037/organizationprofile_clerk.browser_8c4cfc_5.66.0-snapshot.v20250514120037.min.js.br
- clerk-js/5.66.0-snapshot.v20250514120037/organizationprofile_clerk.browser_8c4cfc_5.66.0-snapshot.v20250514120037.min.js.gz
- clerk-js/5.66.0-snapshot.v20250514120037/organizationprofile_clerk.browser_8c4cfc_5.66.0-snapshot.v20250514120037.min.js.sri
- clerk-js/5.66.0-snapshot.v20250514120037/organizationprofile_clerk.chips.browser_f35ba1_5.66.0-snapshot.v20250514120037.js.br
- clerk-js/5.66.0-snapshot.v20250514120037/organizationprofile_clerk.chips.browser_f35ba1_5.66.0-snapshot.v20250514120037.js.gz
- clerk-js/5.66.0-snapshot.v20250514120037/organizationprofile_clerk.chips.browser_f35ba1_5.66.0-snapshot.v20250514120037.js.sri
- clerk-js/5.66.0-snapshot.v20250514120037/organizationprofile_clerk.chips.browser_f35ba1_5.66.0-snapshot.v20250514120037.min.js.br
- clerk-js/5.66.0-snapshot.v20250514120037/organizationprofile_clerk.chips.browser_f35ba1_5.66.0-snapshot.v20250514120037.min.js.gz
- clerk-js/5.66.0-snapshot.v20250514120037/organizationprofile_clerk.chips.browser_f35ba1_5.66.0-snapshot.v20250514120037.min.js.sri
- clerk-js/5.66.0-snapshot.v20250514120037/organizationprofile_clerk.legacy.browser_6aa9b0_5.66.0-snapshot.v20250514120037.js.br
- clerk-js/5.66.0-snapshot.v20250514120037/organizationprofile_clerk.legacy.browser_6aa9b0_5.66.0-snapshot.v20250514120037.js.gz
- clerk-js/5.66.0-snapshot.v20250514120037/organizationprofile_clerk.legacy.browser_6aa9b0_5.66.0-snapshot.v20250514120037.js.sri
- clerk-js/5.66.0-snapshot.v20250514120037/organizationprofile_clerk.legacy.browser_6aa9b0_5.66.0-snapshot.v20250514120037.min.js.br
- clerk-js/5.66.0-snapshot.v20250514120037/organizationprofile_clerk.legacy.browser_6aa9b0_5.66.0-snapshot.v20250514120037.min.js.gz
- clerk-js/5.66.0-snapshot.v20250514120037/organizationprofile_clerk.legacy.browser_6aa9b0_5.66.0-snapshot.v20250514120037.min.js.sri
- clerk-js/5.66.0-snapshot.v20250514120037/organizationswitcher_clerk.browser_8c4cfc_5.66.0-snapshot.v20250514120037.js.br
- clerk-js/5.66.0-snapshot.v20250514120037/organizationswitcher_clerk.browser_8c4cfc_5.66.0-snapshot.v20250514120037.js.gz
- clerk-js/5.66.0-snapshot.v20250514120037/organizationswitcher_clerk.browser_8c4cfc_5.66.0-snapshot.v20250514120037.js.sri
- clerk-js/5.66.0-snapshot.v20250514120037/organizationswitcher_clerk.browser_8c4cfc_5.66.0-snapshot.v20250514120037.min.js.br
- clerk-js/5.66.0-snapshot.v20250514120037/organizationswitcher_clerk.browser_8c4cfc_5.66.0-snapshot.v20250514120037.min.js.gz
- clerk-js/5.66.0-snapshot.v20250514120037/organizationswitcher_clerk.browser_8c4cfc_5.66.0-snapshot.v20250514120037.min.js.sri
- clerk-js/5.66.0-snapshot.v20250514120037/organizationswitcher_clerk.chips.browser_f35ba1_5.66.0-snapshot.v20250514120037.js.br
- clerk-js/5.66.0-snapshot.v20250514120037/organizationswitcher_clerk.chips.browser_f35ba1_5.66.0-snapshot.v20250514120037.js.gz
- clerk-js/5.66.0-snapshot.v20250514120037/organizationswitcher_clerk.chips.browser_f35ba1_5.66.0-snapshot.v20250514120037.js.sri
- clerk-js/5.66.0-snapshot.v20250514120037/organizationswitcher_clerk.chips.browser_f35ba1_5.66.0-snapshot.v20250514120037.min.js.br
- clerk-js/5.66.0-snapshot.v20250514120037/organizationswitcher_clerk.chips.browser_f35ba1_5.66.0-snapshot.v20250514120037.min.js.gz
- clerk-js/5.66.0-snapshot.v20250514120037/organizationswitcher_clerk.chips.browser_f35ba1_5.66.0-snapshot.v20250514120037.min.js.sri
- clerk-js/5.66.0-snapshot.v20250514120037/organizationswitcher_clerk.legacy.browser_6aa9b0_5.66.0-snapshot.v20250514120037.js.br
- clerk-js/5.66.0-snapshot.v20250514120037/organizationswitcher_clerk.legacy.browser_6aa9b0_5.66.0-snapshot.v20250514120037.js.gz
- clerk-js/5.66.0-snapshot.v20250514120037/organizationswitcher_clerk.legacy.browser_6aa9b0_5.66.0-snapshot.v20250514120037.js.sri
- clerk-js/5.66.0-snapshot.v20250514120037/organizationswitcher_clerk.legacy.browser_6aa9b0_5.66.0-snapshot.v20250514120037.min.js.br
- clerk-js/5.66.0-snapshot.v20250514120037/organizationswitcher_clerk.legacy.browser_6aa9b0_5.66.0-snapshot.v20250514120037.min.js.gz
- clerk-js/5.66.0-snapshot.v20250514120037/organizationswitcher_clerk.legacy.browser_6aa9b0_5.66.0-snapshot.v20250514120037.min.js.sri
- clerk-js/5.66.0-snapshot.v20250514120037/paymentSources_clerk.browser_8c4cfc_5.66.0-snapshot.v20250514120037.js.br
- clerk-js/5.66.0-snapshot.v20250514120037/paymentSources_clerk.browser_8c4cfc_5.66.0-snapshot.v20250514120037.js.gz
- clerk-js/5.66.0-snapshot.v20250514120037/paymentSources_clerk.browser_8c4cfc_5.66.0-snapshot.v20250514120037.js.sri
- clerk-js/5.66.0-snapshot.v20250514120037/paymentSources_clerk.browser_8c4cfc_5.66.0-snapshot.v20250514120037.min.js.br
- clerk-js/5.66.0-snapshot.v20250514120037/paymentSources_clerk.browser_8c4cfc_5.66.0-snapshot.v20250514120037.min.js.gz
- clerk-js/5.66.0-snapshot.v20250514120037/paymentSources_clerk.browser_8c4cfc_5.66.0-snapshot.v20250514120037.min.js.sri
- clerk-js/5.66.0-snapshot.v20250514120037/paymentSources_clerk.chips.browser_f35ba1_5.66.0-snapshot.v20250514120037.js.br
- clerk-js/5.66.0-snapshot.v20250514120037/paymentSources_clerk.chips.browser_f35ba1_5.66.0-snapshot.v20250514120037.js.gz
- clerk-js/5.66.0-snapshot.v20250514120037/paymentSources_clerk.chips.browser_f35ba1_5.66.0-snapshot.v20250514120037.js.sri
- clerk-js/5.66.0-snapshot.v20250514120037/paymentSources_clerk.chips.browser_f35ba1_5.66.0-snapshot.v20250514120037.min.js.br
- clerk-js/5.66.0-snapshot.v20250514120037/paymentSources_clerk.chips.browser_f35ba1_5.66.0-snapshot.v20250514120037.min.js.gz
- clerk-js/5.66.0-snapshot.v20250514120037/paymentSources_clerk.chips.browser_f35ba1_5.66.0-snapshot.v20250514120037.min.js.sri
- clerk-js/5.66.0-snapshot.v20250514120037/paymentSources_clerk.legacy.browser_6aa9b0_5.66.0-snapshot.v20250514120037.js.br
- clerk-js/5.66.0-snapshot.v20250514120037/paymentSources_clerk.legacy.browser_6aa9b0_5.66.0-snapshot.v20250514120037.js.gz
- clerk-js/5.66.0-snapshot.v20250514120037/paymentSources_clerk.legacy.browser_6aa9b0_5.66.0-snapshot.v20250514120037.js.sri
- clerk-js/5.66.0-snapshot.v20250514120037/paymentSources_clerk.legacy.browser_6aa9b0_5.66.0-snapshot.v20250514120037.min.js.br
- clerk-js/5.66.0-snapshot.v20250514120037/paymentSources_clerk.legacy.browser_6aa9b0_5.66.0-snapshot.v20250514120037.min.js.gz
- clerk-js/5.66.0-snapshot.v20250514120037/paymentSources_clerk.legacy.browser_6aa9b0_5.66.0-snapshot.v20250514120037.min.js.sri
- clerk-js/5.66.0-snapshot.v20250514120037/planDetails_clerk.browser_8c4cfc_5.66.0-snapshot.v20250514120037.js.br
- clerk-js/5.66.0-snapshot.v20250514120037/planDetails_clerk.browser_8c4cfc_5.66.0-snapshot.v20250514120037.js.gz
- clerk-js/5.66.0-snapshot.v20250514120037/planDetails_clerk.browser_8c4cfc_5.66.0-snapshot.v20250514120037.js.sri
- clerk-js/5.66.0-snapshot.v20250514120037/planDetails_clerk.browser_8c4cfc_5.66.0-snapshot.v20250514120037.min.js.br
- clerk-js/5.66.0-snapshot.v20250514120037/planDetails_clerk.browser_8c4cfc_5.66.0-snapshot.v20250514120037.min.js.gz
- clerk-js/5.66.0-snapshot.v20250514120037/planDetails_clerk.browser_8c4cfc_5.66.0-snapshot.v20250514120037.min.js.sri
- clerk-js/5.66.0-snapshot.v20250514120037/planDetails_clerk.chips.browser_f35ba1_5.66.0-snapshot.v20250514120037.js.br
- clerk-js/5.66.0-snapshot.v20250514120037/planDetails_clerk.chips.browser_f35ba1_5.66.0-snapshot.v20250514120037.js.gz
- clerk-js/5.66.0-snapshot.v20250514120037/planDetails_clerk.chips.browser_f35ba1_5.66.0-snapshot.v20250514120037.js.sri
- clerk-js/5.66.0-snapshot.v20250514120037/planDetails_clerk.chips.browser_f35ba1_5.66.0-snapshot.v20250514120037.min.js.br
- clerk-js/5.66.0-snapshot.v20250514120037/planDetails_clerk.chips.browser_f35ba1_5.66.0-snapshot.v20250514120037.min.js.gz
- clerk-js/5.66.0-snapshot.v20250514120037/planDetails_clerk.chips.browser_f35ba1_5.66.0-snapshot.v20250514120037.min.js.sri
- clerk-js/5.66.0-snapshot.v20250514120037/planDetails_clerk.legacy.browser_6aa9b0_5.66.0-snapshot.v20250514120037.js.br
- clerk-js/5.66.0-snapshot.v20250514120037/planDetails_clerk.legacy.browser_6aa9b0_5.66.0-snapshot.v20250514120037.js.gz
- clerk-js/5.66.0-snapshot.v20250514120037/planDetails_clerk.legacy.browser_6aa9b0_5.66.0-snapshot.v20250514120037.js.sri
- clerk-js/5.66.0-snapshot.v20250514120037/planDetails_clerk.legacy.browser_6aa9b0_5.66.0-snapshot.v20250514120037.min.js.br
- clerk-js/5.66.0-snapshot.v20250514120037/planDetails_clerk.legacy.browser_6aa9b0_5.66.0-snapshot.v20250514120037.min.js.gz
- clerk-js/5.66.0-snapshot.v20250514120037/planDetails_clerk.legacy.browser_6aa9b0_5.66.0-snapshot.v20250514120037.min.js.sri
- clerk-js/5.66.0-snapshot.v20250514120037/prefetchorganizationlist_clerk.browser_8c4cfc_5.66.0-snapshot.v20250514120037.js.br
- clerk-js/5.66.0-snapshot.v20250514120037/prefetchorganizationlist_clerk.browser_8c4cfc_5.66.0-snapshot.v20250514120037.js.gz
- clerk-js/5.66.0-snapshot.v20250514120037/prefetchorganizationlist_clerk.browser_8c4cfc_5.66.0-snapshot.v20250514120037.js.sri
- clerk-js/5.66.0-snapshot.v20250514120037/prefetchorganizationlist_clerk.browser_8c4cfc_5.66.0-snapshot.v20250514120037.min.js.br
- clerk-js/5.66.0-snapshot.v20250514120037/prefetchorganizationlist_clerk.browser_8c4cfc_5.66.0-snapshot.v20250514120037.min.js.gz
- clerk-js/5.66.0-snapshot.v20250514120037/prefetchorganizationlist_clerk.browser_8c4cfc_5.66.0-snapshot.v20250514120037.min.js.sri
- clerk-js/5.66.0-snapshot.v20250514120037/prefetchorganizationlist_clerk.chips.browser_f35ba1_5.66.0-snapshot.v20250514120037.js.br
- clerk-js/5.66.0-snapshot.v20250514120037/prefetchorganizationlist_clerk.chips.browser_f35ba1_5.66.0-snapshot.v20250514120037.js.gz
- clerk-js/5.66.0-snapshot.v20250514120037/prefetchorganizationlist_clerk.chips.browser_f35ba1_5.66.0-snapshot.v20250514120037.js.sri
- clerk-js/5.66.0-snapshot.v20250514120037/prefetchorganizationlist_clerk.chips.browser_f35ba1_5.66.0-snapshot.v20250514120037.min.js.br
- clerk-js/5.66.0-snapshot.v20250514120037/prefetchorganizationlist_clerk.chips.browser_f35ba1_5.66.0-snapshot.v20250514120037.min.js.gz
- clerk-js/5.66.0-snapshot.v20250514120037/prefetchorganizationlist_clerk.chips.browser_f35ba1_5.66.0-snapshot.v20250514120037.min.js.sri
- clerk-js/5.66.0-snapshot.v20250514120037/prefetchorganizationlist_clerk.legacy.browser_6aa9b0_5.66.0-snapshot.v20250514120037.js.br
- clerk-js/5.66.0-snapshot.v20250514120037/prefetchorganizationlist_clerk.legacy.browser_6aa9b0_5.66.0-snapshot.v20250514120037.js.gz
- clerk-js/5.66.0-snapshot.v20250514120037/prefetchorganizationlist_clerk.legacy.browser_6aa9b0_5.66.0-snapshot.v20250514120037.js.sri
- clerk-js/5.66.0-snapshot.v20250514120037/prefetchorganizationlist_clerk.legacy.browser_6aa9b0_5.66.0-snapshot.v20250514120037.min.js.br
- clerk-js/5.66.0-snapshot.v20250514120037/prefetchorganizationlist_clerk.legacy.browser_6aa9b0_5.66.0-snapshot.v20250514120037.min.js.gz
- clerk-js/5.66.0-snapshot.v20250514120037/prefetchorganizationlist_clerk.legacy.browser_6aa9b0_5.66.0-snapshot.v20250514120037.min.js.sri
- clerk-js/5.66.0-snapshot.v20250514120037/pricingTable_clerk.browser_8c4cfc_5.66.0-snapshot.v20250514120037.js.br
- clerk-js/5.66.0-snapshot.v20250514120037/pricingTable_clerk.browser_8c4cfc_5.66.0-snapshot.v20250514120037.js.gz
- clerk-js/5.66.0-snapshot.v20250514120037/pricingTable_clerk.browser_8c4cfc_5.66.0-snapshot.v20250514120037.js.sri
- clerk-js/5.66.0-snapshot.v20250514120037/pricingTable_clerk.browser_8c4cfc_5.66.0-snapshot.v20250514120037.min.js.br
- clerk-js/5.66.0-snapshot.v20250514120037/pricingTable_clerk.browser_8c4cfc_5.66.0-snapshot.v20250514120037.min.js.gz
- clerk-js/5.66.0-snapshot.v20250514120037/pricingTable_clerk.browser_8c4cfc_5.66.0-snapshot.v20250514120037.min.js.sri
- clerk-js/5.66.0-snapshot.v20250514120037/pricingTable_clerk.chips.browser_f35ba1_5.66.0-snapshot.v20250514120037.js.br
- clerk-js/5.66.0-snapshot.v20250514120037/pricingTable_clerk.chips.browser_f35ba1_5.66.0-snapshot.v20250514120037.js.gz
- clerk-js/5.66.0-snapshot.v20250514120037/pricingTable_clerk.chips.browser_f35ba1_5.66.0-snapshot.v20250514120037.js.sri
- clerk-js/5.66.0-snapshot.v20250514120037/pricingTable_clerk.chips.browser_f35ba1_5.66.0-snapshot.v20250514120037.min.js.br
- clerk-js/5.66.0-snapshot.v20250514120037/pricingTable_clerk.chips.browser_f35ba1_5.66.0-snapshot.v20250514120037.min.js.gz
- clerk-js/5.66.0-snapshot.v20250514120037/pricingTable_clerk.chips.browser_f35ba1_5.66.0-snapshot.v20250514120037.min.js.sri
- clerk-js/5.66.0-snapshot.v20250514120037/pricingTable_clerk.legacy.browser_6aa9b0_5.66.0-snapshot.v20250514120037.js.br
- clerk-js/5.66.0-snapshot.v20250514120037/pricingTable_clerk.legacy.browser_6aa9b0_5.66.0-snapshot.v20250514120037.js.gz
- clerk-js/5.66.0-snapshot.v20250514120037/pricingTable_clerk.legacy.browser_6aa9b0_5.66.0-snapshot.v20250514120037.js.sri
- clerk-js/5.66.0-snapshot.v20250514120037/pricingTable_clerk.legacy.browser_6aa9b0_5.66.0-snapshot.v20250514120037.min.js.br
- clerk-js/5.66.0-snapshot.v20250514120037/pricingTable_clerk.legacy.browser_6aa9b0_5.66.0-snapshot.v20250514120037.min.js.gz
- clerk-js/5.66.0-snapshot.v20250514120037/pricingTable_clerk.legacy.browser_6aa9b0_5.66.0-snapshot.v20250514120037.min.js.sri
- clerk-js/5.66.0-snapshot.v20250514120037/sessionTasks_clerk.browser_8c4cfc_5.66.0-snapshot.v20250514120037.js.br
- clerk-js/5.66.0-snapshot.v20250514120037/sessionTasks_clerk.browser_8c4cfc_5.66.0-snapshot.v20250514120037.js.gz
- clerk-js/5.66.0-snapshot.v20250514120037/sessionTasks_clerk.browser_8c4cfc_5.66.0-snapshot.v20250514120037.js.sri
- clerk-js/5.66.0-snapshot.v20250514120037/sessionTasks_clerk.browser_8c4cfc_5.66.0-snapshot.v20250514120037.min.js.br
- clerk-js/5.66.0-snapshot.v20250514120037/sessionTasks_clerk.browser_8c4cfc_5.66.0-snapshot.v20250514120037.min.js.gz
- clerk-js/5.66.0-snapshot.v20250514120037/sessionTasks_clerk.browser_8c4cfc_5.66.0-snapshot.v20250514120037.min.js.sri
- clerk-js/5.66.0-snapshot.v20250514120037/sessionTasks_clerk.chips.browser_f35ba1_5.66.0-snapshot.v20250514120037.js.br
- clerk-js/5.66.0-snapshot.v20250514120037/sessionTasks_clerk.chips.browser_f35ba1_5.66.0-snapshot.v20250514120037.js.gz
- clerk-js/5.66.0-snapshot.v20250514120037/sessionTasks_clerk.chips.browser_f35ba1_5.66.0-snapshot.v20250514120037.js.sri
- clerk-js/5.66.0-snapshot.v20250514120037/sessionTasks_clerk.chips.browser_f35ba1_5.66.0-snapshot.v20250514120037.min.js.br
- clerk-js/5.66.0-snapshot.v20250514120037/sessionTasks_clerk.chips.browser_f35ba1_5.66.0-snapshot.v20250514120037.min.js.gz
- clerk-js/5.66.0-snapshot.v20250514120037/sessionTasks_clerk.chips.browser_f35ba1_5.66.0-snapshot.v20250514120037.min.js.sri
- clerk-js/5.66.0-snapshot.v20250514120037/sessionTasks_clerk.legacy.browser_6aa9b0_5.66.0-snapshot.v20250514120037.js.br
- clerk-js/5.66.0-snapshot.v20250514120037/sessionTasks_clerk.legacy.browser_6aa9b0_5.66.0-snapshot.v20250514120037.js.gz
- clerk-js/5.66.0-snapshot.v20250514120037/sessionTasks_clerk.legacy.browser_6aa9b0_5.66.0-snapshot.v20250514120037.js.sri
- clerk-js/5.66.0-snapshot.v20250514120037/sessionTasks_clerk.legacy.browser_6aa9b0_5.66.0-snapshot.v20250514120037.min.js.br
- clerk-js/5.66.0-snapshot.v20250514120037/sessionTasks_clerk.legacy.browser_6aa9b0_5.66.0-snapshot.v20250514120037.min.js.gz
- clerk-js/5.66.0-snapshot.v20250514120037/sessionTasks_clerk.legacy.browser_6aa9b0_5.66.0-snapshot.v20250514120037.min.js.sri
- clerk-js/5.66.0-snapshot.v20250514120037/signin_clerk.browser_8c4cfc_5.66.0-snapshot.v20250514120037.js.br
- clerk-js/5.66.0-snapshot.v20250514120037/signin_clerk.browser_8c4cfc_5.66.0-snapshot.v20250514120037.js.gz
- clerk-js/5.66.0-snapshot.v20250514120037/signin_clerk.browser_8c4cfc_5.66.0-snapshot.v20250514120037.js.sri
- clerk-js/5.66.0-snapshot.v20250514120037/signin_clerk.browser_8c4cfc_5.66.0-snapshot.v20250514120037.min.js.br
- clerk-js/5.66.0-snapshot.v20250514120037/signin_clerk.browser_8c4cfc_5.66.0-snapshot.v20250514120037.min.js.gz
- clerk-js/5.66.0-snapshot.v20250514120037/signin_clerk.browser_8c4cfc_5.66.0-snapshot.v20250514120037.min.js.sri
- clerk-js/5.66.0-snapshot.v20250514120037/signin_clerk.chips.browser_f35ba1_5.66.0-snapshot.v20250514120037.js.br
- clerk-js/5.66.0-snapshot.v20250514120037/signin_clerk.chips.browser_f35ba1_5.66.0-snapshot.v20250514120037.js.gz
- clerk-js/5.66.0-snapshot.v20250514120037/signin_clerk.chips.browser_f35ba1_5.66.0-snapshot.v20250514120037.js.sri
- clerk-js/5.66.0-snapshot.v20250514120037/signin_clerk.chips.browser_f35ba1_5.66.0-snapshot.v20250514120037.min.js.br
- clerk-js/5.66.0-snapshot.v20250514120037/signin_clerk.chips.browser_f35ba1_5.66.0-snapshot.v20250514120037.min.js.gz
- clerk-js/5.66.0-snapshot.v20250514120037/signin_clerk.chips.browser_f35ba1_5.66.0-snapshot.v20250514120037.min.js.sri
- clerk-js/5.66.0-snapshot.v20250514120037/signin_clerk.legacy.browser_6aa9b0_5.66.0-snapshot.v20250514120037.js.br
- clerk-js/5.66.0-snapshot.v20250514120037/signin_clerk.legacy.browser_6aa9b0_5.66.0-snapshot.v20250514120037.js.gz
- clerk-js/5.66.0-snapshot.v20250514120037/signin_clerk.legacy.browser_6aa9b0_5.66.0-snapshot.v20250514120037.js.sri
- clerk-js/5.66.0-snapshot.v20250514120037/signin_clerk.legacy.browser_6aa9b0_5.66.0-snapshot.v20250514120037.min.js.br
- clerk-js/5.66.0-snapshot.v20250514120037/signin_clerk.legacy.browser_6aa9b0_5.66.0-snapshot.v20250514120037.min.js.gz
- clerk-js/5.66.0-snapshot.v20250514120037/signin_clerk.legacy.browser_6aa9b0_5.66.0-snapshot.v20250514120037.min.js.sri
- clerk-js/5.66.0-snapshot.v20250514120037/signup_clerk.browser_8c4cfc_5.66.0-snapshot.v20250514120037.js.br
- clerk-js/5.66.0-snapshot.v20250514120037/signup_clerk.browser_8c4cfc_5.66.0-snapshot.v20250514120037.js.gz
- clerk-js/5.66.0-snapshot.v20250514120037/signup_clerk.browser_8c4cfc_5.66.0-snapshot.v20250514120037.js.sri
- clerk-js/5.66.0-snapshot.v20250514120037/signup_clerk.browser_8c4cfc_5.66.0-snapshot.v20250514120037.min.js.br
- clerk-js/5.66.0-snapshot.v20250514120037/signup_clerk.browser_8c4cfc_5.66.0-snapshot.v20250514120037.min.js.gz
- clerk-js/5.66.0-snapshot.v20250514120037/signup_clerk.browser_8c4cfc_5.66.0-snapshot.v20250514120037.min.js.sri
- clerk-js/5.66.0-snapshot.v20250514120037/signup_clerk.chips.browser_f35ba1_5.66.0-snapshot.v20250514120037.js.br
- clerk-js/5.66.0-snapshot.v20250514120037/signup_clerk.chips.browser_f35ba1_5.66.0-snapshot.v20250514120037.js.gz
- clerk-js/5.66.0-snapshot.v20250514120037/signup_clerk.chips.browser_f35ba1_5.66.0-snapshot.v20250514120037.js.sri
- clerk-js/5.66.0-snapshot.v20250514120037/signup_clerk.chips.browser_f35ba1_5.66.0-snapshot.v20250514120037.min.js.br
- clerk-js/5.66.0-snapshot.v20250514120037/signup_clerk.chips.browser_f35ba1_5.66.0-snapshot.v20250514120037.min.js.gz
- clerk-js/5.66.0-snapshot.v20250514120037/signup_clerk.chips.browser_f35ba1_5.66.0-snapshot.v20250514120037.min.js.sri
- clerk-js/5.66.0-snapshot.v20250514120037/signup_clerk.legacy.browser_6aa9b0_5.66.0-snapshot.v20250514120037.js.br
- clerk-js/5.66.0-snapshot.v20250514120037/signup_clerk.legacy.browser_6aa9b0_5.66.0-snapshot.v20250514120037.js.gz
- clerk-js/5.66.0-snapshot.v20250514120037/signup_clerk.legacy.browser_6aa9b0_5.66.0-snapshot.v20250514120037.js.sri
- clerk-js/5.66.0-snapshot.v20250514120037/signup_clerk.legacy.browser_6aa9b0_5.66.0-snapshot.v20250514120037.min.js.br
- clerk-js/5.66.0-snapshot.v20250514120037/signup_clerk.legacy.browser_6aa9b0_5.66.0-snapshot.v20250514120037.min.js.gz
- clerk-js/5.66.0-snapshot.v20250514120037/signup_clerk.legacy.browser_6aa9b0_5.66.0-snapshot.v20250514120037.min.js.sri
- clerk-js/5.66.0-snapshot.v20250514120037/ui-common_clerk.browser_8c4cfc_5.66.0-snapshot.v20250514120037.js.br
- clerk-js/5.66.0-snapshot.v20250514120037/ui-common_clerk.browser_8c4cfc_5.66.0-snapshot.v20250514120037.js.gz
- clerk-js/5.66.0-snapshot.v20250514120037/ui-common_clerk.browser_8c4cfc_5.66.0-snapshot.v20250514120037.js.sri
- clerk-js/5.66.0-snapshot.v20250514120037/ui-common_clerk.browser_8c4cfc_5.66.0-snapshot.v20250514120037.min.js.br
- clerk-js/5.66.0-snapshot.v20250514120037/ui-common_clerk.browser_8c4cfc_5.66.0-snapshot.v20250514120037.min.js.gz
- clerk-js/5.66.0-snapshot.v20250514120037/ui-common_clerk.browser_8c4cfc_5.66.0-snapshot.v20250514120037.min.js.sri
- clerk-js/5.66.0-snapshot.v20250514120037/ui-common_clerk.chips.browser_f35ba1_5.66.0-snapshot.v20250514120037.js.br
- clerk-js/5.66.0-snapshot.v20250514120037/ui-common_clerk.chips.browser_f35ba1_5.66.0-snapshot.v20250514120037.js.gz
- clerk-js/5.66.0-snapshot.v20250514120037/ui-common_clerk.chips.browser_f35ba1_5.66.0-snapshot.v20250514120037.js.sri
- clerk-js/5.66.0-snapshot.v20250514120037/ui-common_clerk.chips.browser_f35ba1_5.66.0-snapshot.v20250514120037.min.js.br
- clerk-js/5.66.0-snapshot.v20250514120037/ui-common_clerk.chips.browser_f35ba1_5.66.0-snapshot.v20250514120037.min.js.gz
- clerk-js/5.66.0-snapshot.v20250514120037/ui-common_clerk.chips.browser_f35ba1_5.66.0-snapshot.v20250514120037.min.js.sri
- clerk-js/5.66.0-snapshot.v20250514120037/ui-common_clerk.legacy.browser_6aa9b0_5.66.0-snapshot.v20250514120037.js.br
- clerk-js/5.66.0-snapshot.v20250514120037/ui-common_clerk.legacy.browser_6aa9b0_5.66.0-snapshot.v20250514120037.js.gz
- clerk-js/5.66.0-snapshot.v20250514120037/ui-common_clerk.legacy.browser_6aa9b0_5.66.0-snapshot.v20250514120037.js.sri
- clerk-js/5.66.0-snapshot.v20250514120037/ui-common_clerk.legacy.browser_6aa9b0_5.66.0-snapshot.v20250514120037.min.js.br
- clerk-js/5.66.0-snapshot.v20250514120037/ui-common_clerk.legacy.browser_6aa9b0_5.66.0-snapshot.v20250514120037.min.js.gz
- clerk-js/5.66.0-snapshot.v20250514120037/ui-common_clerk.legacy.browser_6aa9b0_5.66.0-snapshot.v20250514120037.min.js.sri
- clerk-js/5.66.0-snapshot.v20250514120037/up-billing-page_clerk.browser_8c4cfc_5.66.0-snapshot.v20250514120037.js.br
- clerk-js/5.66.0-snapshot.v20250514120037/up-billing-page_clerk.browser_8c4cfc_5.66.0-snapshot.v20250514120037.js.gz
- clerk-js/5.66.0-snapshot.v20250514120037/up-billing-page_clerk.browser_8c4cfc_5.66.0-snapshot.v20250514120037.js.sri
- clerk-js/5.66.0-snapshot.v20250514120037/up-billing-page_clerk.browser_8c4cfc_5.66.0-snapshot.v20250514120037.min.js.br
- clerk-js/5.66.0-snapshot.v20250514120037/up-billing-page_clerk.browser_8c4cfc_5.66.0-snapshot.v20250514120037.min.js.gz
- clerk-js/5.66.0-snapshot.v20250514120037/up-billing-page_clerk.browser_8c4cfc_5.66.0-snapshot.v20250514120037.min.js.sri
- clerk-js/5.66.0-snapshot.v20250514120037/up-billing-page_clerk.chips.browser_f35ba1_5.66.0-snapshot.v20250514120037.js.br
- clerk-js/5.66.0-snapshot.v20250514120037/up-billing-page_clerk.chips.browser_f35ba1_5.66.0-snapshot.v20250514120037.js.gz
- clerk-js/5.66.0-snapshot.v20250514120037/up-billing-page_clerk.chips.browser_f35ba1_5.66.0-snapshot.v20250514120037.js.sri
- clerk-js/5.66.0-snapshot.v20250514120037/up-billing-page_clerk.chips.browser_f35ba1_5.66.0-snapshot.v20250514120037.min.js.br
- clerk-js/5.66.0-snapshot.v20250514120037/up-billing-page_clerk.chips.browser_f35ba1_5.66.0-snapshot.v20250514120037.min.js.gz
- clerk-js/5.66.0-snapshot.v20250514120037/up-billing-page_clerk.chips.browser_f35ba1_5.66.0-snapshot.v20250514120037.min.js.sri
- clerk-js/5.66.0-snapshot.v20250514120037/up-billing-page_clerk.legacy.browser_6aa9b0_5.66.0-snapshot.v20250514120037.js.br
- clerk-js/5.66.0-snapshot.v20250514120037/up-billing-page_clerk.legacy.browser_6aa9b0_5.66.0-snapshot.v20250514120037.js.gz
- clerk-js/5.66.0-snapshot.v20250514120037/up-billing-page_clerk.legacy.browser_6aa9b0_5.66.0-snapshot.v20250514120037.js.sri
- clerk-js/5.66.0-snapshot.v20250514120037/up-billing-page_clerk.legacy.browser_6aa9b0_5.66.0-snapshot.v20250514120037.min.js.br
- clerk-js/5.66.0-snapshot.v20250514120037/up-billing-page_clerk.legacy.browser_6aa9b0_5.66.0-snapshot.v20250514120037.min.js.gz
- clerk-js/5.66.0-snapshot.v20250514120037/up-billing-page_clerk.legacy.browser_6aa9b0_5.66.0-snapshot.v20250514120037.min.js.sri
- clerk-js/5.66.0-snapshot.v20250514120037/userbutton_clerk.browser_8c4cfc_5.66.0-snapshot.v20250514120037.js.br
- clerk-js/5.66.0-snapshot.v20250514120037/userbutton_clerk.browser_8c4cfc_5.66.0-snapshot.v20250514120037.js.gz
- clerk-js/5.66.0-snapshot.v20250514120037/userbutton_clerk.browser_8c4cfc_5.66.0-snapshot.v20250514120037.js.sri
- clerk-js/5.66.0-snapshot.v20250514120037/userbutton_clerk.browser_8c4cfc_5.66.0-snapshot.v20250514120037.min.js.br
- clerk-js/5.66.0-snapshot.v20250514120037/userbutton_clerk.browser_8c4cfc_5.66.0-snapshot.v20250514120037.min.js.gz
- clerk-js/5.66.0-snapshot.v20250514120037/userbutton_clerk.browser_8c4cfc_5.66.0-snapshot.v20250514120037.min.js.sri
- clerk-js/5.66.0-snapshot.v20250514120037/userbutton_clerk.chips.browser_f35ba1_5.66.0-snapshot.v20250514120037.js.br
- clerk-js/5.66.0-snapshot.v20250514120037/userbutton_clerk.chips.browser_f35ba1_5.66.0-snapshot.v20250514120037.js.gz
- clerk-js/5.66.0-snapshot.v20250514120037/userbutton_clerk.chips.browser_f35ba1_5.66.0-snapshot.v20250514120037.js.sri
- clerk-js/5.66.0-snapshot.v20250514120037/userbutton_clerk.chips.browser_f35ba1_5.66.0-snapshot.v20250514120037.min.js.br
- clerk-js/5.66.0-snapshot.v20250514120037/userbutton_clerk.chips.browser_f35ba1_5.66.0-snapshot.v20250514120037.min.js.gz
- clerk-js/5.66.0-snapshot.v20250514120037/userbutton_clerk.chips.browser_f35ba1_5.66.0-snapshot.v20250514120037.min.js.sri
- clerk-js/5.66.0-snapshot.v20250514120037/userbutton_clerk.legacy.browser_6aa9b0_5.66.0-snapshot.v20250514120037.js.br
- clerk-js/5.66.0-snapshot.v20250514120037/userbutton_clerk.legacy.browser_6aa9b0_5.66.0-snapshot.v20250514120037.js.gz
- clerk-js/5.66.0-snapshot.v20250514120037/userbutton_clerk.legacy.browser_6aa9b0_5.66.0-snapshot.v20250514120037.js.sri
- clerk-js/5.66.0-snapshot.v20250514120037/userbutton_clerk.legacy.browser_6aa9b0_5.66.0-snapshot.v20250514120037.min.js.br
- clerk-js/5.66.0-snapshot.v20250514120037/userbutton_clerk.legacy.browser_6aa9b0_5.66.0-snapshot.v20250514120037.min.js.gz
- clerk-js/5.66.0-snapshot.v20250514120037/userbutton_clerk.legacy.browser_6aa9b0_5.66.0-snapshot.v20250514120037.min.js.sri
- clerk-js/5.66.0-snapshot.v20250514120037/userprofile_clerk.browser_8c4cfc_5.66.0-snapshot.v20250514120037.js.br
- clerk-js/5.66.0-snapshot.v20250514120037/userprofile_clerk.browser_8c4cfc_5.66.0-snapshot.v20250514120037.js.gz
- clerk-js/5.66.0-snapshot.v20250514120037/userprofile_clerk.browser_8c4cfc_5.66.0-snapshot.v20250514120037.js.sri
- clerk-js/5.66.0-snapshot.v20250514120037/userprofile_clerk.browser_8c4cfc_5.66.0-snapshot.v20250514120037.min.js.br
- clerk-js/5.66.0-snapshot.v20250514120037/userprofile_clerk.browser_8c4cfc_5.66.0-snapshot.v20250514120037.min.js.gz
- clerk-js/5.66.0-snapshot.v20250514120037/userprofile_clerk.browser_8c4cfc_5.66.0-snapshot.v20250514120037.min.js.sri
- clerk-js/5.66.0-snapshot.v20250514120037/userprofile_clerk.chips.browser_f35ba1_5.66.0-snapshot.v20250514120037.js.br
- clerk-js/5.66.0-snapshot.v20250514120037/userprofile_clerk.chips.browser_f35ba1_5.66.0-snapshot.v20250514120037.js.gz
- clerk-js/5.66.0-snapshot.v20250514120037/userprofile_clerk.chips.browser_f35ba1_5.66.0-snapshot.v20250514120037.js.sri
- clerk-js/5.66.0-snapshot.v20250514120037/userprofile_clerk.chips.browser_f35ba1_5.66.0-snapshot.v20250514120037.min.js.br
- clerk-js/5.66.0-snapshot.v20250514120037/userprofile_clerk.chips.browser_f35ba1_5.66.0-snapshot.v20250514120037.min.js.gz
- clerk-js/5.66.0-snapshot.v20250514120037/userprofile_clerk.chips.browser_f35ba1_5.66.0-snapshot.v20250514120037.min.js.sri
- clerk-js/5.66.0-snapshot.v20250514120037/userprofile_clerk.legacy.browser_6aa9b0_5.66.0-snapshot.v20250514120037.js.br
- clerk-js/5.66.0-snapshot.v20250514120037/userprofile_clerk.legacy.browser_6aa9b0_5.66.0-snapshot.v20250514120037.js.gz
- clerk-js/5.66.0-snapshot.v20250514120037/userprofile_clerk.legacy.browser_6aa9b0_5.66.0-snapshot.v20250514120037.js.sri
- clerk-js/5.66.0-snapshot.v20250514120037/userprofile_clerk.legacy.browser_6aa9b0_5.66.0-snapshot.v20250514120037.min.js.br
- clerk-js/5.66.0-snapshot.v20250514120037/userprofile_clerk.legacy.browser_6aa9b0_5.66.0-snapshot.v20250514120037.min.js.gz
- clerk-js/5.66.0-snapshot.v20250514120037/userprofile_clerk.legacy.browser_6aa9b0_5.66.0-snapshot.v20250514120037.min.js.sri
- clerk-js/5.66.0-snapshot.v20250514120037/userverification_clerk.browser_8c4cfc_5.66.0-snapshot.v20250514120037.js.br
- clerk-js/5.66.0-snapshot.v20250514120037/userverification_clerk.browser_8c4cfc_5.66.0-snapshot.v20250514120037.js.gz
- clerk-js/5.66.0-snapshot.v20250514120037/userverification_clerk.browser_8c4cfc_5.66.0-snapshot.v20250514120037.js.sri
- clerk-js/5.66.0-snapshot.v20250514120037/userverification_clerk.browser_8c4cfc_5.66.0-snapshot.v20250514120037.min.js.br
- clerk-js/5.66.0-snapshot.v20250514120037/userverification_clerk.browser_8c4cfc_5.66.0-snapshot.v20250514120037.min.js.gz
- clerk-js/5.66.0-snapshot.v20250514120037/userverification_clerk.browser_8c4cfc_5.66.0-snapshot.v20250514120037.min.js.sri
- clerk-js/5.66.0-snapshot.v20250514120037/userverification_clerk.chips.browser_f35ba1_5.66.0-snapshot.v20250514120037.js.br
- clerk-js/5.66.0-snapshot.v20250514120037/userverification_clerk.chips.browser_f35ba1_5.66.0-snapshot.v20250514120037.js.gz
- clerk-js/5.66.0-snapshot.v20250514120037/userverification_clerk.chips.browser_f35ba1_5.66.0-snapshot.v20250514120037.js.sri
- clerk-js/5.66.0-snapshot.v20250514120037/userverification_clerk.chips.browser_f35ba1_5.66.0-snapshot.v20250514120037.min.js.br
- clerk-js/5.66.0-snapshot.v20250514120037/userverification_clerk.chips.browser_f35ba1_5.66.0-snapshot.v20250514120037.min.js.gz
- clerk-js/5.66.0-snapshot.v20250514120037/userverification_clerk.chips.browser_f35ba1_5.66.0-snapshot.v20250514120037.min.js.sri
- clerk-js/5.66.0-snapshot.v20250514120037/userverification_clerk.legacy.browser_6aa9b0_5.66.0-snapshot.v20250514120037.js.br
- clerk-js/5.66.0-snapshot.v20250514120037/userverification_clerk.legacy.browser_6aa9b0_5.66.0-snapshot.v20250514120037.js.gz
- clerk-js/5.66.0-snapshot.v20250514120037/userverification_clerk.legacy.browser_6aa9b0_5.66.0-snapshot.v20250514120037.js.sri
- clerk-js/5.66.0-snapshot.v20250514120037/userverification_clerk.legacy.browser_6aa9b0_5.66.0-snapshot.v20250514120037.min.js.br
- clerk-js/5.66.0-snapshot.v20250514120037/userverification_clerk.legacy.browser_6aa9b0_5.66.0-snapshot.v20250514120037.min.js.gz
- clerk-js/5.66.0-snapshot.v20250514120037/userverification_clerk.legacy.browser_6aa9b0_5.66.0-snapshot.v20250514120037.min.js.sri
- clerk-js/5.66.0-snapshot.v20250514120037/vendors_clerk.browser_8c4cfc_5.66.0-snapshot.v20250514120037.js.br
- clerk-js/5.66.0-snapshot.v20250514120037/vendors_clerk.browser_8c4cfc_5.66.0-snapshot.v20250514120037.js.gz
- clerk-js/5.66.0-snapshot.v20250514120037/vendors_clerk.browser_8c4cfc_5.66.0-snapshot.v20250514120037.js.sri
- clerk-js/5.66.0-snapshot.v20250514120037/vendors_clerk.browser_8c4cfc_5.66.0-snapshot.v20250514120037.min.js.br
- clerk-js/5.66.0-snapshot.v20250514120037/vendors_clerk.browser_8c4cfc_5.66.0-snapshot.v20250514120037.min.js.gz
- clerk-js/5.66.0-snapshot.v20250514120037/vendors_clerk.browser_8c4cfc_5.66.0-snapshot.v20250514120037.min.js.sri
- clerk-js/5.66.0-snapshot.v20250514120037/vendors_clerk.chips.browser_f35ba1_5.66.0-snapshot.v20250514120037.js.br
- clerk-js/5.66.0-snapshot.v20250514120037/vendors_clerk.chips.browser_f35ba1_5.66.0-snapshot.v20250514120037.js.gz
- clerk-js/5.66.0-snapshot.v20250514120037/vendors_clerk.chips.browser_f35ba1_5.66.0-snapshot.v20250514120037.js.sri
- clerk-js/5.66.0-snapshot.v20250514120037/vendors_clerk.chips.browser_f35ba1_5.66.0-snapshot.v20250514120037.min.js.br
- clerk-js/5.66.0-snapshot.v20250514120037/vendors_clerk.chips.browser_f35ba1_5.66.0-snapshot.v20250514120037.min.js.gz
- clerk-js/5.66.0-snapshot.v20250514120037/vendors_clerk.chips.browser_f35ba1_5.66.0-snapshot.v20250514120037.min.js.sri
- clerk-js/5.66.0-snapshot.v20250514120037/vendors_clerk.headless.browser_20c800_5.66.0-snapshot.v20250514120037.js.br
- clerk-js/5.66.0-snapshot.v20250514120037/vendors_clerk.headless.browser_20c800_5.66.0-snapshot.v20250514120037.js.gz
- clerk-js/5.66.0-snapshot.v20250514120037/vendors_clerk.headless.browser_20c800_5.66.0-snapshot.v20250514120037.js.sri
- clerk-js/5.66.0-snapshot.v20250514120037/vendors_clerk.headless.browser_20c800_5.66.0-snapshot.v20250514120037.min.js.br
- clerk-js/5.66.0-snapshot.v20250514120037/vendors_clerk.headless.browser_20c800_5.66.0-snapshot.v20250514120037.min.js.gz
- clerk-js/5.66.0-snapshot.v20250514120037/vendors_clerk.headless.browser_20c800_5.66.0-snapshot.v20250514120037.min.js.sri
- clerk-js/5.66.0-snapshot.v20250514120037/vendors_clerk.legacy.browser_6aa9b0_5.66.0-snapshot.v20250514120037.js.br
- clerk-js/5.66.0-snapshot.v20250514120037/vendors_clerk.legacy.browser_6aa9b0_5.66.0-snapshot.v20250514120037.js.gz
- clerk-js/5.66.0-snapshot.v20250514120037/vendors_clerk.legacy.browser_6aa9b0_5.66.0-snapshot.v20250514120037.js.sri
- clerk-js/5.66.0-snapshot.v20250514120037/vendors_clerk.legacy.browser_6aa9b0_5.66.0-snapshot.v20250514120037.min.js.br
- clerk-js/5.66.0-snapshot.v20250514120037/vendors_clerk.legacy.browser_6aa9b0_5.66.0-snapshot.v20250514120037.min.js.gz
- clerk-js/5.66.0-snapshot.v20250514120037/vendors_clerk.legacy.browser_6aa9b0_5.66.0-snapshot.v20250514120037.min.js.sri
- clerk-js/5.66.0-snapshot.v20250514120037/waitlist_clerk.browser_8c4cfc_5.66.0-snapshot.v20250514120037.js.br
- clerk-js/5.66.0-snapshot.v20250514120037/waitlist_clerk.browser_8c4cfc_5.66.0-snapshot.v20250514120037.js.gz
- clerk-js/5.66.0-snapshot.v20250514120037/waitlist_clerk.browser_8c4cfc_5.66.0-snapshot.v20250514120037.js.sri
- clerk-js/5.66.0-snapshot.v20250514120037/waitlist_clerk.browser_8c4cfc_5.66.0-snapshot.v20250514120037.min.js.br
- clerk-js/5.66.0-snapshot.v20250514120037/waitlist_clerk.browser_8c4cfc_5.66.0-snapshot.v20250514120037.min.js.gz
- clerk-js/5.66.0-snapshot.v20250514120037/waitlist_clerk.browser_8c4cfc_5.66.0-snapshot.v20250514120037.min.js.sri
- clerk-js/5.66.0-snapshot.v20250514120037/waitlist_clerk.chips.browser_f35ba1_5.66.0-snapshot.v20250514120037.js.br
- clerk-js/5.66.0-snapshot.v20250514120037/waitlist_clerk.chips.browser_f35ba1_5.66.0-snapshot.v20250514120037.js.gz
- clerk-js/5.66.0-snapshot.v20250514120037/waitlist_clerk.chips.browser_f35ba1_5.66.0-snapshot.v20250514120037.js.sri
- clerk-js/5.66.0-snapshot.v20250514120037/waitlist_clerk.chips.browser_f35ba1_5.66.0-snapshot.v20250514120037.min.js.br
- clerk-js/5.66.0-snapshot.v20250514120037/waitlist_clerk.chips.browser_f35ba1_5.66.0-snapshot.v20250514120037.min.js.gz
- clerk-js/5.66.0-snapshot.v20250514120037/waitlist_clerk.chips.browser_f35ba1_5.66.0-snapshot.v20250514120037.min.js.sri
- clerk-js/5.66.0-snapshot.v20250514120037/waitlist_clerk.legacy.browser_6aa9b0_5.66.0-snapshot.v20250514120037.js.br
- clerk-js/5.66.0-snapshot.v20250514120037/waitlist_clerk.legacy.browser_6aa9b0_5.66.0-snapshot.v20250514120037.js.gz
- clerk-js/5.66.0-snapshot.v20250514120037/waitlist_clerk.legacy.browser_6aa9b0_5.66.0-snapshot.v20250514120037.js.sri
- clerk-js/5.66.0-snapshot.v20250514120037/waitlist_clerk.legacy.browser_6aa9b0_5.66.0-snapshot.v20250514120037.min.js.br
- clerk-js/5.66.0-snapshot.v20250514120037/waitlist_clerk.legacy.browser_6aa9b0_5.66.0-snapshot.v20250514120037.min.js.gz
- clerk-js/5.66.0-snapshot.v20250514120037/waitlist_clerk.legacy.browser_6aa9b0_5.66.0-snapshot.v20250514120037.min.js.sri
- clerk-js/5.66.0-snapshot.v20250514120037/zxcvbn-common_clerk.browser_8c4cfc_5.66.0-snapshot.v20250514120037.js.br
- clerk-js/5.66.0-snapshot.v20250514120037/zxcvbn-common_clerk.browser_8c4cfc_5.66.0-snapshot.v20250514120037.js.gz
- clerk-js/5.66.0-snapshot.v20250514120037/zxcvbn-common_clerk.browser_8c4cfc_5.66.0-snapshot.v20250514120037.js.sri
- clerk-js/5.66.0-snapshot.v20250514120037/zxcvbn-common_clerk.browser_8c4cfc_5.66.0-snapshot.v20250514120037.min.js.br
- clerk-js/5.66.0-snapshot.v20250514120037/zxcvbn-common_clerk.browser_8c4cfc_5.66.0-snapshot.v20250514120037.min.js.gz
- clerk-js/5.66.0-snapshot.v20250514120037/zxcvbn-common_clerk.browser_8c4cfc_5.66.0-snapshot.v20250514120037.min.js.sri
- clerk-js/5.66.0-snapshot.v20250514120037/zxcvbn-common_clerk.chips.browser_f35ba1_5.66.0-snapshot.v20250514120037.js.br
- clerk-js/5.66.0-snapshot.v20250514120037/zxcvbn-common_clerk.chips.browser_f35ba1_5.66.0-snapshot.v20250514120037.js.gz
- clerk-js/5.66.0-snapshot.v20250514120037/zxcvbn-common_clerk.chips.browser_f35ba1_5.66.0-snapshot.v20250514120037.js.sri
- clerk-js/5.66.0-snapshot.v20250514120037/zxcvbn-common_clerk.chips.browser_f35ba1_5.66.0-snapshot.v20250514120037.min.js.br
- clerk-js/5.66.0-snapshot.v20250514120037/zxcvbn-common_clerk.chips.browser_f35ba1_5.66.0-snapshot.v20250514120037.min.js.gz
- clerk-js/5.66.0-snapshot.v20250514120037/zxcvbn-common_clerk.chips.browser_f35ba1_5.66.0-snapshot.v20250514120037.min.js.sri
- clerk-js/5.66.0-snapshot.v20250514120037/zxcvbn-common_clerk.headless.browser_20c800_5.66.0-snapshot.v20250514120037.js.br
- clerk-js/5.66.0-snapshot.v20250514120037/zxcvbn-common_clerk.headless.browser_20c800_5.66.0-snapshot.v20250514120037.js.gz
- clerk-js/5.66.0-snapshot.v20250514120037/zxcvbn-common_clerk.headless.browser_20c800_5.66.0-snapshot.v20250514120037.js.sri
- clerk-js/5.66.0-snapshot.v20250514120037/zxcvbn-common_clerk.headless.browser_20c800_5.66.0-snapshot.v20250514120037.min.js.br
- clerk-js/5.66.0-snapshot.v20250514120037/zxcvbn-common_clerk.headless.browser_20c800_5.66.0-snapshot.v20250514120037.min.js.gz
- clerk-js/5.66.0-snapshot.v20250514120037/zxcvbn-common_clerk.headless.browser_20c800_5.66.0-snapshot.v20250514120037.min.js.sri
- clerk-js/5.66.0-snapshot.v20250514120037/zxcvbn-common_clerk.legacy.browser_6aa9b0_5.66.0-snapshot.v20250514120037.js.br
- clerk-js/5.66.0-snapshot.v20250514120037/zxcvbn-common_clerk.legacy.browser_6aa9b0_5.66.0-snapshot.v20250514120037.js.gz
- clerk-js/5.66.0-snapshot.v20250514120037/zxcvbn-common_clerk.legacy.browser_6aa9b0_5.66.0-snapshot.v20250514120037.js.sri
- clerk-js/5.66.0-snapshot.v20250514120037/zxcvbn-common_clerk.legacy.browser_6aa9b0_5.66.0-snapshot.v20250514120037.min.js.br
- clerk-js/5.66.0-snapshot.v20250514120037/zxcvbn-common_clerk.legacy.browser_6aa9b0_5.66.0-snapshot.v20250514120037.min.js.gz
- clerk-js/5.66.0-snapshot.v20250514120037/zxcvbn-common_clerk.legacy.browser_6aa9b0_5.66.0-snapshot.v20250514120037.min.js.sri
- clerk-js/5.66.0-snapshot.v20250514120037/zxcvbn-ts-core_clerk.browser_8c4cfc_5.66.0-snapshot.v20250514120037.js.br
- clerk-js/5.66.0-snapshot.v20250514120037/zxcvbn-ts-core_clerk.browser_8c4cfc_5.66.0-snapshot.v20250514120037.js.gz
- clerk-js/5.66.0-snapshot.v20250514120037/zxcvbn-ts-core_clerk.browser_8c4cfc_5.66.0-snapshot.v20250514120037.js.sri
- clerk-js/5.66.0-snapshot.v20250514120037/zxcvbn-ts-core_clerk.browser_8c4cfc_5.66.0-snapshot.v20250514120037.min.js.br
- clerk-js/5.66.0-snapshot.v20250514120037/zxcvbn-ts-core_clerk.browser_8c4cfc_5.66.0-snapshot.v20250514120037.min.js.gz
- clerk-js/5.66.0-snapshot.v20250514120037/zxcvbn-ts-core_clerk.browser_8c4cfc_5.66.0-snapshot.v20250514120037.min.js.sri
- clerk-js/5.66.0-snapshot.v20250514120037/zxcvbn-ts-core_clerk.chips.browser_f35ba1_5.66.0-snapshot.v20250514120037.js.br
- clerk-js/5.66.0-snapshot.v20250514120037/zxcvbn-ts-core_clerk.chips.browser_f35ba1_5.66.0-snapshot.v20250514120037.js.gz
- clerk-js/5.66.0-snapshot.v20250514120037/zxcvbn-ts-core_clerk.chips.browser_f35ba1_5.66.0-snapshot.v20250514120037.js.sri
- clerk-js/5.66.0-snapshot.v20250514120037/zxcvbn-ts-core_clerk.chips.browser_f35ba1_5.66.0-snapshot.v20250514120037.min.js.br
- clerk-js/5.66.0-snapshot.v20250514120037/zxcvbn-ts-core_clerk.chips.browser_f35ba1_5.66.0-snapshot.v20250514120037.min.js.gz
- clerk-js/5.66.0-snapshot.v20250514120037/zxcvbn-ts-core_clerk.chips.browser_f35ba1_5.66.0-snapshot.v20250514120037.min.js.sri
- clerk-js/5.66.0-snapshot.v20250514120037/zxcvbn-ts-core_clerk.headless.browser_20c800_5.66.0-snapshot.v20250514120037.js.br
- clerk-js/5.66.0-snapshot.v20250514120037/zxcvbn-ts-core_clerk.headless.browser_20c800_5.66.0-snapshot.v20250514120037.js.gz
- clerk-js/5.66.0-snapshot.v20250514120037/zxcvbn-ts-core_clerk.headless.browser_20c800_5.66.0-snapshot.v20250514120037.js.sri
- clerk-js/5.66.0-snapshot.v20250514120037/zxcvbn-ts-core_clerk.headless.browser_20c800_5.66.0-snapshot.v20250514120037.min.js.br
- clerk-js/5.66.0-snapshot.v20250514120037/zxcvbn-ts-core_clerk.headless.browser_20c800_5.66.0-snapshot.v20250514120037.min.js.gz
- clerk-js/5.66.0-snapshot.v20250514120037/zxcvbn-ts-core_clerk.headless.browser_20c800_5.66.0-snapshot.v20250514120037.min.js.sri
- clerk-js/5.66.0-snapshot.v20250514120037/zxcvbn-ts-core_clerk.legacy.browser_6aa9b0_5.66.0-snapshot.v20250514120037.js.br
- clerk-js/5.66.0-snapshot.v20250514120037/zxcvbn-ts-core_clerk.legacy.browser_6aa9b0_5.66.0-snapshot.v20250514120037.js.gz
- clerk-js/5.66.0-snapshot.v20250514120037/zxcvbn-ts-core_clerk.legacy.browser_6aa9b0_5.66.0-snapshot.v20250514120037.js.sri
- clerk-js/5.66.0-snapshot.v20250514120037/zxcvbn-ts-core_clerk.legacy.browser_6aa9b0_5.66.0-snapshot.v20250514120037.min.js.br
- clerk-js/5.66.0-snapshot.v20250514120037/zxcvbn-ts-core_clerk.legacy.browser_6aa9b0_5.66.0-snapshot.v20250514120037.min.js.gz
- clerk-js/5.66.0-snapshot.v20250514120037/zxcvbn-ts-core_clerk.legacy.browser_6aa9b0_5.66.0-snapshot.v20250514120037.min.js.sri
