2025/06/18 23:35:54 optimizing files (Js true, Css true, Png true, Jpg true)
2025/06/18 23:35:54 algorithm: run /usr/bin/brotli --quality=11 --output=/output/633ecaa96f8f101b467d.wasm.br /tmp/work/633ecaa96f8f101b467d.wasm
2025/06/18 23:35:54 algorithm: run /usr/bin/brotli --quality=11 --output=/output/20ea707fc2774f75f308.wasm.br /tmp/work/20ea707fc2774f75f308.wasm
2025/06/18 23:35:54 compress: run /node_modules/uglify-js/bin/uglifyjs (3.15.4) [--mangle --compress if_return=true -o /tmp/work/core.ruffle.ea72a1b0ea04de9f53d9.min.js /tmp/work/core.ruffle.ea72a1b0ea04de9f53d9.js]
2025/06/18 23:35:54 compress: run /node_modules/uglify-js/bin/uglifyjs (3.15.4) [--mangle --compress if_return=true -o /tmp/work/core.ruffle.2dd23f91581a0dce3803.min.js /tmp/work/core.ruffle.2dd23f91581a0dce3803.js]
2025/06/18 23:35:54 compress: run /node_modules/uglify-js/bin/uglifyjs (3.15.4) [--mangle --compress if_return=true -o /tmp/work/ruffle.min.js /tmp/work/ruffle.js]
2025/06/18 23:35:58 sri /tmp/work/ruffle.min.js -> /output/ruffle.min.js.sri
2025/06/18 23:35:58 algorithm: run /usr/bin/brotli --quality=11 --output=/output/ruffle.min.js.br /tmp/work/ruffle.min.js
2025/06/18 23:35:59 sri /tmp/work/core.ruffle.ea72a1b0ea04de9f53d9.min.js -> /output/core.ruffle.ea72a1b0ea04de9f53d9.min.js.sri
2025/06/18 23:35:59 algorithm: run /usr/bin/brotli --quality=11 --output=/output/core.ruffle.ea72a1b0ea04de9f53d9.min.js.br /tmp/work/core.ruffle.ea72a1b0ea04de9f53d9.min.js
2025/06/18 23:35:59 br /tmp/work/core.ruffle.ea72a1b0ea04de9f53d9.min.js -> /output/core.ruffle.ea72a1b0ea04de9f53d9.min.js.br
2025/06/18 23:35:59 gz /tmp/work/core.ruffle.ea72a1b0ea04de9f53d9.min.js -> /output/core.ruffle.ea72a1b0ea04de9f53d9.min.js.gz
2025/06/18 23:35:59 sri /tmp/work/core.ruffle.ea72a1b0ea04de9f53d9.js -> /output/core.ruffle.ea72a1b0ea04de9f53d9.js.sri
2025/06/18 23:35:59 algorithm: run /usr/bin/brotli --quality=11 --output=/output/core.ruffle.ea72a1b0ea04de9f53d9.js.br /tmp/work/core.ruffle.ea72a1b0ea04de9f53d9.js
2025/06/18 23:35:59 br /tmp/work/ruffle.min.js -> /output/ruffle.min.js.br
2025/06/18 23:35:59 gz /tmp/work/ruffle.min.js -> /output/ruffle.min.js.gz
2025/06/18 23:35:59 sri /tmp/work/ruffle.js -> /output/ruffle.js.sri
2025/06/18 23:35:59 algorithm: run /usr/bin/brotli --quality=11 --output=/output/ruffle.js.br /tmp/work/ruffle.js
2025/06/18 23:36:00 br /tmp/work/core.ruffle.ea72a1b0ea04de9f53d9.js -> /output/core.ruffle.ea72a1b0ea04de9f53d9.js.br
2025/06/18 23:36:00 gz /tmp/work/core.ruffle.ea72a1b0ea04de9f53d9.js -> /output/core.ruffle.ea72a1b0ea04de9f53d9.js.gz
2025/06/18 23:36:00 br /tmp/work/ruffle.js -> /output/ruffle.js.br
2025/06/18 23:36:00 sri /tmp/work/core.ruffle.2dd23f91581a0dce3803.min.js -> /output/core.ruffle.2dd23f91581a0dce3803.min.js.sri
2025/06/18 23:36:00 algorithm: run /usr/bin/brotli --quality=11 --output=/output/core.ruffle.2dd23f91581a0dce3803.min.js.br /tmp/work/core.ruffle.2dd23f91581a0dce3803.min.js
2025/06/18 23:36:01 gz /tmp/work/ruffle.js -> /output/ruffle.js.gz
2025/06/18 23:36:01 br /tmp/work/core.ruffle.2dd23f91581a0dce3803.min.js -> /output/core.ruffle.2dd23f91581a0dce3803.min.js.br
2025/06/18 23:36:01 gz /tmp/work/core.ruffle.2dd23f91581a0dce3803.min.js -> /output/core.ruffle.2dd23f91581a0dce3803.min.js.gz
2025/06/18 23:36:01 sri /tmp/work/core.ruffle.2dd23f91581a0dce3803.js -> /output/core.ruffle.2dd23f91581a0dce3803.js.sri
2025/06/18 23:36:01 algorithm: run /usr/bin/brotli --quality=11 --output=/output/core.ruffle.2dd23f91581a0dce3803.js.br /tmp/work/core.ruffle.2dd23f91581a0dce3803.js
2025/06/18 23:36:01 br /tmp/work/core.ruffle.2dd23f91581a0dce3803.js -> /output/core.ruffle.2dd23f91581a0dce3803.js.br
2025/06/18 23:36:01 gz /tmp/work/core.ruffle.2dd23f91581a0dce3803.js -> /output/core.ruffle.2dd23f91581a0dce3803.js.gz
2025/06/18 23:37:04 br /tmp/work/633ecaa96f8f101b467d.wasm -> /output/633ecaa96f8f101b467d.wasm.br
2025/06/18 23:37:05 gz /tmp/work/633ecaa96f8f101b467d.wasm -> /output/633ecaa96f8f101b467d.wasm.gz
2025/06/18 23:37:06 br /tmp/work/20ea707fc2774f75f308.wasm -> /output/20ea707fc2774f75f308.wasm.br
2025/06/18 23:37:07 gz /tmp/work/20ea707fc2774f75f308.wasm -> /output/20ea707fc2774f75f308.wasm.gz
2025/06/18 23:37:07 processed ruffle-rs
