config: {"authors":[{"name":"Pavel Reznikov","email":"pashka.reznikov@gmail.com"}],"autoupdate":{"source":"npm","target":"gridstack","fileMap":[{"basePath":"dist","files":["*.@(js|css|d.ts)"]}]},"description":"gridstack.js is a jQuery plugin for widget layout","filename":"gridstack.min.js","keywords":["grid","jQuery","widgets","layout"],"license":"MIT","name":"gridstack.js","repository":{"type":"git","url":"https://github.com/troolee/gridstack.js.git"},"author":"Pavel Reznikov \u003cpashka.reznikov@gmail.com\u003e"}
KV keys:
- gridstack.js/11.1.2/dd-base-impl.d.ts.br
- gridstack.js/11.1.2/dd-base-impl.d.ts.gz
- gridstack.js/11.1.2/dd-base-impl.js.br
- gridstack.js/11.1.2/dd-base-impl.js.gz
- gridstack.js/11.1.2/dd-base-impl.min.js.br
- gridstack.js/11.1.2/dd-base-impl.min.js.gz
- gridstack.js/11.1.2/dd-draggable.d.ts.br
- gridstack.js/11.1.2/dd-draggable.d.ts.gz
- gridstack.js/11.1.2/dd-draggable.js.br
- gridstack.js/11.1.2/dd-draggable.js.gz
- gridstack.js/11.1.2/dd-draggable.min.js.br
- gridstack.js/11.1.2/dd-draggable.min.js.gz
- gridstack.js/11.1.2/dd-droppable.d.ts.br
- gridstack.js/11.1.2/dd-droppable.d.ts.gz
- gridstack.js/11.1.2/dd-droppable.js.br
- gridstack.js/11.1.2/dd-droppable.js.gz
- gridstack.js/11.1.2/dd-droppable.min.js.br
- gridstack.js/11.1.2/dd-droppable.min.js.gz
- gridstack.js/11.1.2/dd-element.d.ts.br
- gridstack.js/11.1.2/dd-element.d.ts.gz
- gridstack.js/11.1.2/dd-element.js.br
- gridstack.js/11.1.2/dd-element.js.gz
- gridstack.js/11.1.2/dd-element.min.js.br
- gridstack.js/11.1.2/dd-element.min.js.gz
- gridstack.js/11.1.2/dd-gridstack.d.ts.br
- gridstack.js/11.1.2/dd-gridstack.d.ts.gz
- gridstack.js/11.1.2/dd-gridstack.js.br
- gridstack.js/11.1.2/dd-gridstack.js.gz
- gridstack.js/11.1.2/dd-gridstack.min.js.br
- gridstack.js/11.1.2/dd-gridstack.min.js.gz
- gridstack.js/11.1.2/dd-manager.d.ts.br
- gridstack.js/11.1.2/dd-manager.d.ts.gz
- gridstack.js/11.1.2/dd-manager.js.br
- gridstack.js/11.1.2/dd-manager.js.gz
- gridstack.js/11.1.2/dd-manager.min.js.br
- gridstack.js/11.1.2/dd-manager.min.js.gz
- gridstack.js/11.1.2/dd-resizable-handle.d.ts.br
- gridstack.js/11.1.2/dd-resizable-handle.d.ts.gz
- gridstack.js/11.1.2/dd-resizable-handle.js.br
- gridstack.js/11.1.2/dd-resizable-handle.js.gz
- gridstack.js/11.1.2/dd-resizable-handle.min.js.br
- gridstack.js/11.1.2/dd-resizable-handle.min.js.gz
- gridstack.js/11.1.2/dd-resizable.d.ts.br
- gridstack.js/11.1.2/dd-resizable.d.ts.gz
- gridstack.js/11.1.2/dd-resizable.js.br
- gridstack.js/11.1.2/dd-resizable.js.gz
- gridstack.js/11.1.2/dd-resizable.min.js.br
- gridstack.js/11.1.2/dd-resizable.min.js.gz
- gridstack.js/11.1.2/dd-touch.d.ts.br
- gridstack.js/11.1.2/dd-touch.d.ts.gz
- gridstack.js/11.1.2/dd-touch.js.br
- gridstack.js/11.1.2/dd-touch.js.gz
- gridstack.js/11.1.2/dd-touch.min.js.br
- gridstack.js/11.1.2/dd-touch.min.js.gz
- gridstack.js/11.1.2/gridstack-all.js.br
- gridstack.js/11.1.2/gridstack-all.js.gz
- gridstack.js/11.1.2/gridstack-all.min.js.br
- gridstack.js/11.1.2/gridstack-all.min.js.gz
- gridstack.js/11.1.2/gridstack-engine.d.ts.br
- gridstack.js/11.1.2/gridstack-engine.d.ts.gz
- gridstack.js/11.1.2/gridstack-engine.js.br
- gridstack.js/11.1.2/gridstack-engine.js.gz
- gridstack.js/11.1.2/gridstack-engine.min.js.br
- gridstack.js/11.1.2/gridstack-engine.min.js.gz
- gridstack.js/11.1.2/gridstack-extra.css.br
- gridstack.js/11.1.2/gridstack-extra.css.gz
- gridstack.js/11.1.2/gridstack-extra.min.css.br
- gridstack.js/11.1.2/gridstack-extra.min.css.gz
- gridstack.js/11.1.2/gridstack.css.br
- gridstack.js/11.1.2/gridstack.css.gz
- gridstack.js/11.1.2/gridstack.d.ts.br
- gridstack.js/11.1.2/gridstack.d.ts.gz
- gridstack.js/11.1.2/gridstack.js.br
- gridstack.js/11.1.2/gridstack.js.gz
- gridstack.js/11.1.2/gridstack.min.css.br
- gridstack.js/11.1.2/gridstack.min.css.gz
- gridstack.js/11.1.2/gridstack.min.js.br
- gridstack.js/11.1.2/gridstack.min.js.gz
- gridstack.js/11.1.2/types.d.ts.br
- gridstack.js/11.1.2/types.d.ts.gz
- gridstack.js/11.1.2/types.js.br
- gridstack.js/11.1.2/types.js.gz
- gridstack.js/11.1.2/types.min.js.br
- gridstack.js/11.1.2/types.min.js.gz
- gridstack.js/11.1.2/utils.d.ts.br
- gridstack.js/11.1.2/utils.d.ts.gz
- gridstack.js/11.1.2/utils.js.br
- gridstack.js/11.1.2/utils.js.gz
- gridstack.js/11.1.2/utils.min.js.br
- gridstack.js/11.1.2/utils.min.js.gz
SRIs:
- gridstack.js/11.1.2/dd-droppable.min.js: sha512-RLtFXOF2waQB2zJklHQMYIbcpeKbD4VOu0ciJoF9BgYxxoTevgEWsrAaWmIiRdT+NFMZ0G++wLgmihEWVAVHIA==
- gridstack.js/11.1.2/dd-element.js: sha512-3QQjc29tqqYWMgal93n84klqWD39EGCoymgxAr3LERjNfguhodGgsOHEsOYSp3I5KjGGaXNhK1cELggsfQNy9A==
- gridstack.js/11.1.2/dd-resizable-handle.js: sha512-dMRVzpbHmLNVdkQANxDUHIi6a39lFTpFGN6JKu+40TB9b1ibf/JmLddVI3NV6r509GN9lq6e24IcUfFTL6plQg==
- gridstack.js/11.1.2/dd-touch.min.js: sha512-qjqVUYIO1ooxh8d3mhry2CoKxkqekgZU778GJNfD1bZxUlvUrpl/YMjKvzwwhmWPef/eSvbfHJ0Rj3HAZfJarg==
- gridstack.js/11.1.2/utils.js: sha512-NsShUgkFr/kVFi1kSIvzrsziDmTVEk4KUe149cEeSOnprird1sbhtBMrvzoRXyvGRp6uzY67h1xe28Mr1l9b5w==
- gridstack.js/11.1.2/dd-manager.min.js: sha512-7c2iOKYLmwWFiZ0bdYJ1p8EvDwJFbFBvKTfVgLBCpPlLiXlITMumR/9aymNLEGqfVNzQjg+hJKcATL3PvZhY9A==
- gridstack.js/11.1.2/dd-resizable-handle.min.js: sha512-mkh/cUW99fEoAan50iRs4wPPzDobkApfcMX7f80mg5GSkhjrcdQNzFb/AhOG6b7pf5QX0fxSeOqhEh8+AOl/7Q==
- gridstack.js/11.1.2/dd-resizable.min.js: sha512-0oaG8ku3jBOjmYPJ8IS3/wuzRys36FVWC4zi2//T8+DL7hEI03HbMD8T5LSrgJUtMTGRP1VTS25MlP6NBLk9sg==
- gridstack.js/11.1.2/gridstack.min.css: sha512-KAu0PHHBy9kkFY2fkQ7+RNHftQuJ+DB2Rb39LM28TKfzu+nzPIrC4TKtiZsq/3iP+ZTfV7O8cUGNl6VZvCg6Ag==
- gridstack.js/11.1.2/utils.min.js: sha512-j4FSlXHda6NVB8kT/f0M+XxkQit15y8nvad1xmkcgdI2IQW3tAB/JXnxMwX/pXhgLZkSWf4NXGLunPP49+Iq5Q==
- gridstack.js/11.1.2/dd-draggable.js: sha512-+QOxAMwIx9Ur7LJm7FeCSt3WjxvVyZlmyG6wEZEeZ2Mb1B3mOwb23f5IzFWvli8b0DHPZ/SXbtfjaJsSkl3Ofg==
- gridstack.js/11.1.2/dd-draggable.min.js: sha512-ciNmBHaC6keMp0QBtHihNFPvhH1C4vBDwaBBSlUGONVcad86gQeImH+D7eJjYz4qK/wE2LAfQUYRkXpQO9HKOA==
- gridstack.js/11.1.2/dd-element.min.js: sha512-zvWjOI2JNrhq7K/mfZu0zg6wHRd7iWDF5g7cc4QC6ZbGpIXlc6C1bFoDcj9KqQkU2G56x81qq+NQKRVNbDc2LQ==
- gridstack.js/11.1.2/dd-gridstack.min.js: sha512-vt82d4t+PhJDhoeEBfhHq+8xoetdQyxF9ufiMmU4pdIPQwGTwSCRJYBiLLT92D+Xh7Z6RyCq4WZsxVozVAXQwQ==
- gridstack.js/11.1.2/dd-resizable.js: sha512-+f5iSwdbiQCcBcoaaNPlZ7PdrDcxFPFIpGnpQCt6tK0SGmc4UNSjJFedDTiA5TXpUpkOlaXg1yXHd083B/syfg==
- gridstack.js/11.1.2/gridstack-extra.css: sha512-maaCEsInkn1+0AKJmkjMgEiEKRdIUSDB1zbSe5fwBzBXe06MwPXhZuZRnC5tKlnKAu8C9gLIq2DG1gYwMRyssg==
- gridstack.js/11.1.2/gridstack-engine.min.js: sha512-ozMuWYQVoWXUFHq0JSDE9pLrkAMTulxlyixQY/cCkWzTK7Oh4yjl4rNQlXPgzJtG3U36vCVAOgvEU0zVNlrZGQ==
- gridstack.js/11.1.2/dd-base-impl.min.js: sha512-mhZn+o/RSWCNMh6NpFW4pTDzGcqwhL2xH2RdRHOQ5dnj5HDrlPwMuHZdAwB8ZOXZcIhR6IgzXUh4DuG13PsPDg==
- gridstack.js/11.1.2/dd-touch.js: sha512-AL1M8oKeISkMpd3/Fgc0ZuYgrhm7HJCXq4dL56d0rK5Q1LOdLQBKOxQsQCsGouvuD52tmKlZINzKVUseJOOYFg==
- gridstack.js/11.1.2/gridstack-all.js: sha512-bWZb58MURxm/28F6eCGWg8tIp4rxuPdFgqtRwesJLW2DUOzIT7yqNSeLAySxs2FzFUcQyUhUnE33kvNZxkhe+w==
- gridstack.js/11.1.2/gridstack-all.min.js: sha512-WbsHGAyLSKWmt901f5b8wgkYoeZpwMxcY6WUTGtCBUi+ioaGh3hsndFx2aDwkQbgBiftvwKOrR+vsM31HmSVgQ==
- gridstack.js/11.1.2/dd-base-impl.js: sha512-TejRy/8ZrBYR6fP21sM8rS1MYztRBqGv4wqb74m0nXLMCDG0Hc59ljdAJrDZQhu7G3Xqfd4s/1lll0RIHsy15Q==
- gridstack.js/11.1.2/gridstack.js: sha512-klfoC/yUx60E/pr/08NiLjh811253jq+AYy/EzHdGmZAnhs9ymyzxZCfxSjiLcngfJVKmWlfM54wr6tM+ko+QA==
- gridstack.js/11.1.2/types.min.js: sha512-4/0c4U/7azMleet77ZX3jTlHxUOYUlVd4rlO8cwwOVhQ4o5iwyT3q8dgD4q8BOf6w0grs85UeVe/B60R2lcu/Q==
- gridstack.js/11.1.2/dd-droppable.js: sha512-fwy9zEFwOgq7jXJMqGuWlx5Ap0AWf5rkdNv7iUecXLCcAdxJ57l1ZpKdK4ptCr4GlubjxkynE+IiS2ct3RGSFw==
- gridstack.js/11.1.2/gridstack-engine.js: sha512-eVWF2ikSZvvE9UJEHDIRlPQgKpQGELWCHdJ8aM3ldtl1h6u0HZVOVM4kTMYPBy2mmTXUKidEjtFCxe7IGzQyQg==
- gridstack.js/11.1.2/gridstack-extra.min.css: sha512-287EQpO1sItRDNvuCUARDlhpQs3qLRCMaidpOKp5BFu6EgcX3XxB92jmTvdXWW57Q9ImHcYqIHKx12EATT3sPA==
- gridstack.js/11.1.2/gridstack.css: sha512-j2qiXrwC3lU0FLBiMIK0HATyzudjRieqOatyoBIEXaGAeqh/wLXFUSl+15/jSo1B2UCVxYzxo2oL0DxBUT0a6A==
- gridstack.js/11.1.2/dd-gridstack.js: sha512-rDovdXI5PGd9EamIt1Z9Ru/lZubSPnOzlnBj08/Clnusqpg8cKc7oKBVqTnuucNSROIdVhKp282cV+aG0OmhFQ==
- gridstack.js/11.1.2/dd-manager.js: sha512-awWdikGu5Tlopk/vLHwOU6JGuJVilp3Klxy9RqQyTeYU+mFSCYCOi9lkZ2ZtOJNJldz75D9Z03P6baZfvbCpGA==
- gridstack.js/11.1.2/gridstack.min.js: sha512-4XJnAZvA+yeJIjmsW5pZp6u0FpjBatINNNsyT+j7/tzTiXsOCOiEQfz3R+p6/6P6M2tKGIrPIKUVfz+zSF4pLw==
- gridstack.js/11.1.2/types.js: sha512-Ip0OhZ3qkNmz+FhgXG+ae9lpLwgk0r02kQsFCAEd/l08/JqFW5LUgb88nOeEs3G9ns7m1VMAlH5aye2zf/9i2g==
