config: {"authors":[{"name":"Guillaume du Pontavice","email":"g.du.pontavice@gmail.com"}],"autoupdate":{"source":"npm","target":"hls.js","fileMap":[{"basePath":"dist","files":["**/!(*-demo.*)"]}],"ignoreVersions":["*-canary.*"]},"description":"JavaScript HLS client using MediaSourceExtension","filename":"hls.min.js","homepage":"https://hls-js.netlify.com/demo/","keywords":["hls.js","video","streaming","mediasource","player"],"license":"Apache-2.0","name":"hls.js","repository":{"type":"git","url":"git://github.com/video-dev/hls.js"},"author":"Guillaume du Pontavice \u003cg.du.pontavice@gmail.com\u003e"}
KV keys:
- hls.js/1.6.3-0.canary.11165/hls.d.mts.br
- hls.js/1.6.3-0.canary.11165/hls.d.mts.gz
- hls.js/1.6.3-0.canary.11165/hls.d.ts.br
- hls.js/1.6.3-0.canary.11165/hls.d.ts.gz
- hls.js/1.6.3-0.canary.11165/hls.js.br
- hls.js/1.6.3-0.canary.11165/hls.js.d.ts.br
- hls.js/1.6.3-0.canary.11165/hls.js.d.ts.gz
- hls.js/1.6.3-0.canary.11165/hls.js.gz
- hls.js/1.6.3-0.canary.11165/hls.js.map.br
- hls.js/1.6.3-0.canary.11165/hls.js.map.gz
- hls.js/1.6.3-0.canary.11165/hls.light.js.br
- hls.js/1.6.3-0.canary.11165/hls.light.js.gz
- hls.js/1.6.3-0.canary.11165/hls.light.js.map.br
- hls.js/1.6.3-0.canary.11165/hls.light.js.map.gz
- hls.js/1.6.3-0.canary.11165/hls.light.min.js.br
- hls.js/1.6.3-0.canary.11165/hls.light.min.js.gz
- hls.js/1.6.3-0.canary.11165/hls.light.min.js.map.br
- hls.js/1.6.3-0.canary.11165/hls.light.min.js.map.gz
- hls.js/1.6.3-0.canary.11165/hls.light.mjs.br
- hls.js/1.6.3-0.canary.11165/hls.light.mjs.gz
- hls.js/1.6.3-0.canary.11165/hls.light.mjs.map.br
- hls.js/1.6.3-0.canary.11165/hls.light.mjs.map.gz
- hls.js/1.6.3-0.canary.11165/hls.min.js.br
- hls.js/1.6.3-0.canary.11165/hls.min.js.gz
- hls.js/1.6.3-0.canary.11165/hls.min.js.map.br
- hls.js/1.6.3-0.canary.11165/hls.min.js.map.gz
- hls.js/1.6.3-0.canary.11165/hls.mjs.br
- hls.js/1.6.3-0.canary.11165/hls.mjs.gz
- hls.js/1.6.3-0.canary.11165/hls.mjs.map.br
- hls.js/1.6.3-0.canary.11165/hls.mjs.map.gz
- hls.js/1.6.3-0.canary.11165/hls.worker.js.br
- hls.js/1.6.3-0.canary.11165/hls.worker.js.gz
- hls.js/1.6.3-0.canary.11165/hls.worker.js.map.br
- hls.js/1.6.3-0.canary.11165/hls.worker.js.map.gz
- hls.js/1.6.3-0.canary.11165/hls.worker.min.js.br
- hls.js/1.6.3-0.canary.11165/hls.worker.min.js.gz
SRIs:
- hls.js/1.6.3-0.canary.11165/hls.js: sha512-6GB36h0F0aAnkZASHieB4XDi4ymrp3cwooGw+Jbp0n5ToxK1UsqvZ/sTwmBJVGYE1jRqmIVaqqvbRqjY+7dudQ==
- hls.js/1.6.3-0.canary.11165/hls.light.js: sha512-XjZtMTdeMZab9tChkKI/+YKegCspco57mFWQSRhMs/R+cpdlP/MPFG7IShNimRo5dsFiG+LSAd2VUti/CssHRg==
- hls.js/1.6.3-0.canary.11165/hls.light.min.js: sha512-4tmStLwKCs/ICqS88jNJiS8wxK1HYVISRX1TJaCFk+OZVWYFWWPnnuID4o32Z/B5TMb/Gx3bcW4HdiJ9/F4QQw==
- hls.js/1.6.3-0.canary.11165/hls.min.js: sha512-Z2rRMKzttFs4zPhRCrKl21gdgwket8H433zDfmtotn47lMvST6anH+rrvoOxgXUTtyKvlDvMjiKgiTm/E5pv0g==
- hls.js/1.6.3-0.canary.11165/hls.worker.js: sha512-OFbW9xkIZQZHD9LYarF+j7pwHU9Qf7Qx0NfelxjOQdxiDDCZQR0iTQXyBkc1AVDwT8/ZyHElgM552pJVMyuBGA==
- hls.js/1.6.3-0.canary.11165/hls.worker.min.js: sha512-aM3pqXGzC27ipwhYuz0ln7t49qzXi5PEZKgpaEKcF6g/GvpYm5R90NMB5JeOpifq0oMlVQbwo1ofY+ACNlnv4Q==
