config: {"authors":[{"name":"Handsoncode","email":"hello@handsontable.com"}],"autoupdate":{"source":"npm","target":"handsontable","fileMap":[{"basePath":"dist","files":["*.js","*.css"]}]},"description":"Spreadsheet-like data grid editor that provides copy/paste functionality compatible with Excel/Google Docs","filename":"handsontable.min.js","homepage":"http://handsontable.com/","keywords":["grid","datagrid","table","ui","input","ajax","handsontable","spreadsheet"],"license":"SEE LICENSE IN https://github.com/handsontable/handsontable/blob/7.0.0/LICENSE.txt","name":"handsontable","repository":{"type":"git","url":"https://github.com/handsontable/handsontable"},"author":"Handsoncode \u003chello@handsontable.com\u003e"}
KV keys:
- handsontable/15.1.0-next-7652ed7-20250219/handsontable.css.br
- handsontable/15.1.0-next-7652ed7-20250219/handsontable.css.gz
- handsontable/15.1.0-next-7652ed7-20250219/handsontable.full.css.br
- handsontable/15.1.0-next-7652ed7-20250219/handsontable.full.css.gz
- handsontable/15.1.0-next-7652ed7-20250219/handsontable.full.js.br
- handsontable/15.1.0-next-7652ed7-20250219/handsontable.full.js.gz
- handsontable/15.1.0-next-7652ed7-20250219/handsontable.full.min.css.br
- handsontable/15.1.0-next-7652ed7-20250219/handsontable.full.min.css.gz
- handsontable/15.1.0-next-7652ed7-20250219/handsontable.full.min.js.br
- handsontable/15.1.0-next-7652ed7-20250219/handsontable.full.min.js.gz
- handsontable/15.1.0-next-7652ed7-20250219/handsontable.js.br
- handsontable/15.1.0-next-7652ed7-20250219/handsontable.js.gz
- handsontable/15.1.0-next-7652ed7-20250219/handsontable.min.css.br
- handsontable/15.1.0-next-7652ed7-20250219/handsontable.min.css.gz
- handsontable/15.1.0-next-7652ed7-20250219/handsontable.min.js.br
- handsontable/15.1.0-next-7652ed7-20250219/handsontable.min.js.gz
SRIs:
- handsontable/15.1.0-next-7652ed7-20250219/handsontable.min.js: sha512-F7AFoq3rHV6Y3PoyhJGhiHZXk7U+TeUG6StgIBMovxPN/fJku4JyUlmJw71VZHvOsEDdWB6nY+WUm1JqZjs8/A==
- handsontable/15.1.0-next-7652ed7-20250219/handsontable.css: sha512-TwR/LKj4BoiBDH1eNHHturDftMstbAZxt11z8G+cUd+afs8CDsnduS+V0AEXXi7I1t7c7ISwuvPoKRDoXXYXdA==
- handsontable/15.1.0-next-7652ed7-20250219/handsontable.full.css: sha512-kaTRPwaDcNyNrsln/vltgJZAj3YxrLP9/6SxWwVWDPEvyiz4pEIUFQspuTRqiFVx7zKg6grLQrXHJkJrsz4+7w==
- handsontable/15.1.0-next-7652ed7-20250219/handsontable.full.js: sha512-t9Se7mPJBP/D1gju4rmDQod53Q5whb6bn8ok9gxnc6HdYfyJAjZdMgQrtLwpm3jGHg3RVXSb0VJ3FwpuqvHQdA==
- handsontable/15.1.0-next-7652ed7-20250219/handsontable.full.min.css: sha512-AY1atr56pldldfWcGJb1zfaDJ/PCC1FHk1GxxCOfnmhyFKurK8ezQXDgaL1T4FhVW3QB+5Pa74ir9peGyqhIIQ==
- handsontable/15.1.0-next-7652ed7-20250219/handsontable.full.min.js: sha512-A/YrljJp4Z0ntjipMmc0s3J7MM8SEugHwPyk2yQrNnzvx/MHGPsdJQ0gueThwqmVJ3ZjMsq8JQSkkv9hjp8aGQ==
- handsontable/15.1.0-next-7652ed7-20250219/handsontable.js: sha512-nXycyLmd/ixrXkr3Btz/XFv1HnC5foSXzXeSQnOS7grSWCz5be2c633GTZmuOz5bcvz25vUyPUniYgBdXBR0ew==
- handsontable/15.1.0-next-7652ed7-20250219/handsontable.min.css: sha512-HPL/kkFlt2AzfzxEQygH1FHhBPvwSkrlSt5CpejWDUgcNDCiLa/7Jsh3HQ6LEK5pr54ywfyyV3HOY2Jrk2umhQ==
