2025/06/19 18:30:32 optimizing files (Js true, Css true, Png true, Jpg true)
2025/06/19 18:30:32 compress: run /node_modules/uglify-js/bin/uglifyjs (3.15.4) [--mangle --compress if_return=true -o /tmp/work/dist/clerk.headless.browser.min.js /tmp/work/dist/clerk.headless.browser.js]
2025/06/19 18:30:32 compress: run /node_modules/uglify-js/bin/uglifyjs (3.15.4) [--mangle --compress if_return=true -o /tmp/work/dist/checkout_ba6629_5.57.2-snapshot.v20250321172030.min.js /tmp/work/dist/checkout_ba6629_5.57.2-snapshot.v20250321172030.js]
2025/06/19 18:30:32 compress: run /node_modules/uglify-js/bin/uglifyjs (3.15.4) [--mangle --compress if_return=true -o /tmp/work/dist/192_ba6629_5.57.2-snapshot.v20250321172030.min.js /tmp/work/dist/192_ba6629_5.57.2-snapshot.v20250321172030.js]
2025/06/19 18:30:32 compress: run /node_modules/uglify-js/bin/uglifyjs (3.15.4) [--mangle --compress if_return=true -o /tmp/work/dist/377_806220_5.57.2-snapshot.v20250321172030.min.js /tmp/work/dist/377_806220_5.57.2-snapshot.v20250321172030.js]
2025/06/19 18:30:32 compress: run /node_modules/uglify-js/bin/uglifyjs (3.15.4) [--mangle --compress if_return=true -o /tmp/work/dist/clerk.browser.min.js /tmp/work/dist/clerk.browser.js]
2025/06/19 18:30:32 compress: run /node_modules/uglify-js/bin/uglifyjs (3.15.4) [--mangle --compress if_return=true -o /tmp/work/dist/blankcaptcha_ba6629_5.57.2-snapshot.v20250321172030.min.js /tmp/work/dist/blankcaptcha_ba6629_5.57.2-snapshot.v20250321172030.js]
2025/06/19 18:30:32 compress: run /node_modules/uglify-js/bin/uglifyjs (3.15.4) [--mangle --compress if_return=true -o /tmp/work/dist/890_806220_5.57.2-snapshot.v20250321172030.min.js /tmp/work/dist/890_806220_5.57.2-snapshot.v20250321172030.js]
2025/06/19 18:30:32 compress: run /node_modules/uglify-js/bin/uglifyjs (3.15.4) [--mangle --compress if_return=true -o /tmp/work/dist/965_806220_5.57.2-snapshot.v20250321172030.min.js /tmp/work/dist/965_806220_5.57.2-snapshot.v20250321172030.js]
2025/06/19 18:30:33 sri /tmp/work/dist/blankcaptcha_ba6629_5.57.2-snapshot.v20250321172030.min.js -> /output/blankcaptcha_ba6629_5.57.2-snapshot.v20250321172030.min.js.sri
2025/06/19 18:30:33 algorithm: run /usr/bin/brotli --quality=11 --output=/output/blankcaptcha_ba6629_5.57.2-snapshot.v20250321172030.min.js.br /tmp/work/dist/blankcaptcha_ba6629_5.57.2-snapshot.v20250321172030.min.js
2025/06/19 18:30:33 br /tmp/work/dist/blankcaptcha_ba6629_5.57.2-snapshot.v20250321172030.min.js -> /output/blankcaptcha_ba6629_5.57.2-snapshot.v20250321172030.min.js.br
2025/06/19 18:30:33 gz /tmp/work/dist/blankcaptcha_ba6629_5.57.2-snapshot.v20250321172030.min.js -> /output/blankcaptcha_ba6629_5.57.2-snapshot.v20250321172030.min.js.gz
2025/06/19 18:30:33 sri /tmp/work/dist/blankcaptcha_ba6629_5.57.2-snapshot.v20250321172030.js -> /output/blankcaptcha_ba6629_5.57.2-snapshot.v20250321172030.js.sri
2025/06/19 18:30:33 algorithm: run /usr/bin/brotli --quality=11 --output=/output/blankcaptcha_ba6629_5.57.2-snapshot.v20250321172030.js.br /tmp/work/dist/blankcaptcha_ba6629_5.57.2-snapshot.v20250321172030.js
2025/06/19 18:30:33 br /tmp/work/dist/blankcaptcha_ba6629_5.57.2-snapshot.v20250321172030.js -> /output/blankcaptcha_ba6629_5.57.2-snapshot.v20250321172030.js.br
2025/06/19 18:30:33 gz /tmp/work/dist/blankcaptcha_ba6629_5.57.2-snapshot.v20250321172030.js -> /output/blankcaptcha_ba6629_5.57.2-snapshot.v20250321172030.js.gz
2025/06/19 18:30:33 compress: run /node_modules/uglify-js/bin/uglifyjs (3.15.4) [--mangle --compress if_return=true -o /tmp/work/dist/clerk.headless.min.js /tmp/work/dist/clerk.headless.js]
2025/06/19 18:30:34 sri /tmp/work/dist/192_ba6629_5.57.2-snapshot.v20250321172030.min.js -> /output/192_ba6629_5.57.2-snapshot.v20250321172030.min.js.sri
2025/06/19 18:30:34 algorithm: run /usr/bin/brotli --quality=11 --output=/output/192_ba6629_5.57.2-snapshot.v20250321172030.min.js.br /tmp/work/dist/192_ba6629_5.57.2-snapshot.v20250321172030.min.js
2025/06/19 18:30:34 br /tmp/work/dist/192_ba6629_5.57.2-snapshot.v20250321172030.min.js -> /output/192_ba6629_5.57.2-snapshot.v20250321172030.min.js.br
2025/06/19 18:30:34 gz /tmp/work/dist/192_ba6629_5.57.2-snapshot.v20250321172030.min.js -> /output/192_ba6629_5.57.2-snapshot.v20250321172030.min.js.gz
2025/06/19 18:30:34 sri /tmp/work/dist/192_ba6629_5.57.2-snapshot.v20250321172030.js -> /output/192_ba6629_5.57.2-snapshot.v20250321172030.js.sri
2025/06/19 18:30:34 algorithm: run /usr/bin/brotli --quality=11 --output=/output/192_ba6629_5.57.2-snapshot.v20250321172030.js.br /tmp/work/dist/192_ba6629_5.57.2-snapshot.v20250321172030.js
2025/06/19 18:30:34 br /tmp/work/dist/192_ba6629_5.57.2-snapshot.v20250321172030.js -> /output/192_ba6629_5.57.2-snapshot.v20250321172030.js.br
2025/06/19 18:30:34 gz /tmp/work/dist/192_ba6629_5.57.2-snapshot.v20250321172030.js -> /output/192_ba6629_5.57.2-snapshot.v20250321172030.js.gz
2025/06/19 18:30:34 compress: run /node_modules/uglify-js/bin/uglifyjs (3.15.4) [--mangle --compress if_return=true -o /tmp/work/dist/clerk.min.js /tmp/work/dist/clerk.js]
2025/06/19 18:30:34 sri /tmp/work/dist/377_806220_5.57.2-snapshot.v20250321172030.min.js -> /output/377_806220_5.57.2-snapshot.v20250321172030.min.js.sri
2025/06/19 18:30:34 algorithm: run /usr/bin/brotli --quality=11 --output=/output/377_806220_5.57.2-snapshot.v20250321172030.min.js.br /tmp/work/dist/377_806220_5.57.2-snapshot.v20250321172030.min.js
2025/06/19 18:30:36 sri /tmp/work/dist/checkout_ba6629_5.57.2-snapshot.v20250321172030.min.js -> /output/checkout_ba6629_5.57.2-snapshot.v20250321172030.min.js.sri
2025/06/19 18:30:36 algorithm: run /usr/bin/brotli --quality=11 --output=/output/checkout_ba6629_5.57.2-snapshot.v20250321172030.min.js.br /tmp/work/dist/checkout_ba6629_5.57.2-snapshot.v20250321172030.min.js
2025/06/19 18:30:36 br /tmp/work/dist/checkout_ba6629_5.57.2-snapshot.v20250321172030.min.js -> /output/checkout_ba6629_5.57.2-snapshot.v20250321172030.min.js.br
2025/06/19 18:30:36 gz /tmp/work/dist/checkout_ba6629_5.57.2-snapshot.v20250321172030.min.js -> /output/checkout_ba6629_5.57.2-snapshot.v20250321172030.min.js.gz
2025/06/19 18:30:36 sri /tmp/work/dist/checkout_ba6629_5.57.2-snapshot.v20250321172030.js -> /output/checkout_ba6629_5.57.2-snapshot.v20250321172030.js.sri
2025/06/19 18:30:36 algorithm: run /usr/bin/brotli --quality=11 --output=/output/checkout_ba6629_5.57.2-snapshot.v20250321172030.js.br /tmp/work/dist/checkout_ba6629_5.57.2-snapshot.v20250321172030.js
2025/06/19 18:30:37 br /tmp/work/dist/checkout_ba6629_5.57.2-snapshot.v20250321172030.js -> /output/checkout_ba6629_5.57.2-snapshot.v20250321172030.js.br
2025/06/19 18:30:37 gz /tmp/work/dist/checkout_ba6629_5.57.2-snapshot.v20250321172030.js -> /output/checkout_ba6629_5.57.2-snapshot.v20250321172030.js.gz
2025/06/19 18:30:37 algorithm: run /usr/bin/brotli --quality=11 --output=/output/clerk.mjs.br /tmp/work/dist/clerk.mjs
2025/06/19 18:30:37 sri /tmp/work/dist/890_806220_5.57.2-snapshot.v20250321172030.min.js -> /output/890_806220_5.57.2-snapshot.v20250321172030.min.js.sri
2025/06/19 18:30:37 algorithm: run /usr/bin/brotli --quality=11 --output=/output/890_806220_5.57.2-snapshot.v20250321172030.min.js.br /tmp/work/dist/890_806220_5.57.2-snapshot.v20250321172030.min.js
2025/06/19 18:30:37 br /tmp/work/dist/890_806220_5.57.2-snapshot.v20250321172030.min.js -> /output/890_806220_5.57.2-snapshot.v20250321172030.min.js.br
2025/06/19 18:30:37 gz /tmp/work/dist/890_806220_5.57.2-snapshot.v20250321172030.min.js -> /output/890_806220_5.57.2-snapshot.v20250321172030.min.js.gz
2025/06/19 18:30:37 sri /tmp/work/dist/890_806220_5.57.2-snapshot.v20250321172030.js -> /output/890_806220_5.57.2-snapshot.v20250321172030.js.sri
2025/06/19 18:30:37 algorithm: run /usr/bin/brotli --quality=11 --output=/output/890_806220_5.57.2-snapshot.v20250321172030.js.br /tmp/work/dist/890_806220_5.57.2-snapshot.v20250321172030.js
2025/06/19 18:30:37 br /tmp/work/dist/890_806220_5.57.2-snapshot.v20250321172030.js -> /output/890_806220_5.57.2-snapshot.v20250321172030.js.br
2025/06/19 18:30:37 gz /tmp/work/dist/890_806220_5.57.2-snapshot.v20250321172030.js -> /output/890_806220_5.57.2-snapshot.v20250321172030.js.gz
2025/06/19 18:30:37 compress: run /node_modules/uglify-js/bin/uglifyjs (3.15.4) [--mangle --compress if_return=true -o /tmp/work/dist/clerk.no-rhc.min.js /tmp/work/dist/clerk.no-rhc.js]
2025/06/19 18:30:42 br /tmp/work/dist/377_806220_5.57.2-snapshot.v20250321172030.min.js -> /output/377_806220_5.57.2-snapshot.v20250321172030.min.js.br
2025/06/19 18:30:43 gz /tmp/work/dist/377_806220_5.57.2-snapshot.v20250321172030.min.js -> /output/377_806220_5.57.2-snapshot.v20250321172030.min.js.gz
2025/06/19 18:30:43 sri /tmp/work/dist/377_806220_5.57.2-snapshot.v20250321172030.js -> /output/377_806220_5.57.2-snapshot.v20250321172030.js.sri
2025/06/19 18:30:43 algorithm: run /usr/bin/brotli --quality=11 --output=/output/377_806220_5.57.2-snapshot.v20250321172030.js.br /tmp/work/dist/377_806220_5.57.2-snapshot.v20250321172030.js
2025/06/19 18:30:44 sri /tmp/work/dist/965_806220_5.57.2-snapshot.v20250321172030.min.js -> /output/965_806220_5.57.2-snapshot.v20250321172030.min.js.sri
2025/06/19 18:30:44 algorithm: run /usr/bin/brotli --quality=11 --output=/output/965_806220_5.57.2-snapshot.v20250321172030.min.js.br /tmp/work/dist/965_806220_5.57.2-snapshot.v20250321172030.min.js
2025/06/19 18:30:46 br /tmp/work/dist/965_806220_5.57.2-snapshot.v20250321172030.min.js -> /output/965_806220_5.57.2-snapshot.v20250321172030.min.js.br
2025/06/19 18:30:46 gz /tmp/work/dist/965_806220_5.57.2-snapshot.v20250321172030.min.js -> /output/965_806220_5.57.2-snapshot.v20250321172030.min.js.gz
2025/06/19 18:30:46 sri /tmp/work/dist/965_806220_5.57.2-snapshot.v20250321172030.js -> /output/965_806220_5.57.2-snapshot.v20250321172030.js.sri
2025/06/19 18:30:46 algorithm: run /usr/bin/brotli --quality=11 --output=/output/965_806220_5.57.2-snapshot.v20250321172030.js.br /tmp/work/dist/965_806220_5.57.2-snapshot.v20250321172030.js
2025/06/19 18:30:49 br /tmp/work/dist/965_806220_5.57.2-snapshot.v20250321172030.js -> /output/965_806220_5.57.2-snapshot.v20250321172030.js.br
2025/06/19 18:30:49 gz /tmp/work/dist/965_806220_5.57.2-snapshot.v20250321172030.js -> /output/965_806220_5.57.2-snapshot.v20250321172030.js.gz
2025/06/19 18:30:49 algorithm: run /usr/bin/brotli --quality=11 --output=/output/clerk.no-rhc.mjs.br /tmp/work/dist/clerk.no-rhc.mjs
2025/06/19 18:30:54 sri /tmp/work/dist/clerk.headless.browser.min.js -> /output/clerk.headless.browser.min.js.sri
2025/06/19 18:30:54 algorithm: run /usr/bin/brotli --quality=11 --output=/output/clerk.headless.browser.min.js.br /tmp/work/dist/clerk.headless.browser.min.js
2025/06/19 18:30:54 br /tmp/work/dist/377_806220_5.57.2-snapshot.v20250321172030.js -> /output/377_806220_5.57.2-snapshot.v20250321172030.js.br
2025/06/19 18:30:55 gz /tmp/work/dist/377_806220_5.57.2-snapshot.v20250321172030.js -> /output/377_806220_5.57.2-snapshot.v20250321172030.js.gz
2025/06/19 18:30:55 compress: run /node_modules/uglify-js/bin/uglifyjs (3.15.4) [--mangle --compress if_return=true -o /tmp/work/dist/coinbase-wallet-sdk_13057b_5.57.2-snapshot.v20250321172030.min.js /tmp/work/dist/coinbase-wallet-sdk_13057b_5.57.2-snapshot.v20250321172030.js]
2025/06/19 18:30:58 br /tmp/work/dist/clerk.headless.browser.min.js -> /output/clerk.headless.browser.min.js.br
2025/06/19 18:30:58 gz /tmp/work/dist/clerk.headless.browser.min.js -> /output/clerk.headless.browser.min.js.gz
2025/06/19 18:30:58 sri /tmp/work/dist/clerk.headless.browser.js -> /output/clerk.headless.browser.js.sri
2025/06/19 18:30:58 algorithm: run /usr/bin/brotli --quality=11 --output=/output/clerk.headless.browser.js.br /tmp/work/dist/clerk.headless.browser.js
2025/06/19 18:30:58 sri /tmp/work/dist/clerk.headless.min.js -> /output/clerk.headless.min.js.sri
2025/06/19 18:30:58 algorithm: run /usr/bin/brotli --quality=11 --output=/output/clerk.headless.min.js.br /tmp/work/dist/clerk.headless.min.js
2025/06/19 18:30:59 br /tmp/work/dist/clerk.headless.min.js -> /output/clerk.headless.min.js.br
2025/06/19 18:30:59 gz /tmp/work/dist/clerk.headless.min.js -> /output/clerk.headless.min.js.gz
2025/06/19 18:30:59 sri /tmp/work/dist/clerk.headless.js -> /output/clerk.headless.js.sri
2025/06/19 18:30:59 algorithm: run /usr/bin/brotli --quality=11 --output=/output/clerk.headless.js.br /tmp/work/dist/clerk.headless.js
2025/06/19 18:30:59 br /tmp/work/dist/clerk.headless.js -> /output/clerk.headless.js.br
2025/06/19 18:30:59 gz /tmp/work/dist/clerk.headless.js -> /output/clerk.headless.js.gz
2025/06/19 18:30:59 compress: run /node_modules/uglify-js/bin/uglifyjs (3.15.4) [--mangle --compress if_return=true -o /tmp/work/dist/coinbase-wallet-sdk_ba6629_5.57.2-snapshot.v20250321172030.min.js /tmp/work/dist/coinbase-wallet-sdk_ba6629_5.57.2-snapshot.v20250321172030.js]
2025/06/19 18:31:00 br /tmp/work/dist/clerk.headless.browser.js -> /output/clerk.headless.browser.js.br
2025/06/19 18:31:00 gz /tmp/work/dist/clerk.headless.browser.js -> /output/clerk.headless.browser.js.gz
2025/06/19 18:31:00 compress: run /node_modules/uglify-js/bin/uglifyjs (3.15.4) [--mangle --compress if_return=true -o /tmp/work/dist/cookieSuffix_13057b_5.57.2-snapshot.v20250321172030.min.js /tmp/work/dist/cookieSuffix_13057b_5.57.2-snapshot.v20250321172030.js]
2025/06/19 18:31:01 sri /tmp/work/dist/cookieSuffix_13057b_5.57.2-snapshot.v20250321172030.min.js -> /output/cookieSuffix_13057b_5.57.2-snapshot.v20250321172030.min.js.sri
2025/06/19 18:31:01 algorithm: run /usr/bin/brotli --quality=11 --output=/output/cookieSuffix_13057b_5.57.2-snapshot.v20250321172030.min.js.br /tmp/work/dist/cookieSuffix_13057b_5.57.2-snapshot.v20250321172030.min.js
2025/06/19 18:31:01 br /tmp/work/dist/cookieSuffix_13057b_5.57.2-snapshot.v20250321172030.min.js -> /output/cookieSuffix_13057b_5.57.2-snapshot.v20250321172030.min.js.br
2025/06/19 18:31:01 gz /tmp/work/dist/cookieSuffix_13057b_5.57.2-snapshot.v20250321172030.min.js -> /output/cookieSuffix_13057b_5.57.2-snapshot.v20250321172030.min.js.gz
2025/06/19 18:31:01 sri /tmp/work/dist/cookieSuffix_13057b_5.57.2-snapshot.v20250321172030.js -> /output/cookieSuffix_13057b_5.57.2-snapshot.v20250321172030.js.sri
2025/06/19 18:31:01 algorithm: run /usr/bin/brotli --quality=11 --output=/output/cookieSuffix_13057b_5.57.2-snapshot.v20250321172030.js.br /tmp/work/dist/cookieSuffix_13057b_5.57.2-snapshot.v20250321172030.js
2025/06/19 18:31:01 br /tmp/work/dist/cookieSuffix_13057b_5.57.2-snapshot.v20250321172030.js -> /output/cookieSuffix_13057b_5.57.2-snapshot.v20250321172030.js.br
2025/06/19 18:31:01 gz /tmp/work/dist/cookieSuffix_13057b_5.57.2-snapshot.v20250321172030.js -> /output/cookieSuffix_13057b_5.57.2-snapshot.v20250321172030.js.gz
2025/06/19 18:31:01 compress: run /node_modules/uglify-js/bin/uglifyjs (3.15.4) [--mangle --compress if_return=true -o /tmp/work/dist/cookieSuffix_806220_5.57.2-snapshot.v20250321172030.min.js /tmp/work/dist/cookieSuffix_806220_5.57.2-snapshot.v20250321172030.js]
2025/06/19 18:31:01 sri /tmp/work/dist/clerk.browser.min.js -> /output/clerk.browser.min.js.sri
2025/06/19 18:31:01 algorithm: run /usr/bin/brotli --quality=11 --output=/output/clerk.browser.min.js.br /tmp/work/dist/clerk.browser.min.js
2025/06/19 18:31:04 sri /tmp/work/dist/cookieSuffix_806220_5.57.2-snapshot.v20250321172030.min.js -> /output/cookieSuffix_806220_5.57.2-snapshot.v20250321172030.min.js.sri
2025/06/19 18:31:04 algorithm: run /usr/bin/brotli --quality=11 --output=/output/cookieSuffix_806220_5.57.2-snapshot.v20250321172030.min.js.br /tmp/work/dist/cookieSuffix_806220_5.57.2-snapshot.v20250321172030.min.js
2025/06/19 18:31:04 br /tmp/work/dist/cookieSuffix_806220_5.57.2-snapshot.v20250321172030.min.js -> /output/cookieSuffix_806220_5.57.2-snapshot.v20250321172030.min.js.br
2025/06/19 18:31:04 gz /tmp/work/dist/cookieSuffix_806220_5.57.2-snapshot.v20250321172030.min.js -> /output/cookieSuffix_806220_5.57.2-snapshot.v20250321172030.min.js.gz
2025/06/19 18:31:04 sri /tmp/work/dist/cookieSuffix_806220_5.57.2-snapshot.v20250321172030.js -> /output/cookieSuffix_806220_5.57.2-snapshot.v20250321172030.js.sri
2025/06/19 18:31:04 algorithm: run /usr/bin/brotli --quality=11 --output=/output/cookieSuffix_806220_5.57.2-snapshot.v20250321172030.js.br /tmp/work/dist/cookieSuffix_806220_5.57.2-snapshot.v20250321172030.js
2025/06/19 18:31:04 br /tmp/work/dist/cookieSuffix_806220_5.57.2-snapshot.v20250321172030.js -> /output/cookieSuffix_806220_5.57.2-snapshot.v20250321172030.js.br
2025/06/19 18:31:04 gz /tmp/work/dist/cookieSuffix_806220_5.57.2-snapshot.v20250321172030.js -> /output/cookieSuffix_806220_5.57.2-snapshot.v20250321172030.js.gz
2025/06/19 18:31:04 compress: run /node_modules/uglify-js/bin/uglifyjs (3.15.4) [--mangle --compress if_return=true -o /tmp/work/dist/cookieSuffix_ba6629_5.57.2-snapshot.v20250321172030.min.js /tmp/work/dist/cookieSuffix_ba6629_5.57.2-snapshot.v20250321172030.js]
2025/06/19 18:31:05 sri /tmp/work/dist/cookieSuffix_ba6629_5.57.2-snapshot.v20250321172030.min.js -> /output/cookieSuffix_ba6629_5.57.2-snapshot.v20250321172030.min.js.sri
2025/06/19 18:31:05 algorithm: run /usr/bin/brotli --quality=11 --output=/output/cookieSuffix_ba6629_5.57.2-snapshot.v20250321172030.min.js.br /tmp/work/dist/cookieSuffix_ba6629_5.57.2-snapshot.v20250321172030.min.js
2025/06/19 18:31:05 br /tmp/work/dist/cookieSuffix_ba6629_5.57.2-snapshot.v20250321172030.min.js -> /output/cookieSuffix_ba6629_5.57.2-snapshot.v20250321172030.min.js.br
2025/06/19 18:31:05 gz /tmp/work/dist/cookieSuffix_ba6629_5.57.2-snapshot.v20250321172030.min.js -> /output/cookieSuffix_ba6629_5.57.2-snapshot.v20250321172030.min.js.gz
2025/06/19 18:31:05 sri /tmp/work/dist/cookieSuffix_ba6629_5.57.2-snapshot.v20250321172030.js -> /output/cookieSuffix_ba6629_5.57.2-snapshot.v20250321172030.js.sri
2025/06/19 18:31:05 algorithm: run /usr/bin/brotli --quality=11 --output=/output/cookieSuffix_ba6629_5.57.2-snapshot.v20250321172030.js.br /tmp/work/dist/cookieSuffix_ba6629_5.57.2-snapshot.v20250321172030.js
2025/06/19 18:31:05 br /tmp/work/dist/cookieSuffix_ba6629_5.57.2-snapshot.v20250321172030.js -> /output/cookieSuffix_ba6629_5.57.2-snapshot.v20250321172030.js.br
2025/06/19 18:31:05 gz /tmp/work/dist/cookieSuffix_ba6629_5.57.2-snapshot.v20250321172030.js -> /output/cookieSuffix_ba6629_5.57.2-snapshot.v20250321172030.js.gz
2025/06/19 18:31:05 compress: run /node_modules/uglify-js/bin/uglifyjs (3.15.4) [--mangle --compress if_return=true -o /tmp/work/dist/createorganization_ba6629_5.57.2-snapshot.v20250321172030.min.js /tmp/work/dist/createorganization_ba6629_5.57.2-snapshot.v20250321172030.js]
2025/06/19 18:31:07 br /tmp/work/dist/clerk.browser.min.js -> /output/clerk.browser.min.js.br
2025/06/19 18:31:07 gz /tmp/work/dist/clerk.browser.min.js -> /output/clerk.browser.min.js.gz
2025/06/19 18:31:07 sri /tmp/work/dist/clerk.browser.js -> /output/clerk.browser.js.sri
2025/06/19 18:31:07 algorithm: run /usr/bin/brotli --quality=11 --output=/output/clerk.browser.js.br /tmp/work/dist/clerk.browser.js
2025/06/19 18:31:07 sri /tmp/work/dist/createorganization_ba6629_5.57.2-snapshot.v20250321172030.min.js -> /output/createorganization_ba6629_5.57.2-snapshot.v20250321172030.min.js.sri
2025/06/19 18:31:07 algorithm: run /usr/bin/brotli --quality=11 --output=/output/createorganization_ba6629_5.57.2-snapshot.v20250321172030.min.js.br /tmp/work/dist/createorganization_ba6629_5.57.2-snapshot.v20250321172030.min.js
2025/06/19 18:31:07 br /tmp/work/dist/createorganization_ba6629_5.57.2-snapshot.v20250321172030.min.js -> /output/createorganization_ba6629_5.57.2-snapshot.v20250321172030.min.js.br
2025/06/19 18:31:07 gz /tmp/work/dist/createorganization_ba6629_5.57.2-snapshot.v20250321172030.min.js -> /output/createorganization_ba6629_5.57.2-snapshot.v20250321172030.min.js.gz
2025/06/19 18:31:07 sri /tmp/work/dist/createorganization_ba6629_5.57.2-snapshot.v20250321172030.js -> /output/createorganization_ba6629_5.57.2-snapshot.v20250321172030.js.sri
2025/06/19 18:31:07 algorithm: run /usr/bin/brotli --quality=11 --output=/output/createorganization_ba6629_5.57.2-snapshot.v20250321172030.js.br /tmp/work/dist/createorganization_ba6629_5.57.2-snapshot.v20250321172030.js
2025/06/19 18:31:07 br /tmp/work/dist/createorganization_ba6629_5.57.2-snapshot.v20250321172030.js -> /output/createorganization_ba6629_5.57.2-snapshot.v20250321172030.js.br
2025/06/19 18:31:07 gz /tmp/work/dist/createorganization_ba6629_5.57.2-snapshot.v20250321172030.js -> /output/createorganization_ba6629_5.57.2-snapshot.v20250321172030.js.gz
2025/06/19 18:31:07 compress: run /node_modules/uglify-js/bin/uglifyjs (3.15.4) [--mangle --compress if_return=true -o /tmp/work/dist/framework_ba6629_5.57.2-snapshot.v20250321172030.min.js /tmp/work/dist/framework_ba6629_5.57.2-snapshot.v20250321172030.js]
2025/06/19 18:31:08 sri /tmp/work/dist/coinbase-wallet-sdk_13057b_5.57.2-snapshot.v20250321172030.min.js -> /output/coinbase-wallet-sdk_13057b_5.57.2-snapshot.v20250321172030.min.js.sri
2025/06/19 18:31:08 algorithm: run /usr/bin/brotli --quality=11 --output=/output/coinbase-wallet-sdk_13057b_5.57.2-snapshot.v20250321172030.min.js.br /tmp/work/dist/coinbase-wallet-sdk_13057b_5.57.2-snapshot.v20250321172030.min.js
2025/06/19 18:31:10 br /tmp/work/dist/coinbase-wallet-sdk_13057b_5.57.2-snapshot.v20250321172030.min.js -> /output/coinbase-wallet-sdk_13057b_5.57.2-snapshot.v20250321172030.min.js.br
2025/06/19 18:31:10 gz /tmp/work/dist/coinbase-wallet-sdk_13057b_5.57.2-snapshot.v20250321172030.min.js -> /output/coinbase-wallet-sdk_13057b_5.57.2-snapshot.v20250321172030.min.js.gz
2025/06/19 18:31:10 sri /tmp/work/dist/coinbase-wallet-sdk_13057b_5.57.2-snapshot.v20250321172030.js -> /output/coinbase-wallet-sdk_13057b_5.57.2-snapshot.v20250321172030.js.sri
2025/06/19 18:31:10 algorithm: run /usr/bin/brotli --quality=11 --output=/output/coinbase-wallet-sdk_13057b_5.57.2-snapshot.v20250321172030.js.br /tmp/work/dist/coinbase-wallet-sdk_13057b_5.57.2-snapshot.v20250321172030.js
2025/06/19 18:31:10 br /tmp/work/dist/clerk.mjs -> /output/clerk.mjs.br
2025/06/19 18:31:11 gz /tmp/work/dist/clerk.mjs -> /output/clerk.mjs.gz
2025/06/19 18:31:11 compress: run /node_modules/uglify-js/bin/uglifyjs (3.15.4) [--mangle --compress if_return=true -o /tmp/work/dist/impersonationfab_ba6629_5.57.2-snapshot.v20250321172030.min.js /tmp/work/dist/impersonationfab_ba6629_5.57.2-snapshot.v20250321172030.js]
2025/06/19 18:31:11 sri /tmp/work/dist/coinbase-wallet-sdk_ba6629_5.57.2-snapshot.v20250321172030.min.js -> /output/coinbase-wallet-sdk_ba6629_5.57.2-snapshot.v20250321172030.min.js.sri
2025/06/19 18:31:11 algorithm: run /usr/bin/brotli --quality=11 --output=/output/coinbase-wallet-sdk_ba6629_5.57.2-snapshot.v20250321172030.min.js.br /tmp/work/dist/coinbase-wallet-sdk_ba6629_5.57.2-snapshot.v20250321172030.min.js
2025/06/19 18:31:11 br /tmp/work/dist/coinbase-wallet-sdk_13057b_5.57.2-snapshot.v20250321172030.js -> /output/coinbase-wallet-sdk_13057b_5.57.2-snapshot.v20250321172030.js.br
2025/06/19 18:31:11 gz /tmp/work/dist/coinbase-wallet-sdk_13057b_5.57.2-snapshot.v20250321172030.js -> /output/coinbase-wallet-sdk_13057b_5.57.2-snapshot.v20250321172030.js.gz
2025/06/19 18:31:11 compress: run /node_modules/uglify-js/bin/uglifyjs (3.15.4) [--mangle --compress if_return=true -o /tmp/work/dist/keylessPrompt_ba6629_5.57.2-snapshot.v20250321172030.min.js /tmp/work/dist/keylessPrompt_ba6629_5.57.2-snapshot.v20250321172030.js]
2025/06/19 18:31:12 br /tmp/work/dist/clerk.browser.js -> /output/clerk.browser.js.br
2025/06/19 18:31:12 gz /tmp/work/dist/clerk.browser.js -> /output/clerk.browser.js.gz
2025/06/19 18:31:12 compress: run /node_modules/uglify-js/bin/uglifyjs (3.15.4) [--mangle --compress if_return=true -o /tmp/work/dist/onetap_ba6629_5.57.2-snapshot.v20250321172030.min.js /tmp/work/dist/onetap_ba6629_5.57.2-snapshot.v20250321172030.js]
2025/06/19 18:31:12 sri /tmp/work/dist/impersonationfab_ba6629_5.57.2-snapshot.v20250321172030.min.js -> /output/impersonationfab_ba6629_5.57.2-snapshot.v20250321172030.min.js.sri
2025/06/19 18:31:12 algorithm: run /usr/bin/brotli --quality=11 --output=/output/impersonationfab_ba6629_5.57.2-snapshot.v20250321172030.min.js.br /tmp/work/dist/impersonationfab_ba6629_5.57.2-snapshot.v20250321172030.min.js
2025/06/19 18:31:12 sri /tmp/work/dist/onetap_ba6629_5.57.2-snapshot.v20250321172030.min.js -> /output/onetap_ba6629_5.57.2-snapshot.v20250321172030.min.js.sri
2025/06/19 18:31:12 algorithm: run /usr/bin/brotli --quality=11 --output=/output/onetap_ba6629_5.57.2-snapshot.v20250321172030.min.js.br /tmp/work/dist/onetap_ba6629_5.57.2-snapshot.v20250321172030.min.js
2025/06/19 18:31:12 br /tmp/work/dist/onetap_ba6629_5.57.2-snapshot.v20250321172030.min.js -> /output/onetap_ba6629_5.57.2-snapshot.v20250321172030.min.js.br
2025/06/19 18:31:12 gz /tmp/work/dist/onetap_ba6629_5.57.2-snapshot.v20250321172030.min.js -> /output/onetap_ba6629_5.57.2-snapshot.v20250321172030.min.js.gz
2025/06/19 18:31:12 sri /tmp/work/dist/onetap_ba6629_5.57.2-snapshot.v20250321172030.js -> /output/onetap_ba6629_5.57.2-snapshot.v20250321172030.js.sri
2025/06/19 18:31:12 algorithm: run /usr/bin/brotli --quality=11 --output=/output/onetap_ba6629_5.57.2-snapshot.v20250321172030.js.br /tmp/work/dist/onetap_ba6629_5.57.2-snapshot.v20250321172030.js
2025/06/19 18:31:12 br /tmp/work/dist/impersonationfab_ba6629_5.57.2-snapshot.v20250321172030.min.js -> /output/impersonationfab_ba6629_5.57.2-snapshot.v20250321172030.min.js.br
2025/06/19 18:31:12 gz /tmp/work/dist/impersonationfab_ba6629_5.57.2-snapshot.v20250321172030.min.js -> /output/impersonationfab_ba6629_5.57.2-snapshot.v20250321172030.min.js.gz
2025/06/19 18:31:12 sri /tmp/work/dist/impersonationfab_ba6629_5.57.2-snapshot.v20250321172030.js -> /output/impersonationfab_ba6629_5.57.2-snapshot.v20250321172030.js.sri
2025/06/19 18:31:12 algorithm: run /usr/bin/brotli --quality=11 --output=/output/impersonationfab_ba6629_5.57.2-snapshot.v20250321172030.js.br /tmp/work/dist/impersonationfab_ba6629_5.57.2-snapshot.v20250321172030.js
2025/06/19 18:31:12 br /tmp/work/dist/onetap_ba6629_5.57.2-snapshot.v20250321172030.js -> /output/onetap_ba6629_5.57.2-snapshot.v20250321172030.js.br
2025/06/19 18:31:12 gz /tmp/work/dist/onetap_ba6629_5.57.2-snapshot.v20250321172030.js -> /output/onetap_ba6629_5.57.2-snapshot.v20250321172030.js.gz
2025/06/19 18:31:12 compress: run /node_modules/uglify-js/bin/uglifyjs (3.15.4) [--mangle --compress if_return=true -o /tmp/work/dist/organizationlist_ba6629_5.57.2-snapshot.v20250321172030.min.js /tmp/work/dist/organizationlist_ba6629_5.57.2-snapshot.v20250321172030.js]
2025/06/19 18:31:12 br /tmp/work/dist/impersonationfab_ba6629_5.57.2-snapshot.v20250321172030.js -> /output/impersonationfab_ba6629_5.57.2-snapshot.v20250321172030.js.br
2025/06/19 18:31:12 gz /tmp/work/dist/impersonationfab_ba6629_5.57.2-snapshot.v20250321172030.js -> /output/impersonationfab_ba6629_5.57.2-snapshot.v20250321172030.js.gz
2025/06/19 18:31:12 compress: run /node_modules/uglify-js/bin/uglifyjs (3.15.4) [--mangle --compress if_return=true -o /tmp/work/dist/organizationprofile_ba6629_5.57.2-snapshot.v20250321172030.min.js /tmp/work/dist/organizationprofile_ba6629_5.57.2-snapshot.v20250321172030.js]
2025/06/19 18:31:13 br /tmp/work/dist/coinbase-wallet-sdk_ba6629_5.57.2-snapshot.v20250321172030.min.js -> /output/coinbase-wallet-sdk_ba6629_5.57.2-snapshot.v20250321172030.min.js.br
2025/06/19 18:31:13 gz /tmp/work/dist/coinbase-wallet-sdk_ba6629_5.57.2-snapshot.v20250321172030.min.js -> /output/coinbase-wallet-sdk_ba6629_5.57.2-snapshot.v20250321172030.min.js.gz
2025/06/19 18:31:13 sri /tmp/work/dist/coinbase-wallet-sdk_ba6629_5.57.2-snapshot.v20250321172030.js -> /output/coinbase-wallet-sdk_ba6629_5.57.2-snapshot.v20250321172030.js.sri
2025/06/19 18:31:13 algorithm: run /usr/bin/brotli --quality=11 --output=/output/coinbase-wallet-sdk_ba6629_5.57.2-snapshot.v20250321172030.js.br /tmp/work/dist/coinbase-wallet-sdk_ba6629_5.57.2-snapshot.v20250321172030.js
2025/06/19 18:31:14 br /tmp/work/dist/coinbase-wallet-sdk_ba6629_5.57.2-snapshot.v20250321172030.js -> /output/coinbase-wallet-sdk_ba6629_5.57.2-snapshot.v20250321172030.js.br
2025/06/19 18:31:14 gz /tmp/work/dist/coinbase-wallet-sdk_ba6629_5.57.2-snapshot.v20250321172030.js -> /output/coinbase-wallet-sdk_ba6629_5.57.2-snapshot.v20250321172030.js.gz
2025/06/19 18:31:14 compress: run /node_modules/uglify-js/bin/uglifyjs (3.15.4) [--mangle --compress if_return=true -o /tmp/work/dist/organizationswitcher_ba6629_5.57.2-snapshot.v20250321172030.min.js /tmp/work/dist/organizationswitcher_ba6629_5.57.2-snapshot.v20250321172030.js]
2025/06/19 18:31:14 sri /tmp/work/dist/keylessPrompt_ba6629_5.57.2-snapshot.v20250321172030.min.js -> /output/keylessPrompt_ba6629_5.57.2-snapshot.v20250321172030.min.js.sri
2025/06/19 18:31:14 algorithm: run /usr/bin/brotli --quality=11 --output=/output/keylessPrompt_ba6629_5.57.2-snapshot.v20250321172030.min.js.br /tmp/work/dist/keylessPrompt_ba6629_5.57.2-snapshot.v20250321172030.min.js
2025/06/19 18:31:14 br /tmp/work/dist/keylessPrompt_ba6629_5.57.2-snapshot.v20250321172030.min.js -> /output/keylessPrompt_ba6629_5.57.2-snapshot.v20250321172030.min.js.br
2025/06/19 18:31:14 gz /tmp/work/dist/keylessPrompt_ba6629_5.57.2-snapshot.v20250321172030.min.js -> /output/keylessPrompt_ba6629_5.57.2-snapshot.v20250321172030.min.js.gz
2025/06/19 18:31:14 sri /tmp/work/dist/keylessPrompt_ba6629_5.57.2-snapshot.v20250321172030.js -> /output/keylessPrompt_ba6629_5.57.2-snapshot.v20250321172030.js.sri
2025/06/19 18:31:14 algorithm: run /usr/bin/brotli --quality=11 --output=/output/keylessPrompt_ba6629_5.57.2-snapshot.v20250321172030.js.br /tmp/work/dist/keylessPrompt_ba6629_5.57.2-snapshot.v20250321172030.js
2025/06/19 18:31:14 br /tmp/work/dist/keylessPrompt_ba6629_5.57.2-snapshot.v20250321172030.js -> /output/keylessPrompt_ba6629_5.57.2-snapshot.v20250321172030.js.br
2025/06/19 18:31:14 gz /tmp/work/dist/keylessPrompt_ba6629_5.57.2-snapshot.v20250321172030.js -> /output/keylessPrompt_ba6629_5.57.2-snapshot.v20250321172030.js.gz
2025/06/19 18:31:14 compress: run /node_modules/uglify-js/bin/uglifyjs (3.15.4) [--mangle --compress if_return=true -o /tmp/work/dist/prefetchorganizationlist_ba6629_5.57.2-snapshot.v20250321172030.min.js /tmp/work/dist/prefetchorganizationlist_ba6629_5.57.2-snapshot.v20250321172030.js]
2025/06/19 18:31:15 sri /tmp/work/dist/organizationlist_ba6629_5.57.2-snapshot.v20250321172030.min.js -> /output/organizationlist_ba6629_5.57.2-snapshot.v20250321172030.min.js.sri
2025/06/19 18:31:15 algorithm: run /usr/bin/brotli --quality=11 --output=/output/organizationlist_ba6629_5.57.2-snapshot.v20250321172030.min.js.br /tmp/work/dist/organizationlist_ba6629_5.57.2-snapshot.v20250321172030.min.js
2025/06/19 18:31:15 br /tmp/work/dist/organizationlist_ba6629_5.57.2-snapshot.v20250321172030.min.js -> /output/organizationlist_ba6629_5.57.2-snapshot.v20250321172030.min.js.br
2025/06/19 18:31:15 gz /tmp/work/dist/organizationlist_ba6629_5.57.2-snapshot.v20250321172030.min.js -> /output/organizationlist_ba6629_5.57.2-snapshot.v20250321172030.min.js.gz
2025/06/19 18:31:15 sri /tmp/work/dist/organizationlist_ba6629_5.57.2-snapshot.v20250321172030.js -> /output/organizationlist_ba6629_5.57.2-snapshot.v20250321172030.js.sri
2025/06/19 18:31:15 algorithm: run /usr/bin/brotli --quality=11 --output=/output/organizationlist_ba6629_5.57.2-snapshot.v20250321172030.js.br /tmp/work/dist/organizationlist_ba6629_5.57.2-snapshot.v20250321172030.js
2025/06/19 18:31:15 br /tmp/work/dist/organizationlist_ba6629_5.57.2-snapshot.v20250321172030.js -> /output/organizationlist_ba6629_5.57.2-snapshot.v20250321172030.js.br
2025/06/19 18:31:15 gz /tmp/work/dist/organizationlist_ba6629_5.57.2-snapshot.v20250321172030.js -> /output/organizationlist_ba6629_5.57.2-snapshot.v20250321172030.js.gz
2025/06/19 18:31:15 compress: run /node_modules/uglify-js/bin/uglifyjs (3.15.4) [--mangle --compress if_return=true -o /tmp/work/dist/pricingTable_ba6629_5.57.2-snapshot.v20250321172030.min.js /tmp/work/dist/pricingTable_ba6629_5.57.2-snapshot.v20250321172030.js]
2025/06/19 18:31:15 br /tmp/work/dist/clerk.no-rhc.mjs -> /output/clerk.no-rhc.mjs.br
2025/06/19 18:31:16 sri /tmp/work/dist/prefetchorganizationlist_ba6629_5.57.2-snapshot.v20250321172030.min.js -> /output/prefetchorganizationlist_ba6629_5.57.2-snapshot.v20250321172030.min.js.sri
2025/06/19 18:31:16 algorithm: run /usr/bin/brotli --quality=11 --output=/output/prefetchorganizationlist_ba6629_5.57.2-snapshot.v20250321172030.min.js.br /tmp/work/dist/prefetchorganizationlist_ba6629_5.57.2-snapshot.v20250321172030.min.js
2025/06/19 18:31:16 br /tmp/work/dist/prefetchorganizationlist_ba6629_5.57.2-snapshot.v20250321172030.min.js -> /output/prefetchorganizationlist_ba6629_5.57.2-snapshot.v20250321172030.min.js.br
2025/06/19 18:31:16 gz /tmp/work/dist/prefetchorganizationlist_ba6629_5.57.2-snapshot.v20250321172030.min.js -> /output/prefetchorganizationlist_ba6629_5.57.2-snapshot.v20250321172030.min.js.gz
2025/06/19 18:31:16 sri /tmp/work/dist/prefetchorganizationlist_ba6629_5.57.2-snapshot.v20250321172030.js -> /output/prefetchorganizationlist_ba6629_5.57.2-snapshot.v20250321172030.js.sri
2025/06/19 18:31:16 algorithm: run /usr/bin/brotli --quality=11 --output=/output/prefetchorganizationlist_ba6629_5.57.2-snapshot.v20250321172030.js.br /tmp/work/dist/prefetchorganizationlist_ba6629_5.57.2-snapshot.v20250321172030.js
2025/06/19 18:31:16 br /tmp/work/dist/prefetchorganizationlist_ba6629_5.57.2-snapshot.v20250321172030.js -> /output/prefetchorganizationlist_ba6629_5.57.2-snapshot.v20250321172030.js.br
2025/06/19 18:31:16 gz /tmp/work/dist/prefetchorganizationlist_ba6629_5.57.2-snapshot.v20250321172030.js -> /output/prefetchorganizationlist_ba6629_5.57.2-snapshot.v20250321172030.js.gz
2025/06/19 18:31:16 compress: run /node_modules/uglify-js/bin/uglifyjs (3.15.4) [--mangle --compress if_return=true -o /tmp/work/dist/sessionTask_ba6629_5.57.2-snapshot.v20250321172030.min.js /tmp/work/dist/sessionTask_ba6629_5.57.2-snapshot.v20250321172030.js]
2025/06/19 18:31:16 gz /tmp/work/dist/clerk.no-rhc.mjs -> /output/clerk.no-rhc.mjs.gz
2025/06/19 18:31:16 compress: run /node_modules/uglify-js/bin/uglifyjs (3.15.4) [--mangle --compress if_return=true -o /tmp/work/dist/signin_ba6629_5.57.2-snapshot.v20250321172030.min.js /tmp/work/dist/signin_ba6629_5.57.2-snapshot.v20250321172030.js]
2025/06/19 18:31:16 sri /tmp/work/dist/organizationswitcher_ba6629_5.57.2-snapshot.v20250321172030.min.js -> /output/organizationswitcher_ba6629_5.57.2-snapshot.v20250321172030.min.js.sri
2025/06/19 18:31:16 algorithm: run /usr/bin/brotli --quality=11 --output=/output/organizationswitcher_ba6629_5.57.2-snapshot.v20250321172030.min.js.br /tmp/work/dist/organizationswitcher_ba6629_5.57.2-snapshot.v20250321172030.min.js
2025/06/19 18:31:16 br /tmp/work/dist/organizationswitcher_ba6629_5.57.2-snapshot.v20250321172030.min.js -> /output/organizationswitcher_ba6629_5.57.2-snapshot.v20250321172030.min.js.br
2025/06/19 18:31:16 gz /tmp/work/dist/organizationswitcher_ba6629_5.57.2-snapshot.v20250321172030.min.js -> /output/organizationswitcher_ba6629_5.57.2-snapshot.v20250321172030.min.js.gz
2025/06/19 18:31:16 sri /tmp/work/dist/organizationswitcher_ba6629_5.57.2-snapshot.v20250321172030.js -> /output/organizationswitcher_ba6629_5.57.2-snapshot.v20250321172030.js.sri
2025/06/19 18:31:16 algorithm: run /usr/bin/brotli --quality=11 --output=/output/organizationswitcher_ba6629_5.57.2-snapshot.v20250321172030.js.br /tmp/work/dist/organizationswitcher_ba6629_5.57.2-snapshot.v20250321172030.js
2025/06/19 18:31:16 br /tmp/work/dist/organizationswitcher_ba6629_5.57.2-snapshot.v20250321172030.js -> /output/organizationswitcher_ba6629_5.57.2-snapshot.v20250321172030.js.br
2025/06/19 18:31:16 gz /tmp/work/dist/organizationswitcher_ba6629_5.57.2-snapshot.v20250321172030.js -> /output/organizationswitcher_ba6629_5.57.2-snapshot.v20250321172030.js.gz
2025/06/19 18:31:16 compress: run /node_modules/uglify-js/bin/uglifyjs (3.15.4) [--mangle --compress if_return=true -o /tmp/work/dist/signup_ba6629_5.57.2-snapshot.v20250321172030.min.js /tmp/work/dist/signup_ba6629_5.57.2-snapshot.v20250321172030.js]
2025/06/19 18:31:17 sri /tmp/work/dist/organizationprofile_ba6629_5.57.2-snapshot.v20250321172030.min.js -> /output/organizationprofile_ba6629_5.57.2-snapshot.v20250321172030.min.js.sri
2025/06/19 18:31:17 algorithm: run /usr/bin/brotli --quality=11 --output=/output/organizationprofile_ba6629_5.57.2-snapshot.v20250321172030.min.js.br /tmp/work/dist/organizationprofile_ba6629_5.57.2-snapshot.v20250321172030.min.js
2025/06/19 18:31:17 sri /tmp/work/dist/pricingTable_ba6629_5.57.2-snapshot.v20250321172030.min.js -> /output/pricingTable_ba6629_5.57.2-snapshot.v20250321172030.min.js.sri
2025/06/19 18:31:17 algorithm: run /usr/bin/brotli --quality=11 --output=/output/pricingTable_ba6629_5.57.2-snapshot.v20250321172030.min.js.br /tmp/work/dist/pricingTable_ba6629_5.57.2-snapshot.v20250321172030.min.js
2025/06/19 18:31:18 br /tmp/work/dist/pricingTable_ba6629_5.57.2-snapshot.v20250321172030.min.js -> /output/pricingTable_ba6629_5.57.2-snapshot.v20250321172030.min.js.br
2025/06/19 18:31:18 br /tmp/work/dist/organizationprofile_ba6629_5.57.2-snapshot.v20250321172030.min.js -> /output/organizationprofile_ba6629_5.57.2-snapshot.v20250321172030.min.js.br
2025/06/19 18:31:18 gz /tmp/work/dist/organizationprofile_ba6629_5.57.2-snapshot.v20250321172030.min.js -> /output/organizationprofile_ba6629_5.57.2-snapshot.v20250321172030.min.js.gz
2025/06/19 18:31:18 sri /tmp/work/dist/organizationprofile_ba6629_5.57.2-snapshot.v20250321172030.js -> /output/organizationprofile_ba6629_5.57.2-snapshot.v20250321172030.js.sri
2025/06/19 18:31:18 algorithm: run /usr/bin/brotli --quality=11 --output=/output/organizationprofile_ba6629_5.57.2-snapshot.v20250321172030.js.br /tmp/work/dist/organizationprofile_ba6629_5.57.2-snapshot.v20250321172030.js
2025/06/19 18:31:18 gz /tmp/work/dist/pricingTable_ba6629_5.57.2-snapshot.v20250321172030.min.js -> /output/pricingTable_ba6629_5.57.2-snapshot.v20250321172030.min.js.gz
2025/06/19 18:31:18 sri /tmp/work/dist/pricingTable_ba6629_5.57.2-snapshot.v20250321172030.js -> /output/pricingTable_ba6629_5.57.2-snapshot.v20250321172030.js.sri
2025/06/19 18:31:18 algorithm: run /usr/bin/brotli --quality=11 --output=/output/pricingTable_ba6629_5.57.2-snapshot.v20250321172030.js.br /tmp/work/dist/pricingTable_ba6629_5.57.2-snapshot.v20250321172030.js
2025/06/19 18:31:18 sri /tmp/work/dist/sessionTask_ba6629_5.57.2-snapshot.v20250321172030.min.js -> /output/sessionTask_ba6629_5.57.2-snapshot.v20250321172030.min.js.sri
2025/06/19 18:31:18 algorithm: run /usr/bin/brotli --quality=11 --output=/output/sessionTask_ba6629_5.57.2-snapshot.v20250321172030.min.js.br /tmp/work/dist/sessionTask_ba6629_5.57.2-snapshot.v20250321172030.min.js
2025/06/19 18:31:18 br /tmp/work/dist/sessionTask_ba6629_5.57.2-snapshot.v20250321172030.min.js -> /output/sessionTask_ba6629_5.57.2-snapshot.v20250321172030.min.js.br
2025/06/19 18:31:18 gz /tmp/work/dist/sessionTask_ba6629_5.57.2-snapshot.v20250321172030.min.js -> /output/sessionTask_ba6629_5.57.2-snapshot.v20250321172030.min.js.gz
2025/06/19 18:31:18 sri /tmp/work/dist/sessionTask_ba6629_5.57.2-snapshot.v20250321172030.js -> /output/sessionTask_ba6629_5.57.2-snapshot.v20250321172030.js.sri
2025/06/19 18:31:18 algorithm: run /usr/bin/brotli --quality=11 --output=/output/sessionTask_ba6629_5.57.2-snapshot.v20250321172030.js.br /tmp/work/dist/sessionTask_ba6629_5.57.2-snapshot.v20250321172030.js
2025/06/19 18:31:18 br /tmp/work/dist/sessionTask_ba6629_5.57.2-snapshot.v20250321172030.js -> /output/sessionTask_ba6629_5.57.2-snapshot.v20250321172030.js.br
2025/06/19 18:31:18 gz /tmp/work/dist/sessionTask_ba6629_5.57.2-snapshot.v20250321172030.js -> /output/sessionTask_ba6629_5.57.2-snapshot.v20250321172030.js.gz
2025/06/19 18:31:18 compress: run /node_modules/uglify-js/bin/uglifyjs (3.15.4) [--mangle --compress if_return=true -o /tmp/work/dist/ui-common_ba6629_5.57.2-snapshot.v20250321172030.min.js /tmp/work/dist/ui-common_ba6629_5.57.2-snapshot.v20250321172030.js]
2025/06/19 18:31:18 br /tmp/work/dist/pricingTable_ba6629_5.57.2-snapshot.v20250321172030.js -> /output/pricingTable_ba6629_5.57.2-snapshot.v20250321172030.js.br
2025/06/19 18:31:18 gz /tmp/work/dist/pricingTable_ba6629_5.57.2-snapshot.v20250321172030.js -> /output/pricingTable_ba6629_5.57.2-snapshot.v20250321172030.js.gz
2025/06/19 18:31:18 compress: run /node_modules/uglify-js/bin/uglifyjs (3.15.4) [--mangle --compress if_return=true -o /tmp/work/dist/up-billing-page_ba6629_5.57.2-snapshot.v20250321172030.min.js /tmp/work/dist/up-billing-page_ba6629_5.57.2-snapshot.v20250321172030.js]
2025/06/19 18:31:19 br /tmp/work/dist/organizationprofile_ba6629_5.57.2-snapshot.v20250321172030.js -> /output/organizationprofile_ba6629_5.57.2-snapshot.v20250321172030.js.br
2025/06/19 18:31:19 gz /tmp/work/dist/organizationprofile_ba6629_5.57.2-snapshot.v20250321172030.js -> /output/organizationprofile_ba6629_5.57.2-snapshot.v20250321172030.js.gz
2025/06/19 18:31:19 compress: run /node_modules/uglify-js/bin/uglifyjs (3.15.4) [--mangle --compress if_return=true -o /tmp/work/dist/userbutton_ba6629_5.57.2-snapshot.v20250321172030.min.js /tmp/work/dist/userbutton_ba6629_5.57.2-snapshot.v20250321172030.js]
2025/06/19 18:31:19 sri /tmp/work/dist/up-billing-page_ba6629_5.57.2-snapshot.v20250321172030.min.js -> /output/up-billing-page_ba6629_5.57.2-snapshot.v20250321172030.min.js.sri
2025/06/19 18:31:19 algorithm: run /usr/bin/brotli --quality=11 --output=/output/up-billing-page_ba6629_5.57.2-snapshot.v20250321172030.min.js.br /tmp/work/dist/up-billing-page_ba6629_5.57.2-snapshot.v20250321172030.min.js
2025/06/19 18:31:19 br /tmp/work/dist/up-billing-page_ba6629_5.57.2-snapshot.v20250321172030.min.js -> /output/up-billing-page_ba6629_5.57.2-snapshot.v20250321172030.min.js.br
2025/06/19 18:31:19 gz /tmp/work/dist/up-billing-page_ba6629_5.57.2-snapshot.v20250321172030.min.js -> /output/up-billing-page_ba6629_5.57.2-snapshot.v20250321172030.min.js.gz
2025/06/19 18:31:19 sri /tmp/work/dist/up-billing-page_ba6629_5.57.2-snapshot.v20250321172030.js -> /output/up-billing-page_ba6629_5.57.2-snapshot.v20250321172030.js.sri
2025/06/19 18:31:19 algorithm: run /usr/bin/brotli --quality=11 --output=/output/up-billing-page_ba6629_5.57.2-snapshot.v20250321172030.js.br /tmp/work/dist/up-billing-page_ba6629_5.57.2-snapshot.v20250321172030.js
2025/06/19 18:31:19 br /tmp/work/dist/up-billing-page_ba6629_5.57.2-snapshot.v20250321172030.js -> /output/up-billing-page_ba6629_5.57.2-snapshot.v20250321172030.js.br
2025/06/19 18:31:19 gz /tmp/work/dist/up-billing-page_ba6629_5.57.2-snapshot.v20250321172030.js -> /output/up-billing-page_ba6629_5.57.2-snapshot.v20250321172030.js.gz
2025/06/19 18:31:19 compress: run /node_modules/uglify-js/bin/uglifyjs (3.15.4) [--mangle --compress if_return=true -o /tmp/work/dist/userprofile_ba6629_5.57.2-snapshot.v20250321172030.min.js /tmp/work/dist/userprofile_ba6629_5.57.2-snapshot.v20250321172030.js]
2025/06/19 18:31:21 sri /tmp/work/dist/signup_ba6629_5.57.2-snapshot.v20250321172030.min.js -> /output/signup_ba6629_5.57.2-snapshot.v20250321172030.min.js.sri
2025/06/19 18:31:21 algorithm: run /usr/bin/brotli --quality=11 --output=/output/signup_ba6629_5.57.2-snapshot.v20250321172030.min.js.br /tmp/work/dist/signup_ba6629_5.57.2-snapshot.v20250321172030.min.js
2025/06/19 18:31:21 br /tmp/work/dist/signup_ba6629_5.57.2-snapshot.v20250321172030.min.js -> /output/signup_ba6629_5.57.2-snapshot.v20250321172030.min.js.br
2025/06/19 18:31:21 gz /tmp/work/dist/signup_ba6629_5.57.2-snapshot.v20250321172030.min.js -> /output/signup_ba6629_5.57.2-snapshot.v20250321172030.min.js.gz
2025/06/19 18:31:21 sri /tmp/work/dist/signup_ba6629_5.57.2-snapshot.v20250321172030.js -> /output/signup_ba6629_5.57.2-snapshot.v20250321172030.js.sri
2025/06/19 18:31:21 algorithm: run /usr/bin/brotli --quality=11 --output=/output/signup_ba6629_5.57.2-snapshot.v20250321172030.js.br /tmp/work/dist/signup_ba6629_5.57.2-snapshot.v20250321172030.js
2025/06/19 18:31:21 sri /tmp/work/dist/userbutton_ba6629_5.57.2-snapshot.v20250321172030.min.js -> /output/userbutton_ba6629_5.57.2-snapshot.v20250321172030.min.js.sri
2025/06/19 18:31:21 algorithm: run /usr/bin/brotli --quality=11 --output=/output/userbutton_ba6629_5.57.2-snapshot.v20250321172030.min.js.br /tmp/work/dist/userbutton_ba6629_5.57.2-snapshot.v20250321172030.min.js
2025/06/19 18:31:22 br /tmp/work/dist/userbutton_ba6629_5.57.2-snapshot.v20250321172030.min.js -> /output/userbutton_ba6629_5.57.2-snapshot.v20250321172030.min.js.br
2025/06/19 18:31:22 gz /tmp/work/dist/userbutton_ba6629_5.57.2-snapshot.v20250321172030.min.js -> /output/userbutton_ba6629_5.57.2-snapshot.v20250321172030.min.js.gz
2025/06/19 18:31:22 sri /tmp/work/dist/userbutton_ba6629_5.57.2-snapshot.v20250321172030.js -> /output/userbutton_ba6629_5.57.2-snapshot.v20250321172030.js.sri
2025/06/19 18:31:22 algorithm: run /usr/bin/brotli --quality=11 --output=/output/userbutton_ba6629_5.57.2-snapshot.v20250321172030.js.br /tmp/work/dist/userbutton_ba6629_5.57.2-snapshot.v20250321172030.js
2025/06/19 18:31:22 sri /tmp/work/dist/signin_ba6629_5.57.2-snapshot.v20250321172030.min.js -> /output/signin_ba6629_5.57.2-snapshot.v20250321172030.min.js.sri
2025/06/19 18:31:22 algorithm: run /usr/bin/brotli --quality=11 --output=/output/signin_ba6629_5.57.2-snapshot.v20250321172030.min.js.br /tmp/work/dist/signin_ba6629_5.57.2-snapshot.v20250321172030.min.js
2025/06/19 18:31:22 br /tmp/work/dist/userbutton_ba6629_5.57.2-snapshot.v20250321172030.js -> /output/userbutton_ba6629_5.57.2-snapshot.v20250321172030.js.br
2025/06/19 18:31:22 gz /tmp/work/dist/userbutton_ba6629_5.57.2-snapshot.v20250321172030.js -> /output/userbutton_ba6629_5.57.2-snapshot.v20250321172030.js.gz
2025/06/19 18:31:22 compress: run /node_modules/uglify-js/bin/uglifyjs (3.15.4) [--mangle --compress if_return=true -o /tmp/work/dist/userverification_ba6629_5.57.2-snapshot.v20250321172030.min.js /tmp/work/dist/userverification_ba6629_5.57.2-snapshot.v20250321172030.js]
2025/06/19 18:31:22 br /tmp/work/dist/signin_ba6629_5.57.2-snapshot.v20250321172030.min.js -> /output/signin_ba6629_5.57.2-snapshot.v20250321172030.min.js.br
2025/06/19 18:31:22 gz /tmp/work/dist/signin_ba6629_5.57.2-snapshot.v20250321172030.min.js -> /output/signin_ba6629_5.57.2-snapshot.v20250321172030.min.js.gz
2025/06/19 18:31:22 sri /tmp/work/dist/signin_ba6629_5.57.2-snapshot.v20250321172030.js -> /output/signin_ba6629_5.57.2-snapshot.v20250321172030.js.sri
2025/06/19 18:31:22 algorithm: run /usr/bin/brotli --quality=11 --output=/output/signin_ba6629_5.57.2-snapshot.v20250321172030.js.br /tmp/work/dist/signin_ba6629_5.57.2-snapshot.v20250321172030.js
2025/06/19 18:31:22 br /tmp/work/dist/signup_ba6629_5.57.2-snapshot.v20250321172030.js -> /output/signup_ba6629_5.57.2-snapshot.v20250321172030.js.br
2025/06/19 18:31:22 gz /tmp/work/dist/signup_ba6629_5.57.2-snapshot.v20250321172030.js -> /output/signup_ba6629_5.57.2-snapshot.v20250321172030.js.gz
2025/06/19 18:31:22 compress: run /node_modules/uglify-js/bin/uglifyjs (3.15.4) [--mangle --compress if_return=true -o /tmp/work/dist/vendors_13057b_5.57.2-snapshot.v20250321172030.min.js /tmp/work/dist/vendors_13057b_5.57.2-snapshot.v20250321172030.js]
2025/06/19 18:31:22 br /tmp/work/dist/signin_ba6629_5.57.2-snapshot.v20250321172030.js -> /output/signin_ba6629_5.57.2-snapshot.v20250321172030.js.br
2025/06/19 18:31:22 gz /tmp/work/dist/signin_ba6629_5.57.2-snapshot.v20250321172030.js -> /output/signin_ba6629_5.57.2-snapshot.v20250321172030.js.gz
2025/06/19 18:31:22 compress: run /node_modules/uglify-js/bin/uglifyjs (3.15.4) [--mangle --compress if_return=true -o /tmp/work/dist/vendors_ba6629_5.57.2-snapshot.v20250321172030.min.js /tmp/work/dist/vendors_ba6629_5.57.2-snapshot.v20250321172030.js]
2025/06/19 18:31:23 sri /tmp/work/dist/framework_ba6629_5.57.2-snapshot.v20250321172030.min.js -> /output/framework_ba6629_5.57.2-snapshot.v20250321172030.min.js.sri
2025/06/19 18:31:23 algorithm: run /usr/bin/brotli --quality=11 --output=/output/framework_ba6629_5.57.2-snapshot.v20250321172030.min.js.br /tmp/work/dist/framework_ba6629_5.57.2-snapshot.v20250321172030.min.js
2025/06/19 18:31:24 br /tmp/work/dist/framework_ba6629_5.57.2-snapshot.v20250321172030.min.js -> /output/framework_ba6629_5.57.2-snapshot.v20250321172030.min.js.br
2025/06/19 18:31:24 gz /tmp/work/dist/framework_ba6629_5.57.2-snapshot.v20250321172030.min.js -> /output/framework_ba6629_5.57.2-snapshot.v20250321172030.min.js.gz
2025/06/19 18:31:24 sri /tmp/work/dist/userverification_ba6629_5.57.2-snapshot.v20250321172030.min.js -> /output/userverification_ba6629_5.57.2-snapshot.v20250321172030.min.js.sri
2025/06/19 18:31:24 algorithm: run /usr/bin/brotli --quality=11 --output=/output/userverification_ba6629_5.57.2-snapshot.v20250321172030.min.js.br /tmp/work/dist/userverification_ba6629_5.57.2-snapshot.v20250321172030.min.js
2025/06/19 18:31:24 sri /tmp/work/dist/framework_ba6629_5.57.2-snapshot.v20250321172030.js -> /output/framework_ba6629_5.57.2-snapshot.v20250321172030.js.sri
2025/06/19 18:31:24 algorithm: run /usr/bin/brotli --quality=11 --output=/output/framework_ba6629_5.57.2-snapshot.v20250321172030.js.br /tmp/work/dist/framework_ba6629_5.57.2-snapshot.v20250321172030.js
2025/06/19 18:31:24 br /tmp/work/dist/userverification_ba6629_5.57.2-snapshot.v20250321172030.min.js -> /output/userverification_ba6629_5.57.2-snapshot.v20250321172030.min.js.br
2025/06/19 18:31:24 gz /tmp/work/dist/userverification_ba6629_5.57.2-snapshot.v20250321172030.min.js -> /output/userverification_ba6629_5.57.2-snapshot.v20250321172030.min.js.gz
2025/06/19 18:31:24 sri /tmp/work/dist/userverification_ba6629_5.57.2-snapshot.v20250321172030.js -> /output/userverification_ba6629_5.57.2-snapshot.v20250321172030.js.sri
2025/06/19 18:31:24 algorithm: run /usr/bin/brotli --quality=11 --output=/output/userverification_ba6629_5.57.2-snapshot.v20250321172030.js.br /tmp/work/dist/userverification_ba6629_5.57.2-snapshot.v20250321172030.js
2025/06/19 18:31:24 br /tmp/work/dist/userverification_ba6629_5.57.2-snapshot.v20250321172030.js -> /output/userverification_ba6629_5.57.2-snapshot.v20250321172030.js.br
2025/06/19 18:31:24 gz /tmp/work/dist/userverification_ba6629_5.57.2-snapshot.v20250321172030.js -> /output/userverification_ba6629_5.57.2-snapshot.v20250321172030.js.gz
2025/06/19 18:31:24 compress: run /node_modules/uglify-js/bin/uglifyjs (3.15.4) [--mangle --compress if_return=true -o /tmp/work/dist/waitlist_ba6629_5.57.2-snapshot.v20250321172030.min.js /tmp/work/dist/waitlist_ba6629_5.57.2-snapshot.v20250321172030.js]
2025/06/19 18:31:25 sri /tmp/work/dist/vendors_13057b_5.57.2-snapshot.v20250321172030.min.js -> /output/vendors_13057b_5.57.2-snapshot.v20250321172030.min.js.sri
2025/06/19 18:31:25 algorithm: run /usr/bin/brotli --quality=11 --output=/output/vendors_13057b_5.57.2-snapshot.v20250321172030.min.js.br /tmp/work/dist/vendors_13057b_5.57.2-snapshot.v20250321172030.min.js
2025/06/19 18:31:25 br /tmp/work/dist/vendors_13057b_5.57.2-snapshot.v20250321172030.min.js -> /output/vendors_13057b_5.57.2-snapshot.v20250321172030.min.js.br
2025/06/19 18:31:25 gz /tmp/work/dist/vendors_13057b_5.57.2-snapshot.v20250321172030.min.js -> /output/vendors_13057b_5.57.2-snapshot.v20250321172030.min.js.gz
2025/06/19 18:31:25 sri /tmp/work/dist/vendors_13057b_5.57.2-snapshot.v20250321172030.js -> /output/vendors_13057b_5.57.2-snapshot.v20250321172030.js.sri
2025/06/19 18:31:25 algorithm: run /usr/bin/brotli --quality=11 --output=/output/vendors_13057b_5.57.2-snapshot.v20250321172030.js.br /tmp/work/dist/vendors_13057b_5.57.2-snapshot.v20250321172030.js
2025/06/19 18:31:25 br /tmp/work/dist/vendors_13057b_5.57.2-snapshot.v20250321172030.js -> /output/vendors_13057b_5.57.2-snapshot.v20250321172030.js.br
2025/06/19 18:31:25 gz /tmp/work/dist/vendors_13057b_5.57.2-snapshot.v20250321172030.js -> /output/vendors_13057b_5.57.2-snapshot.v20250321172030.js.gz
2025/06/19 18:31:25 compress: run /node_modules/uglify-js/bin/uglifyjs (3.15.4) [--mangle --compress if_return=true -o /tmp/work/dist/zxcvbn-common_13057b_5.57.2-snapshot.v20250321172030.min.js /tmp/work/dist/zxcvbn-common_13057b_5.57.2-snapshot.v20250321172030.js]
2025/06/19 18:31:25 sri /tmp/work/dist/userprofile_ba6629_5.57.2-snapshot.v20250321172030.min.js -> /output/userprofile_ba6629_5.57.2-snapshot.v20250321172030.min.js.sri
2025/06/19 18:31:25 algorithm: run /usr/bin/brotli --quality=11 --output=/output/userprofile_ba6629_5.57.2-snapshot.v20250321172030.min.js.br /tmp/work/dist/userprofile_ba6629_5.57.2-snapshot.v20250321172030.min.js
2025/06/19 18:31:25 br /tmp/work/dist/framework_ba6629_5.57.2-snapshot.v20250321172030.js -> /output/framework_ba6629_5.57.2-snapshot.v20250321172030.js.br
2025/06/19 18:31:25 gz /tmp/work/dist/framework_ba6629_5.57.2-snapshot.v20250321172030.js -> /output/framework_ba6629_5.57.2-snapshot.v20250321172030.js.gz
2025/06/19 18:31:25 compress: run /node_modules/uglify-js/bin/uglifyjs (3.15.4) [--mangle --compress if_return=true -o /tmp/work/dist/zxcvbn-common_ba6629_5.57.2-snapshot.v20250321172030.min.js /tmp/work/dist/zxcvbn-common_ba6629_5.57.2-snapshot.v20250321172030.js]
2025/06/19 18:31:26 sri /tmp/work/dist/waitlist_ba6629_5.57.2-snapshot.v20250321172030.min.js -> /output/waitlist_ba6629_5.57.2-snapshot.v20250321172030.min.js.sri
2025/06/19 18:31:26 algorithm: run /usr/bin/brotli --quality=11 --output=/output/waitlist_ba6629_5.57.2-snapshot.v20250321172030.min.js.br /tmp/work/dist/waitlist_ba6629_5.57.2-snapshot.v20250321172030.min.js
2025/06/19 18:31:26 br /tmp/work/dist/waitlist_ba6629_5.57.2-snapshot.v20250321172030.min.js -> /output/waitlist_ba6629_5.57.2-snapshot.v20250321172030.min.js.br
2025/06/19 18:31:26 gz /tmp/work/dist/waitlist_ba6629_5.57.2-snapshot.v20250321172030.min.js -> /output/waitlist_ba6629_5.57.2-snapshot.v20250321172030.min.js.gz
2025/06/19 18:31:26 sri /tmp/work/dist/waitlist_ba6629_5.57.2-snapshot.v20250321172030.js -> /output/waitlist_ba6629_5.57.2-snapshot.v20250321172030.js.sri
2025/06/19 18:31:26 algorithm: run /usr/bin/brotli --quality=11 --output=/output/waitlist_ba6629_5.57.2-snapshot.v20250321172030.js.br /tmp/work/dist/waitlist_ba6629_5.57.2-snapshot.v20250321172030.js
2025/06/19 18:31:26 br /tmp/work/dist/waitlist_ba6629_5.57.2-snapshot.v20250321172030.js -> /output/waitlist_ba6629_5.57.2-snapshot.v20250321172030.js.br
2025/06/19 18:31:26 gz /tmp/work/dist/waitlist_ba6629_5.57.2-snapshot.v20250321172030.js -> /output/waitlist_ba6629_5.57.2-snapshot.v20250321172030.js.gz
2025/06/19 18:31:26 compress: run /node_modules/uglify-js/bin/uglifyjs (3.15.4) [--mangle --compress if_return=true -o /tmp/work/dist/zxcvbn-ts-core_13057b_5.57.2-snapshot.v20250321172030.min.js /tmp/work/dist/zxcvbn-ts-core_13057b_5.57.2-snapshot.v20250321172030.js]
2025/06/19 18:31:26 br /tmp/work/dist/userprofile_ba6629_5.57.2-snapshot.v20250321172030.min.js -> /output/userprofile_ba6629_5.57.2-snapshot.v20250321172030.min.js.br
2025/06/19 18:31:26 gz /tmp/work/dist/userprofile_ba6629_5.57.2-snapshot.v20250321172030.min.js -> /output/userprofile_ba6629_5.57.2-snapshot.v20250321172030.min.js.gz
2025/06/19 18:31:26 sri /tmp/work/dist/userprofile_ba6629_5.57.2-snapshot.v20250321172030.js -> /output/userprofile_ba6629_5.57.2-snapshot.v20250321172030.js.sri
2025/06/19 18:31:26 algorithm: run /usr/bin/brotli --quality=11 --output=/output/userprofile_ba6629_5.57.2-snapshot.v20250321172030.js.br /tmp/work/dist/userprofile_ba6629_5.57.2-snapshot.v20250321172030.js
2025/06/19 18:31:27 br /tmp/work/dist/userprofile_ba6629_5.57.2-snapshot.v20250321172030.js -> /output/userprofile_ba6629_5.57.2-snapshot.v20250321172030.js.br
2025/06/19 18:31:27 gz /tmp/work/dist/userprofile_ba6629_5.57.2-snapshot.v20250321172030.js -> /output/userprofile_ba6629_5.57.2-snapshot.v20250321172030.js.gz
2025/06/19 18:31:27 compress: run /node_modules/uglify-js/bin/uglifyjs (3.15.4) [--mangle --compress if_return=true -o /tmp/work/dist/zxcvbn-ts-core_ba6629_5.57.2-snapshot.v20250321172030.min.js /tmp/work/dist/zxcvbn-ts-core_ba6629_5.57.2-snapshot.v20250321172030.js]
2025/06/19 18:31:27 sri /tmp/work/dist/zxcvbn-common_13057b_5.57.2-snapshot.v20250321172030.min.js -> /output/zxcvbn-common_13057b_5.57.2-snapshot.v20250321172030.min.js.sri
2025/06/19 18:31:27 algorithm: run /usr/bin/brotli --quality=11 --output=/output/zxcvbn-common_13057b_5.57.2-snapshot.v20250321172030.min.js.br /tmp/work/dist/zxcvbn-common_13057b_5.57.2-snapshot.v20250321172030.min.js
2025/06/19 18:31:27 sri /tmp/work/dist/zxcvbn-common_ba6629_5.57.2-snapshot.v20250321172030.min.js -> /output/zxcvbn-common_ba6629_5.57.2-snapshot.v20250321172030.min.js.sri
2025/06/19 18:31:27 algorithm: run /usr/bin/brotli --quality=11 --output=/output/zxcvbn-common_ba6629_5.57.2-snapshot.v20250321172030.min.js.br /tmp/work/dist/zxcvbn-common_ba6629_5.57.2-snapshot.v20250321172030.min.js
2025/06/19 18:31:30 sri /tmp/work/dist/zxcvbn-ts-core_13057b_5.57.2-snapshot.v20250321172030.min.js -> /output/zxcvbn-ts-core_13057b_5.57.2-snapshot.v20250321172030.min.js.sri
2025/06/19 18:31:30 algorithm: run /usr/bin/brotli --quality=11 --output=/output/zxcvbn-ts-core_13057b_5.57.2-snapshot.v20250321172030.min.js.br /tmp/work/dist/zxcvbn-ts-core_13057b_5.57.2-snapshot.v20250321172030.min.js
2025/06/19 18:31:30 br /tmp/work/dist/zxcvbn-ts-core_13057b_5.57.2-snapshot.v20250321172030.min.js -> /output/zxcvbn-ts-core_13057b_5.57.2-snapshot.v20250321172030.min.js.br
2025/06/19 18:31:30 gz /tmp/work/dist/zxcvbn-ts-core_13057b_5.57.2-snapshot.v20250321172030.min.js -> /output/zxcvbn-ts-core_13057b_5.57.2-snapshot.v20250321172030.min.js.gz
2025/06/19 18:31:30 sri /tmp/work/dist/zxcvbn-ts-core_13057b_5.57.2-snapshot.v20250321172030.js -> /output/zxcvbn-ts-core_13057b_5.57.2-snapshot.v20250321172030.js.sri
2025/06/19 18:31:30 algorithm: run /usr/bin/brotli --quality=11 --output=/output/zxcvbn-ts-core_13057b_5.57.2-snapshot.v20250321172030.js.br /tmp/work/dist/zxcvbn-ts-core_13057b_5.57.2-snapshot.v20250321172030.js
2025/06/19 18:31:31 br /tmp/work/dist/zxcvbn-ts-core_13057b_5.57.2-snapshot.v20250321172030.js -> /output/zxcvbn-ts-core_13057b_5.57.2-snapshot.v20250321172030.js.br
2025/06/19 18:31:31 gz /tmp/work/dist/zxcvbn-ts-core_13057b_5.57.2-snapshot.v20250321172030.js -> /output/zxcvbn-ts-core_13057b_5.57.2-snapshot.v20250321172030.js.gz
2025/06/19 18:31:31 br /tmp/work/dist/zxcvbn-common_13057b_5.57.2-snapshot.v20250321172030.min.js -> /output/zxcvbn-common_13057b_5.57.2-snapshot.v20250321172030.min.js.br
2025/06/19 18:31:31 sri /tmp/work/dist/zxcvbn-ts-core_ba6629_5.57.2-snapshot.v20250321172030.min.js -> /output/zxcvbn-ts-core_ba6629_5.57.2-snapshot.v20250321172030.min.js.sri
2025/06/19 18:31:31 algorithm: run /usr/bin/brotli --quality=11 --output=/output/zxcvbn-ts-core_ba6629_5.57.2-snapshot.v20250321172030.min.js.br /tmp/work/dist/zxcvbn-ts-core_ba6629_5.57.2-snapshot.v20250321172030.min.js
2025/06/19 18:31:32 gz /tmp/work/dist/zxcvbn-common_13057b_5.57.2-snapshot.v20250321172030.min.js -> /output/zxcvbn-common_13057b_5.57.2-snapshot.v20250321172030.min.js.gz
2025/06/19 18:31:32 sri /tmp/work/dist/zxcvbn-common_13057b_5.57.2-snapshot.v20250321172030.js -> /output/zxcvbn-common_13057b_5.57.2-snapshot.v20250321172030.js.sri
2025/06/19 18:31:32 algorithm: run /usr/bin/brotli --quality=11 --output=/output/zxcvbn-common_13057b_5.57.2-snapshot.v20250321172030.js.br /tmp/work/dist/zxcvbn-common_13057b_5.57.2-snapshot.v20250321172030.js
2025/06/19 18:31:32 br /tmp/work/dist/zxcvbn-ts-core_ba6629_5.57.2-snapshot.v20250321172030.min.js -> /output/zxcvbn-ts-core_ba6629_5.57.2-snapshot.v20250321172030.min.js.br
2025/06/19 18:31:32 gz /tmp/work/dist/zxcvbn-ts-core_ba6629_5.57.2-snapshot.v20250321172030.min.js -> /output/zxcvbn-ts-core_ba6629_5.57.2-snapshot.v20250321172030.min.js.gz
2025/06/19 18:31:32 sri /tmp/work/dist/zxcvbn-ts-core_ba6629_5.57.2-snapshot.v20250321172030.js -> /output/zxcvbn-ts-core_ba6629_5.57.2-snapshot.v20250321172030.js.sri
2025/06/19 18:31:32 algorithm: run /usr/bin/brotli --quality=11 --output=/output/zxcvbn-ts-core_ba6629_5.57.2-snapshot.v20250321172030.js.br /tmp/work/dist/zxcvbn-ts-core_ba6629_5.57.2-snapshot.v20250321172030.js
2025/06/19 18:31:32 br /tmp/work/dist/zxcvbn-ts-core_ba6629_5.57.2-snapshot.v20250321172030.js -> /output/zxcvbn-ts-core_ba6629_5.57.2-snapshot.v20250321172030.js.br
2025/06/19 18:31:32 gz /tmp/work/dist/zxcvbn-ts-core_ba6629_5.57.2-snapshot.v20250321172030.js -> /output/zxcvbn-ts-core_ba6629_5.57.2-snapshot.v20250321172030.js.gz
2025/06/19 18:31:33 br /tmp/work/dist/zxcvbn-common_ba6629_5.57.2-snapshot.v20250321172030.min.js -> /output/zxcvbn-common_ba6629_5.57.2-snapshot.v20250321172030.min.js.br
2025/06/19 18:31:34 gz /tmp/work/dist/zxcvbn-common_ba6629_5.57.2-snapshot.v20250321172030.min.js -> /output/zxcvbn-common_ba6629_5.57.2-snapshot.v20250321172030.min.js.gz
2025/06/19 18:31:34 sri /tmp/work/dist/zxcvbn-common_ba6629_5.57.2-snapshot.v20250321172030.js -> /output/zxcvbn-common_ba6629_5.57.2-snapshot.v20250321172030.js.sri
2025/06/19 18:31:34 algorithm: run /usr/bin/brotli --quality=11 --output=/output/zxcvbn-common_ba6629_5.57.2-snapshot.v20250321172030.js.br /tmp/work/dist/zxcvbn-common_ba6629_5.57.2-snapshot.v20250321172030.js
2025/06/19 18:31:34 sri /tmp/work/dist/vendors_ba6629_5.57.2-snapshot.v20250321172030.min.js -> /output/vendors_ba6629_5.57.2-snapshot.v20250321172030.min.js.sri
2025/06/19 18:31:34 algorithm: run /usr/bin/brotli --quality=11 --output=/output/vendors_ba6629_5.57.2-snapshot.v20250321172030.min.js.br /tmp/work/dist/vendors_ba6629_5.57.2-snapshot.v20250321172030.min.js
2025/06/19 18:31:35 br /tmp/work/dist/vendors_ba6629_5.57.2-snapshot.v20250321172030.min.js -> /output/vendors_ba6629_5.57.2-snapshot.v20250321172030.min.js.br
2025/06/19 18:31:35 gz /tmp/work/dist/vendors_ba6629_5.57.2-snapshot.v20250321172030.min.js -> /output/vendors_ba6629_5.57.2-snapshot.v20250321172030.min.js.gz
2025/06/19 18:31:35 sri /tmp/work/dist/vendors_ba6629_5.57.2-snapshot.v20250321172030.js -> /output/vendors_ba6629_5.57.2-snapshot.v20250321172030.js.sri
2025/06/19 18:31:35 algorithm: run /usr/bin/brotli --quality=11 --output=/output/vendors_ba6629_5.57.2-snapshot.v20250321172030.js.br /tmp/work/dist/vendors_ba6629_5.57.2-snapshot.v20250321172030.js
2025/06/19 18:31:35 sri /tmp/work/dist/ui-common_ba6629_5.57.2-snapshot.v20250321172030.min.js -> /output/ui-common_ba6629_5.57.2-snapshot.v20250321172030.min.js.sri
2025/06/19 18:31:35 algorithm: run /usr/bin/brotli --quality=11 --output=/output/ui-common_ba6629_5.57.2-snapshot.v20250321172030.min.js.br /tmp/work/dist/ui-common_ba6629_5.57.2-snapshot.v20250321172030.min.js
2025/06/19 18:31:36 br /tmp/work/dist/vendors_ba6629_5.57.2-snapshot.v20250321172030.js -> /output/vendors_ba6629_5.57.2-snapshot.v20250321172030.js.br
2025/06/19 18:31:36 gz /tmp/work/dist/vendors_ba6629_5.57.2-snapshot.v20250321172030.js -> /output/vendors_ba6629_5.57.2-snapshot.v20250321172030.js.gz
2025/06/19 18:31:36 br /tmp/work/dist/zxcvbn-common_13057b_5.57.2-snapshot.v20250321172030.js -> /output/zxcvbn-common_13057b_5.57.2-snapshot.v20250321172030.js.br
2025/06/19 18:31:36 gz /tmp/work/dist/zxcvbn-common_13057b_5.57.2-snapshot.v20250321172030.js -> /output/zxcvbn-common_13057b_5.57.2-snapshot.v20250321172030.js.gz
2025/06/19 18:31:37 br /tmp/work/dist/ui-common_ba6629_5.57.2-snapshot.v20250321172030.min.js -> /output/ui-common_ba6629_5.57.2-snapshot.v20250321172030.min.js.br
2025/06/19 18:31:37 gz /tmp/work/dist/ui-common_ba6629_5.57.2-snapshot.v20250321172030.min.js -> /output/ui-common_ba6629_5.57.2-snapshot.v20250321172030.min.js.gz
2025/06/19 18:31:37 sri /tmp/work/dist/ui-common_ba6629_5.57.2-snapshot.v20250321172030.js -> /output/ui-common_ba6629_5.57.2-snapshot.v20250321172030.js.sri
2025/06/19 18:31:37 algorithm: run /usr/bin/brotli --quality=11 --output=/output/ui-common_ba6629_5.57.2-snapshot.v20250321172030.js.br /tmp/work/dist/ui-common_ba6629_5.57.2-snapshot.v20250321172030.js
2025/06/19 18:31:38 br /tmp/work/dist/zxcvbn-common_ba6629_5.57.2-snapshot.v20250321172030.js -> /output/zxcvbn-common_ba6629_5.57.2-snapshot.v20250321172030.js.br
2025/06/19 18:31:38 gz /tmp/work/dist/zxcvbn-common_ba6629_5.57.2-snapshot.v20250321172030.js -> /output/zxcvbn-common_ba6629_5.57.2-snapshot.v20250321172030.js.gz
2025/06/19 18:31:39 br /tmp/work/dist/ui-common_ba6629_5.57.2-snapshot.v20250321172030.js -> /output/ui-common_ba6629_5.57.2-snapshot.v20250321172030.js.br
2025/06/19 18:31:39 gz /tmp/work/dist/ui-common_ba6629_5.57.2-snapshot.v20250321172030.js -> /output/ui-common_ba6629_5.57.2-snapshot.v20250321172030.js.gz
2025/06/19 18:31:42 sri /tmp/work/dist/clerk.no-rhc.min.js -> /output/clerk.no-rhc.min.js.sri
2025/06/19 18:31:42 algorithm: run /usr/bin/brotli --quality=11 --output=/output/clerk.no-rhc.min.js.br /tmp/work/dist/clerk.no-rhc.min.js
2025/06/19 18:31:43 sri /tmp/work/dist/clerk.min.js -> /output/clerk.min.js.sri
2025/06/19 18:31:43 algorithm: run /usr/bin/brotli --quality=11 --output=/output/clerk.min.js.br /tmp/work/dist/clerk.min.js
2025/06/19 18:31:48 br /tmp/work/dist/clerk.no-rhc.min.js -> /output/clerk.no-rhc.min.js.br
2025/06/19 18:31:48 gz /tmp/work/dist/clerk.no-rhc.min.js -> /output/clerk.no-rhc.min.js.gz
2025/06/19 18:31:48 sri /tmp/work/dist/clerk.no-rhc.js -> /output/clerk.no-rhc.js.sri
2025/06/19 18:31:48 algorithm: run /usr/bin/brotli --quality=11 --output=/output/clerk.no-rhc.js.br /tmp/work/dist/clerk.no-rhc.js
2025/06/19 18:31:49 br /tmp/work/dist/clerk.min.js -> /output/clerk.min.js.br
2025/06/19 18:31:49 gz /tmp/work/dist/clerk.min.js -> /output/clerk.min.js.gz
2025/06/19 18:31:49 sri /tmp/work/dist/clerk.js -> /output/clerk.js.sri
2025/06/19 18:31:49 algorithm: run /usr/bin/brotli --quality=11 --output=/output/clerk.js.br /tmp/work/dist/clerk.js
2025/06/19 18:31:55 br /tmp/work/dist/clerk.no-rhc.js -> /output/clerk.no-rhc.js.br
2025/06/19 18:31:55 gz /tmp/work/dist/clerk.no-rhc.js -> /output/clerk.no-rhc.js.gz
2025/06/19 18:31:56 br /tmp/work/dist/clerk.js -> /output/clerk.js.br
2025/06/19 18:31:56 gz /tmp/work/dist/clerk.js -> /output/clerk.js.gz
2025/06/19 18:31:56 processed clerk-js
