Files:
- fontsource-linden-hill/5.2.1/400-italic.css.br
- fontsource-linden-hill/5.2.1/400-italic.css.gz
- fontsource-linden-hill/5.2.1/400-italic.css.sri
- fontsource-linden-hill/5.2.1/400-italic.min.css.br
- fontsource-linden-hill/5.2.1/400-italic.min.css.gz
- fontsource-linden-hill/5.2.1/400-italic.min.css.sri
- fontsource-linden-hill/5.2.1/400.css.br
- fontsource-linden-hill/5.2.1/400.css.gz
- fontsource-linden-hill/5.2.1/400.css.sri
- fontsource-linden-hill/5.2.1/400.min.css.br
- fontsource-linden-hill/5.2.1/400.min.css.gz
- fontsource-linden-hill/5.2.1/400.min.css.sri
- fontsource-linden-hill/5.2.1/files/linden-hill-latin-400-italic.woff.br
- fontsource-linden-hill/5.2.1/files/linden-hill-latin-400-italic.woff.gz
- fontsource-linden-hill/5.2.1/files/linden-hill-latin-400-italic.woff2
- fontsource-linden-hill/5.2.1/files/linden-hill-latin-400-normal.woff.br
- fontsource-linden-hill/5.2.1/files/linden-hill-latin-400-normal.woff.gz
- fontsource-linden-hill/5.2.1/files/linden-hill-latin-400-normal.woff2
- fontsource-linden-hill/5.2.1/files/linden-hill-latin-ext-400-italic.woff.br
- fontsource-linden-hill/5.2.1/files/linden-hill-latin-ext-400-italic.woff.gz
- fontsource-linden-hill/5.2.1/files/linden-hill-latin-ext-400-italic.woff2
- fontsource-linden-hill/5.2.1/files/linden-hill-latin-ext-400-normal.woff.br
- fontsource-linden-hill/5.2.1/files/linden-hill-latin-ext-400-normal.woff.gz
- fontsource-linden-hill/5.2.1/files/linden-hill-latin-ext-400-normal.woff2
- fontsource-linden-hill/5.2.1/index.css.br
- fontsource-linden-hill/5.2.1/index.css.gz
- fontsource-linden-hill/5.2.1/index.css.sri
- fontsource-linden-hill/5.2.1/index.min.css.br
- fontsource-linden-hill/5.2.1/index.min.css.gz
- fontsource-linden-hill/5.2.1/index.min.css.sri
- fontsource-linden-hill/5.2.1/latin-400-italic.css.br
- fontsource-linden-hill/5.2.1/latin-400-italic.css.gz
- fontsource-linden-hill/5.2.1/latin-400-italic.css.sri
- fontsource-linden-hill/5.2.1/latin-400-italic.min.css.br
- fontsource-linden-hill/5.2.1/latin-400-italic.min.css.gz
- fontsource-linden-hill/5.2.1/latin-400-italic.min.css.sri
- fontsource-linden-hill/5.2.1/latin-400.css.br
- fontsource-linden-hill/5.2.1/latin-400.css.gz
- fontsource-linden-hill/5.2.1/latin-400.css.sri
- fontsource-linden-hill/5.2.1/latin-400.min.css.br
- fontsource-linden-hill/5.2.1/latin-400.min.css.gz
- fontsource-linden-hill/5.2.1/latin-400.min.css.sri
- fontsource-linden-hill/5.2.1/latin-ext-400-italic.css.br
- fontsource-linden-hill/5.2.1/latin-ext-400-italic.css.gz
- fontsource-linden-hill/5.2.1/latin-ext-400-italic.css.sri
- fontsource-linden-hill/5.2.1/latin-ext-400-italic.min.css.br
- fontsource-linden-hill/5.2.1/latin-ext-400-italic.min.css.gz
- fontsource-linden-hill/5.2.1/latin-ext-400-italic.min.css.sri
- fontsource-linden-hill/5.2.1/latin-ext-400.css.br
- fontsource-linden-hill/5.2.1/latin-ext-400.css.gz
- fontsource-linden-hill/5.2.1/latin-ext-400.css.sri
- fontsource-linden-hill/5.2.1/latin-ext-400.min.css.br
- fontsource-linden-hill/5.2.1/latin-ext-400.min.css.gz
- fontsource-linden-hill/5.2.1/latin-ext-400.min.css.sri
- fontsource-linden-hill/5.2.1/latin-ext-italic.css.br
- fontsource-linden-hill/5.2.1/latin-ext-italic.css.gz
- fontsource-linden-hill/5.2.1/latin-ext-italic.css.sri
- fontsource-linden-hill/5.2.1/latin-ext-italic.min.css.br
- fontsource-linden-hill/5.2.1/latin-ext-italic.min.css.gz
- fontsource-linden-hill/5.2.1/latin-ext-italic.min.css.sri
- fontsource-linden-hill/5.2.1/latin-ext.css.br
- fontsource-linden-hill/5.2.1/latin-ext.css.gz
- fontsource-linden-hill/5.2.1/latin-ext.css.sri
- fontsource-linden-hill/5.2.1/latin-ext.min.css.br
- fontsource-linden-hill/5.2.1/latin-ext.min.css.gz
- fontsource-linden-hill/5.2.1/latin-ext.min.css.sri
- fontsource-linden-hill/5.2.1/latin-italic.css.br
- fontsource-linden-hill/5.2.1/latin-italic.css.gz
- fontsource-linden-hill/5.2.1/latin-italic.css.sri
- fontsource-linden-hill/5.2.1/latin-italic.min.css.br
- fontsource-linden-hill/5.2.1/latin-italic.min.css.gz
- fontsource-linden-hill/5.2.1/latin-italic.min.css.sri
- fontsource-linden-hill/5.2.1/latin.css.br
- fontsource-linden-hill/5.2.1/latin.css.gz
- fontsource-linden-hill/5.2.1/latin.css.sri
- fontsource-linden-hill/5.2.1/latin.min.css.br
- fontsource-linden-hill/5.2.1/latin.min.css.gz
- fontsource-linden-hill/5.2.1/latin.min.css.sri
