- hack-font/2.0.20/webfonts/css/hack-extended.css.br
- hack-font/2.0.20/webfonts/css/hack-extended.css.gz
- hack-font/2.0.20/webfonts/css/hack-extended.min.css.br
- hack-font/2.0.20/webfonts/css/hack-extended.min.css.gz
- hack-font/2.0.20/webfonts/css/hack.css.br
- hack-font/2.0.20/webfonts/css/hack.css.gz
- hack-font/2.0.20/webfonts/css/hack.min.css.br
- hack-font/2.0.20/webfonts/css/hack.min.css.gz
- hack-font/2.0.20/webfonts/fonts/eot/hack-bold-webfont.eot.br
- hack-font/2.0.20/webfonts/fonts/eot/hack-bold-webfont.eot.gz
- hack-font/2.0.20/webfonts/fonts/eot/hack-bolditalic-webfont.eot.br
- hack-font/2.0.20/webfonts/fonts/eot/hack-bolditalic-webfont.eot.gz
- hack-font/2.0.20/webfonts/fonts/eot/hack-italic-webfont.eot.br
- hack-font/2.0.20/webfonts/fonts/eot/hack-italic-webfont.eot.gz
- hack-font/2.0.20/webfonts/fonts/eot/hack-regular-webfont.eot.br
- hack-font/2.0.20/webfonts/fonts/eot/hack-regular-webfont.eot.gz
- hack-font/2.0.20/webfonts/fonts/eot/latin/hack-bold-latin-webfont.eot.br
- hack-font/2.0.20/webfonts/fonts/eot/latin/hack-bold-latin-webfont.eot.gz
- hack-font/2.0.20/webfonts/fonts/eot/latin/hack-bolditalic-latin-webfont.eot.br
- hack-font/2.0.20/webfonts/fonts/eot/latin/hack-bolditalic-latin-webfont.eot.gz
- hack-font/2.0.20/webfonts/fonts/eot/latin/hack-italic-latin-webfont.eot.br
- hack-font/2.0.20/webfonts/fonts/eot/latin/hack-italic-latin-webfont.eot.gz
- hack-font/2.0.20/webfonts/fonts/eot/latin/hack-regular-latin-webfont.eot.br
- hack-font/2.0.20/webfonts/fonts/eot/latin/hack-regular-latin-webfont.eot.gz
- hack-font/2.0.20/webfonts/fonts/web-ttf/hack-bold-webfont.ttf.br
- hack-font/2.0.20/webfonts/fonts/web-ttf/hack-bold-webfont.ttf.gz
- hack-font/2.0.20/webfonts/fonts/web-ttf/hack-bolditalic-webfont.ttf.br
- hack-font/2.0.20/webfonts/fonts/web-ttf/hack-bolditalic-webfont.ttf.gz
- hack-font/2.0.20/webfonts/fonts/web-ttf/hack-italic-webfont.ttf.br
- hack-font/2.0.20/webfonts/fonts/web-ttf/hack-italic-webfont.ttf.gz
- hack-font/2.0.20/webfonts/fonts/web-ttf/hack-regular-webfont.ttf.br
- hack-font/2.0.20/webfonts/fonts/web-ttf/hack-regular-webfont.ttf.gz
- hack-font/2.0.20/webfonts/fonts/web-ttf/latin/hack-bold-latin-webfont.ttf.br
- hack-font/2.0.20/webfonts/fonts/web-ttf/latin/hack-bold-latin-webfont.ttf.gz
- hack-font/2.0.20/webfonts/fonts/web-ttf/latin/hack-bolditalic-latin-webfont.ttf.br
- hack-font/2.0.20/webfonts/fonts/web-ttf/latin/hack-bolditalic-latin-webfont.ttf.gz
- hack-font/2.0.20/webfonts/fonts/web-ttf/latin/hack-italic-latin-webfont.ttf.br
- hack-font/2.0.20/webfonts/fonts/web-ttf/latin/hack-italic-latin-webfont.ttf.gz
- hack-font/2.0.20/webfonts/fonts/web-ttf/latin/hack-regular-latin-webfont.ttf.br
- hack-font/2.0.20/webfonts/fonts/web-ttf/latin/hack-regular-latin-webfont.ttf.gz
- hack-font/2.0.20/webfonts/fonts/woff/hack-bold-webfont.woff.br
- hack-font/2.0.20/webfonts/fonts/woff/hack-bold-webfont.woff.gz
- hack-font/2.0.20/webfonts/fonts/woff/hack-bolditalic-webfont.woff.br
- hack-font/2.0.20/webfonts/fonts/woff/hack-bolditalic-webfont.woff.gz
- hack-font/2.0.20/webfonts/fonts/woff/hack-italic-webfont.woff.br
- hack-font/2.0.20/webfonts/fonts/woff/hack-italic-webfont.woff.gz
- hack-font/2.0.20/webfonts/fonts/woff/hack-regular-webfont.woff.br
- hack-font/2.0.20/webfonts/fonts/woff/hack-regular-webfont.woff.gz
- hack-font/2.0.20/webfonts/fonts/woff/latin/hack-bold-latin-webfont.woff.br
- hack-font/2.0.20/webfonts/fonts/woff/latin/hack-bold-latin-webfont.woff.gz
- hack-font/2.0.20/webfonts/fonts/woff/latin/hack-bolditalic-latin-webfont.woff.br
- hack-font/2.0.20/webfonts/fonts/woff/latin/hack-bolditalic-latin-webfont.woff.gz
- hack-font/2.0.20/webfonts/fonts/woff/latin/hack-italic-latin-webfont.woff.br
- hack-font/2.0.20/webfonts/fonts/woff/latin/hack-italic-latin-webfont.woff.gz
- hack-font/2.0.20/webfonts/fonts/woff/latin/hack-regular-latin-webfont.woff.br
- hack-font/2.0.20/webfonts/fonts/woff/latin/hack-regular-latin-webfont.woff.gz
- hack-font/2.0.20/webfonts/fonts/woff2/hack-bold-webfont.woff2
- hack-font/2.0.20/webfonts/fonts/woff2/hack-bolditalic-webfont.woff2
- hack-font/2.0.20/webfonts/fonts/woff2/hack-italic-webfont.woff2
- hack-font/2.0.20/webfonts/fonts/woff2/hack-regular-webfont.woff2
- hack-font/2.0.20/webfonts/fonts/woff2/latin/hack-bold-latin-webfont.woff2
- hack-font/2.0.20/webfonts/fonts/woff2/latin/hack-bolditalic-latin-webfont.woff2
- hack-font/2.0.20/webfonts/fonts/woff2/latin/hack-italic-latin-webfont.woff2
- hack-font/2.0.20/webfonts/fonts/woff2/latin/hack-regular-latin-webfont.woff2