Files:
- tailwindcss/0.0.0-insiders.fa3f45f/chunk-4V6TN65S.mjs.br
- tailwindcss/0.0.0-insiders.fa3f45f/chunk-4V6TN65S.mjs.gz
- tailwindcss/0.0.0-insiders.fa3f45f/chunk-G32FJCSR.mjs.br
- tailwindcss/0.0.0-insiders.fa3f45f/chunk-G32FJCSR.mjs.gz
- tailwindcss/0.0.0-insiders.fa3f45f/chunk-HTB5LLOP.mjs.br
- tailwindcss/0.0.0-insiders.fa3f45f/chunk-HTB5LLOP.mjs.gz
- tailwindcss/0.0.0-insiders.fa3f45f/colors-b_6i0Oi7.d.ts.br
- tailwindcss/0.0.0-insiders.fa3f45f/colors-b_6i0Oi7.d.ts.gz
- tailwindcss/0.0.0-insiders.fa3f45f/colors.d.mts.br
- tailwindcss/0.0.0-insiders.fa3f45f/colors.d.mts.gz
- tailwindcss/0.0.0-insiders.fa3f45f/colors.d.ts.br
- tailwindcss/0.0.0-insiders.fa3f45f/colors.d.ts.gz
- tailwindcss/0.0.0-insiders.fa3f45f/colors.js.br
- tailwindcss/0.0.0-insiders.fa3f45f/colors.js.gz
- tailwindcss/0.0.0-insiders.fa3f45f/colors.js.sri
- tailwindcss/0.0.0-insiders.fa3f45f/colors.min.js.br
- tailwindcss/0.0.0-insiders.fa3f45f/colors.min.js.gz
- tailwindcss/0.0.0-insiders.fa3f45f/colors.min.js.sri
- tailwindcss/0.0.0-insiders.fa3f45f/colors.mjs.br
- tailwindcss/0.0.0-insiders.fa3f45f/colors.mjs.gz
- tailwindcss/0.0.0-insiders.fa3f45f/default-theme.d.mts.br
- tailwindcss/0.0.0-insiders.fa3f45f/default-theme.d.mts.gz
- tailwindcss/0.0.0-insiders.fa3f45f/default-theme.d.ts.br
- tailwindcss/0.0.0-insiders.fa3f45f/default-theme.d.ts.gz
- tailwindcss/0.0.0-insiders.fa3f45f/default-theme.js.br
- tailwindcss/0.0.0-insiders.fa3f45f/default-theme.js.gz
- tailwindcss/0.0.0-insiders.fa3f45f/default-theme.js.sri
- tailwindcss/0.0.0-insiders.fa3f45f/default-theme.min.js.br
- tailwindcss/0.0.0-insiders.fa3f45f/default-theme.min.js.gz
- tailwindcss/0.0.0-insiders.fa3f45f/default-theme.min.js.sri
- tailwindcss/0.0.0-insiders.fa3f45f/default-theme.mjs.br
- tailwindcss/0.0.0-insiders.fa3f45f/default-theme.mjs.gz
- tailwindcss/0.0.0-insiders.fa3f45f/flatten-color-palette.d.mts.br
- tailwindcss/0.0.0-insiders.fa3f45f/flatten-color-palette.d.mts.gz
- tailwindcss/0.0.0-insiders.fa3f45f/flatten-color-palette.d.ts.br
- tailwindcss/0.0.0-insiders.fa3f45f/flatten-color-palette.d.ts.gz
- tailwindcss/0.0.0-insiders.fa3f45f/flatten-color-palette.js.br
- tailwindcss/0.0.0-insiders.fa3f45f/flatten-color-palette.js.gz
- tailwindcss/0.0.0-insiders.fa3f45f/flatten-color-palette.js.sri
- tailwindcss/0.0.0-insiders.fa3f45f/flatten-color-palette.min.js.br
- tailwindcss/0.0.0-insiders.fa3f45f/flatten-color-palette.min.js.gz
- tailwindcss/0.0.0-insiders.fa3f45f/flatten-color-palette.min.js.sri
- tailwindcss/0.0.0-insiders.fa3f45f/flatten-color-palette.mjs.br
- tailwindcss/0.0.0-insiders.fa3f45f/flatten-color-palette.mjs.gz
- tailwindcss/0.0.0-insiders.fa3f45f/lib.d.mts.br
- tailwindcss/0.0.0-insiders.fa3f45f/lib.d.mts.gz
- tailwindcss/0.0.0-insiders.fa3f45f/lib.d.ts.br
- tailwindcss/0.0.0-insiders.fa3f45f/lib.d.ts.gz
- tailwindcss/0.0.0-insiders.fa3f45f/lib.js.br
- tailwindcss/0.0.0-insiders.fa3f45f/lib.js.gz
- tailwindcss/0.0.0-insiders.fa3f45f/lib.js.sri
- tailwindcss/0.0.0-insiders.fa3f45f/lib.min.js.br
- tailwindcss/0.0.0-insiders.fa3f45f/lib.min.js.gz
- tailwindcss/0.0.0-insiders.fa3f45f/lib.min.js.sri
- tailwindcss/0.0.0-insiders.fa3f45f/lib.mjs.br
- tailwindcss/0.0.0-insiders.fa3f45f/lib.mjs.gz
- tailwindcss/0.0.0-insiders.fa3f45f/plugin.d.mts.br
- tailwindcss/0.0.0-insiders.fa3f45f/plugin.d.mts.gz
- tailwindcss/0.0.0-insiders.fa3f45f/plugin.d.ts.br
- tailwindcss/0.0.0-insiders.fa3f45f/plugin.d.ts.gz
- tailwindcss/0.0.0-insiders.fa3f45f/plugin.js.br
- tailwindcss/0.0.0-insiders.fa3f45f/plugin.js.gz
- tailwindcss/0.0.0-insiders.fa3f45f/plugin.js.sri
- tailwindcss/0.0.0-insiders.fa3f45f/plugin.min.js.br
- tailwindcss/0.0.0-insiders.fa3f45f/plugin.min.js.gz
- tailwindcss/0.0.0-insiders.fa3f45f/plugin.min.js.sri
- tailwindcss/0.0.0-insiders.fa3f45f/plugin.mjs.br
- tailwindcss/0.0.0-insiders.fa3f45f/plugin.mjs.gz
- tailwindcss/0.0.0-insiders.fa3f45f/resolve-config-BIFUA2FY.d.ts.br
- tailwindcss/0.0.0-insiders.fa3f45f/resolve-config-BIFUA2FY.d.ts.gz
- tailwindcss/0.0.0-insiders.fa3f45f/resolve-config-QUZ9b-Gn.d.mts.br
- tailwindcss/0.0.0-insiders.fa3f45f/resolve-config-QUZ9b-Gn.d.mts.gz
- tailwindcss/0.0.0-insiders.fa3f45f/types-WlZgYgM8.d.mts.br
- tailwindcss/0.0.0-insiders.fa3f45f/types-WlZgYgM8.d.mts.gz
