Files:
- fontsource-caudex/5.2.8/400-italic.css.br
- fontsource-caudex/5.2.8/400-italic.css.gz
- fontsource-caudex/5.2.8/400-italic.css.sri
- fontsource-caudex/5.2.8/400-italic.min.css.br
- fontsource-caudex/5.2.8/400-italic.min.css.gz
- fontsource-caudex/5.2.8/400-italic.min.css.sri
- fontsource-caudex/5.2.8/400.css.br
- fontsource-caudex/5.2.8/400.css.gz
- fontsource-caudex/5.2.8/400.css.sri
- fontsource-caudex/5.2.8/400.min.css.br
- fontsource-caudex/5.2.8/400.min.css.gz
- fontsource-caudex/5.2.8/400.min.css.sri
- fontsource-caudex/5.2.8/700-italic.css.br
- fontsource-caudex/5.2.8/700-italic.css.gz
- fontsource-caudex/5.2.8/700-italic.css.sri
- fontsource-caudex/5.2.8/700-italic.min.css.br
- fontsource-caudex/5.2.8/700-italic.min.css.gz
- fontsource-caudex/5.2.8/700-italic.min.css.sri
- fontsource-caudex/5.2.8/700.css.br
- fontsource-caudex/5.2.8/700.css.gz
- fontsource-caudex/5.2.8/700.css.sri
- fontsource-caudex/5.2.8/700.min.css.br
- fontsource-caudex/5.2.8/700.min.css.gz
- fontsource-caudex/5.2.8/700.min.css.sri
- fontsource-caudex/5.2.8/files/caudex-greek-400-italic.woff.br
- fontsource-caudex/5.2.8/files/caudex-greek-400-italic.woff.gz
- fontsource-caudex/5.2.8/files/caudex-greek-400-italic.woff2
- fontsource-caudex/5.2.8/files/caudex-greek-400-normal.woff.br
- fontsource-caudex/5.2.8/files/caudex-greek-400-normal.woff.gz
- fontsource-caudex/5.2.8/files/caudex-greek-400-normal.woff2
- fontsource-caudex/5.2.8/files/caudex-greek-700-italic.woff.br
- fontsource-caudex/5.2.8/files/caudex-greek-700-italic.woff.gz
- fontsource-caudex/5.2.8/files/caudex-greek-700-italic.woff2
- fontsource-caudex/5.2.8/files/caudex-greek-700-normal.woff.br
- fontsource-caudex/5.2.8/files/caudex-greek-700-normal.woff.gz
- fontsource-caudex/5.2.8/files/caudex-greek-700-normal.woff2
- fontsource-caudex/5.2.8/files/caudex-greek-ext-400-italic.woff.br
- fontsource-caudex/5.2.8/files/caudex-greek-ext-400-italic.woff.gz
- fontsource-caudex/5.2.8/files/caudex-greek-ext-400-italic.woff2
- fontsource-caudex/5.2.8/files/caudex-greek-ext-400-normal.woff.br
- fontsource-caudex/5.2.8/files/caudex-greek-ext-400-normal.woff.gz
- fontsource-caudex/5.2.8/files/caudex-greek-ext-400-normal.woff2
- fontsource-caudex/5.2.8/files/caudex-greek-ext-700-italic.woff.br
- fontsource-caudex/5.2.8/files/caudex-greek-ext-700-italic.woff.gz
- fontsource-caudex/5.2.8/files/caudex-greek-ext-700-italic.woff2
- fontsource-caudex/5.2.8/files/caudex-greek-ext-700-normal.woff.br
- fontsource-caudex/5.2.8/files/caudex-greek-ext-700-normal.woff.gz
- fontsource-caudex/5.2.8/files/caudex-greek-ext-700-normal.woff2
- fontsource-caudex/5.2.8/files/caudex-latin-400-italic.woff.br
- fontsource-caudex/5.2.8/files/caudex-latin-400-italic.woff.gz
- fontsource-caudex/5.2.8/files/caudex-latin-400-italic.woff2
- fontsource-caudex/5.2.8/files/caudex-latin-400-normal.woff.br
- fontsource-caudex/5.2.8/files/caudex-latin-400-normal.woff.gz
- fontsource-caudex/5.2.8/files/caudex-latin-400-normal.woff2
- fontsource-caudex/5.2.8/files/caudex-latin-700-italic.woff.br
- fontsource-caudex/5.2.8/files/caudex-latin-700-italic.woff.gz
- fontsource-caudex/5.2.8/files/caudex-latin-700-italic.woff2
- fontsource-caudex/5.2.8/files/caudex-latin-700-normal.woff.br
- fontsource-caudex/5.2.8/files/caudex-latin-700-normal.woff.gz
- fontsource-caudex/5.2.8/files/caudex-latin-700-normal.woff2
- fontsource-caudex/5.2.8/files/caudex-latin-ext-400-italic.woff.br
- fontsource-caudex/5.2.8/files/caudex-latin-ext-400-italic.woff.gz
- fontsource-caudex/5.2.8/files/caudex-latin-ext-400-italic.woff2
- fontsource-caudex/5.2.8/files/caudex-latin-ext-400-normal.woff.br
- fontsource-caudex/5.2.8/files/caudex-latin-ext-400-normal.woff.gz
- fontsource-caudex/5.2.8/files/caudex-latin-ext-400-normal.woff2
- fontsource-caudex/5.2.8/files/caudex-latin-ext-700-italic.woff.br
- fontsource-caudex/5.2.8/files/caudex-latin-ext-700-italic.woff.gz
- fontsource-caudex/5.2.8/files/caudex-latin-ext-700-italic.woff2
- fontsource-caudex/5.2.8/files/caudex-latin-ext-700-normal.woff.br
- fontsource-caudex/5.2.8/files/caudex-latin-ext-700-normal.woff.gz
- fontsource-caudex/5.2.8/files/caudex-latin-ext-700-normal.woff2
- fontsource-caudex/5.2.8/files/caudex-runic-400-italic.woff.br
- fontsource-caudex/5.2.8/files/caudex-runic-400-italic.woff.gz
- fontsource-caudex/5.2.8/files/caudex-runic-400-italic.woff2
- fontsource-caudex/5.2.8/files/caudex-runic-400-normal.woff.br
- fontsource-caudex/5.2.8/files/caudex-runic-400-normal.woff.gz
- fontsource-caudex/5.2.8/files/caudex-runic-400-normal.woff2
- fontsource-caudex/5.2.8/files/caudex-runic-700-italic.woff.br
- fontsource-caudex/5.2.8/files/caudex-runic-700-italic.woff.gz
- fontsource-caudex/5.2.8/files/caudex-runic-700-italic.woff2
- fontsource-caudex/5.2.8/files/caudex-runic-700-normal.woff.br
- fontsource-caudex/5.2.8/files/caudex-runic-700-normal.woff.gz
- fontsource-caudex/5.2.8/files/caudex-runic-700-normal.woff2
- fontsource-caudex/5.2.8/files/caudex-vietnamese-400-italic.woff.br
- fontsource-caudex/5.2.8/files/caudex-vietnamese-400-italic.woff.gz
- fontsource-caudex/5.2.8/files/caudex-vietnamese-400-italic.woff2
- fontsource-caudex/5.2.8/files/caudex-vietnamese-400-normal.woff.br
- fontsource-caudex/5.2.8/files/caudex-vietnamese-400-normal.woff.gz
- fontsource-caudex/5.2.8/files/caudex-vietnamese-400-normal.woff2
- fontsource-caudex/5.2.8/files/caudex-vietnamese-700-italic.woff.br
- fontsource-caudex/5.2.8/files/caudex-vietnamese-700-italic.woff.gz
- fontsource-caudex/5.2.8/files/caudex-vietnamese-700-italic.woff2
- fontsource-caudex/5.2.8/files/caudex-vietnamese-700-normal.woff.br
- fontsource-caudex/5.2.8/files/caudex-vietnamese-700-normal.woff.gz
- fontsource-caudex/5.2.8/files/caudex-vietnamese-700-normal.woff2
- fontsource-caudex/5.2.8/greek-400-italic.css.br
- fontsource-caudex/5.2.8/greek-400-italic.css.gz
- fontsource-caudex/5.2.8/greek-400-italic.css.sri
- fontsource-caudex/5.2.8/greek-400-italic.min.css.br
- fontsource-caudex/5.2.8/greek-400-italic.min.css.gz
- fontsource-caudex/5.2.8/greek-400-italic.min.css.sri
- fontsource-caudex/5.2.8/greek-400.css.br
- fontsource-caudex/5.2.8/greek-400.css.gz
- fontsource-caudex/5.2.8/greek-400.css.sri
- fontsource-caudex/5.2.8/greek-400.min.css.br
- fontsource-caudex/5.2.8/greek-400.min.css.gz
- fontsource-caudex/5.2.8/greek-400.min.css.sri
- fontsource-caudex/5.2.8/greek-700-italic.css.br
- fontsource-caudex/5.2.8/greek-700-italic.css.gz
- fontsource-caudex/5.2.8/greek-700-italic.css.sri
- fontsource-caudex/5.2.8/greek-700-italic.min.css.br
- fontsource-caudex/5.2.8/greek-700-italic.min.css.gz
- fontsource-caudex/5.2.8/greek-700-italic.min.css.sri
- fontsource-caudex/5.2.8/greek-700.css.br
- fontsource-caudex/5.2.8/greek-700.css.gz
- fontsource-caudex/5.2.8/greek-700.css.sri
- fontsource-caudex/5.2.8/greek-700.min.css.br
- fontsource-caudex/5.2.8/greek-700.min.css.gz
- fontsource-caudex/5.2.8/greek-700.min.css.sri
- fontsource-caudex/5.2.8/greek-ext-400-italic.css.br
- fontsource-caudex/5.2.8/greek-ext-400-italic.css.gz
- fontsource-caudex/5.2.8/greek-ext-400-italic.css.sri
- fontsource-caudex/5.2.8/greek-ext-400-italic.min.css.br
- fontsource-caudex/5.2.8/greek-ext-400-italic.min.css.gz
- fontsource-caudex/5.2.8/greek-ext-400-italic.min.css.sri
- fontsource-caudex/5.2.8/greek-ext-400.css.br
- fontsource-caudex/5.2.8/greek-ext-400.css.gz
- fontsource-caudex/5.2.8/greek-ext-400.css.sri
- fontsource-caudex/5.2.8/greek-ext-400.min.css.br
- fontsource-caudex/5.2.8/greek-ext-400.min.css.gz
- fontsource-caudex/5.2.8/greek-ext-400.min.css.sri
- fontsource-caudex/5.2.8/greek-ext-700-italic.css.br
- fontsource-caudex/5.2.8/greek-ext-700-italic.css.gz
- fontsource-caudex/5.2.8/greek-ext-700-italic.css.sri
- fontsource-caudex/5.2.8/greek-ext-700-italic.min.css.br
- fontsource-caudex/5.2.8/greek-ext-700-italic.min.css.gz
- fontsource-caudex/5.2.8/greek-ext-700-italic.min.css.sri
- fontsource-caudex/5.2.8/greek-ext-700.css.br
- fontsource-caudex/5.2.8/greek-ext-700.css.gz
- fontsource-caudex/5.2.8/greek-ext-700.css.sri
- fontsource-caudex/5.2.8/greek-ext-700.min.css.br
- fontsource-caudex/5.2.8/greek-ext-700.min.css.gz
- fontsource-caudex/5.2.8/greek-ext-700.min.css.sri
- fontsource-caudex/5.2.8/greek-ext-italic.css.br
- fontsource-caudex/5.2.8/greek-ext-italic.css.gz
- fontsource-caudex/5.2.8/greek-ext-italic.css.sri
- fontsource-caudex/5.2.8/greek-ext-italic.min.css.br
- fontsource-caudex/5.2.8/greek-ext-italic.min.css.gz
- fontsource-caudex/5.2.8/greek-ext-italic.min.css.sri
- fontsource-caudex/5.2.8/greek-ext.css.br
- fontsource-caudex/5.2.8/greek-ext.css.gz
- fontsource-caudex/5.2.8/greek-ext.css.sri
- fontsource-caudex/5.2.8/greek-ext.min.css.br
- fontsource-caudex/5.2.8/greek-ext.min.css.gz
- fontsource-caudex/5.2.8/greek-ext.min.css.sri
- fontsource-caudex/5.2.8/greek-italic.css.br
- fontsource-caudex/5.2.8/greek-italic.css.gz
- fontsource-caudex/5.2.8/greek-italic.css.sri
- fontsource-caudex/5.2.8/greek-italic.min.css.br
- fontsource-caudex/5.2.8/greek-italic.min.css.gz
- fontsource-caudex/5.2.8/greek-italic.min.css.sri
- fontsource-caudex/5.2.8/greek.css.br
- fontsource-caudex/5.2.8/greek.css.gz
- fontsource-caudex/5.2.8/greek.css.sri
- fontsource-caudex/5.2.8/greek.min.css.br
- fontsource-caudex/5.2.8/greek.min.css.gz
- fontsource-caudex/5.2.8/greek.min.css.sri
- fontsource-caudex/5.2.8/index.css.br
- fontsource-caudex/5.2.8/index.css.gz
- fontsource-caudex/5.2.8/index.css.sri
- fontsource-caudex/5.2.8/index.min.css.br
- fontsource-caudex/5.2.8/index.min.css.gz
- fontsource-caudex/5.2.8/index.min.css.sri
- fontsource-caudex/5.2.8/latin-400-italic.css.br
- fontsource-caudex/5.2.8/latin-400-italic.css.gz
- fontsource-caudex/5.2.8/latin-400-italic.css.sri
- fontsource-caudex/5.2.8/latin-400-italic.min.css.br
- fontsource-caudex/5.2.8/latin-400-italic.min.css.gz
- fontsource-caudex/5.2.8/latin-400-italic.min.css.sri
- fontsource-caudex/5.2.8/latin-400.css.br
- fontsource-caudex/5.2.8/latin-400.css.gz
- fontsource-caudex/5.2.8/latin-400.css.sri
- fontsource-caudex/5.2.8/latin-400.min.css.br
- fontsource-caudex/5.2.8/latin-400.min.css.gz
- fontsource-caudex/5.2.8/latin-400.min.css.sri
- fontsource-caudex/5.2.8/latin-700-italic.css.br
- fontsource-caudex/5.2.8/latin-700-italic.css.gz
- fontsource-caudex/5.2.8/latin-700-italic.css.sri
- fontsource-caudex/5.2.8/latin-700-italic.min.css.br
- fontsource-caudex/5.2.8/latin-700-italic.min.css.gz
- fontsource-caudex/5.2.8/latin-700-italic.min.css.sri
- fontsource-caudex/5.2.8/latin-700.css.br
- fontsource-caudex/5.2.8/latin-700.css.gz
- fontsource-caudex/5.2.8/latin-700.css.sri
- fontsource-caudex/5.2.8/latin-700.min.css.br
- fontsource-caudex/5.2.8/latin-700.min.css.gz
- fontsource-caudex/5.2.8/latin-700.min.css.sri
- fontsource-caudex/5.2.8/latin-ext-400-italic.css.br
- fontsource-caudex/5.2.8/latin-ext-400-italic.css.gz
- fontsource-caudex/5.2.8/latin-ext-400-italic.css.sri
- fontsource-caudex/5.2.8/latin-ext-400-italic.min.css.br
- fontsource-caudex/5.2.8/latin-ext-400-italic.min.css.gz
- fontsource-caudex/5.2.8/latin-ext-400-italic.min.css.sri
- fontsource-caudex/5.2.8/latin-ext-400.css.br
- fontsource-caudex/5.2.8/latin-ext-400.css.gz
- fontsource-caudex/5.2.8/latin-ext-400.css.sri
- fontsource-caudex/5.2.8/latin-ext-400.min.css.br
- fontsource-caudex/5.2.8/latin-ext-400.min.css.gz
- fontsource-caudex/5.2.8/latin-ext-400.min.css.sri
- fontsource-caudex/5.2.8/latin-ext-700-italic.css.br
- fontsource-caudex/5.2.8/latin-ext-700-italic.css.gz
- fontsource-caudex/5.2.8/latin-ext-700-italic.css.sri
- fontsource-caudex/5.2.8/latin-ext-700-italic.min.css.br
- fontsource-caudex/5.2.8/latin-ext-700-italic.min.css.gz
- fontsource-caudex/5.2.8/latin-ext-700-italic.min.css.sri
- fontsource-caudex/5.2.8/latin-ext-700.css.br
- fontsource-caudex/5.2.8/latin-ext-700.css.gz
- fontsource-caudex/5.2.8/latin-ext-700.css.sri
- fontsource-caudex/5.2.8/latin-ext-700.min.css.br
- fontsource-caudex/5.2.8/latin-ext-700.min.css.gz
- fontsource-caudex/5.2.8/latin-ext-700.min.css.sri
- fontsource-caudex/5.2.8/latin-ext-italic.css.br
- fontsource-caudex/5.2.8/latin-ext-italic.css.gz
- fontsource-caudex/5.2.8/latin-ext-italic.css.sri
- fontsource-caudex/5.2.8/latin-ext-italic.min.css.br
- fontsource-caudex/5.2.8/latin-ext-italic.min.css.gz
- fontsource-caudex/5.2.8/latin-ext-italic.min.css.sri
- fontsource-caudex/5.2.8/latin-ext.css.br
- fontsource-caudex/5.2.8/latin-ext.css.gz
- fontsource-caudex/5.2.8/latin-ext.css.sri
- fontsource-caudex/5.2.8/latin-ext.min.css.br
- fontsource-caudex/5.2.8/latin-ext.min.css.gz
- fontsource-caudex/5.2.8/latin-ext.min.css.sri
- fontsource-caudex/5.2.8/latin-italic.css.br
- fontsource-caudex/5.2.8/latin-italic.css.gz
- fontsource-caudex/5.2.8/latin-italic.css.sri
- fontsource-caudex/5.2.8/latin-italic.min.css.br
- fontsource-caudex/5.2.8/latin-italic.min.css.gz
- fontsource-caudex/5.2.8/latin-italic.min.css.sri
- fontsource-caudex/5.2.8/latin.css.br
- fontsource-caudex/5.2.8/latin.css.gz
- fontsource-caudex/5.2.8/latin.css.sri
- fontsource-caudex/5.2.8/latin.min.css.br
- fontsource-caudex/5.2.8/latin.min.css.gz
- fontsource-caudex/5.2.8/latin.min.css.sri
- fontsource-caudex/5.2.8/runic-400-italic.css.br
- fontsource-caudex/5.2.8/runic-400-italic.css.gz
- fontsource-caudex/5.2.8/runic-400-italic.css.sri
- fontsource-caudex/5.2.8/runic-400-italic.min.css.br
- fontsource-caudex/5.2.8/runic-400-italic.min.css.gz
- fontsource-caudex/5.2.8/runic-400-italic.min.css.sri
- fontsource-caudex/5.2.8/runic-400.css.br
- fontsource-caudex/5.2.8/runic-400.css.gz
- fontsource-caudex/5.2.8/runic-400.css.sri
- fontsource-caudex/5.2.8/runic-400.min.css.br
- fontsource-caudex/5.2.8/runic-400.min.css.gz
- fontsource-caudex/5.2.8/runic-400.min.css.sri
- fontsource-caudex/5.2.8/runic-700-italic.css.br
- fontsource-caudex/5.2.8/runic-700-italic.css.gz
- fontsource-caudex/5.2.8/runic-700-italic.css.sri
- fontsource-caudex/5.2.8/runic-700-italic.min.css.br
- fontsource-caudex/5.2.8/runic-700-italic.min.css.gz
- fontsource-caudex/5.2.8/runic-700-italic.min.css.sri
- fontsource-caudex/5.2.8/runic-700.css.br
- fontsource-caudex/5.2.8/runic-700.css.gz
- fontsource-caudex/5.2.8/runic-700.css.sri
- fontsource-caudex/5.2.8/runic-700.min.css.br
- fontsource-caudex/5.2.8/runic-700.min.css.gz
- fontsource-caudex/5.2.8/runic-700.min.css.sri
- fontsource-caudex/5.2.8/runic-italic.css.br
- fontsource-caudex/5.2.8/runic-italic.css.gz
- fontsource-caudex/5.2.8/runic-italic.css.sri
- fontsource-caudex/5.2.8/runic-italic.min.css.br
- fontsource-caudex/5.2.8/runic-italic.min.css.gz
- fontsource-caudex/5.2.8/runic-italic.min.css.sri
- fontsource-caudex/5.2.8/runic.css.br
- fontsource-caudex/5.2.8/runic.css.gz
- fontsource-caudex/5.2.8/runic.css.sri
- fontsource-caudex/5.2.8/runic.min.css.br
- fontsource-caudex/5.2.8/runic.min.css.gz
- fontsource-caudex/5.2.8/runic.min.css.sri
- fontsource-caudex/5.2.8/vietnamese-400-italic.css.br
- fontsource-caudex/5.2.8/vietnamese-400-italic.css.gz
- fontsource-caudex/5.2.8/vietnamese-400-italic.css.sri
- fontsource-caudex/5.2.8/vietnamese-400-italic.min.css.br
- fontsource-caudex/5.2.8/vietnamese-400-italic.min.css.gz
- fontsource-caudex/5.2.8/vietnamese-400-italic.min.css.sri
- fontsource-caudex/5.2.8/vietnamese-400.css.br
- fontsource-caudex/5.2.8/vietnamese-400.css.gz
- fontsource-caudex/5.2.8/vietnamese-400.css.sri
- fontsource-caudex/5.2.8/vietnamese-400.min.css.br
- fontsource-caudex/5.2.8/vietnamese-400.min.css.gz
- fontsource-caudex/5.2.8/vietnamese-400.min.css.sri
- fontsource-caudex/5.2.8/vietnamese-700-italic.css.br
- fontsource-caudex/5.2.8/vietnamese-700-italic.css.gz
- fontsource-caudex/5.2.8/vietnamese-700-italic.css.sri
- fontsource-caudex/5.2.8/vietnamese-700-italic.min.css.br
- fontsource-caudex/5.2.8/vietnamese-700-italic.min.css.gz
- fontsource-caudex/5.2.8/vietnamese-700-italic.min.css.sri
- fontsource-caudex/5.2.8/vietnamese-700.css.br
- fontsource-caudex/5.2.8/vietnamese-700.css.gz
- fontsource-caudex/5.2.8/vietnamese-700.css.sri
- fontsource-caudex/5.2.8/vietnamese-700.min.css.br
- fontsource-caudex/5.2.8/vietnamese-700.min.css.gz
- fontsource-caudex/5.2.8/vietnamese-700.min.css.sri
- fontsource-caudex/5.2.8/vietnamese-italic.css.br
- fontsource-caudex/5.2.8/vietnamese-italic.css.gz
- fontsource-caudex/5.2.8/vietnamese-italic.css.sri
- fontsource-caudex/5.2.8/vietnamese-italic.min.css.br
- fontsource-caudex/5.2.8/vietnamese-italic.min.css.gz
- fontsource-caudex/5.2.8/vietnamese-italic.min.css.sri
- fontsource-caudex/5.2.8/vietnamese.css.br
- fontsource-caudex/5.2.8/vietnamese.css.gz
- fontsource-caudex/5.2.8/vietnamese.css.sri
- fontsource-caudex/5.2.8/vietnamese.min.css.br
- fontsource-caudex/5.2.8/vietnamese.min.css.gz
- fontsource-caudex/5.2.8/vietnamese.min.css.sri
