config: {"authors":[{"name":"t4t5 \u0026 limonte"}],"autoupdate":{"source":"npm","target":"sweetalert2","fileMap":[{"basePath":"dist","files":["**/*.@(js|css)"]}]},"description":"A beautiful, responsive, customizable and accessible (WAI-ARIA) replacement for JavaScript's popup boxes, supported fork of sweetalert","filename":"sweetalert2.min.js","homepage":"https://sweetalert2.github.io/","keywords":["JavaScript","SweetAlert","SweetAlert2","alert","prompt"],"license":"MIT","name":"limonte-sweetalert2","repository":{"type":"git","url":"https://github.com/sweetalert2/sweetalert2.git"},"author":"t4t5 \u0026 limonte"}
KV keys:
- limonte-sweetalert2/11.17.1/sweetalert2.all.js.br
- limonte-sweetalert2/11.17.1/sweetalert2.all.js.gz
- limonte-sweetalert2/11.17.1/sweetalert2.all.min.js.br
- limonte-sweetalert2/11.17.1/sweetalert2.all.min.js.gz
- limonte-sweetalert2/11.17.1/sweetalert2.css.br
- limonte-sweetalert2/11.17.1/sweetalert2.css.gz
- limonte-sweetalert2/11.17.1/sweetalert2.esm.all.js.br
- limonte-sweetalert2/11.17.1/sweetalert2.esm.all.js.gz
- limonte-sweetalert2/11.17.1/sweetalert2.esm.all.min.js.br
- limonte-sweetalert2/11.17.1/sweetalert2.esm.all.min.js.gz
- limonte-sweetalert2/11.17.1/sweetalert2.esm.js.br
- limonte-sweetalert2/11.17.1/sweetalert2.esm.js.gz
- limonte-sweetalert2/11.17.1/sweetalert2.esm.min.js.br
- limonte-sweetalert2/11.17.1/sweetalert2.esm.min.js.gz
- limonte-sweetalert2/11.17.1/sweetalert2.js.br
- limonte-sweetalert2/11.17.1/sweetalert2.js.gz
- limonte-sweetalert2/11.17.1/sweetalert2.min.css.br
- limonte-sweetalert2/11.17.1/sweetalert2.min.css.gz
- limonte-sweetalert2/11.17.1/sweetalert2.min.js.br
- limonte-sweetalert2/11.17.1/sweetalert2.min.js.gz
SRIs:
- limonte-sweetalert2/11.17.1/sweetalert2.min.css: sha512-a0Q2jy1nb+NoFvKtIK5sj5okVL58JWpqX8+WaFffaPXORz95Spz/90M/aZrdGQ3BzCY3u8FiMuFTFKT5ybm8mw==
- limonte-sweetalert2/11.17.1/sweetalert2.css: sha512-0+MAMEzToHjpVBIpmbAgSTgJMzIgmwcLSUmCC94Znjn2gGHU/eylq+pKFxA7HlYNlcB9aj4BqIM/1KYTMRPn2w==
- limonte-sweetalert2/11.17.1/sweetalert2.esm.js: sha512-yjdxoiIagPjLsfV8u43eVg+L+eM142XoUlSewNsxscsdr1H+cKjmCpa9hOAS3n570BZFEUbMSFrdw0f1Uo128Q==
- limonte-sweetalert2/11.17.1/sweetalert2.esm.min.js: sha512-ypAsMYMq9zdJ/Js93/DtOOwKtrKP3QhRI5eF3TyFGLwS6Nlfshrzr7cMnNBtDheokMiFnZc4Fy5AcNGI1xXYcA==
- limonte-sweetalert2/11.17.1/sweetalert2.esm.all.min.js: sha512-OOqj3N/Ea5gtr41i4sk063B9BdfINBlUmYCkCpAJEkq3KmXZYuRg0ahwmNuAU0U0hGc+aXDYi1jqmwzmXm4DiQ==
- limonte-sweetalert2/11.17.1/sweetalert2.js: sha512-RNMO+/5Kii4DhnkYs0NaJm9gnfX15ioxKAxOkUxArZOIxZz7oCqPRT4IcazHid54p3bK40cwr3653oY8ArNjWg==
- limonte-sweetalert2/11.17.1/sweetalert2.min.js: sha512-3E8s4JBQ3DzbrQQuVMF70TaihBTov6TlT1O9wjfrFiykjj5k5oN988+CPtzVgYJBHzdRojLLGKWxgsOeLF5X2Q==
- limonte-sweetalert2/11.17.1/sweetalert2.all.js: sha512-wmZBloPhRfpoGJ4w2U36diEu69GMFwrVYLihOuqtyN31Zn45Xihy1IYVpcWeEqFODney9A4FlCxdqNmNTCXVWA==
- limonte-sweetalert2/11.17.1/sweetalert2.all.min.js: sha512-28TlMPIE74NRxz4yqxVoHR+lzZHJW2LyZd7wStbVAE95cDbttkZEmdXzOlcjVHEKV1UQR56mzN9ULcCSbq0RlQ==
- limonte-sweetalert2/11.17.1/sweetalert2.esm.all.js: sha512-55P+9hhHenKwDPYwhGhA/AL/FkIN4vSQ3kG1dqpegdNItnzfZy72ctYn/eEzIq+rW4drzHcHINVjZLVwOY5BKw==
