Files:
- ruffle-rs/0.1.0-nightly.2024.10.3/6473f27a9f5314fff81b.wasm.br
- ruffle-rs/0.1.0-nightly.2024.10.3/6473f27a9f5314fff81b.wasm.gz
- ruffle-rs/0.1.0-nightly.2024.10.3/88b79b0f890ed12da6f2.wasm.br
- ruffle-rs/0.1.0-nightly.2024.10.3/88b79b0f890ed12da6f2.wasm.gz
- ruffle-rs/0.1.0-nightly.2024.10.3/core.ruffle.1b9434ed3f5bc5f25872.js.br
- ruffle-rs/0.1.0-nightly.2024.10.3/core.ruffle.1b9434ed3f5bc5f25872.js.gz
- ruffle-rs/0.1.0-nightly.2024.10.3/core.ruffle.1b9434ed3f5bc5f25872.js.sri
- ruffle-rs/0.1.0-nightly.2024.10.3/core.ruffle.1b9434ed3f5bc5f25872.min.js.br
- ruffle-rs/0.1.0-nightly.2024.10.3/core.ruffle.1b9434ed3f5bc5f25872.min.js.gz
- ruffle-rs/0.1.0-nightly.2024.10.3/core.ruffle.1b9434ed3f5bc5f25872.min.js.sri
- ruffle-rs/0.1.0-nightly.2024.10.3/core.ruffle.ed7d2583e9291124a46c.js.br
- ruffle-rs/0.1.0-nightly.2024.10.3/core.ruffle.ed7d2583e9291124a46c.js.gz
- ruffle-rs/0.1.0-nightly.2024.10.3/core.ruffle.ed7d2583e9291124a46c.js.sri
- ruffle-rs/0.1.0-nightly.2024.10.3/core.ruffle.ed7d2583e9291124a46c.min.js.br
- ruffle-rs/0.1.0-nightly.2024.10.3/core.ruffle.ed7d2583e9291124a46c.min.js.gz
- ruffle-rs/0.1.0-nightly.2024.10.3/core.ruffle.ed7d2583e9291124a46c.min.js.sri
- ruffle-rs/0.1.0-nightly.2024.10.3/ruffle.js.br
- ruffle-rs/0.1.0-nightly.2024.10.3/ruffle.js.gz
- ruffle-rs/0.1.0-nightly.2024.10.3/ruffle.js.sri
- ruffle-rs/0.1.0-nightly.2024.10.3/ruffle.min.js.br
- ruffle-rs/0.1.0-nightly.2024.10.3/ruffle.min.js.gz
- ruffle-rs/0.1.0-nightly.2024.10.3/ruffle.min.js.sri
