- tailwindcss/0.0.0-insiders.a6a7e4c/chunk-35XIKUAH.mjs.br
- tailwindcss/0.0.0-insiders.a6a7e4c/chunk-35XIKUAH.mjs.gz
- tailwindcss/0.0.0-insiders.a6a7e4c/chunk-GFBUASX3.mjs.br
- tailwindcss/0.0.0-insiders.a6a7e4c/chunk-GFBUASX3.mjs.gz
- tailwindcss/0.0.0-insiders.a6a7e4c/chunk-HTB5LLOP.mjs.br
- tailwindcss/0.0.0-insiders.a6a7e4c/chunk-HTB5LLOP.mjs.gz
- tailwindcss/0.0.0-insiders.a6a7e4c/colors-b_6i0Oi7.d.ts.br
- tailwindcss/0.0.0-insiders.a6a7e4c/colors-b_6i0Oi7.d.ts.gz
- tailwindcss/0.0.0-insiders.a6a7e4c/colors.d.mts.br
- tailwindcss/0.0.0-insiders.a6a7e4c/colors.d.mts.gz
- tailwindcss/0.0.0-insiders.a6a7e4c/colors.d.ts.br
- tailwindcss/0.0.0-insiders.a6a7e4c/colors.d.ts.gz
- tailwindcss/0.0.0-insiders.a6a7e4c/colors.js.br
- tailwindcss/0.0.0-insiders.a6a7e4c/colors.js.gz
- tailwindcss/0.0.0-insiders.a6a7e4c/colors.min.js.br
- tailwindcss/0.0.0-insiders.a6a7e4c/colors.min.js.gz
- tailwindcss/0.0.0-insiders.a6a7e4c/colors.mjs.br
- tailwindcss/0.0.0-insiders.a6a7e4c/colors.mjs.gz
- tailwindcss/0.0.0-insiders.a6a7e4c/default-theme.d.mts.br
- tailwindcss/0.0.0-insiders.a6a7e4c/default-theme.d.mts.gz
- tailwindcss/0.0.0-insiders.a6a7e4c/default-theme.d.ts.br
- tailwindcss/0.0.0-insiders.a6a7e4c/default-theme.d.ts.gz
- tailwindcss/0.0.0-insiders.a6a7e4c/default-theme.js.br
- tailwindcss/0.0.0-insiders.a6a7e4c/default-theme.js.gz
- tailwindcss/0.0.0-insiders.a6a7e4c/default-theme.min.js.br
- tailwindcss/0.0.0-insiders.a6a7e4c/default-theme.min.js.gz
- tailwindcss/0.0.0-insiders.a6a7e4c/default-theme.mjs.br
- tailwindcss/0.0.0-insiders.a6a7e4c/default-theme.mjs.gz
- tailwindcss/0.0.0-insiders.a6a7e4c/flatten-color-palette.d.mts.br
- tailwindcss/0.0.0-insiders.a6a7e4c/flatten-color-palette.d.mts.gz
- tailwindcss/0.0.0-insiders.a6a7e4c/flatten-color-palette.d.ts.br
- tailwindcss/0.0.0-insiders.a6a7e4c/flatten-color-palette.d.ts.gz
- tailwindcss/0.0.0-insiders.a6a7e4c/flatten-color-palette.js.br
- tailwindcss/0.0.0-insiders.a6a7e4c/flatten-color-palette.js.gz
- tailwindcss/0.0.0-insiders.a6a7e4c/flatten-color-palette.min.js.br
- tailwindcss/0.0.0-insiders.a6a7e4c/flatten-color-palette.min.js.gz
- tailwindcss/0.0.0-insiders.a6a7e4c/flatten-color-palette.mjs.br
- tailwindcss/0.0.0-insiders.a6a7e4c/flatten-color-palette.mjs.gz
- tailwindcss/0.0.0-insiders.a6a7e4c/lib.d.mts.br
- tailwindcss/0.0.0-insiders.a6a7e4c/lib.d.mts.gz
- tailwindcss/0.0.0-insiders.a6a7e4c/lib.d.ts.br
- tailwindcss/0.0.0-insiders.a6a7e4c/lib.d.ts.gz
- tailwindcss/0.0.0-insiders.a6a7e4c/lib.js.br
- tailwindcss/0.0.0-insiders.a6a7e4c/lib.js.gz
- tailwindcss/0.0.0-insiders.a6a7e4c/lib.min.js.br
- tailwindcss/0.0.0-insiders.a6a7e4c/lib.min.js.gz
- tailwindcss/0.0.0-insiders.a6a7e4c/lib.mjs.br
- tailwindcss/0.0.0-insiders.a6a7e4c/lib.mjs.gz
- tailwindcss/0.0.0-insiders.a6a7e4c/plugin.d.mts.br
- tailwindcss/0.0.0-insiders.a6a7e4c/plugin.d.mts.gz
- tailwindcss/0.0.0-insiders.a6a7e4c/plugin.d.ts.br
- tailwindcss/0.0.0-insiders.a6a7e4c/plugin.d.ts.gz
- tailwindcss/0.0.0-insiders.a6a7e4c/plugin.js.br
- tailwindcss/0.0.0-insiders.a6a7e4c/plugin.js.gz
- tailwindcss/0.0.0-insiders.a6a7e4c/plugin.min.js.br
- tailwindcss/0.0.0-insiders.a6a7e4c/plugin.min.js.gz
- tailwindcss/0.0.0-insiders.a6a7e4c/plugin.mjs.br
- tailwindcss/0.0.0-insiders.a6a7e4c/plugin.mjs.gz
- tailwindcss/0.0.0-insiders.a6a7e4c/resolve-config-BIFUA2FY.d.ts.br
- tailwindcss/0.0.0-insiders.a6a7e4c/resolve-config-BIFUA2FY.d.ts.gz
- tailwindcss/0.0.0-insiders.a6a7e4c/resolve-config-QUZ9b-Gn.d.mts.br
- tailwindcss/0.0.0-insiders.a6a7e4c/resolve-config-QUZ9b-Gn.d.mts.gz
- tailwindcss/0.0.0-insiders.a6a7e4c/types-WlZgYgM8.d.mts.br
- tailwindcss/0.0.0-insiders.a6a7e4c/types-WlZgYgM8.d.mts.gz