published: 2026-09-26T02:02:33.337Z

- fontsource-yellowtail/5.2.5/400.css.br
- fontsource-yellowtail/5.2.5/400.css.gz
- fontsource-yellowtail/5.2.5/400.min.css.br
- fontsource-yellowtail/5.2.5/400.min.css.gz
- fontsource-yellowtail/5.2.5/files/yellowtail-latin-400-normal.woff.br
- fontsource-yellowtail/5.2.5/files/yellowtail-latin-400-normal.woff.gz
- fontsource-yellowtail/5.2.5/files/yellowtail-latin-400-normal.woff2
- fontsource-yellowtail/5.2.5/files/yellowtail-latin-ext-400-normal.woff.br
- fontsource-yellowtail/5.2.5/files/yellowtail-latin-ext-400-normal.woff.gz
- fontsource-yellowtail/5.2.5/files/yellowtail-latin-ext-400-normal.woff2
- fontsource-yellowtail/5.2.5/index.css.br
- fontsource-yellowtail/5.2.5/index.css.gz
- fontsource-yellowtail/5.2.5/index.min.css.br
- fontsource-yellowtail/5.2.5/index.min.css.gz
- fontsource-yellowtail/5.2.5/latin-400.css.br
- fontsource-yellowtail/5.2.5/latin-400.css.gz
- fontsource-yellowtail/5.2.5/latin-400.min.css.br
- fontsource-yellowtail/5.2.5/latin-400.min.css.gz
- fontsource-yellowtail/5.2.5/latin-ext-400.css.br
- fontsource-yellowtail/5.2.5/latin-ext-400.css.gz
- fontsource-yellowtail/5.2.5/latin-ext-400.min.css.br
- fontsource-yellowtail/5.2.5/latin-ext-400.min.css.gz
- fontsource-yellowtail/5.2.5/latin-ext.css.br
- fontsource-yellowtail/5.2.5/latin-ext.css.gz
- fontsource-yellowtail/5.2.5/latin-ext.min.css.br
- fontsource-yellowtail/5.2.5/latin-ext.min.css.gz
- fontsource-yellowtail/5.2.5/latin.css.br
- fontsource-yellowtail/5.2.5/latin.css.gz
- fontsource-yellowtail/5.2.5/latin.min.css.br
- fontsource-yellowtail/5.2.5/latin.min.css.gz