- gridjs/6.0.0/gridjs.js.br
- gridjs/6.0.0/gridjs.js.gz
- gridjs/6.0.0/gridjs.js.map.br
- gridjs/6.0.0/gridjs.js.map.gz
- gridjs/6.0.0/gridjs.min.js.br
- gridjs/6.0.0/gridjs.min.js.gz
- gridjs/6.0.0/gridjs.module.js.br
- gridjs/6.0.0/gridjs.module.js.gz
- gridjs/6.0.0/gridjs.module.js.map.br
- gridjs/6.0.0/gridjs.module.js.map.gz
- gridjs/6.0.0/gridjs.module.min.js.br
- gridjs/6.0.0/gridjs.module.min.js.gz
- gridjs/6.0.0/gridjs.production.es.min.js.br
- gridjs/6.0.0/gridjs.production.es.min.js.gz
- gridjs/6.0.0/gridjs.production.min.js.br
- gridjs/6.0.0/gridjs.production.min.js.gz
- gridjs/6.0.0/gridjs.umd.js.br
- gridjs/6.0.0/gridjs.umd.js.gz
- gridjs/6.0.0/gridjs.umd.js.map.br
- gridjs/6.0.0/gridjs.umd.js.map.gz
- gridjs/6.0.0/gridjs.umd.min.js.br
- gridjs/6.0.0/gridjs.umd.min.js.gz
- gridjs/6.0.0/index.d.ts.br
- gridjs/6.0.0/index.d.ts.gz