published: 2026-09-24T04:28:33.622Z

- pako/2.0.0/pako.es5.js.br
- pako/2.0.0/pako.es5.js.gz
- pako/2.0.0/pako.es5.min.js.br
- pako/2.0.0/pako.es5.min.js.gz
- pako/2.0.0/pako.esm.js.br
- pako/2.0.0/pako.esm.js.gz
- pako/2.0.0/pako.esm.min.js.br
- pako/2.0.0/pako.esm.min.js.gz
- pako/2.0.0/pako.js.br
- pako/2.0.0/pako.js.gz
- pako/2.0.0/pako.min.js.br
- pako/2.0.0/pako.min.js.gz
- pako/2.0.0/pako_deflate.es5.js.br
- pako/2.0.0/pako_deflate.es5.js.gz
- pako/2.0.0/pako_deflate.es5.min.js.br
- pako/2.0.0/pako_deflate.es5.min.js.gz
- pako/2.0.0/pako_deflate.js.br
- pako/2.0.0/pako_deflate.js.gz
- pako/2.0.0/pako_deflate.min.js.br
- pako/2.0.0/pako_deflate.min.js.gz
- pako/2.0.0/pako_inflate.es5.js.br
- pako/2.0.0/pako_inflate.es5.js.gz
- pako/2.0.0/pako_inflate.es5.min.js.br
- pako/2.0.0/pako_inflate.es5.min.js.gz
- pako/2.0.0/pako_inflate.js.br
- pako/2.0.0/pako_inflate.js.gz
- pako/2.0.0/pako_inflate.min.js.br
- pako/2.0.0/pako_inflate.min.js.gz