config: {"authors":[{"name":"Guillaume du Pontavice","email":"g.du.pontavice@gmail.com"}],"autoupdate":{"source":"npm","target":"hls.js","fileMap":[{"basePath":"dist","files":["**/!(*-demo.*)"]}],"ignoreVersions":["*-canary.*"]},"description":"JavaScript HLS client using MediaSourceExtension","filename":"hls.min.js","homepage":"https://hls-js.netlify.com/demo/","keywords":["hls.js","video","streaming","mediasource","player"],"license":"Apache-2.0","name":"hls.js","repository":{"type":"git","url":"git://github.com/video-dev/hls.js"},"author":"Guillaume du Pontavice \u003cg.du.pontavice@gmail.com\u003e"}
KV keys:
- hls.js/1.6.3-0.canary.11213/hls.d.mts.br
- hls.js/1.6.3-0.canary.11213/hls.d.mts.gz
- hls.js/1.6.3-0.canary.11213/hls.d.ts.br
- hls.js/1.6.3-0.canary.11213/hls.d.ts.gz
- hls.js/1.6.3-0.canary.11213/hls.js.br
- hls.js/1.6.3-0.canary.11213/hls.js.d.ts.br
- hls.js/1.6.3-0.canary.11213/hls.js.d.ts.gz
- hls.js/1.6.3-0.canary.11213/hls.js.gz
- hls.js/1.6.3-0.canary.11213/hls.js.map.br
- hls.js/1.6.3-0.canary.11213/hls.js.map.gz
- hls.js/1.6.3-0.canary.11213/hls.light.js.br
- hls.js/1.6.3-0.canary.11213/hls.light.js.gz
- hls.js/1.6.3-0.canary.11213/hls.light.js.map.br
- hls.js/1.6.3-0.canary.11213/hls.light.js.map.gz
- hls.js/1.6.3-0.canary.11213/hls.light.min.js.br
- hls.js/1.6.3-0.canary.11213/hls.light.min.js.gz
- hls.js/1.6.3-0.canary.11213/hls.light.min.js.map.br
- hls.js/1.6.3-0.canary.11213/hls.light.min.js.map.gz
- hls.js/1.6.3-0.canary.11213/hls.light.mjs.br
- hls.js/1.6.3-0.canary.11213/hls.light.mjs.gz
- hls.js/1.6.3-0.canary.11213/hls.light.mjs.map.br
- hls.js/1.6.3-0.canary.11213/hls.light.mjs.map.gz
- hls.js/1.6.3-0.canary.11213/hls.min.js.br
- hls.js/1.6.3-0.canary.11213/hls.min.js.gz
- hls.js/1.6.3-0.canary.11213/hls.min.js.map.br
- hls.js/1.6.3-0.canary.11213/hls.min.js.map.gz
- hls.js/1.6.3-0.canary.11213/hls.mjs.br
- hls.js/1.6.3-0.canary.11213/hls.mjs.gz
- hls.js/1.6.3-0.canary.11213/hls.mjs.map.br
- hls.js/1.6.3-0.canary.11213/hls.mjs.map.gz
- hls.js/1.6.3-0.canary.11213/hls.worker.js.br
- hls.js/1.6.3-0.canary.11213/hls.worker.js.gz
- hls.js/1.6.3-0.canary.11213/hls.worker.js.map.br
- hls.js/1.6.3-0.canary.11213/hls.worker.js.map.gz
- hls.js/1.6.3-0.canary.11213/hls.worker.min.js.br
- hls.js/1.6.3-0.canary.11213/hls.worker.min.js.gz
SRIs:
- hls.js/1.6.3-0.canary.11213/hls.light.min.js: sha512-sDjSDNo82SbOscXzY9N+8m6RKapOTTvZqo1QuHC/IbgJctyV32S55YXgjSmXrKb4jae95rdBWir2WArWLCCunQ==
- hls.js/1.6.3-0.canary.11213/hls.min.js: sha512-gFaQoMwWW2mFfbIEXwiD6adtBN1pr5pyOWqHIbIhLFZLr2gBVdfhVX43fsCNHI5Fj5CNTLu5czgrlPZQSayWHg==
- hls.js/1.6.3-0.canary.11213/hls.worker.js: sha512-i1h771XP5waKiu+QLeSyarEZEi+9oi3OpKbJ7OTycJxwrlO74GEVly3Q+6m2aM4uvbsyiG+6ZAxIv5mnMVGnxA==
- hls.js/1.6.3-0.canary.11213/hls.worker.min.js: sha512-unllitdHXBe7xbYdn19y+1m8Tc+ee5LNRQJgM2b9U1X/lkoT/xdItA2c9C97GmKLPbajjxyWhxXkXITVl5bkwA==
- hls.js/1.6.3-0.canary.11213/hls.js: sha512-QoVDIPC9Q9+wspXiP8EzpiErTMHA4tG64n4Deb5Pls9xX+1U5yFrRb1wDAFjh1OXXmCF9NAK3r9nFEHLCiMOrw==
- hls.js/1.6.3-0.canary.11213/hls.light.js: sha512-rCi9PChfABQAr0eXcmfWKJ/KEv90p+5ZxH8DcIQZPhkkI4tAxNt1pqm2kdgRTB3kPT+4RMB+aegNhowMdbAtzA==
