published: 2026-09-24T15:16:07.443Z

- normalize-opentype.css/0.2.4/assets/download.png.br
- normalize-opentype.css/0.2.4/assets/download.png.gz
- normalize-opentype.css/0.2.4/assets/download.svg.br
- normalize-opentype.css/0.2.4/assets/download.svg.gz
- normalize-opentype.css/0.2.4/assets/example-1.png.br
- normalize-opentype.css/0.2.4/assets/example-1.png.gz
- normalize-opentype.css/0.2.4/assets/example-2.png.br
- normalize-opentype.css/0.2.4/assets/example-2.png.gz
- normalize-opentype.css/0.2.4/assets/example-3.png.br
- normalize-opentype.css/0.2.4/assets/example-3.png.gz
- normalize-opentype.css/0.2.4/assets/example-4.png.br
- normalize-opentype.css/0.2.4/assets/example-4.png.gz
- normalize-opentype.css/0.2.4/assets/example-5.png.br
- normalize-opentype.css/0.2.4/assets/example-5.png.gz
- normalize-opentype.css/0.2.4/assets/wordmark.png.br
- normalize-opentype.css/0.2.4/assets/wordmark.png.gz
- normalize-opentype.css/0.2.4/assets/wordmark.svg.br
- normalize-opentype.css/0.2.4/assets/wordmark.svg.gz
- normalize-opentype.css/0.2.4/normalize-opentype.css.br
- normalize-opentype.css/0.2.4/normalize-opentype.css.gz
- normalize-opentype.css/0.2.4/normalize-opentype.min.css.br
- normalize-opentype.css/0.2.4/normalize-opentype.min.css.gz
- normalize-opentype.css/0.2.4/normalize-opentype.scss.br
- normalize-opentype.css/0.2.4/normalize-opentype.scss.gz