Files:
- tailwindcss/0.0.0-insiders.d2daf59/chunk-7A3UWES2.mjs.br
- tailwindcss/0.0.0-insiders.d2daf59/chunk-7A3UWES2.mjs.gz
- tailwindcss/0.0.0-insiders.d2daf59/chunk-HTB5LLOP.mjs.br
- tailwindcss/0.0.0-insiders.d2daf59/chunk-HTB5LLOP.mjs.gz
- tailwindcss/0.0.0-insiders.d2daf59/chunk-P5FH2LZE.mjs.br
- tailwindcss/0.0.0-insiders.d2daf59/chunk-P5FH2LZE.mjs.gz
- tailwindcss/0.0.0-insiders.d2daf59/colors-b_6i0Oi7.d.ts.br
- tailwindcss/0.0.0-insiders.d2daf59/colors-b_6i0Oi7.d.ts.gz
- tailwindcss/0.0.0-insiders.d2daf59/colors.d.mts.br
- tailwindcss/0.0.0-insiders.d2daf59/colors.d.mts.gz
- tailwindcss/0.0.0-insiders.d2daf59/colors.d.ts.br
- tailwindcss/0.0.0-insiders.d2daf59/colors.d.ts.gz
- tailwindcss/0.0.0-insiders.d2daf59/colors.js.br
- tailwindcss/0.0.0-insiders.d2daf59/colors.js.gz
- tailwindcss/0.0.0-insiders.d2daf59/colors.js.sri
- tailwindcss/0.0.0-insiders.d2daf59/colors.min.js.br
- tailwindcss/0.0.0-insiders.d2daf59/colors.min.js.gz
- tailwindcss/0.0.0-insiders.d2daf59/colors.min.js.sri
- tailwindcss/0.0.0-insiders.d2daf59/colors.mjs.br
- tailwindcss/0.0.0-insiders.d2daf59/colors.mjs.gz
- tailwindcss/0.0.0-insiders.d2daf59/default-theme.d.mts.br
- tailwindcss/0.0.0-insiders.d2daf59/default-theme.d.mts.gz
- tailwindcss/0.0.0-insiders.d2daf59/default-theme.d.ts.br
- tailwindcss/0.0.0-insiders.d2daf59/default-theme.d.ts.gz
- tailwindcss/0.0.0-insiders.d2daf59/default-theme.js.br
- tailwindcss/0.0.0-insiders.d2daf59/default-theme.js.gz
- tailwindcss/0.0.0-insiders.d2daf59/default-theme.js.sri
- tailwindcss/0.0.0-insiders.d2daf59/default-theme.min.js.br
- tailwindcss/0.0.0-insiders.d2daf59/default-theme.min.js.gz
- tailwindcss/0.0.0-insiders.d2daf59/default-theme.min.js.sri
- tailwindcss/0.0.0-insiders.d2daf59/default-theme.mjs.br
- tailwindcss/0.0.0-insiders.d2daf59/default-theme.mjs.gz
- tailwindcss/0.0.0-insiders.d2daf59/flatten-color-palette.d.mts.br
- tailwindcss/0.0.0-insiders.d2daf59/flatten-color-palette.d.mts.gz
- tailwindcss/0.0.0-insiders.d2daf59/flatten-color-palette.d.ts.br
- tailwindcss/0.0.0-insiders.d2daf59/flatten-color-palette.d.ts.gz
- tailwindcss/0.0.0-insiders.d2daf59/flatten-color-palette.js.br
- tailwindcss/0.0.0-insiders.d2daf59/flatten-color-palette.js.gz
- tailwindcss/0.0.0-insiders.d2daf59/flatten-color-palette.js.sri
- tailwindcss/0.0.0-insiders.d2daf59/flatten-color-palette.min.js.br
- tailwindcss/0.0.0-insiders.d2daf59/flatten-color-palette.min.js.gz
- tailwindcss/0.0.0-insiders.d2daf59/flatten-color-palette.min.js.sri
- tailwindcss/0.0.0-insiders.d2daf59/flatten-color-palette.mjs.br
- tailwindcss/0.0.0-insiders.d2daf59/flatten-color-palette.mjs.gz
- tailwindcss/0.0.0-insiders.d2daf59/lib.d.mts.br
- tailwindcss/0.0.0-insiders.d2daf59/lib.d.mts.gz
- tailwindcss/0.0.0-insiders.d2daf59/lib.d.ts.br
- tailwindcss/0.0.0-insiders.d2daf59/lib.d.ts.gz
- tailwindcss/0.0.0-insiders.d2daf59/lib.js.br
- tailwindcss/0.0.0-insiders.d2daf59/lib.js.gz
- tailwindcss/0.0.0-insiders.d2daf59/lib.js.sri
- tailwindcss/0.0.0-insiders.d2daf59/lib.min.js.br
- tailwindcss/0.0.0-insiders.d2daf59/lib.min.js.gz
- tailwindcss/0.0.0-insiders.d2daf59/lib.min.js.sri
- tailwindcss/0.0.0-insiders.d2daf59/lib.mjs.br
- tailwindcss/0.0.0-insiders.d2daf59/lib.mjs.gz
- tailwindcss/0.0.0-insiders.d2daf59/plugin.d.mts.br
- tailwindcss/0.0.0-insiders.d2daf59/plugin.d.mts.gz
- tailwindcss/0.0.0-insiders.d2daf59/plugin.d.ts.br
- tailwindcss/0.0.0-insiders.d2daf59/plugin.d.ts.gz
- tailwindcss/0.0.0-insiders.d2daf59/plugin.js.br
- tailwindcss/0.0.0-insiders.d2daf59/plugin.js.gz
- tailwindcss/0.0.0-insiders.d2daf59/plugin.js.sri
- tailwindcss/0.0.0-insiders.d2daf59/plugin.min.js.br
- tailwindcss/0.0.0-insiders.d2daf59/plugin.min.js.gz
- tailwindcss/0.0.0-insiders.d2daf59/plugin.min.js.sri
- tailwindcss/0.0.0-insiders.d2daf59/plugin.mjs.br
- tailwindcss/0.0.0-insiders.d2daf59/plugin.mjs.gz
- tailwindcss/0.0.0-insiders.d2daf59/resolve-config-BIFUA2FY.d.ts.br
- tailwindcss/0.0.0-insiders.d2daf59/resolve-config-BIFUA2FY.d.ts.gz
- tailwindcss/0.0.0-insiders.d2daf59/resolve-config-QUZ9b-Gn.d.mts.br
- tailwindcss/0.0.0-insiders.d2daf59/resolve-config-QUZ9b-Gn.d.mts.gz
- tailwindcss/0.0.0-insiders.d2daf59/types-B254mqw1.d.mts.br
- tailwindcss/0.0.0-insiders.d2daf59/types-B254mqw1.d.mts.gz
