config: {"authors":[{"name":"Firebase","email":"firebase-support@google.com","url":"https://firebase.google.com/"}],"autoupdate":{"source":"npm","target":"firebase","fileMap":[{"basePath":"","files":["firebase*.+(js|map)"]},{"basePath":"lib","files":["firebase*.+(js|map)"]},{"basePath":"dist","files":["firebase*.+(js|map)"]}],"ignoreVersions":["*-canary.*"]},"description":"Firebase JavaScript library for web and Node.js","filename":"firebase.js","homepage":"https://firebase.google.com/","keywords":["authentication","database","Firebase","firebase","realtime","storage"],"license":"Apache-2.0","name":"firebase","repository":{"type":"git","url":"https://github.com/firebase/firebase-js-sdk.git"},"author":"Firebase \u003cfirebase-support@google.com\u003e (https://firebase.google.com/)"}
KV keys:
- firebase/12.1.0-firebase-studio-sdk-integration.f7536090e/firebase-ai.js.br
- firebase/12.1.0-firebase-studio-sdk-integration.f7536090e/firebase-ai.js.gz
- firebase/12.1.0-firebase-studio-sdk-integration.f7536090e/firebase-ai.js.map.br
- firebase/12.1.0-firebase-studio-sdk-integration.f7536090e/firebase-ai.js.map.gz
- firebase/12.1.0-firebase-studio-sdk-integration.f7536090e/firebase-ai.min.js.br
- firebase/12.1.0-firebase-studio-sdk-integration.f7536090e/firebase-ai.min.js.gz
- firebase/12.1.0-firebase-studio-sdk-integration.f7536090e/firebase-analytics-compat.js.br
- firebase/12.1.0-firebase-studio-sdk-integration.f7536090e/firebase-analytics-compat.js.gz
- firebase/12.1.0-firebase-studio-sdk-integration.f7536090e/firebase-analytics-compat.js.map.br
- firebase/12.1.0-firebase-studio-sdk-integration.f7536090e/firebase-analytics-compat.js.map.gz
- firebase/12.1.0-firebase-studio-sdk-integration.f7536090e/firebase-analytics-compat.min.js.br
- firebase/12.1.0-firebase-studio-sdk-integration.f7536090e/firebase-analytics-compat.min.js.gz
- firebase/12.1.0-firebase-studio-sdk-integration.f7536090e/firebase-analytics.js.br
- firebase/12.1.0-firebase-studio-sdk-integration.f7536090e/firebase-analytics.js.gz
- firebase/12.1.0-firebase-studio-sdk-integration.f7536090e/firebase-analytics.js.map.br
- firebase/12.1.0-firebase-studio-sdk-integration.f7536090e/firebase-analytics.js.map.gz
- firebase/12.1.0-firebase-studio-sdk-integration.f7536090e/firebase-analytics.min.js.br
- firebase/12.1.0-firebase-studio-sdk-integration.f7536090e/firebase-analytics.min.js.gz
- firebase/12.1.0-firebase-studio-sdk-integration.f7536090e/firebase-app-check-compat.js.br
- firebase/12.1.0-firebase-studio-sdk-integration.f7536090e/firebase-app-check-compat.js.gz
- firebase/12.1.0-firebase-studio-sdk-integration.f7536090e/firebase-app-check-compat.js.map.br
- firebase/12.1.0-firebase-studio-sdk-integration.f7536090e/firebase-app-check-compat.js.map.gz
- firebase/12.1.0-firebase-studio-sdk-integration.f7536090e/firebase-app-check-compat.min.js.br
- firebase/12.1.0-firebase-studio-sdk-integration.f7536090e/firebase-app-check-compat.min.js.gz
- firebase/12.1.0-firebase-studio-sdk-integration.f7536090e/firebase-app-check.js.br
- firebase/12.1.0-firebase-studio-sdk-integration.f7536090e/firebase-app-check.js.gz
- firebase/12.1.0-firebase-studio-sdk-integration.f7536090e/firebase-app-check.js.map.br
- firebase/12.1.0-firebase-studio-sdk-integration.f7536090e/firebase-app-check.js.map.gz
- firebase/12.1.0-firebase-studio-sdk-integration.f7536090e/firebase-app-check.min.js.br
- firebase/12.1.0-firebase-studio-sdk-integration.f7536090e/firebase-app-check.min.js.gz
- firebase/12.1.0-firebase-studio-sdk-integration.f7536090e/firebase-app-compat.js.br
- firebase/12.1.0-firebase-studio-sdk-integration.f7536090e/firebase-app-compat.js.gz
- firebase/12.1.0-firebase-studio-sdk-integration.f7536090e/firebase-app-compat.js.map.br
- firebase/12.1.0-firebase-studio-sdk-integration.f7536090e/firebase-app-compat.js.map.gz
- firebase/12.1.0-firebase-studio-sdk-integration.f7536090e/firebase-app-compat.min.js.br
- firebase/12.1.0-firebase-studio-sdk-integration.f7536090e/firebase-app-compat.min.js.gz
- firebase/12.1.0-firebase-studio-sdk-integration.f7536090e/firebase-app.js.br
- firebase/12.1.0-firebase-studio-sdk-integration.f7536090e/firebase-app.js.gz
- firebase/12.1.0-firebase-studio-sdk-integration.f7536090e/firebase-app.js.map.br
- firebase/12.1.0-firebase-studio-sdk-integration.f7536090e/firebase-app.js.map.gz
- firebase/12.1.0-firebase-studio-sdk-integration.f7536090e/firebase-app.min.js.br
- firebase/12.1.0-firebase-studio-sdk-integration.f7536090e/firebase-app.min.js.gz
- firebase/12.1.0-firebase-studio-sdk-integration.f7536090e/firebase-auth-compat.js.br
- firebase/12.1.0-firebase-studio-sdk-integration.f7536090e/firebase-auth-compat.js.gz
- firebase/12.1.0-firebase-studio-sdk-integration.f7536090e/firebase-auth-compat.js.map.br
- firebase/12.1.0-firebase-studio-sdk-integration.f7536090e/firebase-auth-compat.js.map.gz
- firebase/12.1.0-firebase-studio-sdk-integration.f7536090e/firebase-auth-compat.min.js.br
- firebase/12.1.0-firebase-studio-sdk-integration.f7536090e/firebase-auth-compat.min.js.gz
- firebase/12.1.0-firebase-studio-sdk-integration.f7536090e/firebase-auth-cordova.js.br
- firebase/12.1.0-firebase-studio-sdk-integration.f7536090e/firebase-auth-cordova.js.gz
- firebase/12.1.0-firebase-studio-sdk-integration.f7536090e/firebase-auth-cordova.js.map.br
- firebase/12.1.0-firebase-studio-sdk-integration.f7536090e/firebase-auth-cordova.js.map.gz
- firebase/12.1.0-firebase-studio-sdk-integration.f7536090e/firebase-auth-cordova.min.js.br
- firebase/12.1.0-firebase-studio-sdk-integration.f7536090e/firebase-auth-cordova.min.js.gz
- firebase/12.1.0-firebase-studio-sdk-integration.f7536090e/firebase-auth-web-extension.js.br
- firebase/12.1.0-firebase-studio-sdk-integration.f7536090e/firebase-auth-web-extension.js.gz
- firebase/12.1.0-firebase-studio-sdk-integration.f7536090e/firebase-auth-web-extension.js.map.br
- firebase/12.1.0-firebase-studio-sdk-integration.f7536090e/firebase-auth-web-extension.js.map.gz
- firebase/12.1.0-firebase-studio-sdk-integration.f7536090e/firebase-auth-web-extension.min.js.br
- firebase/12.1.0-firebase-studio-sdk-integration.f7536090e/firebase-auth-web-extension.min.js.gz
- firebase/12.1.0-firebase-studio-sdk-integration.f7536090e/firebase-auth.js.br
- firebase/12.1.0-firebase-studio-sdk-integration.f7536090e/firebase-auth.js.gz
- firebase/12.1.0-firebase-studio-sdk-integration.f7536090e/firebase-auth.js.map.br
- firebase/12.1.0-firebase-studio-sdk-integration.f7536090e/firebase-auth.js.map.gz
- firebase/12.1.0-firebase-studio-sdk-integration.f7536090e/firebase-auth.min.js.br
- firebase/12.1.0-firebase-studio-sdk-integration.f7536090e/firebase-auth.min.js.gz
- firebase/12.1.0-firebase-studio-sdk-integration.f7536090e/firebase-compat.js.br
- firebase/12.1.0-firebase-studio-sdk-integration.f7536090e/firebase-compat.js.gz
- firebase/12.1.0-firebase-studio-sdk-integration.f7536090e/firebase-compat.js.map.br
- firebase/12.1.0-firebase-studio-sdk-integration.f7536090e/firebase-compat.js.map.gz
- firebase/12.1.0-firebase-studio-sdk-integration.f7536090e/firebase-compat.min.js.br
- firebase/12.1.0-firebase-studio-sdk-integration.f7536090e/firebase-compat.min.js.gz
- firebase/12.1.0-firebase-studio-sdk-integration.f7536090e/firebase-data-connect.js.br
- firebase/12.1.0-firebase-studio-sdk-integration.f7536090e/firebase-data-connect.js.gz
- firebase/12.1.0-firebase-studio-sdk-integration.f7536090e/firebase-data-connect.js.map.br
- firebase/12.1.0-firebase-studio-sdk-integration.f7536090e/firebase-data-connect.js.map.gz
- firebase/12.1.0-firebase-studio-sdk-integration.f7536090e/firebase-data-connect.min.js.br
- firebase/12.1.0-firebase-studio-sdk-integration.f7536090e/firebase-data-connect.min.js.gz
- firebase/12.1.0-firebase-studio-sdk-integration.f7536090e/firebase-database-compat.js.br
- firebase/12.1.0-firebase-studio-sdk-integration.f7536090e/firebase-database-compat.js.gz
- firebase/12.1.0-firebase-studio-sdk-integration.f7536090e/firebase-database-compat.js.map.br
- firebase/12.1.0-firebase-studio-sdk-integration.f7536090e/firebase-database-compat.js.map.gz
- firebase/12.1.0-firebase-studio-sdk-integration.f7536090e/firebase-database-compat.min.js.br
- firebase/12.1.0-firebase-studio-sdk-integration.f7536090e/firebase-database-compat.min.js.gz
- firebase/12.1.0-firebase-studio-sdk-integration.f7536090e/firebase-database.js.br
- firebase/12.1.0-firebase-studio-sdk-integration.f7536090e/firebase-database.js.gz
- firebase/12.1.0-firebase-studio-sdk-integration.f7536090e/firebase-database.js.map.br
- firebase/12.1.0-firebase-studio-sdk-integration.f7536090e/firebase-database.js.map.gz
- firebase/12.1.0-firebase-studio-sdk-integration.f7536090e/firebase-database.min.js.br
- firebase/12.1.0-firebase-studio-sdk-integration.f7536090e/firebase-database.min.js.gz
- firebase/12.1.0-firebase-studio-sdk-integration.f7536090e/firebase-firestore-compat.js.br
- firebase/12.1.0-firebase-studio-sdk-integration.f7536090e/firebase-firestore-compat.js.gz
- firebase/12.1.0-firebase-studio-sdk-integration.f7536090e/firebase-firestore-compat.js.map.br
- firebase/12.1.0-firebase-studio-sdk-integration.f7536090e/firebase-firestore-compat.js.map.gz
- firebase/12.1.0-firebase-studio-sdk-integration.f7536090e/firebase-firestore-compat.min.js.br
- firebase/12.1.0-firebase-studio-sdk-integration.f7536090e/firebase-firestore-compat.min.js.gz
- firebase/12.1.0-firebase-studio-sdk-integration.f7536090e/firebase-firestore-lite.js.br
- firebase/12.1.0-firebase-studio-sdk-integration.f7536090e/firebase-firestore-lite.js.gz
- firebase/12.1.0-firebase-studio-sdk-integration.f7536090e/firebase-firestore-lite.js.map.br
- firebase/12.1.0-firebase-studio-sdk-integration.f7536090e/firebase-firestore-lite.js.map.gz
- firebase/12.1.0-firebase-studio-sdk-integration.f7536090e/firebase-firestore-lite.min.js.br
- firebase/12.1.0-firebase-studio-sdk-integration.f7536090e/firebase-firestore-lite.min.js.gz
- firebase/12.1.0-firebase-studio-sdk-integration.f7536090e/firebase-firestore.js.br
- firebase/12.1.0-firebase-studio-sdk-integration.f7536090e/firebase-firestore.js.gz
- firebase/12.1.0-firebase-studio-sdk-integration.f7536090e/firebase-firestore.js.map.br
- firebase/12.1.0-firebase-studio-sdk-integration.f7536090e/firebase-firestore.js.map.gz
- firebase/12.1.0-firebase-studio-sdk-integration.f7536090e/firebase-firestore.min.js.br
- firebase/12.1.0-firebase-studio-sdk-integration.f7536090e/firebase-firestore.min.js.gz
- firebase/12.1.0-firebase-studio-sdk-integration.f7536090e/firebase-functions-compat.js.br
- firebase/12.1.0-firebase-studio-sdk-integration.f7536090e/firebase-functions-compat.js.gz
- firebase/12.1.0-firebase-studio-sdk-integration.f7536090e/firebase-functions-compat.js.map.br
- firebase/12.1.0-firebase-studio-sdk-integration.f7536090e/firebase-functions-compat.js.map.gz
- firebase/12.1.0-firebase-studio-sdk-integration.f7536090e/firebase-functions-compat.min.js.br
- firebase/12.1.0-firebase-studio-sdk-integration.f7536090e/firebase-functions-compat.min.js.gz
- firebase/12.1.0-firebase-studio-sdk-integration.f7536090e/firebase-functions.js.br
- firebase/12.1.0-firebase-studio-sdk-integration.f7536090e/firebase-functions.js.gz
- firebase/12.1.0-firebase-studio-sdk-integration.f7536090e/firebase-functions.js.map.br
- firebase/12.1.0-firebase-studio-sdk-integration.f7536090e/firebase-functions.js.map.gz
- firebase/12.1.0-firebase-studio-sdk-integration.f7536090e/firebase-functions.min.js.br
- firebase/12.1.0-firebase-studio-sdk-integration.f7536090e/firebase-functions.min.js.gz
- firebase/12.1.0-firebase-studio-sdk-integration.f7536090e/firebase-installations-compat.js.br
- firebase/12.1.0-firebase-studio-sdk-integration.f7536090e/firebase-installations-compat.js.gz
- firebase/12.1.0-firebase-studio-sdk-integration.f7536090e/firebase-installations-compat.js.map.br
- firebase/12.1.0-firebase-studio-sdk-integration.f7536090e/firebase-installations-compat.js.map.gz
- firebase/12.1.0-firebase-studio-sdk-integration.f7536090e/firebase-installations-compat.min.js.br
- firebase/12.1.0-firebase-studio-sdk-integration.f7536090e/firebase-installations-compat.min.js.gz
- firebase/12.1.0-firebase-studio-sdk-integration.f7536090e/firebase-installations.js.br
- firebase/12.1.0-firebase-studio-sdk-integration.f7536090e/firebase-installations.js.gz
- firebase/12.1.0-firebase-studio-sdk-integration.f7536090e/firebase-installations.js.map.br
- firebase/12.1.0-firebase-studio-sdk-integration.f7536090e/firebase-installations.js.map.gz
- firebase/12.1.0-firebase-studio-sdk-integration.f7536090e/firebase-installations.min.js.br
- firebase/12.1.0-firebase-studio-sdk-integration.f7536090e/firebase-installations.min.js.gz
- firebase/12.1.0-firebase-studio-sdk-integration.f7536090e/firebase-messaging-compat.js.br
- firebase/12.1.0-firebase-studio-sdk-integration.f7536090e/firebase-messaging-compat.js.gz
- firebase/12.1.0-firebase-studio-sdk-integration.f7536090e/firebase-messaging-compat.js.map.br
- firebase/12.1.0-firebase-studio-sdk-integration.f7536090e/firebase-messaging-compat.js.map.gz
- firebase/12.1.0-firebase-studio-sdk-integration.f7536090e/firebase-messaging-compat.min.js.br
- firebase/12.1.0-firebase-studio-sdk-integration.f7536090e/firebase-messaging-compat.min.js.gz
- firebase/12.1.0-firebase-studio-sdk-integration.f7536090e/firebase-messaging-sw.js.br
- firebase/12.1.0-firebase-studio-sdk-integration.f7536090e/firebase-messaging-sw.js.gz
- firebase/12.1.0-firebase-studio-sdk-integration.f7536090e/firebase-messaging-sw.js.map.br
- firebase/12.1.0-firebase-studio-sdk-integration.f7536090e/firebase-messaging-sw.js.map.gz
- firebase/12.1.0-firebase-studio-sdk-integration.f7536090e/firebase-messaging-sw.min.js.br
- firebase/12.1.0-firebase-studio-sdk-integration.f7536090e/firebase-messaging-sw.min.js.gz
- firebase/12.1.0-firebase-studio-sdk-integration.f7536090e/firebase-messaging.js.br
- firebase/12.1.0-firebase-studio-sdk-integration.f7536090e/firebase-messaging.js.gz
- firebase/12.1.0-firebase-studio-sdk-integration.f7536090e/firebase-messaging.js.map.br
- firebase/12.1.0-firebase-studio-sdk-integration.f7536090e/firebase-messaging.js.map.gz
- firebase/12.1.0-firebase-studio-sdk-integration.f7536090e/firebase-messaging.min.js.br
- firebase/12.1.0-firebase-studio-sdk-integration.f7536090e/firebase-messaging.min.js.gz
- firebase/12.1.0-firebase-studio-sdk-integration.f7536090e/firebase-performance-compat.js.br
- firebase/12.1.0-firebase-studio-sdk-integration.f7536090e/firebase-performance-compat.js.gz
- firebase/12.1.0-firebase-studio-sdk-integration.f7536090e/firebase-performance-compat.js.map.br
- firebase/12.1.0-firebase-studio-sdk-integration.f7536090e/firebase-performance-compat.js.map.gz
- firebase/12.1.0-firebase-studio-sdk-integration.f7536090e/firebase-performance-compat.min.js.br
- firebase/12.1.0-firebase-studio-sdk-integration.f7536090e/firebase-performance-compat.min.js.gz
- firebase/12.1.0-firebase-studio-sdk-integration.f7536090e/firebase-performance-standalone-compat.js.br
- firebase/12.1.0-firebase-studio-sdk-integration.f7536090e/firebase-performance-standalone-compat.js.gz
- firebase/12.1.0-firebase-studio-sdk-integration.f7536090e/firebase-performance-standalone-compat.js.map.br
- firebase/12.1.0-firebase-studio-sdk-integration.f7536090e/firebase-performance-standalone-compat.js.map.gz
- firebase/12.1.0-firebase-studio-sdk-integration.f7536090e/firebase-performance-standalone-compat.min.js.br
- firebase/12.1.0-firebase-studio-sdk-integration.f7536090e/firebase-performance-standalone-compat.min.js.gz
- firebase/12.1.0-firebase-studio-sdk-integration.f7536090e/firebase-performance.js.br
- firebase/12.1.0-firebase-studio-sdk-integration.f7536090e/firebase-performance.js.gz
- firebase/12.1.0-firebase-studio-sdk-integration.f7536090e/firebase-performance.js.map.br
- firebase/12.1.0-firebase-studio-sdk-integration.f7536090e/firebase-performance.js.map.gz
- firebase/12.1.0-firebase-studio-sdk-integration.f7536090e/firebase-performance.min.js.br
- firebase/12.1.0-firebase-studio-sdk-integration.f7536090e/firebase-performance.min.js.gz
- firebase/12.1.0-firebase-studio-sdk-integration.f7536090e/firebase-remote-config-compat.js.br
- firebase/12.1.0-firebase-studio-sdk-integration.f7536090e/firebase-remote-config-compat.js.gz
- firebase/12.1.0-firebase-studio-sdk-integration.f7536090e/firebase-remote-config-compat.js.map.br
- firebase/12.1.0-firebase-studio-sdk-integration.f7536090e/firebase-remote-config-compat.js.map.gz
- firebase/12.1.0-firebase-studio-sdk-integration.f7536090e/firebase-remote-config-compat.min.js.br
- firebase/12.1.0-firebase-studio-sdk-integration.f7536090e/firebase-remote-config-compat.min.js.gz
- firebase/12.1.0-firebase-studio-sdk-integration.f7536090e/firebase-remote-config.js.br
- firebase/12.1.0-firebase-studio-sdk-integration.f7536090e/firebase-remote-config.js.gz
- firebase/12.1.0-firebase-studio-sdk-integration.f7536090e/firebase-remote-config.js.map.br
- firebase/12.1.0-firebase-studio-sdk-integration.f7536090e/firebase-remote-config.js.map.gz
- firebase/12.1.0-firebase-studio-sdk-integration.f7536090e/firebase-remote-config.min.js.br
- firebase/12.1.0-firebase-studio-sdk-integration.f7536090e/firebase-remote-config.min.js.gz
- firebase/12.1.0-firebase-studio-sdk-integration.f7536090e/firebase-storage-compat.js.br
- firebase/12.1.0-firebase-studio-sdk-integration.f7536090e/firebase-storage-compat.js.gz
- firebase/12.1.0-firebase-studio-sdk-integration.f7536090e/firebase-storage-compat.js.map.br
- firebase/12.1.0-firebase-studio-sdk-integration.f7536090e/firebase-storage-compat.js.map.gz
- firebase/12.1.0-firebase-studio-sdk-integration.f7536090e/firebase-storage-compat.min.js.br
- firebase/12.1.0-firebase-studio-sdk-integration.f7536090e/firebase-storage-compat.min.js.gz
- firebase/12.1.0-firebase-studio-sdk-integration.f7536090e/firebase-storage.js.br
- firebase/12.1.0-firebase-studio-sdk-integration.f7536090e/firebase-storage.js.gz
- firebase/12.1.0-firebase-studio-sdk-integration.f7536090e/firebase-storage.js.map.br
- firebase/12.1.0-firebase-studio-sdk-integration.f7536090e/firebase-storage.js.map.gz
- firebase/12.1.0-firebase-studio-sdk-integration.f7536090e/firebase-storage.min.js.br
- firebase/12.1.0-firebase-studio-sdk-integration.f7536090e/firebase-storage.min.js.gz
SRIs:
- firebase/12.1.0-firebase-studio-sdk-integration.f7536090e/firebase-app-compat.js: sha512-fGtA43XuySFGkqCE0k9pRKe088s8d6XQXrJ6A3Kw7znpP/VQIBSYFNgLG12ih6AL56Ti+TRGnSAC+VP6tBvl1Q==
- firebase/12.1.0-firebase-studio-sdk-integration.f7536090e/firebase-database.js: sha512-lEKZl3b8/OKnonS19/4x9Zp8s+rmdEUnRDbF/aJ4fG2z+6JoyJ8sJyArzKaOgaCptsGM+VrVLRnsPH265tiA7A==
- firebase/12.1.0-firebase-studio-sdk-integration.f7536090e/firebase-firestore-lite.js: sha512-Eg818oezLR4M74DJxRU1Wd64yxQyXgfwUBmWjlWV718ud6qRZQ8wOYRlhPgv5tnJWSEwfk25IwzKccMvj0jyWg==
- firebase/12.1.0-firebase-studio-sdk-integration.f7536090e/firebase-firestore.min.js: sha512-lIEOfEwsh7NOj9hnroNJeGnkOEY84RkngwucyMYoagt5o8Wo5sYqkUo/evH6zU/OMWPrMXwc0bznlSlyvaDVqg==
- firebase/12.1.0-firebase-studio-sdk-integration.f7536090e/firebase-messaging.js: sha512-vaIPQTExcovmERNY7sI8m6WE1XvBa31le4qn2PEZr7/s4q+L0z4G8DuY9gJRSX6fbbq+etTOz7FQVUGHvoyDyg==
- firebase/12.1.0-firebase-studio-sdk-integration.f7536090e/firebase-performance-standalone-compat.js: sha512-7l+SnVU0XFwA7W9SSLKLkL3dmNKvh8s6TrhZzsaoyz+dKdbH7AUBCjHZUibeJHS9kNRLXd/L/zIKsRpwOxyjtA==
- firebase/12.1.0-firebase-studio-sdk-integration.f7536090e/firebase-auth-web-extension.min.js: sha512-J7waU3E0R3orGAirSMp0GV9KG/yRbHG2Y1FWrjR86sQ7zU6KZt+Fxhmg+RDBkZyh5uZnkK9Mh+hcKYfpPOqQRQ==
- firebase/12.1.0-firebase-studio-sdk-integration.f7536090e/firebase-database.min.js: sha512-91UUCNAfECUFQiaFTKQPrvNuoe418J4wx4fqZdGjcA2mLOssTekuqriQCBrd7OuEYsviHJ9UFfv8TRfq84JRyg==
- firebase/12.1.0-firebase-studio-sdk-integration.f7536090e/firebase-firestore-compat.js: sha512-kG0y2u67pUi8mtvaHcqE/plskCAP1GiFO1fzUDmPVZRIs36YS7iX2hv27uJlVlcyVLSHcsbNw+tROc03DTL6JA==
- firebase/12.1.0-firebase-studio-sdk-integration.f7536090e/firebase-auth-compat.js: sha512-E96x/GVA8Xg8InuD/I7/aSHw9QXSz8BdOuhwvYdNUH55bML46hqsGplVopuvE8wHPeoPOUXJ/lwscc5nXoSpMw==
- firebase/12.1.0-firebase-studio-sdk-integration.f7536090e/firebase-auth-compat.min.js: sha512-b697Afe3LxxiTngKye6+BkZPSjfkc4H9SzN78SG20EDA3BH1XAxUw5WqnwsFGIpL1VvFzAKn9n7A0/E6DVOCvg==
- firebase/12.1.0-firebase-studio-sdk-integration.f7536090e/firebase-data-connect.min.js: sha512-iukVDfjXywcKmZbb/Cs+cEWiT78b7u7JLNX7O7T394Mt7Nk4CyBb8+Z9LBPZchTnoMlCcHnZ6jikwKsIoQYKNg==
- firebase/12.1.0-firebase-studio-sdk-integration.f7536090e/firebase-ai.min.js: sha512-Xu2pevMZr/yJCltoE/vms5TQMccFFic9bDCINuLaekyeW9iGRpr1lSERFm57eTllKCb/cwzDn2dMVLfNDYCb0w==
- firebase/12.1.0-firebase-studio-sdk-integration.f7536090e/firebase-app-check-compat.js: sha512-6kkMOMBNjh91sno3bvM9JG5MEFQZqUibBvJ+Ek3WkDstV2uD7Fg467rAtZgYy5dGkm2Nt5AE66eCav5zyyXu8g==
- firebase/12.1.0-firebase-studio-sdk-integration.f7536090e/firebase-performance-compat.min.js: sha512-2IwjqpfHswVZkQW6hR+EfZmWUJKYd99J0VHxdpQmlSFgCF1n7HtYOnww8qNzIGs+K2DaxpjP7z10JCxEB0UBpw==
- firebase/12.1.0-firebase-studio-sdk-integration.f7536090e/firebase-performance.js: sha512-GQb72aZVe4TqLEIM6fzg3WnQvM2QM/VWz0fFdmtOSM28O5lRn8GgY+Imc26rES7puRqggK2SGXBXNILK8328vA==
- firebase/12.1.0-firebase-studio-sdk-integration.f7536090e/firebase-storage-compat.min.js: sha512-sFI40ZeeVYf47AswjrXrTHR+6QrwZDVi55BdRs7Vhl/JVx9tEaB9rKBYwKSyEWQd6laDCj9ZQuQ3hGqKzPvQCg==
- firebase/12.1.0-firebase-studio-sdk-integration.f7536090e/firebase-app-check.js: sha512-zsMPHfYwF4u8+yT+BOUgYfH8BXKLI55QmYz6/lcnGPLVeZGnEhklJBYt6er3SgQSnT7Pb12TD3syrlnIPdVQuA==
- firebase/12.1.0-firebase-studio-sdk-integration.f7536090e/firebase-app.js: sha512-eqF/9ocKiEfWj5dqCFEixZvFilHKkZ3k/ucOGSmBxAgknEJY0WYkPi57VwwpXGbDvgEX2GIBJ/VJiXyxUD5UVA==
- firebase/12.1.0-firebase-studio-sdk-integration.f7536090e/firebase-app.min.js: sha512-q3ZaSmscLmmDIJF2aou5ZPSBvfH7POM6Lh6zgUH2FRlK9NpvMwPI7csOfJFLaUg7TZBbdRYwWL06aW37kyxUCw==
- firebase/12.1.0-firebase-studio-sdk-integration.f7536090e/firebase-auth-cordova.js: sha512-ZVluARx9HS1BAj8tV8j2D941moPuBtS44+RfxcwQasZw6768ZNGfE/lXhcVyhntQUooUBcTbldzoW53E+CXFaA==
- firebase/12.1.0-firebase-studio-sdk-integration.f7536090e/firebase-auth-web-extension.js: sha512-0pIhOps7YnsOkR+ElIVMQ1HTR7/1HYVD/f4CPQaskVi732/f2ODwHgLxZERcLRVDNkTCGtRB8uE7GAp3I+h97Q==
- firebase/12.1.0-firebase-studio-sdk-integration.f7536090e/firebase-auth.js: sha512-y/DCYYY400DPBa0aqvHI4FglE9n26cTcMRNk2oWhRvPH/i6hqFjFhnFo2MX2mNlgFR2pvzlBmwOXVdNqcuEy0w==
- firebase/12.1.0-firebase-studio-sdk-integration.f7536090e/firebase-functions-compat.js: sha512-GRsj7SKXwboL8rRkUZKRh3/b4AooskHL23a4F7evnDCIy27WGIcn17aqHG+0EUxLVFKFy27nc5pzIaVqEvz+kw==
- firebase/12.1.0-firebase-studio-sdk-integration.f7536090e/firebase-functions-compat.min.js: sha512-+FNYPbRzYtRDgUrzYOBmdnguuQUWLRRu30tRY0l1/9TPFNbQ2xXQ4wHM/9gGcdRwvAB0uVpxtN1kVUbojdRuPw==
- firebase/12.1.0-firebase-studio-sdk-integration.f7536090e/firebase-functions.js: sha512-r9bB0w4gvGneCc7Kyoc1B5+GqdskeZhZY5zvWGLj4pSzzwOcrkiIe7dqoirj9b+d+FELJbnQpb6XFkChknBgfg==
- firebase/12.1.0-firebase-studio-sdk-integration.f7536090e/firebase-functions.min.js: sha512-smjS500fgkvLF+hIPrOwbzfChpGsBDnQNjmT9+KYyQx1+E42xT+6C41BooSjtpgLbw5d2K+IxGkuzxeX88g/MQ==
- firebase/12.1.0-firebase-studio-sdk-integration.f7536090e/firebase-storage-compat.js: sha512-OCz3bRJ9QJJ70YGelRvad9Tg3vb2oT2fL+WWleJuoqYiLXwhGnsi3IXY8DFI1umUs6zMjODnL+WRRi9CVEwH0A==
- firebase/12.1.0-firebase-studio-sdk-integration.f7536090e/firebase-storage.min.js: sha512-Z3oJqNUwXUdNCUn48ygAf5NMAMqKKUMvpaPmUcqcIAlYcPVsVaOwUQvzpnMHd6PPDmjSafiVIRuEXDIXo3kklw==
- firebase/12.1.0-firebase-studio-sdk-integration.f7536090e/firebase-analytics-compat.js: sha512-loMq+ibL85f1q3pRh0MJL/eE/togiO0+tb3DRmhiwjepjJOTtRNzc39SwEVIhuJaXC/pJpHjOi0onMWhDunWKQ==
- firebase/12.1.0-firebase-studio-sdk-integration.f7536090e/firebase-analytics.js: sha512-7Tc8MNZIr9IRhELDtFj8scnrYj7kVnCAXfyogNmYNu3C06o89mJsdZ7ezgMDzulo03Ewq/7XCJ8xg+iJ/3S09w==
- firebase/12.1.0-firebase-studio-sdk-integration.f7536090e/firebase-data-connect.js: sha512-AZqBlDDqNRQwZTPeD6MAF34R1v5bqsDzATdtDytxZPkEiKjZnW/7kJCPltNRh/qnnPTBYWrx3QLv6Dbl5rsHeA==
- firebase/12.1.0-firebase-studio-sdk-integration.f7536090e/firebase-database-compat.min.js: sha512-T+O7Ql8jb27j6+OQLw4Fz/jmugpg7a08RGet3zMqgNG2IPRxsLuoneKuokRXbtOIiyOIS4s/xhBPPjhhEZDhbw==
- firebase/12.1.0-firebase-studio-sdk-integration.f7536090e/firebase-installations.js: sha512-9NpuUR/anJ5Yk4jE5NpvnTJpgQpJY4s/T+L4YUzYfhGZcxvyC1I6OIm8V7df9x29eheva93IzxxNziFXCmRZ5A==
- firebase/12.1.0-firebase-studio-sdk-integration.f7536090e/firebase-performance-standalone-compat.min.js: sha512-iZebvtLyp3Pz4PLvdixM4zpMq7r+4WDhxQ56sdbdM791/jpLeMNc18Jj6xPw2w+cVhweTkpMSwX6CfhO13S5cQ==
- firebase/12.1.0-firebase-studio-sdk-integration.f7536090e/firebase-analytics.min.js: sha512-+pFi+p9meO8VvoZUXK7uArH1g6DxkOHZwLVv3IqP0XkjI3RM4kqxKFh9lbgzv1XRoJQWGevzq5Q5Xa/IrHjZCg==
- firebase/12.1.0-firebase-studio-sdk-integration.f7536090e/firebase-app-check-compat.min.js: sha512-r9VLyTkqpFUFG5KpEyYdBc4i+6F162UXEw+AcTMVOfg0081Vyo5leqW+hRNTYXX2rZSlR7X/mit1h8EdiN1Z9w==
- firebase/12.1.0-firebase-studio-sdk-integration.f7536090e/firebase-app-compat.min.js: sha512-BtZy/Dt580W6hMXsVu7Fw7zVWX2h9CO9EH1VsdV26x/4ySpsYqIMXA2ElrKnEdEJNPbAsc1/IEJ6D3uOfvOCBA==
- firebase/12.1.0-firebase-studio-sdk-integration.f7536090e/firebase-auth.min.js: sha512-8wriSWMLRMIbhIVFenGyJRL95mhNfuqqae+qHXNnImNg0EpCWB5IkebZ7AoHJJyHeSCDsIU5r53U5gmxo5j9iw==
- firebase/12.1.0-firebase-studio-sdk-integration.f7536090e/firebase-compat.js: sha512-gO2TBIUbjgoDOXtrr7IaoEJFbd5j1NFxfhLBYgRwCXB3hEC1BQ7N/64Aq15c8nMWw0MSRC1FPbsWk0D7IHi1lg==
- firebase/12.1.0-firebase-studio-sdk-integration.f7536090e/firebase-compat.min.js: sha512-EZPL4mgboAE1usJduJSlhXDYIPT7wEGI8++b5YI3tYvtYDDKl+H6xA4mQUtZILbgW7zvbmMgaCgx+BDNlGMT8w==
- firebase/12.1.0-firebase-studio-sdk-integration.f7536090e/firebase-firestore-lite.min.js: sha512-gPvQslHtds/BGj5+mN9QFi56BwA85IQf/xEqoecVUpkmQevrAeBX/lVxGlLnTnrGXcQKiRWfnhOrC1KOvHultg==
- firebase/12.1.0-firebase-studio-sdk-integration.f7536090e/firebase-analytics-compat.min.js: sha512-/iC587cNE32nOXmsCM+Hic4fdYs+t1s9SdEGYVRDGekv2qMQDDfSV6g4CqutPw1D+Hf8/zyb2hA1WM5O9+O1KQ==
- firebase/12.1.0-firebase-studio-sdk-integration.f7536090e/firebase-app-check.min.js: sha512-cZ3ZtPrzcajTj01zzWiM6W9xJlRdHPvFOtrAuB6Wiq9lpS1STUP5dAbA/0ZO7sDH37Me10mxJ9p1l/3xSm4zvg==
- firebase/12.1.0-firebase-studio-sdk-integration.f7536090e/firebase-database-compat.js: sha512-UskShYi8nhrz3Ca8sdmigSpBRqXVechV44h3yYN7aImiQljJScgbwh2WdL5AwB3h+DC8ij2dkjVIR/tLO5DRZw==
- firebase/12.1.0-firebase-studio-sdk-integration.f7536090e/firebase-auth-cordova.min.js: sha512-+TfrPKezhd7g+JiDe9JD3Fx4xIxZoC57Slrwra9JPErH5HjukTDD1eq7LQnQE0X8YeLTNgsIK/Zge+xwIA+j1g==
- firebase/12.1.0-firebase-studio-sdk-integration.f7536090e/firebase-firestore.js: sha512-Y6Dm57XgU0O+Sy/Uoocp5qyjPx+JHHuDYKpSRYEJPQCZc/lNia8P41bWbCB77UEftYNlHQ9kiUzq4Ngm8MWKcw==
- firebase/12.1.0-firebase-studio-sdk-integration.f7536090e/firebase-installations.min.js: sha512-KafBUg8aQ1ayVEiUMuDEb6s7OPan2irCmff5XumfqWhFfURNWwy0GJxhS1nu3sEraIVxhaRzUjNn5WZmk7WHTA==
- firebase/12.1.0-firebase-studio-sdk-integration.f7536090e/firebase-messaging.min.js: sha512-5oipChDfX7tY8gqjceYJvl34PO1t1FdI7wJLSKxzvpdibgZcYTQNxcmfdP8toWuyTcbe4907wKc8GCZI+CLOzw==
- firebase/12.1.0-firebase-studio-sdk-integration.f7536090e/firebase-firestore-compat.min.js: sha512-YwQarExGm72aLCUaLXsGK6rJnTgDUmFQpPS/su2EoMozVFj7gEqmYRYmBmnKY/lsLuebhxgHKn3vFspzmGzPQg==
- firebase/12.1.0-firebase-studio-sdk-integration.f7536090e/firebase-performance-compat.js: sha512-iR6OHJi9fpYOkepb0PbxdFyIBXoagf9ItzyDtZ4ETEphuKLhsNOyOjLnrgZbPLPqSBUKluhlWf9BExtA5RIWYQ==
- firebase/12.1.0-firebase-studio-sdk-integration.f7536090e/firebase-performance.min.js: sha512-4Xu5Jaj9gxDu4Dt8QxHdO0pvwp9xAqxcAKje8uQZZh7SqvxhjZBpxOpdJSduW3BiADq0r/86X6mjtFxbFMQGmw==
- firebase/12.1.0-firebase-studio-sdk-integration.f7536090e/firebase-ai.js: sha512-67J8yIIrqH461yGC7akyHbgW7QgDTYXu1w8G8Y2fq7wSgLQxETo4Rz1Z9jJS98+fPvPqpJkCUh1Uoxzpe/i/EA==
- firebase/12.1.0-firebase-studio-sdk-integration.f7536090e/firebase-installations-compat.js: sha512-fqC3r3imjM3K7FKXGhl+mEsrn2JBYrjc/0sN8r4yrfH/fjDnwPUxclrUY/hyt9c8/VwYKVsq9UziNRSP1pYzxw==
- firebase/12.1.0-firebase-studio-sdk-integration.f7536090e/firebase-messaging-compat.js: sha512-wxQPfHbqrTrzJXTq6aY7/btMWxkVppj/AK22OFPL3HZzMWrADN6G2MS+4YnkuFxelYEEMkQzGczgc8EkWumSbQ==
- firebase/12.1.0-firebase-studio-sdk-integration.f7536090e/firebase-remote-config.min.js: sha512-3RWi8woBYixZX8zc/+rcRuAiJ9DGtl+At0EOuxQV/4x3zHs6NtcLLFnzNmjTJnNe5w5RNSiidZ+yT+dLwG5xnA==
- firebase/12.1.0-firebase-studio-sdk-integration.f7536090e/firebase-storage.js: sha512-DBTd+haQijF1+J5ZXzjpon6cOlVkrbGaT1AONA75gTpOYg68ayatis0LAzz5YZ4xieM3b2gxnBcysscrEZxw6Q==
- firebase/12.1.0-firebase-studio-sdk-integration.f7536090e/firebase-installations-compat.min.js: sha512-uEWgMJVj/9Rn/foIFj8TbeLzHe+Jwd4cvZvwqJxHvgRXp8JyAUJI7yekANAAEW69udDCd+zjxmOuueB34lHOag==
- firebase/12.1.0-firebase-studio-sdk-integration.f7536090e/firebase-messaging-compat.min.js: sha512-Si2GnOT4RbSSL+hnIGQ5iTrUNAWlCRoMz4xKFi5VZEmzhfjTmb7Fyv3+dw9R6x+4zcctnwURWQaxjyUNY0xHNA==
- firebase/12.1.0-firebase-studio-sdk-integration.f7536090e/firebase-remote-config-compat.min.js: sha512-m+TVsypPt7cZzn/IZvID7C68Z60G6QWTC/Nvs4Ok57vNKBCJk6IB9XmrvssmCJVigrB1IdgdXuMMLoxcZR9F0A==
- firebase/12.1.0-firebase-studio-sdk-integration.f7536090e/firebase-messaging-sw.js: sha512-EN/lwtiNG/CSoY97ullxsPZZg0xa0NgWKSLCXFgvZv7d+TTlPorYpmZKxiS5ndGzEviay+UWCkAFgMR4VP50/w==
- firebase/12.1.0-firebase-studio-sdk-integration.f7536090e/firebase-messaging-sw.min.js: sha512-L/KSjjDJqmeRqKcSI+odTy6xDlTUBLtj+77gLdQjY6X98W05svocmGqmMPttIQHXm7+1wxnC9pW+zMFO3QBdhw==
- firebase/12.1.0-firebase-studio-sdk-integration.f7536090e/firebase-remote-config-compat.js: sha512-WO7gJCjPmaWYZr5fI9VqiaZwwJxZW3qQvouMGKFGms3tSYzHZ3D0OSUoZ58BG851MTbrFDH+Eqzf0186g3yI3g==
- firebase/12.1.0-firebase-studio-sdk-integration.f7536090e/firebase-remote-config.js: sha512-9kHRx41LTMB408Xh/S6D4Z3/gBOLhoutw+u2vfeMnV+SCpNMUtLdTii4XzIt9oU5N7oI0lMEnweiZoExopql5w==
