config: {"authors":[{"name":"Guillaume du Pontavice","email":"g.du.pontavice@gmail.com"}],"autoupdate":{"source":"npm","target":"hls.js","fileMap":[{"basePath":"dist","files":["**/!(*-demo.*)"]}],"ignoreVersions":["*-canary.*"]},"description":"JavaScript HLS client using MediaSourceExtension","filename":"hls.min.js","homepage":"https://hls-js.netlify.com/demo/","keywords":["hls.js","video","streaming","mediasource","player"],"license":"Apache-2.0","name":"hls.js","repository":{"type":"git","url":"git://github.com/video-dev/hls.js"},"author":"Guillaume du Pontavice \u003cg.du.pontavice@gmail.com\u003e"}
KV keys:
- hls.js/1.6.0-beta.2.0.canary.10861/hls.d.mts.br
- hls.js/1.6.0-beta.2.0.canary.10861/hls.d.mts.gz
- hls.js/1.6.0-beta.2.0.canary.10861/hls.d.ts.br
- hls.js/1.6.0-beta.2.0.canary.10861/hls.d.ts.gz
- hls.js/1.6.0-beta.2.0.canary.10861/hls.js.br
- hls.js/1.6.0-beta.2.0.canary.10861/hls.js.d.ts.br
- hls.js/1.6.0-beta.2.0.canary.10861/hls.js.d.ts.gz
- hls.js/1.6.0-beta.2.0.canary.10861/hls.js.gz
- hls.js/1.6.0-beta.2.0.canary.10861/hls.js.map.br
- hls.js/1.6.0-beta.2.0.canary.10861/hls.js.map.gz
- hls.js/1.6.0-beta.2.0.canary.10861/hls.light.js.br
- hls.js/1.6.0-beta.2.0.canary.10861/hls.light.js.gz
- hls.js/1.6.0-beta.2.0.canary.10861/hls.light.js.map.br
- hls.js/1.6.0-beta.2.0.canary.10861/hls.light.js.map.gz
- hls.js/1.6.0-beta.2.0.canary.10861/hls.light.min.js.br
- hls.js/1.6.0-beta.2.0.canary.10861/hls.light.min.js.gz
- hls.js/1.6.0-beta.2.0.canary.10861/hls.light.min.js.map.br
- hls.js/1.6.0-beta.2.0.canary.10861/hls.light.min.js.map.gz
- hls.js/1.6.0-beta.2.0.canary.10861/hls.light.mjs.br
- hls.js/1.6.0-beta.2.0.canary.10861/hls.light.mjs.gz
- hls.js/1.6.0-beta.2.0.canary.10861/hls.light.mjs.map.br
- hls.js/1.6.0-beta.2.0.canary.10861/hls.light.mjs.map.gz
- hls.js/1.6.0-beta.2.0.canary.10861/hls.min.js.br
- hls.js/1.6.0-beta.2.0.canary.10861/hls.min.js.gz
- hls.js/1.6.0-beta.2.0.canary.10861/hls.min.js.map.br
- hls.js/1.6.0-beta.2.0.canary.10861/hls.min.js.map.gz
- hls.js/1.6.0-beta.2.0.canary.10861/hls.mjs.br
- hls.js/1.6.0-beta.2.0.canary.10861/hls.mjs.gz
- hls.js/1.6.0-beta.2.0.canary.10861/hls.mjs.map.br
- hls.js/1.6.0-beta.2.0.canary.10861/hls.mjs.map.gz
- hls.js/1.6.0-beta.2.0.canary.10861/hls.worker.js.br
- hls.js/1.6.0-beta.2.0.canary.10861/hls.worker.js.gz
- hls.js/1.6.0-beta.2.0.canary.10861/hls.worker.js.map.br
- hls.js/1.6.0-beta.2.0.canary.10861/hls.worker.js.map.gz
- hls.js/1.6.0-beta.2.0.canary.10861/hls.worker.min.js.br
- hls.js/1.6.0-beta.2.0.canary.10861/hls.worker.min.js.gz
SRIs:
- hls.js/1.6.0-beta.2.0.canary.10861/hls.js: sha512-TET1wYSjd9NNbQaKcxr8xwLcKFkpx0AekOpjdqUvRNamj4PyWGpASaH1IlyAMIJL6nVX0+tda3EiFG3v8x5tqQ==
- hls.js/1.6.0-beta.2.0.canary.10861/hls.light.js: sha512-s9bhpZF5L7G5VX0A5lnh0f0mCSGnwB8ZEksCprgV7QlC9Iy/y/YjDrU8YP29qASWDuwHBmD7HrY5vqnnW3uiEg==
- hls.js/1.6.0-beta.2.0.canary.10861/hls.light.min.js: sha512-PfVjUTU3dPhrFgFy8UPeuqN+OhdvUwqouOy/tdIG5mie3g9mLuWIBylf8LVMcU7o+OfYDLU4ErZKEA8pzsqw1Q==
- hls.js/1.6.0-beta.2.0.canary.10861/hls.min.js: sha512-d/27ztQkDBFghvLjt3QWSEEY4i36ANtet/i5KIwsZKm/hn0lEjsujpqjxQzJov1RB9RWu9PlsV2kTm72C0b57w==
- hls.js/1.6.0-beta.2.0.canary.10861/hls.worker.js: sha512-SsaMqLYs4GN0m6DoN7SAHVf9JMJKvLZ5NsaxR6qwrxsFAKA4h0i4Dn7zZ0OPl71JHlyNTUIqhrabSzQk8s3R+A==
- hls.js/1.6.0-beta.2.0.canary.10861/hls.worker.min.js: sha512-413d4LyB29hJsJG2yUwMXi3cpNHZ/uqeejMnRRzdozdf28uEfucDlpNrkRNLsMyT2zdG1l9s2A/OWnWSr/NpuA==
