config: {"authors":[{"name":"Handsoncode","email":"hello@handsontable.com"}],"autoupdate":{"source":"npm","target":"handsontable","fileMap":[{"basePath":"dist","files":["*.js","*.css"]}]},"description":"Spreadsheet-like data grid editor that provides copy/paste functionality compatible with Excel/Google Docs","filename":"handsontable.min.js","homepage":"http://handsontable.com/","keywords":["grid","datagrid","table","ui","input","ajax","handsontable","spreadsheet"],"license":"SEE LICENSE IN https://github.com/handsontable/handsontable/blob/7.0.0/LICENSE.txt","name":"handsontable","repository":{"type":"git","url":"https://github.com/handsontable/handsontable"},"author":"Handsoncode \u003chello@handsontable.com\u003e"}
KV keys:
- handsontable/0.0.0-next-967059d-20250703/handsontable.css.br
- handsontable/0.0.0-next-967059d-20250703/handsontable.css.gz
- handsontable/0.0.0-next-967059d-20250703/handsontable.full.css.br
- handsontable/0.0.0-next-967059d-20250703/handsontable.full.css.gz
- handsontable/0.0.0-next-967059d-20250703/handsontable.full.js.br
- handsontable/0.0.0-next-967059d-20250703/handsontable.full.js.gz
- handsontable/0.0.0-next-967059d-20250703/handsontable.full.min.css.br
- handsontable/0.0.0-next-967059d-20250703/handsontable.full.min.css.gz
- handsontable/0.0.0-next-967059d-20250703/handsontable.full.min.js.br
- handsontable/0.0.0-next-967059d-20250703/handsontable.full.min.js.gz
- handsontable/0.0.0-next-967059d-20250703/handsontable.js.br
- handsontable/0.0.0-next-967059d-20250703/handsontable.js.gz
- handsontable/0.0.0-next-967059d-20250703/handsontable.min.css.br
- handsontable/0.0.0-next-967059d-20250703/handsontable.min.css.gz
- handsontable/0.0.0-next-967059d-20250703/handsontable.min.js.br
- handsontable/0.0.0-next-967059d-20250703/handsontable.min.js.gz
SRIs:
- handsontable/0.0.0-next-967059d-20250703/handsontable.full.js: sha512-V2SdCyxQ8pV8bi+m00xQydkr8/LrhcQ/xGKVQpw3ebA44Xg4yeNzenHl7tj046xRbtBT/TJ9mA4GXgYXzGsx6A==
- handsontable/0.0.0-next-967059d-20250703/handsontable.full.min.css: sha512-2uCgbdK2Cb5+Vk096Ia+1cM7OrV02rwhOy66QY9T3vFrvpaEPZs92beq5m974XTIdNDqyw1HzKIUabzvAVPwVg==
- handsontable/0.0.0-next-967059d-20250703/handsontable.full.min.js: sha512-laC1yujgSf4ht+sTLfhfKvljWBa58T3Jd48/+gc2VEWAJ8g0tqqeDBro9NGltH8EhcDfMKaYiTCCWKOfJ8+5kA==
- handsontable/0.0.0-next-967059d-20250703/handsontable.js: sha512-edzMt6/BBOSoBYWX+Qw9ZX1srHjnwfKsyhMa35gOc8bzjLBhmhZ0oE3a50MZWhPW5UrkRoudU12YG6XZ9bLVog==
- handsontable/0.0.0-next-967059d-20250703/handsontable.min.css: sha512-wOydHjhK2MDJFvKUAcuwGSmu4oIE3dDgygt8EEbXM9hjoeY9R3xFidm0ImFwHQN1hqtdmf+QJ7g0zZLCF0ZOaA==
- handsontable/0.0.0-next-967059d-20250703/handsontable.min.js: sha512-5EcBXMXdDlA7b/7c+HongOLl3ZgGkilHGZ5106TgUM+m2XFrdzCcKKuszGkUlc0NYlz3pWheY6M3WCbJfalgyw==
- handsontable/0.0.0-next-967059d-20250703/handsontable.css: sha512-6B9iS7pZ78PmPNWIaYVLDJLmpFxpdJ2lpyf2Z+qvTQB0nKmS2Gvyded2zSv+ySOGTid7+DRtJxSwcE0Ipcojmg==
- handsontable/0.0.0-next-967059d-20250703/handsontable.full.css: sha512-vydP34kH/7cW3/tI7I5HPPLYO4mOCms81Ebpd/AI5A/DgBvXeJGzL1Zzk/Jxh6GBi+If4JnLUyZbl5iW9w6Kog==
