config: {"authors":[{"name":"andrewtelnov","email":"andrew.telnov@gmail.com"}],"autoupdate":{"source":"npm","target":"survey-angular","fileMap":[{"basePath":"","files":["survey*"]}]},"description":"survey.js is a JavaScript Survey Library. It is a modern way to add a survey to your website. It uses JSON for survey metadata and results.","filename":"survey.angular.min.js","homepage":"https://surveyjs.org/","keywords":["Survey","JavaScript","Bootstrap","Library","angular","Knockout","angular-component"],"license":"MIT","name":"survey-angular","repository":{"type":"git","url":"git+https://github.com/andrewtelnov/surveyjs.git"},"author":"andrewtelnov \u003candrew.telnov@gmail.com\u003e"}
KV keys:
- survey-angular/1.12.40/survey.angular.d.ts.br
- survey-angular/1.12.40/survey.angular.d.ts.gz
- survey-angular/1.12.40/survey.angular.js.br
- survey-angular/1.12.40/survey.angular.js.gz
- survey-angular/1.12.40/survey.angular.js.map.br
- survey-angular/1.12.40/survey.angular.js.map.gz
- survey-angular/1.12.40/survey.angular.min.js.br
- survey-angular/1.12.40/survey.angular.min.js.gz
- survey-angular/1.12.40/survey.css.br
- survey-angular/1.12.40/survey.css.gz
- survey-angular/1.12.40/survey.css.map.br
- survey-angular/1.12.40/survey.css.map.gz
- survey-angular/1.12.40/survey.min.css.br
- survey-angular/1.12.40/survey.min.css.gz
SRIs:
- survey-angular/1.12.40/survey.min.css: sha512-JWsN8aXH2R5qHOxYk4a7DfsqeHB81ZNsoY3iGK46D7EAO1DuqJ95irp9ycq7WMiSPXTDG/c/0uB3QDDvG7xYyw==
- survey-angular/1.12.40/survey.angular.js: sha512-9BET4p0IwUrtBjqzmV67V8MT3bz1giYNPJT025hbvIkOlHizrX6bfxM1yVR06GoC3NjL05Jf+FWdeM+WdLOgyw==
- survey-angular/1.12.40/survey.angular.min.js: sha512-o7UIcLpIuZ0g2RZJAcDraGVXSxf28WjrnSaEXtQxv0KbfUvDM8bv7Xa9PFF4JUKmCwzAt0N2QBUiUdLlVAgoqQ==
- survey-angular/1.12.40/survey.css: sha512-0ai2NHTAAMdmpUEmiKVNtOyGjHMW6V55F03l18fmwwPm62sVbybLgxVGqAegKCLs3PRf0Qenbv1f+ltpvM2vIw==
