config: {"authors":[{"name":"Guillaume du Pontavice","email":"g.du.pontavice@gmail.com"}],"autoupdate":{"source":"npm","target":"hls.js","fileMap":[{"basePath":"dist","files":["**/!(*-demo.*)"]}],"ignoreVersions":["*-canary.*"]},"description":"JavaScript HLS client using MediaSourceExtension","filename":"hls.min.js","homepage":"https://hls-js.netlify.com/demo/","keywords":["hls.js","video","streaming","mediasource","player"],"license":"Apache-2.0","name":"hls.js","repository":{"type":"git","url":"git://github.com/video-dev/hls.js"},"author":"Guillaume du Pontavice \u003cg.du.pontavice@gmail.com\u003e"}
KV keys:
- hls.js/1.6.0-beta.2.0.canary.10898/hls.d.mts.br
- hls.js/1.6.0-beta.2.0.canary.10898/hls.d.mts.gz
- hls.js/1.6.0-beta.2.0.canary.10898/hls.d.ts.br
- hls.js/1.6.0-beta.2.0.canary.10898/hls.d.ts.gz
- hls.js/1.6.0-beta.2.0.canary.10898/hls.js.br
- hls.js/1.6.0-beta.2.0.canary.10898/hls.js.d.ts.br
- hls.js/1.6.0-beta.2.0.canary.10898/hls.js.d.ts.gz
- hls.js/1.6.0-beta.2.0.canary.10898/hls.js.gz
- hls.js/1.6.0-beta.2.0.canary.10898/hls.js.map.br
- hls.js/1.6.0-beta.2.0.canary.10898/hls.js.map.gz
- hls.js/1.6.0-beta.2.0.canary.10898/hls.light.js.br
- hls.js/1.6.0-beta.2.0.canary.10898/hls.light.js.gz
- hls.js/1.6.0-beta.2.0.canary.10898/hls.light.js.map.br
- hls.js/1.6.0-beta.2.0.canary.10898/hls.light.js.map.gz
- hls.js/1.6.0-beta.2.0.canary.10898/hls.light.min.js.br
- hls.js/1.6.0-beta.2.0.canary.10898/hls.light.min.js.gz
- hls.js/1.6.0-beta.2.0.canary.10898/hls.light.min.js.map.br
- hls.js/1.6.0-beta.2.0.canary.10898/hls.light.min.js.map.gz
- hls.js/1.6.0-beta.2.0.canary.10898/hls.light.mjs.br
- hls.js/1.6.0-beta.2.0.canary.10898/hls.light.mjs.gz
- hls.js/1.6.0-beta.2.0.canary.10898/hls.light.mjs.map.br
- hls.js/1.6.0-beta.2.0.canary.10898/hls.light.mjs.map.gz
- hls.js/1.6.0-beta.2.0.canary.10898/hls.min.js.br
- hls.js/1.6.0-beta.2.0.canary.10898/hls.min.js.gz
- hls.js/1.6.0-beta.2.0.canary.10898/hls.min.js.map.br
- hls.js/1.6.0-beta.2.0.canary.10898/hls.min.js.map.gz
- hls.js/1.6.0-beta.2.0.canary.10898/hls.mjs.br
- hls.js/1.6.0-beta.2.0.canary.10898/hls.mjs.gz
- hls.js/1.6.0-beta.2.0.canary.10898/hls.mjs.map.br
- hls.js/1.6.0-beta.2.0.canary.10898/hls.mjs.map.gz
- hls.js/1.6.0-beta.2.0.canary.10898/hls.worker.js.br
- hls.js/1.6.0-beta.2.0.canary.10898/hls.worker.js.gz
- hls.js/1.6.0-beta.2.0.canary.10898/hls.worker.js.map.br
- hls.js/1.6.0-beta.2.0.canary.10898/hls.worker.js.map.gz
- hls.js/1.6.0-beta.2.0.canary.10898/hls.worker.min.js.br
- hls.js/1.6.0-beta.2.0.canary.10898/hls.worker.min.js.gz
SRIs:
- hls.js/1.6.0-beta.2.0.canary.10898/hls.min.js: sha512-cBU6XCXjK8jE/w0r6sQlANZw/V2YIYjogwDpqBb3EGRN8+4bZTxItbBFvmddFhQDyNwsLkO/YAOzHfCjLzKTyg==
- hls.js/1.6.0-beta.2.0.canary.10898/hls.worker.js: sha512-8ptggWZnFcZdnV4Dh9tlEynhHzQDOnaUFp2sQn1xcRBP/NJJ0bsPxdbFxBQd9s9y600M45m1Xf83byjo2vIlrA==
- hls.js/1.6.0-beta.2.0.canary.10898/hls.worker.min.js: sha512-t4JGPJB6JefMm4TFr1nhcY8cHJOt6MgTXF1yBd/2lPfD71Och7YPvIefMWTGU74e+hN0MdbxCCIIm+BhBgTA6Q==
- hls.js/1.6.0-beta.2.0.canary.10898/hls.js: sha512-BbJ1tdOZphBZPKaFtGB2ixJPJ5HcPeOPlwSg4HRXZL66I1JQvli8yIoxwtwr2cyaHd+Dw5o0IP3wShuzyZP4Ng==
- hls.js/1.6.0-beta.2.0.canary.10898/hls.light.js: sha512-1YSmPGcCylsbbDuYl2edSo7P9xDp+8t9jvIVjSSysGWjnJRbKsO0bmqLQjiw7+SW12JUbWMoMRAaVQlZPxR5oA==
- hls.js/1.6.0-beta.2.0.canary.10898/hls.light.min.js: sha512-6Pl5kdK8Bd0a8+mb0Z9/21PpHsibdr2pMkFAgaACWOLkwLZZw7L7JLEe2nCnhO5B3nUdJDdswSuB9Jz5ve3sHQ==
