config: {"authors":[{"name":"Handsoncode","email":"hello@handsontable.com"}],"autoupdate":{"source":"npm","target":"handsontable","fileMap":[{"basePath":"dist","files":["*.js","*.css"]}]},"description":"Spreadsheet-like data grid editor that provides copy/paste functionality compatible with Excel/Google Docs","filename":"handsontable.min.js","homepage":"http://handsontable.com/","keywords":["grid","datagrid","table","ui","input","ajax","handsontable","spreadsheet"],"license":"SEE LICENSE IN https://github.com/handsontable/handsontable/blob/7.0.0/LICENSE.txt","name":"handsontable","repository":{"type":"git","url":"https://github.com/handsontable/handsontable"},"author":"Handsoncode \u003chello@handsontable.com\u003e"}
KV keys:
- handsontable/0.0.0-next-4ad1863-20241122/handsontable.css.br
- handsontable/0.0.0-next-4ad1863-20241122/handsontable.css.gz
- handsontable/0.0.0-next-4ad1863-20241122/handsontable.full.css.br
- handsontable/0.0.0-next-4ad1863-20241122/handsontable.full.css.gz
- handsontable/0.0.0-next-4ad1863-20241122/handsontable.full.js.br
- handsontable/0.0.0-next-4ad1863-20241122/handsontable.full.js.gz
- handsontable/0.0.0-next-4ad1863-20241122/handsontable.full.min.css.br
- handsontable/0.0.0-next-4ad1863-20241122/handsontable.full.min.css.gz
- handsontable/0.0.0-next-4ad1863-20241122/handsontable.full.min.js.br
- handsontable/0.0.0-next-4ad1863-20241122/handsontable.full.min.js.gz
- handsontable/0.0.0-next-4ad1863-20241122/handsontable.js.br
- handsontable/0.0.0-next-4ad1863-20241122/handsontable.js.gz
- handsontable/0.0.0-next-4ad1863-20241122/handsontable.min.css.br
- handsontable/0.0.0-next-4ad1863-20241122/handsontable.min.css.gz
- handsontable/0.0.0-next-4ad1863-20241122/handsontable.min.js.br
- handsontable/0.0.0-next-4ad1863-20241122/handsontable.min.js.gz
SRIs:
- handsontable/0.0.0-next-4ad1863-20241122/handsontable.full.js: sha512-RJ3hMvmgSfCFdcySLzZwFdIhHEXSv7yjOLnu30yi4g/l8OF4TeaDHh0cjHwVIoWof+AIQsvcOzIHIsWMMU3aiA==
- handsontable/0.0.0-next-4ad1863-20241122/handsontable.full.min.css: sha512-dYvS8CyTkPsXzGmKyo8GLzsIfJ9YPEkv0/QKufKcCtKy9JLRCn9EGeivCvl4lfYaYzwwm8KENeF0fypYl+WRtA==
- handsontable/0.0.0-next-4ad1863-20241122/handsontable.full.min.js: sha512-u96vfij6IKAOaWK11EVTJgcZAUeAOrTCNNDwKcNFGzgDGIi8YL/fqfBeDXPaXQ6LxqB2Z6RM1WzanXme3EAv+w==
- handsontable/0.0.0-next-4ad1863-20241122/handsontable.js: sha512-SyG+sz9Lo8JIaxSUwFCmlOMsGjrsnevjE+hmSAg5aqcj1mJTpmhSrnIM9RTVmx1pmsgjCFOr09XrdV7k57b7Mw==
- handsontable/0.0.0-next-4ad1863-20241122/handsontable.min.css: sha512-6/QsSL03n7/k2+0e7b9/B0SdLOWDHIChl/WEc6VuXRh2NEoCeoLzt/TbbXYDBzY3JqqLMK1cUntP2qpi2cb7Zg==
- handsontable/0.0.0-next-4ad1863-20241122/handsontable.min.js: sha512-In2OjjvR02VbDgizQzf64l39NFljaerh2rlaOv2eM5miUZzVCjcmMKgZRZqr58tyjK9BHsB2nBDC5QqIfKYJjw==
- handsontable/0.0.0-next-4ad1863-20241122/handsontable.css: sha512-OZYyjdMAsH7CDxhBLCY/+iLmBazHAkX873tOfdz2aZcFv1O/ImY5UydIGgikJzgbgPWzsI30uv96gts2WuuEsQ==
- handsontable/0.0.0-next-4ad1863-20241122/handsontable.full.css: sha512-5WufF6RjGw37AqDAE70ahfP+Cjr7T6LAaXFHgDl/oHxYE8p5hRoH6KNs6NI8A21NTofNzDbESkP4EhK2UbAUqw==
