2025/03/17 17:51:57 optimizing files (Js true, Css true, Png true, Jpg true)
2025/03/17 17:51:57 /tmp/work/index.global.min.js already has corresponding compressed file
2025/03/17 17:51:57 /tmp/work/index.global.min.js is already compressed
2025/03/17 17:51:57 sri /tmp/work/index.global.min.js -> /output/index.global.min.js.sri
2025/03/17 17:51:57 sri /tmp/work/index.global.js -> /output/index.global.js.sri
2025/03/17 17:51:57 compress: run /node_modules/uglify-js/bin/uglifyjs (3.15.4) [--mangle --compress if_return=true -o /tmp/work/index.min.js /tmp/work/index.js]
2025/03/17 17:51:57 algorithm: run /usr/bin/brotli --quality=11 --output=/output/index.global.js.br /tmp/work/index.global.js
2025/03/17 17:51:57 algorithm: run /usr/bin/brotli --quality=11 --output=/output/index.global.min.js.br /tmp/work/index.global.min.js
2025/03/17 17:51:58 sri /tmp/work/index.min.js -> /output/index.min.js.sri
2025/03/17 17:51:58 algorithm: run /usr/bin/brotli --quality=11 --output=/output/index.min.js.br /tmp/work/index.min.js
2025/03/17 17:51:58 br /tmp/work/index.min.js -> /output/index.min.js.br
2025/03/17 17:51:58 gz /tmp/work/index.min.js -> /output/index.min.js.gz
2025/03/17 17:51:58 sri /tmp/work/index.js -> /output/index.js.sri
2025/03/17 17:51:58 algorithm: run /usr/bin/brotli --quality=11 --output=/output/index.js.br /tmp/work/index.js
2025/03/17 17:51:58 br /tmp/work/index.js -> /output/index.js.br
2025/03/17 17:51:58 gz /tmp/work/index.js -> /output/index.js.gz
2025/03/17 17:51:58 br /tmp/work/index.global.min.js -> /output/index.global.min.js.br
2025/03/17 17:51:58 gz /tmp/work/index.global.min.js -> /output/index.global.min.js.gz
2025/03/17 17:51:59 br /tmp/work/index.global.js -> /output/index.global.js.br
2025/03/17 17:51:59 gz /tmp/work/index.global.js -> /output/index.global.js.gz
2025/03/17 17:51:59 processed fullcalendar
