config: {"authors":[{"name":"Konstantin Kaefer","email":"mail@kkaefer.com"}],"autoupdate":{"source":"npm","target":"mapbox-gl","fileMap":[{"basePath":"dist","files":["**/!(*.flow|test.js|index.js*)"]}]},"description":"A WebGL interactive maps library","filename":"mapbox-gl.js","homepage":"https://www.mapbox.com/mapbox-gl-js/api/","keywords":["map","mapbox","mapping"],"license":"SEE LICENSE IN https://github.com/mapbox/mapbox-gl-js/blob/main/LICENSE.txt","name":"mapbox-gl","repository":{"type":"git","url":"git://github.com/mapbox/mapbox-gl-js.git"},"author":"Konstantin Kaefer \u003cmail@kkaefer.com\u003e"}
KV keys:
- mapbox-gl/3.16.0-beta.1/mapbox-gl-csp-worker.js.br
- mapbox-gl/3.16.0-beta.1/mapbox-gl-csp-worker.js.gz
- mapbox-gl/3.16.0-beta.1/mapbox-gl-csp-worker.js.map.br
- mapbox-gl/3.16.0-beta.1/mapbox-gl-csp-worker.js.map.gz
- mapbox-gl/3.16.0-beta.1/mapbox-gl-csp-worker.min.js.br
- mapbox-gl/3.16.0-beta.1/mapbox-gl-csp-worker.min.js.gz
- mapbox-gl/3.16.0-beta.1/mapbox-gl-csp.js.br
- mapbox-gl/3.16.0-beta.1/mapbox-gl-csp.js.gz
- mapbox-gl/3.16.0-beta.1/mapbox-gl-csp.js.map.br
- mapbox-gl/3.16.0-beta.1/mapbox-gl-csp.js.map.gz
- mapbox-gl/3.16.0-beta.1/mapbox-gl-csp.min.js.br
- mapbox-gl/3.16.0-beta.1/mapbox-gl-csp.min.js.gz
- mapbox-gl/3.16.0-beta.1/mapbox-gl-dev.js.br
- mapbox-gl/3.16.0-beta.1/mapbox-gl-dev.js.gz
- mapbox-gl/3.16.0-beta.1/mapbox-gl-dev.min.js.br
- mapbox-gl/3.16.0-beta.1/mapbox-gl-dev.min.js.gz
- mapbox-gl/3.16.0-beta.1/mapbox-gl-unminified.js.br
- mapbox-gl/3.16.0-beta.1/mapbox-gl-unminified.js.gz
- mapbox-gl/3.16.0-beta.1/mapbox-gl-unminified.js.map.br
- mapbox-gl/3.16.0-beta.1/mapbox-gl-unminified.js.map.gz
- mapbox-gl/3.16.0-beta.1/mapbox-gl-unminified.min.js.br
- mapbox-gl/3.16.0-beta.1/mapbox-gl-unminified.min.js.gz
- mapbox-gl/3.16.0-beta.1/mapbox-gl.css.br
- mapbox-gl/3.16.0-beta.1/mapbox-gl.css.gz
- mapbox-gl/3.16.0-beta.1/mapbox-gl.d.ts.br
- mapbox-gl/3.16.0-beta.1/mapbox-gl.d.ts.gz
- mapbox-gl/3.16.0-beta.1/mapbox-gl.js.br
- mapbox-gl/3.16.0-beta.1/mapbox-gl.js.gz
- mapbox-gl/3.16.0-beta.1/mapbox-gl.js.map.br
- mapbox-gl/3.16.0-beta.1/mapbox-gl.js.map.gz
- mapbox-gl/3.16.0-beta.1/mapbox-gl.min.css.br
- mapbox-gl/3.16.0-beta.1/mapbox-gl.min.css.gz
- mapbox-gl/3.16.0-beta.1/mapbox-gl.min.js.br
- mapbox-gl/3.16.0-beta.1/mapbox-gl.min.js.gz
- mapbox-gl/3.16.0-beta.1/package.json.br
- mapbox-gl/3.16.0-beta.1/package.json.gz
- mapbox-gl/3.16.0-beta.1/style-spec/index.cjs.br
- mapbox-gl/3.16.0-beta.1/style-spec/index.cjs.gz
- mapbox-gl/3.16.0-beta.1/style-spec/index.cjs.map.br
- mapbox-gl/3.16.0-beta.1/style-spec/index.cjs.map.gz
- mapbox-gl/3.16.0-beta.1/style-spec/index.d.ts.br
- mapbox-gl/3.16.0-beta.1/style-spec/index.d.ts.gz
- mapbox-gl/3.16.0-beta.1/style-spec/index.es.js.br
- mapbox-gl/3.16.0-beta.1/style-spec/index.es.js.gz
- mapbox-gl/3.16.0-beta.1/style-spec/index.es.js.map.br
- mapbox-gl/3.16.0-beta.1/style-spec/index.es.js.map.gz
- mapbox-gl/3.16.0-beta.1/style-spec/index.es.min.js.br
- mapbox-gl/3.16.0-beta.1/style-spec/index.es.min.js.gz
SRIs:
- mapbox-gl/3.16.0-beta.1/mapbox-gl-dev.min.js: sha512-dIX5b+ny8zFF90CXSlwWv/KgtUbdeqdZ9JpozrmBuhYZWTWVqfgtFI81QCF2+5OE76dW24pH5D0BpvyRrHazpw==
- mapbox-gl/3.16.0-beta.1/mapbox-gl-dev.js: sha512-/2fnsvtilClbI67+5XnvCwpizOwRxkH0onN8xB4kJM1s/kjkL96xciFn1d2ULWa8rRiDHUqa2yegG3Q4a/PqYA==
- mapbox-gl/3.16.0-beta.1/mapbox-gl-unminified.js: sha512-ENLbXdR3+RzZS+XQfI8+HoO+yIIZ+PSolPjhgudLt9rtVSVDG3eoglRQqvuUc6GKEt1gtJ0eHnY99o/PWHi/Wg==
- mapbox-gl/3.16.0-beta.1/mapbox-gl.js: sha512-y6uT4niOxvw4wgV1FUJbQSpKuE74tsJcXzpJHmkk6xkiXhsIqRnZ9HC01H4zBCNkzmWfYpgQHhaJoaOZ9uzO2A==
- mapbox-gl/3.16.0-beta.1/mapbox-gl.min.js: sha512-4DWW2jrXXhFUrhk9W704GO4tLnwTr8WzyshDEVcoU695WmG4tRnHxQLwZZozqU+tdBFiVhaoOiFcHHpBu02LXw==
- mapbox-gl/3.16.0-beta.1/style-spec/index.es.js: sha512-HkxcY6FYXzCoBG5C7//CkjzO92v603qHtLmzhKF7t+f2GhU2404HmpC7+/Ko8Yf/e5ZGMYg4X8wnrARBGHl/+w==
- mapbox-gl/3.16.0-beta.1/style-spec/index.es.min.js: sha512-zOYIOzGh/GchLV/bY5QJdxVWVfPdyN6Q8WI7+OA9F8AWsf5mq4A19R/fCqdXngr8GE6fzN+kySIM6jjWU6+Dyw==
- mapbox-gl/3.16.0-beta.1/mapbox-gl-csp-worker.js: sha512-W+Mo/WYv4BBjeWm3Bfj4p9q4cLgxALSZ/2v+4CDf4z0AoXhfGjQ78daQcOZkDk4t2Ms3cygcytUmXMv2iH1uMg==
- mapbox-gl/3.16.0-beta.1/mapbox-gl-csp.min.js: sha512-3U0P8fsQyljiKEEZfBGS1JaA7TNLMCraSUC7F27byfT7wiXb9ue/hBxE3wipnz8il/QqBQsVK9B2eJ+JYnYLAA==
- mapbox-gl/3.16.0-beta.1/mapbox-gl-unminified.min.js: sha512-ey6CUMcesdwD4GNHM9PPOKXj07azSlq/fJxzs3giKIHyYn/OyrD0btVrw4x4eTXOXmCxjoppnUSNhEmB3U554w==
- mapbox-gl/3.16.0-beta.1/mapbox-gl.css: sha512-cBSIKGzXCKh+O3n5wvWiIegyWzGB5z3vILbFXW+W1q/ZvKK/cZdcK0H59N8VuyUQy7qiTOK5Fclp2C3Ognxl1A==
- mapbox-gl/3.16.0-beta.1/mapbox-gl.min.css: sha512-zmptZAKl/ARHNkSi+fZsTwpsBG0/RYztzhvaUcMjnixqY/E+9MXfM85H+IL8Idrb0VL2lPCsu5K3CovVZc2Rhg==
- mapbox-gl/3.16.0-beta.1/mapbox-gl-csp-worker.min.js: sha512-kaCrdXlksRnScD3eQd82ce5f0KqVUz26IyPlPmd7J78s8OyTp1L0C0xJsndUu8+MlC6A7HTJYrdsK3IwZgTrvg==
- mapbox-gl/3.16.0-beta.1/mapbox-gl-csp.js: sha512-T8XOQdQAMec3Aqo+mMaGomxVZvcSDlQYXLBF4IBMoJ3G0Is3R7XaNmMFWoBDtiIu/KNOeFETZpE21xqChcdr4g==
