Files:
- tailwindcss/0.0.0-insiders.4c57d9f/chunk-7MHEDNEU.mjs.br
- tailwindcss/0.0.0-insiders.4c57d9f/chunk-7MHEDNEU.mjs.gz
- tailwindcss/0.0.0-insiders.4c57d9f/chunk-AZANAYY2.mjs.br
- tailwindcss/0.0.0-insiders.4c57d9f/chunk-AZANAYY2.mjs.gz
- tailwindcss/0.0.0-insiders.4c57d9f/chunk-OCVBUP7N.mjs.br
- tailwindcss/0.0.0-insiders.4c57d9f/chunk-OCVBUP7N.mjs.gz
- tailwindcss/0.0.0-insiders.4c57d9f/colors-b_6i0Oi7.d.ts.br
- tailwindcss/0.0.0-insiders.4c57d9f/colors-b_6i0Oi7.d.ts.gz
- tailwindcss/0.0.0-insiders.4c57d9f/colors.d.mts.br
- tailwindcss/0.0.0-insiders.4c57d9f/colors.d.mts.gz
- tailwindcss/0.0.0-insiders.4c57d9f/colors.d.ts.br
- tailwindcss/0.0.0-insiders.4c57d9f/colors.d.ts.gz
- tailwindcss/0.0.0-insiders.4c57d9f/colors.js.br
- tailwindcss/0.0.0-insiders.4c57d9f/colors.js.gz
- tailwindcss/0.0.0-insiders.4c57d9f/colors.js.sri
- tailwindcss/0.0.0-insiders.4c57d9f/colors.min.js.br
- tailwindcss/0.0.0-insiders.4c57d9f/colors.min.js.gz
- tailwindcss/0.0.0-insiders.4c57d9f/colors.min.js.sri
- tailwindcss/0.0.0-insiders.4c57d9f/colors.mjs.br
- tailwindcss/0.0.0-insiders.4c57d9f/colors.mjs.gz
- tailwindcss/0.0.0-insiders.4c57d9f/default-theme.d.mts.br
- tailwindcss/0.0.0-insiders.4c57d9f/default-theme.d.mts.gz
- tailwindcss/0.0.0-insiders.4c57d9f/default-theme.d.ts.br
- tailwindcss/0.0.0-insiders.4c57d9f/default-theme.d.ts.gz
- tailwindcss/0.0.0-insiders.4c57d9f/default-theme.js.br
- tailwindcss/0.0.0-insiders.4c57d9f/default-theme.js.gz
- tailwindcss/0.0.0-insiders.4c57d9f/default-theme.js.sri
- tailwindcss/0.0.0-insiders.4c57d9f/default-theme.min.js.br
- tailwindcss/0.0.0-insiders.4c57d9f/default-theme.min.js.gz
- tailwindcss/0.0.0-insiders.4c57d9f/default-theme.min.js.sri
- tailwindcss/0.0.0-insiders.4c57d9f/default-theme.mjs.br
- tailwindcss/0.0.0-insiders.4c57d9f/default-theme.mjs.gz
- tailwindcss/0.0.0-insiders.4c57d9f/flatten-color-palette.d.mts.br
- tailwindcss/0.0.0-insiders.4c57d9f/flatten-color-palette.d.mts.gz
- tailwindcss/0.0.0-insiders.4c57d9f/flatten-color-palette.d.ts.br
- tailwindcss/0.0.0-insiders.4c57d9f/flatten-color-palette.d.ts.gz
- tailwindcss/0.0.0-insiders.4c57d9f/flatten-color-palette.js.br
- tailwindcss/0.0.0-insiders.4c57d9f/flatten-color-palette.js.gz
- tailwindcss/0.0.0-insiders.4c57d9f/flatten-color-palette.js.sri
- tailwindcss/0.0.0-insiders.4c57d9f/flatten-color-palette.min.js.br
- tailwindcss/0.0.0-insiders.4c57d9f/flatten-color-palette.min.js.gz
- tailwindcss/0.0.0-insiders.4c57d9f/flatten-color-palette.min.js.sri
- tailwindcss/0.0.0-insiders.4c57d9f/flatten-color-palette.mjs.br
- tailwindcss/0.0.0-insiders.4c57d9f/flatten-color-palette.mjs.gz
- tailwindcss/0.0.0-insiders.4c57d9f/lib.d.mts.br
- tailwindcss/0.0.0-insiders.4c57d9f/lib.d.mts.gz
- tailwindcss/0.0.0-insiders.4c57d9f/lib.d.ts.br
- tailwindcss/0.0.0-insiders.4c57d9f/lib.d.ts.gz
- tailwindcss/0.0.0-insiders.4c57d9f/lib.js.br
- tailwindcss/0.0.0-insiders.4c57d9f/lib.js.gz
- tailwindcss/0.0.0-insiders.4c57d9f/lib.js.sri
- tailwindcss/0.0.0-insiders.4c57d9f/lib.min.js.br
- tailwindcss/0.0.0-insiders.4c57d9f/lib.min.js.gz
- tailwindcss/0.0.0-insiders.4c57d9f/lib.min.js.sri
- tailwindcss/0.0.0-insiders.4c57d9f/lib.mjs.br
- tailwindcss/0.0.0-insiders.4c57d9f/lib.mjs.gz
- tailwindcss/0.0.0-insiders.4c57d9f/plugin.d.mts.br
- tailwindcss/0.0.0-insiders.4c57d9f/plugin.d.mts.gz
- tailwindcss/0.0.0-insiders.4c57d9f/plugin.d.ts.br
- tailwindcss/0.0.0-insiders.4c57d9f/plugin.d.ts.gz
- tailwindcss/0.0.0-insiders.4c57d9f/plugin.js.br
- tailwindcss/0.0.0-insiders.4c57d9f/plugin.js.gz
- tailwindcss/0.0.0-insiders.4c57d9f/plugin.js.sri
- tailwindcss/0.0.0-insiders.4c57d9f/plugin.min.js.br
- tailwindcss/0.0.0-insiders.4c57d9f/plugin.min.js.gz
- tailwindcss/0.0.0-insiders.4c57d9f/plugin.min.js.sri
- tailwindcss/0.0.0-insiders.4c57d9f/plugin.mjs.br
- tailwindcss/0.0.0-insiders.4c57d9f/plugin.mjs.gz
- tailwindcss/0.0.0-insiders.4c57d9f/resolve-config-BIFUA2FY.d.ts.br
- tailwindcss/0.0.0-insiders.4c57d9f/resolve-config-BIFUA2FY.d.ts.gz
- tailwindcss/0.0.0-insiders.4c57d9f/resolve-config-QUZ9b-Gn.d.mts.br
- tailwindcss/0.0.0-insiders.4c57d9f/resolve-config-QUZ9b-Gn.d.mts.gz
- tailwindcss/0.0.0-insiders.4c57d9f/types-B254mqw1.d.mts.br
- tailwindcss/0.0.0-insiders.4c57d9f/types-B254mqw1.d.mts.gz
