config: {"authors":[{"name":"Google Inc."}],"autoupdate":{"source":"npm","target":"@fontsource/nova-flat","fileMap":[{"basePath":"","files":["*.css","files/*.@(woff|woff2)"]}],"excludeFromSearch":true},"description":"Self-host the Nova Flat font in a neatly bundled NPM package.","filename":"index.css","homepage":"https://fontsource.org/fonts/nova-flat","keywords":["fontsource","font","font family","google fonts","nova-flat","Nova Flat","css","sass","front-end","web","typeface","variable"],"license":"OFL-1.1","name":"fontsource-nova-flat","repository":{"type":"git","url":"git+https://github.com/fontsource/font-files.git"},"author":"Google Inc."}
KV keys:
- fontsource-nova-flat/5.2.5/400.css.br
- fontsource-nova-flat/5.2.5/400.css.gz
- fontsource-nova-flat/5.2.5/400.min.css.br
- fontsource-nova-flat/5.2.5/400.min.css.gz
- fontsource-nova-flat/5.2.5/files/nova-flat-latin-400-normal.woff.br
- fontsource-nova-flat/5.2.5/files/nova-flat-latin-400-normal.woff.gz
- fontsource-nova-flat/5.2.5/files/nova-flat-latin-400-normal.woff2
- fontsource-nova-flat/5.2.5/files/nova-flat-latin-ext-400-normal.woff.br
- fontsource-nova-flat/5.2.5/files/nova-flat-latin-ext-400-normal.woff.gz
- fontsource-nova-flat/5.2.5/files/nova-flat-latin-ext-400-normal.woff2
- fontsource-nova-flat/5.2.5/index.css.br
- fontsource-nova-flat/5.2.5/index.css.gz
- fontsource-nova-flat/5.2.5/index.min.css.br
- fontsource-nova-flat/5.2.5/index.min.css.gz
- fontsource-nova-flat/5.2.5/latin-400.css.br
- fontsource-nova-flat/5.2.5/latin-400.css.gz
- fontsource-nova-flat/5.2.5/latin-400.min.css.br
- fontsource-nova-flat/5.2.5/latin-400.min.css.gz
- fontsource-nova-flat/5.2.5/latin-ext-400.css.br
- fontsource-nova-flat/5.2.5/latin-ext-400.css.gz
- fontsource-nova-flat/5.2.5/latin-ext-400.min.css.br
- fontsource-nova-flat/5.2.5/latin-ext-400.min.css.gz
- fontsource-nova-flat/5.2.5/latin-ext.css.br
- fontsource-nova-flat/5.2.5/latin-ext.css.gz
- fontsource-nova-flat/5.2.5/latin-ext.min.css.br
- fontsource-nova-flat/5.2.5/latin-ext.min.css.gz
- fontsource-nova-flat/5.2.5/latin.css.br
- fontsource-nova-flat/5.2.5/latin.css.gz
- fontsource-nova-flat/5.2.5/latin.min.css.br
- fontsource-nova-flat/5.2.5/latin.min.css.gz
SRIs:
- fontsource-nova-flat/5.2.5/latin-ext.min.css: sha512-IMWUJHLdaokm/WIiNQb3RmwyxTJFjDQ2MiazaFoYWdLj6xeIoHXC2ivMEgOnFHy8zV7factsPOy6hnUYOx8mZA==
- fontsource-nova-flat/5.2.5/400.css: sha512-sw8twTZ0+SdLB7yezt27TRKeO/gigjYvGWQFYZWB5FjVmTMjizC0vWEw51afTj9dwH78gpCJVgV/l72VagQx5w==
- fontsource-nova-flat/5.2.5/400.min.css: sha512-VPhjKTra5YE+c7MVNvtvRwYVwKRHmtjMFfmVOO1JE2oMT+ZtM9rBlt/L6OG/VDvd1374ILNUhRojv/OTd7hUOg==
- fontsource-nova-flat/5.2.5/index.min.css: sha512-VPhjKTra5YE+c7MVNvtvRwYVwKRHmtjMFfmVOO1JE2oMT+ZtM9rBlt/L6OG/VDvd1374ILNUhRojv/OTd7hUOg==
- fontsource-nova-flat/5.2.5/latin-400.css: sha512-tf7ULUWrD23u64sZFBDwFG1rHQif695FS0yCJXqVY20YC0DG+JlSPINQewWsdtoVe1KXWzoF6pHJMrxViob77A==
- fontsource-nova-flat/5.2.5/latin-ext-400.css: sha512-14zIe5iCpqH96LH7ia8GEpTcOr0g71NiaDVWl1jdBK0ggFOsCdD6HrobtuxmkxAVW1RtEPwRQ+d1VozP8tk1tg==
- fontsource-nova-flat/5.2.5/latin-ext-400.min.css: sha512-IMWUJHLdaokm/WIiNQb3RmwyxTJFjDQ2MiazaFoYWdLj6xeIoHXC2ivMEgOnFHy8zV7factsPOy6hnUYOx8mZA==
- fontsource-nova-flat/5.2.5/latin-ext.css: sha512-14zIe5iCpqH96LH7ia8GEpTcOr0g71NiaDVWl1jdBK0ggFOsCdD6HrobtuxmkxAVW1RtEPwRQ+d1VozP8tk1tg==
- fontsource-nova-flat/5.2.5/latin.css: sha512-tf7ULUWrD23u64sZFBDwFG1rHQif695FS0yCJXqVY20YC0DG+JlSPINQewWsdtoVe1KXWzoF6pHJMrxViob77A==
- fontsource-nova-flat/5.2.5/index.css: sha512-sw8twTZ0+SdLB7yezt27TRKeO/gigjYvGWQFYZWB5FjVmTMjizC0vWEw51afTj9dwH78gpCJVgV/l72VagQx5w==
- fontsource-nova-flat/5.2.5/latin-400.min.css: sha512-glzpXBxh84cgYFj8ljSgdwr46ISaY658SIAruUfTSel0PFd1G1tVe9XCQHIXYeKURvCfrAF6SVVeHXnSar+U5w==
- fontsource-nova-flat/5.2.5/latin.min.css: sha512-glzpXBxh84cgYFj8ljSgdwr46ISaY658SIAruUfTSel0PFd1G1tVe9XCQHIXYeKURvCfrAF6SVVeHXnSar+U5w==
