- fontsource-bakbak-one/5.3.0/400.css.br
- fontsource-bakbak-one/5.3.0/400.css.gz
- fontsource-bakbak-one/5.3.0/400.min.css.br
- fontsource-bakbak-one/5.3.0/400.min.css.gz
- fontsource-bakbak-one/5.3.0/devanagari-400.css.br
- fontsource-bakbak-one/5.3.0/devanagari-400.css.gz
- fontsource-bakbak-one/5.3.0/devanagari-400.min.css.br
- fontsource-bakbak-one/5.3.0/devanagari-400.min.css.gz
- fontsource-bakbak-one/5.3.0/devanagari.css.br
- fontsource-bakbak-one/5.3.0/devanagari.css.gz
- fontsource-bakbak-one/5.3.0/devanagari.min.css.br
- fontsource-bakbak-one/5.3.0/devanagari.min.css.gz
- fontsource-bakbak-one/5.3.0/files/bakbak-one-devanagari-400-normal.woff.br
- fontsource-bakbak-one/5.3.0/files/bakbak-one-devanagari-400-normal.woff.gz
- fontsource-bakbak-one/5.3.0/files/bakbak-one-devanagari-400-normal.woff2
- fontsource-bakbak-one/5.3.0/files/bakbak-one-latin-400-normal.woff.br
- fontsource-bakbak-one/5.3.0/files/bakbak-one-latin-400-normal.woff.gz
- fontsource-bakbak-one/5.3.0/files/bakbak-one-latin-400-normal.woff2
- fontsource-bakbak-one/5.3.0/files/bakbak-one-latin-ext-400-normal.woff.br
- fontsource-bakbak-one/5.3.0/files/bakbak-one-latin-ext-400-normal.woff.gz
- fontsource-bakbak-one/5.3.0/files/bakbak-one-latin-ext-400-normal.woff2
- fontsource-bakbak-one/5.3.0/index.css.br
- fontsource-bakbak-one/5.3.0/index.css.gz
- fontsource-bakbak-one/5.3.0/index.min.css.br
- fontsource-bakbak-one/5.3.0/index.min.css.gz
- fontsource-bakbak-one/5.3.0/latin-400.css.br
- fontsource-bakbak-one/5.3.0/latin-400.css.gz
- fontsource-bakbak-one/5.3.0/latin-400.min.css.br
- fontsource-bakbak-one/5.3.0/latin-400.min.css.gz
- fontsource-bakbak-one/5.3.0/latin-ext-400.css.br
- fontsource-bakbak-one/5.3.0/latin-ext-400.css.gz
- fontsource-bakbak-one/5.3.0/latin-ext-400.min.css.br
- fontsource-bakbak-one/5.3.0/latin-ext-400.min.css.gz
- fontsource-bakbak-one/5.3.0/latin-ext.css.br
- fontsource-bakbak-one/5.3.0/latin-ext.css.gz
- fontsource-bakbak-one/5.3.0/latin-ext.min.css.br
- fontsource-bakbak-one/5.3.0/latin-ext.min.css.gz
- fontsource-bakbak-one/5.3.0/latin.css.br
- fontsource-bakbak-one/5.3.0/latin.css.gz
- fontsource-bakbak-one/5.3.0/latin.min.css.br
- fontsource-bakbak-one/5.3.0/latin.min.css.gz