published: 2026-09-22T19:34:32.430Z

- fontsource-ballet/5.2.5/400.css.br
- fontsource-ballet/5.2.5/400.css.gz
- fontsource-ballet/5.2.5/400.min.css.br
- fontsource-ballet/5.2.5/400.min.css.gz
- fontsource-ballet/5.2.5/files/ballet-latin-400-normal.woff.br
- fontsource-ballet/5.2.5/files/ballet-latin-400-normal.woff.gz
- fontsource-ballet/5.2.5/files/ballet-latin-400-normal.woff2
- fontsource-ballet/5.2.5/files/ballet-latin-ext-400-normal.woff.br
- fontsource-ballet/5.2.5/files/ballet-latin-ext-400-normal.woff.gz
- fontsource-ballet/5.2.5/files/ballet-latin-ext-400-normal.woff2
- fontsource-ballet/5.2.5/files/ballet-vietnamese-400-normal.woff.br
- fontsource-ballet/5.2.5/files/ballet-vietnamese-400-normal.woff.gz
- fontsource-ballet/5.2.5/files/ballet-vietnamese-400-normal.woff2
- fontsource-ballet/5.2.5/index.css.br
- fontsource-ballet/5.2.5/index.css.gz
- fontsource-ballet/5.2.5/index.min.css.br
- fontsource-ballet/5.2.5/index.min.css.gz
- fontsource-ballet/5.2.5/latin-400.css.br
- fontsource-ballet/5.2.5/latin-400.css.gz
- fontsource-ballet/5.2.5/latin-400.min.css.br
- fontsource-ballet/5.2.5/latin-400.min.css.gz
- fontsource-ballet/5.2.5/latin-ext-400.css.br
- fontsource-ballet/5.2.5/latin-ext-400.css.gz
- fontsource-ballet/5.2.5/latin-ext-400.min.css.br
- fontsource-ballet/5.2.5/latin-ext-400.min.css.gz
- fontsource-ballet/5.2.5/latin-ext.css.br
- fontsource-ballet/5.2.5/latin-ext.css.gz
- fontsource-ballet/5.2.5/latin-ext.min.css.br
- fontsource-ballet/5.2.5/latin-ext.min.css.gz
- fontsource-ballet/5.2.5/latin.css.br
- fontsource-ballet/5.2.5/latin.css.gz
- fontsource-ballet/5.2.5/latin.min.css.br
- fontsource-ballet/5.2.5/latin.min.css.gz
- fontsource-ballet/5.2.5/vietnamese-400.css.br
- fontsource-ballet/5.2.5/vietnamese-400.css.gz
- fontsource-ballet/5.2.5/vietnamese-400.min.css.br
- fontsource-ballet/5.2.5/vietnamese-400.min.css.gz
- fontsource-ballet/5.2.5/vietnamese.css.br
- fontsource-ballet/5.2.5/vietnamese.css.gz
- fontsource-ballet/5.2.5/vietnamese.min.css.br
- fontsource-ballet/5.2.5/vietnamese.min.css.gz