Files:
- tailwindcss/0.0.0-insiders.56b22bb/chunk-HTB5LLOP.mjs.br
- tailwindcss/0.0.0-insiders.56b22bb/chunk-HTB5LLOP.mjs.gz
- tailwindcss/0.0.0-insiders.56b22bb/chunk-KYP3XTH4.mjs.br
- tailwindcss/0.0.0-insiders.56b22bb/chunk-KYP3XTH4.mjs.gz
- tailwindcss/0.0.0-insiders.56b22bb/chunk-P5FH2LZE.mjs.br
- tailwindcss/0.0.0-insiders.56b22bb/chunk-P5FH2LZE.mjs.gz
- tailwindcss/0.0.0-insiders.56b22bb/colors-b_6i0Oi7.d.ts.br
- tailwindcss/0.0.0-insiders.56b22bb/colors-b_6i0Oi7.d.ts.gz
- tailwindcss/0.0.0-insiders.56b22bb/colors.d.mts.br
- tailwindcss/0.0.0-insiders.56b22bb/colors.d.mts.gz
- tailwindcss/0.0.0-insiders.56b22bb/colors.d.ts.br
- tailwindcss/0.0.0-insiders.56b22bb/colors.d.ts.gz
- tailwindcss/0.0.0-insiders.56b22bb/colors.js.br
- tailwindcss/0.0.0-insiders.56b22bb/colors.js.gz
- tailwindcss/0.0.0-insiders.56b22bb/colors.js.sri
- tailwindcss/0.0.0-insiders.56b22bb/colors.min.js.br
- tailwindcss/0.0.0-insiders.56b22bb/colors.min.js.gz
- tailwindcss/0.0.0-insiders.56b22bb/colors.min.js.sri
- tailwindcss/0.0.0-insiders.56b22bb/colors.mjs.br
- tailwindcss/0.0.0-insiders.56b22bb/colors.mjs.gz
- tailwindcss/0.0.0-insiders.56b22bb/default-theme.d.mts.br
- tailwindcss/0.0.0-insiders.56b22bb/default-theme.d.mts.gz
- tailwindcss/0.0.0-insiders.56b22bb/default-theme.d.ts.br
- tailwindcss/0.0.0-insiders.56b22bb/default-theme.d.ts.gz
- tailwindcss/0.0.0-insiders.56b22bb/default-theme.js.br
- tailwindcss/0.0.0-insiders.56b22bb/default-theme.js.gz
- tailwindcss/0.0.0-insiders.56b22bb/default-theme.js.sri
- tailwindcss/0.0.0-insiders.56b22bb/default-theme.min.js.br
- tailwindcss/0.0.0-insiders.56b22bb/default-theme.min.js.gz
- tailwindcss/0.0.0-insiders.56b22bb/default-theme.min.js.sri
- tailwindcss/0.0.0-insiders.56b22bb/default-theme.mjs.br
- tailwindcss/0.0.0-insiders.56b22bb/default-theme.mjs.gz
- tailwindcss/0.0.0-insiders.56b22bb/flatten-color-palette.d.mts.br
- tailwindcss/0.0.0-insiders.56b22bb/flatten-color-palette.d.mts.gz
- tailwindcss/0.0.0-insiders.56b22bb/flatten-color-palette.d.ts.br
- tailwindcss/0.0.0-insiders.56b22bb/flatten-color-palette.d.ts.gz
- tailwindcss/0.0.0-insiders.56b22bb/flatten-color-palette.js.br
- tailwindcss/0.0.0-insiders.56b22bb/flatten-color-palette.js.gz
- tailwindcss/0.0.0-insiders.56b22bb/flatten-color-palette.js.sri
- tailwindcss/0.0.0-insiders.56b22bb/flatten-color-palette.min.js.br
- tailwindcss/0.0.0-insiders.56b22bb/flatten-color-palette.min.js.gz
- tailwindcss/0.0.0-insiders.56b22bb/flatten-color-palette.min.js.sri
- tailwindcss/0.0.0-insiders.56b22bb/flatten-color-palette.mjs.br
- tailwindcss/0.0.0-insiders.56b22bb/flatten-color-palette.mjs.gz
- tailwindcss/0.0.0-insiders.56b22bb/lib.d.mts.br
- tailwindcss/0.0.0-insiders.56b22bb/lib.d.mts.gz
- tailwindcss/0.0.0-insiders.56b22bb/lib.d.ts.br
- tailwindcss/0.0.0-insiders.56b22bb/lib.d.ts.gz
- tailwindcss/0.0.0-insiders.56b22bb/lib.js.br
- tailwindcss/0.0.0-insiders.56b22bb/lib.js.gz
- tailwindcss/0.0.0-insiders.56b22bb/lib.js.sri
- tailwindcss/0.0.0-insiders.56b22bb/lib.min.js.br
- tailwindcss/0.0.0-insiders.56b22bb/lib.min.js.gz
- tailwindcss/0.0.0-insiders.56b22bb/lib.min.js.sri
- tailwindcss/0.0.0-insiders.56b22bb/lib.mjs.br
- tailwindcss/0.0.0-insiders.56b22bb/lib.mjs.gz
- tailwindcss/0.0.0-insiders.56b22bb/plugin.d.mts.br
- tailwindcss/0.0.0-insiders.56b22bb/plugin.d.mts.gz
- tailwindcss/0.0.0-insiders.56b22bb/plugin.d.ts.br
- tailwindcss/0.0.0-insiders.56b22bb/plugin.d.ts.gz
- tailwindcss/0.0.0-insiders.56b22bb/plugin.js.br
- tailwindcss/0.0.0-insiders.56b22bb/plugin.js.gz
- tailwindcss/0.0.0-insiders.56b22bb/plugin.js.sri
- tailwindcss/0.0.0-insiders.56b22bb/plugin.min.js.br
- tailwindcss/0.0.0-insiders.56b22bb/plugin.min.js.gz
- tailwindcss/0.0.0-insiders.56b22bb/plugin.min.js.sri
- tailwindcss/0.0.0-insiders.56b22bb/plugin.mjs.br
- tailwindcss/0.0.0-insiders.56b22bb/plugin.mjs.gz
- tailwindcss/0.0.0-insiders.56b22bb/resolve-config-BIFUA2FY.d.ts.br
- tailwindcss/0.0.0-insiders.56b22bb/resolve-config-BIFUA2FY.d.ts.gz
- tailwindcss/0.0.0-insiders.56b22bb/resolve-config-QUZ9b-Gn.d.mts.br
- tailwindcss/0.0.0-insiders.56b22bb/resolve-config-QUZ9b-Gn.d.mts.gz
- tailwindcss/0.0.0-insiders.56b22bb/types-B254mqw1.d.mts.br
- tailwindcss/0.0.0-insiders.56b22bb/types-B254mqw1.d.mts.gz
