- clerk-js/5.102.0-canary.v20251017163524/170_clerk.browser_a4ef59_5.102.0-canary.v20251017163524.js.br
- clerk-js/5.102.0-canary.v20251017163524/170_clerk.browser_a4ef59_5.102.0-canary.v20251017163524.js.gz
- clerk-js/5.102.0-canary.v20251017163524/170_clerk.browser_a4ef59_5.102.0-canary.v20251017163524.min.js.br
- clerk-js/5.102.0-canary.v20251017163524/170_clerk.browser_a4ef59_5.102.0-canary.v20251017163524.min.js.gz
- clerk-js/5.102.0-canary.v20251017163524/170_clerk.channel.browser_13cf90_5.102.0-canary.v20251017163524.js.br
- clerk-js/5.102.0-canary.v20251017163524/170_clerk.channel.browser_13cf90_5.102.0-canary.v20251017163524.js.gz
- clerk-js/5.102.0-canary.v20251017163524/170_clerk.channel.browser_13cf90_5.102.0-canary.v20251017163524.min.js.br
- clerk-js/5.102.0-canary.v20251017163524/170_clerk.channel.browser_13cf90_5.102.0-canary.v20251017163524.min.js.gz
- clerk-js/5.102.0-canary.v20251017163524/170_clerk.chips.browser_a23c19_5.102.0-canary.v20251017163524.js.br
- clerk-js/5.102.0-canary.v20251017163524/170_clerk.chips.browser_a23c19_5.102.0-canary.v20251017163524.js.gz
- clerk-js/5.102.0-canary.v20251017163524/170_clerk.chips.browser_a23c19_5.102.0-canary.v20251017163524.min.js.br
- clerk-js/5.102.0-canary.v20251017163524/170_clerk.chips.browser_a23c19_5.102.0-canary.v20251017163524.min.js.gz
- clerk-js/5.102.0-canary.v20251017163524/170_clerk.legacy.browser_388015_5.102.0-canary.v20251017163524.js.br
- clerk-js/5.102.0-canary.v20251017163524/170_clerk.legacy.browser_388015_5.102.0-canary.v20251017163524.js.gz
- clerk-js/5.102.0-canary.v20251017163524/170_clerk.legacy.browser_388015_5.102.0-canary.v20251017163524.min.js.br
- clerk-js/5.102.0-canary.v20251017163524/170_clerk.legacy.browser_388015_5.102.0-canary.v20251017163524.min.js.gz
- clerk-js/5.102.0-canary.v20251017163524/192_clerk.browser_a4ef59_5.102.0-canary.v20251017163524.js.br
- clerk-js/5.102.0-canary.v20251017163524/192_clerk.browser_a4ef59_5.102.0-canary.v20251017163524.js.gz
- clerk-js/5.102.0-canary.v20251017163524/192_clerk.browser_a4ef59_5.102.0-canary.v20251017163524.min.js.br
- clerk-js/5.102.0-canary.v20251017163524/192_clerk.browser_a4ef59_5.102.0-canary.v20251017163524.min.js.gz
- clerk-js/5.102.0-canary.v20251017163524/192_clerk.channel.browser_13cf90_5.102.0-canary.v20251017163524.js.br
- clerk-js/5.102.0-canary.v20251017163524/192_clerk.channel.browser_13cf90_5.102.0-canary.v20251017163524.js.gz
- clerk-js/5.102.0-canary.v20251017163524/192_clerk.channel.browser_13cf90_5.102.0-canary.v20251017163524.min.js.br
- clerk-js/5.102.0-canary.v20251017163524/192_clerk.channel.browser_13cf90_5.102.0-canary.v20251017163524.min.js.gz
- clerk-js/5.102.0-canary.v20251017163524/192_clerk.chips.browser_a23c19_5.102.0-canary.v20251017163524.js.br
- clerk-js/5.102.0-canary.v20251017163524/192_clerk.chips.browser_a23c19_5.102.0-canary.v20251017163524.js.gz
- clerk-js/5.102.0-canary.v20251017163524/192_clerk.chips.browser_a23c19_5.102.0-canary.v20251017163524.min.js.br
- clerk-js/5.102.0-canary.v20251017163524/192_clerk.chips.browser_a23c19_5.102.0-canary.v20251017163524.min.js.gz
- clerk-js/5.102.0-canary.v20251017163524/192_clerk.legacy.browser_388015_5.102.0-canary.v20251017163524.js.br
- clerk-js/5.102.0-canary.v20251017163524/192_clerk.legacy.browser_388015_5.102.0-canary.v20251017163524.js.gz
- clerk-js/5.102.0-canary.v20251017163524/192_clerk.legacy.browser_388015_5.102.0-canary.v20251017163524.min.js.br
- clerk-js/5.102.0-canary.v20251017163524/192_clerk.legacy.browser_388015_5.102.0-canary.v20251017163524.min.js.gz
- clerk-js/5.102.0-canary.v20251017163524/368_clerk.headless_cc194d_5.102.0-canary.v20251017163524.js.br
- clerk-js/5.102.0-canary.v20251017163524/368_clerk.headless_cc194d_5.102.0-canary.v20251017163524.js.gz
- clerk-js/5.102.0-canary.v20251017163524/368_clerk.headless_cc194d_5.102.0-canary.v20251017163524.min.js.br
- clerk-js/5.102.0-canary.v20251017163524/368_clerk.headless_cc194d_5.102.0-canary.v20251017163524.min.js.gz
- clerk-js/5.102.0-canary.v20251017163524/36_clerk.headless_cc194d_5.102.0-canary.v20251017163524.js.br
- clerk-js/5.102.0-canary.v20251017163524/36_clerk.headless_cc194d_5.102.0-canary.v20251017163524.js.gz
- clerk-js/5.102.0-canary.v20251017163524/36_clerk.headless_cc194d_5.102.0-canary.v20251017163524.min.js.br
- clerk-js/5.102.0-canary.v20251017163524/36_clerk.headless_cc194d_5.102.0-canary.v20251017163524.min.js.gz
- clerk-js/5.102.0-canary.v20251017163524/377_clerk.headless_cc194d_5.102.0-canary.v20251017163524.js.br
- clerk-js/5.102.0-canary.v20251017163524/377_clerk.headless_cc194d_5.102.0-canary.v20251017163524.js.gz
- clerk-js/5.102.0-canary.v20251017163524/377_clerk.headless_cc194d_5.102.0-canary.v20251017163524.min.js.br
- clerk-js/5.102.0-canary.v20251017163524/377_clerk.headless_cc194d_5.102.0-canary.v20251017163524.min.js.gz
- clerk-js/5.102.0-canary.v20251017163524/43_clerk.legacy.browser_388015_5.102.0-canary.v20251017163524.js.br
- clerk-js/5.102.0-canary.v20251017163524/43_clerk.legacy.browser_388015_5.102.0-canary.v20251017163524.js.gz
- clerk-js/5.102.0-canary.v20251017163524/43_clerk.legacy.browser_388015_5.102.0-canary.v20251017163524.min.js.br
- clerk-js/5.102.0-canary.v20251017163524/43_clerk.legacy.browser_388015_5.102.0-canary.v20251017163524.min.js.gz
- clerk-js/5.102.0-canary.v20251017163524/502_clerk.browser_a4ef59_5.102.0-canary.v20251017163524.js.br
- clerk-js/5.102.0-canary.v20251017163524/502_clerk.browser_a4ef59_5.102.0-canary.v20251017163524.js.gz
- clerk-js/5.102.0-canary.v20251017163524/502_clerk.browser_a4ef59_5.102.0-canary.v20251017163524.min.js.br
- clerk-js/5.102.0-canary.v20251017163524/502_clerk.browser_a4ef59_5.102.0-canary.v20251017163524.min.js.gz
- clerk-js/5.102.0-canary.v20251017163524/502_clerk.channel.browser_13cf90_5.102.0-canary.v20251017163524.js.br
- clerk-js/5.102.0-canary.v20251017163524/502_clerk.channel.browser_13cf90_5.102.0-canary.v20251017163524.js.gz
- clerk-js/5.102.0-canary.v20251017163524/502_clerk.channel.browser_13cf90_5.102.0-canary.v20251017163524.min.js.br
- clerk-js/5.102.0-canary.v20251017163524/502_clerk.channel.browser_13cf90_5.102.0-canary.v20251017163524.min.js.gz
- clerk-js/5.102.0-canary.v20251017163524/502_clerk.chips.browser_a23c19_5.102.0-canary.v20251017163524.js.br
- clerk-js/5.102.0-canary.v20251017163524/502_clerk.chips.browser_a23c19_5.102.0-canary.v20251017163524.js.gz
- clerk-js/5.102.0-canary.v20251017163524/502_clerk.chips.browser_a23c19_5.102.0-canary.v20251017163524.min.js.br
- clerk-js/5.102.0-canary.v20251017163524/502_clerk.chips.browser_a23c19_5.102.0-canary.v20251017163524.min.js.gz
- clerk-js/5.102.0-canary.v20251017163524/502_clerk.legacy.browser_388015_5.102.0-canary.v20251017163524.js.br
- clerk-js/5.102.0-canary.v20251017163524/502_clerk.legacy.browser_388015_5.102.0-canary.v20251017163524.js.gz
- clerk-js/5.102.0-canary.v20251017163524/502_clerk.legacy.browser_388015_5.102.0-canary.v20251017163524.min.js.br
- clerk-js/5.102.0-canary.v20251017163524/502_clerk.legacy.browser_388015_5.102.0-canary.v20251017163524.min.js.gz
- clerk-js/5.102.0-canary.v20251017163524/553_clerk.headless_cc194d_5.102.0-canary.v20251017163524.js.br
- clerk-js/5.102.0-canary.v20251017163524/553_clerk.headless_cc194d_5.102.0-canary.v20251017163524.js.gz
- clerk-js/5.102.0-canary.v20251017163524/553_clerk.headless_cc194d_5.102.0-canary.v20251017163524.min.js.br
- clerk-js/5.102.0-canary.v20251017163524/553_clerk.headless_cc194d_5.102.0-canary.v20251017163524.min.js.gz
- clerk-js/5.102.0-canary.v20251017163524/645_clerk.browser_a4ef59_5.102.0-canary.v20251017163524.js.br
- clerk-js/5.102.0-canary.v20251017163524/645_clerk.browser_a4ef59_5.102.0-canary.v20251017163524.js.gz
- clerk-js/5.102.0-canary.v20251017163524/645_clerk.browser_a4ef59_5.102.0-canary.v20251017163524.min.js.br
- clerk-js/5.102.0-canary.v20251017163524/645_clerk.browser_a4ef59_5.102.0-canary.v20251017163524.min.js.gz
- clerk-js/5.102.0-canary.v20251017163524/645_clerk.channel.browser_13cf90_5.102.0-canary.v20251017163524.js.br
- clerk-js/5.102.0-canary.v20251017163524/645_clerk.channel.browser_13cf90_5.102.0-canary.v20251017163524.js.gz
- clerk-js/5.102.0-canary.v20251017163524/645_clerk.channel.browser_13cf90_5.102.0-canary.v20251017163524.min.js.br
- clerk-js/5.102.0-canary.v20251017163524/645_clerk.channel.browser_13cf90_5.102.0-canary.v20251017163524.min.js.gz
- clerk-js/5.102.0-canary.v20251017163524/645_clerk.chips.browser_a23c19_5.102.0-canary.v20251017163524.js.br
- clerk-js/5.102.0-canary.v20251017163524/645_clerk.chips.browser_a23c19_5.102.0-canary.v20251017163524.js.gz
- clerk-js/5.102.0-canary.v20251017163524/645_clerk.chips.browser_a23c19_5.102.0-canary.v20251017163524.min.js.br
- clerk-js/5.102.0-canary.v20251017163524/645_clerk.chips.browser_a23c19_5.102.0-canary.v20251017163524.min.js.gz
- clerk-js/5.102.0-canary.v20251017163524/645_clerk.legacy.browser_388015_5.102.0-canary.v20251017163524.js.br
- clerk-js/5.102.0-canary.v20251017163524/645_clerk.legacy.browser_388015_5.102.0-canary.v20251017163524.js.gz
- clerk-js/5.102.0-canary.v20251017163524/645_clerk.legacy.browser_388015_5.102.0-canary.v20251017163524.min.js.br
- clerk-js/5.102.0-canary.v20251017163524/645_clerk.legacy.browser_388015_5.102.0-canary.v20251017163524.min.js.gz
- clerk-js/5.102.0-canary.v20251017163524/692_clerk.headless_cc194d_5.102.0-canary.v20251017163524.js.br
- clerk-js/5.102.0-canary.v20251017163524/692_clerk.headless_cc194d_5.102.0-canary.v20251017163524.js.gz
- clerk-js/5.102.0-canary.v20251017163524/692_clerk.headless_cc194d_5.102.0-canary.v20251017163524.min.js.br
- clerk-js/5.102.0-canary.v20251017163524/692_clerk.headless_cc194d_5.102.0-canary.v20251017163524.min.js.gz
- clerk-js/5.102.0-canary.v20251017163524/785_clerk.headless.browser_42c5d3_5.102.0-canary.v20251017163524.js.br
- clerk-js/5.102.0-canary.v20251017163524/785_clerk.headless.browser_42c5d3_5.102.0-canary.v20251017163524.js.gz
- clerk-js/5.102.0-canary.v20251017163524/785_clerk.headless.browser_42c5d3_5.102.0-canary.v20251017163524.min.js.br
- clerk-js/5.102.0-canary.v20251017163524/785_clerk.headless.browser_42c5d3_5.102.0-canary.v20251017163524.min.js.gz
- clerk-js/5.102.0-canary.v20251017163524/785_clerk.headless_cc194d_5.102.0-canary.v20251017163524.js.br
- clerk-js/5.102.0-canary.v20251017163524/785_clerk.headless_cc194d_5.102.0-canary.v20251017163524.js.gz
- clerk-js/5.102.0-canary.v20251017163524/785_clerk.headless_cc194d_5.102.0-canary.v20251017163524.min.js.br
- clerk-js/5.102.0-canary.v20251017163524/785_clerk.headless_cc194d_5.102.0-canary.v20251017163524.min.js.gz
- clerk-js/5.102.0-canary.v20251017163524/890_clerk.headless_cc194d_5.102.0-canary.v20251017163524.js.br
- clerk-js/5.102.0-canary.v20251017163524/890_clerk.headless_cc194d_5.102.0-canary.v20251017163524.js.gz
- clerk-js/5.102.0-canary.v20251017163524/890_clerk.headless_cc194d_5.102.0-canary.v20251017163524.min.js.br
- clerk-js/5.102.0-canary.v20251017163524/890_clerk.headless_cc194d_5.102.0-canary.v20251017163524.min.js.gz
- clerk-js/5.102.0-canary.v20251017163524/apiKeys_clerk.browser_a4ef59_5.102.0-canary.v20251017163524.js.br
- clerk-js/5.102.0-canary.v20251017163524/apiKeys_clerk.browser_a4ef59_5.102.0-canary.v20251017163524.js.gz
- clerk-js/5.102.0-canary.v20251017163524/apiKeys_clerk.browser_a4ef59_5.102.0-canary.v20251017163524.min.js.br
- clerk-js/5.102.0-canary.v20251017163524/apiKeys_clerk.browser_a4ef59_5.102.0-canary.v20251017163524.min.js.gz
- clerk-js/5.102.0-canary.v20251017163524/apiKeys_clerk.channel.browser_13cf90_5.102.0-canary.v20251017163524.js.br
- clerk-js/5.102.0-canary.v20251017163524/apiKeys_clerk.channel.browser_13cf90_5.102.0-canary.v20251017163524.js.gz
- clerk-js/5.102.0-canary.v20251017163524/apiKeys_clerk.channel.browser_13cf90_5.102.0-canary.v20251017163524.min.js.br
- clerk-js/5.102.0-canary.v20251017163524/apiKeys_clerk.channel.browser_13cf90_5.102.0-canary.v20251017163524.min.js.gz
- clerk-js/5.102.0-canary.v20251017163524/apiKeys_clerk.chips.browser_a23c19_5.102.0-canary.v20251017163524.js.br
- clerk-js/5.102.0-canary.v20251017163524/apiKeys_clerk.chips.browser_a23c19_5.102.0-canary.v20251017163524.js.gz
- clerk-js/5.102.0-canary.v20251017163524/apiKeys_clerk.chips.browser_a23c19_5.102.0-canary.v20251017163524.min.js.br
- clerk-js/5.102.0-canary.v20251017163524/apiKeys_clerk.chips.browser_a23c19_5.102.0-canary.v20251017163524.min.js.gz
- clerk-js/5.102.0-canary.v20251017163524/apiKeys_clerk.legacy.browser_388015_5.102.0-canary.v20251017163524.js.br
- clerk-js/5.102.0-canary.v20251017163524/apiKeys_clerk.legacy.browser_388015_5.102.0-canary.v20251017163524.js.gz
- clerk-js/5.102.0-canary.v20251017163524/apiKeys_clerk.legacy.browser_388015_5.102.0-canary.v20251017163524.min.js.br
- clerk-js/5.102.0-canary.v20251017163524/apiKeys_clerk.legacy.browser_388015_5.102.0-canary.v20251017163524.min.js.gz
- clerk-js/5.102.0-canary.v20251017163524/base-account-sdk_clerk.browser_a4ef59_5.102.0-canary.v20251017163524.js.br
- clerk-js/5.102.0-canary.v20251017163524/base-account-sdk_clerk.browser_a4ef59_5.102.0-canary.v20251017163524.js.gz
- clerk-js/5.102.0-canary.v20251017163524/base-account-sdk_clerk.browser_a4ef59_5.102.0-canary.v20251017163524.min.js.br
- clerk-js/5.102.0-canary.v20251017163524/base-account-sdk_clerk.browser_a4ef59_5.102.0-canary.v20251017163524.min.js.gz
- clerk-js/5.102.0-canary.v20251017163524/base-account-sdk_clerk.channel.browser_13cf90_5.102.0-canary.v20251017163524.js.br
- clerk-js/5.102.0-canary.v20251017163524/base-account-sdk_clerk.channel.browser_13cf90_5.102.0-canary.v20251017163524.js.gz
- clerk-js/5.102.0-canary.v20251017163524/base-account-sdk_clerk.channel.browser_13cf90_5.102.0-canary.v20251017163524.min.js.br
- clerk-js/5.102.0-canary.v20251017163524/base-account-sdk_clerk.channel.browser_13cf90_5.102.0-canary.v20251017163524.min.js.gz
- clerk-js/5.102.0-canary.v20251017163524/base-account-sdk_clerk.chips.browser_a23c19_5.102.0-canary.v20251017163524.js.br
- clerk-js/5.102.0-canary.v20251017163524/base-account-sdk_clerk.chips.browser_a23c19_5.102.0-canary.v20251017163524.js.gz
- clerk-js/5.102.0-canary.v20251017163524/base-account-sdk_clerk.chips.browser_a23c19_5.102.0-canary.v20251017163524.min.js.br
- clerk-js/5.102.0-canary.v20251017163524/base-account-sdk_clerk.chips.browser_a23c19_5.102.0-canary.v20251017163524.min.js.gz
- clerk-js/5.102.0-canary.v20251017163524/base-account-sdk_clerk.headless.browser_42c5d3_5.102.0-canary.v20251017163524.js.br
- clerk-js/5.102.0-canary.v20251017163524/base-account-sdk_clerk.headless.browser_42c5d3_5.102.0-canary.v20251017163524.js.gz
- clerk-js/5.102.0-canary.v20251017163524/base-account-sdk_clerk.headless.browser_42c5d3_5.102.0-canary.v20251017163524.min.js.br
- clerk-js/5.102.0-canary.v20251017163524/base-account-sdk_clerk.headless.browser_42c5d3_5.102.0-canary.v20251017163524.min.js.gz
- clerk-js/5.102.0-canary.v20251017163524/base-account-sdk_clerk.legacy.browser_388015_5.102.0-canary.v20251017163524.js.br
- clerk-js/5.102.0-canary.v20251017163524/base-account-sdk_clerk.legacy.browser_388015_5.102.0-canary.v20251017163524.js.gz
- clerk-js/5.102.0-canary.v20251017163524/base-account-sdk_clerk.legacy.browser_388015_5.102.0-canary.v20251017163524.min.js.br
- clerk-js/5.102.0-canary.v20251017163524/base-account-sdk_clerk.legacy.browser_388015_5.102.0-canary.v20251017163524.min.js.gz
- clerk-js/5.102.0-canary.v20251017163524/blankcaptcha_clerk.browser_a4ef59_5.102.0-canary.v20251017163524.js.br
- clerk-js/5.102.0-canary.v20251017163524/blankcaptcha_clerk.browser_a4ef59_5.102.0-canary.v20251017163524.js.gz
- clerk-js/5.102.0-canary.v20251017163524/blankcaptcha_clerk.browser_a4ef59_5.102.0-canary.v20251017163524.min.js.br
- clerk-js/5.102.0-canary.v20251017163524/blankcaptcha_clerk.browser_a4ef59_5.102.0-canary.v20251017163524.min.js.gz
- clerk-js/5.102.0-canary.v20251017163524/blankcaptcha_clerk.channel.browser_13cf90_5.102.0-canary.v20251017163524.js.br
- clerk-js/5.102.0-canary.v20251017163524/blankcaptcha_clerk.channel.browser_13cf90_5.102.0-canary.v20251017163524.js.gz
- clerk-js/5.102.0-canary.v20251017163524/blankcaptcha_clerk.channel.browser_13cf90_5.102.0-canary.v20251017163524.min.js.br
- clerk-js/5.102.0-canary.v20251017163524/blankcaptcha_clerk.channel.browser_13cf90_5.102.0-canary.v20251017163524.min.js.gz
- clerk-js/5.102.0-canary.v20251017163524/blankcaptcha_clerk.chips.browser_a23c19_5.102.0-canary.v20251017163524.js.br
- clerk-js/5.102.0-canary.v20251017163524/blankcaptcha_clerk.chips.browser_a23c19_5.102.0-canary.v20251017163524.js.gz
- clerk-js/5.102.0-canary.v20251017163524/blankcaptcha_clerk.chips.browser_a23c19_5.102.0-canary.v20251017163524.min.js.br
- clerk-js/5.102.0-canary.v20251017163524/blankcaptcha_clerk.chips.browser_a23c19_5.102.0-canary.v20251017163524.min.js.gz
- clerk-js/5.102.0-canary.v20251017163524/blankcaptcha_clerk.legacy.browser_388015_5.102.0-canary.v20251017163524.js.br
- clerk-js/5.102.0-canary.v20251017163524/blankcaptcha_clerk.legacy.browser_388015_5.102.0-canary.v20251017163524.js.gz
- clerk-js/5.102.0-canary.v20251017163524/blankcaptcha_clerk.legacy.browser_388015_5.102.0-canary.v20251017163524.min.js.br
- clerk-js/5.102.0-canary.v20251017163524/blankcaptcha_clerk.legacy.browser_388015_5.102.0-canary.v20251017163524.min.js.gz
- clerk-js/5.102.0-canary.v20251017163524/checkout_clerk.browser_a4ef59_5.102.0-canary.v20251017163524.js.br
- clerk-js/5.102.0-canary.v20251017163524/checkout_clerk.browser_a4ef59_5.102.0-canary.v20251017163524.js.gz
- clerk-js/5.102.0-canary.v20251017163524/checkout_clerk.browser_a4ef59_5.102.0-canary.v20251017163524.min.js.br
- clerk-js/5.102.0-canary.v20251017163524/checkout_clerk.browser_a4ef59_5.102.0-canary.v20251017163524.min.js.gz
- clerk-js/5.102.0-canary.v20251017163524/checkout_clerk.channel.browser_13cf90_5.102.0-canary.v20251017163524.js.br
- clerk-js/5.102.0-canary.v20251017163524/checkout_clerk.channel.browser_13cf90_5.102.0-canary.v20251017163524.js.gz
- clerk-js/5.102.0-canary.v20251017163524/checkout_clerk.channel.browser_13cf90_5.102.0-canary.v20251017163524.min.js.br
- clerk-js/5.102.0-canary.v20251017163524/checkout_clerk.channel.browser_13cf90_5.102.0-canary.v20251017163524.min.js.gz
- clerk-js/5.102.0-canary.v20251017163524/checkout_clerk.chips.browser_a23c19_5.102.0-canary.v20251017163524.js.br
- clerk-js/5.102.0-canary.v20251017163524/checkout_clerk.chips.browser_a23c19_5.102.0-canary.v20251017163524.js.gz
- clerk-js/5.102.0-canary.v20251017163524/checkout_clerk.chips.browser_a23c19_5.102.0-canary.v20251017163524.min.js.br
- clerk-js/5.102.0-canary.v20251017163524/checkout_clerk.chips.browser_a23c19_5.102.0-canary.v20251017163524.min.js.gz
- clerk-js/5.102.0-canary.v20251017163524/checkout_clerk.legacy.browser_388015_5.102.0-canary.v20251017163524.js.br
- clerk-js/5.102.0-canary.v20251017163524/checkout_clerk.legacy.browser_388015_5.102.0-canary.v20251017163524.js.gz
- clerk-js/5.102.0-canary.v20251017163524/checkout_clerk.legacy.browser_388015_5.102.0-canary.v20251017163524.min.js.br
- clerk-js/5.102.0-canary.v20251017163524/checkout_clerk.legacy.browser_388015_5.102.0-canary.v20251017163524.min.js.gz
- clerk-js/5.102.0-canary.v20251017163524/clerk.browser.js.br
- clerk-js/5.102.0-canary.v20251017163524/clerk.browser.js.gz
- clerk-js/5.102.0-canary.v20251017163524/clerk.browser.min.js.br
- clerk-js/5.102.0-canary.v20251017163524/clerk.browser.min.js.gz
- clerk-js/5.102.0-canary.v20251017163524/clerk.channel.browser.js.br
- clerk-js/5.102.0-canary.v20251017163524/clerk.channel.browser.js.gz
- clerk-js/5.102.0-canary.v20251017163524/clerk.channel.browser.min.js.br
- clerk-js/5.102.0-canary.v20251017163524/clerk.channel.browser.min.js.gz
- clerk-js/5.102.0-canary.v20251017163524/clerk.chips.browser.js.br
- clerk-js/5.102.0-canary.v20251017163524/clerk.chips.browser.js.gz
- clerk-js/5.102.0-canary.v20251017163524/clerk.chips.browser.min.js.br
- clerk-js/5.102.0-canary.v20251017163524/clerk.chips.browser.min.js.gz
- clerk-js/5.102.0-canary.v20251017163524/clerk.headless.browser.js.br
- clerk-js/5.102.0-canary.v20251017163524/clerk.headless.browser.js.gz
- clerk-js/5.102.0-canary.v20251017163524/clerk.headless.browser.min.js.br
- clerk-js/5.102.0-canary.v20251017163524/clerk.headless.browser.min.js.gz
- clerk-js/5.102.0-canary.v20251017163524/clerk.headless.js.br
- clerk-js/5.102.0-canary.v20251017163524/clerk.headless.js.gz
- clerk-js/5.102.0-canary.v20251017163524/clerk.headless.min.js.br
- clerk-js/5.102.0-canary.v20251017163524/clerk.headless.min.js.gz
- clerk-js/5.102.0-canary.v20251017163524/clerk.js.br
- clerk-js/5.102.0-canary.v20251017163524/clerk.js.gz
- clerk-js/5.102.0-canary.v20251017163524/clerk.legacy.browser.js.br
- clerk-js/5.102.0-canary.v20251017163524/clerk.legacy.browser.js.gz
- clerk-js/5.102.0-canary.v20251017163524/clerk.legacy.browser.min.js.br
- clerk-js/5.102.0-canary.v20251017163524/clerk.legacy.browser.min.js.gz
- clerk-js/5.102.0-canary.v20251017163524/clerk.min.js.br
- clerk-js/5.102.0-canary.v20251017163524/clerk.min.js.gz
- clerk-js/5.102.0-canary.v20251017163524/clerk.mjs.br
- clerk-js/5.102.0-canary.v20251017163524/clerk.mjs.gz
- clerk-js/5.102.0-canary.v20251017163524/clerk.no-rhc.js.br
- clerk-js/5.102.0-canary.v20251017163524/clerk.no-rhc.js.gz
- clerk-js/5.102.0-canary.v20251017163524/clerk.no-rhc.min.js.br
- clerk-js/5.102.0-canary.v20251017163524/clerk.no-rhc.min.js.gz
- clerk-js/5.102.0-canary.v20251017163524/clerk.no-rhc.mjs.br
- clerk-js/5.102.0-canary.v20251017163524/clerk.no-rhc.mjs.gz
- clerk-js/5.102.0-canary.v20251017163524/coinbase-wallet-sdk_clerk.browser_a4ef59_5.102.0-canary.v20251017163524.js.br
- clerk-js/5.102.0-canary.v20251017163524/coinbase-wallet-sdk_clerk.browser_a4ef59_5.102.0-canary.v20251017163524.js.gz
- clerk-js/5.102.0-canary.v20251017163524/coinbase-wallet-sdk_clerk.browser_a4ef59_5.102.0-canary.v20251017163524.min.js.br
- clerk-js/5.102.0-canary.v20251017163524/coinbase-wallet-sdk_clerk.browser_a4ef59_5.102.0-canary.v20251017163524.min.js.gz
- clerk-js/5.102.0-canary.v20251017163524/coinbase-wallet-sdk_clerk.channel.browser_13cf90_5.102.0-canary.v20251017163524.js.br
- clerk-js/5.102.0-canary.v20251017163524/coinbase-wallet-sdk_clerk.channel.browser_13cf90_5.102.0-canary.v20251017163524.js.gz
- clerk-js/5.102.0-canary.v20251017163524/coinbase-wallet-sdk_clerk.channel.browser_13cf90_5.102.0-canary.v20251017163524.min.js.br
- clerk-js/5.102.0-canary.v20251017163524/coinbase-wallet-sdk_clerk.channel.browser_13cf90_5.102.0-canary.v20251017163524.min.js.gz
- clerk-js/5.102.0-canary.v20251017163524/coinbase-wallet-sdk_clerk.chips.browser_a23c19_5.102.0-canary.v20251017163524.js.br
- clerk-js/5.102.0-canary.v20251017163524/coinbase-wallet-sdk_clerk.chips.browser_a23c19_5.102.0-canary.v20251017163524.js.gz
- clerk-js/5.102.0-canary.v20251017163524/coinbase-wallet-sdk_clerk.chips.browser_a23c19_5.102.0-canary.v20251017163524.min.js.br
- clerk-js/5.102.0-canary.v20251017163524/coinbase-wallet-sdk_clerk.chips.browser_a23c19_5.102.0-canary.v20251017163524.min.js.gz
- clerk-js/5.102.0-canary.v20251017163524/coinbase-wallet-sdk_clerk.headless.browser_42c5d3_5.102.0-canary.v20251017163524.js.br
- clerk-js/5.102.0-canary.v20251017163524/coinbase-wallet-sdk_clerk.headless.browser_42c5d3_5.102.0-canary.v20251017163524.js.gz
- clerk-js/5.102.0-canary.v20251017163524/coinbase-wallet-sdk_clerk.headless.browser_42c5d3_5.102.0-canary.v20251017163524.min.js.br
- clerk-js/5.102.0-canary.v20251017163524/coinbase-wallet-sdk_clerk.headless.browser_42c5d3_5.102.0-canary.v20251017163524.min.js.gz
- clerk-js/5.102.0-canary.v20251017163524/coinbase-wallet-sdk_clerk.legacy.browser_388015_5.102.0-canary.v20251017163524.js.br
- clerk-js/5.102.0-canary.v20251017163524/coinbase-wallet-sdk_clerk.legacy.browser_388015_5.102.0-canary.v20251017163524.js.gz
- clerk-js/5.102.0-canary.v20251017163524/coinbase-wallet-sdk_clerk.legacy.browser_388015_5.102.0-canary.v20251017163524.min.js.br
- clerk-js/5.102.0-canary.v20251017163524/coinbase-wallet-sdk_clerk.legacy.browser_388015_5.102.0-canary.v20251017163524.min.js.gz
- clerk-js/5.102.0-canary.v20251017163524/cookieSuffix_clerk.browser_a4ef59_5.102.0-canary.v20251017163524.js.br
- clerk-js/5.102.0-canary.v20251017163524/cookieSuffix_clerk.browser_a4ef59_5.102.0-canary.v20251017163524.js.gz
- clerk-js/5.102.0-canary.v20251017163524/cookieSuffix_clerk.browser_a4ef59_5.102.0-canary.v20251017163524.min.js.br
- clerk-js/5.102.0-canary.v20251017163524/cookieSuffix_clerk.browser_a4ef59_5.102.0-canary.v20251017163524.min.js.gz
- clerk-js/5.102.0-canary.v20251017163524/cookieSuffix_clerk.channel.browser_13cf90_5.102.0-canary.v20251017163524.js.br
- clerk-js/5.102.0-canary.v20251017163524/cookieSuffix_clerk.channel.browser_13cf90_5.102.0-canary.v20251017163524.js.gz
- clerk-js/5.102.0-canary.v20251017163524/cookieSuffix_clerk.channel.browser_13cf90_5.102.0-canary.v20251017163524.min.js.br
- clerk-js/5.102.0-canary.v20251017163524/cookieSuffix_clerk.channel.browser_13cf90_5.102.0-canary.v20251017163524.min.js.gz
- clerk-js/5.102.0-canary.v20251017163524/cookieSuffix_clerk.chips.browser_a23c19_5.102.0-canary.v20251017163524.js.br
- clerk-js/5.102.0-canary.v20251017163524/cookieSuffix_clerk.chips.browser_a23c19_5.102.0-canary.v20251017163524.js.gz
- clerk-js/5.102.0-canary.v20251017163524/cookieSuffix_clerk.chips.browser_a23c19_5.102.0-canary.v20251017163524.min.js.br
- clerk-js/5.102.0-canary.v20251017163524/cookieSuffix_clerk.chips.browser_a23c19_5.102.0-canary.v20251017163524.min.js.gz
- clerk-js/5.102.0-canary.v20251017163524/cookieSuffix_clerk.headless.browser_42c5d3_5.102.0-canary.v20251017163524.js.br
- clerk-js/5.102.0-canary.v20251017163524/cookieSuffix_clerk.headless.browser_42c5d3_5.102.0-canary.v20251017163524.js.gz
- clerk-js/5.102.0-canary.v20251017163524/cookieSuffix_clerk.headless.browser_42c5d3_5.102.0-canary.v20251017163524.min.js.br
- clerk-js/5.102.0-canary.v20251017163524/cookieSuffix_clerk.headless.browser_42c5d3_5.102.0-canary.v20251017163524.min.js.gz
- clerk-js/5.102.0-canary.v20251017163524/cookieSuffix_clerk.headless_cc194d_5.102.0-canary.v20251017163524.js.br
- clerk-js/5.102.0-canary.v20251017163524/cookieSuffix_clerk.headless_cc194d_5.102.0-canary.v20251017163524.js.gz
- clerk-js/5.102.0-canary.v20251017163524/cookieSuffix_clerk.headless_cc194d_5.102.0-canary.v20251017163524.min.js.br
- clerk-js/5.102.0-canary.v20251017163524/cookieSuffix_clerk.headless_cc194d_5.102.0-canary.v20251017163524.min.js.gz
- clerk-js/5.102.0-canary.v20251017163524/cookieSuffix_clerk.legacy.browser_388015_5.102.0-canary.v20251017163524.js.br
- clerk-js/5.102.0-canary.v20251017163524/cookieSuffix_clerk.legacy.browser_388015_5.102.0-canary.v20251017163524.js.gz
- clerk-js/5.102.0-canary.v20251017163524/cookieSuffix_clerk.legacy.browser_388015_5.102.0-canary.v20251017163524.min.js.br
- clerk-js/5.102.0-canary.v20251017163524/cookieSuffix_clerk.legacy.browser_388015_5.102.0-canary.v20251017163524.min.js.gz
- clerk-js/5.102.0-canary.v20251017163524/createorganization_clerk.browser_a4ef59_5.102.0-canary.v20251017163524.js.br
- clerk-js/5.102.0-canary.v20251017163524/createorganization_clerk.browser_a4ef59_5.102.0-canary.v20251017163524.js.gz
- clerk-js/5.102.0-canary.v20251017163524/createorganization_clerk.browser_a4ef59_5.102.0-canary.v20251017163524.min.js.br
- clerk-js/5.102.0-canary.v20251017163524/createorganization_clerk.browser_a4ef59_5.102.0-canary.v20251017163524.min.js.gz
- clerk-js/5.102.0-canary.v20251017163524/createorganization_clerk.channel.browser_13cf90_5.102.0-canary.v20251017163524.js.br
- clerk-js/5.102.0-canary.v20251017163524/createorganization_clerk.channel.browser_13cf90_5.102.0-canary.v20251017163524.js.gz
- clerk-js/5.102.0-canary.v20251017163524/createorganization_clerk.channel.browser_13cf90_5.102.0-canary.v20251017163524.min.js.br
- clerk-js/5.102.0-canary.v20251017163524/createorganization_clerk.channel.browser_13cf90_5.102.0-canary.v20251017163524.min.js.gz
- clerk-js/5.102.0-canary.v20251017163524/createorganization_clerk.chips.browser_a23c19_5.102.0-canary.v20251017163524.js.br
- clerk-js/5.102.0-canary.v20251017163524/createorganization_clerk.chips.browser_a23c19_5.102.0-canary.v20251017163524.js.gz
- clerk-js/5.102.0-canary.v20251017163524/createorganization_clerk.chips.browser_a23c19_5.102.0-canary.v20251017163524.min.js.br
- clerk-js/5.102.0-canary.v20251017163524/createorganization_clerk.chips.browser_a23c19_5.102.0-canary.v20251017163524.min.js.gz
- clerk-js/5.102.0-canary.v20251017163524/createorganization_clerk.legacy.browser_388015_5.102.0-canary.v20251017163524.js.br
- clerk-js/5.102.0-canary.v20251017163524/createorganization_clerk.legacy.browser_388015_5.102.0-canary.v20251017163524.js.gz
- clerk-js/5.102.0-canary.v20251017163524/createorganization_clerk.legacy.browser_388015_5.102.0-canary.v20251017163524.min.js.br
- clerk-js/5.102.0-canary.v20251017163524/createorganization_clerk.legacy.browser_388015_5.102.0-canary.v20251017163524.min.js.gz
- clerk-js/5.102.0-canary.v20251017163524/framework_clerk.browser_a4ef59_5.102.0-canary.v20251017163524.js.br
- clerk-js/5.102.0-canary.v20251017163524/framework_clerk.browser_a4ef59_5.102.0-canary.v20251017163524.js.gz
- clerk-js/5.102.0-canary.v20251017163524/framework_clerk.browser_a4ef59_5.102.0-canary.v20251017163524.min.js.br
- clerk-js/5.102.0-canary.v20251017163524/framework_clerk.browser_a4ef59_5.102.0-canary.v20251017163524.min.js.gz
- clerk-js/5.102.0-canary.v20251017163524/framework_clerk.channel.browser_13cf90_5.102.0-canary.v20251017163524.js.br
- clerk-js/5.102.0-canary.v20251017163524/framework_clerk.channel.browser_13cf90_5.102.0-canary.v20251017163524.js.gz
- clerk-js/5.102.0-canary.v20251017163524/framework_clerk.channel.browser_13cf90_5.102.0-canary.v20251017163524.min.js.br
- clerk-js/5.102.0-canary.v20251017163524/framework_clerk.channel.browser_13cf90_5.102.0-canary.v20251017163524.min.js.gz
- clerk-js/5.102.0-canary.v20251017163524/framework_clerk.chips.browser_a23c19_5.102.0-canary.v20251017163524.js.br
- clerk-js/5.102.0-canary.v20251017163524/framework_clerk.chips.browser_a23c19_5.102.0-canary.v20251017163524.js.gz
- clerk-js/5.102.0-canary.v20251017163524/framework_clerk.chips.browser_a23c19_5.102.0-canary.v20251017163524.min.js.br
- clerk-js/5.102.0-canary.v20251017163524/framework_clerk.chips.browser_a23c19_5.102.0-canary.v20251017163524.min.js.gz
- clerk-js/5.102.0-canary.v20251017163524/framework_clerk.legacy.browser_388015_5.102.0-canary.v20251017163524.js.br
- clerk-js/5.102.0-canary.v20251017163524/framework_clerk.legacy.browser_388015_5.102.0-canary.v20251017163524.js.gz
- clerk-js/5.102.0-canary.v20251017163524/framework_clerk.legacy.browser_388015_5.102.0-canary.v20251017163524.min.js.br
- clerk-js/5.102.0-canary.v20251017163524/framework_clerk.legacy.browser_388015_5.102.0-canary.v20251017163524.min.js.gz
- clerk-js/5.102.0-canary.v20251017163524/impersonationfab_clerk.browser_a4ef59_5.102.0-canary.v20251017163524.js.br
- clerk-js/5.102.0-canary.v20251017163524/impersonationfab_clerk.browser_a4ef59_5.102.0-canary.v20251017163524.js.gz
- clerk-js/5.102.0-canary.v20251017163524/impersonationfab_clerk.browser_a4ef59_5.102.0-canary.v20251017163524.min.js.br
- clerk-js/5.102.0-canary.v20251017163524/impersonationfab_clerk.browser_a4ef59_5.102.0-canary.v20251017163524.min.js.gz
- clerk-js/5.102.0-canary.v20251017163524/impersonationfab_clerk.channel.browser_13cf90_5.102.0-canary.v20251017163524.js.br
- clerk-js/5.102.0-canary.v20251017163524/impersonationfab_clerk.channel.browser_13cf90_5.102.0-canary.v20251017163524.js.gz
- clerk-js/5.102.0-canary.v20251017163524/impersonationfab_clerk.channel.browser_13cf90_5.102.0-canary.v20251017163524.min.js.br
- clerk-js/5.102.0-canary.v20251017163524/impersonationfab_clerk.channel.browser_13cf90_5.102.0-canary.v20251017163524.min.js.gz
- clerk-js/5.102.0-canary.v20251017163524/impersonationfab_clerk.chips.browser_a23c19_5.102.0-canary.v20251017163524.js.br
- clerk-js/5.102.0-canary.v20251017163524/impersonationfab_clerk.chips.browser_a23c19_5.102.0-canary.v20251017163524.js.gz
- clerk-js/5.102.0-canary.v20251017163524/impersonationfab_clerk.chips.browser_a23c19_5.102.0-canary.v20251017163524.min.js.br
- clerk-js/5.102.0-canary.v20251017163524/impersonationfab_clerk.chips.browser_a23c19_5.102.0-canary.v20251017163524.min.js.gz
- clerk-js/5.102.0-canary.v20251017163524/impersonationfab_clerk.legacy.browser_388015_5.102.0-canary.v20251017163524.js.br
- clerk-js/5.102.0-canary.v20251017163524/impersonationfab_clerk.legacy.browser_388015_5.102.0-canary.v20251017163524.js.gz
- clerk-js/5.102.0-canary.v20251017163524/impersonationfab_clerk.legacy.browser_388015_5.102.0-canary.v20251017163524.min.js.br
- clerk-js/5.102.0-canary.v20251017163524/impersonationfab_clerk.legacy.browser_388015_5.102.0-canary.v20251017163524.min.js.gz
- clerk-js/5.102.0-canary.v20251017163524/keylessPrompt_clerk.browser_a4ef59_5.102.0-canary.v20251017163524.js.br
- clerk-js/5.102.0-canary.v20251017163524/keylessPrompt_clerk.browser_a4ef59_5.102.0-canary.v20251017163524.js.gz
- clerk-js/5.102.0-canary.v20251017163524/keylessPrompt_clerk.browser_a4ef59_5.102.0-canary.v20251017163524.min.js.br
- clerk-js/5.102.0-canary.v20251017163524/keylessPrompt_clerk.browser_a4ef59_5.102.0-canary.v20251017163524.min.js.gz
- clerk-js/5.102.0-canary.v20251017163524/keylessPrompt_clerk.channel.browser_13cf90_5.102.0-canary.v20251017163524.js.br
- clerk-js/5.102.0-canary.v20251017163524/keylessPrompt_clerk.channel.browser_13cf90_5.102.0-canary.v20251017163524.js.gz
- clerk-js/5.102.0-canary.v20251017163524/keylessPrompt_clerk.channel.browser_13cf90_5.102.0-canary.v20251017163524.min.js.br
- clerk-js/5.102.0-canary.v20251017163524/keylessPrompt_clerk.channel.browser_13cf90_5.102.0-canary.v20251017163524.min.js.gz
- clerk-js/5.102.0-canary.v20251017163524/keylessPrompt_clerk.chips.browser_a23c19_5.102.0-canary.v20251017163524.js.br
- clerk-js/5.102.0-canary.v20251017163524/keylessPrompt_clerk.chips.browser_a23c19_5.102.0-canary.v20251017163524.js.gz
- clerk-js/5.102.0-canary.v20251017163524/keylessPrompt_clerk.chips.browser_a23c19_5.102.0-canary.v20251017163524.min.js.br
- clerk-js/5.102.0-canary.v20251017163524/keylessPrompt_clerk.chips.browser_a23c19_5.102.0-canary.v20251017163524.min.js.gz
- clerk-js/5.102.0-canary.v20251017163524/keylessPrompt_clerk.legacy.browser_388015_5.102.0-canary.v20251017163524.js.br
- clerk-js/5.102.0-canary.v20251017163524/keylessPrompt_clerk.legacy.browser_388015_5.102.0-canary.v20251017163524.js.gz
- clerk-js/5.102.0-canary.v20251017163524/keylessPrompt_clerk.legacy.browser_388015_5.102.0-canary.v20251017163524.min.js.br
- clerk-js/5.102.0-canary.v20251017163524/keylessPrompt_clerk.legacy.browser_388015_5.102.0-canary.v20251017163524.min.js.gz
- clerk-js/5.102.0-canary.v20251017163524/oauthConsent_clerk.browser_a4ef59_5.102.0-canary.v20251017163524.js.br
- clerk-js/5.102.0-canary.v20251017163524/oauthConsent_clerk.browser_a4ef59_5.102.0-canary.v20251017163524.js.gz
- clerk-js/5.102.0-canary.v20251017163524/oauthConsent_clerk.browser_a4ef59_5.102.0-canary.v20251017163524.min.js.br
- clerk-js/5.102.0-canary.v20251017163524/oauthConsent_clerk.browser_a4ef59_5.102.0-canary.v20251017163524.min.js.gz
- clerk-js/5.102.0-canary.v20251017163524/oauthConsent_clerk.channel.browser_13cf90_5.102.0-canary.v20251017163524.js.br
- clerk-js/5.102.0-canary.v20251017163524/oauthConsent_clerk.channel.browser_13cf90_5.102.0-canary.v20251017163524.js.gz
- clerk-js/5.102.0-canary.v20251017163524/oauthConsent_clerk.channel.browser_13cf90_5.102.0-canary.v20251017163524.min.js.br
- clerk-js/5.102.0-canary.v20251017163524/oauthConsent_clerk.channel.browser_13cf90_5.102.0-canary.v20251017163524.min.js.gz
- clerk-js/5.102.0-canary.v20251017163524/oauthConsent_clerk.chips.browser_a23c19_5.102.0-canary.v20251017163524.js.br
- clerk-js/5.102.0-canary.v20251017163524/oauthConsent_clerk.chips.browser_a23c19_5.102.0-canary.v20251017163524.js.gz
- clerk-js/5.102.0-canary.v20251017163524/oauthConsent_clerk.chips.browser_a23c19_5.102.0-canary.v20251017163524.min.js.br
- clerk-js/5.102.0-canary.v20251017163524/oauthConsent_clerk.chips.browser_a23c19_5.102.0-canary.v20251017163524.min.js.gz
- clerk-js/5.102.0-canary.v20251017163524/oauthConsent_clerk.legacy.browser_388015_5.102.0-canary.v20251017163524.js.br
- clerk-js/5.102.0-canary.v20251017163524/oauthConsent_clerk.legacy.browser_388015_5.102.0-canary.v20251017163524.js.gz
- clerk-js/5.102.0-canary.v20251017163524/oauthConsent_clerk.legacy.browser_388015_5.102.0-canary.v20251017163524.min.js.br
- clerk-js/5.102.0-canary.v20251017163524/oauthConsent_clerk.legacy.browser_388015_5.102.0-canary.v20251017163524.min.js.gz
- clerk-js/5.102.0-canary.v20251017163524/onetap_clerk.browser_a4ef59_5.102.0-canary.v20251017163524.js.br
- clerk-js/5.102.0-canary.v20251017163524/onetap_clerk.browser_a4ef59_5.102.0-canary.v20251017163524.js.gz
- clerk-js/5.102.0-canary.v20251017163524/onetap_clerk.browser_a4ef59_5.102.0-canary.v20251017163524.min.js.br
- clerk-js/5.102.0-canary.v20251017163524/onetap_clerk.browser_a4ef59_5.102.0-canary.v20251017163524.min.js.gz
- clerk-js/5.102.0-canary.v20251017163524/onetap_clerk.channel.browser_13cf90_5.102.0-canary.v20251017163524.js.br
- clerk-js/5.102.0-canary.v20251017163524/onetap_clerk.channel.browser_13cf90_5.102.0-canary.v20251017163524.js.gz
- clerk-js/5.102.0-canary.v20251017163524/onetap_clerk.channel.browser_13cf90_5.102.0-canary.v20251017163524.min.js.br
- clerk-js/5.102.0-canary.v20251017163524/onetap_clerk.channel.browser_13cf90_5.102.0-canary.v20251017163524.min.js.gz
- clerk-js/5.102.0-canary.v20251017163524/onetap_clerk.chips.browser_a23c19_5.102.0-canary.v20251017163524.js.br
- clerk-js/5.102.0-canary.v20251017163524/onetap_clerk.chips.browser_a23c19_5.102.0-canary.v20251017163524.js.gz
- clerk-js/5.102.0-canary.v20251017163524/onetap_clerk.chips.browser_a23c19_5.102.0-canary.v20251017163524.min.js.br
- clerk-js/5.102.0-canary.v20251017163524/onetap_clerk.chips.browser_a23c19_5.102.0-canary.v20251017163524.min.js.gz
- clerk-js/5.102.0-canary.v20251017163524/onetap_clerk.legacy.browser_388015_5.102.0-canary.v20251017163524.js.br
- clerk-js/5.102.0-canary.v20251017163524/onetap_clerk.legacy.browser_388015_5.102.0-canary.v20251017163524.js.gz
- clerk-js/5.102.0-canary.v20251017163524/onetap_clerk.legacy.browser_388015_5.102.0-canary.v20251017163524.min.js.br
- clerk-js/5.102.0-canary.v20251017163524/onetap_clerk.legacy.browser_388015_5.102.0-canary.v20251017163524.min.js.gz
- clerk-js/5.102.0-canary.v20251017163524/op-api-keys-page_clerk.browser_a4ef59_5.102.0-canary.v20251017163524.js.br
- clerk-js/5.102.0-canary.v20251017163524/op-api-keys-page_clerk.browser_a4ef59_5.102.0-canary.v20251017163524.js.gz
- clerk-js/5.102.0-canary.v20251017163524/op-api-keys-page_clerk.browser_a4ef59_5.102.0-canary.v20251017163524.min.js.br
- clerk-js/5.102.0-canary.v20251017163524/op-api-keys-page_clerk.browser_a4ef59_5.102.0-canary.v20251017163524.min.js.gz
- clerk-js/5.102.0-canary.v20251017163524/op-api-keys-page_clerk.channel.browser_13cf90_5.102.0-canary.v20251017163524.js.br
- clerk-js/5.102.0-canary.v20251017163524/op-api-keys-page_clerk.channel.browser_13cf90_5.102.0-canary.v20251017163524.js.gz
- clerk-js/5.102.0-canary.v20251017163524/op-api-keys-page_clerk.channel.browser_13cf90_5.102.0-canary.v20251017163524.min.js.br
- clerk-js/5.102.0-canary.v20251017163524/op-api-keys-page_clerk.channel.browser_13cf90_5.102.0-canary.v20251017163524.min.js.gz
- clerk-js/5.102.0-canary.v20251017163524/op-api-keys-page_clerk.chips.browser_a23c19_5.102.0-canary.v20251017163524.js.br
- clerk-js/5.102.0-canary.v20251017163524/op-api-keys-page_clerk.chips.browser_a23c19_5.102.0-canary.v20251017163524.js.gz
- clerk-js/5.102.0-canary.v20251017163524/op-api-keys-page_clerk.chips.browser_a23c19_5.102.0-canary.v20251017163524.min.js.br
- clerk-js/5.102.0-canary.v20251017163524/op-api-keys-page_clerk.chips.browser_a23c19_5.102.0-canary.v20251017163524.min.js.gz
- clerk-js/5.102.0-canary.v20251017163524/op-api-keys-page_clerk.legacy.browser_388015_5.102.0-canary.v20251017163524.js.br
- clerk-js/5.102.0-canary.v20251017163524/op-api-keys-page_clerk.legacy.browser_388015_5.102.0-canary.v20251017163524.js.gz
- clerk-js/5.102.0-canary.v20251017163524/op-api-keys-page_clerk.legacy.browser_388015_5.102.0-canary.v20251017163524.min.js.br
- clerk-js/5.102.0-canary.v20251017163524/op-api-keys-page_clerk.legacy.browser_388015_5.102.0-canary.v20251017163524.min.js.gz
- clerk-js/5.102.0-canary.v20251017163524/op-billing-page_clerk.browser_a4ef59_5.102.0-canary.v20251017163524.js.br
- clerk-js/5.102.0-canary.v20251017163524/op-billing-page_clerk.browser_a4ef59_5.102.0-canary.v20251017163524.js.gz
- clerk-js/5.102.0-canary.v20251017163524/op-billing-page_clerk.browser_a4ef59_5.102.0-canary.v20251017163524.min.js.br
- clerk-js/5.102.0-canary.v20251017163524/op-billing-page_clerk.browser_a4ef59_5.102.0-canary.v20251017163524.min.js.gz
- clerk-js/5.102.0-canary.v20251017163524/op-billing-page_clerk.channel.browser_13cf90_5.102.0-canary.v20251017163524.js.br
- clerk-js/5.102.0-canary.v20251017163524/op-billing-page_clerk.channel.browser_13cf90_5.102.0-canary.v20251017163524.js.gz
- clerk-js/5.102.0-canary.v20251017163524/op-billing-page_clerk.channel.browser_13cf90_5.102.0-canary.v20251017163524.min.js.br
- clerk-js/5.102.0-canary.v20251017163524/op-billing-page_clerk.channel.browser_13cf90_5.102.0-canary.v20251017163524.min.js.gz
- clerk-js/5.102.0-canary.v20251017163524/op-billing-page_clerk.chips.browser_a23c19_5.102.0-canary.v20251017163524.js.br
- clerk-js/5.102.0-canary.v20251017163524/op-billing-page_clerk.chips.browser_a23c19_5.102.0-canary.v20251017163524.js.gz
- clerk-js/5.102.0-canary.v20251017163524/op-billing-page_clerk.chips.browser_a23c19_5.102.0-canary.v20251017163524.min.js.br
- clerk-js/5.102.0-canary.v20251017163524/op-billing-page_clerk.chips.browser_a23c19_5.102.0-canary.v20251017163524.min.js.gz
- clerk-js/5.102.0-canary.v20251017163524/op-billing-page_clerk.legacy.browser_388015_5.102.0-canary.v20251017163524.js.br
- clerk-js/5.102.0-canary.v20251017163524/op-billing-page_clerk.legacy.browser_388015_5.102.0-canary.v20251017163524.js.gz
- clerk-js/5.102.0-canary.v20251017163524/op-billing-page_clerk.legacy.browser_388015_5.102.0-canary.v20251017163524.min.js.br
- clerk-js/5.102.0-canary.v20251017163524/op-billing-page_clerk.legacy.browser_388015_5.102.0-canary.v20251017163524.min.js.gz
- clerk-js/5.102.0-canary.v20251017163524/op-plans-page_clerk.browser_a4ef59_5.102.0-canary.v20251017163524.js.br
- clerk-js/5.102.0-canary.v20251017163524/op-plans-page_clerk.browser_a4ef59_5.102.0-canary.v20251017163524.js.gz
- clerk-js/5.102.0-canary.v20251017163524/op-plans-page_clerk.browser_a4ef59_5.102.0-canary.v20251017163524.min.js.br
- clerk-js/5.102.0-canary.v20251017163524/op-plans-page_clerk.browser_a4ef59_5.102.0-canary.v20251017163524.min.js.gz
- clerk-js/5.102.0-canary.v20251017163524/op-plans-page_clerk.channel.browser_13cf90_5.102.0-canary.v20251017163524.js.br
- clerk-js/5.102.0-canary.v20251017163524/op-plans-page_clerk.channel.browser_13cf90_5.102.0-canary.v20251017163524.js.gz
- clerk-js/5.102.0-canary.v20251017163524/op-plans-page_clerk.channel.browser_13cf90_5.102.0-canary.v20251017163524.min.js.br
- clerk-js/5.102.0-canary.v20251017163524/op-plans-page_clerk.channel.browser_13cf90_5.102.0-canary.v20251017163524.min.js.gz
- clerk-js/5.102.0-canary.v20251017163524/op-plans-page_clerk.chips.browser_a23c19_5.102.0-canary.v20251017163524.js.br
- clerk-js/5.102.0-canary.v20251017163524/op-plans-page_clerk.chips.browser_a23c19_5.102.0-canary.v20251017163524.js.gz
- clerk-js/5.102.0-canary.v20251017163524/op-plans-page_clerk.chips.browser_a23c19_5.102.0-canary.v20251017163524.min.js.br
- clerk-js/5.102.0-canary.v20251017163524/op-plans-page_clerk.chips.browser_a23c19_5.102.0-canary.v20251017163524.min.js.gz
- clerk-js/5.102.0-canary.v20251017163524/op-plans-page_clerk.legacy.browser_388015_5.102.0-canary.v20251017163524.js.br
- clerk-js/5.102.0-canary.v20251017163524/op-plans-page_clerk.legacy.browser_388015_5.102.0-canary.v20251017163524.js.gz
- clerk-js/5.102.0-canary.v20251017163524/op-plans-page_clerk.legacy.browser_388015_5.102.0-canary.v20251017163524.min.js.br
- clerk-js/5.102.0-canary.v20251017163524/op-plans-page_clerk.legacy.browser_388015_5.102.0-canary.v20251017163524.min.js.gz
- clerk-js/5.102.0-canary.v20251017163524/organizationlist_clerk.browser_a4ef59_5.102.0-canary.v20251017163524.js.br
- clerk-js/5.102.0-canary.v20251017163524/organizationlist_clerk.browser_a4ef59_5.102.0-canary.v20251017163524.js.gz
- clerk-js/5.102.0-canary.v20251017163524/organizationlist_clerk.browser_a4ef59_5.102.0-canary.v20251017163524.min.js.br
- clerk-js/5.102.0-canary.v20251017163524/organizationlist_clerk.browser_a4ef59_5.102.0-canary.v20251017163524.min.js.gz
- clerk-js/5.102.0-canary.v20251017163524/organizationlist_clerk.channel.browser_13cf90_5.102.0-canary.v20251017163524.js.br
- clerk-js/5.102.0-canary.v20251017163524/organizationlist_clerk.channel.browser_13cf90_5.102.0-canary.v20251017163524.js.gz
- clerk-js/5.102.0-canary.v20251017163524/organizationlist_clerk.channel.browser_13cf90_5.102.0-canary.v20251017163524.min.js.br
- clerk-js/5.102.0-canary.v20251017163524/organizationlist_clerk.channel.browser_13cf90_5.102.0-canary.v20251017163524.min.js.gz
- clerk-js/5.102.0-canary.v20251017163524/organizationlist_clerk.chips.browser_a23c19_5.102.0-canary.v20251017163524.js.br
- clerk-js/5.102.0-canary.v20251017163524/organizationlist_clerk.chips.browser_a23c19_5.102.0-canary.v20251017163524.js.gz
- clerk-js/5.102.0-canary.v20251017163524/organizationlist_clerk.chips.browser_a23c19_5.102.0-canary.v20251017163524.min.js.br
- clerk-js/5.102.0-canary.v20251017163524/organizationlist_clerk.chips.browser_a23c19_5.102.0-canary.v20251017163524.min.js.gz
- clerk-js/5.102.0-canary.v20251017163524/organizationlist_clerk.legacy.browser_388015_5.102.0-canary.v20251017163524.js.br
- clerk-js/5.102.0-canary.v20251017163524/organizationlist_clerk.legacy.browser_388015_5.102.0-canary.v20251017163524.js.gz
- clerk-js/5.102.0-canary.v20251017163524/organizationlist_clerk.legacy.browser_388015_5.102.0-canary.v20251017163524.min.js.br
- clerk-js/5.102.0-canary.v20251017163524/organizationlist_clerk.legacy.browser_388015_5.102.0-canary.v20251017163524.min.js.gz
- clerk-js/5.102.0-canary.v20251017163524/organizationprofile_clerk.browser_a4ef59_5.102.0-canary.v20251017163524.js.br
- clerk-js/5.102.0-canary.v20251017163524/organizationprofile_clerk.browser_a4ef59_5.102.0-canary.v20251017163524.js.gz
- clerk-js/5.102.0-canary.v20251017163524/organizationprofile_clerk.browser_a4ef59_5.102.0-canary.v20251017163524.min.js.br
- clerk-js/5.102.0-canary.v20251017163524/organizationprofile_clerk.browser_a4ef59_5.102.0-canary.v20251017163524.min.js.gz
- clerk-js/5.102.0-canary.v20251017163524/organizationprofile_clerk.channel.browser_13cf90_5.102.0-canary.v20251017163524.js.br
- clerk-js/5.102.0-canary.v20251017163524/organizationprofile_clerk.channel.browser_13cf90_5.102.0-canary.v20251017163524.js.gz
- clerk-js/5.102.0-canary.v20251017163524/organizationprofile_clerk.channel.browser_13cf90_5.102.0-canary.v20251017163524.min.js.br
- clerk-js/5.102.0-canary.v20251017163524/organizationprofile_clerk.channel.browser_13cf90_5.102.0-canary.v20251017163524.min.js.gz
- clerk-js/5.102.0-canary.v20251017163524/organizationprofile_clerk.chips.browser_a23c19_5.102.0-canary.v20251017163524.js.br
- clerk-js/5.102.0-canary.v20251017163524/organizationprofile_clerk.chips.browser_a23c19_5.102.0-canary.v20251017163524.js.gz
- clerk-js/5.102.0-canary.v20251017163524/organizationprofile_clerk.chips.browser_a23c19_5.102.0-canary.v20251017163524.min.js.br
- clerk-js/5.102.0-canary.v20251017163524/organizationprofile_clerk.chips.browser_a23c19_5.102.0-canary.v20251017163524.min.js.gz
- clerk-js/5.102.0-canary.v20251017163524/organizationprofile_clerk.legacy.browser_388015_5.102.0-canary.v20251017163524.js.br
- clerk-js/5.102.0-canary.v20251017163524/organizationprofile_clerk.legacy.browser_388015_5.102.0-canary.v20251017163524.js.gz
- clerk-js/5.102.0-canary.v20251017163524/organizationprofile_clerk.legacy.browser_388015_5.102.0-canary.v20251017163524.min.js.br
- clerk-js/5.102.0-canary.v20251017163524/organizationprofile_clerk.legacy.browser_388015_5.102.0-canary.v20251017163524.min.js.gz
- clerk-js/5.102.0-canary.v20251017163524/organizationswitcher_clerk.browser_a4ef59_5.102.0-canary.v20251017163524.js.br
- clerk-js/5.102.0-canary.v20251017163524/organizationswitcher_clerk.browser_a4ef59_5.102.0-canary.v20251017163524.js.gz
- clerk-js/5.102.0-canary.v20251017163524/organizationswitcher_clerk.browser_a4ef59_5.102.0-canary.v20251017163524.min.js.br
- clerk-js/5.102.0-canary.v20251017163524/organizationswitcher_clerk.browser_a4ef59_5.102.0-canary.v20251017163524.min.js.gz
- clerk-js/5.102.0-canary.v20251017163524/organizationswitcher_clerk.channel.browser_13cf90_5.102.0-canary.v20251017163524.js.br
- clerk-js/5.102.0-canary.v20251017163524/organizationswitcher_clerk.channel.browser_13cf90_5.102.0-canary.v20251017163524.js.gz
- clerk-js/5.102.0-canary.v20251017163524/organizationswitcher_clerk.channel.browser_13cf90_5.102.0-canary.v20251017163524.min.js.br
- clerk-js/5.102.0-canary.v20251017163524/organizationswitcher_clerk.channel.browser_13cf90_5.102.0-canary.v20251017163524.min.js.gz
- clerk-js/5.102.0-canary.v20251017163524/organizationswitcher_clerk.chips.browser_a23c19_5.102.0-canary.v20251017163524.js.br
- clerk-js/5.102.0-canary.v20251017163524/organizationswitcher_clerk.chips.browser_a23c19_5.102.0-canary.v20251017163524.js.gz
- clerk-js/5.102.0-canary.v20251017163524/organizationswitcher_clerk.chips.browser_a23c19_5.102.0-canary.v20251017163524.min.js.br
- clerk-js/5.102.0-canary.v20251017163524/organizationswitcher_clerk.chips.browser_a23c19_5.102.0-canary.v20251017163524.min.js.gz
- clerk-js/5.102.0-canary.v20251017163524/organizationswitcher_clerk.legacy.browser_388015_5.102.0-canary.v20251017163524.js.br
- clerk-js/5.102.0-canary.v20251017163524/organizationswitcher_clerk.legacy.browser_388015_5.102.0-canary.v20251017163524.js.gz
- clerk-js/5.102.0-canary.v20251017163524/organizationswitcher_clerk.legacy.browser_388015_5.102.0-canary.v20251017163524.min.js.br
- clerk-js/5.102.0-canary.v20251017163524/organizationswitcher_clerk.legacy.browser_388015_5.102.0-canary.v20251017163524.min.js.gz
- clerk-js/5.102.0-canary.v20251017163524/payment-attempt-page_clerk.browser_a4ef59_5.102.0-canary.v20251017163524.js.br
- clerk-js/5.102.0-canary.v20251017163524/payment-attempt-page_clerk.browser_a4ef59_5.102.0-canary.v20251017163524.js.gz
- clerk-js/5.102.0-canary.v20251017163524/payment-attempt-page_clerk.browser_a4ef59_5.102.0-canary.v20251017163524.min.js.br
- clerk-js/5.102.0-canary.v20251017163524/payment-attempt-page_clerk.browser_a4ef59_5.102.0-canary.v20251017163524.min.js.gz
- clerk-js/5.102.0-canary.v20251017163524/payment-attempt-page_clerk.channel.browser_13cf90_5.102.0-canary.v20251017163524.js.br
- clerk-js/5.102.0-canary.v20251017163524/payment-attempt-page_clerk.channel.browser_13cf90_5.102.0-canary.v20251017163524.js.gz
- clerk-js/5.102.0-canary.v20251017163524/payment-attempt-page_clerk.channel.browser_13cf90_5.102.0-canary.v20251017163524.min.js.br
- clerk-js/5.102.0-canary.v20251017163524/payment-attempt-page_clerk.channel.browser_13cf90_5.102.0-canary.v20251017163524.min.js.gz
- clerk-js/5.102.0-canary.v20251017163524/payment-attempt-page_clerk.chips.browser_a23c19_5.102.0-canary.v20251017163524.js.br
- clerk-js/5.102.0-canary.v20251017163524/payment-attempt-page_clerk.chips.browser_a23c19_5.102.0-canary.v20251017163524.js.gz
- clerk-js/5.102.0-canary.v20251017163524/payment-attempt-page_clerk.chips.browser_a23c19_5.102.0-canary.v20251017163524.min.js.br
- clerk-js/5.102.0-canary.v20251017163524/payment-attempt-page_clerk.chips.browser_a23c19_5.102.0-canary.v20251017163524.min.js.gz
- clerk-js/5.102.0-canary.v20251017163524/payment-attempt-page_clerk.legacy.browser_388015_5.102.0-canary.v20251017163524.js.br
- clerk-js/5.102.0-canary.v20251017163524/payment-attempt-page_clerk.legacy.browser_388015_5.102.0-canary.v20251017163524.js.gz
- clerk-js/5.102.0-canary.v20251017163524/payment-attempt-page_clerk.legacy.browser_388015_5.102.0-canary.v20251017163524.min.js.br
- clerk-js/5.102.0-canary.v20251017163524/payment-attempt-page_clerk.legacy.browser_388015_5.102.0-canary.v20251017163524.min.js.gz
- clerk-js/5.102.0-canary.v20251017163524/planDetails_clerk.browser_a4ef59_5.102.0-canary.v20251017163524.js.br
- clerk-js/5.102.0-canary.v20251017163524/planDetails_clerk.browser_a4ef59_5.102.0-canary.v20251017163524.js.gz
- clerk-js/5.102.0-canary.v20251017163524/planDetails_clerk.browser_a4ef59_5.102.0-canary.v20251017163524.min.js.br
- clerk-js/5.102.0-canary.v20251017163524/planDetails_clerk.browser_a4ef59_5.102.0-canary.v20251017163524.min.js.gz
- clerk-js/5.102.0-canary.v20251017163524/planDetails_clerk.channel.browser_13cf90_5.102.0-canary.v20251017163524.js.br
- clerk-js/5.102.0-canary.v20251017163524/planDetails_clerk.channel.browser_13cf90_5.102.0-canary.v20251017163524.js.gz
- clerk-js/5.102.0-canary.v20251017163524/planDetails_clerk.channel.browser_13cf90_5.102.0-canary.v20251017163524.min.js.br
- clerk-js/5.102.0-canary.v20251017163524/planDetails_clerk.channel.browser_13cf90_5.102.0-canary.v20251017163524.min.js.gz
- clerk-js/5.102.0-canary.v20251017163524/planDetails_clerk.chips.browser_a23c19_5.102.0-canary.v20251017163524.js.br
- clerk-js/5.102.0-canary.v20251017163524/planDetails_clerk.chips.browser_a23c19_5.102.0-canary.v20251017163524.js.gz
- clerk-js/5.102.0-canary.v20251017163524/planDetails_clerk.chips.browser_a23c19_5.102.0-canary.v20251017163524.min.js.br
- clerk-js/5.102.0-canary.v20251017163524/planDetails_clerk.chips.browser_a23c19_5.102.0-canary.v20251017163524.min.js.gz
- clerk-js/5.102.0-canary.v20251017163524/planDetails_clerk.legacy.browser_388015_5.102.0-canary.v20251017163524.js.br
- clerk-js/5.102.0-canary.v20251017163524/planDetails_clerk.legacy.browser_388015_5.102.0-canary.v20251017163524.js.gz
- clerk-js/5.102.0-canary.v20251017163524/planDetails_clerk.legacy.browser_388015_5.102.0-canary.v20251017163524.min.js.br
- clerk-js/5.102.0-canary.v20251017163524/planDetails_clerk.legacy.browser_388015_5.102.0-canary.v20251017163524.min.js.gz
- clerk-js/5.102.0-canary.v20251017163524/prefetchorganizationlist_clerk.browser_a4ef59_5.102.0-canary.v20251017163524.js.br
- clerk-js/5.102.0-canary.v20251017163524/prefetchorganizationlist_clerk.browser_a4ef59_5.102.0-canary.v20251017163524.js.gz
- clerk-js/5.102.0-canary.v20251017163524/prefetchorganizationlist_clerk.browser_a4ef59_5.102.0-canary.v20251017163524.min.js.br
- clerk-js/5.102.0-canary.v20251017163524/prefetchorganizationlist_clerk.browser_a4ef59_5.102.0-canary.v20251017163524.min.js.gz
- clerk-js/5.102.0-canary.v20251017163524/prefetchorganizationlist_clerk.channel.browser_13cf90_5.102.0-canary.v20251017163524.js.br
- clerk-js/5.102.0-canary.v20251017163524/prefetchorganizationlist_clerk.channel.browser_13cf90_5.102.0-canary.v20251017163524.js.gz
- clerk-js/5.102.0-canary.v20251017163524/prefetchorganizationlist_clerk.channel.browser_13cf90_5.102.0-canary.v20251017163524.min.js.br
- clerk-js/5.102.0-canary.v20251017163524/prefetchorganizationlist_clerk.channel.browser_13cf90_5.102.0-canary.v20251017163524.min.js.gz
- clerk-js/5.102.0-canary.v20251017163524/prefetchorganizationlist_clerk.chips.browser_a23c19_5.102.0-canary.v20251017163524.js.br
- clerk-js/5.102.0-canary.v20251017163524/prefetchorganizationlist_clerk.chips.browser_a23c19_5.102.0-canary.v20251017163524.js.gz
- clerk-js/5.102.0-canary.v20251017163524/prefetchorganizationlist_clerk.chips.browser_a23c19_5.102.0-canary.v20251017163524.min.js.br
- clerk-js/5.102.0-canary.v20251017163524/prefetchorganizationlist_clerk.chips.browser_a23c19_5.102.0-canary.v20251017163524.min.js.gz
- clerk-js/5.102.0-canary.v20251017163524/prefetchorganizationlist_clerk.legacy.browser_388015_5.102.0-canary.v20251017163524.js.br
- clerk-js/5.102.0-canary.v20251017163524/prefetchorganizationlist_clerk.legacy.browser_388015_5.102.0-canary.v20251017163524.js.gz
- clerk-js/5.102.0-canary.v20251017163524/prefetchorganizationlist_clerk.legacy.browser_388015_5.102.0-canary.v20251017163524.min.js.br
- clerk-js/5.102.0-canary.v20251017163524/prefetchorganizationlist_clerk.legacy.browser_388015_5.102.0-canary.v20251017163524.min.js.gz
- clerk-js/5.102.0-canary.v20251017163524/pricingTable_clerk.browser_a4ef59_5.102.0-canary.v20251017163524.js.br
- clerk-js/5.102.0-canary.v20251017163524/pricingTable_clerk.browser_a4ef59_5.102.0-canary.v20251017163524.js.gz
- clerk-js/5.102.0-canary.v20251017163524/pricingTable_clerk.browser_a4ef59_5.102.0-canary.v20251017163524.min.js.br
- clerk-js/5.102.0-canary.v20251017163524/pricingTable_clerk.browser_a4ef59_5.102.0-canary.v20251017163524.min.js.gz
- clerk-js/5.102.0-canary.v20251017163524/pricingTable_clerk.channel.browser_13cf90_5.102.0-canary.v20251017163524.js.br
- clerk-js/5.102.0-canary.v20251017163524/pricingTable_clerk.channel.browser_13cf90_5.102.0-canary.v20251017163524.js.gz
- clerk-js/5.102.0-canary.v20251017163524/pricingTable_clerk.channel.browser_13cf90_5.102.0-canary.v20251017163524.min.js.br
- clerk-js/5.102.0-canary.v20251017163524/pricingTable_clerk.channel.browser_13cf90_5.102.0-canary.v20251017163524.min.js.gz
- clerk-js/5.102.0-canary.v20251017163524/pricingTable_clerk.chips.browser_a23c19_5.102.0-canary.v20251017163524.js.br
- clerk-js/5.102.0-canary.v20251017163524/pricingTable_clerk.chips.browser_a23c19_5.102.0-canary.v20251017163524.js.gz
- clerk-js/5.102.0-canary.v20251017163524/pricingTable_clerk.chips.browser_a23c19_5.102.0-canary.v20251017163524.min.js.br
- clerk-js/5.102.0-canary.v20251017163524/pricingTable_clerk.chips.browser_a23c19_5.102.0-canary.v20251017163524.min.js.gz
- clerk-js/5.102.0-canary.v20251017163524/pricingTable_clerk.legacy.browser_388015_5.102.0-canary.v20251017163524.js.br
- clerk-js/5.102.0-canary.v20251017163524/pricingTable_clerk.legacy.browser_388015_5.102.0-canary.v20251017163524.js.gz
- clerk-js/5.102.0-canary.v20251017163524/pricingTable_clerk.legacy.browser_388015_5.102.0-canary.v20251017163524.min.js.br
- clerk-js/5.102.0-canary.v20251017163524/pricingTable_clerk.legacy.browser_388015_5.102.0-canary.v20251017163524.min.js.gz
- clerk-js/5.102.0-canary.v20251017163524/revoke-api-key-modal_clerk.browser_a4ef59_5.102.0-canary.v20251017163524.js.br
- clerk-js/5.102.0-canary.v20251017163524/revoke-api-key-modal_clerk.browser_a4ef59_5.102.0-canary.v20251017163524.js.gz
- clerk-js/5.102.0-canary.v20251017163524/revoke-api-key-modal_clerk.browser_a4ef59_5.102.0-canary.v20251017163524.min.js.br
- clerk-js/5.102.0-canary.v20251017163524/revoke-api-key-modal_clerk.browser_a4ef59_5.102.0-canary.v20251017163524.min.js.gz
- clerk-js/5.102.0-canary.v20251017163524/revoke-api-key-modal_clerk.channel.browser_13cf90_5.102.0-canary.v20251017163524.js.br
- clerk-js/5.102.0-canary.v20251017163524/revoke-api-key-modal_clerk.channel.browser_13cf90_5.102.0-canary.v20251017163524.js.gz
- clerk-js/5.102.0-canary.v20251017163524/revoke-api-key-modal_clerk.channel.browser_13cf90_5.102.0-canary.v20251017163524.min.js.br
- clerk-js/5.102.0-canary.v20251017163524/revoke-api-key-modal_clerk.channel.browser_13cf90_5.102.0-canary.v20251017163524.min.js.gz
- clerk-js/5.102.0-canary.v20251017163524/revoke-api-key-modal_clerk.chips.browser_a23c19_5.102.0-canary.v20251017163524.js.br
- clerk-js/5.102.0-canary.v20251017163524/revoke-api-key-modal_clerk.chips.browser_a23c19_5.102.0-canary.v20251017163524.js.gz
- clerk-js/5.102.0-canary.v20251017163524/revoke-api-key-modal_clerk.chips.browser_a23c19_5.102.0-canary.v20251017163524.min.js.br
- clerk-js/5.102.0-canary.v20251017163524/revoke-api-key-modal_clerk.chips.browser_a23c19_5.102.0-canary.v20251017163524.min.js.gz
- clerk-js/5.102.0-canary.v20251017163524/revoke-api-key-modal_clerk.legacy.browser_388015_5.102.0-canary.v20251017163524.js.br
- clerk-js/5.102.0-canary.v20251017163524/revoke-api-key-modal_clerk.legacy.browser_388015_5.102.0-canary.v20251017163524.js.gz
- clerk-js/5.102.0-canary.v20251017163524/revoke-api-key-modal_clerk.legacy.browser_388015_5.102.0-canary.v20251017163524.min.js.br
- clerk-js/5.102.0-canary.v20251017163524/revoke-api-key-modal_clerk.legacy.browser_388015_5.102.0-canary.v20251017163524.min.js.gz
- clerk-js/5.102.0-canary.v20251017163524/sessionTasks_clerk.browser_a4ef59_5.102.0-canary.v20251017163524.js.br
- clerk-js/5.102.0-canary.v20251017163524/sessionTasks_clerk.browser_a4ef59_5.102.0-canary.v20251017163524.js.gz
- clerk-js/5.102.0-canary.v20251017163524/sessionTasks_clerk.browser_a4ef59_5.102.0-canary.v20251017163524.min.js.br
- clerk-js/5.102.0-canary.v20251017163524/sessionTasks_clerk.browser_a4ef59_5.102.0-canary.v20251017163524.min.js.gz
- clerk-js/5.102.0-canary.v20251017163524/sessionTasks_clerk.channel.browser_13cf90_5.102.0-canary.v20251017163524.js.br
- clerk-js/5.102.0-canary.v20251017163524/sessionTasks_clerk.channel.browser_13cf90_5.102.0-canary.v20251017163524.js.gz
- clerk-js/5.102.0-canary.v20251017163524/sessionTasks_clerk.channel.browser_13cf90_5.102.0-canary.v20251017163524.min.js.br
- clerk-js/5.102.0-canary.v20251017163524/sessionTasks_clerk.channel.browser_13cf90_5.102.0-canary.v20251017163524.min.js.gz
- clerk-js/5.102.0-canary.v20251017163524/sessionTasks_clerk.chips.browser_a23c19_5.102.0-canary.v20251017163524.js.br
- clerk-js/5.102.0-canary.v20251017163524/sessionTasks_clerk.chips.browser_a23c19_5.102.0-canary.v20251017163524.js.gz
- clerk-js/5.102.0-canary.v20251017163524/sessionTasks_clerk.chips.browser_a23c19_5.102.0-canary.v20251017163524.min.js.br
- clerk-js/5.102.0-canary.v20251017163524/sessionTasks_clerk.chips.browser_a23c19_5.102.0-canary.v20251017163524.min.js.gz
- clerk-js/5.102.0-canary.v20251017163524/sessionTasks_clerk.legacy.browser_388015_5.102.0-canary.v20251017163524.js.br
- clerk-js/5.102.0-canary.v20251017163524/sessionTasks_clerk.legacy.browser_388015_5.102.0-canary.v20251017163524.js.gz
- clerk-js/5.102.0-canary.v20251017163524/sessionTasks_clerk.legacy.browser_388015_5.102.0-canary.v20251017163524.min.js.br
- clerk-js/5.102.0-canary.v20251017163524/sessionTasks_clerk.legacy.browser_388015_5.102.0-canary.v20251017163524.min.js.gz
- clerk-js/5.102.0-canary.v20251017163524/signin_clerk.browser_a4ef59_5.102.0-canary.v20251017163524.js.br
- clerk-js/5.102.0-canary.v20251017163524/signin_clerk.browser_a4ef59_5.102.0-canary.v20251017163524.js.gz
- clerk-js/5.102.0-canary.v20251017163524/signin_clerk.browser_a4ef59_5.102.0-canary.v20251017163524.min.js.br
- clerk-js/5.102.0-canary.v20251017163524/signin_clerk.browser_a4ef59_5.102.0-canary.v20251017163524.min.js.gz
- clerk-js/5.102.0-canary.v20251017163524/signin_clerk.channel.browser_13cf90_5.102.0-canary.v20251017163524.js.br
- clerk-js/5.102.0-canary.v20251017163524/signin_clerk.channel.browser_13cf90_5.102.0-canary.v20251017163524.js.gz
- clerk-js/5.102.0-canary.v20251017163524/signin_clerk.channel.browser_13cf90_5.102.0-canary.v20251017163524.min.js.br
- clerk-js/5.102.0-canary.v20251017163524/signin_clerk.channel.browser_13cf90_5.102.0-canary.v20251017163524.min.js.gz
- clerk-js/5.102.0-canary.v20251017163524/signin_clerk.chips.browser_a23c19_5.102.0-canary.v20251017163524.js.br
- clerk-js/5.102.0-canary.v20251017163524/signin_clerk.chips.browser_a23c19_5.102.0-canary.v20251017163524.js.gz
- clerk-js/5.102.0-canary.v20251017163524/signin_clerk.chips.browser_a23c19_5.102.0-canary.v20251017163524.min.js.br
- clerk-js/5.102.0-canary.v20251017163524/signin_clerk.chips.browser_a23c19_5.102.0-canary.v20251017163524.min.js.gz
- clerk-js/5.102.0-canary.v20251017163524/signin_clerk.legacy.browser_388015_5.102.0-canary.v20251017163524.js.br
- clerk-js/5.102.0-canary.v20251017163524/signin_clerk.legacy.browser_388015_5.102.0-canary.v20251017163524.js.gz
- clerk-js/5.102.0-canary.v20251017163524/signin_clerk.legacy.browser_388015_5.102.0-canary.v20251017163524.min.js.br
- clerk-js/5.102.0-canary.v20251017163524/signin_clerk.legacy.browser_388015_5.102.0-canary.v20251017163524.min.js.gz
- clerk-js/5.102.0-canary.v20251017163524/signup_clerk.browser_a4ef59_5.102.0-canary.v20251017163524.js.br
- clerk-js/5.102.0-canary.v20251017163524/signup_clerk.browser_a4ef59_5.102.0-canary.v20251017163524.js.gz
- clerk-js/5.102.0-canary.v20251017163524/signup_clerk.browser_a4ef59_5.102.0-canary.v20251017163524.min.js.br
- clerk-js/5.102.0-canary.v20251017163524/signup_clerk.browser_a4ef59_5.102.0-canary.v20251017163524.min.js.gz
- clerk-js/5.102.0-canary.v20251017163524/signup_clerk.channel.browser_13cf90_5.102.0-canary.v20251017163524.js.br
- clerk-js/5.102.0-canary.v20251017163524/signup_clerk.channel.browser_13cf90_5.102.0-canary.v20251017163524.js.gz
- clerk-js/5.102.0-canary.v20251017163524/signup_clerk.channel.browser_13cf90_5.102.0-canary.v20251017163524.min.js.br
- clerk-js/5.102.0-canary.v20251017163524/signup_clerk.channel.browser_13cf90_5.102.0-canary.v20251017163524.min.js.gz
- clerk-js/5.102.0-canary.v20251017163524/signup_clerk.chips.browser_a23c19_5.102.0-canary.v20251017163524.js.br
- clerk-js/5.102.0-canary.v20251017163524/signup_clerk.chips.browser_a23c19_5.102.0-canary.v20251017163524.js.gz
- clerk-js/5.102.0-canary.v20251017163524/signup_clerk.chips.browser_a23c19_5.102.0-canary.v20251017163524.min.js.br
- clerk-js/5.102.0-canary.v20251017163524/signup_clerk.chips.browser_a23c19_5.102.0-canary.v20251017163524.min.js.gz
- clerk-js/5.102.0-canary.v20251017163524/signup_clerk.legacy.browser_388015_5.102.0-canary.v20251017163524.js.br
- clerk-js/5.102.0-canary.v20251017163524/signup_clerk.legacy.browser_388015_5.102.0-canary.v20251017163524.js.gz
- clerk-js/5.102.0-canary.v20251017163524/signup_clerk.legacy.browser_388015_5.102.0-canary.v20251017163524.min.js.br
- clerk-js/5.102.0-canary.v20251017163524/signup_clerk.legacy.browser_388015_5.102.0-canary.v20251017163524.min.js.gz
- clerk-js/5.102.0-canary.v20251017163524/statement-page_clerk.browser_a4ef59_5.102.0-canary.v20251017163524.js.br
- clerk-js/5.102.0-canary.v20251017163524/statement-page_clerk.browser_a4ef59_5.102.0-canary.v20251017163524.js.gz
- clerk-js/5.102.0-canary.v20251017163524/statement-page_clerk.browser_a4ef59_5.102.0-canary.v20251017163524.min.js.br
- clerk-js/5.102.0-canary.v20251017163524/statement-page_clerk.browser_a4ef59_5.102.0-canary.v20251017163524.min.js.gz
- clerk-js/5.102.0-canary.v20251017163524/statement-page_clerk.channel.browser_13cf90_5.102.0-canary.v20251017163524.js.br
- clerk-js/5.102.0-canary.v20251017163524/statement-page_clerk.channel.browser_13cf90_5.102.0-canary.v20251017163524.js.gz
- clerk-js/5.102.0-canary.v20251017163524/statement-page_clerk.channel.browser_13cf90_5.102.0-canary.v20251017163524.min.js.br
- clerk-js/5.102.0-canary.v20251017163524/statement-page_clerk.channel.browser_13cf90_5.102.0-canary.v20251017163524.min.js.gz
- clerk-js/5.102.0-canary.v20251017163524/statement-page_clerk.chips.browser_a23c19_5.102.0-canary.v20251017163524.js.br
- clerk-js/5.102.0-canary.v20251017163524/statement-page_clerk.chips.browser_a23c19_5.102.0-canary.v20251017163524.js.gz
- clerk-js/5.102.0-canary.v20251017163524/statement-page_clerk.chips.browser_a23c19_5.102.0-canary.v20251017163524.min.js.br
- clerk-js/5.102.0-canary.v20251017163524/statement-page_clerk.chips.browser_a23c19_5.102.0-canary.v20251017163524.min.js.gz
- clerk-js/5.102.0-canary.v20251017163524/statement-page_clerk.legacy.browser_388015_5.102.0-canary.v20251017163524.js.br
- clerk-js/5.102.0-canary.v20251017163524/statement-page_clerk.legacy.browser_388015_5.102.0-canary.v20251017163524.js.gz
- clerk-js/5.102.0-canary.v20251017163524/statement-page_clerk.legacy.browser_388015_5.102.0-canary.v20251017163524.min.js.br
- clerk-js/5.102.0-canary.v20251017163524/statement-page_clerk.legacy.browser_388015_5.102.0-canary.v20251017163524.min.js.gz
- clerk-js/5.102.0-canary.v20251017163524/stripe-vendors_clerk.browser_a4ef59_5.102.0-canary.v20251017163524.js.br
- clerk-js/5.102.0-canary.v20251017163524/stripe-vendors_clerk.browser_a4ef59_5.102.0-canary.v20251017163524.js.gz
- clerk-js/5.102.0-canary.v20251017163524/stripe-vendors_clerk.browser_a4ef59_5.102.0-canary.v20251017163524.min.js.br
- clerk-js/5.102.0-canary.v20251017163524/stripe-vendors_clerk.browser_a4ef59_5.102.0-canary.v20251017163524.min.js.gz
- clerk-js/5.102.0-canary.v20251017163524/stripe-vendors_clerk.channel.browser_13cf90_5.102.0-canary.v20251017163524.js.br
- clerk-js/5.102.0-canary.v20251017163524/stripe-vendors_clerk.channel.browser_13cf90_5.102.0-canary.v20251017163524.js.gz
- clerk-js/5.102.0-canary.v20251017163524/stripe-vendors_clerk.channel.browser_13cf90_5.102.0-canary.v20251017163524.min.js.br
- clerk-js/5.102.0-canary.v20251017163524/stripe-vendors_clerk.channel.browser_13cf90_5.102.0-canary.v20251017163524.min.js.gz
- clerk-js/5.102.0-canary.v20251017163524/stripe-vendors_clerk.chips.browser_a23c19_5.102.0-canary.v20251017163524.js.br
- clerk-js/5.102.0-canary.v20251017163524/stripe-vendors_clerk.chips.browser_a23c19_5.102.0-canary.v20251017163524.js.gz
- clerk-js/5.102.0-canary.v20251017163524/stripe-vendors_clerk.chips.browser_a23c19_5.102.0-canary.v20251017163524.min.js.br
- clerk-js/5.102.0-canary.v20251017163524/stripe-vendors_clerk.chips.browser_a23c19_5.102.0-canary.v20251017163524.min.js.gz
- clerk-js/5.102.0-canary.v20251017163524/stripe-vendors_clerk.headless.browser_42c5d3_5.102.0-canary.v20251017163524.js.br
- clerk-js/5.102.0-canary.v20251017163524/stripe-vendors_clerk.headless.browser_42c5d3_5.102.0-canary.v20251017163524.js.gz
- clerk-js/5.102.0-canary.v20251017163524/stripe-vendors_clerk.headless.browser_42c5d3_5.102.0-canary.v20251017163524.min.js.br
- clerk-js/5.102.0-canary.v20251017163524/stripe-vendors_clerk.headless.browser_42c5d3_5.102.0-canary.v20251017163524.min.js.gz
- clerk-js/5.102.0-canary.v20251017163524/stripe-vendors_clerk.legacy.browser_388015_5.102.0-canary.v20251017163524.js.br
- clerk-js/5.102.0-canary.v20251017163524/stripe-vendors_clerk.legacy.browser_388015_5.102.0-canary.v20251017163524.js.gz
- clerk-js/5.102.0-canary.v20251017163524/stripe-vendors_clerk.legacy.browser_388015_5.102.0-canary.v20251017163524.min.js.br
- clerk-js/5.102.0-canary.v20251017163524/stripe-vendors_clerk.legacy.browser_388015_5.102.0-canary.v20251017163524.min.js.gz
- clerk-js/5.102.0-canary.v20251017163524/subscriptionDetails_clerk.browser_a4ef59_5.102.0-canary.v20251017163524.js.br
- clerk-js/5.102.0-canary.v20251017163524/subscriptionDetails_clerk.browser_a4ef59_5.102.0-canary.v20251017163524.js.gz
- clerk-js/5.102.0-canary.v20251017163524/subscriptionDetails_clerk.browser_a4ef59_5.102.0-canary.v20251017163524.min.js.br
- clerk-js/5.102.0-canary.v20251017163524/subscriptionDetails_clerk.browser_a4ef59_5.102.0-canary.v20251017163524.min.js.gz
- clerk-js/5.102.0-canary.v20251017163524/subscriptionDetails_clerk.channel.browser_13cf90_5.102.0-canary.v20251017163524.js.br
- clerk-js/5.102.0-canary.v20251017163524/subscriptionDetails_clerk.channel.browser_13cf90_5.102.0-canary.v20251017163524.js.gz
- clerk-js/5.102.0-canary.v20251017163524/subscriptionDetails_clerk.channel.browser_13cf90_5.102.0-canary.v20251017163524.min.js.br
- clerk-js/5.102.0-canary.v20251017163524/subscriptionDetails_clerk.channel.browser_13cf90_5.102.0-canary.v20251017163524.min.js.gz
- clerk-js/5.102.0-canary.v20251017163524/subscriptionDetails_clerk.chips.browser_a23c19_5.102.0-canary.v20251017163524.js.br
- clerk-js/5.102.0-canary.v20251017163524/subscriptionDetails_clerk.chips.browser_a23c19_5.102.0-canary.v20251017163524.js.gz
- clerk-js/5.102.0-canary.v20251017163524/subscriptionDetails_clerk.chips.browser_a23c19_5.102.0-canary.v20251017163524.min.js.br
- clerk-js/5.102.0-canary.v20251017163524/subscriptionDetails_clerk.chips.browser_a23c19_5.102.0-canary.v20251017163524.min.js.gz
- clerk-js/5.102.0-canary.v20251017163524/subscriptionDetails_clerk.legacy.browser_388015_5.102.0-canary.v20251017163524.js.br
- clerk-js/5.102.0-canary.v20251017163524/subscriptionDetails_clerk.legacy.browser_388015_5.102.0-canary.v20251017163524.js.gz
- clerk-js/5.102.0-canary.v20251017163524/subscriptionDetails_clerk.legacy.browser_388015_5.102.0-canary.v20251017163524.min.js.br
- clerk-js/5.102.0-canary.v20251017163524/subscriptionDetails_clerk.legacy.browser_388015_5.102.0-canary.v20251017163524.min.js.gz
- clerk-js/5.102.0-canary.v20251017163524/taskChooseOrganization_clerk.browser_a4ef59_5.102.0-canary.v20251017163524.js.br
- clerk-js/5.102.0-canary.v20251017163524/taskChooseOrganization_clerk.browser_a4ef59_5.102.0-canary.v20251017163524.js.gz
- clerk-js/5.102.0-canary.v20251017163524/taskChooseOrganization_clerk.browser_a4ef59_5.102.0-canary.v20251017163524.min.js.br
- clerk-js/5.102.0-canary.v20251017163524/taskChooseOrganization_clerk.browser_a4ef59_5.102.0-canary.v20251017163524.min.js.gz
- clerk-js/5.102.0-canary.v20251017163524/taskChooseOrganization_clerk.channel.browser_13cf90_5.102.0-canary.v20251017163524.js.br
- clerk-js/5.102.0-canary.v20251017163524/taskChooseOrganization_clerk.channel.browser_13cf90_5.102.0-canary.v20251017163524.js.gz
- clerk-js/5.102.0-canary.v20251017163524/taskChooseOrganization_clerk.channel.browser_13cf90_5.102.0-canary.v20251017163524.min.js.br
- clerk-js/5.102.0-canary.v20251017163524/taskChooseOrganization_clerk.channel.browser_13cf90_5.102.0-canary.v20251017163524.min.js.gz
- clerk-js/5.102.0-canary.v20251017163524/taskChooseOrganization_clerk.chips.browser_a23c19_5.102.0-canary.v20251017163524.js.br
- clerk-js/5.102.0-canary.v20251017163524/taskChooseOrganization_clerk.chips.browser_a23c19_5.102.0-canary.v20251017163524.js.gz
- clerk-js/5.102.0-canary.v20251017163524/taskChooseOrganization_clerk.chips.browser_a23c19_5.102.0-canary.v20251017163524.min.js.br
- clerk-js/5.102.0-canary.v20251017163524/taskChooseOrganization_clerk.chips.browser_a23c19_5.102.0-canary.v20251017163524.min.js.gz
- clerk-js/5.102.0-canary.v20251017163524/taskChooseOrganization_clerk.legacy.browser_388015_5.102.0-canary.v20251017163524.js.br
- clerk-js/5.102.0-canary.v20251017163524/taskChooseOrganization_clerk.legacy.browser_388015_5.102.0-canary.v20251017163524.js.gz
- clerk-js/5.102.0-canary.v20251017163524/taskChooseOrganization_clerk.legacy.browser_388015_5.102.0-canary.v20251017163524.min.js.br
- clerk-js/5.102.0-canary.v20251017163524/taskChooseOrganization_clerk.legacy.browser_388015_5.102.0-canary.v20251017163524.min.js.gz
- clerk-js/5.102.0-canary.v20251017163524/ui-common_clerk.browser_a4ef59_5.102.0-canary.v20251017163524.js.br
- clerk-js/5.102.0-canary.v20251017163524/ui-common_clerk.browser_a4ef59_5.102.0-canary.v20251017163524.js.gz
- clerk-js/5.102.0-canary.v20251017163524/ui-common_clerk.browser_a4ef59_5.102.0-canary.v20251017163524.min.js.br
- clerk-js/5.102.0-canary.v20251017163524/ui-common_clerk.browser_a4ef59_5.102.0-canary.v20251017163524.min.js.gz
- clerk-js/5.102.0-canary.v20251017163524/ui-common_clerk.channel.browser_13cf90_5.102.0-canary.v20251017163524.js.br
- clerk-js/5.102.0-canary.v20251017163524/ui-common_clerk.channel.browser_13cf90_5.102.0-canary.v20251017163524.js.gz
- clerk-js/5.102.0-canary.v20251017163524/ui-common_clerk.channel.browser_13cf90_5.102.0-canary.v20251017163524.min.js.br
- clerk-js/5.102.0-canary.v20251017163524/ui-common_clerk.channel.browser_13cf90_5.102.0-canary.v20251017163524.min.js.gz
- clerk-js/5.102.0-canary.v20251017163524/ui-common_clerk.chips.browser_a23c19_5.102.0-canary.v20251017163524.js.br
- clerk-js/5.102.0-canary.v20251017163524/ui-common_clerk.chips.browser_a23c19_5.102.0-canary.v20251017163524.js.gz
- clerk-js/5.102.0-canary.v20251017163524/ui-common_clerk.chips.browser_a23c19_5.102.0-canary.v20251017163524.min.js.br
- clerk-js/5.102.0-canary.v20251017163524/ui-common_clerk.chips.browser_a23c19_5.102.0-canary.v20251017163524.min.js.gz
- clerk-js/5.102.0-canary.v20251017163524/ui-common_clerk.legacy.browser_388015_5.102.0-canary.v20251017163524.js.br
- clerk-js/5.102.0-canary.v20251017163524/ui-common_clerk.legacy.browser_388015_5.102.0-canary.v20251017163524.js.gz
- clerk-js/5.102.0-canary.v20251017163524/ui-common_clerk.legacy.browser_388015_5.102.0-canary.v20251017163524.min.js.br
- clerk-js/5.102.0-canary.v20251017163524/ui-common_clerk.legacy.browser_388015_5.102.0-canary.v20251017163524.min.js.gz
- clerk-js/5.102.0-canary.v20251017163524/up-api-keys-page_clerk.browser_a4ef59_5.102.0-canary.v20251017163524.js.br
- clerk-js/5.102.0-canary.v20251017163524/up-api-keys-page_clerk.browser_a4ef59_5.102.0-canary.v20251017163524.js.gz
- clerk-js/5.102.0-canary.v20251017163524/up-api-keys-page_clerk.browser_a4ef59_5.102.0-canary.v20251017163524.min.js.br
- clerk-js/5.102.0-canary.v20251017163524/up-api-keys-page_clerk.browser_a4ef59_5.102.0-canary.v20251017163524.min.js.gz
- clerk-js/5.102.0-canary.v20251017163524/up-api-keys-page_clerk.channel.browser_13cf90_5.102.0-canary.v20251017163524.js.br
- clerk-js/5.102.0-canary.v20251017163524/up-api-keys-page_clerk.channel.browser_13cf90_5.102.0-canary.v20251017163524.js.gz
- clerk-js/5.102.0-canary.v20251017163524/up-api-keys-page_clerk.channel.browser_13cf90_5.102.0-canary.v20251017163524.min.js.br
- clerk-js/5.102.0-canary.v20251017163524/up-api-keys-page_clerk.channel.browser_13cf90_5.102.0-canary.v20251017163524.min.js.gz
- clerk-js/5.102.0-canary.v20251017163524/up-api-keys-page_clerk.chips.browser_a23c19_5.102.0-canary.v20251017163524.js.br
- clerk-js/5.102.0-canary.v20251017163524/up-api-keys-page_clerk.chips.browser_a23c19_5.102.0-canary.v20251017163524.js.gz
- clerk-js/5.102.0-canary.v20251017163524/up-api-keys-page_clerk.chips.browser_a23c19_5.102.0-canary.v20251017163524.min.js.br
- clerk-js/5.102.0-canary.v20251017163524/up-api-keys-page_clerk.chips.browser_a23c19_5.102.0-canary.v20251017163524.min.js.gz
- clerk-js/5.102.0-canary.v20251017163524/up-api-keys-page_clerk.legacy.browser_388015_5.102.0-canary.v20251017163524.js.br
- clerk-js/5.102.0-canary.v20251017163524/up-api-keys-page_clerk.legacy.browser_388015_5.102.0-canary.v20251017163524.js.gz
- clerk-js/5.102.0-canary.v20251017163524/up-api-keys-page_clerk.legacy.browser_388015_5.102.0-canary.v20251017163524.min.js.br
- clerk-js/5.102.0-canary.v20251017163524/up-api-keys-page_clerk.legacy.browser_388015_5.102.0-canary.v20251017163524.min.js.gz
- clerk-js/5.102.0-canary.v20251017163524/up-billing-page_clerk.browser_a4ef59_5.102.0-canary.v20251017163524.js.br
- clerk-js/5.102.0-canary.v20251017163524/up-billing-page_clerk.browser_a4ef59_5.102.0-canary.v20251017163524.js.gz
- clerk-js/5.102.0-canary.v20251017163524/up-billing-page_clerk.browser_a4ef59_5.102.0-canary.v20251017163524.min.js.br
- clerk-js/5.102.0-canary.v20251017163524/up-billing-page_clerk.browser_a4ef59_5.102.0-canary.v20251017163524.min.js.gz
- clerk-js/5.102.0-canary.v20251017163524/up-billing-page_clerk.channel.browser_13cf90_5.102.0-canary.v20251017163524.js.br
- clerk-js/5.102.0-canary.v20251017163524/up-billing-page_clerk.channel.browser_13cf90_5.102.0-canary.v20251017163524.js.gz
- clerk-js/5.102.0-canary.v20251017163524/up-billing-page_clerk.channel.browser_13cf90_5.102.0-canary.v20251017163524.min.js.br
- clerk-js/5.102.0-canary.v20251017163524/up-billing-page_clerk.channel.browser_13cf90_5.102.0-canary.v20251017163524.min.js.gz
- clerk-js/5.102.0-canary.v20251017163524/up-billing-page_clerk.chips.browser_a23c19_5.102.0-canary.v20251017163524.js.br
- clerk-js/5.102.0-canary.v20251017163524/up-billing-page_clerk.chips.browser_a23c19_5.102.0-canary.v20251017163524.js.gz
- clerk-js/5.102.0-canary.v20251017163524/up-billing-page_clerk.chips.browser_a23c19_5.102.0-canary.v20251017163524.min.js.br
- clerk-js/5.102.0-canary.v20251017163524/up-billing-page_clerk.chips.browser_a23c19_5.102.0-canary.v20251017163524.min.js.gz
- clerk-js/5.102.0-canary.v20251017163524/up-billing-page_clerk.legacy.browser_388015_5.102.0-canary.v20251017163524.js.br
- clerk-js/5.102.0-canary.v20251017163524/up-billing-page_clerk.legacy.browser_388015_5.102.0-canary.v20251017163524.js.gz
- clerk-js/5.102.0-canary.v20251017163524/up-billing-page_clerk.legacy.browser_388015_5.102.0-canary.v20251017163524.min.js.br
- clerk-js/5.102.0-canary.v20251017163524/up-billing-page_clerk.legacy.browser_388015_5.102.0-canary.v20251017163524.min.js.gz
- clerk-js/5.102.0-canary.v20251017163524/up-plans-page_clerk.browser_a4ef59_5.102.0-canary.v20251017163524.js.br
- clerk-js/5.102.0-canary.v20251017163524/up-plans-page_clerk.browser_a4ef59_5.102.0-canary.v20251017163524.js.gz
- clerk-js/5.102.0-canary.v20251017163524/up-plans-page_clerk.browser_a4ef59_5.102.0-canary.v20251017163524.min.js.br
- clerk-js/5.102.0-canary.v20251017163524/up-plans-page_clerk.browser_a4ef59_5.102.0-canary.v20251017163524.min.js.gz
- clerk-js/5.102.0-canary.v20251017163524/up-plans-page_clerk.channel.browser_13cf90_5.102.0-canary.v20251017163524.js.br
- clerk-js/5.102.0-canary.v20251017163524/up-plans-page_clerk.channel.browser_13cf90_5.102.0-canary.v20251017163524.js.gz
- clerk-js/5.102.0-canary.v20251017163524/up-plans-page_clerk.channel.browser_13cf90_5.102.0-canary.v20251017163524.min.js.br
- clerk-js/5.102.0-canary.v20251017163524/up-plans-page_clerk.channel.browser_13cf90_5.102.0-canary.v20251017163524.min.js.gz
- clerk-js/5.102.0-canary.v20251017163524/up-plans-page_clerk.chips.browser_a23c19_5.102.0-canary.v20251017163524.js.br
- clerk-js/5.102.0-canary.v20251017163524/up-plans-page_clerk.chips.browser_a23c19_5.102.0-canary.v20251017163524.js.gz
- clerk-js/5.102.0-canary.v20251017163524/up-plans-page_clerk.chips.browser_a23c19_5.102.0-canary.v20251017163524.min.js.br
- clerk-js/5.102.0-canary.v20251017163524/up-plans-page_clerk.chips.browser_a23c19_5.102.0-canary.v20251017163524.min.js.gz
- clerk-js/5.102.0-canary.v20251017163524/up-plans-page_clerk.legacy.browser_388015_5.102.0-canary.v20251017163524.js.br
- clerk-js/5.102.0-canary.v20251017163524/up-plans-page_clerk.legacy.browser_388015_5.102.0-canary.v20251017163524.js.gz
- clerk-js/5.102.0-canary.v20251017163524/up-plans-page_clerk.legacy.browser_388015_5.102.0-canary.v20251017163524.min.js.br
- clerk-js/5.102.0-canary.v20251017163524/up-plans-page_clerk.legacy.browser_388015_5.102.0-canary.v20251017163524.min.js.gz
- clerk-js/5.102.0-canary.v20251017163524/useravatar_clerk.browser_a4ef59_5.102.0-canary.v20251017163524.js.br
- clerk-js/5.102.0-canary.v20251017163524/useravatar_clerk.browser_a4ef59_5.102.0-canary.v20251017163524.js.gz
- clerk-js/5.102.0-canary.v20251017163524/useravatar_clerk.browser_a4ef59_5.102.0-canary.v20251017163524.min.js.br
- clerk-js/5.102.0-canary.v20251017163524/useravatar_clerk.browser_a4ef59_5.102.0-canary.v20251017163524.min.js.gz
- clerk-js/5.102.0-canary.v20251017163524/useravatar_clerk.channel.browser_13cf90_5.102.0-canary.v20251017163524.js.br
- clerk-js/5.102.0-canary.v20251017163524/useravatar_clerk.channel.browser_13cf90_5.102.0-canary.v20251017163524.js.gz
- clerk-js/5.102.0-canary.v20251017163524/useravatar_clerk.channel.browser_13cf90_5.102.0-canary.v20251017163524.min.js.br
- clerk-js/5.102.0-canary.v20251017163524/useravatar_clerk.channel.browser_13cf90_5.102.0-canary.v20251017163524.min.js.gz
- clerk-js/5.102.0-canary.v20251017163524/useravatar_clerk.chips.browser_a23c19_5.102.0-canary.v20251017163524.js.br
- clerk-js/5.102.0-canary.v20251017163524/useravatar_clerk.chips.browser_a23c19_5.102.0-canary.v20251017163524.js.gz
- clerk-js/5.102.0-canary.v20251017163524/useravatar_clerk.chips.browser_a23c19_5.102.0-canary.v20251017163524.min.js.br
- clerk-js/5.102.0-canary.v20251017163524/useravatar_clerk.chips.browser_a23c19_5.102.0-canary.v20251017163524.min.js.gz
- clerk-js/5.102.0-canary.v20251017163524/useravatar_clerk.legacy.browser_388015_5.102.0-canary.v20251017163524.js.br
- clerk-js/5.102.0-canary.v20251017163524/useravatar_clerk.legacy.browser_388015_5.102.0-canary.v20251017163524.js.gz
- clerk-js/5.102.0-canary.v20251017163524/useravatar_clerk.legacy.browser_388015_5.102.0-canary.v20251017163524.min.js.br
- clerk-js/5.102.0-canary.v20251017163524/useravatar_clerk.legacy.browser_388015_5.102.0-canary.v20251017163524.min.js.gz
- clerk-js/5.102.0-canary.v20251017163524/userbutton_clerk.browser_a4ef59_5.102.0-canary.v20251017163524.js.br
- clerk-js/5.102.0-canary.v20251017163524/userbutton_clerk.browser_a4ef59_5.102.0-canary.v20251017163524.js.gz
- clerk-js/5.102.0-canary.v20251017163524/userbutton_clerk.browser_a4ef59_5.102.0-canary.v20251017163524.min.js.br
- clerk-js/5.102.0-canary.v20251017163524/userbutton_clerk.browser_a4ef59_5.102.0-canary.v20251017163524.min.js.gz
- clerk-js/5.102.0-canary.v20251017163524/userbutton_clerk.channel.browser_13cf90_5.102.0-canary.v20251017163524.js.br
- clerk-js/5.102.0-canary.v20251017163524/userbutton_clerk.channel.browser_13cf90_5.102.0-canary.v20251017163524.js.gz
- clerk-js/5.102.0-canary.v20251017163524/userbutton_clerk.channel.browser_13cf90_5.102.0-canary.v20251017163524.min.js.br
- clerk-js/5.102.0-canary.v20251017163524/userbutton_clerk.channel.browser_13cf90_5.102.0-canary.v20251017163524.min.js.gz
- clerk-js/5.102.0-canary.v20251017163524/userbutton_clerk.chips.browser_a23c19_5.102.0-canary.v20251017163524.js.br
- clerk-js/5.102.0-canary.v20251017163524/userbutton_clerk.chips.browser_a23c19_5.102.0-canary.v20251017163524.js.gz
- clerk-js/5.102.0-canary.v20251017163524/userbutton_clerk.chips.browser_a23c19_5.102.0-canary.v20251017163524.min.js.br
- clerk-js/5.102.0-canary.v20251017163524/userbutton_clerk.chips.browser_a23c19_5.102.0-canary.v20251017163524.min.js.gz
- clerk-js/5.102.0-canary.v20251017163524/userbutton_clerk.legacy.browser_388015_5.102.0-canary.v20251017163524.js.br
- clerk-js/5.102.0-canary.v20251017163524/userbutton_clerk.legacy.browser_388015_5.102.0-canary.v20251017163524.js.gz
- clerk-js/5.102.0-canary.v20251017163524/userbutton_clerk.legacy.browser_388015_5.102.0-canary.v20251017163524.min.js.br
- clerk-js/5.102.0-canary.v20251017163524/userbutton_clerk.legacy.browser_388015_5.102.0-canary.v20251017163524.min.js.gz
- clerk-js/5.102.0-canary.v20251017163524/userprofile_clerk.browser_a4ef59_5.102.0-canary.v20251017163524.js.br
- clerk-js/5.102.0-canary.v20251017163524/userprofile_clerk.browser_a4ef59_5.102.0-canary.v20251017163524.js.gz
- clerk-js/5.102.0-canary.v20251017163524/userprofile_clerk.browser_a4ef59_5.102.0-canary.v20251017163524.min.js.br
- clerk-js/5.102.0-canary.v20251017163524/userprofile_clerk.browser_a4ef59_5.102.0-canary.v20251017163524.min.js.gz
- clerk-js/5.102.0-canary.v20251017163524/userprofile_clerk.channel.browser_13cf90_5.102.0-canary.v20251017163524.js.br
- clerk-js/5.102.0-canary.v20251017163524/userprofile_clerk.channel.browser_13cf90_5.102.0-canary.v20251017163524.js.gz
- clerk-js/5.102.0-canary.v20251017163524/userprofile_clerk.channel.browser_13cf90_5.102.0-canary.v20251017163524.min.js.br
- clerk-js/5.102.0-canary.v20251017163524/userprofile_clerk.channel.browser_13cf90_5.102.0-canary.v20251017163524.min.js.gz
- clerk-js/5.102.0-canary.v20251017163524/userprofile_clerk.chips.browser_a23c19_5.102.0-canary.v20251017163524.js.br
- clerk-js/5.102.0-canary.v20251017163524/userprofile_clerk.chips.browser_a23c19_5.102.0-canary.v20251017163524.js.gz
- clerk-js/5.102.0-canary.v20251017163524/userprofile_clerk.chips.browser_a23c19_5.102.0-canary.v20251017163524.min.js.br
- clerk-js/5.102.0-canary.v20251017163524/userprofile_clerk.chips.browser_a23c19_5.102.0-canary.v20251017163524.min.js.gz
- clerk-js/5.102.0-canary.v20251017163524/userprofile_clerk.legacy.browser_388015_5.102.0-canary.v20251017163524.js.br
- clerk-js/5.102.0-canary.v20251017163524/userprofile_clerk.legacy.browser_388015_5.102.0-canary.v20251017163524.js.gz
- clerk-js/5.102.0-canary.v20251017163524/userprofile_clerk.legacy.browser_388015_5.102.0-canary.v20251017163524.min.js.br
- clerk-js/5.102.0-canary.v20251017163524/userprofile_clerk.legacy.browser_388015_5.102.0-canary.v20251017163524.min.js.gz
- clerk-js/5.102.0-canary.v20251017163524/userverification_clerk.browser_a4ef59_5.102.0-canary.v20251017163524.js.br
- clerk-js/5.102.0-canary.v20251017163524/userverification_clerk.browser_a4ef59_5.102.0-canary.v20251017163524.js.gz
- clerk-js/5.102.0-canary.v20251017163524/userverification_clerk.browser_a4ef59_5.102.0-canary.v20251017163524.min.js.br
- clerk-js/5.102.0-canary.v20251017163524/userverification_clerk.browser_a4ef59_5.102.0-canary.v20251017163524.min.js.gz
- clerk-js/5.102.0-canary.v20251017163524/userverification_clerk.channel.browser_13cf90_5.102.0-canary.v20251017163524.js.br
- clerk-js/5.102.0-canary.v20251017163524/userverification_clerk.channel.browser_13cf90_5.102.0-canary.v20251017163524.js.gz
- clerk-js/5.102.0-canary.v20251017163524/userverification_clerk.channel.browser_13cf90_5.102.0-canary.v20251017163524.min.js.br
- clerk-js/5.102.0-canary.v20251017163524/userverification_clerk.channel.browser_13cf90_5.102.0-canary.v20251017163524.min.js.gz
- clerk-js/5.102.0-canary.v20251017163524/userverification_clerk.chips.browser_a23c19_5.102.0-canary.v20251017163524.js.br
- clerk-js/5.102.0-canary.v20251017163524/userverification_clerk.chips.browser_a23c19_5.102.0-canary.v20251017163524.js.gz
- clerk-js/5.102.0-canary.v20251017163524/userverification_clerk.chips.browser_a23c19_5.102.0-canary.v20251017163524.min.js.br
- clerk-js/5.102.0-canary.v20251017163524/userverification_clerk.chips.browser_a23c19_5.102.0-canary.v20251017163524.min.js.gz
- clerk-js/5.102.0-canary.v20251017163524/userverification_clerk.legacy.browser_388015_5.102.0-canary.v20251017163524.js.br
- clerk-js/5.102.0-canary.v20251017163524/userverification_clerk.legacy.browser_388015_5.102.0-canary.v20251017163524.js.gz
- clerk-js/5.102.0-canary.v20251017163524/userverification_clerk.legacy.browser_388015_5.102.0-canary.v20251017163524.min.js.br
- clerk-js/5.102.0-canary.v20251017163524/userverification_clerk.legacy.browser_388015_5.102.0-canary.v20251017163524.min.js.gz
- clerk-js/5.102.0-canary.v20251017163524/vendors_clerk.browser_a4ef59_5.102.0-canary.v20251017163524.js.br
- clerk-js/5.102.0-canary.v20251017163524/vendors_clerk.browser_a4ef59_5.102.0-canary.v20251017163524.js.gz
- clerk-js/5.102.0-canary.v20251017163524/vendors_clerk.browser_a4ef59_5.102.0-canary.v20251017163524.min.js.br
- clerk-js/5.102.0-canary.v20251017163524/vendors_clerk.browser_a4ef59_5.102.0-canary.v20251017163524.min.js.gz
- clerk-js/5.102.0-canary.v20251017163524/vendors_clerk.channel.browser_13cf90_5.102.0-canary.v20251017163524.js.br
- clerk-js/5.102.0-canary.v20251017163524/vendors_clerk.channel.browser_13cf90_5.102.0-canary.v20251017163524.js.gz
- clerk-js/5.102.0-canary.v20251017163524/vendors_clerk.channel.browser_13cf90_5.102.0-canary.v20251017163524.min.js.br
- clerk-js/5.102.0-canary.v20251017163524/vendors_clerk.channel.browser_13cf90_5.102.0-canary.v20251017163524.min.js.gz
- clerk-js/5.102.0-canary.v20251017163524/vendors_clerk.chips.browser_a23c19_5.102.0-canary.v20251017163524.js.br
- clerk-js/5.102.0-canary.v20251017163524/vendors_clerk.chips.browser_a23c19_5.102.0-canary.v20251017163524.js.gz
- clerk-js/5.102.0-canary.v20251017163524/vendors_clerk.chips.browser_a23c19_5.102.0-canary.v20251017163524.min.js.br
- clerk-js/5.102.0-canary.v20251017163524/vendors_clerk.chips.browser_a23c19_5.102.0-canary.v20251017163524.min.js.gz
- clerk-js/5.102.0-canary.v20251017163524/vendors_clerk.headless.browser_42c5d3_5.102.0-canary.v20251017163524.js.br
- clerk-js/5.102.0-canary.v20251017163524/vendors_clerk.headless.browser_42c5d3_5.102.0-canary.v20251017163524.js.gz
- clerk-js/5.102.0-canary.v20251017163524/vendors_clerk.headless.browser_42c5d3_5.102.0-canary.v20251017163524.min.js.br
- clerk-js/5.102.0-canary.v20251017163524/vendors_clerk.headless.browser_42c5d3_5.102.0-canary.v20251017163524.min.js.gz
- clerk-js/5.102.0-canary.v20251017163524/vendors_clerk.legacy.browser_388015_5.102.0-canary.v20251017163524.js.br
- clerk-js/5.102.0-canary.v20251017163524/vendors_clerk.legacy.browser_388015_5.102.0-canary.v20251017163524.js.gz
- clerk-js/5.102.0-canary.v20251017163524/vendors_clerk.legacy.browser_388015_5.102.0-canary.v20251017163524.min.js.br
- clerk-js/5.102.0-canary.v20251017163524/vendors_clerk.legacy.browser_388015_5.102.0-canary.v20251017163524.min.js.gz
- clerk-js/5.102.0-canary.v20251017163524/waitlist_clerk.browser_a4ef59_5.102.0-canary.v20251017163524.js.br
- clerk-js/5.102.0-canary.v20251017163524/waitlist_clerk.browser_a4ef59_5.102.0-canary.v20251017163524.js.gz
- clerk-js/5.102.0-canary.v20251017163524/waitlist_clerk.browser_a4ef59_5.102.0-canary.v20251017163524.min.js.br
- clerk-js/5.102.0-canary.v20251017163524/waitlist_clerk.browser_a4ef59_5.102.0-canary.v20251017163524.min.js.gz
- clerk-js/5.102.0-canary.v20251017163524/waitlist_clerk.channel.browser_13cf90_5.102.0-canary.v20251017163524.js.br
- clerk-js/5.102.0-canary.v20251017163524/waitlist_clerk.channel.browser_13cf90_5.102.0-canary.v20251017163524.js.gz
- clerk-js/5.102.0-canary.v20251017163524/waitlist_clerk.channel.browser_13cf90_5.102.0-canary.v20251017163524.min.js.br
- clerk-js/5.102.0-canary.v20251017163524/waitlist_clerk.channel.browser_13cf90_5.102.0-canary.v20251017163524.min.js.gz
- clerk-js/5.102.0-canary.v20251017163524/waitlist_clerk.chips.browser_a23c19_5.102.0-canary.v20251017163524.js.br
- clerk-js/5.102.0-canary.v20251017163524/waitlist_clerk.chips.browser_a23c19_5.102.0-canary.v20251017163524.js.gz
- clerk-js/5.102.0-canary.v20251017163524/waitlist_clerk.chips.browser_a23c19_5.102.0-canary.v20251017163524.min.js.br
- clerk-js/5.102.0-canary.v20251017163524/waitlist_clerk.chips.browser_a23c19_5.102.0-canary.v20251017163524.min.js.gz
- clerk-js/5.102.0-canary.v20251017163524/waitlist_clerk.legacy.browser_388015_5.102.0-canary.v20251017163524.js.br
- clerk-js/5.102.0-canary.v20251017163524/waitlist_clerk.legacy.browser_388015_5.102.0-canary.v20251017163524.js.gz
- clerk-js/5.102.0-canary.v20251017163524/waitlist_clerk.legacy.browser_388015_5.102.0-canary.v20251017163524.min.js.br
- clerk-js/5.102.0-canary.v20251017163524/waitlist_clerk.legacy.browser_388015_5.102.0-canary.v20251017163524.min.js.gz
- clerk-js/5.102.0-canary.v20251017163524/zxcvbn-common_clerk.browser_a4ef59_5.102.0-canary.v20251017163524.js.br
- clerk-js/5.102.0-canary.v20251017163524/zxcvbn-common_clerk.browser_a4ef59_5.102.0-canary.v20251017163524.js.gz
- clerk-js/5.102.0-canary.v20251017163524/zxcvbn-common_clerk.browser_a4ef59_5.102.0-canary.v20251017163524.min.js.br
- clerk-js/5.102.0-canary.v20251017163524/zxcvbn-common_clerk.browser_a4ef59_5.102.0-canary.v20251017163524.min.js.gz
- clerk-js/5.102.0-canary.v20251017163524/zxcvbn-common_clerk.channel.browser_13cf90_5.102.0-canary.v20251017163524.js.br
- clerk-js/5.102.0-canary.v20251017163524/zxcvbn-common_clerk.channel.browser_13cf90_5.102.0-canary.v20251017163524.js.gz
- clerk-js/5.102.0-canary.v20251017163524/zxcvbn-common_clerk.channel.browser_13cf90_5.102.0-canary.v20251017163524.min.js.br
- clerk-js/5.102.0-canary.v20251017163524/zxcvbn-common_clerk.channel.browser_13cf90_5.102.0-canary.v20251017163524.min.js.gz
- clerk-js/5.102.0-canary.v20251017163524/zxcvbn-common_clerk.chips.browser_a23c19_5.102.0-canary.v20251017163524.js.br
- clerk-js/5.102.0-canary.v20251017163524/zxcvbn-common_clerk.chips.browser_a23c19_5.102.0-canary.v20251017163524.js.gz
- clerk-js/5.102.0-canary.v20251017163524/zxcvbn-common_clerk.chips.browser_a23c19_5.102.0-canary.v20251017163524.min.js.br
- clerk-js/5.102.0-canary.v20251017163524/zxcvbn-common_clerk.chips.browser_a23c19_5.102.0-canary.v20251017163524.min.js.gz
- clerk-js/5.102.0-canary.v20251017163524/zxcvbn-common_clerk.headless.browser_42c5d3_5.102.0-canary.v20251017163524.js.br
- clerk-js/5.102.0-canary.v20251017163524/zxcvbn-common_clerk.headless.browser_42c5d3_5.102.0-canary.v20251017163524.js.gz
- clerk-js/5.102.0-canary.v20251017163524/zxcvbn-common_clerk.headless.browser_42c5d3_5.102.0-canary.v20251017163524.min.js.br
- clerk-js/5.102.0-canary.v20251017163524/zxcvbn-common_clerk.headless.browser_42c5d3_5.102.0-canary.v20251017163524.min.js.gz
- clerk-js/5.102.0-canary.v20251017163524/zxcvbn-common_clerk.legacy.browser_388015_5.102.0-canary.v20251017163524.js.br
- clerk-js/5.102.0-canary.v20251017163524/zxcvbn-common_clerk.legacy.browser_388015_5.102.0-canary.v20251017163524.js.gz
- clerk-js/5.102.0-canary.v20251017163524/zxcvbn-common_clerk.legacy.browser_388015_5.102.0-canary.v20251017163524.min.js.br
- clerk-js/5.102.0-canary.v20251017163524/zxcvbn-common_clerk.legacy.browser_388015_5.102.0-canary.v20251017163524.min.js.gz
- clerk-js/5.102.0-canary.v20251017163524/zxcvbn-ts-core_clerk.browser_a4ef59_5.102.0-canary.v20251017163524.js.br
- clerk-js/5.102.0-canary.v20251017163524/zxcvbn-ts-core_clerk.browser_a4ef59_5.102.0-canary.v20251017163524.js.gz
- clerk-js/5.102.0-canary.v20251017163524/zxcvbn-ts-core_clerk.browser_a4ef59_5.102.0-canary.v20251017163524.min.js.br
- clerk-js/5.102.0-canary.v20251017163524/zxcvbn-ts-core_clerk.browser_a4ef59_5.102.0-canary.v20251017163524.min.js.gz
- clerk-js/5.102.0-canary.v20251017163524/zxcvbn-ts-core_clerk.channel.browser_13cf90_5.102.0-canary.v20251017163524.js.br
- clerk-js/5.102.0-canary.v20251017163524/zxcvbn-ts-core_clerk.channel.browser_13cf90_5.102.0-canary.v20251017163524.js.gz
- clerk-js/5.102.0-canary.v20251017163524/zxcvbn-ts-core_clerk.channel.browser_13cf90_5.102.0-canary.v20251017163524.min.js.br
- clerk-js/5.102.0-canary.v20251017163524/zxcvbn-ts-core_clerk.channel.browser_13cf90_5.102.0-canary.v20251017163524.min.js.gz
- clerk-js/5.102.0-canary.v20251017163524/zxcvbn-ts-core_clerk.chips.browser_a23c19_5.102.0-canary.v20251017163524.js.br
- clerk-js/5.102.0-canary.v20251017163524/zxcvbn-ts-core_clerk.chips.browser_a23c19_5.102.0-canary.v20251017163524.js.gz
- clerk-js/5.102.0-canary.v20251017163524/zxcvbn-ts-core_clerk.chips.browser_a23c19_5.102.0-canary.v20251017163524.min.js.br
- clerk-js/5.102.0-canary.v20251017163524/zxcvbn-ts-core_clerk.chips.browser_a23c19_5.102.0-canary.v20251017163524.min.js.gz
- clerk-js/5.102.0-canary.v20251017163524/zxcvbn-ts-core_clerk.headless.browser_42c5d3_5.102.0-canary.v20251017163524.js.br
- clerk-js/5.102.0-canary.v20251017163524/zxcvbn-ts-core_clerk.headless.browser_42c5d3_5.102.0-canary.v20251017163524.js.gz
- clerk-js/5.102.0-canary.v20251017163524/zxcvbn-ts-core_clerk.headless.browser_42c5d3_5.102.0-canary.v20251017163524.min.js.br
- clerk-js/5.102.0-canary.v20251017163524/zxcvbn-ts-core_clerk.headless.browser_42c5d3_5.102.0-canary.v20251017163524.min.js.gz
- clerk-js/5.102.0-canary.v20251017163524/zxcvbn-ts-core_clerk.legacy.browser_388015_5.102.0-canary.v20251017163524.js.br
- clerk-js/5.102.0-canary.v20251017163524/zxcvbn-ts-core_clerk.legacy.browser_388015_5.102.0-canary.v20251017163524.js.gz
- clerk-js/5.102.0-canary.v20251017163524/zxcvbn-ts-core_clerk.legacy.browser_388015_5.102.0-canary.v20251017163524.min.js.br
- clerk-js/5.102.0-canary.v20251017163524/zxcvbn-ts-core_clerk.legacy.browser_388015_5.102.0-canary.v20251017163524.min.js.gz