config: {"authors":[{"name":"andrewtelnov","email":"andrew.telnov@gmail.com"}],"autoupdate":{"source":"npm","target":"survey-angular","fileMap":[{"basePath":"","files":["survey*"]}]},"description":"survey.js is a JavaScript Survey Library. It is a modern way to add a survey to your website. It uses JSON for survey metadata and results.","filename":"survey.angular.min.js","homepage":"https://surveyjs.org/","keywords":["Survey","JavaScript","Bootstrap","Library","angular","Knockout","angular-component"],"license":"MIT","name":"survey-angular","repository":{"type":"git","url":"git+https://github.com/andrewtelnov/surveyjs.git"},"author":"andrewtelnov \u003candrew.telnov@gmail.com\u003e"}
KV keys:
- survey-angular/1.12.47/survey.angular.d.ts.br
- survey-angular/1.12.47/survey.angular.d.ts.gz
- survey-angular/1.12.47/survey.angular.js.br
- survey-angular/1.12.47/survey.angular.js.gz
- survey-angular/1.12.47/survey.angular.js.map.br
- survey-angular/1.12.47/survey.angular.js.map.gz
- survey-angular/1.12.47/survey.angular.min.js.br
- survey-angular/1.12.47/survey.angular.min.js.gz
- survey-angular/1.12.47/survey.css.br
- survey-angular/1.12.47/survey.css.gz
- survey-angular/1.12.47/survey.css.map.br
- survey-angular/1.12.47/survey.css.map.gz
- survey-angular/1.12.47/survey.min.css.br
- survey-angular/1.12.47/survey.min.css.gz
SRIs:
- survey-angular/1.12.47/survey.angular.js: sha512-H+KweedSg1bLU379a1eTljFBs28r1vAN4zjFhmgcnbKsSXHlh+PtkJQUbMv7t8O0e8AVqenZxrOTl1ZZNNcBKw==
- survey-angular/1.12.47/survey.angular.min.js: sha512-Rkbq4s1Y2rqZY1/i5/WoAyxI4vq26Nb5gPBw/63ok6ngCczkkdX40TxaRBhWFxVgYxLMQP5MksEvJL5l6iJGPg==
- survey-angular/1.12.47/survey.css: sha512-dGphDCpObObySWW/Ns6DnJZ/jAr5V18LgQIYmOglJlw22Nw59TRw+tl8nL+FzyGZi5bU9USENS113XEbo/CVuQ==
- survey-angular/1.12.47/survey.min.css: sha512-QqfqZ+/96Lb4Q0a8D4qZF0xjoTqDGCEk9RpCerLfyuqD8bXJ01Eq00aMxHI0rZk95PpfXVqcR0j9fAIl9lQQ4A==
