2025/03/28 02:15:41 ExtractTarGz: uknown type: 67 in pax_global_header
2025/03/28 02:15:41 optimizing files (Js true, Css true, Png true, Jpg true)
2025/03/28 02:15:41 /tmp/work/dist/bootbox.all.min.js is already compressed
2025/03/28 02:15:41 /tmp/work/dist/bootbox.all.min.js already has corresponding compressed file
2025/03/28 02:15:41 /tmp/work/dist/bootbox.locales.min.js already has corresponding compressed file
2025/03/28 02:15:41 /tmp/work/dist/bootbox.locales.min.js is already compressed
2025/03/28 02:15:41 /tmp/work/dist/bootbox.min.js already has corresponding compressed file
2025/03/28 02:15:41 sri /tmp/work/dist/bootbox.all.min.js -> /output/bootbox.all.min.js.sri
2025/03/28 02:15:41 sri /tmp/work/dist/bootbox.all.js -> /output/bootbox.all.js.sri
2025/03/28 02:15:41 /tmp/work/dist/bootbox.min.js is already compressed
2025/03/28 02:15:41 sri /tmp/work/dist/bootbox.locales.min.js -> /output/bootbox.locales.min.js.sri
2025/03/28 02:15:41 algorithm: run /usr/bin/brotli --quality=11 --output=/output/bootbox.all.js.br /tmp/work/dist/bootbox.all.js
2025/03/28 02:15:41 algorithm: run /usr/bin/brotli --quality=11 --output=/output/bootbox.all.min.js.br /tmp/work/dist/bootbox.all.min.js
2025/03/28 02:15:41 algorithm: run /usr/bin/brotli --quality=11 --output=/output/bootbox.locales.min.js.br /tmp/work/dist/bootbox.locales.min.js
2025/03/28 02:15:41 sri /tmp/work/dist/bootbox.min.js -> /output/bootbox.min.js.sri
2025/03/28 02:15:41 sri /tmp/work/dist/bootbox.locales.js -> /output/bootbox.locales.js.sri
2025/03/28 02:15:41 algorithm: run /usr/bin/brotli --quality=11 --output=/output/bootbox.locales.js.br /tmp/work/dist/bootbox.locales.js
2025/03/28 02:15:41 algorithm: run /usr/bin/brotli --quality=11 --output=/output/bootbox.min.js.br /tmp/work/dist/bootbox.min.js
2025/03/28 02:15:41 sri /tmp/work/dist/bootbox.js -> /output/bootbox.js.sri
2025/03/28 02:15:41 algorithm: run /usr/bin/brotli --quality=11 --output=/output/bootbox.js.br /tmp/work/dist/bootbox.js
2025/03/28 02:15:41 br /tmp/work/dist/bootbox.locales.min.js -> /output/bootbox.locales.min.js.br
2025/03/28 02:15:41 gz /tmp/work/dist/bootbox.locales.min.js -> /output/bootbox.locales.min.js.gz
2025/03/28 02:15:41 br /tmp/work/dist/bootbox.locales.js -> /output/bootbox.locales.js.br
2025/03/28 02:15:41 gz /tmp/work/dist/bootbox.locales.js -> /output/bootbox.locales.js.gz
2025/03/28 02:15:41 br /tmp/work/dist/bootbox.all.min.js -> /output/bootbox.all.min.js.br
2025/03/28 02:15:41 gz /tmp/work/dist/bootbox.all.min.js -> /output/bootbox.all.min.js.gz
2025/03/28 02:15:41 br /tmp/work/dist/bootbox.min.js -> /output/bootbox.min.js.br
2025/03/28 02:15:41 gz /tmp/work/dist/bootbox.min.js -> /output/bootbox.min.js.gz
2025/03/28 02:15:41 br /tmp/work/dist/bootbox.js -> /output/bootbox.js.br
2025/03/28 02:15:41 gz /tmp/work/dist/bootbox.js -> /output/bootbox.js.gz
2025/03/28 02:15:41 br /tmp/work/dist/bootbox.all.js -> /output/bootbox.all.js.br
2025/03/28 02:15:41 gz /tmp/work/dist/bootbox.all.js -> /output/bootbox.all.js.gz
2025/03/28 02:15:41 processed bootbox.js
