config: {"authors":[{"name":"Facebook"}],"autoupdate":{"source":"npm","target":"react-dom","fileMap":[{"basePath":"dist","files":["**/*"]},{"basePath":"","files":["+(cjs|umd)/**/*"]}],"ignoreVersions":["*-alpha.*[a-z]*","0.0.0-*"]},"description":"The entry point of the DOM-related rendering paths. It is intended to be paired with the isomorphic React, which is shipped as react to npm.","filename":"umd/react-dom.production.min.js","homepage":"https://facebook.github.io/react/","keywords":["react","jsx","transformer","view","dom","server"],"license":"MIT","name":"react-dom","repository":{"type":"git","url":"https://github.com/facebook/react"},"author":"Facebook"}
KV keys:
- react-dom/19.2.0-canary-7deda941-20250804/cjs/react-dom-client.development.js.br
- react-dom/19.2.0-canary-7deda941-20250804/cjs/react-dom-client.development.js.gz
- react-dom/19.2.0-canary-7deda941-20250804/cjs/react-dom-client.development.min.js.br
- react-dom/19.2.0-canary-7deda941-20250804/cjs/react-dom-client.development.min.js.gz
- react-dom/19.2.0-canary-7deda941-20250804/cjs/react-dom-client.production.js.br
- react-dom/19.2.0-canary-7deda941-20250804/cjs/react-dom-client.production.js.gz
- react-dom/19.2.0-canary-7deda941-20250804/cjs/react-dom-client.production.min.js.br
- react-dom/19.2.0-canary-7deda941-20250804/cjs/react-dom-client.production.min.js.gz
- react-dom/19.2.0-canary-7deda941-20250804/cjs/react-dom-profiling.development.js.br
- react-dom/19.2.0-canary-7deda941-20250804/cjs/react-dom-profiling.development.js.gz
- react-dom/19.2.0-canary-7deda941-20250804/cjs/react-dom-profiling.development.min.js.br
- react-dom/19.2.0-canary-7deda941-20250804/cjs/react-dom-profiling.development.min.js.gz
- react-dom/19.2.0-canary-7deda941-20250804/cjs/react-dom-profiling.profiling.js.br
- react-dom/19.2.0-canary-7deda941-20250804/cjs/react-dom-profiling.profiling.js.gz
- react-dom/19.2.0-canary-7deda941-20250804/cjs/react-dom-profiling.profiling.min.js.br
- react-dom/19.2.0-canary-7deda941-20250804/cjs/react-dom-profiling.profiling.min.js.gz
- react-dom/19.2.0-canary-7deda941-20250804/cjs/react-dom-server-legacy.browser.development.js.br
- react-dom/19.2.0-canary-7deda941-20250804/cjs/react-dom-server-legacy.browser.development.js.gz
- react-dom/19.2.0-canary-7deda941-20250804/cjs/react-dom-server-legacy.browser.development.min.js.br
- react-dom/19.2.0-canary-7deda941-20250804/cjs/react-dom-server-legacy.browser.development.min.js.gz
- react-dom/19.2.0-canary-7deda941-20250804/cjs/react-dom-server-legacy.browser.production.js.br
- react-dom/19.2.0-canary-7deda941-20250804/cjs/react-dom-server-legacy.browser.production.js.gz
- react-dom/19.2.0-canary-7deda941-20250804/cjs/react-dom-server-legacy.browser.production.min.js.br
- react-dom/19.2.0-canary-7deda941-20250804/cjs/react-dom-server-legacy.browser.production.min.js.gz
- react-dom/19.2.0-canary-7deda941-20250804/cjs/react-dom-server-legacy.node.development.js.br
- react-dom/19.2.0-canary-7deda941-20250804/cjs/react-dom-server-legacy.node.development.js.gz
- react-dom/19.2.0-canary-7deda941-20250804/cjs/react-dom-server-legacy.node.development.min.js.br
- react-dom/19.2.0-canary-7deda941-20250804/cjs/react-dom-server-legacy.node.development.min.js.gz
- react-dom/19.2.0-canary-7deda941-20250804/cjs/react-dom-server-legacy.node.production.js.br
- react-dom/19.2.0-canary-7deda941-20250804/cjs/react-dom-server-legacy.node.production.js.gz
- react-dom/19.2.0-canary-7deda941-20250804/cjs/react-dom-server-legacy.node.production.min.js.br
- react-dom/19.2.0-canary-7deda941-20250804/cjs/react-dom-server-legacy.node.production.min.js.gz
- react-dom/19.2.0-canary-7deda941-20250804/cjs/react-dom-server.browser.development.js.br
- react-dom/19.2.0-canary-7deda941-20250804/cjs/react-dom-server.browser.development.js.gz
- react-dom/19.2.0-canary-7deda941-20250804/cjs/react-dom-server.browser.development.min.js.br
- react-dom/19.2.0-canary-7deda941-20250804/cjs/react-dom-server.browser.development.min.js.gz
- react-dom/19.2.0-canary-7deda941-20250804/cjs/react-dom-server.browser.production.js.br
- react-dom/19.2.0-canary-7deda941-20250804/cjs/react-dom-server.browser.production.js.gz
- react-dom/19.2.0-canary-7deda941-20250804/cjs/react-dom-server.browser.production.min.js.br
- react-dom/19.2.0-canary-7deda941-20250804/cjs/react-dom-server.browser.production.min.js.gz
- react-dom/19.2.0-canary-7deda941-20250804/cjs/react-dom-server.bun.development.js.br
- react-dom/19.2.0-canary-7deda941-20250804/cjs/react-dom-server.bun.development.js.gz
- react-dom/19.2.0-canary-7deda941-20250804/cjs/react-dom-server.bun.development.min.js.br
- react-dom/19.2.0-canary-7deda941-20250804/cjs/react-dom-server.bun.development.min.js.gz
- react-dom/19.2.0-canary-7deda941-20250804/cjs/react-dom-server.bun.production.js.br
- react-dom/19.2.0-canary-7deda941-20250804/cjs/react-dom-server.bun.production.js.gz
- react-dom/19.2.0-canary-7deda941-20250804/cjs/react-dom-server.bun.production.min.js.br
- react-dom/19.2.0-canary-7deda941-20250804/cjs/react-dom-server.bun.production.min.js.gz
- react-dom/19.2.0-canary-7deda941-20250804/cjs/react-dom-server.edge.development.js.br
- react-dom/19.2.0-canary-7deda941-20250804/cjs/react-dom-server.edge.development.js.gz
- react-dom/19.2.0-canary-7deda941-20250804/cjs/react-dom-server.edge.development.min.js.br
- react-dom/19.2.0-canary-7deda941-20250804/cjs/react-dom-server.edge.development.min.js.gz
- react-dom/19.2.0-canary-7deda941-20250804/cjs/react-dom-server.edge.production.js.br
- react-dom/19.2.0-canary-7deda941-20250804/cjs/react-dom-server.edge.production.js.gz
- react-dom/19.2.0-canary-7deda941-20250804/cjs/react-dom-server.edge.production.min.js.br
- react-dom/19.2.0-canary-7deda941-20250804/cjs/react-dom-server.edge.production.min.js.gz
- react-dom/19.2.0-canary-7deda941-20250804/cjs/react-dom-server.node.development.js.br
- react-dom/19.2.0-canary-7deda941-20250804/cjs/react-dom-server.node.development.js.gz
- react-dom/19.2.0-canary-7deda941-20250804/cjs/react-dom-server.node.development.min.js.br
- react-dom/19.2.0-canary-7deda941-20250804/cjs/react-dom-server.node.development.min.js.gz
- react-dom/19.2.0-canary-7deda941-20250804/cjs/react-dom-server.node.production.js.br
- react-dom/19.2.0-canary-7deda941-20250804/cjs/react-dom-server.node.production.js.gz
- react-dom/19.2.0-canary-7deda941-20250804/cjs/react-dom-server.node.production.min.js.br
- react-dom/19.2.0-canary-7deda941-20250804/cjs/react-dom-server.node.production.min.js.gz
- react-dom/19.2.0-canary-7deda941-20250804/cjs/react-dom-test-utils.development.js.br
- react-dom/19.2.0-canary-7deda941-20250804/cjs/react-dom-test-utils.development.js.gz
- react-dom/19.2.0-canary-7deda941-20250804/cjs/react-dom-test-utils.development.min.js.br
- react-dom/19.2.0-canary-7deda941-20250804/cjs/react-dom-test-utils.development.min.js.gz
- react-dom/19.2.0-canary-7deda941-20250804/cjs/react-dom-test-utils.production.js.br
- react-dom/19.2.0-canary-7deda941-20250804/cjs/react-dom-test-utils.production.js.gz
- react-dom/19.2.0-canary-7deda941-20250804/cjs/react-dom-test-utils.production.min.js.br
- react-dom/19.2.0-canary-7deda941-20250804/cjs/react-dom-test-utils.production.min.js.gz
- react-dom/19.2.0-canary-7deda941-20250804/cjs/react-dom.development.js.br
- react-dom/19.2.0-canary-7deda941-20250804/cjs/react-dom.development.js.gz
- react-dom/19.2.0-canary-7deda941-20250804/cjs/react-dom.development.min.js.br
- react-dom/19.2.0-canary-7deda941-20250804/cjs/react-dom.development.min.js.gz
- react-dom/19.2.0-canary-7deda941-20250804/cjs/react-dom.production.js.br
- react-dom/19.2.0-canary-7deda941-20250804/cjs/react-dom.production.js.gz
- react-dom/19.2.0-canary-7deda941-20250804/cjs/react-dom.production.min.js.br
- react-dom/19.2.0-canary-7deda941-20250804/cjs/react-dom.production.min.js.gz
- react-dom/19.2.0-canary-7deda941-20250804/cjs/react-dom.react-server.development.js.br
- react-dom/19.2.0-canary-7deda941-20250804/cjs/react-dom.react-server.development.js.gz
- react-dom/19.2.0-canary-7deda941-20250804/cjs/react-dom.react-server.development.min.js.br
- react-dom/19.2.0-canary-7deda941-20250804/cjs/react-dom.react-server.development.min.js.gz
- react-dom/19.2.0-canary-7deda941-20250804/cjs/react-dom.react-server.production.js.br
- react-dom/19.2.0-canary-7deda941-20250804/cjs/react-dom.react-server.production.js.gz
- react-dom/19.2.0-canary-7deda941-20250804/cjs/react-dom.react-server.production.min.js.br
- react-dom/19.2.0-canary-7deda941-20250804/cjs/react-dom.react-server.production.min.js.gz
SRIs:
- react-dom/19.2.0-canary-7deda941-20250804/cjs/react-dom-profiling.development.js: sha512-7cBMI9jXu3ORe/euUvW/k3aR9jL0c/HbdCAI53xsGsGclp2g8anU/BWbe3AlF0xLE/RzwZTNTYewjqbKUWbDYg==
- react-dom/19.2.0-canary-7deda941-20250804/cjs/react-dom-server-legacy.browser.development.js: sha512-Vg2knX9Kzs2/q3G0FaRw2x6besZ8iWBeJqTnA9UizMavySl8gsKznRvtwjfZPA0exanwpmzFnSgazRyBr29LoA==
- react-dom/19.2.0-canary-7deda941-20250804/cjs/react-dom-server.edge.production.js: sha512-LkcmZ46Irn+DC2SGx9e13f54dm/75WiONI5xWOf3q5At5fdtRiOAMUZondlqX7rgBV1yRmiVsrPCEL6pp5psDQ==
- react-dom/19.2.0-canary-7deda941-20250804/cjs/react-dom-server.node.production.min.js: sha512-/R/KLiykSyzSrWcyG+xh3cmJYB30tOps4D4MLrO0BjeB94cVASmyrM+pvTKLcPvQbsec0O3/dET/SIVihhDcKg==
- react-dom/19.2.0-canary-7deda941-20250804/cjs/react-dom.development.js: sha512-cRarJitzRbV/AGJl4G8CWgABJgRIopKf0Ovjn/74D4IRbchNRbjbyg9SohIoiBOIfw54wxv3YwaoK7sPtuvsBA==
- react-dom/19.2.0-canary-7deda941-20250804/cjs/react-dom.react-server.development.min.js: sha512-1b9jCTs25bhnNk2532SOHabhjJM4xYuCESiKWafsiAb4IYaufMsmTyO91WT7MgaQ/Fx3o4j+eKEaD8KopodjcA==
- react-dom/19.2.0-canary-7deda941-20250804/cjs/react-dom.react-server.production.min.js: sha512-fI0GgF9Uk68BKNAQ75uvhhdLupUrKoBl+2dOhOop1YnljS78zfZJm9r6EROq48GvrUlAKLmvlTRsH3YdL5m32A==
- react-dom/19.2.0-canary-7deda941-20250804/cjs/react-dom-client.development.min.js: sha512-bKl8yt4/hjT0dpM7KD0tgbFmnDEcNaAD6/LHH1k+LSRm7+UlhOGl/KXXUAKEHyD6j5BiKLpsFwe6HVNijM8kvw==
- react-dom/19.2.0-canary-7deda941-20250804/cjs/react-dom-server-legacy.node.production.min.js: sha512-dd3LiQ0wPhoT5+B2s/dK2HPt60rP57e6qyBzu5RgPY31oMR8V31sRcVq11NvlVNtAdRiMEzo2RGFWli9N/JIxQ==
- react-dom/19.2.0-canary-7deda941-20250804/cjs/react-dom-server.browser.development.js: sha512-gixNq33tWwhbNkR+tedJ9GuD1FiQTTgVqgN3QbXZQrXZJyOPQHaWZioWBMBXRyHbKQNk7bkvzsDw0Kb9Rkye+w==
- react-dom/19.2.0-canary-7deda941-20250804/cjs/react-dom-server.bun.development.js: sha512-FjPKC1KKQwdW1HOGy0+VCPjIgqPt+CHmsr8FUsaZOyYPV05X2ksfxNa8AfToNegeopcrdC0loTu+MKfMizR+eA==
- react-dom/19.2.0-canary-7deda941-20250804/cjs/react-dom-test-utils.production.js: sha512-jkoqaAph1QG0Rsi5v6QFKgNiVbYZAAHnJAMKrsaEng593GKYE7QdBtHNvNEnyJXhBy7MahqaZvPLT30h+DAZig==
- react-dom/19.2.0-canary-7deda941-20250804/cjs/react-dom.react-server.development.js: sha512-ryDf/Od0n+5EPUeY4R8BVMHzq8LWL806NK3aDMhpLUiAfIl6iIvBmsS7pgGe1fjEcBiNRoK1+VlBexw0Jhc+dA==
- react-dom/19.2.0-canary-7deda941-20250804/cjs/react-dom.react-server.production.js: sha512-V3XFkvsdCMknd0H0z6fiJ7c7nER0/k01G1Q6xRO5Xe03r/E4DbyUQ5sBB1IiksWuhsPT1hd/EjOvjb1inYfOKw==
- react-dom/19.2.0-canary-7deda941-20250804/cjs/react-dom-profiling.profiling.js: sha512-0VOZWfojmwv8gWkvrApOO3s8RYcz5z3ViKn1fg3PEvgxaLI0NKD66ijjaw6JNGxx6UNLJT4KPS9R4J78Lx2w9A==
- react-dom/19.2.0-canary-7deda941-20250804/cjs/react-dom-profiling.profiling.min.js: sha512-OaUUnmJlgoRBg/47oAhdtTjTFuHZpABn0U/q7HMhgwhFO/Hnb4tSTvGHYx3WMEoCVNqXUizWNv1FenxMnO+B6A==
- react-dom/19.2.0-canary-7deda941-20250804/cjs/react-dom-server-legacy.browser.development.min.js: sha512-XVjzn9KCObjaCSOWxOEKj1LBTw9L25rVQCt+6FtCWVIKjmDqmlSAntOMVmyAyyWdi+5fGa/cQzalVnGRGv8/gA==
- react-dom/19.2.0-canary-7deda941-20250804/cjs/react-dom-server.bun.production.js: sha512-+sxvhZWCV+Pp1Tfr9EuEqa42EgZnjbDKSt/b3ragKpxP7LfuzZymHHtGJJS0BB7XxEqJp4QwActFUN23P8k/cg==
- react-dom/19.2.0-canary-7deda941-20250804/cjs/react-dom-profiling.development.min.js: sha512-hYLe9Ri0wlux8s9UxV2PCxw/L67pdJ9CRkpmEJ18XaL7rnBm2XZnoFCY4s9VT5MxitPs4uyV7rodndoNHyE3bA==
- react-dom/19.2.0-canary-7deda941-20250804/cjs/react-dom-server.bun.production.min.js: sha512-St/TzN5GFA/fH8bNxsDjn5Wt9gRw48X46QPZcstA4KYOyq0cKq4DDtYiqmnnOxhcoZOHh6t16bYcDMncvf1CRA==
- react-dom/19.2.0-canary-7deda941-20250804/cjs/react-dom-server.edge.development.js: sha512-fOnyBdP/whCmw1W+xSb3oXmIeR/8S7Sff7IsthkdLy0Kq7pd4oKdmih4Bh7FuesXJ9VvWzRAkIZ0Djz8TAPDew==
- react-dom/19.2.0-canary-7deda941-20250804/cjs/react-dom-server.node.development.js: sha512-opZ9NesE5bUn2UYLqUTLmZvuaE1g49qS7QudAbB0b0CPsTIlO7ek0mgUIg/pJEIw92Pm8vW7zdAVTuwBIJFGiQ==
- react-dom/19.2.0-canary-7deda941-20250804/cjs/react-dom-server-legacy.node.development.js: sha512-5bSwyOJdF+eL9FcJo4IFNbwimosE3h8ZJrEq/wUGsLTTu1TCA/ESKCjkeB2dQvjDNKDO9a3GUKh2YrO0l3L6WQ==
- react-dom/19.2.0-canary-7deda941-20250804/cjs/react-dom-server-legacy.browser.production.js: sha512-+0xnIkZrmKmD/0iky/Nc7FuSzAc6K56psG6hI38SJZF2u4HwqonbQ2XBx6FdgZn9Pg2tk5ZEmqmS0/D//2Leew==
- react-dom/19.2.0-canary-7deda941-20250804/cjs/react-dom-server.browser.development.min.js: sha512-EBFCtwzpn1WtVT0qzCrFYYOTCgaWVrgj66XAH9QFmVhFS4rpazh5zaZDK41tK3H8LY7yDDIPsTpPu1u3FsPTRg==
- react-dom/19.2.0-canary-7deda941-20250804/cjs/react-dom-server.browser.production.js: sha512-s3siM84K2eqw8Se/3hAyO4UZ12k3gOWmhRwzgG/9r+aHwjEJNBxsmCLsLa+rXU3FQmtEymksnO7VdNz830OMQQ==
- react-dom/19.2.0-canary-7deda941-20250804/cjs/react-dom-server.bun.development.min.js: sha512-82OwTae6TWsnAR+43mvho8z7adGM3L4cpIuKY6Y1Klul07xgCGcSyT0BZRga5bFNcD24DZsv9t61INtVR58xZQ==
- react-dom/19.2.0-canary-7deda941-20250804/cjs/react-dom-test-utils.production.min.js: sha512-7i9t0ZObhvtf6bXCbuUPUW3AkdvGjkN3wJ+Wy1eNzrakcrYWQ2mieiZloe9pfdNx7c3ye/zhZFjluDQttG0gpw==
- react-dom/19.2.0-canary-7deda941-20250804/cjs/react-dom-client.development.js: sha512-EKAfVVOlLVzDfoi7wbORh/mnhwZfkPhhAmsk9g4vEC6HfwOrmTAKYxyNze60eSAgXw17qpuNjz9IViJ4ARCU7A==
- react-dom/19.2.0-canary-7deda941-20250804/cjs/react-dom-server-legacy.node.development.min.js: sha512-YxOjbThmPj3ZWWHZvoIZ03mjk6RfaVc1eSOK1rjzVCPqnBkYM0Je/iJDwA51kT9V/Uvzv3eSHF64fWTd8MtQNA==
- react-dom/19.2.0-canary-7deda941-20250804/cjs/react-dom-server.edge.production.min.js: sha512-pnDjIjyjV/4CsjlOi5jjRJSj9WI3MpKF73LGrectOQootQXJp2WTJ3zvDYU9/XJc5QEbF+UB96p2hGKCL/7GsQ==
- react-dom/19.2.0-canary-7deda941-20250804/cjs/react-dom-server.node.development.min.js: sha512-az9GLcC3KA5RT0V3S/oIZrFiAvqKQEubfba/9IWHg1UZ32VrlswJ7qK3rGsxodU4++HITbtNwAisoMo490JXkg==
- react-dom/19.2.0-canary-7deda941-20250804/cjs/react-dom-test-utils.development.js: sha512-WXOi4X8urnIYjwhn0/ettuwKqfPkRU/SKLAds31Ovg5w/cL3iy7GWQh8DdbUx1afVOJUwhU48fDqX1prORciCQ==
- react-dom/19.2.0-canary-7deda941-20250804/cjs/react-dom.production.js: sha512-9jqRoyl4iF3q+RLqYHk20KS3dWu5MuAKLyYmG+fbeOIJ/gIQSpl8yxmLOcMVnGVPn+5THgxVUQ/YZ6C648BOvg==
- react-dom/19.2.0-canary-7deda941-20250804/cjs/react-dom.production.min.js: sha512-TrwqRdZ+clQWeL+4WX78mP1oTDTThPRajeQgnqQ8S5ZlNISe74kMgxMZQkP80t0omHUNNvfDDi3HVfJ0+w3bEw==
- react-dom/19.2.0-canary-7deda941-20250804/cjs/react-dom-client.production.js: sha512-UWPrw8iT5onMlQ95mjN78X9zDHHrK4Yl7cJ2WzlqLfH1tCIbj3IC1KBfDmQn6MrjHy9CO/o+zopvZ3L+Og2xog==
- react-dom/19.2.0-canary-7deda941-20250804/cjs/react-dom-server.browser.production.min.js: sha512-dVvzAwjj8HeIZCOqSvpzOdJiWZjlZQRUTPAx2DrQqa8YM00ksauoygV6YAtueMo3CB4/kl8cLUa5lvYzeJp8ag==
- react-dom/19.2.0-canary-7deda941-20250804/cjs/react-dom-server.node.production.js: sha512-XE4xxDJwt3A9BcNktjjlx2jM5qc+yWOuRiJkYIXH/3ire13Tv+mAJRbd6XahjU2uSKjb927rCnF5mzCQuFryLw==
- react-dom/19.2.0-canary-7deda941-20250804/cjs/react-dom.development.min.js: sha512-mDPk75BcsdxUexvtUn6tarptgoAAuoac+S3AKdax69N0fruZpP+Z274u9/YO9Cj6SDz53lyz46MWw76W7n9Obg==
- react-dom/19.2.0-canary-7deda941-20250804/cjs/react-dom-client.production.min.js: sha512-KUhM+WTOspnuK5q+psiSd+OA2zFNfthD9y2cYjWdR0MS62pHOgy77KFoXvFMX5kYommotCCXK9/47i12zh5p1w==
- react-dom/19.2.0-canary-7deda941-20250804/cjs/react-dom-server-legacy.node.production.js: sha512-AH2J08O3HQSSV/W2YbIgAIMeU1tbYdcdIh8ai7ctX575QUgGWPa3jNpKEQlM1z86zrrvtSfI9jsWuOmVNZErsg==
- react-dom/19.2.0-canary-7deda941-20250804/cjs/react-dom-server.edge.development.min.js: sha512-r5uPY5OYJuHB4XHo/J3giWDdCZRtdRfEzKjSluvR5XOD2CrLorhooZ/JStIbjT3ke9dXMTA2k5zvbJeuPFxIAA==
- react-dom/19.2.0-canary-7deda941-20250804/cjs/react-dom-test-utils.development.min.js: sha512-zZ3i3o1rgGlQugRndFsHwrDh56QBL4RxBWQsEEZKtI4fmkztffLhS4URazWEluTDK6af7E2vJnk0cDWvTJmBIA==
- react-dom/19.2.0-canary-7deda941-20250804/cjs/react-dom-server-legacy.browser.production.min.js: sha512-DUZWPoEKArp7zG01lEWUbxJPECd/gDhiJXDfpGGDKOTN+um3McCiLna7UqkZTr/3yk45bpkLfP36j9OaWCVS4Q==
