config: {"authors":[{"name":"Clerk"}],"autoupdate":{"source":"npm","target":"@clerk/clerk-js","fileMap":[{"basePath":"dist","files":["*.@(js|cjs|mjs)"]}]},"description":"Clerk JS library","filename":"clerk.min.js","homepage":"https://clerk.com/","keywords":["clerk","auth","authentication","passwordless","session","jwt"],"license":"MIT","name":"clerk-js","repository":{"type":"git","url":"https://github.com/clerk/javascript/tree/main/packages/clerk-js"},"author":"Clerk"}
KV keys:
- clerk-js/5.59.1-canary.v20250407094537/192_71ed2d_5.59.1-canary.v20250407094537.js.br
- clerk-js/5.59.1-canary.v20250407094537/192_71ed2d_5.59.1-canary.v20250407094537.js.gz
- clerk-js/5.59.1-canary.v20250407094537/192_71ed2d_5.59.1-canary.v20250407094537.min.js.br
- clerk-js/5.59.1-canary.v20250407094537/192_71ed2d_5.59.1-canary.v20250407094537.min.js.gz
- clerk-js/5.59.1-canary.v20250407094537/377_3f7a28_5.59.1-canary.v20250407094537.js.br
- clerk-js/5.59.1-canary.v20250407094537/377_3f7a28_5.59.1-canary.v20250407094537.js.gz
- clerk-js/5.59.1-canary.v20250407094537/377_3f7a28_5.59.1-canary.v20250407094537.min.js.br
- clerk-js/5.59.1-canary.v20250407094537/377_3f7a28_5.59.1-canary.v20250407094537.min.js.gz
- clerk-js/5.59.1-canary.v20250407094537/890_3f7a28_5.59.1-canary.v20250407094537.js.br
- clerk-js/5.59.1-canary.v20250407094537/890_3f7a28_5.59.1-canary.v20250407094537.js.gz
- clerk-js/5.59.1-canary.v20250407094537/890_3f7a28_5.59.1-canary.v20250407094537.min.js.br
- clerk-js/5.59.1-canary.v20250407094537/890_3f7a28_5.59.1-canary.v20250407094537.min.js.gz
- clerk-js/5.59.1-canary.v20250407094537/965_3f7a28_5.59.1-canary.v20250407094537.js.br
- clerk-js/5.59.1-canary.v20250407094537/965_3f7a28_5.59.1-canary.v20250407094537.js.gz
- clerk-js/5.59.1-canary.v20250407094537/965_3f7a28_5.59.1-canary.v20250407094537.min.js.br
- clerk-js/5.59.1-canary.v20250407094537/965_3f7a28_5.59.1-canary.v20250407094537.min.js.gz
- clerk-js/5.59.1-canary.v20250407094537/blankcaptcha_71ed2d_5.59.1-canary.v20250407094537.js.br
- clerk-js/5.59.1-canary.v20250407094537/blankcaptcha_71ed2d_5.59.1-canary.v20250407094537.js.gz
- clerk-js/5.59.1-canary.v20250407094537/blankcaptcha_71ed2d_5.59.1-canary.v20250407094537.min.js.br
- clerk-js/5.59.1-canary.v20250407094537/blankcaptcha_71ed2d_5.59.1-canary.v20250407094537.min.js.gz
- clerk-js/5.59.1-canary.v20250407094537/checkout_71ed2d_5.59.1-canary.v20250407094537.js.br
- clerk-js/5.59.1-canary.v20250407094537/checkout_71ed2d_5.59.1-canary.v20250407094537.js.gz
- clerk-js/5.59.1-canary.v20250407094537/checkout_71ed2d_5.59.1-canary.v20250407094537.min.js.br
- clerk-js/5.59.1-canary.v20250407094537/checkout_71ed2d_5.59.1-canary.v20250407094537.min.js.gz
- clerk-js/5.59.1-canary.v20250407094537/clerk.browser.js.br
- clerk-js/5.59.1-canary.v20250407094537/clerk.browser.js.gz
- clerk-js/5.59.1-canary.v20250407094537/clerk.browser.min.js.br
- clerk-js/5.59.1-canary.v20250407094537/clerk.browser.min.js.gz
- clerk-js/5.59.1-canary.v20250407094537/clerk.headless.browser.js.br
- clerk-js/5.59.1-canary.v20250407094537/clerk.headless.browser.js.gz
- clerk-js/5.59.1-canary.v20250407094537/clerk.headless.browser.min.js.br
- clerk-js/5.59.1-canary.v20250407094537/clerk.headless.browser.min.js.gz
- clerk-js/5.59.1-canary.v20250407094537/clerk.headless.js.br
- clerk-js/5.59.1-canary.v20250407094537/clerk.headless.js.gz
- clerk-js/5.59.1-canary.v20250407094537/clerk.headless.min.js.br
- clerk-js/5.59.1-canary.v20250407094537/clerk.headless.min.js.gz
- clerk-js/5.59.1-canary.v20250407094537/clerk.js.br
- clerk-js/5.59.1-canary.v20250407094537/clerk.js.gz
- clerk-js/5.59.1-canary.v20250407094537/clerk.min.js.br
- clerk-js/5.59.1-canary.v20250407094537/clerk.min.js.gz
- clerk-js/5.59.1-canary.v20250407094537/clerk.mjs.br
- clerk-js/5.59.1-canary.v20250407094537/clerk.mjs.gz
- clerk-js/5.59.1-canary.v20250407094537/clerk.no-rhc.js.br
- clerk-js/5.59.1-canary.v20250407094537/clerk.no-rhc.js.gz
- clerk-js/5.59.1-canary.v20250407094537/clerk.no-rhc.min.js.br
- clerk-js/5.59.1-canary.v20250407094537/clerk.no-rhc.min.js.gz
- clerk-js/5.59.1-canary.v20250407094537/clerk.no-rhc.mjs.br
- clerk-js/5.59.1-canary.v20250407094537/clerk.no-rhc.mjs.gz
- clerk-js/5.59.1-canary.v20250407094537/coinbase-wallet-sdk_71ed2d_5.59.1-canary.v20250407094537.js.br
- clerk-js/5.59.1-canary.v20250407094537/coinbase-wallet-sdk_71ed2d_5.59.1-canary.v20250407094537.js.gz
- clerk-js/5.59.1-canary.v20250407094537/coinbase-wallet-sdk_71ed2d_5.59.1-canary.v20250407094537.min.js.br
- clerk-js/5.59.1-canary.v20250407094537/coinbase-wallet-sdk_71ed2d_5.59.1-canary.v20250407094537.min.js.gz
- clerk-js/5.59.1-canary.v20250407094537/coinbase-wallet-sdk_7f0ee5_5.59.1-canary.v20250407094537.js.br
- clerk-js/5.59.1-canary.v20250407094537/coinbase-wallet-sdk_7f0ee5_5.59.1-canary.v20250407094537.js.gz
- clerk-js/5.59.1-canary.v20250407094537/coinbase-wallet-sdk_7f0ee5_5.59.1-canary.v20250407094537.min.js.br
- clerk-js/5.59.1-canary.v20250407094537/coinbase-wallet-sdk_7f0ee5_5.59.1-canary.v20250407094537.min.js.gz
- clerk-js/5.59.1-canary.v20250407094537/cookieSuffix_3f7a28_5.59.1-canary.v20250407094537.js.br
- clerk-js/5.59.1-canary.v20250407094537/cookieSuffix_3f7a28_5.59.1-canary.v20250407094537.js.gz
- clerk-js/5.59.1-canary.v20250407094537/cookieSuffix_3f7a28_5.59.1-canary.v20250407094537.min.js.br
- clerk-js/5.59.1-canary.v20250407094537/cookieSuffix_3f7a28_5.59.1-canary.v20250407094537.min.js.gz
- clerk-js/5.59.1-canary.v20250407094537/cookieSuffix_71ed2d_5.59.1-canary.v20250407094537.js.br
- clerk-js/5.59.1-canary.v20250407094537/cookieSuffix_71ed2d_5.59.1-canary.v20250407094537.js.gz
- clerk-js/5.59.1-canary.v20250407094537/cookieSuffix_71ed2d_5.59.1-canary.v20250407094537.min.js.br
- clerk-js/5.59.1-canary.v20250407094537/cookieSuffix_71ed2d_5.59.1-canary.v20250407094537.min.js.gz
- clerk-js/5.59.1-canary.v20250407094537/cookieSuffix_7f0ee5_5.59.1-canary.v20250407094537.js.br
- clerk-js/5.59.1-canary.v20250407094537/cookieSuffix_7f0ee5_5.59.1-canary.v20250407094537.js.gz
- clerk-js/5.59.1-canary.v20250407094537/cookieSuffix_7f0ee5_5.59.1-canary.v20250407094537.min.js.br
- clerk-js/5.59.1-canary.v20250407094537/cookieSuffix_7f0ee5_5.59.1-canary.v20250407094537.min.js.gz
- clerk-js/5.59.1-canary.v20250407094537/createorganization_71ed2d_5.59.1-canary.v20250407094537.js.br
- clerk-js/5.59.1-canary.v20250407094537/createorganization_71ed2d_5.59.1-canary.v20250407094537.js.gz
- clerk-js/5.59.1-canary.v20250407094537/createorganization_71ed2d_5.59.1-canary.v20250407094537.min.js.br
- clerk-js/5.59.1-canary.v20250407094537/createorganization_71ed2d_5.59.1-canary.v20250407094537.min.js.gz
- clerk-js/5.59.1-canary.v20250407094537/framework_71ed2d_5.59.1-canary.v20250407094537.js.br
- clerk-js/5.59.1-canary.v20250407094537/framework_71ed2d_5.59.1-canary.v20250407094537.js.gz
- clerk-js/5.59.1-canary.v20250407094537/framework_71ed2d_5.59.1-canary.v20250407094537.min.js.br
- clerk-js/5.59.1-canary.v20250407094537/framework_71ed2d_5.59.1-canary.v20250407094537.min.js.gz
- clerk-js/5.59.1-canary.v20250407094537/impersonationfab_71ed2d_5.59.1-canary.v20250407094537.js.br
- clerk-js/5.59.1-canary.v20250407094537/impersonationfab_71ed2d_5.59.1-canary.v20250407094537.js.gz
- clerk-js/5.59.1-canary.v20250407094537/impersonationfab_71ed2d_5.59.1-canary.v20250407094537.min.js.br
- clerk-js/5.59.1-canary.v20250407094537/impersonationfab_71ed2d_5.59.1-canary.v20250407094537.min.js.gz
- clerk-js/5.59.1-canary.v20250407094537/keylessPrompt_71ed2d_5.59.1-canary.v20250407094537.js.br
- clerk-js/5.59.1-canary.v20250407094537/keylessPrompt_71ed2d_5.59.1-canary.v20250407094537.js.gz
- clerk-js/5.59.1-canary.v20250407094537/keylessPrompt_71ed2d_5.59.1-canary.v20250407094537.min.js.br
- clerk-js/5.59.1-canary.v20250407094537/keylessPrompt_71ed2d_5.59.1-canary.v20250407094537.min.js.gz
- clerk-js/5.59.1-canary.v20250407094537/onetap_71ed2d_5.59.1-canary.v20250407094537.js.br
- clerk-js/5.59.1-canary.v20250407094537/onetap_71ed2d_5.59.1-canary.v20250407094537.js.gz
- clerk-js/5.59.1-canary.v20250407094537/onetap_71ed2d_5.59.1-canary.v20250407094537.min.js.br
- clerk-js/5.59.1-canary.v20250407094537/onetap_71ed2d_5.59.1-canary.v20250407094537.min.js.gz
- clerk-js/5.59.1-canary.v20250407094537/op-billing-page_71ed2d_5.59.1-canary.v20250407094537.js.br
- clerk-js/5.59.1-canary.v20250407094537/op-billing-page_71ed2d_5.59.1-canary.v20250407094537.js.gz
- clerk-js/5.59.1-canary.v20250407094537/op-billing-page_71ed2d_5.59.1-canary.v20250407094537.min.js.br
- clerk-js/5.59.1-canary.v20250407094537/op-billing-page_71ed2d_5.59.1-canary.v20250407094537.min.js.gz
- clerk-js/5.59.1-canary.v20250407094537/organizationlist_71ed2d_5.59.1-canary.v20250407094537.js.br
- clerk-js/5.59.1-canary.v20250407094537/organizationlist_71ed2d_5.59.1-canary.v20250407094537.js.gz
- clerk-js/5.59.1-canary.v20250407094537/organizationlist_71ed2d_5.59.1-canary.v20250407094537.min.js.br
- clerk-js/5.59.1-canary.v20250407094537/organizationlist_71ed2d_5.59.1-canary.v20250407094537.min.js.gz
- clerk-js/5.59.1-canary.v20250407094537/organizationprofile_71ed2d_5.59.1-canary.v20250407094537.js.br
- clerk-js/5.59.1-canary.v20250407094537/organizationprofile_71ed2d_5.59.1-canary.v20250407094537.js.gz
- clerk-js/5.59.1-canary.v20250407094537/organizationprofile_71ed2d_5.59.1-canary.v20250407094537.min.js.br
- clerk-js/5.59.1-canary.v20250407094537/organizationprofile_71ed2d_5.59.1-canary.v20250407094537.min.js.gz
- clerk-js/5.59.1-canary.v20250407094537/organizationswitcher_71ed2d_5.59.1-canary.v20250407094537.js.br
- clerk-js/5.59.1-canary.v20250407094537/organizationswitcher_71ed2d_5.59.1-canary.v20250407094537.js.gz
- clerk-js/5.59.1-canary.v20250407094537/organizationswitcher_71ed2d_5.59.1-canary.v20250407094537.min.js.br
- clerk-js/5.59.1-canary.v20250407094537/organizationswitcher_71ed2d_5.59.1-canary.v20250407094537.min.js.gz
- clerk-js/5.59.1-canary.v20250407094537/paymentSources_71ed2d_5.59.1-canary.v20250407094537.js.br
- clerk-js/5.59.1-canary.v20250407094537/paymentSources_71ed2d_5.59.1-canary.v20250407094537.js.gz
- clerk-js/5.59.1-canary.v20250407094537/paymentSources_71ed2d_5.59.1-canary.v20250407094537.min.js.br
- clerk-js/5.59.1-canary.v20250407094537/paymentSources_71ed2d_5.59.1-canary.v20250407094537.min.js.gz
- clerk-js/5.59.1-canary.v20250407094537/prefetchorganizationlist_71ed2d_5.59.1-canary.v20250407094537.js.br
- clerk-js/5.59.1-canary.v20250407094537/prefetchorganizationlist_71ed2d_5.59.1-canary.v20250407094537.js.gz
- clerk-js/5.59.1-canary.v20250407094537/prefetchorganizationlist_71ed2d_5.59.1-canary.v20250407094537.min.js.br
- clerk-js/5.59.1-canary.v20250407094537/prefetchorganizationlist_71ed2d_5.59.1-canary.v20250407094537.min.js.gz
- clerk-js/5.59.1-canary.v20250407094537/pricingTable_71ed2d_5.59.1-canary.v20250407094537.js.br
- clerk-js/5.59.1-canary.v20250407094537/pricingTable_71ed2d_5.59.1-canary.v20250407094537.js.gz
- clerk-js/5.59.1-canary.v20250407094537/pricingTable_71ed2d_5.59.1-canary.v20250407094537.min.js.br
- clerk-js/5.59.1-canary.v20250407094537/pricingTable_71ed2d_5.59.1-canary.v20250407094537.min.js.gz
- clerk-js/5.59.1-canary.v20250407094537/sessionTasks_71ed2d_5.59.1-canary.v20250407094537.js.br
- clerk-js/5.59.1-canary.v20250407094537/sessionTasks_71ed2d_5.59.1-canary.v20250407094537.js.gz
- clerk-js/5.59.1-canary.v20250407094537/sessionTasks_71ed2d_5.59.1-canary.v20250407094537.min.js.br
- clerk-js/5.59.1-canary.v20250407094537/sessionTasks_71ed2d_5.59.1-canary.v20250407094537.min.js.gz
- clerk-js/5.59.1-canary.v20250407094537/signin_71ed2d_5.59.1-canary.v20250407094537.js.br
- clerk-js/5.59.1-canary.v20250407094537/signin_71ed2d_5.59.1-canary.v20250407094537.js.gz
- clerk-js/5.59.1-canary.v20250407094537/signin_71ed2d_5.59.1-canary.v20250407094537.min.js.br
- clerk-js/5.59.1-canary.v20250407094537/signin_71ed2d_5.59.1-canary.v20250407094537.min.js.gz
- clerk-js/5.59.1-canary.v20250407094537/signup_71ed2d_5.59.1-canary.v20250407094537.js.br
- clerk-js/5.59.1-canary.v20250407094537/signup_71ed2d_5.59.1-canary.v20250407094537.js.gz
- clerk-js/5.59.1-canary.v20250407094537/signup_71ed2d_5.59.1-canary.v20250407094537.min.js.br
- clerk-js/5.59.1-canary.v20250407094537/signup_71ed2d_5.59.1-canary.v20250407094537.min.js.gz
- clerk-js/5.59.1-canary.v20250407094537/ui-common_71ed2d_5.59.1-canary.v20250407094537.js.br
- clerk-js/5.59.1-canary.v20250407094537/ui-common_71ed2d_5.59.1-canary.v20250407094537.js.gz
- clerk-js/5.59.1-canary.v20250407094537/ui-common_71ed2d_5.59.1-canary.v20250407094537.min.js.br
- clerk-js/5.59.1-canary.v20250407094537/ui-common_71ed2d_5.59.1-canary.v20250407094537.min.js.gz
- clerk-js/5.59.1-canary.v20250407094537/up-billing-page_71ed2d_5.59.1-canary.v20250407094537.js.br
- clerk-js/5.59.1-canary.v20250407094537/up-billing-page_71ed2d_5.59.1-canary.v20250407094537.js.gz
- clerk-js/5.59.1-canary.v20250407094537/up-billing-page_71ed2d_5.59.1-canary.v20250407094537.min.js.br
- clerk-js/5.59.1-canary.v20250407094537/up-billing-page_71ed2d_5.59.1-canary.v20250407094537.min.js.gz
- clerk-js/5.59.1-canary.v20250407094537/userbutton_71ed2d_5.59.1-canary.v20250407094537.js.br
- clerk-js/5.59.1-canary.v20250407094537/userbutton_71ed2d_5.59.1-canary.v20250407094537.js.gz
- clerk-js/5.59.1-canary.v20250407094537/userbutton_71ed2d_5.59.1-canary.v20250407094537.min.js.br
- clerk-js/5.59.1-canary.v20250407094537/userbutton_71ed2d_5.59.1-canary.v20250407094537.min.js.gz
- clerk-js/5.59.1-canary.v20250407094537/userprofile_71ed2d_5.59.1-canary.v20250407094537.js.br
- clerk-js/5.59.1-canary.v20250407094537/userprofile_71ed2d_5.59.1-canary.v20250407094537.js.gz
- clerk-js/5.59.1-canary.v20250407094537/userprofile_71ed2d_5.59.1-canary.v20250407094537.min.js.br
- clerk-js/5.59.1-canary.v20250407094537/userprofile_71ed2d_5.59.1-canary.v20250407094537.min.js.gz
- clerk-js/5.59.1-canary.v20250407094537/userverification_71ed2d_5.59.1-canary.v20250407094537.js.br
- clerk-js/5.59.1-canary.v20250407094537/userverification_71ed2d_5.59.1-canary.v20250407094537.js.gz
- clerk-js/5.59.1-canary.v20250407094537/userverification_71ed2d_5.59.1-canary.v20250407094537.min.js.br
- clerk-js/5.59.1-canary.v20250407094537/userverification_71ed2d_5.59.1-canary.v20250407094537.min.js.gz
- clerk-js/5.59.1-canary.v20250407094537/vendors_71ed2d_5.59.1-canary.v20250407094537.js.br
- clerk-js/5.59.1-canary.v20250407094537/vendors_71ed2d_5.59.1-canary.v20250407094537.js.gz
- clerk-js/5.59.1-canary.v20250407094537/vendors_71ed2d_5.59.1-canary.v20250407094537.min.js.br
- clerk-js/5.59.1-canary.v20250407094537/vendors_71ed2d_5.59.1-canary.v20250407094537.min.js.gz
- clerk-js/5.59.1-canary.v20250407094537/vendors_7f0ee5_5.59.1-canary.v20250407094537.js.br
- clerk-js/5.59.1-canary.v20250407094537/vendors_7f0ee5_5.59.1-canary.v20250407094537.js.gz
- clerk-js/5.59.1-canary.v20250407094537/vendors_7f0ee5_5.59.1-canary.v20250407094537.min.js.br
- clerk-js/5.59.1-canary.v20250407094537/vendors_7f0ee5_5.59.1-canary.v20250407094537.min.js.gz
- clerk-js/5.59.1-canary.v20250407094537/waitlist_71ed2d_5.59.1-canary.v20250407094537.js.br
- clerk-js/5.59.1-canary.v20250407094537/waitlist_71ed2d_5.59.1-canary.v20250407094537.js.gz
- clerk-js/5.59.1-canary.v20250407094537/waitlist_71ed2d_5.59.1-canary.v20250407094537.min.js.br
- clerk-js/5.59.1-canary.v20250407094537/waitlist_71ed2d_5.59.1-canary.v20250407094537.min.js.gz
- clerk-js/5.59.1-canary.v20250407094537/zxcvbn-common_71ed2d_5.59.1-canary.v20250407094537.js.br
- clerk-js/5.59.1-canary.v20250407094537/zxcvbn-common_71ed2d_5.59.1-canary.v20250407094537.js.gz
- clerk-js/5.59.1-canary.v20250407094537/zxcvbn-common_71ed2d_5.59.1-canary.v20250407094537.min.js.br
- clerk-js/5.59.1-canary.v20250407094537/zxcvbn-common_71ed2d_5.59.1-canary.v20250407094537.min.js.gz
- clerk-js/5.59.1-canary.v20250407094537/zxcvbn-common_7f0ee5_5.59.1-canary.v20250407094537.js.br
- clerk-js/5.59.1-canary.v20250407094537/zxcvbn-common_7f0ee5_5.59.1-canary.v20250407094537.js.gz
- clerk-js/5.59.1-canary.v20250407094537/zxcvbn-common_7f0ee5_5.59.1-canary.v20250407094537.min.js.br
- clerk-js/5.59.1-canary.v20250407094537/zxcvbn-common_7f0ee5_5.59.1-canary.v20250407094537.min.js.gz
- clerk-js/5.59.1-canary.v20250407094537/zxcvbn-ts-core_71ed2d_5.59.1-canary.v20250407094537.js.br
- clerk-js/5.59.1-canary.v20250407094537/zxcvbn-ts-core_71ed2d_5.59.1-canary.v20250407094537.js.gz
- clerk-js/5.59.1-canary.v20250407094537/zxcvbn-ts-core_71ed2d_5.59.1-canary.v20250407094537.min.js.br
- clerk-js/5.59.1-canary.v20250407094537/zxcvbn-ts-core_71ed2d_5.59.1-canary.v20250407094537.min.js.gz
- clerk-js/5.59.1-canary.v20250407094537/zxcvbn-ts-core_7f0ee5_5.59.1-canary.v20250407094537.js.br
- clerk-js/5.59.1-canary.v20250407094537/zxcvbn-ts-core_7f0ee5_5.59.1-canary.v20250407094537.js.gz
- clerk-js/5.59.1-canary.v20250407094537/zxcvbn-ts-core_7f0ee5_5.59.1-canary.v20250407094537.min.js.br
- clerk-js/5.59.1-canary.v20250407094537/zxcvbn-ts-core_7f0ee5_5.59.1-canary.v20250407094537.min.js.gz
SRIs:
- clerk-js/5.59.1-canary.v20250407094537/zxcvbn-common_71ed2d_5.59.1-canary.v20250407094537.min.js: sha512-aCh2ygfnro5vZf81EzHC+a/0h3M9TnJ00IBt7iXKLjzLgyI3auAtH1LiZ+RWZSr6GgzVCxn+vp4qecJpbYQxzQ==
- clerk-js/5.59.1-canary.v20250407094537/965_3f7a28_5.59.1-canary.v20250407094537.min.js: sha512-8uzLXoaBYGUPescFLLI+JOQ6nHcbv51kNZtJPMRklNO6KLP2HpPHiisW7QSSlNGqanUR8dHFY+ctwiarcpekFQ==
- clerk-js/5.59.1-canary.v20250407094537/organizationlist_71ed2d_5.59.1-canary.v20250407094537.min.js: sha512-Pwn9Mir90n7apLfvhjCi83D1NxguvPP/M7qHVo8MxCnFoYqa132pJR2z3CQd7BG0ly+4wfbBzKQWk/3reNZFtA==
- clerk-js/5.59.1-canary.v20250407094537/signin_71ed2d_5.59.1-canary.v20250407094537.js: sha512-qQP+RL04hG40W3H2O8WkI4yFFD4Vp8Xqw8+cAfOclqoVJ4E2wIt68aajbLiUsvQl9SixClEd2I04x15JIDSayA==
- clerk-js/5.59.1-canary.v20250407094537/userverification_71ed2d_5.59.1-canary.v20250407094537.js: sha512-wS6Lxbu2A33o6Nb79K9N7jF/Y0XPAndwaX4Clg/vQeCaffVy8vKT2WGyYDDXpGQ0NOTBVCUGyQ9x7+4+r7LYFw==
- clerk-js/5.59.1-canary.v20250407094537/vendors_7f0ee5_5.59.1-canary.v20250407094537.min.js: sha512-g4RuY+I+s/H0OIi8AxCaJozKGXjtlbcAAqVi+gXahsnCWx34mPL8NnuwatR1VV0s1VEalcS2zUG2iF8tjFP8+A==
- clerk-js/5.59.1-canary.v20250407094537/cookieSuffix_71ed2d_5.59.1-canary.v20250407094537.js: sha512-vg9W90KEqH+vc1JFRH1saEVXiUZnoB4PjRAUIK93ot8dTBNFw5s4bdxfDujpqxfPLF9nfaOTDTwxPkEGE9X40g==
- clerk-js/5.59.1-canary.v20250407094537/paymentSources_71ed2d_5.59.1-canary.v20250407094537.min.js: sha512-OsGS/rwOSe+odxoBeocJVgzztSglIumqzXT+K9rIkqp3Jp3uoxtPmcgOpvnMlnmOmyei2wwoilR6azCE3HcP2w==
- clerk-js/5.59.1-canary.v20250407094537/sessionTasks_71ed2d_5.59.1-canary.v20250407094537.js: sha512-ockF8p7IZH5pmfsVbXzwimGx1Yb0m5AvlvJl9O11iqtqofCZklsaiMD63dMyLwO/eT4Zf70BOSeadHEOhmmCUA==
- clerk-js/5.59.1-canary.v20250407094537/965_3f7a28_5.59.1-canary.v20250407094537.js: sha512-wwA9njlxlsLhRHDycSFJcLeupDJXe/GOIfY77JYrvgr6t0c5yHN47YUjarYBNezgVlk9dqwpLgOictg6x0EW1Q==
- clerk-js/5.59.1-canary.v20250407094537/checkout_71ed2d_5.59.1-canary.v20250407094537.min.js: sha512-zVvY4KBXTJ7+olFTrqqkawLrpUASzNABbYz1pX8k2sywn2SVuQsljmnMq/bHILjFmZ3bH1ASxhbK9ofguCCC1w==
- clerk-js/5.59.1-canary.v20250407094537/signup_71ed2d_5.59.1-canary.v20250407094537.js: sha512-8D6rlICS/yt6RtmYUNw0Ovw6VARhqiX4ZgEnZKsFPSErfkoK4Ii6hXwrW4Vi83ztSL/jR2MMS/rGzkNazTrFNA==
- clerk-js/5.59.1-canary.v20250407094537/ui-common_71ed2d_5.59.1-canary.v20250407094537.js: sha512-sBVm8KfZlScO8mqlkN0xuNaNPK/OK80n6P52oTewk4PBdne+jmgoMOaeWg55kB16J4BCjKwDTN+a8fXBgzE4Xg==
- clerk-js/5.59.1-canary.v20250407094537/up-billing-page_71ed2d_5.59.1-canary.v20250407094537.min.js: sha512-a2oAujBtRptMyMHFAYG/BNPOdQIQCE9A2eceSTZAH0iRU+REI8hpEmqtsOSRh4K///3pmtc1llIuUvdEk/tulQ==
- clerk-js/5.59.1-canary.v20250407094537/clerk.browser.min.js: sha512-m6f45kONzobsn7J4Ng9seQP7ZRUDzkKJjKqUaJHbM5VXIh0SQXMdLEBgivbovhPOv56jG7++ePqGCTPtk7NJog==
- clerk-js/5.59.1-canary.v20250407094537/clerk.headless.js: sha512-qIkuOwjYWS2uyW3Ei/tHSiWcCc40egvgIeULxaLwLKTFoYLTwkuv0PsdHdBC5TVymcjoamRfanSG/zeLRgqX9w==
- clerk-js/5.59.1-canary.v20250407094537/coinbase-wallet-sdk_7f0ee5_5.59.1-canary.v20250407094537.min.js: sha512-0kD7RWMhSF+z/MvkILSfl6UcQjg1zNm89dkKCIrOLsX6MXRYIuziueKxakjzl9lAaeRQaIBOR36CsFouW+/c2Q==
- clerk-js/5.59.1-canary.v20250407094537/userprofile_71ed2d_5.59.1-canary.v20250407094537.min.js: sha512-giEbnOefcq1j8NHB1d3XEbSTUtS5ysGG+xLCsJv/me+rTAzC+OfDSPoHmeIuzWNPMe/QWSgW4Q/ju/VjLn6iIg==
- clerk-js/5.59.1-canary.v20250407094537/coinbase-wallet-sdk_71ed2d_5.59.1-canary.v20250407094537.js: sha512-XmsWgo7P66/MJ98RjH5+xP+jqMIySmYdkUlZU5Y+pQehv4HRBuCOl9E8eCkQMucfhDAbicblzU80MPDVa/Q0dg==
- clerk-js/5.59.1-canary.v20250407094537/organizationswitcher_71ed2d_5.59.1-canary.v20250407094537.js: sha512-gA37+aKFrRM6kD0KPUV2AIMocmJcLc+SYy9epdaguC9LYEI/5kawFxUfzxTbK7UnTT9h8emGp0r149VYQk+BRg==
- clerk-js/5.59.1-canary.v20250407094537/prefetchorganizationlist_71ed2d_5.59.1-canary.v20250407094537.js: sha512-Mmq4uAp0dCe7u5gdD3o6cPepYgI9slRxTqU9ER4IFAE52TkrLoRvnhavRlpUhhxmSnNHZ6DibV2AznPdUeLolg==
- clerk-js/5.59.1-canary.v20250407094537/zxcvbn-ts-core_7f0ee5_5.59.1-canary.v20250407094537.min.js: sha512-ehVFQI3Q5B22PedBZ61SoCgmlVgE/7x8GtncAZJHp9Y4jjysZ6bykR43MSAJNr8sIV/Ea3pLNmWqzOIEmNhMSw==
- clerk-js/5.59.1-canary.v20250407094537/pricingTable_71ed2d_5.59.1-canary.v20250407094537.js: sha512-8LBBC+aA1+Be0K1SLucKObXwtUB7JZkZyzri7eue48AP51JQkJcG8WmwiB0nbwB30KHCDCKj8A2l60F9RMTOsA==
- clerk-js/5.59.1-canary.v20250407094537/clerk.headless.browser.js: sha512-WcqG+iKyNtCbulrn0Gm+++OCgkOhjxZPJZ4hNzi0/Iv2+raV7gayVLhB2/eeJJnPzb5VWCrgBfBoOFxXfnZvvQ==
- clerk-js/5.59.1-canary.v20250407094537/coinbase-wallet-sdk_7f0ee5_5.59.1-canary.v20250407094537.js: sha512-zsMxKfk3FVycks+FAkdfYxN5nPwWS2YwahF3420dqllixlk5RFx/tG+bLIG0F7HmXPvTwLkzLZQQzBrDvQaIVQ==
- clerk-js/5.59.1-canary.v20250407094537/cookieSuffix_7f0ee5_5.59.1-canary.v20250407094537.js: sha512-IJE0CiJEmdq03APLKkIPgq2PbtP14FrxDhSgsZ2Y9XfYD9CxRjUvXffvbzdaio5H6aCgWKbQ2k/1+J+EsNDvew==
- clerk-js/5.59.1-canary.v20250407094537/framework_71ed2d_5.59.1-canary.v20250407094537.min.js: sha512-HEOozu01OzUjoYEygMb4koxRRbaZrW0jTd4dTD5wkUajtxCXFhGEN036JGc0rCcfARtYiWh4ptj65vIovYgydg==
- clerk-js/5.59.1-canary.v20250407094537/onetap_71ed2d_5.59.1-canary.v20250407094537.js: sha512-ECzz2S+Rh24+fGNgGcEm60efcnWKXLUfvhRidTerEVzTqvR0bIVm1l0O2SojWRW/bavukVZHHjH6lZMZBQnXMw==
- clerk-js/5.59.1-canary.v20250407094537/vendors_71ed2d_5.59.1-canary.v20250407094537.min.js: sha512-O51Eces2zLlh7QjLY5JOQ4wtT82MAVhFtyRzPxwAjD5jK/Y6RrDQpF5kwY8G+05macoTaxJVaU4A05D4c81rTw==
- clerk-js/5.59.1-canary.v20250407094537/waitlist_71ed2d_5.59.1-canary.v20250407094537.min.js: sha512-RqAghIRYQ2aSyatbuhzRoV/if/OWHSaPIdOHVytoSFUa+dKZnn6s9c1VWUex2IvtO1we3iVGTyFdgg/57WXR+w==
- clerk-js/5.59.1-canary.v20250407094537/zxcvbn-ts-core_71ed2d_5.59.1-canary.v20250407094537.js: sha512-u1R07OFG77/ApUc4X39jIggIaisrN9w+/I/bMkjOmgcCYIsM1u3/GJBonYkOC6KFAAyoCbEaTQfg7yI8pqKQMQ==
- clerk-js/5.59.1-canary.v20250407094537/clerk.no-rhc.min.js: sha512-gLJzq1mxtVKKQgtkJ1ZIogsigF65eb/qLw6v8b1LjAYz71O+kjjzxFygVmCSw89Fz2b+QuEQAEnSq/dQx5h2PQ==
- clerk-js/5.59.1-canary.v20250407094537/cookieSuffix_3f7a28_5.59.1-canary.v20250407094537.js: sha512-DbbncaS2EQBxFJTxSV84ifuy40zRRwOUsx11FPksOP6nbyXhy+a+lxx5qT7zo6kSuMbAeHP0IBvdKuLx+5wlsA==
- clerk-js/5.59.1-canary.v20250407094537/onetap_71ed2d_5.59.1-canary.v20250407094537.min.js: sha512-NC0/ZGqOAdTjYkg4+oNDPmvwYQlxLzp8iyiXGOIMZC2WkXAWKOmCmzcjIynrLFdMBsesMEr/Kaq5oY4LahQqzw==
- clerk-js/5.59.1-canary.v20250407094537/op-billing-page_71ed2d_5.59.1-canary.v20250407094537.min.js: sha512-Yz3uZEuzsLwCJYdKoaj+52uRVuouPKCWBMiq7VVX6orbv8yGeThLcCjOxwRB8UXiFPmXmdACexJi+wpwbW2flA==
- clerk-js/5.59.1-canary.v20250407094537/organizationprofile_71ed2d_5.59.1-canary.v20250407094537.js: sha512-hO5KCl6rLE9y4tcoQNh59BdWABqFClT1o7jb2M99XehfOW0PkHW9dGXm7iZ32W41zUCQSBb9quyDsQVtCDwlVA==
- clerk-js/5.59.1-canary.v20250407094537/zxcvbn-ts-core_71ed2d_5.59.1-canary.v20250407094537.min.js: sha512-ehVFQI3Q5B22PedBZ61SoCgmlVgE/7x8GtncAZJHp9Y4jjysZ6bykR43MSAJNr8sIV/Ea3pLNmWqzOIEmNhMSw==
- clerk-js/5.59.1-canary.v20250407094537/signin_71ed2d_5.59.1-canary.v20250407094537.min.js: sha512-ctIvIA8iw7JZlF3QScPAKNffdkkrIeDMIE8S4697fEH/w1NQP1/dOjVfIyftx+DlWH2iydR5Subjc1H5yVd6gw==
- clerk-js/5.59.1-canary.v20250407094537/vendors_71ed2d_5.59.1-canary.v20250407094537.js: sha512-6BKrvRB+VJBKvIStA6mCtcs2Zaf4w1xw7ujU4JkwTEVTt34x4ymkfrJFQnXVLjDUrKGdW5xbFF2qEfqfaacH3g==
- clerk-js/5.59.1-canary.v20250407094537/377_3f7a28_5.59.1-canary.v20250407094537.js: sha512-zc8F3yZk25QQjJrOShqLpeNBhA8ix9HZTcTIrQiPU60F0OKzyPgSPRi+CPwhDzAP7iSnJme4ws73O3/7Qicq0w==
- clerk-js/5.59.1-canary.v20250407094537/keylessPrompt_71ed2d_5.59.1-canary.v20250407094537.js: sha512-P/dT2SkEDq5xeohTWp7qYHm6DvBAr4HpSu6qewZdptRz2v6diGRllY+s5FJUPAPOKVM2g7gfY81CeNVDtiu8vg==
- clerk-js/5.59.1-canary.v20250407094537/op-billing-page_71ed2d_5.59.1-canary.v20250407094537.js: sha512-KYpmILSv2HX3b1Qy4YJkB5q75yYCm68pwJIJnWDZ6JkcxM5IC5/rGph83QNvhg/vQAOQcms1Zqk113hgkyQUUg==
- clerk-js/5.59.1-canary.v20250407094537/paymentSources_71ed2d_5.59.1-canary.v20250407094537.js: sha512-X+d4WA1nlmLJIrqApNEQSueerYcMYJ9z3oFU6XlX2hAS2aPqa93LsHZjH+9wS/eh9ZBT8/UWU4UgUm54mN6eIA==
- clerk-js/5.59.1-canary.v20250407094537/sessionTasks_71ed2d_5.59.1-canary.v20250407094537.min.js: sha512-jkhMzuE9rgQqXH3B4//pTdUxLmhGDaDWfCF41b6GST3N9JvzBZvXVufHL3KOzNWJVYfd6Z6jicPeDwlQcCAvrg==
- clerk-js/5.59.1-canary.v20250407094537/vendors_7f0ee5_5.59.1-canary.v20250407094537.js: sha512-uQG8M2yNSlwoHm6Sg6JdCvPDoQ7qaIkO8iF3eO2ldvyd5Gr97Maa1xjlFve1lrqXqxyFOtOtzRH6YvV4SYgWQA==
- clerk-js/5.59.1-canary.v20250407094537/192_71ed2d_5.59.1-canary.v20250407094537.min.js: sha512-DBcKNYpe/0v32yoAXVrsmSw8NDhXdOv1+9cFa2iqpQD0gAYj3GxfkWDyDlAGYtheYk25I1S/uB3ScmZmTVstLQ==
- clerk-js/5.59.1-canary.v20250407094537/clerk.browser.js: sha512-yaq47CHoSvF+3YgBRZlPq9A1r/ysLWoFmzdYCn6feCxUVAtUS374Arw9+4zecS5pZf+9WgelG2jCgTJMksEXYg==
- clerk-js/5.59.1-canary.v20250407094537/clerk.js: sha512-aU4bPJYuIpw/+GpRciEwN+4DI2KY7Mwm5mfiGq5xlxJKMLGxcMCqGYEfgosfh8YwINYGfscls3HJK5z3bC0bKA==
- clerk-js/5.59.1-canary.v20250407094537/organizationlist_71ed2d_5.59.1-canary.v20250407094537.js: sha512-QK1whvW7nGVRrkoW5gj30Y1QA+LpWHF8rixavdegds3U52La87+55mn9SpO3+Up/aHXRPN7x8GCDJh5oTHx5FQ==
- clerk-js/5.59.1-canary.v20250407094537/ui-common_71ed2d_5.59.1-canary.v20250407094537.min.js: sha512-zmlThwPzGN8BgBgjFuwEiVxjF3mwTE7eaGxRln7tqtW/fgtMutYqD4Yd15pJmURCv1mf9hbSQaS2rL80Jd9u3g==
- clerk-js/5.59.1-canary.v20250407094537/userbutton_71ed2d_5.59.1-canary.v20250407094537.min.js: sha512-kBIDwVZh+wRwFe1U9TuAIHtbSbC9Azk/9DawjWnskqqzi4XDbjhzdCh1SaxyX9C39i68wpTyl3EqOtGF/YPrzw==
- clerk-js/5.59.1-canary.v20250407094537/clerk.min.js: sha512-vKD4F1P64tHYF4mQOP+BqW7dx0XbnN1+WNdvmHOFXKO2HRrDtZuNv/iy3qQtkg3LagrajH01L1TepqLeGNfVeg==
- clerk-js/5.59.1-canary.v20250407094537/keylessPrompt_71ed2d_5.59.1-canary.v20250407094537.min.js: sha512-8+yIJP1jf3O1355Y3Ns+r4kiItKH6Klx2iESNioYjJio/pw/L78IbwlZAkq5xliqqO2Kbdgb3glivYcUF8Q7hg==
- clerk-js/5.59.1-canary.v20250407094537/organizationprofile_71ed2d_5.59.1-canary.v20250407094537.min.js: sha512-ucwEdqRqDmt2Auv5lDFUwHeXDyijr7Vz8cEJM9HyMjkp74ieUnobBEhL8qscesh2DIV65y6ye9KjiCzQfEdUfw==
- clerk-js/5.59.1-canary.v20250407094537/organizationswitcher_71ed2d_5.59.1-canary.v20250407094537.min.js: sha512-0IFP/Qs/uFcXlVBAujgzlVS6QmCzAOmz9kieZIPyyCDA/fIWNQVqAjmC5OknKto/OY6tlJfsgnzErmgtPnTG0Q==
- clerk-js/5.59.1-canary.v20250407094537/prefetchorganizationlist_71ed2d_5.59.1-canary.v20250407094537.min.js: sha512-m1tgn8ek0bXf/Q6UlC6vt8wbU11+T80PUTFj7GRdd3fIbpJy5FQ4zWRZg1wD6EFuMZiVKXwXz+egZOo22DVgXA==
- clerk-js/5.59.1-canary.v20250407094537/192_71ed2d_5.59.1-canary.v20250407094537.js: sha512-LPfCBvuKdn739Zy8MMJiRbnUBfFSZX36DUBocXJl30BLML0GBj39Wf7xIfV6dQW+Fr+y0j5X+Mo/BynvKiGn2w==
- clerk-js/5.59.1-canary.v20250407094537/890_3f7a28_5.59.1-canary.v20250407094537.js: sha512-fJyLr7eyoRcxY4VoMqOrIvUfxOV20tqKiaz+bSQ7mdi09zQ7lwu2ZNK8F+hkpZXWjfH1fbNLGhqXXW/pvdMjTQ==
- clerk-js/5.59.1-canary.v20250407094537/clerk.headless.min.js: sha512-BRmcOtwwORT0xhJUqgJ+jvh8Rb831xnpZ0iKzHBvhhpiq85C++Q+OxN4mGmhbigOdavWytyz7YkIOdXkLPyQjg==
- clerk-js/5.59.1-canary.v20250407094537/up-billing-page_71ed2d_5.59.1-canary.v20250407094537.js: sha512-fiHx3K3Ftn5jEAjDg2Z6ohmNohTUBJUbYR6KksmI0H+yd/0M0efTkf3Nv5ZL6T5Vb0wvCv2bGq9MyQ/1BpaYFw==
- clerk-js/5.59.1-canary.v20250407094537/waitlist_71ed2d_5.59.1-canary.v20250407094537.js: sha512-gRg7wP4lSHGEVpXiy05PY9dN1ODepucznP3phWJFdVUB5423gys0ApsTeariaechU5keS4UPzCLDlc419Lf5Og==
- clerk-js/5.59.1-canary.v20250407094537/cookieSuffix_7f0ee5_5.59.1-canary.v20250407094537.min.js: sha512-IJE0CiJEmdq03APLKkIPgq2PbtP14FrxDhSgsZ2Y9XfYD9CxRjUvXffvbzdaio5H6aCgWKbQ2k/1+J+EsNDvew==
- clerk-js/5.59.1-canary.v20250407094537/createorganization_71ed2d_5.59.1-canary.v20250407094537.min.js: sha512-ifo2cpTxEYOUqVfYDlUKl2eEfrGLnY45WiCKssq/eJtmwu7PdDf1bof2HeWs/PeWptu05/H+zxclYDPxCGT30A==
- clerk-js/5.59.1-canary.v20250407094537/890_3f7a28_5.59.1-canary.v20250407094537.min.js: sha512-hEF1K43aQMqG+pijiViKx6kafnm8kQiXYv2ecFOJb274GXeRhb+1rUWzQsXEuBYEP6kYZlZGr2l5QBu6yPY9Ww==
- clerk-js/5.59.1-canary.v20250407094537/blankcaptcha_71ed2d_5.59.1-canary.v20250407094537.min.js: sha512-+OzhVMBdDxGDvp/Tkfa9KCrX7+We/KZ2M/0d33WR5t57p3OVV5c1rv9mltcs6QvV0e5MgSi6yJ235w2lqYLOAw==
- clerk-js/5.59.1-canary.v20250407094537/checkout_71ed2d_5.59.1-canary.v20250407094537.js: sha512-KjIjAFTC15CANjD/qh5Y/W3zPaM2XZVFTEbC45o4K97h46lWYB/G+rGJDEnTQPpJyG4vzOYIvdYAxyiXaJdLXw==
- clerk-js/5.59.1-canary.v20250407094537/clerk.no-rhc.js: sha512-6WinOR1uIalF2Lg6ia5a9lXlq4Z/8FeE9v7elKsAv5bkZM9rdDb/aWr/bhttcgJyw5tpPYcUBqB5Rb3jDglj5g==
- clerk-js/5.59.1-canary.v20250407094537/cookieSuffix_71ed2d_5.59.1-canary.v20250407094537.min.js: sha512-vg9W90KEqH+vc1JFRH1saEVXiUZnoB4PjRAUIK93ot8dTBNFw5s4bdxfDujpqxfPLF9nfaOTDTwxPkEGE9X40g==
- clerk-js/5.59.1-canary.v20250407094537/createorganization_71ed2d_5.59.1-canary.v20250407094537.js: sha512-B7v8/gHj4qW79CXh1P8V99rK8L+6A+oSeg4eSzLqVFn4Nmd2QjsG1gk5nfDlMrAcrOKIt4m+tLhfDAVBOSkagQ==
- clerk-js/5.59.1-canary.v20250407094537/framework_71ed2d_5.59.1-canary.v20250407094537.js: sha512-tzb6+xSCXoHW1A/3MvW/WzBy3nMxuZEp/FmtWopEUDBhpxur1MmgmFPyLowrAEXTntykggo2DAQQxBxeFDT5ug==
- clerk-js/5.59.1-canary.v20250407094537/userverification_71ed2d_5.59.1-canary.v20250407094537.min.js: sha512-nN50ec8cRhv/ozDDa0qMtgNmujjARXEUGImTC8i83HGro1nT0aA358/jGnWColcCmVMUWaLqvVKro+c+y29GMQ==
- clerk-js/5.59.1-canary.v20250407094537/zxcvbn-common_71ed2d_5.59.1-canary.v20250407094537.js: sha512-gwix3ZNtw1TFm23lywvPd2Ibw3+NOUxGSfpWkDhBtznjqXZw9sYOylp0NmN8iwaLQ6vc+D0Srw/hORbGdD3sPA==
- clerk-js/5.59.1-canary.v20250407094537/pricingTable_71ed2d_5.59.1-canary.v20250407094537.min.js: sha512-Wo1pZvffWUtzZtZggF4oZJKAw77JYqUIqq1ZWNMUt0+5avFQQ6WiJH88B8fENjZslC36ciXpldkpp1YDuIa+zw==
- clerk-js/5.59.1-canary.v20250407094537/signup_71ed2d_5.59.1-canary.v20250407094537.min.js: sha512-MvEh+Ib5BlIDpx4jg2jn/Pj68XVICusoN4jVYE8Yyw04dZ0SAaYNrmjBqBdoaeaud7gf2nIUkx/6s8A+IqC2+g==
- clerk-js/5.59.1-canary.v20250407094537/zxcvbn-common_7f0ee5_5.59.1-canary.v20250407094537.js: sha512-boX5uXNRQZQYN/W2CHlD1c+GxJz/eIvxQEB/NHUf35Kqhj/LVz3BNsbzlnJ//KfJNGLq2kp2aOx1pEYCA2ZJ1g==
- clerk-js/5.59.1-canary.v20250407094537/zxcvbn-common_7f0ee5_5.59.1-canary.v20250407094537.min.js: sha512-y9gRF5Ka0unhVB2xoG/Bj2bzMBaPmpTTA9TH7eV8uiBXGRYf00rNezp5SflLdYFXtbsBj8le/1j/wf0t9ArKog==
- clerk-js/5.59.1-canary.v20250407094537/userbutton_71ed2d_5.59.1-canary.v20250407094537.js: sha512-Y550+/951K/GedpL0i2X4TwyCUcXma6zu5TEP9BS1FjFMB69UXSGeynfvw4aQL0cxlYpVt+hA0GfuG1sx/V+2A==
- clerk-js/5.59.1-canary.v20250407094537/zxcvbn-ts-core_7f0ee5_5.59.1-canary.v20250407094537.js: sha512-u1R07OFG77/ApUc4X39jIggIaisrN9w+/I/bMkjOmgcCYIsM1u3/GJBonYkOC6KFAAyoCbEaTQfg7yI8pqKQMQ==
- clerk-js/5.59.1-canary.v20250407094537/blankcaptcha_71ed2d_5.59.1-canary.v20250407094537.js: sha512-K/LKg2bGL57gXt4bFmluvJGVbQU3KMeh17Dc6awBvqEDlUWhLewrBxRY792j2mNs/wmScrBe+apT7pLPyGzceQ==
- clerk-js/5.59.1-canary.v20250407094537/coinbase-wallet-sdk_71ed2d_5.59.1-canary.v20250407094537.min.js: sha512-xFKf1REnhu8jteRUwRyXmjyDzXeHocWG4/flkSvB6sadgAwfoia2Ji5mEd5RLnFhNaUYMZ1R0uODgRfMb+9zEg==
- clerk-js/5.59.1-canary.v20250407094537/cookieSuffix_3f7a28_5.59.1-canary.v20250407094537.min.js: sha512-4EUpSUHonBKrBJLqwevyDFCyTVJz/+Wr7b2xKgHYgjZt1NZtxiTd/kVMpRKuzrZTgnG5XlpPer2sG76Xz14NSQ==
- clerk-js/5.59.1-canary.v20250407094537/impersonationfab_71ed2d_5.59.1-canary.v20250407094537.js: sha512-+BfcjuQgwYwffxDfPJVVoh2lYtTD6Wjc3un0LcUNff+HMs9VfgWgwDgjNLGIlVN8S+pWtX3HWibS84e3i+67Fw==
- clerk-js/5.59.1-canary.v20250407094537/impersonationfab_71ed2d_5.59.1-canary.v20250407094537.min.js: sha512-ns2BtdBss40yzbBYFo3m+Vip8Fg1WGEYn8CURL8UhuiEvIq8UrEkgYAhnwAwsWiWSAJLSTE9uA4CrBy+ukChbA==
- clerk-js/5.59.1-canary.v20250407094537/377_3f7a28_5.59.1-canary.v20250407094537.min.js: sha512-F6coj+HeCu/LQQe+SxnItti0GzOGI0YQuh4qx7obTnNRIPOEqdjguZZr+5XGt0IWnPYy0g3HAaw5wz05SJViWQ==
- clerk-js/5.59.1-canary.v20250407094537/clerk.headless.browser.min.js: sha512-uS6HMe3WYut64NlQPFALCpZzmQXdKo3XsE+tu5n+OpFFfFAouu9aJ60iIq/5owV4TDH8/LYFSsBsb7HMMPJccQ==
- clerk-js/5.59.1-canary.v20250407094537/userprofile_71ed2d_5.59.1-canary.v20250407094537.js: sha512-59SjQ1Sqg+WeyS7LyK1xSI39C8uBzGuHszQowbSdkCdsobfCimidKktmk9jMTOVvDuq25fWTQmxguqa1LGEpwA==
