config: {"authors":[{"name":"ruffle contributors","url":"https://github.com/ruffle-rs/ruffle/graphs/contributors"}],"autoupdate":{"source":"npm","target":"@ruffle-rs/ruffle","fileMap":[{"basePath":"","files":["*.@(js|wasm)"]}]},"description":"Putting Flash back on the web. Ruffle will polyfill all Flash content and replace it with the Ruffle flash player.","filename":"ruffle.js","homepage":"https://ruffle.rs","keywords":["flash","swf"],"license":"(MIT OR Apache-2.0)","name":"ruffle-rs","repository":{"type":"git","url":"git+https://github.com/ruffle-rs/ruffle.git"},"author":"ruffle contributors (https://github.com/ruffle-rs/ruffle/graphs/contributors)"}
KV keys:
- ruffle-rs/0.2.0-nightly.2025.9.2/01862bd30bd6a4581640.wasm.br
- ruffle-rs/0.2.0-nightly.2025.9.2/01862bd30bd6a4581640.wasm.gz
- ruffle-rs/0.2.0-nightly.2025.9.2/24ab5709d9943c86ae5a.wasm.br
- ruffle-rs/0.2.0-nightly.2025.9.2/24ab5709d9943c86ae5a.wasm.gz
- ruffle-rs/0.2.0-nightly.2025.9.2/core.ruffle.403f01c901e3336d85fd.js.br
- ruffle-rs/0.2.0-nightly.2025.9.2/core.ruffle.403f01c901e3336d85fd.js.gz
- ruffle-rs/0.2.0-nightly.2025.9.2/core.ruffle.403f01c901e3336d85fd.min.js.br
- ruffle-rs/0.2.0-nightly.2025.9.2/core.ruffle.403f01c901e3336d85fd.min.js.gz
- ruffle-rs/0.2.0-nightly.2025.9.2/core.ruffle.bdb3ff076125fad8e3a3.js.br
- ruffle-rs/0.2.0-nightly.2025.9.2/core.ruffle.bdb3ff076125fad8e3a3.js.gz
- ruffle-rs/0.2.0-nightly.2025.9.2/core.ruffle.bdb3ff076125fad8e3a3.min.js.br
- ruffle-rs/0.2.0-nightly.2025.9.2/core.ruffle.bdb3ff076125fad8e3a3.min.js.gz
- ruffle-rs/0.2.0-nightly.2025.9.2/ruffle.js.br
- ruffle-rs/0.2.0-nightly.2025.9.2/ruffle.js.gz
- ruffle-rs/0.2.0-nightly.2025.9.2/ruffle.min.js.br
- ruffle-rs/0.2.0-nightly.2025.9.2/ruffle.min.js.gz
SRIs:
- ruffle-rs/0.2.0-nightly.2025.9.2/core.ruffle.403f01c901e3336d85fd.js: sha512-dWzd9zoFRpUXZPZWhTtil0MI+X4IijR0fC30UERADwiEnb40jAhcgOhQyxcVC4qCcKMBWePnLiog/3K5jjzK6g==
- ruffle-rs/0.2.0-nightly.2025.9.2/core.ruffle.403f01c901e3336d85fd.min.js: sha512-uxq3EmLgJJv0/ervUaa642//3sxzDdaBktpEiyFpvxBKY68JduswrdoNywOWsLjCAFwUBNFfFopM2MKuM83rQw==
- ruffle-rs/0.2.0-nightly.2025.9.2/core.ruffle.bdb3ff076125fad8e3a3.js: sha512-p6/dSdfP3JNNnXZf7kJ8YlB15jWh3NHAfiTKZ/I/aIv/s7Bj/3PXEx5nmadmuBlrkQEyvoVIPjAhMtYA+g1A9g==
- ruffle-rs/0.2.0-nightly.2025.9.2/core.ruffle.bdb3ff076125fad8e3a3.min.js: sha512-kKX14tbGyzTRzPYc6dHqaP1z8HIy7LHY9UqSka39ymTTIoDYs5wQ+whFFwwa88bXNTpBCnPS2hJqbM3Yf1vZ5g==
- ruffle-rs/0.2.0-nightly.2025.9.2/ruffle.js: sha512-O3SyWwE1B8n/m6ffgwSpwa3RGKObyeAcpUbQoPm3l0njESIlVLjTxJ0o27QbixAlo0L6AjxMl0PddH0MwJCkNg==
- ruffle-rs/0.2.0-nightly.2025.9.2/ruffle.min.js: sha512-GU4pbEJvEZVskeZnRsbe8/0AHndq+Qhs/e2sb64vfv+6WEpiVmI+d1a++oXqRGaLHGIug0h0seX6Q593QaR6aA==
