config: {"authors":[{"name":"Johan Sörlin","email":"spocke@moxiecode.com"}],"autoupdate":{"source":"npm","target":"tinymce","fileMap":[{"basePath":"","files":["**/*.min.+(css|js|map)","skins/lightgray/img/*","skins/lightgray/fonts/*","plugins/**/plugin.js","plugins/**/i18n/**/*.js","plugins/**/*.!(js)"]}]},"description":"TinyMCE rich text editor","filename":"tinymce.min.js","homepage":"http://www.tinymce.com","keywords":["tinymce","editor","wysiwyg"],"license":"LGPL-2.0","name":"tinymce","repository":{"type":"git","url":"https://github.com/tinymce/tinymce.git"},"author":"Johan Sörlin \u003cspocke@moxiecode.com\u003e"}
KV keys:
- tinymce/7.6.0/icons/default/icons.min.js.br
- tinymce/7.6.0/icons/default/icons.min.js.gz
- tinymce/7.6.0/models/dom/model.min.js.br
- tinymce/7.6.0/models/dom/model.min.js.gz
- tinymce/7.6.0/plugins/accordion/plugin.js.br
- tinymce/7.6.0/plugins/accordion/plugin.js.gz
- tinymce/7.6.0/plugins/accordion/plugin.min.js.br
- tinymce/7.6.0/plugins/accordion/plugin.min.js.gz
- tinymce/7.6.0/plugins/advlist/plugin.js.br
- tinymce/7.6.0/plugins/advlist/plugin.js.gz
- tinymce/7.6.0/plugins/advlist/plugin.min.js.br
- tinymce/7.6.0/plugins/advlist/plugin.min.js.gz
- tinymce/7.6.0/plugins/anchor/plugin.js.br
- tinymce/7.6.0/plugins/anchor/plugin.js.gz
- tinymce/7.6.0/plugins/anchor/plugin.min.js.br
- tinymce/7.6.0/plugins/anchor/plugin.min.js.gz
- tinymce/7.6.0/plugins/autolink/plugin.js.br
- tinymce/7.6.0/plugins/autolink/plugin.js.gz
- tinymce/7.6.0/plugins/autolink/plugin.min.js.br
- tinymce/7.6.0/plugins/autolink/plugin.min.js.gz
- tinymce/7.6.0/plugins/autoresize/plugin.js.br
- tinymce/7.6.0/plugins/autoresize/plugin.js.gz
- tinymce/7.6.0/plugins/autoresize/plugin.min.js.br
- tinymce/7.6.0/plugins/autoresize/plugin.min.js.gz
- tinymce/7.6.0/plugins/autosave/plugin.js.br
- tinymce/7.6.0/plugins/autosave/plugin.js.gz
- tinymce/7.6.0/plugins/autosave/plugin.min.js.br
- tinymce/7.6.0/plugins/autosave/plugin.min.js.gz
- tinymce/7.6.0/plugins/charmap/plugin.js.br
- tinymce/7.6.0/plugins/charmap/plugin.js.gz
- tinymce/7.6.0/plugins/charmap/plugin.min.js.br
- tinymce/7.6.0/plugins/charmap/plugin.min.js.gz
- tinymce/7.6.0/plugins/code/plugin.js.br
- tinymce/7.6.0/plugins/code/plugin.js.gz
- tinymce/7.6.0/plugins/code/plugin.min.js.br
- tinymce/7.6.0/plugins/code/plugin.min.js.gz
- tinymce/7.6.0/plugins/codesample/plugin.js.br
- tinymce/7.6.0/plugins/codesample/plugin.js.gz
- tinymce/7.6.0/plugins/codesample/plugin.min.js.br
- tinymce/7.6.0/plugins/codesample/plugin.min.js.gz
- tinymce/7.6.0/plugins/directionality/plugin.js.br
- tinymce/7.6.0/plugins/directionality/plugin.js.gz
- tinymce/7.6.0/plugins/directionality/plugin.min.js.br
- tinymce/7.6.0/plugins/directionality/plugin.min.js.gz
- tinymce/7.6.0/plugins/emoticons/js/emojiimages.min.js.br
- tinymce/7.6.0/plugins/emoticons/js/emojiimages.min.js.gz
- tinymce/7.6.0/plugins/emoticons/js/emojis.min.js.br
- tinymce/7.6.0/plugins/emoticons/js/emojis.min.js.gz
- tinymce/7.6.0/plugins/emoticons/plugin.js.br
- tinymce/7.6.0/plugins/emoticons/plugin.js.gz
- tinymce/7.6.0/plugins/emoticons/plugin.min.js.br
- tinymce/7.6.0/plugins/emoticons/plugin.min.js.gz
- tinymce/7.6.0/plugins/fullscreen/plugin.js.br
- tinymce/7.6.0/plugins/fullscreen/plugin.js.gz
- tinymce/7.6.0/plugins/fullscreen/plugin.min.js.br
- tinymce/7.6.0/plugins/fullscreen/plugin.min.js.gz
- tinymce/7.6.0/plugins/help/js/i18n/keynav/ar.js.br
- tinymce/7.6.0/plugins/help/js/i18n/keynav/ar.js.gz
- tinymce/7.6.0/plugins/help/js/i18n/keynav/ar.min.js.br
- tinymce/7.6.0/plugins/help/js/i18n/keynav/ar.min.js.gz
- tinymce/7.6.0/plugins/help/js/i18n/keynav/bg_BG.js.br
- tinymce/7.6.0/plugins/help/js/i18n/keynav/bg_BG.js.gz
- tinymce/7.6.0/plugins/help/js/i18n/keynav/bg_BG.min.js.br
- tinymce/7.6.0/plugins/help/js/i18n/keynav/bg_BG.min.js.gz
- tinymce/7.6.0/plugins/help/js/i18n/keynav/ca.js.br
- tinymce/7.6.0/plugins/help/js/i18n/keynav/ca.js.gz
- tinymce/7.6.0/plugins/help/js/i18n/keynav/ca.min.js.br
- tinymce/7.6.0/plugins/help/js/i18n/keynav/ca.min.js.gz
- tinymce/7.6.0/plugins/help/js/i18n/keynav/cs.js.br
- tinymce/7.6.0/plugins/help/js/i18n/keynav/cs.js.gz
- tinymce/7.6.0/plugins/help/js/i18n/keynav/cs.min.js.br
- tinymce/7.6.0/plugins/help/js/i18n/keynav/cs.min.js.gz
- tinymce/7.6.0/plugins/help/js/i18n/keynav/da.js.br
- tinymce/7.6.0/plugins/help/js/i18n/keynav/da.js.gz
- tinymce/7.6.0/plugins/help/js/i18n/keynav/da.min.js.br
- tinymce/7.6.0/plugins/help/js/i18n/keynav/da.min.js.gz
- tinymce/7.6.0/plugins/help/js/i18n/keynav/de.js.br
- tinymce/7.6.0/plugins/help/js/i18n/keynav/de.js.gz
- tinymce/7.6.0/plugins/help/js/i18n/keynav/de.min.js.br
- tinymce/7.6.0/plugins/help/js/i18n/keynav/de.min.js.gz
- tinymce/7.6.0/plugins/help/js/i18n/keynav/el.js.br
- tinymce/7.6.0/plugins/help/js/i18n/keynav/el.js.gz
- tinymce/7.6.0/plugins/help/js/i18n/keynav/el.min.js.br
- tinymce/7.6.0/plugins/help/js/i18n/keynav/el.min.js.gz
- tinymce/7.6.0/plugins/help/js/i18n/keynav/en.js.br
- tinymce/7.6.0/plugins/help/js/i18n/keynav/en.js.gz
- tinymce/7.6.0/plugins/help/js/i18n/keynav/en.min.js.br
- tinymce/7.6.0/plugins/help/js/i18n/keynav/en.min.js.gz
- tinymce/7.6.0/plugins/help/js/i18n/keynav/es.js.br
- tinymce/7.6.0/plugins/help/js/i18n/keynav/es.js.gz
- tinymce/7.6.0/plugins/help/js/i18n/keynav/es.min.js.br
- tinymce/7.6.0/plugins/help/js/i18n/keynav/es.min.js.gz
- tinymce/7.6.0/plugins/help/js/i18n/keynav/eu.js.br
- tinymce/7.6.0/plugins/help/js/i18n/keynav/eu.js.gz
- tinymce/7.6.0/plugins/help/js/i18n/keynav/eu.min.js.br
- tinymce/7.6.0/plugins/help/js/i18n/keynav/eu.min.js.gz
- tinymce/7.6.0/plugins/help/js/i18n/keynav/fa.js.br
- tinymce/7.6.0/plugins/help/js/i18n/keynav/fa.js.gz
- tinymce/7.6.0/plugins/help/js/i18n/keynav/fa.min.js.br
- tinymce/7.6.0/plugins/help/js/i18n/keynav/fa.min.js.gz
- tinymce/7.6.0/plugins/help/js/i18n/keynav/fi.js.br
- tinymce/7.6.0/plugins/help/js/i18n/keynav/fi.js.gz
- tinymce/7.6.0/plugins/help/js/i18n/keynav/fi.min.js.br
- tinymce/7.6.0/plugins/help/js/i18n/keynav/fi.min.js.gz
- tinymce/7.6.0/plugins/help/js/i18n/keynav/fr_FR.js.br
- tinymce/7.6.0/plugins/help/js/i18n/keynav/fr_FR.js.gz
- tinymce/7.6.0/plugins/help/js/i18n/keynav/fr_FR.min.js.br
- tinymce/7.6.0/plugins/help/js/i18n/keynav/fr_FR.min.js.gz
- tinymce/7.6.0/plugins/help/js/i18n/keynav/he_IL.js.br
- tinymce/7.6.0/plugins/help/js/i18n/keynav/he_IL.js.gz
- tinymce/7.6.0/plugins/help/js/i18n/keynav/he_IL.min.js.br
- tinymce/7.6.0/plugins/help/js/i18n/keynav/he_IL.min.js.gz
- tinymce/7.6.0/plugins/help/js/i18n/keynav/hi.js.br
- tinymce/7.6.0/plugins/help/js/i18n/keynav/hi.js.gz
- tinymce/7.6.0/plugins/help/js/i18n/keynav/hi.min.js.br
- tinymce/7.6.0/plugins/help/js/i18n/keynav/hi.min.js.gz
- tinymce/7.6.0/plugins/help/js/i18n/keynav/hr.js.br
- tinymce/7.6.0/plugins/help/js/i18n/keynav/hr.js.gz
- tinymce/7.6.0/plugins/help/js/i18n/keynav/hr.min.js.br
- tinymce/7.6.0/plugins/help/js/i18n/keynav/hr.min.js.gz
- tinymce/7.6.0/plugins/help/js/i18n/keynav/hu_HU.js.br
- tinymce/7.6.0/plugins/help/js/i18n/keynav/hu_HU.js.gz
- tinymce/7.6.0/plugins/help/js/i18n/keynav/hu_HU.min.js.br
- tinymce/7.6.0/plugins/help/js/i18n/keynav/hu_HU.min.js.gz
- tinymce/7.6.0/plugins/help/js/i18n/keynav/id.js.br
- tinymce/7.6.0/plugins/help/js/i18n/keynav/id.js.gz
- tinymce/7.6.0/plugins/help/js/i18n/keynav/id.min.js.br
- tinymce/7.6.0/plugins/help/js/i18n/keynav/id.min.js.gz
- tinymce/7.6.0/plugins/help/js/i18n/keynav/it.js.br
- tinymce/7.6.0/plugins/help/js/i18n/keynav/it.js.gz
- tinymce/7.6.0/plugins/help/js/i18n/keynav/it.min.js.br
- tinymce/7.6.0/plugins/help/js/i18n/keynav/it.min.js.gz
- tinymce/7.6.0/plugins/help/js/i18n/keynav/ja.js.br
- tinymce/7.6.0/plugins/help/js/i18n/keynav/ja.js.gz
- tinymce/7.6.0/plugins/help/js/i18n/keynav/ja.min.js.br
- tinymce/7.6.0/plugins/help/js/i18n/keynav/ja.min.js.gz
- tinymce/7.6.0/plugins/help/js/i18n/keynav/kk.js.br
- tinymce/7.6.0/plugins/help/js/i18n/keynav/kk.js.gz
- tinymce/7.6.0/plugins/help/js/i18n/keynav/kk.min.js.br
- tinymce/7.6.0/plugins/help/js/i18n/keynav/kk.min.js.gz
- tinymce/7.6.0/plugins/help/js/i18n/keynav/ko_KR.js.br
- tinymce/7.6.0/plugins/help/js/i18n/keynav/ko_KR.js.gz
- tinymce/7.6.0/plugins/help/js/i18n/keynav/ko_KR.min.js.br
- tinymce/7.6.0/plugins/help/js/i18n/keynav/ko_KR.min.js.gz
- tinymce/7.6.0/plugins/help/js/i18n/keynav/ms.js.br
- tinymce/7.6.0/plugins/help/js/i18n/keynav/ms.js.gz
- tinymce/7.6.0/plugins/help/js/i18n/keynav/ms.min.js.br
- tinymce/7.6.0/plugins/help/js/i18n/keynav/ms.min.js.gz
- tinymce/7.6.0/plugins/help/js/i18n/keynav/nb_NO.js.br
- tinymce/7.6.0/plugins/help/js/i18n/keynav/nb_NO.js.gz
- tinymce/7.6.0/plugins/help/js/i18n/keynav/nb_NO.min.js.br
- tinymce/7.6.0/plugins/help/js/i18n/keynav/nb_NO.min.js.gz
- tinymce/7.6.0/plugins/help/js/i18n/keynav/nl.js.br
- tinymce/7.6.0/plugins/help/js/i18n/keynav/nl.js.gz
- tinymce/7.6.0/plugins/help/js/i18n/keynav/nl.min.js.br
- tinymce/7.6.0/plugins/help/js/i18n/keynav/nl.min.js.gz
- tinymce/7.6.0/plugins/help/js/i18n/keynav/pl.js.br
- tinymce/7.6.0/plugins/help/js/i18n/keynav/pl.js.gz
- tinymce/7.6.0/plugins/help/js/i18n/keynav/pl.min.js.br
- tinymce/7.6.0/plugins/help/js/i18n/keynav/pl.min.js.gz
- tinymce/7.6.0/plugins/help/js/i18n/keynav/pt_BR.js.br
- tinymce/7.6.0/plugins/help/js/i18n/keynav/pt_BR.js.gz
- tinymce/7.6.0/plugins/help/js/i18n/keynav/pt_BR.min.js.br
- tinymce/7.6.0/plugins/help/js/i18n/keynav/pt_BR.min.js.gz
- tinymce/7.6.0/plugins/help/js/i18n/keynav/pt_PT.js.br
- tinymce/7.6.0/plugins/help/js/i18n/keynav/pt_PT.js.gz
- tinymce/7.6.0/plugins/help/js/i18n/keynav/pt_PT.min.js.br
- tinymce/7.6.0/plugins/help/js/i18n/keynav/pt_PT.min.js.gz
- tinymce/7.6.0/plugins/help/js/i18n/keynav/ro.js.br
- tinymce/7.6.0/plugins/help/js/i18n/keynav/ro.js.gz
- tinymce/7.6.0/plugins/help/js/i18n/keynav/ro.min.js.br
- tinymce/7.6.0/plugins/help/js/i18n/keynav/ro.min.js.gz
- tinymce/7.6.0/plugins/help/js/i18n/keynav/ru.js.br
- tinymce/7.6.0/plugins/help/js/i18n/keynav/ru.js.gz
- tinymce/7.6.0/plugins/help/js/i18n/keynav/ru.min.js.br
- tinymce/7.6.0/plugins/help/js/i18n/keynav/ru.min.js.gz
- tinymce/7.6.0/plugins/help/js/i18n/keynav/sk.js.br
- tinymce/7.6.0/plugins/help/js/i18n/keynav/sk.js.gz
- tinymce/7.6.0/plugins/help/js/i18n/keynav/sk.min.js.br
- tinymce/7.6.0/plugins/help/js/i18n/keynav/sk.min.js.gz
- tinymce/7.6.0/plugins/help/js/i18n/keynav/sl_SI.js.br
- tinymce/7.6.0/plugins/help/js/i18n/keynav/sl_SI.js.gz
- tinymce/7.6.0/plugins/help/js/i18n/keynav/sl_SI.min.js.br
- tinymce/7.6.0/plugins/help/js/i18n/keynav/sl_SI.min.js.gz
- tinymce/7.6.0/plugins/help/js/i18n/keynav/sv_SE.js.br
- tinymce/7.6.0/plugins/help/js/i18n/keynav/sv_SE.js.gz
- tinymce/7.6.0/plugins/help/js/i18n/keynav/sv_SE.min.js.br
- tinymce/7.6.0/plugins/help/js/i18n/keynav/sv_SE.min.js.gz
- tinymce/7.6.0/plugins/help/js/i18n/keynav/th_TH.js.br
- tinymce/7.6.0/plugins/help/js/i18n/keynav/th_TH.js.gz
- tinymce/7.6.0/plugins/help/js/i18n/keynav/th_TH.min.js.br
- tinymce/7.6.0/plugins/help/js/i18n/keynav/th_TH.min.js.gz
- tinymce/7.6.0/plugins/help/js/i18n/keynav/tr.js.br
- tinymce/7.6.0/plugins/help/js/i18n/keynav/tr.js.gz
- tinymce/7.6.0/plugins/help/js/i18n/keynav/tr.min.js.br
- tinymce/7.6.0/plugins/help/js/i18n/keynav/tr.min.js.gz
- tinymce/7.6.0/plugins/help/js/i18n/keynav/uk.js.br
- tinymce/7.6.0/plugins/help/js/i18n/keynav/uk.js.gz
- tinymce/7.6.0/plugins/help/js/i18n/keynav/uk.min.js.br
- tinymce/7.6.0/plugins/help/js/i18n/keynav/uk.min.js.gz
- tinymce/7.6.0/plugins/help/js/i18n/keynav/vi.js.br
- tinymce/7.6.0/plugins/help/js/i18n/keynav/vi.js.gz
- tinymce/7.6.0/plugins/help/js/i18n/keynav/vi.min.js.br
- tinymce/7.6.0/plugins/help/js/i18n/keynav/vi.min.js.gz
- tinymce/7.6.0/plugins/help/js/i18n/keynav/zh_CN.js.br
- tinymce/7.6.0/plugins/help/js/i18n/keynav/zh_CN.js.gz
- tinymce/7.6.0/plugins/help/js/i18n/keynav/zh_CN.min.js.br
- tinymce/7.6.0/plugins/help/js/i18n/keynav/zh_CN.min.js.gz
- tinymce/7.6.0/plugins/help/js/i18n/keynav/zh_TW.js.br
- tinymce/7.6.0/plugins/help/js/i18n/keynav/zh_TW.js.gz
- tinymce/7.6.0/plugins/help/js/i18n/keynav/zh_TW.min.js.br
- tinymce/7.6.0/plugins/help/js/i18n/keynav/zh_TW.min.js.gz
- tinymce/7.6.0/plugins/help/plugin.js.br
- tinymce/7.6.0/plugins/help/plugin.js.gz
- tinymce/7.6.0/plugins/help/plugin.min.js.br
- tinymce/7.6.0/plugins/help/plugin.min.js.gz
- tinymce/7.6.0/plugins/image/plugin.js.br
- tinymce/7.6.0/plugins/image/plugin.js.gz
- tinymce/7.6.0/plugins/image/plugin.min.js.br
- tinymce/7.6.0/plugins/image/plugin.min.js.gz
- tinymce/7.6.0/plugins/importcss/plugin.js.br
- tinymce/7.6.0/plugins/importcss/plugin.js.gz
- tinymce/7.6.0/plugins/importcss/plugin.min.js.br
- tinymce/7.6.0/plugins/importcss/plugin.min.js.gz
- tinymce/7.6.0/plugins/insertdatetime/plugin.js.br
- tinymce/7.6.0/plugins/insertdatetime/plugin.js.gz
- tinymce/7.6.0/plugins/insertdatetime/plugin.min.js.br
- tinymce/7.6.0/plugins/insertdatetime/plugin.min.js.gz
- tinymce/7.6.0/plugins/link/plugin.js.br
- tinymce/7.6.0/plugins/link/plugin.js.gz
- tinymce/7.6.0/plugins/link/plugin.min.js.br
- tinymce/7.6.0/plugins/link/plugin.min.js.gz
- tinymce/7.6.0/plugins/lists/plugin.js.br
- tinymce/7.6.0/plugins/lists/plugin.js.gz
- tinymce/7.6.0/plugins/lists/plugin.min.js.br
- tinymce/7.6.0/plugins/lists/plugin.min.js.gz
- tinymce/7.6.0/plugins/media/plugin.js.br
- tinymce/7.6.0/plugins/media/plugin.js.gz
- tinymce/7.6.0/plugins/media/plugin.min.js.br
- tinymce/7.6.0/plugins/media/plugin.min.js.gz
- tinymce/7.6.0/plugins/nonbreaking/plugin.js.br
- tinymce/7.6.0/plugins/nonbreaking/plugin.js.gz
- tinymce/7.6.0/plugins/nonbreaking/plugin.min.js.br
- tinymce/7.6.0/plugins/nonbreaking/plugin.min.js.gz
- tinymce/7.6.0/plugins/pagebreak/plugin.js.br
- tinymce/7.6.0/plugins/pagebreak/plugin.js.gz
- tinymce/7.6.0/plugins/pagebreak/plugin.min.js.br
- tinymce/7.6.0/plugins/pagebreak/plugin.min.js.gz
- tinymce/7.6.0/plugins/preview/plugin.js.br
- tinymce/7.6.0/plugins/preview/plugin.js.gz
- tinymce/7.6.0/plugins/preview/plugin.min.js.br
- tinymce/7.6.0/plugins/preview/plugin.min.js.gz
- tinymce/7.6.0/plugins/quickbars/plugin.js.br
- tinymce/7.6.0/plugins/quickbars/plugin.js.gz
- tinymce/7.6.0/plugins/quickbars/plugin.min.js.br
- tinymce/7.6.0/plugins/quickbars/plugin.min.js.gz
- tinymce/7.6.0/plugins/save/plugin.js.br
- tinymce/7.6.0/plugins/save/plugin.js.gz
- tinymce/7.6.0/plugins/save/plugin.min.js.br
- tinymce/7.6.0/plugins/save/plugin.min.js.gz
- tinymce/7.6.0/plugins/searchreplace/plugin.js.br
- tinymce/7.6.0/plugins/searchreplace/plugin.js.gz
- tinymce/7.6.0/plugins/searchreplace/plugin.min.js.br
- tinymce/7.6.0/plugins/searchreplace/plugin.min.js.gz
- tinymce/7.6.0/plugins/table/plugin.js.br
- tinymce/7.6.0/plugins/table/plugin.js.gz
- tinymce/7.6.0/plugins/table/plugin.min.js.br
- tinymce/7.6.0/plugins/table/plugin.min.js.gz
- tinymce/7.6.0/plugins/visualblocks/plugin.js.br
- tinymce/7.6.0/plugins/visualblocks/plugin.js.gz
- tinymce/7.6.0/plugins/visualblocks/plugin.min.js.br
- tinymce/7.6.0/plugins/visualblocks/plugin.min.js.gz
- tinymce/7.6.0/plugins/visualchars/plugin.js.br
- tinymce/7.6.0/plugins/visualchars/plugin.js.gz
- tinymce/7.6.0/plugins/visualchars/plugin.min.js.br
- tinymce/7.6.0/plugins/visualchars/plugin.min.js.gz
- tinymce/7.6.0/plugins/wordcount/plugin.js.br
- tinymce/7.6.0/plugins/wordcount/plugin.js.gz
- tinymce/7.6.0/plugins/wordcount/plugin.min.js.br
- tinymce/7.6.0/plugins/wordcount/plugin.min.js.gz
- tinymce/7.6.0/skins/content/dark/content.min.css.br
- tinymce/7.6.0/skins/content/dark/content.min.css.gz
- tinymce/7.6.0/skins/content/default/content.min.css.br
- tinymce/7.6.0/skins/content/default/content.min.css.gz
- tinymce/7.6.0/skins/content/document/content.min.css.br
- tinymce/7.6.0/skins/content/document/content.min.css.gz
- tinymce/7.6.0/skins/content/tinymce-5/content.min.css.br
- tinymce/7.6.0/skins/content/tinymce-5/content.min.css.gz
- tinymce/7.6.0/skins/content/tinymce-5-dark/content.min.css.br
- tinymce/7.6.0/skins/content/tinymce-5-dark/content.min.css.gz
- tinymce/7.6.0/skins/content/writer/content.min.css.br
- tinymce/7.6.0/skins/content/writer/content.min.css.gz
- tinymce/7.6.0/skins/ui/oxide/content.inline.min.css.br
- tinymce/7.6.0/skins/ui/oxide/content.inline.min.css.gz
- tinymce/7.6.0/skins/ui/oxide/content.min.css.br
- tinymce/7.6.0/skins/ui/oxide/content.min.css.gz
- tinymce/7.6.0/skins/ui/oxide/skin.min.css.br
- tinymce/7.6.0/skins/ui/oxide/skin.min.css.gz
- tinymce/7.6.0/skins/ui/oxide/skin.shadowdom.min.css.br
- tinymce/7.6.0/skins/ui/oxide/skin.shadowdom.min.css.gz
- tinymce/7.6.0/skins/ui/oxide-dark/content.inline.min.css.br
- tinymce/7.6.0/skins/ui/oxide-dark/content.inline.min.css.gz
- tinymce/7.6.0/skins/ui/oxide-dark/content.min.css.br
- tinymce/7.6.0/skins/ui/oxide-dark/content.min.css.gz
- tinymce/7.6.0/skins/ui/oxide-dark/skin.min.css.br
- tinymce/7.6.0/skins/ui/oxide-dark/skin.min.css.gz
- tinymce/7.6.0/skins/ui/oxide-dark/skin.shadowdom.min.css.br
- tinymce/7.6.0/skins/ui/oxide-dark/skin.shadowdom.min.css.gz
- tinymce/7.6.0/skins/ui/tinymce-5/content.inline.min.css.br
- tinymce/7.6.0/skins/ui/tinymce-5/content.inline.min.css.gz
- tinymce/7.6.0/skins/ui/tinymce-5/content.min.css.br
- tinymce/7.6.0/skins/ui/tinymce-5/content.min.css.gz
- tinymce/7.6.0/skins/ui/tinymce-5/skin.min.css.br
- tinymce/7.6.0/skins/ui/tinymce-5/skin.min.css.gz
- tinymce/7.6.0/skins/ui/tinymce-5/skin.shadowdom.min.css.br
- tinymce/7.6.0/skins/ui/tinymce-5/skin.shadowdom.min.css.gz
- tinymce/7.6.0/skins/ui/tinymce-5-dark/content.inline.min.css.br
- tinymce/7.6.0/skins/ui/tinymce-5-dark/content.inline.min.css.gz
- tinymce/7.6.0/skins/ui/tinymce-5-dark/content.min.css.br
- tinymce/7.6.0/skins/ui/tinymce-5-dark/content.min.css.gz
- tinymce/7.6.0/skins/ui/tinymce-5-dark/skin.min.css.br
- tinymce/7.6.0/skins/ui/tinymce-5-dark/skin.min.css.gz
- tinymce/7.6.0/skins/ui/tinymce-5-dark/skin.shadowdom.min.css.br
- tinymce/7.6.0/skins/ui/tinymce-5-dark/skin.shadowdom.min.css.gz
- tinymce/7.6.0/themes/silver/theme.min.js.br
- tinymce/7.6.0/themes/silver/theme.min.js.gz
- tinymce/7.6.0/tinymce.min.js.br
- tinymce/7.6.0/tinymce.min.js.gz
SRIs:
- tinymce/7.6.0/plugins/accordion/plugin.js: sha512-FwYy9HV/iAWnSwmIe+hQe4WRWgoFYSJE16+PdKBASrsTXmPo9wEAhBvLB8BeP5DuzqUikFAKI6p2tF04XgnlWw==
- tinymce/7.6.0/plugins/help/js/i18n/keynav/es.js: sha512-Y6UQ++ANyKxxedcBUWGBdqLntSGC1wGvDa75nPOK1c8CLwgejdUN+kbZE6SbGijgKHU5DmrLfv6PrKPAFnSlKQ==
- tinymce/7.6.0/plugins/help/js/i18n/keynav/hi.min.js: sha512-3MzRJDzo/RqbNdj3L6SnyDQVIz7Umg+YW2fZ2e5iw/R42uc1IwNlESLRLHY/6/rKh9qb/mPnU599t1g/5JCnrA==
- tinymce/7.6.0/plugins/help/js/i18n/keynav/ms.min.js: sha512-kU35JFHGwEv11JqWSl/ryDncF7u+z6rlNkwGwaMw+cvM78/y4gBge8dyQpYx1xzkX+YQ00ca+NbGJagSRekvug==
- tinymce/7.6.0/plugins/help/js/i18n/keynav/pl.js: sha512-5afkkXOSIgZcRjXWYysRLVvs+YDH7Hn+bwpvCjFvHEOiiNt4I9MgGaJOn29n8nE2jqlBfxC0Q6j3pAPOnZo1uw==
- tinymce/7.6.0/plugins/searchreplace/plugin.js: sha512-Wp47QZlyl77bniNltnL1yIwHborZpUnqKhTr0Iq2jXXoGW2BcGaH/+til3yNkYpXFn6iCKpHFXHwkDckm56jsw==
- tinymce/7.6.0/plugins/fullscreen/plugin.js: sha512-vEIc0ZeCaAt1+N7nCCMa/BKDxkpX1kHM8ZTgwuDOeWL9vsn/F9GaBrC3rh3haLiK591ZGg6toIy8UjJm3ziB6w==
- tinymce/7.6.0/plugins/help/js/i18n/keynav/pl.min.js: sha512-zz1uSm9mJMR7roTUJzi0vDAyfEOjEjVlk4OcUYdIScZth4mPgwGdINWAONhdTEf/wLJTqLf2t2rWE2SCiPUy2w==
- tinymce/7.6.0/plugins/help/js/i18n/keynav/sv_SE.min.js: sha512-AHSU4qJiRoa/GA88hNyewig2y4h3zKF70GKTP/K+r7fofP4vwErC7dD3Htrw6HBhCzkx9d9kVrCz4hvBeXydYg==
- tinymce/7.6.0/plugins/help/js/i18n/keynav/th_TH.js: sha512-MF4+VQuOF5cL6YE89LqDqJjYbL363aYefbJlEG2x0WIMOGI+IHhi/UIa+WGh1de8vcZa4p/D2/ewnk0DZzFbHg==
- tinymce/7.6.0/plugins/lists/plugin.min.js: sha512-qV/NTx0sdX2s8kcKZaPJNtHH+RsDCcLNGkrOEZiLJE/f8gOMTjGhh9tlsqA1bA3aCQInhh3oIeTOlYHYHJDXQw==
- tinymce/7.6.0/plugins/media/plugin.js: sha512-G8bQ7G31IMH+pCNPUk0BcAdDUu5yHIOJ1eTANp0K/d+6npGquC3GZ30NB0TPbpIl4PMlKR5ZP0X9+my6plx/wA==
- tinymce/7.6.0/plugins/anchor/plugin.js: sha512-AdNgA+iCVCr6xYv5mvHg02YZXcxH2eEm8rZ4suc+k/oFDoFFIBTXi2J5o2onyMGPsyj1tkU1Laa+zXg2Jh0ABA==
- tinymce/7.6.0/plugins/help/js/i18n/keynav/fr_FR.min.js: sha512-ZmdFSCqj9nBHlZYV+LvwXudUJXYDFDstIkVNqsH8PKtWdsBm8x0rFqMBSmntnv+12iS/Fwuv66O23AE3RYD1gg==
- tinymce/7.6.0/plugins/help/js/i18n/keynav/ja.js: sha512-eQoyLQxR1HDJDN/k6FzNhPxlgVyMMNJOOHBwu12J8vyp7f9nyYDwiMzSrochmVE4gnWggvSW1ZTb3ppIgYVe9Q==
- tinymce/7.6.0/plugins/help/js/i18n/keynav/sv_SE.js: sha512-/X0AkY3vN85UJRMWo90Yol5Yj4edreHN7wqJmo2ncL3JzH17vsKzwMrsCi+e+W1weow3Tj+ERa12VFDfJbVfVw==
- tinymce/7.6.0/plugins/searchreplace/plugin.min.js: sha512-hMihYyCQO6v7BEO4CKgcDcJgMxCWtEdyGZzJMUuiSINJ8jsiJ5kkwGzcPvsnNmZLprO8ONz2MY0rKzEvXddrZQ==
- tinymce/7.6.0/plugins/code/plugin.js: sha512-bOY+1QaBbTKuOnYxZd4MjnWpUZl4nLV/vNWtWFoHfaUzcgdJ5aV8Uj57heeCqunCC2Tu7MJMvSq4I97X4vMnFA==
- tinymce/7.6.0/plugins/help/js/i18n/keynav/ar.js: sha512-klRP4TTwJ9GbxsGVteRZhN0OzR0jaaOEwvMtxqG0IpReyU7y+ZINAGBKsdcMgteEib9GzuXguY2esTbcgPLjzA==
- tinymce/7.6.0/plugins/help/js/i18n/keynav/bg_BG.js: sha512-6lcCk+Z+W0tvJYaD+HNdX7QydHq2YdAV5FESV4y6sBbG/wXu22ql+JbdkjE3ZvKpTFSd85jP/4SF6QunVrExjg==
- tinymce/7.6.0/plugins/help/js/i18n/keynav/ro.js: sha512-oZ/iad/2xjePe84PTF7Xekfd/7Du9+SNWOzJYpQ+sKquQr8scixExyqg0UISfEhDvhOJdjlv9C/ARSoIuBjV2g==
- tinymce/7.6.0/plugins/help/js/i18n/keynav/he_IL.js: sha512-Q1WdR57huWgEmSSpsPQaYmAyLNPQpZh0nF3nc8RLfqAZAa+Pq70SwhuHTJETM5D9JvND+P7IZfAaV2Ts0wX8IA==
- tinymce/7.6.0/plugins/help/js/i18n/keynav/sl_SI.js: sha512-QgCwyCwx964AmOCZsmMuRQmullGpVM1bq9eW6oCXPHfCefOgvwY6OK4A7ykavhsTAAo8TB9mBw8qRz63DctlRA==
- tinymce/7.6.0/plugins/help/js/i18n/keynav/uk.js: sha512-VDhDVLSc6Kuf60cJGUWjWcxSRdbzjnGMwtYnkXd63Sq0OQuvfC9iGLR9Z3l0gLb+69mTZo9Ux9v7yRnhO7RopQ==
- tinymce/7.6.0/plugins/insertdatetime/plugin.min.js: sha512-x8hD/ngo6MumjCbz+OFpJs6d06w4vi7yubu0pgcM79qDvQgp9LNnIWVxVUmQ/3Q9si4QWMVAKOHyaEiF1+FRIg==
- tinymce/7.6.0/skins/ui/tinymce-5/content.inline.min.css: sha512-4sSl7cI1e3WJQ5pubcn+oCPINxqB/srpTo4/3S94Wsu4EG0TY1cdvU+7baS/D6mr1G75Qr3DA552Ny8MmpYnPg==
- tinymce/7.6.0/plugins/help/js/i18n/keynav/el.min.js: sha512-vfZfvXCv1JEFWiTTfqDBWvcLFPQ3hfz1YvpbtSWBOwgmCKau31MnlugjG/98iiPFhxcVntgAWfRaQ9/uTc2Fow==
- tinymce/7.6.0/plugins/help/js/i18n/keynav/eu.min.js: sha512-v4k2pLyUWTgq/8iBzBzv/+PJ3mVh1o+rGjZ6MmYaHfPSi0nf/8L7UcEPGpHD3pAJYrTUMvz9rqL7f9j6aE4R5A==
- tinymce/7.6.0/plugins/help/js/i18n/keynav/fa.min.js: sha512-+mbDey+uuOE9X2zbRtqUPLyXYTmymDeQIufxuCSyHSZ2/WDh5ejf0NC+RepOTOVSmM8MzMRKXjkxDIVweXOSIA==
- tinymce/7.6.0/plugins/save/plugin.js: sha512-+MyU0Z4DWVdrsBoxduNJad4BhYPwCigykGmaQU/MRUKC9pyKx7X/2+h3ukagYCU692onfdNdbmcHgYT9DhfTTQ==
- tinymce/7.6.0/skins/content/tinymce-5/content.min.css: sha512-AQlh8pNI8GdH0sbUsSACzz37sCq68PohXzXYt/YOJt581nIiqnMjF4YM9lp5YVBMLR90GzkJLQNQjcfLn2yhUA==
- tinymce/7.6.0/plugins/autolink/plugin.js: sha512-w71Ikfs+N3Y05tT2OP/zpUnee9cCYD3zqErZn9hLno1BpZttuD6MH3k6QiuK9059iJJ/gUtLgUua3xX7fiWAAg==
- tinymce/7.6.0/plugins/help/js/i18n/keynav/cs.js: sha512-mjMklq/ueheVdZCo0MNEYU/BIbznoQWG/1LpIGB1cQrHIYUyCXi9TCa09NL1N00a3hy6Ed+0fi6AIMPC4cZlSA==
- tinymce/7.6.0/plugins/help/js/i18n/keynav/id.min.js: sha512-wvsvxW9E2CRzO4LEsif/4B4GpWhBhCB4VwPEt6VS4GOnAV6B70gQEHhQAg70OpM5+dutc/tUR7aPnSW//QI/OQ==
- tinymce/7.6.0/plugins/image/plugin.js: sha512-BLxEux7M0tefy9t1XkEt3BixXztLKaIyhTMusBH3hEwz2l9DyKySNld8bUQGc5JTLZ+GHCZx2xjSo8JvjgNU5g==
- tinymce/7.6.0/plugins/help/js/i18n/keynav/nl.min.js: sha512-GzkoR78P9FRfnZOlYrscFHVH1XoXHet0zWo+X5/tbeTe+neMJUn0degfgs9Q+48g/AfCaoA4H/ciTn/ph+F4gA==
- tinymce/7.6.0/plugins/help/js/i18n/keynav/zh_CN.js: sha512-VZAx1QPI3dHFx1g7f8BYKgCgkixdEXUIOif/uqW7Xd4RRDpwZpS9qVfC4wCjSMAMtmvH8r86bNq9Un5V6wnCZA==
- tinymce/7.6.0/skins/ui/oxide-dark/content.inline.min.css: sha512-4sSl7cI1e3WJQ5pubcn+oCPINxqB/srpTo4/3S94Wsu4EG0TY1cdvU+7baS/D6mr1G75Qr3DA552Ny8MmpYnPg==
- tinymce/7.6.0/skins/ui/tinymce-5/skin.shadowdom.min.css: sha512-miBgTjSXvLM5DC2uQxck2C5CWHiNyagTVVKtEWp8QER2BHf4y4uNDf7o1vgi4BYlpLIjvlgd7VAuJsYgCsaFpw==
- tinymce/7.6.0/plugins/help/js/i18n/keynav/zh_TW.min.js: sha512-aFx0fKMpDbYfg3W9eiATsvoRfibc/TM1Wp90JEMvSUUx8Wxx6rtcQfbKUTHwIDBayWr+V26S3xTnoi7wwqE1fQ==
- tinymce/7.6.0/skins/content/document/content.min.css: sha512-XgWVJONuniV5EoczBRbcIKnLegianuqZXIEAyFfHgnNVQiOtrkGl6SdSgRxnAsWrVpJAAh6I+LZu5839xXE1Cg==
- tinymce/7.6.0/plugins/charmap/plugin.js: sha512-mjNc+GlWwc2mkcoe2kqevd0W/Cps2umQcgj9jkhr1+NojZSJW6zAY8UozVYFAOSnOQ2+6u7QzH2Y9MlIDasx3A==
- tinymce/7.6.0/plugins/help/js/i18n/keynav/it.min.js: sha512-Fdc9+W6N7LKoPC0KVnY08id/fUVBM7j2KltAW7fZAPZlLFFwcX7ai0R53hKajgYXAVsG/r+2n1wX6f5NoddAvA==
- tinymce/7.6.0/plugins/help/js/i18n/keynav/nb_NO.min.js: sha512-RBj7S0EUfqeBglmdIuMqm9S88yCo2emmxKCbP9eFz0CS8rD9VyB/IXFykw7MPMYvcg/rolSkBTe1JNErlQa4Lg==
- tinymce/7.6.0/plugins/help/js/i18n/keynav/ru.js: sha512-+BL9z00hLIMljeDwiXi0mnTBwY306V/CJWt1Qe/spv/pXaYlXFMF/7DJR3CYr2j3HbmvzC5gPK3HmAGzxBuFyg==
- tinymce/7.6.0/plugins/pagebreak/plugin.js: sha512-jFXGCLZqELfrOB3uS9lab1Dcbs5mdrXisfrPm0fs98tOiKSJWXn4L2Gj/iVqPWMW9/sIeH6p3oSNyaYZrRma9g==
- tinymce/7.6.0/skins/content/default/content.min.css: sha512-AQlh8pNI8GdH0sbUsSACzz37sCq68PohXzXYt/YOJt581nIiqnMjF4YM9lp5YVBMLR90GzkJLQNQjcfLn2yhUA==
- tinymce/7.6.0/skins/ui/oxide-dark/skin.shadowdom.min.css: sha512-miBgTjSXvLM5DC2uQxck2C5CWHiNyagTVVKtEWp8QER2BHf4y4uNDf7o1vgi4BYlpLIjvlgd7VAuJsYgCsaFpw==
- tinymce/7.6.0/plugins/help/js/i18n/keynav/en.min.js: sha512-nS+Dxzt0lJm6VHnnGzKAXouCvBozRANsZAEc5jid+FW5IQYeFGeqkX+hxB2LS7RjEpoBMn7EcdKtFBNnd0WVHg==
- tinymce/7.6.0/plugins/help/js/i18n/keynav/pt_PT.min.js: sha512-KY3jhzrXKyI7aIF5lJxaWt7akmM2SwIJbv7UeE/m+KJGYXExF3xRbfZb0mRIEuvzGnrIiOrW3rYIR7gZk1t/PA==
- tinymce/7.6.0/plugins/insertdatetime/plugin.js: sha512-IaIY8rRZxD2EjOu/JTXHukwEpQXH4cpY/WB6ESkYEkrYtaJKryIWm05olQKHXuSenYwLm5Z53wqdZdt0G93CXA==
- tinymce/7.6.0/plugins/lists/plugin.js: sha512-qOMWOX6nO8e5DdwnJ6eHLnFduIlOSpzhUNr8wSDP0ya6ANvGqbOwqhanhl2cfD/jc71PW51c5Z/iPmqC/l9aTA==
- tinymce/7.6.0/plugins/help/plugin.min.js: sha512-puVhiUJ+exC5IZSSZHowCellBmbfaevczYxEA3kHdebH2DHUaIzQy2lr2JQlczJA9tmIyt1zLLHZ7WPcJp4AhQ==
- tinymce/7.6.0/plugins/preview/plugin.min.js: sha512-50no/x26pkc4HUK3BZy0UoozHAcHnFU6dsuCUonlCk1pZe18OZAjGh90v3A9G7fSTsVQFy1FfqSlu9OgB0cptQ==
- tinymce/7.6.0/skins/ui/oxide/content.min.css: sha512-8BqtmdECGFCJmglrYVvN49V4cMFarxK4cytXIpvNOHxeA+QV8+3gCRA4s3IXveogR1VLicTlpnLJxqzwdQp+KA==
- tinymce/7.6.0/skins/ui/tinymce-5-dark/content.min.css: sha512-SQwp4y1gpI9qOFUQcGoNFqK4esPnAd6UrYZrLyFK9QCKRsPkJpDWkZyxiRvJMTS+IrZ7Y6At2LRUUrYJ5MAGEQ==
- tinymce/7.6.0/plugins/advlist/plugin.min.js: sha512-4jcq+QDTbClCnEcG9Tf9/aUOjse9o5DLyWRzNmKjFsmqlcf9AGITvWfS43M2IPF0e9Ni2LbfJmyKQJilOsWwIQ==
- tinymce/7.6.0/plugins/anchor/plugin.min.js: sha512-QM9VgwTXOa3hO6GIaIifS4f16mjQfrsMd+S0UfsmYvv1SBuWCr3Y4bTbAZ8x3RxwW/1q2YBa8/zzkuzRXtr41g==
- tinymce/7.6.0/plugins/help/js/i18n/keynav/de.js: sha512-ykfscH5bcL7q1MbWS8gznyQeMXiagx+tyBSSGHrAcxgsoMW+AU2DVD8a5aTDNjmhlpWuIupBkSvE9vAbmxVTpg==
- tinymce/7.6.0/plugins/pagebreak/plugin.min.js: sha512-bGGgCCsuTEM1PvPDADRrjPwPWoxphRoiqtUGEkb431as86QNk78nMExub8h9ozkl8zKKziZMd+joIlmmi6sZyg==
- tinymce/7.6.0/plugins/help/js/i18n/keynav/pt_PT.js: sha512-DpU3jTA9p5RJovf1+1ozsoneWjATuUG4WEV2tCCP08NysBzAdqg0aP51+GxiClZvO6V7yEmOjDDa3Jgmv0VbKw==
- tinymce/7.6.0/plugins/visualchars/plugin.min.js: sha512-0xdYyH8P7k07dmCMEJkAb0sCG8pUwXytjfCB93RkYfdC/sBDQP/uHj0/gVRv+e2JvHixu71HYDVCh6vBlk/wNw==
- tinymce/7.6.0/skins/ui/oxide-dark/content.min.css: sha512-iQYqG0Nx9vDdWnU4JleBICe35jvnJTttx84SIPEDgWwduAhsgBuv2Zlx6boWwLtSaBXvp4iChemPLji/wO6+ZA==
- tinymce/7.6.0/skins/ui/tinymce-5/skin.min.css: sha512-KyVDBCWdiXfTin4TDaR2Uz3FOxBKJcTdvj0i2+SxZM9N/1SzR1anqdYzqerC9IOALHDBfp0S4csfv7bC165mDg==
- tinymce/7.6.0/models/dom/model.min.js: sha512-tXfrcz171djHeZSY+Zt2axYlGPc1il7qC9luWG0X45UvJivJcad+6qsjAowZHcJm9wgt2zQOBo19YGitcTnqtw==
- tinymce/7.6.0/plugins/accordion/plugin.min.js: sha512-21MT3ojQegTfhZG2vxLGERS6CXsapnfM4vcXaSLPKqOOenBlP0qefr7MfoWJtdEwUgxvI610XtR1vhkcT3yAeA==
- tinymce/7.6.0/plugins/help/js/i18n/keynav/hu_HU.js: sha512-uMeeHt9beJ23HEsgiHHUPaDVes+9vgaVxrP6mXgqLdEcS/2oMqYMQBOmGDKV+ZFV1QnC+hlQaxUdNpUDQHDVKw==
- tinymce/7.6.0/plugins/help/js/i18n/keynav/it.js: sha512-J7UaYr3Qf3/pXrDdZN1305mzPzzhZwofCQy0exI0tuvA8zCk7vCem1Y5nokA2ERvXxftKj95TBU3QswbgVRBQg==
- tinymce/7.6.0/skins/ui/tinymce-5-dark/skin.shadowdom.min.css: sha512-miBgTjSXvLM5DC2uQxck2C5CWHiNyagTVVKtEWp8QER2BHf4y4uNDf7o1vgi4BYlpLIjvlgd7VAuJsYgCsaFpw==
- tinymce/7.6.0/themes/silver/theme.min.js: sha512-4kVfFH39t21rJ2MDxyzpCVnRbXLYv1BR5MD1Djo4xlC8n+QAw4lrcrG8xfKU9XnUyX50bNH2GfENIWAX3GVwsw==
- tinymce/7.6.0/plugins/help/js/i18n/keynav/id.js: sha512-ctT2d2mv+JU4S+gLgm13mk6qz++6sLBCg3rrkcnTo6EO51cRVZhIwFmgYADCdAOzBX0oIY5YsQ21m5e+14Nbkg==
- tinymce/7.6.0/plugins/help/js/i18n/keynav/ro.min.js: sha512-z+f5ftErgOFBQ07rScfhGSvpKGtSZMCTrBWa1tC+jg7y9wiX/zSW9pH+Q1KYYjHORhfV78x4FdJ5VDAV0fmAQA==
- tinymce/7.6.0/plugins/help/js/i18n/keynav/tr.min.js: sha512-c3l2YNtjLEZ5oTOSWJ6u1iMx+cIQKA6Bc9hrD5iTybj/RIHJGzw9kspWkoPoGIDTMj+MCO/rWtaj9pJHFbJXdw==
- tinymce/7.6.0/skins/ui/tinymce-5-dark/content.inline.min.css: sha512-4sSl7cI1e3WJQ5pubcn+oCPINxqB/srpTo4/3S94Wsu4EG0TY1cdvU+7baS/D6mr1G75Qr3DA552Ny8MmpYnPg==
- tinymce/7.6.0/plugins/fullscreen/plugin.min.js: sha512-+R7iS3gYdOfChO+ZWwEGQC3lffihRiwMEYF09kRn8SDa9m98GLUKqBfYnIKuZODBGMMECdL6QYUg1AD1SITwTg==
- tinymce/7.6.0/plugins/help/js/i18n/keynav/zh_TW.js: sha512-yVkV27Gn0m+vwiKR6+89hJm3K4f3atrwUX4V1Up3dzXaI8fhp1nasPxEPjpNeUUyCWhO8VIkDy5KgQV2eXy6xQ==
- tinymce/7.6.0/plugins/help/js/i18n/keynav/tr.js: sha512-CMh7ZXTjSrS7W9i02Q8dhRG2UmFDjCUZgV014eyfBNH+/ILlOdway2cd4wd0EkGC3WpIaLicgO0XeGa0izsgbg==
- tinymce/7.6.0/plugins/importcss/plugin.min.js: sha512-MdwR/FyDv7NSuKnJkZj0Rn7hLIdxwyIQnJUl+RC7WyCmbWIHxWIAG0QnXbmW6G+aTp3BDgXgTZ1tXNJ/ycLU4w==
- tinymce/7.6.0/plugins/quickbars/plugin.min.js: sha512-jkbvC73PNYCX9SZMX+chSspB8HZymCde4aIwJFTUERbRX11PsREghgSTvgPDpM0t5AjTGw9Hwlxd/AXXTX4ghA==
- tinymce/7.6.0/plugins/code/plugin.min.js: sha512-Wqh/tL+nFSodSqYgC/QSSEEJVhgfgKf6ALv5+VHD/SDHBNMM71JDMVnCbCppfeUEmrtKVRc5JzQzHjxXrAXD9A==
- tinymce/7.6.0/plugins/help/js/i18n/keynav/da.min.js: sha512-iHYSDAPsgYyhvAEBAxtx4LY0UuPKVbK06gYlVBq02brfCy4pAcVF2mp14hdxs1ofOb9/1+jNOkxMyH67wMV8vw==
- tinymce/7.6.0/plugins/help/js/i18n/keynav/fi.js: sha512-fq7l/egpIxcdoMexz3IEtepcH1PHMZtMid1K+Bhc4K+9ICmqJgRS5OYjYsFj31vRMiEo3EiNU78ajlZVXLGgnQ==
- tinymce/7.6.0/plugins/help/js/i18n/keynav/fr_FR.js: sha512-UgbgHSgLIfRpiF1aJ5PApvdZVHxP9fm4uKobQbDRAgAHdyPVwEC5tGqmLuVYLmI878jkvdwfIH+zfaEhCP2KVw==
- tinymce/7.6.0/plugins/table/plugin.min.js: sha512-0m5fpLMylVt70kllkOBx2cYgQfdNxjGMEmJX9DUMsSkmoFJabSFOnYwHMuCImB1zDjVgGHdgmZHxlm15EciCmA==
- tinymce/7.6.0/plugins/wordcount/plugin.min.js: sha512-hZwA/Gn/XH93gDoiCBt4urq+T6SnJ10LjyWeuheVM0FHfonvyqBHLmArLhFlbTffwo1jlOdwVywHp2/NATtglQ==
- tinymce/7.6.0/plugins/help/js/i18n/keynav/fa.js: sha512-ppVY4DK5nrhcz4jDqizru1JaWIf9oEUhdHbbtg1mnmhUzGlTD7BMstJu7M+uQpRAQL5Fx3ltxiaZlG6xiIxSuw==
- tinymce/7.6.0/plugins/help/js/i18n/keynav/ms.js: sha512-Le0Rwfz2gpvXaI970iD6eYEw3hRVT30sqhCN1X+eFfcTWVwad8uMtz7XIp+F2/NK1i4raXxCdkEn1nYj84bWYQ==
- tinymce/7.6.0/plugins/help/js/i18n/keynav/pt_BR.js: sha512-TSn49og16KO8W9Mv2VWt6sR7QqAV7RtiBEc9XnyAwCsc+jx9QwIzFrrQsRP+HwmHF+0Qig1X2/LYM0g3VjDN6g==
- tinymce/7.6.0/plugins/preview/plugin.js: sha512-wzzoKTOeHdk0BF1diV04oXioTzQp4XnV0OzRRbTUuxlWcYE06J63DBIs67pQ6L20iD21y/bR9/W4brK6kAbxhg==
- tinymce/7.6.0/plugins/help/js/i18n/keynav/cs.min.js: sha512-N1vxN/2LmcX3CcmLK1CXqKtd12wS0okFTL6+rjlQmMTqhki+Dl1wd6i6ed1o+uPDdhXZVWBelfBHSrp8e8LDrw==
- tinymce/7.6.0/plugins/link/plugin.js: sha512-1nw4zRaxGJiQfKtqGu4MjbtU7lqZ9KvC2JuNEfTEbl+y0eJBerP5h2RKACUMjkIOK1WU1zQSmwvNPr2R+WBAtg==
- tinymce/7.6.0/plugins/visualchars/plugin.js: sha512-siWlEosRM7NRqfkvzwDw+zqgHrw9IEiomhGoo/L73BpjFgbV6Hk9Gb4JQ9A56hJxVoCZI3AAniicNh+nSTqgIg==
- tinymce/7.6.0/plugins/wordcount/plugin.js: sha512-Kc6LQ7xxDaJICDO4PxBKRd0g/1blxhgOpcyDXvzyA/BUfdxLSTGO4BVpFEm1qePrSNb37amcHzrnbLTNovcLmw==
- tinymce/7.6.0/plugins/table/plugin.js: sha512-lfDoaFTKkbHqtNwpZN8CP7vx/DTdbcec8MwRS7Dys9vcO19gqCA1LiLJfWHDfV3zpHIzyqkxlgD6+/KHXGXybg==
- tinymce/7.6.0/plugins/visualblocks/plugin.min.js: sha512-JVgKOr5jcmSOjnBPTvVO7Y/AcBmzDebD4mauh6elBqLQCaqyZlf8JFE23rF0wbCrVF3KS1t0mXXtqTs7U/G45A==
- tinymce/7.6.0/plugins/directionality/plugin.js: sha512-Q0lge5UonJ9zmbU15fCVdEj9RJkON+j3a1ZhpEV+W+XJmAJweOPw2ZQamZK8vPaDkhfHRyOBuA2Hd+mCYXeUUg==
- tinymce/7.6.0/plugins/emoticons/js/emojis.min.js: sha512-5NJEoT6d7p+dhnqoCaA/ydy0t8k2kBssXSErCkzG4HiuRPWPfiVg+bGP0XPdpxWRv9ooHCrYYLbiBRKoFRbvCw==
- tinymce/7.6.0/plugins/help/js/i18n/keynav/bg_BG.min.js: sha512-So6c9epTs+lVqeGXnkz/v7yN4OcQwIFg5FXWN4cLIZwxg1GSuIQibKKXUFOvprBeCOyniIq56vjm0VnNkWZ84w==
- tinymce/7.6.0/plugins/help/js/i18n/keynav/ca.js: sha512-8Dls9NkOUMyls3YZ88PAipUrHFVIHRuTQl8KlHxRNX12d+MUYZ81rF/9aGJZXNDR6Nj2sTnaHIxMX1OHOX8rmQ==
- tinymce/7.6.0/plugins/help/js/i18n/keynav/zh_CN.min.js: sha512-IlKNujykeQTImlZkswBAFivJ+gN5hHIW0ewixLH/P/I44lEw8Nmui4W0lr94fve2MOIXUpMRCaZYZ20mn5zEDg==
- tinymce/7.6.0/plugins/help/plugin.js: sha512-AEqz6BjjhtPbBUR63vK6i/3dAm+4GY/oR4up/iwV+nQcrOln+DuA+9fRHD4hCS7xf197WDHXBww5fXdX8fvdjg==
- tinymce/7.6.0/skins/content/dark/content.min.css: sha512-w/Ci+oRIxxCuQ8gmJS55uQHTW870sSCgkyiN8uVJKKuZvZtUcA1ONEJDI9o2FTGo2nftq9bdg1z2E7SaigKI8g==
- tinymce/7.6.0/plugins/help/js/i18n/keynav/kk.js: sha512-9cxB0fL+GToJxjcl40eKtPs+DLAdatSMC2MNrQntZGIhS9eP/KSIb4ih7Mr9EXP9rMQB7X8QRmh5hy/hwNG4xA==
- tinymce/7.6.0/plugins/help/js/i18n/keynav/nl.js: sha512-+EMH5qBM/IpsD/jPlPXCdbt+JU9o/ZLxoa/EDNjozKF1D0pKtiLHYDq1Kl1GvVtez7eXfuXqSvcVJ5+EnMOuWA==
- tinymce/7.6.0/plugins/help/js/i18n/keynav/pt_BR.min.js: sha512-AZyQHKodhsZAZZ0Uu0OnYJm2oT1xK6L4DdbqSUQTiHMRyiZ3F+i7UzJ3usAL0YpUkMxf2ga/mPIAv3/Q92d//Q==
- tinymce/7.6.0/plugins/help/js/i18n/keynav/sk.js: sha512-g/swvlaLg3UQkhIL6xeueuHpfwqOPuPyKP9gmNF3xi36UMmsiZh4sgDoEMVHjwkA9+2izyeig5/Xzt8o4hVaEQ==
- tinymce/7.6.0/plugins/emoticons/plugin.js: sha512-FD7YeuN5le7j+UrzXM+UNNomhxZrIaUAuAQsq1kQ6duXePJQW8So/xG4mQArBh64n7745UL5xcYUCHMzgLAHzQ==
- tinymce/7.6.0/plugins/help/js/i18n/keynav/el.js: sha512-nqXrW1jAA+zpip+q2JMrcbAPXqv6SYw2dbiJika7rXf0RMhiELy9KJHi2zp8VH3p9NCOA5+s+t93teYoaDsyhg==
- tinymce/7.6.0/plugins/help/js/i18n/keynav/en.js: sha512-3hpwGxDakTDP2uiWBg/ZbZuADT8IQ4qCDiFh/UTaCzcirxW3J+w7m7PMuJY3p6G1TwSVFxVbw8mGF51PLIXV2g==
- tinymce/7.6.0/plugins/help/js/i18n/keynav/hi.js: sha512-NmdGrGq/Ehj/2t2PeMG/IXBV+04vK23dyatbKWXyS1J+rbrvFMdupI5qkQNlAUcq4NH364M/o2pMDU2u/WBkFQ==
- tinymce/7.6.0/plugins/help/js/i18n/keynav/uk.min.js: sha512-eC0HVwwbHQKuflxUAHHlW4U2UX/0T8akWT/F21nYyYahGJV+CfwLJYcR2HnKwz5XJsV/a+4GlWOlBMfB7vfSXA==
- tinymce/7.6.0/skins/content/tinymce-5-dark/content.min.css: sha512-YqZyZ8o4zS03A7isAjR0oM/WvQbfLMN3QJnUITLwx3w+58WK64xxkpjYOSgCPB7ioPF0bxjbc3OQRwgQ/anP6g==
- tinymce/7.6.0/plugins/emoticons/plugin.min.js: sha512-HEcYIqz86EjMW1iszndJ9yF5dLOfbZXiUqKwnkdrRECEu4UwKPl82QvE6D3Xwgdxya71JzX+g+H9lLxANVQEyw==
- tinymce/7.6.0/plugins/help/js/i18n/keynav/ko_KR.min.js: sha512-Lg4oF0zFGIJJjYJz7UV7xcGF4e6fpKmqrm3/3Z2iPDBJ9PjnNZOZLERGC811WEINheHZjJvY/nrTH4rFC2Lc4w==
- tinymce/7.6.0/plugins/image/plugin.min.js: sha512-YMJJrpYxIbzChcm4gxji4dOjIeYB/tBeFlOZwnJ4uFopK80oyLvGcdh68vta6NZiurEN/kNiuO0uoUqVXz6WSA==
- tinymce/7.6.0/plugins/save/plugin.min.js: sha512-R5mc5mSwI6w2fy7+MZSVbQAVXMoZwc5RFPS7Hld99+dUYcG+ObyeAKD7Z3hAXvj1pzPgojz+b34s1eT6Ay+3Qw==
- tinymce/7.6.0/plugins/autosave/plugin.min.js: sha512-iu83OOf/xQwiB+Zx81k4wTaYX2u060jCNFluRzWAZaX52l9GcI16EJ9sbxEXKg2iePeYsMGiiaOVQ7VShVj/Qg==
- tinymce/7.6.0/plugins/quickbars/plugin.js: sha512-q/yY1Ff57BtDYIfV4RINSaKFYvblia8NnwD6jo9jqUVIUkrpPtcnJ/rsHCIyt0j59yWvA/dnJ7+NxYIv+9FdmA==
- tinymce/7.6.0/skins/ui/tinymce-5/content.min.css: sha512-8BqtmdECGFCJmglrYVvN49V4cMFarxK4cytXIpvNOHxeA+QV8+3gCRA4s3IXveogR1VLicTlpnLJxqzwdQp+KA==
- tinymce/7.6.0/tinymce.min.js: sha512-/4EpSbZW47rO/cUIb0AMRs/xWwE8pyOLf8eiDWQ6sQash5RP1Cl8Zi2aqa4QEufjeqnzTK8CLZWX7J5ZjLcc1Q==
- tinymce/7.6.0/plugins/autoresize/plugin.js: sha512-NL/mIbiTyk+mfUjkMO4dpeFM6CtMm+ORKn95aDdR0UBYcjViSxuFWNmRzL/FydSsnyDWIIORVL835DV+AVJAsQ==
- tinymce/7.6.0/plugins/help/js/i18n/keynav/de.min.js: sha512-X1n4XAEE9K6XTUiX/Axi862kF03L930Y6ZcNhJAWD55q8+u5x0gB3R5XdIxkNly8wXq3vTq3K++onqgudJMXzw==
- tinymce/7.6.0/skins/content/writer/content.min.css: sha512-UEvoV1TzFIKUex7cUmZn33X0A/H1k0cS2FWcsGownGJfUvrx87py3fBSrmfuSP7T2jAn7kfyIEbcvlqDdP7v6g==
- tinymce/7.6.0/skins/ui/oxide/skin.shadowdom.min.css: sha512-miBgTjSXvLM5DC2uQxck2C5CWHiNyagTVVKtEWp8QER2BHf4y4uNDf7o1vgi4BYlpLIjvlgd7VAuJsYgCsaFpw==
- tinymce/7.6.0/plugins/help/js/i18n/keynav/th_TH.min.js: sha512-SiWFOsHXvA+z/nioKLwcVsE0gaVglEWgABPLAyvcqqSUC53ea1e6Sl7wdtWWeryltuLRqEVdcncSSGJH1RYukA==
- tinymce/7.6.0/plugins/help/js/i18n/keynav/vi.js: sha512-45sxFF456Wwad+USc1ZX89RrtdlwLhodGAI+tFVmPiaXMGEWy9LIiHncvpyvWIAlE0z8/c4nn3G6YHUaLgHjUA==
- tinymce/7.6.0/plugins/help/js/i18n/keynav/ar.min.js: sha512-hpNwTe+qAqGMTcLpaxFZ+IMfLlge+HFSCLqrNPLKPuSsnscSB2mbCn+L7pAditif87/0CyCpwPI16zXoVUJPXA==
- tinymce/7.6.0/plugins/help/js/i18n/keynav/kk.min.js: sha512-sg5KV+oJqQQQZvRtVP/VG3RpTMo45N95XooEJ7KxIURiN58nCD3QwLzoT8jTDD43r1k47nv5BxQAmC846h8ALw==
- tinymce/7.6.0/plugins/help/js/i18n/keynav/ko_KR.js: sha512-YZQXVsUZdsr0fuw7aEWu7heLft9ZZt4uMXgeFPfkH8rL/C8TJqFjSX5vwudMbUPXmW7CGAS2RjlHdncEuPrBeA==
- tinymce/7.6.0/plugins/help/js/i18n/keynav/sl_SI.min.js: sha512-+5qwontKDq0KX4n5RJ/Sr+0RCUJ0C5UKW/Bh3w9iL1UzK+HipT/v/+S4Eja8gMWY/G5w8C4dFLCloINAn2btXQ==
- tinymce/7.6.0/plugins/help/js/i18n/keynav/ca.min.js: sha512-r45NKyLvcLHTnjKWYDURf/JOVjHUWHLr1yf6EayB/eJTKZaPlAf+LF2OqDL/4/su4xshDuZAWMsyWKp6zBdUxQ==
- tinymce/7.6.0/plugins/nonbreaking/plugin.js: sha512-TByL8qykwwwUTh0aUUNx8QLVqit/tVvpM7SdZtyO0cd5jMMpNYavca+8eE2Xqaq/0bWvVItE6ZUvXP8qs3ImkA==
- tinymce/7.6.0/plugins/help/js/i18n/keynav/ja.min.js: sha512-Wyu4pfUSYkW3iMSkKy0nulYxztxGNIDxHwKo0TE0cIU21lWO4rmrGHhyruYHkv1O1/RLP1fGAi3hzcUU3MXG4Q==
- tinymce/7.6.0/plugins/advlist/plugin.js: sha512-Ub92Jl1fSkfFUeBhqZR+oH9rPsQUSJtPpIg04eDRqRh6qNiVRHn5CMxoAoyUp0BeqVuZ3EcObvI3Gj1JutylgQ==
- tinymce/7.6.0/plugins/codesample/plugin.min.js: sha512-mFuQVRzrOkBjPRCJlaOjcZLvpWht+y6WQzbFRlXqwkEqHgpoLlnAlYialUwbAy/7sW0ikMp6533cYR19ZFSJDA==
- tinymce/7.6.0/plugins/help/js/i18n/keynav/eu.js: sha512-Ew6uhG8/yQn6mfgJBdSvPkuZG+RYxCVXfnD3BfuTG/zkGTbb+PbkPD480Jw5qr5joDvvJo5j13J8udD6MVRlUA==
- tinymce/7.6.0/plugins/help/js/i18n/keynav/hr.min.js: sha512-FNrnfJm9xTE8NRmWxtahz61vR9tOwTdsJZol+h8JuQ1GGqjioaqsXAVX55AqRVrxRAg/MUT1FiX4Ah1wcS9fsw==
- tinymce/7.6.0/plugins/help/js/i18n/keynav/sk.min.js: sha512-LO2phO0uiSU1nd/ojd4HEyCJXc4FRQivXRYZabps30I7wly4QbAqLqELhoVfbV6QzmirFMjRktQsajrBVHaHsg==
- tinymce/7.6.0/plugins/nonbreaking/plugin.min.js: sha512-MB3etiSkv3d8pIFZS8AfinwnWQlFsAnq0mIW515t0LpARa/O3R7PYAosskikoT94gXCi15bfsB2eRxOskiqFfg==
- tinymce/7.6.0/skins/ui/oxide-dark/skin.min.css: sha512-Jc7ma3/kzDiKGMAzeSivLXJZDSsXnBUWchhdpYtbABZOkouY4HhFfoOvL/TYbGSlfL0ENcVDQFUQR8DPYpEeMg==
- tinymce/7.6.0/plugins/autolink/plugin.min.js: sha512-bqWOOmz1Ww7cDXhbgDH/YmBboEG5FOUzOLG4qpr87hMvmhrB2iVL7szfDoEPzew7/Sx2pJ1qJbPc+y0QZk8QYA==
- tinymce/7.6.0/plugins/charmap/plugin.min.js: sha512-nB64GH584wMZiVxGFZKlAhDnipgAYIE2cc5TdXsXFgKk07UxQUqRO5AORNld/N2C4y51tpp4cgDwjtu/a/aZQQ==
- tinymce/7.6.0/plugins/help/js/i18n/keynav/fi.min.js: sha512-NMHR7hG6Bst8VRoCo5mxkcuUCJKfkoEzbOIjEZZsUTkPPgxm7g4AH4D9e2QWjO+745eyhre9GET0mWkEXKnwAQ==
- tinymce/7.6.0/plugins/help/js/i18n/keynav/vi.min.js: sha512-QQnrHWAv8avUFTjHa1NbieCSTJwvq3hDwVwsb9LKbwFxSnz+4NP7TgdWMwXFewR/m7LCXnK1o3A6ruQ5wtvY+w==
- tinymce/7.6.0/plugins/link/plugin.min.js: sha512-sMFDNYCMpqGBUWCt0SOovesJ7xTAqkyAgg9KnWAuGngIFAyXokQbwAwkMs3QW7hsdfwwL6UTjIXOvK0bs7EnEA==
- tinymce/7.6.0/plugins/visualblocks/plugin.js: sha512-nDKEFQn76X6SvkM8zApq5p6p7LpGw5Rn3Lx1PvsMP+yOFqRs3bSBPd9ncf8CeI99qHaSr/KBvZg0389gadtbHA==
- tinymce/7.6.0/skins/ui/tinymce-5-dark/skin.min.css: sha512-byUUL58yvyt/GuvD5yV03+vRz6+3F9ATVJHs+OcOeqx/DVc64loZXmNAP5XkfGebtPXO6hggXlL/XAWgU5V1Ww==
- tinymce/7.6.0/icons/default/icons.min.js: sha512-GMIle27rS0gvODQxnu1mwuyOXXKMrIWBRuR7smuD1sIOfaYcXfSsR+vmnOzbo3hLlAkbfhmARnwMwfrSJBdN2Q==
- tinymce/7.6.0/plugins/help/js/i18n/keynav/da.js: sha512-tBWF74rGqdUewDNj0+jxyiaNaLrFl94xzGReEt7HjeEd4AXMMuTLTORK1LDCiHIAj7M5A9iW0++vW+/17vxKhQ==
- tinymce/7.6.0/plugins/help/js/i18n/keynav/hr.js: sha512-KzMp223vCdLvwov3laj3fFQzIhXvfwwz3eXjvdVsmdnpWcLYTervz5c0as9DbGCWpZVm95lu32ViWo4xiZeL7A==
- tinymce/7.6.0/plugins/importcss/plugin.js: sha512-K4hMh6XABeUPP8r8JXOIbO3avw4nD60HXmutkIN4Lx96hioCcoNniBNDwyZ4LcGXIMubCxSvVsdwC0UNMzEFzw==
- tinymce/7.6.0/plugins/emoticons/js/emojiimages.min.js: sha512-cqo4otyf79ihBk6bytEIA3wH+CrtLtJMWwwFRMoxN9BLcBfqxQP9mQVSxJz4ojPOZryQ0xDwUvEEWJygKo8c7w==
- tinymce/7.6.0/plugins/help/js/i18n/keynav/es.min.js: sha512-zwepcAnaN34NBVDsw/DmUrLXxj5DOMlv9hdHFPaJpo1DXGN2v17H1ErFbrfcmIj8X5junplzK+zWl0U9Ohk7MQ==
- tinymce/7.6.0/plugins/help/js/i18n/keynav/he_IL.min.js: sha512-ZRMVgcCbOglw89Cbsgxd52gDTafKoxM6S2nCtjGMIlYz0UWQaLZxCgesIbibE2thU99YgPO4C13KUpFO9GGTlg==
- tinymce/7.6.0/plugins/help/js/i18n/keynav/hu_HU.min.js: sha512-xhWbizJ1DGvRPkW6nH+TcIS1xvGINMzKSbrmbOtUxoJtg4aLPqAS0txD6ukJ9X3RryVAXbfd69gBt6gG0deFew==
- tinymce/7.6.0/plugins/autoresize/plugin.min.js: sha512-b8dVN07uO9IAaRy/CpUIynWrdlhbA1LT1lBF3oOv0U8b/VzEGBfjB0Rp8AdHUqQtw16rbnkba2nPwVzepgFltw==
- tinymce/7.6.0/plugins/autosave/plugin.js: sha512-CLcYo6tGNt1GO7NHbwl4j/UtPy9r2g+WesEEZFAnzkslo8nEYFSD0zkFabI+hpmf6AjbeaZwY5e4EAFGIl9DFw==
- tinymce/7.6.0/plugins/codesample/plugin.js: sha512-xMp5NJ3V9HgsdqAUp25eYtCG3AfIUnqDmERJ7Xc06eu/1kASFMfmd4fIf7gBh1OLKhL07yX9p8xJJLniST1UWQ==
- tinymce/7.6.0/plugins/directionality/plugin.min.js: sha512-TCw+4fkLuSzWjnhtIsCYokFYyeGeb4LiyOhAoDLcEKj3oj6nkHoPQv2sE+CvFphnryKuLBN+5EzBHHRKNhDZAg==
- tinymce/7.6.0/skins/ui/oxide/skin.min.css: sha512-1hK8PGaGMJFoMlh/tvJeEsTefobkqIyx0OeHYQOdVyRbQE5J+H1hT2qU2QVn5ffa1V6lo48fTm86MbqmnUdDPw==
- tinymce/7.6.0/plugins/help/js/i18n/keynav/nb_NO.js: sha512-SdnQstuHaQIYJSsmfbQKV4phMYDneEXU18aQfxn/zm8lyvy5TsdZ5h70lDu5TAHy0+IoibibHICP0aX+FCQg7A==
- tinymce/7.6.0/plugins/help/js/i18n/keynav/ru.min.js: sha512-ur/hvdPZYUiNL2Pb4K3D25lRcbVfnR/4yBgcQfRku/h5w/ekAkw7uO2CNbAPuZYN/R0dqDGUy7wkigyK2WAthA==
- tinymce/7.6.0/plugins/media/plugin.min.js: sha512-W6QBYxfMMkaMBpzhaH2iZT2biPOlcj+kYvxlx8U8ierxS8w4jrdNeaFlJztB+V5KpXUO3pGFORQb8JnRunIRAQ==
- tinymce/7.6.0/skins/ui/oxide/content.inline.min.css: sha512-4sSl7cI1e3WJQ5pubcn+oCPINxqB/srpTo4/3S94Wsu4EG0TY1cdvU+7baS/D6mr1G75Qr3DA552Ny8MmpYnPg==
