config: {"authors":[{"name":"Jason Desrosiers \u003cjdesrosi@gmail.com\u003e"}],"autoupdate":{"source":"npm","target":"@hyperjump/json-schema","fileMap":[{"basePath":"","files":["annotations/**/*.js","bundle/*.js","draft-04/*.js","draft-06/*.js","draft-07/*.js","draft-2019-09/**/*.js","draft-2020-12/**/*.js","lib/**/*.js","openapi-3-0/**/*.js","openapi-3-1/**/*.js","stable/**/*.js"]}]},"description":"A JSON Schema validator with support for custom keywords, vocabularies, and dialects","filename":"stable/index.js","keywords":["JSON Schema","json-schema","jsonschema","JSON","Schema","2020-12","2019-09","draft-07","draft-06","draft-04","vocabulary","vocabularies"],"license":"MIT","name":"hyperjump-json-schema","repository":{"type":"git","url":"https://github.com/hyperjump-io/json-schema"},"author":"Jason Desrosiers \u003cjdesrosi@gmail.com\u003e"}
KV keys:
- hyperjump-json-schema/1.15.0/annotations/annotated-instance.js.br
- hyperjump-json-schema/1.15.0/annotations/annotated-instance.js.gz
- hyperjump-json-schema/1.15.0/annotations/annotated-instance.min.js.br
- hyperjump-json-schema/1.15.0/annotations/annotated-instance.min.js.gz
- hyperjump-json-schema/1.15.0/annotations/index.js.br
- hyperjump-json-schema/1.15.0/annotations/index.js.gz
- hyperjump-json-schema/1.15.0/annotations/index.min.js.br
- hyperjump-json-schema/1.15.0/annotations/index.min.js.gz
- hyperjump-json-schema/1.15.0/annotations/test-utils.js.br
- hyperjump-json-schema/1.15.0/annotations/test-utils.js.gz
- hyperjump-json-schema/1.15.0/annotations/test-utils.min.js.br
- hyperjump-json-schema/1.15.0/annotations/test-utils.min.js.gz
- hyperjump-json-schema/1.15.0/annotations/validation-error.js.br
- hyperjump-json-schema/1.15.0/annotations/validation-error.js.gz
- hyperjump-json-schema/1.15.0/annotations/validation-error.min.js.br
- hyperjump-json-schema/1.15.0/annotations/validation-error.min.js.gz
- hyperjump-json-schema/1.15.0/bundle/index.js.br
- hyperjump-json-schema/1.15.0/bundle/index.js.gz
- hyperjump-json-schema/1.15.0/bundle/index.min.js.br
- hyperjump-json-schema/1.15.0/bundle/index.min.js.gz
- hyperjump-json-schema/1.15.0/draft-04/additionalItems.js.br
- hyperjump-json-schema/1.15.0/draft-04/additionalItems.js.gz
- hyperjump-json-schema/1.15.0/draft-04/additionalItems.min.js.br
- hyperjump-json-schema/1.15.0/draft-04/additionalItems.min.js.gz
- hyperjump-json-schema/1.15.0/draft-04/dependencies.js.br
- hyperjump-json-schema/1.15.0/draft-04/dependencies.js.gz
- hyperjump-json-schema/1.15.0/draft-04/dependencies.min.js.br
- hyperjump-json-schema/1.15.0/draft-04/dependencies.min.js.gz
- hyperjump-json-schema/1.15.0/draft-04/exclusiveMaximum.js.br
- hyperjump-json-schema/1.15.0/draft-04/exclusiveMaximum.js.gz
- hyperjump-json-schema/1.15.0/draft-04/exclusiveMaximum.min.js.br
- hyperjump-json-schema/1.15.0/draft-04/exclusiveMaximum.min.js.gz
- hyperjump-json-schema/1.15.0/draft-04/exclusiveMinimum.js.br
- hyperjump-json-schema/1.15.0/draft-04/exclusiveMinimum.js.gz
- hyperjump-json-schema/1.15.0/draft-04/exclusiveMinimum.min.js.br
- hyperjump-json-schema/1.15.0/draft-04/exclusiveMinimum.min.js.gz
- hyperjump-json-schema/1.15.0/draft-04/id.js.br
- hyperjump-json-schema/1.15.0/draft-04/id.js.gz
- hyperjump-json-schema/1.15.0/draft-04/id.min.js.br
- hyperjump-json-schema/1.15.0/draft-04/id.min.js.gz
- hyperjump-json-schema/1.15.0/draft-04/index.js.br
- hyperjump-json-schema/1.15.0/draft-04/index.js.gz
- hyperjump-json-schema/1.15.0/draft-04/index.min.js.br
- hyperjump-json-schema/1.15.0/draft-04/index.min.js.gz
- hyperjump-json-schema/1.15.0/draft-04/items.js.br
- hyperjump-json-schema/1.15.0/draft-04/items.js.gz
- hyperjump-json-schema/1.15.0/draft-04/items.min.js.br
- hyperjump-json-schema/1.15.0/draft-04/items.min.js.gz
- hyperjump-json-schema/1.15.0/draft-04/maximum.js.br
- hyperjump-json-schema/1.15.0/draft-04/maximum.js.gz
- hyperjump-json-schema/1.15.0/draft-04/maximum.min.js.br
- hyperjump-json-schema/1.15.0/draft-04/maximum.min.js.gz
- hyperjump-json-schema/1.15.0/draft-04/minimum.js.br
- hyperjump-json-schema/1.15.0/draft-04/minimum.js.gz
- hyperjump-json-schema/1.15.0/draft-04/minimum.min.js.br
- hyperjump-json-schema/1.15.0/draft-04/minimum.min.js.gz
- hyperjump-json-schema/1.15.0/draft-04/ref.js.br
- hyperjump-json-schema/1.15.0/draft-04/ref.js.gz
- hyperjump-json-schema/1.15.0/draft-04/ref.min.js.br
- hyperjump-json-schema/1.15.0/draft-04/ref.min.js.gz
- hyperjump-json-schema/1.15.0/draft-04/schema.js.br
- hyperjump-json-schema/1.15.0/draft-04/schema.js.gz
- hyperjump-json-schema/1.15.0/draft-04/schema.min.js.br
- hyperjump-json-schema/1.15.0/draft-04/schema.min.js.gz
- hyperjump-json-schema/1.15.0/draft-06/contains.js.br
- hyperjump-json-schema/1.15.0/draft-06/contains.js.gz
- hyperjump-json-schema/1.15.0/draft-06/contains.min.js.br
- hyperjump-json-schema/1.15.0/draft-06/contains.min.js.gz
- hyperjump-json-schema/1.15.0/draft-06/index.js.br
- hyperjump-json-schema/1.15.0/draft-06/index.js.gz
- hyperjump-json-schema/1.15.0/draft-06/index.min.js.br
- hyperjump-json-schema/1.15.0/draft-06/index.min.js.gz
- hyperjump-json-schema/1.15.0/draft-06/schema.js.br
- hyperjump-json-schema/1.15.0/draft-06/schema.js.gz
- hyperjump-json-schema/1.15.0/draft-06/schema.min.js.br
- hyperjump-json-schema/1.15.0/draft-06/schema.min.js.gz
- hyperjump-json-schema/1.15.0/draft-07/index.js.br
- hyperjump-json-schema/1.15.0/draft-07/index.js.gz
- hyperjump-json-schema/1.15.0/draft-07/index.min.js.br
- hyperjump-json-schema/1.15.0/draft-07/index.min.js.gz
- hyperjump-json-schema/1.15.0/draft-07/schema.js.br
- hyperjump-json-schema/1.15.0/draft-07/schema.js.gz
- hyperjump-json-schema/1.15.0/draft-07/schema.min.js.br
- hyperjump-json-schema/1.15.0/draft-07/schema.min.js.gz
- hyperjump-json-schema/1.15.0/draft-2019-09/index.js.br
- hyperjump-json-schema/1.15.0/draft-2019-09/index.js.gz
- hyperjump-json-schema/1.15.0/draft-2019-09/index.min.js.br
- hyperjump-json-schema/1.15.0/draft-2019-09/index.min.js.gz
- hyperjump-json-schema/1.15.0/draft-2019-09/meta/applicator.js.br
- hyperjump-json-schema/1.15.0/draft-2019-09/meta/applicator.js.gz
- hyperjump-json-schema/1.15.0/draft-2019-09/meta/applicator.min.js.br
- hyperjump-json-schema/1.15.0/draft-2019-09/meta/applicator.min.js.gz
- hyperjump-json-schema/1.15.0/draft-2019-09/meta/content.js.br
- hyperjump-json-schema/1.15.0/draft-2019-09/meta/content.js.gz
- hyperjump-json-schema/1.15.0/draft-2019-09/meta/content.min.js.br
- hyperjump-json-schema/1.15.0/draft-2019-09/meta/content.min.js.gz
- hyperjump-json-schema/1.15.0/draft-2019-09/meta/core.js.br
- hyperjump-json-schema/1.15.0/draft-2019-09/meta/core.js.gz
- hyperjump-json-schema/1.15.0/draft-2019-09/meta/core.min.js.br
- hyperjump-json-schema/1.15.0/draft-2019-09/meta/core.min.js.gz
- hyperjump-json-schema/1.15.0/draft-2019-09/meta/format.js.br
- hyperjump-json-schema/1.15.0/draft-2019-09/meta/format.js.gz
- hyperjump-json-schema/1.15.0/draft-2019-09/meta/format.min.js.br
- hyperjump-json-schema/1.15.0/draft-2019-09/meta/format.min.js.gz
- hyperjump-json-schema/1.15.0/draft-2019-09/meta/meta-data.js.br
- hyperjump-json-schema/1.15.0/draft-2019-09/meta/meta-data.js.gz
- hyperjump-json-schema/1.15.0/draft-2019-09/meta/meta-data.min.js.br
- hyperjump-json-schema/1.15.0/draft-2019-09/meta/meta-data.min.js.gz
- hyperjump-json-schema/1.15.0/draft-2019-09/meta/validation.js.br
- hyperjump-json-schema/1.15.0/draft-2019-09/meta/validation.js.gz
- hyperjump-json-schema/1.15.0/draft-2019-09/meta/validation.min.js.br
- hyperjump-json-schema/1.15.0/draft-2019-09/meta/validation.min.js.gz
- hyperjump-json-schema/1.15.0/draft-2019-09/recursiveAnchor.js.br
- hyperjump-json-schema/1.15.0/draft-2019-09/recursiveAnchor.js.gz
- hyperjump-json-schema/1.15.0/draft-2019-09/recursiveAnchor.min.js.br
- hyperjump-json-schema/1.15.0/draft-2019-09/recursiveAnchor.min.js.gz
- hyperjump-json-schema/1.15.0/draft-2019-09/schema.js.br
- hyperjump-json-schema/1.15.0/draft-2019-09/schema.js.gz
- hyperjump-json-schema/1.15.0/draft-2019-09/schema.min.js.br
- hyperjump-json-schema/1.15.0/draft-2019-09/schema.min.js.gz
- hyperjump-json-schema/1.15.0/draft-2020-12/dynamicAnchor.js.br
- hyperjump-json-schema/1.15.0/draft-2020-12/dynamicAnchor.js.gz
- hyperjump-json-schema/1.15.0/draft-2020-12/dynamicAnchor.min.js.br
- hyperjump-json-schema/1.15.0/draft-2020-12/dynamicAnchor.min.js.gz
- hyperjump-json-schema/1.15.0/draft-2020-12/dynamicRef.js.br
- hyperjump-json-schema/1.15.0/draft-2020-12/dynamicRef.js.gz
- hyperjump-json-schema/1.15.0/draft-2020-12/dynamicRef.min.js.br
- hyperjump-json-schema/1.15.0/draft-2020-12/dynamicRef.min.js.gz
- hyperjump-json-schema/1.15.0/draft-2020-12/index.js.br
- hyperjump-json-schema/1.15.0/draft-2020-12/index.js.gz
- hyperjump-json-schema/1.15.0/draft-2020-12/index.min.js.br
- hyperjump-json-schema/1.15.0/draft-2020-12/index.min.js.gz
- hyperjump-json-schema/1.15.0/draft-2020-12/meta/applicator.js.br
- hyperjump-json-schema/1.15.0/draft-2020-12/meta/applicator.js.gz
- hyperjump-json-schema/1.15.0/draft-2020-12/meta/applicator.min.js.br
- hyperjump-json-schema/1.15.0/draft-2020-12/meta/applicator.min.js.gz
- hyperjump-json-schema/1.15.0/draft-2020-12/meta/content.js.br
- hyperjump-json-schema/1.15.0/draft-2020-12/meta/content.js.gz
- hyperjump-json-schema/1.15.0/draft-2020-12/meta/content.min.js.br
- hyperjump-json-schema/1.15.0/draft-2020-12/meta/content.min.js.gz
- hyperjump-json-schema/1.15.0/draft-2020-12/meta/core.js.br
- hyperjump-json-schema/1.15.0/draft-2020-12/meta/core.js.gz
- hyperjump-json-schema/1.15.0/draft-2020-12/meta/core.min.js.br
- hyperjump-json-schema/1.15.0/draft-2020-12/meta/core.min.js.gz
- hyperjump-json-schema/1.15.0/draft-2020-12/meta/format-annotation.js.br
- hyperjump-json-schema/1.15.0/draft-2020-12/meta/format-annotation.js.gz
- hyperjump-json-schema/1.15.0/draft-2020-12/meta/format-annotation.min.js.br
- hyperjump-json-schema/1.15.0/draft-2020-12/meta/format-annotation.min.js.gz
- hyperjump-json-schema/1.15.0/draft-2020-12/meta/format-assertion.js.br
- hyperjump-json-schema/1.15.0/draft-2020-12/meta/format-assertion.js.gz
- hyperjump-json-schema/1.15.0/draft-2020-12/meta/format-assertion.min.js.br
- hyperjump-json-schema/1.15.0/draft-2020-12/meta/format-assertion.min.js.gz
- hyperjump-json-schema/1.15.0/draft-2020-12/meta/meta-data.js.br
- hyperjump-json-schema/1.15.0/draft-2020-12/meta/meta-data.js.gz
- hyperjump-json-schema/1.15.0/draft-2020-12/meta/meta-data.min.js.br
- hyperjump-json-schema/1.15.0/draft-2020-12/meta/meta-data.min.js.gz
- hyperjump-json-schema/1.15.0/draft-2020-12/meta/unevaluated.js.br
- hyperjump-json-schema/1.15.0/draft-2020-12/meta/unevaluated.js.gz
- hyperjump-json-schema/1.15.0/draft-2020-12/meta/unevaluated.min.js.br
- hyperjump-json-schema/1.15.0/draft-2020-12/meta/unevaluated.min.js.gz
- hyperjump-json-schema/1.15.0/draft-2020-12/meta/validation.js.br
- hyperjump-json-schema/1.15.0/draft-2020-12/meta/validation.js.gz
- hyperjump-json-schema/1.15.0/draft-2020-12/meta/validation.min.js.br
- hyperjump-json-schema/1.15.0/draft-2020-12/meta/validation.min.js.gz
- hyperjump-json-schema/1.15.0/draft-2020-12/schema.js.br
- hyperjump-json-schema/1.15.0/draft-2020-12/schema.js.gz
- hyperjump-json-schema/1.15.0/draft-2020-12/schema.min.js.br
- hyperjump-json-schema/1.15.0/draft-2020-12/schema.min.js.gz
- hyperjump-json-schema/1.15.0/lib/common.js.br
- hyperjump-json-schema/1.15.0/lib/common.js.gz
- hyperjump-json-schema/1.15.0/lib/common.min.js.br
- hyperjump-json-schema/1.15.0/lib/common.min.js.gz
- hyperjump-json-schema/1.15.0/lib/configuration.js.br
- hyperjump-json-schema/1.15.0/lib/configuration.js.gz
- hyperjump-json-schema/1.15.0/lib/configuration.min.js.br
- hyperjump-json-schema/1.15.0/lib/configuration.min.js.gz
- hyperjump-json-schema/1.15.0/lib/core.js.br
- hyperjump-json-schema/1.15.0/lib/core.js.gz
- hyperjump-json-schema/1.15.0/lib/core.min.js.br
- hyperjump-json-schema/1.15.0/lib/core.min.js.gz
- hyperjump-json-schema/1.15.0/lib/evaluation-plugins/annotations.js.br
- hyperjump-json-schema/1.15.0/lib/evaluation-plugins/annotations.js.gz
- hyperjump-json-schema/1.15.0/lib/evaluation-plugins/annotations.min.js.br
- hyperjump-json-schema/1.15.0/lib/evaluation-plugins/annotations.min.js.gz
- hyperjump-json-schema/1.15.0/lib/evaluation-plugins/basic-output.js.br
- hyperjump-json-schema/1.15.0/lib/evaluation-plugins/basic-output.js.gz
- hyperjump-json-schema/1.15.0/lib/evaluation-plugins/basic-output.min.js.br
- hyperjump-json-schema/1.15.0/lib/evaluation-plugins/basic-output.min.js.gz
- hyperjump-json-schema/1.15.0/lib/evaluation-plugins/detailed-output.js.br
- hyperjump-json-schema/1.15.0/lib/evaluation-plugins/detailed-output.js.gz
- hyperjump-json-schema/1.15.0/lib/evaluation-plugins/detailed-output.min.js.br
- hyperjump-json-schema/1.15.0/lib/evaluation-plugins/detailed-output.min.js.gz
- hyperjump-json-schema/1.15.0/lib/experimental.js.br
- hyperjump-json-schema/1.15.0/lib/experimental.js.gz
- hyperjump-json-schema/1.15.0/lib/experimental.min.js.br
- hyperjump-json-schema/1.15.0/lib/experimental.min.js.gz
- hyperjump-json-schema/1.15.0/lib/index.js.br
- hyperjump-json-schema/1.15.0/lib/index.js.gz
- hyperjump-json-schema/1.15.0/lib/index.min.js.br
- hyperjump-json-schema/1.15.0/lib/index.min.js.gz
- hyperjump-json-schema/1.15.0/lib/instance.js.br
- hyperjump-json-schema/1.15.0/lib/instance.js.gz
- hyperjump-json-schema/1.15.0/lib/instance.min.js.br
- hyperjump-json-schema/1.15.0/lib/instance.min.js.gz
- hyperjump-json-schema/1.15.0/lib/invalid-schema-error.js.br
- hyperjump-json-schema/1.15.0/lib/invalid-schema-error.js.gz
- hyperjump-json-schema/1.15.0/lib/invalid-schema-error.min.js.br
- hyperjump-json-schema/1.15.0/lib/invalid-schema-error.min.js.gz
- hyperjump-json-schema/1.15.0/lib/keywords/additionalProperties.js.br
- hyperjump-json-schema/1.15.0/lib/keywords/additionalProperties.js.gz
- hyperjump-json-schema/1.15.0/lib/keywords/additionalProperties.min.js.br
- hyperjump-json-schema/1.15.0/lib/keywords/additionalProperties.min.js.gz
- hyperjump-json-schema/1.15.0/lib/keywords/allOf.js.br
- hyperjump-json-schema/1.15.0/lib/keywords/allOf.js.gz
- hyperjump-json-schema/1.15.0/lib/keywords/allOf.min.js.br
- hyperjump-json-schema/1.15.0/lib/keywords/allOf.min.js.gz
- hyperjump-json-schema/1.15.0/lib/keywords/anchor.js.br
- hyperjump-json-schema/1.15.0/lib/keywords/anchor.js.gz
- hyperjump-json-schema/1.15.0/lib/keywords/anchor.min.js.br
- hyperjump-json-schema/1.15.0/lib/keywords/anchor.min.js.gz
- hyperjump-json-schema/1.15.0/lib/keywords/anyOf.js.br
- hyperjump-json-schema/1.15.0/lib/keywords/anyOf.js.gz
- hyperjump-json-schema/1.15.0/lib/keywords/anyOf.min.js.br
- hyperjump-json-schema/1.15.0/lib/keywords/anyOf.min.js.gz
- hyperjump-json-schema/1.15.0/lib/keywords/comment.js.br
- hyperjump-json-schema/1.15.0/lib/keywords/comment.js.gz
- hyperjump-json-schema/1.15.0/lib/keywords/comment.min.js.br
- hyperjump-json-schema/1.15.0/lib/keywords/comment.min.js.gz
- hyperjump-json-schema/1.15.0/lib/keywords/conditional.js.br
- hyperjump-json-schema/1.15.0/lib/keywords/conditional.js.gz
- hyperjump-json-schema/1.15.0/lib/keywords/conditional.min.js.br
- hyperjump-json-schema/1.15.0/lib/keywords/conditional.min.js.gz
- hyperjump-json-schema/1.15.0/lib/keywords/const.js.br
- hyperjump-json-schema/1.15.0/lib/keywords/const.js.gz
- hyperjump-json-schema/1.15.0/lib/keywords/const.min.js.br
- hyperjump-json-schema/1.15.0/lib/keywords/const.min.js.gz
- hyperjump-json-schema/1.15.0/lib/keywords/contains.js.br
- hyperjump-json-schema/1.15.0/lib/keywords/contains.js.gz
- hyperjump-json-schema/1.15.0/lib/keywords/contains.min.js.br
- hyperjump-json-schema/1.15.0/lib/keywords/contains.min.js.gz
- hyperjump-json-schema/1.15.0/lib/keywords/contentEncoding.js.br
- hyperjump-json-schema/1.15.0/lib/keywords/contentEncoding.js.gz
- hyperjump-json-schema/1.15.0/lib/keywords/contentEncoding.min.js.br
- hyperjump-json-schema/1.15.0/lib/keywords/contentEncoding.min.js.gz
- hyperjump-json-schema/1.15.0/lib/keywords/contentMediaType.js.br
- hyperjump-json-schema/1.15.0/lib/keywords/contentMediaType.js.gz
- hyperjump-json-schema/1.15.0/lib/keywords/contentMediaType.min.js.br
- hyperjump-json-schema/1.15.0/lib/keywords/contentMediaType.min.js.gz
- hyperjump-json-schema/1.15.0/lib/keywords/contentSchema.js.br
- hyperjump-json-schema/1.15.0/lib/keywords/contentSchema.js.gz
- hyperjump-json-schema/1.15.0/lib/keywords/contentSchema.min.js.br
- hyperjump-json-schema/1.15.0/lib/keywords/contentSchema.min.js.gz
- hyperjump-json-schema/1.15.0/lib/keywords/default.js.br
- hyperjump-json-schema/1.15.0/lib/keywords/default.js.gz
- hyperjump-json-schema/1.15.0/lib/keywords/default.min.js.br
- hyperjump-json-schema/1.15.0/lib/keywords/default.min.js.gz
- hyperjump-json-schema/1.15.0/lib/keywords/definitions.js.br
- hyperjump-json-schema/1.15.0/lib/keywords/definitions.js.gz
- hyperjump-json-schema/1.15.0/lib/keywords/definitions.min.js.br
- hyperjump-json-schema/1.15.0/lib/keywords/definitions.min.js.gz
- hyperjump-json-schema/1.15.0/lib/keywords/dependentRequired.js.br
- hyperjump-json-schema/1.15.0/lib/keywords/dependentRequired.js.gz
- hyperjump-json-schema/1.15.0/lib/keywords/dependentRequired.min.js.br
- hyperjump-json-schema/1.15.0/lib/keywords/dependentRequired.min.js.gz
- hyperjump-json-schema/1.15.0/lib/keywords/dependentSchemas.js.br
- hyperjump-json-schema/1.15.0/lib/keywords/dependentSchemas.js.gz
- hyperjump-json-schema/1.15.0/lib/keywords/dependentSchemas.min.js.br
- hyperjump-json-schema/1.15.0/lib/keywords/dependentSchemas.min.js.gz
- hyperjump-json-schema/1.15.0/lib/keywords/deprecated.js.br
- hyperjump-json-schema/1.15.0/lib/keywords/deprecated.js.gz
- hyperjump-json-schema/1.15.0/lib/keywords/deprecated.min.js.br
- hyperjump-json-schema/1.15.0/lib/keywords/deprecated.min.js.gz
- hyperjump-json-schema/1.15.0/lib/keywords/description.js.br
- hyperjump-json-schema/1.15.0/lib/keywords/description.js.gz
- hyperjump-json-schema/1.15.0/lib/keywords/description.min.js.br
- hyperjump-json-schema/1.15.0/lib/keywords/description.min.js.gz
- hyperjump-json-schema/1.15.0/lib/keywords/dynamicAnchor.js.br
- hyperjump-json-schema/1.15.0/lib/keywords/dynamicAnchor.js.gz
- hyperjump-json-schema/1.15.0/lib/keywords/dynamicAnchor.min.js.br
- hyperjump-json-schema/1.15.0/lib/keywords/dynamicAnchor.min.js.gz
- hyperjump-json-schema/1.15.0/lib/keywords/dynamicRef.js.br
- hyperjump-json-schema/1.15.0/lib/keywords/dynamicRef.js.gz
- hyperjump-json-schema/1.15.0/lib/keywords/dynamicRef.min.js.br
- hyperjump-json-schema/1.15.0/lib/keywords/dynamicRef.min.js.gz
- hyperjump-json-schema/1.15.0/lib/keywords/else.js.br
- hyperjump-json-schema/1.15.0/lib/keywords/else.js.gz
- hyperjump-json-schema/1.15.0/lib/keywords/else.min.js.br
- hyperjump-json-schema/1.15.0/lib/keywords/else.min.js.gz
- hyperjump-json-schema/1.15.0/lib/keywords/enum.js.br
- hyperjump-json-schema/1.15.0/lib/keywords/enum.js.gz
- hyperjump-json-schema/1.15.0/lib/keywords/enum.min.js.br
- hyperjump-json-schema/1.15.0/lib/keywords/enum.min.js.gz
- hyperjump-json-schema/1.15.0/lib/keywords/examples.js.br
- hyperjump-json-schema/1.15.0/lib/keywords/examples.js.gz
- hyperjump-json-schema/1.15.0/lib/keywords/examples.min.js.br
- hyperjump-json-schema/1.15.0/lib/keywords/examples.min.js.gz
- hyperjump-json-schema/1.15.0/lib/keywords/exclusiveMaximum.js.br
- hyperjump-json-schema/1.15.0/lib/keywords/exclusiveMaximum.js.gz
- hyperjump-json-schema/1.15.0/lib/keywords/exclusiveMaximum.min.js.br
- hyperjump-json-schema/1.15.0/lib/keywords/exclusiveMaximum.min.js.gz
- hyperjump-json-schema/1.15.0/lib/keywords/exclusiveMinimum.js.br
- hyperjump-json-schema/1.15.0/lib/keywords/exclusiveMinimum.js.gz
- hyperjump-json-schema/1.15.0/lib/keywords/exclusiveMinimum.min.js.br
- hyperjump-json-schema/1.15.0/lib/keywords/exclusiveMinimum.min.js.gz
- hyperjump-json-schema/1.15.0/lib/keywords/format.js.br
- hyperjump-json-schema/1.15.0/lib/keywords/format.js.gz
- hyperjump-json-schema/1.15.0/lib/keywords/format.min.js.br
- hyperjump-json-schema/1.15.0/lib/keywords/format.min.js.gz
- hyperjump-json-schema/1.15.0/lib/keywords/id.js.br
- hyperjump-json-schema/1.15.0/lib/keywords/id.js.gz
- hyperjump-json-schema/1.15.0/lib/keywords/id.min.js.br
- hyperjump-json-schema/1.15.0/lib/keywords/id.min.js.gz
- hyperjump-json-schema/1.15.0/lib/keywords/if.js.br
- hyperjump-json-schema/1.15.0/lib/keywords/if.js.gz
- hyperjump-json-schema/1.15.0/lib/keywords/if.min.js.br
- hyperjump-json-schema/1.15.0/lib/keywords/if.min.js.gz
- hyperjump-json-schema/1.15.0/lib/keywords/itemPattern.js.br
- hyperjump-json-schema/1.15.0/lib/keywords/itemPattern.js.gz
- hyperjump-json-schema/1.15.0/lib/keywords/itemPattern.min.js.br
- hyperjump-json-schema/1.15.0/lib/keywords/itemPattern.min.js.gz
- hyperjump-json-schema/1.15.0/lib/keywords/items.js.br
- hyperjump-json-schema/1.15.0/lib/keywords/items.js.gz
- hyperjump-json-schema/1.15.0/lib/keywords/items.min.js.br
- hyperjump-json-schema/1.15.0/lib/keywords/items.min.js.gz
- hyperjump-json-schema/1.15.0/lib/keywords/maxContains.js.br
- hyperjump-json-schema/1.15.0/lib/keywords/maxContains.js.gz
- hyperjump-json-schema/1.15.0/lib/keywords/maxContains.min.js.br
- hyperjump-json-schema/1.15.0/lib/keywords/maxContains.min.js.gz
- hyperjump-json-schema/1.15.0/lib/keywords/maxItems.js.br
- hyperjump-json-schema/1.15.0/lib/keywords/maxItems.js.gz
- hyperjump-json-schema/1.15.0/lib/keywords/maxItems.min.js.br
- hyperjump-json-schema/1.15.0/lib/keywords/maxItems.min.js.gz
- hyperjump-json-schema/1.15.0/lib/keywords/maxLength.js.br
- hyperjump-json-schema/1.15.0/lib/keywords/maxLength.js.gz
- hyperjump-json-schema/1.15.0/lib/keywords/maxLength.min.js.br
- hyperjump-json-schema/1.15.0/lib/keywords/maxLength.min.js.gz
- hyperjump-json-schema/1.15.0/lib/keywords/maxProperties.js.br
- hyperjump-json-schema/1.15.0/lib/keywords/maxProperties.js.gz
- hyperjump-json-schema/1.15.0/lib/keywords/maxProperties.min.js.br
- hyperjump-json-schema/1.15.0/lib/keywords/maxProperties.min.js.gz
- hyperjump-json-schema/1.15.0/lib/keywords/maximum.js.br
- hyperjump-json-schema/1.15.0/lib/keywords/maximum.js.gz
- hyperjump-json-schema/1.15.0/lib/keywords/maximum.min.js.br
- hyperjump-json-schema/1.15.0/lib/keywords/maximum.min.js.gz
- hyperjump-json-schema/1.15.0/lib/keywords/minContains.js.br
- hyperjump-json-schema/1.15.0/lib/keywords/minContains.js.gz
- hyperjump-json-schema/1.15.0/lib/keywords/minContains.min.js.br
- hyperjump-json-schema/1.15.0/lib/keywords/minContains.min.js.gz
- hyperjump-json-schema/1.15.0/lib/keywords/minItems.js.br
- hyperjump-json-schema/1.15.0/lib/keywords/minItems.js.gz
- hyperjump-json-schema/1.15.0/lib/keywords/minItems.min.js.br
- hyperjump-json-schema/1.15.0/lib/keywords/minItems.min.js.gz
- hyperjump-json-schema/1.15.0/lib/keywords/minLength.js.br
- hyperjump-json-schema/1.15.0/lib/keywords/minLength.js.gz
- hyperjump-json-schema/1.15.0/lib/keywords/minLength.min.js.br
- hyperjump-json-schema/1.15.0/lib/keywords/minLength.min.js.gz
- hyperjump-json-schema/1.15.0/lib/keywords/minProperties.js.br
- hyperjump-json-schema/1.15.0/lib/keywords/minProperties.js.gz
- hyperjump-json-schema/1.15.0/lib/keywords/minProperties.min.js.br
- hyperjump-json-schema/1.15.0/lib/keywords/minProperties.min.js.gz
- hyperjump-json-schema/1.15.0/lib/keywords/minimum.js.br
- hyperjump-json-schema/1.15.0/lib/keywords/minimum.js.gz
- hyperjump-json-schema/1.15.0/lib/keywords/minimum.min.js.br
- hyperjump-json-schema/1.15.0/lib/keywords/minimum.min.js.gz
- hyperjump-json-schema/1.15.0/lib/keywords/multipleOf.js.br
- hyperjump-json-schema/1.15.0/lib/keywords/multipleOf.js.gz
- hyperjump-json-schema/1.15.0/lib/keywords/multipleOf.min.js.br
- hyperjump-json-schema/1.15.0/lib/keywords/multipleOf.min.js.gz
- hyperjump-json-schema/1.15.0/lib/keywords/not.js.br
- hyperjump-json-schema/1.15.0/lib/keywords/not.js.gz
- hyperjump-json-schema/1.15.0/lib/keywords/not.min.js.br
- hyperjump-json-schema/1.15.0/lib/keywords/not.min.js.gz
- hyperjump-json-schema/1.15.0/lib/keywords/oneOf.js.br
- hyperjump-json-schema/1.15.0/lib/keywords/oneOf.js.gz
- hyperjump-json-schema/1.15.0/lib/keywords/oneOf.min.js.br
- hyperjump-json-schema/1.15.0/lib/keywords/oneOf.min.js.gz
- hyperjump-json-schema/1.15.0/lib/keywords/pattern.js.br
- hyperjump-json-schema/1.15.0/lib/keywords/pattern.js.gz
- hyperjump-json-schema/1.15.0/lib/keywords/pattern.min.js.br
- hyperjump-json-schema/1.15.0/lib/keywords/pattern.min.js.gz
- hyperjump-json-schema/1.15.0/lib/keywords/patternProperties.js.br
- hyperjump-json-schema/1.15.0/lib/keywords/patternProperties.js.gz
- hyperjump-json-schema/1.15.0/lib/keywords/patternProperties.min.js.br
- hyperjump-json-schema/1.15.0/lib/keywords/patternProperties.min.js.gz
- hyperjump-json-schema/1.15.0/lib/keywords/prefixItems.js.br
- hyperjump-json-schema/1.15.0/lib/keywords/prefixItems.js.gz
- hyperjump-json-schema/1.15.0/lib/keywords/prefixItems.min.js.br
- hyperjump-json-schema/1.15.0/lib/keywords/prefixItems.min.js.gz
- hyperjump-json-schema/1.15.0/lib/keywords/properties.js.br
- hyperjump-json-schema/1.15.0/lib/keywords/properties.js.gz
- hyperjump-json-schema/1.15.0/lib/keywords/properties.min.js.br
- hyperjump-json-schema/1.15.0/lib/keywords/properties.min.js.gz
- hyperjump-json-schema/1.15.0/lib/keywords/propertyDependencies.js.br
- hyperjump-json-schema/1.15.0/lib/keywords/propertyDependencies.js.gz
- hyperjump-json-schema/1.15.0/lib/keywords/propertyDependencies.min.js.br
- hyperjump-json-schema/1.15.0/lib/keywords/propertyDependencies.min.js.gz
- hyperjump-json-schema/1.15.0/lib/keywords/propertyNames.js.br
- hyperjump-json-schema/1.15.0/lib/keywords/propertyNames.js.gz
- hyperjump-json-schema/1.15.0/lib/keywords/propertyNames.min.js.br
- hyperjump-json-schema/1.15.0/lib/keywords/propertyNames.min.js.gz
- hyperjump-json-schema/1.15.0/lib/keywords/readOnly.js.br
- hyperjump-json-schema/1.15.0/lib/keywords/readOnly.js.gz
- hyperjump-json-schema/1.15.0/lib/keywords/readOnly.min.js.br
- hyperjump-json-schema/1.15.0/lib/keywords/readOnly.min.js.gz
- hyperjump-json-schema/1.15.0/lib/keywords/ref.js.br
- hyperjump-json-schema/1.15.0/lib/keywords/ref.js.gz
- hyperjump-json-schema/1.15.0/lib/keywords/ref.min.js.br
- hyperjump-json-schema/1.15.0/lib/keywords/ref.min.js.gz
- hyperjump-json-schema/1.15.0/lib/keywords/requireAllExcept.js.br
- hyperjump-json-schema/1.15.0/lib/keywords/requireAllExcept.js.gz
- hyperjump-json-schema/1.15.0/lib/keywords/requireAllExcept.min.js.br
- hyperjump-json-schema/1.15.0/lib/keywords/requireAllExcept.min.js.gz
- hyperjump-json-schema/1.15.0/lib/keywords/required.js.br
- hyperjump-json-schema/1.15.0/lib/keywords/required.js.gz
- hyperjump-json-schema/1.15.0/lib/keywords/required.min.js.br
- hyperjump-json-schema/1.15.0/lib/keywords/required.min.js.gz
- hyperjump-json-schema/1.15.0/lib/keywords/then.js.br
- hyperjump-json-schema/1.15.0/lib/keywords/then.js.gz
- hyperjump-json-schema/1.15.0/lib/keywords/then.min.js.br
- hyperjump-json-schema/1.15.0/lib/keywords/then.min.js.gz
- hyperjump-json-schema/1.15.0/lib/keywords/title.js.br
- hyperjump-json-schema/1.15.0/lib/keywords/title.js.gz
- hyperjump-json-schema/1.15.0/lib/keywords/title.min.js.br
- hyperjump-json-schema/1.15.0/lib/keywords/title.min.js.gz
- hyperjump-json-schema/1.15.0/lib/keywords/type.js.br
- hyperjump-json-schema/1.15.0/lib/keywords/type.js.gz
- hyperjump-json-schema/1.15.0/lib/keywords/type.min.js.br
- hyperjump-json-schema/1.15.0/lib/keywords/type.min.js.gz
- hyperjump-json-schema/1.15.0/lib/keywords/unevaluatedItems.js.br
- hyperjump-json-schema/1.15.0/lib/keywords/unevaluatedItems.js.gz
- hyperjump-json-schema/1.15.0/lib/keywords/unevaluatedItems.min.js.br
- hyperjump-json-schema/1.15.0/lib/keywords/unevaluatedItems.min.js.gz
- hyperjump-json-schema/1.15.0/lib/keywords/unevaluatedProperties.js.br
- hyperjump-json-schema/1.15.0/lib/keywords/unevaluatedProperties.js.gz
- hyperjump-json-schema/1.15.0/lib/keywords/unevaluatedProperties.min.js.br
- hyperjump-json-schema/1.15.0/lib/keywords/unevaluatedProperties.min.js.gz
- hyperjump-json-schema/1.15.0/lib/keywords/uniqueItems.js.br
- hyperjump-json-schema/1.15.0/lib/keywords/uniqueItems.js.gz
- hyperjump-json-schema/1.15.0/lib/keywords/uniqueItems.min.js.br
- hyperjump-json-schema/1.15.0/lib/keywords/uniqueItems.min.js.gz
- hyperjump-json-schema/1.15.0/lib/keywords/unknown.js.br
- hyperjump-json-schema/1.15.0/lib/keywords/unknown.js.gz
- hyperjump-json-schema/1.15.0/lib/keywords/unknown.min.js.br
- hyperjump-json-schema/1.15.0/lib/keywords/unknown.min.js.gz
- hyperjump-json-schema/1.15.0/lib/keywords/validation.js.br
- hyperjump-json-schema/1.15.0/lib/keywords/validation.js.gz
- hyperjump-json-schema/1.15.0/lib/keywords/validation.min.js.br
- hyperjump-json-schema/1.15.0/lib/keywords/validation.min.js.gz
- hyperjump-json-schema/1.15.0/lib/keywords/vocabulary.js.br
- hyperjump-json-schema/1.15.0/lib/keywords/vocabulary.js.gz
- hyperjump-json-schema/1.15.0/lib/keywords/vocabulary.min.js.br
- hyperjump-json-schema/1.15.0/lib/keywords/vocabulary.min.js.gz
- hyperjump-json-schema/1.15.0/lib/keywords/writeOnly.js.br
- hyperjump-json-schema/1.15.0/lib/keywords/writeOnly.js.gz
- hyperjump-json-schema/1.15.0/lib/keywords/writeOnly.min.js.br
- hyperjump-json-schema/1.15.0/lib/keywords/writeOnly.min.js.gz
- hyperjump-json-schema/1.15.0/lib/keywords.js.br
- hyperjump-json-schema/1.15.0/lib/keywords.js.gz
- hyperjump-json-schema/1.15.0/lib/keywords.min.js.br
- hyperjump-json-schema/1.15.0/lib/keywords.min.js.gz
- hyperjump-json-schema/1.15.0/lib/nfa.js.br
- hyperjump-json-schema/1.15.0/lib/nfa.js.gz
- hyperjump-json-schema/1.15.0/lib/nfa.min.js.br
- hyperjump-json-schema/1.15.0/lib/nfa.min.js.gz
- hyperjump-json-schema/1.15.0/lib/openapi.js.br
- hyperjump-json-schema/1.15.0/lib/openapi.js.gz
- hyperjump-json-schema/1.15.0/lib/openapi.min.js.br
- hyperjump-json-schema/1.15.0/lib/openapi.min.js.gz
- hyperjump-json-schema/1.15.0/lib/pubsub.js.br
- hyperjump-json-schema/1.15.0/lib/pubsub.js.gz
- hyperjump-json-schema/1.15.0/lib/pubsub.min.js.br
- hyperjump-json-schema/1.15.0/lib/pubsub.min.js.gz
- hyperjump-json-schema/1.15.0/lib/schema.js.br
- hyperjump-json-schema/1.15.0/lib/schema.js.gz
- hyperjump-json-schema/1.15.0/lib/schema.min.js.br
- hyperjump-json-schema/1.15.0/lib/schema.min.js.gz
- hyperjump-json-schema/1.15.0/openapi-3-0/dialect.js.br
- hyperjump-json-schema/1.15.0/openapi-3-0/dialect.js.gz
- hyperjump-json-schema/1.15.0/openapi-3-0/dialect.min.js.br
- hyperjump-json-schema/1.15.0/openapi-3-0/dialect.min.js.gz
- hyperjump-json-schema/1.15.0/openapi-3-0/discriminator.js.br
- hyperjump-json-schema/1.15.0/openapi-3-0/discriminator.js.gz
- hyperjump-json-schema/1.15.0/openapi-3-0/discriminator.min.js.br
- hyperjump-json-schema/1.15.0/openapi-3-0/discriminator.min.js.gz
- hyperjump-json-schema/1.15.0/openapi-3-0/example.js.br
- hyperjump-json-schema/1.15.0/openapi-3-0/example.js.gz
- hyperjump-json-schema/1.15.0/openapi-3-0/example.min.js.br
- hyperjump-json-schema/1.15.0/openapi-3-0/example.min.js.gz
- hyperjump-json-schema/1.15.0/openapi-3-0/externalDocs.js.br
- hyperjump-json-schema/1.15.0/openapi-3-0/externalDocs.js.gz
- hyperjump-json-schema/1.15.0/openapi-3-0/externalDocs.min.js.br
- hyperjump-json-schema/1.15.0/openapi-3-0/externalDocs.min.js.gz
- hyperjump-json-schema/1.15.0/openapi-3-0/index.js.br
- hyperjump-json-schema/1.15.0/openapi-3-0/index.js.gz
- hyperjump-json-schema/1.15.0/openapi-3-0/index.min.js.br
- hyperjump-json-schema/1.15.0/openapi-3-0/index.min.js.gz
- hyperjump-json-schema/1.15.0/openapi-3-0/nullable.js.br
- hyperjump-json-schema/1.15.0/openapi-3-0/nullable.js.gz
- hyperjump-json-schema/1.15.0/openapi-3-0/nullable.min.js.br
- hyperjump-json-schema/1.15.0/openapi-3-0/nullable.min.js.gz
- hyperjump-json-schema/1.15.0/openapi-3-0/schema.js.br
- hyperjump-json-schema/1.15.0/openapi-3-0/schema.js.gz
- hyperjump-json-schema/1.15.0/openapi-3-0/schema.min.js.br
- hyperjump-json-schema/1.15.0/openapi-3-0/schema.min.js.gz
- hyperjump-json-schema/1.15.0/openapi-3-0/type.js.br
- hyperjump-json-schema/1.15.0/openapi-3-0/type.js.gz
- hyperjump-json-schema/1.15.0/openapi-3-0/type.min.js.br
- hyperjump-json-schema/1.15.0/openapi-3-0/type.min.js.gz
- hyperjump-json-schema/1.15.0/openapi-3-0/xml.js.br
- hyperjump-json-schema/1.15.0/openapi-3-0/xml.js.gz
- hyperjump-json-schema/1.15.0/openapi-3-0/xml.min.js.br
- hyperjump-json-schema/1.15.0/openapi-3-0/xml.min.js.gz
- hyperjump-json-schema/1.15.0/openapi-3-1/dialect/base.js.br
- hyperjump-json-schema/1.15.0/openapi-3-1/dialect/base.js.gz
- hyperjump-json-schema/1.15.0/openapi-3-1/dialect/base.min.js.br
- hyperjump-json-schema/1.15.0/openapi-3-1/dialect/base.min.js.gz
- hyperjump-json-schema/1.15.0/openapi-3-1/index.js.br
- hyperjump-json-schema/1.15.0/openapi-3-1/index.js.gz
- hyperjump-json-schema/1.15.0/openapi-3-1/index.min.js.br
- hyperjump-json-schema/1.15.0/openapi-3-1/index.min.js.gz
- hyperjump-json-schema/1.15.0/openapi-3-1/meta/base.js.br
- hyperjump-json-schema/1.15.0/openapi-3-1/meta/base.js.gz
- hyperjump-json-schema/1.15.0/openapi-3-1/meta/base.min.js.br
- hyperjump-json-schema/1.15.0/openapi-3-1/meta/base.min.js.gz
- hyperjump-json-schema/1.15.0/openapi-3-1/schema-base.js.br
- hyperjump-json-schema/1.15.0/openapi-3-1/schema-base.js.gz
- hyperjump-json-schema/1.15.0/openapi-3-1/schema-base.min.js.br
- hyperjump-json-schema/1.15.0/openapi-3-1/schema-base.min.js.gz
- hyperjump-json-schema/1.15.0/openapi-3-1/schema-draft-04.js.br
- hyperjump-json-schema/1.15.0/openapi-3-1/schema-draft-04.js.gz
- hyperjump-json-schema/1.15.0/openapi-3-1/schema-draft-04.min.js.br
- hyperjump-json-schema/1.15.0/openapi-3-1/schema-draft-04.min.js.gz
- hyperjump-json-schema/1.15.0/openapi-3-1/schema-draft-06.js.br
- hyperjump-json-schema/1.15.0/openapi-3-1/schema-draft-06.js.gz
- hyperjump-json-schema/1.15.0/openapi-3-1/schema-draft-06.min.js.br
- hyperjump-json-schema/1.15.0/openapi-3-1/schema-draft-06.min.js.gz
- hyperjump-json-schema/1.15.0/openapi-3-1/schema-draft-07.js.br
- hyperjump-json-schema/1.15.0/openapi-3-1/schema-draft-07.js.gz
- hyperjump-json-schema/1.15.0/openapi-3-1/schema-draft-07.min.js.br
- hyperjump-json-schema/1.15.0/openapi-3-1/schema-draft-07.min.js.gz
- hyperjump-json-schema/1.15.0/openapi-3-1/schema-draft-2019-09.js.br
- hyperjump-json-schema/1.15.0/openapi-3-1/schema-draft-2019-09.js.gz
- hyperjump-json-schema/1.15.0/openapi-3-1/schema-draft-2019-09.min.js.br
- hyperjump-json-schema/1.15.0/openapi-3-1/schema-draft-2019-09.min.js.gz
- hyperjump-json-schema/1.15.0/openapi-3-1/schema-draft-2020-12.js.br
- hyperjump-json-schema/1.15.0/openapi-3-1/schema-draft-2020-12.js.gz
- hyperjump-json-schema/1.15.0/openapi-3-1/schema-draft-2020-12.min.js.br
- hyperjump-json-schema/1.15.0/openapi-3-1/schema-draft-2020-12.min.js.gz
- hyperjump-json-schema/1.15.0/openapi-3-1/schema.js.br
- hyperjump-json-schema/1.15.0/openapi-3-1/schema.js.gz
- hyperjump-json-schema/1.15.0/openapi-3-1/schema.min.js.br
- hyperjump-json-schema/1.15.0/openapi-3-1/schema.min.js.gz
- hyperjump-json-schema/1.15.0/stable/index.js.br
- hyperjump-json-schema/1.15.0/stable/index.js.gz
- hyperjump-json-schema/1.15.0/stable/index.min.js.br
- hyperjump-json-schema/1.15.0/stable/index.min.js.gz
- hyperjump-json-schema/1.15.0/stable/meta/applicator.js.br
- hyperjump-json-schema/1.15.0/stable/meta/applicator.js.gz
- hyperjump-json-schema/1.15.0/stable/meta/applicator.min.js.br
- hyperjump-json-schema/1.15.0/stable/meta/applicator.min.js.gz
- hyperjump-json-schema/1.15.0/stable/meta/content.js.br
- hyperjump-json-schema/1.15.0/stable/meta/content.js.gz
- hyperjump-json-schema/1.15.0/stable/meta/content.min.js.br
- hyperjump-json-schema/1.15.0/stable/meta/content.min.js.gz
- hyperjump-json-schema/1.15.0/stable/meta/core.js.br
- hyperjump-json-schema/1.15.0/stable/meta/core.js.gz
- hyperjump-json-schema/1.15.0/stable/meta/core.min.js.br
- hyperjump-json-schema/1.15.0/stable/meta/core.min.js.gz
- hyperjump-json-schema/1.15.0/stable/meta/format-annotation.js.br
- hyperjump-json-schema/1.15.0/stable/meta/format-annotation.js.gz
- hyperjump-json-schema/1.15.0/stable/meta/format-annotation.min.js.br
- hyperjump-json-schema/1.15.0/stable/meta/format-annotation.min.js.gz
- hyperjump-json-schema/1.15.0/stable/meta/format-assertion.js.br
- hyperjump-json-schema/1.15.0/stable/meta/format-assertion.js.gz
- hyperjump-json-schema/1.15.0/stable/meta/format-assertion.min.js.br
- hyperjump-json-schema/1.15.0/stable/meta/format-assertion.min.js.gz
- hyperjump-json-schema/1.15.0/stable/meta/meta-data.js.br
- hyperjump-json-schema/1.15.0/stable/meta/meta-data.js.gz
- hyperjump-json-schema/1.15.0/stable/meta/meta-data.min.js.br
- hyperjump-json-schema/1.15.0/stable/meta/meta-data.min.js.gz
- hyperjump-json-schema/1.15.0/stable/meta/unevaluated.js.br
- hyperjump-json-schema/1.15.0/stable/meta/unevaluated.js.gz
- hyperjump-json-schema/1.15.0/stable/meta/unevaluated.min.js.br
- hyperjump-json-schema/1.15.0/stable/meta/unevaluated.min.js.gz
- hyperjump-json-schema/1.15.0/stable/meta/validation.js.br
- hyperjump-json-schema/1.15.0/stable/meta/validation.js.gz
- hyperjump-json-schema/1.15.0/stable/meta/validation.min.js.br
- hyperjump-json-schema/1.15.0/stable/meta/validation.min.js.gz
- hyperjump-json-schema/1.15.0/stable/validation.js.br
- hyperjump-json-schema/1.15.0/stable/validation.js.gz
- hyperjump-json-schema/1.15.0/stable/validation.min.js.br
- hyperjump-json-schema/1.15.0/stable/validation.min.js.gz
SRIs:
- hyperjump-json-schema/1.15.0/draft-04/items.min.js: sha512-cjyPa86zhoKFWIUE2KdE0wiMSdwnocd3ft/rat458SnI31Zb//18lCE75fctKjS/Za7Darw9TmQ7YIau/F7uoA==
- hyperjump-json-schema/1.15.0/draft-2019-09/meta/validation.min.js: sha512-u5X2IMguACMz6CezfKYkaLiFt4LnkABK8qBsxiX7bT57NAUB6MeusbIn5nxI9w20svOin2pciIPwOcq2pMGZJg==
- hyperjump-json-schema/1.15.0/lib/keywords/deprecated.js: sha512-6/RpFDthDUeYhUcqTTa1vainBVbJtDHZP/2+GkQIs4zZjO0RIrTwws55Mov0nudWbUIpIH8z5xNMa1CAFOLWtQ==
- hyperjump-json-schema/1.15.0/lib/keywords/itemPattern.js: sha512-y9LfaDPCTNXZe9WalPht1q3uaDd3juS+SPemhiNwiNHHEVjVZ9Vlsx/8TdsM2hbPiPsmd11BB1y+6S3aEqJERw==
- hyperjump-json-schema/1.15.0/lib/keywords/minLength.js: sha512-HDkmdp09GfyEeQopQFwcBogsSfzXNzATmqqI6AFBaf+eHJu2YONyuZqYzKE0GKgjyeCsosTG3VibQQ8TnOECyQ==
- hyperjump-json-schema/1.15.0/lib/keywords/ref.min.js: sha512-9CNGf1mExZYu5nue6/XhuauFlcxfDs5NDp75Ndnxqd1v3uW8c+R57EoSLX0e5roXhDq/tUAwuZLpDQLIgf/G3g==
- hyperjump-json-schema/1.15.0/stable/meta/meta-data.js: sha512-cbXC/JNwNUaaNaLE7z0Bsq3M7Ane/Gsok6zrMZLnUGF5QzltCY00bb4IZ4bwHJp6yGvJ2s+VVLsPq10DOF8TJA==
- hyperjump-json-schema/1.15.0/draft-2019-09/meta/applicator.js: sha512-pJb5c5y6A4zm5+Ve7Ge7Lf9Yn8qGGp3zCcTg34qVYjMVexme5ZJYnmydL1FYUYx82o3haUCl/RLzuUR6JV81jw==
- hyperjump-json-schema/1.15.0/lib/keywords/maximum.js: sha512-SqJOvCugxSOMSFxuCWpOzDXrKePM8yB+QZQf9GEgpW1DU6vi3RdgtcpFF98e/517Piap9jz1Rg/XRYsUMW8b6g==
- hyperjump-json-schema/1.15.0/lib/keywords.js: sha512-eMIY/3KRcR4MlbzAHiD/eEpo0Uq2XTynqH8gke1I2Sqro+AQSBJcQ5VCt1bsqR9Ieh7k46aRB/zwL8iBJMmiXw==
- hyperjump-json-schema/1.15.0/openapi-3-0/externalDocs.js: sha512-A6e9vBSdUw7XOKkipyhNMWFPTR3uT4NtRoHDbQt3D9oOhGxN9Igptb6C+arEjBi4wDg70XQDWDB8A++5FZzL3g==
- hyperjump-json-schema/1.15.0/openapi-3-0/index.js: sha512-RhRGtGZ3nIiJOju+DBTJsKjj/HZRaT22CZEMcy4xYiRGpIdeOS9bgB4Mvw0ne1yV9/vlh0bPLWqppk6fYlmrNQ==
- hyperjump-json-schema/1.15.0/openapi-3-1/index.min.js: sha512-98Sw5lgkBRinYDmJeo561L7tYP/EatOMK7MV07X8LvbLt9Y5oW2pIBQD/4IMLScMhaqi/DUpwNncTgzYGXExuA==
- hyperjump-json-schema/1.15.0/bundle/index.js: sha512-ydaKe1zbOjO+87DevBNrKty6n8uLG8If9B3vAihyy2CpAYgwdKVRIJMfrHbD2F+9t4x51h2V96GlV7P3T802fQ==
- hyperjump-json-schema/1.15.0/draft-04/schema.js: sha512-ZvJ3unnQvTfwGu92clleheoDy6MDFROIGwtcUqNrqFLqlzKNj8pfg/7CtYUCxvrtv45nZxOkuz0I6kY22jUnXA==
- hyperjump-json-schema/1.15.0/draft-2020-12/schema.min.js: sha512-9Ss8o6Oj6FaTF/3OwG27GR6siG5zsd2i2E9dEqF/+YgexZPM/u6SxGNMaTYAlOI9FLIntMWXq9Ga6+UU43oEXg==
- hyperjump-json-schema/1.15.0/lib/core.js: sha512-k0W+/laojDSzxYMH09gWsqRJKS6hvtT0TfR+FtSo61bod3dMQftvtSBLC+Mxo8f88pbG8TeLIIv9tTesn15B7w==
- hyperjump-json-schema/1.15.0/lib/keywords/additionalProperties.min.js: sha512-kjwKVdnqqIlnt8VVFU3TKoN5ysIEdr/5gIevy+DJQ96NsMrGhhsk2ANu1dUc3n8KrZ0PzByQCNeUtM6YP5hOeQ==
- hyperjump-json-schema/1.15.0/lib/keywords/comment.js: sha512-LF2bJATiX1I8yd73FkVYPNnWeFqbfa+RK7P0kpYvzveZEpnV/Rlyy9d5e8ySsxgkkX+hJpkVQY1K9tI8WGpROA==
- hyperjump-json-schema/1.15.0/lib/keywords/else.min.js: sha512-GXUPeV7RsjwWSBB9qy5BSUb0Shzbirnd+e+p6WvwwLRvXZ4+2kGgsmCsqgBRjZ7wPbYtFdw8hdMN2hcGHeo/mg==
- hyperjump-json-schema/1.15.0/openapi-3-0/dialect.min.js: sha512-FArRNHgBKH8PTx2Dohv/Wfbzuodv0w/Mk8EHL6xGiUTC8DhFjl0rMB14JuNHhqSMmCRzL1JC/wXnwgAWR8sR9w==
- hyperjump-json-schema/1.15.0/openapi-3-0/nullable.min.js: sha512-xr2u/+sLD77MkL3gJToU5FjA0J9xahfjG2GnaQ0vtps3ezTGSC5y32x6TlcKgh0QM1SZ9j7XiQURjHFu539DRg==
- hyperjump-json-schema/1.15.0/openapi-3-1/dialect/base.js: sha512-piqmVeAKN/qIIFE86KTjiuVImLJgjiO3WVOKK+K1c190F/hjXtRbTyDPP3FYRVjj3CindN5QaTd7wfFz8O/j8Q==
- hyperjump-json-schema/1.15.0/draft-2020-12/meta/format-assertion.js: sha512-qHlhxfmsDkHqXMPQfOGQNakNP1r7ZO1S/rUuJn8rbeMD7BWy2RwbKbUrF/NUoSc14KPuoCK3xAZrvEVbNKJ4vQ==
- hyperjump-json-schema/1.15.0/draft-2020-12/meta/unevaluated.js: sha512-JBmFrT7wADzX1tpbnvvZUBOkmuqrHk5u7HA5Mhw4vYxLvSTgR3eOu+gE6ZfPBOvOynJ5XoWdJU/wJl/PfRSSzA==
- hyperjump-json-schema/1.15.0/lib/keywords/description.min.js: sha512-z3cD4kE+3DphvxY6EmQmAeMaYI5FIczqPDGOyUgw2iM61O/8k4cjMSdepu3rABOGKOgakw40Ml18rvZi1YwATQ==
- hyperjump-json-schema/1.15.0/lib/keywords/unknown.min.js: sha512-mBMgejIsK6XnwechAKSqUIc0wExGRP+x3hId/unCfTmgn3xU4eWHsUu82t6Zf0bVwxQJMoow65epHuYdTk+H/Q==
- hyperjump-json-schema/1.15.0/lib/pubsub.min.js: sha512-5WpAeYAHV1todPwLDaluAolO0V0W1c5CDaKt8Vx512d7UY+FMHLTP0imUoK6Q14TzeJr29lFXLLIFMgNNiYmAA==
- hyperjump-json-schema/1.15.0/draft-04/exclusiveMaximum.min.js: sha512-F40PuT7YaNLUS5un0QNDjYuQEptj6AnMeuBnYGWTvXHI1z2cmdSiSXLenfbrVlU/D8M2mj/XQh+BjmSdY5h5BQ==
- hyperjump-json-schema/1.15.0/lib/keywords/allOf.min.js: sha512-ly/vUHcs0wNKLaX/rwTVtkS16IArsXc2Lxtbr22Z2IY9V/POazvVMJ+nb9bGC92yPt6U0qZq4lM8x4H0ZO1bzA==
- hyperjump-json-schema/1.15.0/lib/keywords/not.min.js: sha512-2h9zK3b9PlRsTupkApAYN4PF/fNtiW99oqxtZQrJzZntwAoCbWdlFJvDuMduFqAIQEYeTVhMb1i7vqg3i6Ee3Q==
- hyperjump-json-schema/1.15.0/draft-2019-09/meta/applicator.min.js: sha512-4KvzNVbH6R7ypPZdL2q2cfVqx48tMK4+oofF2b7mxyNDV58CtuGVzg6W5sFwxi25SRnXoDztuYyraIOQH8kQwQ==
- hyperjump-json-schema/1.15.0/lib/keywords/if.min.js: sha512-1PM5Eu7tKrQyxZacnGSHn+O2w+Oe3J6damZ3z/HRmSsyK21DSkY0a2emnKBbGxh7rmOlMsX67EOlsX5nxwIrfw==
- hyperjump-json-schema/1.15.0/lib/keywords/prefixItems.js: sha512-a4U/ZvSiXwfw2JcHpGiWc3I7VxB39U+fpl4tDVeUh7Lf0IkTAR/RDcFO5UEhVt7hboyJzAmd0aNwtElJO8ph8g==
- hyperjump-json-schema/1.15.0/lib/keywords/unevaluatedProperties.min.js: sha512-B6bUjWyKb2bZgWudFmRsP9FcuvWDI7zE+1e2X8S/9JgKuBzvP9WC0U9zO+FhFyYqCMAM+1vydFEYMrZtCN3vvA==
- hyperjump-json-schema/1.15.0/openapi-3-0/index.min.js: sha512-+Sf7avEflWykCjK4TAqQp+XWcpzJllZbWdKaHvicRfvQJZEAYS8jLX/bqQ6X3QhUYrBlMqfJlYxkADH+UeRwCg==
- hyperjump-json-schema/1.15.0/draft-2020-12/index.min.js: sha512-WXxZXUwtFK35iO38+78B2cVTNutySrseZB2s3Hdk54occ158w3rU2W7rBDiO8HHQFNQomenaTV63JtXoN3KrVw==
- hyperjump-json-schema/1.15.0/lib/keywords/comment.min.js: sha512-KEy5Xd7Vc0gCTEDnwDs+5oDrbgrT/XZBOtpcbCB+ndmPgxn0xX951kysS17Q9WmT5qggj+xl9IBEfZGzUjEnvw==
- hyperjump-json-schema/1.15.0/lib/keywords/items.min.js: sha512-+oW4mZeMgVFFIhNiN1CyMjKM4s1RJKunGynz2timj6Lj94B9zatuD7DQX5j986vKPqTvm6Tzi6qdDoLNsFUTrQ==
- hyperjump-json-schema/1.15.0/lib/keywords/minimum.js: sha512-iGHHg2dTAlyaWBgZxzaUrfo42YayCTvc5XDbc829A7Chts1DIYArvvtMFZqPHZMN3SqwNgSrVummjmkzpzMDfg==
- hyperjump-json-schema/1.15.0/draft-07/schema.js: sha512-e5OnADiSj7xgapVexnbijclGdAAQ2Pvhe/nQN/iQQWqAtzXgux00o+ZrbqitdjwfhTwPca96fcKErkvZ3GK4ow==
- hyperjump-json-schema/1.15.0/lib/keywords/dynamicAnchor.js: sha512-Jf2lrLdfk2ouX7I7LjsD1HPXqTLjK2NEFXbzW8/8UemEwC047GAOiQj5Q7d5lNml4m2wRz+yXOnwychvd7djGA==
- hyperjump-json-schema/1.15.0/lib/keywords/id.min.js: sha512-RIs9PMCyxNE4niHSeVmxqFshDDFHxMzQLthnTtdgkB747pV0tb7qJVQInBVDS/PoBCPZO6X/45K+cHGmSYQzgw==
- hyperjump-json-schema/1.15.0/lib/keywords/maxContains.min.js: sha512-J/ZT91pW8IGW8A8EgHviGssGgVa2aUePV+Ef83p5j7iqfA0gRk/exd3AugpUvYNy1Csjg/EcPOSY2EqphRGGrw==
- hyperjump-json-schema/1.15.0/lib/schema.min.js: sha512-u0+879d65GTyGBBRMYZvwhASIKBQcdsKnicHMEsSBY79u5WPXPuZugVSN/MdZm+Of3e6sWq+83IU+5kCdhu2FA==
- hyperjump-json-schema/1.15.0/stable/meta/format-annotation.min.js: sha512-XLzW2IMAVV0Z3z+Rsp7F0tMaaIaia9CdylVtMMYOb48N4FGqgCK07uZ4xiStHI95Yivus4iFVkzDNUPMySHJUQ==
- hyperjump-json-schema/1.15.0/stable/meta/meta-data.min.js: sha512-Sug+7WugfvSMGmZXGclrbPqNFDu/tqEzUICd6tfBysgJPOTliHxKdSHYGn2hZBo2JTC3xLLUWe7OXRemaf2KWQ==
- hyperjump-json-schema/1.15.0/annotations/validation-error.min.js: sha512-VBOnrRSfRviG064Nq/Erluh6ldxgdFuIf1rQbi6WK081ToLTxes895wztPwldzijnJM1E5pmwT9iqs9u99JNdw==
- hyperjump-json-schema/1.15.0/draft-2020-12/meta/applicator.js: sha512-if4j+CYWRkOw9CgIvAFZ3f1ZfCWwXlpTXpQ3eq6O/OzFsKY5BpV/cSgcUtNem0aGKboiYc1Vi12TXUSn9E9WLw==
- hyperjump-json-schema/1.15.0/lib/invalid-schema-error.js: sha512-xFYh2i5YIh3NTTYxBTBzYVUutANEfb2xrvwZWaKnWqagS2tTi/MsBIJBmUJ7F4fU6qDSzfyOVxSJcYE6O28nQQ==
- hyperjump-json-schema/1.15.0/lib/keywords/contentSchema.js: sha512-AbT+c6uyGyt/DF2a5gcYFuYy/pc0ulIuZTszKeM9lreuwDwQoxmPS6li6L8jsSbWex/2vNsULWXA+4s92fOeXA==
- hyperjump-json-schema/1.15.0/lib/keywords/readOnly.js: sha512-RglRrZ9qVbphvX2zFGaTEgDh+oqWuDLMCHmr10j5OZc0P6xQfX7omUoOdZYxS5fkVoX3Dcqpf8zbpQtYUnoP4g==
- hyperjump-json-schema/1.15.0/lib/keywords/requireAllExcept.min.js: sha512-D1OyteTFVmLulLpsUeA0r1W5ctMtQ3C7DfqB33NFDDvMYUvutr/1VSbrNb/X5K9fcoLrONe2yAgPxYkkkR0EdA==
- hyperjump-json-schema/1.15.0/lib/keywords/then.js: sha512-XG3rAtB80BMhAywt9YJHcfuX7RxnzWt2IO9nmDz+sWOrIQYAXGnBytht5luEAQLI1LlCm6RuqSdHU9twl8mQgg==
- hyperjump-json-schema/1.15.0/openapi-3-1/schema-draft-04.js: sha512-Gz1grE6iqsCHr0GfN0BlD7PHL41wr7pegE8YjFnIYvS1Z8GwQ7HHoRUyfu69Z4Ioa7H84oTC91khW+wl/cE6kw==
- hyperjump-json-schema/1.15.0/openapi-3-1/schema-draft-04.min.js: sha512-qj3bgiKzRq4NoX0RT6tNeowonWs9dFe5ft4hIN+Z7GPOwq5sSw7hkGm4oH+MiFN1wfJwVdcPWzJjIXiGX1k12Q==
- hyperjump-json-schema/1.15.0/annotations/annotated-instance.js: sha512-tbRBoEHjHQbXwakV1TlaXHGUv5FPLFwjkjai0r+aPSJiXdjGiCJTJvWIgQwaOCZzq3C4cPLK4gH/kPuMgNE2og==
- hyperjump-json-schema/1.15.0/draft-06/contains.js: sha512-Nn8Xfczww9EYJYcVytiImZvZsOmXT1zPNaQAaaLtVwY0MgT26ASb5tEKQiYsZ6h+SPdVcAymE5vhIn7o+nHR+g==
- hyperjump-json-schema/1.15.0/lib/index.js: sha512-65rH+C3onZJkUp1Qk5OlT48miDRhTePXEy0FoJaY2fix+sunRIqCO5Ouro0ij48NhFDASyOq6HDpVxZ/nP3BtA==
- hyperjump-json-schema/1.15.0/lib/keywords/examples.js: sha512-O948zJJYVHRvAr8R9Xf//m1qZkgh/5zQw4HOgidWW+sWowdA6XqohAtMh/vetTpSrjO3UcKdaZYhZffX6Oi/lg==
- hyperjump-json-schema/1.15.0/lib/keywords/vocabulary.min.js: sha512-aQ+llDD7d2IZIizSgJuCsUU3oUz7owExvv3p6YTz4rjK96SJH4EU9e7FxXq7BcTHYmCZNZxxtdNrIDNXuZRzGQ==
- hyperjump-json-schema/1.15.0/openapi-3-0/externalDocs.min.js: sha512-MizA0ZbrRTMJOP9WRkpYnpuj9F5YoQvQASg6XN3NUVQ/ngsiz8QqKm+tonXNEY1q8qbTMdZ9jCqBcKB4DGlr7w==
- hyperjump-json-schema/1.15.0/lib/pubsub.js: sha512-t11GrvFa+M+Ew0rfsSxCaw6quFS9FAa4nMP1XE/BM+/dWStm5nBmxK8bjnWlj+pBPo/daOVvXzsCggGTiiY/OA==
- hyperjump-json-schema/1.15.0/draft-04/exclusiveMaximum.js: sha512-d25IoqsB6o26ifE39BR02HHvqWUrqBvpo3ssvGURuUBoWydMKD7k7ul9luXP/YjRD/Mp4TFUJVWjgoA7mYpqMQ==
- hyperjump-json-schema/1.15.0/lib/configuration.min.js: sha512-pgSzdjpcp7PI+c0cVu+2x25GFn5sGcubQVlh2Lxzye3MY/JD3PBIhiZtiw/eYRBMixYCErVs+PgcRICZKDPKgA==
- hyperjump-json-schema/1.15.0/lib/keywords/oneOf.min.js: sha512-MT7RQRxh0C7gqLiRxjztSBNj8mNlXUbR6B1+wMsPtcB23+vBppzIeQ+i3lbGzz2Pqc9WML1mCsHTZMRFCQ3eNQ==
- hyperjump-json-schema/1.15.0/lib/keywords/propertyNames.min.js: sha512-LAYFdwrqa0gynrRYP+GUqvueFDyEw2ACIWil1ItcMw+Zh16F+QCBECXC7aoqz7qMIMN0nwX2Upz2sHBG5J24aw==
- hyperjump-json-schema/1.15.0/lib/keywords/writeOnly.js: sha512-yhwoh0CPHFkQ+VzvY22bjT6G1q6Jn0rwkgCXN2+/isWNBCqceFrzQTHCfWCfojZXGJdQxC/Xkfu/dRAqpY9zOw==
- hyperjump-json-schema/1.15.0/lib/openapi.js: sha512-OhhemVGLAGnN+ToRfCnl3gGVDloLqrZWPUNBbrmVa/dO5hWHrAqSkVMuH8rm9z3fp37O9PdBiHTLtudrtqzfVw==
- hyperjump-json-schema/1.15.0/openapi-3-1/meta/base.min.js: sha512-t8jTzf7xBoEdtR34SL3fobNMaEXA/JDELATl772EV8oAyWl+6JeCFxOlULQOwsHfipHKHBemnY8pntOqfto3Rg==
- hyperjump-json-schema/1.15.0/stable/index.js: sha512-bbp7SU7NdRDV42A26QAk+4p7+SKInhfIcn7ReDxJX630srVoKnhlN4Ky7ze1idwOMy/Xw/goZgYI+kd+gcbzZQ==
- hyperjump-json-schema/1.15.0/draft-2019-09/recursiveAnchor.min.js: sha512-P/vejTWE4w9Yjv+RITBNHdK82uu8OgzRau//MEE0w9rPkYJxzkndYawEuSjkm6QiS3pHUTZsLw8apZNkCh9XbQ==
- hyperjump-json-schema/1.15.0/draft-2020-12/meta/core.js: sha512-UnfERP/5PafCrcKCs5xtd7U3IB7EJGqvBUv94x9C8cKseE5lSH6BTTj5uzQBG5E0GCIhl5EOxBftI7wYDkoxxg==
- hyperjump-json-schema/1.15.0/lib/keywords/minContains.js: sha512-la9CYfTRsFcO3J8n9bvNom1yUTuPzNVUoIQ8eat6knU22AkDN9cXoryM+T2j+tEP5EFkLIoijZT7S5YKYtrDPQ==
- hyperjump-json-schema/1.15.0/lib/keywords/unknown.js: sha512-YSJ1uE02T/cJl3i0u52LZJf4h4mNlBa9k9Gp5eifT4gNWEVZG0cUJoTjiDphhmRmkUlB08rV0nGS95CiAMAVFw==
- hyperjump-json-schema/1.15.0/openapi-3-1/schema-draft-06.min.js: sha512-qHBLWQaaucgqsSG4UE1Ihoqth9uncBO/eDksxatt+lZSo4R3Nip7IcDt5XQFghCXAv9LBmtQZZuE4G8jrkj/yA==
- hyperjump-json-schema/1.15.0/lib/index.min.js: sha512-SoFhx8z6MKLjePwd9bso60ZMAUx5wU0DZwYm2h4IL83M3TZP1QRgQ4A8E2LxxNidyqFelAw+vHXnfThjZ6JrOg==
- hyperjump-json-schema/1.15.0/lib/keywords/then.min.js: sha512-2gXX+PpHtccpl05LCMn4lofM8Rpo5UtMoQskoZK+ORrhJxjcIjV43newbfOf5xWnE0Na65s0vsijihkDboWk7Q==
- hyperjump-json-schema/1.15.0/lib/keywords/vocabulary.js: sha512-lasXofBil9FrSpmfH9cw9zwioy+T5/CSVdGvkUuBioqlNyCJnCMar45k55s9Ah+2rLYwJL8KqlIhEY2PHVxClg==
- hyperjump-json-schema/1.15.0/lib/keywords.min.js: sha512-290i9qfaR4x9aKU5G1LXCsZW85ApS2E0R25x1ERn/vm8srSlRgnh2Pvsvf3KWclWLgvrUcGapiMx2pTPuRIkbA==
- hyperjump-json-schema/1.15.0/draft-2020-12/dynamicAnchor.min.js: sha512-uc+9AhaHYIMy18ZS3jEoEXMajc3xliE/1UebH+UQxV61Q+vGOyqksVcD+p+7SCgVQUFYJiVtk8i8QTgtq4tHMA==
- hyperjump-json-schema/1.15.0/lib/keywords/enum.js: sha512-9iPRAgqoljKeYCoLPy7fWTL48uFFS2LUwfuxzCgTNZZdu9ViwkZKT5B3m11jo/B4oLMFIns+wSwcBDUAuOTt6w==
- hyperjump-json-schema/1.15.0/openapi-3-0/schema.js: sha512-GWr9O2KFo78GqDzypme7TaTIHb2KofZCShZTYe+SYxMndr6nTDeXC+vBeIO9RIYOgJ22sTlTTAf9mlvZ+BuLuw==
- hyperjump-json-schema/1.15.0/lib/keywords/dependentSchemas.min.js: sha512-HGRHvmW0g5sEwLOlgw7Ro0K/aVRmJUERI0nuAEWTrvw7FVUxJVkkkZKMyOh3An1dOrDKzUAPw5D32rYvpSjiHw==
- hyperjump-json-schema/1.15.0/lib/keywords/readOnly.min.js: sha512-QAbEowMks3S+hjXy5sefUI90rRI2c+eL2UNZG8B0hVpDxveToaHE/6bxs/2K99zxezvupBj7EpMINCJe8ynOUA==
- hyperjump-json-schema/1.15.0/openapi-3-1/schema-draft-06.js: sha512-9GZppru0q9XLgJY0MbtdIU4hKBBjHNaY5mY2HZNY/iu5DJnmpBWxsnYXwcm3mLhFxm2at6auwTtmNoYoyVEeOg==
- hyperjump-json-schema/1.15.0/openapi-3-1/schema-draft-07.js: sha512-POw28GIAPoskXB86ImAnTQrSdU0txEbxkdE0B0s9bHQ0NScHOZleBVsINDdH431lWS3g4+y+KZ2P/JVsUT4QTg==
- hyperjump-json-schema/1.15.0/openapi-3-1/schema-draft-2020-12.js: sha512-b9Ap6SJpsoU34EQP55OH0+JKCLMsysnjFEOtx+ukRNShp9yBlflfRGU0SuRMcHjlHTa7HGiUNcwaaewUOeYMYg==
- hyperjump-json-schema/1.15.0/draft-04/id.min.js: sha512-iltKGfYJ4EvSzXV4McbQFbMw9VKGXUluyUhf9+AvWGwZiFWpIASlkMrmFLmW4TGM5mdI8pYN43N6IjZZ8Odttw==
- hyperjump-json-schema/1.15.0/draft-2019-09/index.min.js: sha512-SuE939CaROld1mWCGEdUjQqgp+6JCqQSQZzRJ6Hje2xV5AO1Oxuq9ds2zblpj6aOMB7L3ZCIjH/RktG1QZQIcw==
- hyperjump-json-schema/1.15.0/lib/keywords/maxContains.js: sha512-tYtRyAVcuYYYz/0F1xmIsGgFkW7tCFt3nMjMARGTvHX09hskdcsYE2uTtFUt4/mkvti5rGoZqpmWCXb+artNYg==
- hyperjump-json-schema/1.15.0/lib/keywords/uniqueItems.min.js: sha512-CElz4x0a9MnqGhl9iGT2XAccyenwGWe/2IR6y7u7accfjw1WCvUXKpg50/nDH0TeTd35Phuq0GF6ZL3ORtiEFw==
- hyperjump-json-schema/1.15.0/annotations/annotated-instance.min.js: sha512-F/Y63KjPQ7X1s0/bpx8m8VSCgpsQg6shiYXZ9twiXhxo+mDUFx5yqpnHiphlI7fXqPy9UNcSA9I8YTzciogsMA==
- hyperjump-json-schema/1.15.0/draft-04/maximum.min.js: sha512-j2L91EDU1Us5tONZG8+eXrsrd+kAlPEPv0BuFUqVt0GyfyCMNYiiFqzLLSCboczjrUdIRaUIDAUDaKyClXJF1Q==
- hyperjump-json-schema/1.15.0/lib/common.js: sha512-knf8l6r0gThv0GTD9dBXe0o0Ts+Z1m3grl602RBszAcEMAb2+LM7MKEE9N9RIeM5n9SOXjcbztM66zZCk+Tplw==
- hyperjump-json-schema/1.15.0/lib/keywords/conditional.js: sha512-oWi30kyxGBBGDUID2my5jz25OJFzmtDsG8vpWs10HjcUn41bvgIMGocjMbgp/LiP6HFciMu2Iv8eeOKTbtm4MA==
- hyperjump-json-schema/1.15.0/lib/keywords/propertyDependencies.js: sha512-vdBX9qJHiNj5IcJBCekiAdsdJzOfXLsS4Jg03jQrv5jnkHXrS5p8TS5bb5h2QA+fgxMooOyXW7V+EfiKArYTrQ==
- hyperjump-json-schema/1.15.0/stable/meta/unevaluated.js: sha512-GJfzEVQ1q1mAqQn6XhDXV8x5Zv0djYfmdIPrd45NChkvt0ET7y/8CX7AUaexsUj1V7eWC8e/GqkmsrmpfwWshg==
- hyperjump-json-schema/1.15.0/draft-2020-12/meta/validation.js: sha512-I/bY1kzVjr0GMDiNVSSAqX6nApdsolYhKlBQoYyMp4YQy0ErVZIWYuxlnoXVFD8Tx4Ax+6Zi4KX4cN1G9DVYPw==
- hyperjump-json-schema/1.15.0/stable/index.min.js: sha512-zeOjxAahIB5urFMIzXM1ABYwJUawsT2dHPISOzhh1s9Z7an95IyNYgbsUWqQhVd6xkpHZeHecfFwQgQNfqOtqg==
- hyperjump-json-schema/1.15.0/lib/evaluation-plugins/annotations.min.js: sha512-X0ESNB6AJPq2gwQYrqS/SF+AgE2JYlNDPQNtXLjJGJVotR/BY7JzT0S4F/C96mLiV/4wzLCBtc1nb7w4rhzqMA==
- hyperjump-json-schema/1.15.0/lib/keywords/dynamicRef.js: sha512-aFnF34g4GY/gf4rWc6XSb+wiwtmAA5czooF+bgrAjFFofGaB4QPJlUNuj7h1CbiMDmxTKJnKA1JBeZFtlIKBhw==
- hyperjump-json-schema/1.15.0/lib/configuration.js: sha512-3Kual4Ipuk1046M88Ou7ZUKaklXeCWOEF8tX2Yg0+XWpwHzfVnEkHPcWXC5LGraXsQrSBkjNfbRNAMP+xU4+uw==
- hyperjump-json-schema/1.15.0/lib/keywords/maxItems.min.js: sha512-4aUHVgLSVlI5bltqc51SFIE6E4/sZ8FIQIq6W2wCcswfx8V4fD+O4EKyKbP5l1g+wXrKs/aLADlNASQYu78big==
- hyperjump-json-schema/1.15.0/lib/keywords/anchor.min.js: sha512-oSJDZEeBSKNsZ4lIyjV2rquvlWmpsqNOxZ35UkAfkTyMU2nAbK73qcUjZe87m4clJpXCTI+Mcopa6Kf9lbrU9Q==
- hyperjump-json-schema/1.15.0/lib/keywords/const.min.js: sha512-Jm/PRq6qX+ZHOQAJdXNYk83gnTylg/8+EQfrWm/A77eyF4Uvldq+eS0thfqUmzkdmjk881k7qQ5RURjypvcWEg==
- hyperjump-json-schema/1.15.0/lib/keywords/minLength.min.js: sha512-6f0xZc1DSrMNLtXsmaT1jchzSPExsjVAsuuo4KdEitnVEwvK5YeA07KeTfflrXs7yQj9o2c/Ie4r4r+TAt3zZQ==
- hyperjump-json-schema/1.15.0/lib/keywords/patternProperties.min.js: sha512-EMXxjtkhSRLF98huWtk3iQA7t/1agYrVSRIRBidOe9iqSEStabAlFKS3FEXuCO9j3J3xtBdyYlOUXz5xS3ny+g==
- hyperjump-json-schema/1.15.0/openapi-3-0/example.js: sha512-nKaGLLkxU5J4J/sxS7OIFQc3CuduAYlIZkLGu2YloRIalHVkMIAC1+icpVZfeq+kR/9gftMh4TNlv+3IifqvBA==
- hyperjump-json-schema/1.15.0/draft-04/ref.js: sha512-L0HAPv9bZDryYFQoUe2Q4Uos8MCxtY3w+Gl3GaD3xnkqD/v7M8RJg4AvFN9JwCMzz5ZgHJv5sMq7aO1ytIlMPw==
- hyperjump-json-schema/1.15.0/draft-2020-12/meta/unevaluated.min.js: sha512-1dE/c5tywV8yc9DW5uLyh9TkIwRY7j+jJObGSCNsbeBuflV1il2dMo5DRZObLW8fDaFIE8KDa4wxQEAdtjRquw==
- hyperjump-json-schema/1.15.0/draft-2020-12/meta/validation.min.js: sha512-72sVw3WpsQjPVditdvb9hRbvjFkMKGLzWbk2VEESqX2M3uHQyECttbDJGFtzPx+9mxKINzq6MMy6jddQpSqbig==
- hyperjump-json-schema/1.15.0/lib/keywords/patternProperties.js: sha512-VgocTk/8cWs8u6/w1qavxzZiBRrw7lcC5KV2U7qEaooGJmp7Dy8mrLGN++SBKlTwknEaYx7LvbMBtzlIrZAVpw==
- hyperjump-json-schema/1.15.0/lib/instance.js: sha512-EyrfTLjgaJ/OA0R/rp9T1ykQ5W7j+LCUVWMXiRVzpzyUpEAK361ddRETvJrMTlQCfwjOF/eZlvkTX6F0hEjLVA==
- hyperjump-json-schema/1.15.0/lib/keywords/propertyNames.js: sha512-eKzHjJKro3zTlmeKJ+hMEIhNnCv9ssInZvRlX3JJ/R6vy44QwKMz/dbBYqkf2jYFE2fKwY8BQr/S3QqbXP9x2g==
- hyperjump-json-schema/1.15.0/openapi-3-1/schema.min.js: sha512-pL/NJWr4YZJSJCulYdUdnfx9jINntJZ5WCUR8/2rMQn4UCA6v+h5vovIpBLNcS62sQrXf7OILKeYL5rn04oaZA==
- hyperjump-json-schema/1.15.0/lib/evaluation-plugins/detailed-output.js: sha512-24uemUJErUAPFBOX6hNqAJTKdkwmMw8+IaxIl7v+ZqX+2nPaEGy27VZNnpa7clRF7BkXI7vbLxf8GeQb2hpn/w==
- hyperjump-json-schema/1.15.0/lib/invalid-schema-error.min.js: sha512-XwMt7wmzjlpE5X8j93BCpH8QbFadJjYzADZC7IKsC0Kz3NRfyizJ1IYFVybtc99KGrOCuBnWMhoOM115PQQDhg==
- hyperjump-json-schema/1.15.0/lib/keywords/definitions.min.js: sha512-OHAYmy/Nmrm0hFrXO3AcBZoi6uzoY8r1Fozeioq/41hcnRUAR7zNouxck83Ng8XbA2FCeFHPcd02qs468GQZyg==
- hyperjump-json-schema/1.15.0/lib/keywords/dynamicRef.min.js: sha512-/P5fu4w90rAlf3meV9N0AiQzsqsSRoKhvGkoKcmOV+MDxcUF9OldvPF9ME0YnSQuVBCow6XIiPNG+WGVnr+y3w==
- hyperjump-json-schema/1.15.0/stable/meta/validation.js: sha512-61zR7YaoV23IBi4U4jIkJmbcPJe6XnCQKWI3F2TUJ2ZDJS+5TFnvHAr1MZPcKBF1FelxTdr8MHKVQmndofh7xg==
- hyperjump-json-schema/1.15.0/annotations/test-utils.min.js: sha512-9CKWk3AFyIEqEW1QoOi/0zZxswzjYhDaAXi8Xxveg97VNzyFrViznatGyoi7jbJFkuV/CoITB8maQNgxRQIdJA==
- hyperjump-json-schema/1.15.0/annotations/validation-error.js: sha512-p+DFFa2PNnr1MN6HePOE6iqNko5lKoqeoxFSonB67oHMTuzPFxV/WVRhpQb4/C8DMU5CqHdHUttwj9Eo13GCGQ==
- hyperjump-json-schema/1.15.0/draft-06/schema.min.js: sha512-sS15ipfZxSnXxDyhC2VtTa/8OQstLrok8buqbI97eF1pXd9W+5AragNXIHIuw7IHnV2a8UzTpmUAWW0Fu7C8QA==
- hyperjump-json-schema/1.15.0/draft-2020-12/meta/content.min.js: sha512-MfYP9hpvggHUB/gWirpu/UlLcMSeNE51VJh0moIkah75m/ejvpftDPd+T9EYWyeRSvGPrRw0MzEQeZ6HzDCpow==
- hyperjump-json-schema/1.15.0/lib/experimental.js: sha512-6OVCj7m6qLZiNSfBkzfvDKvxHA3F//gA1+LMioUsb0shsKcLOoFncWS+ieoMxjXTDxa9ep9RvtCSrWZ4PR1Uyg==
- hyperjump-json-schema/1.15.0/lib/keywords/unevaluatedProperties.js: sha512-bBUgL5JFkUFFuF2z5pZweJInCIMDtLTWvFlja3pi+pwkSqQYnycCo44aXqFX6Yyb9djXkEqHKzvv2UtShvX6fg==
- hyperjump-json-schema/1.15.0/openapi-3-0/xml.min.js: sha512-WQj4iweoFBp8XfNrLR0h5KomoGJJz8jksMRJUySaJdeBD5NEcRyLOPBGEkNPZKYAmPh2O31HnrI5QRH9hx/e1A==
- hyperjump-json-schema/1.15.0/openapi-3-1/schema-base.min.js: sha512-VunIVySECCezG5dLVEA1ZohzYp3L4NZNDDr5trFZ4JcShMYl5yQbkiwklNb/ZxjhuMval5+lEj4AcPBV/eQtog==
- hyperjump-json-schema/1.15.0/lib/keywords/conditional.min.js: sha512-mIBX9m+JRecX9IG02mWPS2+/voSDatZ9bRl+9SzC3h5sID5tZRKxcrLLtd57Us2lW3G7Cr8+DEFys4eteAejPg==
- hyperjump-json-schema/1.15.0/lib/keywords/exclusiveMaximum.js: sha512-/umaUdbkG6TZ18jwx+uXi4oLlBR2Q950IQUaUejDgwnPEjI68ad9giv3GnrQ5f0SxM3EVobPa26CJERJK3l95A==
- hyperjump-json-schema/1.15.0/draft-04/id.js: sha512-PorheHFFazIURrS4oVydfRq+T8Xw02JSnlzAT22WJ2CRv1p89wHd4UHgYwEacBgnHvMbdWjdq04aJogPqPfIXg==
- hyperjump-json-schema/1.15.0/draft-2019-09/meta/core.js: sha512-my9b4JsA/x4jPnIWM/jxiNdpo6NcZ3+hSvwKvTe9fJojosH9fiwUgU2SCdg0kmHxc4h0vLOPI52QODEKBV3Ayw==
- hyperjump-json-schema/1.15.0/lib/keywords/anchor.js: sha512-T1zJxB9HpG/Q6ROJrc0n9P444208lQceEIdmLVOlhdw1Hu2c/iIA8lBNqeBRtR9bLF/6GcqOCGa8GhUVcc+SsA==
- hyperjump-json-schema/1.15.0/lib/keywords/definitions.js: sha512-W048WmFnTRmM4lEMKpJesI69hxFO9NLfarVRbwmihlp4wuIC7B0YWkIvLHPDJeftySVR4RoJqgg8lESA+BJgGg==
- hyperjump-json-schema/1.15.0/lib/nfa.min.js: sha512-w+ppE+IyWt2a+4/K0x5UDeCgF3wvGVvnvEp+AOGmgrM+kOlU4mmrHH2xKwGfB4YRsqKxI65J6l7xjRJvFAxZNw==
- hyperjump-json-schema/1.15.0/stable/meta/format-assertion.min.js: sha512-Q0cNpoVUoRdzuVOY9baAdd9uGfbAJQcG4HcFKChLnOdHmtxLBASI1S+gRti7/PFpPaTs24gVonfb+lrCOS5RHw==
- hyperjump-json-schema/1.15.0/stable/validation.min.js: sha512-za3Ha4ojhudJhJEt1NzMQCwNkS2YyWQPcvKvabJClvveMhF14dbej6PH9NkiQnd900TQRkOO7/dgjKdxRmkbJg==
- hyperjump-json-schema/1.15.0/draft-2019-09/schema.min.js: sha512-TtmUvI4i9n8Zz3DLKOjjRWgQ2WggpeAE7po2zcGMWA+/uCAhlutXp4gdtj8nDqhL3kX1bes5eUW4WifnhVwQSg==
- hyperjump-json-schema/1.15.0/lib/keywords/format.min.js: sha512-DQ6werkhtRFRC9ZhsXGqWxexjtO3s+hxIv2ru43TlDpjXFZFol5YhC1MY7rB6F86dnBWo/FJLGs96S7lBIT1ww==
- hyperjump-json-schema/1.15.0/lib/keywords/maxLength.js: sha512-BquZuRkp/HZhKQzHitV/F1R6juRzvNU8V5WQ9E92SY5Y6aOHvVGINxL6yYlPPdlmhskqop9RQMgJINHuOtflMw==
- hyperjump-json-schema/1.15.0/lib/keywords/validation.js: sha512-q0tHNArrYBzULTBOmsdL3TOLvTItZ2GdY1pGHOWAJ+kljS+60bDeurBIxsL6LhoOO72jPiohUHsKxQ1m7Fm2Ww==
- hyperjump-json-schema/1.15.0/openapi-3-1/schema.js: sha512-JwkuD+aa7q/tIjjcSa0dB/B6jF2SY1NiBL4geId+qaM43ivlD2DE156YLEUTd+qWOUTrjQjIlQMQUh0hEzfoRg==
- hyperjump-json-schema/1.15.0/lib/core.min.js: sha512-BUdnnnt58mizqA3xCrTHwmDCG/3tV+wOhO5EwL5eSJf54fVnKZDx4MoQ+aGHqXohsd6KJEZUT6MMQvtRV9PM8w==
- hyperjump-json-schema/1.15.0/lib/keywords/if.js: sha512-gEx2ZtvoSMam0fN5HaGMiT71dOWWAs70GbdNzuPIBDoS6MIo2Kgj4E3txs8oZ9k8TBIQYX9UY9KWu6hk23RhGg==
- hyperjump-json-schema/1.15.0/lib/keywords/maxLength.min.js: sha512-Tsc+2iyD0gVUNBp3TKzOgVBKcWovdzJrYmwRk0MADmWxsQt2tDlR8HtrMBoWmQ1ehuWS6dpNyV1bxuz6g7ubjA==
- hyperjump-json-schema/1.15.0/lib/keywords/properties.js: sha512-SmBsNCR43LU/1ryetZy0YPt0pHnAXkW5k8GuqLRMD/iBRoqynUBESTlopOZsV6jpCmZ00nWaxQa+yStJEadHOQ==
- hyperjump-json-schema/1.15.0/draft-2020-12/meta/format-annotation.js: sha512-/qg9plkOTCFNCPAQ1T8zg3Cw/TaDAVEHoGCwxmx5LufbGVPNDoVhJPkHxlYlwVesXq1x0/EkXca3A/aDZw0FYw==
- hyperjump-json-schema/1.15.0/draft-04/index.min.js: sha512-UdBaLPQH38jsyiDlibmNjn+TQDYEAQbhNEqiveAAugeTxqaSskKVu9e93IwufDwrsAEOe0241Z8a6pDye43XLQ==
- hyperjump-json-schema/1.15.0/lib/evaluation-plugins/basic-output.js: sha512-zg4Lb1n1sU5MMO6HTmj9ea6/k10BG0crku5FDYHgeAZlr6HFx2zvZh9F4gKorHW7n9vs0zCP63JWY84PNxILgw==
- hyperjump-json-schema/1.15.0/lib/keywords/contentMediaType.min.js: sha512-6rLYBE9hQVyWPFcM0jOh8olj/1yg9pgez/09MhdCSv+CdgY+tlsadmMDZ7IbeneOWmBdgf57JmOeir/AGq4o7g==
- hyperjump-json-schema/1.15.0/lib/keywords/contentSchema.min.js: sha512-RydY/wWo/dtEiz0MH9s3d5r3oBVCZoa8Wt/g8it4CqJJt/suctO9EqQaSWmc7Qj6OoZCiJ+QhPHfhCuTUJp+UA==
- hyperjump-json-schema/1.15.0/lib/keywords/id.js: sha512-8OElmT6rH5B2PeRDfh5uOicL2jIJ9m62WLS00tOmnjVQKFq1BekyfN0Co6akXeo6yxTrarig1ZvozQr7XJ754g==
- hyperjump-json-schema/1.15.0/openapi-3-0/example.min.js: sha512-BvUXqrCwA5uCM3N1TL5S1KeZxtHDJcVmu/vKCWhb9YwvsmLxcHEjKHtcHMc0IohPwPoRnR6zhvjDKppG/JxMEg==
- hyperjump-json-schema/1.15.0/lib/keywords/requireAllExcept.js: sha512-isDbtyu+Yr1FZ5jWYJ49Lt3uRmUl5Kp7irSmDV8NPONat2Pnf1BRIiyluoR4GcSpgh8mXHBHOqQMqHFshxn/oA==
- hyperjump-json-schema/1.15.0/openapi-3-0/discriminator.min.js: sha512-dQ4nhIlOfy/yqOotZedx1lFYGb5fmUqW1aH3FR5NrJ3Etk3pTOHp60Nq5SwxXSzysCx0tsmzaiyKizrF2vgQ4A==
- hyperjump-json-schema/1.15.0/stable/meta/content.js: sha512-d/AZIiwNb5892oqYSlDwAqkJowazfmVEaAV0fRPB5zECRGJRy0lb5ow9i7HKj7p5n8nOLsBMiLbv+8FA2cUWHg==
- hyperjump-json-schema/1.15.0/draft-04/additionalItems.js: sha512-cHNH2+4/nIsdcfPW+BoaE6Klt8Lm920QErTVJd+9gTY/OIqz3I0jI4i9k4YTZOhdA5eRCwgFu6id51Tv94eg8A==
- hyperjump-json-schema/1.15.0/draft-04/additionalItems.min.js: sha512-r3IJjPQA/OMz/+5NirD3Dbj7F1stpGVeN89JNa+IM9YgrvjiiDVnB/y4Pw/MrzKndeQWHkDINosQT9L4bLBsDA==
- hyperjump-json-schema/1.15.0/lib/nfa.js: sha512-a1GuoKRup5FjVrx8bkMzVkWAdpxMARqFUBO5I1AE0FhH+jcn4ixcG8aWex6n0LG4vDiKrwKxWsFJXf1VTheTug==
- hyperjump-json-schema/1.15.0/draft-2019-09/meta/content.js: sha512-knjSeNFhWYL+U1vWiqWL7LOs4L1zBDVt3bWlIF/91fApm7kPCYd5hQaomWM0L7CTVRU1QQ+wJDP5ZIrO5uIkpQ==
- hyperjump-json-schema/1.15.0/draft-2019-09/meta/meta-data.min.js: sha512-v1aMAazz9hWFMvTIbg9NF8JD+mbWDs9778ex3hicFF5vDX3aWBo5Jpyq0E6ZkDGiMX7N6yTUkuf46EdNcBuSrw==
- hyperjump-json-schema/1.15.0/draft-2019-09/recursiveAnchor.js: sha512-fDUf8Oms8Z9FFTDU1uJgiG0cGWWFJorYa0F2+xOyvolKeOSqbzSAsYb0gDw8LdXq75RKAMIpCviaxQ66i5N+QA==
- hyperjump-json-schema/1.15.0/lib/keywords/anyOf.js: sha512-nXXt+cKjE866fpVL2jSZnbcI6DCQ/mMhgQIpUWiy5CvuPQiPPxCevwXFxy2Xbaf1hxmHPWIC8JNf2HRknnLqew==
- hyperjump-json-schema/1.15.0/lib/keywords/minItems.min.js: sha512-HitWPY8Y+pAmOC9wqTHyCtciDzi52+9ypfR3Cj+udw4sonN5se8QFhlxeRLRncIB4eOqqCysPdlXnq7vy5CztQ==
- hyperjump-json-schema/1.15.0/openapi-3-1/dialect/base.min.js: sha512-F3kROH/iQsK5BDgmHHDcU1X3JHVCU4A4JE5kgbG4miz8LLd1Ra5gLdnJ1O0UEZ9lVdPKf8JR3PS9znQr3Rhm7Q==
- hyperjump-json-schema/1.15.0/openapi-3-1/schema-draft-2020-12.min.js: sha512-D8449R8kw0a7ENvCXMfrDKWfv1MVZcmSYBSCTaV9NrxSeul1q65SVYTX6Bo8GZ4UpPJLWH8HluVO3DCT5DsCIg==
- hyperjump-json-schema/1.15.0/stable/meta/applicator.min.js: sha512-ngEtLJ11HJC3oLXpGB8sSEp0tkYnwHa7VTHlBaaskPBM3lt3OsM7sdGyJFS/imR3cSlOP0xfMybZQzgV6pGnaw==
- hyperjump-json-schema/1.15.0/lib/common.min.js: sha512-jDmeDlTTLzrdVPvaSzsHB/Zuhps2WxPuOwVUoM5XnKK81c+oIvvq8SDMuEZRXviSA+6ZBFLol5YLu/xSBSNHJQ==
- hyperjump-json-schema/1.15.0/lib/keywords/required.min.js: sha512-X+8hK21/pxEnxybMfLgB3JEBYMcwHC58COxD2UqlwNVnTr87cawB8a/WOpizupzHSc2gQ2zqnWm7M/T9vYyYMQ==
- hyperjump-json-schema/1.15.0/lib/keywords/unevaluatedItems.min.js: sha512-rckuWNatuwPBiAw4rAjyHsRHgEqMT7/e9ch3PTOXed3RCMubr4SM2nQitBe3Rtb8s0i4Vgvi4bfkEm8gmBYLlA==
- hyperjump-json-schema/1.15.0/lib/keywords/uniqueItems.js: sha512-P72TKGFccXGkx7/SUyHbfKRBmPKl3nD+fEGXyECfXnw5AI5XMaia9S+QwRT6Y4nc8olDmJeJi+e413fyvwe3gg==
- hyperjump-json-schema/1.15.0/draft-04/minimum.js: sha512-+IFfro2IR4L3OPFpEdGLWxB1817kpvdkt8Piobg+KkUzsplJQyVs064foNeD7vmOTtUXplS71pn4x1nywgK9QA==
- hyperjump-json-schema/1.15.0/draft-2019-09/schema.js: sha512-liT9VvsqiLk3g1LxvaLhJr55NHb5piTZpnkYYFxMolDSAjepQ3Ao1GB4hB8S9HLEepzYbvAZ66n1+d37RydDNA==
- hyperjump-json-schema/1.15.0/lib/keywords/itemPattern.min.js: sha512-jLQfbCx8YnD3cSBFoP9EwwRi4xr5Za3LzgA2fgyXerFoo7M1M4qG4kR+8K7bn7ky0lRIdAbCzjkY6VfsoN0gPA==
- hyperjump-json-schema/1.15.0/lib/keywords/maxProperties.min.js: sha512-xa2UPYhdaEvVBx7fUIpazHBkhfKY1kUb2SBSFypJcOZiRGaWrJDe5A14T7szyu1EkeqKtbmvIrUr04OghbkQhg==
- hyperjump-json-schema/1.15.0/lib/keywords/multipleOf.min.js: sha512-cfygcubiXP/Y9IRJrcdW2Q52GVMct7JL8i9aILbxjjYrcxtGV0EsZnD/cv2h63yMkbdHgUPm+Bng5pz43al24w==
- hyperjump-json-schema/1.15.0/lib/keywords/required.js: sha512-jFWiRR20pYqnesW9T+BpRtTI9oyqxEYqjcXwuH4TqzHVoAySdYABHNfywew/K1XlrTOiUdal0ZrviYCPEeF29w==
- hyperjump-json-schema/1.15.0/openapi-3-0/discriminator.js: sha512-eYA105A3PuEU1VawlMlsofJUi6Ax25N2Fy7DPaWFlcBVnZPyEjqm7PYRIip5IE8eAfRAkrIm2GDlcXdto6CHpQ==
- hyperjump-json-schema/1.15.0/openapi-3-0/type.min.js: sha512-mjZw0RdlYTd3tYp8ux2n8tCYTfBMXxgqA2RvjIV5/Q8fkDHfZ0FJD0pbScRlx1wqAOgghAGtME8+zO7SMXhXGw==
- hyperjump-json-schema/1.15.0/draft-04/exclusiveMinimum.min.js: sha512-u+IvVx/ZCPoquxSqPFWt4HWLX4y75xm1slRIu4/34zGfJbeQNS0hQ5Mxwg+idQUCeCAb/CLgi5y4t3QYUUHWMg==
- hyperjump-json-schema/1.15.0/draft-04/schema.min.js: sha512-MSoO+mJKXFmRTRbsR3yL8Z0lWHVfGXyg4qcRM4oCA2oX0bLHD7L+QEHEI47kp+4JhXliyfz/8U+0gRL7JQPSMw==
- hyperjump-json-schema/1.15.0/lib/keywords/dynamicAnchor.min.js: sha512-H/GpvvFDVyoLpuEGHmajaGcl/aKv1pMF4LTIBEgZ9+zDPVjvqBzfMegyU7EbHS8Xs/oYITLyFKbRSODRnm4vGA==
- hyperjump-json-schema/1.15.0/draft-2020-12/dynamicRef.min.js: sha512-9MewQ2OD/zVY8o7GurCCZtwUfh+UmSeiA+7g+VVEf004EmVJLqc/GxXihYIjh3M/wUn5WaZTOIpiB/vhHiBKBA==
- hyperjump-json-schema/1.15.0/lib/keywords/contentEncoding.min.js: sha512-CDB34ZVqNX+YSxA55gFZzXaUwJT+X6VSjfwVzvkw1mYaxaOO7Y3+mo6lKrJSBDrZ/2hUDAWO4tb4X41MYEY2/A==
- hyperjump-json-schema/1.15.0/lib/keywords/else.js: sha512-bqo4HNAokSmClA5YKHtmaRB7ts4iv1FiCNJ2BflqsBtyvhfThwKefdIUy2pBiDNpFrWBrghZu0yYiujmUx92GQ==
- hyperjump-json-schema/1.15.0/lib/keywords/maximum.min.js: sha512-d9p9LGYRzmD0T70BuAE1TcjZZ25cXEvqkGA62q/lo5atnwnCkmrTdY93NXWsYZdgEBwrCKgwgh1lTPmNReoO3A==
- hyperjump-json-schema/1.15.0/lib/keywords/minProperties.js: sha512-PbtqySKosayYNd5lsIYGODwcCf2JzwtSZeJn/oofjWYyuZU4rYkptt15tO9EO7gLHr+1TErOBhKnn4Uj+XSEBg==
- hyperjump-json-schema/1.15.0/lib/keywords/multipleOf.js: sha512-st10YQHCvM1MbKCyu48qE5ZF0GC3xx97+BMuF081k/DU/33jTi53Ewwj66YxlYTfCp6RkjbdK2aFAg3etQULcA==
- hyperjump-json-schema/1.15.0/lib/keywords/type.js: sha512-WYqIfiw7bquZgrUtp+g2fU6MLIfVn3ppVHSLYSx2yqZZG5U4byh/OiMrbTL4AKcSyEMTDUcAVzZh8V1z9jHzIA==
- hyperjump-json-schema/1.15.0/openapi-3-0/schema.min.js: sha512-DzrQKJRf4yqg6CuO7EreXTxXCJjBhVAYqG4IDf7UakKSR6I+bTCwhwljbU69GRgx7zFqY+vvIBL9Ni+QSn4OMQ==
- hyperjump-json-schema/1.15.0/openapi-3-1/schema-draft-2019-09.min.js: sha512-95voYpSJy50n00yFQLDPWnHIYEjhocdeR1pOAX6zXuUFPSjaaev4ek7qdurHjYsol7yIL1qAs6wm+rc9Mp56pA==
- hyperjump-json-schema/1.15.0/annotations/index.min.js: sha512-o46j6DvGtDe/MVzbd5OUcSBoUXEiXBPDW7k2qpJf+JyC47/MfveCHf921CXkgSoPsrMymmE7K9XNjDK0gRqBvQ==
- hyperjump-json-schema/1.15.0/annotations/test-utils.js: sha512-dsjeAVgU9oXN0i5oKxDZbZUF/1hKs8JJlEU1kpFOsWMNzv+f2UpUhuvT6rMl3m9Smdmdx8akNZKPH+rss6rEqg==
- hyperjump-json-schema/1.15.0/draft-04/minimum.min.js: sha512-41kljlDboL7tcXyI56Wi0cueJ1w+4zjQhDeVmtFCYzUWT62CP6gjt5EncpqpnIkG+hRuoJx5O901XAa/GlFiMA==
- hyperjump-json-schema/1.15.0/lib/evaluation-plugins/basic-output.min.js: sha512-J8xJQeaoBM5kx2J12lFaPlDaTNbTn1nrw8w3QmyDbIV/ymAkaz0DSdriplYJ3+N2lBQwrwPICkIYIx7LAmYGqg==
- hyperjump-json-schema/1.15.0/lib/keywords/title.min.js: sha512-VOgy28U3RfTJKJoLl3ph+juDTDNdv+1+DBijUOHOQGm7LBw9wHCh1hBeYl09MEz+WxcOwP0z3JAjtx6J2GDmqg==
- hyperjump-json-schema/1.15.0/lib/keywords/validation.min.js: sha512-FmyaGu4rR2BBakzySm74j69AvKRkoIHuQQzqSoVdHo4FwkOZMsOMxYsWcN1g0N806Fg5FukzkL80px2Swz1C9A==
- hyperjump-json-schema/1.15.0/lib/keywords/deprecated.min.js: sha512-bF/a3ocDM0tO6Qo/+6XmOz9L2zJ35qYWgEdoLjjiXGccPQH7aaTnrot1EIklrNTKBoEACclmql0SRPcOlhrC8A==
- hyperjump-json-schema/1.15.0/draft-04/ref.min.js: sha512-ynELEfDjQOVXWfpshEKMyQlRJ3WtYO7HuHeJjsdOF+DouMCOOgIagGOdEK7Dv8DJnjRervgA95YDGGnRC9rTLg==
- hyperjump-json-schema/1.15.0/draft-2020-12/meta/applicator.min.js: sha512-Apj+u5COSiJq5qR9le4kU/lJ7aQT8IMYsbfvZLEept/jsLhhROYt2ojE18uDmwrlE++4twMgF4gNcXhluBiJGw==
- hyperjump-json-schema/1.15.0/lib/keywords/default.js: sha512-vEL+GrgiSaOj9NurYdlcxtl11g471M4EYcfnEW931n6TFW1EB7FPiMSxcphYlBxtG/YnF1FtuXO2mNMw52hHpQ==
- hyperjump-json-schema/1.15.0/lib/keywords/unevaluatedItems.js: sha512-LlgZnRUQuUDl5KGSxGuM9iI5SLm0DqTWBObFEG6jyTx8AQno32ZhtM9yLkiDJgPYVJ5LKPFYWsvvfrptom+tCg==
- hyperjump-json-schema/1.15.0/draft-04/dependencies.js: sha512-iYYGK6HAcpyBaf6aSbjaSv6bqjdmCTpKmOfjUosPSdaf2ghw8hdZHzH48SFMYRleC44DPAZoebJg2QqVmMeggA==
- hyperjump-json-schema/1.15.0/draft-06/contains.min.js: sha512-eZlZqMhTOjRajXxf9G0joNMewT8qq4jQE2pTnsEZO9YpDWDGhXaS9JPu9p7FaXnsYWK77Uv/swAJYuzgqknHcA==
- hyperjump-json-schema/1.15.0/lib/experimental.min.js: sha512-7Jqew67f3aDD/O1SmCvyuccrjBi8xG6Af2DOxwNEn9QLJoVzBex65fJZe3xk2N/AKZbVxuFgSDBBXzUlVDLW7g==
- hyperjump-json-schema/1.15.0/lib/keywords/minimum.min.js: sha512-/CKI4uUJ15V2Gdvk3docjy9nY1mlywtR8adQ5j40GKb0pOJIBk1G7FXmlY/RQ0isnFcJz2BoYQEkwTKq4ow/yw==
- hyperjump-json-schema/1.15.0/lib/keywords/not.js: sha512-wx4FG6/HhA3nw9DlDyqwNbAfFwu/GJaPwRW4r8HQkAQrILdb7kY5HS0qvLx8abJSX14Llpp10BUvrvCILXn4hw==
- hyperjump-json-schema/1.15.0/stable/meta/core.min.js: sha512-HaAgIKVY9FVWM+YNfMUGKaYomm62HhOo/WitUFQvTydwKy0dXHlsKB1Vhuix+ESx7IxBVVm8Kt49OoUCM8KLZg==
- hyperjump-json-schema/1.15.0/draft-2020-12/meta/core.min.js: sha512-/Y544O7iGgXvzqFEymGMMsD5laI4jvStX5UInxARl66HSnKxEuOVyd6uDc56/5WLKaNAKuZ51cr0Dy9I6QtZ3g==
- hyperjump-json-schema/1.15.0/lib/evaluation-plugins/annotations.js: sha512-mEkACW4+usBdXaNp+hXqoWhuj03K9ho2lcaykqABshNxmnN3Nsh3stDOUYdMpMvY1TYCHCGqBvh8oSRFAEZfsA==
- hyperjump-json-schema/1.15.0/lib/keywords/dependentRequired.js: sha512-XDNCRXaEVQTT6jtaw8DwYpv6SomqDER4kBAr4mOXqfhg6Ck0NWFQOdenWaCFUXm1aqzSVM6N7Y4vRILe2qGFog==
- hyperjump-json-schema/1.15.0/lib/openapi.min.js: sha512-yuZT5HOp63/eup5WYh0rDnLxceEYMCHZbbBZM1kC+01aLishMaJpooCht3ffBEl9VliuK0clqsm6/AaPxdiDiQ==
- hyperjump-json-schema/1.15.0/openapi-3-0/xml.js: sha512-JrIwDuHPerTyZUp2zQQupYMomiAcmEdTZAG6TydL64jmuepqrsTXhOESJJMo/X+5a0JDoK44OcfbNmD96xvnXQ==
- hyperjump-json-schema/1.15.0/draft-2020-12/meta/format-annotation.min.js: sha512-gdiu3JKUg5aj/mKQEL40FRCXFqNyHerMPq9KnrmNDcL032t4BY1rcRmbfXUTJ97W9zBj/eTfMks85QuvsEivZw==
- hyperjump-json-schema/1.15.0/lib/keywords/contentMediaType.js: sha512-hAfAxOdyAbFwTM4RPPa355F+D/KozuYaJ1bdPXIheyBcBSwBIw1D0HQla7jwgPq1kAQoiMgx0ZfxGFOX5YzbGw==
- hyperjump-json-schema/1.15.0/lib/keywords/pattern.js: sha512-jcPqvdZrfamFA4dT4jXjhP3H1p95r6+5w+e2xiaqZkAZmCooAVH8gd9NfABIhCztfaoiQCWoEB3amXtcHUoIlA==
- hyperjump-json-schema/1.15.0/lib/keywords/ref.js: sha512-+0hjtI3T4cVXagSvA5nPmd94+jkptMGOU7wAihInDjMFNnyBiw/5FZBZ8QKq7hjEphR5TsK9eZzup++R2FzAmw==
- hyperjump-json-schema/1.15.0/stable/meta/applicator.js: sha512-xvF9+icLMzUS3ZcoPuI4eGW55l2TisPWGruqkRV70Q9YZztT1x2YQv9DAOwd2fjFVBMKv+v65+riS2kzDjkR0A==
- hyperjump-json-schema/1.15.0/draft-06/index.js: sha512-ytElOfmdn9mxqHK9K9qymriWXwKExIaNclgYvukJKB81a+2KFvxFcOt19kaKlJ2C/tWpi4TcgKvfuFlh8VuB1A==
- hyperjump-json-schema/1.15.0/draft-06/schema.js: sha512-optHvuXSKJs6MtQH1KkJpZZk9iTOdfK0XqKHxRk0JQJb/KriWZj1qfxnBZBAdnw0J69Hlj67CWXrfxoufSYxoA==
- hyperjump-json-schema/1.15.0/openapi-3-0/nullable.js: sha512-9zTZmiFs9pE+7sLzChx5OiA1OcH4RPBot2G86cCfSlLll8sU+sh5KdBbomwXKODfwZTnNeSOqdSfvARuuE7VPA==
- hyperjump-json-schema/1.15.0/draft-2020-12/schema.js: sha512-3o9FVFqpZ+VmOVK0Jr/c8VRrwTRDCvNcsXfOOMmIG+cUdFWSkdqi8Xr79DWyQEp5EstCEqciFy/CX065aKBAog==
- hyperjump-json-schema/1.15.0/lib/keywords/writeOnly.min.js: sha512-C6FLY2b85nZ53mezLuo0DpYqs60qeJsoiRkDrkB7skl9QR5jufv574+r/6GwIDYKNv40rHEcbd79eeGQ+l3aYA==
- hyperjump-json-schema/1.15.0/annotations/index.js: sha512-TeU2dTYz/yjt2v71olXhbAo/wu0DUmHb8UyG5mGn7OFUhkhj5oApk3HNF90rFuCuRgOQ+Ph40MvZdPNKbUZoNA==
- hyperjump-json-schema/1.15.0/draft-07/index.js: sha512-PZXrE+c9jxOz3WD3zAtT67/HKiAKm4nrq/zrA+Aj0Cgwab5JaAQPJ5Bd6BGXHM466Rk3CcUjlPlaE4AIYLdNkA==
- hyperjump-json-schema/1.15.0/lib/keywords/exclusiveMinimum.js: sha512-NqXofljA24U69GRa64MnsFi0UQGIx4dSab7Hvq61BalD3frpCyUyeEQoZuJ/HCeSXF/DMvvujyQdfZWzvNuGJw==
- hyperjump-json-schema/1.15.0/lib/keywords/maxProperties.js: sha512-QNXxeuEHK8UfFfN8DrMSN5KVwDGIFAjL4UJBKUa2LUN7bSBjgpqefY2fkQ7XL1gE5fArpochEKRQXXZaiA/U4w==
- hyperjump-json-schema/1.15.0/openapi-3-1/schema-base.js: sha512-gSVMJLtx3EkunRrdifORkNj01kysaZB0seLm3OmzT0KEQVY7+k+nTaCMzBb+FYFwq3MZ360U10ke4VS4ceCu5g==
- hyperjump-json-schema/1.15.0/openapi-3-1/schema-draft-2019-09.js: sha512-En/9MtjNGsAPIZbm2ZLchVOFVydyOqaU/538tS7INpRi+QkQMu6hMyn9bXr5ZG+YMKqsS+U/Stc+/gf7s7RaVA==
- hyperjump-json-schema/1.15.0/draft-04/maximum.js: sha512-7I/MstAo4kl7KHUXS/KHFdN1OrbbKL5FdObQfgK1HvHxrys6ZgFPl8EG9STIcRtwJLNdAdrTzEzJjf2EhA7PhA==
- hyperjump-json-schema/1.15.0/draft-2020-12/meta/format-assertion.min.js: sha512-vjcy6Lu3+zyd/IJqj6P25K7VT6gN+UbbpCL2XP3gip7cE2DYn6A+/ujSSXq5vUb5bhSH31dF0lwYyveydxrJYg==
- hyperjump-json-schema/1.15.0/lib/evaluation-plugins/detailed-output.min.js: sha512-dC9PvckxNPouWOvUsw3+Rfnt09OyE65XRGZr7NRxruDG9Gc4qbNRmhgfYleAr4djJuq7cNSRmZvC5XrqpdKJIQ==
- hyperjump-json-schema/1.15.0/lib/keywords/dependentSchemas.js: sha512-Wc19MsZdGjzS5e7r0agKgSiWqy4cHRXAZuQoaFQ6EGf+IkIu+PL4vy5y94HPwCLEIl7+n+u1FkeN2O3Zv/x+hQ==
- hyperjump-json-schema/1.15.0/draft-2019-09/index.js: sha512-cKD0U/6CD8aFlDfe3C5b1TS0wojcXCKGVV+q+ku/pii60WlJHtKNnvi/t9iI20GDNxyxqghgiOZ4UtWK8DsJGA==
- hyperjump-json-schema/1.15.0/draft-2020-12/meta/meta-data.min.js: sha512-mAiTulMZBeq7bLSEeF5QUhPyL3Lhmx6tpXO2pNm14valC6UQ6yozPI973Pxg/2SVEbKCeYkhxQl/EMVKg7PchA==
- hyperjump-json-schema/1.15.0/lib/keywords/prefixItems.min.js: sha512-o/puM1J+dBsaDOL28QnN/xbVr4V4+G7KLJlnvS3wj/+KDpxOMtok4Ai+mFn5nyuTX6WfwDCbqRS8bP/GurJ0lw==
- hyperjump-json-schema/1.15.0/lib/keywords/format.js: sha512-Jkgd8GTFX7ohVJF1owbto5ZDxNLh9BFqHt0M5LLpGye+L2Z8YkyVdgjlvw3RNSJNvoGjDNdydWD9l9VLGd3ojA==
- hyperjump-json-schema/1.15.0/lib/keywords/propertyDependencies.min.js: sha512-miP1Tt7cfR2A3tIfuN80XGZOlo5JSkkB107b59/FVux5vbEJISn0ADpustRKNQdVzjR1sko2jsccFB9OpieTdA==
- hyperjump-json-schema/1.15.0/openapi-3-1/meta/base.js: sha512-zSSWIdc2Q1gOqkmcPSMQb8w1z6jlmBZ//Hdpdp9VrnyGtYl7P8hG57G+d99I6Hdhqa+iUjc87o7SgJ6c0k993g==
- hyperjump-json-schema/1.15.0/draft-07/schema.min.js: sha512-WNtu/NmJfdPooHQnDLaqJSi9RdqpEl9wUoILoWpjIOwJfbQ6Q5vpgyxF4agiYxS8t1MQd7KFwqXwSYH10WL5yg==
- hyperjump-json-schema/1.15.0/draft-2019-09/meta/core.min.js: sha512-7kRJBVQdbU6ftE+NxD/hdSsRw2/6A8mfWuaJNLU/jsDufXf8T1Hb43QKvdKADIZBz4/JLnNCHvIN8hMt4yRTwA==
- hyperjump-json-schema/1.15.0/lib/keywords/properties.min.js: sha512-pYwxQwGU0kqzK7CCZghIa3HGcxAmi8th5zBCCWxZVR5xDndTU7ppsPFqAXghaHSkE9SWDwUdmEkHO8+smdLHXA==
- hyperjump-json-schema/1.15.0/stable/meta/format-assertion.js: sha512-T0YAWnLLT6lvkf/ORaXrzlDs5y7f1x7A39tvbhBUynm2Ai0bSKrKWDVWU76mGvBaavHt7uip9SOKvO1u+GUXjQ==
- hyperjump-json-schema/1.15.0/stable/validation.js: sha512-81crUJfN778hVzhnW3Fgf7tO8xv8UM6MzkdY+eTdN1m5NpmHBMjrzdtlc+oodQ5SR9v+bBizwJl2tHrZVJBBnw==
- hyperjump-json-schema/1.15.0/draft-04/index.js: sha512-/1hVeH0v2LpS4sRUOgUxbgO1hNZ1WEaVEhEqlbsEjLNI9kbxRFB2Rxcrzeb4ObMiDkyEKW1rBzJtVWVYXL3v8Q==
- hyperjump-json-schema/1.15.0/draft-2020-12/dynamicAnchor.js: sha512-FRxhLsDqCr+6b7RFlrjLQs6ZGaKF+Im6T8mpkToCWlxyOjvq8xAO9590gCTlg+fFxx+cIC8dPoMnGyXaJjvEjA==
- hyperjump-json-schema/1.15.0/draft-2020-12/meta/content.js: sha512-jZDf8tEKDndxNhL1CCq0SOhsfqAOlyyhFnQte5RYIpv8uC9fmTF5Uze77kyv4JZCRw/zfavikFLmynMJF8xtDA==
- hyperjump-json-schema/1.15.0/lib/instance.min.js: sha512-7wRdQhjFx/S4D0w/3E9+LtezvTwWc2MFcLzaZ5bNKYnMB3X0zUxK9If9rUc32hGQeaW0jfuO4Kd9LaWqLe88ow==
- hyperjump-json-schema/1.15.0/lib/keywords/minProperties.min.js: sha512-5D6GiwBFcHcpQZobN9k+oKnf5Yk+vVv9l4te5NrcRNRtd/LHT7huVesifGM+McD9nqtpfsnV2KFrfe5ww6Oz7Q==
- hyperjump-json-schema/1.15.0/lib/keywords/title.js: sha512-DmROxOO4fCsmf9jHpUwMKm0mLJfvqgUwemRgXpgAF31Cp07dUcG8CgUnINLw296uzCIi3SUvXXdWBJo8FA3OnQ==
- hyperjump-json-schema/1.15.0/draft-07/index.min.js: sha512-tdGzvhHpF25xUY3RDfjT3Xdu2ZSaqTrULdvSe55mXDX6VY7kbDnuE+vVsl8XK8CXixoREKBdoUWFnS3rHfgNBg==
- hyperjump-json-schema/1.15.0/draft-2019-09/meta/format.js: sha512-hR91xtXxXPRcjpXftXZOvT5XLcLm+P7PydlHh0E4JxcKvCmbIhKDU1lMQElL3TR63Rg2Hgw+xOmUz5qxpRUEVg==
- hyperjump-json-schema/1.15.0/lib/keywords/anyOf.min.js: sha512-7+HH/tWcDfjJbE/QAMMPJ4K2y+del9nDVslmYfU+jjl/kRBcyFHC2BmtRHpcr0zrAQDx3Ew53cWGLxcBVGsNaQ==
- hyperjump-json-schema/1.15.0/lib/keywords/examples.min.js: sha512-6InxtyzgxjWlhhSuQpgiBBJnd79H5Et7mDt8yyRWjeQiUQUq9qjJwgMEUw+jN1qowCq/d/84r2Pj4Nh0GO20zA==
- hyperjump-json-schema/1.15.0/draft-2020-12/index.js: sha512-TqFD5mfxC57Rtk8hgcnHRR1lPVC52nPu84Ak6iInGDtjLCEKYn+Dc4rAuKeJ5xguzHLnkSw74V3nNE0pBtmlBw==
- hyperjump-json-schema/1.15.0/lib/keywords/contains.js: sha512-mSkP1y+YS75IB79Wk+F/Bg6lceQ04Vxa+QSzAejaB5tEm3ckCGTbP2GRbfQtsds/FzWol6lpeicspG8FojOyTQ==
- hyperjump-json-schema/1.15.0/lib/keywords/contentEncoding.js: sha512-3Wy/5xbrO9nNXVDLIzyTtfyXe3ib035cSCm4cCDG2gZuZTLDJ+XwncUpP/hLqDA4YTxCQ2a0ETRJR/0S4oV2ig==
- hyperjump-json-schema/1.15.0/lib/keywords/dependentRequired.min.js: sha512-31fdGTIm0OaKlJODXI42UKaB9Gqwa8XuJNs3pCNeX307+LIhsbW4Kh1E0oSMcoNn+R4HGdB/AjLAsQqR7jbvLQ==
- hyperjump-json-schema/1.15.0/lib/keywords/description.js: sha512-/SD+XjcVvTRDY6EeU9nX5KmhsskOY6cFgUvdnIWsnDVSMJvPuKHBiDqkCpCMG74PEmVAoo0R+swOqchZyzF3pA==
- hyperjump-json-schema/1.15.0/lib/keywords/maxItems.js: sha512-qU4AHS5OzJIHda5EBaXQz0KbG7V/wkc6cvfjAsA8EFIcFfy6GIUeIlHTLBPc8tVE/72k3ATarHIlWfqkeKbq9g==
- hyperjump-json-schema/1.15.0/lib/keywords/minContains.min.js: sha512-aAECFwehwmxyZcUbSdDUqTzfYK6vZCvDN14fDQvf9E2LD0CYvqP2NG7IkLKIUE3pRIlRJW03rl/Dh/kdCmZDtA==
- hyperjump-json-schema/1.15.0/stable/meta/content.min.js: sha512-EQWhTkh6AWEtPWxh7VqycGE/nBFXYYexOfPwSoNwRG0u3p0vaa2Hhe5AH0DidMoMrIZFJcZmCG2VfN6tBTsXXg==
- hyperjump-json-schema/1.15.0/draft-04/dependencies.min.js: sha512-0FRf3br2JZcZmSkmz5qUxtA0BeqGbkslRi080oB1GqVjNN5+0sUD3KmHP1ya9eBZqSS32n56bYZbJ4rqQW1Hcw==
- hyperjump-json-schema/1.15.0/draft-2019-09/meta/format.min.js: sha512-P19WKqc8b7+ScAUbs7Ob2nlsbx9VEWsLtT5DyD0syvJx0gv/VWPie8VSW24XtqJaOAKGka6jN2ix/QOrjWMSpg==
- hyperjump-json-schema/1.15.0/draft-2019-09/meta/meta-data.js: sha512-uThpcvf/K+two0BOIS5sG756PUUWJZ2c5KsbM5NlG5Z3kIoFaRsdA5Td5JRS9fnejCmsN37rCN0HlNbgffoy5g==
- hyperjump-json-schema/1.15.0/lib/keywords/minItems.js: sha512-qn7ZQRfaB6uOmCePs/Ng5SJiq/WUm24ry+LUuF39GPViN/piDGbnM0YZf9OGtwWR2exFnJO8NR0T1B8IE5fvIA==
- hyperjump-json-schema/1.15.0/lib/schema.js: sha512-hMys7Ux7MlvOjBXbJfoqhU60wAQo+j/Qr08IrJzUljUwOgxRlQxolF9T+DyASO0NHgv27C54yZFmuQRtoyu4aQ==
- hyperjump-json-schema/1.15.0/stable/meta/unevaluated.min.js: sha512-sMm6NlkWjubz5/6YsRaA5numQr/43nwQZqHfPf58UboqlfpstXOPj0rtlOiONufj0o169ReJVgdSlvuD+lgfMw==
- hyperjump-json-schema/1.15.0/draft-2019-09/meta/content.min.js: sha512-7b5YNjSoIwVl4YaH6hHyLbHCr9P7v5eWMmBkTIMvxyl2LIvsWnaCsMNajF7GRVBDR0zfRE88wnVJ7v2fOHahtg==
- hyperjump-json-schema/1.15.0/draft-2020-12/meta/meta-data.js: sha512-UYMA1NE4V0lUB2Y/QpLZ0G4ZZAxcYBnWu6tsjX9brDy42Z513/Wx0/98ToSdTE9PStph0S9uHnJZacB730ONWg==
- hyperjump-json-schema/1.15.0/draft-04/items.js: sha512-pSmzozVRv62cFrVVzjIb4SNkoOc1u3xm5q3IthQva/3GYCDkrEjB3OiGxFz9obg2QsWNAf8DIR2KS+Tk18B7qQ==
- hyperjump-json-schema/1.15.0/draft-06/index.min.js: sha512-75JadIgHENZE3/VqyqhkaXMmlc+2uDxU21xHqbGAqwy+hRahxPAWGCWoqBkZZKtlPpF1h+zqDHbP4cs9IBDppQ==
- hyperjump-json-schema/1.15.0/draft-2019-09/meta/validation.js: sha512-FeyCMFGfYsNdbj8AUDi0iXB8Scn3dv6FEEBGcs43dOjgBElgbnfd4gpCiyO3zKvf4gVUhQ6I7KcBysvd3Iz5Zw==
- hyperjump-json-schema/1.15.0/lib/keywords/const.js: sha512-QabXZ8E37yI/UQyIAxV0kD0qM877pCV/rww9DtrV0+wfUuHL2jSd/pwTm/bYwZmRQN4BgZZr6lxbRMng29x2TQ==
- hyperjump-json-schema/1.15.0/openapi-3-0/type.js: sha512-h6epmRFNlDFm7WtEayAeSbiSUJyBA80n0/PQxJsHczF3Xkg4OoCRz4s0YDH1Wy5tiDws5lxhp9yVxf/KEmwYOg==
- hyperjump-json-schema/1.15.0/openapi-3-1/schema-draft-07.min.js: sha512-HiDcGPbZI3yc1IXlJ2KvwEGxMPjwa315+h9Vv9sjdTt84Ab8UtPS4QEzxAVVcFIPJuJBsaG4ZgSWm8OcuAJWjA==
- hyperjump-json-schema/1.15.0/stable/meta/core.js: sha512-PPwBoguIHrESh5gbk+vDEwxfXphQHP3aeQDyOvwQpbt4hYoQf7Df6YcyCt+VIQP3++ObVwfHnKjnK7aDW2F8Gg==
- hyperjump-json-schema/1.15.0/draft-04/exclusiveMinimum.js: sha512-snxZBS0x9ZVWF33os6lVPH4iMPWG838onp/s3CFygivAj7LOaihtrKhImWgO5+x9GU4AwPmDFYo1aYyLO1VhQA==
- hyperjump-json-schema/1.15.0/lib/keywords/contains.min.js: sha512-ENt5/eqgpY5Xuc3z4Dr/wPIAtyA4yJitHgGOvHWiA1j+zkmJrqcGFko2PLdSp9mRha+Lo+/Vu4wT250ljloXLQ==
- hyperjump-json-schema/1.15.0/lib/keywords/enum.min.js: sha512-Sv4HCooIkXQ8I6CKzsWS8TEHcVUYfoAtpr77IruwEbhNnSyUDjCHyaYK95jmW31l9SzfhHcHPdGLPZypcY/Q6g==
- hyperjump-json-schema/1.15.0/lib/keywords/exclusiveMaximum.min.js: sha512-wgbEGBLo7O7u490CX0TJkszXIosR7PkPOIDNme/+TLOLpZ5llrqdtxph9pJUf2jMBc86s3aczFSJYLS+hbEgag==
- hyperjump-json-schema/1.15.0/lib/keywords/pattern.min.js: sha512-ikKMd9o8WjYfo1VmpgO3DZSlElTJz1huJgM7Zl5LYt49BQQUVt0ZAZbc1Fk9y53J92ZPHMweUfWTsVgOAK3vcw==
- hyperjump-json-schema/1.15.0/stable/meta/format-annotation.js: sha512-o/KXWoFaZAzUEkVQmsqHUkkRh5aefl1WNHi2MDuDWAkS/I5YCsu2k7UTXde4TaqLErW7Rtd/icADeQk0pPAunA==
- hyperjump-json-schema/1.15.0/bundle/index.min.js: sha512-uLaBWsDoSz76Gx8OJcnGWwQD93jY2JgGdeq5hjJ9q35SeNDRPjH21EM0nn2qfXzMEcXWniZmt2Q+K0sWpYzBtA==
- hyperjump-json-schema/1.15.0/lib/keywords/allOf.js: sha512-ajrE2HeBX3gVyVZdW3/3tS3waY0C8is9HtX6R1cCEaA/lPRND2w4qhe4BoIFRwvA4jwwlNMfii88QxUZB1XKsw==
- hyperjump-json-schema/1.15.0/lib/keywords/items.js: sha512-qFodQbmw94YNa+/pg5B7I0z8qZ9aTqv3Z5uUG6vg1FfsIR8cEGgqDVEXhJkZ5FShL2s/adNvAQADwtPCppmeQw==
- hyperjump-json-schema/1.15.0/openapi-3-0/dialect.js: sha512-FwQyzJ7v/Jegu8v9tSt33iNmrc5h/cPGRsbE1Ce/U+EOR0090ZOcALudrDMP3bz4wIR36AJ/raL5gTo0+1h83w==
- hyperjump-json-schema/1.15.0/lib/keywords/exclusiveMinimum.min.js: sha512-bOpwdAXdoAqNBlEwFWsaLdyK7xwfclrqzMihVosyzqt9MXdG2SW+ezT42WPBVwbiZKnAMCTkdQD03J7117z/tQ==
- hyperjump-json-schema/1.15.0/draft-2020-12/dynamicRef.js: sha512-HcaPf/sjwwPqu/dlP5VyAqLluSNWnKaWjuEsyOmcA9QiQ4nKjLkbefUadSFhRbEqj6IxRDCr9/ABQmSHBKnKTw==
- hyperjump-json-schema/1.15.0/lib/keywords/additionalProperties.js: sha512-qgFzJF77e/QtNnlx/17XtGOMODyhn8C9h0JChLEXHbOVKl0k6a6WbX81QLC2bL3P3Bc2Zu7jvKWCzGaVF9+Auw==
- hyperjump-json-schema/1.15.0/lib/keywords/default.min.js: sha512-Ikn2hNg7zQb+TlERL2ZP3HngJsYz5My5XPcCLBHUckzru6E5cjCLYcxqk59bIe/Sao/1J1vMBe9sxpMtcdKdMQ==
- hyperjump-json-schema/1.15.0/lib/keywords/oneOf.js: sha512-K1yBkZ+uKqenltwdKAGVj68fBp55FgzZi9KA0vl4ZHRfYWKeg5/QL8La7GzZHB/khXD3YHODiEuZK9aJab2CfQ==
- hyperjump-json-schema/1.15.0/lib/keywords/type.min.js: sha512-1wQoEaODXm9eu1FFibPMYVdFNB3XE6AOW1WXVEyxOqnb1FHk3154qfskFXHgiDsRtBLiEOSELBQ2mXJHuqrtCQ==
- hyperjump-json-schema/1.15.0/openapi-3-1/index.js: sha512-jeNSgXXLpsmo1LKYLOirgXkIH329/QHoHtmYS31X3brS8561Asp+ENbpMofANRKUomp2OqPFk94tuzqin9tvYA==
- hyperjump-json-schema/1.15.0/stable/meta/validation.min.js: sha512-AfLikmw3OL4g09MhX1JmQmB0dpacVpJOBG7s7HfSJZF08iJxWK+hOSo+RTHaBUGg1EkTiTpF6ht8FpPImOKdJQ==
