- tailwindcss/0.0.0-insiders.9f451ee/chunk-5JIJA4QV.mjs.br
- tailwindcss/0.0.0-insiders.9f451ee/chunk-5JIJA4QV.mjs.gz
- tailwindcss/0.0.0-insiders.9f451ee/chunk-C2OYBFIH.mjs.br
- tailwindcss/0.0.0-insiders.9f451ee/chunk-C2OYBFIH.mjs.gz
- tailwindcss/0.0.0-insiders.9f451ee/chunk-DCG7AFIE.mjs.br
- tailwindcss/0.0.0-insiders.9f451ee/chunk-DCG7AFIE.mjs.gz
- tailwindcss/0.0.0-insiders.9f451ee/colors-C__qRT83.d.ts.br
- tailwindcss/0.0.0-insiders.9f451ee/colors-C__qRT83.d.ts.gz
- tailwindcss/0.0.0-insiders.9f451ee/colors.d.mts.br
- tailwindcss/0.0.0-insiders.9f451ee/colors.d.mts.gz
- tailwindcss/0.0.0-insiders.9f451ee/colors.d.ts.br
- tailwindcss/0.0.0-insiders.9f451ee/colors.d.ts.gz
- tailwindcss/0.0.0-insiders.9f451ee/colors.js.br
- tailwindcss/0.0.0-insiders.9f451ee/colors.js.gz
- tailwindcss/0.0.0-insiders.9f451ee/colors.min.js.br
- tailwindcss/0.0.0-insiders.9f451ee/colors.min.js.gz
- tailwindcss/0.0.0-insiders.9f451ee/colors.mjs.br
- tailwindcss/0.0.0-insiders.9f451ee/colors.mjs.gz
- tailwindcss/0.0.0-insiders.9f451ee/default-theme.d.mts.br
- tailwindcss/0.0.0-insiders.9f451ee/default-theme.d.mts.gz
- tailwindcss/0.0.0-insiders.9f451ee/default-theme.d.ts.br
- tailwindcss/0.0.0-insiders.9f451ee/default-theme.d.ts.gz
- tailwindcss/0.0.0-insiders.9f451ee/default-theme.js.br
- tailwindcss/0.0.0-insiders.9f451ee/default-theme.js.gz
- tailwindcss/0.0.0-insiders.9f451ee/default-theme.min.js.br
- tailwindcss/0.0.0-insiders.9f451ee/default-theme.min.js.gz
- tailwindcss/0.0.0-insiders.9f451ee/default-theme.mjs.br
- tailwindcss/0.0.0-insiders.9f451ee/default-theme.mjs.gz
- tailwindcss/0.0.0-insiders.9f451ee/flatten-color-palette.d.mts.br
- tailwindcss/0.0.0-insiders.9f451ee/flatten-color-palette.d.mts.gz
- tailwindcss/0.0.0-insiders.9f451ee/flatten-color-palette.d.ts.br
- tailwindcss/0.0.0-insiders.9f451ee/flatten-color-palette.d.ts.gz
- tailwindcss/0.0.0-insiders.9f451ee/flatten-color-palette.js.br
- tailwindcss/0.0.0-insiders.9f451ee/flatten-color-palette.js.gz
- tailwindcss/0.0.0-insiders.9f451ee/flatten-color-palette.min.js.br
- tailwindcss/0.0.0-insiders.9f451ee/flatten-color-palette.min.js.gz
- tailwindcss/0.0.0-insiders.9f451ee/flatten-color-palette.mjs.br
- tailwindcss/0.0.0-insiders.9f451ee/flatten-color-palette.mjs.gz
- tailwindcss/0.0.0-insiders.9f451ee/lib.d.mts.br
- tailwindcss/0.0.0-insiders.9f451ee/lib.d.mts.gz
- tailwindcss/0.0.0-insiders.9f451ee/lib.d.ts.br
- tailwindcss/0.0.0-insiders.9f451ee/lib.d.ts.gz
- tailwindcss/0.0.0-insiders.9f451ee/lib.js.br
- tailwindcss/0.0.0-insiders.9f451ee/lib.js.gz
- tailwindcss/0.0.0-insiders.9f451ee/lib.min.js.br
- tailwindcss/0.0.0-insiders.9f451ee/lib.min.js.gz
- tailwindcss/0.0.0-insiders.9f451ee/lib.mjs.br
- tailwindcss/0.0.0-insiders.9f451ee/lib.mjs.gz
- tailwindcss/0.0.0-insiders.9f451ee/plugin.d.mts.br
- tailwindcss/0.0.0-insiders.9f451ee/plugin.d.mts.gz
- tailwindcss/0.0.0-insiders.9f451ee/plugin.d.ts.br
- tailwindcss/0.0.0-insiders.9f451ee/plugin.d.ts.gz
- tailwindcss/0.0.0-insiders.9f451ee/plugin.js.br
- tailwindcss/0.0.0-insiders.9f451ee/plugin.js.gz
- tailwindcss/0.0.0-insiders.9f451ee/plugin.min.js.br
- tailwindcss/0.0.0-insiders.9f451ee/plugin.min.js.gz
- tailwindcss/0.0.0-insiders.9f451ee/plugin.mjs.br
- tailwindcss/0.0.0-insiders.9f451ee/plugin.mjs.gz
- tailwindcss/0.0.0-insiders.9f451ee/resolve-config-B4yBzhca.d.ts.br
- tailwindcss/0.0.0-insiders.9f451ee/resolve-config-B4yBzhca.d.ts.gz
- tailwindcss/0.0.0-insiders.9f451ee/resolve-config-QUZ9b-Gn.d.mts.br
- tailwindcss/0.0.0-insiders.9f451ee/resolve-config-QUZ9b-Gn.d.mts.gz
- tailwindcss/0.0.0-insiders.9f451ee/types-DWdTiksJ.d.mts.br
- tailwindcss/0.0.0-insiders.9f451ee/types-DWdTiksJ.d.mts.gz