Files:
- clerk-js/5.57.3-snapshot.v20250322135657/192_ec2fdc_5.57.3-snapshot.v20250322135657.js.br
- clerk-js/5.57.3-snapshot.v20250322135657/192_ec2fdc_5.57.3-snapshot.v20250322135657.js.gz
- clerk-js/5.57.3-snapshot.v20250322135657/192_ec2fdc_5.57.3-snapshot.v20250322135657.js.sri
- clerk-js/5.57.3-snapshot.v20250322135657/192_ec2fdc_5.57.3-snapshot.v20250322135657.min.js.br
- clerk-js/5.57.3-snapshot.v20250322135657/192_ec2fdc_5.57.3-snapshot.v20250322135657.min.js.gz
- clerk-js/5.57.3-snapshot.v20250322135657/192_ec2fdc_5.57.3-snapshot.v20250322135657.min.js.sri
- clerk-js/5.57.3-snapshot.v20250322135657/377_cc5f91_5.57.3-snapshot.v20250322135657.js.br
- clerk-js/5.57.3-snapshot.v20250322135657/377_cc5f91_5.57.3-snapshot.v20250322135657.js.gz
- clerk-js/5.57.3-snapshot.v20250322135657/377_cc5f91_5.57.3-snapshot.v20250322135657.js.sri
- clerk-js/5.57.3-snapshot.v20250322135657/377_cc5f91_5.57.3-snapshot.v20250322135657.min.js.br
- clerk-js/5.57.3-snapshot.v20250322135657/377_cc5f91_5.57.3-snapshot.v20250322135657.min.js.gz
- clerk-js/5.57.3-snapshot.v20250322135657/377_cc5f91_5.57.3-snapshot.v20250322135657.min.js.sri
- clerk-js/5.57.3-snapshot.v20250322135657/890_cc5f91_5.57.3-snapshot.v20250322135657.js.br
- clerk-js/5.57.3-snapshot.v20250322135657/890_cc5f91_5.57.3-snapshot.v20250322135657.js.gz
- clerk-js/5.57.3-snapshot.v20250322135657/890_cc5f91_5.57.3-snapshot.v20250322135657.js.sri
- clerk-js/5.57.3-snapshot.v20250322135657/890_cc5f91_5.57.3-snapshot.v20250322135657.min.js.br
- clerk-js/5.57.3-snapshot.v20250322135657/890_cc5f91_5.57.3-snapshot.v20250322135657.min.js.gz
- clerk-js/5.57.3-snapshot.v20250322135657/890_cc5f91_5.57.3-snapshot.v20250322135657.min.js.sri
- clerk-js/5.57.3-snapshot.v20250322135657/965_cc5f91_5.57.3-snapshot.v20250322135657.js.br
- clerk-js/5.57.3-snapshot.v20250322135657/965_cc5f91_5.57.3-snapshot.v20250322135657.js.gz
- clerk-js/5.57.3-snapshot.v20250322135657/965_cc5f91_5.57.3-snapshot.v20250322135657.js.sri
- clerk-js/5.57.3-snapshot.v20250322135657/965_cc5f91_5.57.3-snapshot.v20250322135657.min.js.br
- clerk-js/5.57.3-snapshot.v20250322135657/965_cc5f91_5.57.3-snapshot.v20250322135657.min.js.gz
- clerk-js/5.57.3-snapshot.v20250322135657/965_cc5f91_5.57.3-snapshot.v20250322135657.min.js.sri
- clerk-js/5.57.3-snapshot.v20250322135657/blankcaptcha_ec2fdc_5.57.3-snapshot.v20250322135657.js.br
- clerk-js/5.57.3-snapshot.v20250322135657/blankcaptcha_ec2fdc_5.57.3-snapshot.v20250322135657.js.gz
- clerk-js/5.57.3-snapshot.v20250322135657/blankcaptcha_ec2fdc_5.57.3-snapshot.v20250322135657.js.sri
- clerk-js/5.57.3-snapshot.v20250322135657/blankcaptcha_ec2fdc_5.57.3-snapshot.v20250322135657.min.js.br
- clerk-js/5.57.3-snapshot.v20250322135657/blankcaptcha_ec2fdc_5.57.3-snapshot.v20250322135657.min.js.gz
- clerk-js/5.57.3-snapshot.v20250322135657/blankcaptcha_ec2fdc_5.57.3-snapshot.v20250322135657.min.js.sri
- clerk-js/5.57.3-snapshot.v20250322135657/checkout_ec2fdc_5.57.3-snapshot.v20250322135657.js.br
- clerk-js/5.57.3-snapshot.v20250322135657/checkout_ec2fdc_5.57.3-snapshot.v20250322135657.js.gz
- clerk-js/5.57.3-snapshot.v20250322135657/checkout_ec2fdc_5.57.3-snapshot.v20250322135657.js.sri
- clerk-js/5.57.3-snapshot.v20250322135657/checkout_ec2fdc_5.57.3-snapshot.v20250322135657.min.js.br
- clerk-js/5.57.3-snapshot.v20250322135657/checkout_ec2fdc_5.57.3-snapshot.v20250322135657.min.js.gz
- clerk-js/5.57.3-snapshot.v20250322135657/checkout_ec2fdc_5.57.3-snapshot.v20250322135657.min.js.sri
- clerk-js/5.57.3-snapshot.v20250322135657/clerk.browser.js.br
- clerk-js/5.57.3-snapshot.v20250322135657/clerk.browser.js.gz
- clerk-js/5.57.3-snapshot.v20250322135657/clerk.browser.js.sri
- clerk-js/5.57.3-snapshot.v20250322135657/clerk.browser.min.js.br
- clerk-js/5.57.3-snapshot.v20250322135657/clerk.browser.min.js.gz
- clerk-js/5.57.3-snapshot.v20250322135657/clerk.browser.min.js.sri
- clerk-js/5.57.3-snapshot.v20250322135657/clerk.headless.browser.js.br
- clerk-js/5.57.3-snapshot.v20250322135657/clerk.headless.browser.js.gz
- clerk-js/5.57.3-snapshot.v20250322135657/clerk.headless.browser.js.sri
- clerk-js/5.57.3-snapshot.v20250322135657/clerk.headless.browser.min.js.br
- clerk-js/5.57.3-snapshot.v20250322135657/clerk.headless.browser.min.js.gz
- clerk-js/5.57.3-snapshot.v20250322135657/clerk.headless.browser.min.js.sri
- clerk-js/5.57.3-snapshot.v20250322135657/clerk.headless.js.br
- clerk-js/5.57.3-snapshot.v20250322135657/clerk.headless.js.gz
- clerk-js/5.57.3-snapshot.v20250322135657/clerk.headless.js.sri
- clerk-js/5.57.3-snapshot.v20250322135657/clerk.headless.min.js.br
- clerk-js/5.57.3-snapshot.v20250322135657/clerk.headless.min.js.gz
- clerk-js/5.57.3-snapshot.v20250322135657/clerk.headless.min.js.sri
- clerk-js/5.57.3-snapshot.v20250322135657/clerk.js.br
- clerk-js/5.57.3-snapshot.v20250322135657/clerk.js.gz
- clerk-js/5.57.3-snapshot.v20250322135657/clerk.js.sri
- clerk-js/5.57.3-snapshot.v20250322135657/clerk.min.js.br
- clerk-js/5.57.3-snapshot.v20250322135657/clerk.min.js.gz
- clerk-js/5.57.3-snapshot.v20250322135657/clerk.min.js.sri
- clerk-js/5.57.3-snapshot.v20250322135657/clerk.mjs.br
- clerk-js/5.57.3-snapshot.v20250322135657/clerk.mjs.gz
- clerk-js/5.57.3-snapshot.v20250322135657/clerk.no-rhc.js.br
- clerk-js/5.57.3-snapshot.v20250322135657/clerk.no-rhc.js.gz
- clerk-js/5.57.3-snapshot.v20250322135657/clerk.no-rhc.js.sri
- clerk-js/5.57.3-snapshot.v20250322135657/clerk.no-rhc.min.js.br
- clerk-js/5.57.3-snapshot.v20250322135657/clerk.no-rhc.min.js.gz
- clerk-js/5.57.3-snapshot.v20250322135657/clerk.no-rhc.min.js.sri
- clerk-js/5.57.3-snapshot.v20250322135657/clerk.no-rhc.mjs.br
- clerk-js/5.57.3-snapshot.v20250322135657/clerk.no-rhc.mjs.gz
- clerk-js/5.57.3-snapshot.v20250322135657/coinbase-wallet-sdk_1fdf69_5.57.3-snapshot.v20250322135657.js.br
- clerk-js/5.57.3-snapshot.v20250322135657/coinbase-wallet-sdk_1fdf69_5.57.3-snapshot.v20250322135657.js.gz
- clerk-js/5.57.3-snapshot.v20250322135657/coinbase-wallet-sdk_1fdf69_5.57.3-snapshot.v20250322135657.js.sri
- clerk-js/5.57.3-snapshot.v20250322135657/coinbase-wallet-sdk_1fdf69_5.57.3-snapshot.v20250322135657.min.js.br
- clerk-js/5.57.3-snapshot.v20250322135657/coinbase-wallet-sdk_1fdf69_5.57.3-snapshot.v20250322135657.min.js.gz
- clerk-js/5.57.3-snapshot.v20250322135657/coinbase-wallet-sdk_1fdf69_5.57.3-snapshot.v20250322135657.min.js.sri
- clerk-js/5.57.3-snapshot.v20250322135657/coinbase-wallet-sdk_ec2fdc_5.57.3-snapshot.v20250322135657.js.br
- clerk-js/5.57.3-snapshot.v20250322135657/coinbase-wallet-sdk_ec2fdc_5.57.3-snapshot.v20250322135657.js.gz
- clerk-js/5.57.3-snapshot.v20250322135657/coinbase-wallet-sdk_ec2fdc_5.57.3-snapshot.v20250322135657.js.sri
- clerk-js/5.57.3-snapshot.v20250322135657/coinbase-wallet-sdk_ec2fdc_5.57.3-snapshot.v20250322135657.min.js.br
- clerk-js/5.57.3-snapshot.v20250322135657/coinbase-wallet-sdk_ec2fdc_5.57.3-snapshot.v20250322135657.min.js.gz
- clerk-js/5.57.3-snapshot.v20250322135657/coinbase-wallet-sdk_ec2fdc_5.57.3-snapshot.v20250322135657.min.js.sri
- clerk-js/5.57.3-snapshot.v20250322135657/cookieSuffix_1fdf69_5.57.3-snapshot.v20250322135657.js.br
- clerk-js/5.57.3-snapshot.v20250322135657/cookieSuffix_1fdf69_5.57.3-snapshot.v20250322135657.js.gz
- clerk-js/5.57.3-snapshot.v20250322135657/cookieSuffix_1fdf69_5.57.3-snapshot.v20250322135657.js.sri
- clerk-js/5.57.3-snapshot.v20250322135657/cookieSuffix_1fdf69_5.57.3-snapshot.v20250322135657.min.js.br
- clerk-js/5.57.3-snapshot.v20250322135657/cookieSuffix_1fdf69_5.57.3-snapshot.v20250322135657.min.js.gz
- clerk-js/5.57.3-snapshot.v20250322135657/cookieSuffix_1fdf69_5.57.3-snapshot.v20250322135657.min.js.sri
- clerk-js/5.57.3-snapshot.v20250322135657/cookieSuffix_cc5f91_5.57.3-snapshot.v20250322135657.js.br
- clerk-js/5.57.3-snapshot.v20250322135657/cookieSuffix_cc5f91_5.57.3-snapshot.v20250322135657.js.gz
- clerk-js/5.57.3-snapshot.v20250322135657/cookieSuffix_cc5f91_5.57.3-snapshot.v20250322135657.js.sri
- clerk-js/5.57.3-snapshot.v20250322135657/cookieSuffix_cc5f91_5.57.3-snapshot.v20250322135657.min.js.br
- clerk-js/5.57.3-snapshot.v20250322135657/cookieSuffix_cc5f91_5.57.3-snapshot.v20250322135657.min.js.gz
- clerk-js/5.57.3-snapshot.v20250322135657/cookieSuffix_cc5f91_5.57.3-snapshot.v20250322135657.min.js.sri
- clerk-js/5.57.3-snapshot.v20250322135657/cookieSuffix_ec2fdc_5.57.3-snapshot.v20250322135657.js.br
- clerk-js/5.57.3-snapshot.v20250322135657/cookieSuffix_ec2fdc_5.57.3-snapshot.v20250322135657.js.gz
- clerk-js/5.57.3-snapshot.v20250322135657/cookieSuffix_ec2fdc_5.57.3-snapshot.v20250322135657.js.sri
- clerk-js/5.57.3-snapshot.v20250322135657/cookieSuffix_ec2fdc_5.57.3-snapshot.v20250322135657.min.js.br
- clerk-js/5.57.3-snapshot.v20250322135657/cookieSuffix_ec2fdc_5.57.3-snapshot.v20250322135657.min.js.gz
- clerk-js/5.57.3-snapshot.v20250322135657/cookieSuffix_ec2fdc_5.57.3-snapshot.v20250322135657.min.js.sri
- clerk-js/5.57.3-snapshot.v20250322135657/createorganization_ec2fdc_5.57.3-snapshot.v20250322135657.js.br
- clerk-js/5.57.3-snapshot.v20250322135657/createorganization_ec2fdc_5.57.3-snapshot.v20250322135657.js.gz
- clerk-js/5.57.3-snapshot.v20250322135657/createorganization_ec2fdc_5.57.3-snapshot.v20250322135657.js.sri
- clerk-js/5.57.3-snapshot.v20250322135657/createorganization_ec2fdc_5.57.3-snapshot.v20250322135657.min.js.br
- clerk-js/5.57.3-snapshot.v20250322135657/createorganization_ec2fdc_5.57.3-snapshot.v20250322135657.min.js.gz
- clerk-js/5.57.3-snapshot.v20250322135657/createorganization_ec2fdc_5.57.3-snapshot.v20250322135657.min.js.sri
- clerk-js/5.57.3-snapshot.v20250322135657/framework_ec2fdc_5.57.3-snapshot.v20250322135657.js.br
- clerk-js/5.57.3-snapshot.v20250322135657/framework_ec2fdc_5.57.3-snapshot.v20250322135657.js.gz
- clerk-js/5.57.3-snapshot.v20250322135657/framework_ec2fdc_5.57.3-snapshot.v20250322135657.js.sri
- clerk-js/5.57.3-snapshot.v20250322135657/framework_ec2fdc_5.57.3-snapshot.v20250322135657.min.js.br
- clerk-js/5.57.3-snapshot.v20250322135657/framework_ec2fdc_5.57.3-snapshot.v20250322135657.min.js.gz
- clerk-js/5.57.3-snapshot.v20250322135657/framework_ec2fdc_5.57.3-snapshot.v20250322135657.min.js.sri
- clerk-js/5.57.3-snapshot.v20250322135657/impersonationfab_ec2fdc_5.57.3-snapshot.v20250322135657.js.br
- clerk-js/5.57.3-snapshot.v20250322135657/impersonationfab_ec2fdc_5.57.3-snapshot.v20250322135657.js.gz
- clerk-js/5.57.3-snapshot.v20250322135657/impersonationfab_ec2fdc_5.57.3-snapshot.v20250322135657.js.sri
- clerk-js/5.57.3-snapshot.v20250322135657/impersonationfab_ec2fdc_5.57.3-snapshot.v20250322135657.min.js.br
- clerk-js/5.57.3-snapshot.v20250322135657/impersonationfab_ec2fdc_5.57.3-snapshot.v20250322135657.min.js.gz
- clerk-js/5.57.3-snapshot.v20250322135657/impersonationfab_ec2fdc_5.57.3-snapshot.v20250322135657.min.js.sri
- clerk-js/5.57.3-snapshot.v20250322135657/keylessPrompt_ec2fdc_5.57.3-snapshot.v20250322135657.js.br
- clerk-js/5.57.3-snapshot.v20250322135657/keylessPrompt_ec2fdc_5.57.3-snapshot.v20250322135657.js.gz
- clerk-js/5.57.3-snapshot.v20250322135657/keylessPrompt_ec2fdc_5.57.3-snapshot.v20250322135657.js.sri
- clerk-js/5.57.3-snapshot.v20250322135657/keylessPrompt_ec2fdc_5.57.3-snapshot.v20250322135657.min.js.br
- clerk-js/5.57.3-snapshot.v20250322135657/keylessPrompt_ec2fdc_5.57.3-snapshot.v20250322135657.min.js.gz
- clerk-js/5.57.3-snapshot.v20250322135657/keylessPrompt_ec2fdc_5.57.3-snapshot.v20250322135657.min.js.sri
- clerk-js/5.57.3-snapshot.v20250322135657/onetap_ec2fdc_5.57.3-snapshot.v20250322135657.js.br
- clerk-js/5.57.3-snapshot.v20250322135657/onetap_ec2fdc_5.57.3-snapshot.v20250322135657.js.gz
- clerk-js/5.57.3-snapshot.v20250322135657/onetap_ec2fdc_5.57.3-snapshot.v20250322135657.js.sri
- clerk-js/5.57.3-snapshot.v20250322135657/onetap_ec2fdc_5.57.3-snapshot.v20250322135657.min.js.br
- clerk-js/5.57.3-snapshot.v20250322135657/onetap_ec2fdc_5.57.3-snapshot.v20250322135657.min.js.gz
- clerk-js/5.57.3-snapshot.v20250322135657/onetap_ec2fdc_5.57.3-snapshot.v20250322135657.min.js.sri
- clerk-js/5.57.3-snapshot.v20250322135657/organizationlist_ec2fdc_5.57.3-snapshot.v20250322135657.js.br
- clerk-js/5.57.3-snapshot.v20250322135657/organizationlist_ec2fdc_5.57.3-snapshot.v20250322135657.js.gz
- clerk-js/5.57.3-snapshot.v20250322135657/organizationlist_ec2fdc_5.57.3-snapshot.v20250322135657.js.sri
- clerk-js/5.57.3-snapshot.v20250322135657/organizationlist_ec2fdc_5.57.3-snapshot.v20250322135657.min.js.br
- clerk-js/5.57.3-snapshot.v20250322135657/organizationlist_ec2fdc_5.57.3-snapshot.v20250322135657.min.js.gz
- clerk-js/5.57.3-snapshot.v20250322135657/organizationlist_ec2fdc_5.57.3-snapshot.v20250322135657.min.js.sri
- clerk-js/5.57.3-snapshot.v20250322135657/organizationprofile_ec2fdc_5.57.3-snapshot.v20250322135657.js.br
- clerk-js/5.57.3-snapshot.v20250322135657/organizationprofile_ec2fdc_5.57.3-snapshot.v20250322135657.js.gz
- clerk-js/5.57.3-snapshot.v20250322135657/organizationprofile_ec2fdc_5.57.3-snapshot.v20250322135657.js.sri
- clerk-js/5.57.3-snapshot.v20250322135657/organizationprofile_ec2fdc_5.57.3-snapshot.v20250322135657.min.js.br
- clerk-js/5.57.3-snapshot.v20250322135657/organizationprofile_ec2fdc_5.57.3-snapshot.v20250322135657.min.js.gz
- clerk-js/5.57.3-snapshot.v20250322135657/organizationprofile_ec2fdc_5.57.3-snapshot.v20250322135657.min.js.sri
- clerk-js/5.57.3-snapshot.v20250322135657/organizationswitcher_ec2fdc_5.57.3-snapshot.v20250322135657.js.br
- clerk-js/5.57.3-snapshot.v20250322135657/organizationswitcher_ec2fdc_5.57.3-snapshot.v20250322135657.js.gz
- clerk-js/5.57.3-snapshot.v20250322135657/organizationswitcher_ec2fdc_5.57.3-snapshot.v20250322135657.js.sri
- clerk-js/5.57.3-snapshot.v20250322135657/organizationswitcher_ec2fdc_5.57.3-snapshot.v20250322135657.min.js.br
- clerk-js/5.57.3-snapshot.v20250322135657/organizationswitcher_ec2fdc_5.57.3-snapshot.v20250322135657.min.js.gz
- clerk-js/5.57.3-snapshot.v20250322135657/organizationswitcher_ec2fdc_5.57.3-snapshot.v20250322135657.min.js.sri
- clerk-js/5.57.3-snapshot.v20250322135657/prefetchorganizationlist_ec2fdc_5.57.3-snapshot.v20250322135657.js.br
- clerk-js/5.57.3-snapshot.v20250322135657/prefetchorganizationlist_ec2fdc_5.57.3-snapshot.v20250322135657.js.gz
- clerk-js/5.57.3-snapshot.v20250322135657/prefetchorganizationlist_ec2fdc_5.57.3-snapshot.v20250322135657.js.sri
- clerk-js/5.57.3-snapshot.v20250322135657/prefetchorganizationlist_ec2fdc_5.57.3-snapshot.v20250322135657.min.js.br
- clerk-js/5.57.3-snapshot.v20250322135657/prefetchorganizationlist_ec2fdc_5.57.3-snapshot.v20250322135657.min.js.gz
- clerk-js/5.57.3-snapshot.v20250322135657/prefetchorganizationlist_ec2fdc_5.57.3-snapshot.v20250322135657.min.js.sri
- clerk-js/5.57.3-snapshot.v20250322135657/pricingTable_ec2fdc_5.57.3-snapshot.v20250322135657.js.br
- clerk-js/5.57.3-snapshot.v20250322135657/pricingTable_ec2fdc_5.57.3-snapshot.v20250322135657.js.gz
- clerk-js/5.57.3-snapshot.v20250322135657/pricingTable_ec2fdc_5.57.3-snapshot.v20250322135657.js.sri
- clerk-js/5.57.3-snapshot.v20250322135657/pricingTable_ec2fdc_5.57.3-snapshot.v20250322135657.min.js.br
- clerk-js/5.57.3-snapshot.v20250322135657/pricingTable_ec2fdc_5.57.3-snapshot.v20250322135657.min.js.gz
- clerk-js/5.57.3-snapshot.v20250322135657/pricingTable_ec2fdc_5.57.3-snapshot.v20250322135657.min.js.sri
- clerk-js/5.57.3-snapshot.v20250322135657/sessionTask_ec2fdc_5.57.3-snapshot.v20250322135657.js.br
- clerk-js/5.57.3-snapshot.v20250322135657/sessionTask_ec2fdc_5.57.3-snapshot.v20250322135657.js.gz
- clerk-js/5.57.3-snapshot.v20250322135657/sessionTask_ec2fdc_5.57.3-snapshot.v20250322135657.js.sri
- clerk-js/5.57.3-snapshot.v20250322135657/sessionTask_ec2fdc_5.57.3-snapshot.v20250322135657.min.js.br
- clerk-js/5.57.3-snapshot.v20250322135657/sessionTask_ec2fdc_5.57.3-snapshot.v20250322135657.min.js.gz
- clerk-js/5.57.3-snapshot.v20250322135657/sessionTask_ec2fdc_5.57.3-snapshot.v20250322135657.min.js.sri
- clerk-js/5.57.3-snapshot.v20250322135657/signin_ec2fdc_5.57.3-snapshot.v20250322135657.js.br
- clerk-js/5.57.3-snapshot.v20250322135657/signin_ec2fdc_5.57.3-snapshot.v20250322135657.js.gz
- clerk-js/5.57.3-snapshot.v20250322135657/signin_ec2fdc_5.57.3-snapshot.v20250322135657.js.sri
- clerk-js/5.57.3-snapshot.v20250322135657/signin_ec2fdc_5.57.3-snapshot.v20250322135657.min.js.br
- clerk-js/5.57.3-snapshot.v20250322135657/signin_ec2fdc_5.57.3-snapshot.v20250322135657.min.js.gz
- clerk-js/5.57.3-snapshot.v20250322135657/signin_ec2fdc_5.57.3-snapshot.v20250322135657.min.js.sri
- clerk-js/5.57.3-snapshot.v20250322135657/signup_ec2fdc_5.57.3-snapshot.v20250322135657.js.br
- clerk-js/5.57.3-snapshot.v20250322135657/signup_ec2fdc_5.57.3-snapshot.v20250322135657.js.gz
- clerk-js/5.57.3-snapshot.v20250322135657/signup_ec2fdc_5.57.3-snapshot.v20250322135657.js.sri
- clerk-js/5.57.3-snapshot.v20250322135657/signup_ec2fdc_5.57.3-snapshot.v20250322135657.min.js.br
- clerk-js/5.57.3-snapshot.v20250322135657/signup_ec2fdc_5.57.3-snapshot.v20250322135657.min.js.gz
- clerk-js/5.57.3-snapshot.v20250322135657/signup_ec2fdc_5.57.3-snapshot.v20250322135657.min.js.sri
- clerk-js/5.57.3-snapshot.v20250322135657/ui-common_ec2fdc_5.57.3-snapshot.v20250322135657.js.br
- clerk-js/5.57.3-snapshot.v20250322135657/ui-common_ec2fdc_5.57.3-snapshot.v20250322135657.js.gz
- clerk-js/5.57.3-snapshot.v20250322135657/ui-common_ec2fdc_5.57.3-snapshot.v20250322135657.js.sri
- clerk-js/5.57.3-snapshot.v20250322135657/ui-common_ec2fdc_5.57.3-snapshot.v20250322135657.min.js.br
- clerk-js/5.57.3-snapshot.v20250322135657/ui-common_ec2fdc_5.57.3-snapshot.v20250322135657.min.js.gz
- clerk-js/5.57.3-snapshot.v20250322135657/ui-common_ec2fdc_5.57.3-snapshot.v20250322135657.min.js.sri
- clerk-js/5.57.3-snapshot.v20250322135657/up-billing-page_ec2fdc_5.57.3-snapshot.v20250322135657.js.br
- clerk-js/5.57.3-snapshot.v20250322135657/up-billing-page_ec2fdc_5.57.3-snapshot.v20250322135657.js.gz
- clerk-js/5.57.3-snapshot.v20250322135657/up-billing-page_ec2fdc_5.57.3-snapshot.v20250322135657.js.sri
- clerk-js/5.57.3-snapshot.v20250322135657/up-billing-page_ec2fdc_5.57.3-snapshot.v20250322135657.min.js.br
- clerk-js/5.57.3-snapshot.v20250322135657/up-billing-page_ec2fdc_5.57.3-snapshot.v20250322135657.min.js.gz
- clerk-js/5.57.3-snapshot.v20250322135657/up-billing-page_ec2fdc_5.57.3-snapshot.v20250322135657.min.js.sri
- clerk-js/5.57.3-snapshot.v20250322135657/userbutton_ec2fdc_5.57.3-snapshot.v20250322135657.js.br
- clerk-js/5.57.3-snapshot.v20250322135657/userbutton_ec2fdc_5.57.3-snapshot.v20250322135657.js.gz
- clerk-js/5.57.3-snapshot.v20250322135657/userbutton_ec2fdc_5.57.3-snapshot.v20250322135657.js.sri
- clerk-js/5.57.3-snapshot.v20250322135657/userbutton_ec2fdc_5.57.3-snapshot.v20250322135657.min.js.br
- clerk-js/5.57.3-snapshot.v20250322135657/userbutton_ec2fdc_5.57.3-snapshot.v20250322135657.min.js.gz
- clerk-js/5.57.3-snapshot.v20250322135657/userbutton_ec2fdc_5.57.3-snapshot.v20250322135657.min.js.sri
- clerk-js/5.57.3-snapshot.v20250322135657/userprofile_ec2fdc_5.57.3-snapshot.v20250322135657.js.br
- clerk-js/5.57.3-snapshot.v20250322135657/userprofile_ec2fdc_5.57.3-snapshot.v20250322135657.js.gz
- clerk-js/5.57.3-snapshot.v20250322135657/userprofile_ec2fdc_5.57.3-snapshot.v20250322135657.js.sri
- clerk-js/5.57.3-snapshot.v20250322135657/userprofile_ec2fdc_5.57.3-snapshot.v20250322135657.min.js.br
- clerk-js/5.57.3-snapshot.v20250322135657/userprofile_ec2fdc_5.57.3-snapshot.v20250322135657.min.js.gz
- clerk-js/5.57.3-snapshot.v20250322135657/userprofile_ec2fdc_5.57.3-snapshot.v20250322135657.min.js.sri
- clerk-js/5.57.3-snapshot.v20250322135657/userverification_ec2fdc_5.57.3-snapshot.v20250322135657.js.br
- clerk-js/5.57.3-snapshot.v20250322135657/userverification_ec2fdc_5.57.3-snapshot.v20250322135657.js.gz
- clerk-js/5.57.3-snapshot.v20250322135657/userverification_ec2fdc_5.57.3-snapshot.v20250322135657.js.sri
- clerk-js/5.57.3-snapshot.v20250322135657/userverification_ec2fdc_5.57.3-snapshot.v20250322135657.min.js.br
- clerk-js/5.57.3-snapshot.v20250322135657/userverification_ec2fdc_5.57.3-snapshot.v20250322135657.min.js.gz
- clerk-js/5.57.3-snapshot.v20250322135657/userverification_ec2fdc_5.57.3-snapshot.v20250322135657.min.js.sri
- clerk-js/5.57.3-snapshot.v20250322135657/vendors_1fdf69_5.57.3-snapshot.v20250322135657.js.br
- clerk-js/5.57.3-snapshot.v20250322135657/vendors_1fdf69_5.57.3-snapshot.v20250322135657.js.gz
- clerk-js/5.57.3-snapshot.v20250322135657/vendors_1fdf69_5.57.3-snapshot.v20250322135657.js.sri
- clerk-js/5.57.3-snapshot.v20250322135657/vendors_1fdf69_5.57.3-snapshot.v20250322135657.min.js.br
- clerk-js/5.57.3-snapshot.v20250322135657/vendors_1fdf69_5.57.3-snapshot.v20250322135657.min.js.gz
- clerk-js/5.57.3-snapshot.v20250322135657/vendors_1fdf69_5.57.3-snapshot.v20250322135657.min.js.sri
- clerk-js/5.57.3-snapshot.v20250322135657/vendors_ec2fdc_5.57.3-snapshot.v20250322135657.js.br
- clerk-js/5.57.3-snapshot.v20250322135657/vendors_ec2fdc_5.57.3-snapshot.v20250322135657.js.gz
- clerk-js/5.57.3-snapshot.v20250322135657/vendors_ec2fdc_5.57.3-snapshot.v20250322135657.js.sri
- clerk-js/5.57.3-snapshot.v20250322135657/vendors_ec2fdc_5.57.3-snapshot.v20250322135657.min.js.br
- clerk-js/5.57.3-snapshot.v20250322135657/vendors_ec2fdc_5.57.3-snapshot.v20250322135657.min.js.gz
- clerk-js/5.57.3-snapshot.v20250322135657/vendors_ec2fdc_5.57.3-snapshot.v20250322135657.min.js.sri
- clerk-js/5.57.3-snapshot.v20250322135657/waitlist_ec2fdc_5.57.3-snapshot.v20250322135657.js.br
- clerk-js/5.57.3-snapshot.v20250322135657/waitlist_ec2fdc_5.57.3-snapshot.v20250322135657.js.gz
- clerk-js/5.57.3-snapshot.v20250322135657/waitlist_ec2fdc_5.57.3-snapshot.v20250322135657.js.sri
- clerk-js/5.57.3-snapshot.v20250322135657/waitlist_ec2fdc_5.57.3-snapshot.v20250322135657.min.js.br
- clerk-js/5.57.3-snapshot.v20250322135657/waitlist_ec2fdc_5.57.3-snapshot.v20250322135657.min.js.gz
- clerk-js/5.57.3-snapshot.v20250322135657/waitlist_ec2fdc_5.57.3-snapshot.v20250322135657.min.js.sri
- clerk-js/5.57.3-snapshot.v20250322135657/zxcvbn-common_1fdf69_5.57.3-snapshot.v20250322135657.js.br
- clerk-js/5.57.3-snapshot.v20250322135657/zxcvbn-common_1fdf69_5.57.3-snapshot.v20250322135657.js.gz
- clerk-js/5.57.3-snapshot.v20250322135657/zxcvbn-common_1fdf69_5.57.3-snapshot.v20250322135657.js.sri
- clerk-js/5.57.3-snapshot.v20250322135657/zxcvbn-common_1fdf69_5.57.3-snapshot.v20250322135657.min.js.br
- clerk-js/5.57.3-snapshot.v20250322135657/zxcvbn-common_1fdf69_5.57.3-snapshot.v20250322135657.min.js.gz
- clerk-js/5.57.3-snapshot.v20250322135657/zxcvbn-common_1fdf69_5.57.3-snapshot.v20250322135657.min.js.sri
- clerk-js/5.57.3-snapshot.v20250322135657/zxcvbn-common_ec2fdc_5.57.3-snapshot.v20250322135657.js.br
- clerk-js/5.57.3-snapshot.v20250322135657/zxcvbn-common_ec2fdc_5.57.3-snapshot.v20250322135657.js.gz
- clerk-js/5.57.3-snapshot.v20250322135657/zxcvbn-common_ec2fdc_5.57.3-snapshot.v20250322135657.js.sri
- clerk-js/5.57.3-snapshot.v20250322135657/zxcvbn-common_ec2fdc_5.57.3-snapshot.v20250322135657.min.js.br
- clerk-js/5.57.3-snapshot.v20250322135657/zxcvbn-common_ec2fdc_5.57.3-snapshot.v20250322135657.min.js.gz
- clerk-js/5.57.3-snapshot.v20250322135657/zxcvbn-common_ec2fdc_5.57.3-snapshot.v20250322135657.min.js.sri
- clerk-js/5.57.3-snapshot.v20250322135657/zxcvbn-ts-core_1fdf69_5.57.3-snapshot.v20250322135657.js.br
- clerk-js/5.57.3-snapshot.v20250322135657/zxcvbn-ts-core_1fdf69_5.57.3-snapshot.v20250322135657.js.gz
- clerk-js/5.57.3-snapshot.v20250322135657/zxcvbn-ts-core_1fdf69_5.57.3-snapshot.v20250322135657.js.sri
- clerk-js/5.57.3-snapshot.v20250322135657/zxcvbn-ts-core_1fdf69_5.57.3-snapshot.v20250322135657.min.js.br
- clerk-js/5.57.3-snapshot.v20250322135657/zxcvbn-ts-core_1fdf69_5.57.3-snapshot.v20250322135657.min.js.gz
- clerk-js/5.57.3-snapshot.v20250322135657/zxcvbn-ts-core_1fdf69_5.57.3-snapshot.v20250322135657.min.js.sri
- clerk-js/5.57.3-snapshot.v20250322135657/zxcvbn-ts-core_ec2fdc_5.57.3-snapshot.v20250322135657.js.br
- clerk-js/5.57.3-snapshot.v20250322135657/zxcvbn-ts-core_ec2fdc_5.57.3-snapshot.v20250322135657.js.gz
- clerk-js/5.57.3-snapshot.v20250322135657/zxcvbn-ts-core_ec2fdc_5.57.3-snapshot.v20250322135657.js.sri
- clerk-js/5.57.3-snapshot.v20250322135657/zxcvbn-ts-core_ec2fdc_5.57.3-snapshot.v20250322135657.min.js.br
- clerk-js/5.57.3-snapshot.v20250322135657/zxcvbn-ts-core_ec2fdc_5.57.3-snapshot.v20250322135657.min.js.gz
- clerk-js/5.57.3-snapshot.v20250322135657/zxcvbn-ts-core_ec2fdc_5.57.3-snapshot.v20250322135657.min.js.sri
