Files:
- clerk-js/5.62.1-snapshot.v20250422215212/192_clerk.browser_5ccf93_5.62.1-snapshot.v20250422215212.js.br
- clerk-js/5.62.1-snapshot.v20250422215212/192_clerk.browser_5ccf93_5.62.1-snapshot.v20250422215212.js.gz
- clerk-js/5.62.1-snapshot.v20250422215212/192_clerk.browser_5ccf93_5.62.1-snapshot.v20250422215212.js.sri
- clerk-js/5.62.1-snapshot.v20250422215212/192_clerk.browser_5ccf93_5.62.1-snapshot.v20250422215212.min.js.br
- clerk-js/5.62.1-snapshot.v20250422215212/192_clerk.browser_5ccf93_5.62.1-snapshot.v20250422215212.min.js.gz
- clerk-js/5.62.1-snapshot.v20250422215212/192_clerk.browser_5ccf93_5.62.1-snapshot.v20250422215212.min.js.sri
- clerk-js/5.62.1-snapshot.v20250422215212/192_clerk.legacy.browser_cb9a42_5.62.1-snapshot.v20250422215212.js.br
- clerk-js/5.62.1-snapshot.v20250422215212/192_clerk.legacy.browser_cb9a42_5.62.1-snapshot.v20250422215212.js.gz
- clerk-js/5.62.1-snapshot.v20250422215212/192_clerk.legacy.browser_cb9a42_5.62.1-snapshot.v20250422215212.js.sri
- clerk-js/5.62.1-snapshot.v20250422215212/192_clerk.legacy.browser_cb9a42_5.62.1-snapshot.v20250422215212.min.js.br
- clerk-js/5.62.1-snapshot.v20250422215212/192_clerk.legacy.browser_cb9a42_5.62.1-snapshot.v20250422215212.min.js.gz
- clerk-js/5.62.1-snapshot.v20250422215212/192_clerk.legacy.browser_cb9a42_5.62.1-snapshot.v20250422215212.min.js.sri
- clerk-js/5.62.1-snapshot.v20250422215212/377_clerk.headless_788381_5.62.1-snapshot.v20250422215212.js.br
- clerk-js/5.62.1-snapshot.v20250422215212/377_clerk.headless_788381_5.62.1-snapshot.v20250422215212.js.gz
- clerk-js/5.62.1-snapshot.v20250422215212/377_clerk.headless_788381_5.62.1-snapshot.v20250422215212.js.sri
- clerk-js/5.62.1-snapshot.v20250422215212/377_clerk.headless_788381_5.62.1-snapshot.v20250422215212.min.js.br
- clerk-js/5.62.1-snapshot.v20250422215212/377_clerk.headless_788381_5.62.1-snapshot.v20250422215212.min.js.gz
- clerk-js/5.62.1-snapshot.v20250422215212/377_clerk.headless_788381_5.62.1-snapshot.v20250422215212.min.js.sri
- clerk-js/5.62.1-snapshot.v20250422215212/527_clerk.browser_5ccf93_5.62.1-snapshot.v20250422215212.js.br
- clerk-js/5.62.1-snapshot.v20250422215212/527_clerk.browser_5ccf93_5.62.1-snapshot.v20250422215212.js.gz
- clerk-js/5.62.1-snapshot.v20250422215212/527_clerk.browser_5ccf93_5.62.1-snapshot.v20250422215212.js.sri
- clerk-js/5.62.1-snapshot.v20250422215212/527_clerk.browser_5ccf93_5.62.1-snapshot.v20250422215212.min.js.br
- clerk-js/5.62.1-snapshot.v20250422215212/527_clerk.browser_5ccf93_5.62.1-snapshot.v20250422215212.min.js.gz
- clerk-js/5.62.1-snapshot.v20250422215212/527_clerk.browser_5ccf93_5.62.1-snapshot.v20250422215212.min.js.sri
- clerk-js/5.62.1-snapshot.v20250422215212/527_clerk.legacy.browser_cb9a42_5.62.1-snapshot.v20250422215212.js.br
- clerk-js/5.62.1-snapshot.v20250422215212/527_clerk.legacy.browser_cb9a42_5.62.1-snapshot.v20250422215212.js.gz
- clerk-js/5.62.1-snapshot.v20250422215212/527_clerk.legacy.browser_cb9a42_5.62.1-snapshot.v20250422215212.js.sri
- clerk-js/5.62.1-snapshot.v20250422215212/527_clerk.legacy.browser_cb9a42_5.62.1-snapshot.v20250422215212.min.js.br
- clerk-js/5.62.1-snapshot.v20250422215212/527_clerk.legacy.browser_cb9a42_5.62.1-snapshot.v20250422215212.min.js.gz
- clerk-js/5.62.1-snapshot.v20250422215212/527_clerk.legacy.browser_cb9a42_5.62.1-snapshot.v20250422215212.min.js.sri
- clerk-js/5.62.1-snapshot.v20250422215212/890_clerk.headless_788381_5.62.1-snapshot.v20250422215212.js.br
- clerk-js/5.62.1-snapshot.v20250422215212/890_clerk.headless_788381_5.62.1-snapshot.v20250422215212.js.gz
- clerk-js/5.62.1-snapshot.v20250422215212/890_clerk.headless_788381_5.62.1-snapshot.v20250422215212.js.sri
- clerk-js/5.62.1-snapshot.v20250422215212/890_clerk.headless_788381_5.62.1-snapshot.v20250422215212.min.js.br
- clerk-js/5.62.1-snapshot.v20250422215212/890_clerk.headless_788381_5.62.1-snapshot.v20250422215212.min.js.gz
- clerk-js/5.62.1-snapshot.v20250422215212/890_clerk.headless_788381_5.62.1-snapshot.v20250422215212.min.js.sri
- clerk-js/5.62.1-snapshot.v20250422215212/965_clerk.headless_788381_5.62.1-snapshot.v20250422215212.js.br
- clerk-js/5.62.1-snapshot.v20250422215212/965_clerk.headless_788381_5.62.1-snapshot.v20250422215212.js.gz
- clerk-js/5.62.1-snapshot.v20250422215212/965_clerk.headless_788381_5.62.1-snapshot.v20250422215212.js.sri
- clerk-js/5.62.1-snapshot.v20250422215212/965_clerk.headless_788381_5.62.1-snapshot.v20250422215212.min.js.br
- clerk-js/5.62.1-snapshot.v20250422215212/965_clerk.headless_788381_5.62.1-snapshot.v20250422215212.min.js.gz
- clerk-js/5.62.1-snapshot.v20250422215212/965_clerk.headless_788381_5.62.1-snapshot.v20250422215212.min.js.sri
- clerk-js/5.62.1-snapshot.v20250422215212/blankcaptcha_clerk.browser_5ccf93_5.62.1-snapshot.v20250422215212.js.br
- clerk-js/5.62.1-snapshot.v20250422215212/blankcaptcha_clerk.browser_5ccf93_5.62.1-snapshot.v20250422215212.js.gz
- clerk-js/5.62.1-snapshot.v20250422215212/blankcaptcha_clerk.browser_5ccf93_5.62.1-snapshot.v20250422215212.js.sri
- clerk-js/5.62.1-snapshot.v20250422215212/blankcaptcha_clerk.browser_5ccf93_5.62.1-snapshot.v20250422215212.min.js.br
- clerk-js/5.62.1-snapshot.v20250422215212/blankcaptcha_clerk.browser_5ccf93_5.62.1-snapshot.v20250422215212.min.js.gz
- clerk-js/5.62.1-snapshot.v20250422215212/blankcaptcha_clerk.browser_5ccf93_5.62.1-snapshot.v20250422215212.min.js.sri
- clerk-js/5.62.1-snapshot.v20250422215212/blankcaptcha_clerk.legacy.browser_cb9a42_5.62.1-snapshot.v20250422215212.js.br
- clerk-js/5.62.1-snapshot.v20250422215212/blankcaptcha_clerk.legacy.browser_cb9a42_5.62.1-snapshot.v20250422215212.js.gz
- clerk-js/5.62.1-snapshot.v20250422215212/blankcaptcha_clerk.legacy.browser_cb9a42_5.62.1-snapshot.v20250422215212.js.sri
- clerk-js/5.62.1-snapshot.v20250422215212/blankcaptcha_clerk.legacy.browser_cb9a42_5.62.1-snapshot.v20250422215212.min.js.br
- clerk-js/5.62.1-snapshot.v20250422215212/blankcaptcha_clerk.legacy.browser_cb9a42_5.62.1-snapshot.v20250422215212.min.js.gz
- clerk-js/5.62.1-snapshot.v20250422215212/blankcaptcha_clerk.legacy.browser_cb9a42_5.62.1-snapshot.v20250422215212.min.js.sri
- clerk-js/5.62.1-snapshot.v20250422215212/checkout_clerk.browser_5ccf93_5.62.1-snapshot.v20250422215212.js.br
- clerk-js/5.62.1-snapshot.v20250422215212/checkout_clerk.browser_5ccf93_5.62.1-snapshot.v20250422215212.js.gz
- clerk-js/5.62.1-snapshot.v20250422215212/checkout_clerk.browser_5ccf93_5.62.1-snapshot.v20250422215212.js.sri
- clerk-js/5.62.1-snapshot.v20250422215212/checkout_clerk.browser_5ccf93_5.62.1-snapshot.v20250422215212.min.js.br
- clerk-js/5.62.1-snapshot.v20250422215212/checkout_clerk.browser_5ccf93_5.62.1-snapshot.v20250422215212.min.js.gz
- clerk-js/5.62.1-snapshot.v20250422215212/checkout_clerk.browser_5ccf93_5.62.1-snapshot.v20250422215212.min.js.sri
- clerk-js/5.62.1-snapshot.v20250422215212/checkout_clerk.legacy.browser_cb9a42_5.62.1-snapshot.v20250422215212.js.br
- clerk-js/5.62.1-snapshot.v20250422215212/checkout_clerk.legacy.browser_cb9a42_5.62.1-snapshot.v20250422215212.js.gz
- clerk-js/5.62.1-snapshot.v20250422215212/checkout_clerk.legacy.browser_cb9a42_5.62.1-snapshot.v20250422215212.js.sri
- clerk-js/5.62.1-snapshot.v20250422215212/checkout_clerk.legacy.browser_cb9a42_5.62.1-snapshot.v20250422215212.min.js.br
- clerk-js/5.62.1-snapshot.v20250422215212/checkout_clerk.legacy.browser_cb9a42_5.62.1-snapshot.v20250422215212.min.js.gz
- clerk-js/5.62.1-snapshot.v20250422215212/checkout_clerk.legacy.browser_cb9a42_5.62.1-snapshot.v20250422215212.min.js.sri
- clerk-js/5.62.1-snapshot.v20250422215212/clerk.browser.js.br
- clerk-js/5.62.1-snapshot.v20250422215212/clerk.browser.js.gz
- clerk-js/5.62.1-snapshot.v20250422215212/clerk.browser.js.sri
- clerk-js/5.62.1-snapshot.v20250422215212/clerk.browser.min.js.br
- clerk-js/5.62.1-snapshot.v20250422215212/clerk.browser.min.js.gz
- clerk-js/5.62.1-snapshot.v20250422215212/clerk.browser.min.js.sri
- clerk-js/5.62.1-snapshot.v20250422215212/clerk.headless.browser.js.br
- clerk-js/5.62.1-snapshot.v20250422215212/clerk.headless.browser.js.gz
- clerk-js/5.62.1-snapshot.v20250422215212/clerk.headless.browser.js.sri
- clerk-js/5.62.1-snapshot.v20250422215212/clerk.headless.browser.min.js.br
- clerk-js/5.62.1-snapshot.v20250422215212/clerk.headless.browser.min.js.gz
- clerk-js/5.62.1-snapshot.v20250422215212/clerk.headless.browser.min.js.sri
- clerk-js/5.62.1-snapshot.v20250422215212/clerk.headless.js.br
- clerk-js/5.62.1-snapshot.v20250422215212/clerk.headless.js.gz
- clerk-js/5.62.1-snapshot.v20250422215212/clerk.headless.js.sri
- clerk-js/5.62.1-snapshot.v20250422215212/clerk.headless.min.js.br
- clerk-js/5.62.1-snapshot.v20250422215212/clerk.headless.min.js.gz
- clerk-js/5.62.1-snapshot.v20250422215212/clerk.headless.min.js.sri
- clerk-js/5.62.1-snapshot.v20250422215212/clerk.js.br
- clerk-js/5.62.1-snapshot.v20250422215212/clerk.js.gz
- clerk-js/5.62.1-snapshot.v20250422215212/clerk.js.sri
- clerk-js/5.62.1-snapshot.v20250422215212/clerk.legacy.browser.js.br
- clerk-js/5.62.1-snapshot.v20250422215212/clerk.legacy.browser.js.gz
- clerk-js/5.62.1-snapshot.v20250422215212/clerk.legacy.browser.js.sri
- clerk-js/5.62.1-snapshot.v20250422215212/clerk.legacy.browser.min.js.br
- clerk-js/5.62.1-snapshot.v20250422215212/clerk.legacy.browser.min.js.gz
- clerk-js/5.62.1-snapshot.v20250422215212/clerk.legacy.browser.min.js.sri
- clerk-js/5.62.1-snapshot.v20250422215212/clerk.min.js.br
- clerk-js/5.62.1-snapshot.v20250422215212/clerk.min.js.gz
- clerk-js/5.62.1-snapshot.v20250422215212/clerk.min.js.sri
- clerk-js/5.62.1-snapshot.v20250422215212/clerk.mjs.br
- clerk-js/5.62.1-snapshot.v20250422215212/clerk.mjs.gz
- clerk-js/5.62.1-snapshot.v20250422215212/clerk.no-rhc.js.br
- clerk-js/5.62.1-snapshot.v20250422215212/clerk.no-rhc.js.gz
- clerk-js/5.62.1-snapshot.v20250422215212/clerk.no-rhc.js.sri
- clerk-js/5.62.1-snapshot.v20250422215212/clerk.no-rhc.min.js.br
- clerk-js/5.62.1-snapshot.v20250422215212/clerk.no-rhc.min.js.gz
- clerk-js/5.62.1-snapshot.v20250422215212/clerk.no-rhc.min.js.sri
- clerk-js/5.62.1-snapshot.v20250422215212/clerk.no-rhc.mjs.br
- clerk-js/5.62.1-snapshot.v20250422215212/clerk.no-rhc.mjs.gz
- clerk-js/5.62.1-snapshot.v20250422215212/coinbase-wallet-sdk_clerk.browser_5ccf93_5.62.1-snapshot.v20250422215212.js.br
- clerk-js/5.62.1-snapshot.v20250422215212/coinbase-wallet-sdk_clerk.browser_5ccf93_5.62.1-snapshot.v20250422215212.js.gz
- clerk-js/5.62.1-snapshot.v20250422215212/coinbase-wallet-sdk_clerk.browser_5ccf93_5.62.1-snapshot.v20250422215212.js.sri
- clerk-js/5.62.1-snapshot.v20250422215212/coinbase-wallet-sdk_clerk.browser_5ccf93_5.62.1-snapshot.v20250422215212.min.js.br
- clerk-js/5.62.1-snapshot.v20250422215212/coinbase-wallet-sdk_clerk.browser_5ccf93_5.62.1-snapshot.v20250422215212.min.js.gz
- clerk-js/5.62.1-snapshot.v20250422215212/coinbase-wallet-sdk_clerk.browser_5ccf93_5.62.1-snapshot.v20250422215212.min.js.sri
- clerk-js/5.62.1-snapshot.v20250422215212/coinbase-wallet-sdk_clerk.headless.browser_b57e33_5.62.1-snapshot.v20250422215212.js.br
- clerk-js/5.62.1-snapshot.v20250422215212/coinbase-wallet-sdk_clerk.headless.browser_b57e33_5.62.1-snapshot.v20250422215212.js.gz
- clerk-js/5.62.1-snapshot.v20250422215212/coinbase-wallet-sdk_clerk.headless.browser_b57e33_5.62.1-snapshot.v20250422215212.js.sri
- clerk-js/5.62.1-snapshot.v20250422215212/coinbase-wallet-sdk_clerk.headless.browser_b57e33_5.62.1-snapshot.v20250422215212.min.js.br
- clerk-js/5.62.1-snapshot.v20250422215212/coinbase-wallet-sdk_clerk.headless.browser_b57e33_5.62.1-snapshot.v20250422215212.min.js.gz
- clerk-js/5.62.1-snapshot.v20250422215212/coinbase-wallet-sdk_clerk.headless.browser_b57e33_5.62.1-snapshot.v20250422215212.min.js.sri
- clerk-js/5.62.1-snapshot.v20250422215212/coinbase-wallet-sdk_clerk.legacy.browser_cb9a42_5.62.1-snapshot.v20250422215212.js.br
- clerk-js/5.62.1-snapshot.v20250422215212/coinbase-wallet-sdk_clerk.legacy.browser_cb9a42_5.62.1-snapshot.v20250422215212.js.gz
- clerk-js/5.62.1-snapshot.v20250422215212/coinbase-wallet-sdk_clerk.legacy.browser_cb9a42_5.62.1-snapshot.v20250422215212.js.sri
- clerk-js/5.62.1-snapshot.v20250422215212/coinbase-wallet-sdk_clerk.legacy.browser_cb9a42_5.62.1-snapshot.v20250422215212.min.js.br
- clerk-js/5.62.1-snapshot.v20250422215212/coinbase-wallet-sdk_clerk.legacy.browser_cb9a42_5.62.1-snapshot.v20250422215212.min.js.gz
- clerk-js/5.62.1-snapshot.v20250422215212/coinbase-wallet-sdk_clerk.legacy.browser_cb9a42_5.62.1-snapshot.v20250422215212.min.js.sri
- clerk-js/5.62.1-snapshot.v20250422215212/cookieSuffix_clerk.browser_5ccf93_5.62.1-snapshot.v20250422215212.js.br
- clerk-js/5.62.1-snapshot.v20250422215212/cookieSuffix_clerk.browser_5ccf93_5.62.1-snapshot.v20250422215212.js.gz
- clerk-js/5.62.1-snapshot.v20250422215212/cookieSuffix_clerk.browser_5ccf93_5.62.1-snapshot.v20250422215212.js.sri
- clerk-js/5.62.1-snapshot.v20250422215212/cookieSuffix_clerk.browser_5ccf93_5.62.1-snapshot.v20250422215212.min.js.br
- clerk-js/5.62.1-snapshot.v20250422215212/cookieSuffix_clerk.browser_5ccf93_5.62.1-snapshot.v20250422215212.min.js.gz
- clerk-js/5.62.1-snapshot.v20250422215212/cookieSuffix_clerk.browser_5ccf93_5.62.1-snapshot.v20250422215212.min.js.sri
- clerk-js/5.62.1-snapshot.v20250422215212/cookieSuffix_clerk.headless.browser_b57e33_5.62.1-snapshot.v20250422215212.js.br
- clerk-js/5.62.1-snapshot.v20250422215212/cookieSuffix_clerk.headless.browser_b57e33_5.62.1-snapshot.v20250422215212.js.gz
- clerk-js/5.62.1-snapshot.v20250422215212/cookieSuffix_clerk.headless.browser_b57e33_5.62.1-snapshot.v20250422215212.js.sri
- clerk-js/5.62.1-snapshot.v20250422215212/cookieSuffix_clerk.headless.browser_b57e33_5.62.1-snapshot.v20250422215212.min.js.br
- clerk-js/5.62.1-snapshot.v20250422215212/cookieSuffix_clerk.headless.browser_b57e33_5.62.1-snapshot.v20250422215212.min.js.gz
- clerk-js/5.62.1-snapshot.v20250422215212/cookieSuffix_clerk.headless.browser_b57e33_5.62.1-snapshot.v20250422215212.min.js.sri
- clerk-js/5.62.1-snapshot.v20250422215212/cookieSuffix_clerk.headless_788381_5.62.1-snapshot.v20250422215212.js.br
- clerk-js/5.62.1-snapshot.v20250422215212/cookieSuffix_clerk.headless_788381_5.62.1-snapshot.v20250422215212.js.gz
- clerk-js/5.62.1-snapshot.v20250422215212/cookieSuffix_clerk.headless_788381_5.62.1-snapshot.v20250422215212.js.sri
- clerk-js/5.62.1-snapshot.v20250422215212/cookieSuffix_clerk.headless_788381_5.62.1-snapshot.v20250422215212.min.js.br
- clerk-js/5.62.1-snapshot.v20250422215212/cookieSuffix_clerk.headless_788381_5.62.1-snapshot.v20250422215212.min.js.gz
- clerk-js/5.62.1-snapshot.v20250422215212/cookieSuffix_clerk.headless_788381_5.62.1-snapshot.v20250422215212.min.js.sri
- clerk-js/5.62.1-snapshot.v20250422215212/cookieSuffix_clerk.legacy.browser_cb9a42_5.62.1-snapshot.v20250422215212.js.br
- clerk-js/5.62.1-snapshot.v20250422215212/cookieSuffix_clerk.legacy.browser_cb9a42_5.62.1-snapshot.v20250422215212.js.gz
- clerk-js/5.62.1-snapshot.v20250422215212/cookieSuffix_clerk.legacy.browser_cb9a42_5.62.1-snapshot.v20250422215212.js.sri
- clerk-js/5.62.1-snapshot.v20250422215212/cookieSuffix_clerk.legacy.browser_cb9a42_5.62.1-snapshot.v20250422215212.min.js.br
- clerk-js/5.62.1-snapshot.v20250422215212/cookieSuffix_clerk.legacy.browser_cb9a42_5.62.1-snapshot.v20250422215212.min.js.gz
- clerk-js/5.62.1-snapshot.v20250422215212/cookieSuffix_clerk.legacy.browser_cb9a42_5.62.1-snapshot.v20250422215212.min.js.sri
- clerk-js/5.62.1-snapshot.v20250422215212/createorganization_clerk.browser_5ccf93_5.62.1-snapshot.v20250422215212.js.br
- clerk-js/5.62.1-snapshot.v20250422215212/createorganization_clerk.browser_5ccf93_5.62.1-snapshot.v20250422215212.js.gz
- clerk-js/5.62.1-snapshot.v20250422215212/createorganization_clerk.browser_5ccf93_5.62.1-snapshot.v20250422215212.js.sri
- clerk-js/5.62.1-snapshot.v20250422215212/createorganization_clerk.browser_5ccf93_5.62.1-snapshot.v20250422215212.min.js.br
- clerk-js/5.62.1-snapshot.v20250422215212/createorganization_clerk.browser_5ccf93_5.62.1-snapshot.v20250422215212.min.js.gz
- clerk-js/5.62.1-snapshot.v20250422215212/createorganization_clerk.browser_5ccf93_5.62.1-snapshot.v20250422215212.min.js.sri
- clerk-js/5.62.1-snapshot.v20250422215212/createorganization_clerk.legacy.browser_cb9a42_5.62.1-snapshot.v20250422215212.js.br
- clerk-js/5.62.1-snapshot.v20250422215212/createorganization_clerk.legacy.browser_cb9a42_5.62.1-snapshot.v20250422215212.js.gz
- clerk-js/5.62.1-snapshot.v20250422215212/createorganization_clerk.legacy.browser_cb9a42_5.62.1-snapshot.v20250422215212.js.sri
- clerk-js/5.62.1-snapshot.v20250422215212/createorganization_clerk.legacy.browser_cb9a42_5.62.1-snapshot.v20250422215212.min.js.br
- clerk-js/5.62.1-snapshot.v20250422215212/createorganization_clerk.legacy.browser_cb9a42_5.62.1-snapshot.v20250422215212.min.js.gz
- clerk-js/5.62.1-snapshot.v20250422215212/createorganization_clerk.legacy.browser_cb9a42_5.62.1-snapshot.v20250422215212.min.js.sri
- clerk-js/5.62.1-snapshot.v20250422215212/framework_clerk.browser_5ccf93_5.62.1-snapshot.v20250422215212.js.br
- clerk-js/5.62.1-snapshot.v20250422215212/framework_clerk.browser_5ccf93_5.62.1-snapshot.v20250422215212.js.gz
- clerk-js/5.62.1-snapshot.v20250422215212/framework_clerk.browser_5ccf93_5.62.1-snapshot.v20250422215212.js.sri
- clerk-js/5.62.1-snapshot.v20250422215212/framework_clerk.browser_5ccf93_5.62.1-snapshot.v20250422215212.min.js.br
- clerk-js/5.62.1-snapshot.v20250422215212/framework_clerk.browser_5ccf93_5.62.1-snapshot.v20250422215212.min.js.gz
- clerk-js/5.62.1-snapshot.v20250422215212/framework_clerk.browser_5ccf93_5.62.1-snapshot.v20250422215212.min.js.sri
- clerk-js/5.62.1-snapshot.v20250422215212/framework_clerk.legacy.browser_cb9a42_5.62.1-snapshot.v20250422215212.js.br
- clerk-js/5.62.1-snapshot.v20250422215212/framework_clerk.legacy.browser_cb9a42_5.62.1-snapshot.v20250422215212.js.gz
- clerk-js/5.62.1-snapshot.v20250422215212/framework_clerk.legacy.browser_cb9a42_5.62.1-snapshot.v20250422215212.js.sri
- clerk-js/5.62.1-snapshot.v20250422215212/framework_clerk.legacy.browser_cb9a42_5.62.1-snapshot.v20250422215212.min.js.br
- clerk-js/5.62.1-snapshot.v20250422215212/framework_clerk.legacy.browser_cb9a42_5.62.1-snapshot.v20250422215212.min.js.gz
- clerk-js/5.62.1-snapshot.v20250422215212/framework_clerk.legacy.browser_cb9a42_5.62.1-snapshot.v20250422215212.min.js.sri
- clerk-js/5.62.1-snapshot.v20250422215212/impersonationfab_clerk.browser_5ccf93_5.62.1-snapshot.v20250422215212.js.br
- clerk-js/5.62.1-snapshot.v20250422215212/impersonationfab_clerk.browser_5ccf93_5.62.1-snapshot.v20250422215212.js.gz
- clerk-js/5.62.1-snapshot.v20250422215212/impersonationfab_clerk.browser_5ccf93_5.62.1-snapshot.v20250422215212.js.sri
- clerk-js/5.62.1-snapshot.v20250422215212/impersonationfab_clerk.browser_5ccf93_5.62.1-snapshot.v20250422215212.min.js.br
- clerk-js/5.62.1-snapshot.v20250422215212/impersonationfab_clerk.browser_5ccf93_5.62.1-snapshot.v20250422215212.min.js.gz
- clerk-js/5.62.1-snapshot.v20250422215212/impersonationfab_clerk.browser_5ccf93_5.62.1-snapshot.v20250422215212.min.js.sri
- clerk-js/5.62.1-snapshot.v20250422215212/impersonationfab_clerk.legacy.browser_cb9a42_5.62.1-snapshot.v20250422215212.js.br
- clerk-js/5.62.1-snapshot.v20250422215212/impersonationfab_clerk.legacy.browser_cb9a42_5.62.1-snapshot.v20250422215212.js.gz
- clerk-js/5.62.1-snapshot.v20250422215212/impersonationfab_clerk.legacy.browser_cb9a42_5.62.1-snapshot.v20250422215212.js.sri
- clerk-js/5.62.1-snapshot.v20250422215212/impersonationfab_clerk.legacy.browser_cb9a42_5.62.1-snapshot.v20250422215212.min.js.br
- clerk-js/5.62.1-snapshot.v20250422215212/impersonationfab_clerk.legacy.browser_cb9a42_5.62.1-snapshot.v20250422215212.min.js.gz
- clerk-js/5.62.1-snapshot.v20250422215212/impersonationfab_clerk.legacy.browser_cb9a42_5.62.1-snapshot.v20250422215212.min.js.sri
- clerk-js/5.62.1-snapshot.v20250422215212/keylessPrompt_clerk.browser_5ccf93_5.62.1-snapshot.v20250422215212.js.br
- clerk-js/5.62.1-snapshot.v20250422215212/keylessPrompt_clerk.browser_5ccf93_5.62.1-snapshot.v20250422215212.js.gz
- clerk-js/5.62.1-snapshot.v20250422215212/keylessPrompt_clerk.browser_5ccf93_5.62.1-snapshot.v20250422215212.js.sri
- clerk-js/5.62.1-snapshot.v20250422215212/keylessPrompt_clerk.browser_5ccf93_5.62.1-snapshot.v20250422215212.min.js.br
- clerk-js/5.62.1-snapshot.v20250422215212/keylessPrompt_clerk.browser_5ccf93_5.62.1-snapshot.v20250422215212.min.js.gz
- clerk-js/5.62.1-snapshot.v20250422215212/keylessPrompt_clerk.browser_5ccf93_5.62.1-snapshot.v20250422215212.min.js.sri
- clerk-js/5.62.1-snapshot.v20250422215212/keylessPrompt_clerk.legacy.browser_cb9a42_5.62.1-snapshot.v20250422215212.js.br
- clerk-js/5.62.1-snapshot.v20250422215212/keylessPrompt_clerk.legacy.browser_cb9a42_5.62.1-snapshot.v20250422215212.js.gz
- clerk-js/5.62.1-snapshot.v20250422215212/keylessPrompt_clerk.legacy.browser_cb9a42_5.62.1-snapshot.v20250422215212.js.sri
- clerk-js/5.62.1-snapshot.v20250422215212/keylessPrompt_clerk.legacy.browser_cb9a42_5.62.1-snapshot.v20250422215212.min.js.br
- clerk-js/5.62.1-snapshot.v20250422215212/keylessPrompt_clerk.legacy.browser_cb9a42_5.62.1-snapshot.v20250422215212.min.js.gz
- clerk-js/5.62.1-snapshot.v20250422215212/keylessPrompt_clerk.legacy.browser_cb9a42_5.62.1-snapshot.v20250422215212.min.js.sri
- clerk-js/5.62.1-snapshot.v20250422215212/onetap_clerk.browser_5ccf93_5.62.1-snapshot.v20250422215212.js.br
- clerk-js/5.62.1-snapshot.v20250422215212/onetap_clerk.browser_5ccf93_5.62.1-snapshot.v20250422215212.js.gz
- clerk-js/5.62.1-snapshot.v20250422215212/onetap_clerk.browser_5ccf93_5.62.1-snapshot.v20250422215212.js.sri
- clerk-js/5.62.1-snapshot.v20250422215212/onetap_clerk.browser_5ccf93_5.62.1-snapshot.v20250422215212.min.js.br
- clerk-js/5.62.1-snapshot.v20250422215212/onetap_clerk.browser_5ccf93_5.62.1-snapshot.v20250422215212.min.js.gz
- clerk-js/5.62.1-snapshot.v20250422215212/onetap_clerk.browser_5ccf93_5.62.1-snapshot.v20250422215212.min.js.sri
- clerk-js/5.62.1-snapshot.v20250422215212/onetap_clerk.legacy.browser_cb9a42_5.62.1-snapshot.v20250422215212.js.br
- clerk-js/5.62.1-snapshot.v20250422215212/onetap_clerk.legacy.browser_cb9a42_5.62.1-snapshot.v20250422215212.js.gz
- clerk-js/5.62.1-snapshot.v20250422215212/onetap_clerk.legacy.browser_cb9a42_5.62.1-snapshot.v20250422215212.js.sri
- clerk-js/5.62.1-snapshot.v20250422215212/onetap_clerk.legacy.browser_cb9a42_5.62.1-snapshot.v20250422215212.min.js.br
- clerk-js/5.62.1-snapshot.v20250422215212/onetap_clerk.legacy.browser_cb9a42_5.62.1-snapshot.v20250422215212.min.js.gz
- clerk-js/5.62.1-snapshot.v20250422215212/onetap_clerk.legacy.browser_cb9a42_5.62.1-snapshot.v20250422215212.min.js.sri
- clerk-js/5.62.1-snapshot.v20250422215212/op-billing-page_clerk.browser_5ccf93_5.62.1-snapshot.v20250422215212.js.br
- clerk-js/5.62.1-snapshot.v20250422215212/op-billing-page_clerk.browser_5ccf93_5.62.1-snapshot.v20250422215212.js.gz
- clerk-js/5.62.1-snapshot.v20250422215212/op-billing-page_clerk.browser_5ccf93_5.62.1-snapshot.v20250422215212.js.sri
- clerk-js/5.62.1-snapshot.v20250422215212/op-billing-page_clerk.browser_5ccf93_5.62.1-snapshot.v20250422215212.min.js.br
- clerk-js/5.62.1-snapshot.v20250422215212/op-billing-page_clerk.browser_5ccf93_5.62.1-snapshot.v20250422215212.min.js.gz
- clerk-js/5.62.1-snapshot.v20250422215212/op-billing-page_clerk.browser_5ccf93_5.62.1-snapshot.v20250422215212.min.js.sri
- clerk-js/5.62.1-snapshot.v20250422215212/op-billing-page_clerk.legacy.browser_cb9a42_5.62.1-snapshot.v20250422215212.js.br
- clerk-js/5.62.1-snapshot.v20250422215212/op-billing-page_clerk.legacy.browser_cb9a42_5.62.1-snapshot.v20250422215212.js.gz
- clerk-js/5.62.1-snapshot.v20250422215212/op-billing-page_clerk.legacy.browser_cb9a42_5.62.1-snapshot.v20250422215212.js.sri
- clerk-js/5.62.1-snapshot.v20250422215212/op-billing-page_clerk.legacy.browser_cb9a42_5.62.1-snapshot.v20250422215212.min.js.br
- clerk-js/5.62.1-snapshot.v20250422215212/op-billing-page_clerk.legacy.browser_cb9a42_5.62.1-snapshot.v20250422215212.min.js.gz
- clerk-js/5.62.1-snapshot.v20250422215212/op-billing-page_clerk.legacy.browser_cb9a42_5.62.1-snapshot.v20250422215212.min.js.sri
- clerk-js/5.62.1-snapshot.v20250422215212/organizationlist_clerk.browser_5ccf93_5.62.1-snapshot.v20250422215212.js.br
- clerk-js/5.62.1-snapshot.v20250422215212/organizationlist_clerk.browser_5ccf93_5.62.1-snapshot.v20250422215212.js.gz
- clerk-js/5.62.1-snapshot.v20250422215212/organizationlist_clerk.browser_5ccf93_5.62.1-snapshot.v20250422215212.js.sri
- clerk-js/5.62.1-snapshot.v20250422215212/organizationlist_clerk.browser_5ccf93_5.62.1-snapshot.v20250422215212.min.js.br
- clerk-js/5.62.1-snapshot.v20250422215212/organizationlist_clerk.browser_5ccf93_5.62.1-snapshot.v20250422215212.min.js.gz
- clerk-js/5.62.1-snapshot.v20250422215212/organizationlist_clerk.browser_5ccf93_5.62.1-snapshot.v20250422215212.min.js.sri
- clerk-js/5.62.1-snapshot.v20250422215212/organizationlist_clerk.legacy.browser_cb9a42_5.62.1-snapshot.v20250422215212.js.br
- clerk-js/5.62.1-snapshot.v20250422215212/organizationlist_clerk.legacy.browser_cb9a42_5.62.1-snapshot.v20250422215212.js.gz
- clerk-js/5.62.1-snapshot.v20250422215212/organizationlist_clerk.legacy.browser_cb9a42_5.62.1-snapshot.v20250422215212.js.sri
- clerk-js/5.62.1-snapshot.v20250422215212/organizationlist_clerk.legacy.browser_cb9a42_5.62.1-snapshot.v20250422215212.min.js.br
- clerk-js/5.62.1-snapshot.v20250422215212/organizationlist_clerk.legacy.browser_cb9a42_5.62.1-snapshot.v20250422215212.min.js.gz
- clerk-js/5.62.1-snapshot.v20250422215212/organizationlist_clerk.legacy.browser_cb9a42_5.62.1-snapshot.v20250422215212.min.js.sri
- clerk-js/5.62.1-snapshot.v20250422215212/organizationprofile_clerk.browser_5ccf93_5.62.1-snapshot.v20250422215212.js.br
- clerk-js/5.62.1-snapshot.v20250422215212/organizationprofile_clerk.browser_5ccf93_5.62.1-snapshot.v20250422215212.js.gz
- clerk-js/5.62.1-snapshot.v20250422215212/organizationprofile_clerk.browser_5ccf93_5.62.1-snapshot.v20250422215212.js.sri
- clerk-js/5.62.1-snapshot.v20250422215212/organizationprofile_clerk.browser_5ccf93_5.62.1-snapshot.v20250422215212.min.js.br
- clerk-js/5.62.1-snapshot.v20250422215212/organizationprofile_clerk.browser_5ccf93_5.62.1-snapshot.v20250422215212.min.js.gz
- clerk-js/5.62.1-snapshot.v20250422215212/organizationprofile_clerk.browser_5ccf93_5.62.1-snapshot.v20250422215212.min.js.sri
- clerk-js/5.62.1-snapshot.v20250422215212/organizationprofile_clerk.legacy.browser_cb9a42_5.62.1-snapshot.v20250422215212.js.br
- clerk-js/5.62.1-snapshot.v20250422215212/organizationprofile_clerk.legacy.browser_cb9a42_5.62.1-snapshot.v20250422215212.js.gz
- clerk-js/5.62.1-snapshot.v20250422215212/organizationprofile_clerk.legacy.browser_cb9a42_5.62.1-snapshot.v20250422215212.js.sri
- clerk-js/5.62.1-snapshot.v20250422215212/organizationprofile_clerk.legacy.browser_cb9a42_5.62.1-snapshot.v20250422215212.min.js.br
- clerk-js/5.62.1-snapshot.v20250422215212/organizationprofile_clerk.legacy.browser_cb9a42_5.62.1-snapshot.v20250422215212.min.js.gz
- clerk-js/5.62.1-snapshot.v20250422215212/organizationprofile_clerk.legacy.browser_cb9a42_5.62.1-snapshot.v20250422215212.min.js.sri
- clerk-js/5.62.1-snapshot.v20250422215212/organizationswitcher_clerk.browser_5ccf93_5.62.1-snapshot.v20250422215212.js.br
- clerk-js/5.62.1-snapshot.v20250422215212/organizationswitcher_clerk.browser_5ccf93_5.62.1-snapshot.v20250422215212.js.gz
- clerk-js/5.62.1-snapshot.v20250422215212/organizationswitcher_clerk.browser_5ccf93_5.62.1-snapshot.v20250422215212.js.sri
- clerk-js/5.62.1-snapshot.v20250422215212/organizationswitcher_clerk.browser_5ccf93_5.62.1-snapshot.v20250422215212.min.js.br
- clerk-js/5.62.1-snapshot.v20250422215212/organizationswitcher_clerk.browser_5ccf93_5.62.1-snapshot.v20250422215212.min.js.gz
- clerk-js/5.62.1-snapshot.v20250422215212/organizationswitcher_clerk.browser_5ccf93_5.62.1-snapshot.v20250422215212.min.js.sri
- clerk-js/5.62.1-snapshot.v20250422215212/organizationswitcher_clerk.legacy.browser_cb9a42_5.62.1-snapshot.v20250422215212.js.br
- clerk-js/5.62.1-snapshot.v20250422215212/organizationswitcher_clerk.legacy.browser_cb9a42_5.62.1-snapshot.v20250422215212.js.gz
- clerk-js/5.62.1-snapshot.v20250422215212/organizationswitcher_clerk.legacy.browser_cb9a42_5.62.1-snapshot.v20250422215212.js.sri
- clerk-js/5.62.1-snapshot.v20250422215212/organizationswitcher_clerk.legacy.browser_cb9a42_5.62.1-snapshot.v20250422215212.min.js.br
- clerk-js/5.62.1-snapshot.v20250422215212/organizationswitcher_clerk.legacy.browser_cb9a42_5.62.1-snapshot.v20250422215212.min.js.gz
- clerk-js/5.62.1-snapshot.v20250422215212/organizationswitcher_clerk.legacy.browser_cb9a42_5.62.1-snapshot.v20250422215212.min.js.sri
- clerk-js/5.62.1-snapshot.v20250422215212/paymentSources_clerk.browser_5ccf93_5.62.1-snapshot.v20250422215212.js.br
- clerk-js/5.62.1-snapshot.v20250422215212/paymentSources_clerk.browser_5ccf93_5.62.1-snapshot.v20250422215212.js.gz
- clerk-js/5.62.1-snapshot.v20250422215212/paymentSources_clerk.browser_5ccf93_5.62.1-snapshot.v20250422215212.js.sri
- clerk-js/5.62.1-snapshot.v20250422215212/paymentSources_clerk.browser_5ccf93_5.62.1-snapshot.v20250422215212.min.js.br
- clerk-js/5.62.1-snapshot.v20250422215212/paymentSources_clerk.browser_5ccf93_5.62.1-snapshot.v20250422215212.min.js.gz
- clerk-js/5.62.1-snapshot.v20250422215212/paymentSources_clerk.browser_5ccf93_5.62.1-snapshot.v20250422215212.min.js.sri
- clerk-js/5.62.1-snapshot.v20250422215212/paymentSources_clerk.legacy.browser_cb9a42_5.62.1-snapshot.v20250422215212.js.br
- clerk-js/5.62.1-snapshot.v20250422215212/paymentSources_clerk.legacy.browser_cb9a42_5.62.1-snapshot.v20250422215212.js.gz
- clerk-js/5.62.1-snapshot.v20250422215212/paymentSources_clerk.legacy.browser_cb9a42_5.62.1-snapshot.v20250422215212.js.sri
- clerk-js/5.62.1-snapshot.v20250422215212/paymentSources_clerk.legacy.browser_cb9a42_5.62.1-snapshot.v20250422215212.min.js.br
- clerk-js/5.62.1-snapshot.v20250422215212/paymentSources_clerk.legacy.browser_cb9a42_5.62.1-snapshot.v20250422215212.min.js.gz
- clerk-js/5.62.1-snapshot.v20250422215212/paymentSources_clerk.legacy.browser_cb9a42_5.62.1-snapshot.v20250422215212.min.js.sri
- clerk-js/5.62.1-snapshot.v20250422215212/prefetchorganizationlist_clerk.browser_5ccf93_5.62.1-snapshot.v20250422215212.js.br
- clerk-js/5.62.1-snapshot.v20250422215212/prefetchorganizationlist_clerk.browser_5ccf93_5.62.1-snapshot.v20250422215212.js.gz
- clerk-js/5.62.1-snapshot.v20250422215212/prefetchorganizationlist_clerk.browser_5ccf93_5.62.1-snapshot.v20250422215212.js.sri
- clerk-js/5.62.1-snapshot.v20250422215212/prefetchorganizationlist_clerk.browser_5ccf93_5.62.1-snapshot.v20250422215212.min.js.br
- clerk-js/5.62.1-snapshot.v20250422215212/prefetchorganizationlist_clerk.browser_5ccf93_5.62.1-snapshot.v20250422215212.min.js.gz
- clerk-js/5.62.1-snapshot.v20250422215212/prefetchorganizationlist_clerk.browser_5ccf93_5.62.1-snapshot.v20250422215212.min.js.sri
- clerk-js/5.62.1-snapshot.v20250422215212/prefetchorganizationlist_clerk.legacy.browser_cb9a42_5.62.1-snapshot.v20250422215212.js.br
- clerk-js/5.62.1-snapshot.v20250422215212/prefetchorganizationlist_clerk.legacy.browser_cb9a42_5.62.1-snapshot.v20250422215212.js.gz
- clerk-js/5.62.1-snapshot.v20250422215212/prefetchorganizationlist_clerk.legacy.browser_cb9a42_5.62.1-snapshot.v20250422215212.js.sri
- clerk-js/5.62.1-snapshot.v20250422215212/prefetchorganizationlist_clerk.legacy.browser_cb9a42_5.62.1-snapshot.v20250422215212.min.js.br
- clerk-js/5.62.1-snapshot.v20250422215212/prefetchorganizationlist_clerk.legacy.browser_cb9a42_5.62.1-snapshot.v20250422215212.min.js.gz
- clerk-js/5.62.1-snapshot.v20250422215212/prefetchorganizationlist_clerk.legacy.browser_cb9a42_5.62.1-snapshot.v20250422215212.min.js.sri
- clerk-js/5.62.1-snapshot.v20250422215212/pricingTable_clerk.browser_5ccf93_5.62.1-snapshot.v20250422215212.js.br
- clerk-js/5.62.1-snapshot.v20250422215212/pricingTable_clerk.browser_5ccf93_5.62.1-snapshot.v20250422215212.js.gz
- clerk-js/5.62.1-snapshot.v20250422215212/pricingTable_clerk.browser_5ccf93_5.62.1-snapshot.v20250422215212.js.sri
- clerk-js/5.62.1-snapshot.v20250422215212/pricingTable_clerk.browser_5ccf93_5.62.1-snapshot.v20250422215212.min.js.br
- clerk-js/5.62.1-snapshot.v20250422215212/pricingTable_clerk.browser_5ccf93_5.62.1-snapshot.v20250422215212.min.js.gz
- clerk-js/5.62.1-snapshot.v20250422215212/pricingTable_clerk.browser_5ccf93_5.62.1-snapshot.v20250422215212.min.js.sri
- clerk-js/5.62.1-snapshot.v20250422215212/pricingTable_clerk.legacy.browser_cb9a42_5.62.1-snapshot.v20250422215212.js.br
- clerk-js/5.62.1-snapshot.v20250422215212/pricingTable_clerk.legacy.browser_cb9a42_5.62.1-snapshot.v20250422215212.js.gz
- clerk-js/5.62.1-snapshot.v20250422215212/pricingTable_clerk.legacy.browser_cb9a42_5.62.1-snapshot.v20250422215212.js.sri
- clerk-js/5.62.1-snapshot.v20250422215212/pricingTable_clerk.legacy.browser_cb9a42_5.62.1-snapshot.v20250422215212.min.js.br
- clerk-js/5.62.1-snapshot.v20250422215212/pricingTable_clerk.legacy.browser_cb9a42_5.62.1-snapshot.v20250422215212.min.js.gz
- clerk-js/5.62.1-snapshot.v20250422215212/pricingTable_clerk.legacy.browser_cb9a42_5.62.1-snapshot.v20250422215212.min.js.sri
- clerk-js/5.62.1-snapshot.v20250422215212/sessionTasks_clerk.browser_5ccf93_5.62.1-snapshot.v20250422215212.js.br
- clerk-js/5.62.1-snapshot.v20250422215212/sessionTasks_clerk.browser_5ccf93_5.62.1-snapshot.v20250422215212.js.gz
- clerk-js/5.62.1-snapshot.v20250422215212/sessionTasks_clerk.browser_5ccf93_5.62.1-snapshot.v20250422215212.js.sri
- clerk-js/5.62.1-snapshot.v20250422215212/sessionTasks_clerk.browser_5ccf93_5.62.1-snapshot.v20250422215212.min.js.br
- clerk-js/5.62.1-snapshot.v20250422215212/sessionTasks_clerk.browser_5ccf93_5.62.1-snapshot.v20250422215212.min.js.gz
- clerk-js/5.62.1-snapshot.v20250422215212/sessionTasks_clerk.browser_5ccf93_5.62.1-snapshot.v20250422215212.min.js.sri
- clerk-js/5.62.1-snapshot.v20250422215212/sessionTasks_clerk.legacy.browser_cb9a42_5.62.1-snapshot.v20250422215212.js.br
- clerk-js/5.62.1-snapshot.v20250422215212/sessionTasks_clerk.legacy.browser_cb9a42_5.62.1-snapshot.v20250422215212.js.gz
- clerk-js/5.62.1-snapshot.v20250422215212/sessionTasks_clerk.legacy.browser_cb9a42_5.62.1-snapshot.v20250422215212.js.sri
- clerk-js/5.62.1-snapshot.v20250422215212/sessionTasks_clerk.legacy.browser_cb9a42_5.62.1-snapshot.v20250422215212.min.js.br
- clerk-js/5.62.1-snapshot.v20250422215212/sessionTasks_clerk.legacy.browser_cb9a42_5.62.1-snapshot.v20250422215212.min.js.gz
- clerk-js/5.62.1-snapshot.v20250422215212/sessionTasks_clerk.legacy.browser_cb9a42_5.62.1-snapshot.v20250422215212.min.js.sri
- clerk-js/5.62.1-snapshot.v20250422215212/signin_clerk.browser_5ccf93_5.62.1-snapshot.v20250422215212.js.br
- clerk-js/5.62.1-snapshot.v20250422215212/signin_clerk.browser_5ccf93_5.62.1-snapshot.v20250422215212.js.gz
- clerk-js/5.62.1-snapshot.v20250422215212/signin_clerk.browser_5ccf93_5.62.1-snapshot.v20250422215212.js.sri
- clerk-js/5.62.1-snapshot.v20250422215212/signin_clerk.browser_5ccf93_5.62.1-snapshot.v20250422215212.min.js.br
- clerk-js/5.62.1-snapshot.v20250422215212/signin_clerk.browser_5ccf93_5.62.1-snapshot.v20250422215212.min.js.gz
- clerk-js/5.62.1-snapshot.v20250422215212/signin_clerk.browser_5ccf93_5.62.1-snapshot.v20250422215212.min.js.sri
- clerk-js/5.62.1-snapshot.v20250422215212/signin_clerk.legacy.browser_cb9a42_5.62.1-snapshot.v20250422215212.js.br
- clerk-js/5.62.1-snapshot.v20250422215212/signin_clerk.legacy.browser_cb9a42_5.62.1-snapshot.v20250422215212.js.gz
- clerk-js/5.62.1-snapshot.v20250422215212/signin_clerk.legacy.browser_cb9a42_5.62.1-snapshot.v20250422215212.js.sri
- clerk-js/5.62.1-snapshot.v20250422215212/signin_clerk.legacy.browser_cb9a42_5.62.1-snapshot.v20250422215212.min.js.br
- clerk-js/5.62.1-snapshot.v20250422215212/signin_clerk.legacy.browser_cb9a42_5.62.1-snapshot.v20250422215212.min.js.gz
- clerk-js/5.62.1-snapshot.v20250422215212/signin_clerk.legacy.browser_cb9a42_5.62.1-snapshot.v20250422215212.min.js.sri
- clerk-js/5.62.1-snapshot.v20250422215212/signup_clerk.browser_5ccf93_5.62.1-snapshot.v20250422215212.js.br
- clerk-js/5.62.1-snapshot.v20250422215212/signup_clerk.browser_5ccf93_5.62.1-snapshot.v20250422215212.js.gz
- clerk-js/5.62.1-snapshot.v20250422215212/signup_clerk.browser_5ccf93_5.62.1-snapshot.v20250422215212.js.sri
- clerk-js/5.62.1-snapshot.v20250422215212/signup_clerk.browser_5ccf93_5.62.1-snapshot.v20250422215212.min.js.br
- clerk-js/5.62.1-snapshot.v20250422215212/signup_clerk.browser_5ccf93_5.62.1-snapshot.v20250422215212.min.js.gz
- clerk-js/5.62.1-snapshot.v20250422215212/signup_clerk.browser_5ccf93_5.62.1-snapshot.v20250422215212.min.js.sri
- clerk-js/5.62.1-snapshot.v20250422215212/signup_clerk.legacy.browser_cb9a42_5.62.1-snapshot.v20250422215212.js.br
- clerk-js/5.62.1-snapshot.v20250422215212/signup_clerk.legacy.browser_cb9a42_5.62.1-snapshot.v20250422215212.js.gz
- clerk-js/5.62.1-snapshot.v20250422215212/signup_clerk.legacy.browser_cb9a42_5.62.1-snapshot.v20250422215212.js.sri
- clerk-js/5.62.1-snapshot.v20250422215212/signup_clerk.legacy.browser_cb9a42_5.62.1-snapshot.v20250422215212.min.js.br
- clerk-js/5.62.1-snapshot.v20250422215212/signup_clerk.legacy.browser_cb9a42_5.62.1-snapshot.v20250422215212.min.js.gz
- clerk-js/5.62.1-snapshot.v20250422215212/signup_clerk.legacy.browser_cb9a42_5.62.1-snapshot.v20250422215212.min.js.sri
- clerk-js/5.62.1-snapshot.v20250422215212/subscriptionDetails_clerk.browser_5ccf93_5.62.1-snapshot.v20250422215212.js.br
- clerk-js/5.62.1-snapshot.v20250422215212/subscriptionDetails_clerk.browser_5ccf93_5.62.1-snapshot.v20250422215212.js.gz
- clerk-js/5.62.1-snapshot.v20250422215212/subscriptionDetails_clerk.browser_5ccf93_5.62.1-snapshot.v20250422215212.js.sri
- clerk-js/5.62.1-snapshot.v20250422215212/subscriptionDetails_clerk.browser_5ccf93_5.62.1-snapshot.v20250422215212.min.js.br
- clerk-js/5.62.1-snapshot.v20250422215212/subscriptionDetails_clerk.browser_5ccf93_5.62.1-snapshot.v20250422215212.min.js.gz
- clerk-js/5.62.1-snapshot.v20250422215212/subscriptionDetails_clerk.browser_5ccf93_5.62.1-snapshot.v20250422215212.min.js.sri
- clerk-js/5.62.1-snapshot.v20250422215212/subscriptionDetails_clerk.legacy.browser_cb9a42_5.62.1-snapshot.v20250422215212.js.br
- clerk-js/5.62.1-snapshot.v20250422215212/subscriptionDetails_clerk.legacy.browser_cb9a42_5.62.1-snapshot.v20250422215212.js.gz
- clerk-js/5.62.1-snapshot.v20250422215212/subscriptionDetails_clerk.legacy.browser_cb9a42_5.62.1-snapshot.v20250422215212.js.sri
- clerk-js/5.62.1-snapshot.v20250422215212/subscriptionDetails_clerk.legacy.browser_cb9a42_5.62.1-snapshot.v20250422215212.min.js.br
- clerk-js/5.62.1-snapshot.v20250422215212/subscriptionDetails_clerk.legacy.browser_cb9a42_5.62.1-snapshot.v20250422215212.min.js.gz
- clerk-js/5.62.1-snapshot.v20250422215212/subscriptionDetails_clerk.legacy.browser_cb9a42_5.62.1-snapshot.v20250422215212.min.js.sri
- clerk-js/5.62.1-snapshot.v20250422215212/ui-common_clerk.browser_5ccf93_5.62.1-snapshot.v20250422215212.js.br
- clerk-js/5.62.1-snapshot.v20250422215212/ui-common_clerk.browser_5ccf93_5.62.1-snapshot.v20250422215212.js.gz
- clerk-js/5.62.1-snapshot.v20250422215212/ui-common_clerk.browser_5ccf93_5.62.1-snapshot.v20250422215212.js.sri
- clerk-js/5.62.1-snapshot.v20250422215212/ui-common_clerk.browser_5ccf93_5.62.1-snapshot.v20250422215212.min.js.br
- clerk-js/5.62.1-snapshot.v20250422215212/ui-common_clerk.browser_5ccf93_5.62.1-snapshot.v20250422215212.min.js.gz
- clerk-js/5.62.1-snapshot.v20250422215212/ui-common_clerk.browser_5ccf93_5.62.1-snapshot.v20250422215212.min.js.sri
- clerk-js/5.62.1-snapshot.v20250422215212/ui-common_clerk.legacy.browser_cb9a42_5.62.1-snapshot.v20250422215212.js.br
- clerk-js/5.62.1-snapshot.v20250422215212/ui-common_clerk.legacy.browser_cb9a42_5.62.1-snapshot.v20250422215212.js.gz
- clerk-js/5.62.1-snapshot.v20250422215212/ui-common_clerk.legacy.browser_cb9a42_5.62.1-snapshot.v20250422215212.js.sri
- clerk-js/5.62.1-snapshot.v20250422215212/ui-common_clerk.legacy.browser_cb9a42_5.62.1-snapshot.v20250422215212.min.js.br
- clerk-js/5.62.1-snapshot.v20250422215212/ui-common_clerk.legacy.browser_cb9a42_5.62.1-snapshot.v20250422215212.min.js.gz
- clerk-js/5.62.1-snapshot.v20250422215212/ui-common_clerk.legacy.browser_cb9a42_5.62.1-snapshot.v20250422215212.min.js.sri
- clerk-js/5.62.1-snapshot.v20250422215212/up-billing-page_clerk.browser_5ccf93_5.62.1-snapshot.v20250422215212.js.br
- clerk-js/5.62.1-snapshot.v20250422215212/up-billing-page_clerk.browser_5ccf93_5.62.1-snapshot.v20250422215212.js.gz
- clerk-js/5.62.1-snapshot.v20250422215212/up-billing-page_clerk.browser_5ccf93_5.62.1-snapshot.v20250422215212.js.sri
- clerk-js/5.62.1-snapshot.v20250422215212/up-billing-page_clerk.browser_5ccf93_5.62.1-snapshot.v20250422215212.min.js.br
- clerk-js/5.62.1-snapshot.v20250422215212/up-billing-page_clerk.browser_5ccf93_5.62.1-snapshot.v20250422215212.min.js.gz
- clerk-js/5.62.1-snapshot.v20250422215212/up-billing-page_clerk.browser_5ccf93_5.62.1-snapshot.v20250422215212.min.js.sri
- clerk-js/5.62.1-snapshot.v20250422215212/up-billing-page_clerk.legacy.browser_cb9a42_5.62.1-snapshot.v20250422215212.js.br
- clerk-js/5.62.1-snapshot.v20250422215212/up-billing-page_clerk.legacy.browser_cb9a42_5.62.1-snapshot.v20250422215212.js.gz
- clerk-js/5.62.1-snapshot.v20250422215212/up-billing-page_clerk.legacy.browser_cb9a42_5.62.1-snapshot.v20250422215212.js.sri
- clerk-js/5.62.1-snapshot.v20250422215212/up-billing-page_clerk.legacy.browser_cb9a42_5.62.1-snapshot.v20250422215212.min.js.br
- clerk-js/5.62.1-snapshot.v20250422215212/up-billing-page_clerk.legacy.browser_cb9a42_5.62.1-snapshot.v20250422215212.min.js.gz
- clerk-js/5.62.1-snapshot.v20250422215212/up-billing-page_clerk.legacy.browser_cb9a42_5.62.1-snapshot.v20250422215212.min.js.sri
- clerk-js/5.62.1-snapshot.v20250422215212/userbutton_clerk.browser_5ccf93_5.62.1-snapshot.v20250422215212.js.br
- clerk-js/5.62.1-snapshot.v20250422215212/userbutton_clerk.browser_5ccf93_5.62.1-snapshot.v20250422215212.js.gz
- clerk-js/5.62.1-snapshot.v20250422215212/userbutton_clerk.browser_5ccf93_5.62.1-snapshot.v20250422215212.js.sri
- clerk-js/5.62.1-snapshot.v20250422215212/userbutton_clerk.browser_5ccf93_5.62.1-snapshot.v20250422215212.min.js.br
- clerk-js/5.62.1-snapshot.v20250422215212/userbutton_clerk.browser_5ccf93_5.62.1-snapshot.v20250422215212.min.js.gz
- clerk-js/5.62.1-snapshot.v20250422215212/userbutton_clerk.browser_5ccf93_5.62.1-snapshot.v20250422215212.min.js.sri
- clerk-js/5.62.1-snapshot.v20250422215212/userbutton_clerk.legacy.browser_cb9a42_5.62.1-snapshot.v20250422215212.js.br
- clerk-js/5.62.1-snapshot.v20250422215212/userbutton_clerk.legacy.browser_cb9a42_5.62.1-snapshot.v20250422215212.js.gz
- clerk-js/5.62.1-snapshot.v20250422215212/userbutton_clerk.legacy.browser_cb9a42_5.62.1-snapshot.v20250422215212.js.sri
- clerk-js/5.62.1-snapshot.v20250422215212/userbutton_clerk.legacy.browser_cb9a42_5.62.1-snapshot.v20250422215212.min.js.br
- clerk-js/5.62.1-snapshot.v20250422215212/userbutton_clerk.legacy.browser_cb9a42_5.62.1-snapshot.v20250422215212.min.js.gz
- clerk-js/5.62.1-snapshot.v20250422215212/userbutton_clerk.legacy.browser_cb9a42_5.62.1-snapshot.v20250422215212.min.js.sri
- clerk-js/5.62.1-snapshot.v20250422215212/userprofile_clerk.browser_5ccf93_5.62.1-snapshot.v20250422215212.js.br
- clerk-js/5.62.1-snapshot.v20250422215212/userprofile_clerk.browser_5ccf93_5.62.1-snapshot.v20250422215212.js.gz
- clerk-js/5.62.1-snapshot.v20250422215212/userprofile_clerk.browser_5ccf93_5.62.1-snapshot.v20250422215212.js.sri
- clerk-js/5.62.1-snapshot.v20250422215212/userprofile_clerk.browser_5ccf93_5.62.1-snapshot.v20250422215212.min.js.br
- clerk-js/5.62.1-snapshot.v20250422215212/userprofile_clerk.browser_5ccf93_5.62.1-snapshot.v20250422215212.min.js.gz
- clerk-js/5.62.1-snapshot.v20250422215212/userprofile_clerk.browser_5ccf93_5.62.1-snapshot.v20250422215212.min.js.sri
- clerk-js/5.62.1-snapshot.v20250422215212/userprofile_clerk.legacy.browser_cb9a42_5.62.1-snapshot.v20250422215212.js.br
- clerk-js/5.62.1-snapshot.v20250422215212/userprofile_clerk.legacy.browser_cb9a42_5.62.1-snapshot.v20250422215212.js.gz
- clerk-js/5.62.1-snapshot.v20250422215212/userprofile_clerk.legacy.browser_cb9a42_5.62.1-snapshot.v20250422215212.js.sri
- clerk-js/5.62.1-snapshot.v20250422215212/userprofile_clerk.legacy.browser_cb9a42_5.62.1-snapshot.v20250422215212.min.js.br
- clerk-js/5.62.1-snapshot.v20250422215212/userprofile_clerk.legacy.browser_cb9a42_5.62.1-snapshot.v20250422215212.min.js.gz
- clerk-js/5.62.1-snapshot.v20250422215212/userprofile_clerk.legacy.browser_cb9a42_5.62.1-snapshot.v20250422215212.min.js.sri
- clerk-js/5.62.1-snapshot.v20250422215212/userverification_clerk.browser_5ccf93_5.62.1-snapshot.v20250422215212.js.br
- clerk-js/5.62.1-snapshot.v20250422215212/userverification_clerk.browser_5ccf93_5.62.1-snapshot.v20250422215212.js.gz
- clerk-js/5.62.1-snapshot.v20250422215212/userverification_clerk.browser_5ccf93_5.62.1-snapshot.v20250422215212.js.sri
- clerk-js/5.62.1-snapshot.v20250422215212/userverification_clerk.browser_5ccf93_5.62.1-snapshot.v20250422215212.min.js.br
- clerk-js/5.62.1-snapshot.v20250422215212/userverification_clerk.browser_5ccf93_5.62.1-snapshot.v20250422215212.min.js.gz
- clerk-js/5.62.1-snapshot.v20250422215212/userverification_clerk.browser_5ccf93_5.62.1-snapshot.v20250422215212.min.js.sri
- clerk-js/5.62.1-snapshot.v20250422215212/userverification_clerk.legacy.browser_cb9a42_5.62.1-snapshot.v20250422215212.js.br
- clerk-js/5.62.1-snapshot.v20250422215212/userverification_clerk.legacy.browser_cb9a42_5.62.1-snapshot.v20250422215212.js.gz
- clerk-js/5.62.1-snapshot.v20250422215212/userverification_clerk.legacy.browser_cb9a42_5.62.1-snapshot.v20250422215212.js.sri
- clerk-js/5.62.1-snapshot.v20250422215212/userverification_clerk.legacy.browser_cb9a42_5.62.1-snapshot.v20250422215212.min.js.br
- clerk-js/5.62.1-snapshot.v20250422215212/userverification_clerk.legacy.browser_cb9a42_5.62.1-snapshot.v20250422215212.min.js.gz
- clerk-js/5.62.1-snapshot.v20250422215212/userverification_clerk.legacy.browser_cb9a42_5.62.1-snapshot.v20250422215212.min.js.sri
- clerk-js/5.62.1-snapshot.v20250422215212/vendors_clerk.browser_5ccf93_5.62.1-snapshot.v20250422215212.js.br
- clerk-js/5.62.1-snapshot.v20250422215212/vendors_clerk.browser_5ccf93_5.62.1-snapshot.v20250422215212.js.gz
- clerk-js/5.62.1-snapshot.v20250422215212/vendors_clerk.browser_5ccf93_5.62.1-snapshot.v20250422215212.js.sri
- clerk-js/5.62.1-snapshot.v20250422215212/vendors_clerk.browser_5ccf93_5.62.1-snapshot.v20250422215212.min.js.br
- clerk-js/5.62.1-snapshot.v20250422215212/vendors_clerk.browser_5ccf93_5.62.1-snapshot.v20250422215212.min.js.gz
- clerk-js/5.62.1-snapshot.v20250422215212/vendors_clerk.browser_5ccf93_5.62.1-snapshot.v20250422215212.min.js.sri
- clerk-js/5.62.1-snapshot.v20250422215212/vendors_clerk.headless.browser_b57e33_5.62.1-snapshot.v20250422215212.js.br
- clerk-js/5.62.1-snapshot.v20250422215212/vendors_clerk.headless.browser_b57e33_5.62.1-snapshot.v20250422215212.js.gz
- clerk-js/5.62.1-snapshot.v20250422215212/vendors_clerk.headless.browser_b57e33_5.62.1-snapshot.v20250422215212.js.sri
- clerk-js/5.62.1-snapshot.v20250422215212/vendors_clerk.headless.browser_b57e33_5.62.1-snapshot.v20250422215212.min.js.br
- clerk-js/5.62.1-snapshot.v20250422215212/vendors_clerk.headless.browser_b57e33_5.62.1-snapshot.v20250422215212.min.js.gz
- clerk-js/5.62.1-snapshot.v20250422215212/vendors_clerk.headless.browser_b57e33_5.62.1-snapshot.v20250422215212.min.js.sri
- clerk-js/5.62.1-snapshot.v20250422215212/vendors_clerk.legacy.browser_cb9a42_5.62.1-snapshot.v20250422215212.js.br
- clerk-js/5.62.1-snapshot.v20250422215212/vendors_clerk.legacy.browser_cb9a42_5.62.1-snapshot.v20250422215212.js.gz
- clerk-js/5.62.1-snapshot.v20250422215212/vendors_clerk.legacy.browser_cb9a42_5.62.1-snapshot.v20250422215212.js.sri
- clerk-js/5.62.1-snapshot.v20250422215212/vendors_clerk.legacy.browser_cb9a42_5.62.1-snapshot.v20250422215212.min.js.br
- clerk-js/5.62.1-snapshot.v20250422215212/vendors_clerk.legacy.browser_cb9a42_5.62.1-snapshot.v20250422215212.min.js.gz
- clerk-js/5.62.1-snapshot.v20250422215212/vendors_clerk.legacy.browser_cb9a42_5.62.1-snapshot.v20250422215212.min.js.sri
- clerk-js/5.62.1-snapshot.v20250422215212/waitlist_clerk.browser_5ccf93_5.62.1-snapshot.v20250422215212.js.br
- clerk-js/5.62.1-snapshot.v20250422215212/waitlist_clerk.browser_5ccf93_5.62.1-snapshot.v20250422215212.js.gz
- clerk-js/5.62.1-snapshot.v20250422215212/waitlist_clerk.browser_5ccf93_5.62.1-snapshot.v20250422215212.js.sri
- clerk-js/5.62.1-snapshot.v20250422215212/waitlist_clerk.browser_5ccf93_5.62.1-snapshot.v20250422215212.min.js.br
- clerk-js/5.62.1-snapshot.v20250422215212/waitlist_clerk.browser_5ccf93_5.62.1-snapshot.v20250422215212.min.js.gz
- clerk-js/5.62.1-snapshot.v20250422215212/waitlist_clerk.browser_5ccf93_5.62.1-snapshot.v20250422215212.min.js.sri
- clerk-js/5.62.1-snapshot.v20250422215212/waitlist_clerk.legacy.browser_cb9a42_5.62.1-snapshot.v20250422215212.js.br
- clerk-js/5.62.1-snapshot.v20250422215212/waitlist_clerk.legacy.browser_cb9a42_5.62.1-snapshot.v20250422215212.js.gz
- clerk-js/5.62.1-snapshot.v20250422215212/waitlist_clerk.legacy.browser_cb9a42_5.62.1-snapshot.v20250422215212.js.sri
- clerk-js/5.62.1-snapshot.v20250422215212/waitlist_clerk.legacy.browser_cb9a42_5.62.1-snapshot.v20250422215212.min.js.br
- clerk-js/5.62.1-snapshot.v20250422215212/waitlist_clerk.legacy.browser_cb9a42_5.62.1-snapshot.v20250422215212.min.js.gz
- clerk-js/5.62.1-snapshot.v20250422215212/waitlist_clerk.legacy.browser_cb9a42_5.62.1-snapshot.v20250422215212.min.js.sri
- clerk-js/5.62.1-snapshot.v20250422215212/zxcvbn-common_clerk.browser_5ccf93_5.62.1-snapshot.v20250422215212.js.br
- clerk-js/5.62.1-snapshot.v20250422215212/zxcvbn-common_clerk.browser_5ccf93_5.62.1-snapshot.v20250422215212.js.gz
- clerk-js/5.62.1-snapshot.v20250422215212/zxcvbn-common_clerk.browser_5ccf93_5.62.1-snapshot.v20250422215212.js.sri
- clerk-js/5.62.1-snapshot.v20250422215212/zxcvbn-common_clerk.browser_5ccf93_5.62.1-snapshot.v20250422215212.min.js.br
- clerk-js/5.62.1-snapshot.v20250422215212/zxcvbn-common_clerk.browser_5ccf93_5.62.1-snapshot.v20250422215212.min.js.gz
- clerk-js/5.62.1-snapshot.v20250422215212/zxcvbn-common_clerk.browser_5ccf93_5.62.1-snapshot.v20250422215212.min.js.sri
- clerk-js/5.62.1-snapshot.v20250422215212/zxcvbn-common_clerk.headless.browser_b57e33_5.62.1-snapshot.v20250422215212.js.br
- clerk-js/5.62.1-snapshot.v20250422215212/zxcvbn-common_clerk.headless.browser_b57e33_5.62.1-snapshot.v20250422215212.js.gz
- clerk-js/5.62.1-snapshot.v20250422215212/zxcvbn-common_clerk.headless.browser_b57e33_5.62.1-snapshot.v20250422215212.js.sri
- clerk-js/5.62.1-snapshot.v20250422215212/zxcvbn-common_clerk.headless.browser_b57e33_5.62.1-snapshot.v20250422215212.min.js.br
- clerk-js/5.62.1-snapshot.v20250422215212/zxcvbn-common_clerk.headless.browser_b57e33_5.62.1-snapshot.v20250422215212.min.js.gz
- clerk-js/5.62.1-snapshot.v20250422215212/zxcvbn-common_clerk.headless.browser_b57e33_5.62.1-snapshot.v20250422215212.min.js.sri
- clerk-js/5.62.1-snapshot.v20250422215212/zxcvbn-common_clerk.legacy.browser_cb9a42_5.62.1-snapshot.v20250422215212.js.br
- clerk-js/5.62.1-snapshot.v20250422215212/zxcvbn-common_clerk.legacy.browser_cb9a42_5.62.1-snapshot.v20250422215212.js.gz
- clerk-js/5.62.1-snapshot.v20250422215212/zxcvbn-common_clerk.legacy.browser_cb9a42_5.62.1-snapshot.v20250422215212.js.sri
- clerk-js/5.62.1-snapshot.v20250422215212/zxcvbn-common_clerk.legacy.browser_cb9a42_5.62.1-snapshot.v20250422215212.min.js.br
- clerk-js/5.62.1-snapshot.v20250422215212/zxcvbn-common_clerk.legacy.browser_cb9a42_5.62.1-snapshot.v20250422215212.min.js.gz
- clerk-js/5.62.1-snapshot.v20250422215212/zxcvbn-common_clerk.legacy.browser_cb9a42_5.62.1-snapshot.v20250422215212.min.js.sri
- clerk-js/5.62.1-snapshot.v20250422215212/zxcvbn-ts-core_clerk.browser_5ccf93_5.62.1-snapshot.v20250422215212.js.br
- clerk-js/5.62.1-snapshot.v20250422215212/zxcvbn-ts-core_clerk.browser_5ccf93_5.62.1-snapshot.v20250422215212.js.gz
- clerk-js/5.62.1-snapshot.v20250422215212/zxcvbn-ts-core_clerk.browser_5ccf93_5.62.1-snapshot.v20250422215212.js.sri
- clerk-js/5.62.1-snapshot.v20250422215212/zxcvbn-ts-core_clerk.browser_5ccf93_5.62.1-snapshot.v20250422215212.min.js.br
- clerk-js/5.62.1-snapshot.v20250422215212/zxcvbn-ts-core_clerk.browser_5ccf93_5.62.1-snapshot.v20250422215212.min.js.gz
- clerk-js/5.62.1-snapshot.v20250422215212/zxcvbn-ts-core_clerk.browser_5ccf93_5.62.1-snapshot.v20250422215212.min.js.sri
- clerk-js/5.62.1-snapshot.v20250422215212/zxcvbn-ts-core_clerk.headless.browser_b57e33_5.62.1-snapshot.v20250422215212.js.br
- clerk-js/5.62.1-snapshot.v20250422215212/zxcvbn-ts-core_clerk.headless.browser_b57e33_5.62.1-snapshot.v20250422215212.js.gz
- clerk-js/5.62.1-snapshot.v20250422215212/zxcvbn-ts-core_clerk.headless.browser_b57e33_5.62.1-snapshot.v20250422215212.js.sri
- clerk-js/5.62.1-snapshot.v20250422215212/zxcvbn-ts-core_clerk.headless.browser_b57e33_5.62.1-snapshot.v20250422215212.min.js.br
- clerk-js/5.62.1-snapshot.v20250422215212/zxcvbn-ts-core_clerk.headless.browser_b57e33_5.62.1-snapshot.v20250422215212.min.js.gz
- clerk-js/5.62.1-snapshot.v20250422215212/zxcvbn-ts-core_clerk.headless.browser_b57e33_5.62.1-snapshot.v20250422215212.min.js.sri
- clerk-js/5.62.1-snapshot.v20250422215212/zxcvbn-ts-core_clerk.legacy.browser_cb9a42_5.62.1-snapshot.v20250422215212.js.br
- clerk-js/5.62.1-snapshot.v20250422215212/zxcvbn-ts-core_clerk.legacy.browser_cb9a42_5.62.1-snapshot.v20250422215212.js.gz
- clerk-js/5.62.1-snapshot.v20250422215212/zxcvbn-ts-core_clerk.legacy.browser_cb9a42_5.62.1-snapshot.v20250422215212.js.sri
- clerk-js/5.62.1-snapshot.v20250422215212/zxcvbn-ts-core_clerk.legacy.browser_cb9a42_5.62.1-snapshot.v20250422215212.min.js.br
- clerk-js/5.62.1-snapshot.v20250422215212/zxcvbn-ts-core_clerk.legacy.browser_cb9a42_5.62.1-snapshot.v20250422215212.min.js.gz
- clerk-js/5.62.1-snapshot.v20250422215212/zxcvbn-ts-core_clerk.legacy.browser_cb9a42_5.62.1-snapshot.v20250422215212.min.js.sri
