config: {"authors":[{"name":"Google Inc."}],"autoupdate":{"source":"npm","target":"@fontsource/zen-kurenaido","fileMap":[{"basePath":"","files":["*.css","files/*.@(woff|woff2)"]}],"excludeFromSearch":true},"description":"Self-host the Zen Kurenaido font in a neatly bundled NPM package.","filename":"index.css","homepage":"https://fontsource.org/fonts/zen-kurenaido","keywords":["fontsource","font","font family","google fonts","zen-kurenaido","Zen Kurenaido","css","sass","front-end","web","typeface","variable"],"license":"OFL-1.1","name":"fontsource-zen-kurenaido","repository":{"type":"git","url":"git+https://github.com/fontsource/font-files.git"},"author":"Google Inc."}
KV keys:
- fontsource-zen-kurenaido/5.2.7/400.css.br
- fontsource-zen-kurenaido/5.2.7/400.css.gz
- fontsource-zen-kurenaido/5.2.7/400.min.css.br
- fontsource-zen-kurenaido/5.2.7/400.min.css.gz
- fontsource-zen-kurenaido/5.2.7/cyrillic-400.css.br
- fontsource-zen-kurenaido/5.2.7/cyrillic-400.css.gz
- fontsource-zen-kurenaido/5.2.7/cyrillic-400.min.css.br
- fontsource-zen-kurenaido/5.2.7/cyrillic-400.min.css.gz
- fontsource-zen-kurenaido/5.2.7/cyrillic.css.br
- fontsource-zen-kurenaido/5.2.7/cyrillic.css.gz
- fontsource-zen-kurenaido/5.2.7/cyrillic.min.css.br
- fontsource-zen-kurenaido/5.2.7/cyrillic.min.css.gz
- fontsource-zen-kurenaido/5.2.7/files/zen-kurenaido-cyrillic-400-normal.woff.br
- fontsource-zen-kurenaido/5.2.7/files/zen-kurenaido-cyrillic-400-normal.woff.gz
- fontsource-zen-kurenaido/5.2.7/files/zen-kurenaido-cyrillic-400-normal.woff2
- fontsource-zen-kurenaido/5.2.7/files/zen-kurenaido-greek-400-normal.woff.br
- fontsource-zen-kurenaido/5.2.7/files/zen-kurenaido-greek-400-normal.woff.gz
- fontsource-zen-kurenaido/5.2.7/files/zen-kurenaido-greek-400-normal.woff2
- fontsource-zen-kurenaido/5.2.7/files/zen-kurenaido-japanese-400-normal.woff.br
- fontsource-zen-kurenaido/5.2.7/files/zen-kurenaido-japanese-400-normal.woff.gz
- fontsource-zen-kurenaido/5.2.7/files/zen-kurenaido-japanese-400-normal.woff2
- fontsource-zen-kurenaido/5.2.7/files/zen-kurenaido-latin-400-normal.woff.br
- fontsource-zen-kurenaido/5.2.7/files/zen-kurenaido-latin-400-normal.woff.gz
- fontsource-zen-kurenaido/5.2.7/files/zen-kurenaido-latin-400-normal.woff2
- fontsource-zen-kurenaido/5.2.7/files/zen-kurenaido-latin-ext-400-normal.woff.br
- fontsource-zen-kurenaido/5.2.7/files/zen-kurenaido-latin-ext-400-normal.woff.gz
- fontsource-zen-kurenaido/5.2.7/files/zen-kurenaido-latin-ext-400-normal.woff2
- fontsource-zen-kurenaido/5.2.7/greek-400.css.br
- fontsource-zen-kurenaido/5.2.7/greek-400.css.gz
- fontsource-zen-kurenaido/5.2.7/greek-400.min.css.br
- fontsource-zen-kurenaido/5.2.7/greek-400.min.css.gz
- fontsource-zen-kurenaido/5.2.7/greek.css.br
- fontsource-zen-kurenaido/5.2.7/greek.css.gz
- fontsource-zen-kurenaido/5.2.7/greek.min.css.br
- fontsource-zen-kurenaido/5.2.7/greek.min.css.gz
- fontsource-zen-kurenaido/5.2.7/index.css.br
- fontsource-zen-kurenaido/5.2.7/index.css.gz
- fontsource-zen-kurenaido/5.2.7/index.min.css.br
- fontsource-zen-kurenaido/5.2.7/index.min.css.gz
- fontsource-zen-kurenaido/5.2.7/japanese-400.css.br
- fontsource-zen-kurenaido/5.2.7/japanese-400.css.gz
- fontsource-zen-kurenaido/5.2.7/japanese-400.min.css.br
- fontsource-zen-kurenaido/5.2.7/japanese-400.min.css.gz
- fontsource-zen-kurenaido/5.2.7/japanese.css.br
- fontsource-zen-kurenaido/5.2.7/japanese.css.gz
- fontsource-zen-kurenaido/5.2.7/japanese.min.css.br
- fontsource-zen-kurenaido/5.2.7/japanese.min.css.gz
- fontsource-zen-kurenaido/5.2.7/latin-400.css.br
- fontsource-zen-kurenaido/5.2.7/latin-400.css.gz
- fontsource-zen-kurenaido/5.2.7/latin-400.min.css.br
- fontsource-zen-kurenaido/5.2.7/latin-400.min.css.gz
- fontsource-zen-kurenaido/5.2.7/latin-ext-400.css.br
- fontsource-zen-kurenaido/5.2.7/latin-ext-400.css.gz
- fontsource-zen-kurenaido/5.2.7/latin-ext-400.min.css.br
- fontsource-zen-kurenaido/5.2.7/latin-ext-400.min.css.gz
- fontsource-zen-kurenaido/5.2.7/latin-ext.css.br
- fontsource-zen-kurenaido/5.2.7/latin-ext.css.gz
- fontsource-zen-kurenaido/5.2.7/latin-ext.min.css.br
- fontsource-zen-kurenaido/5.2.7/latin-ext.min.css.gz
- fontsource-zen-kurenaido/5.2.7/latin.css.br
- fontsource-zen-kurenaido/5.2.7/latin.css.gz
- fontsource-zen-kurenaido/5.2.7/latin.min.css.br
- fontsource-zen-kurenaido/5.2.7/latin.min.css.gz
SRIs:
- fontsource-zen-kurenaido/5.2.7/latin-ext-400.min.css: sha512-50LxAo6Te9zUvhQMZEAYrUDsCMSsV/lItYGgs0obwt+0sx4TG8FgO8SFYlyR75HSsLxEESroINsvkaAEpGjZbA==
- fontsource-zen-kurenaido/5.2.7/latin-ext.min.css: sha512-50LxAo6Te9zUvhQMZEAYrUDsCMSsV/lItYGgs0obwt+0sx4TG8FgO8SFYlyR75HSsLxEESroINsvkaAEpGjZbA==
- fontsource-zen-kurenaido/5.2.7/japanese-400.min.css: sha512-eEHggk3P9lwCMOuOGd1UOaGGNQHit8J19qrivBs5CsqFS6eD2GmBCVsQW/2Ukeku3FoUnStAoWvxhfLNBaNIAQ==
- fontsource-zen-kurenaido/5.2.7/japanese.css: sha512-UJfAj8oEoi3xDisTA/zNpUy/OBnE+ep0SgcgpXR2ranyJQT18DiEe0mz0/N5GOS+E8o95Xx2NhUkrmBLWbVdDQ==
- fontsource-zen-kurenaido/5.2.7/latin-400.min.css: sha512-EFAvDngPloneusAfEV1kmIr6u/Wu+LPfK4HKSnziklFCG+ALQrjdm8bZ2EXptQ0jk/Y0Wr0eAliPIVRmig8NnA==
- fontsource-zen-kurenaido/5.2.7/greek.min.css: sha512-+gsmOS7N7K1NAXZ2Y5Ap9+WLP5ZkONOc37b47I34YjnTe9pYTcTCD+Byzzs+v3xGyhUsYkjq12lCebIoMs5fNA==
- fontsource-zen-kurenaido/5.2.7/latin-ext.css: sha512-auqQeuRVBLTkUcjkFaXPeV+5Q6Wd5XOCZKRm9prPlFyUdO9TXCrIYDbEhjW+kQvMDPkaMfu/uaPUFAMLa69jtg==
- fontsource-zen-kurenaido/5.2.7/latin.css: sha512-dLCEQK/8C+X0Qnv92gX7jZfrqKRW59JqAzrHUk6y2uXw0CW/lsoqpUBejplFGj1oNBN5RUY/rG6gLganJR+S2Q==
- fontsource-zen-kurenaido/5.2.7/400.min.css: sha512-nncOVsOVkJStcNjzEVTKtqTl3W9C/Dtj28lYF6SY8hDXI6fQ3dImRThunFbHczK3dJF+m92d8yRHukBXNmIgrw==
- fontsource-zen-kurenaido/5.2.7/cyrillic-400.css: sha512-cT/iMmq8gF4J05fpBTfScUCmmIYur1OjQFYmnileUVTXubSeHyLFhEzbSaPSdJ3SxQQmElOEEo/8i8NwK0erxw==
- fontsource-zen-kurenaido/5.2.7/cyrillic-400.min.css: sha512-Fx6oEw4sGIL03OZUDcuz3WXbUcHBcXiiD89ov5RCI65NAoNg3SynjSqkoZ6537/jc1rJ0lcHhWxAWdTWfdGj6w==
- fontsource-zen-kurenaido/5.2.7/japanese-400.css: sha512-UJfAj8oEoi3xDisTA/zNpUy/OBnE+ep0SgcgpXR2ranyJQT18DiEe0mz0/N5GOS+E8o95Xx2NhUkrmBLWbVdDQ==
- fontsource-zen-kurenaido/5.2.7/japanese.min.css: sha512-eEHggk3P9lwCMOuOGd1UOaGGNQHit8J19qrivBs5CsqFS6eD2GmBCVsQW/2Ukeku3FoUnStAoWvxhfLNBaNIAQ==
- fontsource-zen-kurenaido/5.2.7/latin.min.css: sha512-EFAvDngPloneusAfEV1kmIr6u/Wu+LPfK4HKSnziklFCG+ALQrjdm8bZ2EXptQ0jk/Y0Wr0eAliPIVRmig8NnA==
- fontsource-zen-kurenaido/5.2.7/400.css: sha512-v1bgiRnEhvNjX7xj+hShj+bq5S35b7y88JSU3qqIxKqLB+amTMhFA2hn1YMVIQZmJBMUqNv6WsKhasyvSnUOEg==
- fontsource-zen-kurenaido/5.2.7/greek-400.css: sha512-PtsgHVqIIegkbp3KYyHDZHA9bGvyryBm9vCwlPkzxk29BZfZlooQPZzb5KIsMj8/notT7emTSddqkQcNQsA/Lw==
- fontsource-zen-kurenaido/5.2.7/greek.css: sha512-PtsgHVqIIegkbp3KYyHDZHA9bGvyryBm9vCwlPkzxk29BZfZlooQPZzb5KIsMj8/notT7emTSddqkQcNQsA/Lw==
- fontsource-zen-kurenaido/5.2.7/index.css: sha512-v1bgiRnEhvNjX7xj+hShj+bq5S35b7y88JSU3qqIxKqLB+amTMhFA2hn1YMVIQZmJBMUqNv6WsKhasyvSnUOEg==
- fontsource-zen-kurenaido/5.2.7/index.min.css: sha512-nncOVsOVkJStcNjzEVTKtqTl3W9C/Dtj28lYF6SY8hDXI6fQ3dImRThunFbHczK3dJF+m92d8yRHukBXNmIgrw==
- fontsource-zen-kurenaido/5.2.7/latin-400.css: sha512-dLCEQK/8C+X0Qnv92gX7jZfrqKRW59JqAzrHUk6y2uXw0CW/lsoqpUBejplFGj1oNBN5RUY/rG6gLganJR+S2Q==
- fontsource-zen-kurenaido/5.2.7/latin-ext-400.css: sha512-auqQeuRVBLTkUcjkFaXPeV+5Q6Wd5XOCZKRm9prPlFyUdO9TXCrIYDbEhjW+kQvMDPkaMfu/uaPUFAMLa69jtg==
- fontsource-zen-kurenaido/5.2.7/cyrillic.css: sha512-cT/iMmq8gF4J05fpBTfScUCmmIYur1OjQFYmnileUVTXubSeHyLFhEzbSaPSdJ3SxQQmElOEEo/8i8NwK0erxw==
- fontsource-zen-kurenaido/5.2.7/cyrillic.min.css: sha512-Fx6oEw4sGIL03OZUDcuz3WXbUcHBcXiiD89ov5RCI65NAoNg3SynjSqkoZ6537/jc1rJ0lcHhWxAWdTWfdGj6w==
- fontsource-zen-kurenaido/5.2.7/greek-400.min.css: sha512-+gsmOS7N7K1NAXZ2Y5Ap9+WLP5ZkONOc37b47I34YjnTe9pYTcTCD+Byzzs+v3xGyhUsYkjq12lCebIoMs5fNA==
