config: {"authors":[{"name":"Handsoncode","email":"hello@handsontable.com"}],"autoupdate":{"source":"npm","target":"handsontable","fileMap":[{"basePath":"dist","files":["*.js","*.css"]}]},"description":"Spreadsheet-like data grid editor that provides copy/paste functionality compatible with Excel/Google Docs","filename":"handsontable.min.js","homepage":"http://handsontable.com/","keywords":["grid","datagrid","table","ui","input","ajax","handsontable","spreadsheet"],"license":"SEE LICENSE IN https://github.com/handsontable/handsontable/blob/7.0.0/LICENSE.txt","name":"handsontable","repository":{"type":"git","url":"https://github.com/handsontable/handsontable"},"author":"Handsoncode \u003chello@handsontable.com\u003e"}
KV keys:
- handsontable/16.0.0-next-f486b48-20250702/handsontable.css.br
- handsontable/16.0.0-next-f486b48-20250702/handsontable.css.gz
- handsontable/16.0.0-next-f486b48-20250702/handsontable.full.css.br
- handsontable/16.0.0-next-f486b48-20250702/handsontable.full.css.gz
- handsontable/16.0.0-next-f486b48-20250702/handsontable.full.js.br
- handsontable/16.0.0-next-f486b48-20250702/handsontable.full.js.gz
- handsontable/16.0.0-next-f486b48-20250702/handsontable.full.min.css.br
- handsontable/16.0.0-next-f486b48-20250702/handsontable.full.min.css.gz
- handsontable/16.0.0-next-f486b48-20250702/handsontable.full.min.js.br
- handsontable/16.0.0-next-f486b48-20250702/handsontable.full.min.js.gz
- handsontable/16.0.0-next-f486b48-20250702/handsontable.js.br
- handsontable/16.0.0-next-f486b48-20250702/handsontable.js.gz
- handsontable/16.0.0-next-f486b48-20250702/handsontable.min.css.br
- handsontable/16.0.0-next-f486b48-20250702/handsontable.min.css.gz
- handsontable/16.0.0-next-f486b48-20250702/handsontable.min.js.br
- handsontable/16.0.0-next-f486b48-20250702/handsontable.min.js.gz
SRIs:
- handsontable/16.0.0-next-f486b48-20250702/handsontable.full.min.js: sha512-K5oo1sDlrMCim5OslQ/IUFuyZWB3TOkP6pa+OwbTkSDCh/Xl+3spHHOHs1wiqQtDTQ1FwBEBi8RMJ5HqvmtAlA==
- handsontable/16.0.0-next-f486b48-20250702/handsontable.js: sha512-zElLufBr3LX7pJky6WsAxgDGB52iP0xO+YsRIGoATxq9ri4TivMNBQSxRdeUFZ70AssvMEZJqmW0eSIevPfJdA==
- handsontable/16.0.0-next-f486b48-20250702/handsontable.min.css: sha512-HC1twJdxAUqJLmChNpC62SyfkV2NQDR6wd/MIoPmccIsdr88HAQSs+kKwi+hv+KfXLbi1E69zR6FvCc5B3pM8Q==
- handsontable/16.0.0-next-f486b48-20250702/handsontable.min.js: sha512-3ochNRRIUNJNI2TPEgJxP4tQ19P9Mr7dRXpC0polxO+TDVYb4llSbSOAhTDUSox8l+NAfWpJzAhyff8pV9UrXA==
- handsontable/16.0.0-next-f486b48-20250702/handsontable.css: sha512-kNk8xwfRSuh3EubJQXetBK3DsjuXvjl/D/GbHJyoNg8B8Rz2JOIXXiYLW85l6dAYjrlJMJB9C3IbHawjBtHwMg==
- handsontable/16.0.0-next-f486b48-20250702/handsontable.full.css: sha512-/vDGr6tMS/9B+K4NPhibtZYTEXJ2yVfeX/L8YfZdzYuHMjxqD1fD4ZBjtfuKUqeg9gnh5Z5RbSNS9U7Qc/xIKg==
- handsontable/16.0.0-next-f486b48-20250702/handsontable.full.js: sha512-2DM74Rtelud9fXIf4f4CyBmcV3FP4gtddDw7l8YFXFSYC6Pa9eiM7LqmS/UVN1LrB6HdLBnIIG0faZfuCFpcwA==
- handsontable/16.0.0-next-f486b48-20250702/handsontable.full.min.css: sha512-w4VCwXCn7ihZP8JWNgMwRD5IC2w99x9pGilgdtCi/gCuyz9zzCyOxPN0LfkPWki8nuR7bdaDHLtfP2wyYcrNIA==
