config: {"authors":[{"name":"Guillaume du Pontavice","email":"g.du.pontavice@gmail.com"}],"autoupdate":{"source":"npm","target":"hls.js","fileMap":[{"basePath":"dist","files":["**/!(*-demo.*)"]}],"ignoreVersions":["*-canary.*"]},"description":"JavaScript HLS client using MediaSourceExtension","filename":"hls.min.js","homepage":"https://hls-js.netlify.com/demo/","keywords":["hls.js","video","streaming","mediasource","player"],"license":"Apache-2.0","name":"hls.js","repository":{"type":"git","url":"git://github.com/video-dev/hls.js"},"author":"Guillaume du Pontavice \u003cg.du.pontavice@gmail.com\u003e"}
KV keys:
- hls.js/1.6.2-0.canary.11116/hls.d.mts.br
- hls.js/1.6.2-0.canary.11116/hls.d.mts.gz
- hls.js/1.6.2-0.canary.11116/hls.d.ts.br
- hls.js/1.6.2-0.canary.11116/hls.d.ts.gz
- hls.js/1.6.2-0.canary.11116/hls.js.br
- hls.js/1.6.2-0.canary.11116/hls.js.d.ts.br
- hls.js/1.6.2-0.canary.11116/hls.js.d.ts.gz
- hls.js/1.6.2-0.canary.11116/hls.js.gz
- hls.js/1.6.2-0.canary.11116/hls.js.map.br
- hls.js/1.6.2-0.canary.11116/hls.js.map.gz
- hls.js/1.6.2-0.canary.11116/hls.light.js.br
- hls.js/1.6.2-0.canary.11116/hls.light.js.gz
- hls.js/1.6.2-0.canary.11116/hls.light.js.map.br
- hls.js/1.6.2-0.canary.11116/hls.light.js.map.gz
- hls.js/1.6.2-0.canary.11116/hls.light.min.js.br
- hls.js/1.6.2-0.canary.11116/hls.light.min.js.gz
- hls.js/1.6.2-0.canary.11116/hls.light.min.js.map.br
- hls.js/1.6.2-0.canary.11116/hls.light.min.js.map.gz
- hls.js/1.6.2-0.canary.11116/hls.light.mjs.br
- hls.js/1.6.2-0.canary.11116/hls.light.mjs.gz
- hls.js/1.6.2-0.canary.11116/hls.light.mjs.map.br
- hls.js/1.6.2-0.canary.11116/hls.light.mjs.map.gz
- hls.js/1.6.2-0.canary.11116/hls.min.js.br
- hls.js/1.6.2-0.canary.11116/hls.min.js.gz
- hls.js/1.6.2-0.canary.11116/hls.min.js.map.br
- hls.js/1.6.2-0.canary.11116/hls.min.js.map.gz
- hls.js/1.6.2-0.canary.11116/hls.mjs.br
- hls.js/1.6.2-0.canary.11116/hls.mjs.gz
- hls.js/1.6.2-0.canary.11116/hls.mjs.map.br
- hls.js/1.6.2-0.canary.11116/hls.mjs.map.gz
- hls.js/1.6.2-0.canary.11116/hls.worker.js.br
- hls.js/1.6.2-0.canary.11116/hls.worker.js.gz
- hls.js/1.6.2-0.canary.11116/hls.worker.js.map.br
- hls.js/1.6.2-0.canary.11116/hls.worker.js.map.gz
- hls.js/1.6.2-0.canary.11116/hls.worker.min.js.br
- hls.js/1.6.2-0.canary.11116/hls.worker.min.js.gz
SRIs:
- hls.js/1.6.2-0.canary.11116/hls.min.js: sha512-qiEcZPJ35XhkwFHnz49fMKmRcbENdGjTrr8IJt0pI6tGVLZQheoh2kt/mLNyi3P17hfsWLCGk4JoaJyMmktN4Q==
- hls.js/1.6.2-0.canary.11116/hls.worker.js: sha512-fVX3Qi406G98nHzpOoeKWc1LST6GRkqrTiH1xhpvcUjvvgJuctfxM2mxbXTFNmLqxwduVsRihP7pnKaRJxnZtw==
- hls.js/1.6.2-0.canary.11116/hls.worker.min.js: sha512-iU+alAGSNhPN+qwRx0u1SMreZxd1zqcVaF5dwWD+rgiOpPhaw4ydLREC7VsU5yLvFxcmTJSedRIIiPa+83bEpA==
- hls.js/1.6.2-0.canary.11116/hls.js: sha512-Uj4y/GBU+DL5Kpu3kSaStBhAthRt4vHZsdJfwMaRZptnL1kRNk9+dHm+Mkln1Xbaz8BkWAdHzi+dDXK9m5l8Rw==
- hls.js/1.6.2-0.canary.11116/hls.light.js: sha512-M/gQ1JbYJ9+DFJaBkW9xz+iXWD4W7iK68rzgrvwASSl3nGvGUSJeOAu/7fElg8S31qIXwhp4sB2TEmbP6b73wg==
- hls.js/1.6.2-0.canary.11116/hls.light.min.js: sha512-RupAGmrn1KTfQ0lnMU3k246oFEN8Okflx6mEA0mVpfTKOTnhSorV0EjkxelzHsP6vXX+RitPJ4rnTiCNh0cE3A==
