Files:
- ruffle-rs/0.1.0-nightly.2025.1.26/44614cdd948a3226796e.wasm.br
- ruffle-rs/0.1.0-nightly.2025.1.26/44614cdd948a3226796e.wasm.gz
- ruffle-rs/0.1.0-nightly.2025.1.26/9330681b467392eaf187.wasm.br
- ruffle-rs/0.1.0-nightly.2025.1.26/9330681b467392eaf187.wasm.gz
- ruffle-rs/0.1.0-nightly.2025.1.26/core.ruffle.a5d09be65c2d944c7560.js.br
- ruffle-rs/0.1.0-nightly.2025.1.26/core.ruffle.a5d09be65c2d944c7560.js.gz
- ruffle-rs/0.1.0-nightly.2025.1.26/core.ruffle.a5d09be65c2d944c7560.js.sri
- ruffle-rs/0.1.0-nightly.2025.1.26/core.ruffle.a5d09be65c2d944c7560.min.js.br
- ruffle-rs/0.1.0-nightly.2025.1.26/core.ruffle.a5d09be65c2d944c7560.min.js.gz
- ruffle-rs/0.1.0-nightly.2025.1.26/core.ruffle.a5d09be65c2d944c7560.min.js.sri
- ruffle-rs/0.1.0-nightly.2025.1.26/core.ruffle.ca88f6ab54e844d5bea8.js.br
- ruffle-rs/0.1.0-nightly.2025.1.26/core.ruffle.ca88f6ab54e844d5bea8.js.gz
- ruffle-rs/0.1.0-nightly.2025.1.26/core.ruffle.ca88f6ab54e844d5bea8.js.sri
- ruffle-rs/0.1.0-nightly.2025.1.26/core.ruffle.ca88f6ab54e844d5bea8.min.js.br
- ruffle-rs/0.1.0-nightly.2025.1.26/core.ruffle.ca88f6ab54e844d5bea8.min.js.gz
- ruffle-rs/0.1.0-nightly.2025.1.26/core.ruffle.ca88f6ab54e844d5bea8.min.js.sri
- ruffle-rs/0.1.0-nightly.2025.1.26/ruffle.js.br
- ruffle-rs/0.1.0-nightly.2025.1.26/ruffle.js.gz
- ruffle-rs/0.1.0-nightly.2025.1.26/ruffle.js.sri
- ruffle-rs/0.1.0-nightly.2025.1.26/ruffle.min.js.br
- ruffle-rs/0.1.0-nightly.2025.1.26/ruffle.min.js.gz
- ruffle-rs/0.1.0-nightly.2025.1.26/ruffle.min.js.sri
