published: 2026-10-04T02:08:35.990Z

- fontsource-suwannaphum/5.2.8/100.css.br
- fontsource-suwannaphum/5.2.8/100.css.gz
- fontsource-suwannaphum/5.2.8/100.min.css.br
- fontsource-suwannaphum/5.2.8/100.min.css.gz
- fontsource-suwannaphum/5.2.8/300.css.br
- fontsource-suwannaphum/5.2.8/300.css.gz
- fontsource-suwannaphum/5.2.8/300.min.css.br
- fontsource-suwannaphum/5.2.8/300.min.css.gz
- fontsource-suwannaphum/5.2.8/400.css.br
- fontsource-suwannaphum/5.2.8/400.css.gz
- fontsource-suwannaphum/5.2.8/400.min.css.br
- fontsource-suwannaphum/5.2.8/400.min.css.gz
- fontsource-suwannaphum/5.2.8/700.css.br
- fontsource-suwannaphum/5.2.8/700.css.gz
- fontsource-suwannaphum/5.2.8/700.min.css.br
- fontsource-suwannaphum/5.2.8/700.min.css.gz
- fontsource-suwannaphum/5.2.8/900.css.br
- fontsource-suwannaphum/5.2.8/900.css.gz
- fontsource-suwannaphum/5.2.8/900.min.css.br
- fontsource-suwannaphum/5.2.8/900.min.css.gz
- fontsource-suwannaphum/5.2.8/files/suwannaphum-khmer-100-normal.woff.br
- fontsource-suwannaphum/5.2.8/files/suwannaphum-khmer-100-normal.woff.gz
- fontsource-suwannaphum/5.2.8/files/suwannaphum-khmer-100-normal.woff2
- fontsource-suwannaphum/5.2.8/files/suwannaphum-khmer-300-normal.woff.br
- fontsource-suwannaphum/5.2.8/files/suwannaphum-khmer-300-normal.woff.gz
- fontsource-suwannaphum/5.2.8/files/suwannaphum-khmer-300-normal.woff2
- fontsource-suwannaphum/5.2.8/files/suwannaphum-khmer-400-normal.woff.br
- fontsource-suwannaphum/5.2.8/files/suwannaphum-khmer-400-normal.woff.gz
- fontsource-suwannaphum/5.2.8/files/suwannaphum-khmer-400-normal.woff2
- fontsource-suwannaphum/5.2.8/files/suwannaphum-khmer-700-normal.woff.br
- fontsource-suwannaphum/5.2.8/files/suwannaphum-khmer-700-normal.woff.gz
- fontsource-suwannaphum/5.2.8/files/suwannaphum-khmer-700-normal.woff2
- fontsource-suwannaphum/5.2.8/files/suwannaphum-khmer-900-normal.woff.br
- fontsource-suwannaphum/5.2.8/files/suwannaphum-khmer-900-normal.woff.gz
- fontsource-suwannaphum/5.2.8/files/suwannaphum-khmer-900-normal.woff2
- fontsource-suwannaphum/5.2.8/files/suwannaphum-latin-100-normal.woff.br
- fontsource-suwannaphum/5.2.8/files/suwannaphum-latin-100-normal.woff.gz
- fontsource-suwannaphum/5.2.8/files/suwannaphum-latin-100-normal.woff2
- fontsource-suwannaphum/5.2.8/files/suwannaphum-latin-300-normal.woff.br
- fontsource-suwannaphum/5.2.8/files/suwannaphum-latin-300-normal.woff.gz
- fontsource-suwannaphum/5.2.8/files/suwannaphum-latin-300-normal.woff2
- fontsource-suwannaphum/5.2.8/files/suwannaphum-latin-400-normal.woff.br
- fontsource-suwannaphum/5.2.8/files/suwannaphum-latin-400-normal.woff.gz
- fontsource-suwannaphum/5.2.8/files/suwannaphum-latin-400-normal.woff2
- fontsource-suwannaphum/5.2.8/files/suwannaphum-latin-700-normal.woff.br
- fontsource-suwannaphum/5.2.8/files/suwannaphum-latin-700-normal.woff.gz
- fontsource-suwannaphum/5.2.8/files/suwannaphum-latin-700-normal.woff2
- fontsource-suwannaphum/5.2.8/files/suwannaphum-latin-900-normal.woff.br
- fontsource-suwannaphum/5.2.8/files/suwannaphum-latin-900-normal.woff.gz
- fontsource-suwannaphum/5.2.8/files/suwannaphum-latin-900-normal.woff2
- fontsource-suwannaphum/5.2.8/index.css.br
- fontsource-suwannaphum/5.2.8/index.css.gz
- fontsource-suwannaphum/5.2.8/index.min.css.br
- fontsource-suwannaphum/5.2.8/index.min.css.gz
- fontsource-suwannaphum/5.2.8/khmer-100.css.br
- fontsource-suwannaphum/5.2.8/khmer-100.css.gz
- fontsource-suwannaphum/5.2.8/khmer-100.min.css.br
- fontsource-suwannaphum/5.2.8/khmer-100.min.css.gz
- fontsource-suwannaphum/5.2.8/khmer-300.css.br
- fontsource-suwannaphum/5.2.8/khmer-300.css.gz
- fontsource-suwannaphum/5.2.8/khmer-300.min.css.br
- fontsource-suwannaphum/5.2.8/khmer-300.min.css.gz
- fontsource-suwannaphum/5.2.8/khmer-400.css.br
- fontsource-suwannaphum/5.2.8/khmer-400.css.gz
- fontsource-suwannaphum/5.2.8/khmer-400.min.css.br
- fontsource-suwannaphum/5.2.8/khmer-400.min.css.gz
- fontsource-suwannaphum/5.2.8/khmer-700.css.br
- fontsource-suwannaphum/5.2.8/khmer-700.css.gz
- fontsource-suwannaphum/5.2.8/khmer-700.min.css.br
- fontsource-suwannaphum/5.2.8/khmer-700.min.css.gz
- fontsource-suwannaphum/5.2.8/khmer-900.css.br
- fontsource-suwannaphum/5.2.8/khmer-900.css.gz
- fontsource-suwannaphum/5.2.8/khmer-900.min.css.br
- fontsource-suwannaphum/5.2.8/khmer-900.min.css.gz
- fontsource-suwannaphum/5.2.8/khmer.css.br
- fontsource-suwannaphum/5.2.8/khmer.css.gz
- fontsource-suwannaphum/5.2.8/khmer.min.css.br
- fontsource-suwannaphum/5.2.8/khmer.min.css.gz
- fontsource-suwannaphum/5.2.8/latin-100.css.br
- fontsource-suwannaphum/5.2.8/latin-100.css.gz
- fontsource-suwannaphum/5.2.8/latin-100.min.css.br
- fontsource-suwannaphum/5.2.8/latin-100.min.css.gz
- fontsource-suwannaphum/5.2.8/latin-300.css.br
- fontsource-suwannaphum/5.2.8/latin-300.css.gz
- fontsource-suwannaphum/5.2.8/latin-300.min.css.br
- fontsource-suwannaphum/5.2.8/latin-300.min.css.gz
- fontsource-suwannaphum/5.2.8/latin-400.css.br
- fontsource-suwannaphum/5.2.8/latin-400.css.gz
- fontsource-suwannaphum/5.2.8/latin-400.min.css.br
- fontsource-suwannaphum/5.2.8/latin-400.min.css.gz
- fontsource-suwannaphum/5.2.8/latin-700.css.br
- fontsource-suwannaphum/5.2.8/latin-700.css.gz
- fontsource-suwannaphum/5.2.8/latin-700.min.css.br
- fontsource-suwannaphum/5.2.8/latin-700.min.css.gz
- fontsource-suwannaphum/5.2.8/latin-900.css.br
- fontsource-suwannaphum/5.2.8/latin-900.css.gz
- fontsource-suwannaphum/5.2.8/latin-900.min.css.br
- fontsource-suwannaphum/5.2.8/latin-900.min.css.gz
- fontsource-suwannaphum/5.2.8/latin.css.br
- fontsource-suwannaphum/5.2.8/latin.css.gz
- fontsource-suwannaphum/5.2.8/latin.min.css.br
- fontsource-suwannaphum/5.2.8/latin.min.css.gz