2025/06/23 04:32:16 optimizing files (Js true, Css true, Png true, Jpg true)
2025/06/23 04:32:16 algorithm: run /usr/bin/brotli --quality=11 --output=/output/7a1e8ba43274c7b38bc8.wasm.br /tmp/work/7a1e8ba43274c7b38bc8.wasm
2025/06/23 04:32:16 algorithm: run /usr/bin/brotli --quality=11 --output=/output/76b1508c3f29b68c8d43.wasm.br /tmp/work/76b1508c3f29b68c8d43.wasm
2025/06/23 04:32:16 compress: run /node_modules/uglify-js/bin/uglifyjs (3.15.4) [--mangle --compress if_return=true -o /tmp/work/core.ruffle.2687b70df2b21ac23348.min.js /tmp/work/core.ruffle.2687b70df2b21ac23348.js]
2025/06/23 04:32:16 compress: run /node_modules/uglify-js/bin/uglifyjs (3.15.4) [--mangle --compress if_return=true -o /tmp/work/ruffle.min.js /tmp/work/ruffle.js]
2025/06/23 04:32:16 compress: run /node_modules/uglify-js/bin/uglifyjs (3.15.4) [--mangle --compress if_return=true -o /tmp/work/core.ruffle.260cc31f222e5ab4039b.min.js /tmp/work/core.ruffle.260cc31f222e5ab4039b.js]
2025/06/23 04:32:18 sri /tmp/work/ruffle.min.js -> /output/ruffle.min.js.sri
2025/06/23 04:32:18 algorithm: run /usr/bin/brotli --quality=11 --output=/output/ruffle.min.js.br /tmp/work/ruffle.min.js
2025/06/23 04:32:19 sri /tmp/work/core.ruffle.260cc31f222e5ab4039b.min.js -> /output/core.ruffle.260cc31f222e5ab4039b.min.js.sri
2025/06/23 04:32:19 algorithm: run /usr/bin/brotli --quality=11 --output=/output/core.ruffle.260cc31f222e5ab4039b.min.js.br /tmp/work/core.ruffle.260cc31f222e5ab4039b.min.js
2025/06/23 04:32:19 br /tmp/work/ruffle.min.js -> /output/ruffle.min.js.br
2025/06/23 04:32:19 gz /tmp/work/ruffle.min.js -> /output/ruffle.min.js.gz
2025/06/23 04:32:19 sri /tmp/work/ruffle.js -> /output/ruffle.js.sri
2025/06/23 04:32:19 algorithm: run /usr/bin/brotli --quality=11 --output=/output/ruffle.js.br /tmp/work/ruffle.js
2025/06/23 04:32:19 br /tmp/work/core.ruffle.260cc31f222e5ab4039b.min.js -> /output/core.ruffle.260cc31f222e5ab4039b.min.js.br
2025/06/23 04:32:19 gz /tmp/work/core.ruffle.260cc31f222e5ab4039b.min.js -> /output/core.ruffle.260cc31f222e5ab4039b.min.js.gz
2025/06/23 04:32:19 sri /tmp/work/core.ruffle.260cc31f222e5ab4039b.js -> /output/core.ruffle.260cc31f222e5ab4039b.js.sri
2025/06/23 04:32:19 algorithm: run /usr/bin/brotli --quality=11 --output=/output/core.ruffle.260cc31f222e5ab4039b.js.br /tmp/work/core.ruffle.260cc31f222e5ab4039b.js
2025/06/23 04:32:19 br /tmp/work/core.ruffle.260cc31f222e5ab4039b.js -> /output/core.ruffle.260cc31f222e5ab4039b.js.br
2025/06/23 04:32:19 gz /tmp/work/core.ruffle.260cc31f222e5ab4039b.js -> /output/core.ruffle.260cc31f222e5ab4039b.js.gz
2025/06/23 04:32:19 sri /tmp/work/core.ruffle.2687b70df2b21ac23348.min.js -> /output/core.ruffle.2687b70df2b21ac23348.min.js.sri
2025/06/23 04:32:19 algorithm: run /usr/bin/brotli --quality=11 --output=/output/core.ruffle.2687b70df2b21ac23348.min.js.br /tmp/work/core.ruffle.2687b70df2b21ac23348.min.js
2025/06/23 04:32:19 br /tmp/work/core.ruffle.2687b70df2b21ac23348.min.js -> /output/core.ruffle.2687b70df2b21ac23348.min.js.br
2025/06/23 04:32:19 gz /tmp/work/core.ruffle.2687b70df2b21ac23348.min.js -> /output/core.ruffle.2687b70df2b21ac23348.min.js.gz
2025/06/23 04:32:19 sri /tmp/work/core.ruffle.2687b70df2b21ac23348.js -> /output/core.ruffle.2687b70df2b21ac23348.js.sri
2025/06/23 04:32:19 algorithm: run /usr/bin/brotli --quality=11 --output=/output/core.ruffle.2687b70df2b21ac23348.js.br /tmp/work/core.ruffle.2687b70df2b21ac23348.js
2025/06/23 04:32:20 br /tmp/work/core.ruffle.2687b70df2b21ac23348.js -> /output/core.ruffle.2687b70df2b21ac23348.js.br
2025/06/23 04:32:20 gz /tmp/work/core.ruffle.2687b70df2b21ac23348.js -> /output/core.ruffle.2687b70df2b21ac23348.js.gz
2025/06/23 04:32:20 br /tmp/work/ruffle.js -> /output/ruffle.js.br
2025/06/23 04:32:20 gz /tmp/work/ruffle.js -> /output/ruffle.js.gz
2025/06/23 04:32:55 br /tmp/work/7a1e8ba43274c7b38bc8.wasm -> /output/7a1e8ba43274c7b38bc8.wasm.br
2025/06/23 04:32:55 br /tmp/work/76b1508c3f29b68c8d43.wasm -> /output/76b1508c3f29b68c8d43.wasm.br
2025/06/23 04:32:55 gz /tmp/work/7a1e8ba43274c7b38bc8.wasm -> /output/7a1e8ba43274c7b38bc8.wasm.gz
2025/06/23 04:32:56 gz /tmp/work/76b1508c3f29b68c8d43.wasm -> /output/76b1508c3f29b68c8d43.wasm.gz
2025/06/23 04:32:56 processed ruffle-rs
