2025/09/09 10:30:29 optimizing files (Js true, Css true, Png true, Jpg true)
2025/09/09 10:30:29 /tmp/work/css/columnControl.bootstrap.css already has a compressed version: /tmp/work/css/columnControl.bootstrap.min.css
2025/09/09 10:30:29 /tmp/work/js/columnControl.bootstrap.min.js already has corresponding compressed file
2025/09/09 10:30:29 sri /tmp/work/css/columnControl.bootstrap.min.css -> /output/css/columnControl.bootstrap.min.css.sri
2025/09/09 10:30:29 /tmp/work/js/columnControl.bootstrap.min.js is already compressed
2025/09/09 10:30:29 sri /tmp/work/css/columnControl.bootstrap.css -> /output/css/columnControl.bootstrap.css.sri
2025/09/09 10:30:29 sri /tmp/work/js/columnControl.bootstrap.js -> /output/js/columnControl.bootstrap.js.sri
2025/09/09 10:30:29 sri /tmp/work/js/columnControl.bootstrap.min.js -> /output/js/columnControl.bootstrap.min.js.sri
2025/09/09 10:30:29 algorithm: run /usr/bin/brotli --quality=11 --output=/output/js/columnControl.bootstrap.min.js.br /tmp/work/js/columnControl.bootstrap.min.js
2025/09/09 10:30:29 algorithm: run /usr/bin/brotli --quality=11 --output=/output/css/columnControl.bootstrap.css.br /tmp/work/css/columnControl.bootstrap.css
2025/09/09 10:30:29 algorithm: run /usr/bin/brotli --quality=11 --output=/output/js/columnControl.bootstrap.js.br /tmp/work/js/columnControl.bootstrap.js
2025/09/09 10:30:29 algorithm: run /usr/bin/brotli --quality=11 --output=/output/css/columnControl.bootstrap.min.css.br /tmp/work/css/columnControl.bootstrap.min.css
2025/09/09 10:30:29 br /tmp/work/js/columnControl.bootstrap.min.js -> /output/js/columnControl.bootstrap.min.js.br
2025/09/09 10:30:29 gz /tmp/work/js/columnControl.bootstrap.min.js -> /output/js/columnControl.bootstrap.min.js.gz
2025/09/09 10:30:29 br /tmp/work/js/columnControl.bootstrap.js -> /output/js/columnControl.bootstrap.js.br
2025/09/09 10:30:29 gz /tmp/work/js/columnControl.bootstrap.js -> /output/js/columnControl.bootstrap.js.gz
2025/09/09 10:30:29 br /tmp/work/css/columnControl.bootstrap.css -> /output/css/columnControl.bootstrap.css.br
2025/09/09 10:30:29 gz /tmp/work/css/columnControl.bootstrap.css -> /output/css/columnControl.bootstrap.css.gz
2025/09/09 10:30:29 br /tmp/work/css/columnControl.bootstrap.min.css -> /output/css/columnControl.bootstrap.min.css.br
2025/09/09 10:30:29 gz /tmp/work/css/columnControl.bootstrap.min.css -> /output/css/columnControl.bootstrap.min.css.gz
2025/09/09 10:30:29 processed datatables.net-columncontrol-bs
