config: {"authors":[{"name":"Facebook"}],"autoupdate":{"source":"npm","target":"react-dom","fileMap":[{"basePath":"dist","files":["**/*"]},{"basePath":"","files":["+(cjs|umd)/**/*"]}],"ignoreVersions":["*-alpha.*[a-z]*","0.0.0-*"]},"description":"The entry point of the DOM-related rendering paths. It is intended to be paired with the isomorphic React, which is shipped as react to npm.","filename":"umd/react-dom.production.min.js","homepage":"https://facebook.github.io/react/","keywords":["react","jsx","transformer","view","dom","server"],"license":"MIT","name":"react-dom","repository":{"type":"git","url":"https://github.com/facebook/react"},"author":"Facebook"}
KV keys:
- react-dom/19.1.0-canary-74ea0c73-20250109/cjs/react-dom-client.development.js.br
- react-dom/19.1.0-canary-74ea0c73-20250109/cjs/react-dom-client.development.js.gz
- react-dom/19.1.0-canary-74ea0c73-20250109/cjs/react-dom-client.development.min.js.br
- react-dom/19.1.0-canary-74ea0c73-20250109/cjs/react-dom-client.development.min.js.gz
- react-dom/19.1.0-canary-74ea0c73-20250109/cjs/react-dom-client.production.js.br
- react-dom/19.1.0-canary-74ea0c73-20250109/cjs/react-dom-client.production.js.gz
- react-dom/19.1.0-canary-74ea0c73-20250109/cjs/react-dom-client.production.min.js.br
- react-dom/19.1.0-canary-74ea0c73-20250109/cjs/react-dom-client.production.min.js.gz
- react-dom/19.1.0-canary-74ea0c73-20250109/cjs/react-dom-profiling.development.js.br
- react-dom/19.1.0-canary-74ea0c73-20250109/cjs/react-dom-profiling.development.js.gz
- react-dom/19.1.0-canary-74ea0c73-20250109/cjs/react-dom-profiling.development.min.js.br
- react-dom/19.1.0-canary-74ea0c73-20250109/cjs/react-dom-profiling.development.min.js.gz
- react-dom/19.1.0-canary-74ea0c73-20250109/cjs/react-dom-profiling.profiling.js.br
- react-dom/19.1.0-canary-74ea0c73-20250109/cjs/react-dom-profiling.profiling.js.gz
- react-dom/19.1.0-canary-74ea0c73-20250109/cjs/react-dom-profiling.profiling.min.js.br
- react-dom/19.1.0-canary-74ea0c73-20250109/cjs/react-dom-profiling.profiling.min.js.gz
- react-dom/19.1.0-canary-74ea0c73-20250109/cjs/react-dom-server-legacy.browser.development.js.br
- react-dom/19.1.0-canary-74ea0c73-20250109/cjs/react-dom-server-legacy.browser.development.js.gz
- react-dom/19.1.0-canary-74ea0c73-20250109/cjs/react-dom-server-legacy.browser.development.min.js.br
- react-dom/19.1.0-canary-74ea0c73-20250109/cjs/react-dom-server-legacy.browser.development.min.js.gz
- react-dom/19.1.0-canary-74ea0c73-20250109/cjs/react-dom-server-legacy.browser.production.js.br
- react-dom/19.1.0-canary-74ea0c73-20250109/cjs/react-dom-server-legacy.browser.production.js.gz
- react-dom/19.1.0-canary-74ea0c73-20250109/cjs/react-dom-server-legacy.browser.production.min.js.br
- react-dom/19.1.0-canary-74ea0c73-20250109/cjs/react-dom-server-legacy.browser.production.min.js.gz
- react-dom/19.1.0-canary-74ea0c73-20250109/cjs/react-dom-server-legacy.node.development.js.br
- react-dom/19.1.0-canary-74ea0c73-20250109/cjs/react-dom-server-legacy.node.development.js.gz
- react-dom/19.1.0-canary-74ea0c73-20250109/cjs/react-dom-server-legacy.node.development.min.js.br
- react-dom/19.1.0-canary-74ea0c73-20250109/cjs/react-dom-server-legacy.node.development.min.js.gz
- react-dom/19.1.0-canary-74ea0c73-20250109/cjs/react-dom-server-legacy.node.production.js.br
- react-dom/19.1.0-canary-74ea0c73-20250109/cjs/react-dom-server-legacy.node.production.js.gz
- react-dom/19.1.0-canary-74ea0c73-20250109/cjs/react-dom-server-legacy.node.production.min.js.br
- react-dom/19.1.0-canary-74ea0c73-20250109/cjs/react-dom-server-legacy.node.production.min.js.gz
- react-dom/19.1.0-canary-74ea0c73-20250109/cjs/react-dom-server.browser.development.js.br
- react-dom/19.1.0-canary-74ea0c73-20250109/cjs/react-dom-server.browser.development.js.gz
- react-dom/19.1.0-canary-74ea0c73-20250109/cjs/react-dom-server.browser.development.min.js.br
- react-dom/19.1.0-canary-74ea0c73-20250109/cjs/react-dom-server.browser.development.min.js.gz
- react-dom/19.1.0-canary-74ea0c73-20250109/cjs/react-dom-server.browser.production.js.br
- react-dom/19.1.0-canary-74ea0c73-20250109/cjs/react-dom-server.browser.production.js.gz
- react-dom/19.1.0-canary-74ea0c73-20250109/cjs/react-dom-server.browser.production.min.js.br
- react-dom/19.1.0-canary-74ea0c73-20250109/cjs/react-dom-server.browser.production.min.js.gz
- react-dom/19.1.0-canary-74ea0c73-20250109/cjs/react-dom-server.bun.development.js.br
- react-dom/19.1.0-canary-74ea0c73-20250109/cjs/react-dom-server.bun.development.js.gz
- react-dom/19.1.0-canary-74ea0c73-20250109/cjs/react-dom-server.bun.development.min.js.br
- react-dom/19.1.0-canary-74ea0c73-20250109/cjs/react-dom-server.bun.development.min.js.gz
- react-dom/19.1.0-canary-74ea0c73-20250109/cjs/react-dom-server.bun.production.js.br
- react-dom/19.1.0-canary-74ea0c73-20250109/cjs/react-dom-server.bun.production.js.gz
- react-dom/19.1.0-canary-74ea0c73-20250109/cjs/react-dom-server.bun.production.min.js.br
- react-dom/19.1.0-canary-74ea0c73-20250109/cjs/react-dom-server.bun.production.min.js.gz
- react-dom/19.1.0-canary-74ea0c73-20250109/cjs/react-dom-server.edge.development.js.br
- react-dom/19.1.0-canary-74ea0c73-20250109/cjs/react-dom-server.edge.development.js.gz
- react-dom/19.1.0-canary-74ea0c73-20250109/cjs/react-dom-server.edge.development.min.js.br
- react-dom/19.1.0-canary-74ea0c73-20250109/cjs/react-dom-server.edge.development.min.js.gz
- react-dom/19.1.0-canary-74ea0c73-20250109/cjs/react-dom-server.edge.production.js.br
- react-dom/19.1.0-canary-74ea0c73-20250109/cjs/react-dom-server.edge.production.js.gz
- react-dom/19.1.0-canary-74ea0c73-20250109/cjs/react-dom-server.edge.production.min.js.br
- react-dom/19.1.0-canary-74ea0c73-20250109/cjs/react-dom-server.edge.production.min.js.gz
- react-dom/19.1.0-canary-74ea0c73-20250109/cjs/react-dom-server.node.development.js.br
- react-dom/19.1.0-canary-74ea0c73-20250109/cjs/react-dom-server.node.development.js.gz
- react-dom/19.1.0-canary-74ea0c73-20250109/cjs/react-dom-server.node.development.min.js.br
- react-dom/19.1.0-canary-74ea0c73-20250109/cjs/react-dom-server.node.development.min.js.gz
- react-dom/19.1.0-canary-74ea0c73-20250109/cjs/react-dom-server.node.production.js.br
- react-dom/19.1.0-canary-74ea0c73-20250109/cjs/react-dom-server.node.production.js.gz
- react-dom/19.1.0-canary-74ea0c73-20250109/cjs/react-dom-server.node.production.min.js.br
- react-dom/19.1.0-canary-74ea0c73-20250109/cjs/react-dom-server.node.production.min.js.gz
- react-dom/19.1.0-canary-74ea0c73-20250109/cjs/react-dom-test-utils.development.js.br
- react-dom/19.1.0-canary-74ea0c73-20250109/cjs/react-dom-test-utils.development.js.gz
- react-dom/19.1.0-canary-74ea0c73-20250109/cjs/react-dom-test-utils.development.min.js.br
- react-dom/19.1.0-canary-74ea0c73-20250109/cjs/react-dom-test-utils.development.min.js.gz
- react-dom/19.1.0-canary-74ea0c73-20250109/cjs/react-dom-test-utils.production.js.br
- react-dom/19.1.0-canary-74ea0c73-20250109/cjs/react-dom-test-utils.production.js.gz
- react-dom/19.1.0-canary-74ea0c73-20250109/cjs/react-dom-test-utils.production.min.js.br
- react-dom/19.1.0-canary-74ea0c73-20250109/cjs/react-dom-test-utils.production.min.js.gz
- react-dom/19.1.0-canary-74ea0c73-20250109/cjs/react-dom.development.js.br
- react-dom/19.1.0-canary-74ea0c73-20250109/cjs/react-dom.development.js.gz
- react-dom/19.1.0-canary-74ea0c73-20250109/cjs/react-dom.development.min.js.br
- react-dom/19.1.0-canary-74ea0c73-20250109/cjs/react-dom.development.min.js.gz
- react-dom/19.1.0-canary-74ea0c73-20250109/cjs/react-dom.production.js.br
- react-dom/19.1.0-canary-74ea0c73-20250109/cjs/react-dom.production.js.gz
- react-dom/19.1.0-canary-74ea0c73-20250109/cjs/react-dom.production.min.js.br
- react-dom/19.1.0-canary-74ea0c73-20250109/cjs/react-dom.production.min.js.gz
- react-dom/19.1.0-canary-74ea0c73-20250109/cjs/react-dom.react-server.development.js.br
- react-dom/19.1.0-canary-74ea0c73-20250109/cjs/react-dom.react-server.development.js.gz
- react-dom/19.1.0-canary-74ea0c73-20250109/cjs/react-dom.react-server.development.min.js.br
- react-dom/19.1.0-canary-74ea0c73-20250109/cjs/react-dom.react-server.development.min.js.gz
- react-dom/19.1.0-canary-74ea0c73-20250109/cjs/react-dom.react-server.production.js.br
- react-dom/19.1.0-canary-74ea0c73-20250109/cjs/react-dom.react-server.production.js.gz
- react-dom/19.1.0-canary-74ea0c73-20250109/cjs/react-dom.react-server.production.min.js.br
- react-dom/19.1.0-canary-74ea0c73-20250109/cjs/react-dom.react-server.production.min.js.gz
SRIs:
- react-dom/19.1.0-canary-74ea0c73-20250109/cjs/react-dom-server-legacy.browser.production.min.js: sha512-rrgzKxQi4LDMaknPHeNXOxQQAiZ6ZxsWWZqnKgZ1x7+NW+mzORr+gPIWwYs7+7dXOsLP1tVjimkSaNUEC8bTew==
- react-dom/19.1.0-canary-74ea0c73-20250109/cjs/react-dom-server-legacy.node.development.min.js: sha512-v6APw67xXaLwbn6IvP+DyUQCGW8LrOJfwsl/2nbp8JvcqXliUgEISOzezoL7f2ilSreeIu77eyy8RrRf+EYbuw==
- react-dom/19.1.0-canary-74ea0c73-20250109/cjs/react-dom-server.edge.development.js: sha512-Ky/vDOUhKiXPHxmXLTzsdzLnbQiFdwxKlsGom4aW/+QyQFB1ntVdxdTsIjSJA+ZfERGMkCDve1/diV45rtLNnA==
- react-dom/19.1.0-canary-74ea0c73-20250109/cjs/react-dom-test-utils.production.js: sha512-jkoqaAph1QG0Rsi5v6QFKgNiVbYZAAHnJAMKrsaEng593GKYE7QdBtHNvNEnyJXhBy7MahqaZvPLT30h+DAZig==
- react-dom/19.1.0-canary-74ea0c73-20250109/cjs/react-dom-test-utils.production.min.js: sha512-7i9t0ZObhvtf6bXCbuUPUW3AkdvGjkN3wJ+Wy1eNzrakcrYWQ2mieiZloe9pfdNx7c3ye/zhZFjluDQttG0gpw==
- react-dom/19.1.0-canary-74ea0c73-20250109/cjs/react-dom.development.js: sha512-g/XS//II4atq+cnwaf36ilnw0gKBu7pE6N0ZH69WQ0vbv1C7MX4/l3/aI9s/bkdO2tfQaejY/ir2b+cFTcfpiQ==
- react-dom/19.1.0-canary-74ea0c73-20250109/cjs/react-dom-client.development.js: sha512-NeQkMEw5mT1OzRtVOvRADCN8ic2/ueWuFSaUi7SVuWaQlND/psctBpju8zqb9xVNAtRJ38jq0dYUAgx4VPYElQ==
- react-dom/19.1.0-canary-74ea0c73-20250109/cjs/react-dom-profiling.profiling.js: sha512-1BDqSaY4zu6+V4TxnPgH3sOIdRq5D3Xp2eQ4VZ2Hhk9wfSxyrQSAowHLLtap3pxf9j7ZZ6dvsjeIPQFmfWK9iQ==
- react-dom/19.1.0-canary-74ea0c73-20250109/cjs/react-dom-profiling.profiling.min.js: sha512-VHLQc68QQWUPIlfTYcGpTn1AAhCDxXQpssFWnyv4whtTDM/QcHho4pq3pnaYb9OAX3THAx5qHl6cJW4Gt/v/kQ==
- react-dom/19.1.0-canary-74ea0c73-20250109/cjs/react-dom-server.edge.production.js: sha512-MCSXik+3Cpk6QSDdw28ecs5oWfI9AaaGhUTrhnFDNykGSqiDnuTi2cJxz3SAkPHilt9p+zf0NQ36iaNNG8+gCg==
- react-dom/19.1.0-canary-74ea0c73-20250109/cjs/react-dom.react-server.development.js: sha512-xtgIZWtiYnWH5Vo0fMIiDh3zjjYL1DsvWSrZ8FFjDMUbhGswqXX6vbifrTpHp0scFp/4vImPpaA8R+yyjUOLXg==
- react-dom/19.1.0-canary-74ea0c73-20250109/cjs/react-dom-profiling.development.js: sha512-rQsTG7YJt70E0Ih68nBREan4+T4NDOuI0siXmFXTgYRg14L/1MBk4T7Wv50MD8jJMJKNVqjOaic9detq9qnOkw==
- react-dom/19.1.0-canary-74ea0c73-20250109/cjs/react-dom-profiling.development.min.js: sha512-ZL9yuoR+fSFq91qj95BER6MIS38BbjPug+4kgXDEFYPeXWp+c7CJpqmH4o5iBHpANKqiPvz+t272ETuijftRLg==
- react-dom/19.1.0-canary-74ea0c73-20250109/cjs/react-dom-server-legacy.node.development.js: sha512-/PABaAYozPnBLDjUPFk2cTCGlj3DQL0UavbfJfxPvfWlz6SrV9TVD9H76cgIJQJjShSfJI7U68T8/LrhTSGXew==
- react-dom/19.1.0-canary-74ea0c73-20250109/cjs/react-dom-server.browser.development.js: sha512-y13wwhefCKpe3lkUYWFgJ4VBny7sN0AbGRalThTi1DRRbIJZ4BUe2dgfe3Lga5+JsUfT6oEVDd0dQJ2euT5ZGw==
- react-dom/19.1.0-canary-74ea0c73-20250109/cjs/react-dom-server.edge.development.min.js: sha512-BaHwpDZaahmSyod1vK30KShuojOwouq4NbaVS3c2D4qLjbRookvE80hiShLrlnsBkByqP51eIgZ29Y8Xx9YYkw==
- react-dom/19.1.0-canary-74ea0c73-20250109/cjs/react-dom-test-utils.development.min.js: sha512-zZ3i3o1rgGlQugRndFsHwrDh56QBL4RxBWQsEEZKtI4fmkztffLhS4URazWEluTDK6af7E2vJnk0cDWvTJmBIA==
- react-dom/19.1.0-canary-74ea0c73-20250109/cjs/react-dom.production.min.js: sha512-2AxRe/y2Nq9bmtk+a8P5rfpmOtzFXn2CcHw900CA6+Gi9VIC5SYfkMicO1Z/y3igRw4ahSZgAQDyDgonQ0qO4g==
- react-dom/19.1.0-canary-74ea0c73-20250109/cjs/react-dom-client.development.min.js: sha512-a1+un0lMLbIO5nS4UE2bohrHNSwR1ALGvc8JOZ64I82LeAFdyCfSNDPDfUDuUNclrl3sOwr2wIZ7Fa/qFw+eKA==
- react-dom/19.1.0-canary-74ea0c73-20250109/cjs/react-dom-server-legacy.browser.production.js: sha512-En76dM3xIIIjsljFBmvYPvCuuSUuskiS4p/MVcHl1YH4J3W1WCcDhNInazk6VS622q+6ukiykTwJ4ox7fX4qXw==
- react-dom/19.1.0-canary-74ea0c73-20250109/cjs/react-dom-server.bun.production.min.js: sha512-mgi0P56ZFNauG1sqZaSGuQJeVF7JKWpKsKFp6tIhVA5SGrRdh1/zTOWpp/GHV0+kzhv64xhOnoWWuRuFOUc9Cw==
- react-dom/19.1.0-canary-74ea0c73-20250109/cjs/react-dom-server.node.production.js: sha512-+gvHWr84u1QNqANZLEFLSX8eCLDMZ4aArmn1V/YGipziwVTdjYtd+vwgsCyP82IZbBcr/sevcx0c2nyfHJXQPQ==
- react-dom/19.1.0-canary-74ea0c73-20250109/cjs/react-dom-server-legacy.node.production.min.js: sha512-W+ZSOrIZXWmRWcaKkaxGN0grFiniDOhU+42Ynp5Tl/EeSw0ZLvQpvF6LFj/25SDcOQHy8Iee1Wxk8SIA/EL8kQ==
- react-dom/19.1.0-canary-74ea0c73-20250109/cjs/react-dom-server.edge.production.min.js: sha512-zilA/2PaWdMtoZXJGhSiYCNNikCRAz32Inhk7gnN86f29PsgK5Ohcg9qTSJmgz39PSrFi8vT5RwQt8SvaAZyBg==
- react-dom/19.1.0-canary-74ea0c73-20250109/cjs/react-dom-server.node.development.min.js: sha512-lh1PnD+tpt9G+lAhlpPYsarKRYJZZrHqhFsSg1v1Xnw/qiTuZ1Pf/2EKPFYUmXkTqF4R0nnwN1hZYgBwBzAmnw==
- react-dom/19.1.0-canary-74ea0c73-20250109/cjs/react-dom-server.node.production.min.js: sha512-is0+fPQ4fm+xB9ijcYbvCc846gHc/KpOSav+4xMM8hT4mG3hYUmdCRm2iyIdYAPA0NT+uNjrOr7Tu6xiVQzNJA==
- react-dom/19.1.0-canary-74ea0c73-20250109/cjs/react-dom.react-server.development.min.js: sha512-rzs1uLj3eqxblFpznZ34ud0I04RgTJ1bn+SeV89USLVs4NrfKbxbn9pPYZCp5NrrKGRsTkVzDq3gtSxJlFrGhQ==
- react-dom/19.1.0-canary-74ea0c73-20250109/cjs/react-dom.react-server.production.min.js: sha512-+iM+jnTucqvkSrM3SCGsZE+Qly17sAI127+fSMtEIJl64SdVEg2WkLCcyiZVo6TSutpkDmf94Fpuw5CI/BaMNg==
- react-dom/19.1.0-canary-74ea0c73-20250109/cjs/react-dom-client.production.min.js: sha512-3IlJX9/HkymX+Pbo0Ys8Ac9b9eC0XvwWK509YFrjkjnYVlIF5J1Fd/SJ15TGBpd2UTz6t3Ile3/yG8e6CCAN9A==
- react-dom/19.1.0-canary-74ea0c73-20250109/cjs/react-dom-server-legacy.node.production.js: sha512-xbWap2a3IsnAPd9R0dlDiq/expo73Z2gOnISeAP0czcJYC0GiFefyrM6OdWMOLdfoUShWJY61DTbEtqcpUty0g==
- react-dom/19.1.0-canary-74ea0c73-20250109/cjs/react-dom.production.js: sha512-R+3BSXDOK9JinRvaOMaUGAgsdPMBHipYl/vW+F0aI40AVE+TsCZss2iOeN8afp3VFzRM8dYk+VSLUZwKssbyiw==
- react-dom/19.1.0-canary-74ea0c73-20250109/cjs/react-dom-server.browser.development.min.js: sha512-GVDjhoUwoAnU7JudyaEHyECgikHERUcg3CMC3Q8CYmdENM1gAs712dPZzDcCQ7rPshPa6ECpxG1jj59hvokIOg==
- react-dom/19.1.0-canary-74ea0c73-20250109/cjs/react-dom-server.bun.development.min.js: sha512-O3YExliU63cjuLxl4vJcL04fEh9yp2MdW+q8PFlS2a3luDfdTmAs+pichzJj8beV8tlF4t7ydgnyWa2i+Y2xCg==
- react-dom/19.1.0-canary-74ea0c73-20250109/cjs/react-dom-server.browser.production.js: sha512-BvpdT0+mAw3lRgLo/wov/mtDXhJOqoxscf1bdcumX9l4BvI6t/6YEnpyuSxiEVR92xvnd0PQBreYwCnU1GcL5w==
- react-dom/19.1.0-canary-74ea0c73-20250109/cjs/react-dom-server.browser.production.min.js: sha512-+rwTCD8us5fAakH3wr8HM4ZDA2rW8n1lD7OfHbyhJtlK9ywwhuV05oyHMrupaMH70YumE83EBUO2+IxfTRo4AQ==
- react-dom/19.1.0-canary-74ea0c73-20250109/cjs/react-dom-server.bun.production.js: sha512-izq45QVAqytiHir4BKYTsYP62rkD2i8EKzemk3Yr3j5Oorpf4l8y55n/4upmH5+axtorqlPbuuz3s4372mHkqg==
- react-dom/19.1.0-canary-74ea0c73-20250109/cjs/react-dom-server.node.development.js: sha512-lzxIvOKPn3WWydgVZKnyS6YzSmtXDR6HGMYVsjnVuDQRM5eZezSzhC5L1eu0YQyRq2ViprQYB4U85e/wl7bUPg==
- react-dom/19.1.0-canary-74ea0c73-20250109/cjs/react-dom-test-utils.development.js: sha512-WXOi4X8urnIYjwhn0/ettuwKqfPkRU/SKLAds31Ovg5w/cL3iy7GWQh8DdbUx1afVOJUwhU48fDqX1prORciCQ==
- react-dom/19.1.0-canary-74ea0c73-20250109/cjs/react-dom.development.min.js: sha512-agHDyvW6V3dttV8BKXfwFwnkLQvePeC8zFV2icvty8WtEtRKd3Pk5tXfoz4U0ZuI5pXvyYb43OBoetDZY3jQ8Q==
- react-dom/19.1.0-canary-74ea0c73-20250109/cjs/react-dom-client.production.js: sha512-fPeh45eq5uYr/WhuINarXgpSkUrrXAw/EqiXnK22fZNInHFIQE9WQB9+uu53MniPj2+QsfcbuJZjq03LEsyFCg==
- react-dom/19.1.0-canary-74ea0c73-20250109/cjs/react-dom-server-legacy.browser.development.min.js: sha512-GqxAsp/mYuDCwzi9guqM96rymx5pK1Jvwt7Iv+0k4/qxHRIuboywXoj3NrHvsA/btN4EFNxnew6xQoYR9UxSCw==
- react-dom/19.1.0-canary-74ea0c73-20250109/cjs/react-dom.react-server.production.js: sha512-8a79beWjjrvYvcb+gSg7BRwB1VMKeNRsEOiKFhUOQBuIndeEZGeoBfMqG9no+xMBVGLU2enOIwf19oRTtkG0qQ==
- react-dom/19.1.0-canary-74ea0c73-20250109/cjs/react-dom-server-legacy.browser.development.js: sha512-odl9awT6id12eD/HieR3PnHBQTSOtZrI8FD+N7xeHAGaUzV2BBgi2tR54gaNaYSI1WphTK134qkFt7SIkHgvpQ==
- react-dom/19.1.0-canary-74ea0c73-20250109/cjs/react-dom-server.bun.development.js: sha512-+7jWBLfAuHjRzq9f+W2GJ7LfueI+6YhHiB9ZPGDk051+SG5jsHmDWFiYMKamLw2mExBVVmYZJcUG4mPfMUFv0w==
