config: {"authors":[{"name":"Harbour Enterprises"}],"autoupdate":{"source":"npm","target":"@harbour-enterprises/superdoc","fileMap":[{"basePath":"dist","files":["*.js","*.css"]}]},"description":"The modern collaborative document editor for the web","filename":"superdoc.umd.min.js","homepage":"https://superdoc.dev","keywords":["document","editor","collaborative","docx","pdf","word","real-time","collaboration","microsoft-word","document-editing","rich-text","text-editor","docx-rich-text-editor"],"license":"AGPL-3.0","name":"superdoc","repository":{"type":"git","url":"https://github.com/Harbour-Enterprises/SuperDoc"},"author":"Harbour Enterprises"}
KV keys:
- superdoc/0.15.2-next.5/style.css.br
- superdoc/0.15.2-next.5/style.css.gz
- superdoc/0.15.2-next.5/style.min.css.br
- superdoc/0.15.2-next.5/style.min.css.gz
- superdoc/0.15.2-next.5/super-editor.es.js.br
- superdoc/0.15.2-next.5/super-editor.es.js.gz
- superdoc/0.15.2-next.5/super-editor.es.min.js.br
- superdoc/0.15.2-next.5/super-editor.es.min.js.gz
- superdoc/0.15.2-next.5/superdoc.es.js.br
- superdoc/0.15.2-next.5/superdoc.es.js.gz
- superdoc/0.15.2-next.5/superdoc.umd.js.br
- superdoc/0.15.2-next.5/superdoc.umd.js.gz
- superdoc/0.15.2-next.5/superdoc.umd.min.js.br
- superdoc/0.15.2-next.5/superdoc.umd.min.js.gz
SRIs:
- superdoc/0.15.2-next.5/style.css: sha512-4ApMy+pxaZBvrufAUKRk7nsHNClngeWuT68KZcpR9EaMnAd5oSto20UZsW67l9oI7wZ1iKXPh7fVQHJHjG4XzA==
- superdoc/0.15.2-next.5/style.min.css: sha512-XXxScaHlEFoTL/BKtDy+5bIWOeCeJB3/XT3zq9GzVZr/HDakCc+rNmuHtqQLYLicKUw3rb4Gi7DnX0dyZfkN1w==
- superdoc/0.15.2-next.5/super-editor.es.js: sha512-rLKi0i65DOes0jDmMDU5FZLlumJd+sxX2FbZ2h7STB7gFGyAOkWfkmnIr39LezYQNfol1Tc5ZHJzycNAegCVJQ==
- superdoc/0.15.2-next.5/super-editor.es.min.js: sha512-5gAlGOxlljtG239G9heJDdpxkiYhvbpHn1t9sNyoNWsZbUDFok7SlxHdrfbnOjdID6mXs/pmzshDXU5kGNb4rA==
- superdoc/0.15.2-next.5/superdoc.es.js: sha512-Sij/v2d57hSXOPvXe+h/xU2PRV+JPlZS+5rZUmmIh4qkYTCBsnNuole+vtzjYIfreyX1AmPkkFTaLqPKPja5qg==
- superdoc/0.15.2-next.5/superdoc.umd.js: sha512-f1F8G64+0fQbVvLHfmFD1xMNcy6fN5birNmKDnknJVLQUPFoNG/UpbRs35JmNag79adWMV6Kn5N/8ymudyCbmg==
- superdoc/0.15.2-next.5/superdoc.umd.min.js: sha512-Ux8X2rOzQFMI0+Y6zvvVpCatQaEP9T3gqhVGrmjm4c04Ug9+Pt72PK+07r79X+BZrbCscJmxbypfgb6iXIA1TQ==
