config: {"authors":[{"name":"Firebase","email":"firebase-support@google.com","url":"https://firebase.google.com/"}],"autoupdate":{"source":"npm","target":"firebase","fileMap":[{"basePath":"","files":["firebase*.+(js|map)"]},{"basePath":"lib","files":["firebase*.+(js|map)"]},{"basePath":"dist","files":["firebase*.+(js|map)"]}],"ignoreVersions":["*-canary.*"]},"description":"Firebase JavaScript library for web and Node.js","filename":"firebase.js","homepage":"https://firebase.google.com/","keywords":["authentication","database","Firebase","firebase","realtime","storage"],"license":"Apache-2.0","name":"firebase","repository":{"type":"git","url":"https://github.com/firebase/firebase-js-sdk.git"},"author":"Firebase \u003cfirebase-support@google.com\u003e (https://firebase.google.com/)"}
KV keys:
- firebase/11.6.0-eap-vertexai-hybridinference.e83974308/firebase-analytics-compat.js.br
- firebase/11.6.0-eap-vertexai-hybridinference.e83974308/firebase-analytics-compat.js.gz
- firebase/11.6.0-eap-vertexai-hybridinference.e83974308/firebase-analytics-compat.js.map.br
- firebase/11.6.0-eap-vertexai-hybridinference.e83974308/firebase-analytics-compat.js.map.gz
- firebase/11.6.0-eap-vertexai-hybridinference.e83974308/firebase-analytics-compat.min.js.br
- firebase/11.6.0-eap-vertexai-hybridinference.e83974308/firebase-analytics-compat.min.js.gz
- firebase/11.6.0-eap-vertexai-hybridinference.e83974308/firebase-analytics.js.br
- firebase/11.6.0-eap-vertexai-hybridinference.e83974308/firebase-analytics.js.gz
- firebase/11.6.0-eap-vertexai-hybridinference.e83974308/firebase-analytics.js.map.br
- firebase/11.6.0-eap-vertexai-hybridinference.e83974308/firebase-analytics.js.map.gz
- firebase/11.6.0-eap-vertexai-hybridinference.e83974308/firebase-analytics.min.js.br
- firebase/11.6.0-eap-vertexai-hybridinference.e83974308/firebase-analytics.min.js.gz
- firebase/11.6.0-eap-vertexai-hybridinference.e83974308/firebase-app-check-compat.js.br
- firebase/11.6.0-eap-vertexai-hybridinference.e83974308/firebase-app-check-compat.js.gz
- firebase/11.6.0-eap-vertexai-hybridinference.e83974308/firebase-app-check-compat.js.map.br
- firebase/11.6.0-eap-vertexai-hybridinference.e83974308/firebase-app-check-compat.js.map.gz
- firebase/11.6.0-eap-vertexai-hybridinference.e83974308/firebase-app-check-compat.min.js.br
- firebase/11.6.0-eap-vertexai-hybridinference.e83974308/firebase-app-check-compat.min.js.gz
- firebase/11.6.0-eap-vertexai-hybridinference.e83974308/firebase-app-check.js.br
- firebase/11.6.0-eap-vertexai-hybridinference.e83974308/firebase-app-check.js.gz
- firebase/11.6.0-eap-vertexai-hybridinference.e83974308/firebase-app-check.js.map.br
- firebase/11.6.0-eap-vertexai-hybridinference.e83974308/firebase-app-check.js.map.gz
- firebase/11.6.0-eap-vertexai-hybridinference.e83974308/firebase-app-check.min.js.br
- firebase/11.6.0-eap-vertexai-hybridinference.e83974308/firebase-app-check.min.js.gz
- firebase/11.6.0-eap-vertexai-hybridinference.e83974308/firebase-app-compat.js.br
- firebase/11.6.0-eap-vertexai-hybridinference.e83974308/firebase-app-compat.js.gz
- firebase/11.6.0-eap-vertexai-hybridinference.e83974308/firebase-app-compat.js.map.br
- firebase/11.6.0-eap-vertexai-hybridinference.e83974308/firebase-app-compat.js.map.gz
- firebase/11.6.0-eap-vertexai-hybridinference.e83974308/firebase-app-compat.min.js.br
- firebase/11.6.0-eap-vertexai-hybridinference.e83974308/firebase-app-compat.min.js.gz
- firebase/11.6.0-eap-vertexai-hybridinference.e83974308/firebase-app.js.br
- firebase/11.6.0-eap-vertexai-hybridinference.e83974308/firebase-app.js.gz
- firebase/11.6.0-eap-vertexai-hybridinference.e83974308/firebase-app.js.map.br
- firebase/11.6.0-eap-vertexai-hybridinference.e83974308/firebase-app.js.map.gz
- firebase/11.6.0-eap-vertexai-hybridinference.e83974308/firebase-app.min.js.br
- firebase/11.6.0-eap-vertexai-hybridinference.e83974308/firebase-app.min.js.gz
- firebase/11.6.0-eap-vertexai-hybridinference.e83974308/firebase-auth-compat.js.br
- firebase/11.6.0-eap-vertexai-hybridinference.e83974308/firebase-auth-compat.js.gz
- firebase/11.6.0-eap-vertexai-hybridinference.e83974308/firebase-auth-compat.js.map.br
- firebase/11.6.0-eap-vertexai-hybridinference.e83974308/firebase-auth-compat.js.map.gz
- firebase/11.6.0-eap-vertexai-hybridinference.e83974308/firebase-auth-compat.min.js.br
- firebase/11.6.0-eap-vertexai-hybridinference.e83974308/firebase-auth-compat.min.js.gz
- firebase/11.6.0-eap-vertexai-hybridinference.e83974308/firebase-auth-cordova.js.br
- firebase/11.6.0-eap-vertexai-hybridinference.e83974308/firebase-auth-cordova.js.gz
- firebase/11.6.0-eap-vertexai-hybridinference.e83974308/firebase-auth-cordova.js.map.br
- firebase/11.6.0-eap-vertexai-hybridinference.e83974308/firebase-auth-cordova.js.map.gz
- firebase/11.6.0-eap-vertexai-hybridinference.e83974308/firebase-auth-cordova.min.js.br
- firebase/11.6.0-eap-vertexai-hybridinference.e83974308/firebase-auth-cordova.min.js.gz
- firebase/11.6.0-eap-vertexai-hybridinference.e83974308/firebase-auth-web-extension.js.br
- firebase/11.6.0-eap-vertexai-hybridinference.e83974308/firebase-auth-web-extension.js.gz
- firebase/11.6.0-eap-vertexai-hybridinference.e83974308/firebase-auth-web-extension.js.map.br
- firebase/11.6.0-eap-vertexai-hybridinference.e83974308/firebase-auth-web-extension.js.map.gz
- firebase/11.6.0-eap-vertexai-hybridinference.e83974308/firebase-auth-web-extension.min.js.br
- firebase/11.6.0-eap-vertexai-hybridinference.e83974308/firebase-auth-web-extension.min.js.gz
- firebase/11.6.0-eap-vertexai-hybridinference.e83974308/firebase-auth.js.br
- firebase/11.6.0-eap-vertexai-hybridinference.e83974308/firebase-auth.js.gz
- firebase/11.6.0-eap-vertexai-hybridinference.e83974308/firebase-auth.js.map.br
- firebase/11.6.0-eap-vertexai-hybridinference.e83974308/firebase-auth.js.map.gz
- firebase/11.6.0-eap-vertexai-hybridinference.e83974308/firebase-auth.min.js.br
- firebase/11.6.0-eap-vertexai-hybridinference.e83974308/firebase-auth.min.js.gz
- firebase/11.6.0-eap-vertexai-hybridinference.e83974308/firebase-compat.js.br
- firebase/11.6.0-eap-vertexai-hybridinference.e83974308/firebase-compat.js.gz
- firebase/11.6.0-eap-vertexai-hybridinference.e83974308/firebase-compat.js.map.br
- firebase/11.6.0-eap-vertexai-hybridinference.e83974308/firebase-compat.js.map.gz
- firebase/11.6.0-eap-vertexai-hybridinference.e83974308/firebase-compat.min.js.br
- firebase/11.6.0-eap-vertexai-hybridinference.e83974308/firebase-compat.min.js.gz
- firebase/11.6.0-eap-vertexai-hybridinference.e83974308/firebase-data-connect.js.br
- firebase/11.6.0-eap-vertexai-hybridinference.e83974308/firebase-data-connect.js.gz
- firebase/11.6.0-eap-vertexai-hybridinference.e83974308/firebase-data-connect.js.map.br
- firebase/11.6.0-eap-vertexai-hybridinference.e83974308/firebase-data-connect.js.map.gz
- firebase/11.6.0-eap-vertexai-hybridinference.e83974308/firebase-data-connect.min.js.br
- firebase/11.6.0-eap-vertexai-hybridinference.e83974308/firebase-data-connect.min.js.gz
- firebase/11.6.0-eap-vertexai-hybridinference.e83974308/firebase-database-compat.js.br
- firebase/11.6.0-eap-vertexai-hybridinference.e83974308/firebase-database-compat.js.gz
- firebase/11.6.0-eap-vertexai-hybridinference.e83974308/firebase-database-compat.js.map.br
- firebase/11.6.0-eap-vertexai-hybridinference.e83974308/firebase-database-compat.js.map.gz
- firebase/11.6.0-eap-vertexai-hybridinference.e83974308/firebase-database-compat.min.js.br
- firebase/11.6.0-eap-vertexai-hybridinference.e83974308/firebase-database-compat.min.js.gz
- firebase/11.6.0-eap-vertexai-hybridinference.e83974308/firebase-database.js.br
- firebase/11.6.0-eap-vertexai-hybridinference.e83974308/firebase-database.js.gz
- firebase/11.6.0-eap-vertexai-hybridinference.e83974308/firebase-database.js.map.br
- firebase/11.6.0-eap-vertexai-hybridinference.e83974308/firebase-database.js.map.gz
- firebase/11.6.0-eap-vertexai-hybridinference.e83974308/firebase-database.min.js.br
- firebase/11.6.0-eap-vertexai-hybridinference.e83974308/firebase-database.min.js.gz
- firebase/11.6.0-eap-vertexai-hybridinference.e83974308/firebase-firestore-compat.js.br
- firebase/11.6.0-eap-vertexai-hybridinference.e83974308/firebase-firestore-compat.js.gz
- firebase/11.6.0-eap-vertexai-hybridinference.e83974308/firebase-firestore-compat.js.map.br
- firebase/11.6.0-eap-vertexai-hybridinference.e83974308/firebase-firestore-compat.js.map.gz
- firebase/11.6.0-eap-vertexai-hybridinference.e83974308/firebase-firestore-compat.min.js.br
- firebase/11.6.0-eap-vertexai-hybridinference.e83974308/firebase-firestore-compat.min.js.gz
- firebase/11.6.0-eap-vertexai-hybridinference.e83974308/firebase-firestore-lite.js.br
- firebase/11.6.0-eap-vertexai-hybridinference.e83974308/firebase-firestore-lite.js.gz
- firebase/11.6.0-eap-vertexai-hybridinference.e83974308/firebase-firestore-lite.js.map.br
- firebase/11.6.0-eap-vertexai-hybridinference.e83974308/firebase-firestore-lite.js.map.gz
- firebase/11.6.0-eap-vertexai-hybridinference.e83974308/firebase-firestore-lite.min.js.br
- firebase/11.6.0-eap-vertexai-hybridinference.e83974308/firebase-firestore-lite.min.js.gz
- firebase/11.6.0-eap-vertexai-hybridinference.e83974308/firebase-firestore.js.br
- firebase/11.6.0-eap-vertexai-hybridinference.e83974308/firebase-firestore.js.gz
- firebase/11.6.0-eap-vertexai-hybridinference.e83974308/firebase-firestore.js.map.br
- firebase/11.6.0-eap-vertexai-hybridinference.e83974308/firebase-firestore.js.map.gz
- firebase/11.6.0-eap-vertexai-hybridinference.e83974308/firebase-firestore.min.js.br
- firebase/11.6.0-eap-vertexai-hybridinference.e83974308/firebase-firestore.min.js.gz
- firebase/11.6.0-eap-vertexai-hybridinference.e83974308/firebase-functions-compat.js.br
- firebase/11.6.0-eap-vertexai-hybridinference.e83974308/firebase-functions-compat.js.gz
- firebase/11.6.0-eap-vertexai-hybridinference.e83974308/firebase-functions-compat.js.map.br
- firebase/11.6.0-eap-vertexai-hybridinference.e83974308/firebase-functions-compat.js.map.gz
- firebase/11.6.0-eap-vertexai-hybridinference.e83974308/firebase-functions-compat.min.js.br
- firebase/11.6.0-eap-vertexai-hybridinference.e83974308/firebase-functions-compat.min.js.gz
- firebase/11.6.0-eap-vertexai-hybridinference.e83974308/firebase-functions.js.br
- firebase/11.6.0-eap-vertexai-hybridinference.e83974308/firebase-functions.js.gz
- firebase/11.6.0-eap-vertexai-hybridinference.e83974308/firebase-functions.js.map.br
- firebase/11.6.0-eap-vertexai-hybridinference.e83974308/firebase-functions.js.map.gz
- firebase/11.6.0-eap-vertexai-hybridinference.e83974308/firebase-functions.min.js.br
- firebase/11.6.0-eap-vertexai-hybridinference.e83974308/firebase-functions.min.js.gz
- firebase/11.6.0-eap-vertexai-hybridinference.e83974308/firebase-installations-compat.js.br
- firebase/11.6.0-eap-vertexai-hybridinference.e83974308/firebase-installations-compat.js.gz
- firebase/11.6.0-eap-vertexai-hybridinference.e83974308/firebase-installations-compat.js.map.br
- firebase/11.6.0-eap-vertexai-hybridinference.e83974308/firebase-installations-compat.js.map.gz
- firebase/11.6.0-eap-vertexai-hybridinference.e83974308/firebase-installations-compat.min.js.br
- firebase/11.6.0-eap-vertexai-hybridinference.e83974308/firebase-installations-compat.min.js.gz
- firebase/11.6.0-eap-vertexai-hybridinference.e83974308/firebase-installations.js.br
- firebase/11.6.0-eap-vertexai-hybridinference.e83974308/firebase-installations.js.gz
- firebase/11.6.0-eap-vertexai-hybridinference.e83974308/firebase-installations.js.map.br
- firebase/11.6.0-eap-vertexai-hybridinference.e83974308/firebase-installations.js.map.gz
- firebase/11.6.0-eap-vertexai-hybridinference.e83974308/firebase-installations.min.js.br
- firebase/11.6.0-eap-vertexai-hybridinference.e83974308/firebase-installations.min.js.gz
- firebase/11.6.0-eap-vertexai-hybridinference.e83974308/firebase-messaging-compat.js.br
- firebase/11.6.0-eap-vertexai-hybridinference.e83974308/firebase-messaging-compat.js.gz
- firebase/11.6.0-eap-vertexai-hybridinference.e83974308/firebase-messaging-compat.js.map.br
- firebase/11.6.0-eap-vertexai-hybridinference.e83974308/firebase-messaging-compat.js.map.gz
- firebase/11.6.0-eap-vertexai-hybridinference.e83974308/firebase-messaging-compat.min.js.br
- firebase/11.6.0-eap-vertexai-hybridinference.e83974308/firebase-messaging-compat.min.js.gz
- firebase/11.6.0-eap-vertexai-hybridinference.e83974308/firebase-messaging-sw.js.br
- firebase/11.6.0-eap-vertexai-hybridinference.e83974308/firebase-messaging-sw.js.gz
- firebase/11.6.0-eap-vertexai-hybridinference.e83974308/firebase-messaging-sw.js.map.br
- firebase/11.6.0-eap-vertexai-hybridinference.e83974308/firebase-messaging-sw.js.map.gz
- firebase/11.6.0-eap-vertexai-hybridinference.e83974308/firebase-messaging-sw.min.js.br
- firebase/11.6.0-eap-vertexai-hybridinference.e83974308/firebase-messaging-sw.min.js.gz
- firebase/11.6.0-eap-vertexai-hybridinference.e83974308/firebase-messaging.js.br
- firebase/11.6.0-eap-vertexai-hybridinference.e83974308/firebase-messaging.js.gz
- firebase/11.6.0-eap-vertexai-hybridinference.e83974308/firebase-messaging.js.map.br
- firebase/11.6.0-eap-vertexai-hybridinference.e83974308/firebase-messaging.js.map.gz
- firebase/11.6.0-eap-vertexai-hybridinference.e83974308/firebase-messaging.min.js.br
- firebase/11.6.0-eap-vertexai-hybridinference.e83974308/firebase-messaging.min.js.gz
- firebase/11.6.0-eap-vertexai-hybridinference.e83974308/firebase-performance-compat.js.br
- firebase/11.6.0-eap-vertexai-hybridinference.e83974308/firebase-performance-compat.js.gz
- firebase/11.6.0-eap-vertexai-hybridinference.e83974308/firebase-performance-compat.js.map.br
- firebase/11.6.0-eap-vertexai-hybridinference.e83974308/firebase-performance-compat.js.map.gz
- firebase/11.6.0-eap-vertexai-hybridinference.e83974308/firebase-performance-compat.min.js.br
- firebase/11.6.0-eap-vertexai-hybridinference.e83974308/firebase-performance-compat.min.js.gz
- firebase/11.6.0-eap-vertexai-hybridinference.e83974308/firebase-performance-standalone-compat.js.br
- firebase/11.6.0-eap-vertexai-hybridinference.e83974308/firebase-performance-standalone-compat.js.gz
- firebase/11.6.0-eap-vertexai-hybridinference.e83974308/firebase-performance-standalone-compat.js.map.br
- firebase/11.6.0-eap-vertexai-hybridinference.e83974308/firebase-performance-standalone-compat.js.map.gz
- firebase/11.6.0-eap-vertexai-hybridinference.e83974308/firebase-performance-standalone-compat.min.js.br
- firebase/11.6.0-eap-vertexai-hybridinference.e83974308/firebase-performance-standalone-compat.min.js.gz
- firebase/11.6.0-eap-vertexai-hybridinference.e83974308/firebase-performance.js.br
- firebase/11.6.0-eap-vertexai-hybridinference.e83974308/firebase-performance.js.gz
- firebase/11.6.0-eap-vertexai-hybridinference.e83974308/firebase-performance.js.map.br
- firebase/11.6.0-eap-vertexai-hybridinference.e83974308/firebase-performance.js.map.gz
- firebase/11.6.0-eap-vertexai-hybridinference.e83974308/firebase-performance.min.js.br
- firebase/11.6.0-eap-vertexai-hybridinference.e83974308/firebase-performance.min.js.gz
- firebase/11.6.0-eap-vertexai-hybridinference.e83974308/firebase-remote-config-compat.js.br
- firebase/11.6.0-eap-vertexai-hybridinference.e83974308/firebase-remote-config-compat.js.gz
- firebase/11.6.0-eap-vertexai-hybridinference.e83974308/firebase-remote-config-compat.js.map.br
- firebase/11.6.0-eap-vertexai-hybridinference.e83974308/firebase-remote-config-compat.js.map.gz
- firebase/11.6.0-eap-vertexai-hybridinference.e83974308/firebase-remote-config-compat.min.js.br
- firebase/11.6.0-eap-vertexai-hybridinference.e83974308/firebase-remote-config-compat.min.js.gz
- firebase/11.6.0-eap-vertexai-hybridinference.e83974308/firebase-remote-config.js.br
- firebase/11.6.0-eap-vertexai-hybridinference.e83974308/firebase-remote-config.js.gz
- firebase/11.6.0-eap-vertexai-hybridinference.e83974308/firebase-remote-config.js.map.br
- firebase/11.6.0-eap-vertexai-hybridinference.e83974308/firebase-remote-config.js.map.gz
- firebase/11.6.0-eap-vertexai-hybridinference.e83974308/firebase-remote-config.min.js.br
- firebase/11.6.0-eap-vertexai-hybridinference.e83974308/firebase-remote-config.min.js.gz
- firebase/11.6.0-eap-vertexai-hybridinference.e83974308/firebase-storage-compat.js.br
- firebase/11.6.0-eap-vertexai-hybridinference.e83974308/firebase-storage-compat.js.gz
- firebase/11.6.0-eap-vertexai-hybridinference.e83974308/firebase-storage-compat.js.map.br
- firebase/11.6.0-eap-vertexai-hybridinference.e83974308/firebase-storage-compat.js.map.gz
- firebase/11.6.0-eap-vertexai-hybridinference.e83974308/firebase-storage-compat.min.js.br
- firebase/11.6.0-eap-vertexai-hybridinference.e83974308/firebase-storage-compat.min.js.gz
- firebase/11.6.0-eap-vertexai-hybridinference.e83974308/firebase-storage.js.br
- firebase/11.6.0-eap-vertexai-hybridinference.e83974308/firebase-storage.js.gz
- firebase/11.6.0-eap-vertexai-hybridinference.e83974308/firebase-storage.js.map.br
- firebase/11.6.0-eap-vertexai-hybridinference.e83974308/firebase-storage.js.map.gz
- firebase/11.6.0-eap-vertexai-hybridinference.e83974308/firebase-storage.min.js.br
- firebase/11.6.0-eap-vertexai-hybridinference.e83974308/firebase-storage.min.js.gz
- firebase/11.6.0-eap-vertexai-hybridinference.e83974308/firebase-vertexai.js.br
- firebase/11.6.0-eap-vertexai-hybridinference.e83974308/firebase-vertexai.js.gz
- firebase/11.6.0-eap-vertexai-hybridinference.e83974308/firebase-vertexai.js.map.br
- firebase/11.6.0-eap-vertexai-hybridinference.e83974308/firebase-vertexai.js.map.gz
- firebase/11.6.0-eap-vertexai-hybridinference.e83974308/firebase-vertexai.min.js.br
- firebase/11.6.0-eap-vertexai-hybridinference.e83974308/firebase-vertexai.min.js.gz
SRIs:
- firebase/11.6.0-eap-vertexai-hybridinference.e83974308/firebase-auth-web-extension.min.js: sha512-IrNHw69OutRDrNckqWrQI7DAfkfl9q2B6thkd+GIW8+H/VKmcSLuYGlVTcMQe0UaIk+ZxLnEr3YYAc39bq+G9Q==
- firebase/11.6.0-eap-vertexai-hybridinference.e83974308/firebase-compat.js: sha512-O2IdEtnpiigFSniC5khhDBNgH5C7Zwzw/MIKOY7lQfOZrglYHXyvCKkj8cHyTtrSWPoSVGtTQi2/qRf9sdKohA==
- firebase/11.6.0-eap-vertexai-hybridinference.e83974308/firebase-data-connect.js: sha512-viX+RPJDjH8SUfhAdK1wabJKTpNjExIlicYmMNxGV/Qegd49gkqHmJRz7Xtw8RQRVFMhop7d+Mr3029YyHQ9Xg==
- firebase/11.6.0-eap-vertexai-hybridinference.e83974308/firebase-installations.min.js: sha512-SDJyJBLkuI6lwvqhmu9AXqUgRPLlzEXDvT1LBwufGG+damdLQWue1HG6N0hnIydt7/1QnnC+bFcmnO6rDIoa8g==
- firebase/11.6.0-eap-vertexai-hybridinference.e83974308/firebase-auth-cordova.js: sha512-aC+ZLRCGirxu9iLHAUO68VAjrfjlAYgm/5NXoidedK0k1SqrIFrcM9pEXJJaRpqHmzr662J3WDFKe50vSxfvDw==
- firebase/11.6.0-eap-vertexai-hybridinference.e83974308/firebase-compat.min.js: sha512-jE3eTfBBSfQFWzBIkGbe4OfEKtKLPeYSe35dpEiLCYB97nOqTm9XtlHGeKZCNFO18yH51AbsKA3kqeJeBOaeNA==
- firebase/11.6.0-eap-vertexai-hybridinference.e83974308/firebase-performance-compat.min.js: sha512-iDcnJ8uufk7Nbjk472PrNat/N7BasJq1Tgy3JxI+z3W1po7nAGi7I6lYlfgsSMVZYB9bl/nex7Zz36chHifBzg==
- firebase/11.6.0-eap-vertexai-hybridinference.e83974308/firebase-remote-config.js: sha512-5hPrjV8rVfZJDUKyTJd4+9L2aG/SzngQSdnqEkE9zktv3rm8YYmTW2wQUodcR+cT4sMOmgK2votUTlES708zpA==
- firebase/11.6.0-eap-vertexai-hybridinference.e83974308/firebase-app-check.min.js: sha512-jq2JfbAGDtFOYXRxtg1Eyr/KbBGT00vdV3YQJey7ooib4iHLX/aSH5SZSlrn1q3PgDnMiH/PvDnJQCfgJErCpQ==
- firebase/11.6.0-eap-vertexai-hybridinference.e83974308/firebase-messaging-compat.js: sha512-P9/WH5hKP9Wt1jyVlPXTwjFzAuJ/2+bdzgwziine9V2GDG1N6YnAlwXrh4L9HJ8PR0mJ/KT/eFIEtQSRM0MhBA==
- firebase/11.6.0-eap-vertexai-hybridinference.e83974308/firebase-messaging.min.js: sha512-cGoCVPQxYW5R0Q++58QvmA2e5dL11Aup7jbOA/EJN6RPiQTHR3n4507x/Z1I4G8zlsTX5cqp5UGi04F3kn5T/g==
- firebase/11.6.0-eap-vertexai-hybridinference.e83974308/firebase-performance-standalone-compat.min.js: sha512-00hOnaaM7nTB/Bud81fLcipTmZCAPXgBRhKKqGf1ReIE2GHw1buQpnq1HsBY+cLkTznJvHHKMT/1lRDw0FqlfQ==
- firebase/11.6.0-eap-vertexai-hybridinference.e83974308/firebase-remote-config-compat.js: sha512-NOEpgmoCLtFvLCBXE8+mYloxi4FywO5foDVJjm3WdmlAK7PUz8RtpTqCWGM9ZyVNFjkUwhrzpUD2vRrsPY0oXw==
- firebase/11.6.0-eap-vertexai-hybridinference.e83974308/firebase-app-check.js: sha512-CcYEh8qPpmWUL2SYCpq5bJYz4QySPoEY/vHlk47Rmn7LiQTU0i2TP/UeVxOIcKF3k6IAZVcoYY+i3KCuU4FXuQ==
- firebase/11.6.0-eap-vertexai-hybridinference.e83974308/firebase-firestore-lite.min.js: sha512-WuukN/Wn/gbyKYinvNZYzBwOzhIOZhTWRRY3yIZYp/SAdWfyPBHCH4+4NiKBiva1So+gccHSMy54wRJLb5MS2A==
- firebase/11.6.0-eap-vertexai-hybridinference.e83974308/firebase-analytics.min.js: sha512-qlzqPYK6uDUBy+mM1+tYoToSN2FhD5hnW7dpfDPhLu0ksVYs54ZwVcNhSU4+ChjbNKEEDuiGx8K1SyNDNcLvrA==
- firebase/11.6.0-eap-vertexai-hybridinference.e83974308/firebase-auth-compat.js: sha512-DGKpqj9Q2jvSYk/AJgfj15Q5ztuCKoYfOe9xZud9szGiJetIoaWn5J8jjR0Z+mH3on0Od0IMDCtXvJXh848QHg==
- firebase/11.6.0-eap-vertexai-hybridinference.e83974308/firebase-messaging-sw.js: sha512-cV2HKYFm3bn6cmIPancYoYvlCcKC79njMFSSg9+aVsLWdSiD2ompYhksleqfDymIE8HRMnRRI2rlqnDWZSOJEA==
- firebase/11.6.0-eap-vertexai-hybridinference.e83974308/firebase-remote-config-compat.min.js: sha512-eN02KKt4PRMTZkucZC8Vj1fB431308SxFNrsfljnXziBz5p464nf5BB6ypbaU3MVeP443BORPvGI7g5oAwjuSQ==
- firebase/11.6.0-eap-vertexai-hybridinference.e83974308/firebase-app-check-compat.min.js: sha512-sX3ZeCI2AE13jq6eq2y4zjCMW7wwAg5AGgdchfqyE2Ok+wJoxlTcIlobUvq5RhBlO6EgdLaBMvOybU3zDGvKDA==
- firebase/11.6.0-eap-vertexai-hybridinference.e83974308/firebase-app-compat.js: sha512-efMNIvcivujRx0zErIpDoDT7u6Y737F23U3SaElMalisGPbOTojXI5AuS28vLIFVe+1cAvqgwrKLRJiDseA01A==
- firebase/11.6.0-eap-vertexai-hybridinference.e83974308/firebase-data-connect.min.js: sha512-748F4TfT7gJJFmjrsQylPlCa8rYrVcbm6FlxKASZSEVcF37DAS+7TDxNI6uEGgJ6qKLPdbskXk83aRUvk9YjRQ==
- firebase/11.6.0-eap-vertexai-hybridinference.e83974308/firebase-storage-compat.min.js: sha512-IyzLGghKUQngaTLo/I+T228adY58GIasAEh1q1MbcpXkgcSYEBcV3L2nrG0X/2V/PXCMIy4yXS1ydgHezlye9w==
- firebase/11.6.0-eap-vertexai-hybridinference.e83974308/firebase-app-check-compat.js: sha512-EN5Ce/gSYeGdlpQFY5GK1y+cQVziic/VzmVkn0b4iuTH7LgfqJHfOFY4E28+mmFX2kFtvuL6FshWnnQIB2BoAg==
- firebase/11.6.0-eap-vertexai-hybridinference.e83974308/firebase-firestore.js: sha512-ar0hIZ07FJ5GQDRs3j97fFB4hoCxnXxmnKeiUt9XsZkVWPzItkKYtH4Aok+HIXVJs8R9KiJ4PxMdj6odFoGgwQ==
- firebase/11.6.0-eap-vertexai-hybridinference.e83974308/firebase-functions.min.js: sha512-FVJJCeOFKxoOGTiVsPGpxwmr+tT7vkntqb68v+sWGOv1W67BKTrlY6iNwHlsk4GwNLMlkjOSoZRWPfZCIGZjsg==
- firebase/11.6.0-eap-vertexai-hybridinference.e83974308/firebase-storage.js: sha512-Wyy8mQOEmI+nK4E15jS8UUnyUIJP+MrEGNQYDWcs3LA5gatnTa+MOClfWOPTLj1ObRqNKAmyxI7uKoBzHFuKRA==
- firebase/11.6.0-eap-vertexai-hybridinference.e83974308/firebase-analytics.js: sha512-mPRuqUjtEpNGKhj9fsUSeguU37pUUCk0V9sp7iwTNLHqzA+nse3v3pZc4UptfQXw9k5umBt1Tra4Xx2JknWtlw==
- firebase/11.6.0-eap-vertexai-hybridinference.e83974308/firebase-database.js: sha512-qac0r6eYjvwWCUWU1wQOVxmUImGKO0q4xcYp0cFVI0OYBoPVX0Q+/z212Ub1hfUJrVJ9G5oDiqn2qHnTcryG6Q==
- firebase/11.6.0-eap-vertexai-hybridinference.e83974308/firebase-performance.min.js: sha512-ZLxUpPW5FI21qxnrM4HI3XA7pDBXCe2eVa6Ql4oWBuBMCbR06R1oIE8MJBtj9XWEqfem5mHFOQqSDd4MJEaCCQ==
- firebase/11.6.0-eap-vertexai-hybridinference.e83974308/firebase-auth-cordova.min.js: sha512-qWSWkoFG3R4gCtBtITmCGAoL/KT16Le6xsj0/Oil2zrATjav9ogo4jl/aKLUTvQY9o5Sl2kSdqmVHv0yfTVHbQ==
- firebase/11.6.0-eap-vertexai-hybridinference.e83974308/firebase-auth.js: sha512-0OTxhL2Vkgk5GhtDnOC9FMM9ikJekN3+xJ10VOeyAD8Dy/i7FT3FchZEIsgcdKws0SZl6fGccsUgbt0yO619Mg==
- firebase/11.6.0-eap-vertexai-hybridinference.e83974308/firebase-database-compat.js: sha512-lxHkzuYvlrQIPNuS9DWbxc0Px7/45MwNW1rkTy/u+1kU0iWYQ1iD5CpPfBZprLu9bpmZVJepzuovuBH4UDvfLw==
- firebase/11.6.0-eap-vertexai-hybridinference.e83974308/firebase-firestore-compat.js: sha512-adYd3/P1RWmrqSD2s9E6GF4vN3K+8UnE1rDgv96LX1dapfGieyyKh8qFgNWgNIKCQM9VGqbZGU1CtVanE531PA==
- firebase/11.6.0-eap-vertexai-hybridinference.e83974308/firebase-functions.js: sha512-l80fCgiwyoB57YmAFSylL9J517VIMPKvaZ9cqIiT1UyY9cIkA8b97fSkcbNy8RrRB7k4LcbGqk1wxkpXvmpMhA==
- firebase/11.6.0-eap-vertexai-hybridinference.e83974308/firebase-installations-compat.min.js: sha512-YIJY9KRwEl+aPXn0Sm2p2wEY8kT8T2EgnaS86owJ/h8WyskssI/LouuEjLcHvS9/dD3za+cxUQB06wO9kZER4Q==
- firebase/11.6.0-eap-vertexai-hybridinference.e83974308/firebase-installations.js: sha512-D148foXs6hLkIPF1+QSGLDyUJHchLG0OnBV453fE+aMMbuY7pSvaoucqCIlTBPRTWkyA3pjVf1gRzZy5DQSQRA==
- firebase/11.6.0-eap-vertexai-hybridinference.e83974308/firebase-analytics-compat.js: sha512-LPERRTKciun/+eMD1cDz76D+Q3I19f2yUdIATe52jXdA9xrH9UO73KtiN48nsDGTYQEbT3AhU+YlnF2eWxdo1Q==
- firebase/11.6.0-eap-vertexai-hybridinference.e83974308/firebase-auth-compat.min.js: sha512-JvtiEa2wvMuE4mqgzWviEjRgoh2GhS58Zm95nJSVnc7xjihHuahnO2JiOLJwSG/SLOR/r8A7eUkVy6OWST7H8A==
- firebase/11.6.0-eap-vertexai-hybridinference.e83974308/firebase-auth-web-extension.js: sha512-cypn4bijVzygfwX0LTDoaxnXJltbb1RnWotH754quOW0mNVZNhHGz3e7gS9nVQtF6fXlbw8oGzYAvAalMJf+Xw==
- firebase/11.6.0-eap-vertexai-hybridinference.e83974308/firebase-database-compat.min.js: sha512-7w0SXZhfTyBZB8N2g4OAJwAYRBmYj82pliyB+CO3C7hECOdbS222pX8g8370XALqRjhre/4hMJl/4zynVTrWfg==
- firebase/11.6.0-eap-vertexai-hybridinference.e83974308/firebase-messaging.js: sha512-4hmn3z5nviO1JjzTwj6WfZi3gJNA2Ok1QFx9jhGie2OcyQtLg6OlUfbvpbSy4Lv1hdTPchjeD02zXvtUWaVGWA==
- firebase/11.6.0-eap-vertexai-hybridinference.e83974308/firebase-storage-compat.js: sha512-zApFWIItT7/2yIa9v+Dc/09seiBnYBysTH23Pxh5QIkhpMyYJW3sTD/zdO3m2cLV9EWCOJmbHOPUgSw/l7G8oA==
- firebase/11.6.0-eap-vertexai-hybridinference.e83974308/firebase-auth.min.js: sha512-3PxRjgoQ+hpT+7xmZwrSf4P8ARpOghl8tCoRB6jE6jSCNKlJZMVgRyImhpTuyOpw9oQH+yos20l9/WvzPqZVUw==
- firebase/11.6.0-eap-vertexai-hybridinference.e83974308/firebase-database.min.js: sha512-zpVshj5n5BL1/VRSi8Jn8iog5FiC+XcM4boOX/PJgXKUJZ8xT7zyynKgjhec0Sf04g1OkR5SX4K9RKcFfLSIeg==
- firebase/11.6.0-eap-vertexai-hybridinference.e83974308/firebase-firestore-lite.js: sha512-eoYkdLyKsIwmpd6QrMeyUIoQaZQmw+etZxY6Sf13238vpeS9qn85RSKxQ/0WJ/w4TOGIM6FEe9vaYUa4mk0SRg==
- firebase/11.6.0-eap-vertexai-hybridinference.e83974308/firebase-app.js: sha512-0h1h4c0C9mEl5vQ70P2yDsPIgIAuZ9J2nAszkHLjsSj/MymMwQBoqjMxt0WPGX0ODJlJVRjt5guu2dq28hGynw==
- firebase/11.6.0-eap-vertexai-hybridinference.e83974308/firebase-firestore.min.js: sha512-ri+xyeHHqj+o6ZLPCNbE2pstf5Sk1FRDaRVqSTnNuecL7l3w5rvvkrZGUTPHwym1FPWoOX0rHC6+PABmvVeNUQ==
- firebase/11.6.0-eap-vertexai-hybridinference.e83974308/firebase-vertexai.js: sha512-wX/q0IXSlrQyotJMsNQWGlCye6yRCoYVlgF2RCPznBM0NFHpfvA9g2+Cs63Bom3zP3zY2Z6atj2XmrXGRDt37Q==
- firebase/11.6.0-eap-vertexai-hybridinference.e83974308/firebase-vertexai.min.js: sha512-XvxLiYY0YRlorXHjJz0FghiSyTQf0yinr6vtWoF1qbU3wxcR/xM5vHIq4exKlnWrx0QUNsw+0MVnDS99gsysBg==
- firebase/11.6.0-eap-vertexai-hybridinference.e83974308/firebase-analytics-compat.min.js: sha512-M+bYZoQZVdshmtGBOKYsQE4yp9GXQge8KgxwZYKlLzdEGupA9+EaDV2SwuR32jlzyne+hDx8VwwTTiGZrJoFbg==
- firebase/11.6.0-eap-vertexai-hybridinference.e83974308/firebase-functions-compat.min.js: sha512-BOHHGjBoVG9AZvWJ3IjrF/yt7mkPiBiT8wqZ9XgmMkXwc5RVt5UJff5t6mP+uv6Tg/MDrZ6mGDxZ/ao4+uryZg==
- firebase/11.6.0-eap-vertexai-hybridinference.e83974308/firebase-performance-standalone-compat.js: sha512-RH5+3tZinqGfp91qF/yDCGbXr811aNXDRF90SBukTJ8aDO2vtJdp0rar338qUsW76xqCXus2DgDR0tJazPE52Q==
- firebase/11.6.0-eap-vertexai-hybridinference.e83974308/firebase-app-compat.min.js: sha512-OzJqsMuhss1yjvPS+2yeox5kolk7kN4L7kRlp7+EdqTX8HQP1xLERl8YTv4AraJRXHaW+LID/W4FgzrActBQyw==
- firebase/11.6.0-eap-vertexai-hybridinference.e83974308/firebase-messaging-sw.min.js: sha512-WLLzXvRhXygi7R7FMfFzaG/ow8kQEmfihmx1KZvSr9aKTfytnaHNB4u3Jeo0OASQzSybMaOeq/dUrwjDVj6lBA==
- firebase/11.6.0-eap-vertexai-hybridinference.e83974308/firebase-performance-compat.js: sha512-WoUDrpTKGWOJlvKePnwG7XXUOH83fMWCmA88YyyEhhvx+F6z5OupYT4gM6HHijR9BeYVHkmlmY059zT9MXi6jw==
- firebase/11.6.0-eap-vertexai-hybridinference.e83974308/firebase-app.min.js: sha512-xZOnftnpIlVyFaUtsJMfwoicrII2+2Ckdt5u22YE/+0H+6pGy18q+UvXaIO3QtTTIO21lxAYGxb5KthPKOlIig==
- firebase/11.6.0-eap-vertexai-hybridinference.e83974308/firebase-firestore-compat.min.js: sha512-jWyZAbXBPfFg+TyQKwEk6/pFA2hUigIjixJQI2CVfr+sJmazCIlAjJdpmM51Jijdk+Q9rxO7wOxV2xZnQQAdHg==
- firebase/11.6.0-eap-vertexai-hybridinference.e83974308/firebase-remote-config.min.js: sha512-z57n3NOU6JSlQVha84BamC/P7uZXjxGAQZrVjt/JUmIJntjul+TumJB3FVsFLKDrcq83py3ZXtrC+qzRdmduRA==
- firebase/11.6.0-eap-vertexai-hybridinference.e83974308/firebase-storage.min.js: sha512-L5bel68xXZ2t6e4EDW8B3ZLrZNbYsnvYHSIYOQPYcWS6PDyqJ1ivsiP8zrQOTX6kfb3aQCHArc9zCivTLeEdVQ==
- firebase/11.6.0-eap-vertexai-hybridinference.e83974308/firebase-functions-compat.js: sha512-ojoTT+GVVtqTKBenauYmZy/0gtvYlBvJjY4dMKzRI6jWffQcis4giErGwVSlNxdQYKNexHRHl9TUE8jOMClmBg==
- firebase/11.6.0-eap-vertexai-hybridinference.e83974308/firebase-installations-compat.js: sha512-KIZyWmvrd7D210COOUrtpuJt+38ZA/13IaiMckzXbJIS8FncNGdSSjaOW0M2pTMtROmiiWUZMmDsItoaQ9uzVg==
- firebase/11.6.0-eap-vertexai-hybridinference.e83974308/firebase-messaging-compat.min.js: sha512-2ym3TjHneVxR16ZhKVLKryXdZrOOx2K030rLl1vtF7nZI9sVKHPiyA8wzt9w9ieBlSjTRxN8BkbGFh5P8F1UQg==
- firebase/11.6.0-eap-vertexai-hybridinference.e83974308/firebase-performance.js: sha512-FmSF4Nm2mlXgd3Fr9epihQHToKACm0MyLCqcZ/2SVhQQ/HFZYnOZvu/YRqQkXvTSPvE+yF3zkXsZxqh1SF5C0A==
