- AniJS/0.9.3/anijs-min.js.br
- AniJS/0.9.3/anijs-min.js.gz
- AniJS/0.9.3/anijs-min.min.js.br
- AniJS/0.9.3/anijs-min.min.js.gz
- AniJS/0.9.3/anijs.js.br
- AniJS/0.9.3/anijs.js.gz
- AniJS/0.9.3/anijs.min.js.br
- AniJS/0.9.3/anijs.min.js.gz
- AniJS/0.9.3/event_systems/jquery/anijs-jquery-event-system-min.js.br
- AniJS/0.9.3/event_systems/jquery/anijs-jquery-event-system-min.js.gz
- AniJS/0.9.3/event_systems/jquery/anijs-jquery-event-system-min.min.js.br
- AniJS/0.9.3/event_systems/jquery/anijs-jquery-event-system-min.min.js.gz
- AniJS/0.9.3/event_systems/jquery/anijs-jquery-event-system.js.br
- AniJS/0.9.3/event_systems/jquery/anijs-jquery-event-system.js.gz
- AniJS/0.9.3/event_systems/jquery/anijs-jquery-event-system.min.js.br
- AniJS/0.9.3/event_systems/jquery/anijs-jquery-event-system.min.js.gz
- AniJS/0.9.3/helpers/dom/anijs-helper-dom-min.js.br
- AniJS/0.9.3/helpers/dom/anijs-helper-dom-min.js.gz
- AniJS/0.9.3/helpers/dom/anijs-helper-dom-min.min.js.br
- AniJS/0.9.3/helpers/dom/anijs-helper-dom-min.min.js.gz
- AniJS/0.9.3/helpers/dom/anijs-helper-dom.js.br
- AniJS/0.9.3/helpers/dom/anijs-helper-dom.js.gz
- AniJS/0.9.3/helpers/dom/anijs-helper-dom.min.js.br
- AniJS/0.9.3/helpers/dom/anijs-helper-dom.min.js.gz
- AniJS/0.9.3/helpers/scrollreveal/anijs-helper-scrollreveal-min.js.br
- AniJS/0.9.3/helpers/scrollreveal/anijs-helper-scrollreveal-min.js.gz
- AniJS/0.9.3/helpers/scrollreveal/anijs-helper-scrollreveal-min.min.js.br
- AniJS/0.9.3/helpers/scrollreveal/anijs-helper-scrollreveal-min.min.js.gz
- AniJS/0.9.3/helpers/scrollreveal/anijs-helper-scrollreveal.js.br
- AniJS/0.9.3/helpers/scrollreveal/anijs-helper-scrollreveal.js.gz
- AniJS/0.9.3/helpers/scrollreveal/anijs-helper-scrollreveal.min.js.br
- AniJS/0.9.3/helpers/scrollreveal/anijs-helper-scrollreveal.min.js.gz