config: {"authors":[{"name":"FusionCharts, Inc.","email":"support@fusioncharts.com"}],"autoupdate":{"source":"npm","target":"fusioncharts","fileMap":[{"basePath":"","files":["fusioncharts?(.*).@(js|d.ts)"]}]},"description":"FusionCharts JavaScript charting framework","filename":"fusioncharts.js","homepage":"http://www.fusioncharts.com/","keywords":["fusioncharts","charts","dataviz","graphs","visualization","js-charts","javascript-charts","dashboards","data-stories","bar-charts","pie-charts","line-charts","area-charts","column-charts","gantt-chart"],"license":"http://www.fusioncharts.com/buy/","name":"fusioncharts","repository":{"type":"git","url":"git+https://github.com/fusioncharts/fusioncharts-dist.git"},"author":"FusionCharts, Inc. \u003csupport@fusioncharts.com\u003e"}
KV keys:
- fusioncharts/4.2.0-beta.1/fusioncharts.accessibility.d.ts.br
- fusioncharts/4.2.0-beta.1/fusioncharts.accessibility.d.ts.gz
- fusioncharts/4.2.0-beta.1/fusioncharts.accessibility.js.br
- fusioncharts/4.2.0-beta.1/fusioncharts.accessibility.js.gz
- fusioncharts/4.2.0-beta.1/fusioncharts.accessibility.min.js.br
- fusioncharts/4.2.0-beta.1/fusioncharts.accessibility.min.js.gz
- fusioncharts/4.2.0-beta.1/fusioncharts.charts.d.ts.br
- fusioncharts/4.2.0-beta.1/fusioncharts.charts.d.ts.gz
- fusioncharts/4.2.0-beta.1/fusioncharts.charts.js.br
- fusioncharts/4.2.0-beta.1/fusioncharts.charts.js.gz
- fusioncharts/4.2.0-beta.1/fusioncharts.charts.min.js.br
- fusioncharts/4.2.0-beta.1/fusioncharts.charts.min.js.gz
- fusioncharts/4.2.0-beta.1/fusioncharts.excelexport.d.ts.br
- fusioncharts/4.2.0-beta.1/fusioncharts.excelexport.d.ts.gz
- fusioncharts/4.2.0-beta.1/fusioncharts.excelexport.js.br
- fusioncharts/4.2.0-beta.1/fusioncharts.excelexport.js.gz
- fusioncharts/4.2.0-beta.1/fusioncharts.excelexport.min.js.br
- fusioncharts/4.2.0-beta.1/fusioncharts.excelexport.min.js.gz
- fusioncharts/4.2.0-beta.1/fusioncharts.gantt.d.ts.br
- fusioncharts/4.2.0-beta.1/fusioncharts.gantt.d.ts.gz
- fusioncharts/4.2.0-beta.1/fusioncharts.gantt.js.br
- fusioncharts/4.2.0-beta.1/fusioncharts.gantt.js.gz
- fusioncharts/4.2.0-beta.1/fusioncharts.gantt.min.js.br
- fusioncharts/4.2.0-beta.1/fusioncharts.gantt.min.js.gz
- fusioncharts/4.2.0-beta.1/fusioncharts.js.br
- fusioncharts/4.2.0-beta.1/fusioncharts.js.gz
- fusioncharts/4.2.0-beta.1/fusioncharts.maps.d.ts.br
- fusioncharts/4.2.0-beta.1/fusioncharts.maps.d.ts.gz
- fusioncharts/4.2.0-beta.1/fusioncharts.maps.js.br
- fusioncharts/4.2.0-beta.1/fusioncharts.maps.js.gz
- fusioncharts/4.2.0-beta.1/fusioncharts.maps.min.js.br
- fusioncharts/4.2.0-beta.1/fusioncharts.maps.min.js.gz
- fusioncharts/4.2.0-beta.1/fusioncharts.min.js.br
- fusioncharts/4.2.0-beta.1/fusioncharts.min.js.gz
- fusioncharts/4.2.0-beta.1/fusioncharts.msstackedcolumn2dsplinedy.d.ts.br
- fusioncharts/4.2.0-beta.1/fusioncharts.msstackedcolumn2dsplinedy.d.ts.gz
- fusioncharts/4.2.0-beta.1/fusioncharts.msstackedcolumn2dsplinedy.js.br
- fusioncharts/4.2.0-beta.1/fusioncharts.msstackedcolumn2dsplinedy.js.gz
- fusioncharts/4.2.0-beta.1/fusioncharts.msstackedcolumn2dsplinedy.min.js.br
- fusioncharts/4.2.0-beta.1/fusioncharts.msstackedcolumn2dsplinedy.min.js.gz
- fusioncharts/4.2.0-beta.1/fusioncharts.overlappedbar2d.d.ts.br
- fusioncharts/4.2.0-beta.1/fusioncharts.overlappedbar2d.d.ts.gz
- fusioncharts/4.2.0-beta.1/fusioncharts.overlappedbar2d.js.br
- fusioncharts/4.2.0-beta.1/fusioncharts.overlappedbar2d.js.gz
- fusioncharts/4.2.0-beta.1/fusioncharts.overlappedbar2d.min.js.br
- fusioncharts/4.2.0-beta.1/fusioncharts.overlappedbar2d.min.js.gz
- fusioncharts/4.2.0-beta.1/fusioncharts.overlappedcolumn2d.d.ts.br
- fusioncharts/4.2.0-beta.1/fusioncharts.overlappedcolumn2d.d.ts.gz
- fusioncharts/4.2.0-beta.1/fusioncharts.overlappedcolumn2d.js.br
- fusioncharts/4.2.0-beta.1/fusioncharts.overlappedcolumn2d.js.gz
- fusioncharts/4.2.0-beta.1/fusioncharts.overlappedcolumn2d.min.js.br
- fusioncharts/4.2.0-beta.1/fusioncharts.overlappedcolumn2d.min.js.gz
- fusioncharts/4.2.0-beta.1/fusioncharts.powercharts.d.ts.br
- fusioncharts/4.2.0-beta.1/fusioncharts.powercharts.d.ts.gz
- fusioncharts/4.2.0-beta.1/fusioncharts.powercharts.js.br
- fusioncharts/4.2.0-beta.1/fusioncharts.powercharts.js.gz
- fusioncharts/4.2.0-beta.1/fusioncharts.powercharts.min.js.br
- fusioncharts/4.2.0-beta.1/fusioncharts.powercharts.min.js.gz
- fusioncharts/4.2.0-beta.1/fusioncharts.timeseries.d.ts.br
- fusioncharts/4.2.0-beta.1/fusioncharts.timeseries.d.ts.gz
- fusioncharts/4.2.0-beta.1/fusioncharts.timeseries.js.br
- fusioncharts/4.2.0-beta.1/fusioncharts.timeseries.js.gz
- fusioncharts/4.2.0-beta.1/fusioncharts.timeseries.min.js.br
- fusioncharts/4.2.0-beta.1/fusioncharts.timeseries.min.js.gz
- fusioncharts/4.2.0-beta.1/fusioncharts.treemap.d.ts.br
- fusioncharts/4.2.0-beta.1/fusioncharts.treemap.d.ts.gz
- fusioncharts/4.2.0-beta.1/fusioncharts.treemap.js.br
- fusioncharts/4.2.0-beta.1/fusioncharts.treemap.js.gz
- fusioncharts/4.2.0-beta.1/fusioncharts.treemap.min.js.br
- fusioncharts/4.2.0-beta.1/fusioncharts.treemap.min.js.gz
- fusioncharts/4.2.0-beta.1/fusioncharts.vml.d.ts.br
- fusioncharts/4.2.0-beta.1/fusioncharts.vml.d.ts.gz
- fusioncharts/4.2.0-beta.1/fusioncharts.vml.js.br
- fusioncharts/4.2.0-beta.1/fusioncharts.vml.js.gz
- fusioncharts/4.2.0-beta.1/fusioncharts.vml.min.js.br
- fusioncharts/4.2.0-beta.1/fusioncharts.vml.min.js.gz
- fusioncharts/4.2.0-beta.1/fusioncharts.widgets.d.ts.br
- fusioncharts/4.2.0-beta.1/fusioncharts.widgets.d.ts.gz
- fusioncharts/4.2.0-beta.1/fusioncharts.widgets.js.br
- fusioncharts/4.2.0-beta.1/fusioncharts.widgets.js.gz
- fusioncharts/4.2.0-beta.1/fusioncharts.widgets.min.js.br
- fusioncharts/4.2.0-beta.1/fusioncharts.widgets.min.js.gz
- fusioncharts/4.2.0-beta.1/fusioncharts.zoomline.d.ts.br
- fusioncharts/4.2.0-beta.1/fusioncharts.zoomline.d.ts.gz
- fusioncharts/4.2.0-beta.1/fusioncharts.zoomline.js.br
- fusioncharts/4.2.0-beta.1/fusioncharts.zoomline.js.gz
- fusioncharts/4.2.0-beta.1/fusioncharts.zoomline.min.js.br
- fusioncharts/4.2.0-beta.1/fusioncharts.zoomline.min.js.gz
- fusioncharts/4.2.0-beta.1/fusioncharts.zoomscatter.d.ts.br
- fusioncharts/4.2.0-beta.1/fusioncharts.zoomscatter.d.ts.gz
- fusioncharts/4.2.0-beta.1/fusioncharts.zoomscatter.js.br
- fusioncharts/4.2.0-beta.1/fusioncharts.zoomscatter.js.gz
- fusioncharts/4.2.0-beta.1/fusioncharts.zoomscatter.min.js.br
- fusioncharts/4.2.0-beta.1/fusioncharts.zoomscatter.min.js.gz
SRIs:
- fusioncharts/4.2.0-beta.1/fusioncharts.powercharts.min.js: sha512-ZsZZTD9zhd8uK9wDEz9ElMHpe5mdGSn0kjCezga5//mcFw7VGTfKDTNZGoSu0/ip3QR2+J8vNAqO2tCO1JI58A==
- fusioncharts/4.2.0-beta.1/fusioncharts.vml.js: sha512-2280Hoc10sS4qV4/8qfxCJLUihUzVaZdgTVuQaTt3pKsE/u+5pMLTlMvOz/tZ8fWjCq5Rx0jdb7hzBj0/ADZIw==
- fusioncharts/4.2.0-beta.1/fusioncharts.widgets.min.js: sha512-Z+MR3RLoXdZc3eTznUVgixfj4n7h2iriYXov2d2e11Q2M3DW/Ih8tHaRzYC/O05THUZONv7lunX7xzk3LZhvgw==
- fusioncharts/4.2.0-beta.1/fusioncharts.msstackedcolumn2dsplinedy.min.js: sha512-3UCfQAYr6balGF5e/eQwF6pcmBQPbKVznhbKDkd7Vs/mS1sICSbauMx7jWd5drsWG1vEEkC+JafibWPVIGxQbg==
- fusioncharts/4.2.0-beta.1/fusioncharts.zoomline.min.js: sha512-ZfoiveUk9Zd2hNADls4/YWmJzhEmqhWG31Kf6EvFL/sOW55h7CnTh9aLRhF1/Ow0j2lRho462nyQZFkaPn3UTA==
- fusioncharts/4.2.0-beta.1/fusioncharts.zoomscatter.min.js: sha512-vdftqT++mgMLHRcJf39qr/FjvXJnDWf3cyLhT3I0LR26t7xjz3OOZdEiEmwB/dHM4R4FVr6ZrwQbYB2lB0l9Jg==
- fusioncharts/4.2.0-beta.1/fusioncharts.timeseries.min.js: sha512-52/zR+7uwxMUqM38M+0sbMyPfpDHY2hHqQwvBQ1zPBC4bpVL32fgoGqkXnfYdq7fZlcSHp2qVF4quk4t5V9giA==
- fusioncharts/4.2.0-beta.1/fusioncharts.accessibility.min.js: sha512-86fh92fKR++80pKvj1MM1zYVAI8ibhhcbanW5YF8Y5U/KafMN8s1+hc2NqgWUtA7CCPyenPQ2MlJdozbCOYCVg==
- fusioncharts/4.2.0-beta.1/fusioncharts.charts.min.js: sha512-uWT3ej7u6yNLjEUkME0YduBq21ZxFWtJCshN8YbRFqX7LxYUhHkjRYwdtSZ9f+i6TVfyRB/d/PjDHbHrOwsvhw==
- fusioncharts/4.2.0-beta.1/fusioncharts.excelexport.min.js: sha512-5DsmUN6H6X7JJe/slcCHC8TorDFxCxI8IPF2qr6fneBfIzw2eM+p37FPYL1MIOBtZe0/E7VO0ySXQCO4lY9UzQ==
- fusioncharts/4.2.0-beta.1/fusioncharts.treemap.min.js: sha512-NWmf8mSHNfWXfV6wewfA4+WEbOh0ZYVB2ODJPEUk3uwTSPAL17Hatj5tCGhUrvM6YLgh17S8XrDjk91wpHBykg==
- fusioncharts/4.2.0-beta.1/fusioncharts.zoomline.js: sha512-yEWNBm16lN+n4UQX12q225TraeF1wNf88jorcWtRZENCu0eKmJK/gIL6BSMncZCqylfUlfQCx/YKX7sJvkRakQ==
- fusioncharts/4.2.0-beta.1/fusioncharts.zoomscatter.js: sha512-K79MLliV/6ppo1XqUDGEEjhp6AD8nBjMGq9NOqwl/YXAXB6HkIDT7dYcL5wYQIVcgGMqQUPEHZNXp1PohjGrzg==
- fusioncharts/4.2.0-beta.1/fusioncharts.treemap.js: sha512-Hl5ojLb6WkREAn20Z+HS2JQmKqzd7xc685r+Aff7JRU5md/aXmkER++U7IS/vcar6bdgeRwWo/DsTbb9lPkiCQ==
- fusioncharts/4.2.0-beta.1/fusioncharts.vml.min.js: sha512-mvEdgojBcLtMPX3Ivnq9J+Qf9Vobt/Yn/+yTjbmyWaEGELuZ87e6Xbnic9wli0aHm9kDBmByEd4KNv8hveo6KA==
- fusioncharts/4.2.0-beta.1/fusioncharts.accessibility.js: sha512-ehcLybXkX8VUNyEjhPY9bGsKErAmrQAekJ49Nsd+RFfNY40Il1IBH9HpJJMxoSZG07+H0kLPUP+RrdWerHLs2w==
- fusioncharts/4.2.0-beta.1/fusioncharts.charts.js: sha512-kwyeI8MLpiJvBHVPe1Bz+795hbZNLZdtoh06Jg7OgykLVavv9a5GF0CuPBuGJenyVmC2/RWFQLPTYcP75ogKEQ==
- fusioncharts/4.2.0-beta.1/fusioncharts.js: sha512-88YepopEbnTfC11t1eA4/j7R4OvoiGB2b5ePO5/AEa78T3QOgBBg3VLznfNlm0CihE7NuFNJ1hCHsH+2BQ+0wA==
- fusioncharts/4.2.0-beta.1/fusioncharts.msstackedcolumn2dsplinedy.js: sha512-iKjsnwmu9INxBS25d3v4ze9Y84jvnWmtU4k/8QlVEIoG/HDVAy2jOt7QTSfs7svj82qKACY1RHI21ctZSp89XA==
- fusioncharts/4.2.0-beta.1/fusioncharts.overlappedcolumn2d.min.js: sha512-VlzlHgYsAQtNhtBuJJawRkF+xlLfzqMWWJn6N5W+nTKClYYxUqfrOYdNgCRKd/Zv9pa+zWgcvqYd04ay50eHpQ==
- fusioncharts/4.2.0-beta.1/fusioncharts.timeseries.js: sha512-V78MbBapRv0p3MiR2Q/abNUL1Z/PdDdOpyUHDlTbvi/ndY1SV+sRcYHoBWQ0mwS1g3WV6s3Adf+c8Bto9SX+8A==
- fusioncharts/4.2.0-beta.1/fusioncharts.widgets.js: sha512-WVgRUycQkN5I48PVlwrzoqL0P6nkOYVnF0W5IKZhAKqIeL5ycjr0iCAXKEyu2go1kCpBqYM0TXhurruKF7exBQ==
- fusioncharts/4.2.0-beta.1/fusioncharts.maps.js: sha512-fSjli+/XHOmS5Eb6j8A/c5DeYH0Ho7iUSXAAEjBQLRAyNO11jnSrAWen9AdqFqmbN9kciGl4asfMynpnZJeW3Q==
- fusioncharts/4.2.0-beta.1/fusioncharts.maps.min.js: sha512-uvQwZmFoNcMnVBSGyBCUO0jnkuBH1oasoalcFAVCa5gG9S+2+DBYRNzwW7T2Z2AIewDzsYv6qj6eA9JYUYsrXQ==
- fusioncharts/4.2.0-beta.1/fusioncharts.min.js: sha512-ZzwYgHDIjZrbe5JhTPEQmY7R9nEq3+uI1HPtgUsQcCavcdbzrrpmMBbXiS6wdGFMEgjUaZM9t4aB5HIRrp9SWQ==
- fusioncharts/4.2.0-beta.1/fusioncharts.overlappedbar2d.js: sha512-uis5wOnZB6uXOfbcvEJjYPWesvghedVLNys4o9pMM/JQ7Spby9pXwOVvGMqSAy1YUSXqpZ1d37Jf+NhQdORx/w==
- fusioncharts/4.2.0-beta.1/fusioncharts.overlappedcolumn2d.js: sha512-jbB0q4DKmOR3knDlHnPMjHrvN+/VPz9KkzL00T6WGpRdAeXlb7tNx35I+coBUimIIaukbGgC5xx1Fh7PLD35Iw==
- fusioncharts/4.2.0-beta.1/fusioncharts.powercharts.js: sha512-ByTIv4Rr9SLD9pP4PC2QWVbqsH/+E3CBEdlWF8QzNQVZi+1/jLFvVBbF1s7a5flhobD6VvbFDhBxWGQnb3fE2w==
- fusioncharts/4.2.0-beta.1/fusioncharts.gantt.min.js: sha512-xd1qW3QWYuoeVh45G+QnexTCbtnmgurtAFPcySApzvW8BgCxv7YP9qLdKyLHR/74sE/47AkySBj+rNm8kq4mYQ==
- fusioncharts/4.2.0-beta.1/fusioncharts.excelexport.js: sha512-y+vF3IEsgYe7Vx1t5KrurbG6QiSh6ljMfl4wtPAbHksdrl5leePuB3wrPph97JdhJg/nwLTWuDe7kpksQPgTsQ==
- fusioncharts/4.2.0-beta.1/fusioncharts.gantt.js: sha512-PltBwFtiZRjfzIafCjG2O1fpm1Cf6H4+MeAe4VXoO1GNASB3h46VtfkYBmhBf5XM2HIwL+QFZWByqxMnOoGLFA==
- fusioncharts/4.2.0-beta.1/fusioncharts.overlappedbar2d.min.js: sha512-FxcIbGcou9eg7bzYa12nPOYdMPlC6US+ZmqOpIKUGbMdGayuczubilsKCfk/h/NhqwMeXBzAOIv4tjWAtfmYdQ==
