config: {"authors":[{"name":"Facebook"}],"autoupdate":{"source":"npm","target":"react-dom","fileMap":[{"basePath":"dist","files":["**/*"]},{"basePath":"","files":["+(cjs|umd)/**/*"]}],"ignoreVersions":["*-alpha.*[a-z]*","0.0.0-*"]},"description":"The entry point of the DOM-related rendering paths. It is intended to be paired with the isomorphic React, which is shipped as react to npm.","filename":"umd/react-dom.production.min.js","homepage":"https://facebook.github.io/react/","keywords":["react","jsx","transformer","view","dom","server"],"license":"MIT","name":"react-dom","repository":{"type":"git","url":"https://github.com/facebook/react"},"author":"Facebook"}
KV keys:
- react-dom/19.2.0-canary-d415fd3e-20250919/cjs/react-dom-client.development.js.br
- react-dom/19.2.0-canary-d415fd3e-20250919/cjs/react-dom-client.development.js.gz
- react-dom/19.2.0-canary-d415fd3e-20250919/cjs/react-dom-client.development.min.js.br
- react-dom/19.2.0-canary-d415fd3e-20250919/cjs/react-dom-client.development.min.js.gz
- react-dom/19.2.0-canary-d415fd3e-20250919/cjs/react-dom-client.production.js.br
- react-dom/19.2.0-canary-d415fd3e-20250919/cjs/react-dom-client.production.js.gz
- react-dom/19.2.0-canary-d415fd3e-20250919/cjs/react-dom-client.production.min.js.br
- react-dom/19.2.0-canary-d415fd3e-20250919/cjs/react-dom-client.production.min.js.gz
- react-dom/19.2.0-canary-d415fd3e-20250919/cjs/react-dom-profiling.development.js.br
- react-dom/19.2.0-canary-d415fd3e-20250919/cjs/react-dom-profiling.development.js.gz
- react-dom/19.2.0-canary-d415fd3e-20250919/cjs/react-dom-profiling.development.min.js.br
- react-dom/19.2.0-canary-d415fd3e-20250919/cjs/react-dom-profiling.development.min.js.gz
- react-dom/19.2.0-canary-d415fd3e-20250919/cjs/react-dom-profiling.profiling.js.br
- react-dom/19.2.0-canary-d415fd3e-20250919/cjs/react-dom-profiling.profiling.js.gz
- react-dom/19.2.0-canary-d415fd3e-20250919/cjs/react-dom-profiling.profiling.min.js.br
- react-dom/19.2.0-canary-d415fd3e-20250919/cjs/react-dom-profiling.profiling.min.js.gz
- react-dom/19.2.0-canary-d415fd3e-20250919/cjs/react-dom-server-legacy.browser.development.js.br
- react-dom/19.2.0-canary-d415fd3e-20250919/cjs/react-dom-server-legacy.browser.development.js.gz
- react-dom/19.2.0-canary-d415fd3e-20250919/cjs/react-dom-server-legacy.browser.development.min.js.br
- react-dom/19.2.0-canary-d415fd3e-20250919/cjs/react-dom-server-legacy.browser.development.min.js.gz
- react-dom/19.2.0-canary-d415fd3e-20250919/cjs/react-dom-server-legacy.browser.production.js.br
- react-dom/19.2.0-canary-d415fd3e-20250919/cjs/react-dom-server-legacy.browser.production.js.gz
- react-dom/19.2.0-canary-d415fd3e-20250919/cjs/react-dom-server-legacy.browser.production.min.js.br
- react-dom/19.2.0-canary-d415fd3e-20250919/cjs/react-dom-server-legacy.browser.production.min.js.gz
- react-dom/19.2.0-canary-d415fd3e-20250919/cjs/react-dom-server-legacy.node.development.js.br
- react-dom/19.2.0-canary-d415fd3e-20250919/cjs/react-dom-server-legacy.node.development.js.gz
- react-dom/19.2.0-canary-d415fd3e-20250919/cjs/react-dom-server-legacy.node.development.min.js.br
- react-dom/19.2.0-canary-d415fd3e-20250919/cjs/react-dom-server-legacy.node.development.min.js.gz
- react-dom/19.2.0-canary-d415fd3e-20250919/cjs/react-dom-server-legacy.node.production.js.br
- react-dom/19.2.0-canary-d415fd3e-20250919/cjs/react-dom-server-legacy.node.production.js.gz
- react-dom/19.2.0-canary-d415fd3e-20250919/cjs/react-dom-server-legacy.node.production.min.js.br
- react-dom/19.2.0-canary-d415fd3e-20250919/cjs/react-dom-server-legacy.node.production.min.js.gz
- react-dom/19.2.0-canary-d415fd3e-20250919/cjs/react-dom-server.browser.development.js.br
- react-dom/19.2.0-canary-d415fd3e-20250919/cjs/react-dom-server.browser.development.js.gz
- react-dom/19.2.0-canary-d415fd3e-20250919/cjs/react-dom-server.browser.development.min.js.br
- react-dom/19.2.0-canary-d415fd3e-20250919/cjs/react-dom-server.browser.development.min.js.gz
- react-dom/19.2.0-canary-d415fd3e-20250919/cjs/react-dom-server.browser.production.js.br
- react-dom/19.2.0-canary-d415fd3e-20250919/cjs/react-dom-server.browser.production.js.gz
- react-dom/19.2.0-canary-d415fd3e-20250919/cjs/react-dom-server.browser.production.min.js.br
- react-dom/19.2.0-canary-d415fd3e-20250919/cjs/react-dom-server.browser.production.min.js.gz
- react-dom/19.2.0-canary-d415fd3e-20250919/cjs/react-dom-server.bun.development.js.br
- react-dom/19.2.0-canary-d415fd3e-20250919/cjs/react-dom-server.bun.development.js.gz
- react-dom/19.2.0-canary-d415fd3e-20250919/cjs/react-dom-server.bun.development.min.js.br
- react-dom/19.2.0-canary-d415fd3e-20250919/cjs/react-dom-server.bun.development.min.js.gz
- react-dom/19.2.0-canary-d415fd3e-20250919/cjs/react-dom-server.bun.production.js.br
- react-dom/19.2.0-canary-d415fd3e-20250919/cjs/react-dom-server.bun.production.js.gz
- react-dom/19.2.0-canary-d415fd3e-20250919/cjs/react-dom-server.bun.production.min.js.br
- react-dom/19.2.0-canary-d415fd3e-20250919/cjs/react-dom-server.bun.production.min.js.gz
- react-dom/19.2.0-canary-d415fd3e-20250919/cjs/react-dom-server.edge.development.js.br
- react-dom/19.2.0-canary-d415fd3e-20250919/cjs/react-dom-server.edge.development.js.gz
- react-dom/19.2.0-canary-d415fd3e-20250919/cjs/react-dom-server.edge.development.min.js.br
- react-dom/19.2.0-canary-d415fd3e-20250919/cjs/react-dom-server.edge.development.min.js.gz
- react-dom/19.2.0-canary-d415fd3e-20250919/cjs/react-dom-server.edge.production.js.br
- react-dom/19.2.0-canary-d415fd3e-20250919/cjs/react-dom-server.edge.production.js.gz
- react-dom/19.2.0-canary-d415fd3e-20250919/cjs/react-dom-server.edge.production.min.js.br
- react-dom/19.2.0-canary-d415fd3e-20250919/cjs/react-dom-server.edge.production.min.js.gz
- react-dom/19.2.0-canary-d415fd3e-20250919/cjs/react-dom-server.node.development.js.br
- react-dom/19.2.0-canary-d415fd3e-20250919/cjs/react-dom-server.node.development.js.gz
- react-dom/19.2.0-canary-d415fd3e-20250919/cjs/react-dom-server.node.development.min.js.br
- react-dom/19.2.0-canary-d415fd3e-20250919/cjs/react-dom-server.node.development.min.js.gz
- react-dom/19.2.0-canary-d415fd3e-20250919/cjs/react-dom-server.node.production.js.br
- react-dom/19.2.0-canary-d415fd3e-20250919/cjs/react-dom-server.node.production.js.gz
- react-dom/19.2.0-canary-d415fd3e-20250919/cjs/react-dom-server.node.production.min.js.br
- react-dom/19.2.0-canary-d415fd3e-20250919/cjs/react-dom-server.node.production.min.js.gz
- react-dom/19.2.0-canary-d415fd3e-20250919/cjs/react-dom-test-utils.development.js.br
- react-dom/19.2.0-canary-d415fd3e-20250919/cjs/react-dom-test-utils.development.js.gz
- react-dom/19.2.0-canary-d415fd3e-20250919/cjs/react-dom-test-utils.development.min.js.br
- react-dom/19.2.0-canary-d415fd3e-20250919/cjs/react-dom-test-utils.development.min.js.gz
- react-dom/19.2.0-canary-d415fd3e-20250919/cjs/react-dom-test-utils.production.js.br
- react-dom/19.2.0-canary-d415fd3e-20250919/cjs/react-dom-test-utils.production.js.gz
- react-dom/19.2.0-canary-d415fd3e-20250919/cjs/react-dom-test-utils.production.min.js.br
- react-dom/19.2.0-canary-d415fd3e-20250919/cjs/react-dom-test-utils.production.min.js.gz
- react-dom/19.2.0-canary-d415fd3e-20250919/cjs/react-dom.development.js.br
- react-dom/19.2.0-canary-d415fd3e-20250919/cjs/react-dom.development.js.gz
- react-dom/19.2.0-canary-d415fd3e-20250919/cjs/react-dom.development.min.js.br
- react-dom/19.2.0-canary-d415fd3e-20250919/cjs/react-dom.development.min.js.gz
- react-dom/19.2.0-canary-d415fd3e-20250919/cjs/react-dom.production.js.br
- react-dom/19.2.0-canary-d415fd3e-20250919/cjs/react-dom.production.js.gz
- react-dom/19.2.0-canary-d415fd3e-20250919/cjs/react-dom.production.min.js.br
- react-dom/19.2.0-canary-d415fd3e-20250919/cjs/react-dom.production.min.js.gz
- react-dom/19.2.0-canary-d415fd3e-20250919/cjs/react-dom.react-server.development.js.br
- react-dom/19.2.0-canary-d415fd3e-20250919/cjs/react-dom.react-server.development.js.gz
- react-dom/19.2.0-canary-d415fd3e-20250919/cjs/react-dom.react-server.development.min.js.br
- react-dom/19.2.0-canary-d415fd3e-20250919/cjs/react-dom.react-server.development.min.js.gz
- react-dom/19.2.0-canary-d415fd3e-20250919/cjs/react-dom.react-server.production.js.br
- react-dom/19.2.0-canary-d415fd3e-20250919/cjs/react-dom.react-server.production.js.gz
- react-dom/19.2.0-canary-d415fd3e-20250919/cjs/react-dom.react-server.production.min.js.br
- react-dom/19.2.0-canary-d415fd3e-20250919/cjs/react-dom.react-server.production.min.js.gz
SRIs:
- react-dom/19.2.0-canary-d415fd3e-20250919/cjs/react-dom-server.browser.development.min.js: sha512-NnqXwpy/OLRIK1r7UZ0jHNVcSyWaSkjxiKONfpZ7CYFN4LZYP+rZQZyyVAPSqX52Ti/QkoW/VD7SkE554RD90Q==
- react-dom/19.2.0-canary-d415fd3e-20250919/cjs/react-dom-server.browser.production.min.js: sha512-xUn5mvI4XM6K7LwX4O8/PwceuD8w6M5Uddv4dzMd9rsDIuxWKSe3GIndFApK6WgPTh+mMahMe5LC46Ak9jgxgA==
- react-dom/19.2.0-canary-d415fd3e-20250919/cjs/react-dom-server.node.production.js: sha512-Pqvn8rtTGfebnZ9aAWsKms6BDW5MKRRW5KGWHJnIgf4KtYZ71lnpZiKzvdFms8sD6JHhLxwXKq2BG8PoNAR8dg==
- react-dom/19.2.0-canary-d415fd3e-20250919/cjs/react-dom-test-utils.production.min.js: sha512-7i9t0ZObhvtf6bXCbuUPUW3AkdvGjkN3wJ+Wy1eNzrakcrYWQ2mieiZloe9pfdNx7c3ye/zhZFjluDQttG0gpw==
- react-dom/19.2.0-canary-d415fd3e-20250919/cjs/react-dom.production.js: sha512-eXJjdO/VJfcCC9w3uKIw0n+P8FdJAdQXNL9Dz0G6/QqKgVlF/m8sKdRftEYq5nzDDn4jtHQ1GJTT/siIJI+jtg==
- react-dom/19.2.0-canary-d415fd3e-20250919/cjs/react-dom.production.min.js: sha512-hWPymB7bb/lAAjuK/qZYSBeQgikpBsR0iiK8ETMnAmKboNKqhgOxoj9W1QLafT1Q/UgmJ+9PjpsG0i6cDj9ArQ==
- react-dom/19.2.0-canary-d415fd3e-20250919/cjs/react-dom-server-legacy.browser.development.js: sha512-F5txjxTPh+BT0GLvalISfblkt2kuNw3mfd+klF89d0enTVCswTfOjtWTKD0SCDZssahTDe89taA9u8mwJGm/pQ==
- react-dom/19.2.0-canary-d415fd3e-20250919/cjs/react-dom-server.browser.development.js: sha512-Rjai/aGdPiF8yGXraWCd5PbGywTzY00Z4G88oBQVP4BDagDhNHe/FMFDAYMYRpPQ9hReF0TPyWZm8yUmZofD5g==
- react-dom/19.2.0-canary-d415fd3e-20250919/cjs/react-dom.react-server.development.min.js: sha512-+3OnPNzz2PQvZSljoMtFBIoS9Zh3q4mb8+mpLmOGxYpy+ILtJfZOjo2kDyr0+EXfzya+raVGOd1x17D/HsvK4Q==
- react-dom/19.2.0-canary-d415fd3e-20250919/cjs/react-dom-profiling.profiling.min.js: sha512-iP7JQePjQigTJSNqRk0KSZ5Fu6WnMde0nq93lGbZUIQlmMNpNDli6eRofYT1PcrU1y085i1LcJ+JmNftc6C7Jw==
- react-dom/19.2.0-canary-d415fd3e-20250919/cjs/react-dom-server-legacy.node.development.min.js: sha512-tJCTzQo1UHMls3RCqu88OCY56swwbldPNBDXFWVOkojfGq7IL+5VJZplu5hj3tqv1q8miuSXO2pybsYzoiVSdw==
- react-dom/19.2.0-canary-d415fd3e-20250919/cjs/react-dom-server.bun.development.min.js: sha512-UGR3UKLpAYJEY+CT29JCQymsCunbtsBriLAd0QsAjUPkObzod3PW6jqwpgwu0NvzjIuahscFr2rEV8K77Iyvrg==
- react-dom/19.2.0-canary-d415fd3e-20250919/cjs/react-dom-server.bun.production.js: sha512-xj3uvTQF6MLTALhyd7KXpJZ9DlD1L52WNNPoWdB43i/04Yk+nqiPy2vZ7kz4idsPaws3fXy2EEHr3nAnesRUWw==
- react-dom/19.2.0-canary-d415fd3e-20250919/cjs/react-dom-server.node.development.js: sha512-aNNhEOVEZOFmqPZe40D/3moaRti2s0AlvartrjoxYneCifCkAZkzidMq3RNdkZL4MhRV/RHhR1UmSajRVFrz+A==
- react-dom/19.2.0-canary-d415fd3e-20250919/cjs/react-dom-server.node.development.min.js: sha512-vJ7JjyzLKUV8oB5XFEZgXbkOFCO9SVadb56EdIMQ23u2a8f1ejNWQW6sqFqA07pXT8kYRRf2dSng1/MzaNkV8A==
- react-dom/19.2.0-canary-d415fd3e-20250919/cjs/react-dom-client.development.js: sha512-mDkTFJwZxkfV8IHXyRdF1jJDu1CrUEw5Wgu6uurkd7o6FtINwSrhJpoz9k4kt+QA4wj40kv/eE7+xgIl/XPXag==
- react-dom/19.2.0-canary-d415fd3e-20250919/cjs/react-dom-profiling.profiling.js: sha512-Eg+6VgQIu3DOu6ylEAvNMLuWNyON2Vy8duThc0IE3Kha0DAPZztyeQ2vZRvMrbYB0xdaIQ3goUvHpxSJCnBtDw==
- react-dom/19.2.0-canary-d415fd3e-20250919/cjs/react-dom-server.node.production.min.js: sha512-VDQjXN/MXKbiUUT/EsL5ZWV2MUuUycBXzIC1pJLLzkZZ1921YA883XMWlFmYk1wslHRn4ASsKYBDRw/IJZW2PA==
- react-dom/19.2.0-canary-d415fd3e-20250919/cjs/react-dom-server-legacy.browser.production.js: sha512-g2gtqXN3BiwZ0/vHLOfnOBv3K9C6KUhu/hjG0GdkFoYGN1wByu6sPnBC9iryfJWiipyZjMX6WtmsAyTvT2oGwA==
- react-dom/19.2.0-canary-d415fd3e-20250919/cjs/react-dom-server.edge.development.js: sha512-k+ltgY/oIFYGKWlk0CDTCOvfs9u7L5NUcPrHT+FSQuiC8NgwcBy1SPYlGdgDsQswAhhkrPq4L4XfFo5Fh6lWGg==
- react-dom/19.2.0-canary-d415fd3e-20250919/cjs/react-dom-client.development.min.js: sha512-xcZKGliQlkihGiw9vcqn7MrAC3Ge4aO1v+LXISZ7dbF2CzbOS5SE7DYHR2hqCIHf3UMPCjP1Pj5l2paztu8hvQ==
- react-dom/19.2.0-canary-d415fd3e-20250919/cjs/react-dom-profiling.development.js: sha512-gRBMiHnEnqM039ilNNkPl2+WzhW0Nn/KgBTSZX5aETq7sOZGGsls3JKeG4nYLym8hFF+4vYmkRBIv2DuVF3yPg==
- react-dom/19.2.0-canary-d415fd3e-20250919/cjs/react-dom-server-legacy.node.production.min.js: sha512-VwkQxfSGs0V4AZTNDPkfWl04GczhPa7Iajdjx48LdPaN76WnCULE1HH8EJgMjRBm7Rzd3UJd9tuKB1bDfDb1Og==
- react-dom/19.2.0-canary-d415fd3e-20250919/cjs/react-dom-server.browser.production.js: sha512-h+oqISD36yS3hukpIO3io/ECPvhBAIyqUjpRTQmnMNHnd+gj6Z7asjn8VAj/QCEhkg56b4Jc6JFqxGAF2fL3FA==
- react-dom/19.2.0-canary-d415fd3e-20250919/cjs/react-dom-server-legacy.node.production.js: sha512-gh/n0Wsbji9UGlZ7Owf3gM8y3KjP+WDtSStByB8zCTbAXSU0tzhIXu7eSPvM0KAIYWDFNgGcnWu7kO92F+kcoA==
- react-dom/19.2.0-canary-d415fd3e-20250919/cjs/react-dom-test-utils.development.js: sha512-WXOi4X8urnIYjwhn0/ettuwKqfPkRU/SKLAds31Ovg5w/cL3iy7GWQh8DdbUx1afVOJUwhU48fDqX1prORciCQ==
- react-dom/19.2.0-canary-d415fd3e-20250919/cjs/react-dom-server-legacy.browser.development.min.js: sha512-2a6WySahva1F3nG1MBIfQLqjftAUihDsUYyMXZuL2GwW69++Y6fzeaodXN3nODsXJ3mtFM0xIO/510Khse3AjA==
- react-dom/19.2.0-canary-d415fd3e-20250919/cjs/react-dom-server-legacy.browser.production.min.js: sha512-1qaem8e2R8TuPBcM00hneUUTd5SdEWbT127FunGl2J2cSM2HZV34QEUhBtfRYPA/pcTQD5NII+zW1CIwvqDGiA==
- react-dom/19.2.0-canary-d415fd3e-20250919/cjs/react-dom.development.min.js: sha512-uyuQIIy4rJvBqi6d3rtWq4HJPXtTwUgFxay/iDW9K+WHF0Ycd9gHRWQzAKkjFcrEXXtkkkkH0bU0ftmytM+30Q==
- react-dom/19.2.0-canary-d415fd3e-20250919/cjs/react-dom.react-server.development.js: sha512-yDWdXRBiavzk2FylstQkRBEF05tTfeYDobRqmkT8BqUsNWUSmH7LnPYF11P5Q5mD7078JRL1OICbR95gw8E0PA==
- react-dom/19.2.0-canary-d415fd3e-20250919/cjs/react-dom-profiling.development.min.js: sha512-/tGE3wK//gyZ9k5nCKdIGI18s/4ZlufLAv8QrzS5QXFs9jTs6EEt4c5DQU9zdrRBTbCU7K7wQ0zY9ICNb/ovig==
- react-dom/19.2.0-canary-d415fd3e-20250919/cjs/react-dom-server-legacy.node.development.js: sha512-n9veU69CxKJfR5R/e46N00brFYiLxDymAPT1yJHApvyYSkgEENk7jrwYflFfEk1ZOdOvlCO8J02KZKXJ9/V8Jg==
- react-dom/19.2.0-canary-d415fd3e-20250919/cjs/react-dom-server.edge.production.js: sha512-PHAHtYdmj6MNLpaOogKjpoTt45staB+FrUXXY1AMvSxdJFrzy3beVf8yDFfCFj+Cf6kD/vxJSOF1gE6d4E0MXw==
- react-dom/19.2.0-canary-d415fd3e-20250919/cjs/react-dom-server.edge.production.min.js: sha512-p/+70itRkh1UWA86IiXEG0Zj+mQSyvxT/pUDwFc9f1N4QlbTYMZdllPwEmjPTjXQmN1A7JIPMh3WhNcmpCPNjw==
- react-dom/19.2.0-canary-d415fd3e-20250919/cjs/react-dom.development.js: sha512-IlPhKXUbeJTr/aT8kUfu+uTbP6kHslgA6ljFlKaIheUsAMv54jPBZR/zcOjG6JVNIcCoLMA//Pf9NAa9aYxEwA==
- react-dom/19.2.0-canary-d415fd3e-20250919/cjs/react-dom.react-server.production.js: sha512-D6aMOGOjQXb265gvv9Eox3UzDUi0NxEuNgqLl8PXm6A736m2kQqVndJCaFkExwaNucnhnH3BwdCQAeLoq2ldKw==
- react-dom/19.2.0-canary-d415fd3e-20250919/cjs/react-dom.react-server.production.min.js: sha512-T23LMQgaJLfF2G/+a3w9yqU4YFIghmfMdhS6Gr+gpLd1V3siZEPoNkysEB/FFuJ7gII4MOiuqPK9dIz2cHnIqA==
- react-dom/19.2.0-canary-d415fd3e-20250919/cjs/react-dom-client.production.js: sha512-KdpXzDNG4BZa73jnIZD0nJEkfc2LYilkFreP13zuUto+xZV25KWUv72l+q5Dn9nugekBG3w8La8SSYFOqpm1RQ==
- react-dom/19.2.0-canary-d415fd3e-20250919/cjs/react-dom-server.edge.development.min.js: sha512-53hYaYFpFo6kEfeLEzBZ/DWQWingRgN7x7I+bgvtl14yDBXA/i+TyBwOGN6SGoMYqAPHTBtVu4Y+YGy2hpzMAg==
- react-dom/19.2.0-canary-d415fd3e-20250919/cjs/react-dom-server.bun.production.min.js: sha512-fUwq3KqrLtpn6n+sid54M4i1qWaxfPwVXEWpNP93oYGo16CXT701TK8wV5GG6e0R3s/nHocxY/VogTEwgKdxYA==
- react-dom/19.2.0-canary-d415fd3e-20250919/cjs/react-dom-test-utils.development.min.js: sha512-zZ3i3o1rgGlQugRndFsHwrDh56QBL4RxBWQsEEZKtI4fmkztffLhS4URazWEluTDK6af7E2vJnk0cDWvTJmBIA==
- react-dom/19.2.0-canary-d415fd3e-20250919/cjs/react-dom-test-utils.production.js: sha512-jkoqaAph1QG0Rsi5v6QFKgNiVbYZAAHnJAMKrsaEng593GKYE7QdBtHNvNEnyJXhBy7MahqaZvPLT30h+DAZig==
- react-dom/19.2.0-canary-d415fd3e-20250919/cjs/react-dom-client.production.min.js: sha512-NPP8sw+nlBiIp0f1muGBj2xv/5I7ZCndtwT4g5sK4on68bZZA+s9FspE7XnegkpNdcibxn7vntGhtxeRxrB6OA==
- react-dom/19.2.0-canary-d415fd3e-20250919/cjs/react-dom-server.bun.development.js: sha512-NGETqg34CuQ9ZjplaZUlEF6xUw1C1crSTYMVPFiG8Ij+4+8SQhlyvo66Mdtc3E/bCb8YnQ2HArKDhG0ltX+qeA==
