config: {"autoupdate":{"source":"npm","target":"onnxruntime-web","fileMap":[{"basePath":"dist","files":["*.@(js|mjs|wasm)"]}]},"description":"A Javascript library for running ONNX models on browsers","filename":"ort.min.js","keywords":["ONNX","ONNXRuntime","ONNX Runtime"],"license":"MIT","name":"onnxruntime-web","repository":{"type":"git","url":"https://github.com/Microsoft/onnxruntime.git"}}
KV keys:
- onnxruntime-web/1.20.1/ort-wasm-simd-threaded.jsep.mjs.br
- onnxruntime-web/1.20.1/ort-wasm-simd-threaded.jsep.mjs.gz
- onnxruntime-web/1.20.1/ort-wasm-simd-threaded.jsep.wasm.br
- onnxruntime-web/1.20.1/ort-wasm-simd-threaded.jsep.wasm.gz
- onnxruntime-web/1.20.1/ort-wasm-simd-threaded.mjs.br
- onnxruntime-web/1.20.1/ort-wasm-simd-threaded.mjs.gz
- onnxruntime-web/1.20.1/ort-wasm-simd-threaded.wasm.br
- onnxruntime-web/1.20.1/ort-wasm-simd-threaded.wasm.gz
- onnxruntime-web/1.20.1/ort.all.bundle.min.mjs.br
- onnxruntime-web/1.20.1/ort.all.bundle.min.mjs.gz
- onnxruntime-web/1.20.1/ort.all.js.br
- onnxruntime-web/1.20.1/ort.all.js.gz
- onnxruntime-web/1.20.1/ort.all.min.js.br
- onnxruntime-web/1.20.1/ort.all.min.js.gz
- onnxruntime-web/1.20.1/ort.all.min.mjs.br
- onnxruntime-web/1.20.1/ort.all.min.mjs.gz
- onnxruntime-web/1.20.1/ort.all.mjs.br
- onnxruntime-web/1.20.1/ort.all.mjs.gz
- onnxruntime-web/1.20.1/ort.bundle.min.mjs.br
- onnxruntime-web/1.20.1/ort.bundle.min.mjs.gz
- onnxruntime-web/1.20.1/ort.js.br
- onnxruntime-web/1.20.1/ort.js.gz
- onnxruntime-web/1.20.1/ort.min.js.br
- onnxruntime-web/1.20.1/ort.min.js.gz
- onnxruntime-web/1.20.1/ort.min.mjs.br
- onnxruntime-web/1.20.1/ort.min.mjs.gz
- onnxruntime-web/1.20.1/ort.mjs.br
- onnxruntime-web/1.20.1/ort.mjs.gz
- onnxruntime-web/1.20.1/ort.node.min.js.br
- onnxruntime-web/1.20.1/ort.node.min.js.gz
- onnxruntime-web/1.20.1/ort.node.min.mjs.br
- onnxruntime-web/1.20.1/ort.node.min.mjs.gz
- onnxruntime-web/1.20.1/ort.wasm.js.br
- onnxruntime-web/1.20.1/ort.wasm.js.gz
- onnxruntime-web/1.20.1/ort.wasm.min.js.br
- onnxruntime-web/1.20.1/ort.wasm.min.js.gz
- onnxruntime-web/1.20.1/ort.wasm.min.mjs.br
- onnxruntime-web/1.20.1/ort.wasm.min.mjs.gz
- onnxruntime-web/1.20.1/ort.wasm.mjs.br
- onnxruntime-web/1.20.1/ort.wasm.mjs.gz
- onnxruntime-web/1.20.1/ort.webgl.js.br
- onnxruntime-web/1.20.1/ort.webgl.js.gz
- onnxruntime-web/1.20.1/ort.webgl.min.js.br
- onnxruntime-web/1.20.1/ort.webgl.min.js.gz
- onnxruntime-web/1.20.1/ort.webgl.min.mjs.br
- onnxruntime-web/1.20.1/ort.webgl.min.mjs.gz
- onnxruntime-web/1.20.1/ort.webgl.mjs.br
- onnxruntime-web/1.20.1/ort.webgl.mjs.gz
- onnxruntime-web/1.20.1/ort.webgpu.bundle.min.mjs.br
- onnxruntime-web/1.20.1/ort.webgpu.bundle.min.mjs.gz
- onnxruntime-web/1.20.1/ort.webgpu.js.br
- onnxruntime-web/1.20.1/ort.webgpu.js.gz
- onnxruntime-web/1.20.1/ort.webgpu.min.js.br
- onnxruntime-web/1.20.1/ort.webgpu.min.js.gz
- onnxruntime-web/1.20.1/ort.webgpu.min.mjs.br
- onnxruntime-web/1.20.1/ort.webgpu.min.mjs.gz
- onnxruntime-web/1.20.1/ort.webgpu.mjs.br
- onnxruntime-web/1.20.1/ort.webgpu.mjs.gz
SRIs:
- onnxruntime-web/1.20.1/ort.all.min.js: sha512-2kB7XQkpzCV1HCtdK1d7QFU5mR4p7Npascc6FHPEt2zD+fBW10onf2wcDCBiOpBnhkEsQLJ/NQc9paxbg/LGwA==
- onnxruntime-web/1.20.1/ort.min.js: sha512-RoLbXLDSm56biLOJnOnFGDYw8i16ZIFBj/BA5/QnT7oBnMcTCfu8+rZL9DuPXvAUirlGIjNaCkM1YKGqr2Fh+g==
- onnxruntime-web/1.20.1/ort.webgl.js: sha512-X06spSLjYEThEdF54ZWY3Ja2LS/kpcBeXwu26c/xV2MNkEFwY7aNzuTOfoiL49Cco0XXKkcJerKpw/OMV+OVUw==
- onnxruntime-web/1.20.1/ort.webgpu.min.js: sha512-VfhX+QkN7NbCrYehivVRUqfUdswaFcRPtmyBSMGIXGbIMRku82aqFB2mKxvrtNV9TYP6JWz371CfTIzAExMyCA==
- onnxruntime-web/1.20.1/ort.wasm.min.js: sha512-quCQwRXJIrol6LOJtRZ4Ma8tNZ2flWmfQQoHl4t4CcIYmtvTiyPA5vWQtbrI8SVXgbw18e9IT4aUORTkDcASrw==
- onnxruntime-web/1.20.1/ort.webgl.min.js: sha512-viPWzNp4NkqEuveCuIMgmPNaY7Edy95dNYvdoiWWbFqS/7YcBM9zwY77wO509HfeklItUM/XlmyMadp0CPWhOw==
- onnxruntime-web/1.20.1/ort.webgpu.js: sha512-NfifPrCEW7YvB10pUPls1zpTVedu35YtF+t4VBg5PJM8DEjniJvgiAdF+YbjPp5AZ3iYAPMFe0S0OT9Q2yuT+Q==
- onnxruntime-web/1.20.1/ort.all.js: sha512-Qo79DABD2EgvzMBDJ47S6CIjFLcod32p7quo80xDSrFHSddOrVjB9zWzFnLfzQWH4lxKkhId3pORsqn2JUkWtA==
- onnxruntime-web/1.20.1/ort.js: sha512-ZCumyQxNFM37IBpf43X5jLnHdHhj9m19JSiX07O74D3pUBgdnKGr78H7vKX/G/H2mM+QstBcyCmI7bfdvRGiBA==
- onnxruntime-web/1.20.1/ort.node.min.js: sha512-vd/j/yqq4FV+4sA6f5Ukjtqjf+VU0aYDqq4k/WhqF76v/zzr2pVAcICODWvHUwT2UisQV6+Oefir0QJwZMzQHA==
- onnxruntime-web/1.20.1/ort.wasm.js: sha512-+2uQtkhnljXgODwFJeFDDit0NRXqze0KfedE54hdBigkxGgR8QQSys76hzWdsv9fXagI7EM03x6jGkm2Vnxk5Q==
