Files:
- fontsource-chenla/5.2.5/400.css.br
- fontsource-chenla/5.2.5/400.css.gz
- fontsource-chenla/5.2.5/400.css.sri
- fontsource-chenla/5.2.5/400.min.css.br
- fontsource-chenla/5.2.5/400.min.css.gz
- fontsource-chenla/5.2.5/400.min.css.sri
- fontsource-chenla/5.2.5/files/chenla-khmer-400-normal.woff.br
- fontsource-chenla/5.2.5/files/chenla-khmer-400-normal.woff.gz
- fontsource-chenla/5.2.5/files/chenla-khmer-400-normal.woff2
- fontsource-chenla/5.2.5/index.css.br
- fontsource-chenla/5.2.5/index.css.gz
- fontsource-chenla/5.2.5/index.css.sri
- fontsource-chenla/5.2.5/index.min.css.br
- fontsource-chenla/5.2.5/index.min.css.gz
- fontsource-chenla/5.2.5/index.min.css.sri
- fontsource-chenla/5.2.5/khmer-400.css.br
- fontsource-chenla/5.2.5/khmer-400.css.gz
- fontsource-chenla/5.2.5/khmer-400.css.sri
- fontsource-chenla/5.2.5/khmer-400.min.css.br
- fontsource-chenla/5.2.5/khmer-400.min.css.gz
- fontsource-chenla/5.2.5/khmer-400.min.css.sri
- fontsource-chenla/5.2.5/khmer.css.br
- fontsource-chenla/5.2.5/khmer.css.gz
- fontsource-chenla/5.2.5/khmer.css.sri
- fontsource-chenla/5.2.5/khmer.min.css.br
- fontsource-chenla/5.2.5/khmer.min.css.gz
- fontsource-chenla/5.2.5/khmer.min.css.sri
