config: {"authors":[{"name":"UIkit Team","email":"info@getuikit.com","url":"https://getuikit.com"}],"autoupdate":{"source":"npm","target":"uikit","fileMap":[{"basePath":"dist","files":["js/**/*.js","css/*.css"]}],"ignoreVersions":["*-dev.*"]},"description":"UIkit is a lightweight and modular front-end framework for developing fast and powerful web interfaces.","filename":"js/uikit.min.js","homepage":"https://getuikit.com","keywords":["uikit","css","framework"],"license":"MIT","name":"uikit","repository":{"type":"git","url":"git://github.com/uikit/uikit"},"author":"UIkit Team \u003cinfo@getuikit.com\u003e (https://getuikit.com)"}
KV keys:
- uikit/3.23.11/css/uikit-core-rtl.css.br
- uikit/3.23.11/css/uikit-core-rtl.css.gz
- uikit/3.23.11/css/uikit-core-rtl.min.css.br
- uikit/3.23.11/css/uikit-core-rtl.min.css.gz
- uikit/3.23.11/css/uikit-core.css.br
- uikit/3.23.11/css/uikit-core.css.gz
- uikit/3.23.11/css/uikit-core.min.css.br
- uikit/3.23.11/css/uikit-core.min.css.gz
- uikit/3.23.11/css/uikit-rtl.css.br
- uikit/3.23.11/css/uikit-rtl.css.gz
- uikit/3.23.11/css/uikit-rtl.min.css.br
- uikit/3.23.11/css/uikit-rtl.min.css.gz
- uikit/3.23.11/css/uikit.css.br
- uikit/3.23.11/css/uikit.css.gz
- uikit/3.23.11/css/uikit.min.css.br
- uikit/3.23.11/css/uikit.min.css.gz
- uikit/3.23.11/js/components/countdown.js.br
- uikit/3.23.11/js/components/countdown.js.gz
- uikit/3.23.11/js/components/countdown.min.js.br
- uikit/3.23.11/js/components/countdown.min.js.gz
- uikit/3.23.11/js/components/filter.js.br
- uikit/3.23.11/js/components/filter.js.gz
- uikit/3.23.11/js/components/filter.min.js.br
- uikit/3.23.11/js/components/filter.min.js.gz
- uikit/3.23.11/js/components/lightbox-panel.js.br
- uikit/3.23.11/js/components/lightbox-panel.js.gz
- uikit/3.23.11/js/components/lightbox-panel.min.js.br
- uikit/3.23.11/js/components/lightbox-panel.min.js.gz
- uikit/3.23.11/js/components/lightbox.js.br
- uikit/3.23.11/js/components/lightbox.js.gz
- uikit/3.23.11/js/components/lightbox.min.js.br
- uikit/3.23.11/js/components/lightbox.min.js.gz
- uikit/3.23.11/js/components/notification.js.br
- uikit/3.23.11/js/components/notification.js.gz
- uikit/3.23.11/js/components/notification.min.js.br
- uikit/3.23.11/js/components/notification.min.js.gz
- uikit/3.23.11/js/components/parallax.js.br
- uikit/3.23.11/js/components/parallax.js.gz
- uikit/3.23.11/js/components/parallax.min.js.br
- uikit/3.23.11/js/components/parallax.min.js.gz
- uikit/3.23.11/js/components/slider-parallax.js.br
- uikit/3.23.11/js/components/slider-parallax.js.gz
- uikit/3.23.11/js/components/slider-parallax.min.js.br
- uikit/3.23.11/js/components/slider-parallax.min.js.gz
- uikit/3.23.11/js/components/slider.js.br
- uikit/3.23.11/js/components/slider.js.gz
- uikit/3.23.11/js/components/slider.min.js.br
- uikit/3.23.11/js/components/slider.min.js.gz
- uikit/3.23.11/js/components/slideshow-parallax.js.br
- uikit/3.23.11/js/components/slideshow-parallax.js.gz
- uikit/3.23.11/js/components/slideshow-parallax.min.js.br
- uikit/3.23.11/js/components/slideshow-parallax.min.js.gz
- uikit/3.23.11/js/components/slideshow.js.br
- uikit/3.23.11/js/components/slideshow.js.gz
- uikit/3.23.11/js/components/slideshow.min.js.br
- uikit/3.23.11/js/components/slideshow.min.js.gz
- uikit/3.23.11/js/components/sortable.js.br
- uikit/3.23.11/js/components/sortable.js.gz
- uikit/3.23.11/js/components/sortable.min.js.br
- uikit/3.23.11/js/components/sortable.min.js.gz
- uikit/3.23.11/js/components/tooltip.js.br
- uikit/3.23.11/js/components/tooltip.js.gz
- uikit/3.23.11/js/components/tooltip.min.js.br
- uikit/3.23.11/js/components/tooltip.min.js.gz
- uikit/3.23.11/js/components/upload.js.br
- uikit/3.23.11/js/components/upload.js.gz
- uikit/3.23.11/js/components/upload.min.js.br
- uikit/3.23.11/js/components/upload.min.js.gz
- uikit/3.23.11/js/uikit-core.js.br
- uikit/3.23.11/js/uikit-core.js.gz
- uikit/3.23.11/js/uikit-core.min.js.br
- uikit/3.23.11/js/uikit-core.min.js.gz
- uikit/3.23.11/js/uikit-icons.js.br
- uikit/3.23.11/js/uikit-icons.js.gz
- uikit/3.23.11/js/uikit-icons.min.js.br
- uikit/3.23.11/js/uikit-icons.min.js.gz
- uikit/3.23.11/js/uikit.js.br
- uikit/3.23.11/js/uikit.js.gz
- uikit/3.23.11/js/uikit.min.js.br
- uikit/3.23.11/js/uikit.min.js.gz
SRIs:
- uikit/3.23.11/js/components/upload.min.js: sha512-XQ5uaif1A2G8WTaLJLdnHCm4ZbJWfp02bU4R0485M+Q+QSMIdfaPkh4WSOh/iTPQ+vV4ueesTP0g3nz2jQN8jQ==
- uikit/3.23.11/css/uikit-core-rtl.min.css: sha512-DSQlXsWf/8QEgQmfPEkV59Ar8CS/KKXPr7T8Zaub1U5WDxalAzWdBzSsRXPBsFEmuB7KQjYHAtCz/4TxipQkLg==
- uikit/3.23.11/js/components/countdown.js: sha512-bXlIC/LUIAocVxXGuIxUqxpEMLjDU05DECkqkOFfwCnVK5X+Ae28otiQI7I3LQRzDh3i3wfMGASvL01n3AZDNQ==
- uikit/3.23.11/js/components/lightbox-panel.js: sha512-7FVsLGUXUM9X2kyaJqn2cl5y9XSXzYWfyZGKz/WiH0bfjRSCN/VnydpRJ1Sv8VwQiDRujL8+QddussTKFYE1JQ==
- uikit/3.23.11/js/components/parallax.min.js: sha512-OMtrpsuZp9EPoWdvhaltFuSpiAjRbYzcxPUNOyd9SWe931vIm0hu5n/5kaS0v1qGw0G/tdNJxOq3wqpZQkV6ew==
- uikit/3.23.11/js/components/slider.js: sha512-Mu1swwTxca3OjggFiOifNTGpJrTzdy6Q6D9RBmlKYrXz6IPzWqC0xOuCtYYsf/PkQOlgJ6r8yRjeFz6pMlRUCQ==
- uikit/3.23.11/js/components/slider.min.js: sha512-ohkB8VRYbt1sFV7pTb1YCOG9kzHjg83IGxBusvfhjYRGhY2UjAP1geRr0xO1+clIdvNoWpK9eeKFlmac1ThHlw==
- uikit/3.23.11/css/uikit-core.min.css: sha512-IE+a0Dky5AcANzYkPsBVxK8b9N4YHu3U2nTiIauRTDVdYiJz+GKOIC0hlCY+yOEkBB+KPabEOrVS3ea5VNNxbg==
- uikit/3.23.11/css/uikit-rtl.min.css: sha512-4w5exOzzwHDEkx5F/8XLfCuQvTYTIcyo5pEh7T9CZNpd7RYoO0a7ArwZhBimnsAQ7S0eLRGcdtWIOygMVeUcoA==
- uikit/3.23.11/js/components/notification.min.js: sha512-LXd9R8Oe//0PaSdrskXE/iSAPUqkx0g/n10fKE8QaBqX/txRaVpsUqKiSdaj8p4AX5iZUGc4ouYqlFgpyBIl9A==
- uikit/3.23.11/js/components/parallax.js: sha512-ShgjjrfhyX5y6O1s2tBnLrYqSqFq+Y4GU09juHQHtEV31nLtoY/1FQpwLFiXk+rRGSI6MAq8nNAtLaEBCrKCSA==
- uikit/3.23.11/js/components/slideshow-parallax.min.js: sha512-3Iv3bKmg7okq+g6Ub6fwKZ7jTWvXqtg29lvnMzQ4jRDCEbNtm33Uch7GJ5T9I/Hd1QXW9efhMxzvMJ59ihS7LA==
- uikit/3.23.11/js/components/lightbox.js: sha512-jHxwtg6c4I++PizJSdL71+AiC1BZBPIsnmhnAtVnEndX4dK0KlJ1BjxSR2lZoJOV0OmBtTzqHljA830qS9XwOQ==
- uikit/3.23.11/js/uikit-icons.min.js: sha512-iMdsXxy+ycLbJq36/9t4pBtmyBCC9gIJra8Gnxh37kVY0km0MIKszayowoR1uhKpYJsQjdlIM+SzXODrhjioSA==
- uikit/3.23.11/js/uikit.min.js: sha512-5Is8znpjl5Qs4S74E/MMgv8JjyBQ9J/qmi8BoluDPjZHDhgg3XsClg7b7yRxMqGzFeNFKVa2bSZqT8RK5IQyzA==
- uikit/3.23.11/css/uikit.min.css: sha512-njxjxGbowQXvijTYX7sielh7S1ERd6Y9ASz+4n2DgT2xeCM6n4PHPaMrN7h5KCwcLhqxrI7JsmKNsPCSxKdnfg==
- uikit/3.23.11/js/components/slider-parallax.min.js: sha512-IvjQI7wfsHPYmT9KojGievGafuWpqQeerrwJk7fr6ntA9k95RfwNhNlejjsi73szlcqsQEApocCupCLH8OPsIw==
- uikit/3.23.11/js/components/slideshow.js: sha512-i4IVzCHaiess+eTR19nRU7xcDgsXrdm4EDdlRUNwJct3KAKvb3iszUVyL0vgIAeErp3gXY+y5WDM8p2s/iJbNw==
- uikit/3.23.11/js/components/tooltip.js: sha512-2jsJyG1vYJo5NLPw7gtLkcYvjgKmseRLBOwnxQp8NSP4PKv8Rs4g6nLZXvHqQ5y+OBByphEyuK06dGazDuKsdQ==
- uikit/3.23.11/js/uikit-core.js: sha512-Xu5cr/+4Gak6rp5Yhtf8XXG223VrkX/uUSBL3MpMvdK6kP31ncF4DcqFmvhZx9U4HkoCW/KQ358tP2VYCfHDLw==
- uikit/3.23.11/js/uikit-icons.js: sha512-3CFbK/Dd0lS+fDR7/hdCawVElm0YvqYIWjCX0HZF6q9umkDf2dMW3EMXtVxToNJg66Abw9cfmFcgWDhXeBj0qg==
- uikit/3.23.11/css/uikit-core.css: sha512-ReidO0BpQw28ftx167Gs2GyeaV5tuJQ45fsgChooOMYgBfVhAJitGtNXFsnN9d7lO8aYAuenAmxoxuZQyUOWSQ==
- uikit/3.23.11/css/uikit.css: sha512-EUnFb0NBTJVc52Ny3MUK01AQysPYzatwlvu9c2BjWoY3OC9In4rQfCz7gQFDPgrmhR70yJokcDtUo/pY4qhu/g==
- uikit/3.23.11/js/components/filter.min.js: sha512-DkmjmGRzJ6Q9JklHE/cj7T/j8VWdEgxSWm5/uSsHjkqm5oflzOn0iAB90ki2qoiQftmeBfVUezpPbN3PlTaWfw==
- uikit/3.23.11/js/components/slideshow-parallax.js: sha512-kJs4Fd8DPd40K6bha+HAPrFkO7sS7DOlVe2IAjKODgrfKc59fnKMKInoGsfbnuxrmYqe9LstAtZthf0RWDwO6Q==
- uikit/3.23.11/js/components/tooltip.min.js: sha512-xZBxmOGfJOT0fQ9EZZXdszEDMOuY6RN2IPFb9ANAkfOp/5bBCMLcFUmj1M4xwVPuLpU+X2fumC0BZK7E00Uv7A==
- uikit/3.23.11/js/components/upload.js: sha512-qjIkb+wIOz2Pnf3Qxej6YGh1KqcQAmijmBSWC7J8pAlD+dVhB0v8UjXRhF4qzso40gSC4uZZ4BS2vcoOA0Lngg==
- uikit/3.23.11/js/components/filter.js: sha512-6fhasrtmoXASopO5oVZqJ8w0zgs6PmUf6aUT3NhMPi+YUnSWHEpDVXJx2C/s67PefbPFzOY1QAs2v8uUyggGvA==
- uikit/3.23.11/js/components/countdown.min.js: sha512-F/vYDtpUg4e+Qu7DaYNXcViKRxyrcXK6J52VpSs3evEjffYOQVE9r+/faNE4Go/I6tbdNJWR0V8Q0G5zNevf6g==
- uikit/3.23.11/js/components/lightbox-panel.min.js: sha512-EO11O8OrVNA1sTCYfpJtfJ87iclKdQLC3ZvE5sknWNFJm0VF9p109cAvGUfBtZJj75sKuLFubTkrF/x40KB1yg==
- uikit/3.23.11/js/components/sortable.js: sha512-CQXgpIb6Tc9jZxhvob8kHAevvnsoUTjpTjcjMauIEZjb22akzXszZspSTxAnxUNOQYMYlH2b/4teVbFict2QTQ==
- uikit/3.23.11/js/components/sortable.min.js: sha512-v/6Jcy9vpd7INNl3O0w9fFmv7YOWQVvqMEE1AB9MiSsWFWclhM8CEQw0iKqY38LFdr3R1hNKoWIWKRej0QHd0g==
- uikit/3.23.11/js/uikit-core.min.js: sha512-v/0dkTzSzLOqcmDz3KLGdxrjk5q/gfu8gH3PnF9UzNlA1pvupNdAaCqzE8j6Gu5kAEqE99ROOuJ8y0PYNTtLOg==
- uikit/3.23.11/js/uikit.js: sha512-cJThS9RP71ED+li5NG2n7QS0msl4aWkBqgy5Wrw0560fScxBztho8aZI8XbI0WQiAqj7P/72CKJVkhR+VRREyg==
- uikit/3.23.11/css/uikit-core-rtl.css: sha512-AtdFX7CfWa7r2TJv101BZojWnyyjvL4amBYvtaBihOa5UVoRGbDFDZc0AW3iXaf4a9dwVl2AgXzHR5iJcDPmUA==
- uikit/3.23.11/css/uikit-rtl.css: sha512-1jZ/9aBgTIG2JHXdBPeen9F4x3AG9md70PbMLC09JQcPF3CqEmxAN1Oj7JunAibeDOWwH1OEpnkBaestxTcSwQ==
- uikit/3.23.11/js/components/lightbox.min.js: sha512-wsLwDHrICR8USfABwvg/a3hstkLNI8QzrWD+eePEX7PTDHNwUHVVr8m1uqg4Dgn1wt5MKwvclIrwGAtsJZWfRA==
- uikit/3.23.11/js/components/notification.js: sha512-Eo49y9QFqIgM46qA5fGQk5FGXj3VcDWCI3ykOVo3Y5vv0FDsQkDLP360FuqAm9oMVm4AE5yiLKdGqxzVbIexRA==
- uikit/3.23.11/js/components/slider-parallax.js: sha512-4CTmhTcjjPcJPmIWy2MTxhiOOOIdXx0gkV4VbSXh/TLJeurjjxopIHeFa8b9e1EVGO/jXx4T1mjMsM9/jvvjiQ==
- uikit/3.23.11/js/components/slideshow.min.js: sha512-BGQl6O7oF75nNNYXpsP5dUZBhpNsjIZexczHsOmEJcdeZfh3B5lZukF6hQwybaTJ2VDrh59wu+93J4cQRFCcpg==
