2025/08/29 11:23:35 ExtractTarGz: uknown type: 67 in pax_global_header
2025/08/29 11:23:35 ExtractTarGz: uknown type: 32 in jackocnr-intl-tel-input-6e3d7ec/.nvmrc
2025/08/29 11:23:35 ExtractTarGz: uknown type: 32 in jackocnr-intl-tel-input-6e3d7ec/angular/src/intl-tel-input.ts
2025/08/29 11:23:35 ExtractTarGz: uknown type: 32 in jackocnr-intl-tel-input-6e3d7ec/angular/src/intl-tel-input/data.ts
2025/08/29 11:23:35 ExtractTarGz: uknown type: 32 in jackocnr-intl-tel-input-6e3d7ec/angular/src/intl-tel-input/i18n
2025/08/29 11:23:35 ExtractTarGz: uknown type: 32 in jackocnr-intl-tel-input-6e3d7ec/angular/src/intl-tel-input/intlTelInputWithUtils.ts
2025/08/29 11:23:35 ExtractTarGz: uknown type: 32 in jackocnr-intl-tel-input-6e3d7ec/angular/src/intl-tel-input/utils.js
2025/08/29 11:23:35 ExtractTarGz: uknown type: 32 in jackocnr-intl-tel-input-6e3d7ec/react/src/intl-tel-input.ts
2025/08/29 11:23:35 ExtractTarGz: uknown type: 32 in jackocnr-intl-tel-input-6e3d7ec/react/src/intl-tel-input/data.ts
2025/08/29 11:23:35 ExtractTarGz: uknown type: 32 in jackocnr-intl-tel-input-6e3d7ec/react/src/intl-tel-input/i18n
2025/08/29 11:23:35 ExtractTarGz: uknown type: 32 in jackocnr-intl-tel-input-6e3d7ec/react/src/intl-tel-input/intlTelInputWithUtils.ts
2025/08/29 11:23:35 ExtractTarGz: uknown type: 32 in jackocnr-intl-tel-input-6e3d7ec/react/src/intl-tel-input/utils.js
2025/08/29 11:23:35 ExtractTarGz: uknown type: 32 in jackocnr-intl-tel-input-6e3d7ec/src/js/intl-tel-input/utils.js
2025/08/29 11:23:35 ExtractTarGz: uknown type: 32 in jackocnr-intl-tel-input-6e3d7ec/vue/src/intl-tel-input.ts
2025/08/29 11:23:35 ExtractTarGz: uknown type: 32 in jackocnr-intl-tel-input-6e3d7ec/vue/src/intl-tel-input/data.ts
2025/08/29 11:23:35 ExtractTarGz: uknown type: 32 in jackocnr-intl-tel-input-6e3d7ec/vue/src/intl-tel-input/i18n
2025/08/29 11:23:35 ExtractTarGz: uknown type: 32 in jackocnr-intl-tel-input-6e3d7ec/vue/src/intl-tel-input/intlTelInputWithUtils.ts
2025/08/29 11:23:35 ExtractTarGz: uknown type: 32 in jackocnr-intl-tel-input-6e3d7ec/vue/src/intl-tel-input/utils.js
2025/08/29 11:23:35 optimizing files (Js true, Css true, Png true, Jpg true)
2025/08/29 11:23:36 processed intl-tel-input
