Files:
- clerk-js/5.67.0-canary.v20250515132112/192_clerk.browser_8bf305_5.67.0-canary.v20250515132112.js.br
- clerk-js/5.67.0-canary.v20250515132112/192_clerk.browser_8bf305_5.67.0-canary.v20250515132112.js.gz
- clerk-js/5.67.0-canary.v20250515132112/192_clerk.browser_8bf305_5.67.0-canary.v20250515132112.js.sri
- clerk-js/5.67.0-canary.v20250515132112/192_clerk.browser_8bf305_5.67.0-canary.v20250515132112.min.js.br
- clerk-js/5.67.0-canary.v20250515132112/192_clerk.browser_8bf305_5.67.0-canary.v20250515132112.min.js.gz
- clerk-js/5.67.0-canary.v20250515132112/192_clerk.browser_8bf305_5.67.0-canary.v20250515132112.min.js.sri
- clerk-js/5.67.0-canary.v20250515132112/192_clerk.chips.browser_919303_5.67.0-canary.v20250515132112.js.br
- clerk-js/5.67.0-canary.v20250515132112/192_clerk.chips.browser_919303_5.67.0-canary.v20250515132112.js.gz
- clerk-js/5.67.0-canary.v20250515132112/192_clerk.chips.browser_919303_5.67.0-canary.v20250515132112.js.sri
- clerk-js/5.67.0-canary.v20250515132112/192_clerk.chips.browser_919303_5.67.0-canary.v20250515132112.min.js.br
- clerk-js/5.67.0-canary.v20250515132112/192_clerk.chips.browser_919303_5.67.0-canary.v20250515132112.min.js.gz
- clerk-js/5.67.0-canary.v20250515132112/192_clerk.chips.browser_919303_5.67.0-canary.v20250515132112.min.js.sri
- clerk-js/5.67.0-canary.v20250515132112/192_clerk.legacy.browser_8ea10b_5.67.0-canary.v20250515132112.js.br
- clerk-js/5.67.0-canary.v20250515132112/192_clerk.legacy.browser_8ea10b_5.67.0-canary.v20250515132112.js.gz
- clerk-js/5.67.0-canary.v20250515132112/192_clerk.legacy.browser_8ea10b_5.67.0-canary.v20250515132112.js.sri
- clerk-js/5.67.0-canary.v20250515132112/192_clerk.legacy.browser_8ea10b_5.67.0-canary.v20250515132112.min.js.br
- clerk-js/5.67.0-canary.v20250515132112/192_clerk.legacy.browser_8ea10b_5.67.0-canary.v20250515132112.min.js.gz
- clerk-js/5.67.0-canary.v20250515132112/192_clerk.legacy.browser_8ea10b_5.67.0-canary.v20250515132112.min.js.sri
- clerk-js/5.67.0-canary.v20250515132112/377_clerk.headless_f085be_5.67.0-canary.v20250515132112.js.br
- clerk-js/5.67.0-canary.v20250515132112/377_clerk.headless_f085be_5.67.0-canary.v20250515132112.js.gz
- clerk-js/5.67.0-canary.v20250515132112/377_clerk.headless_f085be_5.67.0-canary.v20250515132112.js.sri
- clerk-js/5.67.0-canary.v20250515132112/377_clerk.headless_f085be_5.67.0-canary.v20250515132112.min.js.br
- clerk-js/5.67.0-canary.v20250515132112/377_clerk.headless_f085be_5.67.0-canary.v20250515132112.min.js.gz
- clerk-js/5.67.0-canary.v20250515132112/377_clerk.headless_f085be_5.67.0-canary.v20250515132112.min.js.sri
- clerk-js/5.67.0-canary.v20250515132112/645_clerk.browser_8bf305_5.67.0-canary.v20250515132112.js.br
- clerk-js/5.67.0-canary.v20250515132112/645_clerk.browser_8bf305_5.67.0-canary.v20250515132112.js.gz
- clerk-js/5.67.0-canary.v20250515132112/645_clerk.browser_8bf305_5.67.0-canary.v20250515132112.js.sri
- clerk-js/5.67.0-canary.v20250515132112/645_clerk.browser_8bf305_5.67.0-canary.v20250515132112.min.js.br
- clerk-js/5.67.0-canary.v20250515132112/645_clerk.browser_8bf305_5.67.0-canary.v20250515132112.min.js.gz
- clerk-js/5.67.0-canary.v20250515132112/645_clerk.browser_8bf305_5.67.0-canary.v20250515132112.min.js.sri
- clerk-js/5.67.0-canary.v20250515132112/645_clerk.chips.browser_919303_5.67.0-canary.v20250515132112.js.br
- clerk-js/5.67.0-canary.v20250515132112/645_clerk.chips.browser_919303_5.67.0-canary.v20250515132112.js.gz
- clerk-js/5.67.0-canary.v20250515132112/645_clerk.chips.browser_919303_5.67.0-canary.v20250515132112.js.sri
- clerk-js/5.67.0-canary.v20250515132112/645_clerk.chips.browser_919303_5.67.0-canary.v20250515132112.min.js.br
- clerk-js/5.67.0-canary.v20250515132112/645_clerk.chips.browser_919303_5.67.0-canary.v20250515132112.min.js.gz
- clerk-js/5.67.0-canary.v20250515132112/645_clerk.chips.browser_919303_5.67.0-canary.v20250515132112.min.js.sri
- clerk-js/5.67.0-canary.v20250515132112/645_clerk.legacy.browser_8ea10b_5.67.0-canary.v20250515132112.js.br
- clerk-js/5.67.0-canary.v20250515132112/645_clerk.legacy.browser_8ea10b_5.67.0-canary.v20250515132112.js.gz
- clerk-js/5.67.0-canary.v20250515132112/645_clerk.legacy.browser_8ea10b_5.67.0-canary.v20250515132112.js.sri
- clerk-js/5.67.0-canary.v20250515132112/645_clerk.legacy.browser_8ea10b_5.67.0-canary.v20250515132112.min.js.br
- clerk-js/5.67.0-canary.v20250515132112/645_clerk.legacy.browser_8ea10b_5.67.0-canary.v20250515132112.min.js.gz
- clerk-js/5.67.0-canary.v20250515132112/645_clerk.legacy.browser_8ea10b_5.67.0-canary.v20250515132112.min.js.sri
- clerk-js/5.67.0-canary.v20250515132112/66_clerk.browser_8bf305_5.67.0-canary.v20250515132112.js.br
- clerk-js/5.67.0-canary.v20250515132112/66_clerk.browser_8bf305_5.67.0-canary.v20250515132112.js.gz
- clerk-js/5.67.0-canary.v20250515132112/66_clerk.browser_8bf305_5.67.0-canary.v20250515132112.js.sri
- clerk-js/5.67.0-canary.v20250515132112/66_clerk.browser_8bf305_5.67.0-canary.v20250515132112.min.js.br
- clerk-js/5.67.0-canary.v20250515132112/66_clerk.browser_8bf305_5.67.0-canary.v20250515132112.min.js.gz
- clerk-js/5.67.0-canary.v20250515132112/66_clerk.browser_8bf305_5.67.0-canary.v20250515132112.min.js.sri
- clerk-js/5.67.0-canary.v20250515132112/66_clerk.chips.browser_919303_5.67.0-canary.v20250515132112.js.br
- clerk-js/5.67.0-canary.v20250515132112/66_clerk.chips.browser_919303_5.67.0-canary.v20250515132112.js.gz
- clerk-js/5.67.0-canary.v20250515132112/66_clerk.chips.browser_919303_5.67.0-canary.v20250515132112.js.sri
- clerk-js/5.67.0-canary.v20250515132112/66_clerk.chips.browser_919303_5.67.0-canary.v20250515132112.min.js.br
- clerk-js/5.67.0-canary.v20250515132112/66_clerk.chips.browser_919303_5.67.0-canary.v20250515132112.min.js.gz
- clerk-js/5.67.0-canary.v20250515132112/66_clerk.chips.browser_919303_5.67.0-canary.v20250515132112.min.js.sri
- clerk-js/5.67.0-canary.v20250515132112/66_clerk.legacy.browser_8ea10b_5.67.0-canary.v20250515132112.js.br
- clerk-js/5.67.0-canary.v20250515132112/66_clerk.legacy.browser_8ea10b_5.67.0-canary.v20250515132112.js.gz
- clerk-js/5.67.0-canary.v20250515132112/66_clerk.legacy.browser_8ea10b_5.67.0-canary.v20250515132112.js.sri
- clerk-js/5.67.0-canary.v20250515132112/66_clerk.legacy.browser_8ea10b_5.67.0-canary.v20250515132112.min.js.br
- clerk-js/5.67.0-canary.v20250515132112/66_clerk.legacy.browser_8ea10b_5.67.0-canary.v20250515132112.min.js.gz
- clerk-js/5.67.0-canary.v20250515132112/66_clerk.legacy.browser_8ea10b_5.67.0-canary.v20250515132112.min.js.sri
- clerk-js/5.67.0-canary.v20250515132112/890_clerk.headless_f085be_5.67.0-canary.v20250515132112.js.br
- clerk-js/5.67.0-canary.v20250515132112/890_clerk.headless_f085be_5.67.0-canary.v20250515132112.js.gz
- clerk-js/5.67.0-canary.v20250515132112/890_clerk.headless_f085be_5.67.0-canary.v20250515132112.js.sri
- clerk-js/5.67.0-canary.v20250515132112/890_clerk.headless_f085be_5.67.0-canary.v20250515132112.min.js.br
- clerk-js/5.67.0-canary.v20250515132112/890_clerk.headless_f085be_5.67.0-canary.v20250515132112.min.js.gz
- clerk-js/5.67.0-canary.v20250515132112/890_clerk.headless_f085be_5.67.0-canary.v20250515132112.min.js.sri
- clerk-js/5.67.0-canary.v20250515132112/965_clerk.headless_f085be_5.67.0-canary.v20250515132112.js.br
- clerk-js/5.67.0-canary.v20250515132112/965_clerk.headless_f085be_5.67.0-canary.v20250515132112.js.gz
- clerk-js/5.67.0-canary.v20250515132112/965_clerk.headless_f085be_5.67.0-canary.v20250515132112.js.sri
- clerk-js/5.67.0-canary.v20250515132112/965_clerk.headless_f085be_5.67.0-canary.v20250515132112.min.js.br
- clerk-js/5.67.0-canary.v20250515132112/965_clerk.headless_f085be_5.67.0-canary.v20250515132112.min.js.gz
- clerk-js/5.67.0-canary.v20250515132112/965_clerk.headless_f085be_5.67.0-canary.v20250515132112.min.js.sri
- clerk-js/5.67.0-canary.v20250515132112/blankcaptcha_clerk.browser_8bf305_5.67.0-canary.v20250515132112.js.br
- clerk-js/5.67.0-canary.v20250515132112/blankcaptcha_clerk.browser_8bf305_5.67.0-canary.v20250515132112.js.gz
- clerk-js/5.67.0-canary.v20250515132112/blankcaptcha_clerk.browser_8bf305_5.67.0-canary.v20250515132112.js.sri
- clerk-js/5.67.0-canary.v20250515132112/blankcaptcha_clerk.browser_8bf305_5.67.0-canary.v20250515132112.min.js.br
- clerk-js/5.67.0-canary.v20250515132112/blankcaptcha_clerk.browser_8bf305_5.67.0-canary.v20250515132112.min.js.gz
- clerk-js/5.67.0-canary.v20250515132112/blankcaptcha_clerk.browser_8bf305_5.67.0-canary.v20250515132112.min.js.sri
- clerk-js/5.67.0-canary.v20250515132112/blankcaptcha_clerk.chips.browser_919303_5.67.0-canary.v20250515132112.js.br
- clerk-js/5.67.0-canary.v20250515132112/blankcaptcha_clerk.chips.browser_919303_5.67.0-canary.v20250515132112.js.gz
- clerk-js/5.67.0-canary.v20250515132112/blankcaptcha_clerk.chips.browser_919303_5.67.0-canary.v20250515132112.js.sri
- clerk-js/5.67.0-canary.v20250515132112/blankcaptcha_clerk.chips.browser_919303_5.67.0-canary.v20250515132112.min.js.br
- clerk-js/5.67.0-canary.v20250515132112/blankcaptcha_clerk.chips.browser_919303_5.67.0-canary.v20250515132112.min.js.gz
- clerk-js/5.67.0-canary.v20250515132112/blankcaptcha_clerk.chips.browser_919303_5.67.0-canary.v20250515132112.min.js.sri
- clerk-js/5.67.0-canary.v20250515132112/blankcaptcha_clerk.legacy.browser_8ea10b_5.67.0-canary.v20250515132112.js.br
- clerk-js/5.67.0-canary.v20250515132112/blankcaptcha_clerk.legacy.browser_8ea10b_5.67.0-canary.v20250515132112.js.gz
- clerk-js/5.67.0-canary.v20250515132112/blankcaptcha_clerk.legacy.browser_8ea10b_5.67.0-canary.v20250515132112.js.sri
- clerk-js/5.67.0-canary.v20250515132112/blankcaptcha_clerk.legacy.browser_8ea10b_5.67.0-canary.v20250515132112.min.js.br
- clerk-js/5.67.0-canary.v20250515132112/blankcaptcha_clerk.legacy.browser_8ea10b_5.67.0-canary.v20250515132112.min.js.gz
- clerk-js/5.67.0-canary.v20250515132112/blankcaptcha_clerk.legacy.browser_8ea10b_5.67.0-canary.v20250515132112.min.js.sri
- clerk-js/5.67.0-canary.v20250515132112/checkout_clerk.browser_8bf305_5.67.0-canary.v20250515132112.js.br
- clerk-js/5.67.0-canary.v20250515132112/checkout_clerk.browser_8bf305_5.67.0-canary.v20250515132112.js.gz
- clerk-js/5.67.0-canary.v20250515132112/checkout_clerk.browser_8bf305_5.67.0-canary.v20250515132112.js.sri
- clerk-js/5.67.0-canary.v20250515132112/checkout_clerk.browser_8bf305_5.67.0-canary.v20250515132112.min.js.br
- clerk-js/5.67.0-canary.v20250515132112/checkout_clerk.browser_8bf305_5.67.0-canary.v20250515132112.min.js.gz
- clerk-js/5.67.0-canary.v20250515132112/checkout_clerk.browser_8bf305_5.67.0-canary.v20250515132112.min.js.sri
- clerk-js/5.67.0-canary.v20250515132112/checkout_clerk.chips.browser_919303_5.67.0-canary.v20250515132112.js.br
- clerk-js/5.67.0-canary.v20250515132112/checkout_clerk.chips.browser_919303_5.67.0-canary.v20250515132112.js.gz
- clerk-js/5.67.0-canary.v20250515132112/checkout_clerk.chips.browser_919303_5.67.0-canary.v20250515132112.js.sri
- clerk-js/5.67.0-canary.v20250515132112/checkout_clerk.chips.browser_919303_5.67.0-canary.v20250515132112.min.js.br
- clerk-js/5.67.0-canary.v20250515132112/checkout_clerk.chips.browser_919303_5.67.0-canary.v20250515132112.min.js.gz
- clerk-js/5.67.0-canary.v20250515132112/checkout_clerk.chips.browser_919303_5.67.0-canary.v20250515132112.min.js.sri
- clerk-js/5.67.0-canary.v20250515132112/checkout_clerk.legacy.browser_8ea10b_5.67.0-canary.v20250515132112.js.br
- clerk-js/5.67.0-canary.v20250515132112/checkout_clerk.legacy.browser_8ea10b_5.67.0-canary.v20250515132112.js.gz
- clerk-js/5.67.0-canary.v20250515132112/checkout_clerk.legacy.browser_8ea10b_5.67.0-canary.v20250515132112.js.sri
- clerk-js/5.67.0-canary.v20250515132112/checkout_clerk.legacy.browser_8ea10b_5.67.0-canary.v20250515132112.min.js.br
- clerk-js/5.67.0-canary.v20250515132112/checkout_clerk.legacy.browser_8ea10b_5.67.0-canary.v20250515132112.min.js.gz
- clerk-js/5.67.0-canary.v20250515132112/checkout_clerk.legacy.browser_8ea10b_5.67.0-canary.v20250515132112.min.js.sri
- clerk-js/5.67.0-canary.v20250515132112/clerk.browser.js.br
- clerk-js/5.67.0-canary.v20250515132112/clerk.browser.js.gz
- clerk-js/5.67.0-canary.v20250515132112/clerk.browser.js.sri
- clerk-js/5.67.0-canary.v20250515132112/clerk.browser.min.js.br
- clerk-js/5.67.0-canary.v20250515132112/clerk.browser.min.js.gz
- clerk-js/5.67.0-canary.v20250515132112/clerk.browser.min.js.sri
- clerk-js/5.67.0-canary.v20250515132112/clerk.chips.browser.js.br
- clerk-js/5.67.0-canary.v20250515132112/clerk.chips.browser.js.gz
- clerk-js/5.67.0-canary.v20250515132112/clerk.chips.browser.js.sri
- clerk-js/5.67.0-canary.v20250515132112/clerk.chips.browser.min.js.br
- clerk-js/5.67.0-canary.v20250515132112/clerk.chips.browser.min.js.gz
- clerk-js/5.67.0-canary.v20250515132112/clerk.chips.browser.min.js.sri
- clerk-js/5.67.0-canary.v20250515132112/clerk.headless.browser.js.br
- clerk-js/5.67.0-canary.v20250515132112/clerk.headless.browser.js.gz
- clerk-js/5.67.0-canary.v20250515132112/clerk.headless.browser.js.sri
- clerk-js/5.67.0-canary.v20250515132112/clerk.headless.browser.min.js.br
- clerk-js/5.67.0-canary.v20250515132112/clerk.headless.browser.min.js.gz
- clerk-js/5.67.0-canary.v20250515132112/clerk.headless.browser.min.js.sri
- clerk-js/5.67.0-canary.v20250515132112/clerk.headless.js.br
- clerk-js/5.67.0-canary.v20250515132112/clerk.headless.js.gz
- clerk-js/5.67.0-canary.v20250515132112/clerk.headless.js.sri
- clerk-js/5.67.0-canary.v20250515132112/clerk.headless.min.js.br
- clerk-js/5.67.0-canary.v20250515132112/clerk.headless.min.js.gz
- clerk-js/5.67.0-canary.v20250515132112/clerk.headless.min.js.sri
- clerk-js/5.67.0-canary.v20250515132112/clerk.js.br
- clerk-js/5.67.0-canary.v20250515132112/clerk.js.gz
- clerk-js/5.67.0-canary.v20250515132112/clerk.js.sri
- clerk-js/5.67.0-canary.v20250515132112/clerk.legacy.browser.js.br
- clerk-js/5.67.0-canary.v20250515132112/clerk.legacy.browser.js.gz
- clerk-js/5.67.0-canary.v20250515132112/clerk.legacy.browser.js.sri
- clerk-js/5.67.0-canary.v20250515132112/clerk.legacy.browser.min.js.br
- clerk-js/5.67.0-canary.v20250515132112/clerk.legacy.browser.min.js.gz
- clerk-js/5.67.0-canary.v20250515132112/clerk.legacy.browser.min.js.sri
- clerk-js/5.67.0-canary.v20250515132112/clerk.min.js.br
- clerk-js/5.67.0-canary.v20250515132112/clerk.min.js.gz
- clerk-js/5.67.0-canary.v20250515132112/clerk.min.js.sri
- clerk-js/5.67.0-canary.v20250515132112/clerk.mjs.br
- clerk-js/5.67.0-canary.v20250515132112/clerk.mjs.gz
- clerk-js/5.67.0-canary.v20250515132112/clerk.no-rhc.js.br
- clerk-js/5.67.0-canary.v20250515132112/clerk.no-rhc.js.gz
- clerk-js/5.67.0-canary.v20250515132112/clerk.no-rhc.js.sri
- clerk-js/5.67.0-canary.v20250515132112/clerk.no-rhc.min.js.br
- clerk-js/5.67.0-canary.v20250515132112/clerk.no-rhc.min.js.gz
- clerk-js/5.67.0-canary.v20250515132112/clerk.no-rhc.min.js.sri
- clerk-js/5.67.0-canary.v20250515132112/clerk.no-rhc.mjs.br
- clerk-js/5.67.0-canary.v20250515132112/clerk.no-rhc.mjs.gz
- clerk-js/5.67.0-canary.v20250515132112/coinbase-wallet-sdk_clerk.browser_8bf305_5.67.0-canary.v20250515132112.js.br
- clerk-js/5.67.0-canary.v20250515132112/coinbase-wallet-sdk_clerk.browser_8bf305_5.67.0-canary.v20250515132112.js.gz
- clerk-js/5.67.0-canary.v20250515132112/coinbase-wallet-sdk_clerk.browser_8bf305_5.67.0-canary.v20250515132112.js.sri
- clerk-js/5.67.0-canary.v20250515132112/coinbase-wallet-sdk_clerk.browser_8bf305_5.67.0-canary.v20250515132112.min.js.br
- clerk-js/5.67.0-canary.v20250515132112/coinbase-wallet-sdk_clerk.browser_8bf305_5.67.0-canary.v20250515132112.min.js.gz
- clerk-js/5.67.0-canary.v20250515132112/coinbase-wallet-sdk_clerk.browser_8bf305_5.67.0-canary.v20250515132112.min.js.sri
- clerk-js/5.67.0-canary.v20250515132112/coinbase-wallet-sdk_clerk.chips.browser_919303_5.67.0-canary.v20250515132112.js.br
- clerk-js/5.67.0-canary.v20250515132112/coinbase-wallet-sdk_clerk.chips.browser_919303_5.67.0-canary.v20250515132112.js.gz
- clerk-js/5.67.0-canary.v20250515132112/coinbase-wallet-sdk_clerk.chips.browser_919303_5.67.0-canary.v20250515132112.js.sri
- clerk-js/5.67.0-canary.v20250515132112/coinbase-wallet-sdk_clerk.chips.browser_919303_5.67.0-canary.v20250515132112.min.js.br
- clerk-js/5.67.0-canary.v20250515132112/coinbase-wallet-sdk_clerk.chips.browser_919303_5.67.0-canary.v20250515132112.min.js.gz
- clerk-js/5.67.0-canary.v20250515132112/coinbase-wallet-sdk_clerk.chips.browser_919303_5.67.0-canary.v20250515132112.min.js.sri
- clerk-js/5.67.0-canary.v20250515132112/coinbase-wallet-sdk_clerk.headless.browser_8145f0_5.67.0-canary.v20250515132112.js.br
- clerk-js/5.67.0-canary.v20250515132112/coinbase-wallet-sdk_clerk.headless.browser_8145f0_5.67.0-canary.v20250515132112.js.gz
- clerk-js/5.67.0-canary.v20250515132112/coinbase-wallet-sdk_clerk.headless.browser_8145f0_5.67.0-canary.v20250515132112.js.sri
- clerk-js/5.67.0-canary.v20250515132112/coinbase-wallet-sdk_clerk.headless.browser_8145f0_5.67.0-canary.v20250515132112.min.js.br
- clerk-js/5.67.0-canary.v20250515132112/coinbase-wallet-sdk_clerk.headless.browser_8145f0_5.67.0-canary.v20250515132112.min.js.gz
- clerk-js/5.67.0-canary.v20250515132112/coinbase-wallet-sdk_clerk.headless.browser_8145f0_5.67.0-canary.v20250515132112.min.js.sri
- clerk-js/5.67.0-canary.v20250515132112/coinbase-wallet-sdk_clerk.legacy.browser_8ea10b_5.67.0-canary.v20250515132112.js.br
- clerk-js/5.67.0-canary.v20250515132112/coinbase-wallet-sdk_clerk.legacy.browser_8ea10b_5.67.0-canary.v20250515132112.js.gz
- clerk-js/5.67.0-canary.v20250515132112/coinbase-wallet-sdk_clerk.legacy.browser_8ea10b_5.67.0-canary.v20250515132112.js.sri
- clerk-js/5.67.0-canary.v20250515132112/coinbase-wallet-sdk_clerk.legacy.browser_8ea10b_5.67.0-canary.v20250515132112.min.js.br
- clerk-js/5.67.0-canary.v20250515132112/coinbase-wallet-sdk_clerk.legacy.browser_8ea10b_5.67.0-canary.v20250515132112.min.js.gz
- clerk-js/5.67.0-canary.v20250515132112/coinbase-wallet-sdk_clerk.legacy.browser_8ea10b_5.67.0-canary.v20250515132112.min.js.sri
- clerk-js/5.67.0-canary.v20250515132112/cookieSuffix_clerk.browser_8bf305_5.67.0-canary.v20250515132112.js.br
- clerk-js/5.67.0-canary.v20250515132112/cookieSuffix_clerk.browser_8bf305_5.67.0-canary.v20250515132112.js.gz
- clerk-js/5.67.0-canary.v20250515132112/cookieSuffix_clerk.browser_8bf305_5.67.0-canary.v20250515132112.js.sri
- clerk-js/5.67.0-canary.v20250515132112/cookieSuffix_clerk.browser_8bf305_5.67.0-canary.v20250515132112.min.js.br
- clerk-js/5.67.0-canary.v20250515132112/cookieSuffix_clerk.browser_8bf305_5.67.0-canary.v20250515132112.min.js.gz
- clerk-js/5.67.0-canary.v20250515132112/cookieSuffix_clerk.browser_8bf305_5.67.0-canary.v20250515132112.min.js.sri
- clerk-js/5.67.0-canary.v20250515132112/cookieSuffix_clerk.chips.browser_919303_5.67.0-canary.v20250515132112.js.br
- clerk-js/5.67.0-canary.v20250515132112/cookieSuffix_clerk.chips.browser_919303_5.67.0-canary.v20250515132112.js.gz
- clerk-js/5.67.0-canary.v20250515132112/cookieSuffix_clerk.chips.browser_919303_5.67.0-canary.v20250515132112.js.sri
- clerk-js/5.67.0-canary.v20250515132112/cookieSuffix_clerk.chips.browser_919303_5.67.0-canary.v20250515132112.min.js.br
- clerk-js/5.67.0-canary.v20250515132112/cookieSuffix_clerk.chips.browser_919303_5.67.0-canary.v20250515132112.min.js.gz
- clerk-js/5.67.0-canary.v20250515132112/cookieSuffix_clerk.chips.browser_919303_5.67.0-canary.v20250515132112.min.js.sri
- clerk-js/5.67.0-canary.v20250515132112/cookieSuffix_clerk.headless.browser_8145f0_5.67.0-canary.v20250515132112.js.br
- clerk-js/5.67.0-canary.v20250515132112/cookieSuffix_clerk.headless.browser_8145f0_5.67.0-canary.v20250515132112.js.gz
- clerk-js/5.67.0-canary.v20250515132112/cookieSuffix_clerk.headless.browser_8145f0_5.67.0-canary.v20250515132112.js.sri
- clerk-js/5.67.0-canary.v20250515132112/cookieSuffix_clerk.headless.browser_8145f0_5.67.0-canary.v20250515132112.min.js.br
- clerk-js/5.67.0-canary.v20250515132112/cookieSuffix_clerk.headless.browser_8145f0_5.67.0-canary.v20250515132112.min.js.gz
- clerk-js/5.67.0-canary.v20250515132112/cookieSuffix_clerk.headless.browser_8145f0_5.67.0-canary.v20250515132112.min.js.sri
- clerk-js/5.67.0-canary.v20250515132112/cookieSuffix_clerk.headless_f085be_5.67.0-canary.v20250515132112.js.br
- clerk-js/5.67.0-canary.v20250515132112/cookieSuffix_clerk.headless_f085be_5.67.0-canary.v20250515132112.js.gz
- clerk-js/5.67.0-canary.v20250515132112/cookieSuffix_clerk.headless_f085be_5.67.0-canary.v20250515132112.js.sri
- clerk-js/5.67.0-canary.v20250515132112/cookieSuffix_clerk.headless_f085be_5.67.0-canary.v20250515132112.min.js.br
- clerk-js/5.67.0-canary.v20250515132112/cookieSuffix_clerk.headless_f085be_5.67.0-canary.v20250515132112.min.js.gz
- clerk-js/5.67.0-canary.v20250515132112/cookieSuffix_clerk.headless_f085be_5.67.0-canary.v20250515132112.min.js.sri
- clerk-js/5.67.0-canary.v20250515132112/cookieSuffix_clerk.legacy.browser_8ea10b_5.67.0-canary.v20250515132112.js.br
- clerk-js/5.67.0-canary.v20250515132112/cookieSuffix_clerk.legacy.browser_8ea10b_5.67.0-canary.v20250515132112.js.gz
- clerk-js/5.67.0-canary.v20250515132112/cookieSuffix_clerk.legacy.browser_8ea10b_5.67.0-canary.v20250515132112.js.sri
- clerk-js/5.67.0-canary.v20250515132112/cookieSuffix_clerk.legacy.browser_8ea10b_5.67.0-canary.v20250515132112.min.js.br
- clerk-js/5.67.0-canary.v20250515132112/cookieSuffix_clerk.legacy.browser_8ea10b_5.67.0-canary.v20250515132112.min.js.gz
- clerk-js/5.67.0-canary.v20250515132112/cookieSuffix_clerk.legacy.browser_8ea10b_5.67.0-canary.v20250515132112.min.js.sri
- clerk-js/5.67.0-canary.v20250515132112/createorganization_clerk.browser_8bf305_5.67.0-canary.v20250515132112.js.br
- clerk-js/5.67.0-canary.v20250515132112/createorganization_clerk.browser_8bf305_5.67.0-canary.v20250515132112.js.gz
- clerk-js/5.67.0-canary.v20250515132112/createorganization_clerk.browser_8bf305_5.67.0-canary.v20250515132112.js.sri
- clerk-js/5.67.0-canary.v20250515132112/createorganization_clerk.browser_8bf305_5.67.0-canary.v20250515132112.min.js.br
- clerk-js/5.67.0-canary.v20250515132112/createorganization_clerk.browser_8bf305_5.67.0-canary.v20250515132112.min.js.gz
- clerk-js/5.67.0-canary.v20250515132112/createorganization_clerk.browser_8bf305_5.67.0-canary.v20250515132112.min.js.sri
- clerk-js/5.67.0-canary.v20250515132112/createorganization_clerk.chips.browser_919303_5.67.0-canary.v20250515132112.js.br
- clerk-js/5.67.0-canary.v20250515132112/createorganization_clerk.chips.browser_919303_5.67.0-canary.v20250515132112.js.gz
- clerk-js/5.67.0-canary.v20250515132112/createorganization_clerk.chips.browser_919303_5.67.0-canary.v20250515132112.js.sri
- clerk-js/5.67.0-canary.v20250515132112/createorganization_clerk.chips.browser_919303_5.67.0-canary.v20250515132112.min.js.br
- clerk-js/5.67.0-canary.v20250515132112/createorganization_clerk.chips.browser_919303_5.67.0-canary.v20250515132112.min.js.gz
- clerk-js/5.67.0-canary.v20250515132112/createorganization_clerk.chips.browser_919303_5.67.0-canary.v20250515132112.min.js.sri
- clerk-js/5.67.0-canary.v20250515132112/createorganization_clerk.legacy.browser_8ea10b_5.67.0-canary.v20250515132112.js.br
- clerk-js/5.67.0-canary.v20250515132112/createorganization_clerk.legacy.browser_8ea10b_5.67.0-canary.v20250515132112.js.gz
- clerk-js/5.67.0-canary.v20250515132112/createorganization_clerk.legacy.browser_8ea10b_5.67.0-canary.v20250515132112.js.sri
- clerk-js/5.67.0-canary.v20250515132112/createorganization_clerk.legacy.browser_8ea10b_5.67.0-canary.v20250515132112.min.js.br
- clerk-js/5.67.0-canary.v20250515132112/createorganization_clerk.legacy.browser_8ea10b_5.67.0-canary.v20250515132112.min.js.gz
- clerk-js/5.67.0-canary.v20250515132112/createorganization_clerk.legacy.browser_8ea10b_5.67.0-canary.v20250515132112.min.js.sri
- clerk-js/5.67.0-canary.v20250515132112/framework_clerk.browser_8bf305_5.67.0-canary.v20250515132112.js.br
- clerk-js/5.67.0-canary.v20250515132112/framework_clerk.browser_8bf305_5.67.0-canary.v20250515132112.js.gz
- clerk-js/5.67.0-canary.v20250515132112/framework_clerk.browser_8bf305_5.67.0-canary.v20250515132112.js.sri
- clerk-js/5.67.0-canary.v20250515132112/framework_clerk.browser_8bf305_5.67.0-canary.v20250515132112.min.js.br
- clerk-js/5.67.0-canary.v20250515132112/framework_clerk.browser_8bf305_5.67.0-canary.v20250515132112.min.js.gz
- clerk-js/5.67.0-canary.v20250515132112/framework_clerk.browser_8bf305_5.67.0-canary.v20250515132112.min.js.sri
- clerk-js/5.67.0-canary.v20250515132112/framework_clerk.chips.browser_919303_5.67.0-canary.v20250515132112.js.br
- clerk-js/5.67.0-canary.v20250515132112/framework_clerk.chips.browser_919303_5.67.0-canary.v20250515132112.js.gz
- clerk-js/5.67.0-canary.v20250515132112/framework_clerk.chips.browser_919303_5.67.0-canary.v20250515132112.js.sri
- clerk-js/5.67.0-canary.v20250515132112/framework_clerk.chips.browser_919303_5.67.0-canary.v20250515132112.min.js.br
- clerk-js/5.67.0-canary.v20250515132112/framework_clerk.chips.browser_919303_5.67.0-canary.v20250515132112.min.js.gz
- clerk-js/5.67.0-canary.v20250515132112/framework_clerk.chips.browser_919303_5.67.0-canary.v20250515132112.min.js.sri
- clerk-js/5.67.0-canary.v20250515132112/framework_clerk.legacy.browser_8ea10b_5.67.0-canary.v20250515132112.js.br
- clerk-js/5.67.0-canary.v20250515132112/framework_clerk.legacy.browser_8ea10b_5.67.0-canary.v20250515132112.js.gz
- clerk-js/5.67.0-canary.v20250515132112/framework_clerk.legacy.browser_8ea10b_5.67.0-canary.v20250515132112.js.sri
- clerk-js/5.67.0-canary.v20250515132112/framework_clerk.legacy.browser_8ea10b_5.67.0-canary.v20250515132112.min.js.br
- clerk-js/5.67.0-canary.v20250515132112/framework_clerk.legacy.browser_8ea10b_5.67.0-canary.v20250515132112.min.js.gz
- clerk-js/5.67.0-canary.v20250515132112/framework_clerk.legacy.browser_8ea10b_5.67.0-canary.v20250515132112.min.js.sri
- clerk-js/5.67.0-canary.v20250515132112/impersonationfab_clerk.browser_8bf305_5.67.0-canary.v20250515132112.js.br
- clerk-js/5.67.0-canary.v20250515132112/impersonationfab_clerk.browser_8bf305_5.67.0-canary.v20250515132112.js.gz
- clerk-js/5.67.0-canary.v20250515132112/impersonationfab_clerk.browser_8bf305_5.67.0-canary.v20250515132112.js.sri
- clerk-js/5.67.0-canary.v20250515132112/impersonationfab_clerk.browser_8bf305_5.67.0-canary.v20250515132112.min.js.br
- clerk-js/5.67.0-canary.v20250515132112/impersonationfab_clerk.browser_8bf305_5.67.0-canary.v20250515132112.min.js.gz
- clerk-js/5.67.0-canary.v20250515132112/impersonationfab_clerk.browser_8bf305_5.67.0-canary.v20250515132112.min.js.sri
- clerk-js/5.67.0-canary.v20250515132112/impersonationfab_clerk.chips.browser_919303_5.67.0-canary.v20250515132112.js.br
- clerk-js/5.67.0-canary.v20250515132112/impersonationfab_clerk.chips.browser_919303_5.67.0-canary.v20250515132112.js.gz
- clerk-js/5.67.0-canary.v20250515132112/impersonationfab_clerk.chips.browser_919303_5.67.0-canary.v20250515132112.js.sri
- clerk-js/5.67.0-canary.v20250515132112/impersonationfab_clerk.chips.browser_919303_5.67.0-canary.v20250515132112.min.js.br
- clerk-js/5.67.0-canary.v20250515132112/impersonationfab_clerk.chips.browser_919303_5.67.0-canary.v20250515132112.min.js.gz
- clerk-js/5.67.0-canary.v20250515132112/impersonationfab_clerk.chips.browser_919303_5.67.0-canary.v20250515132112.min.js.sri
- clerk-js/5.67.0-canary.v20250515132112/impersonationfab_clerk.legacy.browser_8ea10b_5.67.0-canary.v20250515132112.js.br
- clerk-js/5.67.0-canary.v20250515132112/impersonationfab_clerk.legacy.browser_8ea10b_5.67.0-canary.v20250515132112.js.gz
- clerk-js/5.67.0-canary.v20250515132112/impersonationfab_clerk.legacy.browser_8ea10b_5.67.0-canary.v20250515132112.js.sri
- clerk-js/5.67.0-canary.v20250515132112/impersonationfab_clerk.legacy.browser_8ea10b_5.67.0-canary.v20250515132112.min.js.br
- clerk-js/5.67.0-canary.v20250515132112/impersonationfab_clerk.legacy.browser_8ea10b_5.67.0-canary.v20250515132112.min.js.gz
- clerk-js/5.67.0-canary.v20250515132112/impersonationfab_clerk.legacy.browser_8ea10b_5.67.0-canary.v20250515132112.min.js.sri
- clerk-js/5.67.0-canary.v20250515132112/keylessPrompt_clerk.browser_8bf305_5.67.0-canary.v20250515132112.js.br
- clerk-js/5.67.0-canary.v20250515132112/keylessPrompt_clerk.browser_8bf305_5.67.0-canary.v20250515132112.js.gz
- clerk-js/5.67.0-canary.v20250515132112/keylessPrompt_clerk.browser_8bf305_5.67.0-canary.v20250515132112.js.sri
- clerk-js/5.67.0-canary.v20250515132112/keylessPrompt_clerk.browser_8bf305_5.67.0-canary.v20250515132112.min.js.br
- clerk-js/5.67.0-canary.v20250515132112/keylessPrompt_clerk.browser_8bf305_5.67.0-canary.v20250515132112.min.js.gz
- clerk-js/5.67.0-canary.v20250515132112/keylessPrompt_clerk.browser_8bf305_5.67.0-canary.v20250515132112.min.js.sri
- clerk-js/5.67.0-canary.v20250515132112/keylessPrompt_clerk.chips.browser_919303_5.67.0-canary.v20250515132112.js.br
- clerk-js/5.67.0-canary.v20250515132112/keylessPrompt_clerk.chips.browser_919303_5.67.0-canary.v20250515132112.js.gz
- clerk-js/5.67.0-canary.v20250515132112/keylessPrompt_clerk.chips.browser_919303_5.67.0-canary.v20250515132112.js.sri
- clerk-js/5.67.0-canary.v20250515132112/keylessPrompt_clerk.chips.browser_919303_5.67.0-canary.v20250515132112.min.js.br
- clerk-js/5.67.0-canary.v20250515132112/keylessPrompt_clerk.chips.browser_919303_5.67.0-canary.v20250515132112.min.js.gz
- clerk-js/5.67.0-canary.v20250515132112/keylessPrompt_clerk.chips.browser_919303_5.67.0-canary.v20250515132112.min.js.sri
- clerk-js/5.67.0-canary.v20250515132112/keylessPrompt_clerk.legacy.browser_8ea10b_5.67.0-canary.v20250515132112.js.br
- clerk-js/5.67.0-canary.v20250515132112/keylessPrompt_clerk.legacy.browser_8ea10b_5.67.0-canary.v20250515132112.js.gz
- clerk-js/5.67.0-canary.v20250515132112/keylessPrompt_clerk.legacy.browser_8ea10b_5.67.0-canary.v20250515132112.js.sri
- clerk-js/5.67.0-canary.v20250515132112/keylessPrompt_clerk.legacy.browser_8ea10b_5.67.0-canary.v20250515132112.min.js.br
- clerk-js/5.67.0-canary.v20250515132112/keylessPrompt_clerk.legacy.browser_8ea10b_5.67.0-canary.v20250515132112.min.js.gz
- clerk-js/5.67.0-canary.v20250515132112/keylessPrompt_clerk.legacy.browser_8ea10b_5.67.0-canary.v20250515132112.min.js.sri
- clerk-js/5.67.0-canary.v20250515132112/onetap_clerk.browser_8bf305_5.67.0-canary.v20250515132112.js.br
- clerk-js/5.67.0-canary.v20250515132112/onetap_clerk.browser_8bf305_5.67.0-canary.v20250515132112.js.gz
- clerk-js/5.67.0-canary.v20250515132112/onetap_clerk.browser_8bf305_5.67.0-canary.v20250515132112.js.sri
- clerk-js/5.67.0-canary.v20250515132112/onetap_clerk.browser_8bf305_5.67.0-canary.v20250515132112.min.js.br
- clerk-js/5.67.0-canary.v20250515132112/onetap_clerk.browser_8bf305_5.67.0-canary.v20250515132112.min.js.gz
- clerk-js/5.67.0-canary.v20250515132112/onetap_clerk.browser_8bf305_5.67.0-canary.v20250515132112.min.js.sri
- clerk-js/5.67.0-canary.v20250515132112/onetap_clerk.chips.browser_919303_5.67.0-canary.v20250515132112.js.br
- clerk-js/5.67.0-canary.v20250515132112/onetap_clerk.chips.browser_919303_5.67.0-canary.v20250515132112.js.gz
- clerk-js/5.67.0-canary.v20250515132112/onetap_clerk.chips.browser_919303_5.67.0-canary.v20250515132112.js.sri
- clerk-js/5.67.0-canary.v20250515132112/onetap_clerk.chips.browser_919303_5.67.0-canary.v20250515132112.min.js.br
- clerk-js/5.67.0-canary.v20250515132112/onetap_clerk.chips.browser_919303_5.67.0-canary.v20250515132112.min.js.gz
- clerk-js/5.67.0-canary.v20250515132112/onetap_clerk.chips.browser_919303_5.67.0-canary.v20250515132112.min.js.sri
- clerk-js/5.67.0-canary.v20250515132112/onetap_clerk.legacy.browser_8ea10b_5.67.0-canary.v20250515132112.js.br
- clerk-js/5.67.0-canary.v20250515132112/onetap_clerk.legacy.browser_8ea10b_5.67.0-canary.v20250515132112.js.gz
- clerk-js/5.67.0-canary.v20250515132112/onetap_clerk.legacy.browser_8ea10b_5.67.0-canary.v20250515132112.js.sri
- clerk-js/5.67.0-canary.v20250515132112/onetap_clerk.legacy.browser_8ea10b_5.67.0-canary.v20250515132112.min.js.br
- clerk-js/5.67.0-canary.v20250515132112/onetap_clerk.legacy.browser_8ea10b_5.67.0-canary.v20250515132112.min.js.gz
- clerk-js/5.67.0-canary.v20250515132112/onetap_clerk.legacy.browser_8ea10b_5.67.0-canary.v20250515132112.min.js.sri
- clerk-js/5.67.0-canary.v20250515132112/op-billing-page_clerk.browser_8bf305_5.67.0-canary.v20250515132112.js.br
- clerk-js/5.67.0-canary.v20250515132112/op-billing-page_clerk.browser_8bf305_5.67.0-canary.v20250515132112.js.gz
- clerk-js/5.67.0-canary.v20250515132112/op-billing-page_clerk.browser_8bf305_5.67.0-canary.v20250515132112.js.sri
- clerk-js/5.67.0-canary.v20250515132112/op-billing-page_clerk.browser_8bf305_5.67.0-canary.v20250515132112.min.js.br
- clerk-js/5.67.0-canary.v20250515132112/op-billing-page_clerk.browser_8bf305_5.67.0-canary.v20250515132112.min.js.gz
- clerk-js/5.67.0-canary.v20250515132112/op-billing-page_clerk.browser_8bf305_5.67.0-canary.v20250515132112.min.js.sri
- clerk-js/5.67.0-canary.v20250515132112/op-billing-page_clerk.chips.browser_919303_5.67.0-canary.v20250515132112.js.br
- clerk-js/5.67.0-canary.v20250515132112/op-billing-page_clerk.chips.browser_919303_5.67.0-canary.v20250515132112.js.gz
- clerk-js/5.67.0-canary.v20250515132112/op-billing-page_clerk.chips.browser_919303_5.67.0-canary.v20250515132112.js.sri
- clerk-js/5.67.0-canary.v20250515132112/op-billing-page_clerk.chips.browser_919303_5.67.0-canary.v20250515132112.min.js.br
- clerk-js/5.67.0-canary.v20250515132112/op-billing-page_clerk.chips.browser_919303_5.67.0-canary.v20250515132112.min.js.gz
- clerk-js/5.67.0-canary.v20250515132112/op-billing-page_clerk.chips.browser_919303_5.67.0-canary.v20250515132112.min.js.sri
- clerk-js/5.67.0-canary.v20250515132112/op-billing-page_clerk.legacy.browser_8ea10b_5.67.0-canary.v20250515132112.js.br
- clerk-js/5.67.0-canary.v20250515132112/op-billing-page_clerk.legacy.browser_8ea10b_5.67.0-canary.v20250515132112.js.gz
- clerk-js/5.67.0-canary.v20250515132112/op-billing-page_clerk.legacy.browser_8ea10b_5.67.0-canary.v20250515132112.js.sri
- clerk-js/5.67.0-canary.v20250515132112/op-billing-page_clerk.legacy.browser_8ea10b_5.67.0-canary.v20250515132112.min.js.br
- clerk-js/5.67.0-canary.v20250515132112/op-billing-page_clerk.legacy.browser_8ea10b_5.67.0-canary.v20250515132112.min.js.gz
- clerk-js/5.67.0-canary.v20250515132112/op-billing-page_clerk.legacy.browser_8ea10b_5.67.0-canary.v20250515132112.min.js.sri
- clerk-js/5.67.0-canary.v20250515132112/organizationlist_clerk.browser_8bf305_5.67.0-canary.v20250515132112.js.br
- clerk-js/5.67.0-canary.v20250515132112/organizationlist_clerk.browser_8bf305_5.67.0-canary.v20250515132112.js.gz
- clerk-js/5.67.0-canary.v20250515132112/organizationlist_clerk.browser_8bf305_5.67.0-canary.v20250515132112.js.sri
- clerk-js/5.67.0-canary.v20250515132112/organizationlist_clerk.browser_8bf305_5.67.0-canary.v20250515132112.min.js.br
- clerk-js/5.67.0-canary.v20250515132112/organizationlist_clerk.browser_8bf305_5.67.0-canary.v20250515132112.min.js.gz
- clerk-js/5.67.0-canary.v20250515132112/organizationlist_clerk.browser_8bf305_5.67.0-canary.v20250515132112.min.js.sri
- clerk-js/5.67.0-canary.v20250515132112/organizationlist_clerk.chips.browser_919303_5.67.0-canary.v20250515132112.js.br
- clerk-js/5.67.0-canary.v20250515132112/organizationlist_clerk.chips.browser_919303_5.67.0-canary.v20250515132112.js.gz
- clerk-js/5.67.0-canary.v20250515132112/organizationlist_clerk.chips.browser_919303_5.67.0-canary.v20250515132112.js.sri
- clerk-js/5.67.0-canary.v20250515132112/organizationlist_clerk.chips.browser_919303_5.67.0-canary.v20250515132112.min.js.br
- clerk-js/5.67.0-canary.v20250515132112/organizationlist_clerk.chips.browser_919303_5.67.0-canary.v20250515132112.min.js.gz
- clerk-js/5.67.0-canary.v20250515132112/organizationlist_clerk.chips.browser_919303_5.67.0-canary.v20250515132112.min.js.sri
- clerk-js/5.67.0-canary.v20250515132112/organizationlist_clerk.legacy.browser_8ea10b_5.67.0-canary.v20250515132112.js.br
- clerk-js/5.67.0-canary.v20250515132112/organizationlist_clerk.legacy.browser_8ea10b_5.67.0-canary.v20250515132112.js.gz
- clerk-js/5.67.0-canary.v20250515132112/organizationlist_clerk.legacy.browser_8ea10b_5.67.0-canary.v20250515132112.js.sri
- clerk-js/5.67.0-canary.v20250515132112/organizationlist_clerk.legacy.browser_8ea10b_5.67.0-canary.v20250515132112.min.js.br
- clerk-js/5.67.0-canary.v20250515132112/organizationlist_clerk.legacy.browser_8ea10b_5.67.0-canary.v20250515132112.min.js.gz
- clerk-js/5.67.0-canary.v20250515132112/organizationlist_clerk.legacy.browser_8ea10b_5.67.0-canary.v20250515132112.min.js.sri
- clerk-js/5.67.0-canary.v20250515132112/organizationprofile_clerk.browser_8bf305_5.67.0-canary.v20250515132112.js.br
- clerk-js/5.67.0-canary.v20250515132112/organizationprofile_clerk.browser_8bf305_5.67.0-canary.v20250515132112.js.gz
- clerk-js/5.67.0-canary.v20250515132112/organizationprofile_clerk.browser_8bf305_5.67.0-canary.v20250515132112.js.sri
- clerk-js/5.67.0-canary.v20250515132112/organizationprofile_clerk.browser_8bf305_5.67.0-canary.v20250515132112.min.js.br
- clerk-js/5.67.0-canary.v20250515132112/organizationprofile_clerk.browser_8bf305_5.67.0-canary.v20250515132112.min.js.gz
- clerk-js/5.67.0-canary.v20250515132112/organizationprofile_clerk.browser_8bf305_5.67.0-canary.v20250515132112.min.js.sri
- clerk-js/5.67.0-canary.v20250515132112/organizationprofile_clerk.chips.browser_919303_5.67.0-canary.v20250515132112.js.br
- clerk-js/5.67.0-canary.v20250515132112/organizationprofile_clerk.chips.browser_919303_5.67.0-canary.v20250515132112.js.gz
- clerk-js/5.67.0-canary.v20250515132112/organizationprofile_clerk.chips.browser_919303_5.67.0-canary.v20250515132112.js.sri
- clerk-js/5.67.0-canary.v20250515132112/organizationprofile_clerk.chips.browser_919303_5.67.0-canary.v20250515132112.min.js.br
- clerk-js/5.67.0-canary.v20250515132112/organizationprofile_clerk.chips.browser_919303_5.67.0-canary.v20250515132112.min.js.gz
- clerk-js/5.67.0-canary.v20250515132112/organizationprofile_clerk.chips.browser_919303_5.67.0-canary.v20250515132112.min.js.sri
- clerk-js/5.67.0-canary.v20250515132112/organizationprofile_clerk.legacy.browser_8ea10b_5.67.0-canary.v20250515132112.js.br
- clerk-js/5.67.0-canary.v20250515132112/organizationprofile_clerk.legacy.browser_8ea10b_5.67.0-canary.v20250515132112.js.gz
- clerk-js/5.67.0-canary.v20250515132112/organizationprofile_clerk.legacy.browser_8ea10b_5.67.0-canary.v20250515132112.js.sri
- clerk-js/5.67.0-canary.v20250515132112/organizationprofile_clerk.legacy.browser_8ea10b_5.67.0-canary.v20250515132112.min.js.br
- clerk-js/5.67.0-canary.v20250515132112/organizationprofile_clerk.legacy.browser_8ea10b_5.67.0-canary.v20250515132112.min.js.gz
- clerk-js/5.67.0-canary.v20250515132112/organizationprofile_clerk.legacy.browser_8ea10b_5.67.0-canary.v20250515132112.min.js.sri
- clerk-js/5.67.0-canary.v20250515132112/organizationswitcher_clerk.browser_8bf305_5.67.0-canary.v20250515132112.js.br
- clerk-js/5.67.0-canary.v20250515132112/organizationswitcher_clerk.browser_8bf305_5.67.0-canary.v20250515132112.js.gz
- clerk-js/5.67.0-canary.v20250515132112/organizationswitcher_clerk.browser_8bf305_5.67.0-canary.v20250515132112.js.sri
- clerk-js/5.67.0-canary.v20250515132112/organizationswitcher_clerk.browser_8bf305_5.67.0-canary.v20250515132112.min.js.br
- clerk-js/5.67.0-canary.v20250515132112/organizationswitcher_clerk.browser_8bf305_5.67.0-canary.v20250515132112.min.js.gz
- clerk-js/5.67.0-canary.v20250515132112/organizationswitcher_clerk.browser_8bf305_5.67.0-canary.v20250515132112.min.js.sri
- clerk-js/5.67.0-canary.v20250515132112/organizationswitcher_clerk.chips.browser_919303_5.67.0-canary.v20250515132112.js.br
- clerk-js/5.67.0-canary.v20250515132112/organizationswitcher_clerk.chips.browser_919303_5.67.0-canary.v20250515132112.js.gz
- clerk-js/5.67.0-canary.v20250515132112/organizationswitcher_clerk.chips.browser_919303_5.67.0-canary.v20250515132112.js.sri
- clerk-js/5.67.0-canary.v20250515132112/organizationswitcher_clerk.chips.browser_919303_5.67.0-canary.v20250515132112.min.js.br
- clerk-js/5.67.0-canary.v20250515132112/organizationswitcher_clerk.chips.browser_919303_5.67.0-canary.v20250515132112.min.js.gz
- clerk-js/5.67.0-canary.v20250515132112/organizationswitcher_clerk.chips.browser_919303_5.67.0-canary.v20250515132112.min.js.sri
- clerk-js/5.67.0-canary.v20250515132112/organizationswitcher_clerk.legacy.browser_8ea10b_5.67.0-canary.v20250515132112.js.br
- clerk-js/5.67.0-canary.v20250515132112/organizationswitcher_clerk.legacy.browser_8ea10b_5.67.0-canary.v20250515132112.js.gz
- clerk-js/5.67.0-canary.v20250515132112/organizationswitcher_clerk.legacy.browser_8ea10b_5.67.0-canary.v20250515132112.js.sri
- clerk-js/5.67.0-canary.v20250515132112/organizationswitcher_clerk.legacy.browser_8ea10b_5.67.0-canary.v20250515132112.min.js.br
- clerk-js/5.67.0-canary.v20250515132112/organizationswitcher_clerk.legacy.browser_8ea10b_5.67.0-canary.v20250515132112.min.js.gz
- clerk-js/5.67.0-canary.v20250515132112/organizationswitcher_clerk.legacy.browser_8ea10b_5.67.0-canary.v20250515132112.min.js.sri
- clerk-js/5.67.0-canary.v20250515132112/paymentSources_clerk.browser_8bf305_5.67.0-canary.v20250515132112.js.br
- clerk-js/5.67.0-canary.v20250515132112/paymentSources_clerk.browser_8bf305_5.67.0-canary.v20250515132112.js.gz
- clerk-js/5.67.0-canary.v20250515132112/paymentSources_clerk.browser_8bf305_5.67.0-canary.v20250515132112.js.sri
- clerk-js/5.67.0-canary.v20250515132112/paymentSources_clerk.browser_8bf305_5.67.0-canary.v20250515132112.min.js.br
- clerk-js/5.67.0-canary.v20250515132112/paymentSources_clerk.browser_8bf305_5.67.0-canary.v20250515132112.min.js.gz
- clerk-js/5.67.0-canary.v20250515132112/paymentSources_clerk.browser_8bf305_5.67.0-canary.v20250515132112.min.js.sri
- clerk-js/5.67.0-canary.v20250515132112/paymentSources_clerk.chips.browser_919303_5.67.0-canary.v20250515132112.js.br
- clerk-js/5.67.0-canary.v20250515132112/paymentSources_clerk.chips.browser_919303_5.67.0-canary.v20250515132112.js.gz
- clerk-js/5.67.0-canary.v20250515132112/paymentSources_clerk.chips.browser_919303_5.67.0-canary.v20250515132112.js.sri
- clerk-js/5.67.0-canary.v20250515132112/paymentSources_clerk.chips.browser_919303_5.67.0-canary.v20250515132112.min.js.br
- clerk-js/5.67.0-canary.v20250515132112/paymentSources_clerk.chips.browser_919303_5.67.0-canary.v20250515132112.min.js.gz
- clerk-js/5.67.0-canary.v20250515132112/paymentSources_clerk.chips.browser_919303_5.67.0-canary.v20250515132112.min.js.sri
- clerk-js/5.67.0-canary.v20250515132112/paymentSources_clerk.legacy.browser_8ea10b_5.67.0-canary.v20250515132112.js.br
- clerk-js/5.67.0-canary.v20250515132112/paymentSources_clerk.legacy.browser_8ea10b_5.67.0-canary.v20250515132112.js.gz
- clerk-js/5.67.0-canary.v20250515132112/paymentSources_clerk.legacy.browser_8ea10b_5.67.0-canary.v20250515132112.js.sri
- clerk-js/5.67.0-canary.v20250515132112/paymentSources_clerk.legacy.browser_8ea10b_5.67.0-canary.v20250515132112.min.js.br
- clerk-js/5.67.0-canary.v20250515132112/paymentSources_clerk.legacy.browser_8ea10b_5.67.0-canary.v20250515132112.min.js.gz
- clerk-js/5.67.0-canary.v20250515132112/paymentSources_clerk.legacy.browser_8ea10b_5.67.0-canary.v20250515132112.min.js.sri
- clerk-js/5.67.0-canary.v20250515132112/planDetails_clerk.browser_8bf305_5.67.0-canary.v20250515132112.js.br
- clerk-js/5.67.0-canary.v20250515132112/planDetails_clerk.browser_8bf305_5.67.0-canary.v20250515132112.js.gz
- clerk-js/5.67.0-canary.v20250515132112/planDetails_clerk.browser_8bf305_5.67.0-canary.v20250515132112.js.sri
- clerk-js/5.67.0-canary.v20250515132112/planDetails_clerk.browser_8bf305_5.67.0-canary.v20250515132112.min.js.br
- clerk-js/5.67.0-canary.v20250515132112/planDetails_clerk.browser_8bf305_5.67.0-canary.v20250515132112.min.js.gz
- clerk-js/5.67.0-canary.v20250515132112/planDetails_clerk.browser_8bf305_5.67.0-canary.v20250515132112.min.js.sri
- clerk-js/5.67.0-canary.v20250515132112/planDetails_clerk.chips.browser_919303_5.67.0-canary.v20250515132112.js.br
- clerk-js/5.67.0-canary.v20250515132112/planDetails_clerk.chips.browser_919303_5.67.0-canary.v20250515132112.js.gz
- clerk-js/5.67.0-canary.v20250515132112/planDetails_clerk.chips.browser_919303_5.67.0-canary.v20250515132112.js.sri
- clerk-js/5.67.0-canary.v20250515132112/planDetails_clerk.chips.browser_919303_5.67.0-canary.v20250515132112.min.js.br
- clerk-js/5.67.0-canary.v20250515132112/planDetails_clerk.chips.browser_919303_5.67.0-canary.v20250515132112.min.js.gz
- clerk-js/5.67.0-canary.v20250515132112/planDetails_clerk.chips.browser_919303_5.67.0-canary.v20250515132112.min.js.sri
- clerk-js/5.67.0-canary.v20250515132112/planDetails_clerk.legacy.browser_8ea10b_5.67.0-canary.v20250515132112.js.br
- clerk-js/5.67.0-canary.v20250515132112/planDetails_clerk.legacy.browser_8ea10b_5.67.0-canary.v20250515132112.js.gz
- clerk-js/5.67.0-canary.v20250515132112/planDetails_clerk.legacy.browser_8ea10b_5.67.0-canary.v20250515132112.js.sri
- clerk-js/5.67.0-canary.v20250515132112/planDetails_clerk.legacy.browser_8ea10b_5.67.0-canary.v20250515132112.min.js.br
- clerk-js/5.67.0-canary.v20250515132112/planDetails_clerk.legacy.browser_8ea10b_5.67.0-canary.v20250515132112.min.js.gz
- clerk-js/5.67.0-canary.v20250515132112/planDetails_clerk.legacy.browser_8ea10b_5.67.0-canary.v20250515132112.min.js.sri
- clerk-js/5.67.0-canary.v20250515132112/prefetchorganizationlist_clerk.browser_8bf305_5.67.0-canary.v20250515132112.js.br
- clerk-js/5.67.0-canary.v20250515132112/prefetchorganizationlist_clerk.browser_8bf305_5.67.0-canary.v20250515132112.js.gz
- clerk-js/5.67.0-canary.v20250515132112/prefetchorganizationlist_clerk.browser_8bf305_5.67.0-canary.v20250515132112.js.sri
- clerk-js/5.67.0-canary.v20250515132112/prefetchorganizationlist_clerk.browser_8bf305_5.67.0-canary.v20250515132112.min.js.br
- clerk-js/5.67.0-canary.v20250515132112/prefetchorganizationlist_clerk.browser_8bf305_5.67.0-canary.v20250515132112.min.js.gz
- clerk-js/5.67.0-canary.v20250515132112/prefetchorganizationlist_clerk.browser_8bf305_5.67.0-canary.v20250515132112.min.js.sri
- clerk-js/5.67.0-canary.v20250515132112/prefetchorganizationlist_clerk.chips.browser_919303_5.67.0-canary.v20250515132112.js.br
- clerk-js/5.67.0-canary.v20250515132112/prefetchorganizationlist_clerk.chips.browser_919303_5.67.0-canary.v20250515132112.js.gz
- clerk-js/5.67.0-canary.v20250515132112/prefetchorganizationlist_clerk.chips.browser_919303_5.67.0-canary.v20250515132112.js.sri
- clerk-js/5.67.0-canary.v20250515132112/prefetchorganizationlist_clerk.chips.browser_919303_5.67.0-canary.v20250515132112.min.js.br
- clerk-js/5.67.0-canary.v20250515132112/prefetchorganizationlist_clerk.chips.browser_919303_5.67.0-canary.v20250515132112.min.js.gz
- clerk-js/5.67.0-canary.v20250515132112/prefetchorganizationlist_clerk.chips.browser_919303_5.67.0-canary.v20250515132112.min.js.sri
- clerk-js/5.67.0-canary.v20250515132112/prefetchorganizationlist_clerk.legacy.browser_8ea10b_5.67.0-canary.v20250515132112.js.br
- clerk-js/5.67.0-canary.v20250515132112/prefetchorganizationlist_clerk.legacy.browser_8ea10b_5.67.0-canary.v20250515132112.js.gz
- clerk-js/5.67.0-canary.v20250515132112/prefetchorganizationlist_clerk.legacy.browser_8ea10b_5.67.0-canary.v20250515132112.js.sri
- clerk-js/5.67.0-canary.v20250515132112/prefetchorganizationlist_clerk.legacy.browser_8ea10b_5.67.0-canary.v20250515132112.min.js.br
- clerk-js/5.67.0-canary.v20250515132112/prefetchorganizationlist_clerk.legacy.browser_8ea10b_5.67.0-canary.v20250515132112.min.js.gz
- clerk-js/5.67.0-canary.v20250515132112/prefetchorganizationlist_clerk.legacy.browser_8ea10b_5.67.0-canary.v20250515132112.min.js.sri
- clerk-js/5.67.0-canary.v20250515132112/pricingTable_clerk.browser_8bf305_5.67.0-canary.v20250515132112.js.br
- clerk-js/5.67.0-canary.v20250515132112/pricingTable_clerk.browser_8bf305_5.67.0-canary.v20250515132112.js.gz
- clerk-js/5.67.0-canary.v20250515132112/pricingTable_clerk.browser_8bf305_5.67.0-canary.v20250515132112.js.sri
- clerk-js/5.67.0-canary.v20250515132112/pricingTable_clerk.browser_8bf305_5.67.0-canary.v20250515132112.min.js.br
- clerk-js/5.67.0-canary.v20250515132112/pricingTable_clerk.browser_8bf305_5.67.0-canary.v20250515132112.min.js.gz
- clerk-js/5.67.0-canary.v20250515132112/pricingTable_clerk.browser_8bf305_5.67.0-canary.v20250515132112.min.js.sri
- clerk-js/5.67.0-canary.v20250515132112/pricingTable_clerk.chips.browser_919303_5.67.0-canary.v20250515132112.js.br
- clerk-js/5.67.0-canary.v20250515132112/pricingTable_clerk.chips.browser_919303_5.67.0-canary.v20250515132112.js.gz
- clerk-js/5.67.0-canary.v20250515132112/pricingTable_clerk.chips.browser_919303_5.67.0-canary.v20250515132112.js.sri
- clerk-js/5.67.0-canary.v20250515132112/pricingTable_clerk.chips.browser_919303_5.67.0-canary.v20250515132112.min.js.br
- clerk-js/5.67.0-canary.v20250515132112/pricingTable_clerk.chips.browser_919303_5.67.0-canary.v20250515132112.min.js.gz
- clerk-js/5.67.0-canary.v20250515132112/pricingTable_clerk.chips.browser_919303_5.67.0-canary.v20250515132112.min.js.sri
- clerk-js/5.67.0-canary.v20250515132112/pricingTable_clerk.legacy.browser_8ea10b_5.67.0-canary.v20250515132112.js.br
- clerk-js/5.67.0-canary.v20250515132112/pricingTable_clerk.legacy.browser_8ea10b_5.67.0-canary.v20250515132112.js.gz
- clerk-js/5.67.0-canary.v20250515132112/pricingTable_clerk.legacy.browser_8ea10b_5.67.0-canary.v20250515132112.js.sri
- clerk-js/5.67.0-canary.v20250515132112/pricingTable_clerk.legacy.browser_8ea10b_5.67.0-canary.v20250515132112.min.js.br
- clerk-js/5.67.0-canary.v20250515132112/pricingTable_clerk.legacy.browser_8ea10b_5.67.0-canary.v20250515132112.min.js.gz
- clerk-js/5.67.0-canary.v20250515132112/pricingTable_clerk.legacy.browser_8ea10b_5.67.0-canary.v20250515132112.min.js.sri
- clerk-js/5.67.0-canary.v20250515132112/sessionTasks_clerk.browser_8bf305_5.67.0-canary.v20250515132112.js.br
- clerk-js/5.67.0-canary.v20250515132112/sessionTasks_clerk.browser_8bf305_5.67.0-canary.v20250515132112.js.gz
- clerk-js/5.67.0-canary.v20250515132112/sessionTasks_clerk.browser_8bf305_5.67.0-canary.v20250515132112.js.sri
- clerk-js/5.67.0-canary.v20250515132112/sessionTasks_clerk.browser_8bf305_5.67.0-canary.v20250515132112.min.js.br
- clerk-js/5.67.0-canary.v20250515132112/sessionTasks_clerk.browser_8bf305_5.67.0-canary.v20250515132112.min.js.gz
- clerk-js/5.67.0-canary.v20250515132112/sessionTasks_clerk.browser_8bf305_5.67.0-canary.v20250515132112.min.js.sri
- clerk-js/5.67.0-canary.v20250515132112/sessionTasks_clerk.chips.browser_919303_5.67.0-canary.v20250515132112.js.br
- clerk-js/5.67.0-canary.v20250515132112/sessionTasks_clerk.chips.browser_919303_5.67.0-canary.v20250515132112.js.gz
- clerk-js/5.67.0-canary.v20250515132112/sessionTasks_clerk.chips.browser_919303_5.67.0-canary.v20250515132112.js.sri
- clerk-js/5.67.0-canary.v20250515132112/sessionTasks_clerk.chips.browser_919303_5.67.0-canary.v20250515132112.min.js.br
- clerk-js/5.67.0-canary.v20250515132112/sessionTasks_clerk.chips.browser_919303_5.67.0-canary.v20250515132112.min.js.gz
- clerk-js/5.67.0-canary.v20250515132112/sessionTasks_clerk.chips.browser_919303_5.67.0-canary.v20250515132112.min.js.sri
- clerk-js/5.67.0-canary.v20250515132112/sessionTasks_clerk.legacy.browser_8ea10b_5.67.0-canary.v20250515132112.js.br
- clerk-js/5.67.0-canary.v20250515132112/sessionTasks_clerk.legacy.browser_8ea10b_5.67.0-canary.v20250515132112.js.gz
- clerk-js/5.67.0-canary.v20250515132112/sessionTasks_clerk.legacy.browser_8ea10b_5.67.0-canary.v20250515132112.js.sri
- clerk-js/5.67.0-canary.v20250515132112/sessionTasks_clerk.legacy.browser_8ea10b_5.67.0-canary.v20250515132112.min.js.br
- clerk-js/5.67.0-canary.v20250515132112/sessionTasks_clerk.legacy.browser_8ea10b_5.67.0-canary.v20250515132112.min.js.gz
- clerk-js/5.67.0-canary.v20250515132112/sessionTasks_clerk.legacy.browser_8ea10b_5.67.0-canary.v20250515132112.min.js.sri
- clerk-js/5.67.0-canary.v20250515132112/signin_clerk.browser_8bf305_5.67.0-canary.v20250515132112.js.br
- clerk-js/5.67.0-canary.v20250515132112/signin_clerk.browser_8bf305_5.67.0-canary.v20250515132112.js.gz
- clerk-js/5.67.0-canary.v20250515132112/signin_clerk.browser_8bf305_5.67.0-canary.v20250515132112.js.sri
- clerk-js/5.67.0-canary.v20250515132112/signin_clerk.browser_8bf305_5.67.0-canary.v20250515132112.min.js.br
- clerk-js/5.67.0-canary.v20250515132112/signin_clerk.browser_8bf305_5.67.0-canary.v20250515132112.min.js.gz
- clerk-js/5.67.0-canary.v20250515132112/signin_clerk.browser_8bf305_5.67.0-canary.v20250515132112.min.js.sri
- clerk-js/5.67.0-canary.v20250515132112/signin_clerk.chips.browser_919303_5.67.0-canary.v20250515132112.js.br
- clerk-js/5.67.0-canary.v20250515132112/signin_clerk.chips.browser_919303_5.67.0-canary.v20250515132112.js.gz
- clerk-js/5.67.0-canary.v20250515132112/signin_clerk.chips.browser_919303_5.67.0-canary.v20250515132112.js.sri
- clerk-js/5.67.0-canary.v20250515132112/signin_clerk.chips.browser_919303_5.67.0-canary.v20250515132112.min.js.br
- clerk-js/5.67.0-canary.v20250515132112/signin_clerk.chips.browser_919303_5.67.0-canary.v20250515132112.min.js.gz
- clerk-js/5.67.0-canary.v20250515132112/signin_clerk.chips.browser_919303_5.67.0-canary.v20250515132112.min.js.sri
- clerk-js/5.67.0-canary.v20250515132112/signin_clerk.legacy.browser_8ea10b_5.67.0-canary.v20250515132112.js.br
- clerk-js/5.67.0-canary.v20250515132112/signin_clerk.legacy.browser_8ea10b_5.67.0-canary.v20250515132112.js.gz
- clerk-js/5.67.0-canary.v20250515132112/signin_clerk.legacy.browser_8ea10b_5.67.0-canary.v20250515132112.js.sri
- clerk-js/5.67.0-canary.v20250515132112/signin_clerk.legacy.browser_8ea10b_5.67.0-canary.v20250515132112.min.js.br
- clerk-js/5.67.0-canary.v20250515132112/signin_clerk.legacy.browser_8ea10b_5.67.0-canary.v20250515132112.min.js.gz
- clerk-js/5.67.0-canary.v20250515132112/signin_clerk.legacy.browser_8ea10b_5.67.0-canary.v20250515132112.min.js.sri
- clerk-js/5.67.0-canary.v20250515132112/signup_clerk.browser_8bf305_5.67.0-canary.v20250515132112.js.br
- clerk-js/5.67.0-canary.v20250515132112/signup_clerk.browser_8bf305_5.67.0-canary.v20250515132112.js.gz
- clerk-js/5.67.0-canary.v20250515132112/signup_clerk.browser_8bf305_5.67.0-canary.v20250515132112.js.sri
- clerk-js/5.67.0-canary.v20250515132112/signup_clerk.browser_8bf305_5.67.0-canary.v20250515132112.min.js.br
- clerk-js/5.67.0-canary.v20250515132112/signup_clerk.browser_8bf305_5.67.0-canary.v20250515132112.min.js.gz
- clerk-js/5.67.0-canary.v20250515132112/signup_clerk.browser_8bf305_5.67.0-canary.v20250515132112.min.js.sri
- clerk-js/5.67.0-canary.v20250515132112/signup_clerk.chips.browser_919303_5.67.0-canary.v20250515132112.js.br
- clerk-js/5.67.0-canary.v20250515132112/signup_clerk.chips.browser_919303_5.67.0-canary.v20250515132112.js.gz
- clerk-js/5.67.0-canary.v20250515132112/signup_clerk.chips.browser_919303_5.67.0-canary.v20250515132112.js.sri
- clerk-js/5.67.0-canary.v20250515132112/signup_clerk.chips.browser_919303_5.67.0-canary.v20250515132112.min.js.br
- clerk-js/5.67.0-canary.v20250515132112/signup_clerk.chips.browser_919303_5.67.0-canary.v20250515132112.min.js.gz
- clerk-js/5.67.0-canary.v20250515132112/signup_clerk.chips.browser_919303_5.67.0-canary.v20250515132112.min.js.sri
- clerk-js/5.67.0-canary.v20250515132112/signup_clerk.legacy.browser_8ea10b_5.67.0-canary.v20250515132112.js.br
- clerk-js/5.67.0-canary.v20250515132112/signup_clerk.legacy.browser_8ea10b_5.67.0-canary.v20250515132112.js.gz
- clerk-js/5.67.0-canary.v20250515132112/signup_clerk.legacy.browser_8ea10b_5.67.0-canary.v20250515132112.js.sri
- clerk-js/5.67.0-canary.v20250515132112/signup_clerk.legacy.browser_8ea10b_5.67.0-canary.v20250515132112.min.js.br
- clerk-js/5.67.0-canary.v20250515132112/signup_clerk.legacy.browser_8ea10b_5.67.0-canary.v20250515132112.min.js.gz
- clerk-js/5.67.0-canary.v20250515132112/signup_clerk.legacy.browser_8ea10b_5.67.0-canary.v20250515132112.min.js.sri
- clerk-js/5.67.0-canary.v20250515132112/ui-common_clerk.browser_8bf305_5.67.0-canary.v20250515132112.js.br
- clerk-js/5.67.0-canary.v20250515132112/ui-common_clerk.browser_8bf305_5.67.0-canary.v20250515132112.js.gz
- clerk-js/5.67.0-canary.v20250515132112/ui-common_clerk.browser_8bf305_5.67.0-canary.v20250515132112.js.sri
- clerk-js/5.67.0-canary.v20250515132112/ui-common_clerk.browser_8bf305_5.67.0-canary.v20250515132112.min.js.br
- clerk-js/5.67.0-canary.v20250515132112/ui-common_clerk.browser_8bf305_5.67.0-canary.v20250515132112.min.js.gz
- clerk-js/5.67.0-canary.v20250515132112/ui-common_clerk.browser_8bf305_5.67.0-canary.v20250515132112.min.js.sri
- clerk-js/5.67.0-canary.v20250515132112/ui-common_clerk.chips.browser_919303_5.67.0-canary.v20250515132112.js.br
- clerk-js/5.67.0-canary.v20250515132112/ui-common_clerk.chips.browser_919303_5.67.0-canary.v20250515132112.js.gz
- clerk-js/5.67.0-canary.v20250515132112/ui-common_clerk.chips.browser_919303_5.67.0-canary.v20250515132112.js.sri
- clerk-js/5.67.0-canary.v20250515132112/ui-common_clerk.chips.browser_919303_5.67.0-canary.v20250515132112.min.js.br
- clerk-js/5.67.0-canary.v20250515132112/ui-common_clerk.chips.browser_919303_5.67.0-canary.v20250515132112.min.js.gz
- clerk-js/5.67.0-canary.v20250515132112/ui-common_clerk.chips.browser_919303_5.67.0-canary.v20250515132112.min.js.sri
- clerk-js/5.67.0-canary.v20250515132112/ui-common_clerk.legacy.browser_8ea10b_5.67.0-canary.v20250515132112.js.br
- clerk-js/5.67.0-canary.v20250515132112/ui-common_clerk.legacy.browser_8ea10b_5.67.0-canary.v20250515132112.js.gz
- clerk-js/5.67.0-canary.v20250515132112/ui-common_clerk.legacy.browser_8ea10b_5.67.0-canary.v20250515132112.js.sri
- clerk-js/5.67.0-canary.v20250515132112/ui-common_clerk.legacy.browser_8ea10b_5.67.0-canary.v20250515132112.min.js.br
- clerk-js/5.67.0-canary.v20250515132112/ui-common_clerk.legacy.browser_8ea10b_5.67.0-canary.v20250515132112.min.js.gz
- clerk-js/5.67.0-canary.v20250515132112/ui-common_clerk.legacy.browser_8ea10b_5.67.0-canary.v20250515132112.min.js.sri
- clerk-js/5.67.0-canary.v20250515132112/up-billing-page_clerk.browser_8bf305_5.67.0-canary.v20250515132112.js.br
- clerk-js/5.67.0-canary.v20250515132112/up-billing-page_clerk.browser_8bf305_5.67.0-canary.v20250515132112.js.gz
- clerk-js/5.67.0-canary.v20250515132112/up-billing-page_clerk.browser_8bf305_5.67.0-canary.v20250515132112.js.sri
- clerk-js/5.67.0-canary.v20250515132112/up-billing-page_clerk.browser_8bf305_5.67.0-canary.v20250515132112.min.js.br
- clerk-js/5.67.0-canary.v20250515132112/up-billing-page_clerk.browser_8bf305_5.67.0-canary.v20250515132112.min.js.gz
- clerk-js/5.67.0-canary.v20250515132112/up-billing-page_clerk.browser_8bf305_5.67.0-canary.v20250515132112.min.js.sri
- clerk-js/5.67.0-canary.v20250515132112/up-billing-page_clerk.chips.browser_919303_5.67.0-canary.v20250515132112.js.br
- clerk-js/5.67.0-canary.v20250515132112/up-billing-page_clerk.chips.browser_919303_5.67.0-canary.v20250515132112.js.gz
- clerk-js/5.67.0-canary.v20250515132112/up-billing-page_clerk.chips.browser_919303_5.67.0-canary.v20250515132112.js.sri
- clerk-js/5.67.0-canary.v20250515132112/up-billing-page_clerk.chips.browser_919303_5.67.0-canary.v20250515132112.min.js.br
- clerk-js/5.67.0-canary.v20250515132112/up-billing-page_clerk.chips.browser_919303_5.67.0-canary.v20250515132112.min.js.gz
- clerk-js/5.67.0-canary.v20250515132112/up-billing-page_clerk.chips.browser_919303_5.67.0-canary.v20250515132112.min.js.sri
- clerk-js/5.67.0-canary.v20250515132112/up-billing-page_clerk.legacy.browser_8ea10b_5.67.0-canary.v20250515132112.js.br
- clerk-js/5.67.0-canary.v20250515132112/up-billing-page_clerk.legacy.browser_8ea10b_5.67.0-canary.v20250515132112.js.gz
- clerk-js/5.67.0-canary.v20250515132112/up-billing-page_clerk.legacy.browser_8ea10b_5.67.0-canary.v20250515132112.js.sri
- clerk-js/5.67.0-canary.v20250515132112/up-billing-page_clerk.legacy.browser_8ea10b_5.67.0-canary.v20250515132112.min.js.br
- clerk-js/5.67.0-canary.v20250515132112/up-billing-page_clerk.legacy.browser_8ea10b_5.67.0-canary.v20250515132112.min.js.gz
- clerk-js/5.67.0-canary.v20250515132112/up-billing-page_clerk.legacy.browser_8ea10b_5.67.0-canary.v20250515132112.min.js.sri
- clerk-js/5.67.0-canary.v20250515132112/userbutton_clerk.browser_8bf305_5.67.0-canary.v20250515132112.js.br
- clerk-js/5.67.0-canary.v20250515132112/userbutton_clerk.browser_8bf305_5.67.0-canary.v20250515132112.js.gz
- clerk-js/5.67.0-canary.v20250515132112/userbutton_clerk.browser_8bf305_5.67.0-canary.v20250515132112.js.sri
- clerk-js/5.67.0-canary.v20250515132112/userbutton_clerk.browser_8bf305_5.67.0-canary.v20250515132112.min.js.br
- clerk-js/5.67.0-canary.v20250515132112/userbutton_clerk.browser_8bf305_5.67.0-canary.v20250515132112.min.js.gz
- clerk-js/5.67.0-canary.v20250515132112/userbutton_clerk.browser_8bf305_5.67.0-canary.v20250515132112.min.js.sri
- clerk-js/5.67.0-canary.v20250515132112/userbutton_clerk.chips.browser_919303_5.67.0-canary.v20250515132112.js.br
- clerk-js/5.67.0-canary.v20250515132112/userbutton_clerk.chips.browser_919303_5.67.0-canary.v20250515132112.js.gz
- clerk-js/5.67.0-canary.v20250515132112/userbutton_clerk.chips.browser_919303_5.67.0-canary.v20250515132112.js.sri
- clerk-js/5.67.0-canary.v20250515132112/userbutton_clerk.chips.browser_919303_5.67.0-canary.v20250515132112.min.js.br
- clerk-js/5.67.0-canary.v20250515132112/userbutton_clerk.chips.browser_919303_5.67.0-canary.v20250515132112.min.js.gz
- clerk-js/5.67.0-canary.v20250515132112/userbutton_clerk.chips.browser_919303_5.67.0-canary.v20250515132112.min.js.sri
- clerk-js/5.67.0-canary.v20250515132112/userbutton_clerk.legacy.browser_8ea10b_5.67.0-canary.v20250515132112.js.br
- clerk-js/5.67.0-canary.v20250515132112/userbutton_clerk.legacy.browser_8ea10b_5.67.0-canary.v20250515132112.js.gz
- clerk-js/5.67.0-canary.v20250515132112/userbutton_clerk.legacy.browser_8ea10b_5.67.0-canary.v20250515132112.js.sri
- clerk-js/5.67.0-canary.v20250515132112/userbutton_clerk.legacy.browser_8ea10b_5.67.0-canary.v20250515132112.min.js.br
- clerk-js/5.67.0-canary.v20250515132112/userbutton_clerk.legacy.browser_8ea10b_5.67.0-canary.v20250515132112.min.js.gz
- clerk-js/5.67.0-canary.v20250515132112/userbutton_clerk.legacy.browser_8ea10b_5.67.0-canary.v20250515132112.min.js.sri
- clerk-js/5.67.0-canary.v20250515132112/userprofile_clerk.browser_8bf305_5.67.0-canary.v20250515132112.js.br
- clerk-js/5.67.0-canary.v20250515132112/userprofile_clerk.browser_8bf305_5.67.0-canary.v20250515132112.js.gz
- clerk-js/5.67.0-canary.v20250515132112/userprofile_clerk.browser_8bf305_5.67.0-canary.v20250515132112.js.sri
- clerk-js/5.67.0-canary.v20250515132112/userprofile_clerk.browser_8bf305_5.67.0-canary.v20250515132112.min.js.br
- clerk-js/5.67.0-canary.v20250515132112/userprofile_clerk.browser_8bf305_5.67.0-canary.v20250515132112.min.js.gz
- clerk-js/5.67.0-canary.v20250515132112/userprofile_clerk.browser_8bf305_5.67.0-canary.v20250515132112.min.js.sri
- clerk-js/5.67.0-canary.v20250515132112/userprofile_clerk.chips.browser_919303_5.67.0-canary.v20250515132112.js.br
- clerk-js/5.67.0-canary.v20250515132112/userprofile_clerk.chips.browser_919303_5.67.0-canary.v20250515132112.js.gz
- clerk-js/5.67.0-canary.v20250515132112/userprofile_clerk.chips.browser_919303_5.67.0-canary.v20250515132112.js.sri
- clerk-js/5.67.0-canary.v20250515132112/userprofile_clerk.chips.browser_919303_5.67.0-canary.v20250515132112.min.js.br
- clerk-js/5.67.0-canary.v20250515132112/userprofile_clerk.chips.browser_919303_5.67.0-canary.v20250515132112.min.js.gz
- clerk-js/5.67.0-canary.v20250515132112/userprofile_clerk.chips.browser_919303_5.67.0-canary.v20250515132112.min.js.sri
- clerk-js/5.67.0-canary.v20250515132112/userprofile_clerk.legacy.browser_8ea10b_5.67.0-canary.v20250515132112.js.br
- clerk-js/5.67.0-canary.v20250515132112/userprofile_clerk.legacy.browser_8ea10b_5.67.0-canary.v20250515132112.js.gz
- clerk-js/5.67.0-canary.v20250515132112/userprofile_clerk.legacy.browser_8ea10b_5.67.0-canary.v20250515132112.js.sri
- clerk-js/5.67.0-canary.v20250515132112/userprofile_clerk.legacy.browser_8ea10b_5.67.0-canary.v20250515132112.min.js.br
- clerk-js/5.67.0-canary.v20250515132112/userprofile_clerk.legacy.browser_8ea10b_5.67.0-canary.v20250515132112.min.js.gz
- clerk-js/5.67.0-canary.v20250515132112/userprofile_clerk.legacy.browser_8ea10b_5.67.0-canary.v20250515132112.min.js.sri
- clerk-js/5.67.0-canary.v20250515132112/userverification_clerk.browser_8bf305_5.67.0-canary.v20250515132112.js.br
- clerk-js/5.67.0-canary.v20250515132112/userverification_clerk.browser_8bf305_5.67.0-canary.v20250515132112.js.gz
- clerk-js/5.67.0-canary.v20250515132112/userverification_clerk.browser_8bf305_5.67.0-canary.v20250515132112.js.sri
- clerk-js/5.67.0-canary.v20250515132112/userverification_clerk.browser_8bf305_5.67.0-canary.v20250515132112.min.js.br
- clerk-js/5.67.0-canary.v20250515132112/userverification_clerk.browser_8bf305_5.67.0-canary.v20250515132112.min.js.gz
- clerk-js/5.67.0-canary.v20250515132112/userverification_clerk.browser_8bf305_5.67.0-canary.v20250515132112.min.js.sri
- clerk-js/5.67.0-canary.v20250515132112/userverification_clerk.chips.browser_919303_5.67.0-canary.v20250515132112.js.br
- clerk-js/5.67.0-canary.v20250515132112/userverification_clerk.chips.browser_919303_5.67.0-canary.v20250515132112.js.gz
- clerk-js/5.67.0-canary.v20250515132112/userverification_clerk.chips.browser_919303_5.67.0-canary.v20250515132112.js.sri
- clerk-js/5.67.0-canary.v20250515132112/userverification_clerk.chips.browser_919303_5.67.0-canary.v20250515132112.min.js.br
- clerk-js/5.67.0-canary.v20250515132112/userverification_clerk.chips.browser_919303_5.67.0-canary.v20250515132112.min.js.gz
- clerk-js/5.67.0-canary.v20250515132112/userverification_clerk.chips.browser_919303_5.67.0-canary.v20250515132112.min.js.sri
- clerk-js/5.67.0-canary.v20250515132112/userverification_clerk.legacy.browser_8ea10b_5.67.0-canary.v20250515132112.js.br
- clerk-js/5.67.0-canary.v20250515132112/userverification_clerk.legacy.browser_8ea10b_5.67.0-canary.v20250515132112.js.gz
- clerk-js/5.67.0-canary.v20250515132112/userverification_clerk.legacy.browser_8ea10b_5.67.0-canary.v20250515132112.js.sri
- clerk-js/5.67.0-canary.v20250515132112/userverification_clerk.legacy.browser_8ea10b_5.67.0-canary.v20250515132112.min.js.br
- clerk-js/5.67.0-canary.v20250515132112/userverification_clerk.legacy.browser_8ea10b_5.67.0-canary.v20250515132112.min.js.gz
- clerk-js/5.67.0-canary.v20250515132112/userverification_clerk.legacy.browser_8ea10b_5.67.0-canary.v20250515132112.min.js.sri
- clerk-js/5.67.0-canary.v20250515132112/vendors_clerk.browser_8bf305_5.67.0-canary.v20250515132112.js.br
- clerk-js/5.67.0-canary.v20250515132112/vendors_clerk.browser_8bf305_5.67.0-canary.v20250515132112.js.gz
- clerk-js/5.67.0-canary.v20250515132112/vendors_clerk.browser_8bf305_5.67.0-canary.v20250515132112.js.sri
- clerk-js/5.67.0-canary.v20250515132112/vendors_clerk.browser_8bf305_5.67.0-canary.v20250515132112.min.js.br
- clerk-js/5.67.0-canary.v20250515132112/vendors_clerk.browser_8bf305_5.67.0-canary.v20250515132112.min.js.gz
- clerk-js/5.67.0-canary.v20250515132112/vendors_clerk.browser_8bf305_5.67.0-canary.v20250515132112.min.js.sri
- clerk-js/5.67.0-canary.v20250515132112/vendors_clerk.chips.browser_919303_5.67.0-canary.v20250515132112.js.br
- clerk-js/5.67.0-canary.v20250515132112/vendors_clerk.chips.browser_919303_5.67.0-canary.v20250515132112.js.gz
- clerk-js/5.67.0-canary.v20250515132112/vendors_clerk.chips.browser_919303_5.67.0-canary.v20250515132112.js.sri
- clerk-js/5.67.0-canary.v20250515132112/vendors_clerk.chips.browser_919303_5.67.0-canary.v20250515132112.min.js.br
- clerk-js/5.67.0-canary.v20250515132112/vendors_clerk.chips.browser_919303_5.67.0-canary.v20250515132112.min.js.gz
- clerk-js/5.67.0-canary.v20250515132112/vendors_clerk.chips.browser_919303_5.67.0-canary.v20250515132112.min.js.sri
- clerk-js/5.67.0-canary.v20250515132112/vendors_clerk.headless.browser_8145f0_5.67.0-canary.v20250515132112.js.br
- clerk-js/5.67.0-canary.v20250515132112/vendors_clerk.headless.browser_8145f0_5.67.0-canary.v20250515132112.js.gz
- clerk-js/5.67.0-canary.v20250515132112/vendors_clerk.headless.browser_8145f0_5.67.0-canary.v20250515132112.js.sri
- clerk-js/5.67.0-canary.v20250515132112/vendors_clerk.headless.browser_8145f0_5.67.0-canary.v20250515132112.min.js.br
- clerk-js/5.67.0-canary.v20250515132112/vendors_clerk.headless.browser_8145f0_5.67.0-canary.v20250515132112.min.js.gz
- clerk-js/5.67.0-canary.v20250515132112/vendors_clerk.headless.browser_8145f0_5.67.0-canary.v20250515132112.min.js.sri
- clerk-js/5.67.0-canary.v20250515132112/vendors_clerk.legacy.browser_8ea10b_5.67.0-canary.v20250515132112.js.br
- clerk-js/5.67.0-canary.v20250515132112/vendors_clerk.legacy.browser_8ea10b_5.67.0-canary.v20250515132112.js.gz
- clerk-js/5.67.0-canary.v20250515132112/vendors_clerk.legacy.browser_8ea10b_5.67.0-canary.v20250515132112.js.sri
- clerk-js/5.67.0-canary.v20250515132112/vendors_clerk.legacy.browser_8ea10b_5.67.0-canary.v20250515132112.min.js.br
- clerk-js/5.67.0-canary.v20250515132112/vendors_clerk.legacy.browser_8ea10b_5.67.0-canary.v20250515132112.min.js.gz
- clerk-js/5.67.0-canary.v20250515132112/vendors_clerk.legacy.browser_8ea10b_5.67.0-canary.v20250515132112.min.js.sri
- clerk-js/5.67.0-canary.v20250515132112/waitlist_clerk.browser_8bf305_5.67.0-canary.v20250515132112.js.br
- clerk-js/5.67.0-canary.v20250515132112/waitlist_clerk.browser_8bf305_5.67.0-canary.v20250515132112.js.gz
- clerk-js/5.67.0-canary.v20250515132112/waitlist_clerk.browser_8bf305_5.67.0-canary.v20250515132112.js.sri
- clerk-js/5.67.0-canary.v20250515132112/waitlist_clerk.browser_8bf305_5.67.0-canary.v20250515132112.min.js.br
- clerk-js/5.67.0-canary.v20250515132112/waitlist_clerk.browser_8bf305_5.67.0-canary.v20250515132112.min.js.gz
- clerk-js/5.67.0-canary.v20250515132112/waitlist_clerk.browser_8bf305_5.67.0-canary.v20250515132112.min.js.sri
- clerk-js/5.67.0-canary.v20250515132112/waitlist_clerk.chips.browser_919303_5.67.0-canary.v20250515132112.js.br
- clerk-js/5.67.0-canary.v20250515132112/waitlist_clerk.chips.browser_919303_5.67.0-canary.v20250515132112.js.gz
- clerk-js/5.67.0-canary.v20250515132112/waitlist_clerk.chips.browser_919303_5.67.0-canary.v20250515132112.js.sri
- clerk-js/5.67.0-canary.v20250515132112/waitlist_clerk.chips.browser_919303_5.67.0-canary.v20250515132112.min.js.br
- clerk-js/5.67.0-canary.v20250515132112/waitlist_clerk.chips.browser_919303_5.67.0-canary.v20250515132112.min.js.gz
- clerk-js/5.67.0-canary.v20250515132112/waitlist_clerk.chips.browser_919303_5.67.0-canary.v20250515132112.min.js.sri
- clerk-js/5.67.0-canary.v20250515132112/waitlist_clerk.legacy.browser_8ea10b_5.67.0-canary.v20250515132112.js.br
- clerk-js/5.67.0-canary.v20250515132112/waitlist_clerk.legacy.browser_8ea10b_5.67.0-canary.v20250515132112.js.gz
- clerk-js/5.67.0-canary.v20250515132112/waitlist_clerk.legacy.browser_8ea10b_5.67.0-canary.v20250515132112.js.sri
- clerk-js/5.67.0-canary.v20250515132112/waitlist_clerk.legacy.browser_8ea10b_5.67.0-canary.v20250515132112.min.js.br
- clerk-js/5.67.0-canary.v20250515132112/waitlist_clerk.legacy.browser_8ea10b_5.67.0-canary.v20250515132112.min.js.gz
- clerk-js/5.67.0-canary.v20250515132112/waitlist_clerk.legacy.browser_8ea10b_5.67.0-canary.v20250515132112.min.js.sri
- clerk-js/5.67.0-canary.v20250515132112/zxcvbn-common_clerk.browser_8bf305_5.67.0-canary.v20250515132112.js.br
- clerk-js/5.67.0-canary.v20250515132112/zxcvbn-common_clerk.browser_8bf305_5.67.0-canary.v20250515132112.js.gz
- clerk-js/5.67.0-canary.v20250515132112/zxcvbn-common_clerk.browser_8bf305_5.67.0-canary.v20250515132112.js.sri
- clerk-js/5.67.0-canary.v20250515132112/zxcvbn-common_clerk.browser_8bf305_5.67.0-canary.v20250515132112.min.js.br
- clerk-js/5.67.0-canary.v20250515132112/zxcvbn-common_clerk.browser_8bf305_5.67.0-canary.v20250515132112.min.js.gz
- clerk-js/5.67.0-canary.v20250515132112/zxcvbn-common_clerk.browser_8bf305_5.67.0-canary.v20250515132112.min.js.sri
- clerk-js/5.67.0-canary.v20250515132112/zxcvbn-common_clerk.chips.browser_919303_5.67.0-canary.v20250515132112.js.br
- clerk-js/5.67.0-canary.v20250515132112/zxcvbn-common_clerk.chips.browser_919303_5.67.0-canary.v20250515132112.js.gz
- clerk-js/5.67.0-canary.v20250515132112/zxcvbn-common_clerk.chips.browser_919303_5.67.0-canary.v20250515132112.js.sri
- clerk-js/5.67.0-canary.v20250515132112/zxcvbn-common_clerk.chips.browser_919303_5.67.0-canary.v20250515132112.min.js.br
- clerk-js/5.67.0-canary.v20250515132112/zxcvbn-common_clerk.chips.browser_919303_5.67.0-canary.v20250515132112.min.js.gz
- clerk-js/5.67.0-canary.v20250515132112/zxcvbn-common_clerk.chips.browser_919303_5.67.0-canary.v20250515132112.min.js.sri
- clerk-js/5.67.0-canary.v20250515132112/zxcvbn-common_clerk.headless.browser_8145f0_5.67.0-canary.v20250515132112.js.br
- clerk-js/5.67.0-canary.v20250515132112/zxcvbn-common_clerk.headless.browser_8145f0_5.67.0-canary.v20250515132112.js.gz
- clerk-js/5.67.0-canary.v20250515132112/zxcvbn-common_clerk.headless.browser_8145f0_5.67.0-canary.v20250515132112.js.sri
- clerk-js/5.67.0-canary.v20250515132112/zxcvbn-common_clerk.headless.browser_8145f0_5.67.0-canary.v20250515132112.min.js.br
- clerk-js/5.67.0-canary.v20250515132112/zxcvbn-common_clerk.headless.browser_8145f0_5.67.0-canary.v20250515132112.min.js.gz
- clerk-js/5.67.0-canary.v20250515132112/zxcvbn-common_clerk.headless.browser_8145f0_5.67.0-canary.v20250515132112.min.js.sri
- clerk-js/5.67.0-canary.v20250515132112/zxcvbn-common_clerk.legacy.browser_8ea10b_5.67.0-canary.v20250515132112.js.br
- clerk-js/5.67.0-canary.v20250515132112/zxcvbn-common_clerk.legacy.browser_8ea10b_5.67.0-canary.v20250515132112.js.gz
- clerk-js/5.67.0-canary.v20250515132112/zxcvbn-common_clerk.legacy.browser_8ea10b_5.67.0-canary.v20250515132112.js.sri
- clerk-js/5.67.0-canary.v20250515132112/zxcvbn-common_clerk.legacy.browser_8ea10b_5.67.0-canary.v20250515132112.min.js.br
- clerk-js/5.67.0-canary.v20250515132112/zxcvbn-common_clerk.legacy.browser_8ea10b_5.67.0-canary.v20250515132112.min.js.gz
- clerk-js/5.67.0-canary.v20250515132112/zxcvbn-common_clerk.legacy.browser_8ea10b_5.67.0-canary.v20250515132112.min.js.sri
- clerk-js/5.67.0-canary.v20250515132112/zxcvbn-ts-core_clerk.browser_8bf305_5.67.0-canary.v20250515132112.js.br
- clerk-js/5.67.0-canary.v20250515132112/zxcvbn-ts-core_clerk.browser_8bf305_5.67.0-canary.v20250515132112.js.gz
- clerk-js/5.67.0-canary.v20250515132112/zxcvbn-ts-core_clerk.browser_8bf305_5.67.0-canary.v20250515132112.js.sri
- clerk-js/5.67.0-canary.v20250515132112/zxcvbn-ts-core_clerk.browser_8bf305_5.67.0-canary.v20250515132112.min.js.br
- clerk-js/5.67.0-canary.v20250515132112/zxcvbn-ts-core_clerk.browser_8bf305_5.67.0-canary.v20250515132112.min.js.gz
- clerk-js/5.67.0-canary.v20250515132112/zxcvbn-ts-core_clerk.browser_8bf305_5.67.0-canary.v20250515132112.min.js.sri
- clerk-js/5.67.0-canary.v20250515132112/zxcvbn-ts-core_clerk.chips.browser_919303_5.67.0-canary.v20250515132112.js.br
- clerk-js/5.67.0-canary.v20250515132112/zxcvbn-ts-core_clerk.chips.browser_919303_5.67.0-canary.v20250515132112.js.gz
- clerk-js/5.67.0-canary.v20250515132112/zxcvbn-ts-core_clerk.chips.browser_919303_5.67.0-canary.v20250515132112.js.sri
- clerk-js/5.67.0-canary.v20250515132112/zxcvbn-ts-core_clerk.chips.browser_919303_5.67.0-canary.v20250515132112.min.js.br
- clerk-js/5.67.0-canary.v20250515132112/zxcvbn-ts-core_clerk.chips.browser_919303_5.67.0-canary.v20250515132112.min.js.gz
- clerk-js/5.67.0-canary.v20250515132112/zxcvbn-ts-core_clerk.chips.browser_919303_5.67.0-canary.v20250515132112.min.js.sri
- clerk-js/5.67.0-canary.v20250515132112/zxcvbn-ts-core_clerk.headless.browser_8145f0_5.67.0-canary.v20250515132112.js.br
- clerk-js/5.67.0-canary.v20250515132112/zxcvbn-ts-core_clerk.headless.browser_8145f0_5.67.0-canary.v20250515132112.js.gz
- clerk-js/5.67.0-canary.v20250515132112/zxcvbn-ts-core_clerk.headless.browser_8145f0_5.67.0-canary.v20250515132112.js.sri
- clerk-js/5.67.0-canary.v20250515132112/zxcvbn-ts-core_clerk.headless.browser_8145f0_5.67.0-canary.v20250515132112.min.js.br
- clerk-js/5.67.0-canary.v20250515132112/zxcvbn-ts-core_clerk.headless.browser_8145f0_5.67.0-canary.v20250515132112.min.js.gz
- clerk-js/5.67.0-canary.v20250515132112/zxcvbn-ts-core_clerk.headless.browser_8145f0_5.67.0-canary.v20250515132112.min.js.sri
- clerk-js/5.67.0-canary.v20250515132112/zxcvbn-ts-core_clerk.legacy.browser_8ea10b_5.67.0-canary.v20250515132112.js.br
- clerk-js/5.67.0-canary.v20250515132112/zxcvbn-ts-core_clerk.legacy.browser_8ea10b_5.67.0-canary.v20250515132112.js.gz
- clerk-js/5.67.0-canary.v20250515132112/zxcvbn-ts-core_clerk.legacy.browser_8ea10b_5.67.0-canary.v20250515132112.js.sri
- clerk-js/5.67.0-canary.v20250515132112/zxcvbn-ts-core_clerk.legacy.browser_8ea10b_5.67.0-canary.v20250515132112.min.js.br
- clerk-js/5.67.0-canary.v20250515132112/zxcvbn-ts-core_clerk.legacy.browser_8ea10b_5.67.0-canary.v20250515132112.min.js.gz
- clerk-js/5.67.0-canary.v20250515132112/zxcvbn-ts-core_clerk.legacy.browser_8ea10b_5.67.0-canary.v20250515132112.min.js.sri
