- fontsource-kantumruy/5.3.0/300.css.br
- fontsource-kantumruy/5.3.0/300.css.gz
- fontsource-kantumruy/5.3.0/300.min.css.br
- fontsource-kantumruy/5.3.0/300.min.css.gz
- fontsource-kantumruy/5.3.0/400.css.br
- fontsource-kantumruy/5.3.0/400.css.gz
- fontsource-kantumruy/5.3.0/400.min.css.br
- fontsource-kantumruy/5.3.0/400.min.css.gz
- fontsource-kantumruy/5.3.0/700.css.br
- fontsource-kantumruy/5.3.0/700.css.gz
- fontsource-kantumruy/5.3.0/700.min.css.br
- fontsource-kantumruy/5.3.0/700.min.css.gz
- fontsource-kantumruy/5.3.0/files/kantumruy-khmer-300-normal.woff.br
- fontsource-kantumruy/5.3.0/files/kantumruy-khmer-300-normal.woff.gz
- fontsource-kantumruy/5.3.0/files/kantumruy-khmer-300-normal.woff2
- fontsource-kantumruy/5.3.0/files/kantumruy-khmer-400-normal.woff.br
- fontsource-kantumruy/5.3.0/files/kantumruy-khmer-400-normal.woff.gz
- fontsource-kantumruy/5.3.0/files/kantumruy-khmer-400-normal.woff2
- fontsource-kantumruy/5.3.0/files/kantumruy-khmer-700-normal.woff.br
- fontsource-kantumruy/5.3.0/files/kantumruy-khmer-700-normal.woff.gz
- fontsource-kantumruy/5.3.0/files/kantumruy-khmer-700-normal.woff2
- fontsource-kantumruy/5.3.0/index.css.br
- fontsource-kantumruy/5.3.0/index.css.gz
- fontsource-kantumruy/5.3.0/index.min.css.br
- fontsource-kantumruy/5.3.0/index.min.css.gz
- fontsource-kantumruy/5.3.0/khmer-300.css.br
- fontsource-kantumruy/5.3.0/khmer-300.css.gz
- fontsource-kantumruy/5.3.0/khmer-300.min.css.br
- fontsource-kantumruy/5.3.0/khmer-300.min.css.gz
- fontsource-kantumruy/5.3.0/khmer-400.css.br
- fontsource-kantumruy/5.3.0/khmer-400.css.gz
- fontsource-kantumruy/5.3.0/khmer-400.min.css.br
- fontsource-kantumruy/5.3.0/khmer-400.min.css.gz
- fontsource-kantumruy/5.3.0/khmer-700.css.br
- fontsource-kantumruy/5.3.0/khmer-700.css.gz
- fontsource-kantumruy/5.3.0/khmer-700.min.css.br
- fontsource-kantumruy/5.3.0/khmer-700.min.css.gz
- fontsource-kantumruy/5.3.0/khmer.css.br
- fontsource-kantumruy/5.3.0/khmer.css.gz
- fontsource-kantumruy/5.3.0/khmer.min.css.br
- fontsource-kantumruy/5.3.0/khmer.min.css.gz