- jquery.cycle2/2.0.1/jquery.cycle2.autoheight.min.js.br
- jquery.cycle2/2.0.1/jquery.cycle2.autoheight.min.js.gz
- jquery.cycle2/2.0.1/jquery.cycle2.caption.min.js.br
- jquery.cycle2/2.0.1/jquery.cycle2.caption.min.js.gz
- jquery.cycle2/2.0.1/jquery.cycle2.caption2.min.js.br
- jquery.cycle2/2.0.1/jquery.cycle2.caption2.min.js.gz
- jquery.cycle2/2.0.1/jquery.cycle2.carousel.min.js.br
- jquery.cycle2/2.0.1/jquery.cycle2.carousel.min.js.gz
- jquery.cycle2/2.0.1/jquery.cycle2.center.min.js.br
- jquery.cycle2/2.0.1/jquery.cycle2.center.min.js.gz
- jquery.cycle2/2.0.1/jquery.cycle2.command.min.js.br
- jquery.cycle2/2.0.1/jquery.cycle2.command.min.js.gz
- jquery.cycle2/2.0.1/jquery.cycle2.core.min.js.br
- jquery.cycle2/2.0.1/jquery.cycle2.core.min.js.gz
- jquery.cycle2/2.0.1/jquery.cycle2.flip.min.js.br
- jquery.cycle2/2.0.1/jquery.cycle2.flip.min.js.gz
- jquery.cycle2/2.0.1/jquery.cycle2.hash.min.js.br
- jquery.cycle2/2.0.1/jquery.cycle2.hash.min.js.gz
- jquery.cycle2/2.0.1/jquery.cycle2.ie-fade.min.js.br
- jquery.cycle2/2.0.1/jquery.cycle2.ie-fade.min.js.gz
- jquery.cycle2/2.0.1/jquery.cycle2.js.br
- jquery.cycle2/2.0.1/jquery.cycle2.js.gz
- jquery.cycle2/2.0.1/jquery.cycle2.js.map.br
- jquery.cycle2/2.0.1/jquery.cycle2.js.map.gz
- jquery.cycle2/2.0.1/jquery.cycle2.loader.min.js.br
- jquery.cycle2/2.0.1/jquery.cycle2.loader.min.js.gz
- jquery.cycle2/2.0.1/jquery.cycle2.min.js.br
- jquery.cycle2/2.0.1/jquery.cycle2.min.js.gz
- jquery.cycle2/2.0.1/jquery.cycle2.pager.min.js.br
- jquery.cycle2/2.0.1/jquery.cycle2.pager.min.js.gz
- jquery.cycle2/2.0.1/jquery.cycle2.prevnext.min.js.br
- jquery.cycle2/2.0.1/jquery.cycle2.prevnext.min.js.gz
- jquery.cycle2/2.0.1/jquery.cycle2.progressive.min.js.br
- jquery.cycle2/2.0.1/jquery.cycle2.progressive.min.js.gz
- jquery.cycle2/2.0.1/jquery.cycle2.scrollVert.min.js.br
- jquery.cycle2/2.0.1/jquery.cycle2.scrollVert.min.js.gz
- jquery.cycle2/2.0.1/jquery.cycle2.shuffle.min.js.br
- jquery.cycle2/2.0.1/jquery.cycle2.shuffle.min.js.gz
- jquery.cycle2/2.0.1/jquery.cycle2.swipe.min.js.br
- jquery.cycle2/2.0.1/jquery.cycle2.swipe.min.js.gz
- jquery.cycle2/2.0.1/jquery.cycle2.tile.min.js.br
- jquery.cycle2/2.0.1/jquery.cycle2.tile.min.js.gz
- jquery.cycle2/2.0.1/jquery.cycle2.tmpl.min.js.br
- jquery.cycle2/2.0.1/jquery.cycle2.tmpl.min.js.gz
- jquery.cycle2/2.0.1/jquery.cycle2.video.min.js.br
- jquery.cycle2/2.0.1/jquery.cycle2.video.min.js.gz
- jquery.cycle2/2.0.1/jquery.tcycle.min.js.br
- jquery.cycle2/2.0.1/jquery.tcycle.min.js.gz