Files:
- clerk-js/5.70.0-snapshot.v20250626093613/192_clerk.browser_788eb0_5.70.0-snapshot.v20250626093613.js.br
- clerk-js/5.70.0-snapshot.v20250626093613/192_clerk.browser_788eb0_5.70.0-snapshot.v20250626093613.js.gz
- clerk-js/5.70.0-snapshot.v20250626093613/192_clerk.browser_788eb0_5.70.0-snapshot.v20250626093613.js.sri
- clerk-js/5.70.0-snapshot.v20250626093613/192_clerk.browser_788eb0_5.70.0-snapshot.v20250626093613.min.js.br
- clerk-js/5.70.0-snapshot.v20250626093613/192_clerk.browser_788eb0_5.70.0-snapshot.v20250626093613.min.js.gz
- clerk-js/5.70.0-snapshot.v20250626093613/192_clerk.browser_788eb0_5.70.0-snapshot.v20250626093613.min.js.sri
- clerk-js/5.70.0-snapshot.v20250626093613/192_clerk.chips.browser_1d0dee_5.70.0-snapshot.v20250626093613.js.br
- clerk-js/5.70.0-snapshot.v20250626093613/192_clerk.chips.browser_1d0dee_5.70.0-snapshot.v20250626093613.js.gz
- clerk-js/5.70.0-snapshot.v20250626093613/192_clerk.chips.browser_1d0dee_5.70.0-snapshot.v20250626093613.js.sri
- clerk-js/5.70.0-snapshot.v20250626093613/192_clerk.chips.browser_1d0dee_5.70.0-snapshot.v20250626093613.min.js.br
- clerk-js/5.70.0-snapshot.v20250626093613/192_clerk.chips.browser_1d0dee_5.70.0-snapshot.v20250626093613.min.js.gz
- clerk-js/5.70.0-snapshot.v20250626093613/192_clerk.chips.browser_1d0dee_5.70.0-snapshot.v20250626093613.min.js.sri
- clerk-js/5.70.0-snapshot.v20250626093613/192_clerk.legacy.browser_4e6ac1_5.70.0-snapshot.v20250626093613.js.br
- clerk-js/5.70.0-snapshot.v20250626093613/192_clerk.legacy.browser_4e6ac1_5.70.0-snapshot.v20250626093613.js.gz
- clerk-js/5.70.0-snapshot.v20250626093613/192_clerk.legacy.browser_4e6ac1_5.70.0-snapshot.v20250626093613.js.sri
- clerk-js/5.70.0-snapshot.v20250626093613/192_clerk.legacy.browser_4e6ac1_5.70.0-snapshot.v20250626093613.min.js.br
- clerk-js/5.70.0-snapshot.v20250626093613/192_clerk.legacy.browser_4e6ac1_5.70.0-snapshot.v20250626093613.min.js.gz
- clerk-js/5.70.0-snapshot.v20250626093613/192_clerk.legacy.browser_4e6ac1_5.70.0-snapshot.v20250626093613.min.js.sri
- clerk-js/5.70.0-snapshot.v20250626093613/377_clerk.headless_8097a4_5.70.0-snapshot.v20250626093613.js.br
- clerk-js/5.70.0-snapshot.v20250626093613/377_clerk.headless_8097a4_5.70.0-snapshot.v20250626093613.js.gz
- clerk-js/5.70.0-snapshot.v20250626093613/377_clerk.headless_8097a4_5.70.0-snapshot.v20250626093613.js.sri
- clerk-js/5.70.0-snapshot.v20250626093613/377_clerk.headless_8097a4_5.70.0-snapshot.v20250626093613.min.js.br
- clerk-js/5.70.0-snapshot.v20250626093613/377_clerk.headless_8097a4_5.70.0-snapshot.v20250626093613.min.js.gz
- clerk-js/5.70.0-snapshot.v20250626093613/377_clerk.headless_8097a4_5.70.0-snapshot.v20250626093613.min.js.sri
- clerk-js/5.70.0-snapshot.v20250626093613/544_clerk.browser_788eb0_5.70.0-snapshot.v20250626093613.js.br
- clerk-js/5.70.0-snapshot.v20250626093613/544_clerk.browser_788eb0_5.70.0-snapshot.v20250626093613.js.gz
- clerk-js/5.70.0-snapshot.v20250626093613/544_clerk.browser_788eb0_5.70.0-snapshot.v20250626093613.js.sri
- clerk-js/5.70.0-snapshot.v20250626093613/544_clerk.browser_788eb0_5.70.0-snapshot.v20250626093613.min.js.br
- clerk-js/5.70.0-snapshot.v20250626093613/544_clerk.browser_788eb0_5.70.0-snapshot.v20250626093613.min.js.gz
- clerk-js/5.70.0-snapshot.v20250626093613/544_clerk.browser_788eb0_5.70.0-snapshot.v20250626093613.min.js.sri
- clerk-js/5.70.0-snapshot.v20250626093613/544_clerk.chips.browser_1d0dee_5.70.0-snapshot.v20250626093613.js.br
- clerk-js/5.70.0-snapshot.v20250626093613/544_clerk.chips.browser_1d0dee_5.70.0-snapshot.v20250626093613.js.gz
- clerk-js/5.70.0-snapshot.v20250626093613/544_clerk.chips.browser_1d0dee_5.70.0-snapshot.v20250626093613.js.sri
- clerk-js/5.70.0-snapshot.v20250626093613/544_clerk.chips.browser_1d0dee_5.70.0-snapshot.v20250626093613.min.js.br
- clerk-js/5.70.0-snapshot.v20250626093613/544_clerk.chips.browser_1d0dee_5.70.0-snapshot.v20250626093613.min.js.gz
- clerk-js/5.70.0-snapshot.v20250626093613/544_clerk.chips.browser_1d0dee_5.70.0-snapshot.v20250626093613.min.js.sri
- clerk-js/5.70.0-snapshot.v20250626093613/544_clerk.legacy.browser_4e6ac1_5.70.0-snapshot.v20250626093613.js.br
- clerk-js/5.70.0-snapshot.v20250626093613/544_clerk.legacy.browser_4e6ac1_5.70.0-snapshot.v20250626093613.js.gz
- clerk-js/5.70.0-snapshot.v20250626093613/544_clerk.legacy.browser_4e6ac1_5.70.0-snapshot.v20250626093613.js.sri
- clerk-js/5.70.0-snapshot.v20250626093613/544_clerk.legacy.browser_4e6ac1_5.70.0-snapshot.v20250626093613.min.js.br
- clerk-js/5.70.0-snapshot.v20250626093613/544_clerk.legacy.browser_4e6ac1_5.70.0-snapshot.v20250626093613.min.js.gz
- clerk-js/5.70.0-snapshot.v20250626093613/544_clerk.legacy.browser_4e6ac1_5.70.0-snapshot.v20250626093613.min.js.sri
- clerk-js/5.70.0-snapshot.v20250626093613/646_clerk.browser_788eb0_5.70.0-snapshot.v20250626093613.js.br
- clerk-js/5.70.0-snapshot.v20250626093613/646_clerk.browser_788eb0_5.70.0-snapshot.v20250626093613.js.gz
- clerk-js/5.70.0-snapshot.v20250626093613/646_clerk.browser_788eb0_5.70.0-snapshot.v20250626093613.js.sri
- clerk-js/5.70.0-snapshot.v20250626093613/646_clerk.browser_788eb0_5.70.0-snapshot.v20250626093613.min.js.br
- clerk-js/5.70.0-snapshot.v20250626093613/646_clerk.browser_788eb0_5.70.0-snapshot.v20250626093613.min.js.gz
- clerk-js/5.70.0-snapshot.v20250626093613/646_clerk.browser_788eb0_5.70.0-snapshot.v20250626093613.min.js.sri
- clerk-js/5.70.0-snapshot.v20250626093613/646_clerk.chips.browser_1d0dee_5.70.0-snapshot.v20250626093613.js.br
- clerk-js/5.70.0-snapshot.v20250626093613/646_clerk.chips.browser_1d0dee_5.70.0-snapshot.v20250626093613.js.gz
- clerk-js/5.70.0-snapshot.v20250626093613/646_clerk.chips.browser_1d0dee_5.70.0-snapshot.v20250626093613.js.sri
- clerk-js/5.70.0-snapshot.v20250626093613/646_clerk.chips.browser_1d0dee_5.70.0-snapshot.v20250626093613.min.js.br
- clerk-js/5.70.0-snapshot.v20250626093613/646_clerk.chips.browser_1d0dee_5.70.0-snapshot.v20250626093613.min.js.gz
- clerk-js/5.70.0-snapshot.v20250626093613/646_clerk.chips.browser_1d0dee_5.70.0-snapshot.v20250626093613.min.js.sri
- clerk-js/5.70.0-snapshot.v20250626093613/646_clerk.legacy.browser_4e6ac1_5.70.0-snapshot.v20250626093613.js.br
- clerk-js/5.70.0-snapshot.v20250626093613/646_clerk.legacy.browser_4e6ac1_5.70.0-snapshot.v20250626093613.js.gz
- clerk-js/5.70.0-snapshot.v20250626093613/646_clerk.legacy.browser_4e6ac1_5.70.0-snapshot.v20250626093613.js.sri
- clerk-js/5.70.0-snapshot.v20250626093613/646_clerk.legacy.browser_4e6ac1_5.70.0-snapshot.v20250626093613.min.js.br
- clerk-js/5.70.0-snapshot.v20250626093613/646_clerk.legacy.browser_4e6ac1_5.70.0-snapshot.v20250626093613.min.js.gz
- clerk-js/5.70.0-snapshot.v20250626093613/646_clerk.legacy.browser_4e6ac1_5.70.0-snapshot.v20250626093613.min.js.sri
- clerk-js/5.70.0-snapshot.v20250626093613/66_clerk.browser_788eb0_5.70.0-snapshot.v20250626093613.js.br
- clerk-js/5.70.0-snapshot.v20250626093613/66_clerk.browser_788eb0_5.70.0-snapshot.v20250626093613.js.gz
- clerk-js/5.70.0-snapshot.v20250626093613/66_clerk.browser_788eb0_5.70.0-snapshot.v20250626093613.js.sri
- clerk-js/5.70.0-snapshot.v20250626093613/66_clerk.browser_788eb0_5.70.0-snapshot.v20250626093613.min.js.br
- clerk-js/5.70.0-snapshot.v20250626093613/66_clerk.browser_788eb0_5.70.0-snapshot.v20250626093613.min.js.gz
- clerk-js/5.70.0-snapshot.v20250626093613/66_clerk.browser_788eb0_5.70.0-snapshot.v20250626093613.min.js.sri
- clerk-js/5.70.0-snapshot.v20250626093613/66_clerk.chips.browser_1d0dee_5.70.0-snapshot.v20250626093613.js.br
- clerk-js/5.70.0-snapshot.v20250626093613/66_clerk.chips.browser_1d0dee_5.70.0-snapshot.v20250626093613.js.gz
- clerk-js/5.70.0-snapshot.v20250626093613/66_clerk.chips.browser_1d0dee_5.70.0-snapshot.v20250626093613.js.sri
- clerk-js/5.70.0-snapshot.v20250626093613/66_clerk.chips.browser_1d0dee_5.70.0-snapshot.v20250626093613.min.js.br
- clerk-js/5.70.0-snapshot.v20250626093613/66_clerk.chips.browser_1d0dee_5.70.0-snapshot.v20250626093613.min.js.gz
- clerk-js/5.70.0-snapshot.v20250626093613/66_clerk.chips.browser_1d0dee_5.70.0-snapshot.v20250626093613.min.js.sri
- clerk-js/5.70.0-snapshot.v20250626093613/66_clerk.legacy.browser_4e6ac1_5.70.0-snapshot.v20250626093613.js.br
- clerk-js/5.70.0-snapshot.v20250626093613/66_clerk.legacy.browser_4e6ac1_5.70.0-snapshot.v20250626093613.js.gz
- clerk-js/5.70.0-snapshot.v20250626093613/66_clerk.legacy.browser_4e6ac1_5.70.0-snapshot.v20250626093613.js.sri
- clerk-js/5.70.0-snapshot.v20250626093613/66_clerk.legacy.browser_4e6ac1_5.70.0-snapshot.v20250626093613.min.js.br
- clerk-js/5.70.0-snapshot.v20250626093613/66_clerk.legacy.browser_4e6ac1_5.70.0-snapshot.v20250626093613.min.js.gz
- clerk-js/5.70.0-snapshot.v20250626093613/66_clerk.legacy.browser_4e6ac1_5.70.0-snapshot.v20250626093613.min.js.sri
- clerk-js/5.70.0-snapshot.v20250626093613/890_clerk.headless_8097a4_5.70.0-snapshot.v20250626093613.js.br
- clerk-js/5.70.0-snapshot.v20250626093613/890_clerk.headless_8097a4_5.70.0-snapshot.v20250626093613.js.gz
- clerk-js/5.70.0-snapshot.v20250626093613/890_clerk.headless_8097a4_5.70.0-snapshot.v20250626093613.js.sri
- clerk-js/5.70.0-snapshot.v20250626093613/890_clerk.headless_8097a4_5.70.0-snapshot.v20250626093613.min.js.br
- clerk-js/5.70.0-snapshot.v20250626093613/890_clerk.headless_8097a4_5.70.0-snapshot.v20250626093613.min.js.gz
- clerk-js/5.70.0-snapshot.v20250626093613/890_clerk.headless_8097a4_5.70.0-snapshot.v20250626093613.min.js.sri
- clerk-js/5.70.0-snapshot.v20250626093613/965_clerk.headless_8097a4_5.70.0-snapshot.v20250626093613.js.br
- clerk-js/5.70.0-snapshot.v20250626093613/965_clerk.headless_8097a4_5.70.0-snapshot.v20250626093613.js.gz
- clerk-js/5.70.0-snapshot.v20250626093613/965_clerk.headless_8097a4_5.70.0-snapshot.v20250626093613.js.sri
- clerk-js/5.70.0-snapshot.v20250626093613/965_clerk.headless_8097a4_5.70.0-snapshot.v20250626093613.min.js.br
- clerk-js/5.70.0-snapshot.v20250626093613/965_clerk.headless_8097a4_5.70.0-snapshot.v20250626093613.min.js.gz
- clerk-js/5.70.0-snapshot.v20250626093613/965_clerk.headless_8097a4_5.70.0-snapshot.v20250626093613.min.js.sri
- clerk-js/5.70.0-snapshot.v20250626093613/apiKeys_clerk.browser_788eb0_5.70.0-snapshot.v20250626093613.js.br
- clerk-js/5.70.0-snapshot.v20250626093613/apiKeys_clerk.browser_788eb0_5.70.0-snapshot.v20250626093613.js.gz
- clerk-js/5.70.0-snapshot.v20250626093613/apiKeys_clerk.browser_788eb0_5.70.0-snapshot.v20250626093613.js.sri
- clerk-js/5.70.0-snapshot.v20250626093613/apiKeys_clerk.browser_788eb0_5.70.0-snapshot.v20250626093613.min.js.br
- clerk-js/5.70.0-snapshot.v20250626093613/apiKeys_clerk.browser_788eb0_5.70.0-snapshot.v20250626093613.min.js.gz
- clerk-js/5.70.0-snapshot.v20250626093613/apiKeys_clerk.browser_788eb0_5.70.0-snapshot.v20250626093613.min.js.sri
- clerk-js/5.70.0-snapshot.v20250626093613/apiKeys_clerk.chips.browser_1d0dee_5.70.0-snapshot.v20250626093613.js.br
- clerk-js/5.70.0-snapshot.v20250626093613/apiKeys_clerk.chips.browser_1d0dee_5.70.0-snapshot.v20250626093613.js.gz
- clerk-js/5.70.0-snapshot.v20250626093613/apiKeys_clerk.chips.browser_1d0dee_5.70.0-snapshot.v20250626093613.js.sri
- clerk-js/5.70.0-snapshot.v20250626093613/apiKeys_clerk.chips.browser_1d0dee_5.70.0-snapshot.v20250626093613.min.js.br
- clerk-js/5.70.0-snapshot.v20250626093613/apiKeys_clerk.chips.browser_1d0dee_5.70.0-snapshot.v20250626093613.min.js.gz
- clerk-js/5.70.0-snapshot.v20250626093613/apiKeys_clerk.chips.browser_1d0dee_5.70.0-snapshot.v20250626093613.min.js.sri
- clerk-js/5.70.0-snapshot.v20250626093613/apiKeys_clerk.legacy.browser_4e6ac1_5.70.0-snapshot.v20250626093613.js.br
- clerk-js/5.70.0-snapshot.v20250626093613/apiKeys_clerk.legacy.browser_4e6ac1_5.70.0-snapshot.v20250626093613.js.gz
- clerk-js/5.70.0-snapshot.v20250626093613/apiKeys_clerk.legacy.browser_4e6ac1_5.70.0-snapshot.v20250626093613.js.sri
- clerk-js/5.70.0-snapshot.v20250626093613/apiKeys_clerk.legacy.browser_4e6ac1_5.70.0-snapshot.v20250626093613.min.js.br
- clerk-js/5.70.0-snapshot.v20250626093613/apiKeys_clerk.legacy.browser_4e6ac1_5.70.0-snapshot.v20250626093613.min.js.gz
- clerk-js/5.70.0-snapshot.v20250626093613/apiKeys_clerk.legacy.browser_4e6ac1_5.70.0-snapshot.v20250626093613.min.js.sri
- clerk-js/5.70.0-snapshot.v20250626093613/blankcaptcha_clerk.browser_788eb0_5.70.0-snapshot.v20250626093613.js.br
- clerk-js/5.70.0-snapshot.v20250626093613/blankcaptcha_clerk.browser_788eb0_5.70.0-snapshot.v20250626093613.js.gz
- clerk-js/5.70.0-snapshot.v20250626093613/blankcaptcha_clerk.browser_788eb0_5.70.0-snapshot.v20250626093613.js.sri
- clerk-js/5.70.0-snapshot.v20250626093613/blankcaptcha_clerk.browser_788eb0_5.70.0-snapshot.v20250626093613.min.js.br
- clerk-js/5.70.0-snapshot.v20250626093613/blankcaptcha_clerk.browser_788eb0_5.70.0-snapshot.v20250626093613.min.js.gz
- clerk-js/5.70.0-snapshot.v20250626093613/blankcaptcha_clerk.browser_788eb0_5.70.0-snapshot.v20250626093613.min.js.sri
- clerk-js/5.70.0-snapshot.v20250626093613/blankcaptcha_clerk.chips.browser_1d0dee_5.70.0-snapshot.v20250626093613.js.br
- clerk-js/5.70.0-snapshot.v20250626093613/blankcaptcha_clerk.chips.browser_1d0dee_5.70.0-snapshot.v20250626093613.js.gz
- clerk-js/5.70.0-snapshot.v20250626093613/blankcaptcha_clerk.chips.browser_1d0dee_5.70.0-snapshot.v20250626093613.js.sri
- clerk-js/5.70.0-snapshot.v20250626093613/blankcaptcha_clerk.chips.browser_1d0dee_5.70.0-snapshot.v20250626093613.min.js.br
- clerk-js/5.70.0-snapshot.v20250626093613/blankcaptcha_clerk.chips.browser_1d0dee_5.70.0-snapshot.v20250626093613.min.js.gz
- clerk-js/5.70.0-snapshot.v20250626093613/blankcaptcha_clerk.chips.browser_1d0dee_5.70.0-snapshot.v20250626093613.min.js.sri
- clerk-js/5.70.0-snapshot.v20250626093613/blankcaptcha_clerk.legacy.browser_4e6ac1_5.70.0-snapshot.v20250626093613.js.br
- clerk-js/5.70.0-snapshot.v20250626093613/blankcaptcha_clerk.legacy.browser_4e6ac1_5.70.0-snapshot.v20250626093613.js.gz
- clerk-js/5.70.0-snapshot.v20250626093613/blankcaptcha_clerk.legacy.browser_4e6ac1_5.70.0-snapshot.v20250626093613.js.sri
- clerk-js/5.70.0-snapshot.v20250626093613/blankcaptcha_clerk.legacy.browser_4e6ac1_5.70.0-snapshot.v20250626093613.min.js.br
- clerk-js/5.70.0-snapshot.v20250626093613/blankcaptcha_clerk.legacy.browser_4e6ac1_5.70.0-snapshot.v20250626093613.min.js.gz
- clerk-js/5.70.0-snapshot.v20250626093613/blankcaptcha_clerk.legacy.browser_4e6ac1_5.70.0-snapshot.v20250626093613.min.js.sri
- clerk-js/5.70.0-snapshot.v20250626093613/checkout_clerk.browser_788eb0_5.70.0-snapshot.v20250626093613.js.br
- clerk-js/5.70.0-snapshot.v20250626093613/checkout_clerk.browser_788eb0_5.70.0-snapshot.v20250626093613.js.gz
- clerk-js/5.70.0-snapshot.v20250626093613/checkout_clerk.browser_788eb0_5.70.0-snapshot.v20250626093613.js.sri
- clerk-js/5.70.0-snapshot.v20250626093613/checkout_clerk.browser_788eb0_5.70.0-snapshot.v20250626093613.min.js.br
- clerk-js/5.70.0-snapshot.v20250626093613/checkout_clerk.browser_788eb0_5.70.0-snapshot.v20250626093613.min.js.gz
- clerk-js/5.70.0-snapshot.v20250626093613/checkout_clerk.browser_788eb0_5.70.0-snapshot.v20250626093613.min.js.sri
- clerk-js/5.70.0-snapshot.v20250626093613/checkout_clerk.chips.browser_1d0dee_5.70.0-snapshot.v20250626093613.js.br
- clerk-js/5.70.0-snapshot.v20250626093613/checkout_clerk.chips.browser_1d0dee_5.70.0-snapshot.v20250626093613.js.gz
- clerk-js/5.70.0-snapshot.v20250626093613/checkout_clerk.chips.browser_1d0dee_5.70.0-snapshot.v20250626093613.js.sri
- clerk-js/5.70.0-snapshot.v20250626093613/checkout_clerk.chips.browser_1d0dee_5.70.0-snapshot.v20250626093613.min.js.br
- clerk-js/5.70.0-snapshot.v20250626093613/checkout_clerk.chips.browser_1d0dee_5.70.0-snapshot.v20250626093613.min.js.gz
- clerk-js/5.70.0-snapshot.v20250626093613/checkout_clerk.chips.browser_1d0dee_5.70.0-snapshot.v20250626093613.min.js.sri
- clerk-js/5.70.0-snapshot.v20250626093613/checkout_clerk.legacy.browser_4e6ac1_5.70.0-snapshot.v20250626093613.js.br
- clerk-js/5.70.0-snapshot.v20250626093613/checkout_clerk.legacy.browser_4e6ac1_5.70.0-snapshot.v20250626093613.js.gz
- clerk-js/5.70.0-snapshot.v20250626093613/checkout_clerk.legacy.browser_4e6ac1_5.70.0-snapshot.v20250626093613.js.sri
- clerk-js/5.70.0-snapshot.v20250626093613/checkout_clerk.legacy.browser_4e6ac1_5.70.0-snapshot.v20250626093613.min.js.br
- clerk-js/5.70.0-snapshot.v20250626093613/checkout_clerk.legacy.browser_4e6ac1_5.70.0-snapshot.v20250626093613.min.js.gz
- clerk-js/5.70.0-snapshot.v20250626093613/checkout_clerk.legacy.browser_4e6ac1_5.70.0-snapshot.v20250626093613.min.js.sri
- clerk-js/5.70.0-snapshot.v20250626093613/clerk.browser.js.br
- clerk-js/5.70.0-snapshot.v20250626093613/clerk.browser.js.gz
- clerk-js/5.70.0-snapshot.v20250626093613/clerk.browser.js.sri
- clerk-js/5.70.0-snapshot.v20250626093613/clerk.browser.min.js.br
- clerk-js/5.70.0-snapshot.v20250626093613/clerk.browser.min.js.gz
- clerk-js/5.70.0-snapshot.v20250626093613/clerk.browser.min.js.sri
- clerk-js/5.70.0-snapshot.v20250626093613/clerk.chips.browser.js.br
- clerk-js/5.70.0-snapshot.v20250626093613/clerk.chips.browser.js.gz
- clerk-js/5.70.0-snapshot.v20250626093613/clerk.chips.browser.js.sri
- clerk-js/5.70.0-snapshot.v20250626093613/clerk.chips.browser.min.js.br
- clerk-js/5.70.0-snapshot.v20250626093613/clerk.chips.browser.min.js.gz
- clerk-js/5.70.0-snapshot.v20250626093613/clerk.chips.browser.min.js.sri
- clerk-js/5.70.0-snapshot.v20250626093613/clerk.headless.browser.js.br
- clerk-js/5.70.0-snapshot.v20250626093613/clerk.headless.browser.js.gz
- clerk-js/5.70.0-snapshot.v20250626093613/clerk.headless.browser.js.sri
- clerk-js/5.70.0-snapshot.v20250626093613/clerk.headless.browser.min.js.br
- clerk-js/5.70.0-snapshot.v20250626093613/clerk.headless.browser.min.js.gz
- clerk-js/5.70.0-snapshot.v20250626093613/clerk.headless.browser.min.js.sri
- clerk-js/5.70.0-snapshot.v20250626093613/clerk.headless.js.br
- clerk-js/5.70.0-snapshot.v20250626093613/clerk.headless.js.gz
- clerk-js/5.70.0-snapshot.v20250626093613/clerk.headless.js.sri
- clerk-js/5.70.0-snapshot.v20250626093613/clerk.headless.min.js.br
- clerk-js/5.70.0-snapshot.v20250626093613/clerk.headless.min.js.gz
- clerk-js/5.70.0-snapshot.v20250626093613/clerk.headless.min.js.sri
- clerk-js/5.70.0-snapshot.v20250626093613/clerk.js.br
- clerk-js/5.70.0-snapshot.v20250626093613/clerk.js.gz
- clerk-js/5.70.0-snapshot.v20250626093613/clerk.js.sri
- clerk-js/5.70.0-snapshot.v20250626093613/clerk.legacy.browser.js.br
- clerk-js/5.70.0-snapshot.v20250626093613/clerk.legacy.browser.js.gz
- clerk-js/5.70.0-snapshot.v20250626093613/clerk.legacy.browser.js.sri
- clerk-js/5.70.0-snapshot.v20250626093613/clerk.legacy.browser.min.js.br
- clerk-js/5.70.0-snapshot.v20250626093613/clerk.legacy.browser.min.js.gz
- clerk-js/5.70.0-snapshot.v20250626093613/clerk.legacy.browser.min.js.sri
- clerk-js/5.70.0-snapshot.v20250626093613/clerk.min.js.br
- clerk-js/5.70.0-snapshot.v20250626093613/clerk.min.js.gz
- clerk-js/5.70.0-snapshot.v20250626093613/clerk.min.js.sri
- clerk-js/5.70.0-snapshot.v20250626093613/clerk.mjs.br
- clerk-js/5.70.0-snapshot.v20250626093613/clerk.mjs.gz
- clerk-js/5.70.0-snapshot.v20250626093613/clerk.no-rhc.js.br
- clerk-js/5.70.0-snapshot.v20250626093613/clerk.no-rhc.js.gz
- clerk-js/5.70.0-snapshot.v20250626093613/clerk.no-rhc.js.sri
- clerk-js/5.70.0-snapshot.v20250626093613/clerk.no-rhc.min.js.br
- clerk-js/5.70.0-snapshot.v20250626093613/clerk.no-rhc.min.js.gz
- clerk-js/5.70.0-snapshot.v20250626093613/clerk.no-rhc.min.js.sri
- clerk-js/5.70.0-snapshot.v20250626093613/clerk.no-rhc.mjs.br
- clerk-js/5.70.0-snapshot.v20250626093613/clerk.no-rhc.mjs.gz
- clerk-js/5.70.0-snapshot.v20250626093613/coinbase-wallet-sdk_clerk.browser_788eb0_5.70.0-snapshot.v20250626093613.js.br
- clerk-js/5.70.0-snapshot.v20250626093613/coinbase-wallet-sdk_clerk.browser_788eb0_5.70.0-snapshot.v20250626093613.js.gz
- clerk-js/5.70.0-snapshot.v20250626093613/coinbase-wallet-sdk_clerk.browser_788eb0_5.70.0-snapshot.v20250626093613.js.sri
- clerk-js/5.70.0-snapshot.v20250626093613/coinbase-wallet-sdk_clerk.browser_788eb0_5.70.0-snapshot.v20250626093613.min.js.br
- clerk-js/5.70.0-snapshot.v20250626093613/coinbase-wallet-sdk_clerk.browser_788eb0_5.70.0-snapshot.v20250626093613.min.js.gz
- clerk-js/5.70.0-snapshot.v20250626093613/coinbase-wallet-sdk_clerk.browser_788eb0_5.70.0-snapshot.v20250626093613.min.js.sri
- clerk-js/5.70.0-snapshot.v20250626093613/coinbase-wallet-sdk_clerk.chips.browser_1d0dee_5.70.0-snapshot.v20250626093613.js.br
- clerk-js/5.70.0-snapshot.v20250626093613/coinbase-wallet-sdk_clerk.chips.browser_1d0dee_5.70.0-snapshot.v20250626093613.js.gz
- clerk-js/5.70.0-snapshot.v20250626093613/coinbase-wallet-sdk_clerk.chips.browser_1d0dee_5.70.0-snapshot.v20250626093613.js.sri
- clerk-js/5.70.0-snapshot.v20250626093613/coinbase-wallet-sdk_clerk.chips.browser_1d0dee_5.70.0-snapshot.v20250626093613.min.js.br
- clerk-js/5.70.0-snapshot.v20250626093613/coinbase-wallet-sdk_clerk.chips.browser_1d0dee_5.70.0-snapshot.v20250626093613.min.js.gz
- clerk-js/5.70.0-snapshot.v20250626093613/coinbase-wallet-sdk_clerk.chips.browser_1d0dee_5.70.0-snapshot.v20250626093613.min.js.sri
- clerk-js/5.70.0-snapshot.v20250626093613/coinbase-wallet-sdk_clerk.headless.browser_a968ce_5.70.0-snapshot.v20250626093613.js.br
- clerk-js/5.70.0-snapshot.v20250626093613/coinbase-wallet-sdk_clerk.headless.browser_a968ce_5.70.0-snapshot.v20250626093613.js.gz
- clerk-js/5.70.0-snapshot.v20250626093613/coinbase-wallet-sdk_clerk.headless.browser_a968ce_5.70.0-snapshot.v20250626093613.js.sri
- clerk-js/5.70.0-snapshot.v20250626093613/coinbase-wallet-sdk_clerk.headless.browser_a968ce_5.70.0-snapshot.v20250626093613.min.js.br
- clerk-js/5.70.0-snapshot.v20250626093613/coinbase-wallet-sdk_clerk.headless.browser_a968ce_5.70.0-snapshot.v20250626093613.min.js.gz
- clerk-js/5.70.0-snapshot.v20250626093613/coinbase-wallet-sdk_clerk.headless.browser_a968ce_5.70.0-snapshot.v20250626093613.min.js.sri
- clerk-js/5.70.0-snapshot.v20250626093613/coinbase-wallet-sdk_clerk.legacy.browser_4e6ac1_5.70.0-snapshot.v20250626093613.js.br
- clerk-js/5.70.0-snapshot.v20250626093613/coinbase-wallet-sdk_clerk.legacy.browser_4e6ac1_5.70.0-snapshot.v20250626093613.js.gz
- clerk-js/5.70.0-snapshot.v20250626093613/coinbase-wallet-sdk_clerk.legacy.browser_4e6ac1_5.70.0-snapshot.v20250626093613.js.sri
- clerk-js/5.70.0-snapshot.v20250626093613/coinbase-wallet-sdk_clerk.legacy.browser_4e6ac1_5.70.0-snapshot.v20250626093613.min.js.br
- clerk-js/5.70.0-snapshot.v20250626093613/coinbase-wallet-sdk_clerk.legacy.browser_4e6ac1_5.70.0-snapshot.v20250626093613.min.js.gz
- clerk-js/5.70.0-snapshot.v20250626093613/coinbase-wallet-sdk_clerk.legacy.browser_4e6ac1_5.70.0-snapshot.v20250626093613.min.js.sri
- clerk-js/5.70.0-snapshot.v20250626093613/cookieSuffix_clerk.browser_788eb0_5.70.0-snapshot.v20250626093613.js.br
- clerk-js/5.70.0-snapshot.v20250626093613/cookieSuffix_clerk.browser_788eb0_5.70.0-snapshot.v20250626093613.js.gz
- clerk-js/5.70.0-snapshot.v20250626093613/cookieSuffix_clerk.browser_788eb0_5.70.0-snapshot.v20250626093613.js.sri
- clerk-js/5.70.0-snapshot.v20250626093613/cookieSuffix_clerk.browser_788eb0_5.70.0-snapshot.v20250626093613.min.js.br
- clerk-js/5.70.0-snapshot.v20250626093613/cookieSuffix_clerk.browser_788eb0_5.70.0-snapshot.v20250626093613.min.js.gz
- clerk-js/5.70.0-snapshot.v20250626093613/cookieSuffix_clerk.browser_788eb0_5.70.0-snapshot.v20250626093613.min.js.sri
- clerk-js/5.70.0-snapshot.v20250626093613/cookieSuffix_clerk.chips.browser_1d0dee_5.70.0-snapshot.v20250626093613.js.br
- clerk-js/5.70.0-snapshot.v20250626093613/cookieSuffix_clerk.chips.browser_1d0dee_5.70.0-snapshot.v20250626093613.js.gz
- clerk-js/5.70.0-snapshot.v20250626093613/cookieSuffix_clerk.chips.browser_1d0dee_5.70.0-snapshot.v20250626093613.js.sri
- clerk-js/5.70.0-snapshot.v20250626093613/cookieSuffix_clerk.chips.browser_1d0dee_5.70.0-snapshot.v20250626093613.min.js.br
- clerk-js/5.70.0-snapshot.v20250626093613/cookieSuffix_clerk.chips.browser_1d0dee_5.70.0-snapshot.v20250626093613.min.js.gz
- clerk-js/5.70.0-snapshot.v20250626093613/cookieSuffix_clerk.chips.browser_1d0dee_5.70.0-snapshot.v20250626093613.min.js.sri
- clerk-js/5.70.0-snapshot.v20250626093613/cookieSuffix_clerk.headless.browser_a968ce_5.70.0-snapshot.v20250626093613.js.br
- clerk-js/5.70.0-snapshot.v20250626093613/cookieSuffix_clerk.headless.browser_a968ce_5.70.0-snapshot.v20250626093613.js.gz
- clerk-js/5.70.0-snapshot.v20250626093613/cookieSuffix_clerk.headless.browser_a968ce_5.70.0-snapshot.v20250626093613.js.sri
- clerk-js/5.70.0-snapshot.v20250626093613/cookieSuffix_clerk.headless.browser_a968ce_5.70.0-snapshot.v20250626093613.min.js.br
- clerk-js/5.70.0-snapshot.v20250626093613/cookieSuffix_clerk.headless.browser_a968ce_5.70.0-snapshot.v20250626093613.min.js.gz
- clerk-js/5.70.0-snapshot.v20250626093613/cookieSuffix_clerk.headless.browser_a968ce_5.70.0-snapshot.v20250626093613.min.js.sri
- clerk-js/5.70.0-snapshot.v20250626093613/cookieSuffix_clerk.headless_8097a4_5.70.0-snapshot.v20250626093613.js.br
- clerk-js/5.70.0-snapshot.v20250626093613/cookieSuffix_clerk.headless_8097a4_5.70.0-snapshot.v20250626093613.js.gz
- clerk-js/5.70.0-snapshot.v20250626093613/cookieSuffix_clerk.headless_8097a4_5.70.0-snapshot.v20250626093613.js.sri
- clerk-js/5.70.0-snapshot.v20250626093613/cookieSuffix_clerk.headless_8097a4_5.70.0-snapshot.v20250626093613.min.js.br
- clerk-js/5.70.0-snapshot.v20250626093613/cookieSuffix_clerk.headless_8097a4_5.70.0-snapshot.v20250626093613.min.js.gz
- clerk-js/5.70.0-snapshot.v20250626093613/cookieSuffix_clerk.headless_8097a4_5.70.0-snapshot.v20250626093613.min.js.sri
- clerk-js/5.70.0-snapshot.v20250626093613/cookieSuffix_clerk.legacy.browser_4e6ac1_5.70.0-snapshot.v20250626093613.js.br
- clerk-js/5.70.0-snapshot.v20250626093613/cookieSuffix_clerk.legacy.browser_4e6ac1_5.70.0-snapshot.v20250626093613.js.gz
- clerk-js/5.70.0-snapshot.v20250626093613/cookieSuffix_clerk.legacy.browser_4e6ac1_5.70.0-snapshot.v20250626093613.js.sri
- clerk-js/5.70.0-snapshot.v20250626093613/cookieSuffix_clerk.legacy.browser_4e6ac1_5.70.0-snapshot.v20250626093613.min.js.br
- clerk-js/5.70.0-snapshot.v20250626093613/cookieSuffix_clerk.legacy.browser_4e6ac1_5.70.0-snapshot.v20250626093613.min.js.gz
- clerk-js/5.70.0-snapshot.v20250626093613/cookieSuffix_clerk.legacy.browser_4e6ac1_5.70.0-snapshot.v20250626093613.min.js.sri
- clerk-js/5.70.0-snapshot.v20250626093613/createorganization_clerk.browser_788eb0_5.70.0-snapshot.v20250626093613.js.br
- clerk-js/5.70.0-snapshot.v20250626093613/createorganization_clerk.browser_788eb0_5.70.0-snapshot.v20250626093613.js.gz
- clerk-js/5.70.0-snapshot.v20250626093613/createorganization_clerk.browser_788eb0_5.70.0-snapshot.v20250626093613.js.sri
- clerk-js/5.70.0-snapshot.v20250626093613/createorganization_clerk.browser_788eb0_5.70.0-snapshot.v20250626093613.min.js.br
- clerk-js/5.70.0-snapshot.v20250626093613/createorganization_clerk.browser_788eb0_5.70.0-snapshot.v20250626093613.min.js.gz
- clerk-js/5.70.0-snapshot.v20250626093613/createorganization_clerk.browser_788eb0_5.70.0-snapshot.v20250626093613.min.js.sri
- clerk-js/5.70.0-snapshot.v20250626093613/createorganization_clerk.chips.browser_1d0dee_5.70.0-snapshot.v20250626093613.js.br
- clerk-js/5.70.0-snapshot.v20250626093613/createorganization_clerk.chips.browser_1d0dee_5.70.0-snapshot.v20250626093613.js.gz
- clerk-js/5.70.0-snapshot.v20250626093613/createorganization_clerk.chips.browser_1d0dee_5.70.0-snapshot.v20250626093613.js.sri
- clerk-js/5.70.0-snapshot.v20250626093613/createorganization_clerk.chips.browser_1d0dee_5.70.0-snapshot.v20250626093613.min.js.br
- clerk-js/5.70.0-snapshot.v20250626093613/createorganization_clerk.chips.browser_1d0dee_5.70.0-snapshot.v20250626093613.min.js.gz
- clerk-js/5.70.0-snapshot.v20250626093613/createorganization_clerk.chips.browser_1d0dee_5.70.0-snapshot.v20250626093613.min.js.sri
- clerk-js/5.70.0-snapshot.v20250626093613/createorganization_clerk.legacy.browser_4e6ac1_5.70.0-snapshot.v20250626093613.js.br
- clerk-js/5.70.0-snapshot.v20250626093613/createorganization_clerk.legacy.browser_4e6ac1_5.70.0-snapshot.v20250626093613.js.gz
- clerk-js/5.70.0-snapshot.v20250626093613/createorganization_clerk.legacy.browser_4e6ac1_5.70.0-snapshot.v20250626093613.js.sri
- clerk-js/5.70.0-snapshot.v20250626093613/createorganization_clerk.legacy.browser_4e6ac1_5.70.0-snapshot.v20250626093613.min.js.br
- clerk-js/5.70.0-snapshot.v20250626093613/createorganization_clerk.legacy.browser_4e6ac1_5.70.0-snapshot.v20250626093613.min.js.gz
- clerk-js/5.70.0-snapshot.v20250626093613/createorganization_clerk.legacy.browser_4e6ac1_5.70.0-snapshot.v20250626093613.min.js.sri
- clerk-js/5.70.0-snapshot.v20250626093613/framework_clerk.browser_788eb0_5.70.0-snapshot.v20250626093613.js.br
- clerk-js/5.70.0-snapshot.v20250626093613/framework_clerk.browser_788eb0_5.70.0-snapshot.v20250626093613.js.gz
- clerk-js/5.70.0-snapshot.v20250626093613/framework_clerk.browser_788eb0_5.70.0-snapshot.v20250626093613.js.sri
- clerk-js/5.70.0-snapshot.v20250626093613/framework_clerk.browser_788eb0_5.70.0-snapshot.v20250626093613.min.js.br
- clerk-js/5.70.0-snapshot.v20250626093613/framework_clerk.browser_788eb0_5.70.0-snapshot.v20250626093613.min.js.gz
- clerk-js/5.70.0-snapshot.v20250626093613/framework_clerk.browser_788eb0_5.70.0-snapshot.v20250626093613.min.js.sri
- clerk-js/5.70.0-snapshot.v20250626093613/framework_clerk.chips.browser_1d0dee_5.70.0-snapshot.v20250626093613.js.br
- clerk-js/5.70.0-snapshot.v20250626093613/framework_clerk.chips.browser_1d0dee_5.70.0-snapshot.v20250626093613.js.gz
- clerk-js/5.70.0-snapshot.v20250626093613/framework_clerk.chips.browser_1d0dee_5.70.0-snapshot.v20250626093613.js.sri
- clerk-js/5.70.0-snapshot.v20250626093613/framework_clerk.chips.browser_1d0dee_5.70.0-snapshot.v20250626093613.min.js.br
- clerk-js/5.70.0-snapshot.v20250626093613/framework_clerk.chips.browser_1d0dee_5.70.0-snapshot.v20250626093613.min.js.gz
- clerk-js/5.70.0-snapshot.v20250626093613/framework_clerk.chips.browser_1d0dee_5.70.0-snapshot.v20250626093613.min.js.sri
- clerk-js/5.70.0-snapshot.v20250626093613/framework_clerk.legacy.browser_4e6ac1_5.70.0-snapshot.v20250626093613.js.br
- clerk-js/5.70.0-snapshot.v20250626093613/framework_clerk.legacy.browser_4e6ac1_5.70.0-snapshot.v20250626093613.js.gz
- clerk-js/5.70.0-snapshot.v20250626093613/framework_clerk.legacy.browser_4e6ac1_5.70.0-snapshot.v20250626093613.js.sri
- clerk-js/5.70.0-snapshot.v20250626093613/framework_clerk.legacy.browser_4e6ac1_5.70.0-snapshot.v20250626093613.min.js.br
- clerk-js/5.70.0-snapshot.v20250626093613/framework_clerk.legacy.browser_4e6ac1_5.70.0-snapshot.v20250626093613.min.js.gz
- clerk-js/5.70.0-snapshot.v20250626093613/framework_clerk.legacy.browser_4e6ac1_5.70.0-snapshot.v20250626093613.min.js.sri
- clerk-js/5.70.0-snapshot.v20250626093613/impersonationfab_clerk.browser_788eb0_5.70.0-snapshot.v20250626093613.js.br
- clerk-js/5.70.0-snapshot.v20250626093613/impersonationfab_clerk.browser_788eb0_5.70.0-snapshot.v20250626093613.js.gz
- clerk-js/5.70.0-snapshot.v20250626093613/impersonationfab_clerk.browser_788eb0_5.70.0-snapshot.v20250626093613.js.sri
- clerk-js/5.70.0-snapshot.v20250626093613/impersonationfab_clerk.browser_788eb0_5.70.0-snapshot.v20250626093613.min.js.br
- clerk-js/5.70.0-snapshot.v20250626093613/impersonationfab_clerk.browser_788eb0_5.70.0-snapshot.v20250626093613.min.js.gz
- clerk-js/5.70.0-snapshot.v20250626093613/impersonationfab_clerk.browser_788eb0_5.70.0-snapshot.v20250626093613.min.js.sri
- clerk-js/5.70.0-snapshot.v20250626093613/impersonationfab_clerk.chips.browser_1d0dee_5.70.0-snapshot.v20250626093613.js.br
- clerk-js/5.70.0-snapshot.v20250626093613/impersonationfab_clerk.chips.browser_1d0dee_5.70.0-snapshot.v20250626093613.js.gz
- clerk-js/5.70.0-snapshot.v20250626093613/impersonationfab_clerk.chips.browser_1d0dee_5.70.0-snapshot.v20250626093613.js.sri
- clerk-js/5.70.0-snapshot.v20250626093613/impersonationfab_clerk.chips.browser_1d0dee_5.70.0-snapshot.v20250626093613.min.js.br
- clerk-js/5.70.0-snapshot.v20250626093613/impersonationfab_clerk.chips.browser_1d0dee_5.70.0-snapshot.v20250626093613.min.js.gz
- clerk-js/5.70.0-snapshot.v20250626093613/impersonationfab_clerk.chips.browser_1d0dee_5.70.0-snapshot.v20250626093613.min.js.sri
- clerk-js/5.70.0-snapshot.v20250626093613/impersonationfab_clerk.legacy.browser_4e6ac1_5.70.0-snapshot.v20250626093613.js.br
- clerk-js/5.70.0-snapshot.v20250626093613/impersonationfab_clerk.legacy.browser_4e6ac1_5.70.0-snapshot.v20250626093613.js.gz
- clerk-js/5.70.0-snapshot.v20250626093613/impersonationfab_clerk.legacy.browser_4e6ac1_5.70.0-snapshot.v20250626093613.js.sri
- clerk-js/5.70.0-snapshot.v20250626093613/impersonationfab_clerk.legacy.browser_4e6ac1_5.70.0-snapshot.v20250626093613.min.js.br
- clerk-js/5.70.0-snapshot.v20250626093613/impersonationfab_clerk.legacy.browser_4e6ac1_5.70.0-snapshot.v20250626093613.min.js.gz
- clerk-js/5.70.0-snapshot.v20250626093613/impersonationfab_clerk.legacy.browser_4e6ac1_5.70.0-snapshot.v20250626093613.min.js.sri
- clerk-js/5.70.0-snapshot.v20250626093613/keylessPrompt_clerk.browser_788eb0_5.70.0-snapshot.v20250626093613.js.br
- clerk-js/5.70.0-snapshot.v20250626093613/keylessPrompt_clerk.browser_788eb0_5.70.0-snapshot.v20250626093613.js.gz
- clerk-js/5.70.0-snapshot.v20250626093613/keylessPrompt_clerk.browser_788eb0_5.70.0-snapshot.v20250626093613.js.sri
- clerk-js/5.70.0-snapshot.v20250626093613/keylessPrompt_clerk.browser_788eb0_5.70.0-snapshot.v20250626093613.min.js.br
- clerk-js/5.70.0-snapshot.v20250626093613/keylessPrompt_clerk.browser_788eb0_5.70.0-snapshot.v20250626093613.min.js.gz
- clerk-js/5.70.0-snapshot.v20250626093613/keylessPrompt_clerk.browser_788eb0_5.70.0-snapshot.v20250626093613.min.js.sri
- clerk-js/5.70.0-snapshot.v20250626093613/keylessPrompt_clerk.chips.browser_1d0dee_5.70.0-snapshot.v20250626093613.js.br
- clerk-js/5.70.0-snapshot.v20250626093613/keylessPrompt_clerk.chips.browser_1d0dee_5.70.0-snapshot.v20250626093613.js.gz
- clerk-js/5.70.0-snapshot.v20250626093613/keylessPrompt_clerk.chips.browser_1d0dee_5.70.0-snapshot.v20250626093613.js.sri
- clerk-js/5.70.0-snapshot.v20250626093613/keylessPrompt_clerk.chips.browser_1d0dee_5.70.0-snapshot.v20250626093613.min.js.br
- clerk-js/5.70.0-snapshot.v20250626093613/keylessPrompt_clerk.chips.browser_1d0dee_5.70.0-snapshot.v20250626093613.min.js.gz
- clerk-js/5.70.0-snapshot.v20250626093613/keylessPrompt_clerk.chips.browser_1d0dee_5.70.0-snapshot.v20250626093613.min.js.sri
- clerk-js/5.70.0-snapshot.v20250626093613/keylessPrompt_clerk.legacy.browser_4e6ac1_5.70.0-snapshot.v20250626093613.js.br
- clerk-js/5.70.0-snapshot.v20250626093613/keylessPrompt_clerk.legacy.browser_4e6ac1_5.70.0-snapshot.v20250626093613.js.gz
- clerk-js/5.70.0-snapshot.v20250626093613/keylessPrompt_clerk.legacy.browser_4e6ac1_5.70.0-snapshot.v20250626093613.js.sri
- clerk-js/5.70.0-snapshot.v20250626093613/keylessPrompt_clerk.legacy.browser_4e6ac1_5.70.0-snapshot.v20250626093613.min.js.br
- clerk-js/5.70.0-snapshot.v20250626093613/keylessPrompt_clerk.legacy.browser_4e6ac1_5.70.0-snapshot.v20250626093613.min.js.gz
- clerk-js/5.70.0-snapshot.v20250626093613/keylessPrompt_clerk.legacy.browser_4e6ac1_5.70.0-snapshot.v20250626093613.min.js.sri
- clerk-js/5.70.0-snapshot.v20250626093613/oauthConsent_clerk.browser_788eb0_5.70.0-snapshot.v20250626093613.js.br
- clerk-js/5.70.0-snapshot.v20250626093613/oauthConsent_clerk.browser_788eb0_5.70.0-snapshot.v20250626093613.js.gz
- clerk-js/5.70.0-snapshot.v20250626093613/oauthConsent_clerk.browser_788eb0_5.70.0-snapshot.v20250626093613.js.sri
- clerk-js/5.70.0-snapshot.v20250626093613/oauthConsent_clerk.browser_788eb0_5.70.0-snapshot.v20250626093613.min.js.br
- clerk-js/5.70.0-snapshot.v20250626093613/oauthConsent_clerk.browser_788eb0_5.70.0-snapshot.v20250626093613.min.js.gz
- clerk-js/5.70.0-snapshot.v20250626093613/oauthConsent_clerk.browser_788eb0_5.70.0-snapshot.v20250626093613.min.js.sri
- clerk-js/5.70.0-snapshot.v20250626093613/oauthConsent_clerk.chips.browser_1d0dee_5.70.0-snapshot.v20250626093613.js.br
- clerk-js/5.70.0-snapshot.v20250626093613/oauthConsent_clerk.chips.browser_1d0dee_5.70.0-snapshot.v20250626093613.js.gz
- clerk-js/5.70.0-snapshot.v20250626093613/oauthConsent_clerk.chips.browser_1d0dee_5.70.0-snapshot.v20250626093613.js.sri
- clerk-js/5.70.0-snapshot.v20250626093613/oauthConsent_clerk.chips.browser_1d0dee_5.70.0-snapshot.v20250626093613.min.js.br
- clerk-js/5.70.0-snapshot.v20250626093613/oauthConsent_clerk.chips.browser_1d0dee_5.70.0-snapshot.v20250626093613.min.js.gz
- clerk-js/5.70.0-snapshot.v20250626093613/oauthConsent_clerk.chips.browser_1d0dee_5.70.0-snapshot.v20250626093613.min.js.sri
- clerk-js/5.70.0-snapshot.v20250626093613/oauthConsent_clerk.legacy.browser_4e6ac1_5.70.0-snapshot.v20250626093613.js.br
- clerk-js/5.70.0-snapshot.v20250626093613/oauthConsent_clerk.legacy.browser_4e6ac1_5.70.0-snapshot.v20250626093613.js.gz
- clerk-js/5.70.0-snapshot.v20250626093613/oauthConsent_clerk.legacy.browser_4e6ac1_5.70.0-snapshot.v20250626093613.js.sri
- clerk-js/5.70.0-snapshot.v20250626093613/oauthConsent_clerk.legacy.browser_4e6ac1_5.70.0-snapshot.v20250626093613.min.js.br
- clerk-js/5.70.0-snapshot.v20250626093613/oauthConsent_clerk.legacy.browser_4e6ac1_5.70.0-snapshot.v20250626093613.min.js.gz
- clerk-js/5.70.0-snapshot.v20250626093613/oauthConsent_clerk.legacy.browser_4e6ac1_5.70.0-snapshot.v20250626093613.min.js.sri
- clerk-js/5.70.0-snapshot.v20250626093613/onetap_clerk.browser_788eb0_5.70.0-snapshot.v20250626093613.js.br
- clerk-js/5.70.0-snapshot.v20250626093613/onetap_clerk.browser_788eb0_5.70.0-snapshot.v20250626093613.js.gz
- clerk-js/5.70.0-snapshot.v20250626093613/onetap_clerk.browser_788eb0_5.70.0-snapshot.v20250626093613.js.sri
- clerk-js/5.70.0-snapshot.v20250626093613/onetap_clerk.browser_788eb0_5.70.0-snapshot.v20250626093613.min.js.br
- clerk-js/5.70.0-snapshot.v20250626093613/onetap_clerk.browser_788eb0_5.70.0-snapshot.v20250626093613.min.js.gz
- clerk-js/5.70.0-snapshot.v20250626093613/onetap_clerk.browser_788eb0_5.70.0-snapshot.v20250626093613.min.js.sri
- clerk-js/5.70.0-snapshot.v20250626093613/onetap_clerk.chips.browser_1d0dee_5.70.0-snapshot.v20250626093613.js.br
- clerk-js/5.70.0-snapshot.v20250626093613/onetap_clerk.chips.browser_1d0dee_5.70.0-snapshot.v20250626093613.js.gz
- clerk-js/5.70.0-snapshot.v20250626093613/onetap_clerk.chips.browser_1d0dee_5.70.0-snapshot.v20250626093613.js.sri
- clerk-js/5.70.0-snapshot.v20250626093613/onetap_clerk.chips.browser_1d0dee_5.70.0-snapshot.v20250626093613.min.js.br
- clerk-js/5.70.0-snapshot.v20250626093613/onetap_clerk.chips.browser_1d0dee_5.70.0-snapshot.v20250626093613.min.js.gz
- clerk-js/5.70.0-snapshot.v20250626093613/onetap_clerk.chips.browser_1d0dee_5.70.0-snapshot.v20250626093613.min.js.sri
- clerk-js/5.70.0-snapshot.v20250626093613/onetap_clerk.legacy.browser_4e6ac1_5.70.0-snapshot.v20250626093613.js.br
- clerk-js/5.70.0-snapshot.v20250626093613/onetap_clerk.legacy.browser_4e6ac1_5.70.0-snapshot.v20250626093613.js.gz
- clerk-js/5.70.0-snapshot.v20250626093613/onetap_clerk.legacy.browser_4e6ac1_5.70.0-snapshot.v20250626093613.js.sri
- clerk-js/5.70.0-snapshot.v20250626093613/onetap_clerk.legacy.browser_4e6ac1_5.70.0-snapshot.v20250626093613.min.js.br
- clerk-js/5.70.0-snapshot.v20250626093613/onetap_clerk.legacy.browser_4e6ac1_5.70.0-snapshot.v20250626093613.min.js.gz
- clerk-js/5.70.0-snapshot.v20250626093613/onetap_clerk.legacy.browser_4e6ac1_5.70.0-snapshot.v20250626093613.min.js.sri
- clerk-js/5.70.0-snapshot.v20250626093613/op-api-keys-page_clerk.browser_788eb0_5.70.0-snapshot.v20250626093613.js.br
- clerk-js/5.70.0-snapshot.v20250626093613/op-api-keys-page_clerk.browser_788eb0_5.70.0-snapshot.v20250626093613.js.gz
- clerk-js/5.70.0-snapshot.v20250626093613/op-api-keys-page_clerk.browser_788eb0_5.70.0-snapshot.v20250626093613.js.sri
- clerk-js/5.70.0-snapshot.v20250626093613/op-api-keys-page_clerk.browser_788eb0_5.70.0-snapshot.v20250626093613.min.js.br
- clerk-js/5.70.0-snapshot.v20250626093613/op-api-keys-page_clerk.browser_788eb0_5.70.0-snapshot.v20250626093613.min.js.gz
- clerk-js/5.70.0-snapshot.v20250626093613/op-api-keys-page_clerk.browser_788eb0_5.70.0-snapshot.v20250626093613.min.js.sri
- clerk-js/5.70.0-snapshot.v20250626093613/op-api-keys-page_clerk.chips.browser_1d0dee_5.70.0-snapshot.v20250626093613.js.br
- clerk-js/5.70.0-snapshot.v20250626093613/op-api-keys-page_clerk.chips.browser_1d0dee_5.70.0-snapshot.v20250626093613.js.gz
- clerk-js/5.70.0-snapshot.v20250626093613/op-api-keys-page_clerk.chips.browser_1d0dee_5.70.0-snapshot.v20250626093613.js.sri
- clerk-js/5.70.0-snapshot.v20250626093613/op-api-keys-page_clerk.chips.browser_1d0dee_5.70.0-snapshot.v20250626093613.min.js.br
- clerk-js/5.70.0-snapshot.v20250626093613/op-api-keys-page_clerk.chips.browser_1d0dee_5.70.0-snapshot.v20250626093613.min.js.gz
- clerk-js/5.70.0-snapshot.v20250626093613/op-api-keys-page_clerk.chips.browser_1d0dee_5.70.0-snapshot.v20250626093613.min.js.sri
- clerk-js/5.70.0-snapshot.v20250626093613/op-api-keys-page_clerk.legacy.browser_4e6ac1_5.70.0-snapshot.v20250626093613.js.br
- clerk-js/5.70.0-snapshot.v20250626093613/op-api-keys-page_clerk.legacy.browser_4e6ac1_5.70.0-snapshot.v20250626093613.js.gz
- clerk-js/5.70.0-snapshot.v20250626093613/op-api-keys-page_clerk.legacy.browser_4e6ac1_5.70.0-snapshot.v20250626093613.js.sri
- clerk-js/5.70.0-snapshot.v20250626093613/op-api-keys-page_clerk.legacy.browser_4e6ac1_5.70.0-snapshot.v20250626093613.min.js.br
- clerk-js/5.70.0-snapshot.v20250626093613/op-api-keys-page_clerk.legacy.browser_4e6ac1_5.70.0-snapshot.v20250626093613.min.js.gz
- clerk-js/5.70.0-snapshot.v20250626093613/op-api-keys-page_clerk.legacy.browser_4e6ac1_5.70.0-snapshot.v20250626093613.min.js.sri
- clerk-js/5.70.0-snapshot.v20250626093613/op-billing-page_clerk.browser_788eb0_5.70.0-snapshot.v20250626093613.js.br
- clerk-js/5.70.0-snapshot.v20250626093613/op-billing-page_clerk.browser_788eb0_5.70.0-snapshot.v20250626093613.js.gz
- clerk-js/5.70.0-snapshot.v20250626093613/op-billing-page_clerk.browser_788eb0_5.70.0-snapshot.v20250626093613.js.sri
- clerk-js/5.70.0-snapshot.v20250626093613/op-billing-page_clerk.browser_788eb0_5.70.0-snapshot.v20250626093613.min.js.br
- clerk-js/5.70.0-snapshot.v20250626093613/op-billing-page_clerk.browser_788eb0_5.70.0-snapshot.v20250626093613.min.js.gz
- clerk-js/5.70.0-snapshot.v20250626093613/op-billing-page_clerk.browser_788eb0_5.70.0-snapshot.v20250626093613.min.js.sri
- clerk-js/5.70.0-snapshot.v20250626093613/op-billing-page_clerk.chips.browser_1d0dee_5.70.0-snapshot.v20250626093613.js.br
- clerk-js/5.70.0-snapshot.v20250626093613/op-billing-page_clerk.chips.browser_1d0dee_5.70.0-snapshot.v20250626093613.js.gz
- clerk-js/5.70.0-snapshot.v20250626093613/op-billing-page_clerk.chips.browser_1d0dee_5.70.0-snapshot.v20250626093613.js.sri
- clerk-js/5.70.0-snapshot.v20250626093613/op-billing-page_clerk.chips.browser_1d0dee_5.70.0-snapshot.v20250626093613.min.js.br
- clerk-js/5.70.0-snapshot.v20250626093613/op-billing-page_clerk.chips.browser_1d0dee_5.70.0-snapshot.v20250626093613.min.js.gz
- clerk-js/5.70.0-snapshot.v20250626093613/op-billing-page_clerk.chips.browser_1d0dee_5.70.0-snapshot.v20250626093613.min.js.sri
- clerk-js/5.70.0-snapshot.v20250626093613/op-billing-page_clerk.legacy.browser_4e6ac1_5.70.0-snapshot.v20250626093613.js.br
- clerk-js/5.70.0-snapshot.v20250626093613/op-billing-page_clerk.legacy.browser_4e6ac1_5.70.0-snapshot.v20250626093613.js.gz
- clerk-js/5.70.0-snapshot.v20250626093613/op-billing-page_clerk.legacy.browser_4e6ac1_5.70.0-snapshot.v20250626093613.js.sri
- clerk-js/5.70.0-snapshot.v20250626093613/op-billing-page_clerk.legacy.browser_4e6ac1_5.70.0-snapshot.v20250626093613.min.js.br
- clerk-js/5.70.0-snapshot.v20250626093613/op-billing-page_clerk.legacy.browser_4e6ac1_5.70.0-snapshot.v20250626093613.min.js.gz
- clerk-js/5.70.0-snapshot.v20250626093613/op-billing-page_clerk.legacy.browser_4e6ac1_5.70.0-snapshot.v20250626093613.min.js.sri
- clerk-js/5.70.0-snapshot.v20250626093613/organizationlist_clerk.browser_788eb0_5.70.0-snapshot.v20250626093613.js.br
- clerk-js/5.70.0-snapshot.v20250626093613/organizationlist_clerk.browser_788eb0_5.70.0-snapshot.v20250626093613.js.gz
- clerk-js/5.70.0-snapshot.v20250626093613/organizationlist_clerk.browser_788eb0_5.70.0-snapshot.v20250626093613.js.sri
- clerk-js/5.70.0-snapshot.v20250626093613/organizationlist_clerk.browser_788eb0_5.70.0-snapshot.v20250626093613.min.js.br
- clerk-js/5.70.0-snapshot.v20250626093613/organizationlist_clerk.browser_788eb0_5.70.0-snapshot.v20250626093613.min.js.gz
- clerk-js/5.70.0-snapshot.v20250626093613/organizationlist_clerk.browser_788eb0_5.70.0-snapshot.v20250626093613.min.js.sri
- clerk-js/5.70.0-snapshot.v20250626093613/organizationlist_clerk.chips.browser_1d0dee_5.70.0-snapshot.v20250626093613.js.br
- clerk-js/5.70.0-snapshot.v20250626093613/organizationlist_clerk.chips.browser_1d0dee_5.70.0-snapshot.v20250626093613.js.gz
- clerk-js/5.70.0-snapshot.v20250626093613/organizationlist_clerk.chips.browser_1d0dee_5.70.0-snapshot.v20250626093613.js.sri
- clerk-js/5.70.0-snapshot.v20250626093613/organizationlist_clerk.chips.browser_1d0dee_5.70.0-snapshot.v20250626093613.min.js.br
- clerk-js/5.70.0-snapshot.v20250626093613/organizationlist_clerk.chips.browser_1d0dee_5.70.0-snapshot.v20250626093613.min.js.gz
- clerk-js/5.70.0-snapshot.v20250626093613/organizationlist_clerk.chips.browser_1d0dee_5.70.0-snapshot.v20250626093613.min.js.sri
- clerk-js/5.70.0-snapshot.v20250626093613/organizationlist_clerk.legacy.browser_4e6ac1_5.70.0-snapshot.v20250626093613.js.br
- clerk-js/5.70.0-snapshot.v20250626093613/organizationlist_clerk.legacy.browser_4e6ac1_5.70.0-snapshot.v20250626093613.js.gz
- clerk-js/5.70.0-snapshot.v20250626093613/organizationlist_clerk.legacy.browser_4e6ac1_5.70.0-snapshot.v20250626093613.js.sri
- clerk-js/5.70.0-snapshot.v20250626093613/organizationlist_clerk.legacy.browser_4e6ac1_5.70.0-snapshot.v20250626093613.min.js.br
- clerk-js/5.70.0-snapshot.v20250626093613/organizationlist_clerk.legacy.browser_4e6ac1_5.70.0-snapshot.v20250626093613.min.js.gz
- clerk-js/5.70.0-snapshot.v20250626093613/organizationlist_clerk.legacy.browser_4e6ac1_5.70.0-snapshot.v20250626093613.min.js.sri
- clerk-js/5.70.0-snapshot.v20250626093613/organizationprofile_clerk.browser_788eb0_5.70.0-snapshot.v20250626093613.js.br
- clerk-js/5.70.0-snapshot.v20250626093613/organizationprofile_clerk.browser_788eb0_5.70.0-snapshot.v20250626093613.js.gz
- clerk-js/5.70.0-snapshot.v20250626093613/organizationprofile_clerk.browser_788eb0_5.70.0-snapshot.v20250626093613.js.sri
- clerk-js/5.70.0-snapshot.v20250626093613/organizationprofile_clerk.browser_788eb0_5.70.0-snapshot.v20250626093613.min.js.br
- clerk-js/5.70.0-snapshot.v20250626093613/organizationprofile_clerk.browser_788eb0_5.70.0-snapshot.v20250626093613.min.js.gz
- clerk-js/5.70.0-snapshot.v20250626093613/organizationprofile_clerk.browser_788eb0_5.70.0-snapshot.v20250626093613.min.js.sri
- clerk-js/5.70.0-snapshot.v20250626093613/organizationprofile_clerk.chips.browser_1d0dee_5.70.0-snapshot.v20250626093613.js.br
- clerk-js/5.70.0-snapshot.v20250626093613/organizationprofile_clerk.chips.browser_1d0dee_5.70.0-snapshot.v20250626093613.js.gz
- clerk-js/5.70.0-snapshot.v20250626093613/organizationprofile_clerk.chips.browser_1d0dee_5.70.0-snapshot.v20250626093613.js.sri
- clerk-js/5.70.0-snapshot.v20250626093613/organizationprofile_clerk.chips.browser_1d0dee_5.70.0-snapshot.v20250626093613.min.js.br
- clerk-js/5.70.0-snapshot.v20250626093613/organizationprofile_clerk.chips.browser_1d0dee_5.70.0-snapshot.v20250626093613.min.js.gz
- clerk-js/5.70.0-snapshot.v20250626093613/organizationprofile_clerk.chips.browser_1d0dee_5.70.0-snapshot.v20250626093613.min.js.sri
- clerk-js/5.70.0-snapshot.v20250626093613/organizationprofile_clerk.legacy.browser_4e6ac1_5.70.0-snapshot.v20250626093613.js.br
- clerk-js/5.70.0-snapshot.v20250626093613/organizationprofile_clerk.legacy.browser_4e6ac1_5.70.0-snapshot.v20250626093613.js.gz
- clerk-js/5.70.0-snapshot.v20250626093613/organizationprofile_clerk.legacy.browser_4e6ac1_5.70.0-snapshot.v20250626093613.js.sri
- clerk-js/5.70.0-snapshot.v20250626093613/organizationprofile_clerk.legacy.browser_4e6ac1_5.70.0-snapshot.v20250626093613.min.js.br
- clerk-js/5.70.0-snapshot.v20250626093613/organizationprofile_clerk.legacy.browser_4e6ac1_5.70.0-snapshot.v20250626093613.min.js.gz
- clerk-js/5.70.0-snapshot.v20250626093613/organizationprofile_clerk.legacy.browser_4e6ac1_5.70.0-snapshot.v20250626093613.min.js.sri
- clerk-js/5.70.0-snapshot.v20250626093613/organizationswitcher_clerk.browser_788eb0_5.70.0-snapshot.v20250626093613.js.br
- clerk-js/5.70.0-snapshot.v20250626093613/organizationswitcher_clerk.browser_788eb0_5.70.0-snapshot.v20250626093613.js.gz
- clerk-js/5.70.0-snapshot.v20250626093613/organizationswitcher_clerk.browser_788eb0_5.70.0-snapshot.v20250626093613.js.sri
- clerk-js/5.70.0-snapshot.v20250626093613/organizationswitcher_clerk.browser_788eb0_5.70.0-snapshot.v20250626093613.min.js.br
- clerk-js/5.70.0-snapshot.v20250626093613/organizationswitcher_clerk.browser_788eb0_5.70.0-snapshot.v20250626093613.min.js.gz
- clerk-js/5.70.0-snapshot.v20250626093613/organizationswitcher_clerk.browser_788eb0_5.70.0-snapshot.v20250626093613.min.js.sri
- clerk-js/5.70.0-snapshot.v20250626093613/organizationswitcher_clerk.chips.browser_1d0dee_5.70.0-snapshot.v20250626093613.js.br
- clerk-js/5.70.0-snapshot.v20250626093613/organizationswitcher_clerk.chips.browser_1d0dee_5.70.0-snapshot.v20250626093613.js.gz
- clerk-js/5.70.0-snapshot.v20250626093613/organizationswitcher_clerk.chips.browser_1d0dee_5.70.0-snapshot.v20250626093613.js.sri
- clerk-js/5.70.0-snapshot.v20250626093613/organizationswitcher_clerk.chips.browser_1d0dee_5.70.0-snapshot.v20250626093613.min.js.br
- clerk-js/5.70.0-snapshot.v20250626093613/organizationswitcher_clerk.chips.browser_1d0dee_5.70.0-snapshot.v20250626093613.min.js.gz
- clerk-js/5.70.0-snapshot.v20250626093613/organizationswitcher_clerk.chips.browser_1d0dee_5.70.0-snapshot.v20250626093613.min.js.sri
- clerk-js/5.70.0-snapshot.v20250626093613/organizationswitcher_clerk.legacy.browser_4e6ac1_5.70.0-snapshot.v20250626093613.js.br
- clerk-js/5.70.0-snapshot.v20250626093613/organizationswitcher_clerk.legacy.browser_4e6ac1_5.70.0-snapshot.v20250626093613.js.gz
- clerk-js/5.70.0-snapshot.v20250626093613/organizationswitcher_clerk.legacy.browser_4e6ac1_5.70.0-snapshot.v20250626093613.js.sri
- clerk-js/5.70.0-snapshot.v20250626093613/organizationswitcher_clerk.legacy.browser_4e6ac1_5.70.0-snapshot.v20250626093613.min.js.br
- clerk-js/5.70.0-snapshot.v20250626093613/organizationswitcher_clerk.legacy.browser_4e6ac1_5.70.0-snapshot.v20250626093613.min.js.gz
- clerk-js/5.70.0-snapshot.v20250626093613/organizationswitcher_clerk.legacy.browser_4e6ac1_5.70.0-snapshot.v20250626093613.min.js.sri
- clerk-js/5.70.0-snapshot.v20250626093613/paymentSources_clerk.browser_788eb0_5.70.0-snapshot.v20250626093613.js.br
- clerk-js/5.70.0-snapshot.v20250626093613/paymentSources_clerk.browser_788eb0_5.70.0-snapshot.v20250626093613.js.gz
- clerk-js/5.70.0-snapshot.v20250626093613/paymentSources_clerk.browser_788eb0_5.70.0-snapshot.v20250626093613.js.sri
- clerk-js/5.70.0-snapshot.v20250626093613/paymentSources_clerk.browser_788eb0_5.70.0-snapshot.v20250626093613.min.js.br
- clerk-js/5.70.0-snapshot.v20250626093613/paymentSources_clerk.browser_788eb0_5.70.0-snapshot.v20250626093613.min.js.gz
- clerk-js/5.70.0-snapshot.v20250626093613/paymentSources_clerk.browser_788eb0_5.70.0-snapshot.v20250626093613.min.js.sri
- clerk-js/5.70.0-snapshot.v20250626093613/paymentSources_clerk.chips.browser_1d0dee_5.70.0-snapshot.v20250626093613.js.br
- clerk-js/5.70.0-snapshot.v20250626093613/paymentSources_clerk.chips.browser_1d0dee_5.70.0-snapshot.v20250626093613.js.gz
- clerk-js/5.70.0-snapshot.v20250626093613/paymentSources_clerk.chips.browser_1d0dee_5.70.0-snapshot.v20250626093613.js.sri
- clerk-js/5.70.0-snapshot.v20250626093613/paymentSources_clerk.chips.browser_1d0dee_5.70.0-snapshot.v20250626093613.min.js.br
- clerk-js/5.70.0-snapshot.v20250626093613/paymentSources_clerk.chips.browser_1d0dee_5.70.0-snapshot.v20250626093613.min.js.gz
- clerk-js/5.70.0-snapshot.v20250626093613/paymentSources_clerk.chips.browser_1d0dee_5.70.0-snapshot.v20250626093613.min.js.sri
- clerk-js/5.70.0-snapshot.v20250626093613/paymentSources_clerk.legacy.browser_4e6ac1_5.70.0-snapshot.v20250626093613.js.br
- clerk-js/5.70.0-snapshot.v20250626093613/paymentSources_clerk.legacy.browser_4e6ac1_5.70.0-snapshot.v20250626093613.js.gz
- clerk-js/5.70.0-snapshot.v20250626093613/paymentSources_clerk.legacy.browser_4e6ac1_5.70.0-snapshot.v20250626093613.js.sri
- clerk-js/5.70.0-snapshot.v20250626093613/paymentSources_clerk.legacy.browser_4e6ac1_5.70.0-snapshot.v20250626093613.min.js.br
- clerk-js/5.70.0-snapshot.v20250626093613/paymentSources_clerk.legacy.browser_4e6ac1_5.70.0-snapshot.v20250626093613.min.js.gz
- clerk-js/5.70.0-snapshot.v20250626093613/paymentSources_clerk.legacy.browser_4e6ac1_5.70.0-snapshot.v20250626093613.min.js.sri
- clerk-js/5.70.0-snapshot.v20250626093613/planDetails_clerk.browser_788eb0_5.70.0-snapshot.v20250626093613.js.br
- clerk-js/5.70.0-snapshot.v20250626093613/planDetails_clerk.browser_788eb0_5.70.0-snapshot.v20250626093613.js.gz
- clerk-js/5.70.0-snapshot.v20250626093613/planDetails_clerk.browser_788eb0_5.70.0-snapshot.v20250626093613.js.sri
- clerk-js/5.70.0-snapshot.v20250626093613/planDetails_clerk.browser_788eb0_5.70.0-snapshot.v20250626093613.min.js.br
- clerk-js/5.70.0-snapshot.v20250626093613/planDetails_clerk.browser_788eb0_5.70.0-snapshot.v20250626093613.min.js.gz
- clerk-js/5.70.0-snapshot.v20250626093613/planDetails_clerk.browser_788eb0_5.70.0-snapshot.v20250626093613.min.js.sri
- clerk-js/5.70.0-snapshot.v20250626093613/planDetails_clerk.chips.browser_1d0dee_5.70.0-snapshot.v20250626093613.js.br
- clerk-js/5.70.0-snapshot.v20250626093613/planDetails_clerk.chips.browser_1d0dee_5.70.0-snapshot.v20250626093613.js.gz
- clerk-js/5.70.0-snapshot.v20250626093613/planDetails_clerk.chips.browser_1d0dee_5.70.0-snapshot.v20250626093613.js.sri
- clerk-js/5.70.0-snapshot.v20250626093613/planDetails_clerk.chips.browser_1d0dee_5.70.0-snapshot.v20250626093613.min.js.br
- clerk-js/5.70.0-snapshot.v20250626093613/planDetails_clerk.chips.browser_1d0dee_5.70.0-snapshot.v20250626093613.min.js.gz
- clerk-js/5.70.0-snapshot.v20250626093613/planDetails_clerk.chips.browser_1d0dee_5.70.0-snapshot.v20250626093613.min.js.sri
- clerk-js/5.70.0-snapshot.v20250626093613/planDetails_clerk.legacy.browser_4e6ac1_5.70.0-snapshot.v20250626093613.js.br
- clerk-js/5.70.0-snapshot.v20250626093613/planDetails_clerk.legacy.browser_4e6ac1_5.70.0-snapshot.v20250626093613.js.gz
- clerk-js/5.70.0-snapshot.v20250626093613/planDetails_clerk.legacy.browser_4e6ac1_5.70.0-snapshot.v20250626093613.js.sri
- clerk-js/5.70.0-snapshot.v20250626093613/planDetails_clerk.legacy.browser_4e6ac1_5.70.0-snapshot.v20250626093613.min.js.br
- clerk-js/5.70.0-snapshot.v20250626093613/planDetails_clerk.legacy.browser_4e6ac1_5.70.0-snapshot.v20250626093613.min.js.gz
- clerk-js/5.70.0-snapshot.v20250626093613/planDetails_clerk.legacy.browser_4e6ac1_5.70.0-snapshot.v20250626093613.min.js.sri
- clerk-js/5.70.0-snapshot.v20250626093613/prefetchorganizationlist_clerk.browser_788eb0_5.70.0-snapshot.v20250626093613.js.br
- clerk-js/5.70.0-snapshot.v20250626093613/prefetchorganizationlist_clerk.browser_788eb0_5.70.0-snapshot.v20250626093613.js.gz
- clerk-js/5.70.0-snapshot.v20250626093613/prefetchorganizationlist_clerk.browser_788eb0_5.70.0-snapshot.v20250626093613.js.sri
- clerk-js/5.70.0-snapshot.v20250626093613/prefetchorganizationlist_clerk.browser_788eb0_5.70.0-snapshot.v20250626093613.min.js.br
- clerk-js/5.70.0-snapshot.v20250626093613/prefetchorganizationlist_clerk.browser_788eb0_5.70.0-snapshot.v20250626093613.min.js.gz
- clerk-js/5.70.0-snapshot.v20250626093613/prefetchorganizationlist_clerk.browser_788eb0_5.70.0-snapshot.v20250626093613.min.js.sri
- clerk-js/5.70.0-snapshot.v20250626093613/prefetchorganizationlist_clerk.chips.browser_1d0dee_5.70.0-snapshot.v20250626093613.js.br
- clerk-js/5.70.0-snapshot.v20250626093613/prefetchorganizationlist_clerk.chips.browser_1d0dee_5.70.0-snapshot.v20250626093613.js.gz
- clerk-js/5.70.0-snapshot.v20250626093613/prefetchorganizationlist_clerk.chips.browser_1d0dee_5.70.0-snapshot.v20250626093613.js.sri
- clerk-js/5.70.0-snapshot.v20250626093613/prefetchorganizationlist_clerk.chips.browser_1d0dee_5.70.0-snapshot.v20250626093613.min.js.br
- clerk-js/5.70.0-snapshot.v20250626093613/prefetchorganizationlist_clerk.chips.browser_1d0dee_5.70.0-snapshot.v20250626093613.min.js.gz
- clerk-js/5.70.0-snapshot.v20250626093613/prefetchorganizationlist_clerk.chips.browser_1d0dee_5.70.0-snapshot.v20250626093613.min.js.sri
- clerk-js/5.70.0-snapshot.v20250626093613/prefetchorganizationlist_clerk.legacy.browser_4e6ac1_5.70.0-snapshot.v20250626093613.js.br
- clerk-js/5.70.0-snapshot.v20250626093613/prefetchorganizationlist_clerk.legacy.browser_4e6ac1_5.70.0-snapshot.v20250626093613.js.gz
- clerk-js/5.70.0-snapshot.v20250626093613/prefetchorganizationlist_clerk.legacy.browser_4e6ac1_5.70.0-snapshot.v20250626093613.js.sri
- clerk-js/5.70.0-snapshot.v20250626093613/prefetchorganizationlist_clerk.legacy.browser_4e6ac1_5.70.0-snapshot.v20250626093613.min.js.br
- clerk-js/5.70.0-snapshot.v20250626093613/prefetchorganizationlist_clerk.legacy.browser_4e6ac1_5.70.0-snapshot.v20250626093613.min.js.gz
- clerk-js/5.70.0-snapshot.v20250626093613/prefetchorganizationlist_clerk.legacy.browser_4e6ac1_5.70.0-snapshot.v20250626093613.min.js.sri
- clerk-js/5.70.0-snapshot.v20250626093613/pricingTable_clerk.browser_788eb0_5.70.0-snapshot.v20250626093613.js.br
- clerk-js/5.70.0-snapshot.v20250626093613/pricingTable_clerk.browser_788eb0_5.70.0-snapshot.v20250626093613.js.gz
- clerk-js/5.70.0-snapshot.v20250626093613/pricingTable_clerk.browser_788eb0_5.70.0-snapshot.v20250626093613.js.sri
- clerk-js/5.70.0-snapshot.v20250626093613/pricingTable_clerk.browser_788eb0_5.70.0-snapshot.v20250626093613.min.js.br
- clerk-js/5.70.0-snapshot.v20250626093613/pricingTable_clerk.browser_788eb0_5.70.0-snapshot.v20250626093613.min.js.gz
- clerk-js/5.70.0-snapshot.v20250626093613/pricingTable_clerk.browser_788eb0_5.70.0-snapshot.v20250626093613.min.js.sri
- clerk-js/5.70.0-snapshot.v20250626093613/pricingTable_clerk.chips.browser_1d0dee_5.70.0-snapshot.v20250626093613.js.br
- clerk-js/5.70.0-snapshot.v20250626093613/pricingTable_clerk.chips.browser_1d0dee_5.70.0-snapshot.v20250626093613.js.gz
- clerk-js/5.70.0-snapshot.v20250626093613/pricingTable_clerk.chips.browser_1d0dee_5.70.0-snapshot.v20250626093613.js.sri
- clerk-js/5.70.0-snapshot.v20250626093613/pricingTable_clerk.chips.browser_1d0dee_5.70.0-snapshot.v20250626093613.min.js.br
- clerk-js/5.70.0-snapshot.v20250626093613/pricingTable_clerk.chips.browser_1d0dee_5.70.0-snapshot.v20250626093613.min.js.gz
- clerk-js/5.70.0-snapshot.v20250626093613/pricingTable_clerk.chips.browser_1d0dee_5.70.0-snapshot.v20250626093613.min.js.sri
- clerk-js/5.70.0-snapshot.v20250626093613/pricingTable_clerk.legacy.browser_4e6ac1_5.70.0-snapshot.v20250626093613.js.br
- clerk-js/5.70.0-snapshot.v20250626093613/pricingTable_clerk.legacy.browser_4e6ac1_5.70.0-snapshot.v20250626093613.js.gz
- clerk-js/5.70.0-snapshot.v20250626093613/pricingTable_clerk.legacy.browser_4e6ac1_5.70.0-snapshot.v20250626093613.js.sri
- clerk-js/5.70.0-snapshot.v20250626093613/pricingTable_clerk.legacy.browser_4e6ac1_5.70.0-snapshot.v20250626093613.min.js.br
- clerk-js/5.70.0-snapshot.v20250626093613/pricingTable_clerk.legacy.browser_4e6ac1_5.70.0-snapshot.v20250626093613.min.js.gz
- clerk-js/5.70.0-snapshot.v20250626093613/pricingTable_clerk.legacy.browser_4e6ac1_5.70.0-snapshot.v20250626093613.min.js.sri
- clerk-js/5.70.0-snapshot.v20250626093613/revoke-api-key-modal_clerk.browser_788eb0_5.70.0-snapshot.v20250626093613.js.br
- clerk-js/5.70.0-snapshot.v20250626093613/revoke-api-key-modal_clerk.browser_788eb0_5.70.0-snapshot.v20250626093613.js.gz
- clerk-js/5.70.0-snapshot.v20250626093613/revoke-api-key-modal_clerk.browser_788eb0_5.70.0-snapshot.v20250626093613.js.sri
- clerk-js/5.70.0-snapshot.v20250626093613/revoke-api-key-modal_clerk.browser_788eb0_5.70.0-snapshot.v20250626093613.min.js.br
- clerk-js/5.70.0-snapshot.v20250626093613/revoke-api-key-modal_clerk.browser_788eb0_5.70.0-snapshot.v20250626093613.min.js.gz
- clerk-js/5.70.0-snapshot.v20250626093613/revoke-api-key-modal_clerk.browser_788eb0_5.70.0-snapshot.v20250626093613.min.js.sri
- clerk-js/5.70.0-snapshot.v20250626093613/revoke-api-key-modal_clerk.chips.browser_1d0dee_5.70.0-snapshot.v20250626093613.js.br
- clerk-js/5.70.0-snapshot.v20250626093613/revoke-api-key-modal_clerk.chips.browser_1d0dee_5.70.0-snapshot.v20250626093613.js.gz
- clerk-js/5.70.0-snapshot.v20250626093613/revoke-api-key-modal_clerk.chips.browser_1d0dee_5.70.0-snapshot.v20250626093613.js.sri
- clerk-js/5.70.0-snapshot.v20250626093613/revoke-api-key-modal_clerk.chips.browser_1d0dee_5.70.0-snapshot.v20250626093613.min.js.br
- clerk-js/5.70.0-snapshot.v20250626093613/revoke-api-key-modal_clerk.chips.browser_1d0dee_5.70.0-snapshot.v20250626093613.min.js.gz
- clerk-js/5.70.0-snapshot.v20250626093613/revoke-api-key-modal_clerk.chips.browser_1d0dee_5.70.0-snapshot.v20250626093613.min.js.sri
- clerk-js/5.70.0-snapshot.v20250626093613/revoke-api-key-modal_clerk.legacy.browser_4e6ac1_5.70.0-snapshot.v20250626093613.js.br
- clerk-js/5.70.0-snapshot.v20250626093613/revoke-api-key-modal_clerk.legacy.browser_4e6ac1_5.70.0-snapshot.v20250626093613.js.gz
- clerk-js/5.70.0-snapshot.v20250626093613/revoke-api-key-modal_clerk.legacy.browser_4e6ac1_5.70.0-snapshot.v20250626093613.js.sri
- clerk-js/5.70.0-snapshot.v20250626093613/revoke-api-key-modal_clerk.legacy.browser_4e6ac1_5.70.0-snapshot.v20250626093613.min.js.br
- clerk-js/5.70.0-snapshot.v20250626093613/revoke-api-key-modal_clerk.legacy.browser_4e6ac1_5.70.0-snapshot.v20250626093613.min.js.gz
- clerk-js/5.70.0-snapshot.v20250626093613/revoke-api-key-modal_clerk.legacy.browser_4e6ac1_5.70.0-snapshot.v20250626093613.min.js.sri
- clerk-js/5.70.0-snapshot.v20250626093613/sessionTasks_clerk.browser_788eb0_5.70.0-snapshot.v20250626093613.js.br
- clerk-js/5.70.0-snapshot.v20250626093613/sessionTasks_clerk.browser_788eb0_5.70.0-snapshot.v20250626093613.js.gz
- clerk-js/5.70.0-snapshot.v20250626093613/sessionTasks_clerk.browser_788eb0_5.70.0-snapshot.v20250626093613.js.sri
- clerk-js/5.70.0-snapshot.v20250626093613/sessionTasks_clerk.browser_788eb0_5.70.0-snapshot.v20250626093613.min.js.br
- clerk-js/5.70.0-snapshot.v20250626093613/sessionTasks_clerk.browser_788eb0_5.70.0-snapshot.v20250626093613.min.js.gz
- clerk-js/5.70.0-snapshot.v20250626093613/sessionTasks_clerk.browser_788eb0_5.70.0-snapshot.v20250626093613.min.js.sri
- clerk-js/5.70.0-snapshot.v20250626093613/sessionTasks_clerk.chips.browser_1d0dee_5.70.0-snapshot.v20250626093613.js.br
- clerk-js/5.70.0-snapshot.v20250626093613/sessionTasks_clerk.chips.browser_1d0dee_5.70.0-snapshot.v20250626093613.js.gz
- clerk-js/5.70.0-snapshot.v20250626093613/sessionTasks_clerk.chips.browser_1d0dee_5.70.0-snapshot.v20250626093613.js.sri
- clerk-js/5.70.0-snapshot.v20250626093613/sessionTasks_clerk.chips.browser_1d0dee_5.70.0-snapshot.v20250626093613.min.js.br
- clerk-js/5.70.0-snapshot.v20250626093613/sessionTasks_clerk.chips.browser_1d0dee_5.70.0-snapshot.v20250626093613.min.js.gz
- clerk-js/5.70.0-snapshot.v20250626093613/sessionTasks_clerk.chips.browser_1d0dee_5.70.0-snapshot.v20250626093613.min.js.sri
- clerk-js/5.70.0-snapshot.v20250626093613/sessionTasks_clerk.legacy.browser_4e6ac1_5.70.0-snapshot.v20250626093613.js.br
- clerk-js/5.70.0-snapshot.v20250626093613/sessionTasks_clerk.legacy.browser_4e6ac1_5.70.0-snapshot.v20250626093613.js.gz
- clerk-js/5.70.0-snapshot.v20250626093613/sessionTasks_clerk.legacy.browser_4e6ac1_5.70.0-snapshot.v20250626093613.js.sri
- clerk-js/5.70.0-snapshot.v20250626093613/sessionTasks_clerk.legacy.browser_4e6ac1_5.70.0-snapshot.v20250626093613.min.js.br
- clerk-js/5.70.0-snapshot.v20250626093613/sessionTasks_clerk.legacy.browser_4e6ac1_5.70.0-snapshot.v20250626093613.min.js.gz
- clerk-js/5.70.0-snapshot.v20250626093613/sessionTasks_clerk.legacy.browser_4e6ac1_5.70.0-snapshot.v20250626093613.min.js.sri
- clerk-js/5.70.0-snapshot.v20250626093613/signin_clerk.browser_788eb0_5.70.0-snapshot.v20250626093613.js.br
- clerk-js/5.70.0-snapshot.v20250626093613/signin_clerk.browser_788eb0_5.70.0-snapshot.v20250626093613.js.gz
- clerk-js/5.70.0-snapshot.v20250626093613/signin_clerk.browser_788eb0_5.70.0-snapshot.v20250626093613.js.sri
- clerk-js/5.70.0-snapshot.v20250626093613/signin_clerk.browser_788eb0_5.70.0-snapshot.v20250626093613.min.js.br
- clerk-js/5.70.0-snapshot.v20250626093613/signin_clerk.browser_788eb0_5.70.0-snapshot.v20250626093613.min.js.gz
- clerk-js/5.70.0-snapshot.v20250626093613/signin_clerk.browser_788eb0_5.70.0-snapshot.v20250626093613.min.js.sri
- clerk-js/5.70.0-snapshot.v20250626093613/signin_clerk.chips.browser_1d0dee_5.70.0-snapshot.v20250626093613.js.br
- clerk-js/5.70.0-snapshot.v20250626093613/signin_clerk.chips.browser_1d0dee_5.70.0-snapshot.v20250626093613.js.gz
- clerk-js/5.70.0-snapshot.v20250626093613/signin_clerk.chips.browser_1d0dee_5.70.0-snapshot.v20250626093613.js.sri
- clerk-js/5.70.0-snapshot.v20250626093613/signin_clerk.chips.browser_1d0dee_5.70.0-snapshot.v20250626093613.min.js.br
- clerk-js/5.70.0-snapshot.v20250626093613/signin_clerk.chips.browser_1d0dee_5.70.0-snapshot.v20250626093613.min.js.gz
- clerk-js/5.70.0-snapshot.v20250626093613/signin_clerk.chips.browser_1d0dee_5.70.0-snapshot.v20250626093613.min.js.sri
- clerk-js/5.70.0-snapshot.v20250626093613/signin_clerk.legacy.browser_4e6ac1_5.70.0-snapshot.v20250626093613.js.br
- clerk-js/5.70.0-snapshot.v20250626093613/signin_clerk.legacy.browser_4e6ac1_5.70.0-snapshot.v20250626093613.js.gz
- clerk-js/5.70.0-snapshot.v20250626093613/signin_clerk.legacy.browser_4e6ac1_5.70.0-snapshot.v20250626093613.js.sri
- clerk-js/5.70.0-snapshot.v20250626093613/signin_clerk.legacy.browser_4e6ac1_5.70.0-snapshot.v20250626093613.min.js.br
- clerk-js/5.70.0-snapshot.v20250626093613/signin_clerk.legacy.browser_4e6ac1_5.70.0-snapshot.v20250626093613.min.js.gz
- clerk-js/5.70.0-snapshot.v20250626093613/signin_clerk.legacy.browser_4e6ac1_5.70.0-snapshot.v20250626093613.min.js.sri
- clerk-js/5.70.0-snapshot.v20250626093613/signup_clerk.browser_788eb0_5.70.0-snapshot.v20250626093613.js.br
- clerk-js/5.70.0-snapshot.v20250626093613/signup_clerk.browser_788eb0_5.70.0-snapshot.v20250626093613.js.gz
- clerk-js/5.70.0-snapshot.v20250626093613/signup_clerk.browser_788eb0_5.70.0-snapshot.v20250626093613.js.sri
- clerk-js/5.70.0-snapshot.v20250626093613/signup_clerk.browser_788eb0_5.70.0-snapshot.v20250626093613.min.js.br
- clerk-js/5.70.0-snapshot.v20250626093613/signup_clerk.browser_788eb0_5.70.0-snapshot.v20250626093613.min.js.gz
- clerk-js/5.70.0-snapshot.v20250626093613/signup_clerk.browser_788eb0_5.70.0-snapshot.v20250626093613.min.js.sri
- clerk-js/5.70.0-snapshot.v20250626093613/signup_clerk.chips.browser_1d0dee_5.70.0-snapshot.v20250626093613.js.br
- clerk-js/5.70.0-snapshot.v20250626093613/signup_clerk.chips.browser_1d0dee_5.70.0-snapshot.v20250626093613.js.gz
- clerk-js/5.70.0-snapshot.v20250626093613/signup_clerk.chips.browser_1d0dee_5.70.0-snapshot.v20250626093613.js.sri
- clerk-js/5.70.0-snapshot.v20250626093613/signup_clerk.chips.browser_1d0dee_5.70.0-snapshot.v20250626093613.min.js.br
- clerk-js/5.70.0-snapshot.v20250626093613/signup_clerk.chips.browser_1d0dee_5.70.0-snapshot.v20250626093613.min.js.gz
- clerk-js/5.70.0-snapshot.v20250626093613/signup_clerk.chips.browser_1d0dee_5.70.0-snapshot.v20250626093613.min.js.sri
- clerk-js/5.70.0-snapshot.v20250626093613/signup_clerk.legacy.browser_4e6ac1_5.70.0-snapshot.v20250626093613.js.br
- clerk-js/5.70.0-snapshot.v20250626093613/signup_clerk.legacy.browser_4e6ac1_5.70.0-snapshot.v20250626093613.js.gz
- clerk-js/5.70.0-snapshot.v20250626093613/signup_clerk.legacy.browser_4e6ac1_5.70.0-snapshot.v20250626093613.js.sri
- clerk-js/5.70.0-snapshot.v20250626093613/signup_clerk.legacy.browser_4e6ac1_5.70.0-snapshot.v20250626093613.min.js.br
- clerk-js/5.70.0-snapshot.v20250626093613/signup_clerk.legacy.browser_4e6ac1_5.70.0-snapshot.v20250626093613.min.js.gz
- clerk-js/5.70.0-snapshot.v20250626093613/signup_clerk.legacy.browser_4e6ac1_5.70.0-snapshot.v20250626093613.min.js.sri
- clerk-js/5.70.0-snapshot.v20250626093613/ui-common_clerk.browser_788eb0_5.70.0-snapshot.v20250626093613.js.br
- clerk-js/5.70.0-snapshot.v20250626093613/ui-common_clerk.browser_788eb0_5.70.0-snapshot.v20250626093613.js.gz
- clerk-js/5.70.0-snapshot.v20250626093613/ui-common_clerk.browser_788eb0_5.70.0-snapshot.v20250626093613.js.sri
- clerk-js/5.70.0-snapshot.v20250626093613/ui-common_clerk.browser_788eb0_5.70.0-snapshot.v20250626093613.min.js.br
- clerk-js/5.70.0-snapshot.v20250626093613/ui-common_clerk.browser_788eb0_5.70.0-snapshot.v20250626093613.min.js.gz
- clerk-js/5.70.0-snapshot.v20250626093613/ui-common_clerk.browser_788eb0_5.70.0-snapshot.v20250626093613.min.js.sri
- clerk-js/5.70.0-snapshot.v20250626093613/ui-common_clerk.chips.browser_1d0dee_5.70.0-snapshot.v20250626093613.js.br
- clerk-js/5.70.0-snapshot.v20250626093613/ui-common_clerk.chips.browser_1d0dee_5.70.0-snapshot.v20250626093613.js.gz
- clerk-js/5.70.0-snapshot.v20250626093613/ui-common_clerk.chips.browser_1d0dee_5.70.0-snapshot.v20250626093613.js.sri
- clerk-js/5.70.0-snapshot.v20250626093613/ui-common_clerk.chips.browser_1d0dee_5.70.0-snapshot.v20250626093613.min.js.br
- clerk-js/5.70.0-snapshot.v20250626093613/ui-common_clerk.chips.browser_1d0dee_5.70.0-snapshot.v20250626093613.min.js.gz
- clerk-js/5.70.0-snapshot.v20250626093613/ui-common_clerk.chips.browser_1d0dee_5.70.0-snapshot.v20250626093613.min.js.sri
- clerk-js/5.70.0-snapshot.v20250626093613/ui-common_clerk.legacy.browser_4e6ac1_5.70.0-snapshot.v20250626093613.js.br
- clerk-js/5.70.0-snapshot.v20250626093613/ui-common_clerk.legacy.browser_4e6ac1_5.70.0-snapshot.v20250626093613.js.gz
- clerk-js/5.70.0-snapshot.v20250626093613/ui-common_clerk.legacy.browser_4e6ac1_5.70.0-snapshot.v20250626093613.js.sri
- clerk-js/5.70.0-snapshot.v20250626093613/ui-common_clerk.legacy.browser_4e6ac1_5.70.0-snapshot.v20250626093613.min.js.br
- clerk-js/5.70.0-snapshot.v20250626093613/ui-common_clerk.legacy.browser_4e6ac1_5.70.0-snapshot.v20250626093613.min.js.gz
- clerk-js/5.70.0-snapshot.v20250626093613/ui-common_clerk.legacy.browser_4e6ac1_5.70.0-snapshot.v20250626093613.min.js.sri
- clerk-js/5.70.0-snapshot.v20250626093613/up-api-keys-page_clerk.browser_788eb0_5.70.0-snapshot.v20250626093613.js.br
- clerk-js/5.70.0-snapshot.v20250626093613/up-api-keys-page_clerk.browser_788eb0_5.70.0-snapshot.v20250626093613.js.gz
- clerk-js/5.70.0-snapshot.v20250626093613/up-api-keys-page_clerk.browser_788eb0_5.70.0-snapshot.v20250626093613.js.sri
- clerk-js/5.70.0-snapshot.v20250626093613/up-api-keys-page_clerk.browser_788eb0_5.70.0-snapshot.v20250626093613.min.js.br
- clerk-js/5.70.0-snapshot.v20250626093613/up-api-keys-page_clerk.browser_788eb0_5.70.0-snapshot.v20250626093613.min.js.gz
- clerk-js/5.70.0-snapshot.v20250626093613/up-api-keys-page_clerk.browser_788eb0_5.70.0-snapshot.v20250626093613.min.js.sri
- clerk-js/5.70.0-snapshot.v20250626093613/up-api-keys-page_clerk.chips.browser_1d0dee_5.70.0-snapshot.v20250626093613.js.br
- clerk-js/5.70.0-snapshot.v20250626093613/up-api-keys-page_clerk.chips.browser_1d0dee_5.70.0-snapshot.v20250626093613.js.gz
- clerk-js/5.70.0-snapshot.v20250626093613/up-api-keys-page_clerk.chips.browser_1d0dee_5.70.0-snapshot.v20250626093613.js.sri
- clerk-js/5.70.0-snapshot.v20250626093613/up-api-keys-page_clerk.chips.browser_1d0dee_5.70.0-snapshot.v20250626093613.min.js.br
- clerk-js/5.70.0-snapshot.v20250626093613/up-api-keys-page_clerk.chips.browser_1d0dee_5.70.0-snapshot.v20250626093613.min.js.gz
- clerk-js/5.70.0-snapshot.v20250626093613/up-api-keys-page_clerk.chips.browser_1d0dee_5.70.0-snapshot.v20250626093613.min.js.sri
- clerk-js/5.70.0-snapshot.v20250626093613/up-api-keys-page_clerk.legacy.browser_4e6ac1_5.70.0-snapshot.v20250626093613.js.br
- clerk-js/5.70.0-snapshot.v20250626093613/up-api-keys-page_clerk.legacy.browser_4e6ac1_5.70.0-snapshot.v20250626093613.js.gz
- clerk-js/5.70.0-snapshot.v20250626093613/up-api-keys-page_clerk.legacy.browser_4e6ac1_5.70.0-snapshot.v20250626093613.js.sri
- clerk-js/5.70.0-snapshot.v20250626093613/up-api-keys-page_clerk.legacy.browser_4e6ac1_5.70.0-snapshot.v20250626093613.min.js.br
- clerk-js/5.70.0-snapshot.v20250626093613/up-api-keys-page_clerk.legacy.browser_4e6ac1_5.70.0-snapshot.v20250626093613.min.js.gz
- clerk-js/5.70.0-snapshot.v20250626093613/up-api-keys-page_clerk.legacy.browser_4e6ac1_5.70.0-snapshot.v20250626093613.min.js.sri
- clerk-js/5.70.0-snapshot.v20250626093613/up-billing-page_clerk.browser_788eb0_5.70.0-snapshot.v20250626093613.js.br
- clerk-js/5.70.0-snapshot.v20250626093613/up-billing-page_clerk.browser_788eb0_5.70.0-snapshot.v20250626093613.js.gz
- clerk-js/5.70.0-snapshot.v20250626093613/up-billing-page_clerk.browser_788eb0_5.70.0-snapshot.v20250626093613.js.sri
- clerk-js/5.70.0-snapshot.v20250626093613/up-billing-page_clerk.browser_788eb0_5.70.0-snapshot.v20250626093613.min.js.br
- clerk-js/5.70.0-snapshot.v20250626093613/up-billing-page_clerk.browser_788eb0_5.70.0-snapshot.v20250626093613.min.js.gz
- clerk-js/5.70.0-snapshot.v20250626093613/up-billing-page_clerk.browser_788eb0_5.70.0-snapshot.v20250626093613.min.js.sri
- clerk-js/5.70.0-snapshot.v20250626093613/up-billing-page_clerk.chips.browser_1d0dee_5.70.0-snapshot.v20250626093613.js.br
- clerk-js/5.70.0-snapshot.v20250626093613/up-billing-page_clerk.chips.browser_1d0dee_5.70.0-snapshot.v20250626093613.js.gz
- clerk-js/5.70.0-snapshot.v20250626093613/up-billing-page_clerk.chips.browser_1d0dee_5.70.0-snapshot.v20250626093613.js.sri
- clerk-js/5.70.0-snapshot.v20250626093613/up-billing-page_clerk.chips.browser_1d0dee_5.70.0-snapshot.v20250626093613.min.js.br
- clerk-js/5.70.0-snapshot.v20250626093613/up-billing-page_clerk.chips.browser_1d0dee_5.70.0-snapshot.v20250626093613.min.js.gz
- clerk-js/5.70.0-snapshot.v20250626093613/up-billing-page_clerk.chips.browser_1d0dee_5.70.0-snapshot.v20250626093613.min.js.sri
- clerk-js/5.70.0-snapshot.v20250626093613/up-billing-page_clerk.legacy.browser_4e6ac1_5.70.0-snapshot.v20250626093613.js.br
- clerk-js/5.70.0-snapshot.v20250626093613/up-billing-page_clerk.legacy.browser_4e6ac1_5.70.0-snapshot.v20250626093613.js.gz
- clerk-js/5.70.0-snapshot.v20250626093613/up-billing-page_clerk.legacy.browser_4e6ac1_5.70.0-snapshot.v20250626093613.js.sri
- clerk-js/5.70.0-snapshot.v20250626093613/up-billing-page_clerk.legacy.browser_4e6ac1_5.70.0-snapshot.v20250626093613.min.js.br
- clerk-js/5.70.0-snapshot.v20250626093613/up-billing-page_clerk.legacy.browser_4e6ac1_5.70.0-snapshot.v20250626093613.min.js.gz
- clerk-js/5.70.0-snapshot.v20250626093613/up-billing-page_clerk.legacy.browser_4e6ac1_5.70.0-snapshot.v20250626093613.min.js.sri
- clerk-js/5.70.0-snapshot.v20250626093613/userbutton_clerk.browser_788eb0_5.70.0-snapshot.v20250626093613.js.br
- clerk-js/5.70.0-snapshot.v20250626093613/userbutton_clerk.browser_788eb0_5.70.0-snapshot.v20250626093613.js.gz
- clerk-js/5.70.0-snapshot.v20250626093613/userbutton_clerk.browser_788eb0_5.70.0-snapshot.v20250626093613.js.sri
- clerk-js/5.70.0-snapshot.v20250626093613/userbutton_clerk.browser_788eb0_5.70.0-snapshot.v20250626093613.min.js.br
- clerk-js/5.70.0-snapshot.v20250626093613/userbutton_clerk.browser_788eb0_5.70.0-snapshot.v20250626093613.min.js.gz
- clerk-js/5.70.0-snapshot.v20250626093613/userbutton_clerk.browser_788eb0_5.70.0-snapshot.v20250626093613.min.js.sri
- clerk-js/5.70.0-snapshot.v20250626093613/userbutton_clerk.chips.browser_1d0dee_5.70.0-snapshot.v20250626093613.js.br
- clerk-js/5.70.0-snapshot.v20250626093613/userbutton_clerk.chips.browser_1d0dee_5.70.0-snapshot.v20250626093613.js.gz
- clerk-js/5.70.0-snapshot.v20250626093613/userbutton_clerk.chips.browser_1d0dee_5.70.0-snapshot.v20250626093613.js.sri
- clerk-js/5.70.0-snapshot.v20250626093613/userbutton_clerk.chips.browser_1d0dee_5.70.0-snapshot.v20250626093613.min.js.br
- clerk-js/5.70.0-snapshot.v20250626093613/userbutton_clerk.chips.browser_1d0dee_5.70.0-snapshot.v20250626093613.min.js.gz
- clerk-js/5.70.0-snapshot.v20250626093613/userbutton_clerk.chips.browser_1d0dee_5.70.0-snapshot.v20250626093613.min.js.sri
- clerk-js/5.70.0-snapshot.v20250626093613/userbutton_clerk.legacy.browser_4e6ac1_5.70.0-snapshot.v20250626093613.js.br
- clerk-js/5.70.0-snapshot.v20250626093613/userbutton_clerk.legacy.browser_4e6ac1_5.70.0-snapshot.v20250626093613.js.gz
- clerk-js/5.70.0-snapshot.v20250626093613/userbutton_clerk.legacy.browser_4e6ac1_5.70.0-snapshot.v20250626093613.js.sri
- clerk-js/5.70.0-snapshot.v20250626093613/userbutton_clerk.legacy.browser_4e6ac1_5.70.0-snapshot.v20250626093613.min.js.br
- clerk-js/5.70.0-snapshot.v20250626093613/userbutton_clerk.legacy.browser_4e6ac1_5.70.0-snapshot.v20250626093613.min.js.gz
- clerk-js/5.70.0-snapshot.v20250626093613/userbutton_clerk.legacy.browser_4e6ac1_5.70.0-snapshot.v20250626093613.min.js.sri
- clerk-js/5.70.0-snapshot.v20250626093613/userprofile_clerk.browser_788eb0_5.70.0-snapshot.v20250626093613.js.br
- clerk-js/5.70.0-snapshot.v20250626093613/userprofile_clerk.browser_788eb0_5.70.0-snapshot.v20250626093613.js.gz
- clerk-js/5.70.0-snapshot.v20250626093613/userprofile_clerk.browser_788eb0_5.70.0-snapshot.v20250626093613.js.sri
- clerk-js/5.70.0-snapshot.v20250626093613/userprofile_clerk.browser_788eb0_5.70.0-snapshot.v20250626093613.min.js.br
- clerk-js/5.70.0-snapshot.v20250626093613/userprofile_clerk.browser_788eb0_5.70.0-snapshot.v20250626093613.min.js.gz
- clerk-js/5.70.0-snapshot.v20250626093613/userprofile_clerk.browser_788eb0_5.70.0-snapshot.v20250626093613.min.js.sri
- clerk-js/5.70.0-snapshot.v20250626093613/userprofile_clerk.chips.browser_1d0dee_5.70.0-snapshot.v20250626093613.js.br
- clerk-js/5.70.0-snapshot.v20250626093613/userprofile_clerk.chips.browser_1d0dee_5.70.0-snapshot.v20250626093613.js.gz
- clerk-js/5.70.0-snapshot.v20250626093613/userprofile_clerk.chips.browser_1d0dee_5.70.0-snapshot.v20250626093613.js.sri
- clerk-js/5.70.0-snapshot.v20250626093613/userprofile_clerk.chips.browser_1d0dee_5.70.0-snapshot.v20250626093613.min.js.br
- clerk-js/5.70.0-snapshot.v20250626093613/userprofile_clerk.chips.browser_1d0dee_5.70.0-snapshot.v20250626093613.min.js.gz
- clerk-js/5.70.0-snapshot.v20250626093613/userprofile_clerk.chips.browser_1d0dee_5.70.0-snapshot.v20250626093613.min.js.sri
- clerk-js/5.70.0-snapshot.v20250626093613/userprofile_clerk.legacy.browser_4e6ac1_5.70.0-snapshot.v20250626093613.js.br
- clerk-js/5.70.0-snapshot.v20250626093613/userprofile_clerk.legacy.browser_4e6ac1_5.70.0-snapshot.v20250626093613.js.gz
- clerk-js/5.70.0-snapshot.v20250626093613/userprofile_clerk.legacy.browser_4e6ac1_5.70.0-snapshot.v20250626093613.js.sri
- clerk-js/5.70.0-snapshot.v20250626093613/userprofile_clerk.legacy.browser_4e6ac1_5.70.0-snapshot.v20250626093613.min.js.br
- clerk-js/5.70.0-snapshot.v20250626093613/userprofile_clerk.legacy.browser_4e6ac1_5.70.0-snapshot.v20250626093613.min.js.gz
- clerk-js/5.70.0-snapshot.v20250626093613/userprofile_clerk.legacy.browser_4e6ac1_5.70.0-snapshot.v20250626093613.min.js.sri
- clerk-js/5.70.0-snapshot.v20250626093613/userverification_clerk.browser_788eb0_5.70.0-snapshot.v20250626093613.js.br
- clerk-js/5.70.0-snapshot.v20250626093613/userverification_clerk.browser_788eb0_5.70.0-snapshot.v20250626093613.js.gz
- clerk-js/5.70.0-snapshot.v20250626093613/userverification_clerk.browser_788eb0_5.70.0-snapshot.v20250626093613.js.sri
- clerk-js/5.70.0-snapshot.v20250626093613/userverification_clerk.browser_788eb0_5.70.0-snapshot.v20250626093613.min.js.br
- clerk-js/5.70.0-snapshot.v20250626093613/userverification_clerk.browser_788eb0_5.70.0-snapshot.v20250626093613.min.js.gz
- clerk-js/5.70.0-snapshot.v20250626093613/userverification_clerk.browser_788eb0_5.70.0-snapshot.v20250626093613.min.js.sri
- clerk-js/5.70.0-snapshot.v20250626093613/userverification_clerk.chips.browser_1d0dee_5.70.0-snapshot.v20250626093613.js.br
- clerk-js/5.70.0-snapshot.v20250626093613/userverification_clerk.chips.browser_1d0dee_5.70.0-snapshot.v20250626093613.js.gz
- clerk-js/5.70.0-snapshot.v20250626093613/userverification_clerk.chips.browser_1d0dee_5.70.0-snapshot.v20250626093613.js.sri
- clerk-js/5.70.0-snapshot.v20250626093613/userverification_clerk.chips.browser_1d0dee_5.70.0-snapshot.v20250626093613.min.js.br
- clerk-js/5.70.0-snapshot.v20250626093613/userverification_clerk.chips.browser_1d0dee_5.70.0-snapshot.v20250626093613.min.js.gz
- clerk-js/5.70.0-snapshot.v20250626093613/userverification_clerk.chips.browser_1d0dee_5.70.0-snapshot.v20250626093613.min.js.sri
- clerk-js/5.70.0-snapshot.v20250626093613/userverification_clerk.legacy.browser_4e6ac1_5.70.0-snapshot.v20250626093613.js.br
- clerk-js/5.70.0-snapshot.v20250626093613/userverification_clerk.legacy.browser_4e6ac1_5.70.0-snapshot.v20250626093613.js.gz
- clerk-js/5.70.0-snapshot.v20250626093613/userverification_clerk.legacy.browser_4e6ac1_5.70.0-snapshot.v20250626093613.js.sri
- clerk-js/5.70.0-snapshot.v20250626093613/userverification_clerk.legacy.browser_4e6ac1_5.70.0-snapshot.v20250626093613.min.js.br
- clerk-js/5.70.0-snapshot.v20250626093613/userverification_clerk.legacy.browser_4e6ac1_5.70.0-snapshot.v20250626093613.min.js.gz
- clerk-js/5.70.0-snapshot.v20250626093613/userverification_clerk.legacy.browser_4e6ac1_5.70.0-snapshot.v20250626093613.min.js.sri
- clerk-js/5.70.0-snapshot.v20250626093613/vendors_clerk.browser_788eb0_5.70.0-snapshot.v20250626093613.js.br
- clerk-js/5.70.0-snapshot.v20250626093613/vendors_clerk.browser_788eb0_5.70.0-snapshot.v20250626093613.js.gz
- clerk-js/5.70.0-snapshot.v20250626093613/vendors_clerk.browser_788eb0_5.70.0-snapshot.v20250626093613.js.sri
- clerk-js/5.70.0-snapshot.v20250626093613/vendors_clerk.browser_788eb0_5.70.0-snapshot.v20250626093613.min.js.br
- clerk-js/5.70.0-snapshot.v20250626093613/vendors_clerk.browser_788eb0_5.70.0-snapshot.v20250626093613.min.js.gz
- clerk-js/5.70.0-snapshot.v20250626093613/vendors_clerk.browser_788eb0_5.70.0-snapshot.v20250626093613.min.js.sri
- clerk-js/5.70.0-snapshot.v20250626093613/vendors_clerk.chips.browser_1d0dee_5.70.0-snapshot.v20250626093613.js.br
- clerk-js/5.70.0-snapshot.v20250626093613/vendors_clerk.chips.browser_1d0dee_5.70.0-snapshot.v20250626093613.js.gz
- clerk-js/5.70.0-snapshot.v20250626093613/vendors_clerk.chips.browser_1d0dee_5.70.0-snapshot.v20250626093613.js.sri
- clerk-js/5.70.0-snapshot.v20250626093613/vendors_clerk.chips.browser_1d0dee_5.70.0-snapshot.v20250626093613.min.js.br
- clerk-js/5.70.0-snapshot.v20250626093613/vendors_clerk.chips.browser_1d0dee_5.70.0-snapshot.v20250626093613.min.js.gz
- clerk-js/5.70.0-snapshot.v20250626093613/vendors_clerk.chips.browser_1d0dee_5.70.0-snapshot.v20250626093613.min.js.sri
- clerk-js/5.70.0-snapshot.v20250626093613/vendors_clerk.headless.browser_a968ce_5.70.0-snapshot.v20250626093613.js.br
- clerk-js/5.70.0-snapshot.v20250626093613/vendors_clerk.headless.browser_a968ce_5.70.0-snapshot.v20250626093613.js.gz
- clerk-js/5.70.0-snapshot.v20250626093613/vendors_clerk.headless.browser_a968ce_5.70.0-snapshot.v20250626093613.js.sri
- clerk-js/5.70.0-snapshot.v20250626093613/vendors_clerk.headless.browser_a968ce_5.70.0-snapshot.v20250626093613.min.js.br
- clerk-js/5.70.0-snapshot.v20250626093613/vendors_clerk.headless.browser_a968ce_5.70.0-snapshot.v20250626093613.min.js.gz
- clerk-js/5.70.0-snapshot.v20250626093613/vendors_clerk.headless.browser_a968ce_5.70.0-snapshot.v20250626093613.min.js.sri
- clerk-js/5.70.0-snapshot.v20250626093613/vendors_clerk.legacy.browser_4e6ac1_5.70.0-snapshot.v20250626093613.js.br
- clerk-js/5.70.0-snapshot.v20250626093613/vendors_clerk.legacy.browser_4e6ac1_5.70.0-snapshot.v20250626093613.js.gz
- clerk-js/5.70.0-snapshot.v20250626093613/vendors_clerk.legacy.browser_4e6ac1_5.70.0-snapshot.v20250626093613.js.sri
- clerk-js/5.70.0-snapshot.v20250626093613/vendors_clerk.legacy.browser_4e6ac1_5.70.0-snapshot.v20250626093613.min.js.br
- clerk-js/5.70.0-snapshot.v20250626093613/vendors_clerk.legacy.browser_4e6ac1_5.70.0-snapshot.v20250626093613.min.js.gz
- clerk-js/5.70.0-snapshot.v20250626093613/vendors_clerk.legacy.browser_4e6ac1_5.70.0-snapshot.v20250626093613.min.js.sri
- clerk-js/5.70.0-snapshot.v20250626093613/waitlist_clerk.browser_788eb0_5.70.0-snapshot.v20250626093613.js.br
- clerk-js/5.70.0-snapshot.v20250626093613/waitlist_clerk.browser_788eb0_5.70.0-snapshot.v20250626093613.js.gz
- clerk-js/5.70.0-snapshot.v20250626093613/waitlist_clerk.browser_788eb0_5.70.0-snapshot.v20250626093613.js.sri
- clerk-js/5.70.0-snapshot.v20250626093613/waitlist_clerk.browser_788eb0_5.70.0-snapshot.v20250626093613.min.js.br
- clerk-js/5.70.0-snapshot.v20250626093613/waitlist_clerk.browser_788eb0_5.70.0-snapshot.v20250626093613.min.js.gz
- clerk-js/5.70.0-snapshot.v20250626093613/waitlist_clerk.browser_788eb0_5.70.0-snapshot.v20250626093613.min.js.sri
- clerk-js/5.70.0-snapshot.v20250626093613/waitlist_clerk.chips.browser_1d0dee_5.70.0-snapshot.v20250626093613.js.br
- clerk-js/5.70.0-snapshot.v20250626093613/waitlist_clerk.chips.browser_1d0dee_5.70.0-snapshot.v20250626093613.js.gz
- clerk-js/5.70.0-snapshot.v20250626093613/waitlist_clerk.chips.browser_1d0dee_5.70.0-snapshot.v20250626093613.js.sri
- clerk-js/5.70.0-snapshot.v20250626093613/waitlist_clerk.chips.browser_1d0dee_5.70.0-snapshot.v20250626093613.min.js.br
- clerk-js/5.70.0-snapshot.v20250626093613/waitlist_clerk.chips.browser_1d0dee_5.70.0-snapshot.v20250626093613.min.js.gz
- clerk-js/5.70.0-snapshot.v20250626093613/waitlist_clerk.chips.browser_1d0dee_5.70.0-snapshot.v20250626093613.min.js.sri
- clerk-js/5.70.0-snapshot.v20250626093613/waitlist_clerk.legacy.browser_4e6ac1_5.70.0-snapshot.v20250626093613.js.br
- clerk-js/5.70.0-snapshot.v20250626093613/waitlist_clerk.legacy.browser_4e6ac1_5.70.0-snapshot.v20250626093613.js.gz
- clerk-js/5.70.0-snapshot.v20250626093613/waitlist_clerk.legacy.browser_4e6ac1_5.70.0-snapshot.v20250626093613.js.sri
- clerk-js/5.70.0-snapshot.v20250626093613/waitlist_clerk.legacy.browser_4e6ac1_5.70.0-snapshot.v20250626093613.min.js.br
- clerk-js/5.70.0-snapshot.v20250626093613/waitlist_clerk.legacy.browser_4e6ac1_5.70.0-snapshot.v20250626093613.min.js.gz
- clerk-js/5.70.0-snapshot.v20250626093613/waitlist_clerk.legacy.browser_4e6ac1_5.70.0-snapshot.v20250626093613.min.js.sri
- clerk-js/5.70.0-snapshot.v20250626093613/zxcvbn-common_clerk.browser_788eb0_5.70.0-snapshot.v20250626093613.js.br
- clerk-js/5.70.0-snapshot.v20250626093613/zxcvbn-common_clerk.browser_788eb0_5.70.0-snapshot.v20250626093613.js.gz
- clerk-js/5.70.0-snapshot.v20250626093613/zxcvbn-common_clerk.browser_788eb0_5.70.0-snapshot.v20250626093613.js.sri
- clerk-js/5.70.0-snapshot.v20250626093613/zxcvbn-common_clerk.browser_788eb0_5.70.0-snapshot.v20250626093613.min.js.br
- clerk-js/5.70.0-snapshot.v20250626093613/zxcvbn-common_clerk.browser_788eb0_5.70.0-snapshot.v20250626093613.min.js.gz
- clerk-js/5.70.0-snapshot.v20250626093613/zxcvbn-common_clerk.browser_788eb0_5.70.0-snapshot.v20250626093613.min.js.sri
- clerk-js/5.70.0-snapshot.v20250626093613/zxcvbn-common_clerk.chips.browser_1d0dee_5.70.0-snapshot.v20250626093613.js.br
- clerk-js/5.70.0-snapshot.v20250626093613/zxcvbn-common_clerk.chips.browser_1d0dee_5.70.0-snapshot.v20250626093613.js.gz
- clerk-js/5.70.0-snapshot.v20250626093613/zxcvbn-common_clerk.chips.browser_1d0dee_5.70.0-snapshot.v20250626093613.js.sri
- clerk-js/5.70.0-snapshot.v20250626093613/zxcvbn-common_clerk.chips.browser_1d0dee_5.70.0-snapshot.v20250626093613.min.js.br
- clerk-js/5.70.0-snapshot.v20250626093613/zxcvbn-common_clerk.chips.browser_1d0dee_5.70.0-snapshot.v20250626093613.min.js.gz
- clerk-js/5.70.0-snapshot.v20250626093613/zxcvbn-common_clerk.chips.browser_1d0dee_5.70.0-snapshot.v20250626093613.min.js.sri
- clerk-js/5.70.0-snapshot.v20250626093613/zxcvbn-common_clerk.headless.browser_a968ce_5.70.0-snapshot.v20250626093613.js.br
- clerk-js/5.70.0-snapshot.v20250626093613/zxcvbn-common_clerk.headless.browser_a968ce_5.70.0-snapshot.v20250626093613.js.gz
- clerk-js/5.70.0-snapshot.v20250626093613/zxcvbn-common_clerk.headless.browser_a968ce_5.70.0-snapshot.v20250626093613.js.sri
- clerk-js/5.70.0-snapshot.v20250626093613/zxcvbn-common_clerk.headless.browser_a968ce_5.70.0-snapshot.v20250626093613.min.js.br
- clerk-js/5.70.0-snapshot.v20250626093613/zxcvbn-common_clerk.headless.browser_a968ce_5.70.0-snapshot.v20250626093613.min.js.gz
- clerk-js/5.70.0-snapshot.v20250626093613/zxcvbn-common_clerk.headless.browser_a968ce_5.70.0-snapshot.v20250626093613.min.js.sri
- clerk-js/5.70.0-snapshot.v20250626093613/zxcvbn-common_clerk.legacy.browser_4e6ac1_5.70.0-snapshot.v20250626093613.js.br
- clerk-js/5.70.0-snapshot.v20250626093613/zxcvbn-common_clerk.legacy.browser_4e6ac1_5.70.0-snapshot.v20250626093613.js.gz
- clerk-js/5.70.0-snapshot.v20250626093613/zxcvbn-common_clerk.legacy.browser_4e6ac1_5.70.0-snapshot.v20250626093613.js.sri
- clerk-js/5.70.0-snapshot.v20250626093613/zxcvbn-common_clerk.legacy.browser_4e6ac1_5.70.0-snapshot.v20250626093613.min.js.br
- clerk-js/5.70.0-snapshot.v20250626093613/zxcvbn-common_clerk.legacy.browser_4e6ac1_5.70.0-snapshot.v20250626093613.min.js.gz
- clerk-js/5.70.0-snapshot.v20250626093613/zxcvbn-common_clerk.legacy.browser_4e6ac1_5.70.0-snapshot.v20250626093613.min.js.sri
- clerk-js/5.70.0-snapshot.v20250626093613/zxcvbn-ts-core_clerk.browser_788eb0_5.70.0-snapshot.v20250626093613.js.br
- clerk-js/5.70.0-snapshot.v20250626093613/zxcvbn-ts-core_clerk.browser_788eb0_5.70.0-snapshot.v20250626093613.js.gz
- clerk-js/5.70.0-snapshot.v20250626093613/zxcvbn-ts-core_clerk.browser_788eb0_5.70.0-snapshot.v20250626093613.js.sri
- clerk-js/5.70.0-snapshot.v20250626093613/zxcvbn-ts-core_clerk.browser_788eb0_5.70.0-snapshot.v20250626093613.min.js.br
- clerk-js/5.70.0-snapshot.v20250626093613/zxcvbn-ts-core_clerk.browser_788eb0_5.70.0-snapshot.v20250626093613.min.js.gz
- clerk-js/5.70.0-snapshot.v20250626093613/zxcvbn-ts-core_clerk.browser_788eb0_5.70.0-snapshot.v20250626093613.min.js.sri
- clerk-js/5.70.0-snapshot.v20250626093613/zxcvbn-ts-core_clerk.chips.browser_1d0dee_5.70.0-snapshot.v20250626093613.js.br
- clerk-js/5.70.0-snapshot.v20250626093613/zxcvbn-ts-core_clerk.chips.browser_1d0dee_5.70.0-snapshot.v20250626093613.js.gz
- clerk-js/5.70.0-snapshot.v20250626093613/zxcvbn-ts-core_clerk.chips.browser_1d0dee_5.70.0-snapshot.v20250626093613.js.sri
- clerk-js/5.70.0-snapshot.v20250626093613/zxcvbn-ts-core_clerk.chips.browser_1d0dee_5.70.0-snapshot.v20250626093613.min.js.br
- clerk-js/5.70.0-snapshot.v20250626093613/zxcvbn-ts-core_clerk.chips.browser_1d0dee_5.70.0-snapshot.v20250626093613.min.js.gz
- clerk-js/5.70.0-snapshot.v20250626093613/zxcvbn-ts-core_clerk.chips.browser_1d0dee_5.70.0-snapshot.v20250626093613.min.js.sri
- clerk-js/5.70.0-snapshot.v20250626093613/zxcvbn-ts-core_clerk.headless.browser_a968ce_5.70.0-snapshot.v20250626093613.js.br
- clerk-js/5.70.0-snapshot.v20250626093613/zxcvbn-ts-core_clerk.headless.browser_a968ce_5.70.0-snapshot.v20250626093613.js.gz
- clerk-js/5.70.0-snapshot.v20250626093613/zxcvbn-ts-core_clerk.headless.browser_a968ce_5.70.0-snapshot.v20250626093613.js.sri
- clerk-js/5.70.0-snapshot.v20250626093613/zxcvbn-ts-core_clerk.headless.browser_a968ce_5.70.0-snapshot.v20250626093613.min.js.br
- clerk-js/5.70.0-snapshot.v20250626093613/zxcvbn-ts-core_clerk.headless.browser_a968ce_5.70.0-snapshot.v20250626093613.min.js.gz
- clerk-js/5.70.0-snapshot.v20250626093613/zxcvbn-ts-core_clerk.headless.browser_a968ce_5.70.0-snapshot.v20250626093613.min.js.sri
- clerk-js/5.70.0-snapshot.v20250626093613/zxcvbn-ts-core_clerk.legacy.browser_4e6ac1_5.70.0-snapshot.v20250626093613.js.br
- clerk-js/5.70.0-snapshot.v20250626093613/zxcvbn-ts-core_clerk.legacy.browser_4e6ac1_5.70.0-snapshot.v20250626093613.js.gz
- clerk-js/5.70.0-snapshot.v20250626093613/zxcvbn-ts-core_clerk.legacy.browser_4e6ac1_5.70.0-snapshot.v20250626093613.js.sri
- clerk-js/5.70.0-snapshot.v20250626093613/zxcvbn-ts-core_clerk.legacy.browser_4e6ac1_5.70.0-snapshot.v20250626093613.min.js.br
- clerk-js/5.70.0-snapshot.v20250626093613/zxcvbn-ts-core_clerk.legacy.browser_4e6ac1_5.70.0-snapshot.v20250626093613.min.js.gz
- clerk-js/5.70.0-snapshot.v20250626093613/zxcvbn-ts-core_clerk.legacy.browser_4e6ac1_5.70.0-snapshot.v20250626093613.min.js.sri
