Files:
- cloudinary-video-player/3.0.2/adaptive-streaming.js.br
- cloudinary-video-player/3.0.2/adaptive-streaming.js.gz
- cloudinary-video-player/3.0.2/adaptive-streaming.js.sri
- cloudinary-video-player/3.0.2/adaptive-streaming.min.js.br
- cloudinary-video-player/3.0.2/adaptive-streaming.min.js.gz
- cloudinary-video-player/3.0.2/adaptive-streaming.min.js.sri
- cloudinary-video-player/3.0.2/chapters.js.br
- cloudinary-video-player/3.0.2/chapters.js.gz
- cloudinary-video-player/3.0.2/chapters.js.sri
- cloudinary-video-player/3.0.2/chapters.min.js.br
- cloudinary-video-player/3.0.2/chapters.min.js.gz
- cloudinary-video-player/3.0.2/chapters.min.js.sri
- cloudinary-video-player/3.0.2/cld-video-player.css.br
- cloudinary-video-player/3.0.2/cld-video-player.css.gz
- cloudinary-video-player/3.0.2/cld-video-player.css.sri
- cloudinary-video-player/3.0.2/cld-video-player.js.br
- cloudinary-video-player/3.0.2/cld-video-player.js.gz
- cloudinary-video-player/3.0.2/cld-video-player.js.sri
- cloudinary-video-player/3.0.2/cld-video-player.light.js.br
- cloudinary-video-player/3.0.2/cld-video-player.light.js.gz
- cloudinary-video-player/3.0.2/cld-video-player.light.js.sri
- cloudinary-video-player/3.0.2/cld-video-player.light.min.js.br
- cloudinary-video-player/3.0.2/cld-video-player.light.min.js.gz
- cloudinary-video-player/3.0.2/cld-video-player.light.min.js.sri
- cloudinary-video-player/3.0.2/cld-video-player.min.css.br
- cloudinary-video-player/3.0.2/cld-video-player.min.css.gz
- cloudinary-video-player/3.0.2/cld-video-player.min.css.sri
- cloudinary-video-player/3.0.2/cld-video-player.min.js.br
- cloudinary-video-player/3.0.2/cld-video-player.min.js.gz
- cloudinary-video-player/3.0.2/cld-video-player.min.js.sri
- cloudinary-video-player/3.0.2/colors.js.br
- cloudinary-video-player/3.0.2/colors.js.gz
- cloudinary-video-player/3.0.2/colors.js.sri
- cloudinary-video-player/3.0.2/colors.min.js.br
- cloudinary-video-player/3.0.2/colors.min.js.gz
- cloudinary-video-player/3.0.2/colors.min.js.sri
- cloudinary-video-player/3.0.2/dash.js.br
- cloudinary-video-player/3.0.2/dash.js.gz
- cloudinary-video-player/3.0.2/dash.js.sri
- cloudinary-video-player/3.0.2/dash.min.js.br
- cloudinary-video-player/3.0.2/dash.min.js.gz
- cloudinary-video-player/3.0.2/dash.min.js.sri
- cloudinary-video-player/3.0.2/debug.js.br
- cloudinary-video-player/3.0.2/debug.js.gz
- cloudinary-video-player/3.0.2/debug.js.sri
- cloudinary-video-player/3.0.2/debug.min.js.br
- cloudinary-video-player/3.0.2/debug.min.js.gz
- cloudinary-video-player/3.0.2/debug.min.js.sri
- cloudinary-video-player/3.0.2/ima.js.br
- cloudinary-video-player/3.0.2/ima.js.gz
- cloudinary-video-player/3.0.2/ima.js.sri
- cloudinary-video-player/3.0.2/ima.min.js.br
- cloudinary-video-player/3.0.2/ima.min.js.gz
- cloudinary-video-player/3.0.2/ima.min.js.sri
- cloudinary-video-player/3.0.2/interaction-areas.js.br
- cloudinary-video-player/3.0.2/interaction-areas.js.gz
- cloudinary-video-player/3.0.2/interaction-areas.js.sri
- cloudinary-video-player/3.0.2/interaction-areas.min.js.br
- cloudinary-video-player/3.0.2/interaction-areas.min.js.gz
- cloudinary-video-player/3.0.2/interaction-areas.min.js.sri
- cloudinary-video-player/3.0.2/node_modules_lodash_throttle_js.js.br
- cloudinary-video-player/3.0.2/node_modules_lodash_throttle_js.js.gz
- cloudinary-video-player/3.0.2/node_modules_lodash_throttle_js.js.sri
- cloudinary-video-player/3.0.2/node_modules_lodash_throttle_js.min.js.br
- cloudinary-video-player/3.0.2/node_modules_lodash_throttle_js.min.js.gz
- cloudinary-video-player/3.0.2/node_modules_lodash_throttle_js.min.js.sri
- cloudinary-video-player/3.0.2/playlist.js.br
- cloudinary-video-player/3.0.2/playlist.js.gz
- cloudinary-video-player/3.0.2/playlist.js.sri
- cloudinary-video-player/3.0.2/playlist.min.js.br
- cloudinary-video-player/3.0.2/playlist.min.js.gz
- cloudinary-video-player/3.0.2/playlist.min.js.sri
- cloudinary-video-player/3.0.2/recommendations-overlay.js.br
- cloudinary-video-player/3.0.2/recommendations-overlay.js.gz
- cloudinary-video-player/3.0.2/recommendations-overlay.js.sri
- cloudinary-video-player/3.0.2/recommendations-overlay.min.js.br
- cloudinary-video-player/3.0.2/recommendations-overlay.min.js.gz
- cloudinary-video-player/3.0.2/recommendations-overlay.min.js.sri
- cloudinary-video-player/3.0.2/shoppable.js.br
- cloudinary-video-player/3.0.2/shoppable.js.gz
- cloudinary-video-player/3.0.2/shoppable.js.sri
- cloudinary-video-player/3.0.2/shoppable.min.js.br
- cloudinary-video-player/3.0.2/shoppable.min.js.gz
- cloudinary-video-player/3.0.2/shoppable.min.js.sri
- cloudinary-video-player/3.0.2/srt-text-tracks.js.br
- cloudinary-video-player/3.0.2/srt-text-tracks.js.gz
- cloudinary-video-player/3.0.2/srt-text-tracks.js.sri
- cloudinary-video-player/3.0.2/srt-text-tracks.min.js.br
- cloudinary-video-player/3.0.2/srt-text-tracks.min.js.gz
- cloudinary-video-player/3.0.2/srt-text-tracks.min.js.sri
- cloudinary-video-player/3.0.2/visual-search.js.br
- cloudinary-video-player/3.0.2/visual-search.js.gz
- cloudinary-video-player/3.0.2/visual-search.js.sri
- cloudinary-video-player/3.0.2/visual-search.min.js.br
- cloudinary-video-player/3.0.2/visual-search.min.js.gz
- cloudinary-video-player/3.0.2/visual-search.min.js.sri
