- soga/0.1.7/soga.d.ts.br
- soga/0.1.7/soga.d.ts.gz
- soga/0.1.7/soga.esm.js.br
- soga/0.1.7/soga.esm.js.gz
- soga/0.1.7/soga.esm.js.map.br
- soga/0.1.7/soga.esm.js.map.gz
- soga/0.1.7/soga.esm.min.js.br
- soga/0.1.7/soga.esm.min.js.gz
- soga/0.1.7/soga.esm.min.js.map.br
- soga/0.1.7/soga.esm.min.js.map.gz
- soga/0.1.7/soga.js.br
- soga/0.1.7/soga.js.gz
- soga/0.1.7/soga.js.map.br
- soga/0.1.7/soga.js.map.gz
- soga/0.1.7/soga.min.js.br
- soga/0.1.7/soga.min.js.gz
- soga/0.1.7/soga.min.js.map.br
- soga/0.1.7/soga.min.js.map.gz
- soga/0.1.7/uploader.swf.br
- soga/0.1.7/uploader.swf.gz