config: {"authors":[{"name":"Firebase","email":"firebase-support@google.com","url":"https://firebase.google.com/"}],"autoupdate":{"source":"npm","target":"firebase","fileMap":[{"basePath":"","files":["firebase*.+(js|map)"]},{"basePath":"lib","files":["firebase*.+(js|map)"]},{"basePath":"dist","files":["firebase*.+(js|map)"]}],"ignoreVersions":["*-canary.*"]},"description":"Firebase JavaScript library for web and Node.js","filename":"firebase.js","homepage":"https://firebase.google.com/","keywords":["authentication","database","Firebase","firebase","realtime","storage"],"license":"Apache-2.0","name":"firebase","repository":{"type":"git","url":"https://github.com/firebase/firebase-js-sdk.git"},"author":"Firebase \u003cfirebase-support@google.com\u003e (https://firebase.google.com/)"}
KV keys:
- firebase/11.8.1/firebase-ai.js.br
- firebase/11.8.1/firebase-ai.js.gz
- firebase/11.8.1/firebase-ai.js.map.br
- firebase/11.8.1/firebase-ai.js.map.gz
- firebase/11.8.1/firebase-ai.min.js.br
- firebase/11.8.1/firebase-ai.min.js.gz
- firebase/11.8.1/firebase-analytics-compat.js.br
- firebase/11.8.1/firebase-analytics-compat.js.gz
- firebase/11.8.1/firebase-analytics-compat.js.map.br
- firebase/11.8.1/firebase-analytics-compat.js.map.gz
- firebase/11.8.1/firebase-analytics-compat.min.js.br
- firebase/11.8.1/firebase-analytics-compat.min.js.gz
- firebase/11.8.1/firebase-analytics.js.br
- firebase/11.8.1/firebase-analytics.js.gz
- firebase/11.8.1/firebase-analytics.js.map.br
- firebase/11.8.1/firebase-analytics.js.map.gz
- firebase/11.8.1/firebase-analytics.min.js.br
- firebase/11.8.1/firebase-analytics.min.js.gz
- firebase/11.8.1/firebase-app-check-compat.js.br
- firebase/11.8.1/firebase-app-check-compat.js.gz
- firebase/11.8.1/firebase-app-check-compat.js.map.br
- firebase/11.8.1/firebase-app-check-compat.js.map.gz
- firebase/11.8.1/firebase-app-check-compat.min.js.br
- firebase/11.8.1/firebase-app-check-compat.min.js.gz
- firebase/11.8.1/firebase-app-check.js.br
- firebase/11.8.1/firebase-app-check.js.gz
- firebase/11.8.1/firebase-app-check.js.map.br
- firebase/11.8.1/firebase-app-check.js.map.gz
- firebase/11.8.1/firebase-app-check.min.js.br
- firebase/11.8.1/firebase-app-check.min.js.gz
- firebase/11.8.1/firebase-app-compat.js.br
- firebase/11.8.1/firebase-app-compat.js.gz
- firebase/11.8.1/firebase-app-compat.js.map.br
- firebase/11.8.1/firebase-app-compat.js.map.gz
- firebase/11.8.1/firebase-app-compat.min.js.br
- firebase/11.8.1/firebase-app-compat.min.js.gz
- firebase/11.8.1/firebase-app.js.br
- firebase/11.8.1/firebase-app.js.gz
- firebase/11.8.1/firebase-app.js.map.br
- firebase/11.8.1/firebase-app.js.map.gz
- firebase/11.8.1/firebase-app.min.js.br
- firebase/11.8.1/firebase-app.min.js.gz
- firebase/11.8.1/firebase-auth-compat.js.br
- firebase/11.8.1/firebase-auth-compat.js.gz
- firebase/11.8.1/firebase-auth-compat.js.map.br
- firebase/11.8.1/firebase-auth-compat.js.map.gz
- firebase/11.8.1/firebase-auth-compat.min.js.br
- firebase/11.8.1/firebase-auth-compat.min.js.gz
- firebase/11.8.1/firebase-auth-cordova.js.br
- firebase/11.8.1/firebase-auth-cordova.js.gz
- firebase/11.8.1/firebase-auth-cordova.js.map.br
- firebase/11.8.1/firebase-auth-cordova.js.map.gz
- firebase/11.8.1/firebase-auth-cordova.min.js.br
- firebase/11.8.1/firebase-auth-cordova.min.js.gz
- firebase/11.8.1/firebase-auth-web-extension.js.br
- firebase/11.8.1/firebase-auth-web-extension.js.gz
- firebase/11.8.1/firebase-auth-web-extension.js.map.br
- firebase/11.8.1/firebase-auth-web-extension.js.map.gz
- firebase/11.8.1/firebase-auth-web-extension.min.js.br
- firebase/11.8.1/firebase-auth-web-extension.min.js.gz
- firebase/11.8.1/firebase-auth.js.br
- firebase/11.8.1/firebase-auth.js.gz
- firebase/11.8.1/firebase-auth.js.map.br
- firebase/11.8.1/firebase-auth.js.map.gz
- firebase/11.8.1/firebase-auth.min.js.br
- firebase/11.8.1/firebase-auth.min.js.gz
- firebase/11.8.1/firebase-compat.js.br
- firebase/11.8.1/firebase-compat.js.gz
- firebase/11.8.1/firebase-compat.js.map.br
- firebase/11.8.1/firebase-compat.js.map.gz
- firebase/11.8.1/firebase-compat.min.js.br
- firebase/11.8.1/firebase-compat.min.js.gz
- firebase/11.8.1/firebase-data-connect.js.br
- firebase/11.8.1/firebase-data-connect.js.gz
- firebase/11.8.1/firebase-data-connect.js.map.br
- firebase/11.8.1/firebase-data-connect.js.map.gz
- firebase/11.8.1/firebase-data-connect.min.js.br
- firebase/11.8.1/firebase-data-connect.min.js.gz
- firebase/11.8.1/firebase-database-compat.js.br
- firebase/11.8.1/firebase-database-compat.js.gz
- firebase/11.8.1/firebase-database-compat.js.map.br
- firebase/11.8.1/firebase-database-compat.js.map.gz
- firebase/11.8.1/firebase-database-compat.min.js.br
- firebase/11.8.1/firebase-database-compat.min.js.gz
- firebase/11.8.1/firebase-database.js.br
- firebase/11.8.1/firebase-database.js.gz
- firebase/11.8.1/firebase-database.js.map.br
- firebase/11.8.1/firebase-database.js.map.gz
- firebase/11.8.1/firebase-database.min.js.br
- firebase/11.8.1/firebase-database.min.js.gz
- firebase/11.8.1/firebase-firestore-compat.js.br
- firebase/11.8.1/firebase-firestore-compat.js.gz
- firebase/11.8.1/firebase-firestore-compat.js.map.br
- firebase/11.8.1/firebase-firestore-compat.js.map.gz
- firebase/11.8.1/firebase-firestore-compat.min.js.br
- firebase/11.8.1/firebase-firestore-compat.min.js.gz
- firebase/11.8.1/firebase-firestore-lite.js.br
- firebase/11.8.1/firebase-firestore-lite.js.gz
- firebase/11.8.1/firebase-firestore-lite.js.map.br
- firebase/11.8.1/firebase-firestore-lite.js.map.gz
- firebase/11.8.1/firebase-firestore-lite.min.js.br
- firebase/11.8.1/firebase-firestore-lite.min.js.gz
- firebase/11.8.1/firebase-firestore.js.br
- firebase/11.8.1/firebase-firestore.js.gz
- firebase/11.8.1/firebase-firestore.js.map.br
- firebase/11.8.1/firebase-firestore.js.map.gz
- firebase/11.8.1/firebase-firestore.min.js.br
- firebase/11.8.1/firebase-firestore.min.js.gz
- firebase/11.8.1/firebase-functions-compat.js.br
- firebase/11.8.1/firebase-functions-compat.js.gz
- firebase/11.8.1/firebase-functions-compat.js.map.br
- firebase/11.8.1/firebase-functions-compat.js.map.gz
- firebase/11.8.1/firebase-functions-compat.min.js.br
- firebase/11.8.1/firebase-functions-compat.min.js.gz
- firebase/11.8.1/firebase-functions.js.br
- firebase/11.8.1/firebase-functions.js.gz
- firebase/11.8.1/firebase-functions.js.map.br
- firebase/11.8.1/firebase-functions.js.map.gz
- firebase/11.8.1/firebase-functions.min.js.br
- firebase/11.8.1/firebase-functions.min.js.gz
- firebase/11.8.1/firebase-installations-compat.js.br
- firebase/11.8.1/firebase-installations-compat.js.gz
- firebase/11.8.1/firebase-installations-compat.js.map.br
- firebase/11.8.1/firebase-installations-compat.js.map.gz
- firebase/11.8.1/firebase-installations-compat.min.js.br
- firebase/11.8.1/firebase-installations-compat.min.js.gz
- firebase/11.8.1/firebase-installations.js.br
- firebase/11.8.1/firebase-installations.js.gz
- firebase/11.8.1/firebase-installations.js.map.br
- firebase/11.8.1/firebase-installations.js.map.gz
- firebase/11.8.1/firebase-installations.min.js.br
- firebase/11.8.1/firebase-installations.min.js.gz
- firebase/11.8.1/firebase-messaging-compat.js.br
- firebase/11.8.1/firebase-messaging-compat.js.gz
- firebase/11.8.1/firebase-messaging-compat.js.map.br
- firebase/11.8.1/firebase-messaging-compat.js.map.gz
- firebase/11.8.1/firebase-messaging-compat.min.js.br
- firebase/11.8.1/firebase-messaging-compat.min.js.gz
- firebase/11.8.1/firebase-messaging-sw.js.br
- firebase/11.8.1/firebase-messaging-sw.js.gz
- firebase/11.8.1/firebase-messaging-sw.js.map.br
- firebase/11.8.1/firebase-messaging-sw.js.map.gz
- firebase/11.8.1/firebase-messaging-sw.min.js.br
- firebase/11.8.1/firebase-messaging-sw.min.js.gz
- firebase/11.8.1/firebase-messaging.js.br
- firebase/11.8.1/firebase-messaging.js.gz
- firebase/11.8.1/firebase-messaging.js.map.br
- firebase/11.8.1/firebase-messaging.js.map.gz
- firebase/11.8.1/firebase-messaging.min.js.br
- firebase/11.8.1/firebase-messaging.min.js.gz
- firebase/11.8.1/firebase-performance-compat.js.br
- firebase/11.8.1/firebase-performance-compat.js.gz
- firebase/11.8.1/firebase-performance-compat.js.map.br
- firebase/11.8.1/firebase-performance-compat.js.map.gz
- firebase/11.8.1/firebase-performance-compat.min.js.br
- firebase/11.8.1/firebase-performance-compat.min.js.gz
- firebase/11.8.1/firebase-performance-standalone-compat.js.br
- firebase/11.8.1/firebase-performance-standalone-compat.js.gz
- firebase/11.8.1/firebase-performance-standalone-compat.js.map.br
- firebase/11.8.1/firebase-performance-standalone-compat.js.map.gz
- firebase/11.8.1/firebase-performance-standalone-compat.min.js.br
- firebase/11.8.1/firebase-performance-standalone-compat.min.js.gz
- firebase/11.8.1/firebase-performance.js.br
- firebase/11.8.1/firebase-performance.js.gz
- firebase/11.8.1/firebase-performance.js.map.br
- firebase/11.8.1/firebase-performance.js.map.gz
- firebase/11.8.1/firebase-performance.min.js.br
- firebase/11.8.1/firebase-performance.min.js.gz
- firebase/11.8.1/firebase-remote-config-compat.js.br
- firebase/11.8.1/firebase-remote-config-compat.js.gz
- firebase/11.8.1/firebase-remote-config-compat.js.map.br
- firebase/11.8.1/firebase-remote-config-compat.js.map.gz
- firebase/11.8.1/firebase-remote-config-compat.min.js.br
- firebase/11.8.1/firebase-remote-config-compat.min.js.gz
- firebase/11.8.1/firebase-remote-config.js.br
- firebase/11.8.1/firebase-remote-config.js.gz
- firebase/11.8.1/firebase-remote-config.js.map.br
- firebase/11.8.1/firebase-remote-config.js.map.gz
- firebase/11.8.1/firebase-remote-config.min.js.br
- firebase/11.8.1/firebase-remote-config.min.js.gz
- firebase/11.8.1/firebase-storage-compat.js.br
- firebase/11.8.1/firebase-storage-compat.js.gz
- firebase/11.8.1/firebase-storage-compat.js.map.br
- firebase/11.8.1/firebase-storage-compat.js.map.gz
- firebase/11.8.1/firebase-storage-compat.min.js.br
- firebase/11.8.1/firebase-storage-compat.min.js.gz
- firebase/11.8.1/firebase-storage.js.br
- firebase/11.8.1/firebase-storage.js.gz
- firebase/11.8.1/firebase-storage.js.map.br
- firebase/11.8.1/firebase-storage.js.map.gz
- firebase/11.8.1/firebase-storage.min.js.br
- firebase/11.8.1/firebase-storage.min.js.gz
- firebase/11.8.1/firebase-vertexai.js.br
- firebase/11.8.1/firebase-vertexai.js.gz
- firebase/11.8.1/firebase-vertexai.js.map.br
- firebase/11.8.1/firebase-vertexai.js.map.gz
- firebase/11.8.1/firebase-vertexai.min.js.br
- firebase/11.8.1/firebase-vertexai.min.js.gz
SRIs:
- firebase/11.8.1/firebase-storage-compat.min.js: sha512-LN3Mz0ecBGtlUjbqY0wzO3okcQqrh1mhe4yKX5V7PTP2Nb5cbPQ3PCXEeqL9AbEasbQV0AClXoDGrbHmgmzlAA==
- firebase/11.8.1/firebase-app.min.js: sha512-faczRvkhUCjZgVt+zvzEhseTP7BIZPxnS/u3BIBgqLbMm8t/Hw418rvhCWnMdu5w5xCr0wfDYAlHJ1iUS92S7g==
- firebase/11.8.1/firebase-auth-cordova.min.js: sha512-gj3ZukwiYvefhePFFC1Vg3Rnb1GrvBDPZUC/dCwGicILQms99LaCv7BqR1vGnlz68KIysHL+3emwYVZn3ayoTA==
- firebase/11.8.1/firebase-auth-web-extension.js: sha512-aEEqPSxf2z8rQDh3AP7PHjKxIKDnUMQaMI9ob7IjrvH9SqyK3pOhEf8+jtOF4KyfxybHq1apy0+MRh9oz6V6ZQ==
- firebase/11.8.1/firebase-compat.min.js: sha512-hYoSwNCiggtSDIZ0l8vVCbR6wmbP1zNVWOp3Vd3LDv82fZxkQWgkNOHErcxNG4AfSCmi64WAGWcWMUXFynXi0g==
- firebase/11.8.1/firebase-firestore-lite.js: sha512-/2z48LADCTSlOnNqksKRzUh/MGRM19zvq0n48FLHAADEKQv0uOSL55umZdc3AqpVeqTo8PSawQEXMT0PI3zRhg==
- firebase/11.8.1/firebase-firestore.js: sha512-Hq3HL49gtcgJLkARll9paKc5y3MbvXCYjfF6H4a3+GEb1u7E0AUP/XHjttNWi+F9NuDxJFVdNPJk/GM8aK/CRQ==
- firebase/11.8.1/firebase-remote-config-compat.min.js: sha512-t66p1+lbNJIIp84n2gXsMi9E+6x7f06f0CVlVqOnC3gejKGpoWVmvL8A0MS4Y5qPspWMjTKUae6X6C7XTxKlDw==
- firebase/11.8.1/firebase-functions-compat.js: sha512-TE9Dv3gRs4mKITY7K50CwET9vJByjfT2ZwkQ2Uij47gUBnhOim0YQN3VP0mFn5oWVwOpyLWgmkJfmMSGyRnfUQ==
- firebase/11.8.1/firebase-messaging-compat.min.js: sha512-74ptt5VyZJYEjy9dXsP8kCDvwPvh1gSxRRq12UeagMgbEoEZPZ/hcQuL1JYDlN7XXoATM0Tq3FCGfnubtLboAQ==
- firebase/11.8.1/firebase-performance.js: sha512-0080ln7Xrnir8RhEh/NE7IN2sr5sMWfLyzdQdDAli2RisMx+qUlT+7qDUNfZtW0LwofsjItE9SzVhp4WmB4hzQ==
- firebase/11.8.1/firebase-performance.min.js: sha512-kdG+P9o2tE708YgZeR7T46L1VKjkY1j7+fpdAq3zexfCmBf61b3sKxzTe4jwYYNKe194P9nJupafCGVx+31z0Q==
- firebase/11.8.1/firebase-firestore-compat.min.js: sha512-abqWsoCgjfk5H8m5lUlnugesg2ZUcFa4ldLwbdOyf1WO/cTeBSrPTRIqaWIzB/DCnmmcQgUSVZpQLwWwzTq3Xw==
- firebase/11.8.1/firebase-analytics.js: sha512-b0wZfgfo0hZRfgqKg7Wsv1akCiz8zCVbqAaVoz150/3tHYe64eVlip5KdMDNvgBeNB0hPu4ehnQ6HuQYWNnAFg==
- firebase/11.8.1/firebase-functions-compat.min.js: sha512-rFRScartmPB6HS+ZDb1yc7vaGxlSgPkZC/QEtFQ40Qf+IAfxKTVF9EgOn2Kd0LT0pZ1fZdujNsKFHz+WyJdVAw==
- firebase/11.8.1/firebase-messaging.min.js: sha512-uroh6+ugkzAZjCB0g+B79Wa2Fe2YEVJu9gTnzBZNulCtKEQvio1KqmPvBl7lcRIuzEmOUk5DUxWGHFSU1sWynA==
- firebase/11.8.1/firebase-database.min.js: sha512-Yx9OMybUCy9ZzLBtWNw9JBzdLzRPjwGG+vMYag/5ta5W5MHK8+Wa5uXokNzfTwUGP+CiwNCGLmj7GVGqOj0AFg==
- firebase/11.8.1/firebase-functions.js: sha512-Jz4ozPn5xInt1e8hLr2kToWXZlDtD8HFab1V2PTK4nt+lKXj3wSIQlnUe9YWWgjiWGZT9bdlkOcv8vWEcKPJPw==
- firebase/11.8.1/firebase-messaging.js: sha512-KZMwKfvNMC2A2Zya2t+32hu4QUiTQIQ/HNS5k5KXN6U5H1IWSQah5/Nurf26NupiTlZe3VJyCrPwQ82Pfmu7Bg==
- firebase/11.8.1/firebase-app-check.js: sha512-19Sydm4eOd7Q+AbQvGWNI9MWgYlbPFXHA4fsK2FwDDb6aAhjX0EF8RoFdrQ0OUHQiXEbuHyo7VbfoM0Hk5itaQ==
- firebase/11.8.1/firebase-auth-compat.js: sha512-C+sbcPj5SjAELgVTqzIvtxgsI/zEgIUZwcwLyd0UQF6hCBfBQcd03vZnuTnEx6I4tWlfw2NME4DfF+UVvpfPWQ==
- firebase/11.8.1/firebase-functions.min.js: sha512-u6J6/rFXcz+VorKjdm75Jamb3qo0gfNGUKlEAiQhRoupP4qyqf0yY5/obaYiL3bXowxF6aW3mTX3wRS35ncE3w==
- firebase/11.8.1/firebase-installations.min.js: sha512-dgd+xOyKWhlAHtUngA7XpSMpLs7mmUqxRmPPJRlNXa8r59N/MTDsGHa9cOBrA3rD4RTpAxS1Io/LX6oF3J6eFw==
- firebase/11.8.1/firebase-performance-compat.min.js: sha512-5FCYGV/BgOVw1kfDNdhJ9RoOYSexSy2il8K7lvlESNvrRRmzPX9lzdqoCsGiWrG6eFTc7Zz2CeTnOzcy95i5KQ==
- firebase/11.8.1/firebase-app-compat.min.js: sha512-yxh0TomNOqK48hN6Md+2nRFS5IMlGO9UOF9ALSWE61cEse944OGyu3MEDc4GkBnyV2qmKzDMfF5EgFK71jPjrw==
- firebase/11.8.1/firebase-auth-web-extension.min.js: sha512-/yJj2Fv9I16EvdR8npiVIpQ16D5Py1SzRUq3zIUuhcE1a2Oit2ZuN3aNodNyQ8zpvsgN7ro6f8nCOmv1FcTasw==
- firebase/11.8.1/firebase-compat.js: sha512-H5EOI8yZEU4rMkz7zPy2L/u9tT0p05o2sRGRSMu05iyYQUd6WoIW/1hmrKuNB3shPZdMoqYtP1dvJboltw3h2w==
- firebase/11.8.1/firebase-database.js: sha512-bU9ch9JcFFjP5HWR1yeRHKxyWLTFkHQfZ4nHXp8b3Flin1EgQigeh2s7OMpFo8Md/UDzN4LVS5gvUWo4EMgvQg==
- firebase/11.8.1/firebase-firestore.min.js: sha512-kG86bJk16Y8Oy+qAsXcQxqPbItuGZUJUqd8b69YFimtb9Tgz0G/GWdYn8qPx9OiWd34qzZSI5I02sfaHmyHVcg==
- firebase/11.8.1/firebase-remote-config.js: sha512-S/fDL4bS9oh30DQZd4p4mV2YdzHC3IpekuENApZ+Es5TSUvgx+HXv9ewLEAom7Lok9087b1DbwS5+x7POrAELQ==
- firebase/11.8.1/firebase-storage-compat.js: sha512-pmKZkQqsmnzP1xwQE8fTB+7EWcBzi/EJyjfhmb4P4Wc/gSOxCBcBhRmt96+G2CSSdpaMiYEdCn0YpRuQh2+uKQ==
- firebase/11.8.1/firebase-app.js: sha512-W2r0/vh9f/heKbLjgkIX/A8rK++pH6xjm4dNtfHdHiVg7n1gOtIh37q5heX6xU4Q/rBM+5z3AmfjVGFBLL+YvQ==
- firebase/11.8.1/firebase-auth-compat.min.js: sha512-4nfC5Pxl6HPFPhOtczG97qYSewynqyrNHsd1u10OEKx7dLtm03U/zMQjozKjAmF4P+p5jBHuxZsMfFcSYVYPpQ==
- firebase/11.8.1/firebase-database-compat.min.js: sha512-m/8GUioQEQKg1UelSDwNpXPTrnMVbaBMNIk5bt3IwlNv8Un7X/gd/37O+TozTRqDHleqKaNnlam/+h9vNHhlOA==
- firebase/11.8.1/firebase-vertexai.min.js: sha512-gQH8GPS6NailpHCZjdeq1jtOn3jJEW8Y5qVfXZyVVEdWk2w/w3PYQbe2nRD0Sefz95WifT/nx2J37zG/EmWTTQ==
- firebase/11.8.1/firebase-ai.js: sha512-wEfKSpRyugeOhBqgecgUotV/Iwsvx+0wtKSkqOoyKWqBcbpJkwZiGldCjX4XdXsChdJ87OOsMsdcDsmhlxCjrQ==
- firebase/11.8.1/firebase-app-check-compat.js: sha512-Mma1W/lyRXioKadlzI6ypkxN4wxqrAn2WukHTfZLGtcUadYS8/khi4V51ZQHeggiizp1DcJTYaQXdKcmn+MfEg==
- firebase/11.8.1/firebase-app-check-compat.min.js: sha512-slQFx7GSq9fIMNr3dUeZaheX3mvr1BNP0CcBsoYc/YtoMAxbEXyBoL6v2QCTsizAqVES9KwuymjQmuUIxnbnfA==
- firebase/11.8.1/firebase-app-check.min.js: sha512-5G54R8XbGMVWpqjJjrfzyNZ8mz0KVs2LBqWclBN4QW3mCbl5ATzZnUDPwPukrPyyj/TRkIKJKsboIsJD5CwPQw==
- firebase/11.8.1/firebase-firestore-compat.js: sha512-BaXVeJl3rMVWb9mSBLnwe012cD2ww33O1Hm7GNvpRhsFxDojVEQIxDI1cI9hx1do4egYKHwA1kS3uaw+kSVJNw==
- firebase/11.8.1/firebase-performance-standalone-compat.js: sha512-qyZk6641gskN46eEW9VvUw8xi0/e9MhcsiFPUprKsz2PfjzTLM/r5bsKBOXKgH57L11RBsdJETb8Ex06K9hkiw==
- firebase/11.8.1/firebase-storage.min.js: sha512-+9qEv3JiGy/0DZHy1bNz5HutvBmCWgLHbCuyS5iu/gWQ43Q/2YKtjqIW+9dIrLJbTKrqOxlkN5OsVRyzqyp/zw==
- firebase/11.8.1/firebase-auth-cordova.js: sha512-cW+WBJhBbwySCoC1rC6cClaQrIr5RcnFhBu3myLu8oiL4iKh5kA9DGnzAnq7gg65NS7eE0zcF/Tm/zB3ZjLAqg==
- firebase/11.8.1/firebase-data-connect.min.js: sha512-QmOmlwTiPV8EYBCv6r3NeKrd9XA4qiI8E5+d+bBZZQ4l+R3KNkwoto24345Sl76bt40N/MaU7FFSn93V7gkq2A==
- firebase/11.8.1/firebase-firestore-lite.min.js: sha512-J8MDZCpwLUIBLsvUAu3lhteCnzaFL7ujtd45TIGq9tuf/EO8x4DrnINzP+sNAmmM8Ei5lcZCdlIKNaANoCA76A==
- firebase/11.8.1/firebase-installations-compat.js: sha512-iIoRD8eJ73/f2x/hcvfdyqdpMUW5U/Vy16N81lnvYykp+biNg9lDNyeCpXTtGqe7KdLWap0dkHMs0ZNfAqXVNg==
- firebase/11.8.1/firebase-vertexai.js: sha512-Q0bY5setybdCBmOIqhJJWKCyPpjR2LEMDbCgARhld9O+7RGS/7gKYHFkMnPe1sTeeuzTJ/8ACTPZLrNaIy+KgA==
- firebase/11.8.1/firebase-analytics-compat.js: sha512-6yTrwub3WmGP2LiW2S5zigXjWqlKiJfvwMtF3h9sJKNqMXZ7eezQOB0zbk4KofxfHi+aiRVylU6gB9QPCZYytA==
- firebase/11.8.1/firebase-analytics.min.js: sha512-K1Um3hj+DnvMQ//lUwV9hPAguRRaL737pzFqEmA6DXMSx4bIUGIwkRsOECNa02b1+1FC6m+cs2CKZQ2yOCBhcA==
- firebase/11.8.1/firebase-app-compat.js: sha512-+gXdI6rg4iMYjbQGs5LqiOM+ODzeUNJsvhVlYMI25yvQGzMg2gvY2QO3fekQctRD1vSkmdzKVXMgl5MMBfZ8jQ==
- firebase/11.8.1/firebase-messaging-compat.js: sha512-xwa+drFjljmvOdybANnydS0l6ItzoUqEane1lNyFE69mUo8Uucdf/q6JIdr4WiQh8zcimuqTm/kXSn67e5nQOA==
- firebase/11.8.1/firebase-messaging-sw.min.js: sha512-JuLhNSG8J9WpXMsr4QzEunoqyVn5LSlsI81OLdACN7ORwdHAW8sx1UC55i5XrOw6hl/Bdtmxhwmr3nX/SXOwWA==
- firebase/11.8.1/firebase-installations.js: sha512-317QKYDOSICqepqATBCWLQyFo35aCtxGQOBfPFioteabs/74/h4LLZl1eyqN+jRmErBwy+vMwij9+uUstdxbhg==
- firebase/11.8.1/firebase-performance-compat.js: sha512-XFhSXPVqCNrQ0aMz0EBNuI0IoHldhv7uF3OU6187+chxLW6To9SxfH4MQk7xAhFW+rpcdjcgB1YK7/3Hcerfqg==
- firebase/11.8.1/firebase-remote-config-compat.js: sha512-XJRFRA7EctsoAxBWHPu57FaC0n3B0eaD92BK7jgf5v/5OrR9LaMd3w7ojMhGTnkB43zZszzq0lI7ZGE7+RtIsg==
- firebase/11.8.1/firebase-storage.js: sha512-g/6zUSv9OXMW3fXcUwQhq5RdIrXMnUNMidZ+LFG3knaSerSPq7T815zyhLeUd1ykWl+pVKQhRQ3OKH3ypIdBAg==
- firebase/11.8.1/firebase-analytics-compat.min.js: sha512-OG+RHuDK54KtKqgyFZv6uXi18r+zST8gVNQGyjKziYh1UVwK0UY9diRzJqQZYn+vJGh8/K1jeU9gifx8LVFxAQ==
- firebase/11.8.1/firebase-auth.min.js: sha512-OH9X/lt8RPGo3ziJeFATzhJWnAa1fsN3xjub+k+wYQN1yJ7GOlV/wYSgvQva6FbuHRe9NVzuUUnqC08ixUn/9A==
- firebase/11.8.1/firebase-performance-standalone-compat.min.js: sha512-lWA3SueolxL4ptg2adVYui7wyhsUaWlgUv+9BlrY0LXW5PaL32ql1oJZdwcFv2xa56mM9o8tu0TEyWej8z/Aww==
- firebase/11.8.1/firebase-remote-config.min.js: sha512-dOd/Rv9dpONh97E4nVv2rRQwRb8gK6/aOLw5rYtpGv4zX2INni4blNuTgUgAW0F97YvqbbvGbiUjsblDl9GhtQ==
- firebase/11.8.1/firebase-auth.js: sha512-sRoPFBkB9j+CIrtWmXW66FswiocE6t9jvu9g2ZZCd1ax5a1+F8pBX2Xu2FlHxbkWKzF6yIogRZi9G9PlsRg5EQ==
- firebase/11.8.1/firebase-messaging-sw.js: sha512-EI46Gjgu99xwyKWt9B23jJAP7vUOxpCayLTExViQSy4HA56HanvNbJ7O+SyCzG1b0JiZd71uCGJuXj4Eb1da7A==
- firebase/11.8.1/firebase-ai.min.js: sha512-gQH8GPS6NailpHCZjdeq1jtOn3jJEW8Y5qVfXZyVVEdWk2w/w3PYQbe2nRD0Sefz95WifT/nx2J37zG/EmWTTQ==
- firebase/11.8.1/firebase-data-connect.js: sha512-1XMJYGzgNldEaO8Ij5Ebsy0t284e6S+7M73qQogUVNE7RFZuFZ9BSdpjn5BlAlmQE8QvQwuHWKX1iCR4jMpPVA==
- firebase/11.8.1/firebase-database-compat.js: sha512-3FZlVt3lf/iJEAh/Zdywx09BvEQ/jsTwjH+vThzGe33EySHTwYmmmMZI/G9dV4jYPVv84MrOTtmwW+x8cT21Uw==
- firebase/11.8.1/firebase-installations-compat.min.js: sha512-z65b0U7U/Tv/4Q2vfGx8EfLmr6XQDKrBBHirp1XhYfbY0SMjyfSiikiwByJ1PeEU5mpPwdlLz1RNsj2bUyPYJA==
