- fontsource-mina/5.2.6/400.css.br
- fontsource-mina/5.2.6/400.css.gz
- fontsource-mina/5.2.6/400.min.css.br
- fontsource-mina/5.2.6/400.min.css.gz
- fontsource-mina/5.2.6/700.css.br
- fontsource-mina/5.2.6/700.css.gz
- fontsource-mina/5.2.6/700.min.css.br
- fontsource-mina/5.2.6/700.min.css.gz
- fontsource-mina/5.2.6/bengali-400.css.br
- fontsource-mina/5.2.6/bengali-400.css.gz
- fontsource-mina/5.2.6/bengali-400.min.css.br
- fontsource-mina/5.2.6/bengali-400.min.css.gz
- fontsource-mina/5.2.6/bengali-700.css.br
- fontsource-mina/5.2.6/bengali-700.css.gz
- fontsource-mina/5.2.6/bengali-700.min.css.br
- fontsource-mina/5.2.6/bengali-700.min.css.gz
- fontsource-mina/5.2.6/bengali.css.br
- fontsource-mina/5.2.6/bengali.css.gz
- fontsource-mina/5.2.6/bengali.min.css.br
- fontsource-mina/5.2.6/bengali.min.css.gz
- fontsource-mina/5.2.6/files/mina-bengali-400-normal.woff.br
- fontsource-mina/5.2.6/files/mina-bengali-400-normal.woff.gz
- fontsource-mina/5.2.6/files/mina-bengali-400-normal.woff2
- fontsource-mina/5.2.6/files/mina-bengali-700-normal.woff.br
- fontsource-mina/5.2.6/files/mina-bengali-700-normal.woff.gz
- fontsource-mina/5.2.6/files/mina-bengali-700-normal.woff2
- fontsource-mina/5.2.6/files/mina-latin-400-normal.woff.br
- fontsource-mina/5.2.6/files/mina-latin-400-normal.woff.gz
- fontsource-mina/5.2.6/files/mina-latin-400-normal.woff2
- fontsource-mina/5.2.6/files/mina-latin-700-normal.woff.br
- fontsource-mina/5.2.6/files/mina-latin-700-normal.woff.gz
- fontsource-mina/5.2.6/files/mina-latin-700-normal.woff2
- fontsource-mina/5.2.6/files/mina-latin-ext-400-normal.woff.br
- fontsource-mina/5.2.6/files/mina-latin-ext-400-normal.woff.gz
- fontsource-mina/5.2.6/files/mina-latin-ext-400-normal.woff2
- fontsource-mina/5.2.6/files/mina-latin-ext-700-normal.woff.br
- fontsource-mina/5.2.6/files/mina-latin-ext-700-normal.woff.gz
- fontsource-mina/5.2.6/files/mina-latin-ext-700-normal.woff2
- fontsource-mina/5.2.6/index.css.br
- fontsource-mina/5.2.6/index.css.gz
- fontsource-mina/5.2.6/index.min.css.br
- fontsource-mina/5.2.6/index.min.css.gz
- fontsource-mina/5.2.6/latin-400.css.br
- fontsource-mina/5.2.6/latin-400.css.gz
- fontsource-mina/5.2.6/latin-400.min.css.br
- fontsource-mina/5.2.6/latin-400.min.css.gz
- fontsource-mina/5.2.6/latin-700.css.br
- fontsource-mina/5.2.6/latin-700.css.gz
- fontsource-mina/5.2.6/latin-700.min.css.br
- fontsource-mina/5.2.6/latin-700.min.css.gz
- fontsource-mina/5.2.6/latin-ext-400.css.br
- fontsource-mina/5.2.6/latin-ext-400.css.gz
- fontsource-mina/5.2.6/latin-ext-400.min.css.br
- fontsource-mina/5.2.6/latin-ext-400.min.css.gz
- fontsource-mina/5.2.6/latin-ext-700.css.br
- fontsource-mina/5.2.6/latin-ext-700.css.gz
- fontsource-mina/5.2.6/latin-ext-700.min.css.br
- fontsource-mina/5.2.6/latin-ext-700.min.css.gz
- fontsource-mina/5.2.6/latin-ext.css.br
- fontsource-mina/5.2.6/latin-ext.css.gz
- fontsource-mina/5.2.6/latin-ext.min.css.br
- fontsource-mina/5.2.6/latin-ext.min.css.gz
- fontsource-mina/5.2.6/latin.css.br
- fontsource-mina/5.2.6/latin.css.gz
- fontsource-mina/5.2.6/latin.min.css.br
- fontsource-mina/5.2.6/latin.min.css.gz