2025/06/24 00:33:14 optimizing files (Js true, Css true, Png true, Jpg true)
2025/06/24 00:33:14 compress: run /node_modules/uglify-js/bin/uglifyjs (3.15.4) [--mangle --compress if_return=true -o /tmp/work/dist/192_cefcb1_5.59.1-snapshot.v20250407181413.min.js /tmp/work/dist/192_cefcb1_5.59.1-snapshot.v20250407181413.js]
2025/06/24 00:33:14 compress: run /node_modules/uglify-js/bin/uglifyjs (3.15.4) [--mangle --compress if_return=true -o /tmp/work/dist/890_3f0079_5.59.1-snapshot.v20250407181413.min.js /tmp/work/dist/890_3f0079_5.59.1-snapshot.v20250407181413.js]
2025/06/24 00:33:14 compress: run /node_modules/uglify-js/bin/uglifyjs (3.15.4) [--mangle --compress if_return=true -o /tmp/work/dist/checkout_cefcb1_5.59.1-snapshot.v20250407181413.min.js /tmp/work/dist/checkout_cefcb1_5.59.1-snapshot.v20250407181413.js]
2025/06/24 00:33:14 compress: run /node_modules/uglify-js/bin/uglifyjs (3.15.4) [--mangle --compress if_return=true -o /tmp/work/dist/965_3f0079_5.59.1-snapshot.v20250407181413.min.js /tmp/work/dist/965_3f0079_5.59.1-snapshot.v20250407181413.js]
2025/06/24 00:33:14 compress: run /node_modules/uglify-js/bin/uglifyjs (3.15.4) [--mangle --compress if_return=true -o /tmp/work/dist/377_3f0079_5.59.1-snapshot.v20250407181413.min.js /tmp/work/dist/377_3f0079_5.59.1-snapshot.v20250407181413.js]
2025/06/24 00:33:14 compress: run /node_modules/uglify-js/bin/uglifyjs (3.15.4) [--mangle --compress if_return=true -o /tmp/work/dist/clerk.browser.min.js /tmp/work/dist/clerk.browser.js]
2025/06/24 00:33:14 compress: run /node_modules/uglify-js/bin/uglifyjs (3.15.4) [--mangle --compress if_return=true -o /tmp/work/dist/clerk.headless.browser.min.js /tmp/work/dist/clerk.headless.browser.js]
2025/06/24 00:33:14 compress: run /node_modules/uglify-js/bin/uglifyjs (3.15.4) [--mangle --compress if_return=true -o /tmp/work/dist/blankcaptcha_cefcb1_5.59.1-snapshot.v20250407181413.min.js /tmp/work/dist/blankcaptcha_cefcb1_5.59.1-snapshot.v20250407181413.js]
2025/06/24 00:33:15 sri /tmp/work/dist/blankcaptcha_cefcb1_5.59.1-snapshot.v20250407181413.min.js -> /output/blankcaptcha_cefcb1_5.59.1-snapshot.v20250407181413.min.js.sri
2025/06/24 00:33:15 algorithm: run /usr/bin/brotli --quality=11 --output=/output/blankcaptcha_cefcb1_5.59.1-snapshot.v20250407181413.min.js.br /tmp/work/dist/blankcaptcha_cefcb1_5.59.1-snapshot.v20250407181413.min.js
2025/06/24 00:33:15 br /tmp/work/dist/blankcaptcha_cefcb1_5.59.1-snapshot.v20250407181413.min.js -> /output/blankcaptcha_cefcb1_5.59.1-snapshot.v20250407181413.min.js.br
2025/06/24 00:33:15 gz /tmp/work/dist/blankcaptcha_cefcb1_5.59.1-snapshot.v20250407181413.min.js -> /output/blankcaptcha_cefcb1_5.59.1-snapshot.v20250407181413.min.js.gz
2025/06/24 00:33:15 sri /tmp/work/dist/blankcaptcha_cefcb1_5.59.1-snapshot.v20250407181413.js -> /output/blankcaptcha_cefcb1_5.59.1-snapshot.v20250407181413.js.sri
2025/06/24 00:33:15 algorithm: run /usr/bin/brotli --quality=11 --output=/output/blankcaptcha_cefcb1_5.59.1-snapshot.v20250407181413.js.br /tmp/work/dist/blankcaptcha_cefcb1_5.59.1-snapshot.v20250407181413.js
2025/06/24 00:33:15 br /tmp/work/dist/blankcaptcha_cefcb1_5.59.1-snapshot.v20250407181413.js -> /output/blankcaptcha_cefcb1_5.59.1-snapshot.v20250407181413.js.br
2025/06/24 00:33:15 gz /tmp/work/dist/blankcaptcha_cefcb1_5.59.1-snapshot.v20250407181413.js -> /output/blankcaptcha_cefcb1_5.59.1-snapshot.v20250407181413.js.gz
2025/06/24 00:33:15 compress: run /node_modules/uglify-js/bin/uglifyjs (3.15.4) [--mangle --compress if_return=true -o /tmp/work/dist/clerk.headless.min.js /tmp/work/dist/clerk.headless.js]
2025/06/24 00:33:15 sri /tmp/work/dist/checkout_cefcb1_5.59.1-snapshot.v20250407181413.min.js -> /output/checkout_cefcb1_5.59.1-snapshot.v20250407181413.min.js.sri
2025/06/24 00:33:15 algorithm: run /usr/bin/brotli --quality=11 --output=/output/checkout_cefcb1_5.59.1-snapshot.v20250407181413.min.js.br /tmp/work/dist/checkout_cefcb1_5.59.1-snapshot.v20250407181413.min.js
2025/06/24 00:33:15 br /tmp/work/dist/checkout_cefcb1_5.59.1-snapshot.v20250407181413.min.js -> /output/checkout_cefcb1_5.59.1-snapshot.v20250407181413.min.js.br
2025/06/24 00:33:15 gz /tmp/work/dist/checkout_cefcb1_5.59.1-snapshot.v20250407181413.min.js -> /output/checkout_cefcb1_5.59.1-snapshot.v20250407181413.min.js.gz
2025/06/24 00:33:15 sri /tmp/work/dist/checkout_cefcb1_5.59.1-snapshot.v20250407181413.js -> /output/checkout_cefcb1_5.59.1-snapshot.v20250407181413.js.sri
2025/06/24 00:33:15 algorithm: run /usr/bin/brotli --quality=11 --output=/output/checkout_cefcb1_5.59.1-snapshot.v20250407181413.js.br /tmp/work/dist/checkout_cefcb1_5.59.1-snapshot.v20250407181413.js
2025/06/24 00:33:15 br /tmp/work/dist/checkout_cefcb1_5.59.1-snapshot.v20250407181413.js -> /output/checkout_cefcb1_5.59.1-snapshot.v20250407181413.js.br
2025/06/24 00:33:15 gz /tmp/work/dist/checkout_cefcb1_5.59.1-snapshot.v20250407181413.js -> /output/checkout_cefcb1_5.59.1-snapshot.v20250407181413.js.gz
2025/06/24 00:33:15 compress: run /node_modules/uglify-js/bin/uglifyjs (3.15.4) [--mangle --compress if_return=true -o /tmp/work/dist/clerk.min.js /tmp/work/dist/clerk.js]
2025/06/24 00:33:15 sri /tmp/work/dist/377_3f0079_5.59.1-snapshot.v20250407181413.min.js -> /output/377_3f0079_5.59.1-snapshot.v20250407181413.min.js.sri
2025/06/24 00:33:15 algorithm: run /usr/bin/brotli --quality=11 --output=/output/377_3f0079_5.59.1-snapshot.v20250407181413.min.js.br /tmp/work/dist/377_3f0079_5.59.1-snapshot.v20250407181413.min.js
2025/06/24 00:33:15 sri /tmp/work/dist/192_cefcb1_5.59.1-snapshot.v20250407181413.min.js -> /output/192_cefcb1_5.59.1-snapshot.v20250407181413.min.js.sri
2025/06/24 00:33:15 algorithm: run /usr/bin/brotli --quality=11 --output=/output/192_cefcb1_5.59.1-snapshot.v20250407181413.min.js.br /tmp/work/dist/192_cefcb1_5.59.1-snapshot.v20250407181413.min.js
2025/06/24 00:33:15 br /tmp/work/dist/192_cefcb1_5.59.1-snapshot.v20250407181413.min.js -> /output/192_cefcb1_5.59.1-snapshot.v20250407181413.min.js.br
2025/06/24 00:33:15 gz /tmp/work/dist/192_cefcb1_5.59.1-snapshot.v20250407181413.min.js -> /output/192_cefcb1_5.59.1-snapshot.v20250407181413.min.js.gz
2025/06/24 00:33:15 sri /tmp/work/dist/192_cefcb1_5.59.1-snapshot.v20250407181413.js -> /output/192_cefcb1_5.59.1-snapshot.v20250407181413.js.sri
2025/06/24 00:33:15 algorithm: run /usr/bin/brotli --quality=11 --output=/output/192_cefcb1_5.59.1-snapshot.v20250407181413.js.br /tmp/work/dist/192_cefcb1_5.59.1-snapshot.v20250407181413.js
2025/06/24 00:33:15 br /tmp/work/dist/192_cefcb1_5.59.1-snapshot.v20250407181413.js -> /output/192_cefcb1_5.59.1-snapshot.v20250407181413.js.br
2025/06/24 00:33:15 gz /tmp/work/dist/192_cefcb1_5.59.1-snapshot.v20250407181413.js -> /output/192_cefcb1_5.59.1-snapshot.v20250407181413.js.gz
2025/06/24 00:33:15 algorithm: run /usr/bin/brotli --quality=11 --output=/output/clerk.mjs.br /tmp/work/dist/clerk.mjs
2025/06/24 00:33:16 sri /tmp/work/dist/890_3f0079_5.59.1-snapshot.v20250407181413.min.js -> /output/890_3f0079_5.59.1-snapshot.v20250407181413.min.js.sri
2025/06/24 00:33:16 algorithm: run /usr/bin/brotli --quality=11 --output=/output/890_3f0079_5.59.1-snapshot.v20250407181413.min.js.br /tmp/work/dist/890_3f0079_5.59.1-snapshot.v20250407181413.min.js
2025/06/24 00:33:16 br /tmp/work/dist/890_3f0079_5.59.1-snapshot.v20250407181413.min.js -> /output/890_3f0079_5.59.1-snapshot.v20250407181413.min.js.br
2025/06/24 00:33:16 gz /tmp/work/dist/890_3f0079_5.59.1-snapshot.v20250407181413.min.js -> /output/890_3f0079_5.59.1-snapshot.v20250407181413.min.js.gz
2025/06/24 00:33:16 sri /tmp/work/dist/890_3f0079_5.59.1-snapshot.v20250407181413.js -> /output/890_3f0079_5.59.1-snapshot.v20250407181413.js.sri
2025/06/24 00:33:16 algorithm: run /usr/bin/brotli --quality=11 --output=/output/890_3f0079_5.59.1-snapshot.v20250407181413.js.br /tmp/work/dist/890_3f0079_5.59.1-snapshot.v20250407181413.js
2025/06/24 00:33:16 br /tmp/work/dist/890_3f0079_5.59.1-snapshot.v20250407181413.js -> /output/890_3f0079_5.59.1-snapshot.v20250407181413.js.br
2025/06/24 00:33:16 gz /tmp/work/dist/890_3f0079_5.59.1-snapshot.v20250407181413.js -> /output/890_3f0079_5.59.1-snapshot.v20250407181413.js.gz
2025/06/24 00:33:16 compress: run /node_modules/uglify-js/bin/uglifyjs (3.15.4) [--mangle --compress if_return=true -o /tmp/work/dist/clerk.no-rhc.min.js /tmp/work/dist/clerk.no-rhc.js]
2025/06/24 00:33:17 br /tmp/work/dist/377_3f0079_5.59.1-snapshot.v20250407181413.min.js -> /output/377_3f0079_5.59.1-snapshot.v20250407181413.min.js.br
2025/06/24 00:33:17 gz /tmp/work/dist/377_3f0079_5.59.1-snapshot.v20250407181413.min.js -> /output/377_3f0079_5.59.1-snapshot.v20250407181413.min.js.gz
2025/06/24 00:33:17 sri /tmp/work/dist/377_3f0079_5.59.1-snapshot.v20250407181413.js -> /output/377_3f0079_5.59.1-snapshot.v20250407181413.js.sri
2025/06/24 00:33:17 algorithm: run /usr/bin/brotli --quality=11 --output=/output/377_3f0079_5.59.1-snapshot.v20250407181413.js.br /tmp/work/dist/377_3f0079_5.59.1-snapshot.v20250407181413.js
2025/06/24 00:33:18 sri /tmp/work/dist/965_3f0079_5.59.1-snapshot.v20250407181413.min.js -> /output/965_3f0079_5.59.1-snapshot.v20250407181413.min.js.sri
2025/06/24 00:33:18 algorithm: run /usr/bin/brotli --quality=11 --output=/output/965_3f0079_5.59.1-snapshot.v20250407181413.min.js.br /tmp/work/dist/965_3f0079_5.59.1-snapshot.v20250407181413.min.js
2025/06/24 00:33:18 br /tmp/work/dist/965_3f0079_5.59.1-snapshot.v20250407181413.min.js -> /output/965_3f0079_5.59.1-snapshot.v20250407181413.min.js.br
2025/06/24 00:33:18 gz /tmp/work/dist/965_3f0079_5.59.1-snapshot.v20250407181413.min.js -> /output/965_3f0079_5.59.1-snapshot.v20250407181413.min.js.gz
2025/06/24 00:33:18 sri /tmp/work/dist/965_3f0079_5.59.1-snapshot.v20250407181413.js -> /output/965_3f0079_5.59.1-snapshot.v20250407181413.js.sri
2025/06/24 00:33:18 algorithm: run /usr/bin/brotli --quality=11 --output=/output/965_3f0079_5.59.1-snapshot.v20250407181413.js.br /tmp/work/dist/965_3f0079_5.59.1-snapshot.v20250407181413.js
2025/06/24 00:33:19 br /tmp/work/dist/377_3f0079_5.59.1-snapshot.v20250407181413.js -> /output/377_3f0079_5.59.1-snapshot.v20250407181413.js.br
2025/06/24 00:33:19 gz /tmp/work/dist/377_3f0079_5.59.1-snapshot.v20250407181413.js -> /output/377_3f0079_5.59.1-snapshot.v20250407181413.js.gz
2025/06/24 00:33:19 algorithm: run /usr/bin/brotli --quality=11 --output=/output/clerk.no-rhc.mjs.br /tmp/work/dist/clerk.no-rhc.mjs
2025/06/24 00:33:19 br /tmp/work/dist/965_3f0079_5.59.1-snapshot.v20250407181413.js -> /output/965_3f0079_5.59.1-snapshot.v20250407181413.js.br
2025/06/24 00:33:19 gz /tmp/work/dist/965_3f0079_5.59.1-snapshot.v20250407181413.js -> /output/965_3f0079_5.59.1-snapshot.v20250407181413.js.gz
2025/06/24 00:33:19 compress: run /node_modules/uglify-js/bin/uglifyjs (3.15.4) [--mangle --compress if_return=true -o /tmp/work/dist/coinbase-wallet-sdk_5c5348_5.59.1-snapshot.v20250407181413.min.js /tmp/work/dist/coinbase-wallet-sdk_5c5348_5.59.1-snapshot.v20250407181413.js]
2025/06/24 00:33:21 sri /tmp/work/dist/clerk.headless.browser.min.js -> /output/clerk.headless.browser.min.js.sri
2025/06/24 00:33:21 algorithm: run /usr/bin/brotli --quality=11 --output=/output/clerk.headless.browser.min.js.br /tmp/work/dist/clerk.headless.browser.min.js
2025/06/24 00:33:22 br /tmp/work/dist/clerk.headless.browser.min.js -> /output/clerk.headless.browser.min.js.br
2025/06/24 00:33:22 gz /tmp/work/dist/clerk.headless.browser.min.js -> /output/clerk.headless.browser.min.js.gz
2025/06/24 00:33:22 sri /tmp/work/dist/clerk.headless.browser.js -> /output/clerk.headless.browser.js.sri
2025/06/24 00:33:22 algorithm: run /usr/bin/brotli --quality=11 --output=/output/clerk.headless.browser.js.br /tmp/work/dist/clerk.headless.browser.js
2025/06/24 00:33:22 sri /tmp/work/dist/clerk.headless.min.js -> /output/clerk.headless.min.js.sri
2025/06/24 00:33:22 algorithm: run /usr/bin/brotli --quality=11 --output=/output/clerk.headless.min.js.br /tmp/work/dist/clerk.headless.min.js
2025/06/24 00:33:22 br /tmp/work/dist/clerk.mjs -> /output/clerk.mjs.br
2025/06/24 00:33:23 br /tmp/work/dist/clerk.headless.min.js -> /output/clerk.headless.min.js.br
2025/06/24 00:33:23 sri /tmp/work/dist/coinbase-wallet-sdk_5c5348_5.59.1-snapshot.v20250407181413.min.js -> /output/coinbase-wallet-sdk_5c5348_5.59.1-snapshot.v20250407181413.min.js.sri
2025/06/24 00:33:23 algorithm: run /usr/bin/brotli --quality=11 --output=/output/coinbase-wallet-sdk_5c5348_5.59.1-snapshot.v20250407181413.min.js.br /tmp/work/dist/coinbase-wallet-sdk_5c5348_5.59.1-snapshot.v20250407181413.min.js
2025/06/24 00:33:23 gz /tmp/work/dist/clerk.headless.min.js -> /output/clerk.headless.min.js.gz
2025/06/24 00:33:23 sri /tmp/work/dist/clerk.headless.js -> /output/clerk.headless.js.sri
2025/06/24 00:33:23 algorithm: run /usr/bin/brotli --quality=11 --output=/output/clerk.headless.js.br /tmp/work/dist/clerk.headless.js
2025/06/24 00:33:23 br /tmp/work/dist/clerk.headless.browser.js -> /output/clerk.headless.browser.js.br
2025/06/24 00:33:23 gz /tmp/work/dist/clerk.headless.browser.js -> /output/clerk.headless.browser.js.gz
2025/06/24 00:33:23 compress: run /node_modules/uglify-js/bin/uglifyjs (3.15.4) [--mangle --compress if_return=true -o /tmp/work/dist/coinbase-wallet-sdk_cefcb1_5.59.1-snapshot.v20250407181413.min.js /tmp/work/dist/coinbase-wallet-sdk_cefcb1_5.59.1-snapshot.v20250407181413.js]
2025/06/24 00:33:23 gz /tmp/work/dist/clerk.mjs -> /output/clerk.mjs.gz
2025/06/24 00:33:23 compress: run /node_modules/uglify-js/bin/uglifyjs (3.15.4) [--mangle --compress if_return=true -o /tmp/work/dist/cookieSuffix_3f0079_5.59.1-snapshot.v20250407181413.min.js /tmp/work/dist/cookieSuffix_3f0079_5.59.1-snapshot.v20250407181413.js]
2025/06/24 00:33:23 br /tmp/work/dist/coinbase-wallet-sdk_5c5348_5.59.1-snapshot.v20250407181413.min.js -> /output/coinbase-wallet-sdk_5c5348_5.59.1-snapshot.v20250407181413.min.js.br
2025/06/24 00:33:23 gz /tmp/work/dist/coinbase-wallet-sdk_5c5348_5.59.1-snapshot.v20250407181413.min.js -> /output/coinbase-wallet-sdk_5c5348_5.59.1-snapshot.v20250407181413.min.js.gz
2025/06/24 00:33:23 sri /tmp/work/dist/coinbase-wallet-sdk_5c5348_5.59.1-snapshot.v20250407181413.js -> /output/coinbase-wallet-sdk_5c5348_5.59.1-snapshot.v20250407181413.js.sri
2025/06/24 00:33:23 algorithm: run /usr/bin/brotli --quality=11 --output=/output/coinbase-wallet-sdk_5c5348_5.59.1-snapshot.v20250407181413.js.br /tmp/work/dist/coinbase-wallet-sdk_5c5348_5.59.1-snapshot.v20250407181413.js
2025/06/24 00:33:23 br /tmp/work/dist/coinbase-wallet-sdk_5c5348_5.59.1-snapshot.v20250407181413.js -> /output/coinbase-wallet-sdk_5c5348_5.59.1-snapshot.v20250407181413.js.br
2025/06/24 00:33:23 gz /tmp/work/dist/coinbase-wallet-sdk_5c5348_5.59.1-snapshot.v20250407181413.js -> /output/coinbase-wallet-sdk_5c5348_5.59.1-snapshot.v20250407181413.js.gz
2025/06/24 00:33:23 compress: run /node_modules/uglify-js/bin/uglifyjs (3.15.4) [--mangle --compress if_return=true -o /tmp/work/dist/cookieSuffix_5c5348_5.59.1-snapshot.v20250407181413.min.js /tmp/work/dist/cookieSuffix_5c5348_5.59.1-snapshot.v20250407181413.js]
2025/06/24 00:33:24 br /tmp/work/dist/clerk.headless.js -> /output/clerk.headless.js.br
2025/06/24 00:33:24 gz /tmp/work/dist/clerk.headless.js -> /output/clerk.headless.js.gz
2025/06/24 00:33:24 compress: run /node_modules/uglify-js/bin/uglifyjs (3.15.4) [--mangle --compress if_return=true -o /tmp/work/dist/cookieSuffix_cefcb1_5.59.1-snapshot.v20250407181413.min.js /tmp/work/dist/cookieSuffix_cefcb1_5.59.1-snapshot.v20250407181413.js]
2025/06/24 00:33:24 sri /tmp/work/dist/cookieSuffix_3f0079_5.59.1-snapshot.v20250407181413.min.js -> /output/cookieSuffix_3f0079_5.59.1-snapshot.v20250407181413.min.js.sri
2025/06/24 00:33:24 algorithm: run /usr/bin/brotli --quality=11 --output=/output/cookieSuffix_3f0079_5.59.1-snapshot.v20250407181413.min.js.br /tmp/work/dist/cookieSuffix_3f0079_5.59.1-snapshot.v20250407181413.min.js
2025/06/24 00:33:24 br /tmp/work/dist/cookieSuffix_3f0079_5.59.1-snapshot.v20250407181413.min.js -> /output/cookieSuffix_3f0079_5.59.1-snapshot.v20250407181413.min.js.br
2025/06/24 00:33:24 gz /tmp/work/dist/cookieSuffix_3f0079_5.59.1-snapshot.v20250407181413.min.js -> /output/cookieSuffix_3f0079_5.59.1-snapshot.v20250407181413.min.js.gz
2025/06/24 00:33:24 sri /tmp/work/dist/cookieSuffix_3f0079_5.59.1-snapshot.v20250407181413.js -> /output/cookieSuffix_3f0079_5.59.1-snapshot.v20250407181413.js.sri
2025/06/24 00:33:24 algorithm: run /usr/bin/brotli --quality=11 --output=/output/cookieSuffix_3f0079_5.59.1-snapshot.v20250407181413.js.br /tmp/work/dist/cookieSuffix_3f0079_5.59.1-snapshot.v20250407181413.js
2025/06/24 00:33:24 sri /tmp/work/dist/cookieSuffix_5c5348_5.59.1-snapshot.v20250407181413.min.js -> /output/cookieSuffix_5c5348_5.59.1-snapshot.v20250407181413.min.js.sri
2025/06/24 00:33:24 algorithm: run /usr/bin/brotli --quality=11 --output=/output/cookieSuffix_5c5348_5.59.1-snapshot.v20250407181413.min.js.br /tmp/work/dist/cookieSuffix_5c5348_5.59.1-snapshot.v20250407181413.min.js
2025/06/24 00:33:24 br /tmp/work/dist/cookieSuffix_5c5348_5.59.1-snapshot.v20250407181413.min.js -> /output/cookieSuffix_5c5348_5.59.1-snapshot.v20250407181413.min.js.br
2025/06/24 00:33:24 gz /tmp/work/dist/cookieSuffix_5c5348_5.59.1-snapshot.v20250407181413.min.js -> /output/cookieSuffix_5c5348_5.59.1-snapshot.v20250407181413.min.js.gz
2025/06/24 00:33:24 sri /tmp/work/dist/cookieSuffix_5c5348_5.59.1-snapshot.v20250407181413.js -> /output/cookieSuffix_5c5348_5.59.1-snapshot.v20250407181413.js.sri
2025/06/24 00:33:24 algorithm: run /usr/bin/brotli --quality=11 --output=/output/cookieSuffix_5c5348_5.59.1-snapshot.v20250407181413.js.br /tmp/work/dist/cookieSuffix_5c5348_5.59.1-snapshot.v20250407181413.js
2025/06/24 00:33:24 br /tmp/work/dist/cookieSuffix_5c5348_5.59.1-snapshot.v20250407181413.js -> /output/cookieSuffix_5c5348_5.59.1-snapshot.v20250407181413.js.br
2025/06/24 00:33:24 gz /tmp/work/dist/cookieSuffix_5c5348_5.59.1-snapshot.v20250407181413.js -> /output/cookieSuffix_5c5348_5.59.1-snapshot.v20250407181413.js.gz
2025/06/24 00:33:24 compress: run /node_modules/uglify-js/bin/uglifyjs (3.15.4) [--mangle --compress if_return=true -o /tmp/work/dist/createorganization_cefcb1_5.59.1-snapshot.v20250407181413.min.js /tmp/work/dist/createorganization_cefcb1_5.59.1-snapshot.v20250407181413.js]
2025/06/24 00:33:24 br /tmp/work/dist/cookieSuffix_3f0079_5.59.1-snapshot.v20250407181413.js -> /output/cookieSuffix_3f0079_5.59.1-snapshot.v20250407181413.js.br
2025/06/24 00:33:24 gz /tmp/work/dist/cookieSuffix_3f0079_5.59.1-snapshot.v20250407181413.js -> /output/cookieSuffix_3f0079_5.59.1-snapshot.v20250407181413.js.gz
2025/06/24 00:33:24 compress: run /node_modules/uglify-js/bin/uglifyjs (3.15.4) [--mangle --compress if_return=true -o /tmp/work/dist/framework_cefcb1_5.59.1-snapshot.v20250407181413.min.js /tmp/work/dist/framework_cefcb1_5.59.1-snapshot.v20250407181413.js]
2025/06/24 00:33:24 sri /tmp/work/dist/cookieSuffix_cefcb1_5.59.1-snapshot.v20250407181413.min.js -> /output/cookieSuffix_cefcb1_5.59.1-snapshot.v20250407181413.min.js.sri
2025/06/24 00:33:24 algorithm: run /usr/bin/brotli --quality=11 --output=/output/cookieSuffix_cefcb1_5.59.1-snapshot.v20250407181413.min.js.br /tmp/work/dist/cookieSuffix_cefcb1_5.59.1-snapshot.v20250407181413.min.js
2025/06/24 00:33:24 br /tmp/work/dist/cookieSuffix_cefcb1_5.59.1-snapshot.v20250407181413.min.js -> /output/cookieSuffix_cefcb1_5.59.1-snapshot.v20250407181413.min.js.br
2025/06/24 00:33:24 gz /tmp/work/dist/cookieSuffix_cefcb1_5.59.1-snapshot.v20250407181413.min.js -> /output/cookieSuffix_cefcb1_5.59.1-snapshot.v20250407181413.min.js.gz
2025/06/24 00:33:24 sri /tmp/work/dist/cookieSuffix_cefcb1_5.59.1-snapshot.v20250407181413.js -> /output/cookieSuffix_cefcb1_5.59.1-snapshot.v20250407181413.js.sri
2025/06/24 00:33:24 algorithm: run /usr/bin/brotli --quality=11 --output=/output/cookieSuffix_cefcb1_5.59.1-snapshot.v20250407181413.js.br /tmp/work/dist/cookieSuffix_cefcb1_5.59.1-snapshot.v20250407181413.js
2025/06/24 00:33:24 br /tmp/work/dist/cookieSuffix_cefcb1_5.59.1-snapshot.v20250407181413.js -> /output/cookieSuffix_cefcb1_5.59.1-snapshot.v20250407181413.js.br
2025/06/24 00:33:24 gz /tmp/work/dist/cookieSuffix_cefcb1_5.59.1-snapshot.v20250407181413.js -> /output/cookieSuffix_cefcb1_5.59.1-snapshot.v20250407181413.js.gz
2025/06/24 00:33:24 compress: run /node_modules/uglify-js/bin/uglifyjs (3.15.4) [--mangle --compress if_return=true -o /tmp/work/dist/impersonationfab_cefcb1_5.59.1-snapshot.v20250407181413.min.js /tmp/work/dist/impersonationfab_cefcb1_5.59.1-snapshot.v20250407181413.js]
2025/06/24 00:33:24 sri /tmp/work/dist/clerk.browser.min.js -> /output/clerk.browser.min.js.sri
2025/06/24 00:33:24 algorithm: run /usr/bin/brotli --quality=11 --output=/output/clerk.browser.min.js.br /tmp/work/dist/clerk.browser.min.js
2025/06/24 00:33:24 sri /tmp/work/dist/createorganization_cefcb1_5.59.1-snapshot.v20250407181413.min.js -> /output/createorganization_cefcb1_5.59.1-snapshot.v20250407181413.min.js.sri
2025/06/24 00:33:24 algorithm: run /usr/bin/brotli --quality=11 --output=/output/createorganization_cefcb1_5.59.1-snapshot.v20250407181413.min.js.br /tmp/work/dist/createorganization_cefcb1_5.59.1-snapshot.v20250407181413.min.js
2025/06/24 00:33:24 br /tmp/work/dist/createorganization_cefcb1_5.59.1-snapshot.v20250407181413.min.js -> /output/createorganization_cefcb1_5.59.1-snapshot.v20250407181413.min.js.br
2025/06/24 00:33:24 gz /tmp/work/dist/createorganization_cefcb1_5.59.1-snapshot.v20250407181413.min.js -> /output/createorganization_cefcb1_5.59.1-snapshot.v20250407181413.min.js.gz
2025/06/24 00:33:24 sri /tmp/work/dist/createorganization_cefcb1_5.59.1-snapshot.v20250407181413.js -> /output/createorganization_cefcb1_5.59.1-snapshot.v20250407181413.js.sri
2025/06/24 00:33:24 algorithm: run /usr/bin/brotli --quality=11 --output=/output/createorganization_cefcb1_5.59.1-snapshot.v20250407181413.js.br /tmp/work/dist/createorganization_cefcb1_5.59.1-snapshot.v20250407181413.js
2025/06/24 00:33:24 br /tmp/work/dist/createorganization_cefcb1_5.59.1-snapshot.v20250407181413.js -> /output/createorganization_cefcb1_5.59.1-snapshot.v20250407181413.js.br
2025/06/24 00:33:24 gz /tmp/work/dist/createorganization_cefcb1_5.59.1-snapshot.v20250407181413.js -> /output/createorganization_cefcb1_5.59.1-snapshot.v20250407181413.js.gz
2025/06/24 00:33:24 compress: run /node_modules/uglify-js/bin/uglifyjs (3.15.4) [--mangle --compress if_return=true -o /tmp/work/dist/keylessPrompt_cefcb1_5.59.1-snapshot.v20250407181413.min.js /tmp/work/dist/keylessPrompt_cefcb1_5.59.1-snapshot.v20250407181413.js]
2025/06/24 00:33:25 sri /tmp/work/dist/impersonationfab_cefcb1_5.59.1-snapshot.v20250407181413.min.js -> /output/impersonationfab_cefcb1_5.59.1-snapshot.v20250407181413.min.js.sri
2025/06/24 00:33:25 algorithm: run /usr/bin/brotli --quality=11 --output=/output/impersonationfab_cefcb1_5.59.1-snapshot.v20250407181413.min.js.br /tmp/work/dist/impersonationfab_cefcb1_5.59.1-snapshot.v20250407181413.min.js
2025/06/24 00:33:25 br /tmp/work/dist/impersonationfab_cefcb1_5.59.1-snapshot.v20250407181413.min.js -> /output/impersonationfab_cefcb1_5.59.1-snapshot.v20250407181413.min.js.br
2025/06/24 00:33:25 gz /tmp/work/dist/impersonationfab_cefcb1_5.59.1-snapshot.v20250407181413.min.js -> /output/impersonationfab_cefcb1_5.59.1-snapshot.v20250407181413.min.js.gz
2025/06/24 00:33:25 sri /tmp/work/dist/impersonationfab_cefcb1_5.59.1-snapshot.v20250407181413.js -> /output/impersonationfab_cefcb1_5.59.1-snapshot.v20250407181413.js.sri
2025/06/24 00:33:25 algorithm: run /usr/bin/brotli --quality=11 --output=/output/impersonationfab_cefcb1_5.59.1-snapshot.v20250407181413.js.br /tmp/work/dist/impersonationfab_cefcb1_5.59.1-snapshot.v20250407181413.js
2025/06/24 00:33:25 br /tmp/work/dist/impersonationfab_cefcb1_5.59.1-snapshot.v20250407181413.js -> /output/impersonationfab_cefcb1_5.59.1-snapshot.v20250407181413.js.br
2025/06/24 00:33:25 gz /tmp/work/dist/impersonationfab_cefcb1_5.59.1-snapshot.v20250407181413.js -> /output/impersonationfab_cefcb1_5.59.1-snapshot.v20250407181413.js.gz
2025/06/24 00:33:25 compress: run /node_modules/uglify-js/bin/uglifyjs (3.15.4) [--mangle --compress if_return=true -o /tmp/work/dist/onetap_cefcb1_5.59.1-snapshot.v20250407181413.min.js /tmp/work/dist/onetap_cefcb1_5.59.1-snapshot.v20250407181413.js]
2025/06/24 00:33:25 sri /tmp/work/dist/keylessPrompt_cefcb1_5.59.1-snapshot.v20250407181413.min.js -> /output/keylessPrompt_cefcb1_5.59.1-snapshot.v20250407181413.min.js.sri
2025/06/24 00:33:25 algorithm: run /usr/bin/brotli --quality=11 --output=/output/keylessPrompt_cefcb1_5.59.1-snapshot.v20250407181413.min.js.br /tmp/work/dist/keylessPrompt_cefcb1_5.59.1-snapshot.v20250407181413.min.js
2025/06/24 00:33:25 sri /tmp/work/dist/onetap_cefcb1_5.59.1-snapshot.v20250407181413.min.js -> /output/onetap_cefcb1_5.59.1-snapshot.v20250407181413.min.js.sri
2025/06/24 00:33:25 algorithm: run /usr/bin/brotli --quality=11 --output=/output/onetap_cefcb1_5.59.1-snapshot.v20250407181413.min.js.br /tmp/work/dist/onetap_cefcb1_5.59.1-snapshot.v20250407181413.min.js
2025/06/24 00:33:25 br /tmp/work/dist/onetap_cefcb1_5.59.1-snapshot.v20250407181413.min.js -> /output/onetap_cefcb1_5.59.1-snapshot.v20250407181413.min.js.br
2025/06/24 00:33:25 gz /tmp/work/dist/onetap_cefcb1_5.59.1-snapshot.v20250407181413.min.js -> /output/onetap_cefcb1_5.59.1-snapshot.v20250407181413.min.js.gz
2025/06/24 00:33:25 sri /tmp/work/dist/onetap_cefcb1_5.59.1-snapshot.v20250407181413.js -> /output/onetap_cefcb1_5.59.1-snapshot.v20250407181413.js.sri
2025/06/24 00:33:25 algorithm: run /usr/bin/brotli --quality=11 --output=/output/onetap_cefcb1_5.59.1-snapshot.v20250407181413.js.br /tmp/work/dist/onetap_cefcb1_5.59.1-snapshot.v20250407181413.js
2025/06/24 00:33:25 br /tmp/work/dist/onetap_cefcb1_5.59.1-snapshot.v20250407181413.js -> /output/onetap_cefcb1_5.59.1-snapshot.v20250407181413.js.br
2025/06/24 00:33:25 gz /tmp/work/dist/onetap_cefcb1_5.59.1-snapshot.v20250407181413.js -> /output/onetap_cefcb1_5.59.1-snapshot.v20250407181413.js.gz
2025/06/24 00:33:25 compress: run /node_modules/uglify-js/bin/uglifyjs (3.15.4) [--mangle --compress if_return=true -o /tmp/work/dist/op-billing-page_cefcb1_5.59.1-snapshot.v20250407181413.min.js /tmp/work/dist/op-billing-page_cefcb1_5.59.1-snapshot.v20250407181413.js]
2025/06/24 00:33:25 br /tmp/work/dist/keylessPrompt_cefcb1_5.59.1-snapshot.v20250407181413.min.js -> /output/keylessPrompt_cefcb1_5.59.1-snapshot.v20250407181413.min.js.br
2025/06/24 00:33:25 gz /tmp/work/dist/keylessPrompt_cefcb1_5.59.1-snapshot.v20250407181413.min.js -> /output/keylessPrompt_cefcb1_5.59.1-snapshot.v20250407181413.min.js.gz
2025/06/24 00:33:25 sri /tmp/work/dist/keylessPrompt_cefcb1_5.59.1-snapshot.v20250407181413.js -> /output/keylessPrompt_cefcb1_5.59.1-snapshot.v20250407181413.js.sri
2025/06/24 00:33:25 algorithm: run /usr/bin/brotli --quality=11 --output=/output/keylessPrompt_cefcb1_5.59.1-snapshot.v20250407181413.js.br /tmp/work/dist/keylessPrompt_cefcb1_5.59.1-snapshot.v20250407181413.js
2025/06/24 00:33:25 br /tmp/work/dist/keylessPrompt_cefcb1_5.59.1-snapshot.v20250407181413.js -> /output/keylessPrompt_cefcb1_5.59.1-snapshot.v20250407181413.js.br
2025/06/24 00:33:25 gz /tmp/work/dist/keylessPrompt_cefcb1_5.59.1-snapshot.v20250407181413.js -> /output/keylessPrompt_cefcb1_5.59.1-snapshot.v20250407181413.js.gz
2025/06/24 00:33:25 compress: run /node_modules/uglify-js/bin/uglifyjs (3.15.4) [--mangle --compress if_return=true -o /tmp/work/dist/organizationlist_cefcb1_5.59.1-snapshot.v20250407181413.min.js /tmp/work/dist/organizationlist_cefcb1_5.59.1-snapshot.v20250407181413.js]
2025/06/24 00:33:25 br /tmp/work/dist/clerk.browser.min.js -> /output/clerk.browser.min.js.br
2025/06/24 00:33:26 gz /tmp/work/dist/clerk.browser.min.js -> /output/clerk.browser.min.js.gz
2025/06/24 00:33:26 sri /tmp/work/dist/clerk.browser.js -> /output/clerk.browser.js.sri
2025/06/24 00:33:26 algorithm: run /usr/bin/brotli --quality=11 --output=/output/clerk.browser.js.br /tmp/work/dist/clerk.browser.js
2025/06/24 00:33:26 sri /tmp/work/dist/op-billing-page_cefcb1_5.59.1-snapshot.v20250407181413.min.js -> /output/op-billing-page_cefcb1_5.59.1-snapshot.v20250407181413.min.js.sri
2025/06/24 00:33:26 algorithm: run /usr/bin/brotli --quality=11 --output=/output/op-billing-page_cefcb1_5.59.1-snapshot.v20250407181413.min.js.br /tmp/work/dist/op-billing-page_cefcb1_5.59.1-snapshot.v20250407181413.min.js
2025/06/24 00:33:26 br /tmp/work/dist/op-billing-page_cefcb1_5.59.1-snapshot.v20250407181413.min.js -> /output/op-billing-page_cefcb1_5.59.1-snapshot.v20250407181413.min.js.br
2025/06/24 00:33:26 gz /tmp/work/dist/op-billing-page_cefcb1_5.59.1-snapshot.v20250407181413.min.js -> /output/op-billing-page_cefcb1_5.59.1-snapshot.v20250407181413.min.js.gz
2025/06/24 00:33:26 sri /tmp/work/dist/op-billing-page_cefcb1_5.59.1-snapshot.v20250407181413.js -> /output/op-billing-page_cefcb1_5.59.1-snapshot.v20250407181413.js.sri
2025/06/24 00:33:26 algorithm: run /usr/bin/brotli --quality=11 --output=/output/op-billing-page_cefcb1_5.59.1-snapshot.v20250407181413.js.br /tmp/work/dist/op-billing-page_cefcb1_5.59.1-snapshot.v20250407181413.js
2025/06/24 00:33:26 br /tmp/work/dist/op-billing-page_cefcb1_5.59.1-snapshot.v20250407181413.js -> /output/op-billing-page_cefcb1_5.59.1-snapshot.v20250407181413.js.br
2025/06/24 00:33:26 gz /tmp/work/dist/op-billing-page_cefcb1_5.59.1-snapshot.v20250407181413.js -> /output/op-billing-page_cefcb1_5.59.1-snapshot.v20250407181413.js.gz
2025/06/24 00:33:26 compress: run /node_modules/uglify-js/bin/uglifyjs (3.15.4) [--mangle --compress if_return=true -o /tmp/work/dist/organizationprofile_cefcb1_5.59.1-snapshot.v20250407181413.min.js /tmp/work/dist/organizationprofile_cefcb1_5.59.1-snapshot.v20250407181413.js]
2025/06/24 00:33:26 br /tmp/work/dist/clerk.no-rhc.mjs -> /output/clerk.no-rhc.mjs.br
2025/06/24 00:33:26 sri /tmp/work/dist/organizationlist_cefcb1_5.59.1-snapshot.v20250407181413.min.js -> /output/organizationlist_cefcb1_5.59.1-snapshot.v20250407181413.min.js.sri
2025/06/24 00:33:26 algorithm: run /usr/bin/brotli --quality=11 --output=/output/organizationlist_cefcb1_5.59.1-snapshot.v20250407181413.min.js.br /tmp/work/dist/organizationlist_cefcb1_5.59.1-snapshot.v20250407181413.min.js
2025/06/24 00:33:26 gz /tmp/work/dist/clerk.no-rhc.mjs -> /output/clerk.no-rhc.mjs.gz
2025/06/24 00:33:26 compress: run /node_modules/uglify-js/bin/uglifyjs (3.15.4) [--mangle --compress if_return=true -o /tmp/work/dist/organizationswitcher_cefcb1_5.59.1-snapshot.v20250407181413.min.js /tmp/work/dist/organizationswitcher_cefcb1_5.59.1-snapshot.v20250407181413.js]
2025/06/24 00:33:26 br /tmp/work/dist/organizationlist_cefcb1_5.59.1-snapshot.v20250407181413.min.js -> /output/organizationlist_cefcb1_5.59.1-snapshot.v20250407181413.min.js.br
2025/06/24 00:33:26 gz /tmp/work/dist/organizationlist_cefcb1_5.59.1-snapshot.v20250407181413.min.js -> /output/organizationlist_cefcb1_5.59.1-snapshot.v20250407181413.min.js.gz
2025/06/24 00:33:26 sri /tmp/work/dist/organizationlist_cefcb1_5.59.1-snapshot.v20250407181413.js -> /output/organizationlist_cefcb1_5.59.1-snapshot.v20250407181413.js.sri
2025/06/24 00:33:26 algorithm: run /usr/bin/brotli --quality=11 --output=/output/organizationlist_cefcb1_5.59.1-snapshot.v20250407181413.js.br /tmp/work/dist/organizationlist_cefcb1_5.59.1-snapshot.v20250407181413.js
2025/06/24 00:33:27 br /tmp/work/dist/organizationlist_cefcb1_5.59.1-snapshot.v20250407181413.js -> /output/organizationlist_cefcb1_5.59.1-snapshot.v20250407181413.js.br
2025/06/24 00:33:27 gz /tmp/work/dist/organizationlist_cefcb1_5.59.1-snapshot.v20250407181413.js -> /output/organizationlist_cefcb1_5.59.1-snapshot.v20250407181413.js.gz
2025/06/24 00:33:27 compress: run /node_modules/uglify-js/bin/uglifyjs (3.15.4) [--mangle --compress if_return=true -o /tmp/work/dist/paymentSources_cefcb1_5.59.1-snapshot.v20250407181413.min.js /tmp/work/dist/paymentSources_cefcb1_5.59.1-snapshot.v20250407181413.js]
2025/06/24 00:33:27 br /tmp/work/dist/clerk.browser.js -> /output/clerk.browser.js.br
2025/06/24 00:33:27 gz /tmp/work/dist/clerk.browser.js -> /output/clerk.browser.js.gz
2025/06/24 00:33:27 compress: run /node_modules/uglify-js/bin/uglifyjs (3.15.4) [--mangle --compress if_return=true -o /tmp/work/dist/prefetchorganizationlist_cefcb1_5.59.1-snapshot.v20250407181413.min.js /tmp/work/dist/prefetchorganizationlist_cefcb1_5.59.1-snapshot.v20250407181413.js]
2025/06/24 00:33:27 sri /tmp/work/dist/coinbase-wallet-sdk_cefcb1_5.59.1-snapshot.v20250407181413.min.js -> /output/coinbase-wallet-sdk_cefcb1_5.59.1-snapshot.v20250407181413.min.js.sri
2025/06/24 00:33:27 algorithm: run /usr/bin/brotli --quality=11 --output=/output/coinbase-wallet-sdk_cefcb1_5.59.1-snapshot.v20250407181413.min.js.br /tmp/work/dist/coinbase-wallet-sdk_cefcb1_5.59.1-snapshot.v20250407181413.min.js
2025/06/24 00:33:27 sri /tmp/work/dist/prefetchorganizationlist_cefcb1_5.59.1-snapshot.v20250407181413.min.js -> /output/prefetchorganizationlist_cefcb1_5.59.1-snapshot.v20250407181413.min.js.sri
2025/06/24 00:33:27 algorithm: run /usr/bin/brotli --quality=11 --output=/output/prefetchorganizationlist_cefcb1_5.59.1-snapshot.v20250407181413.min.js.br /tmp/work/dist/prefetchorganizationlist_cefcb1_5.59.1-snapshot.v20250407181413.min.js
2025/06/24 00:33:27 br /tmp/work/dist/prefetchorganizationlist_cefcb1_5.59.1-snapshot.v20250407181413.min.js -> /output/prefetchorganizationlist_cefcb1_5.59.1-snapshot.v20250407181413.min.js.br
2025/06/24 00:33:27 gz /tmp/work/dist/prefetchorganizationlist_cefcb1_5.59.1-snapshot.v20250407181413.min.js -> /output/prefetchorganizationlist_cefcb1_5.59.1-snapshot.v20250407181413.min.js.gz
2025/06/24 00:33:27 sri /tmp/work/dist/prefetchorganizationlist_cefcb1_5.59.1-snapshot.v20250407181413.js -> /output/prefetchorganizationlist_cefcb1_5.59.1-snapshot.v20250407181413.js.sri
2025/06/24 00:33:27 algorithm: run /usr/bin/brotli --quality=11 --output=/output/prefetchorganizationlist_cefcb1_5.59.1-snapshot.v20250407181413.js.br /tmp/work/dist/prefetchorganizationlist_cefcb1_5.59.1-snapshot.v20250407181413.js
2025/06/24 00:33:27 br /tmp/work/dist/prefetchorganizationlist_cefcb1_5.59.1-snapshot.v20250407181413.js -> /output/prefetchorganizationlist_cefcb1_5.59.1-snapshot.v20250407181413.js.br
2025/06/24 00:33:27 gz /tmp/work/dist/prefetchorganizationlist_cefcb1_5.59.1-snapshot.v20250407181413.js -> /output/prefetchorganizationlist_cefcb1_5.59.1-snapshot.v20250407181413.js.gz
2025/06/24 00:33:27 compress: run /node_modules/uglify-js/bin/uglifyjs (3.15.4) [--mangle --compress if_return=true -o /tmp/work/dist/pricingTable_cefcb1_5.59.1-snapshot.v20250407181413.min.js /tmp/work/dist/pricingTable_cefcb1_5.59.1-snapshot.v20250407181413.js]
2025/06/24 00:33:27 sri /tmp/work/dist/organizationswitcher_cefcb1_5.59.1-snapshot.v20250407181413.min.js -> /output/organizationswitcher_cefcb1_5.59.1-snapshot.v20250407181413.min.js.sri
2025/06/24 00:33:27 algorithm: run /usr/bin/brotli --quality=11 --output=/output/organizationswitcher_cefcb1_5.59.1-snapshot.v20250407181413.min.js.br /tmp/work/dist/organizationswitcher_cefcb1_5.59.1-snapshot.v20250407181413.min.js
2025/06/24 00:33:27 br /tmp/work/dist/organizationswitcher_cefcb1_5.59.1-snapshot.v20250407181413.min.js -> /output/organizationswitcher_cefcb1_5.59.1-snapshot.v20250407181413.min.js.br
2025/06/24 00:33:27 gz /tmp/work/dist/organizationswitcher_cefcb1_5.59.1-snapshot.v20250407181413.min.js -> /output/organizationswitcher_cefcb1_5.59.1-snapshot.v20250407181413.min.js.gz
2025/06/24 00:33:27 sri /tmp/work/dist/organizationswitcher_cefcb1_5.59.1-snapshot.v20250407181413.js -> /output/organizationswitcher_cefcb1_5.59.1-snapshot.v20250407181413.js.sri
2025/06/24 00:33:27 algorithm: run /usr/bin/brotli --quality=11 --output=/output/organizationswitcher_cefcb1_5.59.1-snapshot.v20250407181413.js.br /tmp/work/dist/organizationswitcher_cefcb1_5.59.1-snapshot.v20250407181413.js
2025/06/24 00:33:28 br /tmp/work/dist/organizationswitcher_cefcb1_5.59.1-snapshot.v20250407181413.js -> /output/organizationswitcher_cefcb1_5.59.1-snapshot.v20250407181413.js.br
2025/06/24 00:33:28 gz /tmp/work/dist/organizationswitcher_cefcb1_5.59.1-snapshot.v20250407181413.js -> /output/organizationswitcher_cefcb1_5.59.1-snapshot.v20250407181413.js.gz
2025/06/24 00:33:28 compress: run /node_modules/uglify-js/bin/uglifyjs (3.15.4) [--mangle --compress if_return=true -o /tmp/work/dist/sessionTasks_cefcb1_5.59.1-snapshot.v20250407181413.min.js /tmp/work/dist/sessionTasks_cefcb1_5.59.1-snapshot.v20250407181413.js]
2025/06/24 00:33:28 sri /tmp/work/dist/organizationprofile_cefcb1_5.59.1-snapshot.v20250407181413.min.js -> /output/organizationprofile_cefcb1_5.59.1-snapshot.v20250407181413.min.js.sri
2025/06/24 00:33:28 algorithm: run /usr/bin/brotli --quality=11 --output=/output/organizationprofile_cefcb1_5.59.1-snapshot.v20250407181413.min.js.br /tmp/work/dist/organizationprofile_cefcb1_5.59.1-snapshot.v20250407181413.min.js
2025/06/24 00:33:28 br /tmp/work/dist/coinbase-wallet-sdk_cefcb1_5.59.1-snapshot.v20250407181413.min.js -> /output/coinbase-wallet-sdk_cefcb1_5.59.1-snapshot.v20250407181413.min.js.br
2025/06/24 00:33:28 br /tmp/work/dist/organizationprofile_cefcb1_5.59.1-snapshot.v20250407181413.min.js -> /output/organizationprofile_cefcb1_5.59.1-snapshot.v20250407181413.min.js.br
2025/06/24 00:33:28 gz /tmp/work/dist/coinbase-wallet-sdk_cefcb1_5.59.1-snapshot.v20250407181413.min.js -> /output/coinbase-wallet-sdk_cefcb1_5.59.1-snapshot.v20250407181413.min.js.gz
2025/06/24 00:33:28 gz /tmp/work/dist/organizationprofile_cefcb1_5.59.1-snapshot.v20250407181413.min.js -> /output/organizationprofile_cefcb1_5.59.1-snapshot.v20250407181413.min.js.gz
2025/06/24 00:33:28 sri /tmp/work/dist/organizationprofile_cefcb1_5.59.1-snapshot.v20250407181413.js -> /output/organizationprofile_cefcb1_5.59.1-snapshot.v20250407181413.js.sri
2025/06/24 00:33:28 algorithm: run /usr/bin/brotli --quality=11 --output=/output/organizationprofile_cefcb1_5.59.1-snapshot.v20250407181413.js.br /tmp/work/dist/organizationprofile_cefcb1_5.59.1-snapshot.v20250407181413.js
2025/06/24 00:33:28 sri /tmp/work/dist/coinbase-wallet-sdk_cefcb1_5.59.1-snapshot.v20250407181413.js -> /output/coinbase-wallet-sdk_cefcb1_5.59.1-snapshot.v20250407181413.js.sri
2025/06/24 00:33:28 algorithm: run /usr/bin/brotli --quality=11 --output=/output/coinbase-wallet-sdk_cefcb1_5.59.1-snapshot.v20250407181413.js.br /tmp/work/dist/coinbase-wallet-sdk_cefcb1_5.59.1-snapshot.v20250407181413.js
2025/06/24 00:33:28 sri /tmp/work/dist/sessionTasks_cefcb1_5.59.1-snapshot.v20250407181413.min.js -> /output/sessionTasks_cefcb1_5.59.1-snapshot.v20250407181413.min.js.sri
2025/06/24 00:33:28 algorithm: run /usr/bin/brotli --quality=11 --output=/output/sessionTasks_cefcb1_5.59.1-snapshot.v20250407181413.min.js.br /tmp/work/dist/sessionTasks_cefcb1_5.59.1-snapshot.v20250407181413.min.js
2025/06/24 00:33:28 br /tmp/work/dist/sessionTasks_cefcb1_5.59.1-snapshot.v20250407181413.min.js -> /output/sessionTasks_cefcb1_5.59.1-snapshot.v20250407181413.min.js.br
2025/06/24 00:33:28 gz /tmp/work/dist/sessionTasks_cefcb1_5.59.1-snapshot.v20250407181413.min.js -> /output/sessionTasks_cefcb1_5.59.1-snapshot.v20250407181413.min.js.gz
2025/06/24 00:33:28 sri /tmp/work/dist/sessionTasks_cefcb1_5.59.1-snapshot.v20250407181413.js -> /output/sessionTasks_cefcb1_5.59.1-snapshot.v20250407181413.js.sri
2025/06/24 00:33:28 algorithm: run /usr/bin/brotli --quality=11 --output=/output/sessionTasks_cefcb1_5.59.1-snapshot.v20250407181413.js.br /tmp/work/dist/sessionTasks_cefcb1_5.59.1-snapshot.v20250407181413.js
2025/06/24 00:33:28 br /tmp/work/dist/organizationprofile_cefcb1_5.59.1-snapshot.v20250407181413.js -> /output/organizationprofile_cefcb1_5.59.1-snapshot.v20250407181413.js.br
2025/06/24 00:33:28 br /tmp/work/dist/sessionTasks_cefcb1_5.59.1-snapshot.v20250407181413.js -> /output/sessionTasks_cefcb1_5.59.1-snapshot.v20250407181413.js.br
2025/06/24 00:33:28 gz /tmp/work/dist/organizationprofile_cefcb1_5.59.1-snapshot.v20250407181413.js -> /output/organizationprofile_cefcb1_5.59.1-snapshot.v20250407181413.js.gz
2025/06/24 00:33:28 compress: run /node_modules/uglify-js/bin/uglifyjs (3.15.4) [--mangle --compress if_return=true -o /tmp/work/dist/signin_cefcb1_5.59.1-snapshot.v20250407181413.min.js /tmp/work/dist/signin_cefcb1_5.59.1-snapshot.v20250407181413.js]
2025/06/24 00:33:28 gz /tmp/work/dist/sessionTasks_cefcb1_5.59.1-snapshot.v20250407181413.js -> /output/sessionTasks_cefcb1_5.59.1-snapshot.v20250407181413.js.gz
2025/06/24 00:33:28 compress: run /node_modules/uglify-js/bin/uglifyjs (3.15.4) [--mangle --compress if_return=true -o /tmp/work/dist/signup_cefcb1_5.59.1-snapshot.v20250407181413.min.js /tmp/work/dist/signup_cefcb1_5.59.1-snapshot.v20250407181413.js]
2025/06/24 00:33:28 sri /tmp/work/dist/paymentSources_cefcb1_5.59.1-snapshot.v20250407181413.min.js -> /output/paymentSources_cefcb1_5.59.1-snapshot.v20250407181413.min.js.sri
2025/06/24 00:33:28 algorithm: run /usr/bin/brotli --quality=11 --output=/output/paymentSources_cefcb1_5.59.1-snapshot.v20250407181413.min.js.br /tmp/work/dist/paymentSources_cefcb1_5.59.1-snapshot.v20250407181413.min.js
2025/06/24 00:33:28 br /tmp/work/dist/coinbase-wallet-sdk_cefcb1_5.59.1-snapshot.v20250407181413.js -> /output/coinbase-wallet-sdk_cefcb1_5.59.1-snapshot.v20250407181413.js.br
2025/06/24 00:33:28 gz /tmp/work/dist/coinbase-wallet-sdk_cefcb1_5.59.1-snapshot.v20250407181413.js -> /output/coinbase-wallet-sdk_cefcb1_5.59.1-snapshot.v20250407181413.js.gz
2025/06/24 00:33:28 compress: run /node_modules/uglify-js/bin/uglifyjs (3.15.4) [--mangle --compress if_return=true -o /tmp/work/dist/ui-common_cefcb1_5.59.1-snapshot.v20250407181413.min.js /tmp/work/dist/ui-common_cefcb1_5.59.1-snapshot.v20250407181413.js]
2025/06/24 00:33:28 br /tmp/work/dist/paymentSources_cefcb1_5.59.1-snapshot.v20250407181413.min.js -> /output/paymentSources_cefcb1_5.59.1-snapshot.v20250407181413.min.js.br
2025/06/24 00:33:28 gz /tmp/work/dist/paymentSources_cefcb1_5.59.1-snapshot.v20250407181413.min.js -> /output/paymentSources_cefcb1_5.59.1-snapshot.v20250407181413.min.js.gz
2025/06/24 00:33:28 sri /tmp/work/dist/paymentSources_cefcb1_5.59.1-snapshot.v20250407181413.js -> /output/paymentSources_cefcb1_5.59.1-snapshot.v20250407181413.js.sri
2025/06/24 00:33:28 algorithm: run /usr/bin/brotli --quality=11 --output=/output/paymentSources_cefcb1_5.59.1-snapshot.v20250407181413.js.br /tmp/work/dist/paymentSources_cefcb1_5.59.1-snapshot.v20250407181413.js
2025/06/24 00:33:28 br /tmp/work/dist/paymentSources_cefcb1_5.59.1-snapshot.v20250407181413.js -> /output/paymentSources_cefcb1_5.59.1-snapshot.v20250407181413.js.br
2025/06/24 00:33:28 gz /tmp/work/dist/paymentSources_cefcb1_5.59.1-snapshot.v20250407181413.js -> /output/paymentSources_cefcb1_5.59.1-snapshot.v20250407181413.js.gz
2025/06/24 00:33:28 compress: run /node_modules/uglify-js/bin/uglifyjs (3.15.4) [--mangle --compress if_return=true -o /tmp/work/dist/up-billing-page_cefcb1_5.59.1-snapshot.v20250407181413.min.js /tmp/work/dist/up-billing-page_cefcb1_5.59.1-snapshot.v20250407181413.js]
2025/06/24 00:33:28 sri /tmp/work/dist/pricingTable_cefcb1_5.59.1-snapshot.v20250407181413.min.js -> /output/pricingTable_cefcb1_5.59.1-snapshot.v20250407181413.min.js.sri
2025/06/24 00:33:28 algorithm: run /usr/bin/brotli --quality=11 --output=/output/pricingTable_cefcb1_5.59.1-snapshot.v20250407181413.min.js.br /tmp/work/dist/pricingTable_cefcb1_5.59.1-snapshot.v20250407181413.min.js
2025/06/24 00:33:28 br /tmp/work/dist/pricingTable_cefcb1_5.59.1-snapshot.v20250407181413.min.js -> /output/pricingTable_cefcb1_5.59.1-snapshot.v20250407181413.min.js.br
2025/06/24 00:33:28 gz /tmp/work/dist/pricingTable_cefcb1_5.59.1-snapshot.v20250407181413.min.js -> /output/pricingTable_cefcb1_5.59.1-snapshot.v20250407181413.min.js.gz
2025/06/24 00:33:28 sri /tmp/work/dist/pricingTable_cefcb1_5.59.1-snapshot.v20250407181413.js -> /output/pricingTable_cefcb1_5.59.1-snapshot.v20250407181413.js.sri
2025/06/24 00:33:28 algorithm: run /usr/bin/brotli --quality=11 --output=/output/pricingTable_cefcb1_5.59.1-snapshot.v20250407181413.js.br /tmp/work/dist/pricingTable_cefcb1_5.59.1-snapshot.v20250407181413.js
2025/06/24 00:33:28 br /tmp/work/dist/pricingTable_cefcb1_5.59.1-snapshot.v20250407181413.js -> /output/pricingTable_cefcb1_5.59.1-snapshot.v20250407181413.js.br
2025/06/24 00:33:28 gz /tmp/work/dist/pricingTable_cefcb1_5.59.1-snapshot.v20250407181413.js -> /output/pricingTable_cefcb1_5.59.1-snapshot.v20250407181413.js.gz
2025/06/24 00:33:28 compress: run /node_modules/uglify-js/bin/uglifyjs (3.15.4) [--mangle --compress if_return=true -o /tmp/work/dist/userbutton_cefcb1_5.59.1-snapshot.v20250407181413.min.js /tmp/work/dist/userbutton_cefcb1_5.59.1-snapshot.v20250407181413.js]
2025/06/24 00:33:28 sri /tmp/work/dist/up-billing-page_cefcb1_5.59.1-snapshot.v20250407181413.min.js -> /output/up-billing-page_cefcb1_5.59.1-snapshot.v20250407181413.min.js.sri
2025/06/24 00:33:28 algorithm: run /usr/bin/brotli --quality=11 --output=/output/up-billing-page_cefcb1_5.59.1-snapshot.v20250407181413.min.js.br /tmp/work/dist/up-billing-page_cefcb1_5.59.1-snapshot.v20250407181413.min.js
2025/06/24 00:33:29 br /tmp/work/dist/up-billing-page_cefcb1_5.59.1-snapshot.v20250407181413.min.js -> /output/up-billing-page_cefcb1_5.59.1-snapshot.v20250407181413.min.js.br
2025/06/24 00:33:29 gz /tmp/work/dist/up-billing-page_cefcb1_5.59.1-snapshot.v20250407181413.min.js -> /output/up-billing-page_cefcb1_5.59.1-snapshot.v20250407181413.min.js.gz
2025/06/24 00:33:29 sri /tmp/work/dist/up-billing-page_cefcb1_5.59.1-snapshot.v20250407181413.js -> /output/up-billing-page_cefcb1_5.59.1-snapshot.v20250407181413.js.sri
2025/06/24 00:33:29 algorithm: run /usr/bin/brotli --quality=11 --output=/output/up-billing-page_cefcb1_5.59.1-snapshot.v20250407181413.js.br /tmp/work/dist/up-billing-page_cefcb1_5.59.1-snapshot.v20250407181413.js
2025/06/24 00:33:29 br /tmp/work/dist/up-billing-page_cefcb1_5.59.1-snapshot.v20250407181413.js -> /output/up-billing-page_cefcb1_5.59.1-snapshot.v20250407181413.js.br
2025/06/24 00:33:29 gz /tmp/work/dist/up-billing-page_cefcb1_5.59.1-snapshot.v20250407181413.js -> /output/up-billing-page_cefcb1_5.59.1-snapshot.v20250407181413.js.gz
2025/06/24 00:33:29 compress: run /node_modules/uglify-js/bin/uglifyjs (3.15.4) [--mangle --compress if_return=true -o /tmp/work/dist/userprofile_cefcb1_5.59.1-snapshot.v20250407181413.min.js /tmp/work/dist/userprofile_cefcb1_5.59.1-snapshot.v20250407181413.js]
2025/06/24 00:33:29 sri /tmp/work/dist/userbutton_cefcb1_5.59.1-snapshot.v20250407181413.min.js -> /output/userbutton_cefcb1_5.59.1-snapshot.v20250407181413.min.js.sri
2025/06/24 00:33:29 algorithm: run /usr/bin/brotli --quality=11 --output=/output/userbutton_cefcb1_5.59.1-snapshot.v20250407181413.min.js.br /tmp/work/dist/userbutton_cefcb1_5.59.1-snapshot.v20250407181413.min.js
2025/06/24 00:33:29 br /tmp/work/dist/userbutton_cefcb1_5.59.1-snapshot.v20250407181413.min.js -> /output/userbutton_cefcb1_5.59.1-snapshot.v20250407181413.min.js.br
2025/06/24 00:33:29 gz /tmp/work/dist/userbutton_cefcb1_5.59.1-snapshot.v20250407181413.min.js -> /output/userbutton_cefcb1_5.59.1-snapshot.v20250407181413.min.js.gz
2025/06/24 00:33:29 sri /tmp/work/dist/userbutton_cefcb1_5.59.1-snapshot.v20250407181413.js -> /output/userbutton_cefcb1_5.59.1-snapshot.v20250407181413.js.sri
2025/06/24 00:33:29 algorithm: run /usr/bin/brotli --quality=11 --output=/output/userbutton_cefcb1_5.59.1-snapshot.v20250407181413.js.br /tmp/work/dist/userbutton_cefcb1_5.59.1-snapshot.v20250407181413.js
2025/06/24 00:33:29 br /tmp/work/dist/userbutton_cefcb1_5.59.1-snapshot.v20250407181413.js -> /output/userbutton_cefcb1_5.59.1-snapshot.v20250407181413.js.br
2025/06/24 00:33:29 gz /tmp/work/dist/userbutton_cefcb1_5.59.1-snapshot.v20250407181413.js -> /output/userbutton_cefcb1_5.59.1-snapshot.v20250407181413.js.gz
2025/06/24 00:33:29 compress: run /node_modules/uglify-js/bin/uglifyjs (3.15.4) [--mangle --compress if_return=true -o /tmp/work/dist/userverification_cefcb1_5.59.1-snapshot.v20250407181413.min.js /tmp/work/dist/userverification_cefcb1_5.59.1-snapshot.v20250407181413.js]
2025/06/24 00:33:29 sri /tmp/work/dist/signup_cefcb1_5.59.1-snapshot.v20250407181413.min.js -> /output/signup_cefcb1_5.59.1-snapshot.v20250407181413.min.js.sri
2025/06/24 00:33:29 algorithm: run /usr/bin/brotli --quality=11 --output=/output/signup_cefcb1_5.59.1-snapshot.v20250407181413.min.js.br /tmp/work/dist/signup_cefcb1_5.59.1-snapshot.v20250407181413.min.js
2025/06/24 00:33:30 br /tmp/work/dist/signup_cefcb1_5.59.1-snapshot.v20250407181413.min.js -> /output/signup_cefcb1_5.59.1-snapshot.v20250407181413.min.js.br
2025/06/24 00:33:30 gz /tmp/work/dist/signup_cefcb1_5.59.1-snapshot.v20250407181413.min.js -> /output/signup_cefcb1_5.59.1-snapshot.v20250407181413.min.js.gz
2025/06/24 00:33:30 sri /tmp/work/dist/signup_cefcb1_5.59.1-snapshot.v20250407181413.js -> /output/signup_cefcb1_5.59.1-snapshot.v20250407181413.js.sri
2025/06/24 00:33:30 algorithm: run /usr/bin/brotli --quality=11 --output=/output/signup_cefcb1_5.59.1-snapshot.v20250407181413.js.br /tmp/work/dist/signup_cefcb1_5.59.1-snapshot.v20250407181413.js
2025/06/24 00:33:30 br /tmp/work/dist/signup_cefcb1_5.59.1-snapshot.v20250407181413.js -> /output/signup_cefcb1_5.59.1-snapshot.v20250407181413.js.br
2025/06/24 00:33:30 gz /tmp/work/dist/signup_cefcb1_5.59.1-snapshot.v20250407181413.js -> /output/signup_cefcb1_5.59.1-snapshot.v20250407181413.js.gz
2025/06/24 00:33:30 compress: run /node_modules/uglify-js/bin/uglifyjs (3.15.4) [--mangle --compress if_return=true -o /tmp/work/dist/vendors_5c5348_5.59.1-snapshot.v20250407181413.min.js /tmp/work/dist/vendors_5c5348_5.59.1-snapshot.v20250407181413.js]
2025/06/24 00:33:30 sri /tmp/work/dist/signin_cefcb1_5.59.1-snapshot.v20250407181413.min.js -> /output/signin_cefcb1_5.59.1-snapshot.v20250407181413.min.js.sri
2025/06/24 00:33:30 algorithm: run /usr/bin/brotli --quality=11 --output=/output/signin_cefcb1_5.59.1-snapshot.v20250407181413.min.js.br /tmp/work/dist/signin_cefcb1_5.59.1-snapshot.v20250407181413.min.js
2025/06/24 00:33:30 br /tmp/work/dist/signin_cefcb1_5.59.1-snapshot.v20250407181413.min.js -> /output/signin_cefcb1_5.59.1-snapshot.v20250407181413.min.js.br
2025/06/24 00:33:30 gz /tmp/work/dist/signin_cefcb1_5.59.1-snapshot.v20250407181413.min.js -> /output/signin_cefcb1_5.59.1-snapshot.v20250407181413.min.js.gz
2025/06/24 00:33:30 sri /tmp/work/dist/signin_cefcb1_5.59.1-snapshot.v20250407181413.js -> /output/signin_cefcb1_5.59.1-snapshot.v20250407181413.js.sri
2025/06/24 00:33:30 algorithm: run /usr/bin/brotli --quality=11 --output=/output/signin_cefcb1_5.59.1-snapshot.v20250407181413.js.br /tmp/work/dist/signin_cefcb1_5.59.1-snapshot.v20250407181413.js
2025/06/24 00:33:30 sri /tmp/work/dist/framework_cefcb1_5.59.1-snapshot.v20250407181413.min.js -> /output/framework_cefcb1_5.59.1-snapshot.v20250407181413.min.js.sri
2025/06/24 00:33:30 algorithm: run /usr/bin/brotli --quality=11 --output=/output/framework_cefcb1_5.59.1-snapshot.v20250407181413.min.js.br /tmp/work/dist/framework_cefcb1_5.59.1-snapshot.v20250407181413.min.js
2025/06/24 00:33:30 sri /tmp/work/dist/vendors_5c5348_5.59.1-snapshot.v20250407181413.min.js -> /output/vendors_5c5348_5.59.1-snapshot.v20250407181413.min.js.sri
2025/06/24 00:33:30 algorithm: run /usr/bin/brotli --quality=11 --output=/output/vendors_5c5348_5.59.1-snapshot.v20250407181413.min.js.br /tmp/work/dist/vendors_5c5348_5.59.1-snapshot.v20250407181413.min.js
2025/06/24 00:33:30 br /tmp/work/dist/signin_cefcb1_5.59.1-snapshot.v20250407181413.js -> /output/signin_cefcb1_5.59.1-snapshot.v20250407181413.js.br
2025/06/24 00:33:30 gz /tmp/work/dist/signin_cefcb1_5.59.1-snapshot.v20250407181413.js -> /output/signin_cefcb1_5.59.1-snapshot.v20250407181413.js.gz
2025/06/24 00:33:30 compress: run /node_modules/uglify-js/bin/uglifyjs (3.15.4) [--mangle --compress if_return=true -o /tmp/work/dist/vendors_cefcb1_5.59.1-snapshot.v20250407181413.min.js /tmp/work/dist/vendors_cefcb1_5.59.1-snapshot.v20250407181413.js]
2025/06/24 00:33:30 br /tmp/work/dist/vendors_5c5348_5.59.1-snapshot.v20250407181413.min.js -> /output/vendors_5c5348_5.59.1-snapshot.v20250407181413.min.js.br
2025/06/24 00:33:30 sri /tmp/work/dist/userverification_cefcb1_5.59.1-snapshot.v20250407181413.min.js -> /output/userverification_cefcb1_5.59.1-snapshot.v20250407181413.min.js.sri
2025/06/24 00:33:30 algorithm: run /usr/bin/brotli --quality=11 --output=/output/userverification_cefcb1_5.59.1-snapshot.v20250407181413.min.js.br /tmp/work/dist/userverification_cefcb1_5.59.1-snapshot.v20250407181413.min.js
2025/06/24 00:33:30 gz /tmp/work/dist/vendors_5c5348_5.59.1-snapshot.v20250407181413.min.js -> /output/vendors_5c5348_5.59.1-snapshot.v20250407181413.min.js.gz
2025/06/24 00:33:30 sri /tmp/work/dist/vendors_5c5348_5.59.1-snapshot.v20250407181413.js -> /output/vendors_5c5348_5.59.1-snapshot.v20250407181413.js.sri
2025/06/24 00:33:30 algorithm: run /usr/bin/brotli --quality=11 --output=/output/vendors_5c5348_5.59.1-snapshot.v20250407181413.js.br /tmp/work/dist/vendors_5c5348_5.59.1-snapshot.v20250407181413.js
2025/06/24 00:33:30 br /tmp/work/dist/vendors_5c5348_5.59.1-snapshot.v20250407181413.js -> /output/vendors_5c5348_5.59.1-snapshot.v20250407181413.js.br
2025/06/24 00:33:30 gz /tmp/work/dist/vendors_5c5348_5.59.1-snapshot.v20250407181413.js -> /output/vendors_5c5348_5.59.1-snapshot.v20250407181413.js.gz
2025/06/24 00:33:30 compress: run /node_modules/uglify-js/bin/uglifyjs (3.15.4) [--mangle --compress if_return=true -o /tmp/work/dist/waitlist_cefcb1_5.59.1-snapshot.v20250407181413.min.js /tmp/work/dist/waitlist_cefcb1_5.59.1-snapshot.v20250407181413.js]
2025/06/24 00:33:31 br /tmp/work/dist/userverification_cefcb1_5.59.1-snapshot.v20250407181413.min.js -> /output/userverification_cefcb1_5.59.1-snapshot.v20250407181413.min.js.br
2025/06/24 00:33:31 gz /tmp/work/dist/userverification_cefcb1_5.59.1-snapshot.v20250407181413.min.js -> /output/userverification_cefcb1_5.59.1-snapshot.v20250407181413.min.js.gz
2025/06/24 00:33:31 sri /tmp/work/dist/userverification_cefcb1_5.59.1-snapshot.v20250407181413.js -> /output/userverification_cefcb1_5.59.1-snapshot.v20250407181413.js.sri
2025/06/24 00:33:31 algorithm: run /usr/bin/brotli --quality=11 --output=/output/userverification_cefcb1_5.59.1-snapshot.v20250407181413.js.br /tmp/work/dist/userverification_cefcb1_5.59.1-snapshot.v20250407181413.js
2025/06/24 00:33:31 br /tmp/work/dist/userverification_cefcb1_5.59.1-snapshot.v20250407181413.js -> /output/userverification_cefcb1_5.59.1-snapshot.v20250407181413.js.br
2025/06/24 00:33:31 gz /tmp/work/dist/userverification_cefcb1_5.59.1-snapshot.v20250407181413.js -> /output/userverification_cefcb1_5.59.1-snapshot.v20250407181413.js.gz
2025/06/24 00:33:31 compress: run /node_modules/uglify-js/bin/uglifyjs (3.15.4) [--mangle --compress if_return=true -o /tmp/work/dist/zxcvbn-common_5c5348_5.59.1-snapshot.v20250407181413.min.js /tmp/work/dist/zxcvbn-common_5c5348_5.59.1-snapshot.v20250407181413.js]
2025/06/24 00:33:31 br /tmp/work/dist/framework_cefcb1_5.59.1-snapshot.v20250407181413.min.js -> /output/framework_cefcb1_5.59.1-snapshot.v20250407181413.min.js.br
2025/06/24 00:33:31 gz /tmp/work/dist/framework_cefcb1_5.59.1-snapshot.v20250407181413.min.js -> /output/framework_cefcb1_5.59.1-snapshot.v20250407181413.min.js.gz
2025/06/24 00:33:31 sri /tmp/work/dist/framework_cefcb1_5.59.1-snapshot.v20250407181413.js -> /output/framework_cefcb1_5.59.1-snapshot.v20250407181413.js.sri
2025/06/24 00:33:31 algorithm: run /usr/bin/brotli --quality=11 --output=/output/framework_cefcb1_5.59.1-snapshot.v20250407181413.js.br /tmp/work/dist/framework_cefcb1_5.59.1-snapshot.v20250407181413.js
2025/06/24 00:33:31 sri /tmp/work/dist/waitlist_cefcb1_5.59.1-snapshot.v20250407181413.min.js -> /output/waitlist_cefcb1_5.59.1-snapshot.v20250407181413.min.js.sri
2025/06/24 00:33:31 algorithm: run /usr/bin/brotli --quality=11 --output=/output/waitlist_cefcb1_5.59.1-snapshot.v20250407181413.min.js.br /tmp/work/dist/waitlist_cefcb1_5.59.1-snapshot.v20250407181413.min.js
2025/06/24 00:33:31 br /tmp/work/dist/waitlist_cefcb1_5.59.1-snapshot.v20250407181413.min.js -> /output/waitlist_cefcb1_5.59.1-snapshot.v20250407181413.min.js.br
2025/06/24 00:33:31 gz /tmp/work/dist/waitlist_cefcb1_5.59.1-snapshot.v20250407181413.min.js -> /output/waitlist_cefcb1_5.59.1-snapshot.v20250407181413.min.js.gz
2025/06/24 00:33:31 sri /tmp/work/dist/waitlist_cefcb1_5.59.1-snapshot.v20250407181413.js -> /output/waitlist_cefcb1_5.59.1-snapshot.v20250407181413.js.sri
2025/06/24 00:33:31 algorithm: run /usr/bin/brotli --quality=11 --output=/output/waitlist_cefcb1_5.59.1-snapshot.v20250407181413.js.br /tmp/work/dist/waitlist_cefcb1_5.59.1-snapshot.v20250407181413.js
2025/06/24 00:33:31 br /tmp/work/dist/waitlist_cefcb1_5.59.1-snapshot.v20250407181413.js -> /output/waitlist_cefcb1_5.59.1-snapshot.v20250407181413.js.br
2025/06/24 00:33:31 gz /tmp/work/dist/waitlist_cefcb1_5.59.1-snapshot.v20250407181413.js -> /output/waitlist_cefcb1_5.59.1-snapshot.v20250407181413.js.gz
2025/06/24 00:33:31 compress: run /node_modules/uglify-js/bin/uglifyjs (3.15.4) [--mangle --compress if_return=true -o /tmp/work/dist/zxcvbn-common_cefcb1_5.59.1-snapshot.v20250407181413.min.js /tmp/work/dist/zxcvbn-common_cefcb1_5.59.1-snapshot.v20250407181413.js]
2025/06/24 00:33:31 sri /tmp/work/dist/userprofile_cefcb1_5.59.1-snapshot.v20250407181413.min.js -> /output/userprofile_cefcb1_5.59.1-snapshot.v20250407181413.min.js.sri
2025/06/24 00:33:31 algorithm: run /usr/bin/brotli --quality=11 --output=/output/userprofile_cefcb1_5.59.1-snapshot.v20250407181413.min.js.br /tmp/work/dist/userprofile_cefcb1_5.59.1-snapshot.v20250407181413.min.js
2025/06/24 00:33:31 br /tmp/work/dist/userprofile_cefcb1_5.59.1-snapshot.v20250407181413.min.js -> /output/userprofile_cefcb1_5.59.1-snapshot.v20250407181413.min.js.br
2025/06/24 00:33:31 gz /tmp/work/dist/userprofile_cefcb1_5.59.1-snapshot.v20250407181413.min.js -> /output/userprofile_cefcb1_5.59.1-snapshot.v20250407181413.min.js.gz
2025/06/24 00:33:31 sri /tmp/work/dist/userprofile_cefcb1_5.59.1-snapshot.v20250407181413.js -> /output/userprofile_cefcb1_5.59.1-snapshot.v20250407181413.js.sri
2025/06/24 00:33:31 algorithm: run /usr/bin/brotli --quality=11 --output=/output/userprofile_cefcb1_5.59.1-snapshot.v20250407181413.js.br /tmp/work/dist/userprofile_cefcb1_5.59.1-snapshot.v20250407181413.js
2025/06/24 00:33:31 br /tmp/work/dist/framework_cefcb1_5.59.1-snapshot.v20250407181413.js -> /output/framework_cefcb1_5.59.1-snapshot.v20250407181413.js.br
2025/06/24 00:33:31 gz /tmp/work/dist/framework_cefcb1_5.59.1-snapshot.v20250407181413.js -> /output/framework_cefcb1_5.59.1-snapshot.v20250407181413.js.gz
2025/06/24 00:33:31 compress: run /node_modules/uglify-js/bin/uglifyjs (3.15.4) [--mangle --compress if_return=true -o /tmp/work/dist/zxcvbn-ts-core_5c5348_5.59.1-snapshot.v20250407181413.min.js /tmp/work/dist/zxcvbn-ts-core_5c5348_5.59.1-snapshot.v20250407181413.js]
2025/06/24 00:33:31 br /tmp/work/dist/userprofile_cefcb1_5.59.1-snapshot.v20250407181413.js -> /output/userprofile_cefcb1_5.59.1-snapshot.v20250407181413.js.br
2025/06/24 00:33:31 gz /tmp/work/dist/userprofile_cefcb1_5.59.1-snapshot.v20250407181413.js -> /output/userprofile_cefcb1_5.59.1-snapshot.v20250407181413.js.gz
2025/06/24 00:33:31 compress: run /node_modules/uglify-js/bin/uglifyjs (3.15.4) [--mangle --compress if_return=true -o /tmp/work/dist/zxcvbn-ts-core_cefcb1_5.59.1-snapshot.v20250407181413.min.js /tmp/work/dist/zxcvbn-ts-core_cefcb1_5.59.1-snapshot.v20250407181413.js]
2025/06/24 00:33:31 sri /tmp/work/dist/zxcvbn-common_5c5348_5.59.1-snapshot.v20250407181413.min.js -> /output/zxcvbn-common_5c5348_5.59.1-snapshot.v20250407181413.min.js.sri
2025/06/24 00:33:31 algorithm: run /usr/bin/brotli --quality=11 --output=/output/zxcvbn-common_5c5348_5.59.1-snapshot.v20250407181413.min.js.br /tmp/work/dist/zxcvbn-common_5c5348_5.59.1-snapshot.v20250407181413.min.js
2025/06/24 00:33:32 sri /tmp/work/dist/zxcvbn-common_cefcb1_5.59.1-snapshot.v20250407181413.min.js -> /output/zxcvbn-common_cefcb1_5.59.1-snapshot.v20250407181413.min.js.sri
2025/06/24 00:33:32 algorithm: run /usr/bin/brotli --quality=11 --output=/output/zxcvbn-common_cefcb1_5.59.1-snapshot.v20250407181413.min.js.br /tmp/work/dist/zxcvbn-common_cefcb1_5.59.1-snapshot.v20250407181413.min.js
2025/06/24 00:33:33 sri /tmp/work/dist/zxcvbn-ts-core_cefcb1_5.59.1-snapshot.v20250407181413.min.js -> /output/zxcvbn-ts-core_cefcb1_5.59.1-snapshot.v20250407181413.min.js.sri
2025/06/24 00:33:33 algorithm: run /usr/bin/brotli --quality=11 --output=/output/zxcvbn-ts-core_cefcb1_5.59.1-snapshot.v20250407181413.min.js.br /tmp/work/dist/zxcvbn-ts-core_cefcb1_5.59.1-snapshot.v20250407181413.min.js
2025/06/24 00:33:33 br /tmp/work/dist/zxcvbn-ts-core_cefcb1_5.59.1-snapshot.v20250407181413.min.js -> /output/zxcvbn-ts-core_cefcb1_5.59.1-snapshot.v20250407181413.min.js.br
2025/06/24 00:33:33 gz /tmp/work/dist/zxcvbn-ts-core_cefcb1_5.59.1-snapshot.v20250407181413.min.js -> /output/zxcvbn-ts-core_cefcb1_5.59.1-snapshot.v20250407181413.min.js.gz
2025/06/24 00:33:33 sri /tmp/work/dist/zxcvbn-ts-core_cefcb1_5.59.1-snapshot.v20250407181413.js -> /output/zxcvbn-ts-core_cefcb1_5.59.1-snapshot.v20250407181413.js.sri
2025/06/24 00:33:33 algorithm: run /usr/bin/brotli --quality=11 --output=/output/zxcvbn-ts-core_cefcb1_5.59.1-snapshot.v20250407181413.js.br /tmp/work/dist/zxcvbn-ts-core_cefcb1_5.59.1-snapshot.v20250407181413.js
2025/06/24 00:33:33 br /tmp/work/dist/zxcvbn-ts-core_cefcb1_5.59.1-snapshot.v20250407181413.js -> /output/zxcvbn-ts-core_cefcb1_5.59.1-snapshot.v20250407181413.js.br
2025/06/24 00:33:33 gz /tmp/work/dist/zxcvbn-ts-core_cefcb1_5.59.1-snapshot.v20250407181413.js -> /output/zxcvbn-ts-core_cefcb1_5.59.1-snapshot.v20250407181413.js.gz
2025/06/24 00:33:33 sri /tmp/work/dist/zxcvbn-ts-core_5c5348_5.59.1-snapshot.v20250407181413.min.js -> /output/zxcvbn-ts-core_5c5348_5.59.1-snapshot.v20250407181413.min.js.sri
2025/06/24 00:33:33 algorithm: run /usr/bin/brotli --quality=11 --output=/output/zxcvbn-ts-core_5c5348_5.59.1-snapshot.v20250407181413.min.js.br /tmp/work/dist/zxcvbn-ts-core_5c5348_5.59.1-snapshot.v20250407181413.min.js
2025/06/24 00:33:33 br /tmp/work/dist/zxcvbn-ts-core_5c5348_5.59.1-snapshot.v20250407181413.min.js -> /output/zxcvbn-ts-core_5c5348_5.59.1-snapshot.v20250407181413.min.js.br
2025/06/24 00:33:33 gz /tmp/work/dist/zxcvbn-ts-core_5c5348_5.59.1-snapshot.v20250407181413.min.js -> /output/zxcvbn-ts-core_5c5348_5.59.1-snapshot.v20250407181413.min.js.gz
2025/06/24 00:33:33 sri /tmp/work/dist/zxcvbn-ts-core_5c5348_5.59.1-snapshot.v20250407181413.js -> /output/zxcvbn-ts-core_5c5348_5.59.1-snapshot.v20250407181413.js.sri
2025/06/24 00:33:33 algorithm: run /usr/bin/brotli --quality=11 --output=/output/zxcvbn-ts-core_5c5348_5.59.1-snapshot.v20250407181413.js.br /tmp/work/dist/zxcvbn-ts-core_5c5348_5.59.1-snapshot.v20250407181413.js
2025/06/24 00:33:33 br /tmp/work/dist/zxcvbn-ts-core_5c5348_5.59.1-snapshot.v20250407181413.js -> /output/zxcvbn-ts-core_5c5348_5.59.1-snapshot.v20250407181413.js.br
2025/06/24 00:33:33 gz /tmp/work/dist/zxcvbn-ts-core_5c5348_5.59.1-snapshot.v20250407181413.js -> /output/zxcvbn-ts-core_5c5348_5.59.1-snapshot.v20250407181413.js.gz
2025/06/24 00:33:33 br /tmp/work/dist/zxcvbn-common_5c5348_5.59.1-snapshot.v20250407181413.min.js -> /output/zxcvbn-common_5c5348_5.59.1-snapshot.v20250407181413.min.js.br
2025/06/24 00:33:33 gz /tmp/work/dist/zxcvbn-common_5c5348_5.59.1-snapshot.v20250407181413.min.js -> /output/zxcvbn-common_5c5348_5.59.1-snapshot.v20250407181413.min.js.gz
2025/06/24 00:33:33 sri /tmp/work/dist/zxcvbn-common_5c5348_5.59.1-snapshot.v20250407181413.js -> /output/zxcvbn-common_5c5348_5.59.1-snapshot.v20250407181413.js.sri
2025/06/24 00:33:33 algorithm: run /usr/bin/brotli --quality=11 --output=/output/zxcvbn-common_5c5348_5.59.1-snapshot.v20250407181413.js.br /tmp/work/dist/zxcvbn-common_5c5348_5.59.1-snapshot.v20250407181413.js
2025/06/24 00:33:33 br /tmp/work/dist/zxcvbn-common_cefcb1_5.59.1-snapshot.v20250407181413.min.js -> /output/zxcvbn-common_cefcb1_5.59.1-snapshot.v20250407181413.min.js.br
2025/06/24 00:33:34 gz /tmp/work/dist/zxcvbn-common_cefcb1_5.59.1-snapshot.v20250407181413.min.js -> /output/zxcvbn-common_cefcb1_5.59.1-snapshot.v20250407181413.min.js.gz
2025/06/24 00:33:34 sri /tmp/work/dist/zxcvbn-common_cefcb1_5.59.1-snapshot.v20250407181413.js -> /output/zxcvbn-common_cefcb1_5.59.1-snapshot.v20250407181413.js.sri
2025/06/24 00:33:34 algorithm: run /usr/bin/brotli --quality=11 --output=/output/zxcvbn-common_cefcb1_5.59.1-snapshot.v20250407181413.js.br /tmp/work/dist/zxcvbn-common_cefcb1_5.59.1-snapshot.v20250407181413.js
2025/06/24 00:33:34 sri /tmp/work/dist/vendors_cefcb1_5.59.1-snapshot.v20250407181413.min.js -> /output/vendors_cefcb1_5.59.1-snapshot.v20250407181413.min.js.sri
2025/06/24 00:33:34 algorithm: run /usr/bin/brotli --quality=11 --output=/output/vendors_cefcb1_5.59.1-snapshot.v20250407181413.min.js.br /tmp/work/dist/vendors_cefcb1_5.59.1-snapshot.v20250407181413.min.js
2025/06/24 00:33:34 sri /tmp/work/dist/ui-common_cefcb1_5.59.1-snapshot.v20250407181413.min.js -> /output/ui-common_cefcb1_5.59.1-snapshot.v20250407181413.min.js.sri
2025/06/24 00:33:34 algorithm: run /usr/bin/brotli --quality=11 --output=/output/ui-common_cefcb1_5.59.1-snapshot.v20250407181413.min.js.br /tmp/work/dist/ui-common_cefcb1_5.59.1-snapshot.v20250407181413.min.js
2025/06/24 00:33:34 br /tmp/work/dist/vendors_cefcb1_5.59.1-snapshot.v20250407181413.min.js -> /output/vendors_cefcb1_5.59.1-snapshot.v20250407181413.min.js.br
2025/06/24 00:33:34 gz /tmp/work/dist/vendors_cefcb1_5.59.1-snapshot.v20250407181413.min.js -> /output/vendors_cefcb1_5.59.1-snapshot.v20250407181413.min.js.gz
2025/06/24 00:33:34 sri /tmp/work/dist/vendors_cefcb1_5.59.1-snapshot.v20250407181413.js -> /output/vendors_cefcb1_5.59.1-snapshot.v20250407181413.js.sri
2025/06/24 00:33:34 algorithm: run /usr/bin/brotli --quality=11 --output=/output/vendors_cefcb1_5.59.1-snapshot.v20250407181413.js.br /tmp/work/dist/vendors_cefcb1_5.59.1-snapshot.v20250407181413.js
2025/06/24 00:33:35 br /tmp/work/dist/zxcvbn-common_5c5348_5.59.1-snapshot.v20250407181413.js -> /output/zxcvbn-common_5c5348_5.59.1-snapshot.v20250407181413.js.br
2025/06/24 00:33:35 gz /tmp/work/dist/zxcvbn-common_5c5348_5.59.1-snapshot.v20250407181413.js -> /output/zxcvbn-common_5c5348_5.59.1-snapshot.v20250407181413.js.gz
2025/06/24 00:33:35 br /tmp/work/dist/vendors_cefcb1_5.59.1-snapshot.v20250407181413.js -> /output/vendors_cefcb1_5.59.1-snapshot.v20250407181413.js.br
2025/06/24 00:33:35 gz /tmp/work/dist/vendors_cefcb1_5.59.1-snapshot.v20250407181413.js -> /output/vendors_cefcb1_5.59.1-snapshot.v20250407181413.js.gz
2025/06/24 00:33:35 br /tmp/work/dist/zxcvbn-common_cefcb1_5.59.1-snapshot.v20250407181413.js -> /output/zxcvbn-common_cefcb1_5.59.1-snapshot.v20250407181413.js.br
2025/06/24 00:33:35 gz /tmp/work/dist/zxcvbn-common_cefcb1_5.59.1-snapshot.v20250407181413.js -> /output/zxcvbn-common_cefcb1_5.59.1-snapshot.v20250407181413.js.gz
2025/06/24 00:33:35 br /tmp/work/dist/ui-common_cefcb1_5.59.1-snapshot.v20250407181413.min.js -> /output/ui-common_cefcb1_5.59.1-snapshot.v20250407181413.min.js.br
2025/06/24 00:33:35 gz /tmp/work/dist/ui-common_cefcb1_5.59.1-snapshot.v20250407181413.min.js -> /output/ui-common_cefcb1_5.59.1-snapshot.v20250407181413.min.js.gz
2025/06/24 00:33:35 sri /tmp/work/dist/ui-common_cefcb1_5.59.1-snapshot.v20250407181413.js -> /output/ui-common_cefcb1_5.59.1-snapshot.v20250407181413.js.sri
2025/06/24 00:33:35 algorithm: run /usr/bin/brotli --quality=11 --output=/output/ui-common_cefcb1_5.59.1-snapshot.v20250407181413.js.br /tmp/work/dist/ui-common_cefcb1_5.59.1-snapshot.v20250407181413.js
2025/06/24 00:33:36 br /tmp/work/dist/ui-common_cefcb1_5.59.1-snapshot.v20250407181413.js -> /output/ui-common_cefcb1_5.59.1-snapshot.v20250407181413.js.br
2025/06/24 00:33:36 gz /tmp/work/dist/ui-common_cefcb1_5.59.1-snapshot.v20250407181413.js -> /output/ui-common_cefcb1_5.59.1-snapshot.v20250407181413.js.gz
2025/06/24 00:33:37 sri /tmp/work/dist/clerk.min.js -> /output/clerk.min.js.sri
2025/06/24 00:33:37 algorithm: run /usr/bin/brotli --quality=11 --output=/output/clerk.min.js.br /tmp/work/dist/clerk.min.js
2025/06/24 00:33:38 sri /tmp/work/dist/clerk.no-rhc.min.js -> /output/clerk.no-rhc.min.js.sri
2025/06/24 00:33:38 algorithm: run /usr/bin/brotli --quality=11 --output=/output/clerk.no-rhc.min.js.br /tmp/work/dist/clerk.no-rhc.min.js
2025/06/24 00:33:40 br /tmp/work/dist/clerk.min.js -> /output/clerk.min.js.br
2025/06/24 00:33:40 br /tmp/work/dist/clerk.no-rhc.min.js -> /output/clerk.no-rhc.min.js.br
2025/06/24 00:33:40 gz /tmp/work/dist/clerk.min.js -> /output/clerk.min.js.gz
2025/06/24 00:33:40 sri /tmp/work/dist/clerk.js -> /output/clerk.js.sri
2025/06/24 00:33:40 algorithm: run /usr/bin/brotli --quality=11 --output=/output/clerk.js.br /tmp/work/dist/clerk.js
2025/06/24 00:33:40 gz /tmp/work/dist/clerk.no-rhc.min.js -> /output/clerk.no-rhc.min.js.gz
2025/06/24 00:33:40 sri /tmp/work/dist/clerk.no-rhc.js -> /output/clerk.no-rhc.js.sri
2025/06/24 00:33:40 algorithm: run /usr/bin/brotli --quality=11 --output=/output/clerk.no-rhc.js.br /tmp/work/dist/clerk.no-rhc.js
2025/06/24 00:33:43 br /tmp/work/dist/clerk.js -> /output/clerk.js.br
2025/06/24 00:33:44 gz /tmp/work/dist/clerk.js -> /output/clerk.js.gz
2025/06/24 00:33:44 br /tmp/work/dist/clerk.no-rhc.js -> /output/clerk.no-rhc.js.br
2025/06/24 00:33:44 gz /tmp/work/dist/clerk.no-rhc.js -> /output/clerk.no-rhc.js.gz
2025/06/24 00:33:44 processed clerk-js
