config: {"authors":[{"name":"Google Inc."}],"autoupdate":{"source":"npm","target":"@fontsource/rouge-script","fileMap":[{"basePath":"","files":["*.css","files/*.@(woff|woff2)"]}],"excludeFromSearch":true},"description":"Self-host the Rouge Script font in a neatly bundled NPM package.","filename":"index.css","homepage":"https://fontsource.org/fonts/rouge-script","keywords":["fontsource","font","font family","google fonts","rouge-script","Rouge Script","css","sass","front-end","web","typeface","variable"],"license":"OFL-1.1","name":"fontsource-rouge-script","repository":{"type":"git","url":"git+https://github.com/fontsource/font-files.git"},"author":"Google Inc."}
KV keys:
- fontsource-rouge-script/5.2.6/400.css.br
- fontsource-rouge-script/5.2.6/400.css.gz
- fontsource-rouge-script/5.2.6/400.min.css.br
- fontsource-rouge-script/5.2.6/400.min.css.gz
- fontsource-rouge-script/5.2.6/files/rouge-script-latin-400-normal.woff.br
- fontsource-rouge-script/5.2.6/files/rouge-script-latin-400-normal.woff.gz
- fontsource-rouge-script/5.2.6/files/rouge-script-latin-400-normal.woff2
- fontsource-rouge-script/5.2.6/index.css.br
- fontsource-rouge-script/5.2.6/index.css.gz
- fontsource-rouge-script/5.2.6/index.min.css.br
- fontsource-rouge-script/5.2.6/index.min.css.gz
- fontsource-rouge-script/5.2.6/latin-400.css.br
- fontsource-rouge-script/5.2.6/latin-400.css.gz
- fontsource-rouge-script/5.2.6/latin-400.min.css.br
- fontsource-rouge-script/5.2.6/latin-400.min.css.gz
- fontsource-rouge-script/5.2.6/latin.css.br
- fontsource-rouge-script/5.2.6/latin.css.gz
- fontsource-rouge-script/5.2.6/latin.min.css.br
- fontsource-rouge-script/5.2.6/latin.min.css.gz
SRIs:
- fontsource-rouge-script/5.2.6/400.min.css: sha512-EyK6ObNP8oWE2grkmd4cyikl2H/sENn5Ao/b/zQalADv+I4xxt2/dkREDYyG0BgkhJqjV3bDOjNe3PpDJ5JmQw==
- fontsource-rouge-script/5.2.6/index.css: sha512-Np8anE9dCZmUEuOF0EtGYC3zzuEp+71YVDmlctIhIfm2uj/JGIvVgPlFOKMgdMHyes5QZ/u/QXx4UAKmy5ugXg==
- fontsource-rouge-script/5.2.6/index.min.css: sha512-EyK6ObNP8oWE2grkmd4cyikl2H/sENn5Ao/b/zQalADv+I4xxt2/dkREDYyG0BgkhJqjV3bDOjNe3PpDJ5JmQw==
- fontsource-rouge-script/5.2.6/latin-400.css: sha512-pJUQz7OeDbuefiUNU8ZMe2zGIu4uC8qNK/szELRnuk0md4NoxWPsrpTNpEYIVYFt1a4MhIC4iyNYnjP0ju0FcQ==
- fontsource-rouge-script/5.2.6/latin-400.min.css: sha512-GCcujQ63J+yXnfrhn9Wq01IcuOGdjLI8aK2hnpNfhBMQLj2ZD+4+yw9Z6/3IGKWcqigYayK/GWaTGm2D/zpNuw==
- fontsource-rouge-script/5.2.6/latin.css: sha512-pJUQz7OeDbuefiUNU8ZMe2zGIu4uC8qNK/szELRnuk0md4NoxWPsrpTNpEYIVYFt1a4MhIC4iyNYnjP0ju0FcQ==
- fontsource-rouge-script/5.2.6/latin.min.css: sha512-GCcujQ63J+yXnfrhn9Wq01IcuOGdjLI8aK2hnpNfhBMQLj2ZD+4+yw9Z6/3IGKWcqigYayK/GWaTGm2D/zpNuw==
- fontsource-rouge-script/5.2.6/400.css: sha512-Np8anE9dCZmUEuOF0EtGYC3zzuEp+71YVDmlctIhIfm2uj/JGIvVgPlFOKMgdMHyes5QZ/u/QXx4UAKmy5ugXg==
