2025/06/21 01:32:46 optimizing files (Js true, Css true, Png true, Jpg true)
2025/06/21 01:32:46 compress: run /node_modules/uglify-js/bin/uglifyjs (3.15.4) [--mangle --compress if_return=true -o /tmp/work/dist/192_c65233_5.58.1-canary.v20250327010424.min.js /tmp/work/dist/192_c65233_5.58.1-canary.v20250327010424.js]
2025/06/21 01:32:46 compress: run /node_modules/uglify-js/bin/uglifyjs (3.15.4) [--mangle --compress if_return=true -o /tmp/work/dist/377_795e5b_5.58.1-canary.v20250327010424.min.js /tmp/work/dist/377_795e5b_5.58.1-canary.v20250327010424.js]
2025/06/21 01:32:46 compress: run /node_modules/uglify-js/bin/uglifyjs (3.15.4) [--mangle --compress if_return=true -o /tmp/work/dist/965_795e5b_5.58.1-canary.v20250327010424.min.js /tmp/work/dist/965_795e5b_5.58.1-canary.v20250327010424.js]
2025/06/21 01:32:46 compress: run /node_modules/uglify-js/bin/uglifyjs (3.15.4) [--mangle --compress if_return=true -o /tmp/work/dist/890_795e5b_5.58.1-canary.v20250327010424.min.js /tmp/work/dist/890_795e5b_5.58.1-canary.v20250327010424.js]
2025/06/21 01:32:46 compress: run /node_modules/uglify-js/bin/uglifyjs (3.15.4) [--mangle --compress if_return=true -o /tmp/work/dist/blankcaptcha_c65233_5.58.1-canary.v20250327010424.min.js /tmp/work/dist/blankcaptcha_c65233_5.58.1-canary.v20250327010424.js]
2025/06/21 01:32:46 compress: run /node_modules/uglify-js/bin/uglifyjs (3.15.4) [--mangle --compress if_return=true -o /tmp/work/dist/clerk.browser.min.js /tmp/work/dist/clerk.browser.js]
2025/06/21 01:32:46 compress: run /node_modules/uglify-js/bin/uglifyjs (3.15.4) [--mangle --compress if_return=true -o /tmp/work/dist/checkout_c65233_5.58.1-canary.v20250327010424.min.js /tmp/work/dist/checkout_c65233_5.58.1-canary.v20250327010424.js]
2025/06/21 01:32:46 compress: run /node_modules/uglify-js/bin/uglifyjs (3.15.4) [--mangle --compress if_return=true -o /tmp/work/dist/clerk.headless.browser.min.js /tmp/work/dist/clerk.headless.browser.js]
2025/06/21 01:32:46 sri /tmp/work/dist/blankcaptcha_c65233_5.58.1-canary.v20250327010424.min.js -> /output/blankcaptcha_c65233_5.58.1-canary.v20250327010424.min.js.sri
2025/06/21 01:32:46 algorithm: run /usr/bin/brotli --quality=11 --output=/output/blankcaptcha_c65233_5.58.1-canary.v20250327010424.min.js.br /tmp/work/dist/blankcaptcha_c65233_5.58.1-canary.v20250327010424.min.js
2025/06/21 01:32:46 br /tmp/work/dist/blankcaptcha_c65233_5.58.1-canary.v20250327010424.min.js -> /output/blankcaptcha_c65233_5.58.1-canary.v20250327010424.min.js.br
2025/06/21 01:32:46 gz /tmp/work/dist/blankcaptcha_c65233_5.58.1-canary.v20250327010424.min.js -> /output/blankcaptcha_c65233_5.58.1-canary.v20250327010424.min.js.gz
2025/06/21 01:32:46 sri /tmp/work/dist/blankcaptcha_c65233_5.58.1-canary.v20250327010424.js -> /output/blankcaptcha_c65233_5.58.1-canary.v20250327010424.js.sri
2025/06/21 01:32:46 algorithm: run /usr/bin/brotli --quality=11 --output=/output/blankcaptcha_c65233_5.58.1-canary.v20250327010424.js.br /tmp/work/dist/blankcaptcha_c65233_5.58.1-canary.v20250327010424.js
2025/06/21 01:32:46 br /tmp/work/dist/blankcaptcha_c65233_5.58.1-canary.v20250327010424.js -> /output/blankcaptcha_c65233_5.58.1-canary.v20250327010424.js.br
2025/06/21 01:32:46 gz /tmp/work/dist/blankcaptcha_c65233_5.58.1-canary.v20250327010424.js -> /output/blankcaptcha_c65233_5.58.1-canary.v20250327010424.js.gz
2025/06/21 01:32:46 compress: run /node_modules/uglify-js/bin/uglifyjs (3.15.4) [--mangle --compress if_return=true -o /tmp/work/dist/clerk.headless.min.js /tmp/work/dist/clerk.headless.js]
2025/06/21 01:32:47 sri /tmp/work/dist/192_c65233_5.58.1-canary.v20250327010424.min.js -> /output/192_c65233_5.58.1-canary.v20250327010424.min.js.sri
2025/06/21 01:32:47 algorithm: run /usr/bin/brotli --quality=11 --output=/output/192_c65233_5.58.1-canary.v20250327010424.min.js.br /tmp/work/dist/192_c65233_5.58.1-canary.v20250327010424.min.js
2025/06/21 01:32:47 br /tmp/work/dist/192_c65233_5.58.1-canary.v20250327010424.min.js -> /output/192_c65233_5.58.1-canary.v20250327010424.min.js.br
2025/06/21 01:32:47 gz /tmp/work/dist/192_c65233_5.58.1-canary.v20250327010424.min.js -> /output/192_c65233_5.58.1-canary.v20250327010424.min.js.gz
2025/06/21 01:32:47 sri /tmp/work/dist/192_c65233_5.58.1-canary.v20250327010424.js -> /output/192_c65233_5.58.1-canary.v20250327010424.js.sri
2025/06/21 01:32:47 algorithm: run /usr/bin/brotli --quality=11 --output=/output/192_c65233_5.58.1-canary.v20250327010424.js.br /tmp/work/dist/192_c65233_5.58.1-canary.v20250327010424.js
2025/06/21 01:32:47 br /tmp/work/dist/192_c65233_5.58.1-canary.v20250327010424.js -> /output/192_c65233_5.58.1-canary.v20250327010424.js.br
2025/06/21 01:32:47 gz /tmp/work/dist/192_c65233_5.58.1-canary.v20250327010424.js -> /output/192_c65233_5.58.1-canary.v20250327010424.js.gz
2025/06/21 01:32:47 compress: run /node_modules/uglify-js/bin/uglifyjs (3.15.4) [--mangle --compress if_return=true -o /tmp/work/dist/clerk.min.js /tmp/work/dist/clerk.js]
2025/06/21 01:32:47 sri /tmp/work/dist/377_795e5b_5.58.1-canary.v20250327010424.min.js -> /output/377_795e5b_5.58.1-canary.v20250327010424.min.js.sri
2025/06/21 01:32:47 algorithm: run /usr/bin/brotli --quality=11 --output=/output/377_795e5b_5.58.1-canary.v20250327010424.min.js.br /tmp/work/dist/377_795e5b_5.58.1-canary.v20250327010424.min.js
2025/06/21 01:32:48 sri /tmp/work/dist/890_795e5b_5.58.1-canary.v20250327010424.min.js -> /output/890_795e5b_5.58.1-canary.v20250327010424.min.js.sri
2025/06/21 01:32:48 algorithm: run /usr/bin/brotli --quality=11 --output=/output/890_795e5b_5.58.1-canary.v20250327010424.min.js.br /tmp/work/dist/890_795e5b_5.58.1-canary.v20250327010424.min.js
2025/06/21 01:32:48 sri /tmp/work/dist/checkout_c65233_5.58.1-canary.v20250327010424.min.js -> /output/checkout_c65233_5.58.1-canary.v20250327010424.min.js.sri
2025/06/21 01:32:48 algorithm: run /usr/bin/brotli --quality=11 --output=/output/checkout_c65233_5.58.1-canary.v20250327010424.min.js.br /tmp/work/dist/checkout_c65233_5.58.1-canary.v20250327010424.min.js
2025/06/21 01:32:48 br /tmp/work/dist/890_795e5b_5.58.1-canary.v20250327010424.min.js -> /output/890_795e5b_5.58.1-canary.v20250327010424.min.js.br
2025/06/21 01:32:48 gz /tmp/work/dist/890_795e5b_5.58.1-canary.v20250327010424.min.js -> /output/890_795e5b_5.58.1-canary.v20250327010424.min.js.gz
2025/06/21 01:32:48 sri /tmp/work/dist/890_795e5b_5.58.1-canary.v20250327010424.js -> /output/890_795e5b_5.58.1-canary.v20250327010424.js.sri
2025/06/21 01:32:48 algorithm: run /usr/bin/brotli --quality=11 --output=/output/890_795e5b_5.58.1-canary.v20250327010424.js.br /tmp/work/dist/890_795e5b_5.58.1-canary.v20250327010424.js
2025/06/21 01:32:48 br /tmp/work/dist/checkout_c65233_5.58.1-canary.v20250327010424.min.js -> /output/checkout_c65233_5.58.1-canary.v20250327010424.min.js.br
2025/06/21 01:32:48 gz /tmp/work/dist/checkout_c65233_5.58.1-canary.v20250327010424.min.js -> /output/checkout_c65233_5.58.1-canary.v20250327010424.min.js.gz
2025/06/21 01:32:48 sri /tmp/work/dist/checkout_c65233_5.58.1-canary.v20250327010424.js -> /output/checkout_c65233_5.58.1-canary.v20250327010424.js.sri
2025/06/21 01:32:48 algorithm: run /usr/bin/brotli --quality=11 --output=/output/checkout_c65233_5.58.1-canary.v20250327010424.js.br /tmp/work/dist/checkout_c65233_5.58.1-canary.v20250327010424.js
2025/06/21 01:32:48 br /tmp/work/dist/890_795e5b_5.58.1-canary.v20250327010424.js -> /output/890_795e5b_5.58.1-canary.v20250327010424.js.br
2025/06/21 01:32:48 gz /tmp/work/dist/890_795e5b_5.58.1-canary.v20250327010424.js -> /output/890_795e5b_5.58.1-canary.v20250327010424.js.gz
2025/06/21 01:32:48 algorithm: run /usr/bin/brotli --quality=11 --output=/output/clerk.mjs.br /tmp/work/dist/clerk.mjs
2025/06/21 01:32:48 br /tmp/work/dist/checkout_c65233_5.58.1-canary.v20250327010424.js -> /output/checkout_c65233_5.58.1-canary.v20250327010424.js.br
2025/06/21 01:32:48 gz /tmp/work/dist/checkout_c65233_5.58.1-canary.v20250327010424.js -> /output/checkout_c65233_5.58.1-canary.v20250327010424.js.gz
2025/06/21 01:32:48 compress: run /node_modules/uglify-js/bin/uglifyjs (3.15.4) [--mangle --compress if_return=true -o /tmp/work/dist/clerk.no-rhc.min.js /tmp/work/dist/clerk.no-rhc.js]
2025/06/21 01:32:49 br /tmp/work/dist/377_795e5b_5.58.1-canary.v20250327010424.min.js -> /output/377_795e5b_5.58.1-canary.v20250327010424.min.js.br
2025/06/21 01:32:49 gz /tmp/work/dist/377_795e5b_5.58.1-canary.v20250327010424.min.js -> /output/377_795e5b_5.58.1-canary.v20250327010424.min.js.gz
2025/06/21 01:32:49 sri /tmp/work/dist/377_795e5b_5.58.1-canary.v20250327010424.js -> /output/377_795e5b_5.58.1-canary.v20250327010424.js.sri
2025/06/21 01:32:49 algorithm: run /usr/bin/brotli --quality=11 --output=/output/377_795e5b_5.58.1-canary.v20250327010424.js.br /tmp/work/dist/377_795e5b_5.58.1-canary.v20250327010424.js
2025/06/21 01:32:50 sri /tmp/work/dist/965_795e5b_5.58.1-canary.v20250327010424.min.js -> /output/965_795e5b_5.58.1-canary.v20250327010424.min.js.sri
2025/06/21 01:32:50 algorithm: run /usr/bin/brotli --quality=11 --output=/output/965_795e5b_5.58.1-canary.v20250327010424.min.js.br /tmp/work/dist/965_795e5b_5.58.1-canary.v20250327010424.min.js
2025/06/21 01:32:50 br /tmp/work/dist/965_795e5b_5.58.1-canary.v20250327010424.min.js -> /output/965_795e5b_5.58.1-canary.v20250327010424.min.js.br
2025/06/21 01:32:50 gz /tmp/work/dist/965_795e5b_5.58.1-canary.v20250327010424.min.js -> /output/965_795e5b_5.58.1-canary.v20250327010424.min.js.gz
2025/06/21 01:32:50 sri /tmp/work/dist/965_795e5b_5.58.1-canary.v20250327010424.js -> /output/965_795e5b_5.58.1-canary.v20250327010424.js.sri
2025/06/21 01:32:50 algorithm: run /usr/bin/brotli --quality=11 --output=/output/965_795e5b_5.58.1-canary.v20250327010424.js.br /tmp/work/dist/965_795e5b_5.58.1-canary.v20250327010424.js
2025/06/21 01:32:51 br /tmp/work/dist/965_795e5b_5.58.1-canary.v20250327010424.js -> /output/965_795e5b_5.58.1-canary.v20250327010424.js.br
2025/06/21 01:32:51 gz /tmp/work/dist/965_795e5b_5.58.1-canary.v20250327010424.js -> /output/965_795e5b_5.58.1-canary.v20250327010424.js.gz
2025/06/21 01:32:51 algorithm: run /usr/bin/brotli --quality=11 --output=/output/clerk.no-rhc.mjs.br /tmp/work/dist/clerk.no-rhc.mjs
2025/06/21 01:32:51 br /tmp/work/dist/377_795e5b_5.58.1-canary.v20250327010424.js -> /output/377_795e5b_5.58.1-canary.v20250327010424.js.br
2025/06/21 01:32:51 gz /tmp/work/dist/377_795e5b_5.58.1-canary.v20250327010424.js -> /output/377_795e5b_5.58.1-canary.v20250327010424.js.gz
2025/06/21 01:32:51 compress: run /node_modules/uglify-js/bin/uglifyjs (3.15.4) [--mangle --compress if_return=true -o /tmp/work/dist/coinbase-wallet-sdk_69bae4_5.58.1-canary.v20250327010424.min.js /tmp/work/dist/coinbase-wallet-sdk_69bae4_5.58.1-canary.v20250327010424.js]
2025/06/21 01:32:53 sri /tmp/work/dist/clerk.headless.min.js -> /output/clerk.headless.min.js.sri
2025/06/21 01:32:53 algorithm: run /usr/bin/brotli --quality=11 --output=/output/clerk.headless.min.js.br /tmp/work/dist/clerk.headless.min.js
2025/06/21 01:32:54 sri /tmp/work/dist/clerk.headless.browser.min.js -> /output/clerk.headless.browser.min.js.sri
2025/06/21 01:32:54 algorithm: run /usr/bin/brotli --quality=11 --output=/output/clerk.headless.browser.min.js.br /tmp/work/dist/clerk.headless.browser.min.js
2025/06/21 01:32:54 br /tmp/work/dist/clerk.headless.min.js -> /output/clerk.headless.min.js.br
2025/06/21 01:32:54 gz /tmp/work/dist/clerk.headless.min.js -> /output/clerk.headless.min.js.gz
2025/06/21 01:32:54 sri /tmp/work/dist/clerk.headless.js -> /output/clerk.headless.js.sri
2025/06/21 01:32:54 algorithm: run /usr/bin/brotli --quality=11 --output=/output/clerk.headless.js.br /tmp/work/dist/clerk.headless.js
2025/06/21 01:32:54 br /tmp/work/dist/clerk.headless.browser.min.js -> /output/clerk.headless.browser.min.js.br
2025/06/21 01:32:54 gz /tmp/work/dist/clerk.headless.browser.min.js -> /output/clerk.headless.browser.min.js.gz
2025/06/21 01:32:54 sri /tmp/work/dist/clerk.headless.browser.js -> /output/clerk.headless.browser.js.sri
2025/06/21 01:32:54 algorithm: run /usr/bin/brotli --quality=11 --output=/output/clerk.headless.browser.js.br /tmp/work/dist/clerk.headless.browser.js
2025/06/21 01:32:54 br /tmp/work/dist/clerk.headless.js -> /output/clerk.headless.js.br
2025/06/21 01:32:54 br /tmp/work/dist/clerk.mjs -> /output/clerk.mjs.br
2025/06/21 01:32:54 gz /tmp/work/dist/clerk.headless.js -> /output/clerk.headless.js.gz
2025/06/21 01:32:54 compress: run /node_modules/uglify-js/bin/uglifyjs (3.15.4) [--mangle --compress if_return=true -o /tmp/work/dist/coinbase-wallet-sdk_c65233_5.58.1-canary.v20250327010424.min.js /tmp/work/dist/coinbase-wallet-sdk_c65233_5.58.1-canary.v20250327010424.js]
2025/06/21 01:32:54 sri /tmp/work/dist/coinbase-wallet-sdk_69bae4_5.58.1-canary.v20250327010424.min.js -> /output/coinbase-wallet-sdk_69bae4_5.58.1-canary.v20250327010424.min.js.sri
2025/06/21 01:32:54 algorithm: run /usr/bin/brotli --quality=11 --output=/output/coinbase-wallet-sdk_69bae4_5.58.1-canary.v20250327010424.min.js.br /tmp/work/dist/coinbase-wallet-sdk_69bae4_5.58.1-canary.v20250327010424.min.js
2025/06/21 01:32:55 gz /tmp/work/dist/clerk.mjs -> /output/clerk.mjs.gz
2025/06/21 01:32:55 compress: run /node_modules/uglify-js/bin/uglifyjs (3.15.4) [--mangle --compress if_return=true -o /tmp/work/dist/cookieSuffix_69bae4_5.58.1-canary.v20250327010424.min.js /tmp/work/dist/cookieSuffix_69bae4_5.58.1-canary.v20250327010424.js]
2025/06/21 01:32:55 br /tmp/work/dist/coinbase-wallet-sdk_69bae4_5.58.1-canary.v20250327010424.min.js -> /output/coinbase-wallet-sdk_69bae4_5.58.1-canary.v20250327010424.min.js.br
2025/06/21 01:32:55 gz /tmp/work/dist/coinbase-wallet-sdk_69bae4_5.58.1-canary.v20250327010424.min.js -> /output/coinbase-wallet-sdk_69bae4_5.58.1-canary.v20250327010424.min.js.gz
2025/06/21 01:32:55 sri /tmp/work/dist/coinbase-wallet-sdk_69bae4_5.58.1-canary.v20250327010424.js -> /output/coinbase-wallet-sdk_69bae4_5.58.1-canary.v20250327010424.js.sri
2025/06/21 01:32:55 algorithm: run /usr/bin/brotli --quality=11 --output=/output/coinbase-wallet-sdk_69bae4_5.58.1-canary.v20250327010424.js.br /tmp/work/dist/coinbase-wallet-sdk_69bae4_5.58.1-canary.v20250327010424.js
2025/06/21 01:32:55 sri /tmp/work/dist/cookieSuffix_69bae4_5.58.1-canary.v20250327010424.min.js -> /output/cookieSuffix_69bae4_5.58.1-canary.v20250327010424.min.js.sri
2025/06/21 01:32:55 algorithm: run /usr/bin/brotli --quality=11 --output=/output/cookieSuffix_69bae4_5.58.1-canary.v20250327010424.min.js.br /tmp/work/dist/cookieSuffix_69bae4_5.58.1-canary.v20250327010424.min.js
2025/06/21 01:32:55 br /tmp/work/dist/cookieSuffix_69bae4_5.58.1-canary.v20250327010424.min.js -> /output/cookieSuffix_69bae4_5.58.1-canary.v20250327010424.min.js.br
2025/06/21 01:32:55 gz /tmp/work/dist/cookieSuffix_69bae4_5.58.1-canary.v20250327010424.min.js -> /output/cookieSuffix_69bae4_5.58.1-canary.v20250327010424.min.js.gz
2025/06/21 01:32:55 sri /tmp/work/dist/cookieSuffix_69bae4_5.58.1-canary.v20250327010424.js -> /output/cookieSuffix_69bae4_5.58.1-canary.v20250327010424.js.sri
2025/06/21 01:32:55 algorithm: run /usr/bin/brotli --quality=11 --output=/output/cookieSuffix_69bae4_5.58.1-canary.v20250327010424.js.br /tmp/work/dist/cookieSuffix_69bae4_5.58.1-canary.v20250327010424.js
2025/06/21 01:32:55 br /tmp/work/dist/clerk.headless.browser.js -> /output/clerk.headless.browser.js.br
2025/06/21 01:32:55 br /tmp/work/dist/cookieSuffix_69bae4_5.58.1-canary.v20250327010424.js -> /output/cookieSuffix_69bae4_5.58.1-canary.v20250327010424.js.br
2025/06/21 01:32:55 gz /tmp/work/dist/cookieSuffix_69bae4_5.58.1-canary.v20250327010424.js -> /output/cookieSuffix_69bae4_5.58.1-canary.v20250327010424.js.gz
2025/06/21 01:32:55 compress: run /node_modules/uglify-js/bin/uglifyjs (3.15.4) [--mangle --compress if_return=true -o /tmp/work/dist/cookieSuffix_795e5b_5.58.1-canary.v20250327010424.min.js /tmp/work/dist/cookieSuffix_795e5b_5.58.1-canary.v20250327010424.js]
2025/06/21 01:32:55 gz /tmp/work/dist/clerk.headless.browser.js -> /output/clerk.headless.browser.js.gz
2025/06/21 01:32:55 compress: run /node_modules/uglify-js/bin/uglifyjs (3.15.4) [--mangle --compress if_return=true -o /tmp/work/dist/cookieSuffix_c65233_5.58.1-canary.v20250327010424.min.js /tmp/work/dist/cookieSuffix_c65233_5.58.1-canary.v20250327010424.js]
2025/06/21 01:32:55 sri /tmp/work/dist/cookieSuffix_c65233_5.58.1-canary.v20250327010424.min.js -> /output/cookieSuffix_c65233_5.58.1-canary.v20250327010424.min.js.sri
2025/06/21 01:32:55 algorithm: run /usr/bin/brotli --quality=11 --output=/output/cookieSuffix_c65233_5.58.1-canary.v20250327010424.min.js.br /tmp/work/dist/cookieSuffix_c65233_5.58.1-canary.v20250327010424.min.js
2025/06/21 01:32:55 br /tmp/work/dist/cookieSuffix_c65233_5.58.1-canary.v20250327010424.min.js -> /output/cookieSuffix_c65233_5.58.1-canary.v20250327010424.min.js.br
2025/06/21 01:32:55 gz /tmp/work/dist/cookieSuffix_c65233_5.58.1-canary.v20250327010424.min.js -> /output/cookieSuffix_c65233_5.58.1-canary.v20250327010424.min.js.gz
2025/06/21 01:32:55 sri /tmp/work/dist/cookieSuffix_c65233_5.58.1-canary.v20250327010424.js -> /output/cookieSuffix_c65233_5.58.1-canary.v20250327010424.js.sri
2025/06/21 01:32:55 algorithm: run /usr/bin/brotli --quality=11 --output=/output/cookieSuffix_c65233_5.58.1-canary.v20250327010424.js.br /tmp/work/dist/cookieSuffix_c65233_5.58.1-canary.v20250327010424.js
2025/06/21 01:32:55 br /tmp/work/dist/cookieSuffix_c65233_5.58.1-canary.v20250327010424.js -> /output/cookieSuffix_c65233_5.58.1-canary.v20250327010424.js.br
2025/06/21 01:32:55 gz /tmp/work/dist/cookieSuffix_c65233_5.58.1-canary.v20250327010424.js -> /output/cookieSuffix_c65233_5.58.1-canary.v20250327010424.js.gz
2025/06/21 01:32:55 compress: run /node_modules/uglify-js/bin/uglifyjs (3.15.4) [--mangle --compress if_return=true -o /tmp/work/dist/createorganization_c65233_5.58.1-canary.v20250327010424.min.js /tmp/work/dist/createorganization_c65233_5.58.1-canary.v20250327010424.js]
2025/06/21 01:32:55 br /tmp/work/dist/coinbase-wallet-sdk_69bae4_5.58.1-canary.v20250327010424.js -> /output/coinbase-wallet-sdk_69bae4_5.58.1-canary.v20250327010424.js.br
2025/06/21 01:32:55 gz /tmp/work/dist/coinbase-wallet-sdk_69bae4_5.58.1-canary.v20250327010424.js -> /output/coinbase-wallet-sdk_69bae4_5.58.1-canary.v20250327010424.js.gz
2025/06/21 01:32:55 compress: run /node_modules/uglify-js/bin/uglifyjs (3.15.4) [--mangle --compress if_return=true -o /tmp/work/dist/framework_c65233_5.58.1-canary.v20250327010424.min.js /tmp/work/dist/framework_c65233_5.58.1-canary.v20250327010424.js]
2025/06/21 01:32:56 sri /tmp/work/dist/cookieSuffix_795e5b_5.58.1-canary.v20250327010424.min.js -> /output/cookieSuffix_795e5b_5.58.1-canary.v20250327010424.min.js.sri
2025/06/21 01:32:56 algorithm: run /usr/bin/brotli --quality=11 --output=/output/cookieSuffix_795e5b_5.58.1-canary.v20250327010424.min.js.br /tmp/work/dist/cookieSuffix_795e5b_5.58.1-canary.v20250327010424.min.js
2025/06/21 01:32:56 br /tmp/work/dist/cookieSuffix_795e5b_5.58.1-canary.v20250327010424.min.js -> /output/cookieSuffix_795e5b_5.58.1-canary.v20250327010424.min.js.br
2025/06/21 01:32:56 gz /tmp/work/dist/cookieSuffix_795e5b_5.58.1-canary.v20250327010424.min.js -> /output/cookieSuffix_795e5b_5.58.1-canary.v20250327010424.min.js.gz
2025/06/21 01:32:56 sri /tmp/work/dist/cookieSuffix_795e5b_5.58.1-canary.v20250327010424.js -> /output/cookieSuffix_795e5b_5.58.1-canary.v20250327010424.js.sri
2025/06/21 01:32:56 algorithm: run /usr/bin/brotli --quality=11 --output=/output/cookieSuffix_795e5b_5.58.1-canary.v20250327010424.js.br /tmp/work/dist/cookieSuffix_795e5b_5.58.1-canary.v20250327010424.js
2025/06/21 01:32:56 br /tmp/work/dist/cookieSuffix_795e5b_5.58.1-canary.v20250327010424.js -> /output/cookieSuffix_795e5b_5.58.1-canary.v20250327010424.js.br
2025/06/21 01:32:56 gz /tmp/work/dist/cookieSuffix_795e5b_5.58.1-canary.v20250327010424.js -> /output/cookieSuffix_795e5b_5.58.1-canary.v20250327010424.js.gz
2025/06/21 01:32:56 compress: run /node_modules/uglify-js/bin/uglifyjs (3.15.4) [--mangle --compress if_return=true -o /tmp/work/dist/impersonationfab_c65233_5.58.1-canary.v20250327010424.min.js /tmp/work/dist/impersonationfab_c65233_5.58.1-canary.v20250327010424.js]
2025/06/21 01:32:56 sri /tmp/work/dist/createorganization_c65233_5.58.1-canary.v20250327010424.min.js -> /output/createorganization_c65233_5.58.1-canary.v20250327010424.min.js.sri
2025/06/21 01:32:56 algorithm: run /usr/bin/brotli --quality=11 --output=/output/createorganization_c65233_5.58.1-canary.v20250327010424.min.js.br /tmp/work/dist/createorganization_c65233_5.58.1-canary.v20250327010424.min.js
2025/06/21 01:32:56 br /tmp/work/dist/createorganization_c65233_5.58.1-canary.v20250327010424.min.js -> /output/createorganization_c65233_5.58.1-canary.v20250327010424.min.js.br
2025/06/21 01:32:56 gz /tmp/work/dist/createorganization_c65233_5.58.1-canary.v20250327010424.min.js -> /output/createorganization_c65233_5.58.1-canary.v20250327010424.min.js.gz
2025/06/21 01:32:56 sri /tmp/work/dist/createorganization_c65233_5.58.1-canary.v20250327010424.js -> /output/createorganization_c65233_5.58.1-canary.v20250327010424.js.sri
2025/06/21 01:32:56 algorithm: run /usr/bin/brotli --quality=11 --output=/output/createorganization_c65233_5.58.1-canary.v20250327010424.js.br /tmp/work/dist/createorganization_c65233_5.58.1-canary.v20250327010424.js
2025/06/21 01:32:56 br /tmp/work/dist/createorganization_c65233_5.58.1-canary.v20250327010424.js -> /output/createorganization_c65233_5.58.1-canary.v20250327010424.js.br
2025/06/21 01:32:56 gz /tmp/work/dist/createorganization_c65233_5.58.1-canary.v20250327010424.js -> /output/createorganization_c65233_5.58.1-canary.v20250327010424.js.gz
2025/06/21 01:32:56 compress: run /node_modules/uglify-js/bin/uglifyjs (3.15.4) [--mangle --compress if_return=true -o /tmp/work/dist/keylessPrompt_c65233_5.58.1-canary.v20250327010424.min.js /tmp/work/dist/keylessPrompt_c65233_5.58.1-canary.v20250327010424.js]
2025/06/21 01:32:56 sri /tmp/work/dist/impersonationfab_c65233_5.58.1-canary.v20250327010424.min.js -> /output/impersonationfab_c65233_5.58.1-canary.v20250327010424.min.js.sri
2025/06/21 01:32:56 algorithm: run /usr/bin/brotli --quality=11 --output=/output/impersonationfab_c65233_5.58.1-canary.v20250327010424.min.js.br /tmp/work/dist/impersonationfab_c65233_5.58.1-canary.v20250327010424.min.js
2025/06/21 01:32:56 br /tmp/work/dist/impersonationfab_c65233_5.58.1-canary.v20250327010424.min.js -> /output/impersonationfab_c65233_5.58.1-canary.v20250327010424.min.js.br
2025/06/21 01:32:56 gz /tmp/work/dist/impersonationfab_c65233_5.58.1-canary.v20250327010424.min.js -> /output/impersonationfab_c65233_5.58.1-canary.v20250327010424.min.js.gz
2025/06/21 01:32:56 sri /tmp/work/dist/impersonationfab_c65233_5.58.1-canary.v20250327010424.js -> /output/impersonationfab_c65233_5.58.1-canary.v20250327010424.js.sri
2025/06/21 01:32:56 algorithm: run /usr/bin/brotli --quality=11 --output=/output/impersonationfab_c65233_5.58.1-canary.v20250327010424.js.br /tmp/work/dist/impersonationfab_c65233_5.58.1-canary.v20250327010424.js
2025/06/21 01:32:56 br /tmp/work/dist/impersonationfab_c65233_5.58.1-canary.v20250327010424.js -> /output/impersonationfab_c65233_5.58.1-canary.v20250327010424.js.br
2025/06/21 01:32:56 gz /tmp/work/dist/impersonationfab_c65233_5.58.1-canary.v20250327010424.js -> /output/impersonationfab_c65233_5.58.1-canary.v20250327010424.js.gz
2025/06/21 01:32:56 compress: run /node_modules/uglify-js/bin/uglifyjs (3.15.4) [--mangle --compress if_return=true -o /tmp/work/dist/onetap_c65233_5.58.1-canary.v20250327010424.min.js /tmp/work/dist/onetap_c65233_5.58.1-canary.v20250327010424.js]
2025/06/21 01:32:56 sri /tmp/work/dist/clerk.browser.min.js -> /output/clerk.browser.min.js.sri
2025/06/21 01:32:56 algorithm: run /usr/bin/brotli --quality=11 --output=/output/clerk.browser.min.js.br /tmp/work/dist/clerk.browser.min.js
2025/06/21 01:32:56 sri /tmp/work/dist/keylessPrompt_c65233_5.58.1-canary.v20250327010424.min.js -> /output/keylessPrompt_c65233_5.58.1-canary.v20250327010424.min.js.sri
2025/06/21 01:32:56 algorithm: run /usr/bin/brotli --quality=11 --output=/output/keylessPrompt_c65233_5.58.1-canary.v20250327010424.min.js.br /tmp/work/dist/keylessPrompt_c65233_5.58.1-canary.v20250327010424.min.js
2025/06/21 01:32:56 br /tmp/work/dist/keylessPrompt_c65233_5.58.1-canary.v20250327010424.min.js -> /output/keylessPrompt_c65233_5.58.1-canary.v20250327010424.min.js.br
2025/06/21 01:32:56 gz /tmp/work/dist/keylessPrompt_c65233_5.58.1-canary.v20250327010424.min.js -> /output/keylessPrompt_c65233_5.58.1-canary.v20250327010424.min.js.gz
2025/06/21 01:32:56 sri /tmp/work/dist/keylessPrompt_c65233_5.58.1-canary.v20250327010424.js -> /output/keylessPrompt_c65233_5.58.1-canary.v20250327010424.js.sri
2025/06/21 01:32:56 algorithm: run /usr/bin/brotli --quality=11 --output=/output/keylessPrompt_c65233_5.58.1-canary.v20250327010424.js.br /tmp/work/dist/keylessPrompt_c65233_5.58.1-canary.v20250327010424.js
2025/06/21 01:32:56 sri /tmp/work/dist/onetap_c65233_5.58.1-canary.v20250327010424.min.js -> /output/onetap_c65233_5.58.1-canary.v20250327010424.min.js.sri
2025/06/21 01:32:56 algorithm: run /usr/bin/brotli --quality=11 --output=/output/onetap_c65233_5.58.1-canary.v20250327010424.min.js.br /tmp/work/dist/onetap_c65233_5.58.1-canary.v20250327010424.min.js
2025/06/21 01:32:56 br /tmp/work/dist/onetap_c65233_5.58.1-canary.v20250327010424.min.js -> /output/onetap_c65233_5.58.1-canary.v20250327010424.min.js.br
2025/06/21 01:32:56 gz /tmp/work/dist/onetap_c65233_5.58.1-canary.v20250327010424.min.js -> /output/onetap_c65233_5.58.1-canary.v20250327010424.min.js.gz
2025/06/21 01:32:56 sri /tmp/work/dist/onetap_c65233_5.58.1-canary.v20250327010424.js -> /output/onetap_c65233_5.58.1-canary.v20250327010424.js.sri
2025/06/21 01:32:56 algorithm: run /usr/bin/brotli --quality=11 --output=/output/onetap_c65233_5.58.1-canary.v20250327010424.js.br /tmp/work/dist/onetap_c65233_5.58.1-canary.v20250327010424.js
2025/06/21 01:32:56 br /tmp/work/dist/onetap_c65233_5.58.1-canary.v20250327010424.js -> /output/onetap_c65233_5.58.1-canary.v20250327010424.js.br
2025/06/21 01:32:56 gz /tmp/work/dist/onetap_c65233_5.58.1-canary.v20250327010424.js -> /output/onetap_c65233_5.58.1-canary.v20250327010424.js.gz
2025/06/21 01:32:56 compress: run /node_modules/uglify-js/bin/uglifyjs (3.15.4) [--mangle --compress if_return=true -o /tmp/work/dist/op-billing-page_c65233_5.58.1-canary.v20250327010424.min.js /tmp/work/dist/op-billing-page_c65233_5.58.1-canary.v20250327010424.js]
2025/06/21 01:32:56 br /tmp/work/dist/keylessPrompt_c65233_5.58.1-canary.v20250327010424.js -> /output/keylessPrompt_c65233_5.58.1-canary.v20250327010424.js.br
2025/06/21 01:32:56 gz /tmp/work/dist/keylessPrompt_c65233_5.58.1-canary.v20250327010424.js -> /output/keylessPrompt_c65233_5.58.1-canary.v20250327010424.js.gz
2025/06/21 01:32:56 compress: run /node_modules/uglify-js/bin/uglifyjs (3.15.4) [--mangle --compress if_return=true -o /tmp/work/dist/organizationlist_c65233_5.58.1-canary.v20250327010424.min.js /tmp/work/dist/organizationlist_c65233_5.58.1-canary.v20250327010424.js]
2025/06/21 01:32:57 br /tmp/work/dist/clerk.no-rhc.mjs -> /output/clerk.no-rhc.mjs.br
2025/06/21 01:32:57 sri /tmp/work/dist/op-billing-page_c65233_5.58.1-canary.v20250327010424.min.js -> /output/op-billing-page_c65233_5.58.1-canary.v20250327010424.min.js.sri
2025/06/21 01:32:57 algorithm: run /usr/bin/brotli --quality=11 --output=/output/op-billing-page_c65233_5.58.1-canary.v20250327010424.min.js.br /tmp/work/dist/op-billing-page_c65233_5.58.1-canary.v20250327010424.min.js
2025/06/21 01:32:57 br /tmp/work/dist/op-billing-page_c65233_5.58.1-canary.v20250327010424.min.js -> /output/op-billing-page_c65233_5.58.1-canary.v20250327010424.min.js.br
2025/06/21 01:32:57 gz /tmp/work/dist/op-billing-page_c65233_5.58.1-canary.v20250327010424.min.js -> /output/op-billing-page_c65233_5.58.1-canary.v20250327010424.min.js.gz
2025/06/21 01:32:57 sri /tmp/work/dist/op-billing-page_c65233_5.58.1-canary.v20250327010424.js -> /output/op-billing-page_c65233_5.58.1-canary.v20250327010424.js.sri
2025/06/21 01:32:57 algorithm: run /usr/bin/brotli --quality=11 --output=/output/op-billing-page_c65233_5.58.1-canary.v20250327010424.js.br /tmp/work/dist/op-billing-page_c65233_5.58.1-canary.v20250327010424.js
2025/06/21 01:32:57 br /tmp/work/dist/op-billing-page_c65233_5.58.1-canary.v20250327010424.js -> /output/op-billing-page_c65233_5.58.1-canary.v20250327010424.js.br
2025/06/21 01:32:57 gz /tmp/work/dist/op-billing-page_c65233_5.58.1-canary.v20250327010424.js -> /output/op-billing-page_c65233_5.58.1-canary.v20250327010424.js.gz
2025/06/21 01:32:57 compress: run /node_modules/uglify-js/bin/uglifyjs (3.15.4) [--mangle --compress if_return=true -o /tmp/work/dist/organizationprofile_c65233_5.58.1-canary.v20250327010424.min.js /tmp/work/dist/organizationprofile_c65233_5.58.1-canary.v20250327010424.js]
2025/06/21 01:32:57 gz /tmp/work/dist/clerk.no-rhc.mjs -> /output/clerk.no-rhc.mjs.gz
2025/06/21 01:32:57 compress: run /node_modules/uglify-js/bin/uglifyjs (3.15.4) [--mangle --compress if_return=true -o /tmp/work/dist/organizationswitcher_c65233_5.58.1-canary.v20250327010424.min.js /tmp/work/dist/organizationswitcher_c65233_5.58.1-canary.v20250327010424.js]
2025/06/21 01:32:57 br /tmp/work/dist/clerk.browser.min.js -> /output/clerk.browser.min.js.br
2025/06/21 01:32:57 gz /tmp/work/dist/clerk.browser.min.js -> /output/clerk.browser.min.js.gz
2025/06/21 01:32:57 sri /tmp/work/dist/clerk.browser.js -> /output/clerk.browser.js.sri
2025/06/21 01:32:57 algorithm: run /usr/bin/brotli --quality=11 --output=/output/clerk.browser.js.br /tmp/work/dist/clerk.browser.js
2025/06/21 01:32:57 sri /tmp/work/dist/organizationlist_c65233_5.58.1-canary.v20250327010424.min.js -> /output/organizationlist_c65233_5.58.1-canary.v20250327010424.min.js.sri
2025/06/21 01:32:57 algorithm: run /usr/bin/brotli --quality=11 --output=/output/organizationlist_c65233_5.58.1-canary.v20250327010424.min.js.br /tmp/work/dist/organizationlist_c65233_5.58.1-canary.v20250327010424.min.js
2025/06/21 01:32:58 br /tmp/work/dist/organizationlist_c65233_5.58.1-canary.v20250327010424.min.js -> /output/organizationlist_c65233_5.58.1-canary.v20250327010424.min.js.br
2025/06/21 01:32:58 gz /tmp/work/dist/organizationlist_c65233_5.58.1-canary.v20250327010424.min.js -> /output/organizationlist_c65233_5.58.1-canary.v20250327010424.min.js.gz
2025/06/21 01:32:58 sri /tmp/work/dist/organizationlist_c65233_5.58.1-canary.v20250327010424.js -> /output/organizationlist_c65233_5.58.1-canary.v20250327010424.js.sri
2025/06/21 01:32:58 algorithm: run /usr/bin/brotli --quality=11 --output=/output/organizationlist_c65233_5.58.1-canary.v20250327010424.js.br /tmp/work/dist/organizationlist_c65233_5.58.1-canary.v20250327010424.js
2025/06/21 01:32:58 br /tmp/work/dist/organizationlist_c65233_5.58.1-canary.v20250327010424.js -> /output/organizationlist_c65233_5.58.1-canary.v20250327010424.js.br
2025/06/21 01:32:58 gz /tmp/work/dist/organizationlist_c65233_5.58.1-canary.v20250327010424.js -> /output/organizationlist_c65233_5.58.1-canary.v20250327010424.js.gz
2025/06/21 01:32:58 compress: run /node_modules/uglify-js/bin/uglifyjs (3.15.4) [--mangle --compress if_return=true -o /tmp/work/dist/prefetchorganizationlist_c65233_5.58.1-canary.v20250327010424.min.js /tmp/work/dist/prefetchorganizationlist_c65233_5.58.1-canary.v20250327010424.js]
2025/06/21 01:32:58 sri /tmp/work/dist/organizationswitcher_c65233_5.58.1-canary.v20250327010424.min.js -> /output/organizationswitcher_c65233_5.58.1-canary.v20250327010424.min.js.sri
2025/06/21 01:32:58 algorithm: run /usr/bin/brotli --quality=11 --output=/output/organizationswitcher_c65233_5.58.1-canary.v20250327010424.min.js.br /tmp/work/dist/organizationswitcher_c65233_5.58.1-canary.v20250327010424.min.js
2025/06/21 01:32:58 br /tmp/work/dist/organizationswitcher_c65233_5.58.1-canary.v20250327010424.min.js -> /output/organizationswitcher_c65233_5.58.1-canary.v20250327010424.min.js.br
2025/06/21 01:32:58 gz /tmp/work/dist/organizationswitcher_c65233_5.58.1-canary.v20250327010424.min.js -> /output/organizationswitcher_c65233_5.58.1-canary.v20250327010424.min.js.gz
2025/06/21 01:32:58 sri /tmp/work/dist/organizationswitcher_c65233_5.58.1-canary.v20250327010424.js -> /output/organizationswitcher_c65233_5.58.1-canary.v20250327010424.js.sri
2025/06/21 01:32:58 algorithm: run /usr/bin/brotli --quality=11 --output=/output/organizationswitcher_c65233_5.58.1-canary.v20250327010424.js.br /tmp/work/dist/organizationswitcher_c65233_5.58.1-canary.v20250327010424.js
2025/06/21 01:32:58 br /tmp/work/dist/organizationswitcher_c65233_5.58.1-canary.v20250327010424.js -> /output/organizationswitcher_c65233_5.58.1-canary.v20250327010424.js.br
2025/06/21 01:32:58 gz /tmp/work/dist/organizationswitcher_c65233_5.58.1-canary.v20250327010424.js -> /output/organizationswitcher_c65233_5.58.1-canary.v20250327010424.js.gz
2025/06/21 01:32:58 compress: run /node_modules/uglify-js/bin/uglifyjs (3.15.4) [--mangle --compress if_return=true -o /tmp/work/dist/pricingTable_c65233_5.58.1-canary.v20250327010424.min.js /tmp/work/dist/pricingTable_c65233_5.58.1-canary.v20250327010424.js]
2025/06/21 01:32:58 sri /tmp/work/dist/prefetchorganizationlist_c65233_5.58.1-canary.v20250327010424.min.js -> /output/prefetchorganizationlist_c65233_5.58.1-canary.v20250327010424.min.js.sri
2025/06/21 01:32:58 algorithm: run /usr/bin/brotli --quality=11 --output=/output/prefetchorganizationlist_c65233_5.58.1-canary.v20250327010424.min.js.br /tmp/work/dist/prefetchorganizationlist_c65233_5.58.1-canary.v20250327010424.min.js
2025/06/21 01:32:58 br /tmp/work/dist/prefetchorganizationlist_c65233_5.58.1-canary.v20250327010424.min.js -> /output/prefetchorganizationlist_c65233_5.58.1-canary.v20250327010424.min.js.br
2025/06/21 01:32:58 gz /tmp/work/dist/prefetchorganizationlist_c65233_5.58.1-canary.v20250327010424.min.js -> /output/prefetchorganizationlist_c65233_5.58.1-canary.v20250327010424.min.js.gz
2025/06/21 01:32:58 sri /tmp/work/dist/prefetchorganizationlist_c65233_5.58.1-canary.v20250327010424.js -> /output/prefetchorganizationlist_c65233_5.58.1-canary.v20250327010424.js.sri
2025/06/21 01:32:58 algorithm: run /usr/bin/brotli --quality=11 --output=/output/prefetchorganizationlist_c65233_5.58.1-canary.v20250327010424.js.br /tmp/work/dist/prefetchorganizationlist_c65233_5.58.1-canary.v20250327010424.js
2025/06/21 01:32:58 br /tmp/work/dist/prefetchorganizationlist_c65233_5.58.1-canary.v20250327010424.js -> /output/prefetchorganizationlist_c65233_5.58.1-canary.v20250327010424.js.br
2025/06/21 01:32:58 gz /tmp/work/dist/prefetchorganizationlist_c65233_5.58.1-canary.v20250327010424.js -> /output/prefetchorganizationlist_c65233_5.58.1-canary.v20250327010424.js.gz
2025/06/21 01:32:58 compress: run /node_modules/uglify-js/bin/uglifyjs (3.15.4) [--mangle --compress if_return=true -o /tmp/work/dist/sessionTasks_c65233_5.58.1-canary.v20250327010424.min.js /tmp/work/dist/sessionTasks_c65233_5.58.1-canary.v20250327010424.js]
2025/06/21 01:32:58 br /tmp/work/dist/clerk.browser.js -> /output/clerk.browser.js.br
2025/06/21 01:32:58 sri /tmp/work/dist/organizationprofile_c65233_5.58.1-canary.v20250327010424.min.js -> /output/organizationprofile_c65233_5.58.1-canary.v20250327010424.min.js.sri
2025/06/21 01:32:58 algorithm: run /usr/bin/brotli --quality=11 --output=/output/organizationprofile_c65233_5.58.1-canary.v20250327010424.min.js.br /tmp/work/dist/organizationprofile_c65233_5.58.1-canary.v20250327010424.min.js
2025/06/21 01:32:58 gz /tmp/work/dist/clerk.browser.js -> /output/clerk.browser.js.gz
2025/06/21 01:32:58 compress: run /node_modules/uglify-js/bin/uglifyjs (3.15.4) [--mangle --compress if_return=true -o /tmp/work/dist/signin_c65233_5.58.1-canary.v20250327010424.min.js /tmp/work/dist/signin_c65233_5.58.1-canary.v20250327010424.js]
2025/06/21 01:32:58 sri /tmp/work/dist/coinbase-wallet-sdk_c65233_5.58.1-canary.v20250327010424.min.js -> /output/coinbase-wallet-sdk_c65233_5.58.1-canary.v20250327010424.min.js.sri
2025/06/21 01:32:58 algorithm: run /usr/bin/brotli --quality=11 --output=/output/coinbase-wallet-sdk_c65233_5.58.1-canary.v20250327010424.min.js.br /tmp/work/dist/coinbase-wallet-sdk_c65233_5.58.1-canary.v20250327010424.min.js
2025/06/21 01:32:58 br /tmp/work/dist/organizationprofile_c65233_5.58.1-canary.v20250327010424.min.js -> /output/organizationprofile_c65233_5.58.1-canary.v20250327010424.min.js.br
2025/06/21 01:32:58 sri /tmp/work/dist/sessionTasks_c65233_5.58.1-canary.v20250327010424.min.js -> /output/sessionTasks_c65233_5.58.1-canary.v20250327010424.min.js.sri
2025/06/21 01:32:58 algorithm: run /usr/bin/brotli --quality=11 --output=/output/sessionTasks_c65233_5.58.1-canary.v20250327010424.min.js.br /tmp/work/dist/sessionTasks_c65233_5.58.1-canary.v20250327010424.min.js
2025/06/21 01:32:58 gz /tmp/work/dist/organizationprofile_c65233_5.58.1-canary.v20250327010424.min.js -> /output/organizationprofile_c65233_5.58.1-canary.v20250327010424.min.js.gz
2025/06/21 01:32:58 sri /tmp/work/dist/organizationprofile_c65233_5.58.1-canary.v20250327010424.js -> /output/organizationprofile_c65233_5.58.1-canary.v20250327010424.js.sri
2025/06/21 01:32:58 algorithm: run /usr/bin/brotli --quality=11 --output=/output/organizationprofile_c65233_5.58.1-canary.v20250327010424.js.br /tmp/work/dist/organizationprofile_c65233_5.58.1-canary.v20250327010424.js
2025/06/21 01:32:58 br /tmp/work/dist/sessionTasks_c65233_5.58.1-canary.v20250327010424.min.js -> /output/sessionTasks_c65233_5.58.1-canary.v20250327010424.min.js.br
2025/06/21 01:32:58 gz /tmp/work/dist/sessionTasks_c65233_5.58.1-canary.v20250327010424.min.js -> /output/sessionTasks_c65233_5.58.1-canary.v20250327010424.min.js.gz
2025/06/21 01:32:58 sri /tmp/work/dist/sessionTasks_c65233_5.58.1-canary.v20250327010424.js -> /output/sessionTasks_c65233_5.58.1-canary.v20250327010424.js.sri
2025/06/21 01:32:58 algorithm: run /usr/bin/brotli --quality=11 --output=/output/sessionTasks_c65233_5.58.1-canary.v20250327010424.js.br /tmp/work/dist/sessionTasks_c65233_5.58.1-canary.v20250327010424.js
2025/06/21 01:32:58 br /tmp/work/dist/sessionTasks_c65233_5.58.1-canary.v20250327010424.js -> /output/sessionTasks_c65233_5.58.1-canary.v20250327010424.js.br
2025/06/21 01:32:58 gz /tmp/work/dist/sessionTasks_c65233_5.58.1-canary.v20250327010424.js -> /output/sessionTasks_c65233_5.58.1-canary.v20250327010424.js.gz
2025/06/21 01:32:58 compress: run /node_modules/uglify-js/bin/uglifyjs (3.15.4) [--mangle --compress if_return=true -o /tmp/work/dist/signup_c65233_5.58.1-canary.v20250327010424.min.js /tmp/work/dist/signup_c65233_5.58.1-canary.v20250327010424.js]
2025/06/21 01:32:59 br /tmp/work/dist/organizationprofile_c65233_5.58.1-canary.v20250327010424.js -> /output/organizationprofile_c65233_5.58.1-canary.v20250327010424.js.br
2025/06/21 01:32:59 gz /tmp/work/dist/organizationprofile_c65233_5.58.1-canary.v20250327010424.js -> /output/organizationprofile_c65233_5.58.1-canary.v20250327010424.js.gz
2025/06/21 01:32:59 compress: run /node_modules/uglify-js/bin/uglifyjs (3.15.4) [--mangle --compress if_return=true -o /tmp/work/dist/ui-common_c65233_5.58.1-canary.v20250327010424.min.js /tmp/work/dist/ui-common_c65233_5.58.1-canary.v20250327010424.js]
2025/06/21 01:32:59 br /tmp/work/dist/coinbase-wallet-sdk_c65233_5.58.1-canary.v20250327010424.min.js -> /output/coinbase-wallet-sdk_c65233_5.58.1-canary.v20250327010424.min.js.br
2025/06/21 01:32:59 gz /tmp/work/dist/coinbase-wallet-sdk_c65233_5.58.1-canary.v20250327010424.min.js -> /output/coinbase-wallet-sdk_c65233_5.58.1-canary.v20250327010424.min.js.gz
2025/06/21 01:32:59 sri /tmp/work/dist/coinbase-wallet-sdk_c65233_5.58.1-canary.v20250327010424.js -> /output/coinbase-wallet-sdk_c65233_5.58.1-canary.v20250327010424.js.sri
2025/06/21 01:32:59 algorithm: run /usr/bin/brotli --quality=11 --output=/output/coinbase-wallet-sdk_c65233_5.58.1-canary.v20250327010424.js.br /tmp/work/dist/coinbase-wallet-sdk_c65233_5.58.1-canary.v20250327010424.js
2025/06/21 01:32:59 br /tmp/work/dist/coinbase-wallet-sdk_c65233_5.58.1-canary.v20250327010424.js -> /output/coinbase-wallet-sdk_c65233_5.58.1-canary.v20250327010424.js.br
2025/06/21 01:32:59 sri /tmp/work/dist/pricingTable_c65233_5.58.1-canary.v20250327010424.min.js -> /output/pricingTable_c65233_5.58.1-canary.v20250327010424.min.js.sri
2025/06/21 01:32:59 algorithm: run /usr/bin/brotli --quality=11 --output=/output/pricingTable_c65233_5.58.1-canary.v20250327010424.min.js.br /tmp/work/dist/pricingTable_c65233_5.58.1-canary.v20250327010424.min.js
2025/06/21 01:32:59 gz /tmp/work/dist/coinbase-wallet-sdk_c65233_5.58.1-canary.v20250327010424.js -> /output/coinbase-wallet-sdk_c65233_5.58.1-canary.v20250327010424.js.gz
2025/06/21 01:32:59 compress: run /node_modules/uglify-js/bin/uglifyjs (3.15.4) [--mangle --compress if_return=true -o /tmp/work/dist/up-billing-page_c65233_5.58.1-canary.v20250327010424.min.js /tmp/work/dist/up-billing-page_c65233_5.58.1-canary.v20250327010424.js]
2025/06/21 01:32:59 br /tmp/work/dist/pricingTable_c65233_5.58.1-canary.v20250327010424.min.js -> /output/pricingTable_c65233_5.58.1-canary.v20250327010424.min.js.br
2025/06/21 01:32:59 gz /tmp/work/dist/pricingTable_c65233_5.58.1-canary.v20250327010424.min.js -> /output/pricingTable_c65233_5.58.1-canary.v20250327010424.min.js.gz
2025/06/21 01:32:59 sri /tmp/work/dist/pricingTable_c65233_5.58.1-canary.v20250327010424.js -> /output/pricingTable_c65233_5.58.1-canary.v20250327010424.js.sri
2025/06/21 01:32:59 algorithm: run /usr/bin/brotli --quality=11 --output=/output/pricingTable_c65233_5.58.1-canary.v20250327010424.js.br /tmp/work/dist/pricingTable_c65233_5.58.1-canary.v20250327010424.js
2025/06/21 01:32:59 br /tmp/work/dist/pricingTable_c65233_5.58.1-canary.v20250327010424.js -> /output/pricingTable_c65233_5.58.1-canary.v20250327010424.js.br
2025/06/21 01:32:59 gz /tmp/work/dist/pricingTable_c65233_5.58.1-canary.v20250327010424.js -> /output/pricingTable_c65233_5.58.1-canary.v20250327010424.js.gz
2025/06/21 01:32:59 compress: run /node_modules/uglify-js/bin/uglifyjs (3.15.4) [--mangle --compress if_return=true -o /tmp/work/dist/userbutton_c65233_5.58.1-canary.v20250327010424.min.js /tmp/work/dist/userbutton_c65233_5.58.1-canary.v20250327010424.js]
2025/06/21 01:32:59 sri /tmp/work/dist/up-billing-page_c65233_5.58.1-canary.v20250327010424.min.js -> /output/up-billing-page_c65233_5.58.1-canary.v20250327010424.min.js.sri
2025/06/21 01:32:59 algorithm: run /usr/bin/brotli --quality=11 --output=/output/up-billing-page_c65233_5.58.1-canary.v20250327010424.min.js.br /tmp/work/dist/up-billing-page_c65233_5.58.1-canary.v20250327010424.min.js
2025/06/21 01:32:59 br /tmp/work/dist/up-billing-page_c65233_5.58.1-canary.v20250327010424.min.js -> /output/up-billing-page_c65233_5.58.1-canary.v20250327010424.min.js.br
2025/06/21 01:32:59 gz /tmp/work/dist/up-billing-page_c65233_5.58.1-canary.v20250327010424.min.js -> /output/up-billing-page_c65233_5.58.1-canary.v20250327010424.min.js.gz
2025/06/21 01:32:59 sri /tmp/work/dist/up-billing-page_c65233_5.58.1-canary.v20250327010424.js -> /output/up-billing-page_c65233_5.58.1-canary.v20250327010424.js.sri
2025/06/21 01:32:59 algorithm: run /usr/bin/brotli --quality=11 --output=/output/up-billing-page_c65233_5.58.1-canary.v20250327010424.js.br /tmp/work/dist/up-billing-page_c65233_5.58.1-canary.v20250327010424.js
2025/06/21 01:32:59 br /tmp/work/dist/up-billing-page_c65233_5.58.1-canary.v20250327010424.js -> /output/up-billing-page_c65233_5.58.1-canary.v20250327010424.js.br
2025/06/21 01:32:59 gz /tmp/work/dist/up-billing-page_c65233_5.58.1-canary.v20250327010424.js -> /output/up-billing-page_c65233_5.58.1-canary.v20250327010424.js.gz
2025/06/21 01:32:59 compress: run /node_modules/uglify-js/bin/uglifyjs (3.15.4) [--mangle --compress if_return=true -o /tmp/work/dist/userprofile_c65233_5.58.1-canary.v20250327010424.min.js /tmp/work/dist/userprofile_c65233_5.58.1-canary.v20250327010424.js]
2025/06/21 01:33:00 sri /tmp/work/dist/userbutton_c65233_5.58.1-canary.v20250327010424.min.js -> /output/userbutton_c65233_5.58.1-canary.v20250327010424.min.js.sri
2025/06/21 01:33:00 algorithm: run /usr/bin/brotli --quality=11 --output=/output/userbutton_c65233_5.58.1-canary.v20250327010424.min.js.br /tmp/work/dist/userbutton_c65233_5.58.1-canary.v20250327010424.min.js
2025/06/21 01:33:00 sri /tmp/work/dist/signup_c65233_5.58.1-canary.v20250327010424.min.js -> /output/signup_c65233_5.58.1-canary.v20250327010424.min.js.sri
2025/06/21 01:33:00 algorithm: run /usr/bin/brotli --quality=11 --output=/output/signup_c65233_5.58.1-canary.v20250327010424.min.js.br /tmp/work/dist/signup_c65233_5.58.1-canary.v20250327010424.min.js
2025/06/21 01:33:00 br /tmp/work/dist/userbutton_c65233_5.58.1-canary.v20250327010424.min.js -> /output/userbutton_c65233_5.58.1-canary.v20250327010424.min.js.br
2025/06/21 01:33:00 gz /tmp/work/dist/userbutton_c65233_5.58.1-canary.v20250327010424.min.js -> /output/userbutton_c65233_5.58.1-canary.v20250327010424.min.js.gz
2025/06/21 01:33:00 sri /tmp/work/dist/userbutton_c65233_5.58.1-canary.v20250327010424.js -> /output/userbutton_c65233_5.58.1-canary.v20250327010424.js.sri
2025/06/21 01:33:00 algorithm: run /usr/bin/brotli --quality=11 --output=/output/userbutton_c65233_5.58.1-canary.v20250327010424.js.br /tmp/work/dist/userbutton_c65233_5.58.1-canary.v20250327010424.js
2025/06/21 01:33:00 br /tmp/work/dist/userbutton_c65233_5.58.1-canary.v20250327010424.js -> /output/userbutton_c65233_5.58.1-canary.v20250327010424.js.br
2025/06/21 01:33:00 gz /tmp/work/dist/userbutton_c65233_5.58.1-canary.v20250327010424.js -> /output/userbutton_c65233_5.58.1-canary.v20250327010424.js.gz
2025/06/21 01:33:00 compress: run /node_modules/uglify-js/bin/uglifyjs (3.15.4) [--mangle --compress if_return=true -o /tmp/work/dist/userverification_c65233_5.58.1-canary.v20250327010424.min.js /tmp/work/dist/userverification_c65233_5.58.1-canary.v20250327010424.js]
2025/06/21 01:33:00 br /tmp/work/dist/signup_c65233_5.58.1-canary.v20250327010424.min.js -> /output/signup_c65233_5.58.1-canary.v20250327010424.min.js.br
2025/06/21 01:33:00 gz /tmp/work/dist/signup_c65233_5.58.1-canary.v20250327010424.min.js -> /output/signup_c65233_5.58.1-canary.v20250327010424.min.js.gz
2025/06/21 01:33:00 sri /tmp/work/dist/signup_c65233_5.58.1-canary.v20250327010424.js -> /output/signup_c65233_5.58.1-canary.v20250327010424.js.sri
2025/06/21 01:33:00 algorithm: run /usr/bin/brotli --quality=11 --output=/output/signup_c65233_5.58.1-canary.v20250327010424.js.br /tmp/work/dist/signup_c65233_5.58.1-canary.v20250327010424.js
2025/06/21 01:33:00 br /tmp/work/dist/signup_c65233_5.58.1-canary.v20250327010424.js -> /output/signup_c65233_5.58.1-canary.v20250327010424.js.br
2025/06/21 01:33:00 gz /tmp/work/dist/signup_c65233_5.58.1-canary.v20250327010424.js -> /output/signup_c65233_5.58.1-canary.v20250327010424.js.gz
2025/06/21 01:33:00 compress: run /node_modules/uglify-js/bin/uglifyjs (3.15.4) [--mangle --compress if_return=true -o /tmp/work/dist/vendors_69bae4_5.58.1-canary.v20250327010424.min.js /tmp/work/dist/vendors_69bae4_5.58.1-canary.v20250327010424.js]
2025/06/21 01:33:00 sri /tmp/work/dist/signin_c65233_5.58.1-canary.v20250327010424.min.js -> /output/signin_c65233_5.58.1-canary.v20250327010424.min.js.sri
2025/06/21 01:33:00 algorithm: run /usr/bin/brotli --quality=11 --output=/output/signin_c65233_5.58.1-canary.v20250327010424.min.js.br /tmp/work/dist/signin_c65233_5.58.1-canary.v20250327010424.min.js
2025/06/21 01:33:01 br /tmp/work/dist/signin_c65233_5.58.1-canary.v20250327010424.min.js -> /output/signin_c65233_5.58.1-canary.v20250327010424.min.js.br
2025/06/21 01:33:01 gz /tmp/work/dist/signin_c65233_5.58.1-canary.v20250327010424.min.js -> /output/signin_c65233_5.58.1-canary.v20250327010424.min.js.gz
2025/06/21 01:33:01 sri /tmp/work/dist/signin_c65233_5.58.1-canary.v20250327010424.js -> /output/signin_c65233_5.58.1-canary.v20250327010424.js.sri
2025/06/21 01:33:01 algorithm: run /usr/bin/brotli --quality=11 --output=/output/signin_c65233_5.58.1-canary.v20250327010424.js.br /tmp/work/dist/signin_c65233_5.58.1-canary.v20250327010424.js
2025/06/21 01:33:01 br /tmp/work/dist/signin_c65233_5.58.1-canary.v20250327010424.js -> /output/signin_c65233_5.58.1-canary.v20250327010424.js.br
2025/06/21 01:33:01 gz /tmp/work/dist/signin_c65233_5.58.1-canary.v20250327010424.js -> /output/signin_c65233_5.58.1-canary.v20250327010424.js.gz
2025/06/21 01:33:01 compress: run /node_modules/uglify-js/bin/uglifyjs (3.15.4) [--mangle --compress if_return=true -o /tmp/work/dist/vendors_c65233_5.58.1-canary.v20250327010424.min.js /tmp/work/dist/vendors_c65233_5.58.1-canary.v20250327010424.js]
2025/06/21 01:33:01 sri /tmp/work/dist/vendors_69bae4_5.58.1-canary.v20250327010424.min.js -> /output/vendors_69bae4_5.58.1-canary.v20250327010424.min.js.sri
2025/06/21 01:33:01 algorithm: run /usr/bin/brotli --quality=11 --output=/output/vendors_69bae4_5.58.1-canary.v20250327010424.min.js.br /tmp/work/dist/vendors_69bae4_5.58.1-canary.v20250327010424.min.js
2025/06/21 01:33:01 br /tmp/work/dist/vendors_69bae4_5.58.1-canary.v20250327010424.min.js -> /output/vendors_69bae4_5.58.1-canary.v20250327010424.min.js.br
2025/06/21 01:33:01 gz /tmp/work/dist/vendors_69bae4_5.58.1-canary.v20250327010424.min.js -> /output/vendors_69bae4_5.58.1-canary.v20250327010424.min.js.gz
2025/06/21 01:33:01 sri /tmp/work/dist/vendors_69bae4_5.58.1-canary.v20250327010424.js -> /output/vendors_69bae4_5.58.1-canary.v20250327010424.js.sri
2025/06/21 01:33:01 algorithm: run /usr/bin/brotli --quality=11 --output=/output/vendors_69bae4_5.58.1-canary.v20250327010424.js.br /tmp/work/dist/vendors_69bae4_5.58.1-canary.v20250327010424.js
2025/06/21 01:33:01 br /tmp/work/dist/vendors_69bae4_5.58.1-canary.v20250327010424.js -> /output/vendors_69bae4_5.58.1-canary.v20250327010424.js.br
2025/06/21 01:33:01 gz /tmp/work/dist/vendors_69bae4_5.58.1-canary.v20250327010424.js -> /output/vendors_69bae4_5.58.1-canary.v20250327010424.js.gz
2025/06/21 01:33:01 compress: run /node_modules/uglify-js/bin/uglifyjs (3.15.4) [--mangle --compress if_return=true -o /tmp/work/dist/waitlist_c65233_5.58.1-canary.v20250327010424.min.js /tmp/work/dist/waitlist_c65233_5.58.1-canary.v20250327010424.js]
2025/06/21 01:33:01 sri /tmp/work/dist/framework_c65233_5.58.1-canary.v20250327010424.min.js -> /output/framework_c65233_5.58.1-canary.v20250327010424.min.js.sri
2025/06/21 01:33:01 algorithm: run /usr/bin/brotli --quality=11 --output=/output/framework_c65233_5.58.1-canary.v20250327010424.min.js.br /tmp/work/dist/framework_c65233_5.58.1-canary.v20250327010424.min.js
2025/06/21 01:33:01 sri /tmp/work/dist/userverification_c65233_5.58.1-canary.v20250327010424.min.js -> /output/userverification_c65233_5.58.1-canary.v20250327010424.min.js.sri
2025/06/21 01:33:01 algorithm: run /usr/bin/brotli --quality=11 --output=/output/userverification_c65233_5.58.1-canary.v20250327010424.min.js.br /tmp/work/dist/userverification_c65233_5.58.1-canary.v20250327010424.min.js
2025/06/21 01:33:01 br /tmp/work/dist/userverification_c65233_5.58.1-canary.v20250327010424.min.js -> /output/userverification_c65233_5.58.1-canary.v20250327010424.min.js.br
2025/06/21 01:33:01 gz /tmp/work/dist/userverification_c65233_5.58.1-canary.v20250327010424.min.js -> /output/userverification_c65233_5.58.1-canary.v20250327010424.min.js.gz
2025/06/21 01:33:01 sri /tmp/work/dist/userverification_c65233_5.58.1-canary.v20250327010424.js -> /output/userverification_c65233_5.58.1-canary.v20250327010424.js.sri
2025/06/21 01:33:01 algorithm: run /usr/bin/brotli --quality=11 --output=/output/userverification_c65233_5.58.1-canary.v20250327010424.js.br /tmp/work/dist/userverification_c65233_5.58.1-canary.v20250327010424.js
2025/06/21 01:33:01 br /tmp/work/dist/userverification_c65233_5.58.1-canary.v20250327010424.js -> /output/userverification_c65233_5.58.1-canary.v20250327010424.js.br
2025/06/21 01:33:01 gz /tmp/work/dist/userverification_c65233_5.58.1-canary.v20250327010424.js -> /output/userverification_c65233_5.58.1-canary.v20250327010424.js.gz
2025/06/21 01:33:01 compress: run /node_modules/uglify-js/bin/uglifyjs (3.15.4) [--mangle --compress if_return=true -o /tmp/work/dist/zxcvbn-common_69bae4_5.58.1-canary.v20250327010424.min.js /tmp/work/dist/zxcvbn-common_69bae4_5.58.1-canary.v20250327010424.js]
2025/06/21 01:33:01 sri /tmp/work/dist/waitlist_c65233_5.58.1-canary.v20250327010424.min.js -> /output/waitlist_c65233_5.58.1-canary.v20250327010424.min.js.sri
2025/06/21 01:33:01 algorithm: run /usr/bin/brotli --quality=11 --output=/output/waitlist_c65233_5.58.1-canary.v20250327010424.min.js.br /tmp/work/dist/waitlist_c65233_5.58.1-canary.v20250327010424.min.js
2025/06/21 01:33:01 br /tmp/work/dist/framework_c65233_5.58.1-canary.v20250327010424.min.js -> /output/framework_c65233_5.58.1-canary.v20250327010424.min.js.br
2025/06/21 01:33:01 br /tmp/work/dist/waitlist_c65233_5.58.1-canary.v20250327010424.min.js -> /output/waitlist_c65233_5.58.1-canary.v20250327010424.min.js.br
2025/06/21 01:33:01 gz /tmp/work/dist/waitlist_c65233_5.58.1-canary.v20250327010424.min.js -> /output/waitlist_c65233_5.58.1-canary.v20250327010424.min.js.gz
2025/06/21 01:33:01 gz /tmp/work/dist/framework_c65233_5.58.1-canary.v20250327010424.min.js -> /output/framework_c65233_5.58.1-canary.v20250327010424.min.js.gz
2025/06/21 01:33:01 sri /tmp/work/dist/framework_c65233_5.58.1-canary.v20250327010424.js -> /output/framework_c65233_5.58.1-canary.v20250327010424.js.sri
2025/06/21 01:33:01 algorithm: run /usr/bin/brotli --quality=11 --output=/output/framework_c65233_5.58.1-canary.v20250327010424.js.br /tmp/work/dist/framework_c65233_5.58.1-canary.v20250327010424.js
2025/06/21 01:33:01 sri /tmp/work/dist/waitlist_c65233_5.58.1-canary.v20250327010424.js -> /output/waitlist_c65233_5.58.1-canary.v20250327010424.js.sri
2025/06/21 01:33:01 algorithm: run /usr/bin/brotli --quality=11 --output=/output/waitlist_c65233_5.58.1-canary.v20250327010424.js.br /tmp/work/dist/waitlist_c65233_5.58.1-canary.v20250327010424.js
2025/06/21 01:33:01 br /tmp/work/dist/waitlist_c65233_5.58.1-canary.v20250327010424.js -> /output/waitlist_c65233_5.58.1-canary.v20250327010424.js.br
2025/06/21 01:33:01 gz /tmp/work/dist/waitlist_c65233_5.58.1-canary.v20250327010424.js -> /output/waitlist_c65233_5.58.1-canary.v20250327010424.js.gz
2025/06/21 01:33:01 compress: run /node_modules/uglify-js/bin/uglifyjs (3.15.4) [--mangle --compress if_return=true -o /tmp/work/dist/zxcvbn-common_c65233_5.58.1-canary.v20250327010424.min.js /tmp/work/dist/zxcvbn-common_c65233_5.58.1-canary.v20250327010424.js]
2025/06/21 01:33:02 sri /tmp/work/dist/userprofile_c65233_5.58.1-canary.v20250327010424.min.js -> /output/userprofile_c65233_5.58.1-canary.v20250327010424.min.js.sri
2025/06/21 01:33:02 algorithm: run /usr/bin/brotli --quality=11 --output=/output/userprofile_c65233_5.58.1-canary.v20250327010424.min.js.br /tmp/work/dist/userprofile_c65233_5.58.1-canary.v20250327010424.min.js
2025/06/21 01:33:02 br /tmp/work/dist/framework_c65233_5.58.1-canary.v20250327010424.js -> /output/framework_c65233_5.58.1-canary.v20250327010424.js.br
2025/06/21 01:33:02 gz /tmp/work/dist/framework_c65233_5.58.1-canary.v20250327010424.js -> /output/framework_c65233_5.58.1-canary.v20250327010424.js.gz
2025/06/21 01:33:02 compress: run /node_modules/uglify-js/bin/uglifyjs (3.15.4) [--mangle --compress if_return=true -o /tmp/work/dist/zxcvbn-ts-core_69bae4_5.58.1-canary.v20250327010424.min.js /tmp/work/dist/zxcvbn-ts-core_69bae4_5.58.1-canary.v20250327010424.js]
2025/06/21 01:33:02 br /tmp/work/dist/userprofile_c65233_5.58.1-canary.v20250327010424.min.js -> /output/userprofile_c65233_5.58.1-canary.v20250327010424.min.js.br
2025/06/21 01:33:02 gz /tmp/work/dist/userprofile_c65233_5.58.1-canary.v20250327010424.min.js -> /output/userprofile_c65233_5.58.1-canary.v20250327010424.min.js.gz
2025/06/21 01:33:02 sri /tmp/work/dist/userprofile_c65233_5.58.1-canary.v20250327010424.js -> /output/userprofile_c65233_5.58.1-canary.v20250327010424.js.sri
2025/06/21 01:33:02 algorithm: run /usr/bin/brotli --quality=11 --output=/output/userprofile_c65233_5.58.1-canary.v20250327010424.js.br /tmp/work/dist/userprofile_c65233_5.58.1-canary.v20250327010424.js
2025/06/21 01:33:02 sri /tmp/work/dist/zxcvbn-common_69bae4_5.58.1-canary.v20250327010424.min.js -> /output/zxcvbn-common_69bae4_5.58.1-canary.v20250327010424.min.js.sri
2025/06/21 01:33:02 algorithm: run /usr/bin/brotli --quality=11 --output=/output/zxcvbn-common_69bae4_5.58.1-canary.v20250327010424.min.js.br /tmp/work/dist/zxcvbn-common_69bae4_5.58.1-canary.v20250327010424.min.js
2025/06/21 01:33:02 sri /tmp/work/dist/zxcvbn-common_c65233_5.58.1-canary.v20250327010424.min.js -> /output/zxcvbn-common_c65233_5.58.1-canary.v20250327010424.min.js.sri
2025/06/21 01:33:02 algorithm: run /usr/bin/brotli --quality=11 --output=/output/zxcvbn-common_c65233_5.58.1-canary.v20250327010424.min.js.br /tmp/work/dist/zxcvbn-common_c65233_5.58.1-canary.v20250327010424.min.js
2025/06/21 01:33:02 br /tmp/work/dist/userprofile_c65233_5.58.1-canary.v20250327010424.js -> /output/userprofile_c65233_5.58.1-canary.v20250327010424.js.br
2025/06/21 01:33:02 gz /tmp/work/dist/userprofile_c65233_5.58.1-canary.v20250327010424.js -> /output/userprofile_c65233_5.58.1-canary.v20250327010424.js.gz
2025/06/21 01:33:02 compress: run /node_modules/uglify-js/bin/uglifyjs (3.15.4) [--mangle --compress if_return=true -o /tmp/work/dist/zxcvbn-ts-core_c65233_5.58.1-canary.v20250327010424.min.js /tmp/work/dist/zxcvbn-ts-core_c65233_5.58.1-canary.v20250327010424.js]
2025/06/21 01:33:04 sri /tmp/work/dist/zxcvbn-ts-core_69bae4_5.58.1-canary.v20250327010424.min.js -> /output/zxcvbn-ts-core_69bae4_5.58.1-canary.v20250327010424.min.js.sri
2025/06/21 01:33:04 algorithm: run /usr/bin/brotli --quality=11 --output=/output/zxcvbn-ts-core_69bae4_5.58.1-canary.v20250327010424.min.js.br /tmp/work/dist/zxcvbn-ts-core_69bae4_5.58.1-canary.v20250327010424.min.js
2025/06/21 01:33:04 br /tmp/work/dist/zxcvbn-ts-core_69bae4_5.58.1-canary.v20250327010424.min.js -> /output/zxcvbn-ts-core_69bae4_5.58.1-canary.v20250327010424.min.js.br
2025/06/21 01:33:04 gz /tmp/work/dist/zxcvbn-ts-core_69bae4_5.58.1-canary.v20250327010424.min.js -> /output/zxcvbn-ts-core_69bae4_5.58.1-canary.v20250327010424.min.js.gz
2025/06/21 01:33:04 sri /tmp/work/dist/zxcvbn-ts-core_69bae4_5.58.1-canary.v20250327010424.js -> /output/zxcvbn-ts-core_69bae4_5.58.1-canary.v20250327010424.js.sri
2025/06/21 01:33:04 algorithm: run /usr/bin/brotli --quality=11 --output=/output/zxcvbn-ts-core_69bae4_5.58.1-canary.v20250327010424.js.br /tmp/work/dist/zxcvbn-ts-core_69bae4_5.58.1-canary.v20250327010424.js
2025/06/21 01:33:04 br /tmp/work/dist/zxcvbn-ts-core_69bae4_5.58.1-canary.v20250327010424.js -> /output/zxcvbn-ts-core_69bae4_5.58.1-canary.v20250327010424.js.br
2025/06/21 01:33:04 gz /tmp/work/dist/zxcvbn-ts-core_69bae4_5.58.1-canary.v20250327010424.js -> /output/zxcvbn-ts-core_69bae4_5.58.1-canary.v20250327010424.js.gz
2025/06/21 01:33:04 br /tmp/work/dist/zxcvbn-common_69bae4_5.58.1-canary.v20250327010424.min.js -> /output/zxcvbn-common_69bae4_5.58.1-canary.v20250327010424.min.js.br
2025/06/21 01:33:04 gz /tmp/work/dist/zxcvbn-common_69bae4_5.58.1-canary.v20250327010424.min.js -> /output/zxcvbn-common_69bae4_5.58.1-canary.v20250327010424.min.js.gz
2025/06/21 01:33:04 sri /tmp/work/dist/zxcvbn-common_69bae4_5.58.1-canary.v20250327010424.js -> /output/zxcvbn-common_69bae4_5.58.1-canary.v20250327010424.js.sri
2025/06/21 01:33:04 algorithm: run /usr/bin/brotli --quality=11 --output=/output/zxcvbn-common_69bae4_5.58.1-canary.v20250327010424.js.br /tmp/work/dist/zxcvbn-common_69bae4_5.58.1-canary.v20250327010424.js
2025/06/21 01:33:04 sri /tmp/work/dist/zxcvbn-ts-core_c65233_5.58.1-canary.v20250327010424.min.js -> /output/zxcvbn-ts-core_c65233_5.58.1-canary.v20250327010424.min.js.sri
2025/06/21 01:33:04 algorithm: run /usr/bin/brotli --quality=11 --output=/output/zxcvbn-ts-core_c65233_5.58.1-canary.v20250327010424.min.js.br /tmp/work/dist/zxcvbn-ts-core_c65233_5.58.1-canary.v20250327010424.min.js
2025/06/21 01:33:04 br /tmp/work/dist/zxcvbn-ts-core_c65233_5.58.1-canary.v20250327010424.min.js -> /output/zxcvbn-ts-core_c65233_5.58.1-canary.v20250327010424.min.js.br
2025/06/21 01:33:04 gz /tmp/work/dist/zxcvbn-ts-core_c65233_5.58.1-canary.v20250327010424.min.js -> /output/zxcvbn-ts-core_c65233_5.58.1-canary.v20250327010424.min.js.gz
2025/06/21 01:33:04 sri /tmp/work/dist/zxcvbn-ts-core_c65233_5.58.1-canary.v20250327010424.js -> /output/zxcvbn-ts-core_c65233_5.58.1-canary.v20250327010424.js.sri
2025/06/21 01:33:04 algorithm: run /usr/bin/brotli --quality=11 --output=/output/zxcvbn-ts-core_c65233_5.58.1-canary.v20250327010424.js.br /tmp/work/dist/zxcvbn-ts-core_c65233_5.58.1-canary.v20250327010424.js
2025/06/21 01:33:04 br /tmp/work/dist/zxcvbn-common_c65233_5.58.1-canary.v20250327010424.min.js -> /output/zxcvbn-common_c65233_5.58.1-canary.v20250327010424.min.js.br
2025/06/21 01:33:04 gz /tmp/work/dist/zxcvbn-common_c65233_5.58.1-canary.v20250327010424.min.js -> /output/zxcvbn-common_c65233_5.58.1-canary.v20250327010424.min.js.gz
2025/06/21 01:33:04 sri /tmp/work/dist/zxcvbn-common_c65233_5.58.1-canary.v20250327010424.js -> /output/zxcvbn-common_c65233_5.58.1-canary.v20250327010424.js.sri
2025/06/21 01:33:04 algorithm: run /usr/bin/brotli --quality=11 --output=/output/zxcvbn-common_c65233_5.58.1-canary.v20250327010424.js.br /tmp/work/dist/zxcvbn-common_c65233_5.58.1-canary.v20250327010424.js
2025/06/21 01:33:04 br /tmp/work/dist/zxcvbn-ts-core_c65233_5.58.1-canary.v20250327010424.js -> /output/zxcvbn-ts-core_c65233_5.58.1-canary.v20250327010424.js.br
2025/06/21 01:33:04 gz /tmp/work/dist/zxcvbn-ts-core_c65233_5.58.1-canary.v20250327010424.js -> /output/zxcvbn-ts-core_c65233_5.58.1-canary.v20250327010424.js.gz
2025/06/21 01:33:05 sri /tmp/work/dist/vendors_c65233_5.58.1-canary.v20250327010424.min.js -> /output/vendors_c65233_5.58.1-canary.v20250327010424.min.js.sri
2025/06/21 01:33:05 algorithm: run /usr/bin/brotli --quality=11 --output=/output/vendors_c65233_5.58.1-canary.v20250327010424.min.js.br /tmp/work/dist/vendors_c65233_5.58.1-canary.v20250327010424.min.js
2025/06/21 01:33:05 sri /tmp/work/dist/ui-common_c65233_5.58.1-canary.v20250327010424.min.js -> /output/ui-common_c65233_5.58.1-canary.v20250327010424.min.js.sri
2025/06/21 01:33:05 algorithm: run /usr/bin/brotli --quality=11 --output=/output/ui-common_c65233_5.58.1-canary.v20250327010424.min.js.br /tmp/work/dist/ui-common_c65233_5.58.1-canary.v20250327010424.min.js
2025/06/21 01:33:05 br /tmp/work/dist/vendors_c65233_5.58.1-canary.v20250327010424.min.js -> /output/vendors_c65233_5.58.1-canary.v20250327010424.min.js.br
2025/06/21 01:33:05 gz /tmp/work/dist/vendors_c65233_5.58.1-canary.v20250327010424.min.js -> /output/vendors_c65233_5.58.1-canary.v20250327010424.min.js.gz
2025/06/21 01:33:05 sri /tmp/work/dist/vendors_c65233_5.58.1-canary.v20250327010424.js -> /output/vendors_c65233_5.58.1-canary.v20250327010424.js.sri
2025/06/21 01:33:05 algorithm: run /usr/bin/brotli --quality=11 --output=/output/vendors_c65233_5.58.1-canary.v20250327010424.js.br /tmp/work/dist/vendors_c65233_5.58.1-canary.v20250327010424.js
2025/06/21 01:33:05 br /tmp/work/dist/zxcvbn-common_69bae4_5.58.1-canary.v20250327010424.js -> /output/zxcvbn-common_69bae4_5.58.1-canary.v20250327010424.js.br
2025/06/21 01:33:05 gz /tmp/work/dist/zxcvbn-common_69bae4_5.58.1-canary.v20250327010424.js -> /output/zxcvbn-common_69bae4_5.58.1-canary.v20250327010424.js.gz
2025/06/21 01:33:05 br /tmp/work/dist/vendors_c65233_5.58.1-canary.v20250327010424.js -> /output/vendors_c65233_5.58.1-canary.v20250327010424.js.br
2025/06/21 01:33:05 gz /tmp/work/dist/vendors_c65233_5.58.1-canary.v20250327010424.js -> /output/vendors_c65233_5.58.1-canary.v20250327010424.js.gz
2025/06/21 01:33:05 br /tmp/work/dist/zxcvbn-common_c65233_5.58.1-canary.v20250327010424.js -> /output/zxcvbn-common_c65233_5.58.1-canary.v20250327010424.js.br
2025/06/21 01:33:06 gz /tmp/work/dist/zxcvbn-common_c65233_5.58.1-canary.v20250327010424.js -> /output/zxcvbn-common_c65233_5.58.1-canary.v20250327010424.js.gz
2025/06/21 01:33:06 br /tmp/work/dist/ui-common_c65233_5.58.1-canary.v20250327010424.min.js -> /output/ui-common_c65233_5.58.1-canary.v20250327010424.min.js.br
2025/06/21 01:33:06 gz /tmp/work/dist/ui-common_c65233_5.58.1-canary.v20250327010424.min.js -> /output/ui-common_c65233_5.58.1-canary.v20250327010424.min.js.gz
2025/06/21 01:33:06 sri /tmp/work/dist/ui-common_c65233_5.58.1-canary.v20250327010424.js -> /output/ui-common_c65233_5.58.1-canary.v20250327010424.js.sri
2025/06/21 01:33:06 algorithm: run /usr/bin/brotli --quality=11 --output=/output/ui-common_c65233_5.58.1-canary.v20250327010424.js.br /tmp/work/dist/ui-common_c65233_5.58.1-canary.v20250327010424.js
2025/06/21 01:33:07 br /tmp/work/dist/ui-common_c65233_5.58.1-canary.v20250327010424.js -> /output/ui-common_c65233_5.58.1-canary.v20250327010424.js.br
2025/06/21 01:33:07 gz /tmp/work/dist/ui-common_c65233_5.58.1-canary.v20250327010424.js -> /output/ui-common_c65233_5.58.1-canary.v20250327010424.js.gz
2025/06/21 01:33:08 sri /tmp/work/dist/clerk.min.js -> /output/clerk.min.js.sri
2025/06/21 01:33:08 algorithm: run /usr/bin/brotli --quality=11 --output=/output/clerk.min.js.br /tmp/work/dist/clerk.min.js
2025/06/21 01:33:09 sri /tmp/work/dist/clerk.no-rhc.min.js -> /output/clerk.no-rhc.min.js.sri
2025/06/21 01:33:09 algorithm: run /usr/bin/brotli --quality=11 --output=/output/clerk.no-rhc.min.js.br /tmp/work/dist/clerk.no-rhc.min.js
2025/06/21 01:33:11 br /tmp/work/dist/clerk.min.js -> /output/clerk.min.js.br
2025/06/21 01:33:12 gz /tmp/work/dist/clerk.min.js -> /output/clerk.min.js.gz
2025/06/21 01:33:12 sri /tmp/work/dist/clerk.js -> /output/clerk.js.sri
2025/06/21 01:33:12 algorithm: run /usr/bin/brotli --quality=11 --output=/output/clerk.js.br /tmp/work/dist/clerk.js
2025/06/21 01:33:12 br /tmp/work/dist/clerk.no-rhc.min.js -> /output/clerk.no-rhc.min.js.br
2025/06/21 01:33:12 gz /tmp/work/dist/clerk.no-rhc.min.js -> /output/clerk.no-rhc.min.js.gz
2025/06/21 01:33:12 sri /tmp/work/dist/clerk.no-rhc.js -> /output/clerk.no-rhc.js.sri
2025/06/21 01:33:12 algorithm: run /usr/bin/brotli --quality=11 --output=/output/clerk.no-rhc.js.br /tmp/work/dist/clerk.no-rhc.js
2025/06/21 01:33:15 br /tmp/work/dist/clerk.js -> /output/clerk.js.br
2025/06/21 01:33:15 gz /tmp/work/dist/clerk.js -> /output/clerk.js.gz
2025/06/21 01:33:15 br /tmp/work/dist/clerk.no-rhc.js -> /output/clerk.no-rhc.js.br
2025/06/21 01:33:15 gz /tmp/work/dist/clerk.no-rhc.js -> /output/clerk.no-rhc.js.gz
2025/06/21 01:33:15 processed clerk-js
