config: {"authors":[{"name":"Facebook"}],"autoupdate":{"source":"npm","target":"react-dom","fileMap":[{"basePath":"dist","files":["**/*"]},{"basePath":"","files":["+(cjs|umd)/**/*"]}],"ignoreVersions":["*-alpha.*[a-z]*","0.0.0-*"]},"description":"The entry point of the DOM-related rendering paths. It is intended to be paired with the isomorphic React, which is shipped as react to npm.","filename":"umd/react-dom.production.min.js","homepage":"https://facebook.github.io/react/","keywords":["react","jsx","transformer","view","dom","server"],"license":"MIT","name":"react-dom","repository":{"type":"git","url":"https://github.com/facebook/react"},"author":"Facebook"}
KV keys:
- react-dom/19.1.0-canary-fc8a898d-20241226/cjs/react-dom-client.development.js.br
- react-dom/19.1.0-canary-fc8a898d-20241226/cjs/react-dom-client.development.js.gz
- react-dom/19.1.0-canary-fc8a898d-20241226/cjs/react-dom-client.development.min.js.br
- react-dom/19.1.0-canary-fc8a898d-20241226/cjs/react-dom-client.development.min.js.gz
- react-dom/19.1.0-canary-fc8a898d-20241226/cjs/react-dom-client.production.js.br
- react-dom/19.1.0-canary-fc8a898d-20241226/cjs/react-dom-client.production.js.gz
- react-dom/19.1.0-canary-fc8a898d-20241226/cjs/react-dom-client.production.min.js.br
- react-dom/19.1.0-canary-fc8a898d-20241226/cjs/react-dom-client.production.min.js.gz
- react-dom/19.1.0-canary-fc8a898d-20241226/cjs/react-dom-profiling.development.js.br
- react-dom/19.1.0-canary-fc8a898d-20241226/cjs/react-dom-profiling.development.js.gz
- react-dom/19.1.0-canary-fc8a898d-20241226/cjs/react-dom-profiling.development.min.js.br
- react-dom/19.1.0-canary-fc8a898d-20241226/cjs/react-dom-profiling.development.min.js.gz
- react-dom/19.1.0-canary-fc8a898d-20241226/cjs/react-dom-profiling.profiling.js.br
- react-dom/19.1.0-canary-fc8a898d-20241226/cjs/react-dom-profiling.profiling.js.gz
- react-dom/19.1.0-canary-fc8a898d-20241226/cjs/react-dom-profiling.profiling.min.js.br
- react-dom/19.1.0-canary-fc8a898d-20241226/cjs/react-dom-profiling.profiling.min.js.gz
- react-dom/19.1.0-canary-fc8a898d-20241226/cjs/react-dom-server-legacy.browser.development.js.br
- react-dom/19.1.0-canary-fc8a898d-20241226/cjs/react-dom-server-legacy.browser.development.js.gz
- react-dom/19.1.0-canary-fc8a898d-20241226/cjs/react-dom-server-legacy.browser.development.min.js.br
- react-dom/19.1.0-canary-fc8a898d-20241226/cjs/react-dom-server-legacy.browser.development.min.js.gz
- react-dom/19.1.0-canary-fc8a898d-20241226/cjs/react-dom-server-legacy.browser.production.js.br
- react-dom/19.1.0-canary-fc8a898d-20241226/cjs/react-dom-server-legacy.browser.production.js.gz
- react-dom/19.1.0-canary-fc8a898d-20241226/cjs/react-dom-server-legacy.browser.production.min.js.br
- react-dom/19.1.0-canary-fc8a898d-20241226/cjs/react-dom-server-legacy.browser.production.min.js.gz
- react-dom/19.1.0-canary-fc8a898d-20241226/cjs/react-dom-server-legacy.node.development.js.br
- react-dom/19.1.0-canary-fc8a898d-20241226/cjs/react-dom-server-legacy.node.development.js.gz
- react-dom/19.1.0-canary-fc8a898d-20241226/cjs/react-dom-server-legacy.node.development.min.js.br
- react-dom/19.1.0-canary-fc8a898d-20241226/cjs/react-dom-server-legacy.node.development.min.js.gz
- react-dom/19.1.0-canary-fc8a898d-20241226/cjs/react-dom-server-legacy.node.production.js.br
- react-dom/19.1.0-canary-fc8a898d-20241226/cjs/react-dom-server-legacy.node.production.js.gz
- react-dom/19.1.0-canary-fc8a898d-20241226/cjs/react-dom-server-legacy.node.production.min.js.br
- react-dom/19.1.0-canary-fc8a898d-20241226/cjs/react-dom-server-legacy.node.production.min.js.gz
- react-dom/19.1.0-canary-fc8a898d-20241226/cjs/react-dom-server.browser.development.js.br
- react-dom/19.1.0-canary-fc8a898d-20241226/cjs/react-dom-server.browser.development.js.gz
- react-dom/19.1.0-canary-fc8a898d-20241226/cjs/react-dom-server.browser.development.min.js.br
- react-dom/19.1.0-canary-fc8a898d-20241226/cjs/react-dom-server.browser.development.min.js.gz
- react-dom/19.1.0-canary-fc8a898d-20241226/cjs/react-dom-server.browser.production.js.br
- react-dom/19.1.0-canary-fc8a898d-20241226/cjs/react-dom-server.browser.production.js.gz
- react-dom/19.1.0-canary-fc8a898d-20241226/cjs/react-dom-server.browser.production.min.js.br
- react-dom/19.1.0-canary-fc8a898d-20241226/cjs/react-dom-server.browser.production.min.js.gz
- react-dom/19.1.0-canary-fc8a898d-20241226/cjs/react-dom-server.bun.development.js.br
- react-dom/19.1.0-canary-fc8a898d-20241226/cjs/react-dom-server.bun.development.js.gz
- react-dom/19.1.0-canary-fc8a898d-20241226/cjs/react-dom-server.bun.development.min.js.br
- react-dom/19.1.0-canary-fc8a898d-20241226/cjs/react-dom-server.bun.development.min.js.gz
- react-dom/19.1.0-canary-fc8a898d-20241226/cjs/react-dom-server.bun.production.js.br
- react-dom/19.1.0-canary-fc8a898d-20241226/cjs/react-dom-server.bun.production.js.gz
- react-dom/19.1.0-canary-fc8a898d-20241226/cjs/react-dom-server.bun.production.min.js.br
- react-dom/19.1.0-canary-fc8a898d-20241226/cjs/react-dom-server.bun.production.min.js.gz
- react-dom/19.1.0-canary-fc8a898d-20241226/cjs/react-dom-server.edge.development.js.br
- react-dom/19.1.0-canary-fc8a898d-20241226/cjs/react-dom-server.edge.development.js.gz
- react-dom/19.1.0-canary-fc8a898d-20241226/cjs/react-dom-server.edge.development.min.js.br
- react-dom/19.1.0-canary-fc8a898d-20241226/cjs/react-dom-server.edge.development.min.js.gz
- react-dom/19.1.0-canary-fc8a898d-20241226/cjs/react-dom-server.edge.production.js.br
- react-dom/19.1.0-canary-fc8a898d-20241226/cjs/react-dom-server.edge.production.js.gz
- react-dom/19.1.0-canary-fc8a898d-20241226/cjs/react-dom-server.edge.production.min.js.br
- react-dom/19.1.0-canary-fc8a898d-20241226/cjs/react-dom-server.edge.production.min.js.gz
- react-dom/19.1.0-canary-fc8a898d-20241226/cjs/react-dom-server.node.development.js.br
- react-dom/19.1.0-canary-fc8a898d-20241226/cjs/react-dom-server.node.development.js.gz
- react-dom/19.1.0-canary-fc8a898d-20241226/cjs/react-dom-server.node.development.min.js.br
- react-dom/19.1.0-canary-fc8a898d-20241226/cjs/react-dom-server.node.development.min.js.gz
- react-dom/19.1.0-canary-fc8a898d-20241226/cjs/react-dom-server.node.production.js.br
- react-dom/19.1.0-canary-fc8a898d-20241226/cjs/react-dom-server.node.production.js.gz
- react-dom/19.1.0-canary-fc8a898d-20241226/cjs/react-dom-server.node.production.min.js.br
- react-dom/19.1.0-canary-fc8a898d-20241226/cjs/react-dom-server.node.production.min.js.gz
- react-dom/19.1.0-canary-fc8a898d-20241226/cjs/react-dom-test-utils.development.js.br
- react-dom/19.1.0-canary-fc8a898d-20241226/cjs/react-dom-test-utils.development.js.gz
- react-dom/19.1.0-canary-fc8a898d-20241226/cjs/react-dom-test-utils.development.min.js.br
- react-dom/19.1.0-canary-fc8a898d-20241226/cjs/react-dom-test-utils.development.min.js.gz
- react-dom/19.1.0-canary-fc8a898d-20241226/cjs/react-dom-test-utils.production.js.br
- react-dom/19.1.0-canary-fc8a898d-20241226/cjs/react-dom-test-utils.production.js.gz
- react-dom/19.1.0-canary-fc8a898d-20241226/cjs/react-dom-test-utils.production.min.js.br
- react-dom/19.1.0-canary-fc8a898d-20241226/cjs/react-dom-test-utils.production.min.js.gz
- react-dom/19.1.0-canary-fc8a898d-20241226/cjs/react-dom.development.js.br
- react-dom/19.1.0-canary-fc8a898d-20241226/cjs/react-dom.development.js.gz
- react-dom/19.1.0-canary-fc8a898d-20241226/cjs/react-dom.development.min.js.br
- react-dom/19.1.0-canary-fc8a898d-20241226/cjs/react-dom.development.min.js.gz
- react-dom/19.1.0-canary-fc8a898d-20241226/cjs/react-dom.production.js.br
- react-dom/19.1.0-canary-fc8a898d-20241226/cjs/react-dom.production.js.gz
- react-dom/19.1.0-canary-fc8a898d-20241226/cjs/react-dom.production.min.js.br
- react-dom/19.1.0-canary-fc8a898d-20241226/cjs/react-dom.production.min.js.gz
- react-dom/19.1.0-canary-fc8a898d-20241226/cjs/react-dom.react-server.development.js.br
- react-dom/19.1.0-canary-fc8a898d-20241226/cjs/react-dom.react-server.development.js.gz
- react-dom/19.1.0-canary-fc8a898d-20241226/cjs/react-dom.react-server.development.min.js.br
- react-dom/19.1.0-canary-fc8a898d-20241226/cjs/react-dom.react-server.development.min.js.gz
- react-dom/19.1.0-canary-fc8a898d-20241226/cjs/react-dom.react-server.production.js.br
- react-dom/19.1.0-canary-fc8a898d-20241226/cjs/react-dom.react-server.production.js.gz
- react-dom/19.1.0-canary-fc8a898d-20241226/cjs/react-dom.react-server.production.min.js.br
- react-dom/19.1.0-canary-fc8a898d-20241226/cjs/react-dom.react-server.production.min.js.gz
SRIs:
- react-dom/19.1.0-canary-fc8a898d-20241226/cjs/react-dom-server-legacy.browser.development.js: sha512-r9isRNfueDH4eyeKmGyT9H1VBxVcOMPNVPhGNdGgRmn96nr51RDNBRY2DaRgB9EcOqKY4342+DpuVVCrk/YijA==
- react-dom/19.1.0-canary-fc8a898d-20241226/cjs/react-dom-server.browser.production.js: sha512-pZo/WIb4rHTmdh1+qNf+3TJIeO9RLH7OlbRU9en90i49l96MKgfnmGk1fV+7Gm2X7s8FBs/oA5iWdiQ7imvF/Q==
- react-dom/19.1.0-canary-fc8a898d-20241226/cjs/react-dom-server.bun.production.min.js: sha512-rSPatig2L2Je9WeD59Fp316e1mjkPSydsTayZc7fInYiss8wZzpLtAjPE3ZmfemqkIJ9NtoPu+/6aqIMoT2jNQ==
- react-dom/19.1.0-canary-fc8a898d-20241226/cjs/react-dom-server.edge.production.js: sha512-uc4zFvzYC1XwS9b94ffz8GkZig2ky+4JxaXSFZ2TBOUOMQZn7N0ceguLEC9yFSokb7NqlIMUSvaMSPof0MDK4g==
- react-dom/19.1.0-canary-fc8a898d-20241226/cjs/react-dom-server.edge.production.min.js: sha512-GCZ1kyTRxMZGU1RL1ae1FctYL2unlUg2JXWhpSAuMEx60ZBwfU4cQZnMLuEY7lTx+2kt/pchyOvilDUrUFgNrw==
- react-dom/19.1.0-canary-fc8a898d-20241226/cjs/react-dom.react-server.production.js: sha512-AAUMm+68frdrn234/DYdUgT68UqR6N4o7gaDcycPlz3jD4TT/DMoHd+h+7PcOK0DVmUfOTSgNWbTGsj9Yp5UCg==
- react-dom/19.1.0-canary-fc8a898d-20241226/cjs/react-dom-client.development.min.js: sha512-iH8zKUarTuKpT7QumO7NLHRa8ldvwrITmHPVBHKMMzcfOLQn3MJo1N1ZCtUn3CWkRR+9B9LocCqCZpxq11kMSA==
- react-dom/19.1.0-canary-fc8a898d-20241226/cjs/react-dom-server-legacy.browser.development.min.js: sha512-M+EAzLhiSm6vv2DegzGdB5PkStZXxkt1I4iEhGdM3wwxuO0lGbTdVqvZimvJ09exSNWIEn4Wm58kCGS+Xrm1nw==
- react-dom/19.1.0-canary-fc8a898d-20241226/cjs/react-dom-server-legacy.node.production.js: sha512-wJxBl4Zt1e3/DTkdpGKUkZNlfbGJytLiA1HHMwHQ1sPJE7WPgZNChGdFbGSv09e01cyVAEpcXNRQTd7pLVAtfA==
- react-dom/19.1.0-canary-fc8a898d-20241226/cjs/react-dom-server.browser.production.min.js: sha512-vMafo7rohXuEOlmDLTYUpALt1dny4/wYYCbOeoYr0jLkTq8wYqmI4Xb1VRSSTB+5eEMYQ1NNymO0Cg/DaOe3fA==
- react-dom/19.1.0-canary-fc8a898d-20241226/cjs/react-dom-server.node.development.js: sha512-KjLRuEZpOxaqgpmh5yZDpth10X8O8/qcJNZ4LDXuoc8f2V4hLlE4QN+mG+klYHP0IXyEiWYve3Q1hxqaBc37iA==
- react-dom/19.1.0-canary-fc8a898d-20241226/cjs/react-dom-server.node.production.js: sha512-HbW65tJbJeERdCI2CyNUw4V6HgK945VhRPs4x5gSWVrUKzYHzkfq5RY4YMiBL4FXtF3uqYAlcY9JlGquFSOjyA==
- react-dom/19.1.0-canary-fc8a898d-20241226/cjs/react-dom.development.js: sha512-Yo45DNz31X01GazOCOpKreWN/CAuAmgj9bwZbR4hhsxflglB+DvTHjtJpUnkrbDXGjUD8f+y0rHuvZXiOFcacw==
- react-dom/19.1.0-canary-fc8a898d-20241226/cjs/react-dom.react-server.production.min.js: sha512-3Ah7DUOuIwp7BdhScL6qgePu123ER2y5ccODRa7OCv/uB9NDpwbD/VcGnW7JcKe2zvY7URbmPefQPs2dghvtow==
- react-dom/19.1.0-canary-fc8a898d-20241226/cjs/react-dom-profiling.development.min.js: sha512-i83HBonp9xRWNsiv2UYttZkQi8VluH/24Q9FtXaW9ghyGyTy7g/BQVbZ5K31EJLzLNQM/xecrCmtZa+TYq9OZw==
- react-dom/19.1.0-canary-fc8a898d-20241226/cjs/react-dom-profiling.profiling.min.js: sha512-LwFUYSvyCVKSbAAvZEKEwXeA2v2a+9Nr9wUMJfWGXStFfMb6pOUk7Wzx5UjIv2g1wLL1OpCCBfvRXQvFJOvrWw==
- react-dom/19.1.0-canary-fc8a898d-20241226/cjs/react-dom-server.edge.development.js: sha512-Vm8MgBRsISJwFTIBtdRqspcWklDA60Przr+vvPZA+Mk0E1DD2f9VEG04oX51mH4/MdLbI1si/SAK1wm6ByNFlw==
- react-dom/19.1.0-canary-fc8a898d-20241226/cjs/react-dom-test-utils.production.js: sha512-jkoqaAph1QG0Rsi5v6QFKgNiVbYZAAHnJAMKrsaEng593GKYE7QdBtHNvNEnyJXhBy7MahqaZvPLT30h+DAZig==
- react-dom/19.1.0-canary-fc8a898d-20241226/cjs/react-dom.development.min.js: sha512-j69Qg58hdS+Jl1OFWmO6YZe9EddJh5UDR7V7n1PP5UfQJ4S4gOgQzUcuz6HmjG/Efx5qxtRkpHioV2rV5Kp+AQ==
- react-dom/19.1.0-canary-fc8a898d-20241226/cjs/react-dom.production.min.js: sha512-sZIs9HNN0pvj34yE9l2wX8J0O1nvNnLVHs2IM8g/h6GZhnchdST6RINm36MXOHt+EU1V3g9pIlWLG878JMSDdA==
- react-dom/19.1.0-canary-fc8a898d-20241226/cjs/react-dom.react-server.development.js: sha512-re4gwo/tXwBKQd/v4CyMFWRcV84NEgLVBAlcXvV/NKnYprL+tv/7uYJw4mFpNMtH37Sc+ZWTeNGX3a0x1kQ9Iw==
- react-dom/19.1.0-canary-fc8a898d-20241226/cjs/react-dom-test-utils.development.js: sha512-WXOi4X8urnIYjwhn0/ettuwKqfPkRU/SKLAds31Ovg5w/cL3iy7GWQh8DdbUx1afVOJUwhU48fDqX1prORciCQ==
- react-dom/19.1.0-canary-fc8a898d-20241226/cjs/react-dom.production.js: sha512-GbH05giXdZgk7QEJbEkay01ata8vU8ZrXSfifAJaZizLAxlFoxJQMpH1NsEZKfVW5H8RwZhhojiDLgUy8UQpBQ==
- react-dom/19.1.0-canary-fc8a898d-20241226/cjs/react-dom-server.edge.development.min.js: sha512-nGkd51sGjGLqsheOlE8w46db3Ju5H3eZza0BJNAZehXfAUI9k7d8wknkfFrEJlg2bVq/HqZpfbZzh3jDk2dcMw==
- react-dom/19.1.0-canary-fc8a898d-20241226/cjs/react-dom-client.development.js: sha512-YcLIgyXStYIh6loZv80bCA4ZngTDDmkO61XKggKLWpsPJINmomyEnGtzttmXQP6wZUvklIKP0mPL3mAlI1mcqQ==
- react-dom/19.1.0-canary-fc8a898d-20241226/cjs/react-dom-client.production.js: sha512-IzByGO5P7RenN6XYQ+rsRxKjYhbne0kS4+zsyqvOJpUOnNj5HcYnnHojLoqcytYA7Wgk+AZMSzlvXItZtRcbqg==
- react-dom/19.1.0-canary-fc8a898d-20241226/cjs/react-dom-client.production.min.js: sha512-+HVVGf3hjPtocC6HYlNJcq1mshf6sFQHGXIR75pIIC5Pf/vkdAGzTs8S+CDgmL0cgFBxIK7Q++E8VP/u1RpB5A==
- react-dom/19.1.0-canary-fc8a898d-20241226/cjs/react-dom-server-legacy.browser.production.js: sha512-RX8+RSsAqCbhzlGvU3+elDlhzErEVfWp8qVBLf6rKOBIgIOrS6aDY+IQn7Pc2BqH/iXqTAslMJeVDP/h2w+5Fg==
- react-dom/19.1.0-canary-fc8a898d-20241226/cjs/react-dom-server-legacy.node.development.js: sha512-oqlaY5CgVQTS37/j+SyQgI3En/ks/4myKsk6JkT02+h/bgyPGxwYTGDNHBIOo1OYSfMG+xGoyG3zD0X1U4s4ZQ==
- react-dom/19.1.0-canary-fc8a898d-20241226/cjs/react-dom-server.bun.development.min.js: sha512-zKujCtd/nwGrRBaey0g5Nz26Nv+Hc3Wa5sqprU+Job8Ar4ePrRyd8qIHJcE1Z4bjupV23L0jPxnUj1QjM8xn8g==
- react-dom/19.1.0-canary-fc8a898d-20241226/cjs/react-dom-server.bun.production.js: sha512-kTh1MELUfsP2376OAbVHah0xAkSo51CsAeUZZnUVnYJuQ1UfLS5VEubYIu9dscyU3BfyWsgvOTIkhtlVMNAVtQ==
- react-dom/19.1.0-canary-fc8a898d-20241226/cjs/react-dom-test-utils.production.min.js: sha512-7i9t0ZObhvtf6bXCbuUPUW3AkdvGjkN3wJ+Wy1eNzrakcrYWQ2mieiZloe9pfdNx7c3ye/zhZFjluDQttG0gpw==
- react-dom/19.1.0-canary-fc8a898d-20241226/cjs/react-dom-server.bun.development.js: sha512-pp2SXajVRQw7+hN+nM+qSz10i82J1BJs++C26nPrGtbHF/S+NwWtHW+X0fT6fNXeR9QAZRSXwP4LoZBgopC7SA==
- react-dom/19.1.0-canary-fc8a898d-20241226/cjs/react-dom-profiling.profiling.js: sha512-97DDkaZv0HNuUjwkzIhkisHNdUb2Du/DqTqeDWYsK0DPmEbRVmFGwgmkQuyP/11ZTpmRJzYnwonccgA89vAMnw==
- react-dom/19.1.0-canary-fc8a898d-20241226/cjs/react-dom-server-legacy.browser.production.min.js: sha512-iwzkSiCdvf2iGlcnPb7eNO4YSIgyoa+B4/xmhCuGLnNKnW++MmktNFXKQ82HJnP/5anZNLEv8/HBIUg4h1ofig==
- react-dom/19.1.0-canary-fc8a898d-20241226/cjs/react-dom-server-legacy.node.development.min.js: sha512-Q6QYm9Ma0ysZjLbRIjQMYMlOoLNlejRP5pN8gwRFje1BPdzOIOveh1vsKcpAasQiVnVXHOEzSgV1SlOdB3ciyg==
- react-dom/19.1.0-canary-fc8a898d-20241226/cjs/react-dom-server.browser.development.js: sha512-2zJLeDWhrGn4T0TLkkevctCCrB1pBPwqa2x+Lup2mUOucsKmA+ZVN5zG/ACtDHwJ2CfZMEn+3aIVvaHz9VkK2A==
- react-dom/19.1.0-canary-fc8a898d-20241226/cjs/react-dom-server.browser.development.min.js: sha512-MwyNAUPxzj98NrAnYNwi1ddBhnop3AA3iR6P8MRJ7AZC8ZsxHx13sEYTW27qfXp7erNMbCXjGJ+GlaafShBTIw==
- react-dom/19.1.0-canary-fc8a898d-20241226/cjs/react-dom-profiling.development.js: sha512-JTz+8h/KQCDnGDb0Af0MztMpfj/W/s16i5YKCNMtAoW47Wr/1g7yXVD0roLAQO/pAp70j1TlAaZuDFJRnt8MdQ==
- react-dom/19.1.0-canary-fc8a898d-20241226/cjs/react-dom-server-legacy.node.production.min.js: sha512-xXy0xn71t+PwWn/cin3su96s9ztuDPisjEou4eBttg08nQMN97FHWsQBBKr7j43D1PAQpm7MdIswvbG016vp1A==
- react-dom/19.1.0-canary-fc8a898d-20241226/cjs/react-dom-server.node.development.min.js: sha512-EWnCpsGgu+zxKYNspv877J6VmxWGyEj6SEHdDfyE7vW5Dzq7UvmUS8Q+ZUL6lVQD5PJf6FMA/cENFh+lMtN2nQ==
- react-dom/19.1.0-canary-fc8a898d-20241226/cjs/react-dom-server.node.production.min.js: sha512-u1hEGkQIiwA6C/pqyFPUpVmWKwa61g4At8mIBn1o5EyA4/8zQ8rFCw3bfmKg577y29MOluK9H32cXtJyTLkVtQ==
- react-dom/19.1.0-canary-fc8a898d-20241226/cjs/react-dom-test-utils.development.min.js: sha512-zZ3i3o1rgGlQugRndFsHwrDh56QBL4RxBWQsEEZKtI4fmkztffLhS4URazWEluTDK6af7E2vJnk0cDWvTJmBIA==
- react-dom/19.1.0-canary-fc8a898d-20241226/cjs/react-dom.react-server.development.min.js: sha512-HaQ2tG4jQnL9jWMfe9RHpN7LbRsMdBXfOGjFRMiPuYfyCToYJIeflLiwTGM4h3W7bNFwTY5ngbT91krSBIpYUg==
