- twind/1.0.6-next-20221226215136/package.json.br
- twind/1.0.6-next-20221226215136/package.json.gz
- twind/1.0.6-next-20221226215136/twind.browser.dev.js.br
- twind/1.0.6-next-20221226215136/twind.browser.dev.js.gz
- twind/1.0.6-next-20221226215136/twind.browser.dev.min.js.br
- twind/1.0.6-next-20221226215136/twind.browser.dev.min.js.gz
- twind/1.0.6-next-20221226215136/twind.browser.js.br
- twind/1.0.6-next-20221226215136/twind.browser.js.gz
- twind/1.0.6-next-20221226215136/twind.browser.min.js.br
- twind/1.0.6-next-20221226215136/twind.browser.min.js.gz
- twind/1.0.6-next-20221226215136/twind.deno.dev.js.br
- twind/1.0.6-next-20221226215136/twind.deno.dev.js.gz
- twind/1.0.6-next-20221226215136/twind.deno.dev.min.js.br
- twind/1.0.6-next-20221226215136/twind.deno.dev.min.js.gz
- twind/1.0.6-next-20221226215136/twind.deno.js.br
- twind/1.0.6-next-20221226215136/twind.deno.js.gz
- twind/1.0.6-next-20221226215136/twind.deno.min.js.br
- twind/1.0.6-next-20221226215136/twind.deno.min.js.gz
- twind/1.0.6-next-20221226215136/twind.dev.js.br
- twind/1.0.6-next-20221226215136/twind.dev.js.gz
- twind/1.0.6-next-20221226215136/twind.dev.min.js.br
- twind/1.0.6-next-20221226215136/twind.dev.min.js.gz
- twind/1.0.6-next-20221226215136/twind.esnext.dev.js.br
- twind/1.0.6-next-20221226215136/twind.esnext.dev.js.gz
- twind/1.0.6-next-20221226215136/twind.esnext.dev.min.js.br
- twind/1.0.6-next-20221226215136/twind.esnext.dev.min.js.gz
- twind/1.0.6-next-20221226215136/twind.esnext.js.br
- twind/1.0.6-next-20221226215136/twind.esnext.js.gz
- twind/1.0.6-next-20221226215136/twind.esnext.min.js.br
- twind/1.0.6-next-20221226215136/twind.esnext.min.js.gz
- twind/1.0.6-next-20221226215136/twind.global.dev.js.br
- twind/1.0.6-next-20221226215136/twind.global.dev.js.gz
- twind/1.0.6-next-20221226215136/twind.global.dev.js.map.br
- twind/1.0.6-next-20221226215136/twind.global.dev.js.map.gz
- twind/1.0.6-next-20221226215136/twind.global.dev.min.js.br
- twind/1.0.6-next-20221226215136/twind.global.dev.min.js.gz
- twind/1.0.6-next-20221226215136/twind.global.js.br
- twind/1.0.6-next-20221226215136/twind.global.js.gz
- twind/1.0.6-next-20221226215136/twind.global.js.map.br
- twind/1.0.6-next-20221226215136/twind.global.js.map.gz
- twind/1.0.6-next-20221226215136/twind.global.min.js.br
- twind/1.0.6-next-20221226215136/twind.global.min.js.gz
- twind/1.0.6-next-20221226215136/twind.js.br
- twind/1.0.6-next-20221226215136/twind.js.gz
- twind/1.0.6-next-20221226215136/twind.js.map.br
- twind/1.0.6-next-20221226215136/twind.js.map.gz
- twind/1.0.6-next-20221226215136/twind.min.js.br
- twind/1.0.6-next-20221226215136/twind.min.js.gz
- twind/1.0.6-next-20221226215136/twind.worker.dev.js.br
- twind/1.0.6-next-20221226215136/twind.worker.dev.js.gz
- twind/1.0.6-next-20221226215136/twind.worker.dev.min.js.br
- twind/1.0.6-next-20221226215136/twind.worker.dev.min.js.gz
- twind/1.0.6-next-20221226215136/twind.worker.js.br
- twind/1.0.6-next-20221226215136/twind.worker.js.gz
- twind/1.0.6-next-20221226215136/twind.worker.min.js.br
- twind/1.0.6-next-20221226215136/twind.worker.min.js.gz