config: {"authors":[{"name":"Harbour Enterprises"}],"autoupdate":{"source":"npm","target":"@harbour-enterprises/superdoc","fileMap":[{"basePath":"dist","files":["*.js","*.css"]}]},"description":"The modern collaborative document editor for the web","filename":"superdoc.umd.min.js","homepage":"https://superdoc.dev","keywords":["document","editor","collaborative","docx","pdf","word","real-time","collaboration","microsoft-word","document-editing","rich-text","text-editor","docx-rich-text-editor"],"license":"AGPL-3.0","name":"superdoc","repository":{"type":"git","url":"https://github.com/Harbour-Enterprises/SuperDoc"},"author":"Harbour Enterprises"}
KV keys:
- superdoc/0.14.11-next.1/style.css.br
- superdoc/0.14.11-next.1/style.css.gz
- superdoc/0.14.11-next.1/style.min.css.br
- superdoc/0.14.11-next.1/style.min.css.gz
- superdoc/0.14.11-next.1/super-editor.es.js.br
- superdoc/0.14.11-next.1/super-editor.es.js.gz
- superdoc/0.14.11-next.1/super-editor.es.min.js.br
- superdoc/0.14.11-next.1/super-editor.es.min.js.gz
- superdoc/0.14.11-next.1/superdoc.es.js.br
- superdoc/0.14.11-next.1/superdoc.es.js.gz
- superdoc/0.14.11-next.1/superdoc.umd.js.br
- superdoc/0.14.11-next.1/superdoc.umd.js.gz
- superdoc/0.14.11-next.1/superdoc.umd.min.js.br
- superdoc/0.14.11-next.1/superdoc.umd.min.js.gz
SRIs:
- superdoc/0.14.11-next.1/style.min.css: sha512-gSJKS3t9ezKj8u7pjs6zWyY4H8Zqyye0u0n0UZB7nF/EI1mHCtWbfYh/2y9PMFQ5OWq8Fa8WmuzkCVRtiL1exw==
- superdoc/0.14.11-next.1/super-editor.es.js: sha512-IESo3DpCiWPZZ2USSBYhCIrxJkzfao9xVeYDk2uG4ioK9GTeQxC1zBjIer+g40dpvmJf34FZyA5K4Ws2lIX90A==
- superdoc/0.14.11-next.1/super-editor.es.min.js: sha512-njkXT37/zZX6OW1pA7hvqqWD9FDYyoNSSgxiFn1eKpxNcOlGxQ4p7M+UdzaTlBq/VJnLjlcfbEz9OLsVtUUl/A==
- superdoc/0.14.11-next.1/superdoc.es.js: sha512-u0Q/QuGbKU+i6uyJnCOxizJBHC6o0tq3W7DkX12oWWmSSgRsc8vxOw/NY+Bf+2DCdOJFyesrpHh0vg7tCoBKnw==
- superdoc/0.14.11-next.1/superdoc.umd.js: sha512-YCWmVtZ8wk9jyuMyVThnDNKm1TjOWL2pTkW3XxS2ZOl3x/zdj3tmi7tJeXqQr60smVDEeGQsjgf3hKbvIWkReA==
- superdoc/0.14.11-next.1/superdoc.umd.min.js: sha512-+s9Z6S9nC2tZATRm0zqgDIZKmHY4Ay5ezIxMCoCEiwwRy3JZGEegpKnQrMlr8ymg6EkLkJotZEH7Fr0NWXyv9A==
- superdoc/0.14.11-next.1/style.css: sha512-vaGxko5TLipSYwLENdjTz1nsrp2uzHNjp5ljggTZzD0UKNfnk2bW2ACTKvw4u58loAZrihLPuTJ0H0NzIieYZA==
