Files:
- mathjax/4.0.0/a11y/assistive-mml.js.br
- mathjax/4.0.0/a11y/assistive-mml.js.gz
- mathjax/4.0.0/a11y/assistive-mml.js.sri
- mathjax/4.0.0/a11y/assistive-mml.min.js.br
- mathjax/4.0.0/a11y/assistive-mml.min.js.gz
- mathjax/4.0.0/a11y/assistive-mml.min.js.sri
- mathjax/4.0.0/a11y/complexity.js.br
- mathjax/4.0.0/a11y/complexity.js.gz
- mathjax/4.0.0/a11y/complexity.js.sri
- mathjax/4.0.0/a11y/complexity.min.js.br
- mathjax/4.0.0/a11y/complexity.min.js.gz
- mathjax/4.0.0/a11y/complexity.min.js.sri
- mathjax/4.0.0/a11y/explorer.js.br
- mathjax/4.0.0/a11y/explorer.js.gz
- mathjax/4.0.0/a11y/explorer.js.sri
- mathjax/4.0.0/a11y/explorer.min.js.br
- mathjax/4.0.0/a11y/explorer.min.js.gz
- mathjax/4.0.0/a11y/explorer.min.js.sri
- mathjax/4.0.0/a11y/semantic-enrich.js.br
- mathjax/4.0.0/a11y/semantic-enrich.js.gz
- mathjax/4.0.0/a11y/semantic-enrich.js.sri
- mathjax/4.0.0/a11y/semantic-enrich.min.js.br
- mathjax/4.0.0/a11y/semantic-enrich.min.js.gz
- mathjax/4.0.0/a11y/semantic-enrich.min.js.sri
- mathjax/4.0.0/a11y/speech.js.br
- mathjax/4.0.0/a11y/speech.js.gz
- mathjax/4.0.0/a11y/speech.js.sri
- mathjax/4.0.0/a11y/speech.min.js.br
- mathjax/4.0.0/a11y/speech.min.js.gz
- mathjax/4.0.0/a11y/speech.min.js.sri
- mathjax/4.0.0/a11y/sre.js.br
- mathjax/4.0.0/a11y/sre.js.gz
- mathjax/4.0.0/a11y/sre.js.sri
- mathjax/4.0.0/a11y/sre.min.js.br
- mathjax/4.0.0/a11y/sre.min.js.gz
- mathjax/4.0.0/a11y/sre.min.js.sri
- mathjax/4.0.0/adaptors/jsdom.js.br
- mathjax/4.0.0/adaptors/jsdom.js.gz
- mathjax/4.0.0/adaptors/jsdom.js.sri
- mathjax/4.0.0/adaptors/jsdom.min.js.br
- mathjax/4.0.0/adaptors/jsdom.min.js.gz
- mathjax/4.0.0/adaptors/jsdom.min.js.sri
- mathjax/4.0.0/adaptors/linkedom.js.br
- mathjax/4.0.0/adaptors/linkedom.js.gz
- mathjax/4.0.0/adaptors/linkedom.js.sri
- mathjax/4.0.0/adaptors/linkedom.min.js.br
- mathjax/4.0.0/adaptors/linkedom.min.js.gz
- mathjax/4.0.0/adaptors/linkedom.min.js.sri
- mathjax/4.0.0/adaptors/liteDOM.js.br
- mathjax/4.0.0/adaptors/liteDOM.js.gz
- mathjax/4.0.0/adaptors/liteDOM.js.sri
- mathjax/4.0.0/adaptors/liteDOM.min.js.br
- mathjax/4.0.0/adaptors/liteDOM.min.js.gz
- mathjax/4.0.0/adaptors/liteDOM.min.js.sri
- mathjax/4.0.0/bower.json.br
- mathjax/4.0.0/bower.json.gz
- mathjax/4.0.0/composer.json.br
- mathjax/4.0.0/composer.json.gz
- mathjax/4.0.0/core.js.br
- mathjax/4.0.0/core.js.gz
- mathjax/4.0.0/core.js.sri
- mathjax/4.0.0/core.min.js.br
- mathjax/4.0.0/core.min.js.gz
- mathjax/4.0.0/core.min.js.sri
- mathjax/4.0.0/input/asciimath.js.br
- mathjax/4.0.0/input/asciimath.js.gz
- mathjax/4.0.0/input/asciimath.js.sri
- mathjax/4.0.0/input/asciimath.min.js.br
- mathjax/4.0.0/input/asciimath.min.js.gz
- mathjax/4.0.0/input/asciimath.min.js.sri
- mathjax/4.0.0/input/mml.js.br
- mathjax/4.0.0/input/mml.js.gz
- mathjax/4.0.0/input/mml.js.sri
- mathjax/4.0.0/input/mml.min.js.br
- mathjax/4.0.0/input/mml.min.js.gz
- mathjax/4.0.0/input/mml.min.js.sri
- mathjax/4.0.0/input/tex-base.js.br
- mathjax/4.0.0/input/tex-base.js.gz
- mathjax/4.0.0/input/tex-base.js.sri
- mathjax/4.0.0/input/tex-base.min.js.br
- mathjax/4.0.0/input/tex-base.min.js.gz
- mathjax/4.0.0/input/tex-base.min.js.sri
- mathjax/4.0.0/input/tex.js.br
- mathjax/4.0.0/input/tex.js.gz
- mathjax/4.0.0/input/tex.js.sri
- mathjax/4.0.0/input/tex.min.js.br
- mathjax/4.0.0/input/tex.min.js.gz
- mathjax/4.0.0/input/tex.min.js.sri
- mathjax/4.0.0/loader.js.br
- mathjax/4.0.0/loader.js.gz
- mathjax/4.0.0/loader.js.sri
- mathjax/4.0.0/loader.min.js.br
- mathjax/4.0.0/loader.min.js.gz
- mathjax/4.0.0/loader.min.js.sri
- mathjax/4.0.0/mml-chtml-nofont.js.br
- mathjax/4.0.0/mml-chtml-nofont.js.gz
- mathjax/4.0.0/mml-chtml-nofont.js.sri
- mathjax/4.0.0/mml-chtml-nofont.min.js.br
- mathjax/4.0.0/mml-chtml-nofont.min.js.gz
- mathjax/4.0.0/mml-chtml-nofont.min.js.sri
- mathjax/4.0.0/mml-chtml.js.br
- mathjax/4.0.0/mml-chtml.js.gz
- mathjax/4.0.0/mml-chtml.js.sri
- mathjax/4.0.0/mml-chtml.min.js.br
- mathjax/4.0.0/mml-chtml.min.js.gz
- mathjax/4.0.0/mml-chtml.min.js.sri
- mathjax/4.0.0/mml-svg-nofont.js.br
- mathjax/4.0.0/mml-svg-nofont.js.gz
- mathjax/4.0.0/mml-svg-nofont.js.sri
- mathjax/4.0.0/mml-svg-nofont.min.js.br
- mathjax/4.0.0/mml-svg-nofont.min.js.gz
- mathjax/4.0.0/mml-svg-nofont.min.js.sri
- mathjax/4.0.0/mml-svg.js.br
- mathjax/4.0.0/mml-svg.js.gz
- mathjax/4.0.0/mml-svg.js.sri
- mathjax/4.0.0/mml-svg.min.js.br
- mathjax/4.0.0/mml-svg.min.js.gz
- mathjax/4.0.0/mml-svg.min.js.sri
- mathjax/4.0.0/node-main.js.br
- mathjax/4.0.0/node-main.js.gz
- mathjax/4.0.0/node-main.js.sri
- mathjax/4.0.0/node-main.min.js.br
- mathjax/4.0.0/node-main.min.js.gz
- mathjax/4.0.0/node-main.min.js.sri
- mathjax/4.0.0/output/chtml.js.br
- mathjax/4.0.0/output/chtml.js.gz
- mathjax/4.0.0/output/chtml.js.sri
- mathjax/4.0.0/output/chtml.min.js.br
- mathjax/4.0.0/output/chtml.min.js.gz
- mathjax/4.0.0/output/chtml.min.js.sri
- mathjax/4.0.0/output/svg.js.br
- mathjax/4.0.0/output/svg.js.gz
- mathjax/4.0.0/output/svg.js.sri
- mathjax/4.0.0/output/svg.min.js.br
- mathjax/4.0.0/output/svg.min.js.gz
- mathjax/4.0.0/output/svg.min.js.sri
- mathjax/4.0.0/package.json.br
- mathjax/4.0.0/package.json.gz
- mathjax/4.0.0/sre/speech-worker.js.br
- mathjax/4.0.0/sre/speech-worker.js.gz
- mathjax/4.0.0/sre/speech-worker.js.sri
- mathjax/4.0.0/sre/speech-worker.min.js.br
- mathjax/4.0.0/sre/speech-worker.min.js.gz
- mathjax/4.0.0/sre/speech-worker.min.js.sri
- mathjax/4.0.0/startup.js.br
- mathjax/4.0.0/startup.js.gz
- mathjax/4.0.0/startup.js.sri
- mathjax/4.0.0/startup.min.js.br
- mathjax/4.0.0/startup.min.js.gz
- mathjax/4.0.0/startup.min.js.sri
- mathjax/4.0.0/tex-chtml-nofont.js.br
- mathjax/4.0.0/tex-chtml-nofont.js.gz
- mathjax/4.0.0/tex-chtml-nofont.js.sri
- mathjax/4.0.0/tex-chtml-nofont.min.js.br
- mathjax/4.0.0/tex-chtml-nofont.min.js.gz
- mathjax/4.0.0/tex-chtml-nofont.min.js.sri
- mathjax/4.0.0/tex-chtml.js.br
- mathjax/4.0.0/tex-chtml.js.gz
- mathjax/4.0.0/tex-chtml.js.sri
- mathjax/4.0.0/tex-chtml.min.js.br
- mathjax/4.0.0/tex-chtml.min.js.gz
- mathjax/4.0.0/tex-chtml.min.js.sri
- mathjax/4.0.0/tex-mml-chtml-nofont.js.br
- mathjax/4.0.0/tex-mml-chtml-nofont.js.gz
- mathjax/4.0.0/tex-mml-chtml-nofont.js.sri
- mathjax/4.0.0/tex-mml-chtml-nofont.min.js.br
- mathjax/4.0.0/tex-mml-chtml-nofont.min.js.gz
- mathjax/4.0.0/tex-mml-chtml-nofont.min.js.sri
- mathjax/4.0.0/tex-mml-chtml.js.br
- mathjax/4.0.0/tex-mml-chtml.js.gz
- mathjax/4.0.0/tex-mml-chtml.js.sri
- mathjax/4.0.0/tex-mml-chtml.min.js.br
- mathjax/4.0.0/tex-mml-chtml.min.js.gz
- mathjax/4.0.0/tex-mml-chtml.min.js.sri
- mathjax/4.0.0/tex-mml-svg-nofont.js.br
- mathjax/4.0.0/tex-mml-svg-nofont.js.gz
- mathjax/4.0.0/tex-mml-svg-nofont.js.sri
- mathjax/4.0.0/tex-mml-svg-nofont.min.js.br
- mathjax/4.0.0/tex-mml-svg-nofont.min.js.gz
- mathjax/4.0.0/tex-mml-svg-nofont.min.js.sri
- mathjax/4.0.0/tex-mml-svg.js.br
- mathjax/4.0.0/tex-mml-svg.js.gz
- mathjax/4.0.0/tex-mml-svg.js.sri
- mathjax/4.0.0/tex-mml-svg.min.js.br
- mathjax/4.0.0/tex-mml-svg.min.js.gz
- mathjax/4.0.0/tex-mml-svg.min.js.sri
- mathjax/4.0.0/tex-svg-nofont.js.br
- mathjax/4.0.0/tex-svg-nofont.js.gz
- mathjax/4.0.0/tex-svg-nofont.js.sri
- mathjax/4.0.0/tex-svg-nofont.min.js.br
- mathjax/4.0.0/tex-svg-nofont.min.js.gz
- mathjax/4.0.0/tex-svg-nofont.min.js.sri
- mathjax/4.0.0/tex-svg.js.br
- mathjax/4.0.0/tex-svg.js.gz
- mathjax/4.0.0/tex-svg.js.sri
- mathjax/4.0.0/tex-svg.min.js.br
- mathjax/4.0.0/tex-svg.min.js.gz
- mathjax/4.0.0/tex-svg.min.js.sri
- mathjax/4.0.0/ui/lazy.js.br
- mathjax/4.0.0/ui/lazy.js.gz
- mathjax/4.0.0/ui/lazy.js.sri
- mathjax/4.0.0/ui/lazy.min.js.br
- mathjax/4.0.0/ui/lazy.min.js.gz
- mathjax/4.0.0/ui/lazy.min.js.sri
- mathjax/4.0.0/ui/menu.js.br
- mathjax/4.0.0/ui/menu.js.gz
- mathjax/4.0.0/ui/menu.js.sri
- mathjax/4.0.0/ui/menu.min.js.br
- mathjax/4.0.0/ui/menu.min.js.gz
- mathjax/4.0.0/ui/menu.min.js.sri
- mathjax/4.0.0/ui/safe.js.br
- mathjax/4.0.0/ui/safe.js.gz
- mathjax/4.0.0/ui/safe.js.sri
- mathjax/4.0.0/ui/safe.min.js.br
- mathjax/4.0.0/ui/safe.min.js.gz
- mathjax/4.0.0/ui/safe.min.js.sri
