- fontsource-lavishly-yours/5.3.0/400.css.br
- fontsource-lavishly-yours/5.3.0/400.css.gz
- fontsource-lavishly-yours/5.3.0/400.min.css.br
- fontsource-lavishly-yours/5.3.0/400.min.css.gz
- fontsource-lavishly-yours/5.3.0/files/lavishly-yours-latin-400-normal.woff.br
- fontsource-lavishly-yours/5.3.0/files/lavishly-yours-latin-400-normal.woff.gz
- fontsource-lavishly-yours/5.3.0/files/lavishly-yours-latin-400-normal.woff2
- fontsource-lavishly-yours/5.3.0/files/lavishly-yours-latin-ext-400-normal.woff.br
- fontsource-lavishly-yours/5.3.0/files/lavishly-yours-latin-ext-400-normal.woff.gz
- fontsource-lavishly-yours/5.3.0/files/lavishly-yours-latin-ext-400-normal.woff2
- fontsource-lavishly-yours/5.3.0/files/lavishly-yours-vietnamese-400-normal.woff.br
- fontsource-lavishly-yours/5.3.0/files/lavishly-yours-vietnamese-400-normal.woff.gz
- fontsource-lavishly-yours/5.3.0/files/lavishly-yours-vietnamese-400-normal.woff2
- fontsource-lavishly-yours/5.3.0/index.css.br
- fontsource-lavishly-yours/5.3.0/index.css.gz
- fontsource-lavishly-yours/5.3.0/index.min.css.br
- fontsource-lavishly-yours/5.3.0/index.min.css.gz
- fontsource-lavishly-yours/5.3.0/latin-400.css.br
- fontsource-lavishly-yours/5.3.0/latin-400.css.gz
- fontsource-lavishly-yours/5.3.0/latin-400.min.css.br
- fontsource-lavishly-yours/5.3.0/latin-400.min.css.gz
- fontsource-lavishly-yours/5.3.0/latin-ext-400.css.br
- fontsource-lavishly-yours/5.3.0/latin-ext-400.css.gz
- fontsource-lavishly-yours/5.3.0/latin-ext-400.min.css.br
- fontsource-lavishly-yours/5.3.0/latin-ext-400.min.css.gz
- fontsource-lavishly-yours/5.3.0/latin-ext.css.br
- fontsource-lavishly-yours/5.3.0/latin-ext.css.gz
- fontsource-lavishly-yours/5.3.0/latin-ext.min.css.br
- fontsource-lavishly-yours/5.3.0/latin-ext.min.css.gz
- fontsource-lavishly-yours/5.3.0/latin.css.br
- fontsource-lavishly-yours/5.3.0/latin.css.gz
- fontsource-lavishly-yours/5.3.0/latin.min.css.br
- fontsource-lavishly-yours/5.3.0/latin.min.css.gz
- fontsource-lavishly-yours/5.3.0/vietnamese-400.css.br
- fontsource-lavishly-yours/5.3.0/vietnamese-400.css.gz
- fontsource-lavishly-yours/5.3.0/vietnamese-400.min.css.br
- fontsource-lavishly-yours/5.3.0/vietnamese-400.min.css.gz
- fontsource-lavishly-yours/5.3.0/vietnamese.css.br
- fontsource-lavishly-yours/5.3.0/vietnamese.css.gz
- fontsource-lavishly-yours/5.3.0/vietnamese.min.css.br
- fontsource-lavishly-yours/5.3.0/vietnamese.min.css.gz