config: {"authors":[{"name":"Facebook"}],"autoupdate":{"source":"npm","target":"react-dom","fileMap":[{"basePath":"dist","files":["**/*"]},{"basePath":"","files":["+(cjs|umd)/**/*"]}],"ignoreVersions":["*-alpha.*[a-z]*","0.0.0-*"]},"description":"The entry point of the DOM-related rendering paths. It is intended to be paired with the isomorphic React, which is shipped as react to npm.","filename":"umd/react-dom.production.min.js","homepage":"https://facebook.github.io/react/","keywords":["react","jsx","transformer","view","dom","server"],"license":"MIT","name":"react-dom","repository":{"type":"git","url":"https://github.com/facebook/react"},"author":"Facebook"}
KV keys:
- react-dom/19.2.0-canary-6b70072c-20250909/cjs/react-dom-client.development.js.br
- react-dom/19.2.0-canary-6b70072c-20250909/cjs/react-dom-client.development.js.gz
- react-dom/19.2.0-canary-6b70072c-20250909/cjs/react-dom-client.development.min.js.br
- react-dom/19.2.0-canary-6b70072c-20250909/cjs/react-dom-client.development.min.js.gz
- react-dom/19.2.0-canary-6b70072c-20250909/cjs/react-dom-client.production.js.br
- react-dom/19.2.0-canary-6b70072c-20250909/cjs/react-dom-client.production.js.gz
- react-dom/19.2.0-canary-6b70072c-20250909/cjs/react-dom-client.production.min.js.br
- react-dom/19.2.0-canary-6b70072c-20250909/cjs/react-dom-client.production.min.js.gz
- react-dom/19.2.0-canary-6b70072c-20250909/cjs/react-dom-profiling.development.js.br
- react-dom/19.2.0-canary-6b70072c-20250909/cjs/react-dom-profiling.development.js.gz
- react-dom/19.2.0-canary-6b70072c-20250909/cjs/react-dom-profiling.development.min.js.br
- react-dom/19.2.0-canary-6b70072c-20250909/cjs/react-dom-profiling.development.min.js.gz
- react-dom/19.2.0-canary-6b70072c-20250909/cjs/react-dom-profiling.profiling.js.br
- react-dom/19.2.0-canary-6b70072c-20250909/cjs/react-dom-profiling.profiling.js.gz
- react-dom/19.2.0-canary-6b70072c-20250909/cjs/react-dom-profiling.profiling.min.js.br
- react-dom/19.2.0-canary-6b70072c-20250909/cjs/react-dom-profiling.profiling.min.js.gz
- react-dom/19.2.0-canary-6b70072c-20250909/cjs/react-dom-server-legacy.browser.development.js.br
- react-dom/19.2.0-canary-6b70072c-20250909/cjs/react-dom-server-legacy.browser.development.js.gz
- react-dom/19.2.0-canary-6b70072c-20250909/cjs/react-dom-server-legacy.browser.development.min.js.br
- react-dom/19.2.0-canary-6b70072c-20250909/cjs/react-dom-server-legacy.browser.development.min.js.gz
- react-dom/19.2.0-canary-6b70072c-20250909/cjs/react-dom-server-legacy.browser.production.js.br
- react-dom/19.2.0-canary-6b70072c-20250909/cjs/react-dom-server-legacy.browser.production.js.gz
- react-dom/19.2.0-canary-6b70072c-20250909/cjs/react-dom-server-legacy.browser.production.min.js.br
- react-dom/19.2.0-canary-6b70072c-20250909/cjs/react-dom-server-legacy.browser.production.min.js.gz
- react-dom/19.2.0-canary-6b70072c-20250909/cjs/react-dom-server-legacy.node.development.js.br
- react-dom/19.2.0-canary-6b70072c-20250909/cjs/react-dom-server-legacy.node.development.js.gz
- react-dom/19.2.0-canary-6b70072c-20250909/cjs/react-dom-server-legacy.node.development.min.js.br
- react-dom/19.2.0-canary-6b70072c-20250909/cjs/react-dom-server-legacy.node.development.min.js.gz
- react-dom/19.2.0-canary-6b70072c-20250909/cjs/react-dom-server-legacy.node.production.js.br
- react-dom/19.2.0-canary-6b70072c-20250909/cjs/react-dom-server-legacy.node.production.js.gz
- react-dom/19.2.0-canary-6b70072c-20250909/cjs/react-dom-server-legacy.node.production.min.js.br
- react-dom/19.2.0-canary-6b70072c-20250909/cjs/react-dom-server-legacy.node.production.min.js.gz
- react-dom/19.2.0-canary-6b70072c-20250909/cjs/react-dom-server.browser.development.js.br
- react-dom/19.2.0-canary-6b70072c-20250909/cjs/react-dom-server.browser.development.js.gz
- react-dom/19.2.0-canary-6b70072c-20250909/cjs/react-dom-server.browser.development.min.js.br
- react-dom/19.2.0-canary-6b70072c-20250909/cjs/react-dom-server.browser.development.min.js.gz
- react-dom/19.2.0-canary-6b70072c-20250909/cjs/react-dom-server.browser.production.js.br
- react-dom/19.2.0-canary-6b70072c-20250909/cjs/react-dom-server.browser.production.js.gz
- react-dom/19.2.0-canary-6b70072c-20250909/cjs/react-dom-server.browser.production.min.js.br
- react-dom/19.2.0-canary-6b70072c-20250909/cjs/react-dom-server.browser.production.min.js.gz
- react-dom/19.2.0-canary-6b70072c-20250909/cjs/react-dom-server.bun.development.js.br
- react-dom/19.2.0-canary-6b70072c-20250909/cjs/react-dom-server.bun.development.js.gz
- react-dom/19.2.0-canary-6b70072c-20250909/cjs/react-dom-server.bun.development.min.js.br
- react-dom/19.2.0-canary-6b70072c-20250909/cjs/react-dom-server.bun.development.min.js.gz
- react-dom/19.2.0-canary-6b70072c-20250909/cjs/react-dom-server.bun.production.js.br
- react-dom/19.2.0-canary-6b70072c-20250909/cjs/react-dom-server.bun.production.js.gz
- react-dom/19.2.0-canary-6b70072c-20250909/cjs/react-dom-server.bun.production.min.js.br
- react-dom/19.2.0-canary-6b70072c-20250909/cjs/react-dom-server.bun.production.min.js.gz
- react-dom/19.2.0-canary-6b70072c-20250909/cjs/react-dom-server.edge.development.js.br
- react-dom/19.2.0-canary-6b70072c-20250909/cjs/react-dom-server.edge.development.js.gz
- react-dom/19.2.0-canary-6b70072c-20250909/cjs/react-dom-server.edge.development.min.js.br
- react-dom/19.2.0-canary-6b70072c-20250909/cjs/react-dom-server.edge.development.min.js.gz
- react-dom/19.2.0-canary-6b70072c-20250909/cjs/react-dom-server.edge.production.js.br
- react-dom/19.2.0-canary-6b70072c-20250909/cjs/react-dom-server.edge.production.js.gz
- react-dom/19.2.0-canary-6b70072c-20250909/cjs/react-dom-server.edge.production.min.js.br
- react-dom/19.2.0-canary-6b70072c-20250909/cjs/react-dom-server.edge.production.min.js.gz
- react-dom/19.2.0-canary-6b70072c-20250909/cjs/react-dom-server.node.development.js.br
- react-dom/19.2.0-canary-6b70072c-20250909/cjs/react-dom-server.node.development.js.gz
- react-dom/19.2.0-canary-6b70072c-20250909/cjs/react-dom-server.node.development.min.js.br
- react-dom/19.2.0-canary-6b70072c-20250909/cjs/react-dom-server.node.development.min.js.gz
- react-dom/19.2.0-canary-6b70072c-20250909/cjs/react-dom-server.node.production.js.br
- react-dom/19.2.0-canary-6b70072c-20250909/cjs/react-dom-server.node.production.js.gz
- react-dom/19.2.0-canary-6b70072c-20250909/cjs/react-dom-server.node.production.min.js.br
- react-dom/19.2.0-canary-6b70072c-20250909/cjs/react-dom-server.node.production.min.js.gz
- react-dom/19.2.0-canary-6b70072c-20250909/cjs/react-dom-test-utils.development.js.br
- react-dom/19.2.0-canary-6b70072c-20250909/cjs/react-dom-test-utils.development.js.gz
- react-dom/19.2.0-canary-6b70072c-20250909/cjs/react-dom-test-utils.development.min.js.br
- react-dom/19.2.0-canary-6b70072c-20250909/cjs/react-dom-test-utils.development.min.js.gz
- react-dom/19.2.0-canary-6b70072c-20250909/cjs/react-dom-test-utils.production.js.br
- react-dom/19.2.0-canary-6b70072c-20250909/cjs/react-dom-test-utils.production.js.gz
- react-dom/19.2.0-canary-6b70072c-20250909/cjs/react-dom-test-utils.production.min.js.br
- react-dom/19.2.0-canary-6b70072c-20250909/cjs/react-dom-test-utils.production.min.js.gz
- react-dom/19.2.0-canary-6b70072c-20250909/cjs/react-dom.development.js.br
- react-dom/19.2.0-canary-6b70072c-20250909/cjs/react-dom.development.js.gz
- react-dom/19.2.0-canary-6b70072c-20250909/cjs/react-dom.development.min.js.br
- react-dom/19.2.0-canary-6b70072c-20250909/cjs/react-dom.development.min.js.gz
- react-dom/19.2.0-canary-6b70072c-20250909/cjs/react-dom.production.js.br
- react-dom/19.2.0-canary-6b70072c-20250909/cjs/react-dom.production.js.gz
- react-dom/19.2.0-canary-6b70072c-20250909/cjs/react-dom.production.min.js.br
- react-dom/19.2.0-canary-6b70072c-20250909/cjs/react-dom.production.min.js.gz
- react-dom/19.2.0-canary-6b70072c-20250909/cjs/react-dom.react-server.development.js.br
- react-dom/19.2.0-canary-6b70072c-20250909/cjs/react-dom.react-server.development.js.gz
- react-dom/19.2.0-canary-6b70072c-20250909/cjs/react-dom.react-server.development.min.js.br
- react-dom/19.2.0-canary-6b70072c-20250909/cjs/react-dom.react-server.development.min.js.gz
- react-dom/19.2.0-canary-6b70072c-20250909/cjs/react-dom.react-server.production.js.br
- react-dom/19.2.0-canary-6b70072c-20250909/cjs/react-dom.react-server.production.js.gz
- react-dom/19.2.0-canary-6b70072c-20250909/cjs/react-dom.react-server.production.min.js.br
- react-dom/19.2.0-canary-6b70072c-20250909/cjs/react-dom.react-server.production.min.js.gz
SRIs:
- react-dom/19.2.0-canary-6b70072c-20250909/cjs/react-dom-profiling.profiling.js: sha512-KPlWsUwUPZLGDKY5SElkxb6IlKsEaLuFOqLSlcfsYcS9C18BKhYo9bd2U9nQBe7HBqcwFkVbl9Px65qhMV4C+g==
- react-dom/19.2.0-canary-6b70072c-20250909/cjs/react-dom-server-legacy.browser.development.min.js: sha512-s+zDiZomC7xXNL14EaCxiwm7ccUlObNBhjvCUgeAhux2OWaBQfKzi0CjEOlx2N3lyPeAb7ZjOYTzD3v+OPq7Sg==
- react-dom/19.2.0-canary-6b70072c-20250909/cjs/react-dom-server-legacy.node.development.js: sha512-Uh+kZWeT6JcU3dUleZaZU/FYIh8XM4i5HTHoncDRCcZ3UUq8uvNaSSliUPipLa3q0iHEKEKHELeaDUcgdz68CQ==
- react-dom/19.2.0-canary-6b70072c-20250909/cjs/react-dom-server.browser.development.js: sha512-4uqtkODJOxvWV/5/W3PPiaHz/VSVlB9g2J5/a/AtCdjtighmp3X8c3At/oyJUfmRKvWAzbSnwfP91RSycU5mHQ==
- react-dom/19.2.0-canary-6b70072c-20250909/cjs/react-dom-test-utils.development.min.js: sha512-zZ3i3o1rgGlQugRndFsHwrDh56QBL4RxBWQsEEZKtI4fmkztffLhS4URazWEluTDK6af7E2vJnk0cDWvTJmBIA==
- react-dom/19.2.0-canary-6b70072c-20250909/cjs/react-dom-test-utils.production.js: sha512-jkoqaAph1QG0Rsi5v6QFKgNiVbYZAAHnJAMKrsaEng593GKYE7QdBtHNvNEnyJXhBy7MahqaZvPLT30h+DAZig==
- react-dom/19.2.0-canary-6b70072c-20250909/cjs/react-dom.react-server.development.min.js: sha512-UI8ei7bTxG1HNA1fSs4+Su3+MnWIpBZwjXetyJxYn0LL3j/O3LCDoHaVRY7KZdrJGwqYIQ0lGXQcbRbiedUFag==
- react-dom/19.2.0-canary-6b70072c-20250909/cjs/react-dom.react-server.production.min.js: sha512-P08AOzo/DImsnepaCqXaqnMQ5saWRXx4S9XBU5jDBxyHC9YFUAUvouXVUgsJMIH7gCtYPDYwVsg+Ccxxc4fO6A==
- react-dom/19.2.0-canary-6b70072c-20250909/cjs/react-dom-client.production.js: sha512-RZXWWumbSxex2kPtjIlQIIfRrae7PMJs2dj9Q/+Ty5EtQAx79dqkHXrpLq4Y5dUXX9cS743GHIxj94pqvC0Cbw==
- react-dom/19.2.0-canary-6b70072c-20250909/cjs/react-dom-client.production.min.js: sha512-4dVgBetp9XVhtvBIhoNFRZaiTu9EkaaX3Vrvk18qf0456pmhPAkRZVFaMUgjLvWDsgpeH/I2roMtfna5VYbgGQ==
- react-dom/19.2.0-canary-6b70072c-20250909/cjs/react-dom-server.bun.production.js: sha512-KqMgOSb1jtrKxCvkBGo/K0aPtPyaRMuz4TQfpZIuhbKmnK/YEPZrbOnVCmgD9/bRhZTiLUP4EHR7WG55yYe4Bg==
- react-dom/19.2.0-canary-6b70072c-20250909/cjs/react-dom-server.bun.production.min.js: sha512-5Qq47sptkLLkkwVGk85KpQL9nmhO8s0a2VM59yvcfjCQb3zGNBosmZenL4SWjmQLeUGdxaB/WKS1Tzu0Ce7YJw==
- react-dom/19.2.0-canary-6b70072c-20250909/cjs/react-dom.development.js: sha512-Cg9TnxP24TZIfLhnpMhoV2t5AilHvIhfUXuUV05t31EnMhs5Gq8seKAznObLq26xFm327wKvRmng24WTKw7ToQ==
- react-dom/19.2.0-canary-6b70072c-20250909/cjs/react-dom.production.min.js: sha512-B2vNiMerrZ8clystskw3w4HT6CdJmqIYM4s/H5uWfd5yh+23/4YPuQqI6TyOWLMRjLowD00n9K3zjlckRe0MHg==
- react-dom/19.2.0-canary-6b70072c-20250909/cjs/react-dom-client.development.min.js: sha512-Y+1xM7+wcsEPGxubZYsWpXOSr9D/21pwhLaeSlV2O74q/0VmT4yjnTr1R/EkVg22pCufJiS/uc/tGxWvh82Smw==
- react-dom/19.2.0-canary-6b70072c-20250909/cjs/react-dom-server.node.production.js: sha512-4GN6H+AT0QaPNRCHyqv2BjKfUKwWqX+vE2XYG1usj+Bbq2hCxvuDjGSqs+n8x4uZvEqdBcMnBF9wu791JvW/Qw==
- react-dom/19.2.0-canary-6b70072c-20250909/cjs/react-dom-profiling.development.min.js: sha512-iP+uPdJkljPcLAhfODiWMBbu+IRgWxA0Oadr4wku5YEdE4hZszDXBZrORIGkz2BHkO8amF1VBbqMxOcse+AmEw==
- react-dom/19.2.0-canary-6b70072c-20250909/cjs/react-dom-server.browser.development.min.js: sha512-jcBPQ1dpO6EDXrZLQjLS/wJWvPZbsdhjsn4+k3kfVuEi/m9w+ZlchwF++dgMcZ1VoiCzPT3wwRxJEBeV6DXAsA==
- react-dom/19.2.0-canary-6b70072c-20250909/cjs/react-dom-server.bun.development.js: sha512-hzE0L0Wa9sdxIYxWxdYkDVP9JUURgblVsH6s1SeZnKDt6h5mUOcA30VOH3kFGU3X7WXU2s8rNO92rpYcKY+4rw==
- react-dom/19.2.0-canary-6b70072c-20250909/cjs/react-dom-server.edge.production.js: sha512-h0aoJx0N0Wn464rj1O3i77Bt5L023U4BRDF06KQnz+R4N41wamvDqfOUzn3ghom+xH9uCGk1wTCv904mzFZDww==
- react-dom/19.2.0-canary-6b70072c-20250909/cjs/react-dom-server.edge.development.js: sha512-/lnr3UlxyhKMNMyKMXZ2kluwg4COGT+o7q/wvTLEQ2fS0mXgJkleXRiqfXNfacyIp5+uu14Y18CmwiayVrl2sg==
- react-dom/19.2.0-canary-6b70072c-20250909/cjs/react-dom-server.edge.development.min.js: sha512-6pyIuc7OLo2CspDrrQQtMSQ+zkEOzQJPodCBBqwhohhDoxHktauvd2GNCV+jivAvHuw1VduZSyASimS9xi/xGg==
- react-dom/19.2.0-canary-6b70072c-20250909/cjs/react-dom-client.development.js: sha512-ruislB3QT0bvnDnJjpBb7XWer01NcZ74MbKj8ZCm1bIcCC+wiJAxMV143me9baF55JSdcHWnmL0m0Yvc3QKIzg==
- react-dom/19.2.0-canary-6b70072c-20250909/cjs/react-dom-server-legacy.browser.development.js: sha512-NNHF0kg8deNGD/JtZUP8DTTZ7KWPDLDVzRY3Z6SFSXGp6fvOiw6bd6jxZQIIy1lQ1hwHVuHCBxeQwBOZh6bX+A==
- react-dom/19.2.0-canary-6b70072c-20250909/cjs/react-dom-server-legacy.browser.production.js: sha512-3wSsC4hlbdMpikUXuErrCTJYrnJiFoUyrO91cfSnWxy3ziOiP2ACY5w6GrovdFmSJolY49D/a6lYEjuAefPhGQ==
- react-dom/19.2.0-canary-6b70072c-20250909/cjs/react-dom-server-legacy.node.production.js: sha512-RJ673ZXqR7wlb0zwYrdwhpyRvDXku2li13r9AeJvvN98dOeU/masnIEVBY0iAswTbQJCJIkqAbY9OqH6iXKFqA==
- react-dom/19.2.0-canary-6b70072c-20250909/cjs/react-dom-server-legacy.node.production.min.js: sha512-JUSkrKwYbAmayhwtPBAUwSaIXdL3xw6Lw3V507DTMW9UqOkL8n+gorJKZVjxGo3/h7KLDqCzVDWzn+T+CG3Z+A==
- react-dom/19.2.0-canary-6b70072c-20250909/cjs/react-dom-server.browser.production.js: sha512-I3RH/OHVPqpFfdOOd/QNh8HS7zTSkcMDzz0YNe8ednUvvn2AqAd+CD9mQjKAk8UHTPx6e+IAzIO2MUlOn/npew==
- react-dom/19.2.0-canary-6b70072c-20250909/cjs/react-dom-server.edge.production.min.js: sha512-wRp1vU6dZ/NcDgdqU0dNFyI6lHHYcWemV8VPzw+wlogpcvI3PpuluOoRdiEkRAFAAi8qk6RzPUfCj1uYSA4xiQ==
- react-dom/19.2.0-canary-6b70072c-20250909/cjs/react-dom-server.node.development.min.js: sha512-XzEM7v7i4Rg9iQBBON/ARvTyvdrgT4utX7nm/2ylbfN6rQDwMFCU8+hPFf3TjLzwoe0KTQQBhotH2gfY2ESwVw==
- react-dom/19.2.0-canary-6b70072c-20250909/cjs/react-dom-test-utils.development.js: sha512-WXOi4X8urnIYjwhn0/ettuwKqfPkRU/SKLAds31Ovg5w/cL3iy7GWQh8DdbUx1afVOJUwhU48fDqX1prORciCQ==
- react-dom/19.2.0-canary-6b70072c-20250909/cjs/react-dom.development.min.js: sha512-Z/ZEgrNLsC/TaRG8Vo10dAEwRKBbsti2uryyabSdTRn/eeHgwe9l6RzHc3wbugmaRaFKw8zok9nZBSp410yPJA==
- react-dom/19.2.0-canary-6b70072c-20250909/cjs/react-dom.react-server.production.js: sha512-js2F0ccc/OKSxAMwKz6afyY6dvmMFEuPSqcnHywT7jOri2wWlhmDR9V6/311sgT2ubon86RuAG60zamdLvYebQ==
- react-dom/19.2.0-canary-6b70072c-20250909/cjs/react-dom-profiling.profiling.min.js: sha512-h9NCuIoVWjyCOffGH/5UM8PKRR9msgt1KxrSCRa5h/0FHMOwPHdw9hwpNEKRC7Glwl0FnACSMo1M/IZBt9SLcw==
- react-dom/19.2.0-canary-6b70072c-20250909/cjs/react-dom-server.node.production.min.js: sha512-KMWNxJ5m8JCZoy6Znq/hdgDp1Wa4GwCclDKm37YP62tuotEX/+BzPZAe5h25b61lwaCWIiqFBvEbdC4qI5r5Mg==
- react-dom/19.2.0-canary-6b70072c-20250909/cjs/react-dom-test-utils.production.min.js: sha512-7i9t0ZObhvtf6bXCbuUPUW3AkdvGjkN3wJ+Wy1eNzrakcrYWQ2mieiZloe9pfdNx7c3ye/zhZFjluDQttG0gpw==
- react-dom/19.2.0-canary-6b70072c-20250909/cjs/react-dom-profiling.development.js: sha512-HG2MHm9vDZrSmYDXbQpZZKZr2S6RwUoz3I0rpdX8k14/VB+I4W2+w6ex41XYvhtQ00Cs9URdT16G3mi3WDs97Q==
- react-dom/19.2.0-canary-6b70072c-20250909/cjs/react-dom-server-legacy.browser.production.min.js: sha512-MhNJRMiTVZvwdqsSLZjFspQcqSjoq0W7zaKib2pQA/YW3dmUhW5QCkyGwWtcFtZlEqMQLpBk0OBl+WTdxjYe+Q==
- react-dom/19.2.0-canary-6b70072c-20250909/cjs/react-dom-server-legacy.node.development.min.js: sha512-apApa/TM0sAXZqrWtj5Zeyw/o/0+cWJPndUau0zGddiMdrB1s3pr8kRQYYcsUo/wy+Ay4kFe9upc5AASDxHRBA==
- react-dom/19.2.0-canary-6b70072c-20250909/cjs/react-dom-server.browser.production.min.js: sha512-ldyGzLKGB17j0dgfXyk+Q8pAq9KRDPPNPQbuRHG8j+Yfyo4eP97U+S1uSaWrDWFZiKYnPZfJFQUKGsFsu3xskg==
- react-dom/19.2.0-canary-6b70072c-20250909/cjs/react-dom-server.bun.development.min.js: sha512-FTaHtyDU70DvbcvgDFD9mV/AcfKRGZNGEhwSbi9Bu4BbcikYA+te6Ul6LaKkSoXFHvZvGgLE/OG+BuSim2r/sA==
- react-dom/19.2.0-canary-6b70072c-20250909/cjs/react-dom-server.node.development.js: sha512-JVd8OsxOf1lEwdwi3kPsGmK91nuDVEKLar8WwKIzke6kutHyCdqFKAnYRptu8G0mk5l08O3g0jJAFqo222saXw==
- react-dom/19.2.0-canary-6b70072c-20250909/cjs/react-dom.production.js: sha512-O8DIofjGIb1GdOpdAZJ5WGLERXBbv4iNAdXToG4QElpwPS44RozwgUrWLKc1m1txLcyBrJ8ugAgsqozDWya/eQ==
- react-dom/19.2.0-canary-6b70072c-20250909/cjs/react-dom.react-server.development.js: sha512-FQJKqbtZkrSNsPN+lMeXHVXJgVdcH2BGvGC8MvpLpN+jonrOdoMQacHDlEqybF2IDlmfvMJeBbi9CtfCgtqKOg==
