- across-tabs/1.3.0/across-tabs.js.br
- across-tabs/1.3.0/across-tabs.js.gz
- across-tabs/1.3.0/across-tabs.js.map.br
- across-tabs/1.3.0/across-tabs.js.map.gz
- across-tabs/1.3.0/across-tabs.js.sri
- across-tabs/1.3.0/across-tabs.min.js.br
- across-tabs/1.3.0/across-tabs.min.js.gz
- across-tabs/1.3.0/across-tabs.min.js.map.br
- across-tabs/1.3.0/across-tabs.min.js.map.gz
- across-tabs/1.3.0/across-tabs.min.js.sri
- across-tabs/1.3.0/across-tabs.this.js.br
- across-tabs/1.3.0/across-tabs.this.js.gz
- across-tabs/1.3.0/across-tabs.this.js.map.br
- across-tabs/1.3.0/across-tabs.this.js.map.gz
- across-tabs/1.3.0/across-tabs.this.js.sri
- across-tabs/1.3.0/across-tabs.this.min.js.br
- across-tabs/1.3.0/across-tabs.this.min.js.gz
- across-tabs/1.3.0/across-tabs.this.min.js.map.br
- across-tabs/1.3.0/across-tabs.this.min.js.map.gz
- across-tabs/1.3.0/across-tabs.this.min.js.sri