config: {"autoupdate":{"source":"npm","target":"@bokeh/bokehjs","fileMap":[{"basePath":"build/js","files":["bokeh*.!(json)"]},{"basePath":"build/css","files":["bokeh*"]}],"ignoreVersions":["1.3.2-dev2"]},"description":"Interactive, novel data visualization","filename":"bokeh.min.js","homepage":"https://docs.bokeh.org/en/latest/","keywords":["bokeh","datavis","dataviz","visualization","plotting","plot","graph"],"license":"BSD-3-Clause","name":"bokeh","repository":{"type":"git","url":"git://github.com/bokeh/bokeh.git"}}
KV keys:
- bokeh/3.7.0-rc.2/bokeh-api.esm.min.js.br
- bokeh/3.7.0-rc.2/bokeh-api.esm.min.js.gz
- bokeh/3.7.0-rc.2/bokeh-api.min.js.br
- bokeh/3.7.0-rc.2/bokeh-api.min.js.gz
- bokeh/3.7.0-rc.2/bokeh-gl.esm.min.js.br
- bokeh/3.7.0-rc.2/bokeh-gl.esm.min.js.gz
- bokeh/3.7.0-rc.2/bokeh-gl.min.js.br
- bokeh/3.7.0-rc.2/bokeh-gl.min.js.gz
- bokeh/3.7.0-rc.2/bokeh-mathjax.esm.min.js.br
- bokeh/3.7.0-rc.2/bokeh-mathjax.esm.min.js.gz
- bokeh/3.7.0-rc.2/bokeh-mathjax.min.js.br
- bokeh/3.7.0-rc.2/bokeh-mathjax.min.js.gz
- bokeh/3.7.0-rc.2/bokeh-tables.esm.min.js.br
- bokeh/3.7.0-rc.2/bokeh-tables.esm.min.js.gz
- bokeh/3.7.0-rc.2/bokeh-tables.min.js.br
- bokeh/3.7.0-rc.2/bokeh-tables.min.js.gz
- bokeh/3.7.0-rc.2/bokeh-widgets.esm.min.js.br
- bokeh/3.7.0-rc.2/bokeh-widgets.esm.min.js.gz
- bokeh/3.7.0-rc.2/bokeh-widgets.min.js.br
- bokeh/3.7.0-rc.2/bokeh-widgets.min.js.gz
- bokeh/3.7.0-rc.2/bokeh.esm.min.js.br
- bokeh/3.7.0-rc.2/bokeh.esm.min.js.gz
- bokeh/3.7.0-rc.2/bokeh.min.js.br
- bokeh/3.7.0-rc.2/bokeh.min.js.gz
SRIs:
- bokeh/3.7.0-rc.2/bokeh-gl.esm.min.js: sha512-FeUjxZMS1pUcJ1uV8jb1pGQJ2RKmrTHhIw6SluSMW3ORT6aYrpp4j3fTXmeTFdMQxqibLgi2uN3kBFw3QXBIkg==
- bokeh/3.7.0-rc.2/bokeh-gl.min.js: sha512-CPTur5IuNBsTTsxKoIBVWR7WZR+U9gI+s4rm8oaJtf9zbf5tKwupF2FlfeBibs4zVNnSog5Q7MQ0wjJOZr1fow==
- bokeh/3.7.0-rc.2/bokeh-mathjax.esm.min.js: sha512-tC/GIoW6JJgF6RGeJ9nqcFYXSN/fghzdu6FVyVZXEx/6QO7lFCl5nShTdVbemnRjK3ngDsM39rnmZtneGEN0pQ==
- bokeh/3.7.0-rc.2/bokeh-tables.esm.min.js: sha512-DEisJ5XqKEnjlbBC/gnZwXRC10GxN2i8R82hMCi+h1/e/qoQR+dqSZdNhC87eMkgKbN7NbDvPSu3DiCfI6f43A==
- bokeh/3.7.0-rc.2/bokeh-tables.min.js: sha512-/DIKbI6QNXRBU0kNxHCtLWowJNSiurJfbcgzkiDS5qWlho4KLbTDPPyGo8ZvjKqnoy1rG6Km80y5uJe+L57RzA==
- bokeh/3.7.0-rc.2/bokeh-widgets.esm.min.js: sha512-n/uy9cZCtDK8qP9/FtNflsbyDvI3CReWEXUybYMO0yVfWNoDK3KBqIofiD53TmAftrYCtA/VAVgbNONL1LDAQQ==
- bokeh/3.7.0-rc.2/bokeh-api.esm.min.js: sha512-dygHZGGDBkUiwL5724wJpf0Vk0d5K98pVPQImGioq+uHjoF5f4Eb8HqNc7m1fKCvMHaKrLnRbm/uozIisFFKjQ==
- bokeh/3.7.0-rc.2/bokeh-api.min.js: sha512-EWheVm1OtdwS4nlGsEQ5vM0434ttzYl69qbwft4SaR3Ck4sKN3wgGUC1CLXGBSRzXw+UoeILIBcfgG4lGS1VPA==
- bokeh/3.7.0-rc.2/bokeh.min.js: sha512-hMvt+VrXw92XVzXsms+gOp5TD3LmX9MhkhTfhqsPe98ZBvoVPo497NcJBii0prfyMTF2LYVvID5Asy8XAF3h4A==
- bokeh/3.7.0-rc.2/bokeh-widgets.min.js: sha512-GmEkHcS5EAhQaSDIw9vhkMDqHnuwkcnBCltQdJdnTf2Lha4VxNRT3uevfpvOLa2b4bscLEACL9MEB35o1WzpYQ==
- bokeh/3.7.0-rc.2/bokeh.esm.min.js: sha512-TW2B0vr5LUqyFcG9iSmdTi5lYn3zkOAGfF3s1XxAXPYSzaGNudH9dJ0qUIxyWjSX0fHSArgcjRfZCJSLF3DQDg==
- bokeh/3.7.0-rc.2/bokeh-mathjax.min.js: sha512-fH9MiadgjvERGkWBlH3TtKD8d+RY+hTaxzawevDvKAoojVGmN/fy1SpvJX40ay10qITsTojPCXrv5sbhfBzW6Q==
