Files:
- ruffle-rs/0.2.0-nightly.2025.7.15/16c611f2ad757e52f1ee.wasm.br
- ruffle-rs/0.2.0-nightly.2025.7.15/16c611f2ad757e52f1ee.wasm.gz
- ruffle-rs/0.2.0-nightly.2025.7.15/a1d91676e367ff83a129.wasm.br
- ruffle-rs/0.2.0-nightly.2025.7.15/a1d91676e367ff83a129.wasm.gz
- ruffle-rs/0.2.0-nightly.2025.7.15/core.ruffle.41e6f53d175dbd34a2b6.js.br
- ruffle-rs/0.2.0-nightly.2025.7.15/core.ruffle.41e6f53d175dbd34a2b6.js.gz
- ruffle-rs/0.2.0-nightly.2025.7.15/core.ruffle.41e6f53d175dbd34a2b6.js.sri
- ruffle-rs/0.2.0-nightly.2025.7.15/core.ruffle.41e6f53d175dbd34a2b6.min.js.br
- ruffle-rs/0.2.0-nightly.2025.7.15/core.ruffle.41e6f53d175dbd34a2b6.min.js.gz
- ruffle-rs/0.2.0-nightly.2025.7.15/core.ruffle.41e6f53d175dbd34a2b6.min.js.sri
- ruffle-rs/0.2.0-nightly.2025.7.15/core.ruffle.bad8416dfe0f9aff1ee3.js.br
- ruffle-rs/0.2.0-nightly.2025.7.15/core.ruffle.bad8416dfe0f9aff1ee3.js.gz
- ruffle-rs/0.2.0-nightly.2025.7.15/core.ruffle.bad8416dfe0f9aff1ee3.js.sri
- ruffle-rs/0.2.0-nightly.2025.7.15/core.ruffle.bad8416dfe0f9aff1ee3.min.js.br
- ruffle-rs/0.2.0-nightly.2025.7.15/core.ruffle.bad8416dfe0f9aff1ee3.min.js.gz
- ruffle-rs/0.2.0-nightly.2025.7.15/core.ruffle.bad8416dfe0f9aff1ee3.min.js.sri
- ruffle-rs/0.2.0-nightly.2025.7.15/ruffle.js.br
- ruffle-rs/0.2.0-nightly.2025.7.15/ruffle.js.gz
- ruffle-rs/0.2.0-nightly.2025.7.15/ruffle.js.sri
- ruffle-rs/0.2.0-nightly.2025.7.15/ruffle.min.js.br
- ruffle-rs/0.2.0-nightly.2025.7.15/ruffle.min.js.gz
- ruffle-rs/0.2.0-nightly.2025.7.15/ruffle.min.js.sri
