config: {"authors":[{"name":"Guillaume du Pontavice","email":"g.du.pontavice@gmail.com"}],"autoupdate":{"source":"npm","target":"hls.js","fileMap":[{"basePath":"dist","files":["**/!(*-demo.*)"]}],"ignoreVersions":["*-canary.*"]},"description":"JavaScript HLS client using MediaSourceExtension","filename":"hls.min.js","homepage":"https://hls-js.netlify.com/demo/","keywords":["hls.js","video","streaming","mediasource","player"],"license":"Apache-2.0","name":"hls.js","repository":{"type":"git","url":"git://github.com/video-dev/hls.js"},"author":"Guillaume du Pontavice \u003cg.du.pontavice@gmail.com\u003e"}
KV keys:
- hls.js/1.6.0-beta.2.0.canary.10853/hls.d.mts.br
- hls.js/1.6.0-beta.2.0.canary.10853/hls.d.mts.gz
- hls.js/1.6.0-beta.2.0.canary.10853/hls.d.ts.br
- hls.js/1.6.0-beta.2.0.canary.10853/hls.d.ts.gz
- hls.js/1.6.0-beta.2.0.canary.10853/hls.js.br
- hls.js/1.6.0-beta.2.0.canary.10853/hls.js.d.ts.br
- hls.js/1.6.0-beta.2.0.canary.10853/hls.js.d.ts.gz
- hls.js/1.6.0-beta.2.0.canary.10853/hls.js.gz
- hls.js/1.6.0-beta.2.0.canary.10853/hls.js.map.br
- hls.js/1.6.0-beta.2.0.canary.10853/hls.js.map.gz
- hls.js/1.6.0-beta.2.0.canary.10853/hls.light.js.br
- hls.js/1.6.0-beta.2.0.canary.10853/hls.light.js.gz
- hls.js/1.6.0-beta.2.0.canary.10853/hls.light.js.map.br
- hls.js/1.6.0-beta.2.0.canary.10853/hls.light.js.map.gz
- hls.js/1.6.0-beta.2.0.canary.10853/hls.light.min.js.br
- hls.js/1.6.0-beta.2.0.canary.10853/hls.light.min.js.gz
- hls.js/1.6.0-beta.2.0.canary.10853/hls.light.min.js.map.br
- hls.js/1.6.0-beta.2.0.canary.10853/hls.light.min.js.map.gz
- hls.js/1.6.0-beta.2.0.canary.10853/hls.light.mjs.br
- hls.js/1.6.0-beta.2.0.canary.10853/hls.light.mjs.gz
- hls.js/1.6.0-beta.2.0.canary.10853/hls.light.mjs.map.br
- hls.js/1.6.0-beta.2.0.canary.10853/hls.light.mjs.map.gz
- hls.js/1.6.0-beta.2.0.canary.10853/hls.min.js.br
- hls.js/1.6.0-beta.2.0.canary.10853/hls.min.js.gz
- hls.js/1.6.0-beta.2.0.canary.10853/hls.min.js.map.br
- hls.js/1.6.0-beta.2.0.canary.10853/hls.min.js.map.gz
- hls.js/1.6.0-beta.2.0.canary.10853/hls.mjs.br
- hls.js/1.6.0-beta.2.0.canary.10853/hls.mjs.gz
- hls.js/1.6.0-beta.2.0.canary.10853/hls.mjs.map.br
- hls.js/1.6.0-beta.2.0.canary.10853/hls.mjs.map.gz
- hls.js/1.6.0-beta.2.0.canary.10853/hls.worker.js.br
- hls.js/1.6.0-beta.2.0.canary.10853/hls.worker.js.gz
- hls.js/1.6.0-beta.2.0.canary.10853/hls.worker.js.map.br
- hls.js/1.6.0-beta.2.0.canary.10853/hls.worker.js.map.gz
- hls.js/1.6.0-beta.2.0.canary.10853/hls.worker.min.js.br
- hls.js/1.6.0-beta.2.0.canary.10853/hls.worker.min.js.gz
SRIs:
- hls.js/1.6.0-beta.2.0.canary.10853/hls.js: sha512-bHTSQYFXldH3HWPBL6DXpqXUK+IRDSFT9WIAThip/+Th4GJkfiDq76xQsNMhVhX6oKt+yYReStaSGglq4MR4TA==
- hls.js/1.6.0-beta.2.0.canary.10853/hls.light.js: sha512-jRSWJ5N0Jw55SwyIo8IWOv/PBhQhxireOcELNcBQ8sJKL8vS6hASy8rUmEee2UFOqwarElwGtPRCy3TcSG+0HA==
- hls.js/1.6.0-beta.2.0.canary.10853/hls.light.min.js: sha512-s4vfgIjvwWJDTLK4eZyi+MND28oG4JlAKYuZP674JhUwhsai80C0HXoIa1WhLQtVPFQrmfG8x5AvNqnPabYO0A==
- hls.js/1.6.0-beta.2.0.canary.10853/hls.min.js: sha512-GsUresMn6F1LXsOrwndljQXiq9JE/lQge+jz8MlQ+6jMrR2ae76dXefeBG3scUp2LvPZaxsYIZpo3G8oADpH6w==
- hls.js/1.6.0-beta.2.0.canary.10853/hls.worker.js: sha512-vqYo68rJOtOaqduY73ohRo9bOp1hLCJ8OsA1aluMdWc+L7wvbxZr0wMBUQagx4zLgMgq6umB4DC/DEItqPWpSA==
- hls.js/1.6.0-beta.2.0.canary.10853/hls.worker.min.js: sha512-5AEt1NcxrYYRbOl5A88Vso0zbRW5f9KyHrOKopH05KlAuwy0xW5X1yJkyhDoR3GPT9w0tsNUxHYcZ7lceX0n0w==
