Files:
- tailwindcss/0.0.0-insiders.3d0606b/chunk-7GINGMIH.mjs.br
- tailwindcss/0.0.0-insiders.3d0606b/chunk-7GINGMIH.mjs.gz
- tailwindcss/0.0.0-insiders.3d0606b/chunk-AZANAYY2.mjs.br
- tailwindcss/0.0.0-insiders.3d0606b/chunk-AZANAYY2.mjs.gz
- tailwindcss/0.0.0-insiders.3d0606b/chunk-V2K3XTS4.mjs.br
- tailwindcss/0.0.0-insiders.3d0606b/chunk-V2K3XTS4.mjs.gz
- tailwindcss/0.0.0-insiders.3d0606b/colors-b_6i0Oi7.d.ts.br
- tailwindcss/0.0.0-insiders.3d0606b/colors-b_6i0Oi7.d.ts.gz
- tailwindcss/0.0.0-insiders.3d0606b/colors.d.mts.br
- tailwindcss/0.0.0-insiders.3d0606b/colors.d.mts.gz
- tailwindcss/0.0.0-insiders.3d0606b/colors.d.ts.br
- tailwindcss/0.0.0-insiders.3d0606b/colors.d.ts.gz
- tailwindcss/0.0.0-insiders.3d0606b/colors.js.br
- tailwindcss/0.0.0-insiders.3d0606b/colors.js.gz
- tailwindcss/0.0.0-insiders.3d0606b/colors.js.sri
- tailwindcss/0.0.0-insiders.3d0606b/colors.min.js.br
- tailwindcss/0.0.0-insiders.3d0606b/colors.min.js.gz
- tailwindcss/0.0.0-insiders.3d0606b/colors.min.js.sri
- tailwindcss/0.0.0-insiders.3d0606b/colors.mjs.br
- tailwindcss/0.0.0-insiders.3d0606b/colors.mjs.gz
- tailwindcss/0.0.0-insiders.3d0606b/default-theme.d.mts.br
- tailwindcss/0.0.0-insiders.3d0606b/default-theme.d.mts.gz
- tailwindcss/0.0.0-insiders.3d0606b/default-theme.d.ts.br
- tailwindcss/0.0.0-insiders.3d0606b/default-theme.d.ts.gz
- tailwindcss/0.0.0-insiders.3d0606b/default-theme.js.br
- tailwindcss/0.0.0-insiders.3d0606b/default-theme.js.gz
- tailwindcss/0.0.0-insiders.3d0606b/default-theme.js.sri
- tailwindcss/0.0.0-insiders.3d0606b/default-theme.min.js.br
- tailwindcss/0.0.0-insiders.3d0606b/default-theme.min.js.gz
- tailwindcss/0.0.0-insiders.3d0606b/default-theme.min.js.sri
- tailwindcss/0.0.0-insiders.3d0606b/default-theme.mjs.br
- tailwindcss/0.0.0-insiders.3d0606b/default-theme.mjs.gz
- tailwindcss/0.0.0-insiders.3d0606b/flatten-color-palette.d.mts.br
- tailwindcss/0.0.0-insiders.3d0606b/flatten-color-palette.d.mts.gz
- tailwindcss/0.0.0-insiders.3d0606b/flatten-color-palette.d.ts.br
- tailwindcss/0.0.0-insiders.3d0606b/flatten-color-palette.d.ts.gz
- tailwindcss/0.0.0-insiders.3d0606b/flatten-color-palette.js.br
- tailwindcss/0.0.0-insiders.3d0606b/flatten-color-palette.js.gz
- tailwindcss/0.0.0-insiders.3d0606b/flatten-color-palette.js.sri
- tailwindcss/0.0.0-insiders.3d0606b/flatten-color-palette.min.js.br
- tailwindcss/0.0.0-insiders.3d0606b/flatten-color-palette.min.js.gz
- tailwindcss/0.0.0-insiders.3d0606b/flatten-color-palette.min.js.sri
- tailwindcss/0.0.0-insiders.3d0606b/flatten-color-palette.mjs.br
- tailwindcss/0.0.0-insiders.3d0606b/flatten-color-palette.mjs.gz
- tailwindcss/0.0.0-insiders.3d0606b/lib.d.mts.br
- tailwindcss/0.0.0-insiders.3d0606b/lib.d.mts.gz
- tailwindcss/0.0.0-insiders.3d0606b/lib.d.ts.br
- tailwindcss/0.0.0-insiders.3d0606b/lib.d.ts.gz
- tailwindcss/0.0.0-insiders.3d0606b/lib.js.br
- tailwindcss/0.0.0-insiders.3d0606b/lib.js.gz
- tailwindcss/0.0.0-insiders.3d0606b/lib.js.sri
- tailwindcss/0.0.0-insiders.3d0606b/lib.min.js.br
- tailwindcss/0.0.0-insiders.3d0606b/lib.min.js.gz
- tailwindcss/0.0.0-insiders.3d0606b/lib.min.js.sri
- tailwindcss/0.0.0-insiders.3d0606b/lib.mjs.br
- tailwindcss/0.0.0-insiders.3d0606b/lib.mjs.gz
- tailwindcss/0.0.0-insiders.3d0606b/plugin.d.mts.br
- tailwindcss/0.0.0-insiders.3d0606b/plugin.d.mts.gz
- tailwindcss/0.0.0-insiders.3d0606b/plugin.d.ts.br
- tailwindcss/0.0.0-insiders.3d0606b/plugin.d.ts.gz
- tailwindcss/0.0.0-insiders.3d0606b/plugin.js.br
- tailwindcss/0.0.0-insiders.3d0606b/plugin.js.gz
- tailwindcss/0.0.0-insiders.3d0606b/plugin.js.sri
- tailwindcss/0.0.0-insiders.3d0606b/plugin.min.js.br
- tailwindcss/0.0.0-insiders.3d0606b/plugin.min.js.gz
- tailwindcss/0.0.0-insiders.3d0606b/plugin.min.js.sri
- tailwindcss/0.0.0-insiders.3d0606b/plugin.mjs.br
- tailwindcss/0.0.0-insiders.3d0606b/plugin.mjs.gz
- tailwindcss/0.0.0-insiders.3d0606b/resolve-config-BIFUA2FY.d.ts.br
- tailwindcss/0.0.0-insiders.3d0606b/resolve-config-BIFUA2FY.d.ts.gz
- tailwindcss/0.0.0-insiders.3d0606b/resolve-config-QUZ9b-Gn.d.mts.br
- tailwindcss/0.0.0-insiders.3d0606b/resolve-config-QUZ9b-Gn.d.mts.gz
- tailwindcss/0.0.0-insiders.3d0606b/types-B254mqw1.d.mts.br
- tailwindcss/0.0.0-insiders.3d0606b/types-B254mqw1.d.mts.gz
