- antd/6.6.1/antd-with-locales.js.br
- antd/6.6.1/antd-with-locales.js.gz
- antd/6.6.1/antd-with-locales.js.map.br
- antd/6.6.1/antd-with-locales.js.map.gz
- antd/6.6.1/antd-with-locales.min.js.LICENSE.txt.br
- antd/6.6.1/antd-with-locales.min.js.LICENSE.txt.gz
- antd/6.6.1/antd-with-locales.min.js.br
- antd/6.6.1/antd-with-locales.min.js.gz
- antd/6.6.1/antd-with-locales.min.js.map.br
- antd/6.6.1/antd-with-locales.min.js.map.gz
- antd/6.6.1/antd.css.br
- antd/6.6.1/antd.css.gz
- antd/6.6.1/antd.js.br
- antd/6.6.1/antd.js.gz
- antd/6.6.1/antd.js.map.br
- antd/6.6.1/antd.js.map.gz
- antd/6.6.1/antd.min.css.br
- antd/6.6.1/antd.min.css.gz
- antd/6.6.1/antd.min.js.LICENSE.txt.br
- antd/6.6.1/antd.min.js.LICENSE.txt.gz
- antd/6.6.1/antd.min.js.br
- antd/6.6.1/antd.min.js.gz
- antd/6.6.1/antd.min.js.map.br
- antd/6.6.1/antd.min.js.map.gz
- antd/6.6.1/reset.css.br
- antd/6.6.1/reset.css.gz
- antd/6.6.1/reset.min.css.br
- antd/6.6.1/reset.min.css.gz