config: {"authors":[{"name":"Google Inc."}],"autoupdate":{"source":"npm","target":"@fontsource/fascinate-inline","fileMap":[{"basePath":"","files":["*.css","files/*.@(woff|woff2)"]}],"excludeFromSearch":true},"description":"Self-host the Fascinate Inline font in a neatly bundled NPM package.","filename":"index.css","homepage":"https://fontsource.org/fonts/fascinate-inline","keywords":["fontsource","font","font family","google fonts","fascinate-inline","Fascinate Inline","css","sass","front-end","web","typeface","variable"],"license":"OFL-1.1","name":"fontsource-fascinate-inline","repository":{"type":"git","url":"git+https://github.com/fontsource/font-files.git"},"author":"Google Inc."}
KV keys:
- fontsource-fascinate-inline/5.1.1/400.css.br
- fontsource-fascinate-inline/5.1.1/400.css.gz
- fontsource-fascinate-inline/5.1.1/400.min.css.br
- fontsource-fascinate-inline/5.1.1/400.min.css.gz
- fontsource-fascinate-inline/5.1.1/files/fascinate-inline-latin-400-normal.woff.br
- fontsource-fascinate-inline/5.1.1/files/fascinate-inline-latin-400-normal.woff.gz
- fontsource-fascinate-inline/5.1.1/files/fascinate-inline-latin-400-normal.woff2
- fontsource-fascinate-inline/5.1.1/files/fascinate-inline-latin-ext-400-normal.woff.br
- fontsource-fascinate-inline/5.1.1/files/fascinate-inline-latin-ext-400-normal.woff.gz
- fontsource-fascinate-inline/5.1.1/files/fascinate-inline-latin-ext-400-normal.woff2
- fontsource-fascinate-inline/5.1.1/index.css.br
- fontsource-fascinate-inline/5.1.1/index.css.gz
- fontsource-fascinate-inline/5.1.1/index.min.css.br
- fontsource-fascinate-inline/5.1.1/index.min.css.gz
- fontsource-fascinate-inline/5.1.1/latin-400.css.br
- fontsource-fascinate-inline/5.1.1/latin-400.css.gz
- fontsource-fascinate-inline/5.1.1/latin-400.min.css.br
- fontsource-fascinate-inline/5.1.1/latin-400.min.css.gz
- fontsource-fascinate-inline/5.1.1/latin-ext-400.css.br
- fontsource-fascinate-inline/5.1.1/latin-ext-400.css.gz
- fontsource-fascinate-inline/5.1.1/latin-ext-400.min.css.br
- fontsource-fascinate-inline/5.1.1/latin-ext-400.min.css.gz
- fontsource-fascinate-inline/5.1.1/latin-ext.css.br
- fontsource-fascinate-inline/5.1.1/latin-ext.css.gz
- fontsource-fascinate-inline/5.1.1/latin-ext.min.css.br
- fontsource-fascinate-inline/5.1.1/latin-ext.min.css.gz
- fontsource-fascinate-inline/5.1.1/latin.css.br
- fontsource-fascinate-inline/5.1.1/latin.css.gz
- fontsource-fascinate-inline/5.1.1/latin.min.css.br
- fontsource-fascinate-inline/5.1.1/latin.min.css.gz
SRIs:
- fontsource-fascinate-inline/5.1.1/latin-ext-400.css: sha512-Kz/IyY6Bk8UHJDuY5u0ZIP0mw211AXxxBrSCC6ab6LMCYHc/SttO4lPH7MIZ5GRB8rcEi3HosHJE2SIRxUmDJQ==
- fontsource-fascinate-inline/5.1.1/latin-ext-400.min.css: sha512-/pLDFTv3kUKaWIBmQPAf+LX8BKj/P1efTRXY6ADq3HkDWzhUAUF7sJNtdihMDHnnKczexT57juXTBHW7XCLD9w==
- fontsource-fascinate-inline/5.1.1/latin-ext.css: sha512-Kz/IyY6Bk8UHJDuY5u0ZIP0mw211AXxxBrSCC6ab6LMCYHc/SttO4lPH7MIZ5GRB8rcEi3HosHJE2SIRxUmDJQ==
- fontsource-fascinate-inline/5.1.1/latin-ext.min.css: sha512-/pLDFTv3kUKaWIBmQPAf+LX8BKj/P1efTRXY6ADq3HkDWzhUAUF7sJNtdihMDHnnKczexT57juXTBHW7XCLD9w==
- fontsource-fascinate-inline/5.1.1/latin.css: sha512-2oGFPnYSKzpwgaELRfwaUjL24erRsnrmHb+3nyba9tXnT42zpGmy16atp9RCIBI5YHgMKBOhiYpmSd5TRfpqTw==
- fontsource-fascinate-inline/5.1.1/400.css: sha512-oGL7OnsfE+joVn3EPUnoyMJqX3ZXQyG2IXluabbz/LQn0zKwopDCn2yyLNTuDc9rhqTDYzuy3sjpD3LSmgpwRw==
- fontsource-fascinate-inline/5.1.1/latin-400.css: sha512-2oGFPnYSKzpwgaELRfwaUjL24erRsnrmHb+3nyba9tXnT42zpGmy16atp9RCIBI5YHgMKBOhiYpmSd5TRfpqTw==
- fontsource-fascinate-inline/5.1.1/latin-400.min.css: sha512-tod6bYRHG78mo3D2ItUMIDimuY1h6yw9lzubWAM/++UnVE090UT7y1fo3DY87VK+Vfh0I5daQu5jmtXwwxJNFA==
- fontsource-fascinate-inline/5.1.1/latin.min.css: sha512-tod6bYRHG78mo3D2ItUMIDimuY1h6yw9lzubWAM/++UnVE090UT7y1fo3DY87VK+Vfh0I5daQu5jmtXwwxJNFA==
- fontsource-fascinate-inline/5.1.1/400.min.css: sha512-8ipdPOjoWfXVBsKqLaKcDwXE154E7xyxeq07wSEztzkvWznl2oY28IdLhPCl+TkL0M+pQolUtSP9p7kv/usrSg==
- fontsource-fascinate-inline/5.1.1/index.css: sha512-oGL7OnsfE+joVn3EPUnoyMJqX3ZXQyG2IXluabbz/LQn0zKwopDCn2yyLNTuDc9rhqTDYzuy3sjpD3LSmgpwRw==
- fontsource-fascinate-inline/5.1.1/index.min.css: sha512-8ipdPOjoWfXVBsKqLaKcDwXE154E7xyxeq07wSEztzkvWznl2oY28IdLhPCl+TkL0M+pQolUtSP9p7kv/usrSg==
