Files:
- tailwindcss/0.0.0-insiders.ee0d752/chunk-HTB5LLOP.mjs.br
- tailwindcss/0.0.0-insiders.ee0d752/chunk-HTB5LLOP.mjs.gz
- tailwindcss/0.0.0-insiders.ee0d752/chunk-JLE67PLV.mjs.br
- tailwindcss/0.0.0-insiders.ee0d752/chunk-JLE67PLV.mjs.gz
- tailwindcss/0.0.0-insiders.ee0d752/chunk-P5FH2LZE.mjs.br
- tailwindcss/0.0.0-insiders.ee0d752/chunk-P5FH2LZE.mjs.gz
- tailwindcss/0.0.0-insiders.ee0d752/colors-b_6i0Oi7.d.ts.br
- tailwindcss/0.0.0-insiders.ee0d752/colors-b_6i0Oi7.d.ts.gz
- tailwindcss/0.0.0-insiders.ee0d752/colors.d.mts.br
- tailwindcss/0.0.0-insiders.ee0d752/colors.d.mts.gz
- tailwindcss/0.0.0-insiders.ee0d752/colors.d.ts.br
- tailwindcss/0.0.0-insiders.ee0d752/colors.d.ts.gz
- tailwindcss/0.0.0-insiders.ee0d752/colors.js.br
- tailwindcss/0.0.0-insiders.ee0d752/colors.js.gz
- tailwindcss/0.0.0-insiders.ee0d752/colors.js.sri
- tailwindcss/0.0.0-insiders.ee0d752/colors.min.js.br
- tailwindcss/0.0.0-insiders.ee0d752/colors.min.js.gz
- tailwindcss/0.0.0-insiders.ee0d752/colors.min.js.sri
- tailwindcss/0.0.0-insiders.ee0d752/colors.mjs.br
- tailwindcss/0.0.0-insiders.ee0d752/colors.mjs.gz
- tailwindcss/0.0.0-insiders.ee0d752/default-theme.d.mts.br
- tailwindcss/0.0.0-insiders.ee0d752/default-theme.d.mts.gz
- tailwindcss/0.0.0-insiders.ee0d752/default-theme.d.ts.br
- tailwindcss/0.0.0-insiders.ee0d752/default-theme.d.ts.gz
- tailwindcss/0.0.0-insiders.ee0d752/default-theme.js.br
- tailwindcss/0.0.0-insiders.ee0d752/default-theme.js.gz
- tailwindcss/0.0.0-insiders.ee0d752/default-theme.js.sri
- tailwindcss/0.0.0-insiders.ee0d752/default-theme.min.js.br
- tailwindcss/0.0.0-insiders.ee0d752/default-theme.min.js.gz
- tailwindcss/0.0.0-insiders.ee0d752/default-theme.min.js.sri
- tailwindcss/0.0.0-insiders.ee0d752/default-theme.mjs.br
- tailwindcss/0.0.0-insiders.ee0d752/default-theme.mjs.gz
- tailwindcss/0.0.0-insiders.ee0d752/flatten-color-palette.d.mts.br
- tailwindcss/0.0.0-insiders.ee0d752/flatten-color-palette.d.mts.gz
- tailwindcss/0.0.0-insiders.ee0d752/flatten-color-palette.d.ts.br
- tailwindcss/0.0.0-insiders.ee0d752/flatten-color-palette.d.ts.gz
- tailwindcss/0.0.0-insiders.ee0d752/flatten-color-palette.js.br
- tailwindcss/0.0.0-insiders.ee0d752/flatten-color-palette.js.gz
- tailwindcss/0.0.0-insiders.ee0d752/flatten-color-palette.js.sri
- tailwindcss/0.0.0-insiders.ee0d752/flatten-color-palette.min.js.br
- tailwindcss/0.0.0-insiders.ee0d752/flatten-color-palette.min.js.gz
- tailwindcss/0.0.0-insiders.ee0d752/flatten-color-palette.min.js.sri
- tailwindcss/0.0.0-insiders.ee0d752/flatten-color-palette.mjs.br
- tailwindcss/0.0.0-insiders.ee0d752/flatten-color-palette.mjs.gz
- tailwindcss/0.0.0-insiders.ee0d752/lib.d.mts.br
- tailwindcss/0.0.0-insiders.ee0d752/lib.d.mts.gz
- tailwindcss/0.0.0-insiders.ee0d752/lib.d.ts.br
- tailwindcss/0.0.0-insiders.ee0d752/lib.d.ts.gz
- tailwindcss/0.0.0-insiders.ee0d752/lib.js.br
- tailwindcss/0.0.0-insiders.ee0d752/lib.js.gz
- tailwindcss/0.0.0-insiders.ee0d752/lib.js.sri
- tailwindcss/0.0.0-insiders.ee0d752/lib.min.js.br
- tailwindcss/0.0.0-insiders.ee0d752/lib.min.js.gz
- tailwindcss/0.0.0-insiders.ee0d752/lib.min.js.sri
- tailwindcss/0.0.0-insiders.ee0d752/lib.mjs.br
- tailwindcss/0.0.0-insiders.ee0d752/lib.mjs.gz
- tailwindcss/0.0.0-insiders.ee0d752/plugin.d.mts.br
- tailwindcss/0.0.0-insiders.ee0d752/plugin.d.mts.gz
- tailwindcss/0.0.0-insiders.ee0d752/plugin.d.ts.br
- tailwindcss/0.0.0-insiders.ee0d752/plugin.d.ts.gz
- tailwindcss/0.0.0-insiders.ee0d752/plugin.js.br
- tailwindcss/0.0.0-insiders.ee0d752/plugin.js.gz
- tailwindcss/0.0.0-insiders.ee0d752/plugin.js.sri
- tailwindcss/0.0.0-insiders.ee0d752/plugin.min.js.br
- tailwindcss/0.0.0-insiders.ee0d752/plugin.min.js.gz
- tailwindcss/0.0.0-insiders.ee0d752/plugin.min.js.sri
- tailwindcss/0.0.0-insiders.ee0d752/plugin.mjs.br
- tailwindcss/0.0.0-insiders.ee0d752/plugin.mjs.gz
- tailwindcss/0.0.0-insiders.ee0d752/resolve-config-BIFUA2FY.d.ts.br
- tailwindcss/0.0.0-insiders.ee0d752/resolve-config-BIFUA2FY.d.ts.gz
- tailwindcss/0.0.0-insiders.ee0d752/resolve-config-QUZ9b-Gn.d.mts.br
- tailwindcss/0.0.0-insiders.ee0d752/resolve-config-QUZ9b-Gn.d.mts.gz
- tailwindcss/0.0.0-insiders.ee0d752/types-B254mqw1.d.mts.br
- tailwindcss/0.0.0-insiders.ee0d752/types-B254mqw1.d.mts.gz
