- fontsource-berkshire-swash/5.2.7/400.css.br
- fontsource-berkshire-swash/5.2.7/400.css.gz
- fontsource-berkshire-swash/5.2.7/400.min.css.br
- fontsource-berkshire-swash/5.2.7/400.min.css.gz
- fontsource-berkshire-swash/5.2.7/files/berkshire-swash-latin-400-normal.woff.br
- fontsource-berkshire-swash/5.2.7/files/berkshire-swash-latin-400-normal.woff.gz
- fontsource-berkshire-swash/5.2.7/files/berkshire-swash-latin-400-normal.woff2
- fontsource-berkshire-swash/5.2.7/files/berkshire-swash-latin-ext-400-normal.woff.br
- fontsource-berkshire-swash/5.2.7/files/berkshire-swash-latin-ext-400-normal.woff.gz
- fontsource-berkshire-swash/5.2.7/files/berkshire-swash-latin-ext-400-normal.woff2
- fontsource-berkshire-swash/5.2.7/index.css.br
- fontsource-berkshire-swash/5.2.7/index.css.gz
- fontsource-berkshire-swash/5.2.7/index.min.css.br
- fontsource-berkshire-swash/5.2.7/index.min.css.gz
- fontsource-berkshire-swash/5.2.7/latin-400.css.br
- fontsource-berkshire-swash/5.2.7/latin-400.css.gz
- fontsource-berkshire-swash/5.2.7/latin-400.min.css.br
- fontsource-berkshire-swash/5.2.7/latin-400.min.css.gz
- fontsource-berkshire-swash/5.2.7/latin-ext-400.css.br
- fontsource-berkshire-swash/5.2.7/latin-ext-400.css.gz
- fontsource-berkshire-swash/5.2.7/latin-ext-400.min.css.br
- fontsource-berkshire-swash/5.2.7/latin-ext-400.min.css.gz
- fontsource-berkshire-swash/5.2.7/latin-ext.css.br
- fontsource-berkshire-swash/5.2.7/latin-ext.css.gz
- fontsource-berkshire-swash/5.2.7/latin-ext.min.css.br
- fontsource-berkshire-swash/5.2.7/latin-ext.min.css.gz
- fontsource-berkshire-swash/5.2.7/latin.css.br
- fontsource-berkshire-swash/5.2.7/latin.css.gz
- fontsource-berkshire-swash/5.2.7/latin.min.css.br
- fontsource-berkshire-swash/5.2.7/latin.min.css.gz