config: {"authors":[{"name":"Google Inc."}],"autoupdate":{"source":"npm","target":"@fontsource/saira-semi-condensed","fileMap":[{"basePath":"","files":["*.css","files/*.@(woff|woff2)"]}],"excludeFromSearch":true},"description":"Self-host the Saira Semi Condensed font in a neatly bundled NPM package.","filename":"index.css","homepage":"https://fontsource.org/fonts/saira-semi-condensed","keywords":["fontsource","font","font family","google fonts","saira-semi-condensed","Saira Semi Condensed","css","sass","front-end","web","typeface","variable"],"license":"OFL-1.1","name":"fontsource-saira-semi-condensed","repository":{"type":"git","url":"git+https://github.com/fontsource/font-files.git"},"author":"Google Inc."}
KV keys:
- fontsource-saira-semi-condensed/5.1.1/100.css.br
- fontsource-saira-semi-condensed/5.1.1/100.css.gz
- fontsource-saira-semi-condensed/5.1.1/100.min.css.br
- fontsource-saira-semi-condensed/5.1.1/100.min.css.gz
- fontsource-saira-semi-condensed/5.1.1/200.css.br
- fontsource-saira-semi-condensed/5.1.1/200.css.gz
- fontsource-saira-semi-condensed/5.1.1/200.min.css.br
- fontsource-saira-semi-condensed/5.1.1/200.min.css.gz
- fontsource-saira-semi-condensed/5.1.1/300.css.br
- fontsource-saira-semi-condensed/5.1.1/300.css.gz
- fontsource-saira-semi-condensed/5.1.1/300.min.css.br
- fontsource-saira-semi-condensed/5.1.1/300.min.css.gz
- fontsource-saira-semi-condensed/5.1.1/400.css.br
- fontsource-saira-semi-condensed/5.1.1/400.css.gz
- fontsource-saira-semi-condensed/5.1.1/400.min.css.br
- fontsource-saira-semi-condensed/5.1.1/400.min.css.gz
- fontsource-saira-semi-condensed/5.1.1/500.css.br
- fontsource-saira-semi-condensed/5.1.1/500.css.gz
- fontsource-saira-semi-condensed/5.1.1/500.min.css.br
- fontsource-saira-semi-condensed/5.1.1/500.min.css.gz
- fontsource-saira-semi-condensed/5.1.1/600.css.br
- fontsource-saira-semi-condensed/5.1.1/600.css.gz
- fontsource-saira-semi-condensed/5.1.1/600.min.css.br
- fontsource-saira-semi-condensed/5.1.1/600.min.css.gz
- fontsource-saira-semi-condensed/5.1.1/700.css.br
- fontsource-saira-semi-condensed/5.1.1/700.css.gz
- fontsource-saira-semi-condensed/5.1.1/700.min.css.br
- fontsource-saira-semi-condensed/5.1.1/700.min.css.gz
- fontsource-saira-semi-condensed/5.1.1/800.css.br
- fontsource-saira-semi-condensed/5.1.1/800.css.gz
- fontsource-saira-semi-condensed/5.1.1/800.min.css.br
- fontsource-saira-semi-condensed/5.1.1/800.min.css.gz
- fontsource-saira-semi-condensed/5.1.1/900.css.br
- fontsource-saira-semi-condensed/5.1.1/900.css.gz
- fontsource-saira-semi-condensed/5.1.1/900.min.css.br
- fontsource-saira-semi-condensed/5.1.1/900.min.css.gz
- fontsource-saira-semi-condensed/5.1.1/files/saira-semi-condensed-latin-100-normal.woff.br
- fontsource-saira-semi-condensed/5.1.1/files/saira-semi-condensed-latin-100-normal.woff.gz
- fontsource-saira-semi-condensed/5.1.1/files/saira-semi-condensed-latin-100-normal.woff2
- fontsource-saira-semi-condensed/5.1.1/files/saira-semi-condensed-latin-200-normal.woff.br
- fontsource-saira-semi-condensed/5.1.1/files/saira-semi-condensed-latin-200-normal.woff.gz
- fontsource-saira-semi-condensed/5.1.1/files/saira-semi-condensed-latin-200-normal.woff2
- fontsource-saira-semi-condensed/5.1.1/files/saira-semi-condensed-latin-300-normal.woff.br
- fontsource-saira-semi-condensed/5.1.1/files/saira-semi-condensed-latin-300-normal.woff.gz
- fontsource-saira-semi-condensed/5.1.1/files/saira-semi-condensed-latin-300-normal.woff2
- fontsource-saira-semi-condensed/5.1.1/files/saira-semi-condensed-latin-400-normal.woff.br
- fontsource-saira-semi-condensed/5.1.1/files/saira-semi-condensed-latin-400-normal.woff.gz
- fontsource-saira-semi-condensed/5.1.1/files/saira-semi-condensed-latin-400-normal.woff2
- fontsource-saira-semi-condensed/5.1.1/files/saira-semi-condensed-latin-500-normal.woff.br
- fontsource-saira-semi-condensed/5.1.1/files/saira-semi-condensed-latin-500-normal.woff.gz
- fontsource-saira-semi-condensed/5.1.1/files/saira-semi-condensed-latin-500-normal.woff2
- fontsource-saira-semi-condensed/5.1.1/files/saira-semi-condensed-latin-600-normal.woff.br
- fontsource-saira-semi-condensed/5.1.1/files/saira-semi-condensed-latin-600-normal.woff.gz
- fontsource-saira-semi-condensed/5.1.1/files/saira-semi-condensed-latin-600-normal.woff2
- fontsource-saira-semi-condensed/5.1.1/files/saira-semi-condensed-latin-700-normal.woff.br
- fontsource-saira-semi-condensed/5.1.1/files/saira-semi-condensed-latin-700-normal.woff.gz
- fontsource-saira-semi-condensed/5.1.1/files/saira-semi-condensed-latin-700-normal.woff2
- fontsource-saira-semi-condensed/5.1.1/files/saira-semi-condensed-latin-800-normal.woff.br
- fontsource-saira-semi-condensed/5.1.1/files/saira-semi-condensed-latin-800-normal.woff.gz
- fontsource-saira-semi-condensed/5.1.1/files/saira-semi-condensed-latin-800-normal.woff2
- fontsource-saira-semi-condensed/5.1.1/files/saira-semi-condensed-latin-900-normal.woff.br
- fontsource-saira-semi-condensed/5.1.1/files/saira-semi-condensed-latin-900-normal.woff.gz
- fontsource-saira-semi-condensed/5.1.1/files/saira-semi-condensed-latin-900-normal.woff2
- fontsource-saira-semi-condensed/5.1.1/files/saira-semi-condensed-latin-ext-100-normal.woff.br
- fontsource-saira-semi-condensed/5.1.1/files/saira-semi-condensed-latin-ext-100-normal.woff.gz
- fontsource-saira-semi-condensed/5.1.1/files/saira-semi-condensed-latin-ext-100-normal.woff2
- fontsource-saira-semi-condensed/5.1.1/files/saira-semi-condensed-latin-ext-200-normal.woff.br
- fontsource-saira-semi-condensed/5.1.1/files/saira-semi-condensed-latin-ext-200-normal.woff.gz
- fontsource-saira-semi-condensed/5.1.1/files/saira-semi-condensed-latin-ext-200-normal.woff2
- fontsource-saira-semi-condensed/5.1.1/files/saira-semi-condensed-latin-ext-300-normal.woff.br
- fontsource-saira-semi-condensed/5.1.1/files/saira-semi-condensed-latin-ext-300-normal.woff.gz
- fontsource-saira-semi-condensed/5.1.1/files/saira-semi-condensed-latin-ext-300-normal.woff2
- fontsource-saira-semi-condensed/5.1.1/files/saira-semi-condensed-latin-ext-400-normal.woff.br
- fontsource-saira-semi-condensed/5.1.1/files/saira-semi-condensed-latin-ext-400-normal.woff.gz
- fontsource-saira-semi-condensed/5.1.1/files/saira-semi-condensed-latin-ext-400-normal.woff2
- fontsource-saira-semi-condensed/5.1.1/files/saira-semi-condensed-latin-ext-500-normal.woff.br
- fontsource-saira-semi-condensed/5.1.1/files/saira-semi-condensed-latin-ext-500-normal.woff.gz
- fontsource-saira-semi-condensed/5.1.1/files/saira-semi-condensed-latin-ext-500-normal.woff2
- fontsource-saira-semi-condensed/5.1.1/files/saira-semi-condensed-latin-ext-600-normal.woff.br
- fontsource-saira-semi-condensed/5.1.1/files/saira-semi-condensed-latin-ext-600-normal.woff.gz
- fontsource-saira-semi-condensed/5.1.1/files/saira-semi-condensed-latin-ext-600-normal.woff2
- fontsource-saira-semi-condensed/5.1.1/files/saira-semi-condensed-latin-ext-700-normal.woff.br
- fontsource-saira-semi-condensed/5.1.1/files/saira-semi-condensed-latin-ext-700-normal.woff.gz
- fontsource-saira-semi-condensed/5.1.1/files/saira-semi-condensed-latin-ext-700-normal.woff2
- fontsource-saira-semi-condensed/5.1.1/files/saira-semi-condensed-latin-ext-800-normal.woff.br
- fontsource-saira-semi-condensed/5.1.1/files/saira-semi-condensed-latin-ext-800-normal.woff.gz
- fontsource-saira-semi-condensed/5.1.1/files/saira-semi-condensed-latin-ext-800-normal.woff2
- fontsource-saira-semi-condensed/5.1.1/files/saira-semi-condensed-latin-ext-900-normal.woff.br
- fontsource-saira-semi-condensed/5.1.1/files/saira-semi-condensed-latin-ext-900-normal.woff.gz
- fontsource-saira-semi-condensed/5.1.1/files/saira-semi-condensed-latin-ext-900-normal.woff2
- fontsource-saira-semi-condensed/5.1.1/files/saira-semi-condensed-vietnamese-100-normal.woff.br
- fontsource-saira-semi-condensed/5.1.1/files/saira-semi-condensed-vietnamese-100-normal.woff.gz
- fontsource-saira-semi-condensed/5.1.1/files/saira-semi-condensed-vietnamese-100-normal.woff2
- fontsource-saira-semi-condensed/5.1.1/files/saira-semi-condensed-vietnamese-200-normal.woff.br
- fontsource-saira-semi-condensed/5.1.1/files/saira-semi-condensed-vietnamese-200-normal.woff.gz
- fontsource-saira-semi-condensed/5.1.1/files/saira-semi-condensed-vietnamese-200-normal.woff2
- fontsource-saira-semi-condensed/5.1.1/files/saira-semi-condensed-vietnamese-300-normal.woff.br
- fontsource-saira-semi-condensed/5.1.1/files/saira-semi-condensed-vietnamese-300-normal.woff.gz
- fontsource-saira-semi-condensed/5.1.1/files/saira-semi-condensed-vietnamese-300-normal.woff2
- fontsource-saira-semi-condensed/5.1.1/files/saira-semi-condensed-vietnamese-400-normal.woff.br
- fontsource-saira-semi-condensed/5.1.1/files/saira-semi-condensed-vietnamese-400-normal.woff.gz
- fontsource-saira-semi-condensed/5.1.1/files/saira-semi-condensed-vietnamese-400-normal.woff2
- fontsource-saira-semi-condensed/5.1.1/files/saira-semi-condensed-vietnamese-500-normal.woff.br
- fontsource-saira-semi-condensed/5.1.1/files/saira-semi-condensed-vietnamese-500-normal.woff.gz
- fontsource-saira-semi-condensed/5.1.1/files/saira-semi-condensed-vietnamese-500-normal.woff2
- fontsource-saira-semi-condensed/5.1.1/files/saira-semi-condensed-vietnamese-600-normal.woff.br
- fontsource-saira-semi-condensed/5.1.1/files/saira-semi-condensed-vietnamese-600-normal.woff.gz
- fontsource-saira-semi-condensed/5.1.1/files/saira-semi-condensed-vietnamese-600-normal.woff2
- fontsource-saira-semi-condensed/5.1.1/files/saira-semi-condensed-vietnamese-700-normal.woff.br
- fontsource-saira-semi-condensed/5.1.1/files/saira-semi-condensed-vietnamese-700-normal.woff.gz
- fontsource-saira-semi-condensed/5.1.1/files/saira-semi-condensed-vietnamese-700-normal.woff2
- fontsource-saira-semi-condensed/5.1.1/files/saira-semi-condensed-vietnamese-800-normal.woff.br
- fontsource-saira-semi-condensed/5.1.1/files/saira-semi-condensed-vietnamese-800-normal.woff.gz
- fontsource-saira-semi-condensed/5.1.1/files/saira-semi-condensed-vietnamese-800-normal.woff2
- fontsource-saira-semi-condensed/5.1.1/files/saira-semi-condensed-vietnamese-900-normal.woff.br
- fontsource-saira-semi-condensed/5.1.1/files/saira-semi-condensed-vietnamese-900-normal.woff.gz
- fontsource-saira-semi-condensed/5.1.1/files/saira-semi-condensed-vietnamese-900-normal.woff2
- fontsource-saira-semi-condensed/5.1.1/index.css.br
- fontsource-saira-semi-condensed/5.1.1/index.css.gz
- fontsource-saira-semi-condensed/5.1.1/index.min.css.br
- fontsource-saira-semi-condensed/5.1.1/index.min.css.gz
- fontsource-saira-semi-condensed/5.1.1/latin-100.css.br
- fontsource-saira-semi-condensed/5.1.1/latin-100.css.gz
- fontsource-saira-semi-condensed/5.1.1/latin-100.min.css.br
- fontsource-saira-semi-condensed/5.1.1/latin-100.min.css.gz
- fontsource-saira-semi-condensed/5.1.1/latin-200.css.br
- fontsource-saira-semi-condensed/5.1.1/latin-200.css.gz
- fontsource-saira-semi-condensed/5.1.1/latin-200.min.css.br
- fontsource-saira-semi-condensed/5.1.1/latin-200.min.css.gz
- fontsource-saira-semi-condensed/5.1.1/latin-300.css.br
- fontsource-saira-semi-condensed/5.1.1/latin-300.css.gz
- fontsource-saira-semi-condensed/5.1.1/latin-300.min.css.br
- fontsource-saira-semi-condensed/5.1.1/latin-300.min.css.gz
- fontsource-saira-semi-condensed/5.1.1/latin-400.css.br
- fontsource-saira-semi-condensed/5.1.1/latin-400.css.gz
- fontsource-saira-semi-condensed/5.1.1/latin-400.min.css.br
- fontsource-saira-semi-condensed/5.1.1/latin-400.min.css.gz
- fontsource-saira-semi-condensed/5.1.1/latin-500.css.br
- fontsource-saira-semi-condensed/5.1.1/latin-500.css.gz
- fontsource-saira-semi-condensed/5.1.1/latin-500.min.css.br
- fontsource-saira-semi-condensed/5.1.1/latin-500.min.css.gz
- fontsource-saira-semi-condensed/5.1.1/latin-600.css.br
- fontsource-saira-semi-condensed/5.1.1/latin-600.css.gz
- fontsource-saira-semi-condensed/5.1.1/latin-600.min.css.br
- fontsource-saira-semi-condensed/5.1.1/latin-600.min.css.gz
- fontsource-saira-semi-condensed/5.1.1/latin-700.css.br
- fontsource-saira-semi-condensed/5.1.1/latin-700.css.gz
- fontsource-saira-semi-condensed/5.1.1/latin-700.min.css.br
- fontsource-saira-semi-condensed/5.1.1/latin-700.min.css.gz
- fontsource-saira-semi-condensed/5.1.1/latin-800.css.br
- fontsource-saira-semi-condensed/5.1.1/latin-800.css.gz
- fontsource-saira-semi-condensed/5.1.1/latin-800.min.css.br
- fontsource-saira-semi-condensed/5.1.1/latin-800.min.css.gz
- fontsource-saira-semi-condensed/5.1.1/latin-900.css.br
- fontsource-saira-semi-condensed/5.1.1/latin-900.css.gz
- fontsource-saira-semi-condensed/5.1.1/latin-900.min.css.br
- fontsource-saira-semi-condensed/5.1.1/latin-900.min.css.gz
- fontsource-saira-semi-condensed/5.1.1/latin-ext-100.css.br
- fontsource-saira-semi-condensed/5.1.1/latin-ext-100.css.gz
- fontsource-saira-semi-condensed/5.1.1/latin-ext-100.min.css.br
- fontsource-saira-semi-condensed/5.1.1/latin-ext-100.min.css.gz
- fontsource-saira-semi-condensed/5.1.1/latin-ext-200.css.br
- fontsource-saira-semi-condensed/5.1.1/latin-ext-200.css.gz
- fontsource-saira-semi-condensed/5.1.1/latin-ext-200.min.css.br
- fontsource-saira-semi-condensed/5.1.1/latin-ext-200.min.css.gz
- fontsource-saira-semi-condensed/5.1.1/latin-ext-300.css.br
- fontsource-saira-semi-condensed/5.1.1/latin-ext-300.css.gz
- fontsource-saira-semi-condensed/5.1.1/latin-ext-300.min.css.br
- fontsource-saira-semi-condensed/5.1.1/latin-ext-300.min.css.gz
- fontsource-saira-semi-condensed/5.1.1/latin-ext-400.css.br
- fontsource-saira-semi-condensed/5.1.1/latin-ext-400.css.gz
- fontsource-saira-semi-condensed/5.1.1/latin-ext-400.min.css.br
- fontsource-saira-semi-condensed/5.1.1/latin-ext-400.min.css.gz
- fontsource-saira-semi-condensed/5.1.1/latin-ext-500.css.br
- fontsource-saira-semi-condensed/5.1.1/latin-ext-500.css.gz
- fontsource-saira-semi-condensed/5.1.1/latin-ext-500.min.css.br
- fontsource-saira-semi-condensed/5.1.1/latin-ext-500.min.css.gz
- fontsource-saira-semi-condensed/5.1.1/latin-ext-600.css.br
- fontsource-saira-semi-condensed/5.1.1/latin-ext-600.css.gz
- fontsource-saira-semi-condensed/5.1.1/latin-ext-600.min.css.br
- fontsource-saira-semi-condensed/5.1.1/latin-ext-600.min.css.gz
- fontsource-saira-semi-condensed/5.1.1/latin-ext-700.css.br
- fontsource-saira-semi-condensed/5.1.1/latin-ext-700.css.gz
- fontsource-saira-semi-condensed/5.1.1/latin-ext-700.min.css.br
- fontsource-saira-semi-condensed/5.1.1/latin-ext-700.min.css.gz
- fontsource-saira-semi-condensed/5.1.1/latin-ext-800.css.br
- fontsource-saira-semi-condensed/5.1.1/latin-ext-800.css.gz
- fontsource-saira-semi-condensed/5.1.1/latin-ext-800.min.css.br
- fontsource-saira-semi-condensed/5.1.1/latin-ext-800.min.css.gz
- fontsource-saira-semi-condensed/5.1.1/latin-ext-900.css.br
- fontsource-saira-semi-condensed/5.1.1/latin-ext-900.css.gz
- fontsource-saira-semi-condensed/5.1.1/latin-ext-900.min.css.br
- fontsource-saira-semi-condensed/5.1.1/latin-ext-900.min.css.gz
- fontsource-saira-semi-condensed/5.1.1/latin-ext.css.br
- fontsource-saira-semi-condensed/5.1.1/latin-ext.css.gz
- fontsource-saira-semi-condensed/5.1.1/latin-ext.min.css.br
- fontsource-saira-semi-condensed/5.1.1/latin-ext.min.css.gz
- fontsource-saira-semi-condensed/5.1.1/latin.css.br
- fontsource-saira-semi-condensed/5.1.1/latin.css.gz
- fontsource-saira-semi-condensed/5.1.1/latin.min.css.br
- fontsource-saira-semi-condensed/5.1.1/latin.min.css.gz
- fontsource-saira-semi-condensed/5.1.1/vietnamese-100.css.br
- fontsource-saira-semi-condensed/5.1.1/vietnamese-100.css.gz
- fontsource-saira-semi-condensed/5.1.1/vietnamese-100.min.css.br
- fontsource-saira-semi-condensed/5.1.1/vietnamese-100.min.css.gz
- fontsource-saira-semi-condensed/5.1.1/vietnamese-200.css.br
- fontsource-saira-semi-condensed/5.1.1/vietnamese-200.css.gz
- fontsource-saira-semi-condensed/5.1.1/vietnamese-200.min.css.br
- fontsource-saira-semi-condensed/5.1.1/vietnamese-200.min.css.gz
- fontsource-saira-semi-condensed/5.1.1/vietnamese-300.css.br
- fontsource-saira-semi-condensed/5.1.1/vietnamese-300.css.gz
- fontsource-saira-semi-condensed/5.1.1/vietnamese-300.min.css.br
- fontsource-saira-semi-condensed/5.1.1/vietnamese-300.min.css.gz
- fontsource-saira-semi-condensed/5.1.1/vietnamese-400.css.br
- fontsource-saira-semi-condensed/5.1.1/vietnamese-400.css.gz
- fontsource-saira-semi-condensed/5.1.1/vietnamese-400.min.css.br
- fontsource-saira-semi-condensed/5.1.1/vietnamese-400.min.css.gz
- fontsource-saira-semi-condensed/5.1.1/vietnamese-500.css.br
- fontsource-saira-semi-condensed/5.1.1/vietnamese-500.css.gz
- fontsource-saira-semi-condensed/5.1.1/vietnamese-500.min.css.br
- fontsource-saira-semi-condensed/5.1.1/vietnamese-500.min.css.gz
- fontsource-saira-semi-condensed/5.1.1/vietnamese-600.css.br
- fontsource-saira-semi-condensed/5.1.1/vietnamese-600.css.gz
- fontsource-saira-semi-condensed/5.1.1/vietnamese-600.min.css.br
- fontsource-saira-semi-condensed/5.1.1/vietnamese-600.min.css.gz
- fontsource-saira-semi-condensed/5.1.1/vietnamese-700.css.br
- fontsource-saira-semi-condensed/5.1.1/vietnamese-700.css.gz
- fontsource-saira-semi-condensed/5.1.1/vietnamese-700.min.css.br
- fontsource-saira-semi-condensed/5.1.1/vietnamese-700.min.css.gz
- fontsource-saira-semi-condensed/5.1.1/vietnamese-800.css.br
- fontsource-saira-semi-condensed/5.1.1/vietnamese-800.css.gz
- fontsource-saira-semi-condensed/5.1.1/vietnamese-800.min.css.br
- fontsource-saira-semi-condensed/5.1.1/vietnamese-800.min.css.gz
- fontsource-saira-semi-condensed/5.1.1/vietnamese-900.css.br
- fontsource-saira-semi-condensed/5.1.1/vietnamese-900.css.gz
- fontsource-saira-semi-condensed/5.1.1/vietnamese-900.min.css.br
- fontsource-saira-semi-condensed/5.1.1/vietnamese-900.min.css.gz
- fontsource-saira-semi-condensed/5.1.1/vietnamese.css.br
- fontsource-saira-semi-condensed/5.1.1/vietnamese.css.gz
- fontsource-saira-semi-condensed/5.1.1/vietnamese.min.css.br
- fontsource-saira-semi-condensed/5.1.1/vietnamese.min.css.gz
SRIs:
- fontsource-saira-semi-condensed/5.1.1/600.css: sha512-PyC+cNVTDKkpdj0MBsq6z79lKjwNf6CrOS2c3Rfo6MxdesZ+G2oHxumQfMvnQ8oycpU1yP8X+i6MvGqN+2vwSQ==
- fontsource-saira-semi-condensed/5.1.1/600.min.css: sha512-tqMgpTlgdPi7eMS5HibGXdKfkoncnMer3iKyBcslYs2FOg45hQ8prqmcQlW1AMJrxTNNyxaljO+lDB9ezdWSdg==
- fontsource-saira-semi-condensed/5.1.1/700.css: sha512-9W1S+ULQQJWI11LrqQ8OfbxwfQDogJVYlvkm60+XfjtkwUPtXjPC2N8GSKyQ7+bqLDDUbWa+hs1KSZiAcjqP8g==
- fontsource-saira-semi-condensed/5.1.1/latin-500.min.css: sha512-ebgiH/V4ltaaJroDCb+UE9nuh2nSMDBTCctyfJyWFEBYprCMssxtg9DSnGISttYFiPhms/ZkO10LlVY0U8L0/w==
- fontsource-saira-semi-condensed/5.1.1/latin-600.min.css: sha512-tESYcjH2Xxix0w8QrukgrDNSjVzrUtmwvl7GpfH10KSiNYLSGye2gcpY5SteMHXAn4UQ8eM9U2d/LRX6jzCyuA==
- fontsource-saira-semi-condensed/5.1.1/vietnamese-200.css: sha512-uVh/o7LIGeLoMEMm4CVNo+FYP1aES68T6ANyt9G64H5dhBShU0CiOVSwmEeL2xdL8e6ipD0z4G4YNnjHayeIJA==
- fontsource-saira-semi-condensed/5.1.1/vietnamese-400.min.css: sha512-vZaN0Hs8OTQJprKq83/kECTVN5K2IF0f7yTIZeWsGmUcgM2Q2tIBJgyHF3ibIL74HTWl8RCvo3+AXZ40BZwQrg==
- fontsource-saira-semi-condensed/5.1.1/100.min.css: sha512-CyB7tAfHzW7AObwt5nJAVbbDwDYqFmwVRz8lu1WRqv2n71QD8ldBtOTvdpFCOrf6FzDp5J1v6hPJPz/1IFnpvg==
- fontsource-saira-semi-condensed/5.1.1/200.css: sha512-Oztvdzxi10ToThebe2mgc45EPbd1Q0J4uNjRJPWMmuRoZT4grIIBqVa4nlFjh8r8mGseVyWkYhJwb3zgxRbPoQ==
- fontsource-saira-semi-condensed/5.1.1/300.min.css: sha512-BdEv/qbcttPXxYtaATkXY0ChYlA+pvCyTE8dZrJ9VMNVD3qarpGNZaCD5y16p/xegIqwn9rh15iIL9CLjqvYnA==
- fontsource-saira-semi-condensed/5.1.1/400.min.css: sha512-36NufkpUDAPx2rkxWWwhKaIXpIO/nwlKJ1UR+ndeO61LFU5kjODWx1+lmnz2CIu0GTSZC+2Vfi7wGXLFpCC8/A==
- fontsource-saira-semi-condensed/5.1.1/500.css: sha512-bewRqdE7ce2MC151vShHcokWv+Tyd9k2B6xyvzXuQVuGBCp4ktsNjQdG6xHzwyAAAGN12ShxLFcEQHlFD/bAzg==
- fontsource-saira-semi-condensed/5.1.1/latin-ext-700.min.css: sha512-KExUneVwTRb3aliVF16Qrphg94tApvBByNLaIvon0Rp5y6d+oAwlS14LvO95TqrLps+QRSSkAWeEfpZ323Fukw==
- fontsource-saira-semi-condensed/5.1.1/latin.css: sha512-zHxGtKxZDDIT7EZY5tU2DUity65TZ1H2MVeSFrNSpfAlLibZR+8SHzv5blXfcpNwPgAXf4o/HvmZKFN7KrrPYQ==
- fontsource-saira-semi-condensed/5.1.1/vietnamese-900.css: sha512-+zth5nePqCc1J0L5p/o1yg+XF7BV9QzZpQJ+2GRBObebYXoREx4N9s5nBwoyg8wshKHA/1YLfhpkwqtldoNkog==
- fontsource-saira-semi-condensed/5.1.1/vietnamese-900.min.css: sha512-IJCRbz9/FDK8ZGhNqMy4d19ZtXLqmpSckc7kYL7hniZozBvG8i70q2DtAcl+HTsIlAmgaDWpykqF9wIY6AKesQ==
- fontsource-saira-semi-condensed/5.1.1/200.min.css: sha512-KSGWo6wk3zN28JtN/2juBofseOP+kz88qc+ddmStYq5KjMJX+cF5VgGmdtoc8s6/X6zOFUVaVUrBX2YBTJSpVA==
- fontsource-saira-semi-condensed/5.1.1/index.min.css: sha512-36NufkpUDAPx2rkxWWwhKaIXpIO/nwlKJ1UR+ndeO61LFU5kjODWx1+lmnz2CIu0GTSZC+2Vfi7wGXLFpCC8/A==
- fontsource-saira-semi-condensed/5.1.1/vietnamese.min.css: sha512-2KFlaNvQuGUz0jvA29OzW7//OMzvFgZ1pYj0np3hpKuOFoA8o77qYli4U50PwuALd9FZoQ95CgkLH36Hd+ttyg==
- fontsource-saira-semi-condensed/5.1.1/800.css: sha512-9h7fcoqhA1leMlGCbQDr93L7ozfc3vL7EJIjKH6qLM4GQMTJBqVmE7SoQdokRr5kZmS2IBZdvPANqtqoI+MA9A==
- fontsource-saira-semi-condensed/5.1.1/latin-100.css: sha512-UGa5j25WcG0o8szi3pPCL+Vw6oGa+dP7nGSTMt7z+SQjqjh2slKBSlzMQSnBHCEJkk/Rj5hcWt5gL2jMlcIOzw==
- fontsource-saira-semi-condensed/5.1.1/latin-400.css: sha512-rbf27sV+j/9WF3+q2cWDR60EKaI7A4dsI6Nxg0Kuw+NkSsfDLuDfGaxJsqz9WTjq+VT9zYQqBWBOI/k4+ODj7A==
- fontsource-saira-semi-condensed/5.1.1/latin-900.min.css: sha512-M5zWoLgYG4K/i7DjQ+mPVmer1moG8qc3XwAQUPMcxJMJMJqcmKuT2hI97sJt/W/In+OdIFXvNqd2XFqOxh5shw==
- fontsource-saira-semi-condensed/5.1.1/latin-ext-900.css: sha512-yP87q39A9HSdwpipLsH/kF5rdmWxWy0Ohq9dDtz9/5kJZtpiutn0YEuZe5+3UOUrGwamCaPNPwA8YANFSNHjEQ==
- fontsource-saira-semi-condensed/5.1.1/vietnamese-800.css: sha512-HFYsaafbQ5x1ExlkOSphoZcQmBdULrZ+tUQz+BOy8aU44xcuvGiI5pC/mW9CPotqkSHyvTaZa6QtWy7g168Tvg==
- fontsource-saira-semi-condensed/5.1.1/500.min.css: sha512-44cSgNfN9eN/q3y3stfvvMuxAcgi/IrGTUwgYPFTR78Rmdal5VF0fUpXesD1ur6sWMikJSgfC/PLeZOvuD/56w==
- fontsource-saira-semi-condensed/5.1.1/latin-300.css: sha512-h8qGVn7/+cBLQNYszfCKsbb+M/TYN4ztttEkKW4HTYRf4OXtKGTSL8CUC1av0+hDFqpMXAyHnitcx+ZJgwtn7g==
- fontsource-saira-semi-condensed/5.1.1/vietnamese-100.css: sha512-s8sVWmTTU4shNs3+tFHkAJK9q0pk2S+Mxr6YR2iZ08i0ikFyor4Ca07tZlv8ot27BEvWwYSN7LpUWlEu67eQxg==
- fontsource-saira-semi-condensed/5.1.1/vietnamese-600.css: sha512-ixsp6asO65/uj81wyLh6J9Uo5+Zt3mmwaTYKQrgfIIUms17aD04fxpaikJVZpLJ6f4pgouk/qbgLZz6DXs0++w==
- fontsource-saira-semi-condensed/5.1.1/400.css: sha512-jZSYE/3VQgdRvCW1hV7VwFmOW31egHD/9e22nERY1qSR9d8NOSjKtNrr9wHZMvUH5+p49hjQCDoXXnS53Xv8Ng==
- fontsource-saira-semi-condensed/5.1.1/800.min.css: sha512-gPM0JXEzcnrt2AIoD4rnUGLYxkskFj1vMnbAHXvAaEdvcswo50VWic7WQho7M+94UUK9SALMIhQ/9GqislnFnw==
- fontsource-saira-semi-condensed/5.1.1/latin-100.min.css: sha512-CMdbWTHIorTHRf3m/cJrJ9kPyaVsnPXGMdGsxECIN8fyrUHyrg6SMXp8aejvmJGORRfU8tYEjf5Z2veOjWTGFA==
- fontsource-saira-semi-condensed/5.1.1/latin-ext.min.css: sha512-7PgEPO1rvkijXXXDm0Znll7IKi8QetmvGLtJDYGPHlyIG4Did0XxFbIEsl38nFbErsK3uluPm6G7qVQExM0ySA==
- fontsource-saira-semi-condensed/5.1.1/vietnamese-300.css: sha512-rpW1x3wtQGGoQ9/eejfVeii5k4MeoDef47TaKIXppYNmpVLGOIFym7BAjlh0y2TlWeXTDxgwr1miqhzZWGFViA==
- fontsource-saira-semi-condensed/5.1.1/vietnamese-700.css: sha512-5VMxsYirf7W9mbkzwCBMUUNs/pFjYMqHfmNaoJiaguahtwTzpQHrv0MB3hLra5O6bEHbTmBW57MorugW4ind1g==
- fontsource-saira-semi-condensed/5.1.1/100.css: sha512-AMHXelpwsYOMWNEpRMtfhhZ+6iSyahmDSTZ6l79IY2Wf28OyFYJmT2/uyFoDul348tt5X1ZQOsJ+pVEoiD/HZQ==
- fontsource-saira-semi-condensed/5.1.1/300.css: sha512-DxYefIzh4oN6YhTULXW+wEorLvS2f/61WFxVGVeKHsIJntnbsc/nPWGrZqZ7Yh70VbQr/QEz0rozLNehUj/Dyg==
- fontsource-saira-semi-condensed/5.1.1/700.min.css: sha512-3IWJz3Y36vrfoTEFlSiz2R99Hp5Fru3t6r/wAW3XTKtIA+fcF9flsWR8HHdc5amPhQlahu6IBsT/fX1trmgIHg==
- fontsource-saira-semi-condensed/5.1.1/900.css: sha512-KolEX9wtJhfAmDVj1bc9w2iCv16cC7BtCdi+W/s0qsJ+GzXm9MdTIDqeeLUkuyQ2NmBgAFOYgn6lDw3g8gWI/A==
- fontsource-saira-semi-condensed/5.1.1/900.min.css: sha512-Y/5jyvtngCY63F0VJg5HS9Km2QO1KiQUR1HX5tdlBTSovaYfn3sjXCMyGHMkPwNihQn5mEii50ugHQzC7jG6qA==
- fontsource-saira-semi-condensed/5.1.1/latin-800.css: sha512-GRtZove2b/5PP93FB0Zbrq/CXWhlTk907vtssjwK7w7yQxRTqjJvOJoP9duuOfKs84tpCnRxDuZE3rwUUYRhJw==
- fontsource-saira-semi-condensed/5.1.1/latin-ext-200.min.css: sha512-yZRJcl3dEKwloLGLjmbFc3L4XaGZtjyDBWLXRR1IL82RBBeHxp1OxuG93IDEGrTZAdT4HrTxWXiBbFmKHhS4mA==
- fontsource-saira-semi-condensed/5.1.1/latin-ext-600.min.css: sha512-6F/0roJ/9vCebvw10akBX3DyjPR6F6/GvyGhAeWJpj4t0p1AFxemWRIxMxNyXEtHjxAgKZ2fq3Q+GgkvAJ4EDw==
- fontsource-saira-semi-condensed/5.1.1/latin-ext-800.min.css: sha512-L4SoNCFpMW0DEc8F8SqzRotRrVQHySS3yPMpX8I6A1VOHksBqFY86XvZZlWKjZpskx6fcEERwlqRUnJ1QhX7sg==
- fontsource-saira-semi-condensed/5.1.1/vietnamese-400.css: sha512-/lu6Vyf/de26wtV6La4V355Gih9OOKMTFILKWuICpxnEly8XNNwZN7AGxkiWSki6AOD7W+Oolk2lOMdiB4Q6Dg==
- fontsource-saira-semi-condensed/5.1.1/latin-300.min.css: sha512-r8F/7ZaXw2ksUKeNnRBZlwKFrcaOvEH9ss6FwXvSa9AhV9SCMMunnUzuzBOcjTDEev/I7waaC12ENxR7BWFD6Q==
- fontsource-saira-semi-condensed/5.1.1/latin-ext-900.min.css: sha512-/FNsPFx+UL8mh8MEQvUvpwErbhMkYCvRyNtO46PgnfroilYEq1nTxGIbm9DpxpAs0G9KCTtK0WsCHSpL0gVWrw==
- fontsource-saira-semi-condensed/5.1.1/latin-800.min.css: sha512-uKdm03Rya5cIFeujqiZ9u7XpRZGuBobNU4IN64yjEYVGxHIA943M07Mhj6vfRkYrTxSJtFBaolYKKuUnhG0p0Q==
- fontsource-saira-semi-condensed/5.1.1/vietnamese-600.min.css: sha512-ukFygfS+P/jbV7FW/X/9ZFBOKkSdfEh8EIWE09ZLdk1lhodT2YhUHms4giS4s59eX98Rap9Eimi5SaQfW2HS5A==
- fontsource-saira-semi-condensed/5.1.1/vietnamese-700.min.css: sha512-m+KUABM9tnKjbxxLQI97u7Xux6pPqTdZsBKpv9rRarlIiezKLj7MSgpgIGGn0u1TdgoRruWqg+B3N5QpwfFObw==
- fontsource-saira-semi-condensed/5.1.1/latin-200.min.css: sha512-9tf4OGzXjtwkg3zwaLrksmhJs1OQal8NZ7LVeduoS2D/ngzLFFePTo4XEPjONrF/f68jS9PFaISR9eFvADkzow==
- fontsource-saira-semi-condensed/5.1.1/vietnamese-100.min.css: sha512-+nXQumazVosWOKwo8qDdzXepKn+H22I4XTfbA36IRCXrKQNd/Y8RHZQWwbvRvyyo+OmGCsaBLQlTrx57OvtxPg==
- fontsource-saira-semi-condensed/5.1.1/vietnamese-500.min.css: sha512-1YzVin9K3xubWuJJE3TyzJYDauIWcR0EP+2UvPdWs3dDh05G702PEEK5+oeEZQOmcjgDobH2QlIEFjgSA9VFug==
- fontsource-saira-semi-condensed/5.1.1/latin-ext-300.min.css: sha512-IyfWuni/hNpIWrOnamha43QVUBZUR6V556+ZrIxxaFFNYoEHcvyuXNlBkeo2Mu8TJbvgHVAwVdtG+FGCOuowhQ==
- fontsource-saira-semi-condensed/5.1.1/latin-ext-400.min.css: sha512-lWM19aCnWiQwWQmco4i0c5QrA0gWtLwvIUzXD4bdFChbIpLy+Rr+ifbKi6UKjrYYdhumZSfMr33Kroo3Rqcyng==
- fontsource-saira-semi-condensed/5.1.1/latin-ext-600.css: sha512-gZbcHHA3xr7zOp4v0s9n/V8FgGAZm9q0bW3rFMtpNvrOz4Qz0+8OfWuppGO1lQLHFGs4VZGnSiyqInoIt0OBCQ==
- fontsource-saira-semi-condensed/5.1.1/latin-400.min.css: sha512-sO9jh066vLYuUlFDidXPurE9n1li8QeZuXxD4xPuO3da5mBFvYRm518Wynpzi2PnzzmwSZIafZ0joggr8wrHMg==
- fontsource-saira-semi-condensed/5.1.1/latin-500.css: sha512-uTJOh5kx2RRWQ8hdKYf/f6aGe3d6J3CYTrVDoM95vabJDKc0i17O3wtFfxRlxwMguz1sykSHiMb+rVrCte8gDg==
- fontsource-saira-semi-condensed/5.1.1/latin-ext-400.css: sha512-341Le100+SvCA5tSgK2DdXPTw7XUeJqKLtSCN4klRcU7SitiU8L805BWHwFGlnvVu0j/bZn0vG1D+2bv+/r6WQ==
- fontsource-saira-semi-condensed/5.1.1/latin-ext.css: sha512-hWTrw9SKSxP5O2OWbel+OpwT2csJcKaZHVVLkwX4X8lEldZ+3Q1UNfvXv8dy/XlXBWmm/Zq4eCZkqg2g4P0FNA==
- fontsource-saira-semi-condensed/5.1.1/vietnamese-200.min.css: sha512-7bZQjkiGZXRN7mXPR+BDEZMR1bgGUq7EW4Ge2h77fQSnVm4UcLlnoqzZgE9LhMktlxf+Y95uFQkYIdSpbukgow==
- fontsource-saira-semi-condensed/5.1.1/latin-600.css: sha512-0Rbhg9pyhMagbcNwLeKPhNeHLoVe8yQqQZmeatkYVNaHZZVL9lx+6VLy8rnHvrNTIuwkDcySjuZ4wpsK5h4JHw==
- fontsource-saira-semi-condensed/5.1.1/latin-700.min.css: sha512-f26MEwT80eeumV6MgMOBlH1Q/QMjUG8GJczAB3lwzyMzLBRS+F82bZCgS0U5/K/9l181P61sJaFoz5zsCNJ2Jw==
- fontsource-saira-semi-condensed/5.1.1/latin-ext-100.css: sha512-TuIktNpnJd58YRiCGUO7dVLpYrzQ9VNhIlYCmvNyEujpjViFH+cy04TtNlWXhWJuOP2w6ofZ5Gmpvm6uCclSFw==
- fontsource-saira-semi-condensed/5.1.1/index.css: sha512-jZSYE/3VQgdRvCW1hV7VwFmOW31egHD/9e22nERY1qSR9d8NOSjKtNrr9wHZMvUH5+p49hjQCDoXXnS53Xv8Ng==
- fontsource-saira-semi-condensed/5.1.1/latin-700.css: sha512-fe8FeEY8GPs9b+iGl6Igx7sJlWS1CUyRFSuGxzioSiRIOn4n/mWNv5NEjPkZv/+Dy3lFubJNcY87RD4ahkLcGQ==
- fontsource-saira-semi-condensed/5.1.1/latin-900.css: sha512-KFqWjGk6g8VmZj3RJGCxvNp6ByKVMmRc1L7GQ6qhTJUZWedxn6cBLYy0SWtBVF+t2lAbH+N5PQi93wt8WKIDvA==
- fontsource-saira-semi-condensed/5.1.1/latin-ext-700.css: sha512-NAMawH4PN05Y2zvwx+0/j96pEEBPz5vCsnKgxOuHHYbHDxmqc9b++nqNcPYQMIGVbc6PINc1LzSwLFjhqcGYOA==
- fontsource-saira-semi-condensed/5.1.1/latin-200.css: sha512-VYtPhxmhYRXH5pVguXAV2PgjJQy6xhanpfCqyvigfsfPRmUgj1L9FAQZa1yWvSpFxyaFIbMjatCD3dXvYXZDyQ==
- fontsource-saira-semi-condensed/5.1.1/latin-ext-100.min.css: sha512-2q9Y30htNNrZV5HhURKure9xl0GmGrJ+iQCL2usCA56QemsIarZNBlcKKGGEu1yMRSGhqU4zuXpb0inl7hvWpw==
- fontsource-saira-semi-condensed/5.1.1/latin-ext-300.css: sha512-Wza2pXWz9UZXzzLd6zdk13Ff2X1bc373La3zKvyfblN8vnnJ1MZNPP/OB2T35sdsTRaCUHzvCookZXXcjDIZsQ==
- fontsource-saira-semi-condensed/5.1.1/latin-ext-500.min.css: sha512-KXSw/cwhboaI3JwvIHPB8x3ZyIk/w9tT5mIJDCIJNmxiH1lJ3a1IS/nUVAThZF2WzKg+h+iTDLlcnSZfRJFGAg==
- fontsource-saira-semi-condensed/5.1.1/latin-ext-800.css: sha512-seILVVfetxyD5LblkV1RfPFzcNM5L96pXfqgQU6jusptT4ZL19YH/dUjaVDxYJfk5KPST2aaZRrOzw0Y/Lwd1g==
- fontsource-saira-semi-condensed/5.1.1/vietnamese-800.min.css: sha512-m7KFF5Muz2j2mCTnFN3pJdqqLbgj/cJE9mdRp2l2vNBvvMleM97elWJg8EpnGh2gk22kqHrLUrDH7z/rXp87iA==
- fontsource-saira-semi-condensed/5.1.1/latin-ext-200.css: sha512-1/YMC7Hv1fdSDvNZmQ0OoI5XYB6q4G6mHC4LDnUpDW45+0XheCQqYVhYaLUse8vMdz4HJM5mn5spmVO/KRX7qA==
- fontsource-saira-semi-condensed/5.1.1/latin-ext-500.css: sha512-mYHYWpEl2goc+9rL/EmVYy09+Fet37H0lADMu6yj/eqq9Z0Tq39jQW+q8f8iroCnB31n55g+/hPAA/BEBN/f+Q==
- fontsource-saira-semi-condensed/5.1.1/latin.min.css: sha512-QOuxbk2HUgz4WEXQcru82VkmxOTjNJRI71/lE9KUP1SzlkWyVXvS5dbCs6wZGmcahWevmBG2WnVlzWpKA3P6Vw==
- fontsource-saira-semi-condensed/5.1.1/vietnamese-300.min.css: sha512-WYX60F9tDGeSp+IE4V0PP1MXtG2jJumCqh3PgW/O0mbBC9cJl/hRt+vOXA81vIMaeAp5K8StUM/ADO6yxhWtrQ==
- fontsource-saira-semi-condensed/5.1.1/vietnamese-500.css: sha512-Tq+7BL/6TZ4ksSngM6weItWxcvZiPbsu5Un5al/R5DG9Mm52xZ+xK1IYjzphkEBa5Kve3dt1P8lHIyFIWSKOhA==
- fontsource-saira-semi-condensed/5.1.1/vietnamese.css: sha512-AgV9zz4bofwYj44PMCbhmv1jclWvrS2JEpXeqmObqp9Pg4FMNvI9vGuEvI53CQur6bX3uTyQACe4mzLDAd+Kvw==
