config: {"authors":[{"name":"Google Inc."}],"autoupdate":{"source":"npm","target":"@fontsource/noto-traditional-nushu","fileMap":[{"basePath":"","files":["*.css","files/*.@(woff|woff2)"]}],"excludeFromSearch":true},"description":"Self-host the Noto Traditional Nushu font in a neatly bundled NPM package.","filename":"index.css","homepage":"https://fontsource.org/fonts/noto-traditional-nushu","keywords":["fontsource","font","font family","google fonts","noto-traditional-nushu","Noto Traditional Nushu","css","sass","front-end","web","typeface","variable"],"license":"OFL-1.1","name":"fontsource-noto-traditional-nushu","repository":{"type":"git","url":"git+https://github.com/fontsource/font-files.git"},"author":"Google Inc."}
KV keys:
- fontsource-noto-traditional-nushu/5.2.1/300.css.br
- fontsource-noto-traditional-nushu/5.2.1/300.css.gz
- fontsource-noto-traditional-nushu/5.2.1/300.min.css.br
- fontsource-noto-traditional-nushu/5.2.1/300.min.css.gz
- fontsource-noto-traditional-nushu/5.2.1/400.css.br
- fontsource-noto-traditional-nushu/5.2.1/400.css.gz
- fontsource-noto-traditional-nushu/5.2.1/400.min.css.br
- fontsource-noto-traditional-nushu/5.2.1/400.min.css.gz
- fontsource-noto-traditional-nushu/5.2.1/500.css.br
- fontsource-noto-traditional-nushu/5.2.1/500.css.gz
- fontsource-noto-traditional-nushu/5.2.1/500.min.css.br
- fontsource-noto-traditional-nushu/5.2.1/500.min.css.gz
- fontsource-noto-traditional-nushu/5.2.1/600.css.br
- fontsource-noto-traditional-nushu/5.2.1/600.css.gz
- fontsource-noto-traditional-nushu/5.2.1/600.min.css.br
- fontsource-noto-traditional-nushu/5.2.1/600.min.css.gz
- fontsource-noto-traditional-nushu/5.2.1/700.css.br
- fontsource-noto-traditional-nushu/5.2.1/700.css.gz
- fontsource-noto-traditional-nushu/5.2.1/700.min.css.br
- fontsource-noto-traditional-nushu/5.2.1/700.min.css.gz
- fontsource-noto-traditional-nushu/5.2.1/files/noto-traditional-nushu-latin-300-normal.woff.br
- fontsource-noto-traditional-nushu/5.2.1/files/noto-traditional-nushu-latin-300-normal.woff.gz
- fontsource-noto-traditional-nushu/5.2.1/files/noto-traditional-nushu-latin-300-normal.woff2
- fontsource-noto-traditional-nushu/5.2.1/files/noto-traditional-nushu-latin-400-normal.woff.br
- fontsource-noto-traditional-nushu/5.2.1/files/noto-traditional-nushu-latin-400-normal.woff.gz
- fontsource-noto-traditional-nushu/5.2.1/files/noto-traditional-nushu-latin-400-normal.woff2
- fontsource-noto-traditional-nushu/5.2.1/files/noto-traditional-nushu-latin-500-normal.woff.br
- fontsource-noto-traditional-nushu/5.2.1/files/noto-traditional-nushu-latin-500-normal.woff.gz
- fontsource-noto-traditional-nushu/5.2.1/files/noto-traditional-nushu-latin-500-normal.woff2
- fontsource-noto-traditional-nushu/5.2.1/files/noto-traditional-nushu-latin-600-normal.woff.br
- fontsource-noto-traditional-nushu/5.2.1/files/noto-traditional-nushu-latin-600-normal.woff.gz
- fontsource-noto-traditional-nushu/5.2.1/files/noto-traditional-nushu-latin-600-normal.woff2
- fontsource-noto-traditional-nushu/5.2.1/files/noto-traditional-nushu-latin-700-normal.woff.br
- fontsource-noto-traditional-nushu/5.2.1/files/noto-traditional-nushu-latin-700-normal.woff.gz
- fontsource-noto-traditional-nushu/5.2.1/files/noto-traditional-nushu-latin-700-normal.woff2
- fontsource-noto-traditional-nushu/5.2.1/files/noto-traditional-nushu-latin-ext-300-normal.woff.br
- fontsource-noto-traditional-nushu/5.2.1/files/noto-traditional-nushu-latin-ext-300-normal.woff.gz
- fontsource-noto-traditional-nushu/5.2.1/files/noto-traditional-nushu-latin-ext-300-normal.woff2
- fontsource-noto-traditional-nushu/5.2.1/files/noto-traditional-nushu-latin-ext-400-normal.woff.br
- fontsource-noto-traditional-nushu/5.2.1/files/noto-traditional-nushu-latin-ext-400-normal.woff.gz
- fontsource-noto-traditional-nushu/5.2.1/files/noto-traditional-nushu-latin-ext-400-normal.woff2
- fontsource-noto-traditional-nushu/5.2.1/files/noto-traditional-nushu-latin-ext-500-normal.woff.br
- fontsource-noto-traditional-nushu/5.2.1/files/noto-traditional-nushu-latin-ext-500-normal.woff.gz
- fontsource-noto-traditional-nushu/5.2.1/files/noto-traditional-nushu-latin-ext-500-normal.woff2
- fontsource-noto-traditional-nushu/5.2.1/files/noto-traditional-nushu-latin-ext-600-normal.woff.br
- fontsource-noto-traditional-nushu/5.2.1/files/noto-traditional-nushu-latin-ext-600-normal.woff.gz
- fontsource-noto-traditional-nushu/5.2.1/files/noto-traditional-nushu-latin-ext-600-normal.woff2
- fontsource-noto-traditional-nushu/5.2.1/files/noto-traditional-nushu-latin-ext-700-normal.woff.br
- fontsource-noto-traditional-nushu/5.2.1/files/noto-traditional-nushu-latin-ext-700-normal.woff.gz
- fontsource-noto-traditional-nushu/5.2.1/files/noto-traditional-nushu-latin-ext-700-normal.woff2
- fontsource-noto-traditional-nushu/5.2.1/files/noto-traditional-nushu-nushu-300-normal.woff.br
- fontsource-noto-traditional-nushu/5.2.1/files/noto-traditional-nushu-nushu-300-normal.woff.gz
- fontsource-noto-traditional-nushu/5.2.1/files/noto-traditional-nushu-nushu-300-normal.woff2
- fontsource-noto-traditional-nushu/5.2.1/files/noto-traditional-nushu-nushu-400-normal.woff.br
- fontsource-noto-traditional-nushu/5.2.1/files/noto-traditional-nushu-nushu-400-normal.woff.gz
- fontsource-noto-traditional-nushu/5.2.1/files/noto-traditional-nushu-nushu-400-normal.woff2
- fontsource-noto-traditional-nushu/5.2.1/files/noto-traditional-nushu-nushu-500-normal.woff.br
- fontsource-noto-traditional-nushu/5.2.1/files/noto-traditional-nushu-nushu-500-normal.woff.gz
- fontsource-noto-traditional-nushu/5.2.1/files/noto-traditional-nushu-nushu-500-normal.woff2
- fontsource-noto-traditional-nushu/5.2.1/files/noto-traditional-nushu-nushu-600-normal.woff.br
- fontsource-noto-traditional-nushu/5.2.1/files/noto-traditional-nushu-nushu-600-normal.woff.gz
- fontsource-noto-traditional-nushu/5.2.1/files/noto-traditional-nushu-nushu-600-normal.woff2
- fontsource-noto-traditional-nushu/5.2.1/files/noto-traditional-nushu-nushu-700-normal.woff.br
- fontsource-noto-traditional-nushu/5.2.1/files/noto-traditional-nushu-nushu-700-normal.woff.gz
- fontsource-noto-traditional-nushu/5.2.1/files/noto-traditional-nushu-nushu-700-normal.woff2
- fontsource-noto-traditional-nushu/5.2.1/index.css.br
- fontsource-noto-traditional-nushu/5.2.1/index.css.gz
- fontsource-noto-traditional-nushu/5.2.1/index.min.css.br
- fontsource-noto-traditional-nushu/5.2.1/index.min.css.gz
- fontsource-noto-traditional-nushu/5.2.1/latin-300.css.br
- fontsource-noto-traditional-nushu/5.2.1/latin-300.css.gz
- fontsource-noto-traditional-nushu/5.2.1/latin-300.min.css.br
- fontsource-noto-traditional-nushu/5.2.1/latin-300.min.css.gz
- fontsource-noto-traditional-nushu/5.2.1/latin-400.css.br
- fontsource-noto-traditional-nushu/5.2.1/latin-400.css.gz
- fontsource-noto-traditional-nushu/5.2.1/latin-400.min.css.br
- fontsource-noto-traditional-nushu/5.2.1/latin-400.min.css.gz
- fontsource-noto-traditional-nushu/5.2.1/latin-500.css.br
- fontsource-noto-traditional-nushu/5.2.1/latin-500.css.gz
- fontsource-noto-traditional-nushu/5.2.1/latin-500.min.css.br
- fontsource-noto-traditional-nushu/5.2.1/latin-500.min.css.gz
- fontsource-noto-traditional-nushu/5.2.1/latin-600.css.br
- fontsource-noto-traditional-nushu/5.2.1/latin-600.css.gz
- fontsource-noto-traditional-nushu/5.2.1/latin-600.min.css.br
- fontsource-noto-traditional-nushu/5.2.1/latin-600.min.css.gz
- fontsource-noto-traditional-nushu/5.2.1/latin-700.css.br
- fontsource-noto-traditional-nushu/5.2.1/latin-700.css.gz
- fontsource-noto-traditional-nushu/5.2.1/latin-700.min.css.br
- fontsource-noto-traditional-nushu/5.2.1/latin-700.min.css.gz
- fontsource-noto-traditional-nushu/5.2.1/latin-ext-300.css.br
- fontsource-noto-traditional-nushu/5.2.1/latin-ext-300.css.gz
- fontsource-noto-traditional-nushu/5.2.1/latin-ext-300.min.css.br
- fontsource-noto-traditional-nushu/5.2.1/latin-ext-300.min.css.gz
- fontsource-noto-traditional-nushu/5.2.1/latin-ext-400.css.br
- fontsource-noto-traditional-nushu/5.2.1/latin-ext-400.css.gz
- fontsource-noto-traditional-nushu/5.2.1/latin-ext-400.min.css.br
- fontsource-noto-traditional-nushu/5.2.1/latin-ext-400.min.css.gz
- fontsource-noto-traditional-nushu/5.2.1/latin-ext-500.css.br
- fontsource-noto-traditional-nushu/5.2.1/latin-ext-500.css.gz
- fontsource-noto-traditional-nushu/5.2.1/latin-ext-500.min.css.br
- fontsource-noto-traditional-nushu/5.2.1/latin-ext-500.min.css.gz
- fontsource-noto-traditional-nushu/5.2.1/latin-ext-600.css.br
- fontsource-noto-traditional-nushu/5.2.1/latin-ext-600.css.gz
- fontsource-noto-traditional-nushu/5.2.1/latin-ext-600.min.css.br
- fontsource-noto-traditional-nushu/5.2.1/latin-ext-600.min.css.gz
- fontsource-noto-traditional-nushu/5.2.1/latin-ext-700.css.br
- fontsource-noto-traditional-nushu/5.2.1/latin-ext-700.css.gz
- fontsource-noto-traditional-nushu/5.2.1/latin-ext-700.min.css.br
- fontsource-noto-traditional-nushu/5.2.1/latin-ext-700.min.css.gz
- fontsource-noto-traditional-nushu/5.2.1/latin-ext.css.br
- fontsource-noto-traditional-nushu/5.2.1/latin-ext.css.gz
- fontsource-noto-traditional-nushu/5.2.1/latin-ext.min.css.br
- fontsource-noto-traditional-nushu/5.2.1/latin-ext.min.css.gz
- fontsource-noto-traditional-nushu/5.2.1/latin.css.br
- fontsource-noto-traditional-nushu/5.2.1/latin.css.gz
- fontsource-noto-traditional-nushu/5.2.1/latin.min.css.br
- fontsource-noto-traditional-nushu/5.2.1/latin.min.css.gz
- fontsource-noto-traditional-nushu/5.2.1/nushu-300.css.br
- fontsource-noto-traditional-nushu/5.2.1/nushu-300.css.gz
- fontsource-noto-traditional-nushu/5.2.1/nushu-300.min.css.br
- fontsource-noto-traditional-nushu/5.2.1/nushu-300.min.css.gz
- fontsource-noto-traditional-nushu/5.2.1/nushu-400.css.br
- fontsource-noto-traditional-nushu/5.2.1/nushu-400.css.gz
- fontsource-noto-traditional-nushu/5.2.1/nushu-400.min.css.br
- fontsource-noto-traditional-nushu/5.2.1/nushu-400.min.css.gz
- fontsource-noto-traditional-nushu/5.2.1/nushu-500.css.br
- fontsource-noto-traditional-nushu/5.2.1/nushu-500.css.gz
- fontsource-noto-traditional-nushu/5.2.1/nushu-500.min.css.br
- fontsource-noto-traditional-nushu/5.2.1/nushu-500.min.css.gz
- fontsource-noto-traditional-nushu/5.2.1/nushu-600.css.br
- fontsource-noto-traditional-nushu/5.2.1/nushu-600.css.gz
- fontsource-noto-traditional-nushu/5.2.1/nushu-600.min.css.br
- fontsource-noto-traditional-nushu/5.2.1/nushu-600.min.css.gz
- fontsource-noto-traditional-nushu/5.2.1/nushu-700.css.br
- fontsource-noto-traditional-nushu/5.2.1/nushu-700.css.gz
- fontsource-noto-traditional-nushu/5.2.1/nushu-700.min.css.br
- fontsource-noto-traditional-nushu/5.2.1/nushu-700.min.css.gz
- fontsource-noto-traditional-nushu/5.2.1/nushu.css.br
- fontsource-noto-traditional-nushu/5.2.1/nushu.css.gz
- fontsource-noto-traditional-nushu/5.2.1/nushu.min.css.br
- fontsource-noto-traditional-nushu/5.2.1/nushu.min.css.gz
SRIs:
- fontsource-noto-traditional-nushu/5.2.1/latin-ext-500.min.css: sha512-/k/peqdbCoCB1gXHNt6ZGeaXE3fbwbnQ/Tl05LJ2Ge+hLyN2C+TjPc/FzgcggB+sjJt7U3aNgvidAi+YWsrzJQ==
- fontsource-noto-traditional-nushu/5.2.1/nushu-300.min.css: sha512-zSmadpksVOJ4NcqFPsPrnZIxG2rLkwJHTcyXrLxMZ7AP/iws4q71huyMtHCrU3D/6jpk4dm+DhmOhdITL+swQA==
- fontsource-noto-traditional-nushu/5.2.1/nushu-400.css: sha512-tf8EQhZeYsaNT9r1Xw9JKUpRDeXVUe3eUzM1vf/wX42vV+Z+y/MU+xtSdM6oRoR6x4HAMpjyKDdkgpPQAayy6g==
- fontsource-noto-traditional-nushu/5.2.1/nushu-700.min.css: sha512-UUk/dgEqzGUFqGIrlzqRLv37AbHPty8HqlHiIvlvzdRW/FxyITxrj477t9LovaKuTlC3d0KJdsjBQT+xZ1aoxQ==
- fontsource-noto-traditional-nushu/5.2.1/300.css: sha512-56vPv9e3newijVVN1NLkbINycoy2SohmRT89++oSGfeMcWutO1FUwtPsuGaEJtCqTh8CO+RGbiKKskePpbi6gQ==
- fontsource-noto-traditional-nushu/5.2.1/400.min.css: sha512-j4DDSeB1rIPzS2BFLMjJUJNY0MEb4/VFebOWePZdrM4L/GcZgRiBAo7INx7eDgYB67+2stYrj7enU/NiXb3r2w==
- fontsource-noto-traditional-nushu/5.2.1/latin-400.min.css: sha512-uPnlEy6XuG/aFWKveuc4+JbtaKzW2uUHPzHchTaHMLY6r8zosxlUTra2wFgUuj3e6PSBLMP7jgG0bad6/9AN+Q==
- fontsource-noto-traditional-nushu/5.2.1/latin-ext.min.css: sha512-BKiOgKTYtOhxQyG/wIEADKtZKz7l6VKiKcvPe/scQ59kYFyxcpanzGbamgRsxRVw8DfNhBQX+jBWag8yFKVL4w==
- fontsource-noto-traditional-nushu/5.2.1/nushu-700.css: sha512-SY6FXi/+mI6LFWFc5vltAgH6yZxvF0OZyfcaaZwI4Z30SS6TibQdjp2kBSnsPT6c7ZXRe9PFSwGt/BZG1FkS4g==
- fontsource-noto-traditional-nushu/5.2.1/500.min.css: sha512-5QtjYZ6FHJRXrS3NpGQiJFkVzlEdP2ryiDsfR+RHQglpe4ecWqNtf7EOV8CTwQgL2XiQm1k0JULuRQ7Z0uKi9A==
- fontsource-noto-traditional-nushu/5.2.1/700.min.css: sha512-vxJd8i4LfWV8Kyu0PUFkdMXejEx6LBQYg6aFZil2hByGidVcUHnTg8EO5GgX85cWTM04wCK5zwI8c/7i+IpBFQ==
- fontsource-noto-traditional-nushu/5.2.1/latin-ext-300.css: sha512-m/dUfQ2g0ok4qKNXMFqSrdWRtnYpoZlcuZaGQTuVy8hipJQXmSgIQTZ04f6tH4yR3jtl9XcV+b09aF1qhnBG3Q==
- fontsource-noto-traditional-nushu/5.2.1/latin-400.css: sha512-O6Wxj2KQlofy+goTMzKt4bqIbIf59UxtcdkVuXkI+CKXLMVGpDIbAdm4B7sd7UK3DpOMzMNf0W1CJCq7zQrNtQ==
- fontsource-noto-traditional-nushu/5.2.1/latin-ext-400.css: sha512-0+796thOdLG3+yAQ9VEl4ubDGybjRF0wvlGpEczpb3Wc3IjI8SX0zvCrkFRZvfAM2eptDDXVooZ37uvl9or1yQ==
- fontsource-noto-traditional-nushu/5.2.1/latin-ext-600.css: sha512-JluTUGej77r2LRPLoYdiM8kDMwDx3Q2KZ/R9Fu06RjRTgijHYSxxbLDvMAcfnOTgVUCxsuSdMbeXoIzZmJJMTw==
- fontsource-noto-traditional-nushu/5.2.1/latin.min.css: sha512-X05EG0Prd6z1zzBK8BYDX7nH742On18zXhRArEKXwuIsBhefTW8h5lj5sBo9j6JJ+4b3z8m7BJxqW2SnB/zyog==
- fontsource-noto-traditional-nushu/5.2.1/nushu-600.min.css: sha512-3m5da+wCS4ktwMnBj5do+1HPVptzmNHcuut2vLMi6s9GdeZnNADIxu+M81OtHPrwebVpm3KWE5zrx3Xeo/QhHw==
- fontsource-noto-traditional-nushu/5.2.1/300.min.css: sha512-Y5OEL7cChvC8NajCYkwg+zY+n1nHV3LusW3ooowE7+o8amPO0Ioigr/k4/HSbFOYdgepHWCMty2q9lYwD1LOLA==
- fontsource-noto-traditional-nushu/5.2.1/500.css: sha512-PUCmbx4mTO0xOHHpyKolrbVaHaPsZGo8gWofLh1bNvY21vgmjt+CDW551L8MBG9Fsg9VYGoMigdGnJKIY35AzQ==
- fontsource-noto-traditional-nushu/5.2.1/latin-300.min.css: sha512-M9yMByUxI/vwjM9Bcs5WPiDEsoGm6E3GPHBDwPS72mIhMd4FM1NkPkviwiLFIfz4F3Dm0YIjR3q9lrG70QedSQ==
- fontsource-noto-traditional-nushu/5.2.1/nushu-600.css: sha512-kWFympe8F7BcSlrbHK5KNk6MDG7/pSSa1o4HIYMskRchtKczRx9R69ukyO1OiKPrsDfRMvtiu1Hh3u271P0ZMw==
- fontsource-noto-traditional-nushu/5.2.1/400.css: sha512-UwrzTx2XYZHASi2sYK15/9JLxzKmVIkqmQhrpnzBlif9tXfQMUFVc8xjjqL1loMUrbF1sfo23V0e2OpiAE1v3w==
- fontsource-noto-traditional-nushu/5.2.1/latin-ext-300.min.css: sha512-hdL+9wIV4SenFs5AJZJs+RADr7KlhNXJhY5ix320P9JPElSMU2cszKOzyMq1BcXkBjXmXVSU4IVSIncKlD0qVA==
- fontsource-noto-traditional-nushu/5.2.1/latin-ext-500.css: sha512-+ntPgV1ntlPlXpmDU2V+sazbSbDh9h6gN7z+eMi2lmNoqYJ924CoyiVPqNJJBf5+kOO0AWDXffF6LZTzYdJ3xg==
- fontsource-noto-traditional-nushu/5.2.1/latin.css: sha512-d8LDopnefjN9J07V3WIVkZbu9PgU+oHCa5TEAqvGH4tMMNhEJxCnRhoyBEqrXTan73908VfLrR22/TKr6/7TKQ==
- fontsource-noto-traditional-nushu/5.2.1/nushu-300.css: sha512-fTWs5tCWFhUPoNmGYvnkpL8nFIPZwtWq/O9k4lEFqASW8Zoqd5+DWN37RwgV3P426hprjospExb6nbfE+xOJ8g==
- fontsource-noto-traditional-nushu/5.2.1/nushu.css: sha512-3HqRmyVy3MCHdab1q+d5CX0BHz/os0b9kkMBUd6FhkJ6ikcW1AugnW23ZNu/17XPT9DocSU0/RxXzR152+Uv1g==
- fontsource-noto-traditional-nushu/5.2.1/latin-ext-700.min.css: sha512-S2O+bN8lXk/DAVFnfwS3c4tT1oqu2QMqukLKj/t7n5iE529rz4nZlo+tGlmHv0vwfQo7ekmym7iok9W3Giuh1g==
- fontsource-noto-traditional-nushu/5.2.1/latin-ext.css: sha512-NJxaku1m8Vpq7jx2oLGn0ibO92lV7QwmOy32ubU8EJa+5zddZsj3NCZi9RByZnSn0dSYgCqIbPvetRefEBS/Vg==
- fontsource-noto-traditional-nushu/5.2.1/nushu-400.min.css: sha512-bce5PIT5eocXeLoXPCzkRmTKip2lj8rpV9kTGv1+XgIbx4NdImr4q01jkeYc0tJ89NlueC7gfV86d38au8pwsw==
- fontsource-noto-traditional-nushu/5.2.1/latin-500.css: sha512-5XVbrMSQv4Wu3tjBVzX1KzGkk8mQjlzmca+yW7NdqjSvjS7l8oElJ2aYYrj4XyrkUGWNhEYz0zPbRZOlD6N++A==
- fontsource-noto-traditional-nushu/5.2.1/latin-ext-400.min.css: sha512-385X7DwFkwRiTRKk+zSzid/XLzqc4J+rqxCTNXTO7BPtBjul4GfYWyGmOjP2Jax/sMqfWPqYYKdIxq6ei1n4TA==
- fontsource-noto-traditional-nushu/5.2.1/latin-ext-600.min.css: sha512-JHfkvme5/YN18uqE8v5Zg/la7aQrJ/YUWt1/4oN6Ux1fMhZWB0MmUCVeojjAhjlLWYHJY/VUhnDhd7wmcYZ3Ug==
- fontsource-noto-traditional-nushu/5.2.1/nushu.min.css: sha512-MBNeGHgDqO0NPNSgqQqaRP/uTEYB2pxSBL8ZnoFUEtssBTliwVX/fwiNF01GISGvKkpWxn/9rWPd3p38NyktiA==
- fontsource-noto-traditional-nushu/5.2.1/index.css: sha512-UwrzTx2XYZHASi2sYK15/9JLxzKmVIkqmQhrpnzBlif9tXfQMUFVc8xjjqL1loMUrbF1sfo23V0e2OpiAE1v3w==
- fontsource-noto-traditional-nushu/5.2.1/latin-600.css: sha512-oYJQ8rKo0R6YRVgjSYgdn6kfDYMG5M+vUKJEUsStTFBVPQf7xzNiPO1QsuXBRzt85EyGkjUWyb669KUOdbOVUA==
- fontsource-noto-traditional-nushu/5.2.1/nushu-500.css: sha512-17K8xy8NYZ0ZBl2gJNsL0l6+3M7Boqu45zC/UBnj47E8v6C3HyRnoBQgMgiO2ANtHwlwIRVN1qCCy1hwbTFnRA==
- fontsource-noto-traditional-nushu/5.2.1/index.min.css: sha512-j4DDSeB1rIPzS2BFLMjJUJNY0MEb4/VFebOWePZdrM4L/GcZgRiBAo7INx7eDgYB67+2stYrj7enU/NiXb3r2w==
- fontsource-noto-traditional-nushu/5.2.1/latin-300.css: sha512-rwbfGFsC3InALpt79FQCMswaHLQun2kq3xm+D5a7yA6ZdUhDFtcwq2Y/+D4X7eRJ7kGbqsuXv5K2uloLe78vIw==
- fontsource-noto-traditional-nushu/5.2.1/latin-500.min.css: sha512-SYhz9hrSlL1LDZh/e1mBHgU7OFg33QuwPKtgRU1PHmn2HNpzz3wcwSgKQABGjjYrtrtKEwnxk9EQOZd1U4PNaw==
- fontsource-noto-traditional-nushu/5.2.1/latin-600.min.css: sha512-39p4Xx1oCBSYRHapghggucERb0786H26Sba+PytC7PvCFXnyz+65haxGmWSG6zwGOiREyNfCEdoohJfaWrQiOw==
- fontsource-noto-traditional-nushu/5.2.1/latin-700.css: sha512-tqOpi+gWnJaI9E94XV1RK5N78ONvrd1ngPAq0FzIZmOeBxYUHewlC6RFw4W4n2mHiyUIRoa23uYhEI+aeJpcRw==
- fontsource-noto-traditional-nushu/5.2.1/600.css: sha512-Poivvof3hAdL79RXZn9DbvT+fWYpPYloQYQx6B5E3TUPkNJ+e5WvYAValkR2YlzXppcfrDkIj6BsxB/O9C2CLg==
- fontsource-noto-traditional-nushu/5.2.1/600.min.css: sha512-LDEEzM+EpnXJfsrDyibanbAx+G55mqpStEDJGKLMOC8om2d4S2gJhzkhD9nv7BK1R9GNT87qZKz09hnpii7sSw==
- fontsource-noto-traditional-nushu/5.2.1/700.css: sha512-Iqp9LemUCslyZXCiKFPm5Rn1aX9UlTEPMBj87Zs5AJBuktnYi/EdPkMTjO4cO9lyEieuKB3JVJX1HeqbQjbXhQ==
- fontsource-noto-traditional-nushu/5.2.1/latin-700.min.css: sha512-580be5FEp9S94cRpGd/TmuKFrPwIlZJn+ngAd+1n8tbJkuHgQrrsafOSfv1G28jQfO5DPjZbKK5GqFtJbq9xFg==
- fontsource-noto-traditional-nushu/5.2.1/latin-ext-700.css: sha512-HFGdY1VU2e6r8bRNW2PWo4K08MifcTZDLCluH28UV9uYGFYz2IJGApytHWbtmg2tEAsLSaj9XtSJhkOM/MRKpg==
- fontsource-noto-traditional-nushu/5.2.1/nushu-500.min.css: sha512-ljP6LxYlw1TN/oKKydM/e6UXgh7qgNm8fLsVcsu1wKxYrAYT7qIEomwx10G1GuTTg+tZEyexbXC/sbiJaJQDRw==
