Files:
- clerk-js/5.68.0-snapshot.v20250529201021/192_clerk.browser_c573dc_5.68.0-snapshot.v20250529201021.js.br
- clerk-js/5.68.0-snapshot.v20250529201021/192_clerk.browser_c573dc_5.68.0-snapshot.v20250529201021.js.gz
- clerk-js/5.68.0-snapshot.v20250529201021/192_clerk.browser_c573dc_5.68.0-snapshot.v20250529201021.js.sri
- clerk-js/5.68.0-snapshot.v20250529201021/192_clerk.browser_c573dc_5.68.0-snapshot.v20250529201021.min.js.br
- clerk-js/5.68.0-snapshot.v20250529201021/192_clerk.browser_c573dc_5.68.0-snapshot.v20250529201021.min.js.gz
- clerk-js/5.68.0-snapshot.v20250529201021/192_clerk.browser_c573dc_5.68.0-snapshot.v20250529201021.min.js.sri
- clerk-js/5.68.0-snapshot.v20250529201021/192_clerk.chips.browser_a811ce_5.68.0-snapshot.v20250529201021.js.br
- clerk-js/5.68.0-snapshot.v20250529201021/192_clerk.chips.browser_a811ce_5.68.0-snapshot.v20250529201021.js.gz
- clerk-js/5.68.0-snapshot.v20250529201021/192_clerk.chips.browser_a811ce_5.68.0-snapshot.v20250529201021.js.sri
- clerk-js/5.68.0-snapshot.v20250529201021/192_clerk.chips.browser_a811ce_5.68.0-snapshot.v20250529201021.min.js.br
- clerk-js/5.68.0-snapshot.v20250529201021/192_clerk.chips.browser_a811ce_5.68.0-snapshot.v20250529201021.min.js.gz
- clerk-js/5.68.0-snapshot.v20250529201021/192_clerk.chips.browser_a811ce_5.68.0-snapshot.v20250529201021.min.js.sri
- clerk-js/5.68.0-snapshot.v20250529201021/192_clerk.legacy.browser_cb2c0c_5.68.0-snapshot.v20250529201021.js.br
- clerk-js/5.68.0-snapshot.v20250529201021/192_clerk.legacy.browser_cb2c0c_5.68.0-snapshot.v20250529201021.js.gz
- clerk-js/5.68.0-snapshot.v20250529201021/192_clerk.legacy.browser_cb2c0c_5.68.0-snapshot.v20250529201021.js.sri
- clerk-js/5.68.0-snapshot.v20250529201021/192_clerk.legacy.browser_cb2c0c_5.68.0-snapshot.v20250529201021.min.js.br
- clerk-js/5.68.0-snapshot.v20250529201021/192_clerk.legacy.browser_cb2c0c_5.68.0-snapshot.v20250529201021.min.js.gz
- clerk-js/5.68.0-snapshot.v20250529201021/192_clerk.legacy.browser_cb2c0c_5.68.0-snapshot.v20250529201021.min.js.sri
- clerk-js/5.68.0-snapshot.v20250529201021/377_clerk.headless_04cb6f_5.68.0-snapshot.v20250529201021.js.br
- clerk-js/5.68.0-snapshot.v20250529201021/377_clerk.headless_04cb6f_5.68.0-snapshot.v20250529201021.js.gz
- clerk-js/5.68.0-snapshot.v20250529201021/377_clerk.headless_04cb6f_5.68.0-snapshot.v20250529201021.js.sri
- clerk-js/5.68.0-snapshot.v20250529201021/377_clerk.headless_04cb6f_5.68.0-snapshot.v20250529201021.min.js.br
- clerk-js/5.68.0-snapshot.v20250529201021/377_clerk.headless_04cb6f_5.68.0-snapshot.v20250529201021.min.js.gz
- clerk-js/5.68.0-snapshot.v20250529201021/377_clerk.headless_04cb6f_5.68.0-snapshot.v20250529201021.min.js.sri
- clerk-js/5.68.0-snapshot.v20250529201021/645_clerk.browser_c573dc_5.68.0-snapshot.v20250529201021.js.br
- clerk-js/5.68.0-snapshot.v20250529201021/645_clerk.browser_c573dc_5.68.0-snapshot.v20250529201021.js.gz
- clerk-js/5.68.0-snapshot.v20250529201021/645_clerk.browser_c573dc_5.68.0-snapshot.v20250529201021.js.sri
- clerk-js/5.68.0-snapshot.v20250529201021/645_clerk.browser_c573dc_5.68.0-snapshot.v20250529201021.min.js.br
- clerk-js/5.68.0-snapshot.v20250529201021/645_clerk.browser_c573dc_5.68.0-snapshot.v20250529201021.min.js.gz
- clerk-js/5.68.0-snapshot.v20250529201021/645_clerk.browser_c573dc_5.68.0-snapshot.v20250529201021.min.js.sri
- clerk-js/5.68.0-snapshot.v20250529201021/645_clerk.chips.browser_a811ce_5.68.0-snapshot.v20250529201021.js.br
- clerk-js/5.68.0-snapshot.v20250529201021/645_clerk.chips.browser_a811ce_5.68.0-snapshot.v20250529201021.js.gz
- clerk-js/5.68.0-snapshot.v20250529201021/645_clerk.chips.browser_a811ce_5.68.0-snapshot.v20250529201021.js.sri
- clerk-js/5.68.0-snapshot.v20250529201021/645_clerk.chips.browser_a811ce_5.68.0-snapshot.v20250529201021.min.js.br
- clerk-js/5.68.0-snapshot.v20250529201021/645_clerk.chips.browser_a811ce_5.68.0-snapshot.v20250529201021.min.js.gz
- clerk-js/5.68.0-snapshot.v20250529201021/645_clerk.chips.browser_a811ce_5.68.0-snapshot.v20250529201021.min.js.sri
- clerk-js/5.68.0-snapshot.v20250529201021/645_clerk.legacy.browser_cb2c0c_5.68.0-snapshot.v20250529201021.js.br
- clerk-js/5.68.0-snapshot.v20250529201021/645_clerk.legacy.browser_cb2c0c_5.68.0-snapshot.v20250529201021.js.gz
- clerk-js/5.68.0-snapshot.v20250529201021/645_clerk.legacy.browser_cb2c0c_5.68.0-snapshot.v20250529201021.js.sri
- clerk-js/5.68.0-snapshot.v20250529201021/645_clerk.legacy.browser_cb2c0c_5.68.0-snapshot.v20250529201021.min.js.br
- clerk-js/5.68.0-snapshot.v20250529201021/645_clerk.legacy.browser_cb2c0c_5.68.0-snapshot.v20250529201021.min.js.gz
- clerk-js/5.68.0-snapshot.v20250529201021/645_clerk.legacy.browser_cb2c0c_5.68.0-snapshot.v20250529201021.min.js.sri
- clerk-js/5.68.0-snapshot.v20250529201021/66_clerk.browser_c573dc_5.68.0-snapshot.v20250529201021.js.br
- clerk-js/5.68.0-snapshot.v20250529201021/66_clerk.browser_c573dc_5.68.0-snapshot.v20250529201021.js.gz
- clerk-js/5.68.0-snapshot.v20250529201021/66_clerk.browser_c573dc_5.68.0-snapshot.v20250529201021.js.sri
- clerk-js/5.68.0-snapshot.v20250529201021/66_clerk.browser_c573dc_5.68.0-snapshot.v20250529201021.min.js.br
- clerk-js/5.68.0-snapshot.v20250529201021/66_clerk.browser_c573dc_5.68.0-snapshot.v20250529201021.min.js.gz
- clerk-js/5.68.0-snapshot.v20250529201021/66_clerk.browser_c573dc_5.68.0-snapshot.v20250529201021.min.js.sri
- clerk-js/5.68.0-snapshot.v20250529201021/66_clerk.chips.browser_a811ce_5.68.0-snapshot.v20250529201021.js.br
- clerk-js/5.68.0-snapshot.v20250529201021/66_clerk.chips.browser_a811ce_5.68.0-snapshot.v20250529201021.js.gz
- clerk-js/5.68.0-snapshot.v20250529201021/66_clerk.chips.browser_a811ce_5.68.0-snapshot.v20250529201021.js.sri
- clerk-js/5.68.0-snapshot.v20250529201021/66_clerk.chips.browser_a811ce_5.68.0-snapshot.v20250529201021.min.js.br
- clerk-js/5.68.0-snapshot.v20250529201021/66_clerk.chips.browser_a811ce_5.68.0-snapshot.v20250529201021.min.js.gz
- clerk-js/5.68.0-snapshot.v20250529201021/66_clerk.chips.browser_a811ce_5.68.0-snapshot.v20250529201021.min.js.sri
- clerk-js/5.68.0-snapshot.v20250529201021/66_clerk.legacy.browser_cb2c0c_5.68.0-snapshot.v20250529201021.js.br
- clerk-js/5.68.0-snapshot.v20250529201021/66_clerk.legacy.browser_cb2c0c_5.68.0-snapshot.v20250529201021.js.gz
- clerk-js/5.68.0-snapshot.v20250529201021/66_clerk.legacy.browser_cb2c0c_5.68.0-snapshot.v20250529201021.js.sri
- clerk-js/5.68.0-snapshot.v20250529201021/66_clerk.legacy.browser_cb2c0c_5.68.0-snapshot.v20250529201021.min.js.br
- clerk-js/5.68.0-snapshot.v20250529201021/66_clerk.legacy.browser_cb2c0c_5.68.0-snapshot.v20250529201021.min.js.gz
- clerk-js/5.68.0-snapshot.v20250529201021/66_clerk.legacy.browser_cb2c0c_5.68.0-snapshot.v20250529201021.min.js.sri
- clerk-js/5.68.0-snapshot.v20250529201021/890_clerk.headless_04cb6f_5.68.0-snapshot.v20250529201021.js.br
- clerk-js/5.68.0-snapshot.v20250529201021/890_clerk.headless_04cb6f_5.68.0-snapshot.v20250529201021.js.gz
- clerk-js/5.68.0-snapshot.v20250529201021/890_clerk.headless_04cb6f_5.68.0-snapshot.v20250529201021.js.sri
- clerk-js/5.68.0-snapshot.v20250529201021/890_clerk.headless_04cb6f_5.68.0-snapshot.v20250529201021.min.js.br
- clerk-js/5.68.0-snapshot.v20250529201021/890_clerk.headless_04cb6f_5.68.0-snapshot.v20250529201021.min.js.gz
- clerk-js/5.68.0-snapshot.v20250529201021/890_clerk.headless_04cb6f_5.68.0-snapshot.v20250529201021.min.js.sri
- clerk-js/5.68.0-snapshot.v20250529201021/965_clerk.headless_04cb6f_5.68.0-snapshot.v20250529201021.js.br
- clerk-js/5.68.0-snapshot.v20250529201021/965_clerk.headless_04cb6f_5.68.0-snapshot.v20250529201021.js.gz
- clerk-js/5.68.0-snapshot.v20250529201021/965_clerk.headless_04cb6f_5.68.0-snapshot.v20250529201021.js.sri
- clerk-js/5.68.0-snapshot.v20250529201021/965_clerk.headless_04cb6f_5.68.0-snapshot.v20250529201021.min.js.br
- clerk-js/5.68.0-snapshot.v20250529201021/965_clerk.headless_04cb6f_5.68.0-snapshot.v20250529201021.min.js.gz
- clerk-js/5.68.0-snapshot.v20250529201021/965_clerk.headless_04cb6f_5.68.0-snapshot.v20250529201021.min.js.sri
- clerk-js/5.68.0-snapshot.v20250529201021/blankcaptcha_clerk.browser_c573dc_5.68.0-snapshot.v20250529201021.js.br
- clerk-js/5.68.0-snapshot.v20250529201021/blankcaptcha_clerk.browser_c573dc_5.68.0-snapshot.v20250529201021.js.gz
- clerk-js/5.68.0-snapshot.v20250529201021/blankcaptcha_clerk.browser_c573dc_5.68.0-snapshot.v20250529201021.js.sri
- clerk-js/5.68.0-snapshot.v20250529201021/blankcaptcha_clerk.browser_c573dc_5.68.0-snapshot.v20250529201021.min.js.br
- clerk-js/5.68.0-snapshot.v20250529201021/blankcaptcha_clerk.browser_c573dc_5.68.0-snapshot.v20250529201021.min.js.gz
- clerk-js/5.68.0-snapshot.v20250529201021/blankcaptcha_clerk.browser_c573dc_5.68.0-snapshot.v20250529201021.min.js.sri
- clerk-js/5.68.0-snapshot.v20250529201021/blankcaptcha_clerk.chips.browser_a811ce_5.68.0-snapshot.v20250529201021.js.br
- clerk-js/5.68.0-snapshot.v20250529201021/blankcaptcha_clerk.chips.browser_a811ce_5.68.0-snapshot.v20250529201021.js.gz
- clerk-js/5.68.0-snapshot.v20250529201021/blankcaptcha_clerk.chips.browser_a811ce_5.68.0-snapshot.v20250529201021.js.sri
- clerk-js/5.68.0-snapshot.v20250529201021/blankcaptcha_clerk.chips.browser_a811ce_5.68.0-snapshot.v20250529201021.min.js.br
- clerk-js/5.68.0-snapshot.v20250529201021/blankcaptcha_clerk.chips.browser_a811ce_5.68.0-snapshot.v20250529201021.min.js.gz
- clerk-js/5.68.0-snapshot.v20250529201021/blankcaptcha_clerk.chips.browser_a811ce_5.68.0-snapshot.v20250529201021.min.js.sri
- clerk-js/5.68.0-snapshot.v20250529201021/blankcaptcha_clerk.legacy.browser_cb2c0c_5.68.0-snapshot.v20250529201021.js.br
- clerk-js/5.68.0-snapshot.v20250529201021/blankcaptcha_clerk.legacy.browser_cb2c0c_5.68.0-snapshot.v20250529201021.js.gz
- clerk-js/5.68.0-snapshot.v20250529201021/blankcaptcha_clerk.legacy.browser_cb2c0c_5.68.0-snapshot.v20250529201021.js.sri
- clerk-js/5.68.0-snapshot.v20250529201021/blankcaptcha_clerk.legacy.browser_cb2c0c_5.68.0-snapshot.v20250529201021.min.js.br
- clerk-js/5.68.0-snapshot.v20250529201021/blankcaptcha_clerk.legacy.browser_cb2c0c_5.68.0-snapshot.v20250529201021.min.js.gz
- clerk-js/5.68.0-snapshot.v20250529201021/blankcaptcha_clerk.legacy.browser_cb2c0c_5.68.0-snapshot.v20250529201021.min.js.sri
- clerk-js/5.68.0-snapshot.v20250529201021/checkout_clerk.browser_c573dc_5.68.0-snapshot.v20250529201021.js.br
- clerk-js/5.68.0-snapshot.v20250529201021/checkout_clerk.browser_c573dc_5.68.0-snapshot.v20250529201021.js.gz
- clerk-js/5.68.0-snapshot.v20250529201021/checkout_clerk.browser_c573dc_5.68.0-snapshot.v20250529201021.js.sri
- clerk-js/5.68.0-snapshot.v20250529201021/checkout_clerk.browser_c573dc_5.68.0-snapshot.v20250529201021.min.js.br
- clerk-js/5.68.0-snapshot.v20250529201021/checkout_clerk.browser_c573dc_5.68.0-snapshot.v20250529201021.min.js.gz
- clerk-js/5.68.0-snapshot.v20250529201021/checkout_clerk.browser_c573dc_5.68.0-snapshot.v20250529201021.min.js.sri
- clerk-js/5.68.0-snapshot.v20250529201021/checkout_clerk.chips.browser_a811ce_5.68.0-snapshot.v20250529201021.js.br
- clerk-js/5.68.0-snapshot.v20250529201021/checkout_clerk.chips.browser_a811ce_5.68.0-snapshot.v20250529201021.js.gz
- clerk-js/5.68.0-snapshot.v20250529201021/checkout_clerk.chips.browser_a811ce_5.68.0-snapshot.v20250529201021.js.sri
- clerk-js/5.68.0-snapshot.v20250529201021/checkout_clerk.chips.browser_a811ce_5.68.0-snapshot.v20250529201021.min.js.br
- clerk-js/5.68.0-snapshot.v20250529201021/checkout_clerk.chips.browser_a811ce_5.68.0-snapshot.v20250529201021.min.js.gz
- clerk-js/5.68.0-snapshot.v20250529201021/checkout_clerk.chips.browser_a811ce_5.68.0-snapshot.v20250529201021.min.js.sri
- clerk-js/5.68.0-snapshot.v20250529201021/checkout_clerk.legacy.browser_cb2c0c_5.68.0-snapshot.v20250529201021.js.br
- clerk-js/5.68.0-snapshot.v20250529201021/checkout_clerk.legacy.browser_cb2c0c_5.68.0-snapshot.v20250529201021.js.gz
- clerk-js/5.68.0-snapshot.v20250529201021/checkout_clerk.legacy.browser_cb2c0c_5.68.0-snapshot.v20250529201021.js.sri
- clerk-js/5.68.0-snapshot.v20250529201021/checkout_clerk.legacy.browser_cb2c0c_5.68.0-snapshot.v20250529201021.min.js.br
- clerk-js/5.68.0-snapshot.v20250529201021/checkout_clerk.legacy.browser_cb2c0c_5.68.0-snapshot.v20250529201021.min.js.gz
- clerk-js/5.68.0-snapshot.v20250529201021/checkout_clerk.legacy.browser_cb2c0c_5.68.0-snapshot.v20250529201021.min.js.sri
- clerk-js/5.68.0-snapshot.v20250529201021/clerk.browser.js.br
- clerk-js/5.68.0-snapshot.v20250529201021/clerk.browser.js.gz
- clerk-js/5.68.0-snapshot.v20250529201021/clerk.browser.js.sri
- clerk-js/5.68.0-snapshot.v20250529201021/clerk.browser.min.js.br
- clerk-js/5.68.0-snapshot.v20250529201021/clerk.browser.min.js.gz
- clerk-js/5.68.0-snapshot.v20250529201021/clerk.browser.min.js.sri
- clerk-js/5.68.0-snapshot.v20250529201021/clerk.chips.browser.js.br
- clerk-js/5.68.0-snapshot.v20250529201021/clerk.chips.browser.js.gz
- clerk-js/5.68.0-snapshot.v20250529201021/clerk.chips.browser.js.sri
- clerk-js/5.68.0-snapshot.v20250529201021/clerk.chips.browser.min.js.br
- clerk-js/5.68.0-snapshot.v20250529201021/clerk.chips.browser.min.js.gz
- clerk-js/5.68.0-snapshot.v20250529201021/clerk.chips.browser.min.js.sri
- clerk-js/5.68.0-snapshot.v20250529201021/clerk.headless.browser.js.br
- clerk-js/5.68.0-snapshot.v20250529201021/clerk.headless.browser.js.gz
- clerk-js/5.68.0-snapshot.v20250529201021/clerk.headless.browser.js.sri
- clerk-js/5.68.0-snapshot.v20250529201021/clerk.headless.browser.min.js.br
- clerk-js/5.68.0-snapshot.v20250529201021/clerk.headless.browser.min.js.gz
- clerk-js/5.68.0-snapshot.v20250529201021/clerk.headless.browser.min.js.sri
- clerk-js/5.68.0-snapshot.v20250529201021/clerk.headless.js.br
- clerk-js/5.68.0-snapshot.v20250529201021/clerk.headless.js.gz
- clerk-js/5.68.0-snapshot.v20250529201021/clerk.headless.js.sri
- clerk-js/5.68.0-snapshot.v20250529201021/clerk.headless.min.js.br
- clerk-js/5.68.0-snapshot.v20250529201021/clerk.headless.min.js.gz
- clerk-js/5.68.0-snapshot.v20250529201021/clerk.headless.min.js.sri
- clerk-js/5.68.0-snapshot.v20250529201021/clerk.js.br
- clerk-js/5.68.0-snapshot.v20250529201021/clerk.js.gz
- clerk-js/5.68.0-snapshot.v20250529201021/clerk.js.sri
- clerk-js/5.68.0-snapshot.v20250529201021/clerk.legacy.browser.js.br
- clerk-js/5.68.0-snapshot.v20250529201021/clerk.legacy.browser.js.gz
- clerk-js/5.68.0-snapshot.v20250529201021/clerk.legacy.browser.js.sri
- clerk-js/5.68.0-snapshot.v20250529201021/clerk.legacy.browser.min.js.br
- clerk-js/5.68.0-snapshot.v20250529201021/clerk.legacy.browser.min.js.gz
- clerk-js/5.68.0-snapshot.v20250529201021/clerk.legacy.browser.min.js.sri
- clerk-js/5.68.0-snapshot.v20250529201021/clerk.min.js.br
- clerk-js/5.68.0-snapshot.v20250529201021/clerk.min.js.gz
- clerk-js/5.68.0-snapshot.v20250529201021/clerk.min.js.sri
- clerk-js/5.68.0-snapshot.v20250529201021/clerk.mjs.br
- clerk-js/5.68.0-snapshot.v20250529201021/clerk.mjs.gz
- clerk-js/5.68.0-snapshot.v20250529201021/clerk.no-rhc.js.br
- clerk-js/5.68.0-snapshot.v20250529201021/clerk.no-rhc.js.gz
- clerk-js/5.68.0-snapshot.v20250529201021/clerk.no-rhc.js.sri
- clerk-js/5.68.0-snapshot.v20250529201021/clerk.no-rhc.min.js.br
- clerk-js/5.68.0-snapshot.v20250529201021/clerk.no-rhc.min.js.gz
- clerk-js/5.68.0-snapshot.v20250529201021/clerk.no-rhc.min.js.sri
- clerk-js/5.68.0-snapshot.v20250529201021/clerk.no-rhc.mjs.br
- clerk-js/5.68.0-snapshot.v20250529201021/clerk.no-rhc.mjs.gz
- clerk-js/5.68.0-snapshot.v20250529201021/coinbase-wallet-sdk_clerk.browser_c573dc_5.68.0-snapshot.v20250529201021.js.br
- clerk-js/5.68.0-snapshot.v20250529201021/coinbase-wallet-sdk_clerk.browser_c573dc_5.68.0-snapshot.v20250529201021.js.gz
- clerk-js/5.68.0-snapshot.v20250529201021/coinbase-wallet-sdk_clerk.browser_c573dc_5.68.0-snapshot.v20250529201021.js.sri
- clerk-js/5.68.0-snapshot.v20250529201021/coinbase-wallet-sdk_clerk.browser_c573dc_5.68.0-snapshot.v20250529201021.min.js.br
- clerk-js/5.68.0-snapshot.v20250529201021/coinbase-wallet-sdk_clerk.browser_c573dc_5.68.0-snapshot.v20250529201021.min.js.gz
- clerk-js/5.68.0-snapshot.v20250529201021/coinbase-wallet-sdk_clerk.browser_c573dc_5.68.0-snapshot.v20250529201021.min.js.sri
- clerk-js/5.68.0-snapshot.v20250529201021/coinbase-wallet-sdk_clerk.chips.browser_a811ce_5.68.0-snapshot.v20250529201021.js.br
- clerk-js/5.68.0-snapshot.v20250529201021/coinbase-wallet-sdk_clerk.chips.browser_a811ce_5.68.0-snapshot.v20250529201021.js.gz
- clerk-js/5.68.0-snapshot.v20250529201021/coinbase-wallet-sdk_clerk.chips.browser_a811ce_5.68.0-snapshot.v20250529201021.js.sri
- clerk-js/5.68.0-snapshot.v20250529201021/coinbase-wallet-sdk_clerk.chips.browser_a811ce_5.68.0-snapshot.v20250529201021.min.js.br
- clerk-js/5.68.0-snapshot.v20250529201021/coinbase-wallet-sdk_clerk.chips.browser_a811ce_5.68.0-snapshot.v20250529201021.min.js.gz
- clerk-js/5.68.0-snapshot.v20250529201021/coinbase-wallet-sdk_clerk.chips.browser_a811ce_5.68.0-snapshot.v20250529201021.min.js.sri
- clerk-js/5.68.0-snapshot.v20250529201021/coinbase-wallet-sdk_clerk.headless.browser_d2ec9a_5.68.0-snapshot.v20250529201021.js.br
- clerk-js/5.68.0-snapshot.v20250529201021/coinbase-wallet-sdk_clerk.headless.browser_d2ec9a_5.68.0-snapshot.v20250529201021.js.gz
- clerk-js/5.68.0-snapshot.v20250529201021/coinbase-wallet-sdk_clerk.headless.browser_d2ec9a_5.68.0-snapshot.v20250529201021.js.sri
- clerk-js/5.68.0-snapshot.v20250529201021/coinbase-wallet-sdk_clerk.headless.browser_d2ec9a_5.68.0-snapshot.v20250529201021.min.js.br
- clerk-js/5.68.0-snapshot.v20250529201021/coinbase-wallet-sdk_clerk.headless.browser_d2ec9a_5.68.0-snapshot.v20250529201021.min.js.gz
- clerk-js/5.68.0-snapshot.v20250529201021/coinbase-wallet-sdk_clerk.headless.browser_d2ec9a_5.68.0-snapshot.v20250529201021.min.js.sri
- clerk-js/5.68.0-snapshot.v20250529201021/coinbase-wallet-sdk_clerk.legacy.browser_cb2c0c_5.68.0-snapshot.v20250529201021.js.br
- clerk-js/5.68.0-snapshot.v20250529201021/coinbase-wallet-sdk_clerk.legacy.browser_cb2c0c_5.68.0-snapshot.v20250529201021.js.gz
- clerk-js/5.68.0-snapshot.v20250529201021/coinbase-wallet-sdk_clerk.legacy.browser_cb2c0c_5.68.0-snapshot.v20250529201021.js.sri
- clerk-js/5.68.0-snapshot.v20250529201021/coinbase-wallet-sdk_clerk.legacy.browser_cb2c0c_5.68.0-snapshot.v20250529201021.min.js.br
- clerk-js/5.68.0-snapshot.v20250529201021/coinbase-wallet-sdk_clerk.legacy.browser_cb2c0c_5.68.0-snapshot.v20250529201021.min.js.gz
- clerk-js/5.68.0-snapshot.v20250529201021/coinbase-wallet-sdk_clerk.legacy.browser_cb2c0c_5.68.0-snapshot.v20250529201021.min.js.sri
- clerk-js/5.68.0-snapshot.v20250529201021/cookieSuffix_clerk.browser_c573dc_5.68.0-snapshot.v20250529201021.js.br
- clerk-js/5.68.0-snapshot.v20250529201021/cookieSuffix_clerk.browser_c573dc_5.68.0-snapshot.v20250529201021.js.gz
- clerk-js/5.68.0-snapshot.v20250529201021/cookieSuffix_clerk.browser_c573dc_5.68.0-snapshot.v20250529201021.js.sri
- clerk-js/5.68.0-snapshot.v20250529201021/cookieSuffix_clerk.browser_c573dc_5.68.0-snapshot.v20250529201021.min.js.br
- clerk-js/5.68.0-snapshot.v20250529201021/cookieSuffix_clerk.browser_c573dc_5.68.0-snapshot.v20250529201021.min.js.gz
- clerk-js/5.68.0-snapshot.v20250529201021/cookieSuffix_clerk.browser_c573dc_5.68.0-snapshot.v20250529201021.min.js.sri
- clerk-js/5.68.0-snapshot.v20250529201021/cookieSuffix_clerk.chips.browser_a811ce_5.68.0-snapshot.v20250529201021.js.br
- clerk-js/5.68.0-snapshot.v20250529201021/cookieSuffix_clerk.chips.browser_a811ce_5.68.0-snapshot.v20250529201021.js.gz
- clerk-js/5.68.0-snapshot.v20250529201021/cookieSuffix_clerk.chips.browser_a811ce_5.68.0-snapshot.v20250529201021.js.sri
- clerk-js/5.68.0-snapshot.v20250529201021/cookieSuffix_clerk.chips.browser_a811ce_5.68.0-snapshot.v20250529201021.min.js.br
- clerk-js/5.68.0-snapshot.v20250529201021/cookieSuffix_clerk.chips.browser_a811ce_5.68.0-snapshot.v20250529201021.min.js.gz
- clerk-js/5.68.0-snapshot.v20250529201021/cookieSuffix_clerk.chips.browser_a811ce_5.68.0-snapshot.v20250529201021.min.js.sri
- clerk-js/5.68.0-snapshot.v20250529201021/cookieSuffix_clerk.headless.browser_d2ec9a_5.68.0-snapshot.v20250529201021.js.br
- clerk-js/5.68.0-snapshot.v20250529201021/cookieSuffix_clerk.headless.browser_d2ec9a_5.68.0-snapshot.v20250529201021.js.gz
- clerk-js/5.68.0-snapshot.v20250529201021/cookieSuffix_clerk.headless.browser_d2ec9a_5.68.0-snapshot.v20250529201021.js.sri
- clerk-js/5.68.0-snapshot.v20250529201021/cookieSuffix_clerk.headless.browser_d2ec9a_5.68.0-snapshot.v20250529201021.min.js.br
- clerk-js/5.68.0-snapshot.v20250529201021/cookieSuffix_clerk.headless.browser_d2ec9a_5.68.0-snapshot.v20250529201021.min.js.gz
- clerk-js/5.68.0-snapshot.v20250529201021/cookieSuffix_clerk.headless.browser_d2ec9a_5.68.0-snapshot.v20250529201021.min.js.sri
- clerk-js/5.68.0-snapshot.v20250529201021/cookieSuffix_clerk.headless_04cb6f_5.68.0-snapshot.v20250529201021.js.br
- clerk-js/5.68.0-snapshot.v20250529201021/cookieSuffix_clerk.headless_04cb6f_5.68.0-snapshot.v20250529201021.js.gz
- clerk-js/5.68.0-snapshot.v20250529201021/cookieSuffix_clerk.headless_04cb6f_5.68.0-snapshot.v20250529201021.js.sri
- clerk-js/5.68.0-snapshot.v20250529201021/cookieSuffix_clerk.headless_04cb6f_5.68.0-snapshot.v20250529201021.min.js.br
- clerk-js/5.68.0-snapshot.v20250529201021/cookieSuffix_clerk.headless_04cb6f_5.68.0-snapshot.v20250529201021.min.js.gz
- clerk-js/5.68.0-snapshot.v20250529201021/cookieSuffix_clerk.headless_04cb6f_5.68.0-snapshot.v20250529201021.min.js.sri
- clerk-js/5.68.0-snapshot.v20250529201021/cookieSuffix_clerk.legacy.browser_cb2c0c_5.68.0-snapshot.v20250529201021.js.br
- clerk-js/5.68.0-snapshot.v20250529201021/cookieSuffix_clerk.legacy.browser_cb2c0c_5.68.0-snapshot.v20250529201021.js.gz
- clerk-js/5.68.0-snapshot.v20250529201021/cookieSuffix_clerk.legacy.browser_cb2c0c_5.68.0-snapshot.v20250529201021.js.sri
- clerk-js/5.68.0-snapshot.v20250529201021/cookieSuffix_clerk.legacy.browser_cb2c0c_5.68.0-snapshot.v20250529201021.min.js.br
- clerk-js/5.68.0-snapshot.v20250529201021/cookieSuffix_clerk.legacy.browser_cb2c0c_5.68.0-snapshot.v20250529201021.min.js.gz
- clerk-js/5.68.0-snapshot.v20250529201021/cookieSuffix_clerk.legacy.browser_cb2c0c_5.68.0-snapshot.v20250529201021.min.js.sri
- clerk-js/5.68.0-snapshot.v20250529201021/createorganization_clerk.browser_c573dc_5.68.0-snapshot.v20250529201021.js.br
- clerk-js/5.68.0-snapshot.v20250529201021/createorganization_clerk.browser_c573dc_5.68.0-snapshot.v20250529201021.js.gz
- clerk-js/5.68.0-snapshot.v20250529201021/createorganization_clerk.browser_c573dc_5.68.0-snapshot.v20250529201021.js.sri
- clerk-js/5.68.0-snapshot.v20250529201021/createorganization_clerk.browser_c573dc_5.68.0-snapshot.v20250529201021.min.js.br
- clerk-js/5.68.0-snapshot.v20250529201021/createorganization_clerk.browser_c573dc_5.68.0-snapshot.v20250529201021.min.js.gz
- clerk-js/5.68.0-snapshot.v20250529201021/createorganization_clerk.browser_c573dc_5.68.0-snapshot.v20250529201021.min.js.sri
- clerk-js/5.68.0-snapshot.v20250529201021/createorganization_clerk.chips.browser_a811ce_5.68.0-snapshot.v20250529201021.js.br
- clerk-js/5.68.0-snapshot.v20250529201021/createorganization_clerk.chips.browser_a811ce_5.68.0-snapshot.v20250529201021.js.gz
- clerk-js/5.68.0-snapshot.v20250529201021/createorganization_clerk.chips.browser_a811ce_5.68.0-snapshot.v20250529201021.js.sri
- clerk-js/5.68.0-snapshot.v20250529201021/createorganization_clerk.chips.browser_a811ce_5.68.0-snapshot.v20250529201021.min.js.br
- clerk-js/5.68.0-snapshot.v20250529201021/createorganization_clerk.chips.browser_a811ce_5.68.0-snapshot.v20250529201021.min.js.gz
- clerk-js/5.68.0-snapshot.v20250529201021/createorganization_clerk.chips.browser_a811ce_5.68.0-snapshot.v20250529201021.min.js.sri
- clerk-js/5.68.0-snapshot.v20250529201021/createorganization_clerk.legacy.browser_cb2c0c_5.68.0-snapshot.v20250529201021.js.br
- clerk-js/5.68.0-snapshot.v20250529201021/createorganization_clerk.legacy.browser_cb2c0c_5.68.0-snapshot.v20250529201021.js.gz
- clerk-js/5.68.0-snapshot.v20250529201021/createorganization_clerk.legacy.browser_cb2c0c_5.68.0-snapshot.v20250529201021.js.sri
- clerk-js/5.68.0-snapshot.v20250529201021/createorganization_clerk.legacy.browser_cb2c0c_5.68.0-snapshot.v20250529201021.min.js.br
- clerk-js/5.68.0-snapshot.v20250529201021/createorganization_clerk.legacy.browser_cb2c0c_5.68.0-snapshot.v20250529201021.min.js.gz
- clerk-js/5.68.0-snapshot.v20250529201021/createorganization_clerk.legacy.browser_cb2c0c_5.68.0-snapshot.v20250529201021.min.js.sri
- clerk-js/5.68.0-snapshot.v20250529201021/framework_clerk.browser_c573dc_5.68.0-snapshot.v20250529201021.js.br
- clerk-js/5.68.0-snapshot.v20250529201021/framework_clerk.browser_c573dc_5.68.0-snapshot.v20250529201021.js.gz
- clerk-js/5.68.0-snapshot.v20250529201021/framework_clerk.browser_c573dc_5.68.0-snapshot.v20250529201021.js.sri
- clerk-js/5.68.0-snapshot.v20250529201021/framework_clerk.browser_c573dc_5.68.0-snapshot.v20250529201021.min.js.br
- clerk-js/5.68.0-snapshot.v20250529201021/framework_clerk.browser_c573dc_5.68.0-snapshot.v20250529201021.min.js.gz
- clerk-js/5.68.0-snapshot.v20250529201021/framework_clerk.browser_c573dc_5.68.0-snapshot.v20250529201021.min.js.sri
- clerk-js/5.68.0-snapshot.v20250529201021/framework_clerk.chips.browser_a811ce_5.68.0-snapshot.v20250529201021.js.br
- clerk-js/5.68.0-snapshot.v20250529201021/framework_clerk.chips.browser_a811ce_5.68.0-snapshot.v20250529201021.js.gz
- clerk-js/5.68.0-snapshot.v20250529201021/framework_clerk.chips.browser_a811ce_5.68.0-snapshot.v20250529201021.js.sri
- clerk-js/5.68.0-snapshot.v20250529201021/framework_clerk.chips.browser_a811ce_5.68.0-snapshot.v20250529201021.min.js.br
- clerk-js/5.68.0-snapshot.v20250529201021/framework_clerk.chips.browser_a811ce_5.68.0-snapshot.v20250529201021.min.js.gz
- clerk-js/5.68.0-snapshot.v20250529201021/framework_clerk.chips.browser_a811ce_5.68.0-snapshot.v20250529201021.min.js.sri
- clerk-js/5.68.0-snapshot.v20250529201021/framework_clerk.legacy.browser_cb2c0c_5.68.0-snapshot.v20250529201021.js.br
- clerk-js/5.68.0-snapshot.v20250529201021/framework_clerk.legacy.browser_cb2c0c_5.68.0-snapshot.v20250529201021.js.gz
- clerk-js/5.68.0-snapshot.v20250529201021/framework_clerk.legacy.browser_cb2c0c_5.68.0-snapshot.v20250529201021.js.sri
- clerk-js/5.68.0-snapshot.v20250529201021/framework_clerk.legacy.browser_cb2c0c_5.68.0-snapshot.v20250529201021.min.js.br
- clerk-js/5.68.0-snapshot.v20250529201021/framework_clerk.legacy.browser_cb2c0c_5.68.0-snapshot.v20250529201021.min.js.gz
- clerk-js/5.68.0-snapshot.v20250529201021/framework_clerk.legacy.browser_cb2c0c_5.68.0-snapshot.v20250529201021.min.js.sri
- clerk-js/5.68.0-snapshot.v20250529201021/impersonationfab_clerk.browser_c573dc_5.68.0-snapshot.v20250529201021.js.br
- clerk-js/5.68.0-snapshot.v20250529201021/impersonationfab_clerk.browser_c573dc_5.68.0-snapshot.v20250529201021.js.gz
- clerk-js/5.68.0-snapshot.v20250529201021/impersonationfab_clerk.browser_c573dc_5.68.0-snapshot.v20250529201021.js.sri
- clerk-js/5.68.0-snapshot.v20250529201021/impersonationfab_clerk.browser_c573dc_5.68.0-snapshot.v20250529201021.min.js.br
- clerk-js/5.68.0-snapshot.v20250529201021/impersonationfab_clerk.browser_c573dc_5.68.0-snapshot.v20250529201021.min.js.gz
- clerk-js/5.68.0-snapshot.v20250529201021/impersonationfab_clerk.browser_c573dc_5.68.0-snapshot.v20250529201021.min.js.sri
- clerk-js/5.68.0-snapshot.v20250529201021/impersonationfab_clerk.chips.browser_a811ce_5.68.0-snapshot.v20250529201021.js.br
- clerk-js/5.68.0-snapshot.v20250529201021/impersonationfab_clerk.chips.browser_a811ce_5.68.0-snapshot.v20250529201021.js.gz
- clerk-js/5.68.0-snapshot.v20250529201021/impersonationfab_clerk.chips.browser_a811ce_5.68.0-snapshot.v20250529201021.js.sri
- clerk-js/5.68.0-snapshot.v20250529201021/impersonationfab_clerk.chips.browser_a811ce_5.68.0-snapshot.v20250529201021.min.js.br
- clerk-js/5.68.0-snapshot.v20250529201021/impersonationfab_clerk.chips.browser_a811ce_5.68.0-snapshot.v20250529201021.min.js.gz
- clerk-js/5.68.0-snapshot.v20250529201021/impersonationfab_clerk.chips.browser_a811ce_5.68.0-snapshot.v20250529201021.min.js.sri
- clerk-js/5.68.0-snapshot.v20250529201021/impersonationfab_clerk.legacy.browser_cb2c0c_5.68.0-snapshot.v20250529201021.js.br
- clerk-js/5.68.0-snapshot.v20250529201021/impersonationfab_clerk.legacy.browser_cb2c0c_5.68.0-snapshot.v20250529201021.js.gz
- clerk-js/5.68.0-snapshot.v20250529201021/impersonationfab_clerk.legacy.browser_cb2c0c_5.68.0-snapshot.v20250529201021.js.sri
- clerk-js/5.68.0-snapshot.v20250529201021/impersonationfab_clerk.legacy.browser_cb2c0c_5.68.0-snapshot.v20250529201021.min.js.br
- clerk-js/5.68.0-snapshot.v20250529201021/impersonationfab_clerk.legacy.browser_cb2c0c_5.68.0-snapshot.v20250529201021.min.js.gz
- clerk-js/5.68.0-snapshot.v20250529201021/impersonationfab_clerk.legacy.browser_cb2c0c_5.68.0-snapshot.v20250529201021.min.js.sri
- clerk-js/5.68.0-snapshot.v20250529201021/keylessPrompt_clerk.browser_c573dc_5.68.0-snapshot.v20250529201021.js.br
- clerk-js/5.68.0-snapshot.v20250529201021/keylessPrompt_clerk.browser_c573dc_5.68.0-snapshot.v20250529201021.js.gz
- clerk-js/5.68.0-snapshot.v20250529201021/keylessPrompt_clerk.browser_c573dc_5.68.0-snapshot.v20250529201021.js.sri
- clerk-js/5.68.0-snapshot.v20250529201021/keylessPrompt_clerk.browser_c573dc_5.68.0-snapshot.v20250529201021.min.js.br
- clerk-js/5.68.0-snapshot.v20250529201021/keylessPrompt_clerk.browser_c573dc_5.68.0-snapshot.v20250529201021.min.js.gz
- clerk-js/5.68.0-snapshot.v20250529201021/keylessPrompt_clerk.browser_c573dc_5.68.0-snapshot.v20250529201021.min.js.sri
- clerk-js/5.68.0-snapshot.v20250529201021/keylessPrompt_clerk.chips.browser_a811ce_5.68.0-snapshot.v20250529201021.js.br
- clerk-js/5.68.0-snapshot.v20250529201021/keylessPrompt_clerk.chips.browser_a811ce_5.68.0-snapshot.v20250529201021.js.gz
- clerk-js/5.68.0-snapshot.v20250529201021/keylessPrompt_clerk.chips.browser_a811ce_5.68.0-snapshot.v20250529201021.js.sri
- clerk-js/5.68.0-snapshot.v20250529201021/keylessPrompt_clerk.chips.browser_a811ce_5.68.0-snapshot.v20250529201021.min.js.br
- clerk-js/5.68.0-snapshot.v20250529201021/keylessPrompt_clerk.chips.browser_a811ce_5.68.0-snapshot.v20250529201021.min.js.gz
- clerk-js/5.68.0-snapshot.v20250529201021/keylessPrompt_clerk.chips.browser_a811ce_5.68.0-snapshot.v20250529201021.min.js.sri
- clerk-js/5.68.0-snapshot.v20250529201021/keylessPrompt_clerk.legacy.browser_cb2c0c_5.68.0-snapshot.v20250529201021.js.br
- clerk-js/5.68.0-snapshot.v20250529201021/keylessPrompt_clerk.legacy.browser_cb2c0c_5.68.0-snapshot.v20250529201021.js.gz
- clerk-js/5.68.0-snapshot.v20250529201021/keylessPrompt_clerk.legacy.browser_cb2c0c_5.68.0-snapshot.v20250529201021.js.sri
- clerk-js/5.68.0-snapshot.v20250529201021/keylessPrompt_clerk.legacy.browser_cb2c0c_5.68.0-snapshot.v20250529201021.min.js.br
- clerk-js/5.68.0-snapshot.v20250529201021/keylessPrompt_clerk.legacy.browser_cb2c0c_5.68.0-snapshot.v20250529201021.min.js.gz
- clerk-js/5.68.0-snapshot.v20250529201021/keylessPrompt_clerk.legacy.browser_cb2c0c_5.68.0-snapshot.v20250529201021.min.js.sri
- clerk-js/5.68.0-snapshot.v20250529201021/onetap_clerk.browser_c573dc_5.68.0-snapshot.v20250529201021.js.br
- clerk-js/5.68.0-snapshot.v20250529201021/onetap_clerk.browser_c573dc_5.68.0-snapshot.v20250529201021.js.gz
- clerk-js/5.68.0-snapshot.v20250529201021/onetap_clerk.browser_c573dc_5.68.0-snapshot.v20250529201021.js.sri
- clerk-js/5.68.0-snapshot.v20250529201021/onetap_clerk.browser_c573dc_5.68.0-snapshot.v20250529201021.min.js.br
- clerk-js/5.68.0-snapshot.v20250529201021/onetap_clerk.browser_c573dc_5.68.0-snapshot.v20250529201021.min.js.gz
- clerk-js/5.68.0-snapshot.v20250529201021/onetap_clerk.browser_c573dc_5.68.0-snapshot.v20250529201021.min.js.sri
- clerk-js/5.68.0-snapshot.v20250529201021/onetap_clerk.chips.browser_a811ce_5.68.0-snapshot.v20250529201021.js.br
- clerk-js/5.68.0-snapshot.v20250529201021/onetap_clerk.chips.browser_a811ce_5.68.0-snapshot.v20250529201021.js.gz
- clerk-js/5.68.0-snapshot.v20250529201021/onetap_clerk.chips.browser_a811ce_5.68.0-snapshot.v20250529201021.js.sri
- clerk-js/5.68.0-snapshot.v20250529201021/onetap_clerk.chips.browser_a811ce_5.68.0-snapshot.v20250529201021.min.js.br
- clerk-js/5.68.0-snapshot.v20250529201021/onetap_clerk.chips.browser_a811ce_5.68.0-snapshot.v20250529201021.min.js.gz
- clerk-js/5.68.0-snapshot.v20250529201021/onetap_clerk.chips.browser_a811ce_5.68.0-snapshot.v20250529201021.min.js.sri
- clerk-js/5.68.0-snapshot.v20250529201021/onetap_clerk.legacy.browser_cb2c0c_5.68.0-snapshot.v20250529201021.js.br
- clerk-js/5.68.0-snapshot.v20250529201021/onetap_clerk.legacy.browser_cb2c0c_5.68.0-snapshot.v20250529201021.js.gz
- clerk-js/5.68.0-snapshot.v20250529201021/onetap_clerk.legacy.browser_cb2c0c_5.68.0-snapshot.v20250529201021.js.sri
- clerk-js/5.68.0-snapshot.v20250529201021/onetap_clerk.legacy.browser_cb2c0c_5.68.0-snapshot.v20250529201021.min.js.br
- clerk-js/5.68.0-snapshot.v20250529201021/onetap_clerk.legacy.browser_cb2c0c_5.68.0-snapshot.v20250529201021.min.js.gz
- clerk-js/5.68.0-snapshot.v20250529201021/onetap_clerk.legacy.browser_cb2c0c_5.68.0-snapshot.v20250529201021.min.js.sri
- clerk-js/5.68.0-snapshot.v20250529201021/op-billing-page_clerk.browser_c573dc_5.68.0-snapshot.v20250529201021.js.br
- clerk-js/5.68.0-snapshot.v20250529201021/op-billing-page_clerk.browser_c573dc_5.68.0-snapshot.v20250529201021.js.gz
- clerk-js/5.68.0-snapshot.v20250529201021/op-billing-page_clerk.browser_c573dc_5.68.0-snapshot.v20250529201021.js.sri
- clerk-js/5.68.0-snapshot.v20250529201021/op-billing-page_clerk.browser_c573dc_5.68.0-snapshot.v20250529201021.min.js.br
- clerk-js/5.68.0-snapshot.v20250529201021/op-billing-page_clerk.browser_c573dc_5.68.0-snapshot.v20250529201021.min.js.gz
- clerk-js/5.68.0-snapshot.v20250529201021/op-billing-page_clerk.browser_c573dc_5.68.0-snapshot.v20250529201021.min.js.sri
- clerk-js/5.68.0-snapshot.v20250529201021/op-billing-page_clerk.chips.browser_a811ce_5.68.0-snapshot.v20250529201021.js.br
- clerk-js/5.68.0-snapshot.v20250529201021/op-billing-page_clerk.chips.browser_a811ce_5.68.0-snapshot.v20250529201021.js.gz
- clerk-js/5.68.0-snapshot.v20250529201021/op-billing-page_clerk.chips.browser_a811ce_5.68.0-snapshot.v20250529201021.js.sri
- clerk-js/5.68.0-snapshot.v20250529201021/op-billing-page_clerk.chips.browser_a811ce_5.68.0-snapshot.v20250529201021.min.js.br
- clerk-js/5.68.0-snapshot.v20250529201021/op-billing-page_clerk.chips.browser_a811ce_5.68.0-snapshot.v20250529201021.min.js.gz
- clerk-js/5.68.0-snapshot.v20250529201021/op-billing-page_clerk.chips.browser_a811ce_5.68.0-snapshot.v20250529201021.min.js.sri
- clerk-js/5.68.0-snapshot.v20250529201021/op-billing-page_clerk.legacy.browser_cb2c0c_5.68.0-snapshot.v20250529201021.js.br
- clerk-js/5.68.0-snapshot.v20250529201021/op-billing-page_clerk.legacy.browser_cb2c0c_5.68.0-snapshot.v20250529201021.js.gz
- clerk-js/5.68.0-snapshot.v20250529201021/op-billing-page_clerk.legacy.browser_cb2c0c_5.68.0-snapshot.v20250529201021.js.sri
- clerk-js/5.68.0-snapshot.v20250529201021/op-billing-page_clerk.legacy.browser_cb2c0c_5.68.0-snapshot.v20250529201021.min.js.br
- clerk-js/5.68.0-snapshot.v20250529201021/op-billing-page_clerk.legacy.browser_cb2c0c_5.68.0-snapshot.v20250529201021.min.js.gz
- clerk-js/5.68.0-snapshot.v20250529201021/op-billing-page_clerk.legacy.browser_cb2c0c_5.68.0-snapshot.v20250529201021.min.js.sri
- clerk-js/5.68.0-snapshot.v20250529201021/organizationlist_clerk.browser_c573dc_5.68.0-snapshot.v20250529201021.js.br
- clerk-js/5.68.0-snapshot.v20250529201021/organizationlist_clerk.browser_c573dc_5.68.0-snapshot.v20250529201021.js.gz
- clerk-js/5.68.0-snapshot.v20250529201021/organizationlist_clerk.browser_c573dc_5.68.0-snapshot.v20250529201021.js.sri
- clerk-js/5.68.0-snapshot.v20250529201021/organizationlist_clerk.browser_c573dc_5.68.0-snapshot.v20250529201021.min.js.br
- clerk-js/5.68.0-snapshot.v20250529201021/organizationlist_clerk.browser_c573dc_5.68.0-snapshot.v20250529201021.min.js.gz
- clerk-js/5.68.0-snapshot.v20250529201021/organizationlist_clerk.browser_c573dc_5.68.0-snapshot.v20250529201021.min.js.sri
- clerk-js/5.68.0-snapshot.v20250529201021/organizationlist_clerk.chips.browser_a811ce_5.68.0-snapshot.v20250529201021.js.br
- clerk-js/5.68.0-snapshot.v20250529201021/organizationlist_clerk.chips.browser_a811ce_5.68.0-snapshot.v20250529201021.js.gz
- clerk-js/5.68.0-snapshot.v20250529201021/organizationlist_clerk.chips.browser_a811ce_5.68.0-snapshot.v20250529201021.js.sri
- clerk-js/5.68.0-snapshot.v20250529201021/organizationlist_clerk.chips.browser_a811ce_5.68.0-snapshot.v20250529201021.min.js.br
- clerk-js/5.68.0-snapshot.v20250529201021/organizationlist_clerk.chips.browser_a811ce_5.68.0-snapshot.v20250529201021.min.js.gz
- clerk-js/5.68.0-snapshot.v20250529201021/organizationlist_clerk.chips.browser_a811ce_5.68.0-snapshot.v20250529201021.min.js.sri
- clerk-js/5.68.0-snapshot.v20250529201021/organizationlist_clerk.legacy.browser_cb2c0c_5.68.0-snapshot.v20250529201021.js.br
- clerk-js/5.68.0-snapshot.v20250529201021/organizationlist_clerk.legacy.browser_cb2c0c_5.68.0-snapshot.v20250529201021.js.gz
- clerk-js/5.68.0-snapshot.v20250529201021/organizationlist_clerk.legacy.browser_cb2c0c_5.68.0-snapshot.v20250529201021.js.sri
- clerk-js/5.68.0-snapshot.v20250529201021/organizationlist_clerk.legacy.browser_cb2c0c_5.68.0-snapshot.v20250529201021.min.js.br
- clerk-js/5.68.0-snapshot.v20250529201021/organizationlist_clerk.legacy.browser_cb2c0c_5.68.0-snapshot.v20250529201021.min.js.gz
- clerk-js/5.68.0-snapshot.v20250529201021/organizationlist_clerk.legacy.browser_cb2c0c_5.68.0-snapshot.v20250529201021.min.js.sri
- clerk-js/5.68.0-snapshot.v20250529201021/organizationprofile_clerk.browser_c573dc_5.68.0-snapshot.v20250529201021.js.br
- clerk-js/5.68.0-snapshot.v20250529201021/organizationprofile_clerk.browser_c573dc_5.68.0-snapshot.v20250529201021.js.gz
- clerk-js/5.68.0-snapshot.v20250529201021/organizationprofile_clerk.browser_c573dc_5.68.0-snapshot.v20250529201021.js.sri
- clerk-js/5.68.0-snapshot.v20250529201021/organizationprofile_clerk.browser_c573dc_5.68.0-snapshot.v20250529201021.min.js.br
- clerk-js/5.68.0-snapshot.v20250529201021/organizationprofile_clerk.browser_c573dc_5.68.0-snapshot.v20250529201021.min.js.gz
- clerk-js/5.68.0-snapshot.v20250529201021/organizationprofile_clerk.browser_c573dc_5.68.0-snapshot.v20250529201021.min.js.sri
- clerk-js/5.68.0-snapshot.v20250529201021/organizationprofile_clerk.chips.browser_a811ce_5.68.0-snapshot.v20250529201021.js.br
- clerk-js/5.68.0-snapshot.v20250529201021/organizationprofile_clerk.chips.browser_a811ce_5.68.0-snapshot.v20250529201021.js.gz
- clerk-js/5.68.0-snapshot.v20250529201021/organizationprofile_clerk.chips.browser_a811ce_5.68.0-snapshot.v20250529201021.js.sri
- clerk-js/5.68.0-snapshot.v20250529201021/organizationprofile_clerk.chips.browser_a811ce_5.68.0-snapshot.v20250529201021.min.js.br
- clerk-js/5.68.0-snapshot.v20250529201021/organizationprofile_clerk.chips.browser_a811ce_5.68.0-snapshot.v20250529201021.min.js.gz
- clerk-js/5.68.0-snapshot.v20250529201021/organizationprofile_clerk.chips.browser_a811ce_5.68.0-snapshot.v20250529201021.min.js.sri
- clerk-js/5.68.0-snapshot.v20250529201021/organizationprofile_clerk.legacy.browser_cb2c0c_5.68.0-snapshot.v20250529201021.js.br
- clerk-js/5.68.0-snapshot.v20250529201021/organizationprofile_clerk.legacy.browser_cb2c0c_5.68.0-snapshot.v20250529201021.js.gz
- clerk-js/5.68.0-snapshot.v20250529201021/organizationprofile_clerk.legacy.browser_cb2c0c_5.68.0-snapshot.v20250529201021.js.sri
- clerk-js/5.68.0-snapshot.v20250529201021/organizationprofile_clerk.legacy.browser_cb2c0c_5.68.0-snapshot.v20250529201021.min.js.br
- clerk-js/5.68.0-snapshot.v20250529201021/organizationprofile_clerk.legacy.browser_cb2c0c_5.68.0-snapshot.v20250529201021.min.js.gz
- clerk-js/5.68.0-snapshot.v20250529201021/organizationprofile_clerk.legacy.browser_cb2c0c_5.68.0-snapshot.v20250529201021.min.js.sri
- clerk-js/5.68.0-snapshot.v20250529201021/organizationswitcher_clerk.browser_c573dc_5.68.0-snapshot.v20250529201021.js.br
- clerk-js/5.68.0-snapshot.v20250529201021/organizationswitcher_clerk.browser_c573dc_5.68.0-snapshot.v20250529201021.js.gz
- clerk-js/5.68.0-snapshot.v20250529201021/organizationswitcher_clerk.browser_c573dc_5.68.0-snapshot.v20250529201021.js.sri
- clerk-js/5.68.0-snapshot.v20250529201021/organizationswitcher_clerk.browser_c573dc_5.68.0-snapshot.v20250529201021.min.js.br
- clerk-js/5.68.0-snapshot.v20250529201021/organizationswitcher_clerk.browser_c573dc_5.68.0-snapshot.v20250529201021.min.js.gz
- clerk-js/5.68.0-snapshot.v20250529201021/organizationswitcher_clerk.browser_c573dc_5.68.0-snapshot.v20250529201021.min.js.sri
- clerk-js/5.68.0-snapshot.v20250529201021/organizationswitcher_clerk.chips.browser_a811ce_5.68.0-snapshot.v20250529201021.js.br
- clerk-js/5.68.0-snapshot.v20250529201021/organizationswitcher_clerk.chips.browser_a811ce_5.68.0-snapshot.v20250529201021.js.gz
- clerk-js/5.68.0-snapshot.v20250529201021/organizationswitcher_clerk.chips.browser_a811ce_5.68.0-snapshot.v20250529201021.js.sri
- clerk-js/5.68.0-snapshot.v20250529201021/organizationswitcher_clerk.chips.browser_a811ce_5.68.0-snapshot.v20250529201021.min.js.br
- clerk-js/5.68.0-snapshot.v20250529201021/organizationswitcher_clerk.chips.browser_a811ce_5.68.0-snapshot.v20250529201021.min.js.gz
- clerk-js/5.68.0-snapshot.v20250529201021/organizationswitcher_clerk.chips.browser_a811ce_5.68.0-snapshot.v20250529201021.min.js.sri
- clerk-js/5.68.0-snapshot.v20250529201021/organizationswitcher_clerk.legacy.browser_cb2c0c_5.68.0-snapshot.v20250529201021.js.br
- clerk-js/5.68.0-snapshot.v20250529201021/organizationswitcher_clerk.legacy.browser_cb2c0c_5.68.0-snapshot.v20250529201021.js.gz
- clerk-js/5.68.0-snapshot.v20250529201021/organizationswitcher_clerk.legacy.browser_cb2c0c_5.68.0-snapshot.v20250529201021.js.sri
- clerk-js/5.68.0-snapshot.v20250529201021/organizationswitcher_clerk.legacy.browser_cb2c0c_5.68.0-snapshot.v20250529201021.min.js.br
- clerk-js/5.68.0-snapshot.v20250529201021/organizationswitcher_clerk.legacy.browser_cb2c0c_5.68.0-snapshot.v20250529201021.min.js.gz
- clerk-js/5.68.0-snapshot.v20250529201021/organizationswitcher_clerk.legacy.browser_cb2c0c_5.68.0-snapshot.v20250529201021.min.js.sri
- clerk-js/5.68.0-snapshot.v20250529201021/paymentSources_clerk.browser_c573dc_5.68.0-snapshot.v20250529201021.js.br
- clerk-js/5.68.0-snapshot.v20250529201021/paymentSources_clerk.browser_c573dc_5.68.0-snapshot.v20250529201021.js.gz
- clerk-js/5.68.0-snapshot.v20250529201021/paymentSources_clerk.browser_c573dc_5.68.0-snapshot.v20250529201021.js.sri
- clerk-js/5.68.0-snapshot.v20250529201021/paymentSources_clerk.browser_c573dc_5.68.0-snapshot.v20250529201021.min.js.br
- clerk-js/5.68.0-snapshot.v20250529201021/paymentSources_clerk.browser_c573dc_5.68.0-snapshot.v20250529201021.min.js.gz
- clerk-js/5.68.0-snapshot.v20250529201021/paymentSources_clerk.browser_c573dc_5.68.0-snapshot.v20250529201021.min.js.sri
- clerk-js/5.68.0-snapshot.v20250529201021/paymentSources_clerk.chips.browser_a811ce_5.68.0-snapshot.v20250529201021.js.br
- clerk-js/5.68.0-snapshot.v20250529201021/paymentSources_clerk.chips.browser_a811ce_5.68.0-snapshot.v20250529201021.js.gz
- clerk-js/5.68.0-snapshot.v20250529201021/paymentSources_clerk.chips.browser_a811ce_5.68.0-snapshot.v20250529201021.js.sri
- clerk-js/5.68.0-snapshot.v20250529201021/paymentSources_clerk.chips.browser_a811ce_5.68.0-snapshot.v20250529201021.min.js.br
- clerk-js/5.68.0-snapshot.v20250529201021/paymentSources_clerk.chips.browser_a811ce_5.68.0-snapshot.v20250529201021.min.js.gz
- clerk-js/5.68.0-snapshot.v20250529201021/paymentSources_clerk.chips.browser_a811ce_5.68.0-snapshot.v20250529201021.min.js.sri
- clerk-js/5.68.0-snapshot.v20250529201021/paymentSources_clerk.legacy.browser_cb2c0c_5.68.0-snapshot.v20250529201021.js.br
- clerk-js/5.68.0-snapshot.v20250529201021/paymentSources_clerk.legacy.browser_cb2c0c_5.68.0-snapshot.v20250529201021.js.gz
- clerk-js/5.68.0-snapshot.v20250529201021/paymentSources_clerk.legacy.browser_cb2c0c_5.68.0-snapshot.v20250529201021.js.sri
- clerk-js/5.68.0-snapshot.v20250529201021/paymentSources_clerk.legacy.browser_cb2c0c_5.68.0-snapshot.v20250529201021.min.js.br
- clerk-js/5.68.0-snapshot.v20250529201021/paymentSources_clerk.legacy.browser_cb2c0c_5.68.0-snapshot.v20250529201021.min.js.gz
- clerk-js/5.68.0-snapshot.v20250529201021/paymentSources_clerk.legacy.browser_cb2c0c_5.68.0-snapshot.v20250529201021.min.js.sri
- clerk-js/5.68.0-snapshot.v20250529201021/planDetails_clerk.browser_c573dc_5.68.0-snapshot.v20250529201021.js.br
- clerk-js/5.68.0-snapshot.v20250529201021/planDetails_clerk.browser_c573dc_5.68.0-snapshot.v20250529201021.js.gz
- clerk-js/5.68.0-snapshot.v20250529201021/planDetails_clerk.browser_c573dc_5.68.0-snapshot.v20250529201021.js.sri
- clerk-js/5.68.0-snapshot.v20250529201021/planDetails_clerk.browser_c573dc_5.68.0-snapshot.v20250529201021.min.js.br
- clerk-js/5.68.0-snapshot.v20250529201021/planDetails_clerk.browser_c573dc_5.68.0-snapshot.v20250529201021.min.js.gz
- clerk-js/5.68.0-snapshot.v20250529201021/planDetails_clerk.browser_c573dc_5.68.0-snapshot.v20250529201021.min.js.sri
- clerk-js/5.68.0-snapshot.v20250529201021/planDetails_clerk.chips.browser_a811ce_5.68.0-snapshot.v20250529201021.js.br
- clerk-js/5.68.0-snapshot.v20250529201021/planDetails_clerk.chips.browser_a811ce_5.68.0-snapshot.v20250529201021.js.gz
- clerk-js/5.68.0-snapshot.v20250529201021/planDetails_clerk.chips.browser_a811ce_5.68.0-snapshot.v20250529201021.js.sri
- clerk-js/5.68.0-snapshot.v20250529201021/planDetails_clerk.chips.browser_a811ce_5.68.0-snapshot.v20250529201021.min.js.br
- clerk-js/5.68.0-snapshot.v20250529201021/planDetails_clerk.chips.browser_a811ce_5.68.0-snapshot.v20250529201021.min.js.gz
- clerk-js/5.68.0-snapshot.v20250529201021/planDetails_clerk.chips.browser_a811ce_5.68.0-snapshot.v20250529201021.min.js.sri
- clerk-js/5.68.0-snapshot.v20250529201021/planDetails_clerk.legacy.browser_cb2c0c_5.68.0-snapshot.v20250529201021.js.br
- clerk-js/5.68.0-snapshot.v20250529201021/planDetails_clerk.legacy.browser_cb2c0c_5.68.0-snapshot.v20250529201021.js.gz
- clerk-js/5.68.0-snapshot.v20250529201021/planDetails_clerk.legacy.browser_cb2c0c_5.68.0-snapshot.v20250529201021.js.sri
- clerk-js/5.68.0-snapshot.v20250529201021/planDetails_clerk.legacy.browser_cb2c0c_5.68.0-snapshot.v20250529201021.min.js.br
- clerk-js/5.68.0-snapshot.v20250529201021/planDetails_clerk.legacy.browser_cb2c0c_5.68.0-snapshot.v20250529201021.min.js.gz
- clerk-js/5.68.0-snapshot.v20250529201021/planDetails_clerk.legacy.browser_cb2c0c_5.68.0-snapshot.v20250529201021.min.js.sri
- clerk-js/5.68.0-snapshot.v20250529201021/prefetchorganizationlist_clerk.browser_c573dc_5.68.0-snapshot.v20250529201021.js.br
- clerk-js/5.68.0-snapshot.v20250529201021/prefetchorganizationlist_clerk.browser_c573dc_5.68.0-snapshot.v20250529201021.js.gz
- clerk-js/5.68.0-snapshot.v20250529201021/prefetchorganizationlist_clerk.browser_c573dc_5.68.0-snapshot.v20250529201021.js.sri
- clerk-js/5.68.0-snapshot.v20250529201021/prefetchorganizationlist_clerk.browser_c573dc_5.68.0-snapshot.v20250529201021.min.js.br
- clerk-js/5.68.0-snapshot.v20250529201021/prefetchorganizationlist_clerk.browser_c573dc_5.68.0-snapshot.v20250529201021.min.js.gz
- clerk-js/5.68.0-snapshot.v20250529201021/prefetchorganizationlist_clerk.browser_c573dc_5.68.0-snapshot.v20250529201021.min.js.sri
- clerk-js/5.68.0-snapshot.v20250529201021/prefetchorganizationlist_clerk.chips.browser_a811ce_5.68.0-snapshot.v20250529201021.js.br
- clerk-js/5.68.0-snapshot.v20250529201021/prefetchorganizationlist_clerk.chips.browser_a811ce_5.68.0-snapshot.v20250529201021.js.gz
- clerk-js/5.68.0-snapshot.v20250529201021/prefetchorganizationlist_clerk.chips.browser_a811ce_5.68.0-snapshot.v20250529201021.js.sri
- clerk-js/5.68.0-snapshot.v20250529201021/prefetchorganizationlist_clerk.chips.browser_a811ce_5.68.0-snapshot.v20250529201021.min.js.br
- clerk-js/5.68.0-snapshot.v20250529201021/prefetchorganizationlist_clerk.chips.browser_a811ce_5.68.0-snapshot.v20250529201021.min.js.gz
- clerk-js/5.68.0-snapshot.v20250529201021/prefetchorganizationlist_clerk.chips.browser_a811ce_5.68.0-snapshot.v20250529201021.min.js.sri
- clerk-js/5.68.0-snapshot.v20250529201021/prefetchorganizationlist_clerk.legacy.browser_cb2c0c_5.68.0-snapshot.v20250529201021.js.br
- clerk-js/5.68.0-snapshot.v20250529201021/prefetchorganizationlist_clerk.legacy.browser_cb2c0c_5.68.0-snapshot.v20250529201021.js.gz
- clerk-js/5.68.0-snapshot.v20250529201021/prefetchorganizationlist_clerk.legacy.browser_cb2c0c_5.68.0-snapshot.v20250529201021.js.sri
- clerk-js/5.68.0-snapshot.v20250529201021/prefetchorganizationlist_clerk.legacy.browser_cb2c0c_5.68.0-snapshot.v20250529201021.min.js.br
- clerk-js/5.68.0-snapshot.v20250529201021/prefetchorganizationlist_clerk.legacy.browser_cb2c0c_5.68.0-snapshot.v20250529201021.min.js.gz
- clerk-js/5.68.0-snapshot.v20250529201021/prefetchorganizationlist_clerk.legacy.browser_cb2c0c_5.68.0-snapshot.v20250529201021.min.js.sri
- clerk-js/5.68.0-snapshot.v20250529201021/pricingTable_clerk.browser_c573dc_5.68.0-snapshot.v20250529201021.js.br
- clerk-js/5.68.0-snapshot.v20250529201021/pricingTable_clerk.browser_c573dc_5.68.0-snapshot.v20250529201021.js.gz
- clerk-js/5.68.0-snapshot.v20250529201021/pricingTable_clerk.browser_c573dc_5.68.0-snapshot.v20250529201021.js.sri
- clerk-js/5.68.0-snapshot.v20250529201021/pricingTable_clerk.browser_c573dc_5.68.0-snapshot.v20250529201021.min.js.br
- clerk-js/5.68.0-snapshot.v20250529201021/pricingTable_clerk.browser_c573dc_5.68.0-snapshot.v20250529201021.min.js.gz
- clerk-js/5.68.0-snapshot.v20250529201021/pricingTable_clerk.browser_c573dc_5.68.0-snapshot.v20250529201021.min.js.sri
- clerk-js/5.68.0-snapshot.v20250529201021/pricingTable_clerk.chips.browser_a811ce_5.68.0-snapshot.v20250529201021.js.br
- clerk-js/5.68.0-snapshot.v20250529201021/pricingTable_clerk.chips.browser_a811ce_5.68.0-snapshot.v20250529201021.js.gz
- clerk-js/5.68.0-snapshot.v20250529201021/pricingTable_clerk.chips.browser_a811ce_5.68.0-snapshot.v20250529201021.js.sri
- clerk-js/5.68.0-snapshot.v20250529201021/pricingTable_clerk.chips.browser_a811ce_5.68.0-snapshot.v20250529201021.min.js.br
- clerk-js/5.68.0-snapshot.v20250529201021/pricingTable_clerk.chips.browser_a811ce_5.68.0-snapshot.v20250529201021.min.js.gz
- clerk-js/5.68.0-snapshot.v20250529201021/pricingTable_clerk.chips.browser_a811ce_5.68.0-snapshot.v20250529201021.min.js.sri
- clerk-js/5.68.0-snapshot.v20250529201021/pricingTable_clerk.legacy.browser_cb2c0c_5.68.0-snapshot.v20250529201021.js.br
- clerk-js/5.68.0-snapshot.v20250529201021/pricingTable_clerk.legacy.browser_cb2c0c_5.68.0-snapshot.v20250529201021.js.gz
- clerk-js/5.68.0-snapshot.v20250529201021/pricingTable_clerk.legacy.browser_cb2c0c_5.68.0-snapshot.v20250529201021.js.sri
- clerk-js/5.68.0-snapshot.v20250529201021/pricingTable_clerk.legacy.browser_cb2c0c_5.68.0-snapshot.v20250529201021.min.js.br
- clerk-js/5.68.0-snapshot.v20250529201021/pricingTable_clerk.legacy.browser_cb2c0c_5.68.0-snapshot.v20250529201021.min.js.gz
- clerk-js/5.68.0-snapshot.v20250529201021/pricingTable_clerk.legacy.browser_cb2c0c_5.68.0-snapshot.v20250529201021.min.js.sri
- clerk-js/5.68.0-snapshot.v20250529201021/sessionTasks_clerk.browser_c573dc_5.68.0-snapshot.v20250529201021.js.br
- clerk-js/5.68.0-snapshot.v20250529201021/sessionTasks_clerk.browser_c573dc_5.68.0-snapshot.v20250529201021.js.gz
- clerk-js/5.68.0-snapshot.v20250529201021/sessionTasks_clerk.browser_c573dc_5.68.0-snapshot.v20250529201021.js.sri
- clerk-js/5.68.0-snapshot.v20250529201021/sessionTasks_clerk.browser_c573dc_5.68.0-snapshot.v20250529201021.min.js.br
- clerk-js/5.68.0-snapshot.v20250529201021/sessionTasks_clerk.browser_c573dc_5.68.0-snapshot.v20250529201021.min.js.gz
- clerk-js/5.68.0-snapshot.v20250529201021/sessionTasks_clerk.browser_c573dc_5.68.0-snapshot.v20250529201021.min.js.sri
- clerk-js/5.68.0-snapshot.v20250529201021/sessionTasks_clerk.chips.browser_a811ce_5.68.0-snapshot.v20250529201021.js.br
- clerk-js/5.68.0-snapshot.v20250529201021/sessionTasks_clerk.chips.browser_a811ce_5.68.0-snapshot.v20250529201021.js.gz
- clerk-js/5.68.0-snapshot.v20250529201021/sessionTasks_clerk.chips.browser_a811ce_5.68.0-snapshot.v20250529201021.js.sri
- clerk-js/5.68.0-snapshot.v20250529201021/sessionTasks_clerk.chips.browser_a811ce_5.68.0-snapshot.v20250529201021.min.js.br
- clerk-js/5.68.0-snapshot.v20250529201021/sessionTasks_clerk.chips.browser_a811ce_5.68.0-snapshot.v20250529201021.min.js.gz
- clerk-js/5.68.0-snapshot.v20250529201021/sessionTasks_clerk.chips.browser_a811ce_5.68.0-snapshot.v20250529201021.min.js.sri
- clerk-js/5.68.0-snapshot.v20250529201021/sessionTasks_clerk.legacy.browser_cb2c0c_5.68.0-snapshot.v20250529201021.js.br
- clerk-js/5.68.0-snapshot.v20250529201021/sessionTasks_clerk.legacy.browser_cb2c0c_5.68.0-snapshot.v20250529201021.js.gz
- clerk-js/5.68.0-snapshot.v20250529201021/sessionTasks_clerk.legacy.browser_cb2c0c_5.68.0-snapshot.v20250529201021.js.sri
- clerk-js/5.68.0-snapshot.v20250529201021/sessionTasks_clerk.legacy.browser_cb2c0c_5.68.0-snapshot.v20250529201021.min.js.br
- clerk-js/5.68.0-snapshot.v20250529201021/sessionTasks_clerk.legacy.browser_cb2c0c_5.68.0-snapshot.v20250529201021.min.js.gz
- clerk-js/5.68.0-snapshot.v20250529201021/sessionTasks_clerk.legacy.browser_cb2c0c_5.68.0-snapshot.v20250529201021.min.js.sri
- clerk-js/5.68.0-snapshot.v20250529201021/signin_clerk.browser_c573dc_5.68.0-snapshot.v20250529201021.js.br
- clerk-js/5.68.0-snapshot.v20250529201021/signin_clerk.browser_c573dc_5.68.0-snapshot.v20250529201021.js.gz
- clerk-js/5.68.0-snapshot.v20250529201021/signin_clerk.browser_c573dc_5.68.0-snapshot.v20250529201021.js.sri
- clerk-js/5.68.0-snapshot.v20250529201021/signin_clerk.browser_c573dc_5.68.0-snapshot.v20250529201021.min.js.br
- clerk-js/5.68.0-snapshot.v20250529201021/signin_clerk.browser_c573dc_5.68.0-snapshot.v20250529201021.min.js.gz
- clerk-js/5.68.0-snapshot.v20250529201021/signin_clerk.browser_c573dc_5.68.0-snapshot.v20250529201021.min.js.sri
- clerk-js/5.68.0-snapshot.v20250529201021/signin_clerk.chips.browser_a811ce_5.68.0-snapshot.v20250529201021.js.br
- clerk-js/5.68.0-snapshot.v20250529201021/signin_clerk.chips.browser_a811ce_5.68.0-snapshot.v20250529201021.js.gz
- clerk-js/5.68.0-snapshot.v20250529201021/signin_clerk.chips.browser_a811ce_5.68.0-snapshot.v20250529201021.js.sri
- clerk-js/5.68.0-snapshot.v20250529201021/signin_clerk.chips.browser_a811ce_5.68.0-snapshot.v20250529201021.min.js.br
- clerk-js/5.68.0-snapshot.v20250529201021/signin_clerk.chips.browser_a811ce_5.68.0-snapshot.v20250529201021.min.js.gz
- clerk-js/5.68.0-snapshot.v20250529201021/signin_clerk.chips.browser_a811ce_5.68.0-snapshot.v20250529201021.min.js.sri
- clerk-js/5.68.0-snapshot.v20250529201021/signin_clerk.legacy.browser_cb2c0c_5.68.0-snapshot.v20250529201021.js.br
- clerk-js/5.68.0-snapshot.v20250529201021/signin_clerk.legacy.browser_cb2c0c_5.68.0-snapshot.v20250529201021.js.gz
- clerk-js/5.68.0-snapshot.v20250529201021/signin_clerk.legacy.browser_cb2c0c_5.68.0-snapshot.v20250529201021.js.sri
- clerk-js/5.68.0-snapshot.v20250529201021/signin_clerk.legacy.browser_cb2c0c_5.68.0-snapshot.v20250529201021.min.js.br
- clerk-js/5.68.0-snapshot.v20250529201021/signin_clerk.legacy.browser_cb2c0c_5.68.0-snapshot.v20250529201021.min.js.gz
- clerk-js/5.68.0-snapshot.v20250529201021/signin_clerk.legacy.browser_cb2c0c_5.68.0-snapshot.v20250529201021.min.js.sri
- clerk-js/5.68.0-snapshot.v20250529201021/signup_clerk.browser_c573dc_5.68.0-snapshot.v20250529201021.js.br
- clerk-js/5.68.0-snapshot.v20250529201021/signup_clerk.browser_c573dc_5.68.0-snapshot.v20250529201021.js.gz
- clerk-js/5.68.0-snapshot.v20250529201021/signup_clerk.browser_c573dc_5.68.0-snapshot.v20250529201021.js.sri
- clerk-js/5.68.0-snapshot.v20250529201021/signup_clerk.browser_c573dc_5.68.0-snapshot.v20250529201021.min.js.br
- clerk-js/5.68.0-snapshot.v20250529201021/signup_clerk.browser_c573dc_5.68.0-snapshot.v20250529201021.min.js.gz
- clerk-js/5.68.0-snapshot.v20250529201021/signup_clerk.browser_c573dc_5.68.0-snapshot.v20250529201021.min.js.sri
- clerk-js/5.68.0-snapshot.v20250529201021/signup_clerk.chips.browser_a811ce_5.68.0-snapshot.v20250529201021.js.br
- clerk-js/5.68.0-snapshot.v20250529201021/signup_clerk.chips.browser_a811ce_5.68.0-snapshot.v20250529201021.js.gz
- clerk-js/5.68.0-snapshot.v20250529201021/signup_clerk.chips.browser_a811ce_5.68.0-snapshot.v20250529201021.js.sri
- clerk-js/5.68.0-snapshot.v20250529201021/signup_clerk.chips.browser_a811ce_5.68.0-snapshot.v20250529201021.min.js.br
- clerk-js/5.68.0-snapshot.v20250529201021/signup_clerk.chips.browser_a811ce_5.68.0-snapshot.v20250529201021.min.js.gz
- clerk-js/5.68.0-snapshot.v20250529201021/signup_clerk.chips.browser_a811ce_5.68.0-snapshot.v20250529201021.min.js.sri
- clerk-js/5.68.0-snapshot.v20250529201021/signup_clerk.legacy.browser_cb2c0c_5.68.0-snapshot.v20250529201021.js.br
- clerk-js/5.68.0-snapshot.v20250529201021/signup_clerk.legacy.browser_cb2c0c_5.68.0-snapshot.v20250529201021.js.gz
- clerk-js/5.68.0-snapshot.v20250529201021/signup_clerk.legacy.browser_cb2c0c_5.68.0-snapshot.v20250529201021.js.sri
- clerk-js/5.68.0-snapshot.v20250529201021/signup_clerk.legacy.browser_cb2c0c_5.68.0-snapshot.v20250529201021.min.js.br
- clerk-js/5.68.0-snapshot.v20250529201021/signup_clerk.legacy.browser_cb2c0c_5.68.0-snapshot.v20250529201021.min.js.gz
- clerk-js/5.68.0-snapshot.v20250529201021/signup_clerk.legacy.browser_cb2c0c_5.68.0-snapshot.v20250529201021.min.js.sri
- clerk-js/5.68.0-snapshot.v20250529201021/ui-common_clerk.browser_c573dc_5.68.0-snapshot.v20250529201021.js.br
- clerk-js/5.68.0-snapshot.v20250529201021/ui-common_clerk.browser_c573dc_5.68.0-snapshot.v20250529201021.js.gz
- clerk-js/5.68.0-snapshot.v20250529201021/ui-common_clerk.browser_c573dc_5.68.0-snapshot.v20250529201021.js.sri
- clerk-js/5.68.0-snapshot.v20250529201021/ui-common_clerk.browser_c573dc_5.68.0-snapshot.v20250529201021.min.js.br
- clerk-js/5.68.0-snapshot.v20250529201021/ui-common_clerk.browser_c573dc_5.68.0-snapshot.v20250529201021.min.js.gz
- clerk-js/5.68.0-snapshot.v20250529201021/ui-common_clerk.browser_c573dc_5.68.0-snapshot.v20250529201021.min.js.sri
- clerk-js/5.68.0-snapshot.v20250529201021/ui-common_clerk.chips.browser_a811ce_5.68.0-snapshot.v20250529201021.js.br
- clerk-js/5.68.0-snapshot.v20250529201021/ui-common_clerk.chips.browser_a811ce_5.68.0-snapshot.v20250529201021.js.gz
- clerk-js/5.68.0-snapshot.v20250529201021/ui-common_clerk.chips.browser_a811ce_5.68.0-snapshot.v20250529201021.js.sri
- clerk-js/5.68.0-snapshot.v20250529201021/ui-common_clerk.chips.browser_a811ce_5.68.0-snapshot.v20250529201021.min.js.br
- clerk-js/5.68.0-snapshot.v20250529201021/ui-common_clerk.chips.browser_a811ce_5.68.0-snapshot.v20250529201021.min.js.gz
- clerk-js/5.68.0-snapshot.v20250529201021/ui-common_clerk.chips.browser_a811ce_5.68.0-snapshot.v20250529201021.min.js.sri
- clerk-js/5.68.0-snapshot.v20250529201021/ui-common_clerk.legacy.browser_cb2c0c_5.68.0-snapshot.v20250529201021.js.br
- clerk-js/5.68.0-snapshot.v20250529201021/ui-common_clerk.legacy.browser_cb2c0c_5.68.0-snapshot.v20250529201021.js.gz
- clerk-js/5.68.0-snapshot.v20250529201021/ui-common_clerk.legacy.browser_cb2c0c_5.68.0-snapshot.v20250529201021.js.sri
- clerk-js/5.68.0-snapshot.v20250529201021/ui-common_clerk.legacy.browser_cb2c0c_5.68.0-snapshot.v20250529201021.min.js.br
- clerk-js/5.68.0-snapshot.v20250529201021/ui-common_clerk.legacy.browser_cb2c0c_5.68.0-snapshot.v20250529201021.min.js.gz
- clerk-js/5.68.0-snapshot.v20250529201021/ui-common_clerk.legacy.browser_cb2c0c_5.68.0-snapshot.v20250529201021.min.js.sri
- clerk-js/5.68.0-snapshot.v20250529201021/up-billing-page_clerk.browser_c573dc_5.68.0-snapshot.v20250529201021.js.br
- clerk-js/5.68.0-snapshot.v20250529201021/up-billing-page_clerk.browser_c573dc_5.68.0-snapshot.v20250529201021.js.gz
- clerk-js/5.68.0-snapshot.v20250529201021/up-billing-page_clerk.browser_c573dc_5.68.0-snapshot.v20250529201021.js.sri
- clerk-js/5.68.0-snapshot.v20250529201021/up-billing-page_clerk.browser_c573dc_5.68.0-snapshot.v20250529201021.min.js.br
- clerk-js/5.68.0-snapshot.v20250529201021/up-billing-page_clerk.browser_c573dc_5.68.0-snapshot.v20250529201021.min.js.gz
- clerk-js/5.68.0-snapshot.v20250529201021/up-billing-page_clerk.browser_c573dc_5.68.0-snapshot.v20250529201021.min.js.sri
- clerk-js/5.68.0-snapshot.v20250529201021/up-billing-page_clerk.chips.browser_a811ce_5.68.0-snapshot.v20250529201021.js.br
- clerk-js/5.68.0-snapshot.v20250529201021/up-billing-page_clerk.chips.browser_a811ce_5.68.0-snapshot.v20250529201021.js.gz
- clerk-js/5.68.0-snapshot.v20250529201021/up-billing-page_clerk.chips.browser_a811ce_5.68.0-snapshot.v20250529201021.js.sri
- clerk-js/5.68.0-snapshot.v20250529201021/up-billing-page_clerk.chips.browser_a811ce_5.68.0-snapshot.v20250529201021.min.js.br
- clerk-js/5.68.0-snapshot.v20250529201021/up-billing-page_clerk.chips.browser_a811ce_5.68.0-snapshot.v20250529201021.min.js.gz
- clerk-js/5.68.0-snapshot.v20250529201021/up-billing-page_clerk.chips.browser_a811ce_5.68.0-snapshot.v20250529201021.min.js.sri
- clerk-js/5.68.0-snapshot.v20250529201021/up-billing-page_clerk.legacy.browser_cb2c0c_5.68.0-snapshot.v20250529201021.js.br
- clerk-js/5.68.0-snapshot.v20250529201021/up-billing-page_clerk.legacy.browser_cb2c0c_5.68.0-snapshot.v20250529201021.js.gz
- clerk-js/5.68.0-snapshot.v20250529201021/up-billing-page_clerk.legacy.browser_cb2c0c_5.68.0-snapshot.v20250529201021.js.sri
- clerk-js/5.68.0-snapshot.v20250529201021/up-billing-page_clerk.legacy.browser_cb2c0c_5.68.0-snapshot.v20250529201021.min.js.br
- clerk-js/5.68.0-snapshot.v20250529201021/up-billing-page_clerk.legacy.browser_cb2c0c_5.68.0-snapshot.v20250529201021.min.js.gz
- clerk-js/5.68.0-snapshot.v20250529201021/up-billing-page_clerk.legacy.browser_cb2c0c_5.68.0-snapshot.v20250529201021.min.js.sri
- clerk-js/5.68.0-snapshot.v20250529201021/userbutton_clerk.browser_c573dc_5.68.0-snapshot.v20250529201021.js.br
- clerk-js/5.68.0-snapshot.v20250529201021/userbutton_clerk.browser_c573dc_5.68.0-snapshot.v20250529201021.js.gz
- clerk-js/5.68.0-snapshot.v20250529201021/userbutton_clerk.browser_c573dc_5.68.0-snapshot.v20250529201021.js.sri
- clerk-js/5.68.0-snapshot.v20250529201021/userbutton_clerk.browser_c573dc_5.68.0-snapshot.v20250529201021.min.js.br
- clerk-js/5.68.0-snapshot.v20250529201021/userbutton_clerk.browser_c573dc_5.68.0-snapshot.v20250529201021.min.js.gz
- clerk-js/5.68.0-snapshot.v20250529201021/userbutton_clerk.browser_c573dc_5.68.0-snapshot.v20250529201021.min.js.sri
- clerk-js/5.68.0-snapshot.v20250529201021/userbutton_clerk.chips.browser_a811ce_5.68.0-snapshot.v20250529201021.js.br
- clerk-js/5.68.0-snapshot.v20250529201021/userbutton_clerk.chips.browser_a811ce_5.68.0-snapshot.v20250529201021.js.gz
- clerk-js/5.68.0-snapshot.v20250529201021/userbutton_clerk.chips.browser_a811ce_5.68.0-snapshot.v20250529201021.js.sri
- clerk-js/5.68.0-snapshot.v20250529201021/userbutton_clerk.chips.browser_a811ce_5.68.0-snapshot.v20250529201021.min.js.br
- clerk-js/5.68.0-snapshot.v20250529201021/userbutton_clerk.chips.browser_a811ce_5.68.0-snapshot.v20250529201021.min.js.gz
- clerk-js/5.68.0-snapshot.v20250529201021/userbutton_clerk.chips.browser_a811ce_5.68.0-snapshot.v20250529201021.min.js.sri
- clerk-js/5.68.0-snapshot.v20250529201021/userbutton_clerk.legacy.browser_cb2c0c_5.68.0-snapshot.v20250529201021.js.br
- clerk-js/5.68.0-snapshot.v20250529201021/userbutton_clerk.legacy.browser_cb2c0c_5.68.0-snapshot.v20250529201021.js.gz
- clerk-js/5.68.0-snapshot.v20250529201021/userbutton_clerk.legacy.browser_cb2c0c_5.68.0-snapshot.v20250529201021.js.sri
- clerk-js/5.68.0-snapshot.v20250529201021/userbutton_clerk.legacy.browser_cb2c0c_5.68.0-snapshot.v20250529201021.min.js.br
- clerk-js/5.68.0-snapshot.v20250529201021/userbutton_clerk.legacy.browser_cb2c0c_5.68.0-snapshot.v20250529201021.min.js.gz
- clerk-js/5.68.0-snapshot.v20250529201021/userbutton_clerk.legacy.browser_cb2c0c_5.68.0-snapshot.v20250529201021.min.js.sri
- clerk-js/5.68.0-snapshot.v20250529201021/userprofile_clerk.browser_c573dc_5.68.0-snapshot.v20250529201021.js.br
- clerk-js/5.68.0-snapshot.v20250529201021/userprofile_clerk.browser_c573dc_5.68.0-snapshot.v20250529201021.js.gz
- clerk-js/5.68.0-snapshot.v20250529201021/userprofile_clerk.browser_c573dc_5.68.0-snapshot.v20250529201021.js.sri
- clerk-js/5.68.0-snapshot.v20250529201021/userprofile_clerk.browser_c573dc_5.68.0-snapshot.v20250529201021.min.js.br
- clerk-js/5.68.0-snapshot.v20250529201021/userprofile_clerk.browser_c573dc_5.68.0-snapshot.v20250529201021.min.js.gz
- clerk-js/5.68.0-snapshot.v20250529201021/userprofile_clerk.browser_c573dc_5.68.0-snapshot.v20250529201021.min.js.sri
- clerk-js/5.68.0-snapshot.v20250529201021/userprofile_clerk.chips.browser_a811ce_5.68.0-snapshot.v20250529201021.js.br
- clerk-js/5.68.0-snapshot.v20250529201021/userprofile_clerk.chips.browser_a811ce_5.68.0-snapshot.v20250529201021.js.gz
- clerk-js/5.68.0-snapshot.v20250529201021/userprofile_clerk.chips.browser_a811ce_5.68.0-snapshot.v20250529201021.js.sri
- clerk-js/5.68.0-snapshot.v20250529201021/userprofile_clerk.chips.browser_a811ce_5.68.0-snapshot.v20250529201021.min.js.br
- clerk-js/5.68.0-snapshot.v20250529201021/userprofile_clerk.chips.browser_a811ce_5.68.0-snapshot.v20250529201021.min.js.gz
- clerk-js/5.68.0-snapshot.v20250529201021/userprofile_clerk.chips.browser_a811ce_5.68.0-snapshot.v20250529201021.min.js.sri
- clerk-js/5.68.0-snapshot.v20250529201021/userprofile_clerk.legacy.browser_cb2c0c_5.68.0-snapshot.v20250529201021.js.br
- clerk-js/5.68.0-snapshot.v20250529201021/userprofile_clerk.legacy.browser_cb2c0c_5.68.0-snapshot.v20250529201021.js.gz
- clerk-js/5.68.0-snapshot.v20250529201021/userprofile_clerk.legacy.browser_cb2c0c_5.68.0-snapshot.v20250529201021.js.sri
- clerk-js/5.68.0-snapshot.v20250529201021/userprofile_clerk.legacy.browser_cb2c0c_5.68.0-snapshot.v20250529201021.min.js.br
- clerk-js/5.68.0-snapshot.v20250529201021/userprofile_clerk.legacy.browser_cb2c0c_5.68.0-snapshot.v20250529201021.min.js.gz
- clerk-js/5.68.0-snapshot.v20250529201021/userprofile_clerk.legacy.browser_cb2c0c_5.68.0-snapshot.v20250529201021.min.js.sri
- clerk-js/5.68.0-snapshot.v20250529201021/userverification_clerk.browser_c573dc_5.68.0-snapshot.v20250529201021.js.br
- clerk-js/5.68.0-snapshot.v20250529201021/userverification_clerk.browser_c573dc_5.68.0-snapshot.v20250529201021.js.gz
- clerk-js/5.68.0-snapshot.v20250529201021/userverification_clerk.browser_c573dc_5.68.0-snapshot.v20250529201021.js.sri
- clerk-js/5.68.0-snapshot.v20250529201021/userverification_clerk.browser_c573dc_5.68.0-snapshot.v20250529201021.min.js.br
- clerk-js/5.68.0-snapshot.v20250529201021/userverification_clerk.browser_c573dc_5.68.0-snapshot.v20250529201021.min.js.gz
- clerk-js/5.68.0-snapshot.v20250529201021/userverification_clerk.browser_c573dc_5.68.0-snapshot.v20250529201021.min.js.sri
- clerk-js/5.68.0-snapshot.v20250529201021/userverification_clerk.chips.browser_a811ce_5.68.0-snapshot.v20250529201021.js.br
- clerk-js/5.68.0-snapshot.v20250529201021/userverification_clerk.chips.browser_a811ce_5.68.0-snapshot.v20250529201021.js.gz
- clerk-js/5.68.0-snapshot.v20250529201021/userverification_clerk.chips.browser_a811ce_5.68.0-snapshot.v20250529201021.js.sri
- clerk-js/5.68.0-snapshot.v20250529201021/userverification_clerk.chips.browser_a811ce_5.68.0-snapshot.v20250529201021.min.js.br
- clerk-js/5.68.0-snapshot.v20250529201021/userverification_clerk.chips.browser_a811ce_5.68.0-snapshot.v20250529201021.min.js.gz
- clerk-js/5.68.0-snapshot.v20250529201021/userverification_clerk.chips.browser_a811ce_5.68.0-snapshot.v20250529201021.min.js.sri
- clerk-js/5.68.0-snapshot.v20250529201021/userverification_clerk.legacy.browser_cb2c0c_5.68.0-snapshot.v20250529201021.js.br
- clerk-js/5.68.0-snapshot.v20250529201021/userverification_clerk.legacy.browser_cb2c0c_5.68.0-snapshot.v20250529201021.js.gz
- clerk-js/5.68.0-snapshot.v20250529201021/userverification_clerk.legacy.browser_cb2c0c_5.68.0-snapshot.v20250529201021.js.sri
- clerk-js/5.68.0-snapshot.v20250529201021/userverification_clerk.legacy.browser_cb2c0c_5.68.0-snapshot.v20250529201021.min.js.br
- clerk-js/5.68.0-snapshot.v20250529201021/userverification_clerk.legacy.browser_cb2c0c_5.68.0-snapshot.v20250529201021.min.js.gz
- clerk-js/5.68.0-snapshot.v20250529201021/userverification_clerk.legacy.browser_cb2c0c_5.68.0-snapshot.v20250529201021.min.js.sri
- clerk-js/5.68.0-snapshot.v20250529201021/vendors_clerk.browser_c573dc_5.68.0-snapshot.v20250529201021.js.br
- clerk-js/5.68.0-snapshot.v20250529201021/vendors_clerk.browser_c573dc_5.68.0-snapshot.v20250529201021.js.gz
- clerk-js/5.68.0-snapshot.v20250529201021/vendors_clerk.browser_c573dc_5.68.0-snapshot.v20250529201021.js.sri
- clerk-js/5.68.0-snapshot.v20250529201021/vendors_clerk.browser_c573dc_5.68.0-snapshot.v20250529201021.min.js.br
- clerk-js/5.68.0-snapshot.v20250529201021/vendors_clerk.browser_c573dc_5.68.0-snapshot.v20250529201021.min.js.gz
- clerk-js/5.68.0-snapshot.v20250529201021/vendors_clerk.browser_c573dc_5.68.0-snapshot.v20250529201021.min.js.sri
- clerk-js/5.68.0-snapshot.v20250529201021/vendors_clerk.chips.browser_a811ce_5.68.0-snapshot.v20250529201021.js.br
- clerk-js/5.68.0-snapshot.v20250529201021/vendors_clerk.chips.browser_a811ce_5.68.0-snapshot.v20250529201021.js.gz
- clerk-js/5.68.0-snapshot.v20250529201021/vendors_clerk.chips.browser_a811ce_5.68.0-snapshot.v20250529201021.js.sri
- clerk-js/5.68.0-snapshot.v20250529201021/vendors_clerk.chips.browser_a811ce_5.68.0-snapshot.v20250529201021.min.js.br
- clerk-js/5.68.0-snapshot.v20250529201021/vendors_clerk.chips.browser_a811ce_5.68.0-snapshot.v20250529201021.min.js.gz
- clerk-js/5.68.0-snapshot.v20250529201021/vendors_clerk.chips.browser_a811ce_5.68.0-snapshot.v20250529201021.min.js.sri
- clerk-js/5.68.0-snapshot.v20250529201021/vendors_clerk.headless.browser_d2ec9a_5.68.0-snapshot.v20250529201021.js.br
- clerk-js/5.68.0-snapshot.v20250529201021/vendors_clerk.headless.browser_d2ec9a_5.68.0-snapshot.v20250529201021.js.gz
- clerk-js/5.68.0-snapshot.v20250529201021/vendors_clerk.headless.browser_d2ec9a_5.68.0-snapshot.v20250529201021.js.sri
- clerk-js/5.68.0-snapshot.v20250529201021/vendors_clerk.headless.browser_d2ec9a_5.68.0-snapshot.v20250529201021.min.js.br
- clerk-js/5.68.0-snapshot.v20250529201021/vendors_clerk.headless.browser_d2ec9a_5.68.0-snapshot.v20250529201021.min.js.gz
- clerk-js/5.68.0-snapshot.v20250529201021/vendors_clerk.headless.browser_d2ec9a_5.68.0-snapshot.v20250529201021.min.js.sri
- clerk-js/5.68.0-snapshot.v20250529201021/vendors_clerk.legacy.browser_cb2c0c_5.68.0-snapshot.v20250529201021.js.br
- clerk-js/5.68.0-snapshot.v20250529201021/vendors_clerk.legacy.browser_cb2c0c_5.68.0-snapshot.v20250529201021.js.gz
- clerk-js/5.68.0-snapshot.v20250529201021/vendors_clerk.legacy.browser_cb2c0c_5.68.0-snapshot.v20250529201021.js.sri
- clerk-js/5.68.0-snapshot.v20250529201021/vendors_clerk.legacy.browser_cb2c0c_5.68.0-snapshot.v20250529201021.min.js.br
- clerk-js/5.68.0-snapshot.v20250529201021/vendors_clerk.legacy.browser_cb2c0c_5.68.0-snapshot.v20250529201021.min.js.gz
- clerk-js/5.68.0-snapshot.v20250529201021/vendors_clerk.legacy.browser_cb2c0c_5.68.0-snapshot.v20250529201021.min.js.sri
- clerk-js/5.68.0-snapshot.v20250529201021/waitlist_clerk.browser_c573dc_5.68.0-snapshot.v20250529201021.js.br
- clerk-js/5.68.0-snapshot.v20250529201021/waitlist_clerk.browser_c573dc_5.68.0-snapshot.v20250529201021.js.gz
- clerk-js/5.68.0-snapshot.v20250529201021/waitlist_clerk.browser_c573dc_5.68.0-snapshot.v20250529201021.js.sri
- clerk-js/5.68.0-snapshot.v20250529201021/waitlist_clerk.browser_c573dc_5.68.0-snapshot.v20250529201021.min.js.br
- clerk-js/5.68.0-snapshot.v20250529201021/waitlist_clerk.browser_c573dc_5.68.0-snapshot.v20250529201021.min.js.gz
- clerk-js/5.68.0-snapshot.v20250529201021/waitlist_clerk.browser_c573dc_5.68.0-snapshot.v20250529201021.min.js.sri
- clerk-js/5.68.0-snapshot.v20250529201021/waitlist_clerk.chips.browser_a811ce_5.68.0-snapshot.v20250529201021.js.br
- clerk-js/5.68.0-snapshot.v20250529201021/waitlist_clerk.chips.browser_a811ce_5.68.0-snapshot.v20250529201021.js.gz
- clerk-js/5.68.0-snapshot.v20250529201021/waitlist_clerk.chips.browser_a811ce_5.68.0-snapshot.v20250529201021.js.sri
- clerk-js/5.68.0-snapshot.v20250529201021/waitlist_clerk.chips.browser_a811ce_5.68.0-snapshot.v20250529201021.min.js.br
- clerk-js/5.68.0-snapshot.v20250529201021/waitlist_clerk.chips.browser_a811ce_5.68.0-snapshot.v20250529201021.min.js.gz
- clerk-js/5.68.0-snapshot.v20250529201021/waitlist_clerk.chips.browser_a811ce_5.68.0-snapshot.v20250529201021.min.js.sri
- clerk-js/5.68.0-snapshot.v20250529201021/waitlist_clerk.legacy.browser_cb2c0c_5.68.0-snapshot.v20250529201021.js.br
- clerk-js/5.68.0-snapshot.v20250529201021/waitlist_clerk.legacy.browser_cb2c0c_5.68.0-snapshot.v20250529201021.js.gz
- clerk-js/5.68.0-snapshot.v20250529201021/waitlist_clerk.legacy.browser_cb2c0c_5.68.0-snapshot.v20250529201021.js.sri
- clerk-js/5.68.0-snapshot.v20250529201021/waitlist_clerk.legacy.browser_cb2c0c_5.68.0-snapshot.v20250529201021.min.js.br
- clerk-js/5.68.0-snapshot.v20250529201021/waitlist_clerk.legacy.browser_cb2c0c_5.68.0-snapshot.v20250529201021.min.js.gz
- clerk-js/5.68.0-snapshot.v20250529201021/waitlist_clerk.legacy.browser_cb2c0c_5.68.0-snapshot.v20250529201021.min.js.sri
- clerk-js/5.68.0-snapshot.v20250529201021/zxcvbn-common_clerk.browser_c573dc_5.68.0-snapshot.v20250529201021.js.br
- clerk-js/5.68.0-snapshot.v20250529201021/zxcvbn-common_clerk.browser_c573dc_5.68.0-snapshot.v20250529201021.js.gz
- clerk-js/5.68.0-snapshot.v20250529201021/zxcvbn-common_clerk.browser_c573dc_5.68.0-snapshot.v20250529201021.js.sri
- clerk-js/5.68.0-snapshot.v20250529201021/zxcvbn-common_clerk.browser_c573dc_5.68.0-snapshot.v20250529201021.min.js.br
- clerk-js/5.68.0-snapshot.v20250529201021/zxcvbn-common_clerk.browser_c573dc_5.68.0-snapshot.v20250529201021.min.js.gz
- clerk-js/5.68.0-snapshot.v20250529201021/zxcvbn-common_clerk.browser_c573dc_5.68.0-snapshot.v20250529201021.min.js.sri
- clerk-js/5.68.0-snapshot.v20250529201021/zxcvbn-common_clerk.chips.browser_a811ce_5.68.0-snapshot.v20250529201021.js.br
- clerk-js/5.68.0-snapshot.v20250529201021/zxcvbn-common_clerk.chips.browser_a811ce_5.68.0-snapshot.v20250529201021.js.gz
- clerk-js/5.68.0-snapshot.v20250529201021/zxcvbn-common_clerk.chips.browser_a811ce_5.68.0-snapshot.v20250529201021.js.sri
- clerk-js/5.68.0-snapshot.v20250529201021/zxcvbn-common_clerk.chips.browser_a811ce_5.68.0-snapshot.v20250529201021.min.js.br
- clerk-js/5.68.0-snapshot.v20250529201021/zxcvbn-common_clerk.chips.browser_a811ce_5.68.0-snapshot.v20250529201021.min.js.gz
- clerk-js/5.68.0-snapshot.v20250529201021/zxcvbn-common_clerk.chips.browser_a811ce_5.68.0-snapshot.v20250529201021.min.js.sri
- clerk-js/5.68.0-snapshot.v20250529201021/zxcvbn-common_clerk.headless.browser_d2ec9a_5.68.0-snapshot.v20250529201021.js.br
- clerk-js/5.68.0-snapshot.v20250529201021/zxcvbn-common_clerk.headless.browser_d2ec9a_5.68.0-snapshot.v20250529201021.js.gz
- clerk-js/5.68.0-snapshot.v20250529201021/zxcvbn-common_clerk.headless.browser_d2ec9a_5.68.0-snapshot.v20250529201021.js.sri
- clerk-js/5.68.0-snapshot.v20250529201021/zxcvbn-common_clerk.headless.browser_d2ec9a_5.68.0-snapshot.v20250529201021.min.js.br
- clerk-js/5.68.0-snapshot.v20250529201021/zxcvbn-common_clerk.headless.browser_d2ec9a_5.68.0-snapshot.v20250529201021.min.js.gz
- clerk-js/5.68.0-snapshot.v20250529201021/zxcvbn-common_clerk.headless.browser_d2ec9a_5.68.0-snapshot.v20250529201021.min.js.sri
- clerk-js/5.68.0-snapshot.v20250529201021/zxcvbn-common_clerk.legacy.browser_cb2c0c_5.68.0-snapshot.v20250529201021.js.br
- clerk-js/5.68.0-snapshot.v20250529201021/zxcvbn-common_clerk.legacy.browser_cb2c0c_5.68.0-snapshot.v20250529201021.js.gz
- clerk-js/5.68.0-snapshot.v20250529201021/zxcvbn-common_clerk.legacy.browser_cb2c0c_5.68.0-snapshot.v20250529201021.js.sri
- clerk-js/5.68.0-snapshot.v20250529201021/zxcvbn-common_clerk.legacy.browser_cb2c0c_5.68.0-snapshot.v20250529201021.min.js.br
- clerk-js/5.68.0-snapshot.v20250529201021/zxcvbn-common_clerk.legacy.browser_cb2c0c_5.68.0-snapshot.v20250529201021.min.js.gz
- clerk-js/5.68.0-snapshot.v20250529201021/zxcvbn-common_clerk.legacy.browser_cb2c0c_5.68.0-snapshot.v20250529201021.min.js.sri
- clerk-js/5.68.0-snapshot.v20250529201021/zxcvbn-ts-core_clerk.browser_c573dc_5.68.0-snapshot.v20250529201021.js.br
- clerk-js/5.68.0-snapshot.v20250529201021/zxcvbn-ts-core_clerk.browser_c573dc_5.68.0-snapshot.v20250529201021.js.gz
- clerk-js/5.68.0-snapshot.v20250529201021/zxcvbn-ts-core_clerk.browser_c573dc_5.68.0-snapshot.v20250529201021.js.sri
- clerk-js/5.68.0-snapshot.v20250529201021/zxcvbn-ts-core_clerk.browser_c573dc_5.68.0-snapshot.v20250529201021.min.js.br
- clerk-js/5.68.0-snapshot.v20250529201021/zxcvbn-ts-core_clerk.browser_c573dc_5.68.0-snapshot.v20250529201021.min.js.gz
- clerk-js/5.68.0-snapshot.v20250529201021/zxcvbn-ts-core_clerk.browser_c573dc_5.68.0-snapshot.v20250529201021.min.js.sri
- clerk-js/5.68.0-snapshot.v20250529201021/zxcvbn-ts-core_clerk.chips.browser_a811ce_5.68.0-snapshot.v20250529201021.js.br
- clerk-js/5.68.0-snapshot.v20250529201021/zxcvbn-ts-core_clerk.chips.browser_a811ce_5.68.0-snapshot.v20250529201021.js.gz
- clerk-js/5.68.0-snapshot.v20250529201021/zxcvbn-ts-core_clerk.chips.browser_a811ce_5.68.0-snapshot.v20250529201021.js.sri
- clerk-js/5.68.0-snapshot.v20250529201021/zxcvbn-ts-core_clerk.chips.browser_a811ce_5.68.0-snapshot.v20250529201021.min.js.br
- clerk-js/5.68.0-snapshot.v20250529201021/zxcvbn-ts-core_clerk.chips.browser_a811ce_5.68.0-snapshot.v20250529201021.min.js.gz
- clerk-js/5.68.0-snapshot.v20250529201021/zxcvbn-ts-core_clerk.chips.browser_a811ce_5.68.0-snapshot.v20250529201021.min.js.sri
- clerk-js/5.68.0-snapshot.v20250529201021/zxcvbn-ts-core_clerk.headless.browser_d2ec9a_5.68.0-snapshot.v20250529201021.js.br
- clerk-js/5.68.0-snapshot.v20250529201021/zxcvbn-ts-core_clerk.headless.browser_d2ec9a_5.68.0-snapshot.v20250529201021.js.gz
- clerk-js/5.68.0-snapshot.v20250529201021/zxcvbn-ts-core_clerk.headless.browser_d2ec9a_5.68.0-snapshot.v20250529201021.js.sri
- clerk-js/5.68.0-snapshot.v20250529201021/zxcvbn-ts-core_clerk.headless.browser_d2ec9a_5.68.0-snapshot.v20250529201021.min.js.br
- clerk-js/5.68.0-snapshot.v20250529201021/zxcvbn-ts-core_clerk.headless.browser_d2ec9a_5.68.0-snapshot.v20250529201021.min.js.gz
- clerk-js/5.68.0-snapshot.v20250529201021/zxcvbn-ts-core_clerk.headless.browser_d2ec9a_5.68.0-snapshot.v20250529201021.min.js.sri
- clerk-js/5.68.0-snapshot.v20250529201021/zxcvbn-ts-core_clerk.legacy.browser_cb2c0c_5.68.0-snapshot.v20250529201021.js.br
- clerk-js/5.68.0-snapshot.v20250529201021/zxcvbn-ts-core_clerk.legacy.browser_cb2c0c_5.68.0-snapshot.v20250529201021.js.gz
- clerk-js/5.68.0-snapshot.v20250529201021/zxcvbn-ts-core_clerk.legacy.browser_cb2c0c_5.68.0-snapshot.v20250529201021.js.sri
- clerk-js/5.68.0-snapshot.v20250529201021/zxcvbn-ts-core_clerk.legacy.browser_cb2c0c_5.68.0-snapshot.v20250529201021.min.js.br
- clerk-js/5.68.0-snapshot.v20250529201021/zxcvbn-ts-core_clerk.legacy.browser_cb2c0c_5.68.0-snapshot.v20250529201021.min.js.gz
- clerk-js/5.68.0-snapshot.v20250529201021/zxcvbn-ts-core_clerk.legacy.browser_cb2c0c_5.68.0-snapshot.v20250529201021.min.js.sri
