Files:
- handsontable/15.0.0-next-fb6aae5-20241212/handsontable.css.br
- handsontable/15.0.0-next-fb6aae5-20241212/handsontable.css.gz
- handsontable/15.0.0-next-fb6aae5-20241212/handsontable.css.sri
- handsontable/15.0.0-next-fb6aae5-20241212/handsontable.full.css.br
- handsontable/15.0.0-next-fb6aae5-20241212/handsontable.full.css.gz
- handsontable/15.0.0-next-fb6aae5-20241212/handsontable.full.css.sri
- handsontable/15.0.0-next-fb6aae5-20241212/handsontable.full.js.br
- handsontable/15.0.0-next-fb6aae5-20241212/handsontable.full.js.gz
- handsontable/15.0.0-next-fb6aae5-20241212/handsontable.full.js.sri
- handsontable/15.0.0-next-fb6aae5-20241212/handsontable.full.min.css.br
- handsontable/15.0.0-next-fb6aae5-20241212/handsontable.full.min.css.gz
- handsontable/15.0.0-next-fb6aae5-20241212/handsontable.full.min.css.sri
- handsontable/15.0.0-next-fb6aae5-20241212/handsontable.full.min.js.br
- handsontable/15.0.0-next-fb6aae5-20241212/handsontable.full.min.js.gz
- handsontable/15.0.0-next-fb6aae5-20241212/handsontable.full.min.js.sri
- handsontable/15.0.0-next-fb6aae5-20241212/handsontable.js.br
- handsontable/15.0.0-next-fb6aae5-20241212/handsontable.js.gz
- handsontable/15.0.0-next-fb6aae5-20241212/handsontable.js.sri
- handsontable/15.0.0-next-fb6aae5-20241212/handsontable.min.css.br
- handsontable/15.0.0-next-fb6aae5-20241212/handsontable.min.css.gz
- handsontable/15.0.0-next-fb6aae5-20241212/handsontable.min.css.sri
- handsontable/15.0.0-next-fb6aae5-20241212/handsontable.min.js.br
- handsontable/15.0.0-next-fb6aae5-20241212/handsontable.min.js.gz
- handsontable/15.0.0-next-fb6aae5-20241212/handsontable.min.js.sri
