config: {"authors":[{"name":"Google Inc."}],"autoupdate":{"source":"npm","target":"@fontsource/noto-sans-rejang","fileMap":[{"basePath":"","files":["*.css","files/*.@(woff|woff2)"]}],"excludeFromSearch":true},"description":"Self-host the Noto Sans Rejang font in a neatly bundled NPM package.","filename":"index.css","homepage":"https://fontsource.org/fonts/noto-sans-rejang","keywords":["fontsource","font","font family","google fonts","noto-sans-rejang","Noto Sans Rejang","css","sass","front-end","web","typeface","variable"],"license":"OFL-1.1","name":"fontsource-noto-sans-rejang","repository":{"type":"git","url":"git+https://github.com/fontsource/font-files.git"},"author":"Google Inc."}
KV keys:
- fontsource-noto-sans-rejang/5.2.5/400.css.br
- fontsource-noto-sans-rejang/5.2.5/400.css.gz
- fontsource-noto-sans-rejang/5.2.5/400.min.css.br
- fontsource-noto-sans-rejang/5.2.5/400.min.css.gz
- fontsource-noto-sans-rejang/5.2.5/files/noto-sans-rejang-latin-400-normal.woff.br
- fontsource-noto-sans-rejang/5.2.5/files/noto-sans-rejang-latin-400-normal.woff.gz
- fontsource-noto-sans-rejang/5.2.5/files/noto-sans-rejang-latin-400-normal.woff2
- fontsource-noto-sans-rejang/5.2.5/files/noto-sans-rejang-latin-ext-400-normal.woff.br
- fontsource-noto-sans-rejang/5.2.5/files/noto-sans-rejang-latin-ext-400-normal.woff.gz
- fontsource-noto-sans-rejang/5.2.5/files/noto-sans-rejang-latin-ext-400-normal.woff2
- fontsource-noto-sans-rejang/5.2.5/files/noto-sans-rejang-rejang-400-normal.woff.br
- fontsource-noto-sans-rejang/5.2.5/files/noto-sans-rejang-rejang-400-normal.woff.gz
- fontsource-noto-sans-rejang/5.2.5/files/noto-sans-rejang-rejang-400-normal.woff2
- fontsource-noto-sans-rejang/5.2.5/index.css.br
- fontsource-noto-sans-rejang/5.2.5/index.css.gz
- fontsource-noto-sans-rejang/5.2.5/index.min.css.br
- fontsource-noto-sans-rejang/5.2.5/index.min.css.gz
- fontsource-noto-sans-rejang/5.2.5/latin-400.css.br
- fontsource-noto-sans-rejang/5.2.5/latin-400.css.gz
- fontsource-noto-sans-rejang/5.2.5/latin-400.min.css.br
- fontsource-noto-sans-rejang/5.2.5/latin-400.min.css.gz
- fontsource-noto-sans-rejang/5.2.5/latin-ext-400.css.br
- fontsource-noto-sans-rejang/5.2.5/latin-ext-400.css.gz
- fontsource-noto-sans-rejang/5.2.5/latin-ext-400.min.css.br
- fontsource-noto-sans-rejang/5.2.5/latin-ext-400.min.css.gz
- fontsource-noto-sans-rejang/5.2.5/latin-ext.css.br
- fontsource-noto-sans-rejang/5.2.5/latin-ext.css.gz
- fontsource-noto-sans-rejang/5.2.5/latin-ext.min.css.br
- fontsource-noto-sans-rejang/5.2.5/latin-ext.min.css.gz
- fontsource-noto-sans-rejang/5.2.5/latin.css.br
- fontsource-noto-sans-rejang/5.2.5/latin.css.gz
- fontsource-noto-sans-rejang/5.2.5/latin.min.css.br
- fontsource-noto-sans-rejang/5.2.5/latin.min.css.gz
- fontsource-noto-sans-rejang/5.2.5/rejang-400.css.br
- fontsource-noto-sans-rejang/5.2.5/rejang-400.css.gz
- fontsource-noto-sans-rejang/5.2.5/rejang-400.min.css.br
- fontsource-noto-sans-rejang/5.2.5/rejang-400.min.css.gz
- fontsource-noto-sans-rejang/5.2.5/rejang.css.br
- fontsource-noto-sans-rejang/5.2.5/rejang.css.gz
- fontsource-noto-sans-rejang/5.2.5/rejang.min.css.br
- fontsource-noto-sans-rejang/5.2.5/rejang.min.css.gz
SRIs:
- fontsource-noto-sans-rejang/5.2.5/400.css: sha512-9DMVpW/6QC29qC5zIwW1tJ5Bx5eZ4RtGGiZkKoFEf0adBVjJnSS7Pr6Nbs0jWiZKDK/puqkgxUXbvkqOdqbPWw==
- fontsource-noto-sans-rejang/5.2.5/400.min.css: sha512-lk3+kGqn09OCKw1FK1wpOQyuZRmWH4jCuFmWCRQdKvv+aTbpGDGtNdQECUn1GPmwNOrVH6P7BTDJ3ixN7I2XFg==
- fontsource-noto-sans-rejang/5.2.5/latin-ext.css: sha512-LVsfLHjeKqSBHmnYEWcZI1ANEaBTXsOCyQGfnI2pRipSeU21sF6HS8HLWgk8YMRsgr7enRCgRTBcSgaSgt0t0Q==
- fontsource-noto-sans-rejang/5.2.5/index.min.css: sha512-lk3+kGqn09OCKw1FK1wpOQyuZRmWH4jCuFmWCRQdKvv+aTbpGDGtNdQECUn1GPmwNOrVH6P7BTDJ3ixN7I2XFg==
- fontsource-noto-sans-rejang/5.2.5/latin-400.min.css: sha512-VGDesD95yQDfAVZ/4RxeH1rV3Q1WvBZMyL7Dbcc0MTk3/P5XTwSXNcwBaXTa/bHAKCDUKpMRA8/h6DMgHZlzfg==
- fontsource-noto-sans-rejang/5.2.5/latin.css: sha512-CkH6531WPBTmPd9Gce+HolY7VoXSGycHcPXUMu0uYmHtUPrV+V+DB9cOK+zjULll//gmGF+RuRTa+YxjDaNjMQ==
- fontsource-noto-sans-rejang/5.2.5/rejang.css: sha512-bFF5cQuPINbTRJOAqeSHGu7pR95BDVgQEkC2LFRPbj73cuytvhjT2yh8C2sKwDnX/JbNkr7SpQze2NNQOhjAbA==
- fontsource-noto-sans-rejang/5.2.5/rejang.min.css: sha512-DRnr/1l/hLO5XnS382lJ9xSSvFMdEgY9Tzj+YeVMw0WnopXXBAVrBmlUd7OxmUuxABPUfKU/UnxxjLNQWLEmYw==
- fontsource-noto-sans-rejang/5.2.5/index.css: sha512-9DMVpW/6QC29qC5zIwW1tJ5Bx5eZ4RtGGiZkKoFEf0adBVjJnSS7Pr6Nbs0jWiZKDK/puqkgxUXbvkqOdqbPWw==
- fontsource-noto-sans-rejang/5.2.5/latin-400.css: sha512-CkH6531WPBTmPd9Gce+HolY7VoXSGycHcPXUMu0uYmHtUPrV+V+DB9cOK+zjULll//gmGF+RuRTa+YxjDaNjMQ==
- fontsource-noto-sans-rejang/5.2.5/latin-ext-400.css: sha512-LVsfLHjeKqSBHmnYEWcZI1ANEaBTXsOCyQGfnI2pRipSeU21sF6HS8HLWgk8YMRsgr7enRCgRTBcSgaSgt0t0Q==
- fontsource-noto-sans-rejang/5.2.5/latin.min.css: sha512-VGDesD95yQDfAVZ/4RxeH1rV3Q1WvBZMyL7Dbcc0MTk3/P5XTwSXNcwBaXTa/bHAKCDUKpMRA8/h6DMgHZlzfg==
- fontsource-noto-sans-rejang/5.2.5/rejang-400.css: sha512-bFF5cQuPINbTRJOAqeSHGu7pR95BDVgQEkC2LFRPbj73cuytvhjT2yh8C2sKwDnX/JbNkr7SpQze2NNQOhjAbA==
- fontsource-noto-sans-rejang/5.2.5/latin-ext-400.min.css: sha512-u18tshK9eNpGRWaZwRGxhJHmlw90I5Ptf71is+sn6x2JXYBoTFqy4yzYOJbfKX0FhfjoH72tMswFZGdjpc/DEw==
- fontsource-noto-sans-rejang/5.2.5/latin-ext.min.css: sha512-u18tshK9eNpGRWaZwRGxhJHmlw90I5Ptf71is+sn6x2JXYBoTFqy4yzYOJbfKX0FhfjoH72tMswFZGdjpc/DEw==
- fontsource-noto-sans-rejang/5.2.5/rejang-400.min.css: sha512-DRnr/1l/hLO5XnS382lJ9xSSvFMdEgY9Tzj+YeVMw0WnopXXBAVrBmlUd7OxmUuxABPUfKU/UnxxjLNQWLEmYw==
