config: {"authors":[{"name":"Google Inc."}],"autoupdate":{"source":"npm","target":"@fontsource/yuji-boku","fileMap":[{"basePath":"","files":["*.css","files/*.@(woff|woff2)"]}],"excludeFromSearch":true},"description":"Self-host the Yuji Boku font in a neatly bundled NPM package.","filename":"index.css","homepage":"https://fontsource.org/fonts/yuji-boku","keywords":["fontsource","font","font family","google fonts","yuji-boku","Yuji Boku","css","sass","front-end","web","typeface","variable"],"license":"OFL-1.1","name":"fontsource-yuji-boku","repository":{"type":"git","url":"git+https://github.com/fontsource/font-files.git"},"author":"Google Inc."}
KV keys:
- fontsource-yuji-boku/5.2.7/400.css.br
- fontsource-yuji-boku/5.2.7/400.css.gz
- fontsource-yuji-boku/5.2.7/400.min.css.br
- fontsource-yuji-boku/5.2.7/400.min.css.gz
- fontsource-yuji-boku/5.2.7/cyrillic-400.css.br
- fontsource-yuji-boku/5.2.7/cyrillic-400.css.gz
- fontsource-yuji-boku/5.2.7/cyrillic-400.min.css.br
- fontsource-yuji-boku/5.2.7/cyrillic-400.min.css.gz
- fontsource-yuji-boku/5.2.7/cyrillic.css.br
- fontsource-yuji-boku/5.2.7/cyrillic.css.gz
- fontsource-yuji-boku/5.2.7/cyrillic.min.css.br
- fontsource-yuji-boku/5.2.7/cyrillic.min.css.gz
- fontsource-yuji-boku/5.2.7/files/yuji-boku-cyrillic-400-normal.woff.br
- fontsource-yuji-boku/5.2.7/files/yuji-boku-cyrillic-400-normal.woff.gz
- fontsource-yuji-boku/5.2.7/files/yuji-boku-cyrillic-400-normal.woff2
- fontsource-yuji-boku/5.2.7/files/yuji-boku-japanese-400-normal.woff.br
- fontsource-yuji-boku/5.2.7/files/yuji-boku-japanese-400-normal.woff.gz
- fontsource-yuji-boku/5.2.7/files/yuji-boku-japanese-400-normal.woff2
- fontsource-yuji-boku/5.2.7/files/yuji-boku-latin-400-normal.woff.br
- fontsource-yuji-boku/5.2.7/files/yuji-boku-latin-400-normal.woff.gz
- fontsource-yuji-boku/5.2.7/files/yuji-boku-latin-400-normal.woff2
- fontsource-yuji-boku/5.2.7/files/yuji-boku-latin-ext-400-normal.woff.br
- fontsource-yuji-boku/5.2.7/files/yuji-boku-latin-ext-400-normal.woff.gz
- fontsource-yuji-boku/5.2.7/files/yuji-boku-latin-ext-400-normal.woff2
- fontsource-yuji-boku/5.2.7/index.css.br
- fontsource-yuji-boku/5.2.7/index.css.gz
- fontsource-yuji-boku/5.2.7/index.min.css.br
- fontsource-yuji-boku/5.2.7/index.min.css.gz
- fontsource-yuji-boku/5.2.7/japanese-400.css.br
- fontsource-yuji-boku/5.2.7/japanese-400.css.gz
- fontsource-yuji-boku/5.2.7/japanese-400.min.css.br
- fontsource-yuji-boku/5.2.7/japanese-400.min.css.gz
- fontsource-yuji-boku/5.2.7/japanese.css.br
- fontsource-yuji-boku/5.2.7/japanese.css.gz
- fontsource-yuji-boku/5.2.7/japanese.min.css.br
- fontsource-yuji-boku/5.2.7/japanese.min.css.gz
- fontsource-yuji-boku/5.2.7/latin-400.css.br
- fontsource-yuji-boku/5.2.7/latin-400.css.gz
- fontsource-yuji-boku/5.2.7/latin-400.min.css.br
- fontsource-yuji-boku/5.2.7/latin-400.min.css.gz
- fontsource-yuji-boku/5.2.7/latin-ext-400.css.br
- fontsource-yuji-boku/5.2.7/latin-ext-400.css.gz
- fontsource-yuji-boku/5.2.7/latin-ext-400.min.css.br
- fontsource-yuji-boku/5.2.7/latin-ext-400.min.css.gz
- fontsource-yuji-boku/5.2.7/latin-ext.css.br
- fontsource-yuji-boku/5.2.7/latin-ext.css.gz
- fontsource-yuji-boku/5.2.7/latin-ext.min.css.br
- fontsource-yuji-boku/5.2.7/latin-ext.min.css.gz
- fontsource-yuji-boku/5.2.7/latin.css.br
- fontsource-yuji-boku/5.2.7/latin.css.gz
- fontsource-yuji-boku/5.2.7/latin.min.css.br
- fontsource-yuji-boku/5.2.7/latin.min.css.gz
SRIs:
- fontsource-yuji-boku/5.2.7/400.min.css: sha512-OOm0PlybPcJIb0Zw8tQWEAJjwDcFOFcFNUPFj1cHwFVEYMc1p5ZMsNUm+c8/tK7l1GxhM7tjDQz0ULQGxQPE8Q==
- fontsource-yuji-boku/5.2.7/cyrillic-400.min.css: sha512-SO1ud8dQvyp+F4xOESiXYYviE1mqd+8+2SkFiZCv0rBswCJcwNEPqlFxEWGVX/LRYK8SMDMMZS4PtHOK4qOjXw==
- fontsource-yuji-boku/5.2.7/cyrillic.css: sha512-W9LVuFfA/6Pna9O50V3ut/QdxNoE2n5n7P4syz1FO2FtAaHdmNO3iTm+1sUbNVzs9Qr4IWBPrtQvGY5vBv0MCA==
- fontsource-yuji-boku/5.2.7/japanese.css: sha512-Ob+uTVq9aUf3f3avlKmdon+SWqtttto51gilam/BhLQGFn+N0gl9uXrwtTe1a7hI1d4O/smIVX9iaaUYoJBz3g==
- fontsource-yuji-boku/5.2.7/latin-400.css: sha512-x5cpm+YpTa1Q35Tusnxmj96Xs5OGax2Ho4KX4rpWoKEuqc1qoRf6rAB2BJ1HCqQ3rfK5ipSKF396cACBXTbP+Q==
- fontsource-yuji-boku/5.2.7/latin-ext.css: sha512-Lu6PqppRNtxqxzEGttGBj3xQdBHVWd/p5uj1TXmZL975ySeLRhGYSj2BREXPOn4RYxOo4C6txT8RpaZe47fcWw==
- fontsource-yuji-boku/5.2.7/cyrillic.min.css: sha512-SO1ud8dQvyp+F4xOESiXYYviE1mqd+8+2SkFiZCv0rBswCJcwNEPqlFxEWGVX/LRYK8SMDMMZS4PtHOK4qOjXw==
- fontsource-yuji-boku/5.2.7/index.css: sha512-jsfsihyGlNsqGfGxQrfWqh2qhGhIhaaUpRVo68fcONqrm/jk9RUXyj7Nxip1cJ6fQY7ULRSUkQ/c+toDmo1WBQ==
- fontsource-yuji-boku/5.2.7/index.min.css: sha512-OOm0PlybPcJIb0Zw8tQWEAJjwDcFOFcFNUPFj1cHwFVEYMc1p5ZMsNUm+c8/tK7l1GxhM7tjDQz0ULQGxQPE8Q==
- fontsource-yuji-boku/5.2.7/japanese-400.min.css: sha512-chNlUaD02g6w2tzqIc4twvIf+cbmeHrKN4NGYHWAK2RRt0z5XTY1nmBAu2w8/0ss1xZnGZrpuPEoFs1IdmdR8g==
- fontsource-yuji-boku/5.2.7/400.css: sha512-jsfsihyGlNsqGfGxQrfWqh2qhGhIhaaUpRVo68fcONqrm/jk9RUXyj7Nxip1cJ6fQY7ULRSUkQ/c+toDmo1WBQ==
- fontsource-yuji-boku/5.2.7/cyrillic-400.css: sha512-W9LVuFfA/6Pna9O50V3ut/QdxNoE2n5n7P4syz1FO2FtAaHdmNO3iTm+1sUbNVzs9Qr4IWBPrtQvGY5vBv0MCA==
- fontsource-yuji-boku/5.2.7/japanese-400.css: sha512-Ob+uTVq9aUf3f3avlKmdon+SWqtttto51gilam/BhLQGFn+N0gl9uXrwtTe1a7hI1d4O/smIVX9iaaUYoJBz3g==
- fontsource-yuji-boku/5.2.7/latin.min.css: sha512-9c5H8psDpIezZU0jYgsOy1cykMcY6rcBNkTQQDx+iHzp2Ka5RR+NAZBtfcBIZmYkpCwFCoLig0bsn22QMQny+g==
- fontsource-yuji-boku/5.2.7/latin-ext.min.css: sha512-sgDjUNDBAmrr4NsAE4RprL6408FBjCsHy14bloArOIOC+g9veuvNZTfSb+HObiEt69LW1fvYro6rhBwRzkWNww==
- fontsource-yuji-boku/5.2.7/latin.css: sha512-x5cpm+YpTa1Q35Tusnxmj96Xs5OGax2Ho4KX4rpWoKEuqc1qoRf6rAB2BJ1HCqQ3rfK5ipSKF396cACBXTbP+Q==
- fontsource-yuji-boku/5.2.7/japanese.min.css: sha512-chNlUaD02g6w2tzqIc4twvIf+cbmeHrKN4NGYHWAK2RRt0z5XTY1nmBAu2w8/0ss1xZnGZrpuPEoFs1IdmdR8g==
- fontsource-yuji-boku/5.2.7/latin-400.min.css: sha512-9c5H8psDpIezZU0jYgsOy1cykMcY6rcBNkTQQDx+iHzp2Ka5RR+NAZBtfcBIZmYkpCwFCoLig0bsn22QMQny+g==
- fontsource-yuji-boku/5.2.7/latin-ext-400.css: sha512-Lu6PqppRNtxqxzEGttGBj3xQdBHVWd/p5uj1TXmZL975ySeLRhGYSj2BREXPOn4RYxOo4C6txT8RpaZe47fcWw==
- fontsource-yuji-boku/5.2.7/latin-ext-400.min.css: sha512-sgDjUNDBAmrr4NsAE4RprL6408FBjCsHy14bloArOIOC+g9veuvNZTfSb+HObiEt69LW1fvYro6rhBwRzkWNww==
