config: {"authors":[{"name":"Cloudinary"}],"autoupdate":{"source":"npm","target":"cloudinary-video-player","fileMap":[{"basePath":"dist","files":["*.@(js|css)","fonts/*.svg"]}]},"description":"Cloudinary Video Player","filename":"cld-video-player.min.js","homepage":"https://github.com/cloudinary/cloudinary-video-player#readme","keywords":["hls","video","video-player"],"license":"MIT","name":"cloudinary-video-player","repository":{"type":"git","url":"https://github.com/cloudinary/cloudinary-video-player"},"author":"Cloudinary"}
KV keys:
- cloudinary-video-player/3.2.0/adaptive-streaming.js.br
- cloudinary-video-player/3.2.0/adaptive-streaming.js.gz
- cloudinary-video-player/3.2.0/adaptive-streaming.min.js.br
- cloudinary-video-player/3.2.0/adaptive-streaming.min.js.gz
- cloudinary-video-player/3.2.0/chapters.js.br
- cloudinary-video-player/3.2.0/chapters.js.gz
- cloudinary-video-player/3.2.0/chapters.min.js.br
- cloudinary-video-player/3.2.0/chapters.min.js.gz
- cloudinary-video-player/3.2.0/cld-video-player.css.br
- cloudinary-video-player/3.2.0/cld-video-player.css.gz
- cloudinary-video-player/3.2.0/cld-video-player.js.br
- cloudinary-video-player/3.2.0/cld-video-player.js.gz
- cloudinary-video-player/3.2.0/cld-video-player.light.js.br
- cloudinary-video-player/3.2.0/cld-video-player.light.js.gz
- cloudinary-video-player/3.2.0/cld-video-player.light.min.js.br
- cloudinary-video-player/3.2.0/cld-video-player.light.min.js.gz
- cloudinary-video-player/3.2.0/cld-video-player.min.css.br
- cloudinary-video-player/3.2.0/cld-video-player.min.css.gz
- cloudinary-video-player/3.2.0/cld-video-player.min.js.br
- cloudinary-video-player/3.2.0/cld-video-player.min.js.gz
- cloudinary-video-player/3.2.0/colors.js.br
- cloudinary-video-player/3.2.0/colors.js.gz
- cloudinary-video-player/3.2.0/colors.min.js.br
- cloudinary-video-player/3.2.0/colors.min.js.gz
- cloudinary-video-player/3.2.0/dash.js.br
- cloudinary-video-player/3.2.0/dash.js.gz
- cloudinary-video-player/3.2.0/dash.min.js.br
- cloudinary-video-player/3.2.0/dash.min.js.gz
- cloudinary-video-player/3.2.0/debug.js.br
- cloudinary-video-player/3.2.0/debug.js.gz
- cloudinary-video-player/3.2.0/debug.min.js.br
- cloudinary-video-player/3.2.0/debug.min.js.gz
- cloudinary-video-player/3.2.0/ima.js.br
- cloudinary-video-player/3.2.0/ima.js.gz
- cloudinary-video-player/3.2.0/ima.min.js.br
- cloudinary-video-player/3.2.0/ima.min.js.gz
- cloudinary-video-player/3.2.0/interaction-areas.js.br
- cloudinary-video-player/3.2.0/interaction-areas.js.gz
- cloudinary-video-player/3.2.0/interaction-areas.min.js.br
- cloudinary-video-player/3.2.0/interaction-areas.min.js.gz
- cloudinary-video-player/3.2.0/node_modules_lodash_throttle_js.js.br
- cloudinary-video-player/3.2.0/node_modules_lodash_throttle_js.js.gz
- cloudinary-video-player/3.2.0/node_modules_lodash_throttle_js.min.js.br
- cloudinary-video-player/3.2.0/node_modules_lodash_throttle_js.min.js.gz
- cloudinary-video-player/3.2.0/playlist.js.br
- cloudinary-video-player/3.2.0/playlist.js.gz
- cloudinary-video-player/3.2.0/playlist.min.js.br
- cloudinary-video-player/3.2.0/playlist.min.js.gz
- cloudinary-video-player/3.2.0/recommendations-overlay.js.br
- cloudinary-video-player/3.2.0/recommendations-overlay.js.gz
- cloudinary-video-player/3.2.0/recommendations-overlay.min.js.br
- cloudinary-video-player/3.2.0/recommendations-overlay.min.js.gz
- cloudinary-video-player/3.2.0/share.js.br
- cloudinary-video-player/3.2.0/share.js.gz
- cloudinary-video-player/3.2.0/share.min.js.br
- cloudinary-video-player/3.2.0/share.min.js.gz
- cloudinary-video-player/3.2.0/shoppable.js.br
- cloudinary-video-player/3.2.0/shoppable.js.gz
- cloudinary-video-player/3.2.0/shoppable.min.js.br
- cloudinary-video-player/3.2.0/shoppable.min.js.gz
- cloudinary-video-player/3.2.0/srt-text-tracks.js.br
- cloudinary-video-player/3.2.0/srt-text-tracks.js.gz
- cloudinary-video-player/3.2.0/srt-text-tracks.min.js.br
- cloudinary-video-player/3.2.0/srt-text-tracks.min.js.gz
- cloudinary-video-player/3.2.0/visual-search.js.br
- cloudinary-video-player/3.2.0/visual-search.js.gz
- cloudinary-video-player/3.2.0/visual-search.min.js.br
- cloudinary-video-player/3.2.0/visual-search.min.js.gz
SRIs:
- cloudinary-video-player/3.2.0/debug.js: sha512-BeiikW/dIPwfmagwGwXhiiK6sGl7/g+kTKalxSYLyaSzrd1AYZ6Z8LlpL2OcBSuPgqLM1KG7BpbRqWySrm39CQ==
- cloudinary-video-player/3.2.0/interaction-areas.min.js: sha512-Hv6IVYvPnpYHy++p/e4R2pwu5z+t2vBIdoONs+roZJ3r6IObWuIjJoJygwCc6Gbrvfh93un2zT+F4pcvyeE9UA==
- cloudinary-video-player/3.2.0/node_modules_lodash_throttle_js.min.js: sha512-Hf9VAXsO6XvMrxLYTA+bWMsC2jqKY9pPbkaBzIPyx7QMLQ0xG3Z71r8k7E69tICkN9nYSvn09WkHFZT5cOa6Hw==
- cloudinary-video-player/3.2.0/recommendations-overlay.js: sha512-tmG8r0BrA+ekIG6acxe17YdL6VC1qcrmChYaYegioicmmgj4+O2C0ZnTT3KcvFi0hR0zODZBEZKbCDV6juw8yw==
- cloudinary-video-player/3.2.0/recommendations-overlay.min.js: sha512-4/d+GT1u9kmhXsbRM27ntKv5OnAuOCouKs5Y9HV85HoZN09Dqvo0xvVpxyQM/mgkyj9U3K3/xfLv86WxpyPlVA==
- cloudinary-video-player/3.2.0/shoppable.js: sha512-rMiocQ8EUVL+cmsQ5iVS/plNmInjZf6srtouwJZoNhzG1jWcZNvMKnbdB0ZIPuDLUVbjQrTv3jYbqk9ZcdFW3A==
- cloudinary-video-player/3.2.0/adaptive-streaming.js: sha512-HjZp4N0ozOsj5tm8vMOe7NPnuCBFMvBhGDALD00Zi0879pzvHwIpN3Bm3OYd6c/TAjE87+0vcxqEuQqlRMjZgg==
- cloudinary-video-player/3.2.0/chapters.js: sha512-m4TuVo2hjEbVmqvdpmdoRuoIwe4HxZIjUr/6alvwtG14UkUOgfyW0AKca/B8OhSl8qOYgbHryvqHK/K89SiKkQ==
- cloudinary-video-player/3.2.0/share.js: sha512-AHNHE19+vWioynzZF1Z7gJXs1R21AdxznFdAlOLghQAqQKNXlfIsUbVIG+NDol8XHisLLqm+w4lcTyMtLWoDyA==
- cloudinary-video-player/3.2.0/cld-video-player.light.js: sha512-onniaaNBGbF8yhXC8ECWC5oMC1ZtgHOadnJuTuVlB2bOCGWqdcpk7pbYI6FqLNWy0tbwnR3VyabU2NcqYiNJ4A==
- cloudinary-video-player/3.2.0/playlist.js: sha512-ZK7J1t/1JvEQJsFkMPiBDaLQ9O7v/+aoD2OmvyJea51Qy1jIifaTEWbYhYZMNbLhS2wG5sB6yaC1kkwNHZuifg==
- cloudinary-video-player/3.2.0/shoppable.min.js: sha512-7GEcTnpbET7W9A/ZyfeNe7TXBRZf76bwiKlryL9MnVkhWeXdtQ/rOzcpWW2C4HnoxWmov5qwbOO21bZHjep7Xg==
- cloudinary-video-player/3.2.0/srt-text-tracks.js: sha512-ZfokR9MYizbNepqGDi5f/rWORVNNiR12NqihqcOImIlIPA5+TmZZ3tik9h1rFFhTh+mnfDFeZwmz4nJhKqeCPg==
- cloudinary-video-player/3.2.0/cld-video-player.js: sha512-DCzCh5GKbmhpTunI1u/sqbkni7jv6bACznQL2HRVpMdf9qnHfG4Kx1BvsfnB6/eC4UNHhLzECQrllLTz0UI2jw==
- cloudinary-video-player/3.2.0/ima.min.js: sha512-D+smFoXgaSWtNARecWcBZ/ds8VxqDrKNIl4WFI+POi0bboDJgygm+G0AJ7JrU8/GAmhWQzD3iY7xUiiU8f42iA==
- cloudinary-video-player/3.2.0/playlist.min.js: sha512-ZDDCEJnNUlfwSNhc3reb4GztNRALnWu6JDHepM+OBnZPam1P8kb28+g1IizF20yhTIaMFvrCs5O/GC6SlaXmlA==
- cloudinary-video-player/3.2.0/colors.js: sha512-v98Q7siyv4zSNPdl5qEKiLqtTB86VMA88JAuhYw1QQUy8EnlOZPKvaM/p3npErSGZpoOCCqmRAPdaSHT4RJj1Q==
- cloudinary-video-player/3.2.0/colors.min.js: sha512-n8dI6Z6drDgHEv53HKWa8q3YtamCVdPAY4tOTtfA5tOCxzZ/U9Dt4UAmovgwUYjCH9M7u1g4lc2NeRyPMB5tGg==
- cloudinary-video-player/3.2.0/dash.js: sha512-ll3Nq4EWqlICpNYyr4fMEQrlYiArapw2TiLUC9UDXvJhOTR7owlGaVguyrEbkikwtVg1BAs3efTk1v5ToFOzRA==
- cloudinary-video-player/3.2.0/ima.js: sha512-BkSR+GQ9qazyYBaTRp245x0mxB9LeZGmceCCVG4QCZGG3DC+GszugmQ0ZadjhiuyEZMeSACOaK62v5OyZY1eBA==
- cloudinary-video-player/3.2.0/srt-text-tracks.min.js: sha512-cU/1a16+E4UuDJuDTsISPLg9e5lgfP6+dFOI7HNEqAhaMf3/+GYhBG6xNeDk07JrAu524AcmehUc0kAPz2qnIg==
- cloudinary-video-player/3.2.0/visual-search.js: sha512-t+dtgvq1sA7VKSzdGtaleSAiS516GjwxIPhWBjoZft7iWQGmx3K0i7xBYMZkHmL2t0mF7vxs2P3mmkr/XR/zIw==
- cloudinary-video-player/3.2.0/cld-video-player.light.min.js: sha512-9Vmj/acObsvZW8VnJnhmvxZlu7Cit8y9261NvGFLwyxSUW+ILDT4nMXU5V9Q0Wj1a6q2Q/Dm8Hm5fNMt1BScsw==
- cloudinary-video-player/3.2.0/cld-video-player.min.css: sha512-TlfX3cKWAmobCRRMjOwl2HNVrG1PTTTh/JlXNaeerPA2MoRv6bvpBZQb6Ytfpc4lDTrdSdwgQW4GXpJVIOSjJA==
- cloudinary-video-player/3.2.0/visual-search.min.js: sha512-2J7UPUMAHWNKkOrB6Qm0IU7iyF0XKDfTLMmom07PctDWtLX9eaBANs0ExkX30D8U3aFs2kuJaeaxoQQh4JakpA==
- cloudinary-video-player/3.2.0/node_modules_lodash_throttle_js.js: sha512-OkjVqEvEwdP2JVmbQySvkvq6XgpV2IcO+vxHzKTPTymzjvC8Unokxxn9rMTE7pNmH5qG7XA+wYhsC6t3hNKQYQ==
- cloudinary-video-player/3.2.0/adaptive-streaming.min.js: sha512-mRjAGzhJ9RT2zLSeIXxPHVDYRdSVyPdNRMpC9d/6tVHl7Q+IffdE+JHTx0eUcmxTPRy2Y+wXq9/YnPiq0POpZw==
- cloudinary-video-player/3.2.0/chapters.min.js: sha512-N4EXf+A4CcsDZo0kfQhsQSjfvAe9kZHcxqi1WkxLzdUd/j/VsdCBwIdJ90qSzj7sASzE5bY2ck/21aT7FJsowA==
- cloudinary-video-player/3.2.0/cld-video-player.css: sha512-netjxT2v4icS1djq36qpxngzw7YaoMv7V+hSgLJIlnrduDPA2YcaHv99mxirgrEjk0mNxbqvflIqVvFYQ8wfXA==
- cloudinary-video-player/3.2.0/cld-video-player.min.js: sha512-zGZuHc+BxsyT61zFM/HaVZHtc1CdEzxnhnKaUGBaUK7e53KCNO8tC0b30wjm5vYT7TgAcWWtkWtaXSJ4yFYn4g==
- cloudinary-video-player/3.2.0/dash.min.js: sha512-jDQGI5n8zg2gqKs/id21AYxvPgGkkPtEEEs3dJV8ner+GlVfAF8j1Pr76DvesJRQ45p+absX1yrgdGzRCUaOag==
- cloudinary-video-player/3.2.0/debug.min.js: sha512-VJpQr+RNyVjT1utBlnps+sdc+AEvJTOj/edeanMjAIJu2qf6nvkmaDxvdTR0QPE6iQUo6Cpl4G2wj6eMdD4mQg==
- cloudinary-video-player/3.2.0/interaction-areas.js: sha512-AaB8rcic6tlr++0XwYZDRjeiF1rZ+aMYgg1gwZt5PHjxHA+EbTLBZ0LyS5u8LYp42MdOk5viDEoodTGgHH6dlw==
- cloudinary-video-player/3.2.0/share.min.js: sha512-nzINqNlpCk38Ti7bTu+Mh7vKT+TKnzDHDDYoFRP6wAhGr7734eWN/f1VFc3/JmxI/Rd1/WMPeRF8NGP4LC0GIw==
