- fontsource-noto-sans-caucasian-albanian/5.3.0/400.css.br
- fontsource-noto-sans-caucasian-albanian/5.3.0/400.css.gz
- fontsource-noto-sans-caucasian-albanian/5.3.0/400.min.css.br
- fontsource-noto-sans-caucasian-albanian/5.3.0/400.min.css.gz
- fontsource-noto-sans-caucasian-albanian/5.3.0/caucasian-albanian-400.css.br
- fontsource-noto-sans-caucasian-albanian/5.3.0/caucasian-albanian-400.css.gz
- fontsource-noto-sans-caucasian-albanian/5.3.0/caucasian-albanian-400.min.css.br
- fontsource-noto-sans-caucasian-albanian/5.3.0/caucasian-albanian-400.min.css.gz
- fontsource-noto-sans-caucasian-albanian/5.3.0/caucasian-albanian.css.br
- fontsource-noto-sans-caucasian-albanian/5.3.0/caucasian-albanian.css.gz
- fontsource-noto-sans-caucasian-albanian/5.3.0/caucasian-albanian.min.css.br
- fontsource-noto-sans-caucasian-albanian/5.3.0/caucasian-albanian.min.css.gz
- fontsource-noto-sans-caucasian-albanian/5.3.0/files/noto-sans-caucasian-albanian-caucasian-albanian-400-normal.woff.br
- fontsource-noto-sans-caucasian-albanian/5.3.0/files/noto-sans-caucasian-albanian-caucasian-albanian-400-normal.woff.gz
- fontsource-noto-sans-caucasian-albanian/5.3.0/files/noto-sans-caucasian-albanian-caucasian-albanian-400-normal.woff2
- fontsource-noto-sans-caucasian-albanian/5.3.0/files/noto-sans-caucasian-albanian-latin-400-normal.woff.br
- fontsource-noto-sans-caucasian-albanian/5.3.0/files/noto-sans-caucasian-albanian-latin-400-normal.woff.gz
- fontsource-noto-sans-caucasian-albanian/5.3.0/files/noto-sans-caucasian-albanian-latin-400-normal.woff2
- fontsource-noto-sans-caucasian-albanian/5.3.0/files/noto-sans-caucasian-albanian-latin-ext-400-normal.woff.br
- fontsource-noto-sans-caucasian-albanian/5.3.0/files/noto-sans-caucasian-albanian-latin-ext-400-normal.woff.gz
- fontsource-noto-sans-caucasian-albanian/5.3.0/files/noto-sans-caucasian-albanian-latin-ext-400-normal.woff2
- fontsource-noto-sans-caucasian-albanian/5.3.0/index.css.br
- fontsource-noto-sans-caucasian-albanian/5.3.0/index.css.gz
- fontsource-noto-sans-caucasian-albanian/5.3.0/index.min.css.br
- fontsource-noto-sans-caucasian-albanian/5.3.0/index.min.css.gz
- fontsource-noto-sans-caucasian-albanian/5.3.0/latin-400.css.br
- fontsource-noto-sans-caucasian-albanian/5.3.0/latin-400.css.gz
- fontsource-noto-sans-caucasian-albanian/5.3.0/latin-400.min.css.br
- fontsource-noto-sans-caucasian-albanian/5.3.0/latin-400.min.css.gz
- fontsource-noto-sans-caucasian-albanian/5.3.0/latin-ext-400.css.br
- fontsource-noto-sans-caucasian-albanian/5.3.0/latin-ext-400.css.gz
- fontsource-noto-sans-caucasian-albanian/5.3.0/latin-ext-400.min.css.br
- fontsource-noto-sans-caucasian-albanian/5.3.0/latin-ext-400.min.css.gz
- fontsource-noto-sans-caucasian-albanian/5.3.0/latin-ext.css.br
- fontsource-noto-sans-caucasian-albanian/5.3.0/latin-ext.css.gz
- fontsource-noto-sans-caucasian-albanian/5.3.0/latin-ext.min.css.br
- fontsource-noto-sans-caucasian-albanian/5.3.0/latin-ext.min.css.gz
- fontsource-noto-sans-caucasian-albanian/5.3.0/latin.css.br
- fontsource-noto-sans-caucasian-albanian/5.3.0/latin.css.gz
- fontsource-noto-sans-caucasian-albanian/5.3.0/latin.min.css.br
- fontsource-noto-sans-caucasian-albanian/5.3.0/latin.min.css.gz