config: {"authors":[{"name":"Facebook"}],"autoupdate":{"source":"npm","target":"react-dom","fileMap":[{"basePath":"dist","files":["**/*"]},{"basePath":"","files":["+(cjs|umd)/**/*"]}],"ignoreVersions":["*-alpha.*[a-z]*","0.0.0-*"]},"description":"The entry point of the DOM-related rendering paths. It is intended to be paired with the isomorphic React, which is shipped as react to npm.","filename":"umd/react-dom.production.min.js","homepage":"https://facebook.github.io/react/","keywords":["react","jsx","transformer","view","dom","server"],"license":"MIT","name":"react-dom","repository":{"type":"git","url":"https://github.com/facebook/react"},"author":"Facebook"}
KV keys:
- react-dom/19.2.0-canary-f9ae0a4c-20250527/cjs/react-dom-client.development.js.br
- react-dom/19.2.0-canary-f9ae0a4c-20250527/cjs/react-dom-client.development.js.gz
- react-dom/19.2.0-canary-f9ae0a4c-20250527/cjs/react-dom-client.development.min.js.br
- react-dom/19.2.0-canary-f9ae0a4c-20250527/cjs/react-dom-client.development.min.js.gz
- react-dom/19.2.0-canary-f9ae0a4c-20250527/cjs/react-dom-client.production.js.br
- react-dom/19.2.0-canary-f9ae0a4c-20250527/cjs/react-dom-client.production.js.gz
- react-dom/19.2.0-canary-f9ae0a4c-20250527/cjs/react-dom-client.production.min.js.br
- react-dom/19.2.0-canary-f9ae0a4c-20250527/cjs/react-dom-client.production.min.js.gz
- react-dom/19.2.0-canary-f9ae0a4c-20250527/cjs/react-dom-profiling.development.js.br
- react-dom/19.2.0-canary-f9ae0a4c-20250527/cjs/react-dom-profiling.development.js.gz
- react-dom/19.2.0-canary-f9ae0a4c-20250527/cjs/react-dom-profiling.development.min.js.br
- react-dom/19.2.0-canary-f9ae0a4c-20250527/cjs/react-dom-profiling.development.min.js.gz
- react-dom/19.2.0-canary-f9ae0a4c-20250527/cjs/react-dom-profiling.profiling.js.br
- react-dom/19.2.0-canary-f9ae0a4c-20250527/cjs/react-dom-profiling.profiling.js.gz
- react-dom/19.2.0-canary-f9ae0a4c-20250527/cjs/react-dom-profiling.profiling.min.js.br
- react-dom/19.2.0-canary-f9ae0a4c-20250527/cjs/react-dom-profiling.profiling.min.js.gz
- react-dom/19.2.0-canary-f9ae0a4c-20250527/cjs/react-dom-server-legacy.browser.development.js.br
- react-dom/19.2.0-canary-f9ae0a4c-20250527/cjs/react-dom-server-legacy.browser.development.js.gz
- react-dom/19.2.0-canary-f9ae0a4c-20250527/cjs/react-dom-server-legacy.browser.development.min.js.br
- react-dom/19.2.0-canary-f9ae0a4c-20250527/cjs/react-dom-server-legacy.browser.development.min.js.gz
- react-dom/19.2.0-canary-f9ae0a4c-20250527/cjs/react-dom-server-legacy.browser.production.js.br
- react-dom/19.2.0-canary-f9ae0a4c-20250527/cjs/react-dom-server-legacy.browser.production.js.gz
- react-dom/19.2.0-canary-f9ae0a4c-20250527/cjs/react-dom-server-legacy.browser.production.min.js.br
- react-dom/19.2.0-canary-f9ae0a4c-20250527/cjs/react-dom-server-legacy.browser.production.min.js.gz
- react-dom/19.2.0-canary-f9ae0a4c-20250527/cjs/react-dom-server-legacy.node.development.js.br
- react-dom/19.2.0-canary-f9ae0a4c-20250527/cjs/react-dom-server-legacy.node.development.js.gz
- react-dom/19.2.0-canary-f9ae0a4c-20250527/cjs/react-dom-server-legacy.node.development.min.js.br
- react-dom/19.2.0-canary-f9ae0a4c-20250527/cjs/react-dom-server-legacy.node.development.min.js.gz
- react-dom/19.2.0-canary-f9ae0a4c-20250527/cjs/react-dom-server-legacy.node.production.js.br
- react-dom/19.2.0-canary-f9ae0a4c-20250527/cjs/react-dom-server-legacy.node.production.js.gz
- react-dom/19.2.0-canary-f9ae0a4c-20250527/cjs/react-dom-server-legacy.node.production.min.js.br
- react-dom/19.2.0-canary-f9ae0a4c-20250527/cjs/react-dom-server-legacy.node.production.min.js.gz
- react-dom/19.2.0-canary-f9ae0a4c-20250527/cjs/react-dom-server.browser.development.js.br
- react-dom/19.2.0-canary-f9ae0a4c-20250527/cjs/react-dom-server.browser.development.js.gz
- react-dom/19.2.0-canary-f9ae0a4c-20250527/cjs/react-dom-server.browser.development.min.js.br
- react-dom/19.2.0-canary-f9ae0a4c-20250527/cjs/react-dom-server.browser.development.min.js.gz
- react-dom/19.2.0-canary-f9ae0a4c-20250527/cjs/react-dom-server.browser.production.js.br
- react-dom/19.2.0-canary-f9ae0a4c-20250527/cjs/react-dom-server.browser.production.js.gz
- react-dom/19.2.0-canary-f9ae0a4c-20250527/cjs/react-dom-server.browser.production.min.js.br
- react-dom/19.2.0-canary-f9ae0a4c-20250527/cjs/react-dom-server.browser.production.min.js.gz
- react-dom/19.2.0-canary-f9ae0a4c-20250527/cjs/react-dom-server.bun.development.js.br
- react-dom/19.2.0-canary-f9ae0a4c-20250527/cjs/react-dom-server.bun.development.js.gz
- react-dom/19.2.0-canary-f9ae0a4c-20250527/cjs/react-dom-server.bun.development.min.js.br
- react-dom/19.2.0-canary-f9ae0a4c-20250527/cjs/react-dom-server.bun.development.min.js.gz
- react-dom/19.2.0-canary-f9ae0a4c-20250527/cjs/react-dom-server.bun.production.js.br
- react-dom/19.2.0-canary-f9ae0a4c-20250527/cjs/react-dom-server.bun.production.js.gz
- react-dom/19.2.0-canary-f9ae0a4c-20250527/cjs/react-dom-server.bun.production.min.js.br
- react-dom/19.2.0-canary-f9ae0a4c-20250527/cjs/react-dom-server.bun.production.min.js.gz
- react-dom/19.2.0-canary-f9ae0a4c-20250527/cjs/react-dom-server.edge.development.js.br
- react-dom/19.2.0-canary-f9ae0a4c-20250527/cjs/react-dom-server.edge.development.js.gz
- react-dom/19.2.0-canary-f9ae0a4c-20250527/cjs/react-dom-server.edge.development.min.js.br
- react-dom/19.2.0-canary-f9ae0a4c-20250527/cjs/react-dom-server.edge.development.min.js.gz
- react-dom/19.2.0-canary-f9ae0a4c-20250527/cjs/react-dom-server.edge.production.js.br
- react-dom/19.2.0-canary-f9ae0a4c-20250527/cjs/react-dom-server.edge.production.js.gz
- react-dom/19.2.0-canary-f9ae0a4c-20250527/cjs/react-dom-server.edge.production.min.js.br
- react-dom/19.2.0-canary-f9ae0a4c-20250527/cjs/react-dom-server.edge.production.min.js.gz
- react-dom/19.2.0-canary-f9ae0a4c-20250527/cjs/react-dom-server.node.development.js.br
- react-dom/19.2.0-canary-f9ae0a4c-20250527/cjs/react-dom-server.node.development.js.gz
- react-dom/19.2.0-canary-f9ae0a4c-20250527/cjs/react-dom-server.node.development.min.js.br
- react-dom/19.2.0-canary-f9ae0a4c-20250527/cjs/react-dom-server.node.development.min.js.gz
- react-dom/19.2.0-canary-f9ae0a4c-20250527/cjs/react-dom-server.node.production.js.br
- react-dom/19.2.0-canary-f9ae0a4c-20250527/cjs/react-dom-server.node.production.js.gz
- react-dom/19.2.0-canary-f9ae0a4c-20250527/cjs/react-dom-server.node.production.min.js.br
- react-dom/19.2.0-canary-f9ae0a4c-20250527/cjs/react-dom-server.node.production.min.js.gz
- react-dom/19.2.0-canary-f9ae0a4c-20250527/cjs/react-dom-test-utils.development.js.br
- react-dom/19.2.0-canary-f9ae0a4c-20250527/cjs/react-dom-test-utils.development.js.gz
- react-dom/19.2.0-canary-f9ae0a4c-20250527/cjs/react-dom-test-utils.development.min.js.br
- react-dom/19.2.0-canary-f9ae0a4c-20250527/cjs/react-dom-test-utils.development.min.js.gz
- react-dom/19.2.0-canary-f9ae0a4c-20250527/cjs/react-dom-test-utils.production.js.br
- react-dom/19.2.0-canary-f9ae0a4c-20250527/cjs/react-dom-test-utils.production.js.gz
- react-dom/19.2.0-canary-f9ae0a4c-20250527/cjs/react-dom-test-utils.production.min.js.br
- react-dom/19.2.0-canary-f9ae0a4c-20250527/cjs/react-dom-test-utils.production.min.js.gz
- react-dom/19.2.0-canary-f9ae0a4c-20250527/cjs/react-dom.development.js.br
- react-dom/19.2.0-canary-f9ae0a4c-20250527/cjs/react-dom.development.js.gz
- react-dom/19.2.0-canary-f9ae0a4c-20250527/cjs/react-dom.development.min.js.br
- react-dom/19.2.0-canary-f9ae0a4c-20250527/cjs/react-dom.development.min.js.gz
- react-dom/19.2.0-canary-f9ae0a4c-20250527/cjs/react-dom.production.js.br
- react-dom/19.2.0-canary-f9ae0a4c-20250527/cjs/react-dom.production.js.gz
- react-dom/19.2.0-canary-f9ae0a4c-20250527/cjs/react-dom.production.min.js.br
- react-dom/19.2.0-canary-f9ae0a4c-20250527/cjs/react-dom.production.min.js.gz
- react-dom/19.2.0-canary-f9ae0a4c-20250527/cjs/react-dom.react-server.development.js.br
- react-dom/19.2.0-canary-f9ae0a4c-20250527/cjs/react-dom.react-server.development.js.gz
- react-dom/19.2.0-canary-f9ae0a4c-20250527/cjs/react-dom.react-server.development.min.js.br
- react-dom/19.2.0-canary-f9ae0a4c-20250527/cjs/react-dom.react-server.development.min.js.gz
- react-dom/19.2.0-canary-f9ae0a4c-20250527/cjs/react-dom.react-server.production.js.br
- react-dom/19.2.0-canary-f9ae0a4c-20250527/cjs/react-dom.react-server.production.js.gz
- react-dom/19.2.0-canary-f9ae0a4c-20250527/cjs/react-dom.react-server.production.min.js.br
- react-dom/19.2.0-canary-f9ae0a4c-20250527/cjs/react-dom.react-server.production.min.js.gz
SRIs:
- react-dom/19.2.0-canary-f9ae0a4c-20250527/cjs/react-dom-profiling.development.js: sha512-4oGTZGoEDCS6zNoelDyWCiNr5jBRWs0D44VbRD2+rNhYoNdMhz85VyWpKHfSxSkrvLITUFtd8xHq+EpSuwpchQ==
- react-dom/19.2.0-canary-f9ae0a4c-20250527/cjs/react-dom-server-legacy.browser.production.min.js: sha512-axrj0O1OXryi7y/vWEU9uYIv8bWWqKaw9iD7/slPH9jKlG4/mTyHzt/NwL3bWINvebbk+IARIMCpcpP06KglFg==
- react-dom/19.2.0-canary-f9ae0a4c-20250527/cjs/react-dom-test-utils.production.js: sha512-jkoqaAph1QG0Rsi5v6QFKgNiVbYZAAHnJAMKrsaEng593GKYE7QdBtHNvNEnyJXhBy7MahqaZvPLT30h+DAZig==
- react-dom/19.2.0-canary-f9ae0a4c-20250527/cjs/react-dom.production.js: sha512-jp5tfVVLNKwX7ZGMtNIT2pA2B8+Nb9s/PNTrxra7//btovzBDwojw6HjZBipR08vXriZzp19QNvUXLfYdVccNA==
- react-dom/19.2.0-canary-f9ae0a4c-20250527/cjs/react-dom.development.min.js: sha512-mgR7iXIdqhFTvLkR8kcTl5BfIWRsPWcfsPtrKPiqWelkuMNHZBSTKW9Bz1AGWnxVKZRkyz/K5j+tRQ6sNi5JZw==
- react-dom/19.2.0-canary-f9ae0a4c-20250527/cjs/react-dom.react-server.development.min.js: sha512-GkExNlzW73KX2NZzXmJYQYuaegK2oV37yWQsTJ+xOSpAJdZKpVfV9o8pqWAlYH1MGqupBkVqUfIWjPP/f4dpMQ==
- react-dom/19.2.0-canary-f9ae0a4c-20250527/cjs/react-dom.react-server.production.min.js: sha512-bZ3D0Upcvttb3lpLSwHTcoAU/46o3Os+xJ1uhrWn9kWA3czIW0sIErZ8GENEN6bgW9414yYP+3ChLp0MLVZqNg==
- react-dom/19.2.0-canary-f9ae0a4c-20250527/cjs/react-dom-server.browser.production.js: sha512-Ctc+swY9Fks2DXDsdAAzHrCkz836e2WrBbhcfgopFPcMdnVaSAv3O6UkqdrsoQfua/MB8Gxy7d3hdeO55YN62g==
- react-dom/19.2.0-canary-f9ae0a4c-20250527/cjs/react-dom-server.bun.development.min.js: sha512-eQf5rBF0iTXmO2NVi5RBkK5pPXDKcTSX43yd63zpSy0qYIayvfErVPy0Rn7nHnZ8Rh3Se/hY6TvbXhBrki8PnA==
- react-dom/19.2.0-canary-f9ae0a4c-20250527/cjs/react-dom-server.edge.development.min.js: sha512-0mJ0PFp3J9TeRsWQyTs/TsV5NlJkDt6Wio+Ur2l68YGhXhEXIlSUc1JtXNpgSj7cKLpSUlWiM80kHVuyl1ycdQ==
- react-dom/19.2.0-canary-f9ae0a4c-20250527/cjs/react-dom-server.edge.production.js: sha512-8exWW5z5OVS7YW1C2Yc6joPThNYesOZGIwIC0gRQGIOnlHtzEZuNfcUJ5WTwf1JRYA4idoNNlAETU59mdMYwcg==
- react-dom/19.2.0-canary-f9ae0a4c-20250527/cjs/react-dom-test-utils.production.min.js: sha512-7i9t0ZObhvtf6bXCbuUPUW3AkdvGjkN3wJ+Wy1eNzrakcrYWQ2mieiZloe9pfdNx7c3ye/zhZFjluDQttG0gpw==
- react-dom/19.2.0-canary-f9ae0a4c-20250527/cjs/react-dom-client.development.js: sha512-sCay84cLKLLxBv/g43TZyAs/dHkY90GHzJ3ZDiI4aUtHx4iB7bJ5bZqn64QxNxBwb+3x8p1qvS324KyUnWhVHw==
- react-dom/19.2.0-canary-f9ae0a4c-20250527/cjs/react-dom-server-legacy.node.production.min.js: sha512-ecpQg50sutMBYNgXMCWaFGx2vPARLksqXm65d+xJx0BJMccw0Vh0LVeRdr3b8DOU8Tn2EEicFf4nbYBiEM93Qg==
- react-dom/19.2.0-canary-f9ae0a4c-20250527/cjs/react-dom.react-server.development.js: sha512-QtjsPVK76xinG5tRaPj4yYIPtatsr6DmxiBiMwM0xu4OhLC+iKtDcYjmvVqpqmjg4Sy7TypDT/6Jse3DhoOtjA==
- react-dom/19.2.0-canary-f9ae0a4c-20250527/cjs/react-dom-server.bun.development.js: sha512-a3dPe4HYa1jVhVtMN/pKmtqg/thV+rEbN2qSOrysR+ebUUmEV7tcQ0ZUOPN0OFDnOXGpJ+DyMMOI45jaxL8jPA==
- react-dom/19.2.0-canary-f9ae0a4c-20250527/cjs/react-dom-server.bun.production.min.js: sha512-dTwo+O65QeZWFpnVyfgTk+ZQSJxZ0T8LRbKUXhRsn6aZbu94pC3ks74QGVJoGwxiExoJl4at5I0U2RHQOP1Z/A==
- react-dom/19.2.0-canary-f9ae0a4c-20250527/cjs/react-dom-server.node.development.min.js: sha512-0q97mYeYA96OqlzwiMJmIr2Qu+ARnhQm3OBIHqVgoY94X0s+qe7I3c298g3ZYvy/uWnn8HxYn0mT7Soe3B1Paw==
- react-dom/19.2.0-canary-f9ae0a4c-20250527/cjs/react-dom-client.development.min.js: sha512-vk+r4LKxJR2pC7KCBXrsJuOw2sjkPlB9eyoaBIHcI09mfWq0mtiuBKEs1LeyKy+09UNTLtadjuruzZTHHo3k8A==
- react-dom/19.2.0-canary-f9ae0a4c-20250527/cjs/react-dom-profiling.development.min.js: sha512-nq8T0049/KYkoolO+O04Y6TauA4CrHDPN3w/XYEl6ty5BSU9ETE6A9bPZ9LZrN8c3iUggHkUWjv+fhbDWh3/GQ==
- react-dom/19.2.0-canary-f9ae0a4c-20250527/cjs/react-dom-profiling.profiling.js: sha512-+bhBFuCXy6ecb3wjghDAgF+O4c5i9JTwoxGe02319Uwx1kB4Wd4y9J3KXU0a55tg3N4ZeAjQkSEYKtNQmUtCdQ==
- react-dom/19.2.0-canary-f9ae0a4c-20250527/cjs/react-dom-profiling.profiling.min.js: sha512-BSPpY7oIVQpc7oNNT/C7xAYXZ6oT1VER/REqasxRn5P4EnqTlRcOaaXHgYtCQKRKvgsYjOJV5A68/3shgcA4Ow==
- react-dom/19.2.0-canary-f9ae0a4c-20250527/cjs/react-dom-server-legacy.browser.development.js: sha512-piiJ+dJVVRuUdWsuKwsin/QBk03KbAYJ7wRIwkbHUtqafkUW+eXNDPXQsvVImSOznQCeb51GXDpCm1vFfX2efw==
- react-dom/19.2.0-canary-f9ae0a4c-20250527/cjs/react-dom-test-utils.development.js: sha512-WXOi4X8urnIYjwhn0/ettuwKqfPkRU/SKLAds31Ovg5w/cL3iy7GWQh8DdbUx1afVOJUwhU48fDqX1prORciCQ==
- react-dom/19.2.0-canary-f9ae0a4c-20250527/cjs/react-dom-server-legacy.node.production.js: sha512-9dJSxRKrW2jD3n8xvloHNDkDMAWBPRU/LPzHeOKD8rORUzgHYThT+pa6JMSAHhkGz/yObH8k7ki/MjyRx9yCZw==
- react-dom/19.2.0-canary-f9ae0a4c-20250527/cjs/react-dom-server.node.production.js: sha512-K7DP10Z3PDqgWe4HIzeExss3XYwOlmR+uhA40wwfmhNZAgXlzo5ODMA71yR4dJz1NNFTpDWXnf5sm4/m2ETb7g==
- react-dom/19.2.0-canary-f9ae0a4c-20250527/cjs/react-dom-server.node.production.min.js: sha512-cCzQN6I99+oM8J0fopNqE/Prr6GQ6JvxgBNT3s9vuAXyUbGLiRFeAre670nMPh89nOg/bWkuLIbyMSN7hj4FSg==
- react-dom/19.2.0-canary-f9ae0a4c-20250527/cjs/react-dom-server-legacy.node.development.min.js: sha512-QQjjT8Okfm6n4z+CuANMfpu9IbZsnTBuyxhdpwadUvfwIzkxLUbYA9gHHAUFghu04QzBGYw14aE7dlAdIwZWHA==
- react-dom/19.2.0-canary-f9ae0a4c-20250527/cjs/react-dom-server.browser.development.js: sha512-rfrkUMwZ9uL85z0A8tIv7UkO9pDKsdlhZLbHyEka4Vd1w18csp4V21ZiaS0sveKT6i4Xclky2TPTKxPVNHEeUA==
- react-dom/19.2.0-canary-f9ae0a4c-20250527/cjs/react-dom-server.bun.production.js: sha512-BrCgzGTGVzC6pOFHePihoYfT3/uwcq+YrKV2Kw7j9qZKOSAyD+cGmikbvOu9gn9sCcwLEzn9SxeBLiLRl6ZScA==
- react-dom/19.2.0-canary-f9ae0a4c-20250527/cjs/react-dom-server.edge.production.min.js: sha512-dU5ayPdTpYoj5TTx9LR7x2+N/8sSeYyuhzOvnYtwUSPM/Z2Wshhhv8nfa4N3rL/OpSoCHxQBtEAc2lxhvCMXTA==
- react-dom/19.2.0-canary-f9ae0a4c-20250527/cjs/react-dom-client.production.min.js: sha512-RvBDycYFSPs6xyMhLekYCuw1oX6s13h3TK0pxH9WpH5JlgbkKIDb/3P8RDlqg7MO8FZl9CWSqg0Ti5qje46Uwg==
- react-dom/19.2.0-canary-f9ae0a4c-20250527/cjs/react-dom-server-legacy.browser.production.js: sha512-z7KkWENNS5VN542a8WPQn/pVwCMeauHAKOP7yj7BlPvmCBtsmk77PwtTZd9h3K6G6apVc1Owt+Tt+9H9U006hA==
- react-dom/19.2.0-canary-f9ae0a4c-20250527/cjs/react-dom-server-legacy.node.development.js: sha512-vKOpOq45c/A22FzJLKeUmKCq153EZhIAeZsxniu3HPxY5jFbCRjwe/b0cUTAHE3upVDqkohOQXfgcxb1bqMc+Q==
- react-dom/19.2.0-canary-f9ae0a4c-20250527/cjs/react-dom-server.browser.production.min.js: sha512-+t9GmvV24oCuN/EhmB//xmBL5N/5Ga/B6vzI7DCR8znZLZ0k7qwPu9UmtMInwkZ3YKSx1yFJsTIY3IkX+qaI0Q==
- react-dom/19.2.0-canary-f9ae0a4c-20250527/cjs/react-dom.development.js: sha512-ooRHJ5T9E8kbpXHrrsl5AkjWi9l8/qQoW1+DdtfkizSydYK0flZWKFLX60AJ+Jy2aIEkfpIhxRooED9VoM/vHQ==
- react-dom/19.2.0-canary-f9ae0a4c-20250527/cjs/react-dom-test-utils.development.min.js: sha512-zZ3i3o1rgGlQugRndFsHwrDh56QBL4RxBWQsEEZKtI4fmkztffLhS4URazWEluTDK6af7E2vJnk0cDWvTJmBIA==
- react-dom/19.2.0-canary-f9ae0a4c-20250527/cjs/react-dom.production.min.js: sha512-2laROe+8AxzxPnxUPg31vi/mkb32jOzXmry6Cg6gBza6/5GqmovLqKsOxGrnZjUw7I3WRRuSVBSIurPYr9qwtg==
- react-dom/19.2.0-canary-f9ae0a4c-20250527/cjs/react-dom.react-server.production.js: sha512-Fg6/ezVSZrVapW44ov6Z1vRWo21hF075Vsq0eC4l1RzccJ9hFxxh7TuuB4MlwFusxGEi2R2FFiCRSLvGZdkAdA==
- react-dom/19.2.0-canary-f9ae0a4c-20250527/cjs/react-dom-client.production.js: sha512-Eckr3U5QBD2zV5xvNGzqlsBpjfNXo3xTiN0PP69szQ/NRwrROSz4say1Yw41HfbG3OatgBryD9Wd/Fud+OJv0w==
- react-dom/19.2.0-canary-f9ae0a4c-20250527/cjs/react-dom-server-legacy.browser.development.min.js: sha512-NnMQXFL4AxxivV0phLNnZdlqhdRI/FCu3dDY53u7GrSCk9HxwkEFVhkKdMc74WAWFx5ZuCUatByech3c8wEdgA==
- react-dom/19.2.0-canary-f9ae0a4c-20250527/cjs/react-dom-server.browser.development.min.js: sha512-Pam2Wnezm2O2JULS9qYDLwIPhZnbjAnC9DB4Nqah9ZmuA73WbXro7BG/skJp8WuyJoEletko3HIZY9bhORpUIQ==
- react-dom/19.2.0-canary-f9ae0a4c-20250527/cjs/react-dom-server.edge.development.js: sha512-57aekg3OeQ8H6K96w93kdh0Ha42VeRVxtUsMlwvHS2LXBBVA5Ie45M396osgMz+QE8JVZvvlzKOWLDQueFqQzg==
- react-dom/19.2.0-canary-f9ae0a4c-20250527/cjs/react-dom-server.node.development.js: sha512-HY3E38x6eKOWEwogpCfqdWxzBslsjZl3kB1jfAmXMOrah9xi8dY4l7vx++BHam4Clo9p45ozeCG+4vvG/1WX2g==
