2025/06/19 14:01:36 optimizing files (Js true, Css true, Png true, Jpg true)
2025/06/19 14:01:36 match **/* in /tmp/work/dist but doesn't exists
2025/06/19 14:01:37 compress: run /node_modules/uglify-js/bin/uglifyjs (3.15.4) [--mangle --compress if_return=true -o /tmp/work/cjs/react-dom-client.development.min.js /tmp/work/cjs/react-dom-client.development.js]
2025/06/19 14:01:37 compress: run /node_modules/uglify-js/bin/uglifyjs (3.15.4) [--mangle --compress if_return=true -o /tmp/work/cjs/react-dom-client.production.min.js /tmp/work/cjs/react-dom-client.production.js]
2025/06/19 14:01:37 compress: run /node_modules/uglify-js/bin/uglifyjs (3.15.4) [--mangle --compress if_return=true -o /tmp/work/cjs/react-dom-profiling.profiling.min.js /tmp/work/cjs/react-dom-profiling.profiling.js]
2025/06/19 14:01:37 compress: run /node_modules/uglify-js/bin/uglifyjs (3.15.4) [--mangle --compress if_return=true -o /tmp/work/cjs/react-dom-server-legacy.browser.development.min.js /tmp/work/cjs/react-dom-server-legacy.browser.development.js]
2025/06/19 14:01:37 compress: run /node_modules/uglify-js/bin/uglifyjs (3.15.4) [--mangle --compress if_return=true -o /tmp/work/cjs/react-dom-server-legacy.browser.production.min.js /tmp/work/cjs/react-dom-server-legacy.browser.production.js]
2025/06/19 14:01:37 compress: run /node_modules/uglify-js/bin/uglifyjs (3.15.4) [--mangle --compress if_return=true -o /tmp/work/cjs/react-dom-server-legacy.node.development.min.js /tmp/work/cjs/react-dom-server-legacy.node.development.js]
2025/06/19 14:01:37 compress: run /node_modules/uglify-js/bin/uglifyjs (3.15.4) [--mangle --compress if_return=true -o /tmp/work/cjs/react-dom-profiling.development.min.js /tmp/work/cjs/react-dom-profiling.development.js]
2025/06/19 14:01:37 compress: run /node_modules/uglify-js/bin/uglifyjs (3.15.4) [--mangle --compress if_return=true -o /tmp/work/cjs/react-dom-server-legacy.node.production.min.js /tmp/work/cjs/react-dom-server-legacy.node.production.js]
2025/06/19 14:01:53 sri /tmp/work/cjs/react-dom-server-legacy.node.production.min.js -> /output/cjs/react-dom-server-legacy.node.production.min.js.sri
2025/06/19 14:01:53 algorithm: run /usr/bin/brotli --quality=11 --output=/output/cjs/react-dom-server-legacy.node.production.min.js.br /tmp/work/cjs/react-dom-server-legacy.node.production.min.js
2025/06/19 14:01:53 sri /tmp/work/cjs/react-dom-server-legacy.browser.production.min.js -> /output/cjs/react-dom-server-legacy.browser.production.min.js.sri
2025/06/19 14:01:53 algorithm: run /usr/bin/brotli --quality=11 --output=/output/cjs/react-dom-server-legacy.browser.production.min.js.br /tmp/work/cjs/react-dom-server-legacy.browser.production.min.js
2025/06/19 14:01:54 br /tmp/work/cjs/react-dom-server-legacy.node.production.min.js -> /output/cjs/react-dom-server-legacy.node.production.min.js.br
2025/06/19 14:01:55 gz /tmp/work/cjs/react-dom-server-legacy.node.production.min.js -> /output/cjs/react-dom-server-legacy.node.production.min.js.gz
2025/06/19 14:01:55 sri /tmp/work/cjs/react-dom-server-legacy.node.production.js -> /output/cjs/react-dom-server-legacy.node.production.js.sri
2025/06/19 14:01:55 algorithm: run /usr/bin/brotli --quality=11 --output=/output/cjs/react-dom-server-legacy.node.production.js.br /tmp/work/cjs/react-dom-server-legacy.node.production.js
2025/06/19 14:01:55 br /tmp/work/cjs/react-dom-server-legacy.browser.production.min.js -> /output/cjs/react-dom-server-legacy.browser.production.min.js.br
2025/06/19 14:01:55 gz /tmp/work/cjs/react-dom-server-legacy.browser.production.min.js -> /output/cjs/react-dom-server-legacy.browser.production.min.js.gz
2025/06/19 14:01:55 sri /tmp/work/cjs/react-dom-server-legacy.browser.production.js -> /output/cjs/react-dom-server-legacy.browser.production.js.sri
2025/06/19 14:01:55 algorithm: run /usr/bin/brotli --quality=11 --output=/output/cjs/react-dom-server-legacy.browser.production.js.br /tmp/work/cjs/react-dom-server-legacy.browser.production.js
2025/06/19 14:01:56 br /tmp/work/cjs/react-dom-server-legacy.node.production.js -> /output/cjs/react-dom-server-legacy.node.production.js.br
2025/06/19 14:01:57 gz /tmp/work/cjs/react-dom-server-legacy.node.production.js -> /output/cjs/react-dom-server-legacy.node.production.js.gz
2025/06/19 14:01:57 compress: run /node_modules/uglify-js/bin/uglifyjs (3.15.4) [--mangle --compress if_return=true -o /tmp/work/cjs/react-dom-server.browser.development.min.js /tmp/work/cjs/react-dom-server.browser.development.js]
2025/06/19 14:01:59 br /tmp/work/cjs/react-dom-server-legacy.browser.production.js -> /output/cjs/react-dom-server-legacy.browser.production.js.br
2025/06/19 14:02:00 gz /tmp/work/cjs/react-dom-server-legacy.browser.production.js -> /output/cjs/react-dom-server-legacy.browser.production.js.gz
2025/06/19 14:02:00 compress: run /node_modules/uglify-js/bin/uglifyjs (3.15.4) [--mangle --compress if_return=true -o /tmp/work/cjs/react-dom-server.browser.production.min.js /tmp/work/cjs/react-dom-server.browser.production.js]
2025/06/19 14:02:00 sri /tmp/work/cjs/react-dom-server-legacy.node.development.min.js -> /output/cjs/react-dom-server-legacy.node.development.min.js.sri
2025/06/19 14:02:00 algorithm: run /usr/bin/brotli --quality=11 --output=/output/cjs/react-dom-server-legacy.node.development.min.js.br /tmp/work/cjs/react-dom-server-legacy.node.development.min.js
2025/06/19 14:02:01 sri /tmp/work/cjs/react-dom-server-legacy.browser.development.min.js -> /output/cjs/react-dom-server-legacy.browser.development.min.js.sri
2025/06/19 14:02:01 algorithm: run /usr/bin/brotli --quality=11 --output=/output/cjs/react-dom-server-legacy.browser.development.min.js.br /tmp/work/cjs/react-dom-server-legacy.browser.development.min.js
2025/06/19 14:02:04 br /tmp/work/cjs/react-dom-server-legacy.node.development.min.js -> /output/cjs/react-dom-server-legacy.node.development.min.js.br
2025/06/19 14:02:04 gz /tmp/work/cjs/react-dom-server-legacy.node.development.min.js -> /output/cjs/react-dom-server-legacy.node.development.min.js.gz
2025/06/19 14:02:04 sri /tmp/work/cjs/react-dom-server-legacy.node.development.js -> /output/cjs/react-dom-server-legacy.node.development.js.sri
2025/06/19 14:02:04 algorithm: run /usr/bin/brotli --quality=11 --output=/output/cjs/react-dom-server-legacy.node.development.js.br /tmp/work/cjs/react-dom-server-legacy.node.development.js
2025/06/19 14:02:05 sri /tmp/work/cjs/react-dom-client.production.min.js -> /output/cjs/react-dom-client.production.min.js.sri
2025/06/19 14:02:05 algorithm: run /usr/bin/brotli --quality=11 --output=/output/cjs/react-dom-client.production.min.js.br /tmp/work/cjs/react-dom-client.production.min.js
2025/06/19 14:02:05 br /tmp/work/cjs/react-dom-server-legacy.browser.development.min.js -> /output/cjs/react-dom-server-legacy.browser.development.min.js.br
2025/06/19 14:02:05 gz /tmp/work/cjs/react-dom-server-legacy.browser.development.min.js -> /output/cjs/react-dom-server-legacy.browser.development.min.js.gz
2025/06/19 14:02:05 sri /tmp/work/cjs/react-dom-server-legacy.browser.development.js -> /output/cjs/react-dom-server-legacy.browser.development.js.sri
2025/06/19 14:02:05 algorithm: run /usr/bin/brotli --quality=11 --output=/output/cjs/react-dom-server-legacy.browser.development.js.br /tmp/work/cjs/react-dom-server-legacy.browser.development.js
2025/06/19 14:02:07 sri /tmp/work/cjs/react-dom-profiling.profiling.min.js -> /output/cjs/react-dom-profiling.profiling.min.js.sri
2025/06/19 14:02:07 algorithm: run /usr/bin/brotli --quality=11 --output=/output/cjs/react-dom-profiling.profiling.min.js.br /tmp/work/cjs/react-dom-profiling.profiling.min.js
2025/06/19 14:02:10 br /tmp/work/cjs/react-dom-client.production.min.js -> /output/cjs/react-dom-client.production.min.js.br
2025/06/19 14:02:11 gz /tmp/work/cjs/react-dom-client.production.min.js -> /output/cjs/react-dom-client.production.min.js.gz
2025/06/19 14:02:11 sri /tmp/work/cjs/react-dom-client.production.js -> /output/cjs/react-dom-client.production.js.sri
2025/06/19 14:02:11 algorithm: run /usr/bin/brotli --quality=11 --output=/output/cjs/react-dom-client.production.js.br /tmp/work/cjs/react-dom-client.production.js
2025/06/19 14:02:11 br /tmp/work/cjs/react-dom-server-legacy.node.development.js -> /output/cjs/react-dom-server-legacy.node.development.js.br
2025/06/19 14:02:12 gz /tmp/work/cjs/react-dom-server-legacy.node.development.js -> /output/cjs/react-dom-server-legacy.node.development.js.gz
2025/06/19 14:02:12 compress: run /node_modules/uglify-js/bin/uglifyjs (3.15.4) [--mangle --compress if_return=true -o /tmp/work/cjs/react-dom-server.bun.development.min.js /tmp/work/cjs/react-dom-server.bun.development.js]
2025/06/19 14:02:12 br /tmp/work/cjs/react-dom-server-legacy.browser.development.js -> /output/cjs/react-dom-server-legacy.browser.development.js.br
2025/06/19 14:02:12 sri /tmp/work/cjs/react-dom-server.browser.production.min.js -> /output/cjs/react-dom-server.browser.production.min.js.sri
2025/06/19 14:02:12 algorithm: run /usr/bin/brotli --quality=11 --output=/output/cjs/react-dom-server.browser.production.min.js.br /tmp/work/cjs/react-dom-server.browser.production.min.js
2025/06/19 14:02:13 gz /tmp/work/cjs/react-dom-server-legacy.browser.development.js -> /output/cjs/react-dom-server-legacy.browser.development.js.gz
2025/06/19 14:02:13 compress: run /node_modules/uglify-js/bin/uglifyjs (3.15.4) [--mangle --compress if_return=true -o /tmp/work/cjs/react-dom-server.bun.production.min.js /tmp/work/cjs/react-dom-server.bun.production.js]
2025/06/19 14:02:13 br /tmp/work/cjs/react-dom-profiling.profiling.min.js -> /output/cjs/react-dom-profiling.profiling.min.js.br
2025/06/19 14:02:13 gz /tmp/work/cjs/react-dom-profiling.profiling.min.js -> /output/cjs/react-dom-profiling.profiling.min.js.gz
2025/06/19 14:02:13 sri /tmp/work/cjs/react-dom-profiling.profiling.js -> /output/cjs/react-dom-profiling.profiling.js.sri
2025/06/19 14:02:13 algorithm: run /usr/bin/brotli --quality=11 --output=/output/cjs/react-dom-profiling.profiling.js.br /tmp/work/cjs/react-dom-profiling.profiling.js
2025/06/19 14:02:14 br /tmp/work/cjs/react-dom-server.browser.production.min.js -> /output/cjs/react-dom-server.browser.production.min.js.br
2025/06/19 14:02:15 gz /tmp/work/cjs/react-dom-server.browser.production.min.js -> /output/cjs/react-dom-server.browser.production.min.js.gz
2025/06/19 14:02:15 sri /tmp/work/cjs/react-dom-server.browser.production.js -> /output/cjs/react-dom-server.browser.production.js.sri
2025/06/19 14:02:15 algorithm: run /usr/bin/brotli --quality=11 --output=/output/cjs/react-dom-server.browser.production.js.br /tmp/work/cjs/react-dom-server.browser.production.js
2025/06/19 14:02:18 sri /tmp/work/cjs/react-dom-server.browser.development.min.js -> /output/cjs/react-dom-server.browser.development.min.js.sri
2025/06/19 14:02:18 algorithm: run /usr/bin/brotli --quality=11 --output=/output/cjs/react-dom-server.browser.development.min.js.br /tmp/work/cjs/react-dom-server.browser.development.min.js
2025/06/19 14:02:20 br /tmp/work/cjs/react-dom-server.browser.production.js -> /output/cjs/react-dom-server.browser.production.js.br
2025/06/19 14:02:20 gz /tmp/work/cjs/react-dom-server.browser.production.js -> /output/cjs/react-dom-server.browser.production.js.gz
2025/06/19 14:02:20 compress: run /node_modules/uglify-js/bin/uglifyjs (3.15.4) [--mangle --compress if_return=true -o /tmp/work/cjs/react-dom-server.edge.development.min.js /tmp/work/cjs/react-dom-server.edge.development.js]
2025/06/19 14:02:21 br /tmp/work/cjs/react-dom-client.production.js -> /output/cjs/react-dom-client.production.js.br
2025/06/19 14:02:22 br /tmp/work/cjs/react-dom-server.browser.development.min.js -> /output/cjs/react-dom-server.browser.development.min.js.br
2025/06/19 14:02:22 gz /tmp/work/cjs/react-dom-client.production.js -> /output/cjs/react-dom-client.production.js.gz
2025/06/19 14:02:22 compress: run /node_modules/uglify-js/bin/uglifyjs (3.15.4) [--mangle --compress if_return=true -o /tmp/work/cjs/react-dom-server.edge.production.min.js /tmp/work/cjs/react-dom-server.edge.production.js]
2025/06/19 14:02:22 gz /tmp/work/cjs/react-dom-server.browser.development.min.js -> /output/cjs/react-dom-server.browser.development.min.js.gz
2025/06/19 14:02:22 sri /tmp/work/cjs/react-dom-server.browser.development.js -> /output/cjs/react-dom-server.browser.development.js.sri
2025/06/19 14:02:22 algorithm: run /usr/bin/brotli --quality=11 --output=/output/cjs/react-dom-server.browser.development.js.br /tmp/work/cjs/react-dom-server.browser.development.js
2025/06/19 14:02:25 sri /tmp/work/cjs/react-dom-client.development.min.js -> /output/cjs/react-dom-client.development.min.js.sri
2025/06/19 14:02:25 algorithm: run /usr/bin/brotli --quality=11 --output=/output/cjs/react-dom-client.development.min.js.br /tmp/work/cjs/react-dom-client.development.min.js
2025/06/19 14:02:25 br /tmp/work/cjs/react-dom-profiling.profiling.js -> /output/cjs/react-dom-profiling.profiling.js.br
2025/06/19 14:02:26 sri /tmp/work/cjs/react-dom-profiling.development.min.js -> /output/cjs/react-dom-profiling.development.min.js.sri
2025/06/19 14:02:26 algorithm: run /usr/bin/brotli --quality=11 --output=/output/cjs/react-dom-profiling.development.min.js.br /tmp/work/cjs/react-dom-profiling.development.min.js
2025/06/19 14:02:26 gz /tmp/work/cjs/react-dom-profiling.profiling.js -> /output/cjs/react-dom-profiling.profiling.js.gz
2025/06/19 14:02:26 compress: run /node_modules/uglify-js/bin/uglifyjs (3.15.4) [--mangle --compress if_return=true -o /tmp/work/cjs/react-dom-server.node.development.min.js /tmp/work/cjs/react-dom-server.node.development.js]
2025/06/19 14:02:26 sri /tmp/work/cjs/react-dom-server.bun.production.min.js -> /output/cjs/react-dom-server.bun.production.min.js.sri
2025/06/19 14:02:26 algorithm: run /usr/bin/brotli --quality=11 --output=/output/cjs/react-dom-server.bun.production.min.js.br /tmp/work/cjs/react-dom-server.bun.production.min.js
2025/06/19 14:02:27 sri /tmp/work/cjs/react-dom-server.bun.development.min.js -> /output/cjs/react-dom-server.bun.development.min.js.sri
2025/06/19 14:02:27 algorithm: run /usr/bin/brotli --quality=11 --output=/output/cjs/react-dom-server.bun.development.min.js.br /tmp/work/cjs/react-dom-server.bun.development.min.js
2025/06/19 14:02:28 br /tmp/work/cjs/react-dom-server.bun.production.min.js -> /output/cjs/react-dom-server.bun.production.min.js.br
2025/06/19 14:02:28 gz /tmp/work/cjs/react-dom-server.bun.production.min.js -> /output/cjs/react-dom-server.bun.production.min.js.gz
2025/06/19 14:02:28 sri /tmp/work/cjs/react-dom-server.bun.production.js -> /output/cjs/react-dom-server.bun.production.js.sri
2025/06/19 14:02:28 algorithm: run /usr/bin/brotli --quality=11 --output=/output/cjs/react-dom-server.bun.production.js.br /tmp/work/cjs/react-dom-server.bun.production.js
2025/06/19 14:02:29 br /tmp/work/cjs/react-dom-server.browser.development.js -> /output/cjs/react-dom-server.browser.development.js.br
2025/06/19 14:02:30 gz /tmp/work/cjs/react-dom-server.browser.development.js -> /output/cjs/react-dom-server.browser.development.js.gz
2025/06/19 14:02:30 compress: run /node_modules/uglify-js/bin/uglifyjs (3.15.4) [--mangle --compress if_return=true -o /tmp/work/cjs/react-dom-server.node.production.min.js /tmp/work/cjs/react-dom-server.node.production.js]
2025/06/19 14:02:30 br /tmp/work/cjs/react-dom-server.bun.development.min.js -> /output/cjs/react-dom-server.bun.development.min.js.br
2025/06/19 14:02:30 gz /tmp/work/cjs/react-dom-server.bun.development.min.js -> /output/cjs/react-dom-server.bun.development.min.js.gz
2025/06/19 14:02:30 sri /tmp/work/cjs/react-dom-server.bun.development.js -> /output/cjs/react-dom-server.bun.development.js.sri
2025/06/19 14:02:30 algorithm: run /usr/bin/brotli --quality=11 --output=/output/cjs/react-dom-server.bun.development.js.br /tmp/work/cjs/react-dom-server.bun.development.js
2025/06/19 14:02:33 br /tmp/work/cjs/react-dom-profiling.development.min.js -> /output/cjs/react-dom-profiling.development.min.js.br
2025/06/19 14:02:33 br /tmp/work/cjs/react-dom-server.bun.production.js -> /output/cjs/react-dom-server.bun.production.js.br
2025/06/19 14:02:33 gz /tmp/work/cjs/react-dom-profiling.development.min.js -> /output/cjs/react-dom-profiling.development.min.js.gz
2025/06/19 14:02:33 sri /tmp/work/cjs/react-dom-profiling.development.js -> /output/cjs/react-dom-profiling.development.js.sri
2025/06/19 14:02:33 algorithm: run /usr/bin/brotli --quality=11 --output=/output/cjs/react-dom-profiling.development.js.br /tmp/work/cjs/react-dom-profiling.development.js
2025/06/19 14:02:33 gz /tmp/work/cjs/react-dom-server.bun.production.js -> /output/cjs/react-dom-server.bun.production.js.gz
2025/06/19 14:02:33 compress: run /node_modules/uglify-js/bin/uglifyjs (3.15.4) [--mangle --compress if_return=true -o /tmp/work/cjs/react-dom-test-utils.development.min.js /tmp/work/cjs/react-dom-test-utils.development.js]
2025/06/19 14:02:33 br /tmp/work/cjs/react-dom-client.development.min.js -> /output/cjs/react-dom-client.development.min.js.br
2025/06/19 14:02:33 gz /tmp/work/cjs/react-dom-client.development.min.js -> /output/cjs/react-dom-client.development.min.js.gz
2025/06/19 14:02:33 sri /tmp/work/cjs/react-dom-client.development.js -> /output/cjs/react-dom-client.development.js.sri
2025/06/19 14:02:33 algorithm: run /usr/bin/brotli --quality=11 --output=/output/cjs/react-dom-client.development.js.br /tmp/work/cjs/react-dom-client.development.js
2025/06/19 14:02:35 sri /tmp/work/cjs/react-dom-test-utils.development.min.js -> /output/cjs/react-dom-test-utils.development.min.js.sri
2025/06/19 14:02:35 algorithm: run /usr/bin/brotli --quality=11 --output=/output/cjs/react-dom-test-utils.development.min.js.br /tmp/work/cjs/react-dom-test-utils.development.min.js
2025/06/19 14:02:35 br /tmp/work/cjs/react-dom-test-utils.development.min.js -> /output/cjs/react-dom-test-utils.development.min.js.br
2025/06/19 14:02:35 gz /tmp/work/cjs/react-dom-test-utils.development.min.js -> /output/cjs/react-dom-test-utils.development.min.js.gz
2025/06/19 14:02:35 sri /tmp/work/cjs/react-dom-test-utils.development.js -> /output/cjs/react-dom-test-utils.development.js.sri
2025/06/19 14:02:35 algorithm: run /usr/bin/brotli --quality=11 --output=/output/cjs/react-dom-test-utils.development.js.br /tmp/work/cjs/react-dom-test-utils.development.js
2025/06/19 14:02:35 br /tmp/work/cjs/react-dom-test-utils.development.js -> /output/cjs/react-dom-test-utils.development.js.br
2025/06/19 14:02:35 gz /tmp/work/cjs/react-dom-test-utils.development.js -> /output/cjs/react-dom-test-utils.development.js.gz
2025/06/19 14:02:35 compress: run /node_modules/uglify-js/bin/uglifyjs (3.15.4) [--mangle --compress if_return=true -o /tmp/work/cjs/react-dom-test-utils.production.min.js /tmp/work/cjs/react-dom-test-utils.production.js]
2025/06/19 14:02:35 sri /tmp/work/cjs/react-dom-server.edge.production.min.js -> /output/cjs/react-dom-server.edge.production.min.js.sri
2025/06/19 14:02:35 algorithm: run /usr/bin/brotli --quality=11 --output=/output/cjs/react-dom-server.edge.production.min.js.br /tmp/work/cjs/react-dom-server.edge.production.min.js
2025/06/19 14:02:36 sri /tmp/work/cjs/react-dom-test-utils.production.min.js -> /output/cjs/react-dom-test-utils.production.min.js.sri
2025/06/19 14:02:36 algorithm: run /usr/bin/brotli --quality=11 --output=/output/cjs/react-dom-test-utils.production.min.js.br /tmp/work/cjs/react-dom-test-utils.production.min.js
2025/06/19 14:02:36 br /tmp/work/cjs/react-dom-test-utils.production.min.js -> /output/cjs/react-dom-test-utils.production.min.js.br
2025/06/19 14:02:36 gz /tmp/work/cjs/react-dom-test-utils.production.min.js -> /output/cjs/react-dom-test-utils.production.min.js.gz
2025/06/19 14:02:36 sri /tmp/work/cjs/react-dom-test-utils.production.js -> /output/cjs/react-dom-test-utils.production.js.sri
2025/06/19 14:02:36 algorithm: run /usr/bin/brotli --quality=11 --output=/output/cjs/react-dom-test-utils.production.js.br /tmp/work/cjs/react-dom-test-utils.production.js
2025/06/19 14:02:36 br /tmp/work/cjs/react-dom-test-utils.production.js -> /output/cjs/react-dom-test-utils.production.js.br
2025/06/19 14:02:36 gz /tmp/work/cjs/react-dom-test-utils.production.js -> /output/cjs/react-dom-test-utils.production.js.gz
2025/06/19 14:02:36 compress: run /node_modules/uglify-js/bin/uglifyjs (3.15.4) [--mangle --compress if_return=true -o /tmp/work/cjs/react-dom.development.min.js /tmp/work/cjs/react-dom.development.js]
2025/06/19 14:02:38 br /tmp/work/cjs/react-dom-server.edge.production.min.js -> /output/cjs/react-dom-server.edge.production.min.js.br
2025/06/19 14:02:38 gz /tmp/work/cjs/react-dom-server.edge.production.min.js -> /output/cjs/react-dom-server.edge.production.min.js.gz
2025/06/19 14:02:38 sri /tmp/work/cjs/react-dom-server.edge.production.js -> /output/cjs/react-dom-server.edge.production.js.sri
2025/06/19 14:02:38 algorithm: run /usr/bin/brotli --quality=11 --output=/output/cjs/react-dom-server.edge.production.js.br /tmp/work/cjs/react-dom-server.edge.production.js
2025/06/19 14:02:38 br /tmp/work/cjs/react-dom-server.bun.development.js -> /output/cjs/react-dom-server.bun.development.js.br
2025/06/19 14:02:38 gz /tmp/work/cjs/react-dom-server.bun.development.js -> /output/cjs/react-dom-server.bun.development.js.gz
2025/06/19 14:02:38 compress: run /node_modules/uglify-js/bin/uglifyjs (3.15.4) [--mangle --compress if_return=true -o /tmp/work/cjs/react-dom.production.min.js /tmp/work/cjs/react-dom.production.js]
2025/06/19 14:02:39 sri /tmp/work/cjs/react-dom.development.min.js -> /output/cjs/react-dom.development.min.js.sri
2025/06/19 14:02:39 algorithm: run /usr/bin/brotli --quality=11 --output=/output/cjs/react-dom.development.min.js.br /tmp/work/cjs/react-dom.development.min.js
2025/06/19 14:02:39 br /tmp/work/cjs/react-dom.development.min.js -> /output/cjs/react-dom.development.min.js.br
2025/06/19 14:02:39 gz /tmp/work/cjs/react-dom.development.min.js -> /output/cjs/react-dom.development.min.js.gz
2025/06/19 14:02:39 sri /tmp/work/cjs/react-dom.development.js -> /output/cjs/react-dom.development.js.sri
2025/06/19 14:02:39 algorithm: run /usr/bin/brotli --quality=11 --output=/output/cjs/react-dom.development.js.br /tmp/work/cjs/react-dom.development.js
2025/06/19 14:02:40 br /tmp/work/cjs/react-dom.development.js -> /output/cjs/react-dom.development.js.br
2025/06/19 14:02:40 gz /tmp/work/cjs/react-dom.development.js -> /output/cjs/react-dom.development.js.gz
2025/06/19 14:02:40 compress: run /node_modules/uglify-js/bin/uglifyjs (3.15.4) [--mangle --compress if_return=true -o /tmp/work/cjs/react-dom.react-server.development.min.js /tmp/work/cjs/react-dom.react-server.development.js]
2025/06/19 14:02:40 sri /tmp/work/cjs/react-dom.production.min.js -> /output/cjs/react-dom.production.min.js.sri
2025/06/19 14:02:40 algorithm: run /usr/bin/brotli --quality=11 --output=/output/cjs/react-dom.production.min.js.br /tmp/work/cjs/react-dom.production.min.js
2025/06/19 14:02:40 br /tmp/work/cjs/react-dom.production.min.js -> /output/cjs/react-dom.production.min.js.br
2025/06/19 14:02:40 gz /tmp/work/cjs/react-dom.production.min.js -> /output/cjs/react-dom.production.min.js.gz
2025/06/19 14:02:40 sri /tmp/work/cjs/react-dom.production.js -> /output/cjs/react-dom.production.js.sri
2025/06/19 14:02:40 algorithm: run /usr/bin/brotli --quality=11 --output=/output/cjs/react-dom.production.js.br /tmp/work/cjs/react-dom.production.js
2025/06/19 14:02:40 br /tmp/work/cjs/react-dom.production.js -> /output/cjs/react-dom.production.js.br
2025/06/19 14:02:40 gz /tmp/work/cjs/react-dom.production.js -> /output/cjs/react-dom.production.js.gz
2025/06/19 14:02:40 compress: run /node_modules/uglify-js/bin/uglifyjs (3.15.4) [--mangle --compress if_return=true -o /tmp/work/cjs/react-dom.react-server.production.min.js /tmp/work/cjs/react-dom.react-server.production.js]
2025/06/19 14:02:41 sri /tmp/work/cjs/react-dom-server.edge.development.min.js -> /output/cjs/react-dom-server.edge.development.min.js.sri
2025/06/19 14:02:41 algorithm: run /usr/bin/brotli --quality=11 --output=/output/cjs/react-dom-server.edge.development.min.js.br /tmp/work/cjs/react-dom-server.edge.development.min.js
2025/06/19 14:02:42 br /tmp/work/cjs/react-dom-server.edge.production.js -> /output/cjs/react-dom-server.edge.production.js.br
2025/06/19 14:02:42 sri /tmp/work/cjs/react-dom.react-server.production.min.js -> /output/cjs/react-dom.react-server.production.min.js.sri
2025/06/19 14:02:42 algorithm: run /usr/bin/brotli --quality=11 --output=/output/cjs/react-dom.react-server.production.min.js.br /tmp/work/cjs/react-dom.react-server.production.min.js
2025/06/19 14:02:42 br /tmp/work/cjs/react-dom.react-server.production.min.js -> /output/cjs/react-dom.react-server.production.min.js.br
2025/06/19 14:02:42 gz /tmp/work/cjs/react-dom.react-server.production.min.js -> /output/cjs/react-dom.react-server.production.min.js.gz
2025/06/19 14:02:42 sri /tmp/work/cjs/react-dom.react-server.production.js -> /output/cjs/react-dom.react-server.production.js.sri
2025/06/19 14:02:42 algorithm: run /usr/bin/brotli --quality=11 --output=/output/cjs/react-dom.react-server.production.js.br /tmp/work/cjs/react-dom.react-server.production.js
2025/06/19 14:02:42 br /tmp/work/cjs/react-dom.react-server.production.js -> /output/cjs/react-dom.react-server.production.js.br
2025/06/19 14:02:42 gz /tmp/work/cjs/react-dom.react-server.production.js -> /output/cjs/react-dom.react-server.production.js.gz
2025/06/19 14:02:42 gz /tmp/work/cjs/react-dom-server.edge.production.js -> /output/cjs/react-dom-server.edge.production.js.gz
2025/06/19 14:02:42 sri /tmp/work/cjs/react-dom-server.node.production.min.js -> /output/cjs/react-dom-server.node.production.min.js.sri
2025/06/19 14:02:42 algorithm: run /usr/bin/brotli --quality=11 --output=/output/cjs/react-dom-server.node.production.min.js.br /tmp/work/cjs/react-dom-server.node.production.min.js
2025/06/19 14:02:42 sri /tmp/work/cjs/react-dom.react-server.development.min.js -> /output/cjs/react-dom.react-server.development.min.js.sri
2025/06/19 14:02:42 algorithm: run /usr/bin/brotli --quality=11 --output=/output/cjs/react-dom.react-server.development.min.js.br /tmp/work/cjs/react-dom.react-server.development.min.js
2025/06/19 14:02:43 br /tmp/work/cjs/react-dom.react-server.development.min.js -> /output/cjs/react-dom.react-server.development.min.js.br
2025/06/19 14:02:43 gz /tmp/work/cjs/react-dom.react-server.development.min.js -> /output/cjs/react-dom.react-server.development.min.js.gz
2025/06/19 14:02:43 sri /tmp/work/cjs/react-dom.react-server.development.js -> /output/cjs/react-dom.react-server.development.js.sri
2025/06/19 14:02:43 algorithm: run /usr/bin/brotli --quality=11 --output=/output/cjs/react-dom.react-server.development.js.br /tmp/work/cjs/react-dom.react-server.development.js
2025/06/19 14:02:43 br /tmp/work/cjs/react-dom.react-server.development.js -> /output/cjs/react-dom.react-server.development.js.br
2025/06/19 14:02:43 gz /tmp/work/cjs/react-dom.react-server.development.js -> /output/cjs/react-dom.react-server.development.js.gz
2025/06/19 14:02:43 br /tmp/work/cjs/react-dom-server.edge.development.min.js -> /output/cjs/react-dom-server.edge.development.min.js.br
2025/06/19 14:02:43 gz /tmp/work/cjs/react-dom-server.edge.development.min.js -> /output/cjs/react-dom-server.edge.development.min.js.gz
2025/06/19 14:02:43 sri /tmp/work/cjs/react-dom-server.edge.development.js -> /output/cjs/react-dom-server.edge.development.js.sri
2025/06/19 14:02:43 algorithm: run /usr/bin/brotli --quality=11 --output=/output/cjs/react-dom-server.edge.development.js.br /tmp/work/cjs/react-dom-server.edge.development.js
2025/06/19 14:02:43 br /tmp/work/cjs/react-dom-server.node.production.min.js -> /output/cjs/react-dom-server.node.production.min.js.br
2025/06/19 14:02:43 gz /tmp/work/cjs/react-dom-server.node.production.min.js -> /output/cjs/react-dom-server.node.production.min.js.gz
2025/06/19 14:02:43 sri /tmp/work/cjs/react-dom-server.node.production.js -> /output/cjs/react-dom-server.node.production.js.sri
2025/06/19 14:02:43 algorithm: run /usr/bin/brotli --quality=11 --output=/output/cjs/react-dom-server.node.production.js.br /tmp/work/cjs/react-dom-server.node.production.js
2025/06/19 14:02:44 sri /tmp/work/cjs/react-dom-server.node.development.min.js -> /output/cjs/react-dom-server.node.development.min.js.sri
2025/06/19 14:02:44 algorithm: run /usr/bin/brotli --quality=11 --output=/output/cjs/react-dom-server.node.development.min.js.br /tmp/work/cjs/react-dom-server.node.development.min.js
2025/06/19 14:02:45 br /tmp/work/cjs/react-dom-server.node.development.min.js -> /output/cjs/react-dom-server.node.development.min.js.br
2025/06/19 14:02:45 gz /tmp/work/cjs/react-dom-server.node.development.min.js -> /output/cjs/react-dom-server.node.development.min.js.gz
2025/06/19 14:02:45 sri /tmp/work/cjs/react-dom-server.node.development.js -> /output/cjs/react-dom-server.node.development.js.sri
2025/06/19 14:02:45 algorithm: run /usr/bin/brotli --quality=11 --output=/output/cjs/react-dom-server.node.development.js.br /tmp/work/cjs/react-dom-server.node.development.js
2025/06/19 14:02:45 br /tmp/work/cjs/react-dom-server.node.production.js -> /output/cjs/react-dom-server.node.production.js.br
2025/06/19 14:02:45 gz /tmp/work/cjs/react-dom-server.node.production.js -> /output/cjs/react-dom-server.node.production.js.gz
2025/06/19 14:02:46 br /tmp/work/cjs/react-dom-server.edge.development.js -> /output/cjs/react-dom-server.edge.development.js.br
2025/06/19 14:02:46 gz /tmp/work/cjs/react-dom-server.edge.development.js -> /output/cjs/react-dom-server.edge.development.js.gz
2025/06/19 14:02:46 br /tmp/work/cjs/react-dom-profiling.development.js -> /output/cjs/react-dom-profiling.development.js.br
2025/06/19 14:02:46 br /tmp/work/cjs/react-dom-client.development.js -> /output/cjs/react-dom-client.development.js.br
2025/06/19 14:02:47 br /tmp/work/cjs/react-dom-server.node.development.js -> /output/cjs/react-dom-server.node.development.js.br
2025/06/19 14:02:47 gz /tmp/work/cjs/react-dom-profiling.development.js -> /output/cjs/react-dom-profiling.development.js.gz
2025/06/19 14:02:47 gz /tmp/work/cjs/react-dom-client.development.js -> /output/cjs/react-dom-client.development.js.gz
2025/06/19 14:02:47 gz /tmp/work/cjs/react-dom-server.node.development.js -> /output/cjs/react-dom-server.node.development.js.gz
2025/06/19 14:02:47 processed react-dom
