2025/08/20 00:32:25 optimizing files (Js true, Css true, Png true, Jpg true)
2025/08/20 00:32:25 algorithm: run /usr/bin/brotli --quality=11 --output=/output/5b4ea2499a9d338d5ad1.wasm.br /tmp/work/5b4ea2499a9d338d5ad1.wasm
2025/08/20 00:32:25 algorithm: run /usr/bin/brotli --quality=11 --output=/output/d47fa4c731e108bca58a.wasm.br /tmp/work/d47fa4c731e108bca58a.wasm
2025/08/20 00:32:25 compress: run /node_modules/uglify-js/bin/uglifyjs (3.15.4) [--mangle --compress if_return=true -o /tmp/work/core.ruffle.39c036886da6b02c20a5.min.js /tmp/work/core.ruffle.39c036886da6b02c20a5.js]
2025/08/20 00:32:25 compress: run /node_modules/uglify-js/bin/uglifyjs (3.15.4) [--mangle --compress if_return=true -o /tmp/work/ruffle.min.js /tmp/work/ruffle.js]
2025/08/20 00:32:25 compress: run /node_modules/uglify-js/bin/uglifyjs (3.15.4) [--mangle --compress if_return=true -o /tmp/work/core.ruffle.d011792a58994c7e5af5.min.js /tmp/work/core.ruffle.d011792a58994c7e5af5.js]
2025/08/20 00:32:27 sri /tmp/work/ruffle.min.js -> /output/ruffle.min.js.sri
2025/08/20 00:32:27 algorithm: run /usr/bin/brotli --quality=11 --output=/output/ruffle.min.js.br /tmp/work/ruffle.min.js
2025/08/20 00:32:28 sri /tmp/work/core.ruffle.39c036886da6b02c20a5.min.js -> /output/core.ruffle.39c036886da6b02c20a5.min.js.sri
2025/08/20 00:32:28 algorithm: run /usr/bin/brotli --quality=11 --output=/output/core.ruffle.39c036886da6b02c20a5.min.js.br /tmp/work/core.ruffle.39c036886da6b02c20a5.min.js
2025/08/20 00:32:28 sri /tmp/work/core.ruffle.d011792a58994c7e5af5.min.js -> /output/core.ruffle.d011792a58994c7e5af5.min.js.sri
2025/08/20 00:32:28 algorithm: run /usr/bin/brotli --quality=11 --output=/output/core.ruffle.d011792a58994c7e5af5.min.js.br /tmp/work/core.ruffle.d011792a58994c7e5af5.min.js
2025/08/20 00:32:28 br /tmp/work/core.ruffle.39c036886da6b02c20a5.min.js -> /output/core.ruffle.39c036886da6b02c20a5.min.js.br
2025/08/20 00:32:28 gz /tmp/work/core.ruffle.39c036886da6b02c20a5.min.js -> /output/core.ruffle.39c036886da6b02c20a5.min.js.gz
2025/08/20 00:32:28 sri /tmp/work/core.ruffle.39c036886da6b02c20a5.js -> /output/core.ruffle.39c036886da6b02c20a5.js.sri
2025/08/20 00:32:28 algorithm: run /usr/bin/brotli --quality=11 --output=/output/core.ruffle.39c036886da6b02c20a5.js.br /tmp/work/core.ruffle.39c036886da6b02c20a5.js
2025/08/20 00:32:28 br /tmp/work/core.ruffle.d011792a58994c7e5af5.min.js -> /output/core.ruffle.d011792a58994c7e5af5.min.js.br
2025/08/20 00:32:28 br /tmp/work/ruffle.min.js -> /output/ruffle.min.js.br
2025/08/20 00:32:28 gz /tmp/work/core.ruffle.d011792a58994c7e5af5.min.js -> /output/core.ruffle.d011792a58994c7e5af5.min.js.gz
2025/08/20 00:32:28 sri /tmp/work/core.ruffle.d011792a58994c7e5af5.js -> /output/core.ruffle.d011792a58994c7e5af5.js.sri
2025/08/20 00:32:28 algorithm: run /usr/bin/brotli --quality=11 --output=/output/core.ruffle.d011792a58994c7e5af5.js.br /tmp/work/core.ruffle.d011792a58994c7e5af5.js
2025/08/20 00:32:28 gz /tmp/work/ruffle.min.js -> /output/ruffle.min.js.gz
2025/08/20 00:32:28 sri /tmp/work/ruffle.js -> /output/ruffle.js.sri
2025/08/20 00:32:28 algorithm: run /usr/bin/brotli --quality=11 --output=/output/ruffle.js.br /tmp/work/ruffle.js
2025/08/20 00:32:28 br /tmp/work/core.ruffle.39c036886da6b02c20a5.js -> /output/core.ruffle.39c036886da6b02c20a5.js.br
2025/08/20 00:32:28 gz /tmp/work/core.ruffle.39c036886da6b02c20a5.js -> /output/core.ruffle.39c036886da6b02c20a5.js.gz
2025/08/20 00:32:28 br /tmp/work/core.ruffle.d011792a58994c7e5af5.js -> /output/core.ruffle.d011792a58994c7e5af5.js.br
2025/08/20 00:32:28 gz /tmp/work/core.ruffle.d011792a58994c7e5af5.js -> /output/core.ruffle.d011792a58994c7e5af5.js.gz
2025/08/20 00:32:29 br /tmp/work/ruffle.js -> /output/ruffle.js.br
2025/08/20 00:32:29 gz /tmp/work/ruffle.js -> /output/ruffle.js.gz
2025/08/20 00:33:02 br /tmp/work/d47fa4c731e108bca58a.wasm -> /output/d47fa4c731e108bca58a.wasm.br
2025/08/20 00:33:02 gz /tmp/work/d47fa4c731e108bca58a.wasm -> /output/d47fa4c731e108bca58a.wasm.gz
2025/08/20 00:33:02 br /tmp/work/5b4ea2499a9d338d5ad1.wasm -> /output/5b4ea2499a9d338d5ad1.wasm.br
2025/08/20 00:33:03 gz /tmp/work/5b4ea2499a9d338d5ad1.wasm -> /output/5b4ea2499a9d338d5ad1.wasm.gz
2025/08/20 00:33:03 processed ruffle-rs
