- fontsource-noto-sans-elymaic/5.2.4/400.css.br
- fontsource-noto-sans-elymaic/5.2.4/400.css.gz
- fontsource-noto-sans-elymaic/5.2.4/400.min.css.br
- fontsource-noto-sans-elymaic/5.2.4/400.min.css.gz
- fontsource-noto-sans-elymaic/5.2.4/elymaic-400.css.br
- fontsource-noto-sans-elymaic/5.2.4/elymaic-400.css.gz
- fontsource-noto-sans-elymaic/5.2.4/elymaic-400.min.css.br
- fontsource-noto-sans-elymaic/5.2.4/elymaic-400.min.css.gz
- fontsource-noto-sans-elymaic/5.2.4/elymaic.css.br
- fontsource-noto-sans-elymaic/5.2.4/elymaic.css.gz
- fontsource-noto-sans-elymaic/5.2.4/elymaic.min.css.br
- fontsource-noto-sans-elymaic/5.2.4/elymaic.min.css.gz
- fontsource-noto-sans-elymaic/5.2.4/files/noto-sans-elymaic-elymaic-400-normal.woff.br
- fontsource-noto-sans-elymaic/5.2.4/files/noto-sans-elymaic-elymaic-400-normal.woff.gz
- fontsource-noto-sans-elymaic/5.2.4/files/noto-sans-elymaic-elymaic-400-normal.woff2
- fontsource-noto-sans-elymaic/5.2.4/files/noto-sans-elymaic-latin-400-normal.woff.br
- fontsource-noto-sans-elymaic/5.2.4/files/noto-sans-elymaic-latin-400-normal.woff.gz
- fontsource-noto-sans-elymaic/5.2.4/files/noto-sans-elymaic-latin-400-normal.woff2
- fontsource-noto-sans-elymaic/5.2.4/files/noto-sans-elymaic-latin-ext-400-normal.woff.br
- fontsource-noto-sans-elymaic/5.2.4/files/noto-sans-elymaic-latin-ext-400-normal.woff.gz
- fontsource-noto-sans-elymaic/5.2.4/files/noto-sans-elymaic-latin-ext-400-normal.woff2
- fontsource-noto-sans-elymaic/5.2.4/index.css.br
- fontsource-noto-sans-elymaic/5.2.4/index.css.gz
- fontsource-noto-sans-elymaic/5.2.4/index.min.css.br
- fontsource-noto-sans-elymaic/5.2.4/index.min.css.gz
- fontsource-noto-sans-elymaic/5.2.4/latin-400.css.br
- fontsource-noto-sans-elymaic/5.2.4/latin-400.css.gz
- fontsource-noto-sans-elymaic/5.2.4/latin-400.min.css.br
- fontsource-noto-sans-elymaic/5.2.4/latin-400.min.css.gz
- fontsource-noto-sans-elymaic/5.2.4/latin-ext-400.css.br
- fontsource-noto-sans-elymaic/5.2.4/latin-ext-400.css.gz
- fontsource-noto-sans-elymaic/5.2.4/latin-ext-400.min.css.br
- fontsource-noto-sans-elymaic/5.2.4/latin-ext-400.min.css.gz
- fontsource-noto-sans-elymaic/5.2.4/latin-ext.css.br
- fontsource-noto-sans-elymaic/5.2.4/latin-ext.css.gz
- fontsource-noto-sans-elymaic/5.2.4/latin-ext.min.css.br
- fontsource-noto-sans-elymaic/5.2.4/latin-ext.min.css.gz
- fontsource-noto-sans-elymaic/5.2.4/latin.css.br
- fontsource-noto-sans-elymaic/5.2.4/latin.css.gz
- fontsource-noto-sans-elymaic/5.2.4/latin.min.css.br
- fontsource-noto-sans-elymaic/5.2.4/latin.min.css.gz