published: 2026-10-01T00:18:43.746Z

- spritejs/3.8.1/spritejs.es.js.br
- spritejs/3.8.1/spritejs.es.js.gz
- spritejs/3.8.1/spritejs.es.min.js.br
- spritejs/3.8.1/spritejs.es.min.js.gz
- spritejs/3.8.1/spritejs.esm.js.br
- spritejs/3.8.1/spritejs.esm.js.gz
- spritejs/3.8.1/spritejs.esm.min.js.br
- spritejs/3.8.1/spritejs.esm.min.js.gz
- spritejs/3.8.1/spritejs.js.br
- spritejs/3.8.1/spritejs.js.gz
- spritejs/3.8.1/spritejs.min.js.br
- spritejs/3.8.1/spritejs.min.js.gz
- spritejs/3.8.1/spritejs.worker.es.js.br
- spritejs/3.8.1/spritejs.worker.es.js.gz
- spritejs/3.8.1/spritejs.worker.es.min.js.br
- spritejs/3.8.1/spritejs.worker.es.min.js.gz
- spritejs/3.8.1/spritejs.worker.esm.js.br
- spritejs/3.8.1/spritejs.worker.esm.js.gz
- spritejs/3.8.1/spritejs.worker.esm.min.js.br
- spritejs/3.8.1/spritejs.worker.esm.min.js.gz
- spritejs/3.8.1/spritejs.worker.js.br
- spritejs/3.8.1/spritejs.worker.js.gz
- spritejs/3.8.1/spritejs.worker.min.js.br
- spritejs/3.8.1/spritejs.worker.min.js.gz