config: {"authors":[{"name":"Google"}],"autoupdate":{"source":"npm","target":"shaka-player","fileMap":[{"basePath":"dist","files":["shaka-player*","controls.css*"]}]},"description":"DASH/EME video player library","filename":"shaka-player.compiled.js","keywords":["shaka","player"],"license":"Apache License 2.0","name":"shaka-player","repository":{"type":"git","url":"https://github.com/google/shaka-player"},"author":"Google"}
KV keys:
- shaka-player/4.12.16/controls.css.br
- shaka-player/4.12.16/controls.css.gz
- shaka-player/4.12.16/controls.css.map.br
- shaka-player/4.12.16/controls.css.map.gz
- shaka-player/4.12.16/controls.min.css.br
- shaka-player/4.12.16/controls.min.css.gz
- shaka-player/4.12.16/shaka-player.compiled.d.ts.br
- shaka-player/4.12.16/shaka-player.compiled.d.ts.gz
- shaka-player/4.12.16/shaka-player.compiled.debug.d.ts.br
- shaka-player/4.12.16/shaka-player.compiled.debug.d.ts.gz
- shaka-player/4.12.16/shaka-player.compiled.debug.externs.js.br
- shaka-player/4.12.16/shaka-player.compiled.debug.externs.js.gz
- shaka-player/4.12.16/shaka-player.compiled.debug.externs.min.js.br
- shaka-player/4.12.16/shaka-player.compiled.debug.externs.min.js.gz
- shaka-player/4.12.16/shaka-player.compiled.debug.js.br
- shaka-player/4.12.16/shaka-player.compiled.debug.js.gz
- shaka-player/4.12.16/shaka-player.compiled.debug.map.br
- shaka-player/4.12.16/shaka-player.compiled.debug.map.gz
- shaka-player/4.12.16/shaka-player.compiled.debug.min.js.br
- shaka-player/4.12.16/shaka-player.compiled.debug.min.js.gz
- shaka-player/4.12.16/shaka-player.compiled.externs.js.br
- shaka-player/4.12.16/shaka-player.compiled.externs.js.gz
- shaka-player/4.12.16/shaka-player.compiled.externs.min.js.br
- shaka-player/4.12.16/shaka-player.compiled.externs.min.js.gz
- shaka-player/4.12.16/shaka-player.compiled.js.br
- shaka-player/4.12.16/shaka-player.compiled.js.gz
- shaka-player/4.12.16/shaka-player.compiled.map.br
- shaka-player/4.12.16/shaka-player.compiled.map.gz
- shaka-player/4.12.16/shaka-player.compiled.min.js.br
- shaka-player/4.12.16/shaka-player.compiled.min.js.gz
- shaka-player/4.12.16/shaka-player.dash.d.ts.br
- shaka-player/4.12.16/shaka-player.dash.d.ts.gz
- shaka-player/4.12.16/shaka-player.dash.debug.d.ts.br
- shaka-player/4.12.16/shaka-player.dash.debug.d.ts.gz
- shaka-player/4.12.16/shaka-player.dash.debug.externs.js.br
- shaka-player/4.12.16/shaka-player.dash.debug.externs.js.gz
- shaka-player/4.12.16/shaka-player.dash.debug.externs.min.js.br
- shaka-player/4.12.16/shaka-player.dash.debug.externs.min.js.gz
- shaka-player/4.12.16/shaka-player.dash.debug.js.br
- shaka-player/4.12.16/shaka-player.dash.debug.js.gz
- shaka-player/4.12.16/shaka-player.dash.debug.map.br
- shaka-player/4.12.16/shaka-player.dash.debug.map.gz
- shaka-player/4.12.16/shaka-player.dash.debug.min.js.br
- shaka-player/4.12.16/shaka-player.dash.debug.min.js.gz
- shaka-player/4.12.16/shaka-player.dash.externs.js.br
- shaka-player/4.12.16/shaka-player.dash.externs.js.gz
- shaka-player/4.12.16/shaka-player.dash.externs.min.js.br
- shaka-player/4.12.16/shaka-player.dash.externs.min.js.gz
- shaka-player/4.12.16/shaka-player.dash.js.br
- shaka-player/4.12.16/shaka-player.dash.js.gz
- shaka-player/4.12.16/shaka-player.dash.map.br
- shaka-player/4.12.16/shaka-player.dash.map.gz
- shaka-player/4.12.16/shaka-player.dash.min.js.br
- shaka-player/4.12.16/shaka-player.dash.min.js.gz
- shaka-player/4.12.16/shaka-player.hls.d.ts.br
- shaka-player/4.12.16/shaka-player.hls.d.ts.gz
- shaka-player/4.12.16/shaka-player.hls.debug.d.ts.br
- shaka-player/4.12.16/shaka-player.hls.debug.d.ts.gz
- shaka-player/4.12.16/shaka-player.hls.debug.externs.js.br
- shaka-player/4.12.16/shaka-player.hls.debug.externs.js.gz
- shaka-player/4.12.16/shaka-player.hls.debug.externs.min.js.br
- shaka-player/4.12.16/shaka-player.hls.debug.externs.min.js.gz
- shaka-player/4.12.16/shaka-player.hls.debug.js.br
- shaka-player/4.12.16/shaka-player.hls.debug.js.gz
- shaka-player/4.12.16/shaka-player.hls.debug.map.br
- shaka-player/4.12.16/shaka-player.hls.debug.map.gz
- shaka-player/4.12.16/shaka-player.hls.debug.min.js.br
- shaka-player/4.12.16/shaka-player.hls.debug.min.js.gz
- shaka-player/4.12.16/shaka-player.hls.externs.js.br
- shaka-player/4.12.16/shaka-player.hls.externs.js.gz
- shaka-player/4.12.16/shaka-player.hls.externs.min.js.br
- shaka-player/4.12.16/shaka-player.hls.externs.min.js.gz
- shaka-player/4.12.16/shaka-player.hls.js.br
- shaka-player/4.12.16/shaka-player.hls.js.gz
- shaka-player/4.12.16/shaka-player.hls.map.br
- shaka-player/4.12.16/shaka-player.hls.map.gz
- shaka-player/4.12.16/shaka-player.hls.min.js.br
- shaka-player/4.12.16/shaka-player.hls.min.js.gz
- shaka-player/4.12.16/shaka-player.ui.d.ts.br
- shaka-player/4.12.16/shaka-player.ui.d.ts.gz
- shaka-player/4.12.16/shaka-player.ui.debug.d.ts.br
- shaka-player/4.12.16/shaka-player.ui.debug.d.ts.gz
- shaka-player/4.12.16/shaka-player.ui.debug.externs.js.br
- shaka-player/4.12.16/shaka-player.ui.debug.externs.js.gz
- shaka-player/4.12.16/shaka-player.ui.debug.externs.min.js.br
- shaka-player/4.12.16/shaka-player.ui.debug.externs.min.js.gz
- shaka-player/4.12.16/shaka-player.ui.debug.js.br
- shaka-player/4.12.16/shaka-player.ui.debug.js.gz
- shaka-player/4.12.16/shaka-player.ui.debug.map.br
- shaka-player/4.12.16/shaka-player.ui.debug.map.gz
- shaka-player/4.12.16/shaka-player.ui.debug.min.js.br
- shaka-player/4.12.16/shaka-player.ui.debug.min.js.gz
- shaka-player/4.12.16/shaka-player.ui.externs.js.br
- shaka-player/4.12.16/shaka-player.ui.externs.js.gz
- shaka-player/4.12.16/shaka-player.ui.externs.min.js.br
- shaka-player/4.12.16/shaka-player.ui.externs.min.js.gz
- shaka-player/4.12.16/shaka-player.ui.js.br
- shaka-player/4.12.16/shaka-player.ui.js.gz
- shaka-player/4.12.16/shaka-player.ui.map.br
- shaka-player/4.12.16/shaka-player.ui.map.gz
- shaka-player/4.12.16/shaka-player.ui.min.js.br
- shaka-player/4.12.16/shaka-player.ui.min.js.gz
SRIs:
- shaka-player/4.12.16/shaka-player.ui.externs.js: sha512-fiZseS44NBrmRVAH4lP7kcLVyuHcn202pY5rZtPKbFHpGFspZ/oQTpo6cV/mmP/wf8+Ud1r/6VMMiX4APxm/Jg==
- shaka-player/4.12.16/shaka-player.ui.externs.min.js: sha512-G9FdCyOafKxeh5xXj760EplcQyykJPoB31z8zbWBFZ1kYS7I87q3dX7h0YkLRuAn+TDeyMgG0j57JBU3OtAJaw==
- shaka-player/4.12.16/shaka-player.compiled.debug.min.js: sha512-RWAZ57I7Wm73DfpY2Nq6m9jAxc4FigXEf+bd1K7a+80kgeprl8KATe+P2nPyxoMYpOb1tigdM0X21fQxuXwzvQ==
- shaka-player/4.12.16/shaka-player.hls.debug.externs.min.js: sha512-fmnE7fYd2iu3yZOZO/KspzWWiusd/qSbhzTGBYIj9S39TvSsNABZ1C/yE0EaZVzEEpvrW1voPgs44eVjzgmzDQ==
- shaka-player/4.12.16/shaka-player.ui.debug.js: sha512-0gHAmWEHFafKaSPjiqHwTP2+eL+zaxT7FrfFVqGprYeJxPSilGYMMYIxdwPxUIhWyO5PZVDaszJkhYfB6VJ/dg==
- shaka-player/4.12.16/shaka-player.ui.debug.min.js: sha512-8yQiIjXQ8snTwzoXVtGG3BgAwIHjAtSrle+xMvmtCI6nkD4SSz2S1fgma9IUpQGJVa1lHoXNOHr/A5mMSZPI2g==
- shaka-player/4.12.16/shaka-player.hls.debug.js: sha512-hVOIHnJM1q6EuE4B5gI/YgQQ9T12ayU38sqFDND+TPmzxab17FFrAj/282dHXWONa28RYi0yENneCrzyAAFd/w==
- shaka-player/4.12.16/shaka-player.ui.debug.externs.js: sha512-fiZseS44NBrmRVAH4lP7kcLVyuHcn202pY5rZtPKbFHpGFspZ/oQTpo6cV/mmP/wf8+Ud1r/6VMMiX4APxm/Jg==
- shaka-player/4.12.16/shaka-player.ui.js: sha512-DefeN77vaH+8TtfaIqKGXdzURJEFxO/K5/efv8Elz24+aKATQJXtRRiPtQt8xRkYl1bQc9IJ6VydenUPnA+bCA==
- shaka-player/4.12.16/controls.css: sha512-lzxz0MZbA7BIk8oND4nuP9/iTqOqzQSIWIRXyIIvfU0Mc7jTxD4Ku4ZCoJ/F9qqNEDmGd017vL0BZnlmj7qNiQ==
- shaka-player/4.12.16/shaka-player.dash.debug.externs.min.js: sha512-r5BErHJio1pc2eiVtxyZrR7LEVkLrnOLZ0P72GaFGW50jfz2mszzlvvBFoswsjz4e2ibVb48RzinUkkyoNMRWg==
- shaka-player/4.12.16/shaka-player.dash.min.js: sha512-KocH7noEOXRHlxnm0kycnoT9Z1ydJqcKH7M/Ry6F3MiIMSW4MCp0B1y4LFjktmxOGZ9z3eUs2MQiCZxK3dZ8JA==
- shaka-player/4.12.16/shaka-player.hls.debug.externs.js: sha512-Gpch8zIZLxKZsIJr8WNOXLQQvtj4ZnbA5WaH0jFfpge89dEIkjrtBXS7lMoKj6UmI9wsmvHsdAB1RbESWtjQhQ==
- shaka-player/4.12.16/shaka-player.hls.externs.min.js: sha512-fmnE7fYd2iu3yZOZO/KspzWWiusd/qSbhzTGBYIj9S39TvSsNABZ1C/yE0EaZVzEEpvrW1voPgs44eVjzgmzDQ==
- shaka-player/4.12.16/shaka-player.hls.min.js: sha512-RHZ3druVOjp54iJYrgsTemiQxz5Rj7I/ILsf5KTQm1Q1359EnkLpYw6qsvtC1JXPeX5qm5KzqpP1GhCJWgRNog==
- shaka-player/4.12.16/shaka-player.ui.min.js: sha512-+TIMCe8haFiqF3BjDs7JRgMkZIGtM0lzz9INNIAaDwUhKhDeY8veAs7DV/d/IzBsV9CwVXguMORed3WHuL85oA==
- shaka-player/4.12.16/shaka-player.dash.debug.externs.js: sha512-lbphX4IpV4JM4o/QXSCulfNm3w6FPgT/56H8M/g/Qdwg5u+J9Fg5E69TV5dGg473Z1FbBcaIPeH3U4MzGWbhaQ==
- shaka-player/4.12.16/shaka-player.dash.debug.min.js: sha512-3GCoUOBzp2bIPoXu/OCr/saK2xybK6fbQGDk4znjZqW8MYlbJzKfsDr8TavNuYl3k5xxFOyL4ebYTQqxDsWSyQ==
- shaka-player/4.12.16/shaka-player.dash.js: sha512-Dmw4ZlzdXcNve2NGPnxMwhsGE5G0biHYWfxHyylpChz2Q9HF+528zE1VJhAbWOfm2jFQOz9DprYRSULkv1lJJQ==
- shaka-player/4.12.16/shaka-player.hls.debug.min.js: sha512-uIW8eKIP/TLKx3DMR9p/AaMDLP0UjHOoup9ZT9YV4GNPpUn9UrXb6M3mlxBj19fY22x10BdMTBbGWEPMz/NMpQ==
- shaka-player/4.12.16/shaka-player.compiled.debug.externs.min.js: sha512-6nIVPZjXTppmD/J3P9e42INqyjmf9cf1AIqGk0vHM9Wydk9QpwS7xZmi+qKOVi+xVKjIUhPtrGYmM6KG89El8A==
- shaka-player/4.12.16/shaka-player.compiled.externs.min.js: sha512-6nIVPZjXTppmD/J3P9e42INqyjmf9cf1AIqGk0vHM9Wydk9QpwS7xZmi+qKOVi+xVKjIUhPtrGYmM6KG89El8A==
- shaka-player/4.12.16/shaka-player.dash.externs.js: sha512-lbphX4IpV4JM4o/QXSCulfNm3w6FPgT/56H8M/g/Qdwg5u+J9Fg5E69TV5dGg473Z1FbBcaIPeH3U4MzGWbhaQ==
- shaka-player/4.12.16/shaka-player.hls.externs.js: sha512-Gpch8zIZLxKZsIJr8WNOXLQQvtj4ZnbA5WaH0jFfpge89dEIkjrtBXS7lMoKj6UmI9wsmvHsdAB1RbESWtjQhQ==
- shaka-player/4.12.16/controls.min.css: sha512-c/x+nasEyCVabOO4JItdYoZhWtaDl9lYHWNh1BF2Ew/DpVMAyz41pGOuEJsw6yqt18xG1CG8+VDkRtiZX4Wo6Q==
- shaka-player/4.12.16/shaka-player.compiled.debug.externs.js: sha512-gjAmwgOU71mcUS8dij/F3ImzEvVkB/I/jsUwkSTEluFRsa4l17Aqxbb0LszGDkp0vjj70N04G7p3Vl8djTnRbA==
- shaka-player/4.12.16/shaka-player.compiled.min.js: sha512-aAbeEt8rKLNvdsAgwlPtMN0JWWqB3VXJB942aY1t2gGup4s5nkwUqUPTqP7Xxy02vOhlOtDWPgCfYoW6yROI/A==
- shaka-player/4.12.16/shaka-player.ui.debug.externs.min.js: sha512-G9FdCyOafKxeh5xXj760EplcQyykJPoB31z8zbWBFZ1kYS7I87q3dX7h0YkLRuAn+TDeyMgG0j57JBU3OtAJaw==
- shaka-player/4.12.16/shaka-player.compiled.debug.js: sha512-nTPPaWB2/I53gH3xJ2uP4VGksLUnZdB8BXFBh3vEmLusIMZKEHmDnZ57gtKCA3zsxKCDRhs6SNGhBUho9L4Vcg==
- shaka-player/4.12.16/shaka-player.compiled.externs.js: sha512-gjAmwgOU71mcUS8dij/F3ImzEvVkB/I/jsUwkSTEluFRsa4l17Aqxbb0LszGDkp0vjj70N04G7p3Vl8djTnRbA==
- shaka-player/4.12.16/shaka-player.dash.externs.min.js: sha512-r5BErHJio1pc2eiVtxyZrR7LEVkLrnOLZ0P72GaFGW50jfz2mszzlvvBFoswsjz4e2ibVb48RzinUkkyoNMRWg==
- shaka-player/4.12.16/shaka-player.hls.js: sha512-AAOBOQjTXxXIjR2mBlDvjZvlP9h/oUj0ylm5prs/b4Ge+T20PAZ5eJVf7vr/k33yx0g4XEfE8e2NqUCEdQwQUg==
- shaka-player/4.12.16/shaka-player.compiled.js: sha512-zfF9I+2z/ob47o1ucSokyDg9YOAvvIF3EgR9warHPMUQ4rp0t6+krpOPeNn6aZMEB9L5qbpQGQqgE8VMM8hofA==
- shaka-player/4.12.16/shaka-player.dash.debug.js: sha512-+mKqRQFDcDrZUTE/ESVAh9YuW2+20SmiXJg09nxOCTDsrnc8IShKWecpXnirAor7O76eaG6OEHoLo58yLKYGPQ==
