2025/06/17 07:41:47 optimizing files (Js true, Css true, Png true, Jpg true)
2025/06/17 07:41:48 /tmp/work/bundled/multisynq-client.min.js is already compressed
2025/06/17 07:41:48 sri /tmp/work/bundled/multisynq-client.min.js -> /output/multisynq-client.min.js.sri
2025/06/17 07:41:48 algorithm: run /usr/bin/brotli --quality=11 --output=/output/multisynq-client.min.js.br /tmp/work/bundled/multisynq-client.min.js
2025/06/17 07:41:48 compress: run /node_modules/uglify-js/bin/uglifyjs (3.15.4) [--mangle --compress if_return=true -o /tmp/work/bundled/multisynq-client.esm.min.js /tmp/work/bundled/multisynq-client.esm.js]
2025/06/17 07:41:48 algorithm: run /usr/bin/brotli --quality=11 --output=/output/multisynq-client.esm.js.map.br /tmp/work/bundled/multisynq-client.esm.js.map
2025/06/17 07:41:48 algorithm: run /usr/bin/brotli --quality=11 --output=/output/multisynq-client.min.js.map.br /tmp/work/bundled/multisynq-client.min.js.map
2025/06/17 07:41:50 br /tmp/work/bundled/multisynq-client.min.js -> /output/multisynq-client.min.js.br
2025/06/17 07:41:50 gz /tmp/work/bundled/multisynq-client.min.js -> /output/multisynq-client.min.js.gz
2025/06/17 07:41:58 br /tmp/work/bundled/multisynq-client.min.js.map -> /output/multisynq-client.min.js.map.br
2025/06/17 07:41:58 gz /tmp/work/bundled/multisynq-client.min.js.map -> /output/multisynq-client.min.js.map.gz
2025/06/17 07:41:59 br /tmp/work/bundled/multisynq-client.esm.js.map -> /output/multisynq-client.esm.js.map.br
2025/06/17 07:41:59 gz /tmp/work/bundled/multisynq-client.esm.js.map -> /output/multisynq-client.esm.js.map.gz
2025/06/17 07:41:59 sri /tmp/work/bundled/multisynq-client.esm.min.js -> /output/multisynq-client.esm.min.js.sri
2025/06/17 07:41:59 algorithm: run /usr/bin/brotli --quality=11 --output=/output/multisynq-client.esm.min.js.br /tmp/work/bundled/multisynq-client.esm.min.js
2025/06/17 07:42:00 br /tmp/work/bundled/multisynq-client.esm.min.js -> /output/multisynq-client.esm.min.js.br
2025/06/17 07:42:00 gz /tmp/work/bundled/multisynq-client.esm.min.js -> /output/multisynq-client.esm.min.js.gz
2025/06/17 07:42:00 sri /tmp/work/bundled/multisynq-client.esm.js -> /output/multisynq-client.esm.js.sri
2025/06/17 07:42:00 algorithm: run /usr/bin/brotli --quality=11 --output=/output/multisynq-client.esm.js.br /tmp/work/bundled/multisynq-client.esm.js
2025/06/17 07:42:01 br /tmp/work/bundled/multisynq-client.esm.js -> /output/multisynq-client.esm.js.br
2025/06/17 07:42:01 gz /tmp/work/bundled/multisynq-client.esm.js -> /output/multisynq-client.esm.js.gz
2025/06/17 07:42:01 processed multisynq-client
