- awesomplete/1.1.2/awesomplete.base.css.br
- awesomplete/1.1.2/awesomplete.base.css.gz
- awesomplete/1.1.2/awesomplete.base.min.css.br
- awesomplete/1.1.2/awesomplete.base.min.css.gz
- awesomplete/1.1.2/awesomplete.css.br
- awesomplete/1.1.2/awesomplete.css.gz
- awesomplete/1.1.2/awesomplete.css.map.br
- awesomplete/1.1.2/awesomplete.css.map.gz
- awesomplete/1.1.2/awesomplete.js.br
- awesomplete/1.1.2/awesomplete.js.gz
- awesomplete/1.1.2/awesomplete.min.css.br
- awesomplete/1.1.2/awesomplete.min.css.gz
- awesomplete/1.1.2/awesomplete.min.js.br
- awesomplete/1.1.2/awesomplete.min.js.gz
- awesomplete/1.1.2/awesomplete.min.js.map.br
- awesomplete/1.1.2/awesomplete.min.js.map.gz
- awesomplete/1.1.2/awesomplete.theme.css.br
- awesomplete/1.1.2/awesomplete.theme.css.gz
- awesomplete/1.1.2/awesomplete.theme.min.css.br
- awesomplete/1.1.2/awesomplete.theme.min.css.gz