- qoopido.demand/8.0.1/cache/dispose.js.br
- qoopido.demand/8.0.1/cache/dispose.js.gz
- qoopido.demand/8.0.1/cache/dispose.js.map.br
- qoopido.demand/8.0.1/cache/dispose.js.map.gz
- qoopido.demand/8.0.1/cache/dispose.min.js.br
- qoopido.demand/8.0.1/cache/dispose.min.js.gz
- qoopido.demand/8.0.1/cache/states.js.br
- qoopido.demand/8.0.1/cache/states.js.gz
- qoopido.demand/8.0.1/cache/states.js.map.br
- qoopido.demand/8.0.1/cache/states.js.map.gz
- qoopido.demand/8.0.1/cache/states.min.js.br
- qoopido.demand/8.0.1/cache/states.min.js.gz
- qoopido.demand/8.0.1/demand.js.br
- qoopido.demand/8.0.1/demand.js.gz
- qoopido.demand/8.0.1/demand.js.map.br
- qoopido.demand/8.0.1/demand.js.map.gz
- qoopido.demand/8.0.1/demand.min.js.br
- qoopido.demand/8.0.1/demand.min.js.gz
- qoopido.demand/8.0.1/handler/css.js.br
- qoopido.demand/8.0.1/handler/css.js.gz
- qoopido.demand/8.0.1/handler/css.js.map.br
- qoopido.demand/8.0.1/handler/css.js.map.gz
- qoopido.demand/8.0.1/handler/css.min.js.br
- qoopido.demand/8.0.1/handler/css.min.js.gz
- qoopido.demand/8.0.1/handler/html.js.br
- qoopido.demand/8.0.1/handler/html.js.gz
- qoopido.demand/8.0.1/handler/html.js.map.br
- qoopido.demand/8.0.1/handler/html.js.map.gz
- qoopido.demand/8.0.1/handler/html.min.js.br
- qoopido.demand/8.0.1/handler/html.min.js.gz
- qoopido.demand/8.0.1/handler/json.js.br
- qoopido.demand/8.0.1/handler/json.js.gz
- qoopido.demand/8.0.1/handler/json.js.map.br
- qoopido.demand/8.0.1/handler/json.js.map.gz
- qoopido.demand/8.0.1/handler/json.min.js.br
- qoopido.demand/8.0.1/handler/json.min.js.gz
- qoopido.demand/8.0.1/handler/legacy.js.br
- qoopido.demand/8.0.1/handler/legacy.js.gz
- qoopido.demand/8.0.1/handler/legacy.js.map.br
- qoopido.demand/8.0.1/handler/legacy.js.map.gz
- qoopido.demand/8.0.1/handler/legacy.min.js.br
- qoopido.demand/8.0.1/handler/legacy.min.js.gz
- qoopido.demand/8.0.1/handler/text.js.br
- qoopido.demand/8.0.1/handler/text.js.gz
- qoopido.demand/8.0.1/handler/text.js.map.br
- qoopido.demand/8.0.1/handler/text.js.map.gz
- qoopido.demand/8.0.1/handler/text.min.js.br
- qoopido.demand/8.0.1/handler/text.min.js.gz
- qoopido.demand/8.0.1/plugin/cookie.js.br
- qoopido.demand/8.0.1/plugin/cookie.js.gz
- qoopido.demand/8.0.1/plugin/cookie.js.map.br
- qoopido.demand/8.0.1/plugin/cookie.js.map.gz
- qoopido.demand/8.0.1/plugin/cookie.min.js.br
- qoopido.demand/8.0.1/plugin/cookie.min.js.gz
- qoopido.demand/8.0.1/plugin/lzstring.js.br
- qoopido.demand/8.0.1/plugin/lzstring.js.gz
- qoopido.demand/8.0.1/plugin/lzstring.js.map.br
- qoopido.demand/8.0.1/plugin/lzstring.js.map.gz
- qoopido.demand/8.0.1/plugin/lzstring.min.js.br
- qoopido.demand/8.0.1/plugin/lzstring.min.js.gz
- qoopido.demand/8.0.1/plugin/sri.js.br
- qoopido.demand/8.0.1/plugin/sri.js.gz
- qoopido.demand/8.0.1/plugin/sri.js.map.br
- qoopido.demand/8.0.1/plugin/sri.js.map.gz
- qoopido.demand/8.0.1/plugin/sri.min.js.br
- qoopido.demand/8.0.1/plugin/sri.min.js.gz