config: {"authors":[{"name":"Google Inc."}],"autoupdate":{"source":"npm","target":"@fontsource/inria-serif","fileMap":[{"basePath":"","files":["*.css","files/*.@(woff|woff2)"]}],"excludeFromSearch":true},"description":"Self-host the Inria Serif font in a neatly bundled NPM package.","filename":"index.css","homepage":"https://fontsource.org/fonts/inria-serif","keywords":["fontsource","font","font family","google fonts","inria-serif","Inria Serif","css","sass","front-end","web","typeface","variable"],"license":"OFL-1.1","name":"fontsource-inria-serif","repository":{"type":"git","url":"git+https://github.com/fontsource/font-files.git"},"author":"Google Inc."}
KV keys:
- fontsource-inria-serif/5.2.0/300-italic.css.br
- fontsource-inria-serif/5.2.0/300-italic.css.gz
- fontsource-inria-serif/5.2.0/300-italic.min.css.br
- fontsource-inria-serif/5.2.0/300-italic.min.css.gz
- fontsource-inria-serif/5.2.0/300.css.br
- fontsource-inria-serif/5.2.0/300.css.gz
- fontsource-inria-serif/5.2.0/300.min.css.br
- fontsource-inria-serif/5.2.0/300.min.css.gz
- fontsource-inria-serif/5.2.0/400-italic.css.br
- fontsource-inria-serif/5.2.0/400-italic.css.gz
- fontsource-inria-serif/5.2.0/400-italic.min.css.br
- fontsource-inria-serif/5.2.0/400-italic.min.css.gz
- fontsource-inria-serif/5.2.0/400.css.br
- fontsource-inria-serif/5.2.0/400.css.gz
- fontsource-inria-serif/5.2.0/400.min.css.br
- fontsource-inria-serif/5.2.0/400.min.css.gz
- fontsource-inria-serif/5.2.0/700-italic.css.br
- fontsource-inria-serif/5.2.0/700-italic.css.gz
- fontsource-inria-serif/5.2.0/700-italic.min.css.br
- fontsource-inria-serif/5.2.0/700-italic.min.css.gz
- fontsource-inria-serif/5.2.0/700.css.br
- fontsource-inria-serif/5.2.0/700.css.gz
- fontsource-inria-serif/5.2.0/700.min.css.br
- fontsource-inria-serif/5.2.0/700.min.css.gz
- fontsource-inria-serif/5.2.0/files/inria-serif-latin-300-italic.woff.br
- fontsource-inria-serif/5.2.0/files/inria-serif-latin-300-italic.woff.gz
- fontsource-inria-serif/5.2.0/files/inria-serif-latin-300-italic.woff2
- fontsource-inria-serif/5.2.0/files/inria-serif-latin-300-normal.woff.br
- fontsource-inria-serif/5.2.0/files/inria-serif-latin-300-normal.woff.gz
- fontsource-inria-serif/5.2.0/files/inria-serif-latin-300-normal.woff2
- fontsource-inria-serif/5.2.0/files/inria-serif-latin-400-italic.woff.br
- fontsource-inria-serif/5.2.0/files/inria-serif-latin-400-italic.woff.gz
- fontsource-inria-serif/5.2.0/files/inria-serif-latin-400-italic.woff2
- fontsource-inria-serif/5.2.0/files/inria-serif-latin-400-normal.woff.br
- fontsource-inria-serif/5.2.0/files/inria-serif-latin-400-normal.woff.gz
- fontsource-inria-serif/5.2.0/files/inria-serif-latin-400-normal.woff2
- fontsource-inria-serif/5.2.0/files/inria-serif-latin-700-italic.woff.br
- fontsource-inria-serif/5.2.0/files/inria-serif-latin-700-italic.woff.gz
- fontsource-inria-serif/5.2.0/files/inria-serif-latin-700-italic.woff2
- fontsource-inria-serif/5.2.0/files/inria-serif-latin-700-normal.woff.br
- fontsource-inria-serif/5.2.0/files/inria-serif-latin-700-normal.woff.gz
- fontsource-inria-serif/5.2.0/files/inria-serif-latin-700-normal.woff2
- fontsource-inria-serif/5.2.0/files/inria-serif-latin-ext-300-italic.woff.br
- fontsource-inria-serif/5.2.0/files/inria-serif-latin-ext-300-italic.woff.gz
- fontsource-inria-serif/5.2.0/files/inria-serif-latin-ext-300-italic.woff2
- fontsource-inria-serif/5.2.0/files/inria-serif-latin-ext-300-normal.woff.br
- fontsource-inria-serif/5.2.0/files/inria-serif-latin-ext-300-normal.woff.gz
- fontsource-inria-serif/5.2.0/files/inria-serif-latin-ext-300-normal.woff2
- fontsource-inria-serif/5.2.0/files/inria-serif-latin-ext-400-italic.woff.br
- fontsource-inria-serif/5.2.0/files/inria-serif-latin-ext-400-italic.woff.gz
- fontsource-inria-serif/5.2.0/files/inria-serif-latin-ext-400-italic.woff2
- fontsource-inria-serif/5.2.0/files/inria-serif-latin-ext-400-normal.woff.br
- fontsource-inria-serif/5.2.0/files/inria-serif-latin-ext-400-normal.woff.gz
- fontsource-inria-serif/5.2.0/files/inria-serif-latin-ext-400-normal.woff2
- fontsource-inria-serif/5.2.0/files/inria-serif-latin-ext-700-italic.woff.br
- fontsource-inria-serif/5.2.0/files/inria-serif-latin-ext-700-italic.woff.gz
- fontsource-inria-serif/5.2.0/files/inria-serif-latin-ext-700-italic.woff2
- fontsource-inria-serif/5.2.0/files/inria-serif-latin-ext-700-normal.woff.br
- fontsource-inria-serif/5.2.0/files/inria-serif-latin-ext-700-normal.woff.gz
- fontsource-inria-serif/5.2.0/files/inria-serif-latin-ext-700-normal.woff2
- fontsource-inria-serif/5.2.0/index.css.br
- fontsource-inria-serif/5.2.0/index.css.gz
- fontsource-inria-serif/5.2.0/index.min.css.br
- fontsource-inria-serif/5.2.0/index.min.css.gz
- fontsource-inria-serif/5.2.0/latin-300-italic.css.br
- fontsource-inria-serif/5.2.0/latin-300-italic.css.gz
- fontsource-inria-serif/5.2.0/latin-300-italic.min.css.br
- fontsource-inria-serif/5.2.0/latin-300-italic.min.css.gz
- fontsource-inria-serif/5.2.0/latin-300.css.br
- fontsource-inria-serif/5.2.0/latin-300.css.gz
- fontsource-inria-serif/5.2.0/latin-300.min.css.br
- fontsource-inria-serif/5.2.0/latin-300.min.css.gz
- fontsource-inria-serif/5.2.0/latin-400-italic.css.br
- fontsource-inria-serif/5.2.0/latin-400-italic.css.gz
- fontsource-inria-serif/5.2.0/latin-400-italic.min.css.br
- fontsource-inria-serif/5.2.0/latin-400-italic.min.css.gz
- fontsource-inria-serif/5.2.0/latin-400.css.br
- fontsource-inria-serif/5.2.0/latin-400.css.gz
- fontsource-inria-serif/5.2.0/latin-400.min.css.br
- fontsource-inria-serif/5.2.0/latin-400.min.css.gz
- fontsource-inria-serif/5.2.0/latin-700-italic.css.br
- fontsource-inria-serif/5.2.0/latin-700-italic.css.gz
- fontsource-inria-serif/5.2.0/latin-700-italic.min.css.br
- fontsource-inria-serif/5.2.0/latin-700-italic.min.css.gz
- fontsource-inria-serif/5.2.0/latin-700.css.br
- fontsource-inria-serif/5.2.0/latin-700.css.gz
- fontsource-inria-serif/5.2.0/latin-700.min.css.br
- fontsource-inria-serif/5.2.0/latin-700.min.css.gz
- fontsource-inria-serif/5.2.0/latin-ext-300-italic.css.br
- fontsource-inria-serif/5.2.0/latin-ext-300-italic.css.gz
- fontsource-inria-serif/5.2.0/latin-ext-300-italic.min.css.br
- fontsource-inria-serif/5.2.0/latin-ext-300-italic.min.css.gz
- fontsource-inria-serif/5.2.0/latin-ext-300.css.br
- fontsource-inria-serif/5.2.0/latin-ext-300.css.gz
- fontsource-inria-serif/5.2.0/latin-ext-300.min.css.br
- fontsource-inria-serif/5.2.0/latin-ext-300.min.css.gz
- fontsource-inria-serif/5.2.0/latin-ext-400-italic.css.br
- fontsource-inria-serif/5.2.0/latin-ext-400-italic.css.gz
- fontsource-inria-serif/5.2.0/latin-ext-400-italic.min.css.br
- fontsource-inria-serif/5.2.0/latin-ext-400-italic.min.css.gz
- fontsource-inria-serif/5.2.0/latin-ext-400.css.br
- fontsource-inria-serif/5.2.0/latin-ext-400.css.gz
- fontsource-inria-serif/5.2.0/latin-ext-400.min.css.br
- fontsource-inria-serif/5.2.0/latin-ext-400.min.css.gz
- fontsource-inria-serif/5.2.0/latin-ext-700-italic.css.br
- fontsource-inria-serif/5.2.0/latin-ext-700-italic.css.gz
- fontsource-inria-serif/5.2.0/latin-ext-700-italic.min.css.br
- fontsource-inria-serif/5.2.0/latin-ext-700-italic.min.css.gz
- fontsource-inria-serif/5.2.0/latin-ext-700.css.br
- fontsource-inria-serif/5.2.0/latin-ext-700.css.gz
- fontsource-inria-serif/5.2.0/latin-ext-700.min.css.br
- fontsource-inria-serif/5.2.0/latin-ext-700.min.css.gz
- fontsource-inria-serif/5.2.0/latin-ext-italic.css.br
- fontsource-inria-serif/5.2.0/latin-ext-italic.css.gz
- fontsource-inria-serif/5.2.0/latin-ext-italic.min.css.br
- fontsource-inria-serif/5.2.0/latin-ext-italic.min.css.gz
- fontsource-inria-serif/5.2.0/latin-ext.css.br
- fontsource-inria-serif/5.2.0/latin-ext.css.gz
- fontsource-inria-serif/5.2.0/latin-ext.min.css.br
- fontsource-inria-serif/5.2.0/latin-ext.min.css.gz
- fontsource-inria-serif/5.2.0/latin-italic.css.br
- fontsource-inria-serif/5.2.0/latin-italic.css.gz
- fontsource-inria-serif/5.2.0/latin-italic.min.css.br
- fontsource-inria-serif/5.2.0/latin-italic.min.css.gz
- fontsource-inria-serif/5.2.0/latin.css.br
- fontsource-inria-serif/5.2.0/latin.css.gz
- fontsource-inria-serif/5.2.0/latin.min.css.br
- fontsource-inria-serif/5.2.0/latin.min.css.gz
SRIs:
- fontsource-inria-serif/5.2.0/400-italic.css: sha512-FcJIl0MfHsKbirueQUUYAf5Q8T25Ng9yY7NdbTfdUJoXiHwI63mNNa2GS3XKNOD/vLEL7eqH+sWUsr2XsBNBbw==
- fontsource-inria-serif/5.2.0/700-italic.css: sha512-kGFno4x6tHFQQ0W3PMBaiO0E+kDw5B6Mx0PhDI3u4ec+YUfXIObsvJEb1FH1IOrXtRWZ1q1VNXkro5B6GQ41eA==
- fontsource-inria-serif/5.2.0/latin-ext-400-italic.min.css: sha512-ZqmpDRF8juaLYGyLDUQDu/OzSWrlhy+JucTXT7g4XUSTjTYuHH3cscxB9iZc+nSWVALctFN3gQUhlqV+sZoGVw==
- fontsource-inria-serif/5.2.0/latin-ext-400.css: sha512-6gj0Td5unIKjQFrdN/EbJcdREjf4/4md6yc+Vny2h9pa9bc/ad50vPYy0A9GktbNAfNv5UOnNQNwUigoL2C1HA==
- fontsource-inria-serif/5.2.0/400-italic.min.css: sha512-zAUYCCllWkwgArg9zC0xs2Cvr6CKYee1HOuk7/R1M9ivARChc5j+/90DAerv1RE+cissn+hwzIZuA+lfyht5AQ==
- fontsource-inria-serif/5.2.0/latin-400.css: sha512-m6I2YM/3S5r6nqc3HofQkEtjuHUCVzFGBr7GRFHvwaE1LzPpeZs7EXwqsotH7uk83O1uZ7pxmqjNiHgWQPBSlg==
- fontsource-inria-serif/5.2.0/latin-ext-300.css: sha512-OupveFxkevs+XEG6DS9AB09LVU3XTN0y5btaqCkayt0YLCIIXVHGPXz5BRyDb0v10L2y8uM7VkAnE9AzrKr8vg==
- fontsource-inria-serif/5.2.0/latin-300-italic.css: sha512-+P0AmNfdVjDQg4XgBu+vNCm7LygO/3BedscZOVRxpx72ho6NbBTu8nfsK9adW0Vy+JwVZjIsTmgvKZ2VjzOsrA==
- fontsource-inria-serif/5.2.0/latin-300.css: sha512-hqWy5+ZtHsVP7G8ALvSM5WkteT594dfqrg9nmgIazhsngMt3ltXPaIABNgtQ/2r465KibTOPTKMKZ3eabPOHtQ==
- fontsource-inria-serif/5.2.0/latin-400-italic.min.css: sha512-VNzcps834EAyAgAurOwx1mpsoHxmS4+bxR6FDPCticd5aCvLm4VeDWh+ghCTk1K4vCUUnZVdpgZuaZAZU1/zHw==
- fontsource-inria-serif/5.2.0/latin-700-italic.min.css: sha512-uwEPliSV26d2fGb5BQg+b2kaIwveWdV6TTsOaEzg7DHY4uAgDIyPJjoXTlzj7yEBDJCp23/dFfgtqs012JvfRg==
- fontsource-inria-serif/5.2.0/latin-ext-400.min.css: sha512-tcYKYbpNdtaCDVjM2psJS4xw56I2gIrqoEQcFDNKJ6UdZHNayo4qrrXHjfNT+4SLF8TeGcOAtluzlvrGsjW0Kg==
- fontsource-inria-serif/5.2.0/300.css: sha512-ORqQ80lsXpB/lGzmMT7o9Q1PHjry7Ihfm1nPeigsXWOpJVO0VObj+udgn9NhM2Z1I5COK0SiVwg060UeZN2y7A==
- fontsource-inria-serif/5.2.0/700.css: sha512-L8OaLhu2ACY2xdrOKWVS5A0lmijgzoDKXJVt0Jqp10JO6dtcg7tz/bkDaIOnlJHpfLKUP9SSUjjleKNSAtLAsw==
- fontsource-inria-serif/5.2.0/index.css: sha512-L2XQoeVxQBFASukpBYJFIaL+n77MlnnLiiuyO6Ymr1xsMETy56lsdBbjmsgAFy+jFvJNGzV5L1eKKSvLbQ7dRw==
- fontsource-inria-serif/5.2.0/latin-ext-700.css: sha512-dqbIZ7nVDXKLKf4yOYmXs2KE7BEMP6Xozwgs2/N4/JjLSDcov5xe3pOM2QKoQIKA+8yRee918NtKVDF8oD2ZuA==
- fontsource-inria-serif/5.2.0/latin.css: sha512-VjsWfDslsH7t4/dp1q6g3pOSNZiDdEY8RQcZxFBw8/52KZ92TGcbXV65Rw5BcxevxfVPZOnY6WPYM4Xp6QrY4A==
- fontsource-inria-serif/5.2.0/latin-ext-italic.min.css: sha512-3G05YCYUn9fkDzV4ITSdKCtT+VT/eYK/xf2G+wQdjbf7kG5aaQpwgbD4IR7njE3gUrvq+7vwJi4onUucI0tBsA==
- fontsource-inria-serif/5.2.0/latin-ext.min.css: sha512-50duI8phBG1Uh1KpNqqbRLcJMURa0wF2w3GMZcJS2l72Za4PT5xQPrcgKIJ9WdIZpL6OQrJbQB3Mvp0GuJVU1g==
- fontsource-inria-serif/5.2.0/latin.min.css: sha512-TkfuGGBbGjjbdMHhqBjCfuaZO85jxAmt3LbDjVtdkpCAPPF63oeTB8GUK1k6WM/0oLaIIpuHoHArjr9p/FmFJw==
- fontsource-inria-serif/5.2.0/300-italic.css: sha512-dtWt03YUa7Nujk/g+P2hGlKy3pi04TdY8Qbgxefv4SCop/PLZuzD7MbPxZTdVNS7rW63/fFOsx9srlztNk12ag==
- fontsource-inria-serif/5.2.0/700-italic.min.css: sha512-WM+Xor6VgVMWitFQWHk3Z5ckTTmEAIJOQT6H8J/ohn/5rabegPwh/U94j2HjMy2Yq4+loQH2+ObkF980pUz6QQ==
- fontsource-inria-serif/5.2.0/latin-ext-700-italic.min.css: sha512-SxjJ4ItTy6do5adh24vR+6+lGcQeY7EXHYWru2rs8s9yRD8Vn/uMATq8TuPVWBZaTLOc3ad66DUFmWu69cGtYQ==
- fontsource-inria-serif/5.2.0/latin-ext-300-italic.css: sha512-nTSs5V88WxBuA7EyeWWxMO7ARyW9/pyxFyqejZcfYpZUDrQ2thxBqQVUq0qa0G1SL7uR2MpeEh6GAdOPPjvCDQ==
- fontsource-inria-serif/5.2.0/latin-ext-400-italic.css: sha512-QY/+Ch/mFSe/VrFnTAmyNkRmF8lUwAcPP+oPFvQMZSEVITvg0URn0zNd9pKeUQ9HmbIjohP930gNfB6vh/TVOw==
- fontsource-inria-serif/5.2.0/latin-ext.css: sha512-R55pWpHn9OCoxfMjW1fJuhYGQZ9kZMTbBsg2lZH7K6PdOljukxVWfS5CUn6xw7EoMZvGrAJ4FzUFek6N97Xunw==
- fontsource-inria-serif/5.2.0/400.css: sha512-L2XQoeVxQBFASukpBYJFIaL+n77MlnnLiiuyO6Ymr1xsMETy56lsdBbjmsgAFy+jFvJNGzV5L1eKKSvLbQ7dRw==
- fontsource-inria-serif/5.2.0/400.min.css: sha512-wTw7zKYSfWa6a218MBEQTScLEF7aFcXjeahiCPdS82pMJI9BdIAQW2TxmD03JY7Z5Nytgsii62EtpfwlnkXilQ==
- fontsource-inria-serif/5.2.0/latin-300-italic.min.css: sha512-6Y87nCSq4lZBvUCsKpmqh5zdfaM+sOzkd6shY/t6lNsxCH+DoNKmD2WzCAMBpbfWT6oIAaxM+/WxfSnG6lPalQ==
- fontsource-inria-serif/5.2.0/latin-italic.css: sha512-/qhEqTd99yJDB+ErfE9p9usngpIXnjF9YfzbBd3ft3XxHBNA8Ea9Na4m+eZ/2mOPM2uLQRTe+b+ug74G6qVzGA==
- fontsource-inria-serif/5.2.0/latin-italic.min.css: sha512-k889BbdXIoM4ezD9IXBBKtX0KOpI1lQcaJu3eUl6sWmBtwg+p+XjDVYE3Y+aVJEzQBsOS6l0s8tAI1xJJ7rjOw==
- fontsource-inria-serif/5.2.0/300-italic.min.css: sha512-SRxWbfwzBofrTwaGca7s1xJ/yWvw5+toLuh7ocQrwa2wcYxd7Cg1V3BJ8TyRz86+sxS2Nr7cz580PEhlg8G/FQ==
- fontsource-inria-serif/5.2.0/latin-300.min.css: sha512-zwUxjP7omNXIDvwdVkz6ls+T2CFtTjRqH0kqqjBnUuUJ95xNFxk8aLxfPgRBy5hNTDLY3OEZz4r6jTS5tuS4pQ==
- fontsource-inria-serif/5.2.0/latin-400-italic.css: sha512-szOLUpgxV4hBd0l5H4AZJYtNC/I3TbY5Lr1i5nfTrnbCui7r21MsnUrx1cQ7NoAQk6AaZqW7IqajRLOcLkjZrQ==
- fontsource-inria-serif/5.2.0/latin-700.css: sha512-kQ7kDxVu314RcJr2xAhnrK+l1E0PRzFOoZOjw1snBjdYhVw2vDjwM7a7Lbm66Q4BW52kOCmL+v31GXkTritjqw==
- fontsource-inria-serif/5.2.0/latin-700.min.css: sha512-LVlxgeRGxE0sit+W+dPSX2Gk/kSvrvlnmElTmjxueKhq1HO7WwYEyzkICeP7TqHvu+pVbsAs08iJIYpOz/F+9Q==
- fontsource-inria-serif/5.2.0/latin-ext-300-italic.min.css: sha512-QSG09/kAmr/mzuC63/c7usUAA42ALEvn6Is/ek3ENRfS3OK47Or3zNOmV/ZbBL7Sg/BTKkZDNujrW4cLMtcfcw==
- fontsource-inria-serif/5.2.0/latin-ext-700-italic.css: sha512-BKT0WdHS+lZww/uRLGRz1dPKwEVEOOSFBSFwEt+j9PG9oCoFUkmqTcxLIoLu54r17Jmz/emoSKxkCtiJMVMrtg==
- fontsource-inria-serif/5.2.0/300.min.css: sha512-6J6NSJCXVZTb6e3TRtsCFqAbzbl4D0OuWdozQd6KKcpBOnMwQj9mYmJHTYJ0y2J9+c2xjJjtR1bsCULXDn+Dig==
- fontsource-inria-serif/5.2.0/index.min.css: sha512-wTw7zKYSfWa6a218MBEQTScLEF7aFcXjeahiCPdS82pMJI9BdIAQW2TxmD03JY7Z5Nytgsii62EtpfwlnkXilQ==
- fontsource-inria-serif/5.2.0/latin-400.min.css: sha512-bb4OsJVeol6CpYpgmXYbvNT1mCEThBD/WngqrZiNxjurUFFOdX5XuefhqNPMUFPERSJ4ur1KqBwQpU0y3D2c6g==
- fontsource-inria-serif/5.2.0/latin-ext-700.min.css: sha512-QZrCOM3TcRtEUFvjkvCRtnAExJcS2T6EG4t4vqCFniK/EGVsNTLiUF5UeldqQtwaayh8Gi4Dbekq4avKWk6Ltw==
- fontsource-inria-serif/5.2.0/latin-ext-italic.css: sha512-wCzDAV86SMbaYINpYuh+S6Gk1Nd+yyYifMmRDT4fMJAfnoIn98ey6loD27JlDFmdn5//8w5AzufZGqXMhr1y1Q==
- fontsource-inria-serif/5.2.0/700.min.css: sha512-NpPOQRl3v2r1WfrVxWjXVrsu5ThI1ugNdv+2vVWn47LO3WrQJ2FUXMMLofmRKXdpWwVsIwQSsgXJgbTBk7ckww==
- fontsource-inria-serif/5.2.0/latin-700-italic.css: sha512-vxLqSakZPPnh+tO4wYkIl8yoJl3ONv8cfDDR2P/RRvIx/5nHYPDylvaEqwN6VflsivQiMZRT3j716i3wTy3c2Q==
- fontsource-inria-serif/5.2.0/latin-ext-300.min.css: sha512-T9EtKIapzJKLPWVVVmF5KcNmOwTPYLLL7uXj8Qr+JhCBamV1kRxqOQ2fdjPwo1bAE0JYCj4/GmrIm8enf6hGxg==
