2025/06/22 18:32:07 optimizing files (Js true, Css true, Png true, Jpg true)
2025/06/22 18:32:07 algorithm: run /usr/bin/brotli --quality=11 --output=/output/4b1f0bf510c9ef3a6946.wasm.br /tmp/work/4b1f0bf510c9ef3a6946.wasm
2025/06/22 18:32:07 algorithm: run /usr/bin/brotli --quality=11 --output=/output/3c07339f3a7277363090.wasm.br /tmp/work/3c07339f3a7277363090.wasm
2025/06/22 18:32:07 compress: run /node_modules/uglify-js/bin/uglifyjs (3.15.4) [--mangle --compress if_return=true -o /tmp/work/ruffle.min.js /tmp/work/ruffle.js]
2025/06/22 18:32:07 compress: run /node_modules/uglify-js/bin/uglifyjs (3.15.4) [--mangle --compress if_return=true -o /tmp/work/core.ruffle.1557929ec1011c6dc092.min.js /tmp/work/core.ruffle.1557929ec1011c6dc092.js]
2025/06/22 18:32:07 compress: run /node_modules/uglify-js/bin/uglifyjs (3.15.4) [--mangle --compress if_return=true -o /tmp/work/core.ruffle.6d2c3d7a59d22235c34b.min.js /tmp/work/core.ruffle.6d2c3d7a59d22235c34b.js]
2025/06/22 18:32:09 sri /tmp/work/ruffle.min.js -> /output/ruffle.min.js.sri
2025/06/22 18:32:09 algorithm: run /usr/bin/brotli --quality=11 --output=/output/ruffle.min.js.br /tmp/work/ruffle.min.js
2025/06/22 18:32:09 sri /tmp/work/core.ruffle.1557929ec1011c6dc092.min.js -> /output/core.ruffle.1557929ec1011c6dc092.min.js.sri
2025/06/22 18:32:09 algorithm: run /usr/bin/brotli --quality=11 --output=/output/core.ruffle.1557929ec1011c6dc092.min.js.br /tmp/work/core.ruffle.1557929ec1011c6dc092.min.js
2025/06/22 18:32:09 sri /tmp/work/core.ruffle.6d2c3d7a59d22235c34b.min.js -> /output/core.ruffle.6d2c3d7a59d22235c34b.min.js.sri
2025/06/22 18:32:09 algorithm: run /usr/bin/brotli --quality=11 --output=/output/core.ruffle.6d2c3d7a59d22235c34b.min.js.br /tmp/work/core.ruffle.6d2c3d7a59d22235c34b.min.js
2025/06/22 18:32:09 br /tmp/work/core.ruffle.1557929ec1011c6dc092.min.js -> /output/core.ruffle.1557929ec1011c6dc092.min.js.br
2025/06/22 18:32:09 gz /tmp/work/core.ruffle.1557929ec1011c6dc092.min.js -> /output/core.ruffle.1557929ec1011c6dc092.min.js.gz
2025/06/22 18:32:09 sri /tmp/work/core.ruffle.1557929ec1011c6dc092.js -> /output/core.ruffle.1557929ec1011c6dc092.js.sri
2025/06/22 18:32:09 algorithm: run /usr/bin/brotli --quality=11 --output=/output/core.ruffle.1557929ec1011c6dc092.js.br /tmp/work/core.ruffle.1557929ec1011c6dc092.js
2025/06/22 18:32:09 br /tmp/work/core.ruffle.6d2c3d7a59d22235c34b.min.js -> /output/core.ruffle.6d2c3d7a59d22235c34b.min.js.br
2025/06/22 18:32:09 gz /tmp/work/core.ruffle.6d2c3d7a59d22235c34b.min.js -> /output/core.ruffle.6d2c3d7a59d22235c34b.min.js.gz
2025/06/22 18:32:09 sri /tmp/work/core.ruffle.6d2c3d7a59d22235c34b.js -> /output/core.ruffle.6d2c3d7a59d22235c34b.js.sri
2025/06/22 18:32:09 algorithm: run /usr/bin/brotli --quality=11 --output=/output/core.ruffle.6d2c3d7a59d22235c34b.js.br /tmp/work/core.ruffle.6d2c3d7a59d22235c34b.js
2025/06/22 18:32:09 br /tmp/work/ruffle.min.js -> /output/ruffle.min.js.br
2025/06/22 18:32:09 gz /tmp/work/ruffle.min.js -> /output/ruffle.min.js.gz
2025/06/22 18:32:09 sri /tmp/work/ruffle.js -> /output/ruffle.js.sri
2025/06/22 18:32:09 algorithm: run /usr/bin/brotli --quality=11 --output=/output/ruffle.js.br /tmp/work/ruffle.js
2025/06/22 18:32:10 br /tmp/work/core.ruffle.1557929ec1011c6dc092.js -> /output/core.ruffle.1557929ec1011c6dc092.js.br
2025/06/22 18:32:10 gz /tmp/work/core.ruffle.1557929ec1011c6dc092.js -> /output/core.ruffle.1557929ec1011c6dc092.js.gz
2025/06/22 18:32:10 br /tmp/work/core.ruffle.6d2c3d7a59d22235c34b.js -> /output/core.ruffle.6d2c3d7a59d22235c34b.js.br
2025/06/22 18:32:10 gz /tmp/work/core.ruffle.6d2c3d7a59d22235c34b.js -> /output/core.ruffle.6d2c3d7a59d22235c34b.js.gz
2025/06/22 18:32:10 br /tmp/work/ruffle.js -> /output/ruffle.js.br
2025/06/22 18:32:10 gz /tmp/work/ruffle.js -> /output/ruffle.js.gz
2025/06/22 18:32:45 br /tmp/work/4b1f0bf510c9ef3a6946.wasm -> /output/4b1f0bf510c9ef3a6946.wasm.br
2025/06/22 18:32:45 gz /tmp/work/4b1f0bf510c9ef3a6946.wasm -> /output/4b1f0bf510c9ef3a6946.wasm.gz
2025/06/22 18:32:46 br /tmp/work/3c07339f3a7277363090.wasm -> /output/3c07339f3a7277363090.wasm.br
2025/06/22 18:32:46 gz /tmp/work/3c07339f3a7277363090.wasm -> /output/3c07339f3a7277363090.wasm.gz
2025/06/22 18:32:46 processed ruffle-rs
