Files:
- clerk-js/5.60.1-snapshot.v20250411150149/192_1bf997_5.60.1-snapshot.v20250411150149.js.br
- clerk-js/5.60.1-snapshot.v20250411150149/192_1bf997_5.60.1-snapshot.v20250411150149.js.gz
- clerk-js/5.60.1-snapshot.v20250411150149/192_1bf997_5.60.1-snapshot.v20250411150149.js.sri
- clerk-js/5.60.1-snapshot.v20250411150149/192_1bf997_5.60.1-snapshot.v20250411150149.min.js.br
- clerk-js/5.60.1-snapshot.v20250411150149/192_1bf997_5.60.1-snapshot.v20250411150149.min.js.gz
- clerk-js/5.60.1-snapshot.v20250411150149/192_1bf997_5.60.1-snapshot.v20250411150149.min.js.sri
- clerk-js/5.60.1-snapshot.v20250411150149/377_dfb244_5.60.1-snapshot.v20250411150149.js.br
- clerk-js/5.60.1-snapshot.v20250411150149/377_dfb244_5.60.1-snapshot.v20250411150149.js.gz
- clerk-js/5.60.1-snapshot.v20250411150149/377_dfb244_5.60.1-snapshot.v20250411150149.js.sri
- clerk-js/5.60.1-snapshot.v20250411150149/377_dfb244_5.60.1-snapshot.v20250411150149.min.js.br
- clerk-js/5.60.1-snapshot.v20250411150149/377_dfb244_5.60.1-snapshot.v20250411150149.min.js.gz
- clerk-js/5.60.1-snapshot.v20250411150149/377_dfb244_5.60.1-snapshot.v20250411150149.min.js.sri
- clerk-js/5.60.1-snapshot.v20250411150149/890_dfb244_5.60.1-snapshot.v20250411150149.js.br
- clerk-js/5.60.1-snapshot.v20250411150149/890_dfb244_5.60.1-snapshot.v20250411150149.js.gz
- clerk-js/5.60.1-snapshot.v20250411150149/890_dfb244_5.60.1-snapshot.v20250411150149.js.sri
- clerk-js/5.60.1-snapshot.v20250411150149/890_dfb244_5.60.1-snapshot.v20250411150149.min.js.br
- clerk-js/5.60.1-snapshot.v20250411150149/890_dfb244_5.60.1-snapshot.v20250411150149.min.js.gz
- clerk-js/5.60.1-snapshot.v20250411150149/890_dfb244_5.60.1-snapshot.v20250411150149.min.js.sri
- clerk-js/5.60.1-snapshot.v20250411150149/965_dfb244_5.60.1-snapshot.v20250411150149.js.br
- clerk-js/5.60.1-snapshot.v20250411150149/965_dfb244_5.60.1-snapshot.v20250411150149.js.gz
- clerk-js/5.60.1-snapshot.v20250411150149/965_dfb244_5.60.1-snapshot.v20250411150149.js.sri
- clerk-js/5.60.1-snapshot.v20250411150149/965_dfb244_5.60.1-snapshot.v20250411150149.min.js.br
- clerk-js/5.60.1-snapshot.v20250411150149/965_dfb244_5.60.1-snapshot.v20250411150149.min.js.gz
- clerk-js/5.60.1-snapshot.v20250411150149/965_dfb244_5.60.1-snapshot.v20250411150149.min.js.sri
- clerk-js/5.60.1-snapshot.v20250411150149/blankcaptcha_1bf997_5.60.1-snapshot.v20250411150149.js.br
- clerk-js/5.60.1-snapshot.v20250411150149/blankcaptcha_1bf997_5.60.1-snapshot.v20250411150149.js.gz
- clerk-js/5.60.1-snapshot.v20250411150149/blankcaptcha_1bf997_5.60.1-snapshot.v20250411150149.js.sri
- clerk-js/5.60.1-snapshot.v20250411150149/blankcaptcha_1bf997_5.60.1-snapshot.v20250411150149.min.js.br
- clerk-js/5.60.1-snapshot.v20250411150149/blankcaptcha_1bf997_5.60.1-snapshot.v20250411150149.min.js.gz
- clerk-js/5.60.1-snapshot.v20250411150149/blankcaptcha_1bf997_5.60.1-snapshot.v20250411150149.min.js.sri
- clerk-js/5.60.1-snapshot.v20250411150149/checkout_1bf997_5.60.1-snapshot.v20250411150149.js.br
- clerk-js/5.60.1-snapshot.v20250411150149/checkout_1bf997_5.60.1-snapshot.v20250411150149.js.gz
- clerk-js/5.60.1-snapshot.v20250411150149/checkout_1bf997_5.60.1-snapshot.v20250411150149.js.sri
- clerk-js/5.60.1-snapshot.v20250411150149/checkout_1bf997_5.60.1-snapshot.v20250411150149.min.js.br
- clerk-js/5.60.1-snapshot.v20250411150149/checkout_1bf997_5.60.1-snapshot.v20250411150149.min.js.gz
- clerk-js/5.60.1-snapshot.v20250411150149/checkout_1bf997_5.60.1-snapshot.v20250411150149.min.js.sri
- clerk-js/5.60.1-snapshot.v20250411150149/clerk.browser.js.br
- clerk-js/5.60.1-snapshot.v20250411150149/clerk.browser.js.gz
- clerk-js/5.60.1-snapshot.v20250411150149/clerk.browser.js.sri
- clerk-js/5.60.1-snapshot.v20250411150149/clerk.browser.min.js.br
- clerk-js/5.60.1-snapshot.v20250411150149/clerk.browser.min.js.gz
- clerk-js/5.60.1-snapshot.v20250411150149/clerk.browser.min.js.sri
- clerk-js/5.60.1-snapshot.v20250411150149/clerk.headless.browser.js.br
- clerk-js/5.60.1-snapshot.v20250411150149/clerk.headless.browser.js.gz
- clerk-js/5.60.1-snapshot.v20250411150149/clerk.headless.browser.js.sri
- clerk-js/5.60.1-snapshot.v20250411150149/clerk.headless.browser.min.js.br
- clerk-js/5.60.1-snapshot.v20250411150149/clerk.headless.browser.min.js.gz
- clerk-js/5.60.1-snapshot.v20250411150149/clerk.headless.browser.min.js.sri
- clerk-js/5.60.1-snapshot.v20250411150149/clerk.headless.js.br
- clerk-js/5.60.1-snapshot.v20250411150149/clerk.headless.js.gz
- clerk-js/5.60.1-snapshot.v20250411150149/clerk.headless.js.sri
- clerk-js/5.60.1-snapshot.v20250411150149/clerk.headless.min.js.br
- clerk-js/5.60.1-snapshot.v20250411150149/clerk.headless.min.js.gz
- clerk-js/5.60.1-snapshot.v20250411150149/clerk.headless.min.js.sri
- clerk-js/5.60.1-snapshot.v20250411150149/clerk.js.br
- clerk-js/5.60.1-snapshot.v20250411150149/clerk.js.gz
- clerk-js/5.60.1-snapshot.v20250411150149/clerk.js.sri
- clerk-js/5.60.1-snapshot.v20250411150149/clerk.min.js.br
- clerk-js/5.60.1-snapshot.v20250411150149/clerk.min.js.gz
- clerk-js/5.60.1-snapshot.v20250411150149/clerk.min.js.sri
- clerk-js/5.60.1-snapshot.v20250411150149/clerk.mjs.br
- clerk-js/5.60.1-snapshot.v20250411150149/clerk.mjs.gz
- clerk-js/5.60.1-snapshot.v20250411150149/clerk.no-rhc.js.br
- clerk-js/5.60.1-snapshot.v20250411150149/clerk.no-rhc.js.gz
- clerk-js/5.60.1-snapshot.v20250411150149/clerk.no-rhc.js.sri
- clerk-js/5.60.1-snapshot.v20250411150149/clerk.no-rhc.min.js.br
- clerk-js/5.60.1-snapshot.v20250411150149/clerk.no-rhc.min.js.gz
- clerk-js/5.60.1-snapshot.v20250411150149/clerk.no-rhc.min.js.sri
- clerk-js/5.60.1-snapshot.v20250411150149/clerk.no-rhc.mjs.br
- clerk-js/5.60.1-snapshot.v20250411150149/clerk.no-rhc.mjs.gz
- clerk-js/5.60.1-snapshot.v20250411150149/coinbase-wallet-sdk_1bf997_5.60.1-snapshot.v20250411150149.js.br
- clerk-js/5.60.1-snapshot.v20250411150149/coinbase-wallet-sdk_1bf997_5.60.1-snapshot.v20250411150149.js.gz
- clerk-js/5.60.1-snapshot.v20250411150149/coinbase-wallet-sdk_1bf997_5.60.1-snapshot.v20250411150149.js.sri
- clerk-js/5.60.1-snapshot.v20250411150149/coinbase-wallet-sdk_1bf997_5.60.1-snapshot.v20250411150149.min.js.br
- clerk-js/5.60.1-snapshot.v20250411150149/coinbase-wallet-sdk_1bf997_5.60.1-snapshot.v20250411150149.min.js.gz
- clerk-js/5.60.1-snapshot.v20250411150149/coinbase-wallet-sdk_1bf997_5.60.1-snapshot.v20250411150149.min.js.sri
- clerk-js/5.60.1-snapshot.v20250411150149/coinbase-wallet-sdk_62aa11_5.60.1-snapshot.v20250411150149.js.br
- clerk-js/5.60.1-snapshot.v20250411150149/coinbase-wallet-sdk_62aa11_5.60.1-snapshot.v20250411150149.js.gz
- clerk-js/5.60.1-snapshot.v20250411150149/coinbase-wallet-sdk_62aa11_5.60.1-snapshot.v20250411150149.js.sri
- clerk-js/5.60.1-snapshot.v20250411150149/coinbase-wallet-sdk_62aa11_5.60.1-snapshot.v20250411150149.min.js.br
- clerk-js/5.60.1-snapshot.v20250411150149/coinbase-wallet-sdk_62aa11_5.60.1-snapshot.v20250411150149.min.js.gz
- clerk-js/5.60.1-snapshot.v20250411150149/coinbase-wallet-sdk_62aa11_5.60.1-snapshot.v20250411150149.min.js.sri
- clerk-js/5.60.1-snapshot.v20250411150149/cookieSuffix_1bf997_5.60.1-snapshot.v20250411150149.js.br
- clerk-js/5.60.1-snapshot.v20250411150149/cookieSuffix_1bf997_5.60.1-snapshot.v20250411150149.js.gz
- clerk-js/5.60.1-snapshot.v20250411150149/cookieSuffix_1bf997_5.60.1-snapshot.v20250411150149.js.sri
- clerk-js/5.60.1-snapshot.v20250411150149/cookieSuffix_1bf997_5.60.1-snapshot.v20250411150149.min.js.br
- clerk-js/5.60.1-snapshot.v20250411150149/cookieSuffix_1bf997_5.60.1-snapshot.v20250411150149.min.js.gz
- clerk-js/5.60.1-snapshot.v20250411150149/cookieSuffix_1bf997_5.60.1-snapshot.v20250411150149.min.js.sri
- clerk-js/5.60.1-snapshot.v20250411150149/cookieSuffix_62aa11_5.60.1-snapshot.v20250411150149.js.br
- clerk-js/5.60.1-snapshot.v20250411150149/cookieSuffix_62aa11_5.60.1-snapshot.v20250411150149.js.gz
- clerk-js/5.60.1-snapshot.v20250411150149/cookieSuffix_62aa11_5.60.1-snapshot.v20250411150149.js.sri
- clerk-js/5.60.1-snapshot.v20250411150149/cookieSuffix_62aa11_5.60.1-snapshot.v20250411150149.min.js.br
- clerk-js/5.60.1-snapshot.v20250411150149/cookieSuffix_62aa11_5.60.1-snapshot.v20250411150149.min.js.gz
- clerk-js/5.60.1-snapshot.v20250411150149/cookieSuffix_62aa11_5.60.1-snapshot.v20250411150149.min.js.sri
- clerk-js/5.60.1-snapshot.v20250411150149/cookieSuffix_dfb244_5.60.1-snapshot.v20250411150149.js.br
- clerk-js/5.60.1-snapshot.v20250411150149/cookieSuffix_dfb244_5.60.1-snapshot.v20250411150149.js.gz
- clerk-js/5.60.1-snapshot.v20250411150149/cookieSuffix_dfb244_5.60.1-snapshot.v20250411150149.js.sri
- clerk-js/5.60.1-snapshot.v20250411150149/cookieSuffix_dfb244_5.60.1-snapshot.v20250411150149.min.js.br
- clerk-js/5.60.1-snapshot.v20250411150149/cookieSuffix_dfb244_5.60.1-snapshot.v20250411150149.min.js.gz
- clerk-js/5.60.1-snapshot.v20250411150149/cookieSuffix_dfb244_5.60.1-snapshot.v20250411150149.min.js.sri
- clerk-js/5.60.1-snapshot.v20250411150149/createorganization_1bf997_5.60.1-snapshot.v20250411150149.js.br
- clerk-js/5.60.1-snapshot.v20250411150149/createorganization_1bf997_5.60.1-snapshot.v20250411150149.js.gz
- clerk-js/5.60.1-snapshot.v20250411150149/createorganization_1bf997_5.60.1-snapshot.v20250411150149.js.sri
- clerk-js/5.60.1-snapshot.v20250411150149/createorganization_1bf997_5.60.1-snapshot.v20250411150149.min.js.br
- clerk-js/5.60.1-snapshot.v20250411150149/createorganization_1bf997_5.60.1-snapshot.v20250411150149.min.js.gz
- clerk-js/5.60.1-snapshot.v20250411150149/createorganization_1bf997_5.60.1-snapshot.v20250411150149.min.js.sri
- clerk-js/5.60.1-snapshot.v20250411150149/framework_1bf997_5.60.1-snapshot.v20250411150149.js.br
- clerk-js/5.60.1-snapshot.v20250411150149/framework_1bf997_5.60.1-snapshot.v20250411150149.js.gz
- clerk-js/5.60.1-snapshot.v20250411150149/framework_1bf997_5.60.1-snapshot.v20250411150149.js.sri
- clerk-js/5.60.1-snapshot.v20250411150149/framework_1bf997_5.60.1-snapshot.v20250411150149.min.js.br
- clerk-js/5.60.1-snapshot.v20250411150149/framework_1bf997_5.60.1-snapshot.v20250411150149.min.js.gz
- clerk-js/5.60.1-snapshot.v20250411150149/framework_1bf997_5.60.1-snapshot.v20250411150149.min.js.sri
- clerk-js/5.60.1-snapshot.v20250411150149/impersonationfab_1bf997_5.60.1-snapshot.v20250411150149.js.br
- clerk-js/5.60.1-snapshot.v20250411150149/impersonationfab_1bf997_5.60.1-snapshot.v20250411150149.js.gz
- clerk-js/5.60.1-snapshot.v20250411150149/impersonationfab_1bf997_5.60.1-snapshot.v20250411150149.js.sri
- clerk-js/5.60.1-snapshot.v20250411150149/impersonationfab_1bf997_5.60.1-snapshot.v20250411150149.min.js.br
- clerk-js/5.60.1-snapshot.v20250411150149/impersonationfab_1bf997_5.60.1-snapshot.v20250411150149.min.js.gz
- clerk-js/5.60.1-snapshot.v20250411150149/impersonationfab_1bf997_5.60.1-snapshot.v20250411150149.min.js.sri
- clerk-js/5.60.1-snapshot.v20250411150149/keylessPrompt_1bf997_5.60.1-snapshot.v20250411150149.js.br
- clerk-js/5.60.1-snapshot.v20250411150149/keylessPrompt_1bf997_5.60.1-snapshot.v20250411150149.js.gz
- clerk-js/5.60.1-snapshot.v20250411150149/keylessPrompt_1bf997_5.60.1-snapshot.v20250411150149.js.sri
- clerk-js/5.60.1-snapshot.v20250411150149/keylessPrompt_1bf997_5.60.1-snapshot.v20250411150149.min.js.br
- clerk-js/5.60.1-snapshot.v20250411150149/keylessPrompt_1bf997_5.60.1-snapshot.v20250411150149.min.js.gz
- clerk-js/5.60.1-snapshot.v20250411150149/keylessPrompt_1bf997_5.60.1-snapshot.v20250411150149.min.js.sri
- clerk-js/5.60.1-snapshot.v20250411150149/onetap_1bf997_5.60.1-snapshot.v20250411150149.js.br
- clerk-js/5.60.1-snapshot.v20250411150149/onetap_1bf997_5.60.1-snapshot.v20250411150149.js.gz
- clerk-js/5.60.1-snapshot.v20250411150149/onetap_1bf997_5.60.1-snapshot.v20250411150149.js.sri
- clerk-js/5.60.1-snapshot.v20250411150149/onetap_1bf997_5.60.1-snapshot.v20250411150149.min.js.br
- clerk-js/5.60.1-snapshot.v20250411150149/onetap_1bf997_5.60.1-snapshot.v20250411150149.min.js.gz
- clerk-js/5.60.1-snapshot.v20250411150149/onetap_1bf997_5.60.1-snapshot.v20250411150149.min.js.sri
- clerk-js/5.60.1-snapshot.v20250411150149/op-billing-page_1bf997_5.60.1-snapshot.v20250411150149.js.br
- clerk-js/5.60.1-snapshot.v20250411150149/op-billing-page_1bf997_5.60.1-snapshot.v20250411150149.js.gz
- clerk-js/5.60.1-snapshot.v20250411150149/op-billing-page_1bf997_5.60.1-snapshot.v20250411150149.js.sri
- clerk-js/5.60.1-snapshot.v20250411150149/op-billing-page_1bf997_5.60.1-snapshot.v20250411150149.min.js.br
- clerk-js/5.60.1-snapshot.v20250411150149/op-billing-page_1bf997_5.60.1-snapshot.v20250411150149.min.js.gz
- clerk-js/5.60.1-snapshot.v20250411150149/op-billing-page_1bf997_5.60.1-snapshot.v20250411150149.min.js.sri
- clerk-js/5.60.1-snapshot.v20250411150149/organizationlist_1bf997_5.60.1-snapshot.v20250411150149.js.br
- clerk-js/5.60.1-snapshot.v20250411150149/organizationlist_1bf997_5.60.1-snapshot.v20250411150149.js.gz
- clerk-js/5.60.1-snapshot.v20250411150149/organizationlist_1bf997_5.60.1-snapshot.v20250411150149.js.sri
- clerk-js/5.60.1-snapshot.v20250411150149/organizationlist_1bf997_5.60.1-snapshot.v20250411150149.min.js.br
- clerk-js/5.60.1-snapshot.v20250411150149/organizationlist_1bf997_5.60.1-snapshot.v20250411150149.min.js.gz
- clerk-js/5.60.1-snapshot.v20250411150149/organizationlist_1bf997_5.60.1-snapshot.v20250411150149.min.js.sri
- clerk-js/5.60.1-snapshot.v20250411150149/organizationprofile_1bf997_5.60.1-snapshot.v20250411150149.js.br
- clerk-js/5.60.1-snapshot.v20250411150149/organizationprofile_1bf997_5.60.1-snapshot.v20250411150149.js.gz
- clerk-js/5.60.1-snapshot.v20250411150149/organizationprofile_1bf997_5.60.1-snapshot.v20250411150149.js.sri
- clerk-js/5.60.1-snapshot.v20250411150149/organizationprofile_1bf997_5.60.1-snapshot.v20250411150149.min.js.br
- clerk-js/5.60.1-snapshot.v20250411150149/organizationprofile_1bf997_5.60.1-snapshot.v20250411150149.min.js.gz
- clerk-js/5.60.1-snapshot.v20250411150149/organizationprofile_1bf997_5.60.1-snapshot.v20250411150149.min.js.sri
- clerk-js/5.60.1-snapshot.v20250411150149/organizationswitcher_1bf997_5.60.1-snapshot.v20250411150149.js.br
- clerk-js/5.60.1-snapshot.v20250411150149/organizationswitcher_1bf997_5.60.1-snapshot.v20250411150149.js.gz
- clerk-js/5.60.1-snapshot.v20250411150149/organizationswitcher_1bf997_5.60.1-snapshot.v20250411150149.js.sri
- clerk-js/5.60.1-snapshot.v20250411150149/organizationswitcher_1bf997_5.60.1-snapshot.v20250411150149.min.js.br
- clerk-js/5.60.1-snapshot.v20250411150149/organizationswitcher_1bf997_5.60.1-snapshot.v20250411150149.min.js.gz
- clerk-js/5.60.1-snapshot.v20250411150149/organizationswitcher_1bf997_5.60.1-snapshot.v20250411150149.min.js.sri
- clerk-js/5.60.1-snapshot.v20250411150149/paymentSources_1bf997_5.60.1-snapshot.v20250411150149.js.br
- clerk-js/5.60.1-snapshot.v20250411150149/paymentSources_1bf997_5.60.1-snapshot.v20250411150149.js.gz
- clerk-js/5.60.1-snapshot.v20250411150149/paymentSources_1bf997_5.60.1-snapshot.v20250411150149.js.sri
- clerk-js/5.60.1-snapshot.v20250411150149/paymentSources_1bf997_5.60.1-snapshot.v20250411150149.min.js.br
- clerk-js/5.60.1-snapshot.v20250411150149/paymentSources_1bf997_5.60.1-snapshot.v20250411150149.min.js.gz
- clerk-js/5.60.1-snapshot.v20250411150149/paymentSources_1bf997_5.60.1-snapshot.v20250411150149.min.js.sri
- clerk-js/5.60.1-snapshot.v20250411150149/prefetchorganizationlist_1bf997_5.60.1-snapshot.v20250411150149.js.br
- clerk-js/5.60.1-snapshot.v20250411150149/prefetchorganizationlist_1bf997_5.60.1-snapshot.v20250411150149.js.gz
- clerk-js/5.60.1-snapshot.v20250411150149/prefetchorganizationlist_1bf997_5.60.1-snapshot.v20250411150149.js.sri
- clerk-js/5.60.1-snapshot.v20250411150149/prefetchorganizationlist_1bf997_5.60.1-snapshot.v20250411150149.min.js.br
- clerk-js/5.60.1-snapshot.v20250411150149/prefetchorganizationlist_1bf997_5.60.1-snapshot.v20250411150149.min.js.gz
- clerk-js/5.60.1-snapshot.v20250411150149/prefetchorganizationlist_1bf997_5.60.1-snapshot.v20250411150149.min.js.sri
- clerk-js/5.60.1-snapshot.v20250411150149/pricingTable_1bf997_5.60.1-snapshot.v20250411150149.js.br
- clerk-js/5.60.1-snapshot.v20250411150149/pricingTable_1bf997_5.60.1-snapshot.v20250411150149.js.gz
- clerk-js/5.60.1-snapshot.v20250411150149/pricingTable_1bf997_5.60.1-snapshot.v20250411150149.js.sri
- clerk-js/5.60.1-snapshot.v20250411150149/pricingTable_1bf997_5.60.1-snapshot.v20250411150149.min.js.br
- clerk-js/5.60.1-snapshot.v20250411150149/pricingTable_1bf997_5.60.1-snapshot.v20250411150149.min.js.gz
- clerk-js/5.60.1-snapshot.v20250411150149/pricingTable_1bf997_5.60.1-snapshot.v20250411150149.min.js.sri
- clerk-js/5.60.1-snapshot.v20250411150149/sessionTasks_1bf997_5.60.1-snapshot.v20250411150149.js.br
- clerk-js/5.60.1-snapshot.v20250411150149/sessionTasks_1bf997_5.60.1-snapshot.v20250411150149.js.gz
- clerk-js/5.60.1-snapshot.v20250411150149/sessionTasks_1bf997_5.60.1-snapshot.v20250411150149.js.sri
- clerk-js/5.60.1-snapshot.v20250411150149/sessionTasks_1bf997_5.60.1-snapshot.v20250411150149.min.js.br
- clerk-js/5.60.1-snapshot.v20250411150149/sessionTasks_1bf997_5.60.1-snapshot.v20250411150149.min.js.gz
- clerk-js/5.60.1-snapshot.v20250411150149/sessionTasks_1bf997_5.60.1-snapshot.v20250411150149.min.js.sri
- clerk-js/5.60.1-snapshot.v20250411150149/signin_1bf997_5.60.1-snapshot.v20250411150149.js.br
- clerk-js/5.60.1-snapshot.v20250411150149/signin_1bf997_5.60.1-snapshot.v20250411150149.js.gz
- clerk-js/5.60.1-snapshot.v20250411150149/signin_1bf997_5.60.1-snapshot.v20250411150149.js.sri
- clerk-js/5.60.1-snapshot.v20250411150149/signin_1bf997_5.60.1-snapshot.v20250411150149.min.js.br
- clerk-js/5.60.1-snapshot.v20250411150149/signin_1bf997_5.60.1-snapshot.v20250411150149.min.js.gz
- clerk-js/5.60.1-snapshot.v20250411150149/signin_1bf997_5.60.1-snapshot.v20250411150149.min.js.sri
- clerk-js/5.60.1-snapshot.v20250411150149/signup_1bf997_5.60.1-snapshot.v20250411150149.js.br
- clerk-js/5.60.1-snapshot.v20250411150149/signup_1bf997_5.60.1-snapshot.v20250411150149.js.gz
- clerk-js/5.60.1-snapshot.v20250411150149/signup_1bf997_5.60.1-snapshot.v20250411150149.js.sri
- clerk-js/5.60.1-snapshot.v20250411150149/signup_1bf997_5.60.1-snapshot.v20250411150149.min.js.br
- clerk-js/5.60.1-snapshot.v20250411150149/signup_1bf997_5.60.1-snapshot.v20250411150149.min.js.gz
- clerk-js/5.60.1-snapshot.v20250411150149/signup_1bf997_5.60.1-snapshot.v20250411150149.min.js.sri
- clerk-js/5.60.1-snapshot.v20250411150149/ui-common_1bf997_5.60.1-snapshot.v20250411150149.js.br
- clerk-js/5.60.1-snapshot.v20250411150149/ui-common_1bf997_5.60.1-snapshot.v20250411150149.js.gz
- clerk-js/5.60.1-snapshot.v20250411150149/ui-common_1bf997_5.60.1-snapshot.v20250411150149.js.sri
- clerk-js/5.60.1-snapshot.v20250411150149/ui-common_1bf997_5.60.1-snapshot.v20250411150149.min.js.br
- clerk-js/5.60.1-snapshot.v20250411150149/ui-common_1bf997_5.60.1-snapshot.v20250411150149.min.js.gz
- clerk-js/5.60.1-snapshot.v20250411150149/ui-common_1bf997_5.60.1-snapshot.v20250411150149.min.js.sri
- clerk-js/5.60.1-snapshot.v20250411150149/up-billing-page_1bf997_5.60.1-snapshot.v20250411150149.js.br
- clerk-js/5.60.1-snapshot.v20250411150149/up-billing-page_1bf997_5.60.1-snapshot.v20250411150149.js.gz
- clerk-js/5.60.1-snapshot.v20250411150149/up-billing-page_1bf997_5.60.1-snapshot.v20250411150149.js.sri
- clerk-js/5.60.1-snapshot.v20250411150149/up-billing-page_1bf997_5.60.1-snapshot.v20250411150149.min.js.br
- clerk-js/5.60.1-snapshot.v20250411150149/up-billing-page_1bf997_5.60.1-snapshot.v20250411150149.min.js.gz
- clerk-js/5.60.1-snapshot.v20250411150149/up-billing-page_1bf997_5.60.1-snapshot.v20250411150149.min.js.sri
- clerk-js/5.60.1-snapshot.v20250411150149/userbutton_1bf997_5.60.1-snapshot.v20250411150149.js.br
- clerk-js/5.60.1-snapshot.v20250411150149/userbutton_1bf997_5.60.1-snapshot.v20250411150149.js.gz
- clerk-js/5.60.1-snapshot.v20250411150149/userbutton_1bf997_5.60.1-snapshot.v20250411150149.js.sri
- clerk-js/5.60.1-snapshot.v20250411150149/userbutton_1bf997_5.60.1-snapshot.v20250411150149.min.js.br
- clerk-js/5.60.1-snapshot.v20250411150149/userbutton_1bf997_5.60.1-snapshot.v20250411150149.min.js.gz
- clerk-js/5.60.1-snapshot.v20250411150149/userbutton_1bf997_5.60.1-snapshot.v20250411150149.min.js.sri
- clerk-js/5.60.1-snapshot.v20250411150149/userprofile_1bf997_5.60.1-snapshot.v20250411150149.js.br
- clerk-js/5.60.1-snapshot.v20250411150149/userprofile_1bf997_5.60.1-snapshot.v20250411150149.js.gz
- clerk-js/5.60.1-snapshot.v20250411150149/userprofile_1bf997_5.60.1-snapshot.v20250411150149.js.sri
- clerk-js/5.60.1-snapshot.v20250411150149/userprofile_1bf997_5.60.1-snapshot.v20250411150149.min.js.br
- clerk-js/5.60.1-snapshot.v20250411150149/userprofile_1bf997_5.60.1-snapshot.v20250411150149.min.js.gz
- clerk-js/5.60.1-snapshot.v20250411150149/userprofile_1bf997_5.60.1-snapshot.v20250411150149.min.js.sri
- clerk-js/5.60.1-snapshot.v20250411150149/userverification_1bf997_5.60.1-snapshot.v20250411150149.js.br
- clerk-js/5.60.1-snapshot.v20250411150149/userverification_1bf997_5.60.1-snapshot.v20250411150149.js.gz
- clerk-js/5.60.1-snapshot.v20250411150149/userverification_1bf997_5.60.1-snapshot.v20250411150149.js.sri
- clerk-js/5.60.1-snapshot.v20250411150149/userverification_1bf997_5.60.1-snapshot.v20250411150149.min.js.br
- clerk-js/5.60.1-snapshot.v20250411150149/userverification_1bf997_5.60.1-snapshot.v20250411150149.min.js.gz
- clerk-js/5.60.1-snapshot.v20250411150149/userverification_1bf997_5.60.1-snapshot.v20250411150149.min.js.sri
- clerk-js/5.60.1-snapshot.v20250411150149/vendors_1bf997_5.60.1-snapshot.v20250411150149.js.br
- clerk-js/5.60.1-snapshot.v20250411150149/vendors_1bf997_5.60.1-snapshot.v20250411150149.js.gz
- clerk-js/5.60.1-snapshot.v20250411150149/vendors_1bf997_5.60.1-snapshot.v20250411150149.js.sri
- clerk-js/5.60.1-snapshot.v20250411150149/vendors_1bf997_5.60.1-snapshot.v20250411150149.min.js.br
- clerk-js/5.60.1-snapshot.v20250411150149/vendors_1bf997_5.60.1-snapshot.v20250411150149.min.js.gz
- clerk-js/5.60.1-snapshot.v20250411150149/vendors_1bf997_5.60.1-snapshot.v20250411150149.min.js.sri
- clerk-js/5.60.1-snapshot.v20250411150149/vendors_62aa11_5.60.1-snapshot.v20250411150149.js.br
- clerk-js/5.60.1-snapshot.v20250411150149/vendors_62aa11_5.60.1-snapshot.v20250411150149.js.gz
- clerk-js/5.60.1-snapshot.v20250411150149/vendors_62aa11_5.60.1-snapshot.v20250411150149.js.sri
- clerk-js/5.60.1-snapshot.v20250411150149/vendors_62aa11_5.60.1-snapshot.v20250411150149.min.js.br
- clerk-js/5.60.1-snapshot.v20250411150149/vendors_62aa11_5.60.1-snapshot.v20250411150149.min.js.gz
- clerk-js/5.60.1-snapshot.v20250411150149/vendors_62aa11_5.60.1-snapshot.v20250411150149.min.js.sri
- clerk-js/5.60.1-snapshot.v20250411150149/waitlist_1bf997_5.60.1-snapshot.v20250411150149.js.br
- clerk-js/5.60.1-snapshot.v20250411150149/waitlist_1bf997_5.60.1-snapshot.v20250411150149.js.gz
- clerk-js/5.60.1-snapshot.v20250411150149/waitlist_1bf997_5.60.1-snapshot.v20250411150149.js.sri
- clerk-js/5.60.1-snapshot.v20250411150149/waitlist_1bf997_5.60.1-snapshot.v20250411150149.min.js.br
- clerk-js/5.60.1-snapshot.v20250411150149/waitlist_1bf997_5.60.1-snapshot.v20250411150149.min.js.gz
- clerk-js/5.60.1-snapshot.v20250411150149/waitlist_1bf997_5.60.1-snapshot.v20250411150149.min.js.sri
- clerk-js/5.60.1-snapshot.v20250411150149/zxcvbn-common_1bf997_5.60.1-snapshot.v20250411150149.js.br
- clerk-js/5.60.1-snapshot.v20250411150149/zxcvbn-common_1bf997_5.60.1-snapshot.v20250411150149.js.gz
- clerk-js/5.60.1-snapshot.v20250411150149/zxcvbn-common_1bf997_5.60.1-snapshot.v20250411150149.js.sri
- clerk-js/5.60.1-snapshot.v20250411150149/zxcvbn-common_1bf997_5.60.1-snapshot.v20250411150149.min.js.br
- clerk-js/5.60.1-snapshot.v20250411150149/zxcvbn-common_1bf997_5.60.1-snapshot.v20250411150149.min.js.gz
- clerk-js/5.60.1-snapshot.v20250411150149/zxcvbn-common_1bf997_5.60.1-snapshot.v20250411150149.min.js.sri
- clerk-js/5.60.1-snapshot.v20250411150149/zxcvbn-common_62aa11_5.60.1-snapshot.v20250411150149.js.br
- clerk-js/5.60.1-snapshot.v20250411150149/zxcvbn-common_62aa11_5.60.1-snapshot.v20250411150149.js.gz
- clerk-js/5.60.1-snapshot.v20250411150149/zxcvbn-common_62aa11_5.60.1-snapshot.v20250411150149.js.sri
- clerk-js/5.60.1-snapshot.v20250411150149/zxcvbn-common_62aa11_5.60.1-snapshot.v20250411150149.min.js.br
- clerk-js/5.60.1-snapshot.v20250411150149/zxcvbn-common_62aa11_5.60.1-snapshot.v20250411150149.min.js.gz
- clerk-js/5.60.1-snapshot.v20250411150149/zxcvbn-common_62aa11_5.60.1-snapshot.v20250411150149.min.js.sri
- clerk-js/5.60.1-snapshot.v20250411150149/zxcvbn-ts-core_1bf997_5.60.1-snapshot.v20250411150149.js.br
- clerk-js/5.60.1-snapshot.v20250411150149/zxcvbn-ts-core_1bf997_5.60.1-snapshot.v20250411150149.js.gz
- clerk-js/5.60.1-snapshot.v20250411150149/zxcvbn-ts-core_1bf997_5.60.1-snapshot.v20250411150149.js.sri
- clerk-js/5.60.1-snapshot.v20250411150149/zxcvbn-ts-core_1bf997_5.60.1-snapshot.v20250411150149.min.js.br
- clerk-js/5.60.1-snapshot.v20250411150149/zxcvbn-ts-core_1bf997_5.60.1-snapshot.v20250411150149.min.js.gz
- clerk-js/5.60.1-snapshot.v20250411150149/zxcvbn-ts-core_1bf997_5.60.1-snapshot.v20250411150149.min.js.sri
- clerk-js/5.60.1-snapshot.v20250411150149/zxcvbn-ts-core_62aa11_5.60.1-snapshot.v20250411150149.js.br
- clerk-js/5.60.1-snapshot.v20250411150149/zxcvbn-ts-core_62aa11_5.60.1-snapshot.v20250411150149.js.gz
- clerk-js/5.60.1-snapshot.v20250411150149/zxcvbn-ts-core_62aa11_5.60.1-snapshot.v20250411150149.js.sri
- clerk-js/5.60.1-snapshot.v20250411150149/zxcvbn-ts-core_62aa11_5.60.1-snapshot.v20250411150149.min.js.br
- clerk-js/5.60.1-snapshot.v20250411150149/zxcvbn-ts-core_62aa11_5.60.1-snapshot.v20250411150149.min.js.gz
- clerk-js/5.60.1-snapshot.v20250411150149/zxcvbn-ts-core_62aa11_5.60.1-snapshot.v20250411150149.min.js.sri
