config: {"authors":[{"name":"Handsoncode","email":"hello@handsontable.com"}],"autoupdate":{"source":"npm","target":"handsontable","fileMap":[{"basePath":"dist","files":["*.js","*.css"]}]},"description":"Spreadsheet-like data grid editor that provides copy/paste functionality compatible with Excel/Google Docs","filename":"handsontable.min.js","homepage":"http://handsontable.com/","keywords":["grid","datagrid","table","ui","input","ajax","handsontable","spreadsheet"],"license":"SEE LICENSE IN https://github.com/handsontable/handsontable/blob/7.0.0/LICENSE.txt","name":"handsontable","repository":{"type":"git","url":"https://github.com/handsontable/handsontable"},"author":"Handsoncode \u003chello@handsontable.com\u003e"}
KV keys:
- handsontable/0.0.0-next-b2baf85-20241206/handsontable.css.br
- handsontable/0.0.0-next-b2baf85-20241206/handsontable.css.gz
- handsontable/0.0.0-next-b2baf85-20241206/handsontable.full.css.br
- handsontable/0.0.0-next-b2baf85-20241206/handsontable.full.css.gz
- handsontable/0.0.0-next-b2baf85-20241206/handsontable.full.js.br
- handsontable/0.0.0-next-b2baf85-20241206/handsontable.full.js.gz
- handsontable/0.0.0-next-b2baf85-20241206/handsontable.full.min.css.br
- handsontable/0.0.0-next-b2baf85-20241206/handsontable.full.min.css.gz
- handsontable/0.0.0-next-b2baf85-20241206/handsontable.full.min.js.br
- handsontable/0.0.0-next-b2baf85-20241206/handsontable.full.min.js.gz
- handsontable/0.0.0-next-b2baf85-20241206/handsontable.js.br
- handsontable/0.0.0-next-b2baf85-20241206/handsontable.js.gz
- handsontable/0.0.0-next-b2baf85-20241206/handsontable.min.css.br
- handsontable/0.0.0-next-b2baf85-20241206/handsontable.min.css.gz
- handsontable/0.0.0-next-b2baf85-20241206/handsontable.min.js.br
- handsontable/0.0.0-next-b2baf85-20241206/handsontable.min.js.gz
SRIs:
- handsontable/0.0.0-next-b2baf85-20241206/handsontable.css: sha512-Yj9P+bcIJTT4IPyGIRHMlJV8RwkHA4OrC6LBkfxNsX4rwXWGXSbk/QXkULeUrasb6/IX0pU76G8O6b91JTI8IQ==
- handsontable/0.0.0-next-b2baf85-20241206/handsontable.full.css: sha512-t4K0sAFtZ/zoHF3Q+tUGnw8SbpnyesaYycpivqijduTQmCVn3GdmutFNCZqYQw8XNE2+WA7o6Dpgi1iKOSPCBw==
- handsontable/0.0.0-next-b2baf85-20241206/handsontable.full.js: sha512-ZNSVPBmAzlN27V4gQKq+zaey88NAGd2xt3NzxEwY5gH/7wTim0SNmE1vKrWOD1x9NiyVSa+ooDRZ0xqvQY9SKQ==
- handsontable/0.0.0-next-b2baf85-20241206/handsontable.full.min.css: sha512-KZOVg6tEUhTNLmEKq6A63em/afwyyEzxs9qO6HvJmDOxBw95Xl9epel2draS9SK5hKdN+ZdfQMAU1Xd8ad6bSg==
- handsontable/0.0.0-next-b2baf85-20241206/handsontable.full.min.js: sha512-oZqrGfFMKVP4gcpMi29aDxJHHniUnaA/C+mMi2Iiyp/STUR1ldDDfRbR6TVcWJzAYxtcX10vSyHAfawESicAuA==
- handsontable/0.0.0-next-b2baf85-20241206/handsontable.js: sha512-Ri3sB0YbUML/AHRtaGweyskWpoK7y1pcDvpREp+rOLUg+sUhsaYwB5+K6fCI/j4HmMugMiAO4nFAzsmZBxVvFg==
- handsontable/0.0.0-next-b2baf85-20241206/handsontable.min.css: sha512-EIBhFAU6doXVnpWFJ9uI6tMpKxwdNQvDT/EiJ3hTZd+Bx8ybTgwWAt3RBqgMItCotdED2Fv0LwLYXYrDboTm0A==
- handsontable/0.0.0-next-b2baf85-20241206/handsontable.min.js: sha512-YGVrWaXhjzBRYoatl736Vzoqjc3YmHY6ZmAIrL7foWsxXrSefRIHOFJP9QHUcCEzn1biMbBOBIh/C0FeSvzZpg==
