- fontsource-meow-script/5.1.1/400.css.br
- fontsource-meow-script/5.1.1/400.css.gz
- fontsource-meow-script/5.1.1/400.min.css.br
- fontsource-meow-script/5.1.1/400.min.css.gz
- fontsource-meow-script/5.1.1/files/meow-script-latin-400-normal.woff.br
- fontsource-meow-script/5.1.1/files/meow-script-latin-400-normal.woff.gz
- fontsource-meow-script/5.1.1/files/meow-script-latin-400-normal.woff2
- fontsource-meow-script/5.1.1/files/meow-script-latin-ext-400-normal.woff.br
- fontsource-meow-script/5.1.1/files/meow-script-latin-ext-400-normal.woff.gz
- fontsource-meow-script/5.1.1/files/meow-script-latin-ext-400-normal.woff2
- fontsource-meow-script/5.1.1/files/meow-script-vietnamese-400-normal.woff.br
- fontsource-meow-script/5.1.1/files/meow-script-vietnamese-400-normal.woff.gz
- fontsource-meow-script/5.1.1/files/meow-script-vietnamese-400-normal.woff2
- fontsource-meow-script/5.1.1/index.css.br
- fontsource-meow-script/5.1.1/index.css.gz
- fontsource-meow-script/5.1.1/index.min.css.br
- fontsource-meow-script/5.1.1/index.min.css.gz
- fontsource-meow-script/5.1.1/latin-400.css.br
- fontsource-meow-script/5.1.1/latin-400.css.gz
- fontsource-meow-script/5.1.1/latin-400.min.css.br
- fontsource-meow-script/5.1.1/latin-400.min.css.gz
- fontsource-meow-script/5.1.1/latin-ext-400.css.br
- fontsource-meow-script/5.1.1/latin-ext-400.css.gz
- fontsource-meow-script/5.1.1/latin-ext-400.min.css.br
- fontsource-meow-script/5.1.1/latin-ext-400.min.css.gz
- fontsource-meow-script/5.1.1/latin-ext.css.br
- fontsource-meow-script/5.1.1/latin-ext.css.gz
- fontsource-meow-script/5.1.1/latin-ext.min.css.br
- fontsource-meow-script/5.1.1/latin-ext.min.css.gz
- fontsource-meow-script/5.1.1/latin.css.br
- fontsource-meow-script/5.1.1/latin.css.gz
- fontsource-meow-script/5.1.1/latin.min.css.br
- fontsource-meow-script/5.1.1/latin.min.css.gz
- fontsource-meow-script/5.1.1/vietnamese-400.css.br
- fontsource-meow-script/5.1.1/vietnamese-400.css.gz
- fontsource-meow-script/5.1.1/vietnamese-400.min.css.br
- fontsource-meow-script/5.1.1/vietnamese-400.min.css.gz
- fontsource-meow-script/5.1.1/vietnamese.css.br
- fontsource-meow-script/5.1.1/vietnamese.css.gz
- fontsource-meow-script/5.1.1/vietnamese.min.css.br
- fontsource-meow-script/5.1.1/vietnamese.min.css.gz