- xlsx/0.17.2/cpexcel.js.br
- xlsx/0.17.2/cpexcel.js.gz
- xlsx/0.17.2/cpexcel.min.js.br
- xlsx/0.17.2/cpexcel.min.js.gz
- xlsx/0.17.2/jszip.js.br
- xlsx/0.17.2/jszip.js.gz
- xlsx/0.17.2/jszip.min.js.br
- xlsx/0.17.2/jszip.min.js.gz
- xlsx/0.17.2/shim.min.js.br
- xlsx/0.17.2/shim.min.js.gz
- xlsx/0.17.2/xlsx.core.min.js.br
- xlsx/0.17.2/xlsx.core.min.js.gz
- xlsx/0.17.2/xlsx.core.min.map.br
- xlsx/0.17.2/xlsx.core.min.map.gz
- xlsx/0.17.2/xlsx.extendscript.js.br
- xlsx/0.17.2/xlsx.extendscript.js.gz
- xlsx/0.17.2/xlsx.extendscript.min.js.br
- xlsx/0.17.2/xlsx.extendscript.min.js.gz
- xlsx/0.17.2/xlsx.full.min.js.br
- xlsx/0.17.2/xlsx.full.min.js.gz
- xlsx/0.17.2/xlsx.full.min.map.br
- xlsx/0.17.2/xlsx.full.min.map.gz
- xlsx/0.17.2/xlsx.js.br
- xlsx/0.17.2/xlsx.js.gz
- xlsx/0.17.2/xlsx.min.js.br
- xlsx/0.17.2/xlsx.min.js.gz
- xlsx/0.17.2/xlsx.min.map.br
- xlsx/0.17.2/xlsx.min.map.gz
- xlsx/0.17.2/xlsx.mini.min.js.br
- xlsx/0.17.2/xlsx.mini.min.js.gz
- xlsx/0.17.2/xlsx.mini.min.map.br
- xlsx/0.17.2/xlsx.mini.min.map.gz