config: {"authors":[{"name":"John Leider","email":"john.j.leider@gmail.com"}],"autoupdate":{"source":"npm","target":"vuetify","fileMap":[{"basePath":"dist","files":["**/*"]}]},"description":"Vue.js 2 Semantic Component Framework","filename":"vuetify.min.js","homepage":"https://vuetifyjs.com/","keywords":["Vue","Vuetify","semantic","component"],"license":"MIT","name":"vuetify","repository":{"type":"git","url":"git://github.com/vuetifyjs/vuetify.git"},"author":"John Leider \u003cjohn.j.leider@gmail.com\u003e"}
KV keys:
- vuetify/3.10.2/_component-variables-labs.sass.br
- vuetify/3.10.2/_component-variables-labs.sass.gz
- vuetify/3.10.2/_component-variables.sass.br
- vuetify/3.10.2/_component-variables.sass.gz
- vuetify/3.10.2/json/attributes.json.br
- vuetify/3.10.2/json/attributes.json.gz
- vuetify/3.10.2/json/importMap-labs.json.br
- vuetify/3.10.2/json/importMap-labs.json.gz
- vuetify/3.10.2/json/importMap.json.br
- vuetify/3.10.2/json/importMap.json.gz
- vuetify/3.10.2/json/tags.json.br
- vuetify/3.10.2/json/tags.json.gz
- vuetify/3.10.2/json/web-types.json.br
- vuetify/3.10.2/json/web-types.json.gz
- vuetify/3.10.2/vuetify-labs.cjs.br
- vuetify/3.10.2/vuetify-labs.cjs.gz
- vuetify/3.10.2/vuetify-labs.css.br
- vuetify/3.10.2/vuetify-labs.css.gz
- vuetify/3.10.2/vuetify-labs.d.ts.br
- vuetify/3.10.2/vuetify-labs.d.ts.gz
- vuetify/3.10.2/vuetify-labs.esm.js.br
- vuetify/3.10.2/vuetify-labs.esm.js.gz
- vuetify/3.10.2/vuetify-labs.esm.js.map.br
- vuetify/3.10.2/vuetify-labs.esm.js.map.gz
- vuetify/3.10.2/vuetify-labs.esm.min.js.br
- vuetify/3.10.2/vuetify-labs.esm.min.js.gz
- vuetify/3.10.2/vuetify-labs.js.br
- vuetify/3.10.2/vuetify-labs.js.gz
- vuetify/3.10.2/vuetify-labs.min.css.br
- vuetify/3.10.2/vuetify-labs.min.css.gz
- vuetify/3.10.2/vuetify-labs.min.js.br
- vuetify/3.10.2/vuetify-labs.min.js.gz
- vuetify/3.10.2/vuetify.cjs.br
- vuetify/3.10.2/vuetify.cjs.gz
- vuetify/3.10.2/vuetify.cjs.map.br
- vuetify/3.10.2/vuetify.cjs.map.gz
- vuetify/3.10.2/vuetify.css.br
- vuetify/3.10.2/vuetify.css.gz
- vuetify/3.10.2/vuetify.d.ts.br
- vuetify/3.10.2/vuetify.d.ts.gz
- vuetify/3.10.2/vuetify.esm.js.br
- vuetify/3.10.2/vuetify.esm.js.gz
- vuetify/3.10.2/vuetify.esm.js.map.br
- vuetify/3.10.2/vuetify.esm.js.map.gz
- vuetify/3.10.2/vuetify.esm.min.js.br
- vuetify/3.10.2/vuetify.esm.min.js.gz
- vuetify/3.10.2/vuetify.js.br
- vuetify/3.10.2/vuetify.js.gz
- vuetify/3.10.2/vuetify.js.map.br
- vuetify/3.10.2/vuetify.js.map.gz
- vuetify/3.10.2/vuetify.min.css.br
- vuetify/3.10.2/vuetify.min.css.gz
- vuetify/3.10.2/vuetify.min.js.br
- vuetify/3.10.2/vuetify.min.js.gz
- vuetify/3.10.2/vuetify.min.js.map.br
- vuetify/3.10.2/vuetify.min.js.map.gz
SRIs:
- vuetify/3.10.2/vuetify-labs.esm.js: sha512-SQYjC0OdlV3gofX3lqL9tTSqHex4JU+LUdgJGBc3rPRlMe15M8iYDpV2cQ5+m5o/cSil4Q0/O/ZqGpEEO+5eug==
- vuetify/3.10.2/vuetify-labs.js: sha512-NdVW/KqzQZ+7Pg/ADb77W0Yj6w2W6Bh7IP+ZOUs2gqmtHfnfbJryTS4rSF/AX/EGGYjCKhwnPxSgisFEfgwINg==
- vuetify/3.10.2/vuetify.esm.js: sha512-4wfw6m+3qAv4oRp4Mn9lVGVeNDHz/LOo8bxVNdKzgXvYxbdGmPoV3GQRBYG+IFGpRKXy9FYhj8TKO82DwN6KOQ==
- vuetify/3.10.2/vuetify.js: sha512-o4Dn8EBQy6Ns671QF39UDsweeY7yn7q7dXF3FdQfO6VvYUque6UuHbTp5JQbn7Wk0KaPho1quTwUjBZd3YgRSA==
- vuetify/3.10.2/vuetify.min.js: sha512-9qokqa7dvkuKi83J9IhN3b1YgsCTznXcajkFoXDBKYW72kmO+UAey8XhcYKjaiAGSgMpB/o9866vEhQT2tIYmA==
- vuetify/3.10.2/vuetify-labs.css: sha512-w49vaI0wLqtghyrxQ+91keFcTGtLAgU5jP+nD5akKURkEH0mfbmkrArObb+abv2+UOD9PULir4Ik53ajub+gXQ==
- vuetify/3.10.2/vuetify-labs.esm.min.js: sha512-GvJqed2hiH3xLim3OVl8jope94GkKEE632tEzjw6wahVoj9C74dnupi7A6o6wdgA5/pR19M1nE7URfApj5IYgA==
- vuetify/3.10.2/vuetify-labs.min.css: sha512-v4ANZPLA48/zSZxKYeqvsXbGxGnUGsYqVgWg7v/heEUpRZzbJkhrOesHdrugESsbI3JpF8p6dC7jkqhwYAI4bw==
- vuetify/3.10.2/vuetify-labs.min.js: sha512-uSqhnlNNjM/9s59Ov7YN16fj6knjVmCnG3g0N1XEc2LAwguyO36dIIOPMTx2e0oE8dv7HLKZzW2e+vnp992f8w==
- vuetify/3.10.2/vuetify.css: sha512-Q1ndios/pA6kFo2WDWYaO6rq201Dna2DgYe+qRBelvabmO2ZpCSmpp86Vr2LZ61LTghbQwrMI9g3agGGGUvK/Q==
- vuetify/3.10.2/vuetify.esm.min.js: sha512-3FfTaAeBnYOipigZ/U7gK5S1qTHVmpJCIPu098ZE7T+XXbHDcBmpINgfo1MVmn7oVx8IV0GrqhdU4Bgn+pbV8g==
- vuetify/3.10.2/vuetify.min.css: sha512-lmXb8yEdZ0/pg3bHVg9cgg4xgKtAaXmWSFn5DcY/brsAk4KfCE1h9KN/+LwT8VSzEQicwc7fcYaGYe7C6J6//A==
