- dygraph/2.2.1/dygraph.css.br
- dygraph/2.2.1/dygraph.css.gz
- dygraph/2.2.1/dygraph.js.br
- dygraph/2.2.1/dygraph.js.gz
- dygraph/2.2.1/dygraph.js.map.br
- dygraph/2.2.1/dygraph.js.map.gz
- dygraph/2.2.1/dygraph.min.css.br
- dygraph/2.2.1/dygraph.min.css.gz
- dygraph/2.2.1/dygraph.min.css.map.br
- dygraph/2.2.1/dygraph.min.css.map.gz
- dygraph/2.2.1/dygraph.min.js.br
- dygraph/2.2.1/dygraph.min.js.gz
- dygraph/2.2.1/dygraph.min.js.map.br
- dygraph/2.2.1/dygraph.min.js.map.gz
- dygraph/2.2.1/extras/crosshair.js.br
- dygraph/2.2.1/extras/crosshair.js.gz
- dygraph/2.2.1/extras/crosshair.min.js.br
- dygraph/2.2.1/extras/crosshair.min.js.gz
- dygraph/2.2.1/extras/hairlines.js.br
- dygraph/2.2.1/extras/hairlines.js.gz
- dygraph/2.2.1/extras/hairlines.min.js.br
- dygraph/2.2.1/extras/hairlines.min.js.gz
- dygraph/2.2.1/extras/rebase.js.br
- dygraph/2.2.1/extras/rebase.js.gz
- dygraph/2.2.1/extras/rebase.min.js.br
- dygraph/2.2.1/extras/rebase.min.js.gz
- dygraph/2.2.1/extras/shapes.js.br
- dygraph/2.2.1/extras/shapes.js.gz
- dygraph/2.2.1/extras/shapes.min.js.br
- dygraph/2.2.1/extras/shapes.min.js.gz
- dygraph/2.2.1/extras/smooth-plotter.js.br
- dygraph/2.2.1/extras/smooth-plotter.js.gz
- dygraph/2.2.1/extras/smooth-plotter.min.js.br
- dygraph/2.2.1/extras/smooth-plotter.min.js.gz
- dygraph/2.2.1/extras/super-annotations.js.br
- dygraph/2.2.1/extras/super-annotations.js.gz
- dygraph/2.2.1/extras/super-annotations.min.js.br
- dygraph/2.2.1/extras/super-annotations.min.js.gz
- dygraph/2.2.1/extras/synchronizer.js.br
- dygraph/2.2.1/extras/synchronizer.js.gz
- dygraph/2.2.1/extras/synchronizer.min.js.br
- dygraph/2.2.1/extras/synchronizer.min.js.gz
- dygraph/2.2.1/extras/unzoom.js.br
- dygraph/2.2.1/extras/unzoom.js.gz
- dygraph/2.2.1/extras/unzoom.min.js.br
- dygraph/2.2.1/extras/unzoom.min.js.gz