Files:
- clerk-js/5.59.0-canary.v20250402073847/192_746629_5.59.0-canary.v20250402073847.js.br
- clerk-js/5.59.0-canary.v20250402073847/192_746629_5.59.0-canary.v20250402073847.js.gz
- clerk-js/5.59.0-canary.v20250402073847/192_746629_5.59.0-canary.v20250402073847.js.sri
- clerk-js/5.59.0-canary.v20250402073847/192_746629_5.59.0-canary.v20250402073847.min.js.br
- clerk-js/5.59.0-canary.v20250402073847/192_746629_5.59.0-canary.v20250402073847.min.js.gz
- clerk-js/5.59.0-canary.v20250402073847/192_746629_5.59.0-canary.v20250402073847.min.js.sri
- clerk-js/5.59.0-canary.v20250402073847/377_a0dbed_5.59.0-canary.v20250402073847.js.br
- clerk-js/5.59.0-canary.v20250402073847/377_a0dbed_5.59.0-canary.v20250402073847.js.gz
- clerk-js/5.59.0-canary.v20250402073847/377_a0dbed_5.59.0-canary.v20250402073847.js.sri
- clerk-js/5.59.0-canary.v20250402073847/377_a0dbed_5.59.0-canary.v20250402073847.min.js.br
- clerk-js/5.59.0-canary.v20250402073847/377_a0dbed_5.59.0-canary.v20250402073847.min.js.gz
- clerk-js/5.59.0-canary.v20250402073847/377_a0dbed_5.59.0-canary.v20250402073847.min.js.sri
- clerk-js/5.59.0-canary.v20250402073847/890_a0dbed_5.59.0-canary.v20250402073847.js.br
- clerk-js/5.59.0-canary.v20250402073847/890_a0dbed_5.59.0-canary.v20250402073847.js.gz
- clerk-js/5.59.0-canary.v20250402073847/890_a0dbed_5.59.0-canary.v20250402073847.js.sri
- clerk-js/5.59.0-canary.v20250402073847/890_a0dbed_5.59.0-canary.v20250402073847.min.js.br
- clerk-js/5.59.0-canary.v20250402073847/890_a0dbed_5.59.0-canary.v20250402073847.min.js.gz
- clerk-js/5.59.0-canary.v20250402073847/890_a0dbed_5.59.0-canary.v20250402073847.min.js.sri
- clerk-js/5.59.0-canary.v20250402073847/965_a0dbed_5.59.0-canary.v20250402073847.js.br
- clerk-js/5.59.0-canary.v20250402073847/965_a0dbed_5.59.0-canary.v20250402073847.js.gz
- clerk-js/5.59.0-canary.v20250402073847/965_a0dbed_5.59.0-canary.v20250402073847.js.sri
- clerk-js/5.59.0-canary.v20250402073847/965_a0dbed_5.59.0-canary.v20250402073847.min.js.br
- clerk-js/5.59.0-canary.v20250402073847/965_a0dbed_5.59.0-canary.v20250402073847.min.js.gz
- clerk-js/5.59.0-canary.v20250402073847/965_a0dbed_5.59.0-canary.v20250402073847.min.js.sri
- clerk-js/5.59.0-canary.v20250402073847/blankcaptcha_746629_5.59.0-canary.v20250402073847.js.br
- clerk-js/5.59.0-canary.v20250402073847/blankcaptcha_746629_5.59.0-canary.v20250402073847.js.gz
- clerk-js/5.59.0-canary.v20250402073847/blankcaptcha_746629_5.59.0-canary.v20250402073847.js.sri
- clerk-js/5.59.0-canary.v20250402073847/blankcaptcha_746629_5.59.0-canary.v20250402073847.min.js.br
- clerk-js/5.59.0-canary.v20250402073847/blankcaptcha_746629_5.59.0-canary.v20250402073847.min.js.gz
- clerk-js/5.59.0-canary.v20250402073847/blankcaptcha_746629_5.59.0-canary.v20250402073847.min.js.sri
- clerk-js/5.59.0-canary.v20250402073847/checkout_746629_5.59.0-canary.v20250402073847.js.br
- clerk-js/5.59.0-canary.v20250402073847/checkout_746629_5.59.0-canary.v20250402073847.js.gz
- clerk-js/5.59.0-canary.v20250402073847/checkout_746629_5.59.0-canary.v20250402073847.js.sri
- clerk-js/5.59.0-canary.v20250402073847/checkout_746629_5.59.0-canary.v20250402073847.min.js.br
- clerk-js/5.59.0-canary.v20250402073847/checkout_746629_5.59.0-canary.v20250402073847.min.js.gz
- clerk-js/5.59.0-canary.v20250402073847/checkout_746629_5.59.0-canary.v20250402073847.min.js.sri
- clerk-js/5.59.0-canary.v20250402073847/clerk.browser.js.br
- clerk-js/5.59.0-canary.v20250402073847/clerk.browser.js.gz
- clerk-js/5.59.0-canary.v20250402073847/clerk.browser.js.sri
- clerk-js/5.59.0-canary.v20250402073847/clerk.browser.min.js.br
- clerk-js/5.59.0-canary.v20250402073847/clerk.browser.min.js.gz
- clerk-js/5.59.0-canary.v20250402073847/clerk.browser.min.js.sri
- clerk-js/5.59.0-canary.v20250402073847/clerk.headless.browser.js.br
- clerk-js/5.59.0-canary.v20250402073847/clerk.headless.browser.js.gz
- clerk-js/5.59.0-canary.v20250402073847/clerk.headless.browser.js.sri
- clerk-js/5.59.0-canary.v20250402073847/clerk.headless.browser.min.js.br
- clerk-js/5.59.0-canary.v20250402073847/clerk.headless.browser.min.js.gz
- clerk-js/5.59.0-canary.v20250402073847/clerk.headless.browser.min.js.sri
- clerk-js/5.59.0-canary.v20250402073847/clerk.headless.js.br
- clerk-js/5.59.0-canary.v20250402073847/clerk.headless.js.gz
- clerk-js/5.59.0-canary.v20250402073847/clerk.headless.js.sri
- clerk-js/5.59.0-canary.v20250402073847/clerk.headless.min.js.br
- clerk-js/5.59.0-canary.v20250402073847/clerk.headless.min.js.gz
- clerk-js/5.59.0-canary.v20250402073847/clerk.headless.min.js.sri
- clerk-js/5.59.0-canary.v20250402073847/clerk.js.br
- clerk-js/5.59.0-canary.v20250402073847/clerk.js.gz
- clerk-js/5.59.0-canary.v20250402073847/clerk.js.sri
- clerk-js/5.59.0-canary.v20250402073847/clerk.min.js.br
- clerk-js/5.59.0-canary.v20250402073847/clerk.min.js.gz
- clerk-js/5.59.0-canary.v20250402073847/clerk.min.js.sri
- clerk-js/5.59.0-canary.v20250402073847/clerk.mjs.br
- clerk-js/5.59.0-canary.v20250402073847/clerk.mjs.gz
- clerk-js/5.59.0-canary.v20250402073847/clerk.no-rhc.js.br
- clerk-js/5.59.0-canary.v20250402073847/clerk.no-rhc.js.gz
- clerk-js/5.59.0-canary.v20250402073847/clerk.no-rhc.js.sri
- clerk-js/5.59.0-canary.v20250402073847/clerk.no-rhc.min.js.br
- clerk-js/5.59.0-canary.v20250402073847/clerk.no-rhc.min.js.gz
- clerk-js/5.59.0-canary.v20250402073847/clerk.no-rhc.min.js.sri
- clerk-js/5.59.0-canary.v20250402073847/clerk.no-rhc.mjs.br
- clerk-js/5.59.0-canary.v20250402073847/clerk.no-rhc.mjs.gz
- clerk-js/5.59.0-canary.v20250402073847/coinbase-wallet-sdk_4936ce_5.59.0-canary.v20250402073847.js.br
- clerk-js/5.59.0-canary.v20250402073847/coinbase-wallet-sdk_4936ce_5.59.0-canary.v20250402073847.js.gz
- clerk-js/5.59.0-canary.v20250402073847/coinbase-wallet-sdk_4936ce_5.59.0-canary.v20250402073847.js.sri
- clerk-js/5.59.0-canary.v20250402073847/coinbase-wallet-sdk_4936ce_5.59.0-canary.v20250402073847.min.js.br
- clerk-js/5.59.0-canary.v20250402073847/coinbase-wallet-sdk_4936ce_5.59.0-canary.v20250402073847.min.js.gz
- clerk-js/5.59.0-canary.v20250402073847/coinbase-wallet-sdk_4936ce_5.59.0-canary.v20250402073847.min.js.sri
- clerk-js/5.59.0-canary.v20250402073847/coinbase-wallet-sdk_746629_5.59.0-canary.v20250402073847.js.br
- clerk-js/5.59.0-canary.v20250402073847/coinbase-wallet-sdk_746629_5.59.0-canary.v20250402073847.js.gz
- clerk-js/5.59.0-canary.v20250402073847/coinbase-wallet-sdk_746629_5.59.0-canary.v20250402073847.js.sri
- clerk-js/5.59.0-canary.v20250402073847/coinbase-wallet-sdk_746629_5.59.0-canary.v20250402073847.min.js.br
- clerk-js/5.59.0-canary.v20250402073847/coinbase-wallet-sdk_746629_5.59.0-canary.v20250402073847.min.js.gz
- clerk-js/5.59.0-canary.v20250402073847/coinbase-wallet-sdk_746629_5.59.0-canary.v20250402073847.min.js.sri
- clerk-js/5.59.0-canary.v20250402073847/cookieSuffix_4936ce_5.59.0-canary.v20250402073847.js.br
- clerk-js/5.59.0-canary.v20250402073847/cookieSuffix_4936ce_5.59.0-canary.v20250402073847.js.gz
- clerk-js/5.59.0-canary.v20250402073847/cookieSuffix_4936ce_5.59.0-canary.v20250402073847.js.sri
- clerk-js/5.59.0-canary.v20250402073847/cookieSuffix_4936ce_5.59.0-canary.v20250402073847.min.js.br
- clerk-js/5.59.0-canary.v20250402073847/cookieSuffix_4936ce_5.59.0-canary.v20250402073847.min.js.gz
- clerk-js/5.59.0-canary.v20250402073847/cookieSuffix_4936ce_5.59.0-canary.v20250402073847.min.js.sri
- clerk-js/5.59.0-canary.v20250402073847/cookieSuffix_746629_5.59.0-canary.v20250402073847.js.br
- clerk-js/5.59.0-canary.v20250402073847/cookieSuffix_746629_5.59.0-canary.v20250402073847.js.gz
- clerk-js/5.59.0-canary.v20250402073847/cookieSuffix_746629_5.59.0-canary.v20250402073847.js.sri
- clerk-js/5.59.0-canary.v20250402073847/cookieSuffix_746629_5.59.0-canary.v20250402073847.min.js.br
- clerk-js/5.59.0-canary.v20250402073847/cookieSuffix_746629_5.59.0-canary.v20250402073847.min.js.gz
- clerk-js/5.59.0-canary.v20250402073847/cookieSuffix_746629_5.59.0-canary.v20250402073847.min.js.sri
- clerk-js/5.59.0-canary.v20250402073847/cookieSuffix_a0dbed_5.59.0-canary.v20250402073847.js.br
- clerk-js/5.59.0-canary.v20250402073847/cookieSuffix_a0dbed_5.59.0-canary.v20250402073847.js.gz
- clerk-js/5.59.0-canary.v20250402073847/cookieSuffix_a0dbed_5.59.0-canary.v20250402073847.js.sri
- clerk-js/5.59.0-canary.v20250402073847/cookieSuffix_a0dbed_5.59.0-canary.v20250402073847.min.js.br
- clerk-js/5.59.0-canary.v20250402073847/cookieSuffix_a0dbed_5.59.0-canary.v20250402073847.min.js.gz
- clerk-js/5.59.0-canary.v20250402073847/cookieSuffix_a0dbed_5.59.0-canary.v20250402073847.min.js.sri
- clerk-js/5.59.0-canary.v20250402073847/createorganization_746629_5.59.0-canary.v20250402073847.js.br
- clerk-js/5.59.0-canary.v20250402073847/createorganization_746629_5.59.0-canary.v20250402073847.js.gz
- clerk-js/5.59.0-canary.v20250402073847/createorganization_746629_5.59.0-canary.v20250402073847.js.sri
- clerk-js/5.59.0-canary.v20250402073847/createorganization_746629_5.59.0-canary.v20250402073847.min.js.br
- clerk-js/5.59.0-canary.v20250402073847/createorganization_746629_5.59.0-canary.v20250402073847.min.js.gz
- clerk-js/5.59.0-canary.v20250402073847/createorganization_746629_5.59.0-canary.v20250402073847.min.js.sri
- clerk-js/5.59.0-canary.v20250402073847/framework_746629_5.59.0-canary.v20250402073847.js.br
- clerk-js/5.59.0-canary.v20250402073847/framework_746629_5.59.0-canary.v20250402073847.js.gz
- clerk-js/5.59.0-canary.v20250402073847/framework_746629_5.59.0-canary.v20250402073847.js.sri
- clerk-js/5.59.0-canary.v20250402073847/framework_746629_5.59.0-canary.v20250402073847.min.js.br
- clerk-js/5.59.0-canary.v20250402073847/framework_746629_5.59.0-canary.v20250402073847.min.js.gz
- clerk-js/5.59.0-canary.v20250402073847/framework_746629_5.59.0-canary.v20250402073847.min.js.sri
- clerk-js/5.59.0-canary.v20250402073847/impersonationfab_746629_5.59.0-canary.v20250402073847.js.br
- clerk-js/5.59.0-canary.v20250402073847/impersonationfab_746629_5.59.0-canary.v20250402073847.js.gz
- clerk-js/5.59.0-canary.v20250402073847/impersonationfab_746629_5.59.0-canary.v20250402073847.js.sri
- clerk-js/5.59.0-canary.v20250402073847/impersonationfab_746629_5.59.0-canary.v20250402073847.min.js.br
- clerk-js/5.59.0-canary.v20250402073847/impersonationfab_746629_5.59.0-canary.v20250402073847.min.js.gz
- clerk-js/5.59.0-canary.v20250402073847/impersonationfab_746629_5.59.0-canary.v20250402073847.min.js.sri
- clerk-js/5.59.0-canary.v20250402073847/keylessPrompt_746629_5.59.0-canary.v20250402073847.js.br
- clerk-js/5.59.0-canary.v20250402073847/keylessPrompt_746629_5.59.0-canary.v20250402073847.js.gz
- clerk-js/5.59.0-canary.v20250402073847/keylessPrompt_746629_5.59.0-canary.v20250402073847.js.sri
- clerk-js/5.59.0-canary.v20250402073847/keylessPrompt_746629_5.59.0-canary.v20250402073847.min.js.br
- clerk-js/5.59.0-canary.v20250402073847/keylessPrompt_746629_5.59.0-canary.v20250402073847.min.js.gz
- clerk-js/5.59.0-canary.v20250402073847/keylessPrompt_746629_5.59.0-canary.v20250402073847.min.js.sri
- clerk-js/5.59.0-canary.v20250402073847/onetap_746629_5.59.0-canary.v20250402073847.js.br
- clerk-js/5.59.0-canary.v20250402073847/onetap_746629_5.59.0-canary.v20250402073847.js.gz
- clerk-js/5.59.0-canary.v20250402073847/onetap_746629_5.59.0-canary.v20250402073847.js.sri
- clerk-js/5.59.0-canary.v20250402073847/onetap_746629_5.59.0-canary.v20250402073847.min.js.br
- clerk-js/5.59.0-canary.v20250402073847/onetap_746629_5.59.0-canary.v20250402073847.min.js.gz
- clerk-js/5.59.0-canary.v20250402073847/onetap_746629_5.59.0-canary.v20250402073847.min.js.sri
- clerk-js/5.59.0-canary.v20250402073847/op-billing-page_746629_5.59.0-canary.v20250402073847.js.br
- clerk-js/5.59.0-canary.v20250402073847/op-billing-page_746629_5.59.0-canary.v20250402073847.js.gz
- clerk-js/5.59.0-canary.v20250402073847/op-billing-page_746629_5.59.0-canary.v20250402073847.js.sri
- clerk-js/5.59.0-canary.v20250402073847/op-billing-page_746629_5.59.0-canary.v20250402073847.min.js.br
- clerk-js/5.59.0-canary.v20250402073847/op-billing-page_746629_5.59.0-canary.v20250402073847.min.js.gz
- clerk-js/5.59.0-canary.v20250402073847/op-billing-page_746629_5.59.0-canary.v20250402073847.min.js.sri
- clerk-js/5.59.0-canary.v20250402073847/organizationlist_746629_5.59.0-canary.v20250402073847.js.br
- clerk-js/5.59.0-canary.v20250402073847/organizationlist_746629_5.59.0-canary.v20250402073847.js.gz
- clerk-js/5.59.0-canary.v20250402073847/organizationlist_746629_5.59.0-canary.v20250402073847.js.sri
- clerk-js/5.59.0-canary.v20250402073847/organizationlist_746629_5.59.0-canary.v20250402073847.min.js.br
- clerk-js/5.59.0-canary.v20250402073847/organizationlist_746629_5.59.0-canary.v20250402073847.min.js.gz
- clerk-js/5.59.0-canary.v20250402073847/organizationlist_746629_5.59.0-canary.v20250402073847.min.js.sri
- clerk-js/5.59.0-canary.v20250402073847/organizationprofile_746629_5.59.0-canary.v20250402073847.js.br
- clerk-js/5.59.0-canary.v20250402073847/organizationprofile_746629_5.59.0-canary.v20250402073847.js.gz
- clerk-js/5.59.0-canary.v20250402073847/organizationprofile_746629_5.59.0-canary.v20250402073847.js.sri
- clerk-js/5.59.0-canary.v20250402073847/organizationprofile_746629_5.59.0-canary.v20250402073847.min.js.br
- clerk-js/5.59.0-canary.v20250402073847/organizationprofile_746629_5.59.0-canary.v20250402073847.min.js.gz
- clerk-js/5.59.0-canary.v20250402073847/organizationprofile_746629_5.59.0-canary.v20250402073847.min.js.sri
- clerk-js/5.59.0-canary.v20250402073847/organizationswitcher_746629_5.59.0-canary.v20250402073847.js.br
- clerk-js/5.59.0-canary.v20250402073847/organizationswitcher_746629_5.59.0-canary.v20250402073847.js.gz
- clerk-js/5.59.0-canary.v20250402073847/organizationswitcher_746629_5.59.0-canary.v20250402073847.js.sri
- clerk-js/5.59.0-canary.v20250402073847/organizationswitcher_746629_5.59.0-canary.v20250402073847.min.js.br
- clerk-js/5.59.0-canary.v20250402073847/organizationswitcher_746629_5.59.0-canary.v20250402073847.min.js.gz
- clerk-js/5.59.0-canary.v20250402073847/organizationswitcher_746629_5.59.0-canary.v20250402073847.min.js.sri
- clerk-js/5.59.0-canary.v20250402073847/paymentSources_746629_5.59.0-canary.v20250402073847.js.br
- clerk-js/5.59.0-canary.v20250402073847/paymentSources_746629_5.59.0-canary.v20250402073847.js.gz
- clerk-js/5.59.0-canary.v20250402073847/paymentSources_746629_5.59.0-canary.v20250402073847.js.sri
- clerk-js/5.59.0-canary.v20250402073847/paymentSources_746629_5.59.0-canary.v20250402073847.min.js.br
- clerk-js/5.59.0-canary.v20250402073847/paymentSources_746629_5.59.0-canary.v20250402073847.min.js.gz
- clerk-js/5.59.0-canary.v20250402073847/paymentSources_746629_5.59.0-canary.v20250402073847.min.js.sri
- clerk-js/5.59.0-canary.v20250402073847/prefetchorganizationlist_746629_5.59.0-canary.v20250402073847.js.br
- clerk-js/5.59.0-canary.v20250402073847/prefetchorganizationlist_746629_5.59.0-canary.v20250402073847.js.gz
- clerk-js/5.59.0-canary.v20250402073847/prefetchorganizationlist_746629_5.59.0-canary.v20250402073847.js.sri
- clerk-js/5.59.0-canary.v20250402073847/prefetchorganizationlist_746629_5.59.0-canary.v20250402073847.min.js.br
- clerk-js/5.59.0-canary.v20250402073847/prefetchorganizationlist_746629_5.59.0-canary.v20250402073847.min.js.gz
- clerk-js/5.59.0-canary.v20250402073847/prefetchorganizationlist_746629_5.59.0-canary.v20250402073847.min.js.sri
- clerk-js/5.59.0-canary.v20250402073847/pricingTable_746629_5.59.0-canary.v20250402073847.js.br
- clerk-js/5.59.0-canary.v20250402073847/pricingTable_746629_5.59.0-canary.v20250402073847.js.gz
- clerk-js/5.59.0-canary.v20250402073847/pricingTable_746629_5.59.0-canary.v20250402073847.js.sri
- clerk-js/5.59.0-canary.v20250402073847/pricingTable_746629_5.59.0-canary.v20250402073847.min.js.br
- clerk-js/5.59.0-canary.v20250402073847/pricingTable_746629_5.59.0-canary.v20250402073847.min.js.gz
- clerk-js/5.59.0-canary.v20250402073847/pricingTable_746629_5.59.0-canary.v20250402073847.min.js.sri
- clerk-js/5.59.0-canary.v20250402073847/sessionTasks_746629_5.59.0-canary.v20250402073847.js.br
- clerk-js/5.59.0-canary.v20250402073847/sessionTasks_746629_5.59.0-canary.v20250402073847.js.gz
- clerk-js/5.59.0-canary.v20250402073847/sessionTasks_746629_5.59.0-canary.v20250402073847.js.sri
- clerk-js/5.59.0-canary.v20250402073847/sessionTasks_746629_5.59.0-canary.v20250402073847.min.js.br
- clerk-js/5.59.0-canary.v20250402073847/sessionTasks_746629_5.59.0-canary.v20250402073847.min.js.gz
- clerk-js/5.59.0-canary.v20250402073847/sessionTasks_746629_5.59.0-canary.v20250402073847.min.js.sri
- clerk-js/5.59.0-canary.v20250402073847/signin_746629_5.59.0-canary.v20250402073847.js.br
- clerk-js/5.59.0-canary.v20250402073847/signin_746629_5.59.0-canary.v20250402073847.js.gz
- clerk-js/5.59.0-canary.v20250402073847/signin_746629_5.59.0-canary.v20250402073847.js.sri
- clerk-js/5.59.0-canary.v20250402073847/signin_746629_5.59.0-canary.v20250402073847.min.js.br
- clerk-js/5.59.0-canary.v20250402073847/signin_746629_5.59.0-canary.v20250402073847.min.js.gz
- clerk-js/5.59.0-canary.v20250402073847/signin_746629_5.59.0-canary.v20250402073847.min.js.sri
- clerk-js/5.59.0-canary.v20250402073847/signup_746629_5.59.0-canary.v20250402073847.js.br
- clerk-js/5.59.0-canary.v20250402073847/signup_746629_5.59.0-canary.v20250402073847.js.gz
- clerk-js/5.59.0-canary.v20250402073847/signup_746629_5.59.0-canary.v20250402073847.js.sri
- clerk-js/5.59.0-canary.v20250402073847/signup_746629_5.59.0-canary.v20250402073847.min.js.br
- clerk-js/5.59.0-canary.v20250402073847/signup_746629_5.59.0-canary.v20250402073847.min.js.gz
- clerk-js/5.59.0-canary.v20250402073847/signup_746629_5.59.0-canary.v20250402073847.min.js.sri
- clerk-js/5.59.0-canary.v20250402073847/ui-common_746629_5.59.0-canary.v20250402073847.js.br
- clerk-js/5.59.0-canary.v20250402073847/ui-common_746629_5.59.0-canary.v20250402073847.js.gz
- clerk-js/5.59.0-canary.v20250402073847/ui-common_746629_5.59.0-canary.v20250402073847.js.sri
- clerk-js/5.59.0-canary.v20250402073847/ui-common_746629_5.59.0-canary.v20250402073847.min.js.br
- clerk-js/5.59.0-canary.v20250402073847/ui-common_746629_5.59.0-canary.v20250402073847.min.js.gz
- clerk-js/5.59.0-canary.v20250402073847/ui-common_746629_5.59.0-canary.v20250402073847.min.js.sri
- clerk-js/5.59.0-canary.v20250402073847/up-billing-page_746629_5.59.0-canary.v20250402073847.js.br
- clerk-js/5.59.0-canary.v20250402073847/up-billing-page_746629_5.59.0-canary.v20250402073847.js.gz
- clerk-js/5.59.0-canary.v20250402073847/up-billing-page_746629_5.59.0-canary.v20250402073847.js.sri
- clerk-js/5.59.0-canary.v20250402073847/up-billing-page_746629_5.59.0-canary.v20250402073847.min.js.br
- clerk-js/5.59.0-canary.v20250402073847/up-billing-page_746629_5.59.0-canary.v20250402073847.min.js.gz
- clerk-js/5.59.0-canary.v20250402073847/up-billing-page_746629_5.59.0-canary.v20250402073847.min.js.sri
- clerk-js/5.59.0-canary.v20250402073847/userbutton_746629_5.59.0-canary.v20250402073847.js.br
- clerk-js/5.59.0-canary.v20250402073847/userbutton_746629_5.59.0-canary.v20250402073847.js.gz
- clerk-js/5.59.0-canary.v20250402073847/userbutton_746629_5.59.0-canary.v20250402073847.js.sri
- clerk-js/5.59.0-canary.v20250402073847/userbutton_746629_5.59.0-canary.v20250402073847.min.js.br
- clerk-js/5.59.0-canary.v20250402073847/userbutton_746629_5.59.0-canary.v20250402073847.min.js.gz
- clerk-js/5.59.0-canary.v20250402073847/userbutton_746629_5.59.0-canary.v20250402073847.min.js.sri
- clerk-js/5.59.0-canary.v20250402073847/userprofile_746629_5.59.0-canary.v20250402073847.js.br
- clerk-js/5.59.0-canary.v20250402073847/userprofile_746629_5.59.0-canary.v20250402073847.js.gz
- clerk-js/5.59.0-canary.v20250402073847/userprofile_746629_5.59.0-canary.v20250402073847.js.sri
- clerk-js/5.59.0-canary.v20250402073847/userprofile_746629_5.59.0-canary.v20250402073847.min.js.br
- clerk-js/5.59.0-canary.v20250402073847/userprofile_746629_5.59.0-canary.v20250402073847.min.js.gz
- clerk-js/5.59.0-canary.v20250402073847/userprofile_746629_5.59.0-canary.v20250402073847.min.js.sri
- clerk-js/5.59.0-canary.v20250402073847/userverification_746629_5.59.0-canary.v20250402073847.js.br
- clerk-js/5.59.0-canary.v20250402073847/userverification_746629_5.59.0-canary.v20250402073847.js.gz
- clerk-js/5.59.0-canary.v20250402073847/userverification_746629_5.59.0-canary.v20250402073847.js.sri
- clerk-js/5.59.0-canary.v20250402073847/userverification_746629_5.59.0-canary.v20250402073847.min.js.br
- clerk-js/5.59.0-canary.v20250402073847/userverification_746629_5.59.0-canary.v20250402073847.min.js.gz
- clerk-js/5.59.0-canary.v20250402073847/userverification_746629_5.59.0-canary.v20250402073847.min.js.sri
- clerk-js/5.59.0-canary.v20250402073847/vendors_4936ce_5.59.0-canary.v20250402073847.js.br
- clerk-js/5.59.0-canary.v20250402073847/vendors_4936ce_5.59.0-canary.v20250402073847.js.gz
- clerk-js/5.59.0-canary.v20250402073847/vendors_4936ce_5.59.0-canary.v20250402073847.js.sri
- clerk-js/5.59.0-canary.v20250402073847/vendors_4936ce_5.59.0-canary.v20250402073847.min.js.br
- clerk-js/5.59.0-canary.v20250402073847/vendors_4936ce_5.59.0-canary.v20250402073847.min.js.gz
- clerk-js/5.59.0-canary.v20250402073847/vendors_4936ce_5.59.0-canary.v20250402073847.min.js.sri
- clerk-js/5.59.0-canary.v20250402073847/vendors_746629_5.59.0-canary.v20250402073847.js.br
- clerk-js/5.59.0-canary.v20250402073847/vendors_746629_5.59.0-canary.v20250402073847.js.gz
- clerk-js/5.59.0-canary.v20250402073847/vendors_746629_5.59.0-canary.v20250402073847.js.sri
- clerk-js/5.59.0-canary.v20250402073847/vendors_746629_5.59.0-canary.v20250402073847.min.js.br
- clerk-js/5.59.0-canary.v20250402073847/vendors_746629_5.59.0-canary.v20250402073847.min.js.gz
- clerk-js/5.59.0-canary.v20250402073847/vendors_746629_5.59.0-canary.v20250402073847.min.js.sri
- clerk-js/5.59.0-canary.v20250402073847/waitlist_746629_5.59.0-canary.v20250402073847.js.br
- clerk-js/5.59.0-canary.v20250402073847/waitlist_746629_5.59.0-canary.v20250402073847.js.gz
- clerk-js/5.59.0-canary.v20250402073847/waitlist_746629_5.59.0-canary.v20250402073847.js.sri
- clerk-js/5.59.0-canary.v20250402073847/waitlist_746629_5.59.0-canary.v20250402073847.min.js.br
- clerk-js/5.59.0-canary.v20250402073847/waitlist_746629_5.59.0-canary.v20250402073847.min.js.gz
- clerk-js/5.59.0-canary.v20250402073847/waitlist_746629_5.59.0-canary.v20250402073847.min.js.sri
- clerk-js/5.59.0-canary.v20250402073847/zxcvbn-common_4936ce_5.59.0-canary.v20250402073847.js.br
- clerk-js/5.59.0-canary.v20250402073847/zxcvbn-common_4936ce_5.59.0-canary.v20250402073847.js.gz
- clerk-js/5.59.0-canary.v20250402073847/zxcvbn-common_4936ce_5.59.0-canary.v20250402073847.js.sri
- clerk-js/5.59.0-canary.v20250402073847/zxcvbn-common_4936ce_5.59.0-canary.v20250402073847.min.js.br
- clerk-js/5.59.0-canary.v20250402073847/zxcvbn-common_4936ce_5.59.0-canary.v20250402073847.min.js.gz
- clerk-js/5.59.0-canary.v20250402073847/zxcvbn-common_4936ce_5.59.0-canary.v20250402073847.min.js.sri
- clerk-js/5.59.0-canary.v20250402073847/zxcvbn-common_746629_5.59.0-canary.v20250402073847.js.br
- clerk-js/5.59.0-canary.v20250402073847/zxcvbn-common_746629_5.59.0-canary.v20250402073847.js.gz
- clerk-js/5.59.0-canary.v20250402073847/zxcvbn-common_746629_5.59.0-canary.v20250402073847.js.sri
- clerk-js/5.59.0-canary.v20250402073847/zxcvbn-common_746629_5.59.0-canary.v20250402073847.min.js.br
- clerk-js/5.59.0-canary.v20250402073847/zxcvbn-common_746629_5.59.0-canary.v20250402073847.min.js.gz
- clerk-js/5.59.0-canary.v20250402073847/zxcvbn-common_746629_5.59.0-canary.v20250402073847.min.js.sri
- clerk-js/5.59.0-canary.v20250402073847/zxcvbn-ts-core_4936ce_5.59.0-canary.v20250402073847.js.br
- clerk-js/5.59.0-canary.v20250402073847/zxcvbn-ts-core_4936ce_5.59.0-canary.v20250402073847.js.gz
- clerk-js/5.59.0-canary.v20250402073847/zxcvbn-ts-core_4936ce_5.59.0-canary.v20250402073847.js.sri
- clerk-js/5.59.0-canary.v20250402073847/zxcvbn-ts-core_4936ce_5.59.0-canary.v20250402073847.min.js.br
- clerk-js/5.59.0-canary.v20250402073847/zxcvbn-ts-core_4936ce_5.59.0-canary.v20250402073847.min.js.gz
- clerk-js/5.59.0-canary.v20250402073847/zxcvbn-ts-core_4936ce_5.59.0-canary.v20250402073847.min.js.sri
- clerk-js/5.59.0-canary.v20250402073847/zxcvbn-ts-core_746629_5.59.0-canary.v20250402073847.js.br
- clerk-js/5.59.0-canary.v20250402073847/zxcvbn-ts-core_746629_5.59.0-canary.v20250402073847.js.gz
- clerk-js/5.59.0-canary.v20250402073847/zxcvbn-ts-core_746629_5.59.0-canary.v20250402073847.js.sri
- clerk-js/5.59.0-canary.v20250402073847/zxcvbn-ts-core_746629_5.59.0-canary.v20250402073847.min.js.br
- clerk-js/5.59.0-canary.v20250402073847/zxcvbn-ts-core_746629_5.59.0-canary.v20250402073847.min.js.gz
- clerk-js/5.59.0-canary.v20250402073847/zxcvbn-ts-core_746629_5.59.0-canary.v20250402073847.min.js.sri
