2025/06/25 04:01:26 optimizing files (Js true, Css true, Png true, Jpg true)
2025/06/25 04:01:26 compress: run /node_modules/uglify-js/bin/uglifyjs (3.15.4) [--mangle --compress if_return=true -o /tmp/work/dist/377_d7fc88_5.60.1-canary.v20250411131008.min.js /tmp/work/dist/377_d7fc88_5.60.1-canary.v20250411131008.js]
2025/06/25 04:01:26 compress: run /node_modules/uglify-js/bin/uglifyjs (3.15.4) [--mangle --compress if_return=true -o /tmp/work/dist/192_52342d_5.60.1-canary.v20250411131008.min.js /tmp/work/dist/192_52342d_5.60.1-canary.v20250411131008.js]
2025/06/25 04:01:26 compress: run /node_modules/uglify-js/bin/uglifyjs (3.15.4) [--mangle --compress if_return=true -o /tmp/work/dist/clerk.browser.min.js /tmp/work/dist/clerk.browser.js]
2025/06/25 04:01:26 compress: run /node_modules/uglify-js/bin/uglifyjs (3.15.4) [--mangle --compress if_return=true -o /tmp/work/dist/blankcaptcha_52342d_5.60.1-canary.v20250411131008.min.js /tmp/work/dist/blankcaptcha_52342d_5.60.1-canary.v20250411131008.js]
2025/06/25 04:01:26 compress: run /node_modules/uglify-js/bin/uglifyjs (3.15.4) [--mangle --compress if_return=true -o /tmp/work/dist/checkout_52342d_5.60.1-canary.v20250411131008.min.js /tmp/work/dist/checkout_52342d_5.60.1-canary.v20250411131008.js]
2025/06/25 04:01:26 compress: run /node_modules/uglify-js/bin/uglifyjs (3.15.4) [--mangle --compress if_return=true -o /tmp/work/dist/clerk.headless.browser.min.js /tmp/work/dist/clerk.headless.browser.js]
2025/06/25 04:01:26 compress: run /node_modules/uglify-js/bin/uglifyjs (3.15.4) [--mangle --compress if_return=true -o /tmp/work/dist/965_d7fc88_5.60.1-canary.v20250411131008.min.js /tmp/work/dist/965_d7fc88_5.60.1-canary.v20250411131008.js]
2025/06/25 04:01:26 compress: run /node_modules/uglify-js/bin/uglifyjs (3.15.4) [--mangle --compress if_return=true -o /tmp/work/dist/890_d7fc88_5.60.1-canary.v20250411131008.min.js /tmp/work/dist/890_d7fc88_5.60.1-canary.v20250411131008.js]
2025/06/25 04:01:26 sri /tmp/work/dist/blankcaptcha_52342d_5.60.1-canary.v20250411131008.min.js -> /output/blankcaptcha_52342d_5.60.1-canary.v20250411131008.min.js.sri
2025/06/25 04:01:26 algorithm: run /usr/bin/brotli --quality=11 --output=/output/blankcaptcha_52342d_5.60.1-canary.v20250411131008.min.js.br /tmp/work/dist/blankcaptcha_52342d_5.60.1-canary.v20250411131008.min.js
2025/06/25 04:01:26 br /tmp/work/dist/blankcaptcha_52342d_5.60.1-canary.v20250411131008.min.js -> /output/blankcaptcha_52342d_5.60.1-canary.v20250411131008.min.js.br
2025/06/25 04:01:26 gz /tmp/work/dist/blankcaptcha_52342d_5.60.1-canary.v20250411131008.min.js -> /output/blankcaptcha_52342d_5.60.1-canary.v20250411131008.min.js.gz
2025/06/25 04:01:26 sri /tmp/work/dist/blankcaptcha_52342d_5.60.1-canary.v20250411131008.js -> /output/blankcaptcha_52342d_5.60.1-canary.v20250411131008.js.sri
2025/06/25 04:01:26 algorithm: run /usr/bin/brotli --quality=11 --output=/output/blankcaptcha_52342d_5.60.1-canary.v20250411131008.js.br /tmp/work/dist/blankcaptcha_52342d_5.60.1-canary.v20250411131008.js
2025/06/25 04:01:26 br /tmp/work/dist/blankcaptcha_52342d_5.60.1-canary.v20250411131008.js -> /output/blankcaptcha_52342d_5.60.1-canary.v20250411131008.js.br
2025/06/25 04:01:26 gz /tmp/work/dist/blankcaptcha_52342d_5.60.1-canary.v20250411131008.js -> /output/blankcaptcha_52342d_5.60.1-canary.v20250411131008.js.gz
2025/06/25 04:01:26 compress: run /node_modules/uglify-js/bin/uglifyjs (3.15.4) [--mangle --compress if_return=true -o /tmp/work/dist/clerk.headless.min.js /tmp/work/dist/clerk.headless.js]
2025/06/25 04:01:26 sri /tmp/work/dist/checkout_52342d_5.60.1-canary.v20250411131008.min.js -> /output/checkout_52342d_5.60.1-canary.v20250411131008.min.js.sri
2025/06/25 04:01:26 algorithm: run /usr/bin/brotli --quality=11 --output=/output/checkout_52342d_5.60.1-canary.v20250411131008.min.js.br /tmp/work/dist/checkout_52342d_5.60.1-canary.v20250411131008.min.js
2025/06/25 04:01:26 br /tmp/work/dist/checkout_52342d_5.60.1-canary.v20250411131008.min.js -> /output/checkout_52342d_5.60.1-canary.v20250411131008.min.js.br
2025/06/25 04:01:26 gz /tmp/work/dist/checkout_52342d_5.60.1-canary.v20250411131008.min.js -> /output/checkout_52342d_5.60.1-canary.v20250411131008.min.js.gz
2025/06/25 04:01:26 sri /tmp/work/dist/checkout_52342d_5.60.1-canary.v20250411131008.js -> /output/checkout_52342d_5.60.1-canary.v20250411131008.js.sri
2025/06/25 04:01:26 algorithm: run /usr/bin/brotli --quality=11 --output=/output/checkout_52342d_5.60.1-canary.v20250411131008.js.br /tmp/work/dist/checkout_52342d_5.60.1-canary.v20250411131008.js
2025/06/25 04:01:26 br /tmp/work/dist/checkout_52342d_5.60.1-canary.v20250411131008.js -> /output/checkout_52342d_5.60.1-canary.v20250411131008.js.br
2025/06/25 04:01:26 gz /tmp/work/dist/checkout_52342d_5.60.1-canary.v20250411131008.js -> /output/checkout_52342d_5.60.1-canary.v20250411131008.js.gz
2025/06/25 04:01:26 compress: run /node_modules/uglify-js/bin/uglifyjs (3.15.4) [--mangle --compress if_return=true -o /tmp/work/dist/clerk.min.js /tmp/work/dist/clerk.js]
2025/06/25 04:01:26 sri /tmp/work/dist/192_52342d_5.60.1-canary.v20250411131008.min.js -> /output/192_52342d_5.60.1-canary.v20250411131008.min.js.sri
2025/06/25 04:01:26 algorithm: run /usr/bin/brotli --quality=11 --output=/output/192_52342d_5.60.1-canary.v20250411131008.min.js.br /tmp/work/dist/192_52342d_5.60.1-canary.v20250411131008.min.js
2025/06/25 04:01:26 br /tmp/work/dist/192_52342d_5.60.1-canary.v20250411131008.min.js -> /output/192_52342d_5.60.1-canary.v20250411131008.min.js.br
2025/06/25 04:01:26 gz /tmp/work/dist/192_52342d_5.60.1-canary.v20250411131008.min.js -> /output/192_52342d_5.60.1-canary.v20250411131008.min.js.gz
2025/06/25 04:01:26 sri /tmp/work/dist/192_52342d_5.60.1-canary.v20250411131008.js -> /output/192_52342d_5.60.1-canary.v20250411131008.js.sri
2025/06/25 04:01:26 algorithm: run /usr/bin/brotli --quality=11 --output=/output/192_52342d_5.60.1-canary.v20250411131008.js.br /tmp/work/dist/192_52342d_5.60.1-canary.v20250411131008.js
2025/06/25 04:01:26 br /tmp/work/dist/192_52342d_5.60.1-canary.v20250411131008.js -> /output/192_52342d_5.60.1-canary.v20250411131008.js.br
2025/06/25 04:01:26 gz /tmp/work/dist/192_52342d_5.60.1-canary.v20250411131008.js -> /output/192_52342d_5.60.1-canary.v20250411131008.js.gz
2025/06/25 04:01:26 algorithm: run /usr/bin/brotli --quality=11 --output=/output/clerk.mjs.br /tmp/work/dist/clerk.mjs
2025/06/25 04:01:27 sri /tmp/work/dist/377_d7fc88_5.60.1-canary.v20250411131008.min.js -> /output/377_d7fc88_5.60.1-canary.v20250411131008.min.js.sri
2025/06/25 04:01:27 algorithm: run /usr/bin/brotli --quality=11 --output=/output/377_d7fc88_5.60.1-canary.v20250411131008.min.js.br /tmp/work/dist/377_d7fc88_5.60.1-canary.v20250411131008.min.js
2025/06/25 04:01:27 sri /tmp/work/dist/890_d7fc88_5.60.1-canary.v20250411131008.min.js -> /output/890_d7fc88_5.60.1-canary.v20250411131008.min.js.sri
2025/06/25 04:01:27 algorithm: run /usr/bin/brotli --quality=11 --output=/output/890_d7fc88_5.60.1-canary.v20250411131008.min.js.br /tmp/work/dist/890_d7fc88_5.60.1-canary.v20250411131008.min.js
2025/06/25 04:01:27 br /tmp/work/dist/890_d7fc88_5.60.1-canary.v20250411131008.min.js -> /output/890_d7fc88_5.60.1-canary.v20250411131008.min.js.br
2025/06/25 04:01:27 gz /tmp/work/dist/890_d7fc88_5.60.1-canary.v20250411131008.min.js -> /output/890_d7fc88_5.60.1-canary.v20250411131008.min.js.gz
2025/06/25 04:01:27 sri /tmp/work/dist/890_d7fc88_5.60.1-canary.v20250411131008.js -> /output/890_d7fc88_5.60.1-canary.v20250411131008.js.sri
2025/06/25 04:01:27 algorithm: run /usr/bin/brotli --quality=11 --output=/output/890_d7fc88_5.60.1-canary.v20250411131008.js.br /tmp/work/dist/890_d7fc88_5.60.1-canary.v20250411131008.js
2025/06/25 04:01:27 br /tmp/work/dist/890_d7fc88_5.60.1-canary.v20250411131008.js -> /output/890_d7fc88_5.60.1-canary.v20250411131008.js.br
2025/06/25 04:01:27 gz /tmp/work/dist/890_d7fc88_5.60.1-canary.v20250411131008.js -> /output/890_d7fc88_5.60.1-canary.v20250411131008.js.gz
2025/06/25 04:01:27 compress: run /node_modules/uglify-js/bin/uglifyjs (3.15.4) [--mangle --compress if_return=true -o /tmp/work/dist/clerk.no-rhc.min.js /tmp/work/dist/clerk.no-rhc.js]
2025/06/25 04:01:28 br /tmp/work/dist/377_d7fc88_5.60.1-canary.v20250411131008.min.js -> /output/377_d7fc88_5.60.1-canary.v20250411131008.min.js.br
2025/06/25 04:01:28 gz /tmp/work/dist/377_d7fc88_5.60.1-canary.v20250411131008.min.js -> /output/377_d7fc88_5.60.1-canary.v20250411131008.min.js.gz
2025/06/25 04:01:28 sri /tmp/work/dist/377_d7fc88_5.60.1-canary.v20250411131008.js -> /output/377_d7fc88_5.60.1-canary.v20250411131008.js.sri
2025/06/25 04:01:28 algorithm: run /usr/bin/brotli --quality=11 --output=/output/377_d7fc88_5.60.1-canary.v20250411131008.js.br /tmp/work/dist/377_d7fc88_5.60.1-canary.v20250411131008.js
2025/06/25 04:01:29 sri /tmp/work/dist/965_d7fc88_5.60.1-canary.v20250411131008.min.js -> /output/965_d7fc88_5.60.1-canary.v20250411131008.min.js.sri
2025/06/25 04:01:29 algorithm: run /usr/bin/brotli --quality=11 --output=/output/965_d7fc88_5.60.1-canary.v20250411131008.min.js.br /tmp/work/dist/965_d7fc88_5.60.1-canary.v20250411131008.min.js
2025/06/25 04:01:30 br /tmp/work/dist/965_d7fc88_5.60.1-canary.v20250411131008.min.js -> /output/965_d7fc88_5.60.1-canary.v20250411131008.min.js.br
2025/06/25 04:01:30 gz /tmp/work/dist/965_d7fc88_5.60.1-canary.v20250411131008.min.js -> /output/965_d7fc88_5.60.1-canary.v20250411131008.min.js.gz
2025/06/25 04:01:30 sri /tmp/work/dist/965_d7fc88_5.60.1-canary.v20250411131008.js -> /output/965_d7fc88_5.60.1-canary.v20250411131008.js.sri
2025/06/25 04:01:30 algorithm: run /usr/bin/brotli --quality=11 --output=/output/965_d7fc88_5.60.1-canary.v20250411131008.js.br /tmp/work/dist/965_d7fc88_5.60.1-canary.v20250411131008.js
2025/06/25 04:01:30 br /tmp/work/dist/377_d7fc88_5.60.1-canary.v20250411131008.js -> /output/377_d7fc88_5.60.1-canary.v20250411131008.js.br
2025/06/25 04:01:30 gz /tmp/work/dist/377_d7fc88_5.60.1-canary.v20250411131008.js -> /output/377_d7fc88_5.60.1-canary.v20250411131008.js.gz
2025/06/25 04:01:30 algorithm: run /usr/bin/brotli --quality=11 --output=/output/clerk.no-rhc.mjs.br /tmp/work/dist/clerk.no-rhc.mjs
2025/06/25 04:01:30 br /tmp/work/dist/965_d7fc88_5.60.1-canary.v20250411131008.js -> /output/965_d7fc88_5.60.1-canary.v20250411131008.js.br
2025/06/25 04:01:30 gz /tmp/work/dist/965_d7fc88_5.60.1-canary.v20250411131008.js -> /output/965_d7fc88_5.60.1-canary.v20250411131008.js.gz
2025/06/25 04:01:30 compress: run /node_modules/uglify-js/bin/uglifyjs (3.15.4) [--mangle --compress if_return=true -o /tmp/work/dist/coinbase-wallet-sdk_3046bc_5.60.1-canary.v20250411131008.min.js /tmp/work/dist/coinbase-wallet-sdk_3046bc_5.60.1-canary.v20250411131008.js]
2025/06/25 04:01:33 sri /tmp/work/dist/clerk.headless.browser.min.js -> /output/clerk.headless.browser.min.js.sri
2025/06/25 04:01:33 algorithm: run /usr/bin/brotli --quality=11 --output=/output/clerk.headless.browser.min.js.br /tmp/work/dist/clerk.headless.browser.min.js
2025/06/25 04:01:33 br /tmp/work/dist/clerk.mjs -> /output/clerk.mjs.br
2025/06/25 04:01:33 sri /tmp/work/dist/clerk.headless.min.js -> /output/clerk.headless.min.js.sri
2025/06/25 04:01:33 algorithm: run /usr/bin/brotli --quality=11 --output=/output/clerk.headless.min.js.br /tmp/work/dist/clerk.headless.min.js
2025/06/25 04:01:33 gz /tmp/work/dist/clerk.mjs -> /output/clerk.mjs.gz
2025/06/25 04:01:33 compress: run /node_modules/uglify-js/bin/uglifyjs (3.15.4) [--mangle --compress if_return=true -o /tmp/work/dist/coinbase-wallet-sdk_52342d_5.60.1-canary.v20250411131008.min.js /tmp/work/dist/coinbase-wallet-sdk_52342d_5.60.1-canary.v20250411131008.js]
2025/06/25 04:01:33 br /tmp/work/dist/clerk.headless.browser.min.js -> /output/clerk.headless.browser.min.js.br
2025/06/25 04:01:33 gz /tmp/work/dist/clerk.headless.browser.min.js -> /output/clerk.headless.browser.min.js.gz
2025/06/25 04:01:33 sri /tmp/work/dist/clerk.headless.browser.js -> /output/clerk.headless.browser.js.sri
2025/06/25 04:01:33 algorithm: run /usr/bin/brotli --quality=11 --output=/output/clerk.headless.browser.js.br /tmp/work/dist/clerk.headless.browser.js
2025/06/25 04:01:34 br /tmp/work/dist/clerk.headless.min.js -> /output/clerk.headless.min.js.br
2025/06/25 04:01:34 gz /tmp/work/dist/clerk.headless.min.js -> /output/clerk.headless.min.js.gz
2025/06/25 04:01:34 sri /tmp/work/dist/clerk.headless.js -> /output/clerk.headless.js.sri
2025/06/25 04:01:34 algorithm: run /usr/bin/brotli --quality=11 --output=/output/clerk.headless.js.br /tmp/work/dist/clerk.headless.js
2025/06/25 04:01:34 br /tmp/work/dist/clerk.headless.browser.js -> /output/clerk.headless.browser.js.br
2025/06/25 04:01:34 gz /tmp/work/dist/clerk.headless.browser.js -> /output/clerk.headless.browser.js.gz
2025/06/25 04:01:34 compress: run /node_modules/uglify-js/bin/uglifyjs (3.15.4) [--mangle --compress if_return=true -o /tmp/work/dist/cookieSuffix_3046bc_5.60.1-canary.v20250411131008.min.js /tmp/work/dist/cookieSuffix_3046bc_5.60.1-canary.v20250411131008.js]
2025/06/25 04:01:34 sri /tmp/work/dist/coinbase-wallet-sdk_3046bc_5.60.1-canary.v20250411131008.min.js -> /output/coinbase-wallet-sdk_3046bc_5.60.1-canary.v20250411131008.min.js.sri
2025/06/25 04:01:34 algorithm: run /usr/bin/brotli --quality=11 --output=/output/coinbase-wallet-sdk_3046bc_5.60.1-canary.v20250411131008.min.js.br /tmp/work/dist/coinbase-wallet-sdk_3046bc_5.60.1-canary.v20250411131008.min.js
2025/06/25 04:01:34 sri /tmp/work/dist/cookieSuffix_3046bc_5.60.1-canary.v20250411131008.min.js -> /output/cookieSuffix_3046bc_5.60.1-canary.v20250411131008.min.js.sri
2025/06/25 04:01:34 algorithm: run /usr/bin/brotli --quality=11 --output=/output/cookieSuffix_3046bc_5.60.1-canary.v20250411131008.min.js.br /tmp/work/dist/cookieSuffix_3046bc_5.60.1-canary.v20250411131008.min.js
2025/06/25 04:01:34 br /tmp/work/dist/cookieSuffix_3046bc_5.60.1-canary.v20250411131008.min.js -> /output/cookieSuffix_3046bc_5.60.1-canary.v20250411131008.min.js.br
2025/06/25 04:01:34 gz /tmp/work/dist/cookieSuffix_3046bc_5.60.1-canary.v20250411131008.min.js -> /output/cookieSuffix_3046bc_5.60.1-canary.v20250411131008.min.js.gz
2025/06/25 04:01:34 sri /tmp/work/dist/cookieSuffix_3046bc_5.60.1-canary.v20250411131008.js -> /output/cookieSuffix_3046bc_5.60.1-canary.v20250411131008.js.sri
2025/06/25 04:01:34 algorithm: run /usr/bin/brotli --quality=11 --output=/output/cookieSuffix_3046bc_5.60.1-canary.v20250411131008.js.br /tmp/work/dist/cookieSuffix_3046bc_5.60.1-canary.v20250411131008.js
2025/06/25 04:01:34 br /tmp/work/dist/cookieSuffix_3046bc_5.60.1-canary.v20250411131008.js -> /output/cookieSuffix_3046bc_5.60.1-canary.v20250411131008.js.br
2025/06/25 04:01:34 gz /tmp/work/dist/cookieSuffix_3046bc_5.60.1-canary.v20250411131008.js -> /output/cookieSuffix_3046bc_5.60.1-canary.v20250411131008.js.gz
2025/06/25 04:01:34 compress: run /node_modules/uglify-js/bin/uglifyjs (3.15.4) [--mangle --compress if_return=true -o /tmp/work/dist/cookieSuffix_52342d_5.60.1-canary.v20250411131008.min.js /tmp/work/dist/cookieSuffix_52342d_5.60.1-canary.v20250411131008.js]
2025/06/25 04:01:35 br /tmp/work/dist/coinbase-wallet-sdk_3046bc_5.60.1-canary.v20250411131008.min.js -> /output/coinbase-wallet-sdk_3046bc_5.60.1-canary.v20250411131008.min.js.br
2025/06/25 04:01:35 gz /tmp/work/dist/coinbase-wallet-sdk_3046bc_5.60.1-canary.v20250411131008.min.js -> /output/coinbase-wallet-sdk_3046bc_5.60.1-canary.v20250411131008.min.js.gz
2025/06/25 04:01:35 sri /tmp/work/dist/cookieSuffix_52342d_5.60.1-canary.v20250411131008.min.js -> /output/cookieSuffix_52342d_5.60.1-canary.v20250411131008.min.js.sri
2025/06/25 04:01:35 algorithm: run /usr/bin/brotli --quality=11 --output=/output/cookieSuffix_52342d_5.60.1-canary.v20250411131008.min.js.br /tmp/work/dist/cookieSuffix_52342d_5.60.1-canary.v20250411131008.min.js
2025/06/25 04:01:35 sri /tmp/work/dist/coinbase-wallet-sdk_3046bc_5.60.1-canary.v20250411131008.js -> /output/coinbase-wallet-sdk_3046bc_5.60.1-canary.v20250411131008.js.sri
2025/06/25 04:01:35 algorithm: run /usr/bin/brotli --quality=11 --output=/output/coinbase-wallet-sdk_3046bc_5.60.1-canary.v20250411131008.js.br /tmp/work/dist/coinbase-wallet-sdk_3046bc_5.60.1-canary.v20250411131008.js
2025/06/25 04:01:35 br /tmp/work/dist/cookieSuffix_52342d_5.60.1-canary.v20250411131008.min.js -> /output/cookieSuffix_52342d_5.60.1-canary.v20250411131008.min.js.br
2025/06/25 04:01:35 gz /tmp/work/dist/cookieSuffix_52342d_5.60.1-canary.v20250411131008.min.js -> /output/cookieSuffix_52342d_5.60.1-canary.v20250411131008.min.js.gz
2025/06/25 04:01:35 sri /tmp/work/dist/cookieSuffix_52342d_5.60.1-canary.v20250411131008.js -> /output/cookieSuffix_52342d_5.60.1-canary.v20250411131008.js.sri
2025/06/25 04:01:35 algorithm: run /usr/bin/brotli --quality=11 --output=/output/cookieSuffix_52342d_5.60.1-canary.v20250411131008.js.br /tmp/work/dist/cookieSuffix_52342d_5.60.1-canary.v20250411131008.js
2025/06/25 04:01:35 br /tmp/work/dist/cookieSuffix_52342d_5.60.1-canary.v20250411131008.js -> /output/cookieSuffix_52342d_5.60.1-canary.v20250411131008.js.br
2025/06/25 04:01:35 gz /tmp/work/dist/cookieSuffix_52342d_5.60.1-canary.v20250411131008.js -> /output/cookieSuffix_52342d_5.60.1-canary.v20250411131008.js.gz
2025/06/25 04:01:35 compress: run /node_modules/uglify-js/bin/uglifyjs (3.15.4) [--mangle --compress if_return=true -o /tmp/work/dist/cookieSuffix_d7fc88_5.60.1-canary.v20250411131008.min.js /tmp/work/dist/cookieSuffix_d7fc88_5.60.1-canary.v20250411131008.js]
2025/06/25 04:01:35 sri /tmp/work/dist/clerk.browser.min.js -> /output/clerk.browser.min.js.sri
2025/06/25 04:01:35 algorithm: run /usr/bin/brotli --quality=11 --output=/output/clerk.browser.min.js.br /tmp/work/dist/clerk.browser.min.js
2025/06/25 04:01:35 br /tmp/work/dist/clerk.headless.js -> /output/clerk.headless.js.br
2025/06/25 04:01:35 gz /tmp/work/dist/clerk.headless.js -> /output/clerk.headless.js.gz
2025/06/25 04:01:35 compress: run /node_modules/uglify-js/bin/uglifyjs (3.15.4) [--mangle --compress if_return=true -o /tmp/work/dist/createorganization_52342d_5.60.1-canary.v20250411131008.min.js /tmp/work/dist/createorganization_52342d_5.60.1-canary.v20250411131008.js]
2025/06/25 04:01:35 br /tmp/work/dist/coinbase-wallet-sdk_3046bc_5.60.1-canary.v20250411131008.js -> /output/coinbase-wallet-sdk_3046bc_5.60.1-canary.v20250411131008.js.br
2025/06/25 04:01:35 gz /tmp/work/dist/coinbase-wallet-sdk_3046bc_5.60.1-canary.v20250411131008.js -> /output/coinbase-wallet-sdk_3046bc_5.60.1-canary.v20250411131008.js.gz
2025/06/25 04:01:35 compress: run /node_modules/uglify-js/bin/uglifyjs (3.15.4) [--mangle --compress if_return=true -o /tmp/work/dist/framework_52342d_5.60.1-canary.v20250411131008.min.js /tmp/work/dist/framework_52342d_5.60.1-canary.v20250411131008.js]
2025/06/25 04:01:35 sri /tmp/work/dist/cookieSuffix_d7fc88_5.60.1-canary.v20250411131008.min.js -> /output/cookieSuffix_d7fc88_5.60.1-canary.v20250411131008.min.js.sri
2025/06/25 04:01:35 algorithm: run /usr/bin/brotli --quality=11 --output=/output/cookieSuffix_d7fc88_5.60.1-canary.v20250411131008.min.js.br /tmp/work/dist/cookieSuffix_d7fc88_5.60.1-canary.v20250411131008.min.js
2025/06/25 04:01:35 sri /tmp/work/dist/createorganization_52342d_5.60.1-canary.v20250411131008.min.js -> /output/createorganization_52342d_5.60.1-canary.v20250411131008.min.js.sri
2025/06/25 04:01:35 algorithm: run /usr/bin/brotli --quality=11 --output=/output/createorganization_52342d_5.60.1-canary.v20250411131008.min.js.br /tmp/work/dist/createorganization_52342d_5.60.1-canary.v20250411131008.min.js
2025/06/25 04:01:35 br /tmp/work/dist/cookieSuffix_d7fc88_5.60.1-canary.v20250411131008.min.js -> /output/cookieSuffix_d7fc88_5.60.1-canary.v20250411131008.min.js.br
2025/06/25 04:01:35 gz /tmp/work/dist/cookieSuffix_d7fc88_5.60.1-canary.v20250411131008.min.js -> /output/cookieSuffix_d7fc88_5.60.1-canary.v20250411131008.min.js.gz
2025/06/25 04:01:35 sri /tmp/work/dist/cookieSuffix_d7fc88_5.60.1-canary.v20250411131008.js -> /output/cookieSuffix_d7fc88_5.60.1-canary.v20250411131008.js.sri
2025/06/25 04:01:35 algorithm: run /usr/bin/brotli --quality=11 --output=/output/cookieSuffix_d7fc88_5.60.1-canary.v20250411131008.js.br /tmp/work/dist/cookieSuffix_d7fc88_5.60.1-canary.v20250411131008.js
2025/06/25 04:01:35 br /tmp/work/dist/createorganization_52342d_5.60.1-canary.v20250411131008.min.js -> /output/createorganization_52342d_5.60.1-canary.v20250411131008.min.js.br
2025/06/25 04:01:35 br /tmp/work/dist/cookieSuffix_d7fc88_5.60.1-canary.v20250411131008.js -> /output/cookieSuffix_d7fc88_5.60.1-canary.v20250411131008.js.br
2025/06/25 04:01:35 gz /tmp/work/dist/cookieSuffix_d7fc88_5.60.1-canary.v20250411131008.js -> /output/cookieSuffix_d7fc88_5.60.1-canary.v20250411131008.js.gz
2025/06/25 04:01:35 compress: run /node_modules/uglify-js/bin/uglifyjs (3.15.4) [--mangle --compress if_return=true -o /tmp/work/dist/impersonationfab_52342d_5.60.1-canary.v20250411131008.min.js /tmp/work/dist/impersonationfab_52342d_5.60.1-canary.v20250411131008.js]
2025/06/25 04:01:35 gz /tmp/work/dist/createorganization_52342d_5.60.1-canary.v20250411131008.min.js -> /output/createorganization_52342d_5.60.1-canary.v20250411131008.min.js.gz
2025/06/25 04:01:35 sri /tmp/work/dist/createorganization_52342d_5.60.1-canary.v20250411131008.js -> /output/createorganization_52342d_5.60.1-canary.v20250411131008.js.sri
2025/06/25 04:01:35 algorithm: run /usr/bin/brotli --quality=11 --output=/output/createorganization_52342d_5.60.1-canary.v20250411131008.js.br /tmp/work/dist/createorganization_52342d_5.60.1-canary.v20250411131008.js
2025/06/25 04:01:35 br /tmp/work/dist/createorganization_52342d_5.60.1-canary.v20250411131008.js -> /output/createorganization_52342d_5.60.1-canary.v20250411131008.js.br
2025/06/25 04:01:35 gz /tmp/work/dist/createorganization_52342d_5.60.1-canary.v20250411131008.js -> /output/createorganization_52342d_5.60.1-canary.v20250411131008.js.gz
2025/06/25 04:01:35 compress: run /node_modules/uglify-js/bin/uglifyjs (3.15.4) [--mangle --compress if_return=true -o /tmp/work/dist/keylessPrompt_52342d_5.60.1-canary.v20250411131008.min.js /tmp/work/dist/keylessPrompt_52342d_5.60.1-canary.v20250411131008.js]
2025/06/25 04:01:36 br /tmp/work/dist/clerk.browser.min.js -> /output/clerk.browser.min.js.br
2025/06/25 04:01:36 gz /tmp/work/dist/clerk.browser.min.js -> /output/clerk.browser.min.js.gz
2025/06/25 04:01:36 sri /tmp/work/dist/clerk.browser.js -> /output/clerk.browser.js.sri
2025/06/25 04:01:36 algorithm: run /usr/bin/brotli --quality=11 --output=/output/clerk.browser.js.br /tmp/work/dist/clerk.browser.js
2025/06/25 04:01:36 sri /tmp/work/dist/impersonationfab_52342d_5.60.1-canary.v20250411131008.min.js -> /output/impersonationfab_52342d_5.60.1-canary.v20250411131008.min.js.sri
2025/06/25 04:01:36 algorithm: run /usr/bin/brotli --quality=11 --output=/output/impersonationfab_52342d_5.60.1-canary.v20250411131008.min.js.br /tmp/work/dist/impersonationfab_52342d_5.60.1-canary.v20250411131008.min.js
2025/06/25 04:01:36 br /tmp/work/dist/impersonationfab_52342d_5.60.1-canary.v20250411131008.min.js -> /output/impersonationfab_52342d_5.60.1-canary.v20250411131008.min.js.br
2025/06/25 04:01:36 gz /tmp/work/dist/impersonationfab_52342d_5.60.1-canary.v20250411131008.min.js -> /output/impersonationfab_52342d_5.60.1-canary.v20250411131008.min.js.gz
2025/06/25 04:01:36 sri /tmp/work/dist/impersonationfab_52342d_5.60.1-canary.v20250411131008.js -> /output/impersonationfab_52342d_5.60.1-canary.v20250411131008.js.sri
2025/06/25 04:01:36 algorithm: run /usr/bin/brotli --quality=11 --output=/output/impersonationfab_52342d_5.60.1-canary.v20250411131008.js.br /tmp/work/dist/impersonationfab_52342d_5.60.1-canary.v20250411131008.js
2025/06/25 04:01:36 br /tmp/work/dist/impersonationfab_52342d_5.60.1-canary.v20250411131008.js -> /output/impersonationfab_52342d_5.60.1-canary.v20250411131008.js.br
2025/06/25 04:01:36 gz /tmp/work/dist/impersonationfab_52342d_5.60.1-canary.v20250411131008.js -> /output/impersonationfab_52342d_5.60.1-canary.v20250411131008.js.gz
2025/06/25 04:01:36 compress: run /node_modules/uglify-js/bin/uglifyjs (3.15.4) [--mangle --compress if_return=true -o /tmp/work/dist/onetap_52342d_5.60.1-canary.v20250411131008.min.js /tmp/work/dist/onetap_52342d_5.60.1-canary.v20250411131008.js]
2025/06/25 04:01:36 sri /tmp/work/dist/keylessPrompt_52342d_5.60.1-canary.v20250411131008.min.js -> /output/keylessPrompt_52342d_5.60.1-canary.v20250411131008.min.js.sri
2025/06/25 04:01:36 algorithm: run /usr/bin/brotli --quality=11 --output=/output/keylessPrompt_52342d_5.60.1-canary.v20250411131008.min.js.br /tmp/work/dist/keylessPrompt_52342d_5.60.1-canary.v20250411131008.min.js
2025/06/25 04:01:36 br /tmp/work/dist/keylessPrompt_52342d_5.60.1-canary.v20250411131008.min.js -> /output/keylessPrompt_52342d_5.60.1-canary.v20250411131008.min.js.br
2025/06/25 04:01:36 gz /tmp/work/dist/keylessPrompt_52342d_5.60.1-canary.v20250411131008.min.js -> /output/keylessPrompt_52342d_5.60.1-canary.v20250411131008.min.js.gz
2025/06/25 04:01:36 sri /tmp/work/dist/keylessPrompt_52342d_5.60.1-canary.v20250411131008.js -> /output/keylessPrompt_52342d_5.60.1-canary.v20250411131008.js.sri
2025/06/25 04:01:36 algorithm: run /usr/bin/brotli --quality=11 --output=/output/keylessPrompt_52342d_5.60.1-canary.v20250411131008.js.br /tmp/work/dist/keylessPrompt_52342d_5.60.1-canary.v20250411131008.js
2025/06/25 04:01:36 br /tmp/work/dist/keylessPrompt_52342d_5.60.1-canary.v20250411131008.js -> /output/keylessPrompt_52342d_5.60.1-canary.v20250411131008.js.br
2025/06/25 04:01:36 gz /tmp/work/dist/keylessPrompt_52342d_5.60.1-canary.v20250411131008.js -> /output/keylessPrompt_52342d_5.60.1-canary.v20250411131008.js.gz
2025/06/25 04:01:36 compress: run /node_modules/uglify-js/bin/uglifyjs (3.15.4) [--mangle --compress if_return=true -o /tmp/work/dist/op-billing-page_52342d_5.60.1-canary.v20250411131008.min.js /tmp/work/dist/op-billing-page_52342d_5.60.1-canary.v20250411131008.js]
2025/06/25 04:01:36 sri /tmp/work/dist/onetap_52342d_5.60.1-canary.v20250411131008.min.js -> /output/onetap_52342d_5.60.1-canary.v20250411131008.min.js.sri
2025/06/25 04:01:36 algorithm: run /usr/bin/brotli --quality=11 --output=/output/onetap_52342d_5.60.1-canary.v20250411131008.min.js.br /tmp/work/dist/onetap_52342d_5.60.1-canary.v20250411131008.min.js
2025/06/25 04:01:36 br /tmp/work/dist/onetap_52342d_5.60.1-canary.v20250411131008.min.js -> /output/onetap_52342d_5.60.1-canary.v20250411131008.min.js.br
2025/06/25 04:01:36 gz /tmp/work/dist/onetap_52342d_5.60.1-canary.v20250411131008.min.js -> /output/onetap_52342d_5.60.1-canary.v20250411131008.min.js.gz
2025/06/25 04:01:36 sri /tmp/work/dist/onetap_52342d_5.60.1-canary.v20250411131008.js -> /output/onetap_52342d_5.60.1-canary.v20250411131008.js.sri
2025/06/25 04:01:36 algorithm: run /usr/bin/brotli --quality=11 --output=/output/onetap_52342d_5.60.1-canary.v20250411131008.js.br /tmp/work/dist/onetap_52342d_5.60.1-canary.v20250411131008.js
2025/06/25 04:01:36 br /tmp/work/dist/onetap_52342d_5.60.1-canary.v20250411131008.js -> /output/onetap_52342d_5.60.1-canary.v20250411131008.js.br
2025/06/25 04:01:36 gz /tmp/work/dist/onetap_52342d_5.60.1-canary.v20250411131008.js -> /output/onetap_52342d_5.60.1-canary.v20250411131008.js.gz
2025/06/25 04:01:36 compress: run /node_modules/uglify-js/bin/uglifyjs (3.15.4) [--mangle --compress if_return=true -o /tmp/work/dist/organizationlist_52342d_5.60.1-canary.v20250411131008.min.js /tmp/work/dist/organizationlist_52342d_5.60.1-canary.v20250411131008.js]
2025/06/25 04:01:36 sri /tmp/work/dist/op-billing-page_52342d_5.60.1-canary.v20250411131008.min.js -> /output/op-billing-page_52342d_5.60.1-canary.v20250411131008.min.js.sri
2025/06/25 04:01:36 algorithm: run /usr/bin/brotli --quality=11 --output=/output/op-billing-page_52342d_5.60.1-canary.v20250411131008.min.js.br /tmp/work/dist/op-billing-page_52342d_5.60.1-canary.v20250411131008.min.js
2025/06/25 04:01:36 br /tmp/work/dist/op-billing-page_52342d_5.60.1-canary.v20250411131008.min.js -> /output/op-billing-page_52342d_5.60.1-canary.v20250411131008.min.js.br
2025/06/25 04:01:36 gz /tmp/work/dist/op-billing-page_52342d_5.60.1-canary.v20250411131008.min.js -> /output/op-billing-page_52342d_5.60.1-canary.v20250411131008.min.js.gz
2025/06/25 04:01:36 sri /tmp/work/dist/op-billing-page_52342d_5.60.1-canary.v20250411131008.js -> /output/op-billing-page_52342d_5.60.1-canary.v20250411131008.js.sri
2025/06/25 04:01:36 algorithm: run /usr/bin/brotli --quality=11 --output=/output/op-billing-page_52342d_5.60.1-canary.v20250411131008.js.br /tmp/work/dist/op-billing-page_52342d_5.60.1-canary.v20250411131008.js
2025/06/25 04:01:36 br /tmp/work/dist/op-billing-page_52342d_5.60.1-canary.v20250411131008.js -> /output/op-billing-page_52342d_5.60.1-canary.v20250411131008.js.br
2025/06/25 04:01:36 gz /tmp/work/dist/op-billing-page_52342d_5.60.1-canary.v20250411131008.js -> /output/op-billing-page_52342d_5.60.1-canary.v20250411131008.js.gz
2025/06/25 04:01:36 compress: run /node_modules/uglify-js/bin/uglifyjs (3.15.4) [--mangle --compress if_return=true -o /tmp/work/dist/organizationprofile_52342d_5.60.1-canary.v20250411131008.min.js /tmp/work/dist/organizationprofile_52342d_5.60.1-canary.v20250411131008.js]
2025/06/25 04:01:37 br /tmp/work/dist/clerk.no-rhc.mjs -> /output/clerk.no-rhc.mjs.br
2025/06/25 04:01:37 br /tmp/work/dist/clerk.browser.js -> /output/clerk.browser.js.br
2025/06/25 04:01:37 gz /tmp/work/dist/clerk.browser.js -> /output/clerk.browser.js.gz
2025/06/25 04:01:37 compress: run /node_modules/uglify-js/bin/uglifyjs (3.15.4) [--mangle --compress if_return=true -o /tmp/work/dist/organizationswitcher_52342d_5.60.1-canary.v20250411131008.min.js /tmp/work/dist/organizationswitcher_52342d_5.60.1-canary.v20250411131008.js]
2025/06/25 04:01:37 gz /tmp/work/dist/clerk.no-rhc.mjs -> /output/clerk.no-rhc.mjs.gz
2025/06/25 04:01:37 compress: run /node_modules/uglify-js/bin/uglifyjs (3.15.4) [--mangle --compress if_return=true -o /tmp/work/dist/paymentSources_52342d_5.60.1-canary.v20250411131008.min.js /tmp/work/dist/paymentSources_52342d_5.60.1-canary.v20250411131008.js]
2025/06/25 04:01:37 sri /tmp/work/dist/coinbase-wallet-sdk_52342d_5.60.1-canary.v20250411131008.min.js -> /output/coinbase-wallet-sdk_52342d_5.60.1-canary.v20250411131008.min.js.sri
2025/06/25 04:01:37 algorithm: run /usr/bin/brotli --quality=11 --output=/output/coinbase-wallet-sdk_52342d_5.60.1-canary.v20250411131008.min.js.br /tmp/work/dist/coinbase-wallet-sdk_52342d_5.60.1-canary.v20250411131008.min.js
2025/06/25 04:01:37 sri /tmp/work/dist/organizationlist_52342d_5.60.1-canary.v20250411131008.min.js -> /output/organizationlist_52342d_5.60.1-canary.v20250411131008.min.js.sri
2025/06/25 04:01:37 algorithm: run /usr/bin/brotli --quality=11 --output=/output/organizationlist_52342d_5.60.1-canary.v20250411131008.min.js.br /tmp/work/dist/organizationlist_52342d_5.60.1-canary.v20250411131008.min.js
2025/06/25 04:01:37 br /tmp/work/dist/organizationlist_52342d_5.60.1-canary.v20250411131008.min.js -> /output/organizationlist_52342d_5.60.1-canary.v20250411131008.min.js.br
2025/06/25 04:01:37 gz /tmp/work/dist/organizationlist_52342d_5.60.1-canary.v20250411131008.min.js -> /output/organizationlist_52342d_5.60.1-canary.v20250411131008.min.js.gz
2025/06/25 04:01:37 sri /tmp/work/dist/organizationlist_52342d_5.60.1-canary.v20250411131008.js -> /output/organizationlist_52342d_5.60.1-canary.v20250411131008.js.sri
2025/06/25 04:01:37 algorithm: run /usr/bin/brotli --quality=11 --output=/output/organizationlist_52342d_5.60.1-canary.v20250411131008.js.br /tmp/work/dist/organizationlist_52342d_5.60.1-canary.v20250411131008.js
2025/06/25 04:01:37 br /tmp/work/dist/organizationlist_52342d_5.60.1-canary.v20250411131008.js -> /output/organizationlist_52342d_5.60.1-canary.v20250411131008.js.br
2025/06/25 04:01:37 gz /tmp/work/dist/organizationlist_52342d_5.60.1-canary.v20250411131008.js -> /output/organizationlist_52342d_5.60.1-canary.v20250411131008.js.gz
2025/06/25 04:01:37 compress: run /node_modules/uglify-js/bin/uglifyjs (3.15.4) [--mangle --compress if_return=true -o /tmp/work/dist/prefetchorganizationlist_52342d_5.60.1-canary.v20250411131008.min.js /tmp/work/dist/prefetchorganizationlist_52342d_5.60.1-canary.v20250411131008.js]
2025/06/25 04:01:38 br /tmp/work/dist/coinbase-wallet-sdk_52342d_5.60.1-canary.v20250411131008.min.js -> /output/coinbase-wallet-sdk_52342d_5.60.1-canary.v20250411131008.min.js.br
2025/06/25 04:01:38 gz /tmp/work/dist/coinbase-wallet-sdk_52342d_5.60.1-canary.v20250411131008.min.js -> /output/coinbase-wallet-sdk_52342d_5.60.1-canary.v20250411131008.min.js.gz
2025/06/25 04:01:38 sri /tmp/work/dist/coinbase-wallet-sdk_52342d_5.60.1-canary.v20250411131008.js -> /output/coinbase-wallet-sdk_52342d_5.60.1-canary.v20250411131008.js.sri
2025/06/25 04:01:38 algorithm: run /usr/bin/brotli --quality=11 --output=/output/coinbase-wallet-sdk_52342d_5.60.1-canary.v20250411131008.js.br /tmp/work/dist/coinbase-wallet-sdk_52342d_5.60.1-canary.v20250411131008.js
2025/06/25 04:01:38 sri /tmp/work/dist/organizationswitcher_52342d_5.60.1-canary.v20250411131008.min.js -> /output/organizationswitcher_52342d_5.60.1-canary.v20250411131008.min.js.sri
2025/06/25 04:01:38 algorithm: run /usr/bin/brotli --quality=11 --output=/output/organizationswitcher_52342d_5.60.1-canary.v20250411131008.min.js.br /tmp/work/dist/organizationswitcher_52342d_5.60.1-canary.v20250411131008.min.js
2025/06/25 04:01:38 br /tmp/work/dist/organizationswitcher_52342d_5.60.1-canary.v20250411131008.min.js -> /output/organizationswitcher_52342d_5.60.1-canary.v20250411131008.min.js.br
2025/06/25 04:01:38 gz /tmp/work/dist/organizationswitcher_52342d_5.60.1-canary.v20250411131008.min.js -> /output/organizationswitcher_52342d_5.60.1-canary.v20250411131008.min.js.gz
2025/06/25 04:01:38 sri /tmp/work/dist/organizationswitcher_52342d_5.60.1-canary.v20250411131008.js -> /output/organizationswitcher_52342d_5.60.1-canary.v20250411131008.js.sri
2025/06/25 04:01:38 algorithm: run /usr/bin/brotli --quality=11 --output=/output/organizationswitcher_52342d_5.60.1-canary.v20250411131008.js.br /tmp/work/dist/organizationswitcher_52342d_5.60.1-canary.v20250411131008.js
2025/06/25 04:01:38 sri /tmp/work/dist/prefetchorganizationlist_52342d_5.60.1-canary.v20250411131008.min.js -> /output/prefetchorganizationlist_52342d_5.60.1-canary.v20250411131008.min.js.sri
2025/06/25 04:01:38 algorithm: run /usr/bin/brotli --quality=11 --output=/output/prefetchorganizationlist_52342d_5.60.1-canary.v20250411131008.min.js.br /tmp/work/dist/prefetchorganizationlist_52342d_5.60.1-canary.v20250411131008.min.js
2025/06/25 04:01:38 br /tmp/work/dist/prefetchorganizationlist_52342d_5.60.1-canary.v20250411131008.min.js -> /output/prefetchorganizationlist_52342d_5.60.1-canary.v20250411131008.min.js.br
2025/06/25 04:01:38 gz /tmp/work/dist/prefetchorganizationlist_52342d_5.60.1-canary.v20250411131008.min.js -> /output/prefetchorganizationlist_52342d_5.60.1-canary.v20250411131008.min.js.gz
2025/06/25 04:01:38 sri /tmp/work/dist/prefetchorganizationlist_52342d_5.60.1-canary.v20250411131008.js -> /output/prefetchorganizationlist_52342d_5.60.1-canary.v20250411131008.js.sri
2025/06/25 04:01:38 algorithm: run /usr/bin/brotli --quality=11 --output=/output/prefetchorganizationlist_52342d_5.60.1-canary.v20250411131008.js.br /tmp/work/dist/prefetchorganizationlist_52342d_5.60.1-canary.v20250411131008.js
2025/06/25 04:01:38 br /tmp/work/dist/prefetchorganizationlist_52342d_5.60.1-canary.v20250411131008.js -> /output/prefetchorganizationlist_52342d_5.60.1-canary.v20250411131008.js.br
2025/06/25 04:01:38 gz /tmp/work/dist/prefetchorganizationlist_52342d_5.60.1-canary.v20250411131008.js -> /output/prefetchorganizationlist_52342d_5.60.1-canary.v20250411131008.js.gz
2025/06/25 04:01:38 compress: run /node_modules/uglify-js/bin/uglifyjs (3.15.4) [--mangle --compress if_return=true -o /tmp/work/dist/pricingTable_52342d_5.60.1-canary.v20250411131008.min.js /tmp/work/dist/pricingTable_52342d_5.60.1-canary.v20250411131008.js]
2025/06/25 04:01:38 br /tmp/work/dist/organizationswitcher_52342d_5.60.1-canary.v20250411131008.js -> /output/organizationswitcher_52342d_5.60.1-canary.v20250411131008.js.br
2025/06/25 04:01:38 gz /tmp/work/dist/organizationswitcher_52342d_5.60.1-canary.v20250411131008.js -> /output/organizationswitcher_52342d_5.60.1-canary.v20250411131008.js.gz
2025/06/25 04:01:38 compress: run /node_modules/uglify-js/bin/uglifyjs (3.15.4) [--mangle --compress if_return=true -o /tmp/work/dist/sessionTasks_52342d_5.60.1-canary.v20250411131008.min.js /tmp/work/dist/sessionTasks_52342d_5.60.1-canary.v20250411131008.js]
2025/06/25 04:01:38 br /tmp/work/dist/coinbase-wallet-sdk_52342d_5.60.1-canary.v20250411131008.js -> /output/coinbase-wallet-sdk_52342d_5.60.1-canary.v20250411131008.js.br
2025/06/25 04:01:38 gz /tmp/work/dist/coinbase-wallet-sdk_52342d_5.60.1-canary.v20250411131008.js -> /output/coinbase-wallet-sdk_52342d_5.60.1-canary.v20250411131008.js.gz
2025/06/25 04:01:38 compress: run /node_modules/uglify-js/bin/uglifyjs (3.15.4) [--mangle --compress if_return=true -o /tmp/work/dist/signin_52342d_5.60.1-canary.v20250411131008.min.js /tmp/work/dist/signin_52342d_5.60.1-canary.v20250411131008.js]
2025/06/25 04:01:38 sri /tmp/work/dist/sessionTasks_52342d_5.60.1-canary.v20250411131008.min.js -> /output/sessionTasks_52342d_5.60.1-canary.v20250411131008.min.js.sri
2025/06/25 04:01:38 algorithm: run /usr/bin/brotli --quality=11 --output=/output/sessionTasks_52342d_5.60.1-canary.v20250411131008.min.js.br /tmp/work/dist/sessionTasks_52342d_5.60.1-canary.v20250411131008.min.js
2025/06/25 04:01:38 br /tmp/work/dist/sessionTasks_52342d_5.60.1-canary.v20250411131008.min.js -> /output/sessionTasks_52342d_5.60.1-canary.v20250411131008.min.js.br
2025/06/25 04:01:38 gz /tmp/work/dist/sessionTasks_52342d_5.60.1-canary.v20250411131008.min.js -> /output/sessionTasks_52342d_5.60.1-canary.v20250411131008.min.js.gz
2025/06/25 04:01:38 sri /tmp/work/dist/sessionTasks_52342d_5.60.1-canary.v20250411131008.js -> /output/sessionTasks_52342d_5.60.1-canary.v20250411131008.js.sri
2025/06/25 04:01:38 algorithm: run /usr/bin/brotli --quality=11 --output=/output/sessionTasks_52342d_5.60.1-canary.v20250411131008.js.br /tmp/work/dist/sessionTasks_52342d_5.60.1-canary.v20250411131008.js
2025/06/25 04:01:38 br /tmp/work/dist/sessionTasks_52342d_5.60.1-canary.v20250411131008.js -> /output/sessionTasks_52342d_5.60.1-canary.v20250411131008.js.br
2025/06/25 04:01:38 gz /tmp/work/dist/sessionTasks_52342d_5.60.1-canary.v20250411131008.js -> /output/sessionTasks_52342d_5.60.1-canary.v20250411131008.js.gz
2025/06/25 04:01:38 compress: run /node_modules/uglify-js/bin/uglifyjs (3.15.4) [--mangle --compress if_return=true -o /tmp/work/dist/signup_52342d_5.60.1-canary.v20250411131008.min.js /tmp/work/dist/signup_52342d_5.60.1-canary.v20250411131008.js]
2025/06/25 04:01:38 sri /tmp/work/dist/organizationprofile_52342d_5.60.1-canary.v20250411131008.min.js -> /output/organizationprofile_52342d_5.60.1-canary.v20250411131008.min.js.sri
2025/06/25 04:01:38 algorithm: run /usr/bin/brotli --quality=11 --output=/output/organizationprofile_52342d_5.60.1-canary.v20250411131008.min.js.br /tmp/work/dist/organizationprofile_52342d_5.60.1-canary.v20250411131008.min.js
2025/06/25 04:01:38 br /tmp/work/dist/organizationprofile_52342d_5.60.1-canary.v20250411131008.min.js -> /output/organizationprofile_52342d_5.60.1-canary.v20250411131008.min.js.br
2025/06/25 04:01:38 gz /tmp/work/dist/organizationprofile_52342d_5.60.1-canary.v20250411131008.min.js -> /output/organizationprofile_52342d_5.60.1-canary.v20250411131008.min.js.gz
2025/06/25 04:01:38 sri /tmp/work/dist/organizationprofile_52342d_5.60.1-canary.v20250411131008.js -> /output/organizationprofile_52342d_5.60.1-canary.v20250411131008.js.sri
2025/06/25 04:01:38 algorithm: run /usr/bin/brotli --quality=11 --output=/output/organizationprofile_52342d_5.60.1-canary.v20250411131008.js.br /tmp/work/dist/organizationprofile_52342d_5.60.1-canary.v20250411131008.js
2025/06/25 04:01:38 br /tmp/work/dist/organizationprofile_52342d_5.60.1-canary.v20250411131008.js -> /output/organizationprofile_52342d_5.60.1-canary.v20250411131008.js.br
2025/06/25 04:01:38 gz /tmp/work/dist/organizationprofile_52342d_5.60.1-canary.v20250411131008.js -> /output/organizationprofile_52342d_5.60.1-canary.v20250411131008.js.gz
2025/06/25 04:01:38 compress: run /node_modules/uglify-js/bin/uglifyjs (3.15.4) [--mangle --compress if_return=true -o /tmp/work/dist/ui-common_52342d_5.60.1-canary.v20250411131008.min.js /tmp/work/dist/ui-common_52342d_5.60.1-canary.v20250411131008.js]
2025/06/25 04:01:39 sri /tmp/work/dist/paymentSources_52342d_5.60.1-canary.v20250411131008.min.js -> /output/paymentSources_52342d_5.60.1-canary.v20250411131008.min.js.sri
2025/06/25 04:01:39 algorithm: run /usr/bin/brotli --quality=11 --output=/output/paymentSources_52342d_5.60.1-canary.v20250411131008.min.js.br /tmp/work/dist/paymentSources_52342d_5.60.1-canary.v20250411131008.min.js
2025/06/25 04:01:39 br /tmp/work/dist/paymentSources_52342d_5.60.1-canary.v20250411131008.min.js -> /output/paymentSources_52342d_5.60.1-canary.v20250411131008.min.js.br
2025/06/25 04:01:39 gz /tmp/work/dist/paymentSources_52342d_5.60.1-canary.v20250411131008.min.js -> /output/paymentSources_52342d_5.60.1-canary.v20250411131008.min.js.gz
2025/06/25 04:01:39 sri /tmp/work/dist/paymentSources_52342d_5.60.1-canary.v20250411131008.js -> /output/paymentSources_52342d_5.60.1-canary.v20250411131008.js.sri
2025/06/25 04:01:39 algorithm: run /usr/bin/brotli --quality=11 --output=/output/paymentSources_52342d_5.60.1-canary.v20250411131008.js.br /tmp/work/dist/paymentSources_52342d_5.60.1-canary.v20250411131008.js
2025/06/25 04:01:39 br /tmp/work/dist/paymentSources_52342d_5.60.1-canary.v20250411131008.js -> /output/paymentSources_52342d_5.60.1-canary.v20250411131008.js.br
2025/06/25 04:01:39 gz /tmp/work/dist/paymentSources_52342d_5.60.1-canary.v20250411131008.js -> /output/paymentSources_52342d_5.60.1-canary.v20250411131008.js.gz
2025/06/25 04:01:39 compress: run /node_modules/uglify-js/bin/uglifyjs (3.15.4) [--mangle --compress if_return=true -o /tmp/work/dist/up-billing-page_52342d_5.60.1-canary.v20250411131008.min.js /tmp/work/dist/up-billing-page_52342d_5.60.1-canary.v20250411131008.js]
2025/06/25 04:01:39 sri /tmp/work/dist/pricingTable_52342d_5.60.1-canary.v20250411131008.min.js -> /output/pricingTable_52342d_5.60.1-canary.v20250411131008.min.js.sri
2025/06/25 04:01:39 algorithm: run /usr/bin/brotli --quality=11 --output=/output/pricingTable_52342d_5.60.1-canary.v20250411131008.min.js.br /tmp/work/dist/pricingTable_52342d_5.60.1-canary.v20250411131008.min.js
2025/06/25 04:01:39 br /tmp/work/dist/pricingTable_52342d_5.60.1-canary.v20250411131008.min.js -> /output/pricingTable_52342d_5.60.1-canary.v20250411131008.min.js.br
2025/06/25 04:01:39 gz /tmp/work/dist/pricingTable_52342d_5.60.1-canary.v20250411131008.min.js -> /output/pricingTable_52342d_5.60.1-canary.v20250411131008.min.js.gz
2025/06/25 04:01:39 sri /tmp/work/dist/pricingTable_52342d_5.60.1-canary.v20250411131008.js -> /output/pricingTable_52342d_5.60.1-canary.v20250411131008.js.sri
2025/06/25 04:01:39 algorithm: run /usr/bin/brotli --quality=11 --output=/output/pricingTable_52342d_5.60.1-canary.v20250411131008.js.br /tmp/work/dist/pricingTable_52342d_5.60.1-canary.v20250411131008.js
2025/06/25 04:01:39 br /tmp/work/dist/pricingTable_52342d_5.60.1-canary.v20250411131008.js -> /output/pricingTable_52342d_5.60.1-canary.v20250411131008.js.br
2025/06/25 04:01:39 gz /tmp/work/dist/pricingTable_52342d_5.60.1-canary.v20250411131008.js -> /output/pricingTable_52342d_5.60.1-canary.v20250411131008.js.gz
2025/06/25 04:01:39 compress: run /node_modules/uglify-js/bin/uglifyjs (3.15.4) [--mangle --compress if_return=true -o /tmp/work/dist/userbutton_52342d_5.60.1-canary.v20250411131008.min.js /tmp/work/dist/userbutton_52342d_5.60.1-canary.v20250411131008.js]
2025/06/25 04:01:39 sri /tmp/work/dist/up-billing-page_52342d_5.60.1-canary.v20250411131008.min.js -> /output/up-billing-page_52342d_5.60.1-canary.v20250411131008.min.js.sri
2025/06/25 04:01:39 algorithm: run /usr/bin/brotli --quality=11 --output=/output/up-billing-page_52342d_5.60.1-canary.v20250411131008.min.js.br /tmp/work/dist/up-billing-page_52342d_5.60.1-canary.v20250411131008.min.js
2025/06/25 04:01:39 br /tmp/work/dist/up-billing-page_52342d_5.60.1-canary.v20250411131008.min.js -> /output/up-billing-page_52342d_5.60.1-canary.v20250411131008.min.js.br
2025/06/25 04:01:39 gz /tmp/work/dist/up-billing-page_52342d_5.60.1-canary.v20250411131008.min.js -> /output/up-billing-page_52342d_5.60.1-canary.v20250411131008.min.js.gz
2025/06/25 04:01:39 sri /tmp/work/dist/up-billing-page_52342d_5.60.1-canary.v20250411131008.js -> /output/up-billing-page_52342d_5.60.1-canary.v20250411131008.js.sri
2025/06/25 04:01:39 algorithm: run /usr/bin/brotli --quality=11 --output=/output/up-billing-page_52342d_5.60.1-canary.v20250411131008.js.br /tmp/work/dist/up-billing-page_52342d_5.60.1-canary.v20250411131008.js
2025/06/25 04:01:39 br /tmp/work/dist/up-billing-page_52342d_5.60.1-canary.v20250411131008.js -> /output/up-billing-page_52342d_5.60.1-canary.v20250411131008.js.br
2025/06/25 04:01:39 gz /tmp/work/dist/up-billing-page_52342d_5.60.1-canary.v20250411131008.js -> /output/up-billing-page_52342d_5.60.1-canary.v20250411131008.js.gz
2025/06/25 04:01:39 compress: run /node_modules/uglify-js/bin/uglifyjs (3.15.4) [--mangle --compress if_return=true -o /tmp/work/dist/userprofile_52342d_5.60.1-canary.v20250411131008.min.js /tmp/work/dist/userprofile_52342d_5.60.1-canary.v20250411131008.js]
2025/06/25 04:01:40 sri /tmp/work/dist/signup_52342d_5.60.1-canary.v20250411131008.min.js -> /output/signup_52342d_5.60.1-canary.v20250411131008.min.js.sri
2025/06/25 04:01:40 algorithm: run /usr/bin/brotli --quality=11 --output=/output/signup_52342d_5.60.1-canary.v20250411131008.min.js.br /tmp/work/dist/signup_52342d_5.60.1-canary.v20250411131008.min.js
2025/06/25 04:01:40 br /tmp/work/dist/signup_52342d_5.60.1-canary.v20250411131008.min.js -> /output/signup_52342d_5.60.1-canary.v20250411131008.min.js.br
2025/06/25 04:01:40 gz /tmp/work/dist/signup_52342d_5.60.1-canary.v20250411131008.min.js -> /output/signup_52342d_5.60.1-canary.v20250411131008.min.js.gz
2025/06/25 04:01:40 sri /tmp/work/dist/signup_52342d_5.60.1-canary.v20250411131008.js -> /output/signup_52342d_5.60.1-canary.v20250411131008.js.sri
2025/06/25 04:01:40 algorithm: run /usr/bin/brotli --quality=11 --output=/output/signup_52342d_5.60.1-canary.v20250411131008.js.br /tmp/work/dist/signup_52342d_5.60.1-canary.v20250411131008.js
2025/06/25 04:01:40 br /tmp/work/dist/signup_52342d_5.60.1-canary.v20250411131008.js -> /output/signup_52342d_5.60.1-canary.v20250411131008.js.br
2025/06/25 04:01:40 gz /tmp/work/dist/signup_52342d_5.60.1-canary.v20250411131008.js -> /output/signup_52342d_5.60.1-canary.v20250411131008.js.gz
2025/06/25 04:01:40 compress: run /node_modules/uglify-js/bin/uglifyjs (3.15.4) [--mangle --compress if_return=true -o /tmp/work/dist/userverification_52342d_5.60.1-canary.v20250411131008.min.js /tmp/work/dist/userverification_52342d_5.60.1-canary.v20250411131008.js]
2025/06/25 04:01:40 sri /tmp/work/dist/userbutton_52342d_5.60.1-canary.v20250411131008.min.js -> /output/userbutton_52342d_5.60.1-canary.v20250411131008.min.js.sri
2025/06/25 04:01:40 algorithm: run /usr/bin/brotli --quality=11 --output=/output/userbutton_52342d_5.60.1-canary.v20250411131008.min.js.br /tmp/work/dist/userbutton_52342d_5.60.1-canary.v20250411131008.min.js
2025/06/25 04:01:40 br /tmp/work/dist/userbutton_52342d_5.60.1-canary.v20250411131008.min.js -> /output/userbutton_52342d_5.60.1-canary.v20250411131008.min.js.br
2025/06/25 04:01:40 gz /tmp/work/dist/userbutton_52342d_5.60.1-canary.v20250411131008.min.js -> /output/userbutton_52342d_5.60.1-canary.v20250411131008.min.js.gz
2025/06/25 04:01:40 sri /tmp/work/dist/userbutton_52342d_5.60.1-canary.v20250411131008.js -> /output/userbutton_52342d_5.60.1-canary.v20250411131008.js.sri
2025/06/25 04:01:40 algorithm: run /usr/bin/brotli --quality=11 --output=/output/userbutton_52342d_5.60.1-canary.v20250411131008.js.br /tmp/work/dist/userbutton_52342d_5.60.1-canary.v20250411131008.js
2025/06/25 04:01:40 br /tmp/work/dist/userbutton_52342d_5.60.1-canary.v20250411131008.js -> /output/userbutton_52342d_5.60.1-canary.v20250411131008.js.br
2025/06/25 04:01:40 gz /tmp/work/dist/userbutton_52342d_5.60.1-canary.v20250411131008.js -> /output/userbutton_52342d_5.60.1-canary.v20250411131008.js.gz
2025/06/25 04:01:40 compress: run /node_modules/uglify-js/bin/uglifyjs (3.15.4) [--mangle --compress if_return=true -o /tmp/work/dist/vendors_3046bc_5.60.1-canary.v20250411131008.min.js /tmp/work/dist/vendors_3046bc_5.60.1-canary.v20250411131008.js]
2025/06/25 04:01:40 sri /tmp/work/dist/signin_52342d_5.60.1-canary.v20250411131008.min.js -> /output/signin_52342d_5.60.1-canary.v20250411131008.min.js.sri
2025/06/25 04:01:40 algorithm: run /usr/bin/brotli --quality=11 --output=/output/signin_52342d_5.60.1-canary.v20250411131008.min.js.br /tmp/work/dist/signin_52342d_5.60.1-canary.v20250411131008.min.js
2025/06/25 04:01:40 br /tmp/work/dist/signin_52342d_5.60.1-canary.v20250411131008.min.js -> /output/signin_52342d_5.60.1-canary.v20250411131008.min.js.br
2025/06/25 04:01:40 gz /tmp/work/dist/signin_52342d_5.60.1-canary.v20250411131008.min.js -> /output/signin_52342d_5.60.1-canary.v20250411131008.min.js.gz
2025/06/25 04:01:40 sri /tmp/work/dist/signin_52342d_5.60.1-canary.v20250411131008.js -> /output/signin_52342d_5.60.1-canary.v20250411131008.js.sri
2025/06/25 04:01:40 algorithm: run /usr/bin/brotli --quality=11 --output=/output/signin_52342d_5.60.1-canary.v20250411131008.js.br /tmp/work/dist/signin_52342d_5.60.1-canary.v20250411131008.js
2025/06/25 04:01:40 br /tmp/work/dist/signin_52342d_5.60.1-canary.v20250411131008.js -> /output/signin_52342d_5.60.1-canary.v20250411131008.js.br
2025/06/25 04:01:40 gz /tmp/work/dist/signin_52342d_5.60.1-canary.v20250411131008.js -> /output/signin_52342d_5.60.1-canary.v20250411131008.js.gz
2025/06/25 04:01:40 compress: run /node_modules/uglify-js/bin/uglifyjs (3.15.4) [--mangle --compress if_return=true -o /tmp/work/dist/vendors_52342d_5.60.1-canary.v20250411131008.min.js /tmp/work/dist/vendors_52342d_5.60.1-canary.v20250411131008.js]
2025/06/25 04:01:41 sri /tmp/work/dist/vendors_3046bc_5.60.1-canary.v20250411131008.min.js -> /output/vendors_3046bc_5.60.1-canary.v20250411131008.min.js.sri
2025/06/25 04:01:41 algorithm: run /usr/bin/brotli --quality=11 --output=/output/vendors_3046bc_5.60.1-canary.v20250411131008.min.js.br /tmp/work/dist/vendors_3046bc_5.60.1-canary.v20250411131008.min.js
2025/06/25 04:01:41 br /tmp/work/dist/vendors_3046bc_5.60.1-canary.v20250411131008.min.js -> /output/vendors_3046bc_5.60.1-canary.v20250411131008.min.js.br
2025/06/25 04:01:41 gz /tmp/work/dist/vendors_3046bc_5.60.1-canary.v20250411131008.min.js -> /output/vendors_3046bc_5.60.1-canary.v20250411131008.min.js.gz
2025/06/25 04:01:41 sri /tmp/work/dist/vendors_3046bc_5.60.1-canary.v20250411131008.js -> /output/vendors_3046bc_5.60.1-canary.v20250411131008.js.sri
2025/06/25 04:01:41 algorithm: run /usr/bin/brotli --quality=11 --output=/output/vendors_3046bc_5.60.1-canary.v20250411131008.js.br /tmp/work/dist/vendors_3046bc_5.60.1-canary.v20250411131008.js
2025/06/25 04:01:41 br /tmp/work/dist/vendors_3046bc_5.60.1-canary.v20250411131008.js -> /output/vendors_3046bc_5.60.1-canary.v20250411131008.js.br
2025/06/25 04:01:41 gz /tmp/work/dist/vendors_3046bc_5.60.1-canary.v20250411131008.js -> /output/vendors_3046bc_5.60.1-canary.v20250411131008.js.gz
2025/06/25 04:01:41 compress: run /node_modules/uglify-js/bin/uglifyjs (3.15.4) [--mangle --compress if_return=true -o /tmp/work/dist/waitlist_52342d_5.60.1-canary.v20250411131008.min.js /tmp/work/dist/waitlist_52342d_5.60.1-canary.v20250411131008.js]
2025/06/25 04:01:41 sri /tmp/work/dist/framework_52342d_5.60.1-canary.v20250411131008.min.js -> /output/framework_52342d_5.60.1-canary.v20250411131008.min.js.sri
2025/06/25 04:01:41 algorithm: run /usr/bin/brotli --quality=11 --output=/output/framework_52342d_5.60.1-canary.v20250411131008.min.js.br /tmp/work/dist/framework_52342d_5.60.1-canary.v20250411131008.min.js
2025/06/25 04:01:41 sri /tmp/work/dist/userverification_52342d_5.60.1-canary.v20250411131008.min.js -> /output/userverification_52342d_5.60.1-canary.v20250411131008.min.js.sri
2025/06/25 04:01:41 algorithm: run /usr/bin/brotli --quality=11 --output=/output/userverification_52342d_5.60.1-canary.v20250411131008.min.js.br /tmp/work/dist/userverification_52342d_5.60.1-canary.v20250411131008.min.js
2025/06/25 04:01:41 br /tmp/work/dist/userverification_52342d_5.60.1-canary.v20250411131008.min.js -> /output/userverification_52342d_5.60.1-canary.v20250411131008.min.js.br
2025/06/25 04:01:41 gz /tmp/work/dist/userverification_52342d_5.60.1-canary.v20250411131008.min.js -> /output/userverification_52342d_5.60.1-canary.v20250411131008.min.js.gz
2025/06/25 04:01:41 sri /tmp/work/dist/userverification_52342d_5.60.1-canary.v20250411131008.js -> /output/userverification_52342d_5.60.1-canary.v20250411131008.js.sri
2025/06/25 04:01:41 algorithm: run /usr/bin/brotli --quality=11 --output=/output/userverification_52342d_5.60.1-canary.v20250411131008.js.br /tmp/work/dist/userverification_52342d_5.60.1-canary.v20250411131008.js
2025/06/25 04:01:41 sri /tmp/work/dist/waitlist_52342d_5.60.1-canary.v20250411131008.min.js -> /output/waitlist_52342d_5.60.1-canary.v20250411131008.min.js.sri
2025/06/25 04:01:41 algorithm: run /usr/bin/brotli --quality=11 --output=/output/waitlist_52342d_5.60.1-canary.v20250411131008.min.js.br /tmp/work/dist/waitlist_52342d_5.60.1-canary.v20250411131008.min.js
2025/06/25 04:01:41 br /tmp/work/dist/userverification_52342d_5.60.1-canary.v20250411131008.js -> /output/userverification_52342d_5.60.1-canary.v20250411131008.js.br
2025/06/25 04:01:41 gz /tmp/work/dist/userverification_52342d_5.60.1-canary.v20250411131008.js -> /output/userverification_52342d_5.60.1-canary.v20250411131008.js.gz
2025/06/25 04:01:41 compress: run /node_modules/uglify-js/bin/uglifyjs (3.15.4) [--mangle --compress if_return=true -o /tmp/work/dist/zxcvbn-common_3046bc_5.60.1-canary.v20250411131008.min.js /tmp/work/dist/zxcvbn-common_3046bc_5.60.1-canary.v20250411131008.js]
2025/06/25 04:01:41 br /tmp/work/dist/waitlist_52342d_5.60.1-canary.v20250411131008.min.js -> /output/waitlist_52342d_5.60.1-canary.v20250411131008.min.js.br
2025/06/25 04:01:41 gz /tmp/work/dist/waitlist_52342d_5.60.1-canary.v20250411131008.min.js -> /output/waitlist_52342d_5.60.1-canary.v20250411131008.min.js.gz
2025/06/25 04:01:41 sri /tmp/work/dist/waitlist_52342d_5.60.1-canary.v20250411131008.js -> /output/waitlist_52342d_5.60.1-canary.v20250411131008.js.sri
2025/06/25 04:01:41 algorithm: run /usr/bin/brotli --quality=11 --output=/output/waitlist_52342d_5.60.1-canary.v20250411131008.js.br /tmp/work/dist/waitlist_52342d_5.60.1-canary.v20250411131008.js
2025/06/25 04:01:41 br /tmp/work/dist/waitlist_52342d_5.60.1-canary.v20250411131008.js -> /output/waitlist_52342d_5.60.1-canary.v20250411131008.js.br
2025/06/25 04:01:41 gz /tmp/work/dist/waitlist_52342d_5.60.1-canary.v20250411131008.js -> /output/waitlist_52342d_5.60.1-canary.v20250411131008.js.gz
2025/06/25 04:01:41 compress: run /node_modules/uglify-js/bin/uglifyjs (3.15.4) [--mangle --compress if_return=true -o /tmp/work/dist/zxcvbn-common_52342d_5.60.1-canary.v20250411131008.min.js /tmp/work/dist/zxcvbn-common_52342d_5.60.1-canary.v20250411131008.js]
2025/06/25 04:01:41 br /tmp/work/dist/framework_52342d_5.60.1-canary.v20250411131008.min.js -> /output/framework_52342d_5.60.1-canary.v20250411131008.min.js.br
2025/06/25 04:01:41 gz /tmp/work/dist/framework_52342d_5.60.1-canary.v20250411131008.min.js -> /output/framework_52342d_5.60.1-canary.v20250411131008.min.js.gz
2025/06/25 04:01:41 sri /tmp/work/dist/framework_52342d_5.60.1-canary.v20250411131008.js -> /output/framework_52342d_5.60.1-canary.v20250411131008.js.sri
2025/06/25 04:01:41 algorithm: run /usr/bin/brotli --quality=11 --output=/output/framework_52342d_5.60.1-canary.v20250411131008.js.br /tmp/work/dist/framework_52342d_5.60.1-canary.v20250411131008.js
2025/06/25 04:01:42 sri /tmp/work/dist/userprofile_52342d_5.60.1-canary.v20250411131008.min.js -> /output/userprofile_52342d_5.60.1-canary.v20250411131008.min.js.sri
2025/06/25 04:01:42 algorithm: run /usr/bin/brotli --quality=11 --output=/output/userprofile_52342d_5.60.1-canary.v20250411131008.min.js.br /tmp/work/dist/userprofile_52342d_5.60.1-canary.v20250411131008.min.js
2025/06/25 04:01:42 br /tmp/work/dist/framework_52342d_5.60.1-canary.v20250411131008.js -> /output/framework_52342d_5.60.1-canary.v20250411131008.js.br
2025/06/25 04:01:42 gz /tmp/work/dist/framework_52342d_5.60.1-canary.v20250411131008.js -> /output/framework_52342d_5.60.1-canary.v20250411131008.js.gz
2025/06/25 04:01:42 compress: run /node_modules/uglify-js/bin/uglifyjs (3.15.4) [--mangle --compress if_return=true -o /tmp/work/dist/zxcvbn-ts-core_3046bc_5.60.1-canary.v20250411131008.min.js /tmp/work/dist/zxcvbn-ts-core_3046bc_5.60.1-canary.v20250411131008.js]
2025/06/25 04:01:42 br /tmp/work/dist/userprofile_52342d_5.60.1-canary.v20250411131008.min.js -> /output/userprofile_52342d_5.60.1-canary.v20250411131008.min.js.br
2025/06/25 04:01:42 gz /tmp/work/dist/userprofile_52342d_5.60.1-canary.v20250411131008.min.js -> /output/userprofile_52342d_5.60.1-canary.v20250411131008.min.js.gz
2025/06/25 04:01:42 sri /tmp/work/dist/userprofile_52342d_5.60.1-canary.v20250411131008.js -> /output/userprofile_52342d_5.60.1-canary.v20250411131008.js.sri
2025/06/25 04:01:42 algorithm: run /usr/bin/brotli --quality=11 --output=/output/userprofile_52342d_5.60.1-canary.v20250411131008.js.br /tmp/work/dist/userprofile_52342d_5.60.1-canary.v20250411131008.js
2025/06/25 04:01:42 sri /tmp/work/dist/zxcvbn-common_52342d_5.60.1-canary.v20250411131008.min.js -> /output/zxcvbn-common_52342d_5.60.1-canary.v20250411131008.min.js.sri
2025/06/25 04:01:42 algorithm: run /usr/bin/brotli --quality=11 --output=/output/zxcvbn-common_52342d_5.60.1-canary.v20250411131008.min.js.br /tmp/work/dist/zxcvbn-common_52342d_5.60.1-canary.v20250411131008.min.js
2025/06/25 04:01:42 sri /tmp/work/dist/zxcvbn-common_3046bc_5.60.1-canary.v20250411131008.min.js -> /output/zxcvbn-common_3046bc_5.60.1-canary.v20250411131008.min.js.sri
2025/06/25 04:01:42 algorithm: run /usr/bin/brotli --quality=11 --output=/output/zxcvbn-common_3046bc_5.60.1-canary.v20250411131008.min.js.br /tmp/work/dist/zxcvbn-common_3046bc_5.60.1-canary.v20250411131008.min.js
2025/06/25 04:01:42 br /tmp/work/dist/userprofile_52342d_5.60.1-canary.v20250411131008.js -> /output/userprofile_52342d_5.60.1-canary.v20250411131008.js.br
2025/06/25 04:01:42 gz /tmp/work/dist/userprofile_52342d_5.60.1-canary.v20250411131008.js -> /output/userprofile_52342d_5.60.1-canary.v20250411131008.js.gz
2025/06/25 04:01:42 compress: run /node_modules/uglify-js/bin/uglifyjs (3.15.4) [--mangle --compress if_return=true -o /tmp/work/dist/zxcvbn-ts-core_52342d_5.60.1-canary.v20250411131008.min.js /tmp/work/dist/zxcvbn-ts-core_52342d_5.60.1-canary.v20250411131008.js]
2025/06/25 04:01:43 sri /tmp/work/dist/zxcvbn-ts-core_3046bc_5.60.1-canary.v20250411131008.min.js -> /output/zxcvbn-ts-core_3046bc_5.60.1-canary.v20250411131008.min.js.sri
2025/06/25 04:01:43 algorithm: run /usr/bin/brotli --quality=11 --output=/output/zxcvbn-ts-core_3046bc_5.60.1-canary.v20250411131008.min.js.br /tmp/work/dist/zxcvbn-ts-core_3046bc_5.60.1-canary.v20250411131008.min.js
2025/06/25 04:01:43 br /tmp/work/dist/zxcvbn-ts-core_3046bc_5.60.1-canary.v20250411131008.min.js -> /output/zxcvbn-ts-core_3046bc_5.60.1-canary.v20250411131008.min.js.br
2025/06/25 04:01:43 gz /tmp/work/dist/zxcvbn-ts-core_3046bc_5.60.1-canary.v20250411131008.min.js -> /output/zxcvbn-ts-core_3046bc_5.60.1-canary.v20250411131008.min.js.gz
2025/06/25 04:01:43 sri /tmp/work/dist/zxcvbn-ts-core_3046bc_5.60.1-canary.v20250411131008.js -> /output/zxcvbn-ts-core_3046bc_5.60.1-canary.v20250411131008.js.sri
2025/06/25 04:01:43 algorithm: run /usr/bin/brotli --quality=11 --output=/output/zxcvbn-ts-core_3046bc_5.60.1-canary.v20250411131008.js.br /tmp/work/dist/zxcvbn-ts-core_3046bc_5.60.1-canary.v20250411131008.js
2025/06/25 04:01:43 br /tmp/work/dist/zxcvbn-ts-core_3046bc_5.60.1-canary.v20250411131008.js -> /output/zxcvbn-ts-core_3046bc_5.60.1-canary.v20250411131008.js.br
2025/06/25 04:01:43 gz /tmp/work/dist/zxcvbn-ts-core_3046bc_5.60.1-canary.v20250411131008.js -> /output/zxcvbn-ts-core_3046bc_5.60.1-canary.v20250411131008.js.gz
2025/06/25 04:01:43 sri /tmp/work/dist/zxcvbn-ts-core_52342d_5.60.1-canary.v20250411131008.min.js -> /output/zxcvbn-ts-core_52342d_5.60.1-canary.v20250411131008.min.js.sri
2025/06/25 04:01:43 algorithm: run /usr/bin/brotli --quality=11 --output=/output/zxcvbn-ts-core_52342d_5.60.1-canary.v20250411131008.min.js.br /tmp/work/dist/zxcvbn-ts-core_52342d_5.60.1-canary.v20250411131008.min.js
2025/06/25 04:01:44 br /tmp/work/dist/zxcvbn-ts-core_52342d_5.60.1-canary.v20250411131008.min.js -> /output/zxcvbn-ts-core_52342d_5.60.1-canary.v20250411131008.min.js.br
2025/06/25 04:01:44 gz /tmp/work/dist/zxcvbn-ts-core_52342d_5.60.1-canary.v20250411131008.min.js -> /output/zxcvbn-ts-core_52342d_5.60.1-canary.v20250411131008.min.js.gz
2025/06/25 04:01:44 sri /tmp/work/dist/zxcvbn-ts-core_52342d_5.60.1-canary.v20250411131008.js -> /output/zxcvbn-ts-core_52342d_5.60.1-canary.v20250411131008.js.sri
2025/06/25 04:01:44 algorithm: run /usr/bin/brotli --quality=11 --output=/output/zxcvbn-ts-core_52342d_5.60.1-canary.v20250411131008.js.br /tmp/work/dist/zxcvbn-ts-core_52342d_5.60.1-canary.v20250411131008.js
2025/06/25 04:01:44 br /tmp/work/dist/zxcvbn-common_3046bc_5.60.1-canary.v20250411131008.min.js -> /output/zxcvbn-common_3046bc_5.60.1-canary.v20250411131008.min.js.br
2025/06/25 04:01:44 gz /tmp/work/dist/zxcvbn-common_3046bc_5.60.1-canary.v20250411131008.min.js -> /output/zxcvbn-common_3046bc_5.60.1-canary.v20250411131008.min.js.gz
2025/06/25 04:01:44 sri /tmp/work/dist/zxcvbn-common_3046bc_5.60.1-canary.v20250411131008.js -> /output/zxcvbn-common_3046bc_5.60.1-canary.v20250411131008.js.sri
2025/06/25 04:01:44 algorithm: run /usr/bin/brotli --quality=11 --output=/output/zxcvbn-common_3046bc_5.60.1-canary.v20250411131008.js.br /tmp/work/dist/zxcvbn-common_3046bc_5.60.1-canary.v20250411131008.js
2025/06/25 04:01:44 br /tmp/work/dist/zxcvbn-ts-core_52342d_5.60.1-canary.v20250411131008.js -> /output/zxcvbn-ts-core_52342d_5.60.1-canary.v20250411131008.js.br
2025/06/25 04:01:44 gz /tmp/work/dist/zxcvbn-ts-core_52342d_5.60.1-canary.v20250411131008.js -> /output/zxcvbn-ts-core_52342d_5.60.1-canary.v20250411131008.js.gz
2025/06/25 04:01:44 br /tmp/work/dist/zxcvbn-common_52342d_5.60.1-canary.v20250411131008.min.js -> /output/zxcvbn-common_52342d_5.60.1-canary.v20250411131008.min.js.br
2025/06/25 04:01:44 gz /tmp/work/dist/zxcvbn-common_52342d_5.60.1-canary.v20250411131008.min.js -> /output/zxcvbn-common_52342d_5.60.1-canary.v20250411131008.min.js.gz
2025/06/25 04:01:44 sri /tmp/work/dist/zxcvbn-common_52342d_5.60.1-canary.v20250411131008.js -> /output/zxcvbn-common_52342d_5.60.1-canary.v20250411131008.js.sri
2025/06/25 04:01:44 algorithm: run /usr/bin/brotli --quality=11 --output=/output/zxcvbn-common_52342d_5.60.1-canary.v20250411131008.js.br /tmp/work/dist/zxcvbn-common_52342d_5.60.1-canary.v20250411131008.js
2025/06/25 04:01:45 br /tmp/work/dist/zxcvbn-common_3046bc_5.60.1-canary.v20250411131008.js -> /output/zxcvbn-common_3046bc_5.60.1-canary.v20250411131008.js.br
2025/06/25 04:01:45 gz /tmp/work/dist/zxcvbn-common_3046bc_5.60.1-canary.v20250411131008.js -> /output/zxcvbn-common_3046bc_5.60.1-canary.v20250411131008.js.gz
2025/06/25 04:01:45 br /tmp/work/dist/zxcvbn-common_52342d_5.60.1-canary.v20250411131008.js -> /output/zxcvbn-common_52342d_5.60.1-canary.v20250411131008.js.br
2025/06/25 04:01:45 gz /tmp/work/dist/zxcvbn-common_52342d_5.60.1-canary.v20250411131008.js -> /output/zxcvbn-common_52342d_5.60.1-canary.v20250411131008.js.gz
2025/06/25 04:01:45 sri /tmp/work/dist/vendors_52342d_5.60.1-canary.v20250411131008.min.js -> /output/vendors_52342d_5.60.1-canary.v20250411131008.min.js.sri
2025/06/25 04:01:45 algorithm: run /usr/bin/brotli --quality=11 --output=/output/vendors_52342d_5.60.1-canary.v20250411131008.min.js.br /tmp/work/dist/vendors_52342d_5.60.1-canary.v20250411131008.min.js
2025/06/25 04:01:45 sri /tmp/work/dist/ui-common_52342d_5.60.1-canary.v20250411131008.min.js -> /output/ui-common_52342d_5.60.1-canary.v20250411131008.min.js.sri
2025/06/25 04:01:45 algorithm: run /usr/bin/brotli --quality=11 --output=/output/ui-common_52342d_5.60.1-canary.v20250411131008.min.js.br /tmp/work/dist/ui-common_52342d_5.60.1-canary.v20250411131008.min.js
2025/06/25 04:01:45 br /tmp/work/dist/vendors_52342d_5.60.1-canary.v20250411131008.min.js -> /output/vendors_52342d_5.60.1-canary.v20250411131008.min.js.br
2025/06/25 04:01:45 gz /tmp/work/dist/vendors_52342d_5.60.1-canary.v20250411131008.min.js -> /output/vendors_52342d_5.60.1-canary.v20250411131008.min.js.gz
2025/06/25 04:01:45 sri /tmp/work/dist/vendors_52342d_5.60.1-canary.v20250411131008.js -> /output/vendors_52342d_5.60.1-canary.v20250411131008.js.sri
2025/06/25 04:01:45 algorithm: run /usr/bin/brotli --quality=11 --output=/output/vendors_52342d_5.60.1-canary.v20250411131008.js.br /tmp/work/dist/vendors_52342d_5.60.1-canary.v20250411131008.js
2025/06/25 04:01:46 br /tmp/work/dist/vendors_52342d_5.60.1-canary.v20250411131008.js -> /output/vendors_52342d_5.60.1-canary.v20250411131008.js.br
2025/06/25 04:01:46 gz /tmp/work/dist/vendors_52342d_5.60.1-canary.v20250411131008.js -> /output/vendors_52342d_5.60.1-canary.v20250411131008.js.gz
2025/06/25 04:01:46 br /tmp/work/dist/ui-common_52342d_5.60.1-canary.v20250411131008.min.js -> /output/ui-common_52342d_5.60.1-canary.v20250411131008.min.js.br
2025/06/25 04:01:46 gz /tmp/work/dist/ui-common_52342d_5.60.1-canary.v20250411131008.min.js -> /output/ui-common_52342d_5.60.1-canary.v20250411131008.min.js.gz
2025/06/25 04:01:46 sri /tmp/work/dist/ui-common_52342d_5.60.1-canary.v20250411131008.js -> /output/ui-common_52342d_5.60.1-canary.v20250411131008.js.sri
2025/06/25 04:01:46 algorithm: run /usr/bin/brotli --quality=11 --output=/output/ui-common_52342d_5.60.1-canary.v20250411131008.js.br /tmp/work/dist/ui-common_52342d_5.60.1-canary.v20250411131008.js
2025/06/25 04:01:47 br /tmp/work/dist/ui-common_52342d_5.60.1-canary.v20250411131008.js -> /output/ui-common_52342d_5.60.1-canary.v20250411131008.js.br
2025/06/25 04:01:47 gz /tmp/work/dist/ui-common_52342d_5.60.1-canary.v20250411131008.js -> /output/ui-common_52342d_5.60.1-canary.v20250411131008.js.gz
2025/06/25 04:01:48 sri /tmp/work/dist/clerk.min.js -> /output/clerk.min.js.sri
2025/06/25 04:01:48 algorithm: run /usr/bin/brotli --quality=11 --output=/output/clerk.min.js.br /tmp/work/dist/clerk.min.js
2025/06/25 04:01:49 sri /tmp/work/dist/clerk.no-rhc.min.js -> /output/clerk.no-rhc.min.js.sri
2025/06/25 04:01:49 algorithm: run /usr/bin/brotli --quality=11 --output=/output/clerk.no-rhc.min.js.br /tmp/work/dist/clerk.no-rhc.min.js
2025/06/25 04:01:51 br /tmp/work/dist/clerk.min.js -> /output/clerk.min.js.br
2025/06/25 04:01:51 gz /tmp/work/dist/clerk.min.js -> /output/clerk.min.js.gz
2025/06/25 04:01:51 sri /tmp/work/dist/clerk.js -> /output/clerk.js.sri
2025/06/25 04:01:51 algorithm: run /usr/bin/brotli --quality=11 --output=/output/clerk.js.br /tmp/work/dist/clerk.js
2025/06/25 04:01:52 br /tmp/work/dist/clerk.no-rhc.min.js -> /output/clerk.no-rhc.min.js.br
2025/06/25 04:01:52 gz /tmp/work/dist/clerk.no-rhc.min.js -> /output/clerk.no-rhc.min.js.gz
2025/06/25 04:01:52 sri /tmp/work/dist/clerk.no-rhc.js -> /output/clerk.no-rhc.js.sri
2025/06/25 04:01:52 algorithm: run /usr/bin/brotli --quality=11 --output=/output/clerk.no-rhc.js.br /tmp/work/dist/clerk.no-rhc.js
2025/06/25 04:01:55 br /tmp/work/dist/clerk.js -> /output/clerk.js.br
2025/06/25 04:01:55 gz /tmp/work/dist/clerk.js -> /output/clerk.js.gz
2025/06/25 04:01:55 br /tmp/work/dist/clerk.no-rhc.js -> /output/clerk.no-rhc.js.br
2025/06/25 04:01:55 gz /tmp/work/dist/clerk.no-rhc.js -> /output/clerk.no-rhc.js.gz
2025/06/25 04:01:55 processed clerk-js
