Files:
- clerk-js/5.64.0-canary.v20250505180402/192_clerk.browser_4c776d_5.64.0-canary.v20250505180402.js.br
- clerk-js/5.64.0-canary.v20250505180402/192_clerk.browser_4c776d_5.64.0-canary.v20250505180402.js.gz
- clerk-js/5.64.0-canary.v20250505180402/192_clerk.browser_4c776d_5.64.0-canary.v20250505180402.js.sri
- clerk-js/5.64.0-canary.v20250505180402/192_clerk.browser_4c776d_5.64.0-canary.v20250505180402.min.js.br
- clerk-js/5.64.0-canary.v20250505180402/192_clerk.browser_4c776d_5.64.0-canary.v20250505180402.min.js.gz
- clerk-js/5.64.0-canary.v20250505180402/192_clerk.browser_4c776d_5.64.0-canary.v20250505180402.min.js.sri
- clerk-js/5.64.0-canary.v20250505180402/192_clerk.chips.browser_764a07_5.64.0-canary.v20250505180402.js.br
- clerk-js/5.64.0-canary.v20250505180402/192_clerk.chips.browser_764a07_5.64.0-canary.v20250505180402.js.gz
- clerk-js/5.64.0-canary.v20250505180402/192_clerk.chips.browser_764a07_5.64.0-canary.v20250505180402.js.sri
- clerk-js/5.64.0-canary.v20250505180402/192_clerk.chips.browser_764a07_5.64.0-canary.v20250505180402.min.js.br
- clerk-js/5.64.0-canary.v20250505180402/192_clerk.chips.browser_764a07_5.64.0-canary.v20250505180402.min.js.gz
- clerk-js/5.64.0-canary.v20250505180402/192_clerk.chips.browser_764a07_5.64.0-canary.v20250505180402.min.js.sri
- clerk-js/5.64.0-canary.v20250505180402/192_clerk.legacy.browser_c11661_5.64.0-canary.v20250505180402.js.br
- clerk-js/5.64.0-canary.v20250505180402/192_clerk.legacy.browser_c11661_5.64.0-canary.v20250505180402.js.gz
- clerk-js/5.64.0-canary.v20250505180402/192_clerk.legacy.browser_c11661_5.64.0-canary.v20250505180402.js.sri
- clerk-js/5.64.0-canary.v20250505180402/192_clerk.legacy.browser_c11661_5.64.0-canary.v20250505180402.min.js.br
- clerk-js/5.64.0-canary.v20250505180402/192_clerk.legacy.browser_c11661_5.64.0-canary.v20250505180402.min.js.gz
- clerk-js/5.64.0-canary.v20250505180402/192_clerk.legacy.browser_c11661_5.64.0-canary.v20250505180402.min.js.sri
- clerk-js/5.64.0-canary.v20250505180402/377_clerk.headless_bd586f_5.64.0-canary.v20250505180402.js.br
- clerk-js/5.64.0-canary.v20250505180402/377_clerk.headless_bd586f_5.64.0-canary.v20250505180402.js.gz
- clerk-js/5.64.0-canary.v20250505180402/377_clerk.headless_bd586f_5.64.0-canary.v20250505180402.js.sri
- clerk-js/5.64.0-canary.v20250505180402/377_clerk.headless_bd586f_5.64.0-canary.v20250505180402.min.js.br
- clerk-js/5.64.0-canary.v20250505180402/377_clerk.headless_bd586f_5.64.0-canary.v20250505180402.min.js.gz
- clerk-js/5.64.0-canary.v20250505180402/377_clerk.headless_bd586f_5.64.0-canary.v20250505180402.min.js.sri
- clerk-js/5.64.0-canary.v20250505180402/66_clerk.browser_4c776d_5.64.0-canary.v20250505180402.js.br
- clerk-js/5.64.0-canary.v20250505180402/66_clerk.browser_4c776d_5.64.0-canary.v20250505180402.js.gz
- clerk-js/5.64.0-canary.v20250505180402/66_clerk.browser_4c776d_5.64.0-canary.v20250505180402.js.sri
- clerk-js/5.64.0-canary.v20250505180402/66_clerk.browser_4c776d_5.64.0-canary.v20250505180402.min.js.br
- clerk-js/5.64.0-canary.v20250505180402/66_clerk.browser_4c776d_5.64.0-canary.v20250505180402.min.js.gz
- clerk-js/5.64.0-canary.v20250505180402/66_clerk.browser_4c776d_5.64.0-canary.v20250505180402.min.js.sri
- clerk-js/5.64.0-canary.v20250505180402/66_clerk.chips.browser_764a07_5.64.0-canary.v20250505180402.js.br
- clerk-js/5.64.0-canary.v20250505180402/66_clerk.chips.browser_764a07_5.64.0-canary.v20250505180402.js.gz
- clerk-js/5.64.0-canary.v20250505180402/66_clerk.chips.browser_764a07_5.64.0-canary.v20250505180402.js.sri
- clerk-js/5.64.0-canary.v20250505180402/66_clerk.chips.browser_764a07_5.64.0-canary.v20250505180402.min.js.br
- clerk-js/5.64.0-canary.v20250505180402/66_clerk.chips.browser_764a07_5.64.0-canary.v20250505180402.min.js.gz
- clerk-js/5.64.0-canary.v20250505180402/66_clerk.chips.browser_764a07_5.64.0-canary.v20250505180402.min.js.sri
- clerk-js/5.64.0-canary.v20250505180402/66_clerk.legacy.browser_c11661_5.64.0-canary.v20250505180402.js.br
- clerk-js/5.64.0-canary.v20250505180402/66_clerk.legacy.browser_c11661_5.64.0-canary.v20250505180402.js.gz
- clerk-js/5.64.0-canary.v20250505180402/66_clerk.legacy.browser_c11661_5.64.0-canary.v20250505180402.js.sri
- clerk-js/5.64.0-canary.v20250505180402/66_clerk.legacy.browser_c11661_5.64.0-canary.v20250505180402.min.js.br
- clerk-js/5.64.0-canary.v20250505180402/66_clerk.legacy.browser_c11661_5.64.0-canary.v20250505180402.min.js.gz
- clerk-js/5.64.0-canary.v20250505180402/66_clerk.legacy.browser_c11661_5.64.0-canary.v20250505180402.min.js.sri
- clerk-js/5.64.0-canary.v20250505180402/890_clerk.headless_bd586f_5.64.0-canary.v20250505180402.js.br
- clerk-js/5.64.0-canary.v20250505180402/890_clerk.headless_bd586f_5.64.0-canary.v20250505180402.js.gz
- clerk-js/5.64.0-canary.v20250505180402/890_clerk.headless_bd586f_5.64.0-canary.v20250505180402.js.sri
- clerk-js/5.64.0-canary.v20250505180402/890_clerk.headless_bd586f_5.64.0-canary.v20250505180402.min.js.br
- clerk-js/5.64.0-canary.v20250505180402/890_clerk.headless_bd586f_5.64.0-canary.v20250505180402.min.js.gz
- clerk-js/5.64.0-canary.v20250505180402/890_clerk.headless_bd586f_5.64.0-canary.v20250505180402.min.js.sri
- clerk-js/5.64.0-canary.v20250505180402/965_clerk.headless_bd586f_5.64.0-canary.v20250505180402.js.br
- clerk-js/5.64.0-canary.v20250505180402/965_clerk.headless_bd586f_5.64.0-canary.v20250505180402.js.gz
- clerk-js/5.64.0-canary.v20250505180402/965_clerk.headless_bd586f_5.64.0-canary.v20250505180402.js.sri
- clerk-js/5.64.0-canary.v20250505180402/965_clerk.headless_bd586f_5.64.0-canary.v20250505180402.min.js.br
- clerk-js/5.64.0-canary.v20250505180402/965_clerk.headless_bd586f_5.64.0-canary.v20250505180402.min.js.gz
- clerk-js/5.64.0-canary.v20250505180402/965_clerk.headless_bd586f_5.64.0-canary.v20250505180402.min.js.sri
- clerk-js/5.64.0-canary.v20250505180402/blankcaptcha_clerk.browser_4c776d_5.64.0-canary.v20250505180402.js.br
- clerk-js/5.64.0-canary.v20250505180402/blankcaptcha_clerk.browser_4c776d_5.64.0-canary.v20250505180402.js.gz
- clerk-js/5.64.0-canary.v20250505180402/blankcaptcha_clerk.browser_4c776d_5.64.0-canary.v20250505180402.js.sri
- clerk-js/5.64.0-canary.v20250505180402/blankcaptcha_clerk.browser_4c776d_5.64.0-canary.v20250505180402.min.js.br
- clerk-js/5.64.0-canary.v20250505180402/blankcaptcha_clerk.browser_4c776d_5.64.0-canary.v20250505180402.min.js.gz
- clerk-js/5.64.0-canary.v20250505180402/blankcaptcha_clerk.browser_4c776d_5.64.0-canary.v20250505180402.min.js.sri
- clerk-js/5.64.0-canary.v20250505180402/blankcaptcha_clerk.chips.browser_764a07_5.64.0-canary.v20250505180402.js.br
- clerk-js/5.64.0-canary.v20250505180402/blankcaptcha_clerk.chips.browser_764a07_5.64.0-canary.v20250505180402.js.gz
- clerk-js/5.64.0-canary.v20250505180402/blankcaptcha_clerk.chips.browser_764a07_5.64.0-canary.v20250505180402.js.sri
- clerk-js/5.64.0-canary.v20250505180402/blankcaptcha_clerk.chips.browser_764a07_5.64.0-canary.v20250505180402.min.js.br
- clerk-js/5.64.0-canary.v20250505180402/blankcaptcha_clerk.chips.browser_764a07_5.64.0-canary.v20250505180402.min.js.gz
- clerk-js/5.64.0-canary.v20250505180402/blankcaptcha_clerk.chips.browser_764a07_5.64.0-canary.v20250505180402.min.js.sri
- clerk-js/5.64.0-canary.v20250505180402/blankcaptcha_clerk.legacy.browser_c11661_5.64.0-canary.v20250505180402.js.br
- clerk-js/5.64.0-canary.v20250505180402/blankcaptcha_clerk.legacy.browser_c11661_5.64.0-canary.v20250505180402.js.gz
- clerk-js/5.64.0-canary.v20250505180402/blankcaptcha_clerk.legacy.browser_c11661_5.64.0-canary.v20250505180402.js.sri
- clerk-js/5.64.0-canary.v20250505180402/blankcaptcha_clerk.legacy.browser_c11661_5.64.0-canary.v20250505180402.min.js.br
- clerk-js/5.64.0-canary.v20250505180402/blankcaptcha_clerk.legacy.browser_c11661_5.64.0-canary.v20250505180402.min.js.gz
- clerk-js/5.64.0-canary.v20250505180402/blankcaptcha_clerk.legacy.browser_c11661_5.64.0-canary.v20250505180402.min.js.sri
- clerk-js/5.64.0-canary.v20250505180402/checkout_clerk.browser_4c776d_5.64.0-canary.v20250505180402.js.br
- clerk-js/5.64.0-canary.v20250505180402/checkout_clerk.browser_4c776d_5.64.0-canary.v20250505180402.js.gz
- clerk-js/5.64.0-canary.v20250505180402/checkout_clerk.browser_4c776d_5.64.0-canary.v20250505180402.js.sri
- clerk-js/5.64.0-canary.v20250505180402/checkout_clerk.browser_4c776d_5.64.0-canary.v20250505180402.min.js.br
- clerk-js/5.64.0-canary.v20250505180402/checkout_clerk.browser_4c776d_5.64.0-canary.v20250505180402.min.js.gz
- clerk-js/5.64.0-canary.v20250505180402/checkout_clerk.browser_4c776d_5.64.0-canary.v20250505180402.min.js.sri
- clerk-js/5.64.0-canary.v20250505180402/checkout_clerk.chips.browser_764a07_5.64.0-canary.v20250505180402.js.br
- clerk-js/5.64.0-canary.v20250505180402/checkout_clerk.chips.browser_764a07_5.64.0-canary.v20250505180402.js.gz
- clerk-js/5.64.0-canary.v20250505180402/checkout_clerk.chips.browser_764a07_5.64.0-canary.v20250505180402.js.sri
- clerk-js/5.64.0-canary.v20250505180402/checkout_clerk.chips.browser_764a07_5.64.0-canary.v20250505180402.min.js.br
- clerk-js/5.64.0-canary.v20250505180402/checkout_clerk.chips.browser_764a07_5.64.0-canary.v20250505180402.min.js.gz
- clerk-js/5.64.0-canary.v20250505180402/checkout_clerk.chips.browser_764a07_5.64.0-canary.v20250505180402.min.js.sri
- clerk-js/5.64.0-canary.v20250505180402/checkout_clerk.legacy.browser_c11661_5.64.0-canary.v20250505180402.js.br
- clerk-js/5.64.0-canary.v20250505180402/checkout_clerk.legacy.browser_c11661_5.64.0-canary.v20250505180402.js.gz
- clerk-js/5.64.0-canary.v20250505180402/checkout_clerk.legacy.browser_c11661_5.64.0-canary.v20250505180402.js.sri
- clerk-js/5.64.0-canary.v20250505180402/checkout_clerk.legacy.browser_c11661_5.64.0-canary.v20250505180402.min.js.br
- clerk-js/5.64.0-canary.v20250505180402/checkout_clerk.legacy.browser_c11661_5.64.0-canary.v20250505180402.min.js.gz
- clerk-js/5.64.0-canary.v20250505180402/checkout_clerk.legacy.browser_c11661_5.64.0-canary.v20250505180402.min.js.sri
- clerk-js/5.64.0-canary.v20250505180402/clerk.browser.js.br
- clerk-js/5.64.0-canary.v20250505180402/clerk.browser.js.gz
- clerk-js/5.64.0-canary.v20250505180402/clerk.browser.js.sri
- clerk-js/5.64.0-canary.v20250505180402/clerk.browser.min.js.br
- clerk-js/5.64.0-canary.v20250505180402/clerk.browser.min.js.gz
- clerk-js/5.64.0-canary.v20250505180402/clerk.browser.min.js.sri
- clerk-js/5.64.0-canary.v20250505180402/clerk.chips.browser.js.br
- clerk-js/5.64.0-canary.v20250505180402/clerk.chips.browser.js.gz
- clerk-js/5.64.0-canary.v20250505180402/clerk.chips.browser.js.sri
- clerk-js/5.64.0-canary.v20250505180402/clerk.chips.browser.min.js.br
- clerk-js/5.64.0-canary.v20250505180402/clerk.chips.browser.min.js.gz
- clerk-js/5.64.0-canary.v20250505180402/clerk.chips.browser.min.js.sri
- clerk-js/5.64.0-canary.v20250505180402/clerk.headless.browser.js.br
- clerk-js/5.64.0-canary.v20250505180402/clerk.headless.browser.js.gz
- clerk-js/5.64.0-canary.v20250505180402/clerk.headless.browser.js.sri
- clerk-js/5.64.0-canary.v20250505180402/clerk.headless.browser.min.js.br
- clerk-js/5.64.0-canary.v20250505180402/clerk.headless.browser.min.js.gz
- clerk-js/5.64.0-canary.v20250505180402/clerk.headless.browser.min.js.sri
- clerk-js/5.64.0-canary.v20250505180402/clerk.headless.js.br
- clerk-js/5.64.0-canary.v20250505180402/clerk.headless.js.gz
- clerk-js/5.64.0-canary.v20250505180402/clerk.headless.js.sri
- clerk-js/5.64.0-canary.v20250505180402/clerk.headless.min.js.br
- clerk-js/5.64.0-canary.v20250505180402/clerk.headless.min.js.gz
- clerk-js/5.64.0-canary.v20250505180402/clerk.headless.min.js.sri
- clerk-js/5.64.0-canary.v20250505180402/clerk.js.br
- clerk-js/5.64.0-canary.v20250505180402/clerk.js.gz
- clerk-js/5.64.0-canary.v20250505180402/clerk.js.sri
- clerk-js/5.64.0-canary.v20250505180402/clerk.legacy.browser.js.br
- clerk-js/5.64.0-canary.v20250505180402/clerk.legacy.browser.js.gz
- clerk-js/5.64.0-canary.v20250505180402/clerk.legacy.browser.js.sri
- clerk-js/5.64.0-canary.v20250505180402/clerk.legacy.browser.min.js.br
- clerk-js/5.64.0-canary.v20250505180402/clerk.legacy.browser.min.js.gz
- clerk-js/5.64.0-canary.v20250505180402/clerk.legacy.browser.min.js.sri
- clerk-js/5.64.0-canary.v20250505180402/clerk.min.js.br
- clerk-js/5.64.0-canary.v20250505180402/clerk.min.js.gz
- clerk-js/5.64.0-canary.v20250505180402/clerk.min.js.sri
- clerk-js/5.64.0-canary.v20250505180402/clerk.mjs.br
- clerk-js/5.64.0-canary.v20250505180402/clerk.mjs.gz
- clerk-js/5.64.0-canary.v20250505180402/clerk.no-rhc.js.br
- clerk-js/5.64.0-canary.v20250505180402/clerk.no-rhc.js.gz
- clerk-js/5.64.0-canary.v20250505180402/clerk.no-rhc.js.sri
- clerk-js/5.64.0-canary.v20250505180402/clerk.no-rhc.min.js.br
- clerk-js/5.64.0-canary.v20250505180402/clerk.no-rhc.min.js.gz
- clerk-js/5.64.0-canary.v20250505180402/clerk.no-rhc.min.js.sri
- clerk-js/5.64.0-canary.v20250505180402/clerk.no-rhc.mjs.br
- clerk-js/5.64.0-canary.v20250505180402/clerk.no-rhc.mjs.gz
- clerk-js/5.64.0-canary.v20250505180402/coinbase-wallet-sdk_clerk.browser_4c776d_5.64.0-canary.v20250505180402.js.br
- clerk-js/5.64.0-canary.v20250505180402/coinbase-wallet-sdk_clerk.browser_4c776d_5.64.0-canary.v20250505180402.js.gz
- clerk-js/5.64.0-canary.v20250505180402/coinbase-wallet-sdk_clerk.browser_4c776d_5.64.0-canary.v20250505180402.js.sri
- clerk-js/5.64.0-canary.v20250505180402/coinbase-wallet-sdk_clerk.browser_4c776d_5.64.0-canary.v20250505180402.min.js.br
- clerk-js/5.64.0-canary.v20250505180402/coinbase-wallet-sdk_clerk.browser_4c776d_5.64.0-canary.v20250505180402.min.js.gz
- clerk-js/5.64.0-canary.v20250505180402/coinbase-wallet-sdk_clerk.browser_4c776d_5.64.0-canary.v20250505180402.min.js.sri
- clerk-js/5.64.0-canary.v20250505180402/coinbase-wallet-sdk_clerk.chips.browser_764a07_5.64.0-canary.v20250505180402.js.br
- clerk-js/5.64.0-canary.v20250505180402/coinbase-wallet-sdk_clerk.chips.browser_764a07_5.64.0-canary.v20250505180402.js.gz
- clerk-js/5.64.0-canary.v20250505180402/coinbase-wallet-sdk_clerk.chips.browser_764a07_5.64.0-canary.v20250505180402.js.sri
- clerk-js/5.64.0-canary.v20250505180402/coinbase-wallet-sdk_clerk.chips.browser_764a07_5.64.0-canary.v20250505180402.min.js.br
- clerk-js/5.64.0-canary.v20250505180402/coinbase-wallet-sdk_clerk.chips.browser_764a07_5.64.0-canary.v20250505180402.min.js.gz
- clerk-js/5.64.0-canary.v20250505180402/coinbase-wallet-sdk_clerk.chips.browser_764a07_5.64.0-canary.v20250505180402.min.js.sri
- clerk-js/5.64.0-canary.v20250505180402/coinbase-wallet-sdk_clerk.headless.browser_947f08_5.64.0-canary.v20250505180402.js.br
- clerk-js/5.64.0-canary.v20250505180402/coinbase-wallet-sdk_clerk.headless.browser_947f08_5.64.0-canary.v20250505180402.js.gz
- clerk-js/5.64.0-canary.v20250505180402/coinbase-wallet-sdk_clerk.headless.browser_947f08_5.64.0-canary.v20250505180402.js.sri
- clerk-js/5.64.0-canary.v20250505180402/coinbase-wallet-sdk_clerk.headless.browser_947f08_5.64.0-canary.v20250505180402.min.js.br
- clerk-js/5.64.0-canary.v20250505180402/coinbase-wallet-sdk_clerk.headless.browser_947f08_5.64.0-canary.v20250505180402.min.js.gz
- clerk-js/5.64.0-canary.v20250505180402/coinbase-wallet-sdk_clerk.headless.browser_947f08_5.64.0-canary.v20250505180402.min.js.sri
- clerk-js/5.64.0-canary.v20250505180402/coinbase-wallet-sdk_clerk.legacy.browser_c11661_5.64.0-canary.v20250505180402.js.br
- clerk-js/5.64.0-canary.v20250505180402/coinbase-wallet-sdk_clerk.legacy.browser_c11661_5.64.0-canary.v20250505180402.js.gz
- clerk-js/5.64.0-canary.v20250505180402/coinbase-wallet-sdk_clerk.legacy.browser_c11661_5.64.0-canary.v20250505180402.js.sri
- clerk-js/5.64.0-canary.v20250505180402/coinbase-wallet-sdk_clerk.legacy.browser_c11661_5.64.0-canary.v20250505180402.min.js.br
- clerk-js/5.64.0-canary.v20250505180402/coinbase-wallet-sdk_clerk.legacy.browser_c11661_5.64.0-canary.v20250505180402.min.js.gz
- clerk-js/5.64.0-canary.v20250505180402/coinbase-wallet-sdk_clerk.legacy.browser_c11661_5.64.0-canary.v20250505180402.min.js.sri
- clerk-js/5.64.0-canary.v20250505180402/cookieSuffix_clerk.browser_4c776d_5.64.0-canary.v20250505180402.js.br
- clerk-js/5.64.0-canary.v20250505180402/cookieSuffix_clerk.browser_4c776d_5.64.0-canary.v20250505180402.js.gz
- clerk-js/5.64.0-canary.v20250505180402/cookieSuffix_clerk.browser_4c776d_5.64.0-canary.v20250505180402.js.sri
- clerk-js/5.64.0-canary.v20250505180402/cookieSuffix_clerk.browser_4c776d_5.64.0-canary.v20250505180402.min.js.br
- clerk-js/5.64.0-canary.v20250505180402/cookieSuffix_clerk.browser_4c776d_5.64.0-canary.v20250505180402.min.js.gz
- clerk-js/5.64.0-canary.v20250505180402/cookieSuffix_clerk.browser_4c776d_5.64.0-canary.v20250505180402.min.js.sri
- clerk-js/5.64.0-canary.v20250505180402/cookieSuffix_clerk.chips.browser_764a07_5.64.0-canary.v20250505180402.js.br
- clerk-js/5.64.0-canary.v20250505180402/cookieSuffix_clerk.chips.browser_764a07_5.64.0-canary.v20250505180402.js.gz
- clerk-js/5.64.0-canary.v20250505180402/cookieSuffix_clerk.chips.browser_764a07_5.64.0-canary.v20250505180402.js.sri
- clerk-js/5.64.0-canary.v20250505180402/cookieSuffix_clerk.chips.browser_764a07_5.64.0-canary.v20250505180402.min.js.br
- clerk-js/5.64.0-canary.v20250505180402/cookieSuffix_clerk.chips.browser_764a07_5.64.0-canary.v20250505180402.min.js.gz
- clerk-js/5.64.0-canary.v20250505180402/cookieSuffix_clerk.chips.browser_764a07_5.64.0-canary.v20250505180402.min.js.sri
- clerk-js/5.64.0-canary.v20250505180402/cookieSuffix_clerk.headless.browser_947f08_5.64.0-canary.v20250505180402.js.br
- clerk-js/5.64.0-canary.v20250505180402/cookieSuffix_clerk.headless.browser_947f08_5.64.0-canary.v20250505180402.js.gz
- clerk-js/5.64.0-canary.v20250505180402/cookieSuffix_clerk.headless.browser_947f08_5.64.0-canary.v20250505180402.js.sri
- clerk-js/5.64.0-canary.v20250505180402/cookieSuffix_clerk.headless.browser_947f08_5.64.0-canary.v20250505180402.min.js.br
- clerk-js/5.64.0-canary.v20250505180402/cookieSuffix_clerk.headless.browser_947f08_5.64.0-canary.v20250505180402.min.js.gz
- clerk-js/5.64.0-canary.v20250505180402/cookieSuffix_clerk.headless.browser_947f08_5.64.0-canary.v20250505180402.min.js.sri
- clerk-js/5.64.0-canary.v20250505180402/cookieSuffix_clerk.headless_bd586f_5.64.0-canary.v20250505180402.js.br
- clerk-js/5.64.0-canary.v20250505180402/cookieSuffix_clerk.headless_bd586f_5.64.0-canary.v20250505180402.js.gz
- clerk-js/5.64.0-canary.v20250505180402/cookieSuffix_clerk.headless_bd586f_5.64.0-canary.v20250505180402.js.sri
- clerk-js/5.64.0-canary.v20250505180402/cookieSuffix_clerk.headless_bd586f_5.64.0-canary.v20250505180402.min.js.br
- clerk-js/5.64.0-canary.v20250505180402/cookieSuffix_clerk.headless_bd586f_5.64.0-canary.v20250505180402.min.js.gz
- clerk-js/5.64.0-canary.v20250505180402/cookieSuffix_clerk.headless_bd586f_5.64.0-canary.v20250505180402.min.js.sri
- clerk-js/5.64.0-canary.v20250505180402/cookieSuffix_clerk.legacy.browser_c11661_5.64.0-canary.v20250505180402.js.br
- clerk-js/5.64.0-canary.v20250505180402/cookieSuffix_clerk.legacy.browser_c11661_5.64.0-canary.v20250505180402.js.gz
- clerk-js/5.64.0-canary.v20250505180402/cookieSuffix_clerk.legacy.browser_c11661_5.64.0-canary.v20250505180402.js.sri
- clerk-js/5.64.0-canary.v20250505180402/cookieSuffix_clerk.legacy.browser_c11661_5.64.0-canary.v20250505180402.min.js.br
- clerk-js/5.64.0-canary.v20250505180402/cookieSuffix_clerk.legacy.browser_c11661_5.64.0-canary.v20250505180402.min.js.gz
- clerk-js/5.64.0-canary.v20250505180402/cookieSuffix_clerk.legacy.browser_c11661_5.64.0-canary.v20250505180402.min.js.sri
- clerk-js/5.64.0-canary.v20250505180402/createorganization_clerk.browser_4c776d_5.64.0-canary.v20250505180402.js.br
- clerk-js/5.64.0-canary.v20250505180402/createorganization_clerk.browser_4c776d_5.64.0-canary.v20250505180402.js.gz
- clerk-js/5.64.0-canary.v20250505180402/createorganization_clerk.browser_4c776d_5.64.0-canary.v20250505180402.js.sri
- clerk-js/5.64.0-canary.v20250505180402/createorganization_clerk.browser_4c776d_5.64.0-canary.v20250505180402.min.js.br
- clerk-js/5.64.0-canary.v20250505180402/createorganization_clerk.browser_4c776d_5.64.0-canary.v20250505180402.min.js.gz
- clerk-js/5.64.0-canary.v20250505180402/createorganization_clerk.browser_4c776d_5.64.0-canary.v20250505180402.min.js.sri
- clerk-js/5.64.0-canary.v20250505180402/createorganization_clerk.chips.browser_764a07_5.64.0-canary.v20250505180402.js.br
- clerk-js/5.64.0-canary.v20250505180402/createorganization_clerk.chips.browser_764a07_5.64.0-canary.v20250505180402.js.gz
- clerk-js/5.64.0-canary.v20250505180402/createorganization_clerk.chips.browser_764a07_5.64.0-canary.v20250505180402.js.sri
- clerk-js/5.64.0-canary.v20250505180402/createorganization_clerk.chips.browser_764a07_5.64.0-canary.v20250505180402.min.js.br
- clerk-js/5.64.0-canary.v20250505180402/createorganization_clerk.chips.browser_764a07_5.64.0-canary.v20250505180402.min.js.gz
- clerk-js/5.64.0-canary.v20250505180402/createorganization_clerk.chips.browser_764a07_5.64.0-canary.v20250505180402.min.js.sri
- clerk-js/5.64.0-canary.v20250505180402/createorganization_clerk.legacy.browser_c11661_5.64.0-canary.v20250505180402.js.br
- clerk-js/5.64.0-canary.v20250505180402/createorganization_clerk.legacy.browser_c11661_5.64.0-canary.v20250505180402.js.gz
- clerk-js/5.64.0-canary.v20250505180402/createorganization_clerk.legacy.browser_c11661_5.64.0-canary.v20250505180402.js.sri
- clerk-js/5.64.0-canary.v20250505180402/createorganization_clerk.legacy.browser_c11661_5.64.0-canary.v20250505180402.min.js.br
- clerk-js/5.64.0-canary.v20250505180402/createorganization_clerk.legacy.browser_c11661_5.64.0-canary.v20250505180402.min.js.gz
- clerk-js/5.64.0-canary.v20250505180402/createorganization_clerk.legacy.browser_c11661_5.64.0-canary.v20250505180402.min.js.sri
- clerk-js/5.64.0-canary.v20250505180402/framework_clerk.browser_4c776d_5.64.0-canary.v20250505180402.js.br
- clerk-js/5.64.0-canary.v20250505180402/framework_clerk.browser_4c776d_5.64.0-canary.v20250505180402.js.gz
- clerk-js/5.64.0-canary.v20250505180402/framework_clerk.browser_4c776d_5.64.0-canary.v20250505180402.js.sri
- clerk-js/5.64.0-canary.v20250505180402/framework_clerk.browser_4c776d_5.64.0-canary.v20250505180402.min.js.br
- clerk-js/5.64.0-canary.v20250505180402/framework_clerk.browser_4c776d_5.64.0-canary.v20250505180402.min.js.gz
- clerk-js/5.64.0-canary.v20250505180402/framework_clerk.browser_4c776d_5.64.0-canary.v20250505180402.min.js.sri
- clerk-js/5.64.0-canary.v20250505180402/framework_clerk.chips.browser_764a07_5.64.0-canary.v20250505180402.js.br
- clerk-js/5.64.0-canary.v20250505180402/framework_clerk.chips.browser_764a07_5.64.0-canary.v20250505180402.js.gz
- clerk-js/5.64.0-canary.v20250505180402/framework_clerk.chips.browser_764a07_5.64.0-canary.v20250505180402.js.sri
- clerk-js/5.64.0-canary.v20250505180402/framework_clerk.chips.browser_764a07_5.64.0-canary.v20250505180402.min.js.br
- clerk-js/5.64.0-canary.v20250505180402/framework_clerk.chips.browser_764a07_5.64.0-canary.v20250505180402.min.js.gz
- clerk-js/5.64.0-canary.v20250505180402/framework_clerk.chips.browser_764a07_5.64.0-canary.v20250505180402.min.js.sri
- clerk-js/5.64.0-canary.v20250505180402/framework_clerk.legacy.browser_c11661_5.64.0-canary.v20250505180402.js.br
- clerk-js/5.64.0-canary.v20250505180402/framework_clerk.legacy.browser_c11661_5.64.0-canary.v20250505180402.js.gz
- clerk-js/5.64.0-canary.v20250505180402/framework_clerk.legacy.browser_c11661_5.64.0-canary.v20250505180402.js.sri
- clerk-js/5.64.0-canary.v20250505180402/framework_clerk.legacy.browser_c11661_5.64.0-canary.v20250505180402.min.js.br
- clerk-js/5.64.0-canary.v20250505180402/framework_clerk.legacy.browser_c11661_5.64.0-canary.v20250505180402.min.js.gz
- clerk-js/5.64.0-canary.v20250505180402/framework_clerk.legacy.browser_c11661_5.64.0-canary.v20250505180402.min.js.sri
- clerk-js/5.64.0-canary.v20250505180402/impersonationfab_clerk.browser_4c776d_5.64.0-canary.v20250505180402.js.br
- clerk-js/5.64.0-canary.v20250505180402/impersonationfab_clerk.browser_4c776d_5.64.0-canary.v20250505180402.js.gz
- clerk-js/5.64.0-canary.v20250505180402/impersonationfab_clerk.browser_4c776d_5.64.0-canary.v20250505180402.js.sri
- clerk-js/5.64.0-canary.v20250505180402/impersonationfab_clerk.browser_4c776d_5.64.0-canary.v20250505180402.min.js.br
- clerk-js/5.64.0-canary.v20250505180402/impersonationfab_clerk.browser_4c776d_5.64.0-canary.v20250505180402.min.js.gz
- clerk-js/5.64.0-canary.v20250505180402/impersonationfab_clerk.browser_4c776d_5.64.0-canary.v20250505180402.min.js.sri
- clerk-js/5.64.0-canary.v20250505180402/impersonationfab_clerk.chips.browser_764a07_5.64.0-canary.v20250505180402.js.br
- clerk-js/5.64.0-canary.v20250505180402/impersonationfab_clerk.chips.browser_764a07_5.64.0-canary.v20250505180402.js.gz
- clerk-js/5.64.0-canary.v20250505180402/impersonationfab_clerk.chips.browser_764a07_5.64.0-canary.v20250505180402.js.sri
- clerk-js/5.64.0-canary.v20250505180402/impersonationfab_clerk.chips.browser_764a07_5.64.0-canary.v20250505180402.min.js.br
- clerk-js/5.64.0-canary.v20250505180402/impersonationfab_clerk.chips.browser_764a07_5.64.0-canary.v20250505180402.min.js.gz
- clerk-js/5.64.0-canary.v20250505180402/impersonationfab_clerk.chips.browser_764a07_5.64.0-canary.v20250505180402.min.js.sri
- clerk-js/5.64.0-canary.v20250505180402/impersonationfab_clerk.legacy.browser_c11661_5.64.0-canary.v20250505180402.js.br
- clerk-js/5.64.0-canary.v20250505180402/impersonationfab_clerk.legacy.browser_c11661_5.64.0-canary.v20250505180402.js.gz
- clerk-js/5.64.0-canary.v20250505180402/impersonationfab_clerk.legacy.browser_c11661_5.64.0-canary.v20250505180402.js.sri
- clerk-js/5.64.0-canary.v20250505180402/impersonationfab_clerk.legacy.browser_c11661_5.64.0-canary.v20250505180402.min.js.br
- clerk-js/5.64.0-canary.v20250505180402/impersonationfab_clerk.legacy.browser_c11661_5.64.0-canary.v20250505180402.min.js.gz
- clerk-js/5.64.0-canary.v20250505180402/impersonationfab_clerk.legacy.browser_c11661_5.64.0-canary.v20250505180402.min.js.sri
- clerk-js/5.64.0-canary.v20250505180402/keylessPrompt_clerk.browser_4c776d_5.64.0-canary.v20250505180402.js.br
- clerk-js/5.64.0-canary.v20250505180402/keylessPrompt_clerk.browser_4c776d_5.64.0-canary.v20250505180402.js.gz
- clerk-js/5.64.0-canary.v20250505180402/keylessPrompt_clerk.browser_4c776d_5.64.0-canary.v20250505180402.js.sri
- clerk-js/5.64.0-canary.v20250505180402/keylessPrompt_clerk.browser_4c776d_5.64.0-canary.v20250505180402.min.js.br
- clerk-js/5.64.0-canary.v20250505180402/keylessPrompt_clerk.browser_4c776d_5.64.0-canary.v20250505180402.min.js.gz
- clerk-js/5.64.0-canary.v20250505180402/keylessPrompt_clerk.browser_4c776d_5.64.0-canary.v20250505180402.min.js.sri
- clerk-js/5.64.0-canary.v20250505180402/keylessPrompt_clerk.chips.browser_764a07_5.64.0-canary.v20250505180402.js.br
- clerk-js/5.64.0-canary.v20250505180402/keylessPrompt_clerk.chips.browser_764a07_5.64.0-canary.v20250505180402.js.gz
- clerk-js/5.64.0-canary.v20250505180402/keylessPrompt_clerk.chips.browser_764a07_5.64.0-canary.v20250505180402.js.sri
- clerk-js/5.64.0-canary.v20250505180402/keylessPrompt_clerk.chips.browser_764a07_5.64.0-canary.v20250505180402.min.js.br
- clerk-js/5.64.0-canary.v20250505180402/keylessPrompt_clerk.chips.browser_764a07_5.64.0-canary.v20250505180402.min.js.gz
- clerk-js/5.64.0-canary.v20250505180402/keylessPrompt_clerk.chips.browser_764a07_5.64.0-canary.v20250505180402.min.js.sri
- clerk-js/5.64.0-canary.v20250505180402/keylessPrompt_clerk.legacy.browser_c11661_5.64.0-canary.v20250505180402.js.br
- clerk-js/5.64.0-canary.v20250505180402/keylessPrompt_clerk.legacy.browser_c11661_5.64.0-canary.v20250505180402.js.gz
- clerk-js/5.64.0-canary.v20250505180402/keylessPrompt_clerk.legacy.browser_c11661_5.64.0-canary.v20250505180402.js.sri
- clerk-js/5.64.0-canary.v20250505180402/keylessPrompt_clerk.legacy.browser_c11661_5.64.0-canary.v20250505180402.min.js.br
- clerk-js/5.64.0-canary.v20250505180402/keylessPrompt_clerk.legacy.browser_c11661_5.64.0-canary.v20250505180402.min.js.gz
- clerk-js/5.64.0-canary.v20250505180402/keylessPrompt_clerk.legacy.browser_c11661_5.64.0-canary.v20250505180402.min.js.sri
- clerk-js/5.64.0-canary.v20250505180402/onetap_clerk.browser_4c776d_5.64.0-canary.v20250505180402.js.br
- clerk-js/5.64.0-canary.v20250505180402/onetap_clerk.browser_4c776d_5.64.0-canary.v20250505180402.js.gz
- clerk-js/5.64.0-canary.v20250505180402/onetap_clerk.browser_4c776d_5.64.0-canary.v20250505180402.js.sri
- clerk-js/5.64.0-canary.v20250505180402/onetap_clerk.browser_4c776d_5.64.0-canary.v20250505180402.min.js.br
- clerk-js/5.64.0-canary.v20250505180402/onetap_clerk.browser_4c776d_5.64.0-canary.v20250505180402.min.js.gz
- clerk-js/5.64.0-canary.v20250505180402/onetap_clerk.browser_4c776d_5.64.0-canary.v20250505180402.min.js.sri
- clerk-js/5.64.0-canary.v20250505180402/onetap_clerk.chips.browser_764a07_5.64.0-canary.v20250505180402.js.br
- clerk-js/5.64.0-canary.v20250505180402/onetap_clerk.chips.browser_764a07_5.64.0-canary.v20250505180402.js.gz
- clerk-js/5.64.0-canary.v20250505180402/onetap_clerk.chips.browser_764a07_5.64.0-canary.v20250505180402.js.sri
- clerk-js/5.64.0-canary.v20250505180402/onetap_clerk.chips.browser_764a07_5.64.0-canary.v20250505180402.min.js.br
- clerk-js/5.64.0-canary.v20250505180402/onetap_clerk.chips.browser_764a07_5.64.0-canary.v20250505180402.min.js.gz
- clerk-js/5.64.0-canary.v20250505180402/onetap_clerk.chips.browser_764a07_5.64.0-canary.v20250505180402.min.js.sri
- clerk-js/5.64.0-canary.v20250505180402/onetap_clerk.legacy.browser_c11661_5.64.0-canary.v20250505180402.js.br
- clerk-js/5.64.0-canary.v20250505180402/onetap_clerk.legacy.browser_c11661_5.64.0-canary.v20250505180402.js.gz
- clerk-js/5.64.0-canary.v20250505180402/onetap_clerk.legacy.browser_c11661_5.64.0-canary.v20250505180402.js.sri
- clerk-js/5.64.0-canary.v20250505180402/onetap_clerk.legacy.browser_c11661_5.64.0-canary.v20250505180402.min.js.br
- clerk-js/5.64.0-canary.v20250505180402/onetap_clerk.legacy.browser_c11661_5.64.0-canary.v20250505180402.min.js.gz
- clerk-js/5.64.0-canary.v20250505180402/onetap_clerk.legacy.browser_c11661_5.64.0-canary.v20250505180402.min.js.sri
- clerk-js/5.64.0-canary.v20250505180402/op-billing-page_clerk.browser_4c776d_5.64.0-canary.v20250505180402.js.br
- clerk-js/5.64.0-canary.v20250505180402/op-billing-page_clerk.browser_4c776d_5.64.0-canary.v20250505180402.js.gz
- clerk-js/5.64.0-canary.v20250505180402/op-billing-page_clerk.browser_4c776d_5.64.0-canary.v20250505180402.js.sri
- clerk-js/5.64.0-canary.v20250505180402/op-billing-page_clerk.browser_4c776d_5.64.0-canary.v20250505180402.min.js.br
- clerk-js/5.64.0-canary.v20250505180402/op-billing-page_clerk.browser_4c776d_5.64.0-canary.v20250505180402.min.js.gz
- clerk-js/5.64.0-canary.v20250505180402/op-billing-page_clerk.browser_4c776d_5.64.0-canary.v20250505180402.min.js.sri
- clerk-js/5.64.0-canary.v20250505180402/op-billing-page_clerk.chips.browser_764a07_5.64.0-canary.v20250505180402.js.br
- clerk-js/5.64.0-canary.v20250505180402/op-billing-page_clerk.chips.browser_764a07_5.64.0-canary.v20250505180402.js.gz
- clerk-js/5.64.0-canary.v20250505180402/op-billing-page_clerk.chips.browser_764a07_5.64.0-canary.v20250505180402.js.sri
- clerk-js/5.64.0-canary.v20250505180402/op-billing-page_clerk.chips.browser_764a07_5.64.0-canary.v20250505180402.min.js.br
- clerk-js/5.64.0-canary.v20250505180402/op-billing-page_clerk.chips.browser_764a07_5.64.0-canary.v20250505180402.min.js.gz
- clerk-js/5.64.0-canary.v20250505180402/op-billing-page_clerk.chips.browser_764a07_5.64.0-canary.v20250505180402.min.js.sri
- clerk-js/5.64.0-canary.v20250505180402/op-billing-page_clerk.legacy.browser_c11661_5.64.0-canary.v20250505180402.js.br
- clerk-js/5.64.0-canary.v20250505180402/op-billing-page_clerk.legacy.browser_c11661_5.64.0-canary.v20250505180402.js.gz
- clerk-js/5.64.0-canary.v20250505180402/op-billing-page_clerk.legacy.browser_c11661_5.64.0-canary.v20250505180402.js.sri
- clerk-js/5.64.0-canary.v20250505180402/op-billing-page_clerk.legacy.browser_c11661_5.64.0-canary.v20250505180402.min.js.br
- clerk-js/5.64.0-canary.v20250505180402/op-billing-page_clerk.legacy.browser_c11661_5.64.0-canary.v20250505180402.min.js.gz
- clerk-js/5.64.0-canary.v20250505180402/op-billing-page_clerk.legacy.browser_c11661_5.64.0-canary.v20250505180402.min.js.sri
- clerk-js/5.64.0-canary.v20250505180402/organizationlist_clerk.browser_4c776d_5.64.0-canary.v20250505180402.js.br
- clerk-js/5.64.0-canary.v20250505180402/organizationlist_clerk.browser_4c776d_5.64.0-canary.v20250505180402.js.gz
- clerk-js/5.64.0-canary.v20250505180402/organizationlist_clerk.browser_4c776d_5.64.0-canary.v20250505180402.js.sri
- clerk-js/5.64.0-canary.v20250505180402/organizationlist_clerk.browser_4c776d_5.64.0-canary.v20250505180402.min.js.br
- clerk-js/5.64.0-canary.v20250505180402/organizationlist_clerk.browser_4c776d_5.64.0-canary.v20250505180402.min.js.gz
- clerk-js/5.64.0-canary.v20250505180402/organizationlist_clerk.browser_4c776d_5.64.0-canary.v20250505180402.min.js.sri
- clerk-js/5.64.0-canary.v20250505180402/organizationlist_clerk.chips.browser_764a07_5.64.0-canary.v20250505180402.js.br
- clerk-js/5.64.0-canary.v20250505180402/organizationlist_clerk.chips.browser_764a07_5.64.0-canary.v20250505180402.js.gz
- clerk-js/5.64.0-canary.v20250505180402/organizationlist_clerk.chips.browser_764a07_5.64.0-canary.v20250505180402.js.sri
- clerk-js/5.64.0-canary.v20250505180402/organizationlist_clerk.chips.browser_764a07_5.64.0-canary.v20250505180402.min.js.br
- clerk-js/5.64.0-canary.v20250505180402/organizationlist_clerk.chips.browser_764a07_5.64.0-canary.v20250505180402.min.js.gz
- clerk-js/5.64.0-canary.v20250505180402/organizationlist_clerk.chips.browser_764a07_5.64.0-canary.v20250505180402.min.js.sri
- clerk-js/5.64.0-canary.v20250505180402/organizationlist_clerk.legacy.browser_c11661_5.64.0-canary.v20250505180402.js.br
- clerk-js/5.64.0-canary.v20250505180402/organizationlist_clerk.legacy.browser_c11661_5.64.0-canary.v20250505180402.js.gz
- clerk-js/5.64.0-canary.v20250505180402/organizationlist_clerk.legacy.browser_c11661_5.64.0-canary.v20250505180402.js.sri
- clerk-js/5.64.0-canary.v20250505180402/organizationlist_clerk.legacy.browser_c11661_5.64.0-canary.v20250505180402.min.js.br
- clerk-js/5.64.0-canary.v20250505180402/organizationlist_clerk.legacy.browser_c11661_5.64.0-canary.v20250505180402.min.js.gz
- clerk-js/5.64.0-canary.v20250505180402/organizationlist_clerk.legacy.browser_c11661_5.64.0-canary.v20250505180402.min.js.sri
- clerk-js/5.64.0-canary.v20250505180402/organizationprofile_clerk.browser_4c776d_5.64.0-canary.v20250505180402.js.br
- clerk-js/5.64.0-canary.v20250505180402/organizationprofile_clerk.browser_4c776d_5.64.0-canary.v20250505180402.js.gz
- clerk-js/5.64.0-canary.v20250505180402/organizationprofile_clerk.browser_4c776d_5.64.0-canary.v20250505180402.js.sri
- clerk-js/5.64.0-canary.v20250505180402/organizationprofile_clerk.browser_4c776d_5.64.0-canary.v20250505180402.min.js.br
- clerk-js/5.64.0-canary.v20250505180402/organizationprofile_clerk.browser_4c776d_5.64.0-canary.v20250505180402.min.js.gz
- clerk-js/5.64.0-canary.v20250505180402/organizationprofile_clerk.browser_4c776d_5.64.0-canary.v20250505180402.min.js.sri
- clerk-js/5.64.0-canary.v20250505180402/organizationprofile_clerk.chips.browser_764a07_5.64.0-canary.v20250505180402.js.br
- clerk-js/5.64.0-canary.v20250505180402/organizationprofile_clerk.chips.browser_764a07_5.64.0-canary.v20250505180402.js.gz
- clerk-js/5.64.0-canary.v20250505180402/organizationprofile_clerk.chips.browser_764a07_5.64.0-canary.v20250505180402.js.sri
- clerk-js/5.64.0-canary.v20250505180402/organizationprofile_clerk.chips.browser_764a07_5.64.0-canary.v20250505180402.min.js.br
- clerk-js/5.64.0-canary.v20250505180402/organizationprofile_clerk.chips.browser_764a07_5.64.0-canary.v20250505180402.min.js.gz
- clerk-js/5.64.0-canary.v20250505180402/organizationprofile_clerk.chips.browser_764a07_5.64.0-canary.v20250505180402.min.js.sri
- clerk-js/5.64.0-canary.v20250505180402/organizationprofile_clerk.legacy.browser_c11661_5.64.0-canary.v20250505180402.js.br
- clerk-js/5.64.0-canary.v20250505180402/organizationprofile_clerk.legacy.browser_c11661_5.64.0-canary.v20250505180402.js.gz
- clerk-js/5.64.0-canary.v20250505180402/organizationprofile_clerk.legacy.browser_c11661_5.64.0-canary.v20250505180402.js.sri
- clerk-js/5.64.0-canary.v20250505180402/organizationprofile_clerk.legacy.browser_c11661_5.64.0-canary.v20250505180402.min.js.br
- clerk-js/5.64.0-canary.v20250505180402/organizationprofile_clerk.legacy.browser_c11661_5.64.0-canary.v20250505180402.min.js.gz
- clerk-js/5.64.0-canary.v20250505180402/organizationprofile_clerk.legacy.browser_c11661_5.64.0-canary.v20250505180402.min.js.sri
- clerk-js/5.64.0-canary.v20250505180402/organizationswitcher_clerk.browser_4c776d_5.64.0-canary.v20250505180402.js.br
- clerk-js/5.64.0-canary.v20250505180402/organizationswitcher_clerk.browser_4c776d_5.64.0-canary.v20250505180402.js.gz
- clerk-js/5.64.0-canary.v20250505180402/organizationswitcher_clerk.browser_4c776d_5.64.0-canary.v20250505180402.js.sri
- clerk-js/5.64.0-canary.v20250505180402/organizationswitcher_clerk.browser_4c776d_5.64.0-canary.v20250505180402.min.js.br
- clerk-js/5.64.0-canary.v20250505180402/organizationswitcher_clerk.browser_4c776d_5.64.0-canary.v20250505180402.min.js.gz
- clerk-js/5.64.0-canary.v20250505180402/organizationswitcher_clerk.browser_4c776d_5.64.0-canary.v20250505180402.min.js.sri
- clerk-js/5.64.0-canary.v20250505180402/organizationswitcher_clerk.chips.browser_764a07_5.64.0-canary.v20250505180402.js.br
- clerk-js/5.64.0-canary.v20250505180402/organizationswitcher_clerk.chips.browser_764a07_5.64.0-canary.v20250505180402.js.gz
- clerk-js/5.64.0-canary.v20250505180402/organizationswitcher_clerk.chips.browser_764a07_5.64.0-canary.v20250505180402.js.sri
- clerk-js/5.64.0-canary.v20250505180402/organizationswitcher_clerk.chips.browser_764a07_5.64.0-canary.v20250505180402.min.js.br
- clerk-js/5.64.0-canary.v20250505180402/organizationswitcher_clerk.chips.browser_764a07_5.64.0-canary.v20250505180402.min.js.gz
- clerk-js/5.64.0-canary.v20250505180402/organizationswitcher_clerk.chips.browser_764a07_5.64.0-canary.v20250505180402.min.js.sri
- clerk-js/5.64.0-canary.v20250505180402/organizationswitcher_clerk.legacy.browser_c11661_5.64.0-canary.v20250505180402.js.br
- clerk-js/5.64.0-canary.v20250505180402/organizationswitcher_clerk.legacy.browser_c11661_5.64.0-canary.v20250505180402.js.gz
- clerk-js/5.64.0-canary.v20250505180402/organizationswitcher_clerk.legacy.browser_c11661_5.64.0-canary.v20250505180402.js.sri
- clerk-js/5.64.0-canary.v20250505180402/organizationswitcher_clerk.legacy.browser_c11661_5.64.0-canary.v20250505180402.min.js.br
- clerk-js/5.64.0-canary.v20250505180402/organizationswitcher_clerk.legacy.browser_c11661_5.64.0-canary.v20250505180402.min.js.gz
- clerk-js/5.64.0-canary.v20250505180402/organizationswitcher_clerk.legacy.browser_c11661_5.64.0-canary.v20250505180402.min.js.sri
- clerk-js/5.64.0-canary.v20250505180402/paymentSources_clerk.browser_4c776d_5.64.0-canary.v20250505180402.js.br
- clerk-js/5.64.0-canary.v20250505180402/paymentSources_clerk.browser_4c776d_5.64.0-canary.v20250505180402.js.gz
- clerk-js/5.64.0-canary.v20250505180402/paymentSources_clerk.browser_4c776d_5.64.0-canary.v20250505180402.js.sri
- clerk-js/5.64.0-canary.v20250505180402/paymentSources_clerk.browser_4c776d_5.64.0-canary.v20250505180402.min.js.br
- clerk-js/5.64.0-canary.v20250505180402/paymentSources_clerk.browser_4c776d_5.64.0-canary.v20250505180402.min.js.gz
- clerk-js/5.64.0-canary.v20250505180402/paymentSources_clerk.browser_4c776d_5.64.0-canary.v20250505180402.min.js.sri
- clerk-js/5.64.0-canary.v20250505180402/paymentSources_clerk.chips.browser_764a07_5.64.0-canary.v20250505180402.js.br
- clerk-js/5.64.0-canary.v20250505180402/paymentSources_clerk.chips.browser_764a07_5.64.0-canary.v20250505180402.js.gz
- clerk-js/5.64.0-canary.v20250505180402/paymentSources_clerk.chips.browser_764a07_5.64.0-canary.v20250505180402.js.sri
- clerk-js/5.64.0-canary.v20250505180402/paymentSources_clerk.chips.browser_764a07_5.64.0-canary.v20250505180402.min.js.br
- clerk-js/5.64.0-canary.v20250505180402/paymentSources_clerk.chips.browser_764a07_5.64.0-canary.v20250505180402.min.js.gz
- clerk-js/5.64.0-canary.v20250505180402/paymentSources_clerk.chips.browser_764a07_5.64.0-canary.v20250505180402.min.js.sri
- clerk-js/5.64.0-canary.v20250505180402/paymentSources_clerk.legacy.browser_c11661_5.64.0-canary.v20250505180402.js.br
- clerk-js/5.64.0-canary.v20250505180402/paymentSources_clerk.legacy.browser_c11661_5.64.0-canary.v20250505180402.js.gz
- clerk-js/5.64.0-canary.v20250505180402/paymentSources_clerk.legacy.browser_c11661_5.64.0-canary.v20250505180402.js.sri
- clerk-js/5.64.0-canary.v20250505180402/paymentSources_clerk.legacy.browser_c11661_5.64.0-canary.v20250505180402.min.js.br
- clerk-js/5.64.0-canary.v20250505180402/paymentSources_clerk.legacy.browser_c11661_5.64.0-canary.v20250505180402.min.js.gz
- clerk-js/5.64.0-canary.v20250505180402/paymentSources_clerk.legacy.browser_c11661_5.64.0-canary.v20250505180402.min.js.sri
- clerk-js/5.64.0-canary.v20250505180402/planDetails_clerk.browser_4c776d_5.64.0-canary.v20250505180402.js.br
- clerk-js/5.64.0-canary.v20250505180402/planDetails_clerk.browser_4c776d_5.64.0-canary.v20250505180402.js.gz
- clerk-js/5.64.0-canary.v20250505180402/planDetails_clerk.browser_4c776d_5.64.0-canary.v20250505180402.js.sri
- clerk-js/5.64.0-canary.v20250505180402/planDetails_clerk.browser_4c776d_5.64.0-canary.v20250505180402.min.js.br
- clerk-js/5.64.0-canary.v20250505180402/planDetails_clerk.browser_4c776d_5.64.0-canary.v20250505180402.min.js.gz
- clerk-js/5.64.0-canary.v20250505180402/planDetails_clerk.browser_4c776d_5.64.0-canary.v20250505180402.min.js.sri
- clerk-js/5.64.0-canary.v20250505180402/planDetails_clerk.chips.browser_764a07_5.64.0-canary.v20250505180402.js.br
- clerk-js/5.64.0-canary.v20250505180402/planDetails_clerk.chips.browser_764a07_5.64.0-canary.v20250505180402.js.gz
- clerk-js/5.64.0-canary.v20250505180402/planDetails_clerk.chips.browser_764a07_5.64.0-canary.v20250505180402.js.sri
- clerk-js/5.64.0-canary.v20250505180402/planDetails_clerk.chips.browser_764a07_5.64.0-canary.v20250505180402.min.js.br
- clerk-js/5.64.0-canary.v20250505180402/planDetails_clerk.chips.browser_764a07_5.64.0-canary.v20250505180402.min.js.gz
- clerk-js/5.64.0-canary.v20250505180402/planDetails_clerk.chips.browser_764a07_5.64.0-canary.v20250505180402.min.js.sri
- clerk-js/5.64.0-canary.v20250505180402/planDetails_clerk.legacy.browser_c11661_5.64.0-canary.v20250505180402.js.br
- clerk-js/5.64.0-canary.v20250505180402/planDetails_clerk.legacy.browser_c11661_5.64.0-canary.v20250505180402.js.gz
- clerk-js/5.64.0-canary.v20250505180402/planDetails_clerk.legacy.browser_c11661_5.64.0-canary.v20250505180402.js.sri
- clerk-js/5.64.0-canary.v20250505180402/planDetails_clerk.legacy.browser_c11661_5.64.0-canary.v20250505180402.min.js.br
- clerk-js/5.64.0-canary.v20250505180402/planDetails_clerk.legacy.browser_c11661_5.64.0-canary.v20250505180402.min.js.gz
- clerk-js/5.64.0-canary.v20250505180402/planDetails_clerk.legacy.browser_c11661_5.64.0-canary.v20250505180402.min.js.sri
- clerk-js/5.64.0-canary.v20250505180402/prefetchorganizationlist_clerk.browser_4c776d_5.64.0-canary.v20250505180402.js.br
- clerk-js/5.64.0-canary.v20250505180402/prefetchorganizationlist_clerk.browser_4c776d_5.64.0-canary.v20250505180402.js.gz
- clerk-js/5.64.0-canary.v20250505180402/prefetchorganizationlist_clerk.browser_4c776d_5.64.0-canary.v20250505180402.js.sri
- clerk-js/5.64.0-canary.v20250505180402/prefetchorganizationlist_clerk.browser_4c776d_5.64.0-canary.v20250505180402.min.js.br
- clerk-js/5.64.0-canary.v20250505180402/prefetchorganizationlist_clerk.browser_4c776d_5.64.0-canary.v20250505180402.min.js.gz
- clerk-js/5.64.0-canary.v20250505180402/prefetchorganizationlist_clerk.browser_4c776d_5.64.0-canary.v20250505180402.min.js.sri
- clerk-js/5.64.0-canary.v20250505180402/prefetchorganizationlist_clerk.chips.browser_764a07_5.64.0-canary.v20250505180402.js.br
- clerk-js/5.64.0-canary.v20250505180402/prefetchorganizationlist_clerk.chips.browser_764a07_5.64.0-canary.v20250505180402.js.gz
- clerk-js/5.64.0-canary.v20250505180402/prefetchorganizationlist_clerk.chips.browser_764a07_5.64.0-canary.v20250505180402.js.sri
- clerk-js/5.64.0-canary.v20250505180402/prefetchorganizationlist_clerk.chips.browser_764a07_5.64.0-canary.v20250505180402.min.js.br
- clerk-js/5.64.0-canary.v20250505180402/prefetchorganizationlist_clerk.chips.browser_764a07_5.64.0-canary.v20250505180402.min.js.gz
- clerk-js/5.64.0-canary.v20250505180402/prefetchorganizationlist_clerk.chips.browser_764a07_5.64.0-canary.v20250505180402.min.js.sri
- clerk-js/5.64.0-canary.v20250505180402/prefetchorganizationlist_clerk.legacy.browser_c11661_5.64.0-canary.v20250505180402.js.br
- clerk-js/5.64.0-canary.v20250505180402/prefetchorganizationlist_clerk.legacy.browser_c11661_5.64.0-canary.v20250505180402.js.gz
- clerk-js/5.64.0-canary.v20250505180402/prefetchorganizationlist_clerk.legacy.browser_c11661_5.64.0-canary.v20250505180402.js.sri
- clerk-js/5.64.0-canary.v20250505180402/prefetchorganizationlist_clerk.legacy.browser_c11661_5.64.0-canary.v20250505180402.min.js.br
- clerk-js/5.64.0-canary.v20250505180402/prefetchorganizationlist_clerk.legacy.browser_c11661_5.64.0-canary.v20250505180402.min.js.gz
- clerk-js/5.64.0-canary.v20250505180402/prefetchorganizationlist_clerk.legacy.browser_c11661_5.64.0-canary.v20250505180402.min.js.sri
- clerk-js/5.64.0-canary.v20250505180402/pricingTable_clerk.browser_4c776d_5.64.0-canary.v20250505180402.js.br
- clerk-js/5.64.0-canary.v20250505180402/pricingTable_clerk.browser_4c776d_5.64.0-canary.v20250505180402.js.gz
- clerk-js/5.64.0-canary.v20250505180402/pricingTable_clerk.browser_4c776d_5.64.0-canary.v20250505180402.js.sri
- clerk-js/5.64.0-canary.v20250505180402/pricingTable_clerk.browser_4c776d_5.64.0-canary.v20250505180402.min.js.br
- clerk-js/5.64.0-canary.v20250505180402/pricingTable_clerk.browser_4c776d_5.64.0-canary.v20250505180402.min.js.gz
- clerk-js/5.64.0-canary.v20250505180402/pricingTable_clerk.browser_4c776d_5.64.0-canary.v20250505180402.min.js.sri
- clerk-js/5.64.0-canary.v20250505180402/pricingTable_clerk.chips.browser_764a07_5.64.0-canary.v20250505180402.js.br
- clerk-js/5.64.0-canary.v20250505180402/pricingTable_clerk.chips.browser_764a07_5.64.0-canary.v20250505180402.js.gz
- clerk-js/5.64.0-canary.v20250505180402/pricingTable_clerk.chips.browser_764a07_5.64.0-canary.v20250505180402.js.sri
- clerk-js/5.64.0-canary.v20250505180402/pricingTable_clerk.chips.browser_764a07_5.64.0-canary.v20250505180402.min.js.br
- clerk-js/5.64.0-canary.v20250505180402/pricingTable_clerk.chips.browser_764a07_5.64.0-canary.v20250505180402.min.js.gz
- clerk-js/5.64.0-canary.v20250505180402/pricingTable_clerk.chips.browser_764a07_5.64.0-canary.v20250505180402.min.js.sri
- clerk-js/5.64.0-canary.v20250505180402/pricingTable_clerk.legacy.browser_c11661_5.64.0-canary.v20250505180402.js.br
- clerk-js/5.64.0-canary.v20250505180402/pricingTable_clerk.legacy.browser_c11661_5.64.0-canary.v20250505180402.js.gz
- clerk-js/5.64.0-canary.v20250505180402/pricingTable_clerk.legacy.browser_c11661_5.64.0-canary.v20250505180402.js.sri
- clerk-js/5.64.0-canary.v20250505180402/pricingTable_clerk.legacy.browser_c11661_5.64.0-canary.v20250505180402.min.js.br
- clerk-js/5.64.0-canary.v20250505180402/pricingTable_clerk.legacy.browser_c11661_5.64.0-canary.v20250505180402.min.js.gz
- clerk-js/5.64.0-canary.v20250505180402/pricingTable_clerk.legacy.browser_c11661_5.64.0-canary.v20250505180402.min.js.sri
- clerk-js/5.64.0-canary.v20250505180402/sessionTasks_clerk.browser_4c776d_5.64.0-canary.v20250505180402.js.br
- clerk-js/5.64.0-canary.v20250505180402/sessionTasks_clerk.browser_4c776d_5.64.0-canary.v20250505180402.js.gz
- clerk-js/5.64.0-canary.v20250505180402/sessionTasks_clerk.browser_4c776d_5.64.0-canary.v20250505180402.js.sri
- clerk-js/5.64.0-canary.v20250505180402/sessionTasks_clerk.browser_4c776d_5.64.0-canary.v20250505180402.min.js.br
- clerk-js/5.64.0-canary.v20250505180402/sessionTasks_clerk.browser_4c776d_5.64.0-canary.v20250505180402.min.js.gz
- clerk-js/5.64.0-canary.v20250505180402/sessionTasks_clerk.browser_4c776d_5.64.0-canary.v20250505180402.min.js.sri
- clerk-js/5.64.0-canary.v20250505180402/sessionTasks_clerk.chips.browser_764a07_5.64.0-canary.v20250505180402.js.br
- clerk-js/5.64.0-canary.v20250505180402/sessionTasks_clerk.chips.browser_764a07_5.64.0-canary.v20250505180402.js.gz
- clerk-js/5.64.0-canary.v20250505180402/sessionTasks_clerk.chips.browser_764a07_5.64.0-canary.v20250505180402.js.sri
- clerk-js/5.64.0-canary.v20250505180402/sessionTasks_clerk.chips.browser_764a07_5.64.0-canary.v20250505180402.min.js.br
- clerk-js/5.64.0-canary.v20250505180402/sessionTasks_clerk.chips.browser_764a07_5.64.0-canary.v20250505180402.min.js.gz
- clerk-js/5.64.0-canary.v20250505180402/sessionTasks_clerk.chips.browser_764a07_5.64.0-canary.v20250505180402.min.js.sri
- clerk-js/5.64.0-canary.v20250505180402/sessionTasks_clerk.legacy.browser_c11661_5.64.0-canary.v20250505180402.js.br
- clerk-js/5.64.0-canary.v20250505180402/sessionTasks_clerk.legacy.browser_c11661_5.64.0-canary.v20250505180402.js.gz
- clerk-js/5.64.0-canary.v20250505180402/sessionTasks_clerk.legacy.browser_c11661_5.64.0-canary.v20250505180402.js.sri
- clerk-js/5.64.0-canary.v20250505180402/sessionTasks_clerk.legacy.browser_c11661_5.64.0-canary.v20250505180402.min.js.br
- clerk-js/5.64.0-canary.v20250505180402/sessionTasks_clerk.legacy.browser_c11661_5.64.0-canary.v20250505180402.min.js.gz
- clerk-js/5.64.0-canary.v20250505180402/sessionTasks_clerk.legacy.browser_c11661_5.64.0-canary.v20250505180402.min.js.sri
- clerk-js/5.64.0-canary.v20250505180402/signin_clerk.browser_4c776d_5.64.0-canary.v20250505180402.js.br
- clerk-js/5.64.0-canary.v20250505180402/signin_clerk.browser_4c776d_5.64.0-canary.v20250505180402.js.gz
- clerk-js/5.64.0-canary.v20250505180402/signin_clerk.browser_4c776d_5.64.0-canary.v20250505180402.js.sri
- clerk-js/5.64.0-canary.v20250505180402/signin_clerk.browser_4c776d_5.64.0-canary.v20250505180402.min.js.br
- clerk-js/5.64.0-canary.v20250505180402/signin_clerk.browser_4c776d_5.64.0-canary.v20250505180402.min.js.gz
- clerk-js/5.64.0-canary.v20250505180402/signin_clerk.browser_4c776d_5.64.0-canary.v20250505180402.min.js.sri
- clerk-js/5.64.0-canary.v20250505180402/signin_clerk.chips.browser_764a07_5.64.0-canary.v20250505180402.js.br
- clerk-js/5.64.0-canary.v20250505180402/signin_clerk.chips.browser_764a07_5.64.0-canary.v20250505180402.js.gz
- clerk-js/5.64.0-canary.v20250505180402/signin_clerk.chips.browser_764a07_5.64.0-canary.v20250505180402.js.sri
- clerk-js/5.64.0-canary.v20250505180402/signin_clerk.chips.browser_764a07_5.64.0-canary.v20250505180402.min.js.br
- clerk-js/5.64.0-canary.v20250505180402/signin_clerk.chips.browser_764a07_5.64.0-canary.v20250505180402.min.js.gz
- clerk-js/5.64.0-canary.v20250505180402/signin_clerk.chips.browser_764a07_5.64.0-canary.v20250505180402.min.js.sri
- clerk-js/5.64.0-canary.v20250505180402/signin_clerk.legacy.browser_c11661_5.64.0-canary.v20250505180402.js.br
- clerk-js/5.64.0-canary.v20250505180402/signin_clerk.legacy.browser_c11661_5.64.0-canary.v20250505180402.js.gz
- clerk-js/5.64.0-canary.v20250505180402/signin_clerk.legacy.browser_c11661_5.64.0-canary.v20250505180402.js.sri
- clerk-js/5.64.0-canary.v20250505180402/signin_clerk.legacy.browser_c11661_5.64.0-canary.v20250505180402.min.js.br
- clerk-js/5.64.0-canary.v20250505180402/signin_clerk.legacy.browser_c11661_5.64.0-canary.v20250505180402.min.js.gz
- clerk-js/5.64.0-canary.v20250505180402/signin_clerk.legacy.browser_c11661_5.64.0-canary.v20250505180402.min.js.sri
- clerk-js/5.64.0-canary.v20250505180402/signup_clerk.browser_4c776d_5.64.0-canary.v20250505180402.js.br
- clerk-js/5.64.0-canary.v20250505180402/signup_clerk.browser_4c776d_5.64.0-canary.v20250505180402.js.gz
- clerk-js/5.64.0-canary.v20250505180402/signup_clerk.browser_4c776d_5.64.0-canary.v20250505180402.js.sri
- clerk-js/5.64.0-canary.v20250505180402/signup_clerk.browser_4c776d_5.64.0-canary.v20250505180402.min.js.br
- clerk-js/5.64.0-canary.v20250505180402/signup_clerk.browser_4c776d_5.64.0-canary.v20250505180402.min.js.gz
- clerk-js/5.64.0-canary.v20250505180402/signup_clerk.browser_4c776d_5.64.0-canary.v20250505180402.min.js.sri
- clerk-js/5.64.0-canary.v20250505180402/signup_clerk.chips.browser_764a07_5.64.0-canary.v20250505180402.js.br
- clerk-js/5.64.0-canary.v20250505180402/signup_clerk.chips.browser_764a07_5.64.0-canary.v20250505180402.js.gz
- clerk-js/5.64.0-canary.v20250505180402/signup_clerk.chips.browser_764a07_5.64.0-canary.v20250505180402.js.sri
- clerk-js/5.64.0-canary.v20250505180402/signup_clerk.chips.browser_764a07_5.64.0-canary.v20250505180402.min.js.br
- clerk-js/5.64.0-canary.v20250505180402/signup_clerk.chips.browser_764a07_5.64.0-canary.v20250505180402.min.js.gz
- clerk-js/5.64.0-canary.v20250505180402/signup_clerk.chips.browser_764a07_5.64.0-canary.v20250505180402.min.js.sri
- clerk-js/5.64.0-canary.v20250505180402/signup_clerk.legacy.browser_c11661_5.64.0-canary.v20250505180402.js.br
- clerk-js/5.64.0-canary.v20250505180402/signup_clerk.legacy.browser_c11661_5.64.0-canary.v20250505180402.js.gz
- clerk-js/5.64.0-canary.v20250505180402/signup_clerk.legacy.browser_c11661_5.64.0-canary.v20250505180402.js.sri
- clerk-js/5.64.0-canary.v20250505180402/signup_clerk.legacy.browser_c11661_5.64.0-canary.v20250505180402.min.js.br
- clerk-js/5.64.0-canary.v20250505180402/signup_clerk.legacy.browser_c11661_5.64.0-canary.v20250505180402.min.js.gz
- clerk-js/5.64.0-canary.v20250505180402/signup_clerk.legacy.browser_c11661_5.64.0-canary.v20250505180402.min.js.sri
- clerk-js/5.64.0-canary.v20250505180402/ui-common_clerk.browser_4c776d_5.64.0-canary.v20250505180402.js.br
- clerk-js/5.64.0-canary.v20250505180402/ui-common_clerk.browser_4c776d_5.64.0-canary.v20250505180402.js.gz
- clerk-js/5.64.0-canary.v20250505180402/ui-common_clerk.browser_4c776d_5.64.0-canary.v20250505180402.js.sri
- clerk-js/5.64.0-canary.v20250505180402/ui-common_clerk.browser_4c776d_5.64.0-canary.v20250505180402.min.js.br
- clerk-js/5.64.0-canary.v20250505180402/ui-common_clerk.browser_4c776d_5.64.0-canary.v20250505180402.min.js.gz
- clerk-js/5.64.0-canary.v20250505180402/ui-common_clerk.browser_4c776d_5.64.0-canary.v20250505180402.min.js.sri
- clerk-js/5.64.0-canary.v20250505180402/ui-common_clerk.chips.browser_764a07_5.64.0-canary.v20250505180402.js.br
- clerk-js/5.64.0-canary.v20250505180402/ui-common_clerk.chips.browser_764a07_5.64.0-canary.v20250505180402.js.gz
- clerk-js/5.64.0-canary.v20250505180402/ui-common_clerk.chips.browser_764a07_5.64.0-canary.v20250505180402.js.sri
- clerk-js/5.64.0-canary.v20250505180402/ui-common_clerk.chips.browser_764a07_5.64.0-canary.v20250505180402.min.js.br
- clerk-js/5.64.0-canary.v20250505180402/ui-common_clerk.chips.browser_764a07_5.64.0-canary.v20250505180402.min.js.gz
- clerk-js/5.64.0-canary.v20250505180402/ui-common_clerk.chips.browser_764a07_5.64.0-canary.v20250505180402.min.js.sri
- clerk-js/5.64.0-canary.v20250505180402/ui-common_clerk.legacy.browser_c11661_5.64.0-canary.v20250505180402.js.br
- clerk-js/5.64.0-canary.v20250505180402/ui-common_clerk.legacy.browser_c11661_5.64.0-canary.v20250505180402.js.gz
- clerk-js/5.64.0-canary.v20250505180402/ui-common_clerk.legacy.browser_c11661_5.64.0-canary.v20250505180402.js.sri
- clerk-js/5.64.0-canary.v20250505180402/ui-common_clerk.legacy.browser_c11661_5.64.0-canary.v20250505180402.min.js.br
- clerk-js/5.64.0-canary.v20250505180402/ui-common_clerk.legacy.browser_c11661_5.64.0-canary.v20250505180402.min.js.gz
- clerk-js/5.64.0-canary.v20250505180402/ui-common_clerk.legacy.browser_c11661_5.64.0-canary.v20250505180402.min.js.sri
- clerk-js/5.64.0-canary.v20250505180402/up-billing-page_clerk.browser_4c776d_5.64.0-canary.v20250505180402.js.br
- clerk-js/5.64.0-canary.v20250505180402/up-billing-page_clerk.browser_4c776d_5.64.0-canary.v20250505180402.js.gz
- clerk-js/5.64.0-canary.v20250505180402/up-billing-page_clerk.browser_4c776d_5.64.0-canary.v20250505180402.js.sri
- clerk-js/5.64.0-canary.v20250505180402/up-billing-page_clerk.browser_4c776d_5.64.0-canary.v20250505180402.min.js.br
- clerk-js/5.64.0-canary.v20250505180402/up-billing-page_clerk.browser_4c776d_5.64.0-canary.v20250505180402.min.js.gz
- clerk-js/5.64.0-canary.v20250505180402/up-billing-page_clerk.browser_4c776d_5.64.0-canary.v20250505180402.min.js.sri
- clerk-js/5.64.0-canary.v20250505180402/up-billing-page_clerk.chips.browser_764a07_5.64.0-canary.v20250505180402.js.br
- clerk-js/5.64.0-canary.v20250505180402/up-billing-page_clerk.chips.browser_764a07_5.64.0-canary.v20250505180402.js.gz
- clerk-js/5.64.0-canary.v20250505180402/up-billing-page_clerk.chips.browser_764a07_5.64.0-canary.v20250505180402.js.sri
- clerk-js/5.64.0-canary.v20250505180402/up-billing-page_clerk.chips.browser_764a07_5.64.0-canary.v20250505180402.min.js.br
- clerk-js/5.64.0-canary.v20250505180402/up-billing-page_clerk.chips.browser_764a07_5.64.0-canary.v20250505180402.min.js.gz
- clerk-js/5.64.0-canary.v20250505180402/up-billing-page_clerk.chips.browser_764a07_5.64.0-canary.v20250505180402.min.js.sri
- clerk-js/5.64.0-canary.v20250505180402/up-billing-page_clerk.legacy.browser_c11661_5.64.0-canary.v20250505180402.js.br
- clerk-js/5.64.0-canary.v20250505180402/up-billing-page_clerk.legacy.browser_c11661_5.64.0-canary.v20250505180402.js.gz
- clerk-js/5.64.0-canary.v20250505180402/up-billing-page_clerk.legacy.browser_c11661_5.64.0-canary.v20250505180402.js.sri
- clerk-js/5.64.0-canary.v20250505180402/up-billing-page_clerk.legacy.browser_c11661_5.64.0-canary.v20250505180402.min.js.br
- clerk-js/5.64.0-canary.v20250505180402/up-billing-page_clerk.legacy.browser_c11661_5.64.0-canary.v20250505180402.min.js.gz
- clerk-js/5.64.0-canary.v20250505180402/up-billing-page_clerk.legacy.browser_c11661_5.64.0-canary.v20250505180402.min.js.sri
- clerk-js/5.64.0-canary.v20250505180402/userbutton_clerk.browser_4c776d_5.64.0-canary.v20250505180402.js.br
- clerk-js/5.64.0-canary.v20250505180402/userbutton_clerk.browser_4c776d_5.64.0-canary.v20250505180402.js.gz
- clerk-js/5.64.0-canary.v20250505180402/userbutton_clerk.browser_4c776d_5.64.0-canary.v20250505180402.js.sri
- clerk-js/5.64.0-canary.v20250505180402/userbutton_clerk.browser_4c776d_5.64.0-canary.v20250505180402.min.js.br
- clerk-js/5.64.0-canary.v20250505180402/userbutton_clerk.browser_4c776d_5.64.0-canary.v20250505180402.min.js.gz
- clerk-js/5.64.0-canary.v20250505180402/userbutton_clerk.browser_4c776d_5.64.0-canary.v20250505180402.min.js.sri
- clerk-js/5.64.0-canary.v20250505180402/userbutton_clerk.chips.browser_764a07_5.64.0-canary.v20250505180402.js.br
- clerk-js/5.64.0-canary.v20250505180402/userbutton_clerk.chips.browser_764a07_5.64.0-canary.v20250505180402.js.gz
- clerk-js/5.64.0-canary.v20250505180402/userbutton_clerk.chips.browser_764a07_5.64.0-canary.v20250505180402.js.sri
- clerk-js/5.64.0-canary.v20250505180402/userbutton_clerk.chips.browser_764a07_5.64.0-canary.v20250505180402.min.js.br
- clerk-js/5.64.0-canary.v20250505180402/userbutton_clerk.chips.browser_764a07_5.64.0-canary.v20250505180402.min.js.gz
- clerk-js/5.64.0-canary.v20250505180402/userbutton_clerk.chips.browser_764a07_5.64.0-canary.v20250505180402.min.js.sri
- clerk-js/5.64.0-canary.v20250505180402/userbutton_clerk.legacy.browser_c11661_5.64.0-canary.v20250505180402.js.br
- clerk-js/5.64.0-canary.v20250505180402/userbutton_clerk.legacy.browser_c11661_5.64.0-canary.v20250505180402.js.gz
- clerk-js/5.64.0-canary.v20250505180402/userbutton_clerk.legacy.browser_c11661_5.64.0-canary.v20250505180402.js.sri
- clerk-js/5.64.0-canary.v20250505180402/userbutton_clerk.legacy.browser_c11661_5.64.0-canary.v20250505180402.min.js.br
- clerk-js/5.64.0-canary.v20250505180402/userbutton_clerk.legacy.browser_c11661_5.64.0-canary.v20250505180402.min.js.gz
- clerk-js/5.64.0-canary.v20250505180402/userbutton_clerk.legacy.browser_c11661_5.64.0-canary.v20250505180402.min.js.sri
- clerk-js/5.64.0-canary.v20250505180402/userprofile_clerk.browser_4c776d_5.64.0-canary.v20250505180402.js.br
- clerk-js/5.64.0-canary.v20250505180402/userprofile_clerk.browser_4c776d_5.64.0-canary.v20250505180402.js.gz
- clerk-js/5.64.0-canary.v20250505180402/userprofile_clerk.browser_4c776d_5.64.0-canary.v20250505180402.js.sri
- clerk-js/5.64.0-canary.v20250505180402/userprofile_clerk.browser_4c776d_5.64.0-canary.v20250505180402.min.js.br
- clerk-js/5.64.0-canary.v20250505180402/userprofile_clerk.browser_4c776d_5.64.0-canary.v20250505180402.min.js.gz
- clerk-js/5.64.0-canary.v20250505180402/userprofile_clerk.browser_4c776d_5.64.0-canary.v20250505180402.min.js.sri
- clerk-js/5.64.0-canary.v20250505180402/userprofile_clerk.chips.browser_764a07_5.64.0-canary.v20250505180402.js.br
- clerk-js/5.64.0-canary.v20250505180402/userprofile_clerk.chips.browser_764a07_5.64.0-canary.v20250505180402.js.gz
- clerk-js/5.64.0-canary.v20250505180402/userprofile_clerk.chips.browser_764a07_5.64.0-canary.v20250505180402.js.sri
- clerk-js/5.64.0-canary.v20250505180402/userprofile_clerk.chips.browser_764a07_5.64.0-canary.v20250505180402.min.js.br
- clerk-js/5.64.0-canary.v20250505180402/userprofile_clerk.chips.browser_764a07_5.64.0-canary.v20250505180402.min.js.gz
- clerk-js/5.64.0-canary.v20250505180402/userprofile_clerk.chips.browser_764a07_5.64.0-canary.v20250505180402.min.js.sri
- clerk-js/5.64.0-canary.v20250505180402/userprofile_clerk.legacy.browser_c11661_5.64.0-canary.v20250505180402.js.br
- clerk-js/5.64.0-canary.v20250505180402/userprofile_clerk.legacy.browser_c11661_5.64.0-canary.v20250505180402.js.gz
- clerk-js/5.64.0-canary.v20250505180402/userprofile_clerk.legacy.browser_c11661_5.64.0-canary.v20250505180402.js.sri
- clerk-js/5.64.0-canary.v20250505180402/userprofile_clerk.legacy.browser_c11661_5.64.0-canary.v20250505180402.min.js.br
- clerk-js/5.64.0-canary.v20250505180402/userprofile_clerk.legacy.browser_c11661_5.64.0-canary.v20250505180402.min.js.gz
- clerk-js/5.64.0-canary.v20250505180402/userprofile_clerk.legacy.browser_c11661_5.64.0-canary.v20250505180402.min.js.sri
- clerk-js/5.64.0-canary.v20250505180402/userverification_clerk.browser_4c776d_5.64.0-canary.v20250505180402.js.br
- clerk-js/5.64.0-canary.v20250505180402/userverification_clerk.browser_4c776d_5.64.0-canary.v20250505180402.js.gz
- clerk-js/5.64.0-canary.v20250505180402/userverification_clerk.browser_4c776d_5.64.0-canary.v20250505180402.js.sri
- clerk-js/5.64.0-canary.v20250505180402/userverification_clerk.browser_4c776d_5.64.0-canary.v20250505180402.min.js.br
- clerk-js/5.64.0-canary.v20250505180402/userverification_clerk.browser_4c776d_5.64.0-canary.v20250505180402.min.js.gz
- clerk-js/5.64.0-canary.v20250505180402/userverification_clerk.browser_4c776d_5.64.0-canary.v20250505180402.min.js.sri
- clerk-js/5.64.0-canary.v20250505180402/userverification_clerk.chips.browser_764a07_5.64.0-canary.v20250505180402.js.br
- clerk-js/5.64.0-canary.v20250505180402/userverification_clerk.chips.browser_764a07_5.64.0-canary.v20250505180402.js.gz
- clerk-js/5.64.0-canary.v20250505180402/userverification_clerk.chips.browser_764a07_5.64.0-canary.v20250505180402.js.sri
- clerk-js/5.64.0-canary.v20250505180402/userverification_clerk.chips.browser_764a07_5.64.0-canary.v20250505180402.min.js.br
- clerk-js/5.64.0-canary.v20250505180402/userverification_clerk.chips.browser_764a07_5.64.0-canary.v20250505180402.min.js.gz
- clerk-js/5.64.0-canary.v20250505180402/userverification_clerk.chips.browser_764a07_5.64.0-canary.v20250505180402.min.js.sri
- clerk-js/5.64.0-canary.v20250505180402/userverification_clerk.legacy.browser_c11661_5.64.0-canary.v20250505180402.js.br
- clerk-js/5.64.0-canary.v20250505180402/userverification_clerk.legacy.browser_c11661_5.64.0-canary.v20250505180402.js.gz
- clerk-js/5.64.0-canary.v20250505180402/userverification_clerk.legacy.browser_c11661_5.64.0-canary.v20250505180402.js.sri
- clerk-js/5.64.0-canary.v20250505180402/userverification_clerk.legacy.browser_c11661_5.64.0-canary.v20250505180402.min.js.br
- clerk-js/5.64.0-canary.v20250505180402/userverification_clerk.legacy.browser_c11661_5.64.0-canary.v20250505180402.min.js.gz
- clerk-js/5.64.0-canary.v20250505180402/userverification_clerk.legacy.browser_c11661_5.64.0-canary.v20250505180402.min.js.sri
- clerk-js/5.64.0-canary.v20250505180402/vendors_clerk.browser_4c776d_5.64.0-canary.v20250505180402.js.br
- clerk-js/5.64.0-canary.v20250505180402/vendors_clerk.browser_4c776d_5.64.0-canary.v20250505180402.js.gz
- clerk-js/5.64.0-canary.v20250505180402/vendors_clerk.browser_4c776d_5.64.0-canary.v20250505180402.js.sri
- clerk-js/5.64.0-canary.v20250505180402/vendors_clerk.browser_4c776d_5.64.0-canary.v20250505180402.min.js.br
- clerk-js/5.64.0-canary.v20250505180402/vendors_clerk.browser_4c776d_5.64.0-canary.v20250505180402.min.js.gz
- clerk-js/5.64.0-canary.v20250505180402/vendors_clerk.browser_4c776d_5.64.0-canary.v20250505180402.min.js.sri
- clerk-js/5.64.0-canary.v20250505180402/vendors_clerk.chips.browser_764a07_5.64.0-canary.v20250505180402.js.br
- clerk-js/5.64.0-canary.v20250505180402/vendors_clerk.chips.browser_764a07_5.64.0-canary.v20250505180402.js.gz
- clerk-js/5.64.0-canary.v20250505180402/vendors_clerk.chips.browser_764a07_5.64.0-canary.v20250505180402.js.sri
- clerk-js/5.64.0-canary.v20250505180402/vendors_clerk.chips.browser_764a07_5.64.0-canary.v20250505180402.min.js.br
- clerk-js/5.64.0-canary.v20250505180402/vendors_clerk.chips.browser_764a07_5.64.0-canary.v20250505180402.min.js.gz
- clerk-js/5.64.0-canary.v20250505180402/vendors_clerk.chips.browser_764a07_5.64.0-canary.v20250505180402.min.js.sri
- clerk-js/5.64.0-canary.v20250505180402/vendors_clerk.headless.browser_947f08_5.64.0-canary.v20250505180402.js.br
- clerk-js/5.64.0-canary.v20250505180402/vendors_clerk.headless.browser_947f08_5.64.0-canary.v20250505180402.js.gz
- clerk-js/5.64.0-canary.v20250505180402/vendors_clerk.headless.browser_947f08_5.64.0-canary.v20250505180402.js.sri
- clerk-js/5.64.0-canary.v20250505180402/vendors_clerk.headless.browser_947f08_5.64.0-canary.v20250505180402.min.js.br
- clerk-js/5.64.0-canary.v20250505180402/vendors_clerk.headless.browser_947f08_5.64.0-canary.v20250505180402.min.js.gz
- clerk-js/5.64.0-canary.v20250505180402/vendors_clerk.headless.browser_947f08_5.64.0-canary.v20250505180402.min.js.sri
- clerk-js/5.64.0-canary.v20250505180402/vendors_clerk.legacy.browser_c11661_5.64.0-canary.v20250505180402.js.br
- clerk-js/5.64.0-canary.v20250505180402/vendors_clerk.legacy.browser_c11661_5.64.0-canary.v20250505180402.js.gz
- clerk-js/5.64.0-canary.v20250505180402/vendors_clerk.legacy.browser_c11661_5.64.0-canary.v20250505180402.js.sri
- clerk-js/5.64.0-canary.v20250505180402/vendors_clerk.legacy.browser_c11661_5.64.0-canary.v20250505180402.min.js.br
- clerk-js/5.64.0-canary.v20250505180402/vendors_clerk.legacy.browser_c11661_5.64.0-canary.v20250505180402.min.js.gz
- clerk-js/5.64.0-canary.v20250505180402/vendors_clerk.legacy.browser_c11661_5.64.0-canary.v20250505180402.min.js.sri
- clerk-js/5.64.0-canary.v20250505180402/waitlist_clerk.browser_4c776d_5.64.0-canary.v20250505180402.js.br
- clerk-js/5.64.0-canary.v20250505180402/waitlist_clerk.browser_4c776d_5.64.0-canary.v20250505180402.js.gz
- clerk-js/5.64.0-canary.v20250505180402/waitlist_clerk.browser_4c776d_5.64.0-canary.v20250505180402.js.sri
- clerk-js/5.64.0-canary.v20250505180402/waitlist_clerk.browser_4c776d_5.64.0-canary.v20250505180402.min.js.br
- clerk-js/5.64.0-canary.v20250505180402/waitlist_clerk.browser_4c776d_5.64.0-canary.v20250505180402.min.js.gz
- clerk-js/5.64.0-canary.v20250505180402/waitlist_clerk.browser_4c776d_5.64.0-canary.v20250505180402.min.js.sri
- clerk-js/5.64.0-canary.v20250505180402/waitlist_clerk.chips.browser_764a07_5.64.0-canary.v20250505180402.js.br
- clerk-js/5.64.0-canary.v20250505180402/waitlist_clerk.chips.browser_764a07_5.64.0-canary.v20250505180402.js.gz
- clerk-js/5.64.0-canary.v20250505180402/waitlist_clerk.chips.browser_764a07_5.64.0-canary.v20250505180402.js.sri
- clerk-js/5.64.0-canary.v20250505180402/waitlist_clerk.chips.browser_764a07_5.64.0-canary.v20250505180402.min.js.br
- clerk-js/5.64.0-canary.v20250505180402/waitlist_clerk.chips.browser_764a07_5.64.0-canary.v20250505180402.min.js.gz
- clerk-js/5.64.0-canary.v20250505180402/waitlist_clerk.chips.browser_764a07_5.64.0-canary.v20250505180402.min.js.sri
- clerk-js/5.64.0-canary.v20250505180402/waitlist_clerk.legacy.browser_c11661_5.64.0-canary.v20250505180402.js.br
- clerk-js/5.64.0-canary.v20250505180402/waitlist_clerk.legacy.browser_c11661_5.64.0-canary.v20250505180402.js.gz
- clerk-js/5.64.0-canary.v20250505180402/waitlist_clerk.legacy.browser_c11661_5.64.0-canary.v20250505180402.js.sri
- clerk-js/5.64.0-canary.v20250505180402/waitlist_clerk.legacy.browser_c11661_5.64.0-canary.v20250505180402.min.js.br
- clerk-js/5.64.0-canary.v20250505180402/waitlist_clerk.legacy.browser_c11661_5.64.0-canary.v20250505180402.min.js.gz
- clerk-js/5.64.0-canary.v20250505180402/waitlist_clerk.legacy.browser_c11661_5.64.0-canary.v20250505180402.min.js.sri
- clerk-js/5.64.0-canary.v20250505180402/zxcvbn-common_clerk.browser_4c776d_5.64.0-canary.v20250505180402.js.br
- clerk-js/5.64.0-canary.v20250505180402/zxcvbn-common_clerk.browser_4c776d_5.64.0-canary.v20250505180402.js.gz
- clerk-js/5.64.0-canary.v20250505180402/zxcvbn-common_clerk.browser_4c776d_5.64.0-canary.v20250505180402.js.sri
- clerk-js/5.64.0-canary.v20250505180402/zxcvbn-common_clerk.browser_4c776d_5.64.0-canary.v20250505180402.min.js.br
- clerk-js/5.64.0-canary.v20250505180402/zxcvbn-common_clerk.browser_4c776d_5.64.0-canary.v20250505180402.min.js.gz
- clerk-js/5.64.0-canary.v20250505180402/zxcvbn-common_clerk.browser_4c776d_5.64.0-canary.v20250505180402.min.js.sri
- clerk-js/5.64.0-canary.v20250505180402/zxcvbn-common_clerk.chips.browser_764a07_5.64.0-canary.v20250505180402.js.br
- clerk-js/5.64.0-canary.v20250505180402/zxcvbn-common_clerk.chips.browser_764a07_5.64.0-canary.v20250505180402.js.gz
- clerk-js/5.64.0-canary.v20250505180402/zxcvbn-common_clerk.chips.browser_764a07_5.64.0-canary.v20250505180402.js.sri
- clerk-js/5.64.0-canary.v20250505180402/zxcvbn-common_clerk.chips.browser_764a07_5.64.0-canary.v20250505180402.min.js.br
- clerk-js/5.64.0-canary.v20250505180402/zxcvbn-common_clerk.chips.browser_764a07_5.64.0-canary.v20250505180402.min.js.gz
- clerk-js/5.64.0-canary.v20250505180402/zxcvbn-common_clerk.chips.browser_764a07_5.64.0-canary.v20250505180402.min.js.sri
- clerk-js/5.64.0-canary.v20250505180402/zxcvbn-common_clerk.headless.browser_947f08_5.64.0-canary.v20250505180402.js.br
- clerk-js/5.64.0-canary.v20250505180402/zxcvbn-common_clerk.headless.browser_947f08_5.64.0-canary.v20250505180402.js.gz
- clerk-js/5.64.0-canary.v20250505180402/zxcvbn-common_clerk.headless.browser_947f08_5.64.0-canary.v20250505180402.js.sri
- clerk-js/5.64.0-canary.v20250505180402/zxcvbn-common_clerk.headless.browser_947f08_5.64.0-canary.v20250505180402.min.js.br
- clerk-js/5.64.0-canary.v20250505180402/zxcvbn-common_clerk.headless.browser_947f08_5.64.0-canary.v20250505180402.min.js.gz
- clerk-js/5.64.0-canary.v20250505180402/zxcvbn-common_clerk.headless.browser_947f08_5.64.0-canary.v20250505180402.min.js.sri
- clerk-js/5.64.0-canary.v20250505180402/zxcvbn-common_clerk.legacy.browser_c11661_5.64.0-canary.v20250505180402.js.br
- clerk-js/5.64.0-canary.v20250505180402/zxcvbn-common_clerk.legacy.browser_c11661_5.64.0-canary.v20250505180402.js.gz
- clerk-js/5.64.0-canary.v20250505180402/zxcvbn-common_clerk.legacy.browser_c11661_5.64.0-canary.v20250505180402.js.sri
- clerk-js/5.64.0-canary.v20250505180402/zxcvbn-common_clerk.legacy.browser_c11661_5.64.0-canary.v20250505180402.min.js.br
- clerk-js/5.64.0-canary.v20250505180402/zxcvbn-common_clerk.legacy.browser_c11661_5.64.0-canary.v20250505180402.min.js.gz
- clerk-js/5.64.0-canary.v20250505180402/zxcvbn-common_clerk.legacy.browser_c11661_5.64.0-canary.v20250505180402.min.js.sri
- clerk-js/5.64.0-canary.v20250505180402/zxcvbn-ts-core_clerk.browser_4c776d_5.64.0-canary.v20250505180402.js.br
- clerk-js/5.64.0-canary.v20250505180402/zxcvbn-ts-core_clerk.browser_4c776d_5.64.0-canary.v20250505180402.js.gz
- clerk-js/5.64.0-canary.v20250505180402/zxcvbn-ts-core_clerk.browser_4c776d_5.64.0-canary.v20250505180402.js.sri
- clerk-js/5.64.0-canary.v20250505180402/zxcvbn-ts-core_clerk.browser_4c776d_5.64.0-canary.v20250505180402.min.js.br
- clerk-js/5.64.0-canary.v20250505180402/zxcvbn-ts-core_clerk.browser_4c776d_5.64.0-canary.v20250505180402.min.js.gz
- clerk-js/5.64.0-canary.v20250505180402/zxcvbn-ts-core_clerk.browser_4c776d_5.64.0-canary.v20250505180402.min.js.sri
- clerk-js/5.64.0-canary.v20250505180402/zxcvbn-ts-core_clerk.chips.browser_764a07_5.64.0-canary.v20250505180402.js.br
- clerk-js/5.64.0-canary.v20250505180402/zxcvbn-ts-core_clerk.chips.browser_764a07_5.64.0-canary.v20250505180402.js.gz
- clerk-js/5.64.0-canary.v20250505180402/zxcvbn-ts-core_clerk.chips.browser_764a07_5.64.0-canary.v20250505180402.js.sri
- clerk-js/5.64.0-canary.v20250505180402/zxcvbn-ts-core_clerk.chips.browser_764a07_5.64.0-canary.v20250505180402.min.js.br
- clerk-js/5.64.0-canary.v20250505180402/zxcvbn-ts-core_clerk.chips.browser_764a07_5.64.0-canary.v20250505180402.min.js.gz
- clerk-js/5.64.0-canary.v20250505180402/zxcvbn-ts-core_clerk.chips.browser_764a07_5.64.0-canary.v20250505180402.min.js.sri
- clerk-js/5.64.0-canary.v20250505180402/zxcvbn-ts-core_clerk.headless.browser_947f08_5.64.0-canary.v20250505180402.js.br
- clerk-js/5.64.0-canary.v20250505180402/zxcvbn-ts-core_clerk.headless.browser_947f08_5.64.0-canary.v20250505180402.js.gz
- clerk-js/5.64.0-canary.v20250505180402/zxcvbn-ts-core_clerk.headless.browser_947f08_5.64.0-canary.v20250505180402.js.sri
- clerk-js/5.64.0-canary.v20250505180402/zxcvbn-ts-core_clerk.headless.browser_947f08_5.64.0-canary.v20250505180402.min.js.br
- clerk-js/5.64.0-canary.v20250505180402/zxcvbn-ts-core_clerk.headless.browser_947f08_5.64.0-canary.v20250505180402.min.js.gz
- clerk-js/5.64.0-canary.v20250505180402/zxcvbn-ts-core_clerk.headless.browser_947f08_5.64.0-canary.v20250505180402.min.js.sri
- clerk-js/5.64.0-canary.v20250505180402/zxcvbn-ts-core_clerk.legacy.browser_c11661_5.64.0-canary.v20250505180402.js.br
- clerk-js/5.64.0-canary.v20250505180402/zxcvbn-ts-core_clerk.legacy.browser_c11661_5.64.0-canary.v20250505180402.js.gz
- clerk-js/5.64.0-canary.v20250505180402/zxcvbn-ts-core_clerk.legacy.browser_c11661_5.64.0-canary.v20250505180402.js.sri
- clerk-js/5.64.0-canary.v20250505180402/zxcvbn-ts-core_clerk.legacy.browser_c11661_5.64.0-canary.v20250505180402.min.js.br
- clerk-js/5.64.0-canary.v20250505180402/zxcvbn-ts-core_clerk.legacy.browser_c11661_5.64.0-canary.v20250505180402.min.js.gz
- clerk-js/5.64.0-canary.v20250505180402/zxcvbn-ts-core_clerk.legacy.browser_c11661_5.64.0-canary.v20250505180402.min.js.sri
