Files:
- fontsource-dangrek/5.2.8/400.css.br
- fontsource-dangrek/5.2.8/400.css.gz
- fontsource-dangrek/5.2.8/400.css.sri
- fontsource-dangrek/5.2.8/400.min.css.br
- fontsource-dangrek/5.2.8/400.min.css.gz
- fontsource-dangrek/5.2.8/400.min.css.sri
- fontsource-dangrek/5.2.8/files/dangrek-khmer-400-normal.woff.br
- fontsource-dangrek/5.2.8/files/dangrek-khmer-400-normal.woff.gz
- fontsource-dangrek/5.2.8/files/dangrek-khmer-400-normal.woff2
- fontsource-dangrek/5.2.8/files/dangrek-latin-400-normal.woff.br
- fontsource-dangrek/5.2.8/files/dangrek-latin-400-normal.woff.gz
- fontsource-dangrek/5.2.8/files/dangrek-latin-400-normal.woff2
- fontsource-dangrek/5.2.8/index.css.br
- fontsource-dangrek/5.2.8/index.css.gz
- fontsource-dangrek/5.2.8/index.css.sri
- fontsource-dangrek/5.2.8/index.min.css.br
- fontsource-dangrek/5.2.8/index.min.css.gz
- fontsource-dangrek/5.2.8/index.min.css.sri
- fontsource-dangrek/5.2.8/khmer-400.css.br
- fontsource-dangrek/5.2.8/khmer-400.css.gz
- fontsource-dangrek/5.2.8/khmer-400.css.sri
- fontsource-dangrek/5.2.8/khmer-400.min.css.br
- fontsource-dangrek/5.2.8/khmer-400.min.css.gz
- fontsource-dangrek/5.2.8/khmer-400.min.css.sri
- fontsource-dangrek/5.2.8/khmer.css.br
- fontsource-dangrek/5.2.8/khmer.css.gz
- fontsource-dangrek/5.2.8/khmer.css.sri
- fontsource-dangrek/5.2.8/khmer.min.css.br
- fontsource-dangrek/5.2.8/khmer.min.css.gz
- fontsource-dangrek/5.2.8/khmer.min.css.sri
- fontsource-dangrek/5.2.8/latin-400.css.br
- fontsource-dangrek/5.2.8/latin-400.css.gz
- fontsource-dangrek/5.2.8/latin-400.css.sri
- fontsource-dangrek/5.2.8/latin-400.min.css.br
- fontsource-dangrek/5.2.8/latin-400.min.css.gz
- fontsource-dangrek/5.2.8/latin-400.min.css.sri
- fontsource-dangrek/5.2.8/latin.css.br
- fontsource-dangrek/5.2.8/latin.css.gz
- fontsource-dangrek/5.2.8/latin.css.sri
- fontsource-dangrek/5.2.8/latin.min.css.br
- fontsource-dangrek/5.2.8/latin.min.css.gz
- fontsource-dangrek/5.2.8/latin.min.css.sri
