- mint-ui/2.2.4/actionsheet/index.js.br
- mint-ui/2.2.4/actionsheet/index.js.gz
- mint-ui/2.2.4/actionsheet/index.min.js.br
- mint-ui/2.2.4/actionsheet/index.min.js.gz
- mint-ui/2.2.4/actionsheet/style.css.br
- mint-ui/2.2.4/actionsheet/style.css.gz
- mint-ui/2.2.4/actionsheet/style.min.css.br
- mint-ui/2.2.4/actionsheet/style.min.css.gz
- mint-ui/2.2.4/badge/index.js.br
- mint-ui/2.2.4/badge/index.js.gz
- mint-ui/2.2.4/badge/index.min.js.br
- mint-ui/2.2.4/badge/index.min.js.gz
- mint-ui/2.2.4/badge/style.css.br
- mint-ui/2.2.4/badge/style.css.gz
- mint-ui/2.2.4/badge/style.min.css.br
- mint-ui/2.2.4/badge/style.min.css.gz
- mint-ui/2.2.4/button/index.js.br
- mint-ui/2.2.4/button/index.js.gz
- mint-ui/2.2.4/button/index.min.js.br
- mint-ui/2.2.4/button/index.min.js.gz
- mint-ui/2.2.4/button/style.css.br
- mint-ui/2.2.4/button/style.css.gz
- mint-ui/2.2.4/button/style.min.css.br
- mint-ui/2.2.4/button/style.min.css.gz
- mint-ui/2.2.4/cell-swipe/index.js.br
- mint-ui/2.2.4/cell-swipe/index.js.gz
- mint-ui/2.2.4/cell-swipe/index.min.js.br
- mint-ui/2.2.4/cell-swipe/index.min.js.gz
- mint-ui/2.2.4/cell-swipe/style.css.br
- mint-ui/2.2.4/cell-swipe/style.css.gz
- mint-ui/2.2.4/cell-swipe/style.min.css.br
- mint-ui/2.2.4/cell-swipe/style.min.css.gz
- mint-ui/2.2.4/cell/index.js.br
- mint-ui/2.2.4/cell/index.js.gz
- mint-ui/2.2.4/cell/index.min.js.br
- mint-ui/2.2.4/cell/index.min.js.gz
- mint-ui/2.2.4/cell/style.css.br
- mint-ui/2.2.4/cell/style.css.gz
- mint-ui/2.2.4/cell/style.min.css.br
- mint-ui/2.2.4/cell/style.min.css.gz
- mint-ui/2.2.4/checklist/index.js.br
- mint-ui/2.2.4/checklist/index.js.gz
- mint-ui/2.2.4/checklist/index.min.js.br
- mint-ui/2.2.4/checklist/index.min.js.gz
- mint-ui/2.2.4/checklist/style.css.br
- mint-ui/2.2.4/checklist/style.css.gz
- mint-ui/2.2.4/checklist/style.min.css.br
- mint-ui/2.2.4/checklist/style.min.css.gz
- mint-ui/2.2.4/datetime-picker/index.js.br
- mint-ui/2.2.4/datetime-picker/index.js.gz
- mint-ui/2.2.4/datetime-picker/index.min.js.br
- mint-ui/2.2.4/datetime-picker/index.min.js.gz
- mint-ui/2.2.4/datetime-picker/style.css.br
- mint-ui/2.2.4/datetime-picker/style.css.gz
- mint-ui/2.2.4/datetime-picker/style.min.css.br
- mint-ui/2.2.4/datetime-picker/style.min.css.gz
- mint-ui/2.2.4/field/index.js.br
- mint-ui/2.2.4/field/index.js.gz
- mint-ui/2.2.4/field/index.min.js.br
- mint-ui/2.2.4/field/index.min.js.gz
- mint-ui/2.2.4/field/style.css.br
- mint-ui/2.2.4/field/style.css.gz
- mint-ui/2.2.4/field/style.min.css.br
- mint-ui/2.2.4/field/style.min.css.gz
- mint-ui/2.2.4/font/index.js.br
- mint-ui/2.2.4/font/index.js.gz
- mint-ui/2.2.4/font/index.min.js.br
- mint-ui/2.2.4/font/index.min.js.gz
- mint-ui/2.2.4/font/style.css.br
- mint-ui/2.2.4/font/style.css.gz
- mint-ui/2.2.4/font/style.min.css.br
- mint-ui/2.2.4/font/style.min.css.gz
- mint-ui/2.2.4/header/index.js.br
- mint-ui/2.2.4/header/index.js.gz
- mint-ui/2.2.4/header/index.min.js.br
- mint-ui/2.2.4/header/index.min.js.gz
- mint-ui/2.2.4/header/style.css.br
- mint-ui/2.2.4/header/style.css.gz
- mint-ui/2.2.4/header/style.min.css.br
- mint-ui/2.2.4/header/style.min.css.gz
- mint-ui/2.2.4/index-list/index.js.br
- mint-ui/2.2.4/index-list/index.js.gz
- mint-ui/2.2.4/index-list/index.min.js.br
- mint-ui/2.2.4/index-list/index.min.js.gz
- mint-ui/2.2.4/index-list/style.css.br
- mint-ui/2.2.4/index-list/style.css.gz
- mint-ui/2.2.4/index-list/style.min.css.br
- mint-ui/2.2.4/index-list/style.min.css.gz
- mint-ui/2.2.4/index-section/index.js.br
- mint-ui/2.2.4/index-section/index.js.gz
- mint-ui/2.2.4/index-section/index.min.js.br
- mint-ui/2.2.4/index-section/index.min.js.gz
- mint-ui/2.2.4/index-section/style.css.br
- mint-ui/2.2.4/index-section/style.css.gz
- mint-ui/2.2.4/index-section/style.min.css.br
- mint-ui/2.2.4/index-section/style.min.css.gz
- mint-ui/2.2.4/index.js.br
- mint-ui/2.2.4/index.js.gz
- mint-ui/2.2.4/index.min.js.br
- mint-ui/2.2.4/index.min.js.gz
- mint-ui/2.2.4/indicator/index.js.br
- mint-ui/2.2.4/indicator/index.js.gz
- mint-ui/2.2.4/indicator/index.min.js.br
- mint-ui/2.2.4/indicator/index.min.js.gz
- mint-ui/2.2.4/indicator/style.css.br
- mint-ui/2.2.4/indicator/style.css.gz
- mint-ui/2.2.4/indicator/style.min.css.br
- mint-ui/2.2.4/indicator/style.min.css.gz
- mint-ui/2.2.4/infinite-scroll/index.js.br
- mint-ui/2.2.4/infinite-scroll/index.js.gz
- mint-ui/2.2.4/infinite-scroll/index.min.js.br
- mint-ui/2.2.4/infinite-scroll/index.min.js.gz
- mint-ui/2.2.4/infinite-scroll/style.css.br
- mint-ui/2.2.4/infinite-scroll/style.css.gz
- mint-ui/2.2.4/infinite-scroll/style.min.css.br
- mint-ui/2.2.4/infinite-scroll/style.min.css.gz
- mint-ui/2.2.4/lazyload/index.js.br
- mint-ui/2.2.4/lazyload/index.js.gz
- mint-ui/2.2.4/lazyload/index.min.js.br
- mint-ui/2.2.4/lazyload/index.min.js.gz
- mint-ui/2.2.4/lazyload/style.css.br
- mint-ui/2.2.4/lazyload/style.css.gz
- mint-ui/2.2.4/lazyload/style.min.css.br
- mint-ui/2.2.4/lazyload/style.min.css.gz
- mint-ui/2.2.4/loadmore/index.js.br
- mint-ui/2.2.4/loadmore/index.js.gz
- mint-ui/2.2.4/loadmore/index.min.js.br
- mint-ui/2.2.4/loadmore/index.min.js.gz
- mint-ui/2.2.4/loadmore/style.css.br
- mint-ui/2.2.4/loadmore/style.css.gz
- mint-ui/2.2.4/loadmore/style.min.css.br
- mint-ui/2.2.4/loadmore/style.min.css.gz
- mint-ui/2.2.4/message-box/index.js.br
- mint-ui/2.2.4/message-box/index.js.gz
- mint-ui/2.2.4/message-box/index.min.js.br
- mint-ui/2.2.4/message-box/index.min.js.gz
- mint-ui/2.2.4/message-box/style.css.br
- mint-ui/2.2.4/message-box/style.css.gz
- mint-ui/2.2.4/message-box/style.min.css.br
- mint-ui/2.2.4/message-box/style.min.css.gz
- mint-ui/2.2.4/mint-ui.common.js.br
- mint-ui/2.2.4/mint-ui.common.js.gz
- mint-ui/2.2.4/mint-ui.common.min.js.br
- mint-ui/2.2.4/mint-ui.common.min.js.gz
- mint-ui/2.2.4/navbar/index.js.br
- mint-ui/2.2.4/navbar/index.js.gz
- mint-ui/2.2.4/navbar/index.min.js.br
- mint-ui/2.2.4/navbar/index.min.js.gz
- mint-ui/2.2.4/navbar/style.css.br
- mint-ui/2.2.4/navbar/style.css.gz
- mint-ui/2.2.4/navbar/style.min.css.br
- mint-ui/2.2.4/navbar/style.min.css.gz
- mint-ui/2.2.4/palette-button/index.js.br
- mint-ui/2.2.4/palette-button/index.js.gz
- mint-ui/2.2.4/palette-button/index.min.js.br
- mint-ui/2.2.4/palette-button/index.min.js.gz
- mint-ui/2.2.4/palette-button/style.css.br
- mint-ui/2.2.4/palette-button/style.css.gz
- mint-ui/2.2.4/palette-button/style.min.css.br
- mint-ui/2.2.4/palette-button/style.min.css.gz
- mint-ui/2.2.4/picker/index.js.br
- mint-ui/2.2.4/picker/index.js.gz
- mint-ui/2.2.4/picker/index.min.js.br
- mint-ui/2.2.4/picker/index.min.js.gz
- mint-ui/2.2.4/picker/style.css.br
- mint-ui/2.2.4/picker/style.css.gz
- mint-ui/2.2.4/picker/style.min.css.br
- mint-ui/2.2.4/picker/style.min.css.gz
- mint-ui/2.2.4/popup/index.js.br
- mint-ui/2.2.4/popup/index.js.gz
- mint-ui/2.2.4/popup/index.min.js.br
- mint-ui/2.2.4/popup/index.min.js.gz
- mint-ui/2.2.4/popup/style.css.br
- mint-ui/2.2.4/popup/style.css.gz
- mint-ui/2.2.4/popup/style.min.css.br
- mint-ui/2.2.4/popup/style.min.css.gz
- mint-ui/2.2.4/progress/index.js.br
- mint-ui/2.2.4/progress/index.js.gz
- mint-ui/2.2.4/progress/index.min.js.br
- mint-ui/2.2.4/progress/index.min.js.gz
- mint-ui/2.2.4/progress/style.css.br
- mint-ui/2.2.4/progress/style.css.gz
- mint-ui/2.2.4/progress/style.min.css.br
- mint-ui/2.2.4/progress/style.min.css.gz
- mint-ui/2.2.4/radio/index.js.br
- mint-ui/2.2.4/radio/index.js.gz
- mint-ui/2.2.4/radio/index.min.js.br
- mint-ui/2.2.4/radio/index.min.js.gz
- mint-ui/2.2.4/radio/style.css.br
- mint-ui/2.2.4/radio/style.css.gz
- mint-ui/2.2.4/radio/style.min.css.br
- mint-ui/2.2.4/radio/style.min.css.gz
- mint-ui/2.2.4/range/index.js.br
- mint-ui/2.2.4/range/index.js.gz
- mint-ui/2.2.4/range/index.min.js.br
- mint-ui/2.2.4/range/index.min.js.gz
- mint-ui/2.2.4/range/style.css.br
- mint-ui/2.2.4/range/style.css.gz
- mint-ui/2.2.4/range/style.min.css.br
- mint-ui/2.2.4/range/style.min.css.gz
- mint-ui/2.2.4/search/index.js.br
- mint-ui/2.2.4/search/index.js.gz
- mint-ui/2.2.4/search/index.min.js.br
- mint-ui/2.2.4/search/index.min.js.gz
- mint-ui/2.2.4/search/style.css.br
- mint-ui/2.2.4/search/style.css.gz
- mint-ui/2.2.4/search/style.min.css.br
- mint-ui/2.2.4/search/style.min.css.gz
- mint-ui/2.2.4/spinner/index.js.br
- mint-ui/2.2.4/spinner/index.js.gz
- mint-ui/2.2.4/spinner/index.min.js.br
- mint-ui/2.2.4/spinner/index.min.js.gz
- mint-ui/2.2.4/spinner/style.css.br
- mint-ui/2.2.4/spinner/style.css.gz
- mint-ui/2.2.4/spinner/style.min.css.br
- mint-ui/2.2.4/spinner/style.min.css.gz
- mint-ui/2.2.4/style.css.br
- mint-ui/2.2.4/style.css.gz
- mint-ui/2.2.4/style.min.css.br
- mint-ui/2.2.4/style.min.css.gz
- mint-ui/2.2.4/swipe-item/index.js.br
- mint-ui/2.2.4/swipe-item/index.js.gz
- mint-ui/2.2.4/swipe-item/index.min.js.br
- mint-ui/2.2.4/swipe-item/index.min.js.gz
- mint-ui/2.2.4/swipe-item/style.css.br
- mint-ui/2.2.4/swipe-item/style.css.gz
- mint-ui/2.2.4/swipe-item/style.min.css.br
- mint-ui/2.2.4/swipe-item/style.min.css.gz
- mint-ui/2.2.4/swipe/index.js.br
- mint-ui/2.2.4/swipe/index.js.gz
- mint-ui/2.2.4/swipe/index.min.js.br
- mint-ui/2.2.4/swipe/index.min.js.gz
- mint-ui/2.2.4/swipe/style.css.br
- mint-ui/2.2.4/swipe/style.css.gz
- mint-ui/2.2.4/swipe/style.min.css.br
- mint-ui/2.2.4/swipe/style.min.css.gz
- mint-ui/2.2.4/switch/index.js.br
- mint-ui/2.2.4/switch/index.js.gz
- mint-ui/2.2.4/switch/index.min.js.br
- mint-ui/2.2.4/switch/index.min.js.gz
- mint-ui/2.2.4/switch/style.css.br
- mint-ui/2.2.4/switch/style.css.gz
- mint-ui/2.2.4/switch/style.min.css.br
- mint-ui/2.2.4/switch/style.min.css.gz
- mint-ui/2.2.4/tab-container-item/index.js.br
- mint-ui/2.2.4/tab-container-item/index.js.gz
- mint-ui/2.2.4/tab-container-item/index.min.js.br
- mint-ui/2.2.4/tab-container-item/index.min.js.gz
- mint-ui/2.2.4/tab-container-item/style.css.br
- mint-ui/2.2.4/tab-container-item/style.css.gz
- mint-ui/2.2.4/tab-container-item/style.min.css.br
- mint-ui/2.2.4/tab-container-item/style.min.css.gz
- mint-ui/2.2.4/tab-container/index.js.br
- mint-ui/2.2.4/tab-container/index.js.gz
- mint-ui/2.2.4/tab-container/index.min.js.br
- mint-ui/2.2.4/tab-container/index.min.js.gz
- mint-ui/2.2.4/tab-container/style.css.br
- mint-ui/2.2.4/tab-container/style.css.gz
- mint-ui/2.2.4/tab-container/style.min.css.br
- mint-ui/2.2.4/tab-container/style.min.css.gz
- mint-ui/2.2.4/tab-item/index.js.br
- mint-ui/2.2.4/tab-item/index.js.gz
- mint-ui/2.2.4/tab-item/index.min.js.br
- mint-ui/2.2.4/tab-item/index.min.js.gz
- mint-ui/2.2.4/tab-item/style.css.br
- mint-ui/2.2.4/tab-item/style.css.gz
- mint-ui/2.2.4/tab-item/style.min.css.br
- mint-ui/2.2.4/tab-item/style.min.css.gz
- mint-ui/2.2.4/tabbar/index.js.br
- mint-ui/2.2.4/tabbar/index.js.gz
- mint-ui/2.2.4/tabbar/index.min.js.br
- mint-ui/2.2.4/tabbar/index.min.js.gz
- mint-ui/2.2.4/tabbar/style.css.br
- mint-ui/2.2.4/tabbar/style.css.gz
- mint-ui/2.2.4/tabbar/style.min.css.br
- mint-ui/2.2.4/tabbar/style.min.css.gz
- mint-ui/2.2.4/toast/index.js.br
- mint-ui/2.2.4/toast/index.js.gz
- mint-ui/2.2.4/toast/index.min.js.br
- mint-ui/2.2.4/toast/index.min.js.gz
- mint-ui/2.2.4/toast/style.css.br
- mint-ui/2.2.4/toast/style.css.gz
- mint-ui/2.2.4/toast/style.min.css.br
- mint-ui/2.2.4/toast/style.min.css.gz