- tailwindcss/0.0.0-insiders.479b725/chunk-GFBUASX3.mjs.br
- tailwindcss/0.0.0-insiders.479b725/chunk-GFBUASX3.mjs.gz
- tailwindcss/0.0.0-insiders.479b725/chunk-HTB5LLOP.mjs.br
- tailwindcss/0.0.0-insiders.479b725/chunk-HTB5LLOP.mjs.gz
- tailwindcss/0.0.0-insiders.479b725/chunk-JHKZSZT5.mjs.br
- tailwindcss/0.0.0-insiders.479b725/chunk-JHKZSZT5.mjs.gz
- tailwindcss/0.0.0-insiders.479b725/colors-b_6i0Oi7.d.ts.br
- tailwindcss/0.0.0-insiders.479b725/colors-b_6i0Oi7.d.ts.gz
- tailwindcss/0.0.0-insiders.479b725/colors.d.mts.br
- tailwindcss/0.0.0-insiders.479b725/colors.d.mts.gz
- tailwindcss/0.0.0-insiders.479b725/colors.d.ts.br
- tailwindcss/0.0.0-insiders.479b725/colors.d.ts.gz
- tailwindcss/0.0.0-insiders.479b725/colors.js.br
- tailwindcss/0.0.0-insiders.479b725/colors.js.gz
- tailwindcss/0.0.0-insiders.479b725/colors.min.js.br
- tailwindcss/0.0.0-insiders.479b725/colors.min.js.gz
- tailwindcss/0.0.0-insiders.479b725/colors.mjs.br
- tailwindcss/0.0.0-insiders.479b725/colors.mjs.gz
- tailwindcss/0.0.0-insiders.479b725/default-theme.d.mts.br
- tailwindcss/0.0.0-insiders.479b725/default-theme.d.mts.gz
- tailwindcss/0.0.0-insiders.479b725/default-theme.d.ts.br
- tailwindcss/0.0.0-insiders.479b725/default-theme.d.ts.gz
- tailwindcss/0.0.0-insiders.479b725/default-theme.js.br
- tailwindcss/0.0.0-insiders.479b725/default-theme.js.gz
- tailwindcss/0.0.0-insiders.479b725/default-theme.min.js.br
- tailwindcss/0.0.0-insiders.479b725/default-theme.min.js.gz
- tailwindcss/0.0.0-insiders.479b725/default-theme.mjs.br
- tailwindcss/0.0.0-insiders.479b725/default-theme.mjs.gz
- tailwindcss/0.0.0-insiders.479b725/flatten-color-palette.d.mts.br
- tailwindcss/0.0.0-insiders.479b725/flatten-color-palette.d.mts.gz
- tailwindcss/0.0.0-insiders.479b725/flatten-color-palette.d.ts.br
- tailwindcss/0.0.0-insiders.479b725/flatten-color-palette.d.ts.gz
- tailwindcss/0.0.0-insiders.479b725/flatten-color-palette.js.br
- tailwindcss/0.0.0-insiders.479b725/flatten-color-palette.js.gz
- tailwindcss/0.0.0-insiders.479b725/flatten-color-palette.min.js.br
- tailwindcss/0.0.0-insiders.479b725/flatten-color-palette.min.js.gz
- tailwindcss/0.0.0-insiders.479b725/flatten-color-palette.mjs.br
- tailwindcss/0.0.0-insiders.479b725/flatten-color-palette.mjs.gz
- tailwindcss/0.0.0-insiders.479b725/lib.d.mts.br
- tailwindcss/0.0.0-insiders.479b725/lib.d.mts.gz
- tailwindcss/0.0.0-insiders.479b725/lib.d.ts.br
- tailwindcss/0.0.0-insiders.479b725/lib.d.ts.gz
- tailwindcss/0.0.0-insiders.479b725/lib.js.br
- tailwindcss/0.0.0-insiders.479b725/lib.js.gz
- tailwindcss/0.0.0-insiders.479b725/lib.min.js.br
- tailwindcss/0.0.0-insiders.479b725/lib.min.js.gz
- tailwindcss/0.0.0-insiders.479b725/lib.mjs.br
- tailwindcss/0.0.0-insiders.479b725/lib.mjs.gz
- tailwindcss/0.0.0-insiders.479b725/plugin.d.mts.br
- tailwindcss/0.0.0-insiders.479b725/plugin.d.mts.gz
- tailwindcss/0.0.0-insiders.479b725/plugin.d.ts.br
- tailwindcss/0.0.0-insiders.479b725/plugin.d.ts.gz
- tailwindcss/0.0.0-insiders.479b725/plugin.js.br
- tailwindcss/0.0.0-insiders.479b725/plugin.js.gz
- tailwindcss/0.0.0-insiders.479b725/plugin.min.js.br
- tailwindcss/0.0.0-insiders.479b725/plugin.min.js.gz
- tailwindcss/0.0.0-insiders.479b725/plugin.mjs.br
- tailwindcss/0.0.0-insiders.479b725/plugin.mjs.gz
- tailwindcss/0.0.0-insiders.479b725/resolve-config-BIFUA2FY.d.ts.br
- tailwindcss/0.0.0-insiders.479b725/resolve-config-BIFUA2FY.d.ts.gz
- tailwindcss/0.0.0-insiders.479b725/resolve-config-QUZ9b-Gn.d.mts.br
- tailwindcss/0.0.0-insiders.479b725/resolve-config-QUZ9b-Gn.d.mts.gz
- tailwindcss/0.0.0-insiders.479b725/types-CJYAW1ql.d.mts.br
- tailwindcss/0.0.0-insiders.479b725/types-CJYAW1ql.d.mts.gz