2025/09/25 17:30:46 optimizing files (Js true, Css true, Png true, Jpg true)
2025/09/25 17:30:46 algorithm: run /usr/bin/brotli --quality=11 --output=/output/index.cjs.br /tmp/work/dist/index.cjs
2025/09/25 17:30:46 algorithm: run /usr/bin/brotli --quality=11 --output=/output/index.d.ts.br /tmp/work/dist/index.d.ts
2025/09/25 17:30:46 algorithm: run /usr/bin/brotli --quality=11 --output=/output/index.d.cts.br /tmp/work/dist/index.d.cts
2025/09/25 17:30:46 compress: run /node_modules/uglify-js/bin/uglifyjs (3.15.4) [--mangle --compress if_return=true -o /tmp/work/dist/index.min.js /tmp/work/dist/index.js]
2025/09/25 17:30:46 br /tmp/work/dist/index.d.cts -> /output/index.d.cts.br
2025/09/25 17:30:46 br /tmp/work/dist/index.d.ts -> /output/index.d.ts.br
2025/09/25 17:30:46 gz /tmp/work/dist/index.d.cts -> /output/index.d.cts.gz
2025/09/25 17:30:46 gz /tmp/work/dist/index.d.ts -> /output/index.d.ts.gz
2025/09/25 17:30:47 br /tmp/work/dist/index.cjs -> /output/index.cjs.br
2025/09/25 17:30:47 gz /tmp/work/dist/index.cjs -> /output/index.cjs.gz
2025/09/25 17:30:48 sri /tmp/work/dist/index.min.js -> /output/index.min.js.sri
2025/09/25 17:30:48 algorithm: run /usr/bin/brotli --quality=11 --output=/output/index.min.js.br /tmp/work/dist/index.min.js
2025/09/25 17:30:48 br /tmp/work/dist/index.min.js -> /output/index.min.js.br
2025/09/25 17:30:48 gz /tmp/work/dist/index.min.js -> /output/index.min.js.gz
2025/09/25 17:30:48 sri /tmp/work/dist/index.js -> /output/index.js.sri
2025/09/25 17:30:48 algorithm: run /usr/bin/brotli --quality=11 --output=/output/index.js.br /tmp/work/dist/index.js
2025/09/25 17:30:48 br /tmp/work/dist/index.js -> /output/index.js.br
2025/09/25 17:30:48 gz /tmp/work/dist/index.js -> /output/index.js.gz
2025/09/25 17:30:48 processed tailwindplus-elements
