config: {"authors":[{"name":"PlayCanvas","email":"support@playcanvas.com"}],"autoupdate":{"source":"npm","target":"playcanvas","fileMap":[{"basePath":"build","files":["*.@(js|ts)"]}]},"description":"PlayCanvas WebGL game engine","filename":"playcanvas.min.js","homepage":"https://playcanvas.com","keywords":["3D","2D","VR","WebGL","WebGL2","game","engine","HTML5","browser","typings"],"license":"MIT","name":"playcanvas","repository":{"type":"git","url":"git+https://github.com/playcanvas/engine.git"},"author":"PlayCanvas \u003csupport@playcanvas.com\u003e"}
KV keys:
- playcanvas/1.76.2/playcanvas.d.ts.br
- playcanvas/1.76.2/playcanvas.d.ts.gz
- playcanvas/1.76.2/playcanvas.dbg.js.br
- playcanvas/1.76.2/playcanvas.dbg.js.gz
- playcanvas/1.76.2/playcanvas.dbg.min.js.br
- playcanvas/1.76.2/playcanvas.dbg.min.js.gz
- playcanvas/1.76.2/playcanvas.js.br
- playcanvas/1.76.2/playcanvas.js.gz
- playcanvas/1.76.2/playcanvas.min.js.br
- playcanvas/1.76.2/playcanvas.min.js.gz
- playcanvas/1.76.2/playcanvas.prf.js.br
- playcanvas/1.76.2/playcanvas.prf.js.gz
- playcanvas/1.76.2/playcanvas.prf.min.js.br
- playcanvas/1.76.2/playcanvas.prf.min.js.gz
SRIs:
- playcanvas/1.76.2/playcanvas.prf.js: sha512-3LMEO9z9UnOszVAh0aLTxARdcO+Xpm4z3EAA0OO24P+d7ioCydUItdfCyDA4FTmw6Q37fpWGoVBhrpeegKYX5Q==
- playcanvas/1.76.2/playcanvas.prf.min.js: sha512-k6KQbhKrlFxFA6oRy2y34FtX1K5P4HHkt8IOAaknkiLAhX7V2xZx4ex2L9OLsQu10cDHJ3TgwSWLZn3VQGULsQ==
- playcanvas/1.76.2/playcanvas.dbg.js: sha512-I5QBclOZqS1WeStXAYdhCVbUS1yWEheidP5nowqwmipm/ix8gIeb07SnmntQV8t5YIE5WcJPtZzDATiDr+j3Lg==
- playcanvas/1.76.2/playcanvas.dbg.min.js: sha512-o5e/nN5SR/OQGPPOie3g5UW26LdWhSMGQGSGxdhZtq3E90Zf4FTjfelA6ZdRROySZ7yW51JWyzQEsyp8GSa3Vw==
- playcanvas/1.76.2/playcanvas.js: sha512-3m5oI8CcRh22B0zRtwsnsAzh21KAliKUSeDTqfKgyYyJR3+VTZQNduoBe1V5BWWqm0PNXGfJImtdgLTe8Dqj0Q==
- playcanvas/1.76.2/playcanvas.min.js: sha512-MvUqNls9xpeajeY8CXI6TWpzuIQmiIayoItQ4027tIYSpQ5x8ioXJciz4zI4zSXEOLql3wyTwvjTSia1Qx2GKA==
