published: 2026-09-25T22:10:44.895Z

- fontsource-damion/5.2.6/400.css.br
- fontsource-damion/5.2.6/400.css.gz
- fontsource-damion/5.2.6/400.min.css.br
- fontsource-damion/5.2.6/400.min.css.gz
- fontsource-damion/5.2.6/files/damion-latin-400-normal.woff.br
- fontsource-damion/5.2.6/files/damion-latin-400-normal.woff.gz
- fontsource-damion/5.2.6/files/damion-latin-400-normal.woff2
- fontsource-damion/5.2.6/files/damion-latin-ext-400-normal.woff.br
- fontsource-damion/5.2.6/files/damion-latin-ext-400-normal.woff.gz
- fontsource-damion/5.2.6/files/damion-latin-ext-400-normal.woff2
- fontsource-damion/5.2.6/index.css.br
- fontsource-damion/5.2.6/index.css.gz
- fontsource-damion/5.2.6/index.min.css.br
- fontsource-damion/5.2.6/index.min.css.gz
- fontsource-damion/5.2.6/latin-400.css.br
- fontsource-damion/5.2.6/latin-400.css.gz
- fontsource-damion/5.2.6/latin-400.min.css.br
- fontsource-damion/5.2.6/latin-400.min.css.gz
- fontsource-damion/5.2.6/latin-ext-400.css.br
- fontsource-damion/5.2.6/latin-ext-400.css.gz
- fontsource-damion/5.2.6/latin-ext-400.min.css.br
- fontsource-damion/5.2.6/latin-ext-400.min.css.gz
- fontsource-damion/5.2.6/latin-ext.css.br
- fontsource-damion/5.2.6/latin-ext.css.gz
- fontsource-damion/5.2.6/latin-ext.min.css.br
- fontsource-damion/5.2.6/latin-ext.min.css.gz
- fontsource-damion/5.2.6/latin.css.br
- fontsource-damion/5.2.6/latin.css.gz
- fontsource-damion/5.2.6/latin.min.css.br
- fontsource-damion/5.2.6/latin.min.css.gz