config: {"authors":[{"name":"Fengyuan Chen","url":"http://chenfengyuan.com"}],"autoupdate":{"source":"npm","target":"cropperjs","fileMap":[{"basePath":"dist","files":["**/!(cropper.common.js|cropper.esm.js)"]}]},"description":"JavaScript image cropper.","filename":"cropper.min.js","homepage":"https://fengyuanchen.github.io/cropperjs","keywords":["image","crop","cropping","move","zoom","rotate","scale","cropper","cropperjs","cropper.js","html","css","javascript","front-end","web","development"],"license":"MIT","name":"cropperjs","repository":{"type":"git","url":"git+https://github.com/fengyuanchen/cropperjs.git"},"author":"Fengyuan Chen (http://chenfengyuan.com)"}
KV keys:
- cropperjs/2.0.1/cropper.d.ts.br
- cropperjs/2.0.1/cropper.d.ts.gz
- cropperjs/2.0.1/cropper.esm.min.js.br
- cropperjs/2.0.1/cropper.esm.min.js.gz
- cropperjs/2.0.1/cropper.esm.raw.js.br
- cropperjs/2.0.1/cropper.esm.raw.js.gz
- cropperjs/2.0.1/cropper.esm.raw.min.js.br
- cropperjs/2.0.1/cropper.esm.raw.min.js.gz
- cropperjs/2.0.1/cropper.js.br
- cropperjs/2.0.1/cropper.js.gz
- cropperjs/2.0.1/cropper.min.js.br
- cropperjs/2.0.1/cropper.min.js.gz
- cropperjs/2.0.1/cropper.raw.js.br
- cropperjs/2.0.1/cropper.raw.js.gz
- cropperjs/2.0.1/cropper.raw.min.js.br
- cropperjs/2.0.1/cropper.raw.min.js.gz
SRIs:
- cropperjs/2.0.1/cropper.esm.min.js: sha512-aBQkYN7202nuBjzcGKfs7zagiytpTTJoDUGp4FyfiUCBj8Vj+/15MXchVLiX0Sf+AK00vPAUd8NAooWPbMhfMA==
- cropperjs/2.0.1/cropper.esm.raw.js: sha512-9KksD8RaZUy5DHANrTl270S8SiLxbafZezy87ebATCz/VSArQOwvGWnEk1N1mp73zbMuVBDqAYoDjDT0pqAujQ==
- cropperjs/2.0.1/cropper.esm.raw.min.js: sha512-rLIQxTA0tkmW8jpEhdgCJxyiXEmIpYwy9b1cqvCUahKHYwIVgKI83oJbxMc0Kj3gnfXCkcdDnm7SELZOgYBD9A==
- cropperjs/2.0.1/cropper.js: sha512-sbW08sc6HmPjXeAh+dr7pyBRlb/OMsr1Lo6GcIuhK6Cfie+UUcApRL0vz1o4vZEI6gYpuQLDnpan2Dr8SOPTGg==
- cropperjs/2.0.1/cropper.min.js: sha512-oauBT2O30tZXAL0UZqmigDAGOBg2GlaKlf6dOBz1V1Y8bBvdHcVzF4lZCCb9dIB1L+B96xDgO+Jy4NR4OwR8fw==
- cropperjs/2.0.1/cropper.raw.js: sha512-lwR+YFEDqio7WlGwrlf2RZZQc61ZRCpxspFGzDX6dqDhBjIOG9DSvwCdtr/awqzBp8cowy913HfhTCvHmz3EHg==
- cropperjs/2.0.1/cropper.raw.min.js: sha512-/rfyQL7adCZYWd/b/NPltm6/LOkOH1fZvSxdRA7Am3DJSYUqix5ofECmR3PzqlhWnQdvrM9zHqbk8CPCelcwVQ==
