2025/06/16 19:51:16 optimizing files (Js true, Css true, Png true, Jpg true)
2025/06/16 19:51:17 compress: run /node_modules/uglify-js/bin/uglifyjs (3.15.4) [--mangle --compress if_return=true -o /tmp/work/dash_core_components/dash_core_components-shared.min.js /tmp/work/dash_core_components/dash_core_components-shared.js]
2025/06/16 19:51:17 compress: run /node_modules/uglify-js/bin/uglifyjs (3.15.4) [--mangle --compress if_return=true -o /tmp/work/dash_core_components/dash_core_components.min.js /tmp/work/dash_core_components/dash_core_components.js]
2025/06/16 19:51:18 sri /tmp/work/dash_core_components/dash_core_components-shared.min.js -> /output/dash_core_components-shared.min.js.sri
2025/06/16 19:51:18 algorithm: run /usr/bin/brotli --quality=11 --output=/output/dash_core_components-shared.min.js.br /tmp/work/dash_core_components/dash_core_components-shared.min.js
2025/06/16 19:51:18 br /tmp/work/dash_core_components/dash_core_components-shared.min.js -> /output/dash_core_components-shared.min.js.br
2025/06/16 19:51:18 gz /tmp/work/dash_core_components/dash_core_components-shared.min.js -> /output/dash_core_components-shared.min.js.gz
2025/06/16 19:51:18 sri /tmp/work/dash_core_components/dash_core_components-shared.js -> /output/dash_core_components-shared.js.sri
2025/06/16 19:51:18 algorithm: run /usr/bin/brotli --quality=11 --output=/output/dash_core_components-shared.js.br /tmp/work/dash_core_components/dash_core_components-shared.js
2025/06/16 19:51:18 br /tmp/work/dash_core_components/dash_core_components-shared.js -> /output/dash_core_components-shared.js.br
2025/06/16 19:51:18 gz /tmp/work/dash_core_components/dash_core_components-shared.js -> /output/dash_core_components-shared.js.gz
2025/06/16 19:51:27 sri /tmp/work/dash_core_components/dash_core_components.min.js -> /output/dash_core_components.min.js.sri
2025/06/16 19:51:27 algorithm: run /usr/bin/brotli --quality=11 --output=/output/dash_core_components.min.js.br /tmp/work/dash_core_components/dash_core_components.min.js
2025/06/16 19:51:29 br /tmp/work/dash_core_components/dash_core_components.min.js -> /output/dash_core_components.min.js.br
2025/06/16 19:51:29 gz /tmp/work/dash_core_components/dash_core_components.min.js -> /output/dash_core_components.min.js.gz
2025/06/16 19:51:29 sri /tmp/work/dash_core_components/dash_core_components.js -> /output/dash_core_components.js.sri
2025/06/16 19:51:29 algorithm: run /usr/bin/brotli --quality=11 --output=/output/dash_core_components.js.br /tmp/work/dash_core_components/dash_core_components.js
2025/06/16 19:51:32 br /tmp/work/dash_core_components/dash_core_components.js -> /output/dash_core_components.js.br
2025/06/16 19:51:32 gz /tmp/work/dash_core_components/dash_core_components.js -> /output/dash_core_components.js.gz
2025/06/16 19:51:32 processed dash-core-components
