Files:
- clerk-js/5.62.0-canary.v20250418215814/192_clerk.browser_27dab8_5.62.0-canary.v20250418215814.js.br
- clerk-js/5.62.0-canary.v20250418215814/192_clerk.browser_27dab8_5.62.0-canary.v20250418215814.js.gz
- clerk-js/5.62.0-canary.v20250418215814/192_clerk.browser_27dab8_5.62.0-canary.v20250418215814.js.sri
- clerk-js/5.62.0-canary.v20250418215814/192_clerk.browser_27dab8_5.62.0-canary.v20250418215814.min.js.br
- clerk-js/5.62.0-canary.v20250418215814/192_clerk.browser_27dab8_5.62.0-canary.v20250418215814.min.js.gz
- clerk-js/5.62.0-canary.v20250418215814/192_clerk.browser_27dab8_5.62.0-canary.v20250418215814.min.js.sri
- clerk-js/5.62.0-canary.v20250418215814/192_clerk.legacy.browser_e90713_5.62.0-canary.v20250418215814.js.br
- clerk-js/5.62.0-canary.v20250418215814/192_clerk.legacy.browser_e90713_5.62.0-canary.v20250418215814.js.gz
- clerk-js/5.62.0-canary.v20250418215814/192_clerk.legacy.browser_e90713_5.62.0-canary.v20250418215814.js.sri
- clerk-js/5.62.0-canary.v20250418215814/192_clerk.legacy.browser_e90713_5.62.0-canary.v20250418215814.min.js.br
- clerk-js/5.62.0-canary.v20250418215814/192_clerk.legacy.browser_e90713_5.62.0-canary.v20250418215814.min.js.gz
- clerk-js/5.62.0-canary.v20250418215814/192_clerk.legacy.browser_e90713_5.62.0-canary.v20250418215814.min.js.sri
- clerk-js/5.62.0-canary.v20250418215814/377_clerk.headless_c3ba25_5.62.0-canary.v20250418215814.js.br
- clerk-js/5.62.0-canary.v20250418215814/377_clerk.headless_c3ba25_5.62.0-canary.v20250418215814.js.gz
- clerk-js/5.62.0-canary.v20250418215814/377_clerk.headless_c3ba25_5.62.0-canary.v20250418215814.js.sri
- clerk-js/5.62.0-canary.v20250418215814/377_clerk.headless_c3ba25_5.62.0-canary.v20250418215814.min.js.br
- clerk-js/5.62.0-canary.v20250418215814/377_clerk.headless_c3ba25_5.62.0-canary.v20250418215814.min.js.gz
- clerk-js/5.62.0-canary.v20250418215814/377_clerk.headless_c3ba25_5.62.0-canary.v20250418215814.min.js.sri
- clerk-js/5.62.0-canary.v20250418215814/890_clerk.headless_c3ba25_5.62.0-canary.v20250418215814.js.br
- clerk-js/5.62.0-canary.v20250418215814/890_clerk.headless_c3ba25_5.62.0-canary.v20250418215814.js.gz
- clerk-js/5.62.0-canary.v20250418215814/890_clerk.headless_c3ba25_5.62.0-canary.v20250418215814.js.sri
- clerk-js/5.62.0-canary.v20250418215814/890_clerk.headless_c3ba25_5.62.0-canary.v20250418215814.min.js.br
- clerk-js/5.62.0-canary.v20250418215814/890_clerk.headless_c3ba25_5.62.0-canary.v20250418215814.min.js.gz
- clerk-js/5.62.0-canary.v20250418215814/890_clerk.headless_c3ba25_5.62.0-canary.v20250418215814.min.js.sri
- clerk-js/5.62.0-canary.v20250418215814/965_clerk.headless_c3ba25_5.62.0-canary.v20250418215814.js.br
- clerk-js/5.62.0-canary.v20250418215814/965_clerk.headless_c3ba25_5.62.0-canary.v20250418215814.js.gz
- clerk-js/5.62.0-canary.v20250418215814/965_clerk.headless_c3ba25_5.62.0-canary.v20250418215814.js.sri
- clerk-js/5.62.0-canary.v20250418215814/965_clerk.headless_c3ba25_5.62.0-canary.v20250418215814.min.js.br
- clerk-js/5.62.0-canary.v20250418215814/965_clerk.headless_c3ba25_5.62.0-canary.v20250418215814.min.js.gz
- clerk-js/5.62.0-canary.v20250418215814/965_clerk.headless_c3ba25_5.62.0-canary.v20250418215814.min.js.sri
- clerk-js/5.62.0-canary.v20250418215814/blankcaptcha_clerk.browser_27dab8_5.62.0-canary.v20250418215814.js.br
- clerk-js/5.62.0-canary.v20250418215814/blankcaptcha_clerk.browser_27dab8_5.62.0-canary.v20250418215814.js.gz
- clerk-js/5.62.0-canary.v20250418215814/blankcaptcha_clerk.browser_27dab8_5.62.0-canary.v20250418215814.js.sri
- clerk-js/5.62.0-canary.v20250418215814/blankcaptcha_clerk.browser_27dab8_5.62.0-canary.v20250418215814.min.js.br
- clerk-js/5.62.0-canary.v20250418215814/blankcaptcha_clerk.browser_27dab8_5.62.0-canary.v20250418215814.min.js.gz
- clerk-js/5.62.0-canary.v20250418215814/blankcaptcha_clerk.browser_27dab8_5.62.0-canary.v20250418215814.min.js.sri
- clerk-js/5.62.0-canary.v20250418215814/blankcaptcha_clerk.legacy.browser_e90713_5.62.0-canary.v20250418215814.js.br
- clerk-js/5.62.0-canary.v20250418215814/blankcaptcha_clerk.legacy.browser_e90713_5.62.0-canary.v20250418215814.js.gz
- clerk-js/5.62.0-canary.v20250418215814/blankcaptcha_clerk.legacy.browser_e90713_5.62.0-canary.v20250418215814.js.sri
- clerk-js/5.62.0-canary.v20250418215814/blankcaptcha_clerk.legacy.browser_e90713_5.62.0-canary.v20250418215814.min.js.br
- clerk-js/5.62.0-canary.v20250418215814/blankcaptcha_clerk.legacy.browser_e90713_5.62.0-canary.v20250418215814.min.js.gz
- clerk-js/5.62.0-canary.v20250418215814/blankcaptcha_clerk.legacy.browser_e90713_5.62.0-canary.v20250418215814.min.js.sri
- clerk-js/5.62.0-canary.v20250418215814/checkout_clerk.browser_27dab8_5.62.0-canary.v20250418215814.js.br
- clerk-js/5.62.0-canary.v20250418215814/checkout_clerk.browser_27dab8_5.62.0-canary.v20250418215814.js.gz
- clerk-js/5.62.0-canary.v20250418215814/checkout_clerk.browser_27dab8_5.62.0-canary.v20250418215814.js.sri
- clerk-js/5.62.0-canary.v20250418215814/checkout_clerk.browser_27dab8_5.62.0-canary.v20250418215814.min.js.br
- clerk-js/5.62.0-canary.v20250418215814/checkout_clerk.browser_27dab8_5.62.0-canary.v20250418215814.min.js.gz
- clerk-js/5.62.0-canary.v20250418215814/checkout_clerk.browser_27dab8_5.62.0-canary.v20250418215814.min.js.sri
- clerk-js/5.62.0-canary.v20250418215814/checkout_clerk.legacy.browser_e90713_5.62.0-canary.v20250418215814.js.br
- clerk-js/5.62.0-canary.v20250418215814/checkout_clerk.legacy.browser_e90713_5.62.0-canary.v20250418215814.js.gz
- clerk-js/5.62.0-canary.v20250418215814/checkout_clerk.legacy.browser_e90713_5.62.0-canary.v20250418215814.js.sri
- clerk-js/5.62.0-canary.v20250418215814/checkout_clerk.legacy.browser_e90713_5.62.0-canary.v20250418215814.min.js.br
- clerk-js/5.62.0-canary.v20250418215814/checkout_clerk.legacy.browser_e90713_5.62.0-canary.v20250418215814.min.js.gz
- clerk-js/5.62.0-canary.v20250418215814/checkout_clerk.legacy.browser_e90713_5.62.0-canary.v20250418215814.min.js.sri
- clerk-js/5.62.0-canary.v20250418215814/clerk.browser.js.br
- clerk-js/5.62.0-canary.v20250418215814/clerk.browser.js.gz
- clerk-js/5.62.0-canary.v20250418215814/clerk.browser.js.sri
- clerk-js/5.62.0-canary.v20250418215814/clerk.browser.min.js.br
- clerk-js/5.62.0-canary.v20250418215814/clerk.browser.min.js.gz
- clerk-js/5.62.0-canary.v20250418215814/clerk.browser.min.js.sri
- clerk-js/5.62.0-canary.v20250418215814/clerk.headless.browser.js.br
- clerk-js/5.62.0-canary.v20250418215814/clerk.headless.browser.js.gz
- clerk-js/5.62.0-canary.v20250418215814/clerk.headless.browser.js.sri
- clerk-js/5.62.0-canary.v20250418215814/clerk.headless.browser.min.js.br
- clerk-js/5.62.0-canary.v20250418215814/clerk.headless.browser.min.js.gz
- clerk-js/5.62.0-canary.v20250418215814/clerk.headless.browser.min.js.sri
- clerk-js/5.62.0-canary.v20250418215814/clerk.headless.js.br
- clerk-js/5.62.0-canary.v20250418215814/clerk.headless.js.gz
- clerk-js/5.62.0-canary.v20250418215814/clerk.headless.js.sri
- clerk-js/5.62.0-canary.v20250418215814/clerk.headless.min.js.br
- clerk-js/5.62.0-canary.v20250418215814/clerk.headless.min.js.gz
- clerk-js/5.62.0-canary.v20250418215814/clerk.headless.min.js.sri
- clerk-js/5.62.0-canary.v20250418215814/clerk.js.br
- clerk-js/5.62.0-canary.v20250418215814/clerk.js.gz
- clerk-js/5.62.0-canary.v20250418215814/clerk.js.sri
- clerk-js/5.62.0-canary.v20250418215814/clerk.legacy.browser.js.br
- clerk-js/5.62.0-canary.v20250418215814/clerk.legacy.browser.js.gz
- clerk-js/5.62.0-canary.v20250418215814/clerk.legacy.browser.js.sri
- clerk-js/5.62.0-canary.v20250418215814/clerk.legacy.browser.min.js.br
- clerk-js/5.62.0-canary.v20250418215814/clerk.legacy.browser.min.js.gz
- clerk-js/5.62.0-canary.v20250418215814/clerk.legacy.browser.min.js.sri
- clerk-js/5.62.0-canary.v20250418215814/clerk.min.js.br
- clerk-js/5.62.0-canary.v20250418215814/clerk.min.js.gz
- clerk-js/5.62.0-canary.v20250418215814/clerk.min.js.sri
- clerk-js/5.62.0-canary.v20250418215814/clerk.mjs.br
- clerk-js/5.62.0-canary.v20250418215814/clerk.mjs.gz
- clerk-js/5.62.0-canary.v20250418215814/clerk.no-rhc.js.br
- clerk-js/5.62.0-canary.v20250418215814/clerk.no-rhc.js.gz
- clerk-js/5.62.0-canary.v20250418215814/clerk.no-rhc.js.sri
- clerk-js/5.62.0-canary.v20250418215814/clerk.no-rhc.min.js.br
- clerk-js/5.62.0-canary.v20250418215814/clerk.no-rhc.min.js.gz
- clerk-js/5.62.0-canary.v20250418215814/clerk.no-rhc.min.js.sri
- clerk-js/5.62.0-canary.v20250418215814/clerk.no-rhc.mjs.br
- clerk-js/5.62.0-canary.v20250418215814/clerk.no-rhc.mjs.gz
- clerk-js/5.62.0-canary.v20250418215814/coinbase-wallet-sdk_clerk.browser_27dab8_5.62.0-canary.v20250418215814.js.br
- clerk-js/5.62.0-canary.v20250418215814/coinbase-wallet-sdk_clerk.browser_27dab8_5.62.0-canary.v20250418215814.js.gz
- clerk-js/5.62.0-canary.v20250418215814/coinbase-wallet-sdk_clerk.browser_27dab8_5.62.0-canary.v20250418215814.js.sri
- clerk-js/5.62.0-canary.v20250418215814/coinbase-wallet-sdk_clerk.browser_27dab8_5.62.0-canary.v20250418215814.min.js.br
- clerk-js/5.62.0-canary.v20250418215814/coinbase-wallet-sdk_clerk.browser_27dab8_5.62.0-canary.v20250418215814.min.js.gz
- clerk-js/5.62.0-canary.v20250418215814/coinbase-wallet-sdk_clerk.browser_27dab8_5.62.0-canary.v20250418215814.min.js.sri
- clerk-js/5.62.0-canary.v20250418215814/coinbase-wallet-sdk_clerk.headless.browser_4b6c6f_5.62.0-canary.v20250418215814.js.br
- clerk-js/5.62.0-canary.v20250418215814/coinbase-wallet-sdk_clerk.headless.browser_4b6c6f_5.62.0-canary.v20250418215814.js.gz
- clerk-js/5.62.0-canary.v20250418215814/coinbase-wallet-sdk_clerk.headless.browser_4b6c6f_5.62.0-canary.v20250418215814.js.sri
- clerk-js/5.62.0-canary.v20250418215814/coinbase-wallet-sdk_clerk.headless.browser_4b6c6f_5.62.0-canary.v20250418215814.min.js.br
- clerk-js/5.62.0-canary.v20250418215814/coinbase-wallet-sdk_clerk.headless.browser_4b6c6f_5.62.0-canary.v20250418215814.min.js.gz
- clerk-js/5.62.0-canary.v20250418215814/coinbase-wallet-sdk_clerk.headless.browser_4b6c6f_5.62.0-canary.v20250418215814.min.js.sri
- clerk-js/5.62.0-canary.v20250418215814/coinbase-wallet-sdk_clerk.legacy.browser_e90713_5.62.0-canary.v20250418215814.js.br
- clerk-js/5.62.0-canary.v20250418215814/coinbase-wallet-sdk_clerk.legacy.browser_e90713_5.62.0-canary.v20250418215814.js.gz
- clerk-js/5.62.0-canary.v20250418215814/coinbase-wallet-sdk_clerk.legacy.browser_e90713_5.62.0-canary.v20250418215814.js.sri
- clerk-js/5.62.0-canary.v20250418215814/coinbase-wallet-sdk_clerk.legacy.browser_e90713_5.62.0-canary.v20250418215814.min.js.br
- clerk-js/5.62.0-canary.v20250418215814/coinbase-wallet-sdk_clerk.legacy.browser_e90713_5.62.0-canary.v20250418215814.min.js.gz
- clerk-js/5.62.0-canary.v20250418215814/coinbase-wallet-sdk_clerk.legacy.browser_e90713_5.62.0-canary.v20250418215814.min.js.sri
- clerk-js/5.62.0-canary.v20250418215814/cookieSuffix_clerk.browser_27dab8_5.62.0-canary.v20250418215814.js.br
- clerk-js/5.62.0-canary.v20250418215814/cookieSuffix_clerk.browser_27dab8_5.62.0-canary.v20250418215814.js.gz
- clerk-js/5.62.0-canary.v20250418215814/cookieSuffix_clerk.browser_27dab8_5.62.0-canary.v20250418215814.js.sri
- clerk-js/5.62.0-canary.v20250418215814/cookieSuffix_clerk.browser_27dab8_5.62.0-canary.v20250418215814.min.js.br
- clerk-js/5.62.0-canary.v20250418215814/cookieSuffix_clerk.browser_27dab8_5.62.0-canary.v20250418215814.min.js.gz
- clerk-js/5.62.0-canary.v20250418215814/cookieSuffix_clerk.browser_27dab8_5.62.0-canary.v20250418215814.min.js.sri
- clerk-js/5.62.0-canary.v20250418215814/cookieSuffix_clerk.headless.browser_4b6c6f_5.62.0-canary.v20250418215814.js.br
- clerk-js/5.62.0-canary.v20250418215814/cookieSuffix_clerk.headless.browser_4b6c6f_5.62.0-canary.v20250418215814.js.gz
- clerk-js/5.62.0-canary.v20250418215814/cookieSuffix_clerk.headless.browser_4b6c6f_5.62.0-canary.v20250418215814.js.sri
- clerk-js/5.62.0-canary.v20250418215814/cookieSuffix_clerk.headless.browser_4b6c6f_5.62.0-canary.v20250418215814.min.js.br
- clerk-js/5.62.0-canary.v20250418215814/cookieSuffix_clerk.headless.browser_4b6c6f_5.62.0-canary.v20250418215814.min.js.gz
- clerk-js/5.62.0-canary.v20250418215814/cookieSuffix_clerk.headless.browser_4b6c6f_5.62.0-canary.v20250418215814.min.js.sri
- clerk-js/5.62.0-canary.v20250418215814/cookieSuffix_clerk.headless_c3ba25_5.62.0-canary.v20250418215814.js.br
- clerk-js/5.62.0-canary.v20250418215814/cookieSuffix_clerk.headless_c3ba25_5.62.0-canary.v20250418215814.js.gz
- clerk-js/5.62.0-canary.v20250418215814/cookieSuffix_clerk.headless_c3ba25_5.62.0-canary.v20250418215814.js.sri
- clerk-js/5.62.0-canary.v20250418215814/cookieSuffix_clerk.headless_c3ba25_5.62.0-canary.v20250418215814.min.js.br
- clerk-js/5.62.0-canary.v20250418215814/cookieSuffix_clerk.headless_c3ba25_5.62.0-canary.v20250418215814.min.js.gz
- clerk-js/5.62.0-canary.v20250418215814/cookieSuffix_clerk.headless_c3ba25_5.62.0-canary.v20250418215814.min.js.sri
- clerk-js/5.62.0-canary.v20250418215814/cookieSuffix_clerk.legacy.browser_e90713_5.62.0-canary.v20250418215814.js.br
- clerk-js/5.62.0-canary.v20250418215814/cookieSuffix_clerk.legacy.browser_e90713_5.62.0-canary.v20250418215814.js.gz
- clerk-js/5.62.0-canary.v20250418215814/cookieSuffix_clerk.legacy.browser_e90713_5.62.0-canary.v20250418215814.js.sri
- clerk-js/5.62.0-canary.v20250418215814/cookieSuffix_clerk.legacy.browser_e90713_5.62.0-canary.v20250418215814.min.js.br
- clerk-js/5.62.0-canary.v20250418215814/cookieSuffix_clerk.legacy.browser_e90713_5.62.0-canary.v20250418215814.min.js.gz
- clerk-js/5.62.0-canary.v20250418215814/cookieSuffix_clerk.legacy.browser_e90713_5.62.0-canary.v20250418215814.min.js.sri
- clerk-js/5.62.0-canary.v20250418215814/createorganization_clerk.browser_27dab8_5.62.0-canary.v20250418215814.js.br
- clerk-js/5.62.0-canary.v20250418215814/createorganization_clerk.browser_27dab8_5.62.0-canary.v20250418215814.js.gz
- clerk-js/5.62.0-canary.v20250418215814/createorganization_clerk.browser_27dab8_5.62.0-canary.v20250418215814.js.sri
- clerk-js/5.62.0-canary.v20250418215814/createorganization_clerk.browser_27dab8_5.62.0-canary.v20250418215814.min.js.br
- clerk-js/5.62.0-canary.v20250418215814/createorganization_clerk.browser_27dab8_5.62.0-canary.v20250418215814.min.js.gz
- clerk-js/5.62.0-canary.v20250418215814/createorganization_clerk.browser_27dab8_5.62.0-canary.v20250418215814.min.js.sri
- clerk-js/5.62.0-canary.v20250418215814/createorganization_clerk.legacy.browser_e90713_5.62.0-canary.v20250418215814.js.br
- clerk-js/5.62.0-canary.v20250418215814/createorganization_clerk.legacy.browser_e90713_5.62.0-canary.v20250418215814.js.gz
- clerk-js/5.62.0-canary.v20250418215814/createorganization_clerk.legacy.browser_e90713_5.62.0-canary.v20250418215814.js.sri
- clerk-js/5.62.0-canary.v20250418215814/createorganization_clerk.legacy.browser_e90713_5.62.0-canary.v20250418215814.min.js.br
- clerk-js/5.62.0-canary.v20250418215814/createorganization_clerk.legacy.browser_e90713_5.62.0-canary.v20250418215814.min.js.gz
- clerk-js/5.62.0-canary.v20250418215814/createorganization_clerk.legacy.browser_e90713_5.62.0-canary.v20250418215814.min.js.sri
- clerk-js/5.62.0-canary.v20250418215814/framework_clerk.browser_27dab8_5.62.0-canary.v20250418215814.js.br
- clerk-js/5.62.0-canary.v20250418215814/framework_clerk.browser_27dab8_5.62.0-canary.v20250418215814.js.gz
- clerk-js/5.62.0-canary.v20250418215814/framework_clerk.browser_27dab8_5.62.0-canary.v20250418215814.js.sri
- clerk-js/5.62.0-canary.v20250418215814/framework_clerk.browser_27dab8_5.62.0-canary.v20250418215814.min.js.br
- clerk-js/5.62.0-canary.v20250418215814/framework_clerk.browser_27dab8_5.62.0-canary.v20250418215814.min.js.gz
- clerk-js/5.62.0-canary.v20250418215814/framework_clerk.browser_27dab8_5.62.0-canary.v20250418215814.min.js.sri
- clerk-js/5.62.0-canary.v20250418215814/framework_clerk.legacy.browser_e90713_5.62.0-canary.v20250418215814.js.br
- clerk-js/5.62.0-canary.v20250418215814/framework_clerk.legacy.browser_e90713_5.62.0-canary.v20250418215814.js.gz
- clerk-js/5.62.0-canary.v20250418215814/framework_clerk.legacy.browser_e90713_5.62.0-canary.v20250418215814.js.sri
- clerk-js/5.62.0-canary.v20250418215814/framework_clerk.legacy.browser_e90713_5.62.0-canary.v20250418215814.min.js.br
- clerk-js/5.62.0-canary.v20250418215814/framework_clerk.legacy.browser_e90713_5.62.0-canary.v20250418215814.min.js.gz
- clerk-js/5.62.0-canary.v20250418215814/framework_clerk.legacy.browser_e90713_5.62.0-canary.v20250418215814.min.js.sri
- clerk-js/5.62.0-canary.v20250418215814/impersonationfab_clerk.browser_27dab8_5.62.0-canary.v20250418215814.js.br
- clerk-js/5.62.0-canary.v20250418215814/impersonationfab_clerk.browser_27dab8_5.62.0-canary.v20250418215814.js.gz
- clerk-js/5.62.0-canary.v20250418215814/impersonationfab_clerk.browser_27dab8_5.62.0-canary.v20250418215814.js.sri
- clerk-js/5.62.0-canary.v20250418215814/impersonationfab_clerk.browser_27dab8_5.62.0-canary.v20250418215814.min.js.br
- clerk-js/5.62.0-canary.v20250418215814/impersonationfab_clerk.browser_27dab8_5.62.0-canary.v20250418215814.min.js.gz
- clerk-js/5.62.0-canary.v20250418215814/impersonationfab_clerk.browser_27dab8_5.62.0-canary.v20250418215814.min.js.sri
- clerk-js/5.62.0-canary.v20250418215814/impersonationfab_clerk.legacy.browser_e90713_5.62.0-canary.v20250418215814.js.br
- clerk-js/5.62.0-canary.v20250418215814/impersonationfab_clerk.legacy.browser_e90713_5.62.0-canary.v20250418215814.js.gz
- clerk-js/5.62.0-canary.v20250418215814/impersonationfab_clerk.legacy.browser_e90713_5.62.0-canary.v20250418215814.js.sri
- clerk-js/5.62.0-canary.v20250418215814/impersonationfab_clerk.legacy.browser_e90713_5.62.0-canary.v20250418215814.min.js.br
- clerk-js/5.62.0-canary.v20250418215814/impersonationfab_clerk.legacy.browser_e90713_5.62.0-canary.v20250418215814.min.js.gz
- clerk-js/5.62.0-canary.v20250418215814/impersonationfab_clerk.legacy.browser_e90713_5.62.0-canary.v20250418215814.min.js.sri
- clerk-js/5.62.0-canary.v20250418215814/keylessPrompt_clerk.browser_27dab8_5.62.0-canary.v20250418215814.js.br
- clerk-js/5.62.0-canary.v20250418215814/keylessPrompt_clerk.browser_27dab8_5.62.0-canary.v20250418215814.js.gz
- clerk-js/5.62.0-canary.v20250418215814/keylessPrompt_clerk.browser_27dab8_5.62.0-canary.v20250418215814.js.sri
- clerk-js/5.62.0-canary.v20250418215814/keylessPrompt_clerk.browser_27dab8_5.62.0-canary.v20250418215814.min.js.br
- clerk-js/5.62.0-canary.v20250418215814/keylessPrompt_clerk.browser_27dab8_5.62.0-canary.v20250418215814.min.js.gz
- clerk-js/5.62.0-canary.v20250418215814/keylessPrompt_clerk.browser_27dab8_5.62.0-canary.v20250418215814.min.js.sri
- clerk-js/5.62.0-canary.v20250418215814/keylessPrompt_clerk.legacy.browser_e90713_5.62.0-canary.v20250418215814.js.br
- clerk-js/5.62.0-canary.v20250418215814/keylessPrompt_clerk.legacy.browser_e90713_5.62.0-canary.v20250418215814.js.gz
- clerk-js/5.62.0-canary.v20250418215814/keylessPrompt_clerk.legacy.browser_e90713_5.62.0-canary.v20250418215814.js.sri
- clerk-js/5.62.0-canary.v20250418215814/keylessPrompt_clerk.legacy.browser_e90713_5.62.0-canary.v20250418215814.min.js.br
- clerk-js/5.62.0-canary.v20250418215814/keylessPrompt_clerk.legacy.browser_e90713_5.62.0-canary.v20250418215814.min.js.gz
- clerk-js/5.62.0-canary.v20250418215814/keylessPrompt_clerk.legacy.browser_e90713_5.62.0-canary.v20250418215814.min.js.sri
- clerk-js/5.62.0-canary.v20250418215814/onetap_clerk.browser_27dab8_5.62.0-canary.v20250418215814.js.br
- clerk-js/5.62.0-canary.v20250418215814/onetap_clerk.browser_27dab8_5.62.0-canary.v20250418215814.js.gz
- clerk-js/5.62.0-canary.v20250418215814/onetap_clerk.browser_27dab8_5.62.0-canary.v20250418215814.js.sri
- clerk-js/5.62.0-canary.v20250418215814/onetap_clerk.browser_27dab8_5.62.0-canary.v20250418215814.min.js.br
- clerk-js/5.62.0-canary.v20250418215814/onetap_clerk.browser_27dab8_5.62.0-canary.v20250418215814.min.js.gz
- clerk-js/5.62.0-canary.v20250418215814/onetap_clerk.browser_27dab8_5.62.0-canary.v20250418215814.min.js.sri
- clerk-js/5.62.0-canary.v20250418215814/onetap_clerk.legacy.browser_e90713_5.62.0-canary.v20250418215814.js.br
- clerk-js/5.62.0-canary.v20250418215814/onetap_clerk.legacy.browser_e90713_5.62.0-canary.v20250418215814.js.gz
- clerk-js/5.62.0-canary.v20250418215814/onetap_clerk.legacy.browser_e90713_5.62.0-canary.v20250418215814.js.sri
- clerk-js/5.62.0-canary.v20250418215814/onetap_clerk.legacy.browser_e90713_5.62.0-canary.v20250418215814.min.js.br
- clerk-js/5.62.0-canary.v20250418215814/onetap_clerk.legacy.browser_e90713_5.62.0-canary.v20250418215814.min.js.gz
- clerk-js/5.62.0-canary.v20250418215814/onetap_clerk.legacy.browser_e90713_5.62.0-canary.v20250418215814.min.js.sri
- clerk-js/5.62.0-canary.v20250418215814/op-billing-page_clerk.browser_27dab8_5.62.0-canary.v20250418215814.js.br
- clerk-js/5.62.0-canary.v20250418215814/op-billing-page_clerk.browser_27dab8_5.62.0-canary.v20250418215814.js.gz
- clerk-js/5.62.0-canary.v20250418215814/op-billing-page_clerk.browser_27dab8_5.62.0-canary.v20250418215814.js.sri
- clerk-js/5.62.0-canary.v20250418215814/op-billing-page_clerk.browser_27dab8_5.62.0-canary.v20250418215814.min.js.br
- clerk-js/5.62.0-canary.v20250418215814/op-billing-page_clerk.browser_27dab8_5.62.0-canary.v20250418215814.min.js.gz
- clerk-js/5.62.0-canary.v20250418215814/op-billing-page_clerk.browser_27dab8_5.62.0-canary.v20250418215814.min.js.sri
- clerk-js/5.62.0-canary.v20250418215814/op-billing-page_clerk.legacy.browser_e90713_5.62.0-canary.v20250418215814.js.br
- clerk-js/5.62.0-canary.v20250418215814/op-billing-page_clerk.legacy.browser_e90713_5.62.0-canary.v20250418215814.js.gz
- clerk-js/5.62.0-canary.v20250418215814/op-billing-page_clerk.legacy.browser_e90713_5.62.0-canary.v20250418215814.js.sri
- clerk-js/5.62.0-canary.v20250418215814/op-billing-page_clerk.legacy.browser_e90713_5.62.0-canary.v20250418215814.min.js.br
- clerk-js/5.62.0-canary.v20250418215814/op-billing-page_clerk.legacy.browser_e90713_5.62.0-canary.v20250418215814.min.js.gz
- clerk-js/5.62.0-canary.v20250418215814/op-billing-page_clerk.legacy.browser_e90713_5.62.0-canary.v20250418215814.min.js.sri
- clerk-js/5.62.0-canary.v20250418215814/organizationlist_clerk.browser_27dab8_5.62.0-canary.v20250418215814.js.br
- clerk-js/5.62.0-canary.v20250418215814/organizationlist_clerk.browser_27dab8_5.62.0-canary.v20250418215814.js.gz
- clerk-js/5.62.0-canary.v20250418215814/organizationlist_clerk.browser_27dab8_5.62.0-canary.v20250418215814.js.sri
- clerk-js/5.62.0-canary.v20250418215814/organizationlist_clerk.browser_27dab8_5.62.0-canary.v20250418215814.min.js.br
- clerk-js/5.62.0-canary.v20250418215814/organizationlist_clerk.browser_27dab8_5.62.0-canary.v20250418215814.min.js.gz
- clerk-js/5.62.0-canary.v20250418215814/organizationlist_clerk.browser_27dab8_5.62.0-canary.v20250418215814.min.js.sri
- clerk-js/5.62.0-canary.v20250418215814/organizationlist_clerk.legacy.browser_e90713_5.62.0-canary.v20250418215814.js.br
- clerk-js/5.62.0-canary.v20250418215814/organizationlist_clerk.legacy.browser_e90713_5.62.0-canary.v20250418215814.js.gz
- clerk-js/5.62.0-canary.v20250418215814/organizationlist_clerk.legacy.browser_e90713_5.62.0-canary.v20250418215814.js.sri
- clerk-js/5.62.0-canary.v20250418215814/organizationlist_clerk.legacy.browser_e90713_5.62.0-canary.v20250418215814.min.js.br
- clerk-js/5.62.0-canary.v20250418215814/organizationlist_clerk.legacy.browser_e90713_5.62.0-canary.v20250418215814.min.js.gz
- clerk-js/5.62.0-canary.v20250418215814/organizationlist_clerk.legacy.browser_e90713_5.62.0-canary.v20250418215814.min.js.sri
- clerk-js/5.62.0-canary.v20250418215814/organizationprofile_clerk.browser_27dab8_5.62.0-canary.v20250418215814.js.br
- clerk-js/5.62.0-canary.v20250418215814/organizationprofile_clerk.browser_27dab8_5.62.0-canary.v20250418215814.js.gz
- clerk-js/5.62.0-canary.v20250418215814/organizationprofile_clerk.browser_27dab8_5.62.0-canary.v20250418215814.js.sri
- clerk-js/5.62.0-canary.v20250418215814/organizationprofile_clerk.browser_27dab8_5.62.0-canary.v20250418215814.min.js.br
- clerk-js/5.62.0-canary.v20250418215814/organizationprofile_clerk.browser_27dab8_5.62.0-canary.v20250418215814.min.js.gz
- clerk-js/5.62.0-canary.v20250418215814/organizationprofile_clerk.browser_27dab8_5.62.0-canary.v20250418215814.min.js.sri
- clerk-js/5.62.0-canary.v20250418215814/organizationprofile_clerk.legacy.browser_e90713_5.62.0-canary.v20250418215814.js.br
- clerk-js/5.62.0-canary.v20250418215814/organizationprofile_clerk.legacy.browser_e90713_5.62.0-canary.v20250418215814.js.gz
- clerk-js/5.62.0-canary.v20250418215814/organizationprofile_clerk.legacy.browser_e90713_5.62.0-canary.v20250418215814.js.sri
- clerk-js/5.62.0-canary.v20250418215814/organizationprofile_clerk.legacy.browser_e90713_5.62.0-canary.v20250418215814.min.js.br
- clerk-js/5.62.0-canary.v20250418215814/organizationprofile_clerk.legacy.browser_e90713_5.62.0-canary.v20250418215814.min.js.gz
- clerk-js/5.62.0-canary.v20250418215814/organizationprofile_clerk.legacy.browser_e90713_5.62.0-canary.v20250418215814.min.js.sri
- clerk-js/5.62.0-canary.v20250418215814/organizationswitcher_clerk.browser_27dab8_5.62.0-canary.v20250418215814.js.br
- clerk-js/5.62.0-canary.v20250418215814/organizationswitcher_clerk.browser_27dab8_5.62.0-canary.v20250418215814.js.gz
- clerk-js/5.62.0-canary.v20250418215814/organizationswitcher_clerk.browser_27dab8_5.62.0-canary.v20250418215814.js.sri
- clerk-js/5.62.0-canary.v20250418215814/organizationswitcher_clerk.browser_27dab8_5.62.0-canary.v20250418215814.min.js.br
- clerk-js/5.62.0-canary.v20250418215814/organizationswitcher_clerk.browser_27dab8_5.62.0-canary.v20250418215814.min.js.gz
- clerk-js/5.62.0-canary.v20250418215814/organizationswitcher_clerk.browser_27dab8_5.62.0-canary.v20250418215814.min.js.sri
- clerk-js/5.62.0-canary.v20250418215814/organizationswitcher_clerk.legacy.browser_e90713_5.62.0-canary.v20250418215814.js.br
- clerk-js/5.62.0-canary.v20250418215814/organizationswitcher_clerk.legacy.browser_e90713_5.62.0-canary.v20250418215814.js.gz
- clerk-js/5.62.0-canary.v20250418215814/organizationswitcher_clerk.legacy.browser_e90713_5.62.0-canary.v20250418215814.js.sri
- clerk-js/5.62.0-canary.v20250418215814/organizationswitcher_clerk.legacy.browser_e90713_5.62.0-canary.v20250418215814.min.js.br
- clerk-js/5.62.0-canary.v20250418215814/organizationswitcher_clerk.legacy.browser_e90713_5.62.0-canary.v20250418215814.min.js.gz
- clerk-js/5.62.0-canary.v20250418215814/organizationswitcher_clerk.legacy.browser_e90713_5.62.0-canary.v20250418215814.min.js.sri
- clerk-js/5.62.0-canary.v20250418215814/paymentSources_clerk.browser_27dab8_5.62.0-canary.v20250418215814.js.br
- clerk-js/5.62.0-canary.v20250418215814/paymentSources_clerk.browser_27dab8_5.62.0-canary.v20250418215814.js.gz
- clerk-js/5.62.0-canary.v20250418215814/paymentSources_clerk.browser_27dab8_5.62.0-canary.v20250418215814.js.sri
- clerk-js/5.62.0-canary.v20250418215814/paymentSources_clerk.browser_27dab8_5.62.0-canary.v20250418215814.min.js.br
- clerk-js/5.62.0-canary.v20250418215814/paymentSources_clerk.browser_27dab8_5.62.0-canary.v20250418215814.min.js.gz
- clerk-js/5.62.0-canary.v20250418215814/paymentSources_clerk.browser_27dab8_5.62.0-canary.v20250418215814.min.js.sri
- clerk-js/5.62.0-canary.v20250418215814/paymentSources_clerk.legacy.browser_e90713_5.62.0-canary.v20250418215814.js.br
- clerk-js/5.62.0-canary.v20250418215814/paymentSources_clerk.legacy.browser_e90713_5.62.0-canary.v20250418215814.js.gz
- clerk-js/5.62.0-canary.v20250418215814/paymentSources_clerk.legacy.browser_e90713_5.62.0-canary.v20250418215814.js.sri
- clerk-js/5.62.0-canary.v20250418215814/paymentSources_clerk.legacy.browser_e90713_5.62.0-canary.v20250418215814.min.js.br
- clerk-js/5.62.0-canary.v20250418215814/paymentSources_clerk.legacy.browser_e90713_5.62.0-canary.v20250418215814.min.js.gz
- clerk-js/5.62.0-canary.v20250418215814/paymentSources_clerk.legacy.browser_e90713_5.62.0-canary.v20250418215814.min.js.sri
- clerk-js/5.62.0-canary.v20250418215814/prefetchorganizationlist_clerk.browser_27dab8_5.62.0-canary.v20250418215814.js.br
- clerk-js/5.62.0-canary.v20250418215814/prefetchorganizationlist_clerk.browser_27dab8_5.62.0-canary.v20250418215814.js.gz
- clerk-js/5.62.0-canary.v20250418215814/prefetchorganizationlist_clerk.browser_27dab8_5.62.0-canary.v20250418215814.js.sri
- clerk-js/5.62.0-canary.v20250418215814/prefetchorganizationlist_clerk.browser_27dab8_5.62.0-canary.v20250418215814.min.js.br
- clerk-js/5.62.0-canary.v20250418215814/prefetchorganizationlist_clerk.browser_27dab8_5.62.0-canary.v20250418215814.min.js.gz
- clerk-js/5.62.0-canary.v20250418215814/prefetchorganizationlist_clerk.browser_27dab8_5.62.0-canary.v20250418215814.min.js.sri
- clerk-js/5.62.0-canary.v20250418215814/prefetchorganizationlist_clerk.legacy.browser_e90713_5.62.0-canary.v20250418215814.js.br
- clerk-js/5.62.0-canary.v20250418215814/prefetchorganizationlist_clerk.legacy.browser_e90713_5.62.0-canary.v20250418215814.js.gz
- clerk-js/5.62.0-canary.v20250418215814/prefetchorganizationlist_clerk.legacy.browser_e90713_5.62.0-canary.v20250418215814.js.sri
- clerk-js/5.62.0-canary.v20250418215814/prefetchorganizationlist_clerk.legacy.browser_e90713_5.62.0-canary.v20250418215814.min.js.br
- clerk-js/5.62.0-canary.v20250418215814/prefetchorganizationlist_clerk.legacy.browser_e90713_5.62.0-canary.v20250418215814.min.js.gz
- clerk-js/5.62.0-canary.v20250418215814/prefetchorganizationlist_clerk.legacy.browser_e90713_5.62.0-canary.v20250418215814.min.js.sri
- clerk-js/5.62.0-canary.v20250418215814/pricingTable_clerk.browser_27dab8_5.62.0-canary.v20250418215814.js.br
- clerk-js/5.62.0-canary.v20250418215814/pricingTable_clerk.browser_27dab8_5.62.0-canary.v20250418215814.js.gz
- clerk-js/5.62.0-canary.v20250418215814/pricingTable_clerk.browser_27dab8_5.62.0-canary.v20250418215814.js.sri
- clerk-js/5.62.0-canary.v20250418215814/pricingTable_clerk.browser_27dab8_5.62.0-canary.v20250418215814.min.js.br
- clerk-js/5.62.0-canary.v20250418215814/pricingTable_clerk.browser_27dab8_5.62.0-canary.v20250418215814.min.js.gz
- clerk-js/5.62.0-canary.v20250418215814/pricingTable_clerk.browser_27dab8_5.62.0-canary.v20250418215814.min.js.sri
- clerk-js/5.62.0-canary.v20250418215814/pricingTable_clerk.legacy.browser_e90713_5.62.0-canary.v20250418215814.js.br
- clerk-js/5.62.0-canary.v20250418215814/pricingTable_clerk.legacy.browser_e90713_5.62.0-canary.v20250418215814.js.gz
- clerk-js/5.62.0-canary.v20250418215814/pricingTable_clerk.legacy.browser_e90713_5.62.0-canary.v20250418215814.js.sri
- clerk-js/5.62.0-canary.v20250418215814/pricingTable_clerk.legacy.browser_e90713_5.62.0-canary.v20250418215814.min.js.br
- clerk-js/5.62.0-canary.v20250418215814/pricingTable_clerk.legacy.browser_e90713_5.62.0-canary.v20250418215814.min.js.gz
- clerk-js/5.62.0-canary.v20250418215814/pricingTable_clerk.legacy.browser_e90713_5.62.0-canary.v20250418215814.min.js.sri
- clerk-js/5.62.0-canary.v20250418215814/sessionTasks_clerk.browser_27dab8_5.62.0-canary.v20250418215814.js.br
- clerk-js/5.62.0-canary.v20250418215814/sessionTasks_clerk.browser_27dab8_5.62.0-canary.v20250418215814.js.gz
- clerk-js/5.62.0-canary.v20250418215814/sessionTasks_clerk.browser_27dab8_5.62.0-canary.v20250418215814.js.sri
- clerk-js/5.62.0-canary.v20250418215814/sessionTasks_clerk.browser_27dab8_5.62.0-canary.v20250418215814.min.js.br
- clerk-js/5.62.0-canary.v20250418215814/sessionTasks_clerk.browser_27dab8_5.62.0-canary.v20250418215814.min.js.gz
- clerk-js/5.62.0-canary.v20250418215814/sessionTasks_clerk.browser_27dab8_5.62.0-canary.v20250418215814.min.js.sri
- clerk-js/5.62.0-canary.v20250418215814/sessionTasks_clerk.legacy.browser_e90713_5.62.0-canary.v20250418215814.js.br
- clerk-js/5.62.0-canary.v20250418215814/sessionTasks_clerk.legacy.browser_e90713_5.62.0-canary.v20250418215814.js.gz
- clerk-js/5.62.0-canary.v20250418215814/sessionTasks_clerk.legacy.browser_e90713_5.62.0-canary.v20250418215814.js.sri
- clerk-js/5.62.0-canary.v20250418215814/sessionTasks_clerk.legacy.browser_e90713_5.62.0-canary.v20250418215814.min.js.br
- clerk-js/5.62.0-canary.v20250418215814/sessionTasks_clerk.legacy.browser_e90713_5.62.0-canary.v20250418215814.min.js.gz
- clerk-js/5.62.0-canary.v20250418215814/sessionTasks_clerk.legacy.browser_e90713_5.62.0-canary.v20250418215814.min.js.sri
- clerk-js/5.62.0-canary.v20250418215814/signin_clerk.browser_27dab8_5.62.0-canary.v20250418215814.js.br
- clerk-js/5.62.0-canary.v20250418215814/signin_clerk.browser_27dab8_5.62.0-canary.v20250418215814.js.gz
- clerk-js/5.62.0-canary.v20250418215814/signin_clerk.browser_27dab8_5.62.0-canary.v20250418215814.js.sri
- clerk-js/5.62.0-canary.v20250418215814/signin_clerk.browser_27dab8_5.62.0-canary.v20250418215814.min.js.br
- clerk-js/5.62.0-canary.v20250418215814/signin_clerk.browser_27dab8_5.62.0-canary.v20250418215814.min.js.gz
- clerk-js/5.62.0-canary.v20250418215814/signin_clerk.browser_27dab8_5.62.0-canary.v20250418215814.min.js.sri
- clerk-js/5.62.0-canary.v20250418215814/signin_clerk.legacy.browser_e90713_5.62.0-canary.v20250418215814.js.br
- clerk-js/5.62.0-canary.v20250418215814/signin_clerk.legacy.browser_e90713_5.62.0-canary.v20250418215814.js.gz
- clerk-js/5.62.0-canary.v20250418215814/signin_clerk.legacy.browser_e90713_5.62.0-canary.v20250418215814.js.sri
- clerk-js/5.62.0-canary.v20250418215814/signin_clerk.legacy.browser_e90713_5.62.0-canary.v20250418215814.min.js.br
- clerk-js/5.62.0-canary.v20250418215814/signin_clerk.legacy.browser_e90713_5.62.0-canary.v20250418215814.min.js.gz
- clerk-js/5.62.0-canary.v20250418215814/signin_clerk.legacy.browser_e90713_5.62.0-canary.v20250418215814.min.js.sri
- clerk-js/5.62.0-canary.v20250418215814/signup_clerk.browser_27dab8_5.62.0-canary.v20250418215814.js.br
- clerk-js/5.62.0-canary.v20250418215814/signup_clerk.browser_27dab8_5.62.0-canary.v20250418215814.js.gz
- clerk-js/5.62.0-canary.v20250418215814/signup_clerk.browser_27dab8_5.62.0-canary.v20250418215814.js.sri
- clerk-js/5.62.0-canary.v20250418215814/signup_clerk.browser_27dab8_5.62.0-canary.v20250418215814.min.js.br
- clerk-js/5.62.0-canary.v20250418215814/signup_clerk.browser_27dab8_5.62.0-canary.v20250418215814.min.js.gz
- clerk-js/5.62.0-canary.v20250418215814/signup_clerk.browser_27dab8_5.62.0-canary.v20250418215814.min.js.sri
- clerk-js/5.62.0-canary.v20250418215814/signup_clerk.legacy.browser_e90713_5.62.0-canary.v20250418215814.js.br
- clerk-js/5.62.0-canary.v20250418215814/signup_clerk.legacy.browser_e90713_5.62.0-canary.v20250418215814.js.gz
- clerk-js/5.62.0-canary.v20250418215814/signup_clerk.legacy.browser_e90713_5.62.0-canary.v20250418215814.js.sri
- clerk-js/5.62.0-canary.v20250418215814/signup_clerk.legacy.browser_e90713_5.62.0-canary.v20250418215814.min.js.br
- clerk-js/5.62.0-canary.v20250418215814/signup_clerk.legacy.browser_e90713_5.62.0-canary.v20250418215814.min.js.gz
- clerk-js/5.62.0-canary.v20250418215814/signup_clerk.legacy.browser_e90713_5.62.0-canary.v20250418215814.min.js.sri
- clerk-js/5.62.0-canary.v20250418215814/ui-common_clerk.browser_27dab8_5.62.0-canary.v20250418215814.js.br
- clerk-js/5.62.0-canary.v20250418215814/ui-common_clerk.browser_27dab8_5.62.0-canary.v20250418215814.js.gz
- clerk-js/5.62.0-canary.v20250418215814/ui-common_clerk.browser_27dab8_5.62.0-canary.v20250418215814.js.sri
- clerk-js/5.62.0-canary.v20250418215814/ui-common_clerk.browser_27dab8_5.62.0-canary.v20250418215814.min.js.br
- clerk-js/5.62.0-canary.v20250418215814/ui-common_clerk.browser_27dab8_5.62.0-canary.v20250418215814.min.js.gz
- clerk-js/5.62.0-canary.v20250418215814/ui-common_clerk.browser_27dab8_5.62.0-canary.v20250418215814.min.js.sri
- clerk-js/5.62.0-canary.v20250418215814/ui-common_clerk.legacy.browser_e90713_5.62.0-canary.v20250418215814.js.br
- clerk-js/5.62.0-canary.v20250418215814/ui-common_clerk.legacy.browser_e90713_5.62.0-canary.v20250418215814.js.gz
- clerk-js/5.62.0-canary.v20250418215814/ui-common_clerk.legacy.browser_e90713_5.62.0-canary.v20250418215814.js.sri
- clerk-js/5.62.0-canary.v20250418215814/ui-common_clerk.legacy.browser_e90713_5.62.0-canary.v20250418215814.min.js.br
- clerk-js/5.62.0-canary.v20250418215814/ui-common_clerk.legacy.browser_e90713_5.62.0-canary.v20250418215814.min.js.gz
- clerk-js/5.62.0-canary.v20250418215814/ui-common_clerk.legacy.browser_e90713_5.62.0-canary.v20250418215814.min.js.sri
- clerk-js/5.62.0-canary.v20250418215814/up-billing-page_clerk.browser_27dab8_5.62.0-canary.v20250418215814.js.br
- clerk-js/5.62.0-canary.v20250418215814/up-billing-page_clerk.browser_27dab8_5.62.0-canary.v20250418215814.js.gz
- clerk-js/5.62.0-canary.v20250418215814/up-billing-page_clerk.browser_27dab8_5.62.0-canary.v20250418215814.js.sri
- clerk-js/5.62.0-canary.v20250418215814/up-billing-page_clerk.browser_27dab8_5.62.0-canary.v20250418215814.min.js.br
- clerk-js/5.62.0-canary.v20250418215814/up-billing-page_clerk.browser_27dab8_5.62.0-canary.v20250418215814.min.js.gz
- clerk-js/5.62.0-canary.v20250418215814/up-billing-page_clerk.browser_27dab8_5.62.0-canary.v20250418215814.min.js.sri
- clerk-js/5.62.0-canary.v20250418215814/up-billing-page_clerk.legacy.browser_e90713_5.62.0-canary.v20250418215814.js.br
- clerk-js/5.62.0-canary.v20250418215814/up-billing-page_clerk.legacy.browser_e90713_5.62.0-canary.v20250418215814.js.gz
- clerk-js/5.62.0-canary.v20250418215814/up-billing-page_clerk.legacy.browser_e90713_5.62.0-canary.v20250418215814.js.sri
- clerk-js/5.62.0-canary.v20250418215814/up-billing-page_clerk.legacy.browser_e90713_5.62.0-canary.v20250418215814.min.js.br
- clerk-js/5.62.0-canary.v20250418215814/up-billing-page_clerk.legacy.browser_e90713_5.62.0-canary.v20250418215814.min.js.gz
- clerk-js/5.62.0-canary.v20250418215814/up-billing-page_clerk.legacy.browser_e90713_5.62.0-canary.v20250418215814.min.js.sri
- clerk-js/5.62.0-canary.v20250418215814/userbutton_clerk.browser_27dab8_5.62.0-canary.v20250418215814.js.br
- clerk-js/5.62.0-canary.v20250418215814/userbutton_clerk.browser_27dab8_5.62.0-canary.v20250418215814.js.gz
- clerk-js/5.62.0-canary.v20250418215814/userbutton_clerk.browser_27dab8_5.62.0-canary.v20250418215814.js.sri
- clerk-js/5.62.0-canary.v20250418215814/userbutton_clerk.browser_27dab8_5.62.0-canary.v20250418215814.min.js.br
- clerk-js/5.62.0-canary.v20250418215814/userbutton_clerk.browser_27dab8_5.62.0-canary.v20250418215814.min.js.gz
- clerk-js/5.62.0-canary.v20250418215814/userbutton_clerk.browser_27dab8_5.62.0-canary.v20250418215814.min.js.sri
- clerk-js/5.62.0-canary.v20250418215814/userbutton_clerk.legacy.browser_e90713_5.62.0-canary.v20250418215814.js.br
- clerk-js/5.62.0-canary.v20250418215814/userbutton_clerk.legacy.browser_e90713_5.62.0-canary.v20250418215814.js.gz
- clerk-js/5.62.0-canary.v20250418215814/userbutton_clerk.legacy.browser_e90713_5.62.0-canary.v20250418215814.js.sri
- clerk-js/5.62.0-canary.v20250418215814/userbutton_clerk.legacy.browser_e90713_5.62.0-canary.v20250418215814.min.js.br
- clerk-js/5.62.0-canary.v20250418215814/userbutton_clerk.legacy.browser_e90713_5.62.0-canary.v20250418215814.min.js.gz
- clerk-js/5.62.0-canary.v20250418215814/userbutton_clerk.legacy.browser_e90713_5.62.0-canary.v20250418215814.min.js.sri
- clerk-js/5.62.0-canary.v20250418215814/userprofile_clerk.browser_27dab8_5.62.0-canary.v20250418215814.js.br
- clerk-js/5.62.0-canary.v20250418215814/userprofile_clerk.browser_27dab8_5.62.0-canary.v20250418215814.js.gz
- clerk-js/5.62.0-canary.v20250418215814/userprofile_clerk.browser_27dab8_5.62.0-canary.v20250418215814.js.sri
- clerk-js/5.62.0-canary.v20250418215814/userprofile_clerk.browser_27dab8_5.62.0-canary.v20250418215814.min.js.br
- clerk-js/5.62.0-canary.v20250418215814/userprofile_clerk.browser_27dab8_5.62.0-canary.v20250418215814.min.js.gz
- clerk-js/5.62.0-canary.v20250418215814/userprofile_clerk.browser_27dab8_5.62.0-canary.v20250418215814.min.js.sri
- clerk-js/5.62.0-canary.v20250418215814/userprofile_clerk.legacy.browser_e90713_5.62.0-canary.v20250418215814.js.br
- clerk-js/5.62.0-canary.v20250418215814/userprofile_clerk.legacy.browser_e90713_5.62.0-canary.v20250418215814.js.gz
- clerk-js/5.62.0-canary.v20250418215814/userprofile_clerk.legacy.browser_e90713_5.62.0-canary.v20250418215814.js.sri
- clerk-js/5.62.0-canary.v20250418215814/userprofile_clerk.legacy.browser_e90713_5.62.0-canary.v20250418215814.min.js.br
- clerk-js/5.62.0-canary.v20250418215814/userprofile_clerk.legacy.browser_e90713_5.62.0-canary.v20250418215814.min.js.gz
- clerk-js/5.62.0-canary.v20250418215814/userprofile_clerk.legacy.browser_e90713_5.62.0-canary.v20250418215814.min.js.sri
- clerk-js/5.62.0-canary.v20250418215814/userverification_clerk.browser_27dab8_5.62.0-canary.v20250418215814.js.br
- clerk-js/5.62.0-canary.v20250418215814/userverification_clerk.browser_27dab8_5.62.0-canary.v20250418215814.js.gz
- clerk-js/5.62.0-canary.v20250418215814/userverification_clerk.browser_27dab8_5.62.0-canary.v20250418215814.js.sri
- clerk-js/5.62.0-canary.v20250418215814/userverification_clerk.browser_27dab8_5.62.0-canary.v20250418215814.min.js.br
- clerk-js/5.62.0-canary.v20250418215814/userverification_clerk.browser_27dab8_5.62.0-canary.v20250418215814.min.js.gz
- clerk-js/5.62.0-canary.v20250418215814/userverification_clerk.browser_27dab8_5.62.0-canary.v20250418215814.min.js.sri
- clerk-js/5.62.0-canary.v20250418215814/userverification_clerk.legacy.browser_e90713_5.62.0-canary.v20250418215814.js.br
- clerk-js/5.62.0-canary.v20250418215814/userverification_clerk.legacy.browser_e90713_5.62.0-canary.v20250418215814.js.gz
- clerk-js/5.62.0-canary.v20250418215814/userverification_clerk.legacy.browser_e90713_5.62.0-canary.v20250418215814.js.sri
- clerk-js/5.62.0-canary.v20250418215814/userverification_clerk.legacy.browser_e90713_5.62.0-canary.v20250418215814.min.js.br
- clerk-js/5.62.0-canary.v20250418215814/userverification_clerk.legacy.browser_e90713_5.62.0-canary.v20250418215814.min.js.gz
- clerk-js/5.62.0-canary.v20250418215814/userverification_clerk.legacy.browser_e90713_5.62.0-canary.v20250418215814.min.js.sri
- clerk-js/5.62.0-canary.v20250418215814/vendors_clerk.browser_27dab8_5.62.0-canary.v20250418215814.js.br
- clerk-js/5.62.0-canary.v20250418215814/vendors_clerk.browser_27dab8_5.62.0-canary.v20250418215814.js.gz
- clerk-js/5.62.0-canary.v20250418215814/vendors_clerk.browser_27dab8_5.62.0-canary.v20250418215814.js.sri
- clerk-js/5.62.0-canary.v20250418215814/vendors_clerk.browser_27dab8_5.62.0-canary.v20250418215814.min.js.br
- clerk-js/5.62.0-canary.v20250418215814/vendors_clerk.browser_27dab8_5.62.0-canary.v20250418215814.min.js.gz
- clerk-js/5.62.0-canary.v20250418215814/vendors_clerk.browser_27dab8_5.62.0-canary.v20250418215814.min.js.sri
- clerk-js/5.62.0-canary.v20250418215814/vendors_clerk.headless.browser_4b6c6f_5.62.0-canary.v20250418215814.js.br
- clerk-js/5.62.0-canary.v20250418215814/vendors_clerk.headless.browser_4b6c6f_5.62.0-canary.v20250418215814.js.gz
- clerk-js/5.62.0-canary.v20250418215814/vendors_clerk.headless.browser_4b6c6f_5.62.0-canary.v20250418215814.js.sri
- clerk-js/5.62.0-canary.v20250418215814/vendors_clerk.headless.browser_4b6c6f_5.62.0-canary.v20250418215814.min.js.br
- clerk-js/5.62.0-canary.v20250418215814/vendors_clerk.headless.browser_4b6c6f_5.62.0-canary.v20250418215814.min.js.gz
- clerk-js/5.62.0-canary.v20250418215814/vendors_clerk.headless.browser_4b6c6f_5.62.0-canary.v20250418215814.min.js.sri
- clerk-js/5.62.0-canary.v20250418215814/vendors_clerk.legacy.browser_e90713_5.62.0-canary.v20250418215814.js.br
- clerk-js/5.62.0-canary.v20250418215814/vendors_clerk.legacy.browser_e90713_5.62.0-canary.v20250418215814.js.gz
- clerk-js/5.62.0-canary.v20250418215814/vendors_clerk.legacy.browser_e90713_5.62.0-canary.v20250418215814.js.sri
- clerk-js/5.62.0-canary.v20250418215814/vendors_clerk.legacy.browser_e90713_5.62.0-canary.v20250418215814.min.js.br
- clerk-js/5.62.0-canary.v20250418215814/vendors_clerk.legacy.browser_e90713_5.62.0-canary.v20250418215814.min.js.gz
- clerk-js/5.62.0-canary.v20250418215814/vendors_clerk.legacy.browser_e90713_5.62.0-canary.v20250418215814.min.js.sri
- clerk-js/5.62.0-canary.v20250418215814/waitlist_clerk.browser_27dab8_5.62.0-canary.v20250418215814.js.br
- clerk-js/5.62.0-canary.v20250418215814/waitlist_clerk.browser_27dab8_5.62.0-canary.v20250418215814.js.gz
- clerk-js/5.62.0-canary.v20250418215814/waitlist_clerk.browser_27dab8_5.62.0-canary.v20250418215814.js.sri
- clerk-js/5.62.0-canary.v20250418215814/waitlist_clerk.browser_27dab8_5.62.0-canary.v20250418215814.min.js.br
- clerk-js/5.62.0-canary.v20250418215814/waitlist_clerk.browser_27dab8_5.62.0-canary.v20250418215814.min.js.gz
- clerk-js/5.62.0-canary.v20250418215814/waitlist_clerk.browser_27dab8_5.62.0-canary.v20250418215814.min.js.sri
- clerk-js/5.62.0-canary.v20250418215814/waitlist_clerk.legacy.browser_e90713_5.62.0-canary.v20250418215814.js.br
- clerk-js/5.62.0-canary.v20250418215814/waitlist_clerk.legacy.browser_e90713_5.62.0-canary.v20250418215814.js.gz
- clerk-js/5.62.0-canary.v20250418215814/waitlist_clerk.legacy.browser_e90713_5.62.0-canary.v20250418215814.js.sri
- clerk-js/5.62.0-canary.v20250418215814/waitlist_clerk.legacy.browser_e90713_5.62.0-canary.v20250418215814.min.js.br
- clerk-js/5.62.0-canary.v20250418215814/waitlist_clerk.legacy.browser_e90713_5.62.0-canary.v20250418215814.min.js.gz
- clerk-js/5.62.0-canary.v20250418215814/waitlist_clerk.legacy.browser_e90713_5.62.0-canary.v20250418215814.min.js.sri
- clerk-js/5.62.0-canary.v20250418215814/zxcvbn-common_clerk.browser_27dab8_5.62.0-canary.v20250418215814.js.br
- clerk-js/5.62.0-canary.v20250418215814/zxcvbn-common_clerk.browser_27dab8_5.62.0-canary.v20250418215814.js.gz
- clerk-js/5.62.0-canary.v20250418215814/zxcvbn-common_clerk.browser_27dab8_5.62.0-canary.v20250418215814.js.sri
- clerk-js/5.62.0-canary.v20250418215814/zxcvbn-common_clerk.browser_27dab8_5.62.0-canary.v20250418215814.min.js.br
- clerk-js/5.62.0-canary.v20250418215814/zxcvbn-common_clerk.browser_27dab8_5.62.0-canary.v20250418215814.min.js.gz
- clerk-js/5.62.0-canary.v20250418215814/zxcvbn-common_clerk.browser_27dab8_5.62.0-canary.v20250418215814.min.js.sri
- clerk-js/5.62.0-canary.v20250418215814/zxcvbn-common_clerk.headless.browser_4b6c6f_5.62.0-canary.v20250418215814.js.br
- clerk-js/5.62.0-canary.v20250418215814/zxcvbn-common_clerk.headless.browser_4b6c6f_5.62.0-canary.v20250418215814.js.gz
- clerk-js/5.62.0-canary.v20250418215814/zxcvbn-common_clerk.headless.browser_4b6c6f_5.62.0-canary.v20250418215814.js.sri
- clerk-js/5.62.0-canary.v20250418215814/zxcvbn-common_clerk.headless.browser_4b6c6f_5.62.0-canary.v20250418215814.min.js.br
- clerk-js/5.62.0-canary.v20250418215814/zxcvbn-common_clerk.headless.browser_4b6c6f_5.62.0-canary.v20250418215814.min.js.gz
- clerk-js/5.62.0-canary.v20250418215814/zxcvbn-common_clerk.headless.browser_4b6c6f_5.62.0-canary.v20250418215814.min.js.sri
- clerk-js/5.62.0-canary.v20250418215814/zxcvbn-common_clerk.legacy.browser_e90713_5.62.0-canary.v20250418215814.js.br
- clerk-js/5.62.0-canary.v20250418215814/zxcvbn-common_clerk.legacy.browser_e90713_5.62.0-canary.v20250418215814.js.gz
- clerk-js/5.62.0-canary.v20250418215814/zxcvbn-common_clerk.legacy.browser_e90713_5.62.0-canary.v20250418215814.js.sri
- clerk-js/5.62.0-canary.v20250418215814/zxcvbn-common_clerk.legacy.browser_e90713_5.62.0-canary.v20250418215814.min.js.br
- clerk-js/5.62.0-canary.v20250418215814/zxcvbn-common_clerk.legacy.browser_e90713_5.62.0-canary.v20250418215814.min.js.gz
- clerk-js/5.62.0-canary.v20250418215814/zxcvbn-common_clerk.legacy.browser_e90713_5.62.0-canary.v20250418215814.min.js.sri
- clerk-js/5.62.0-canary.v20250418215814/zxcvbn-ts-core_clerk.browser_27dab8_5.62.0-canary.v20250418215814.js.br
- clerk-js/5.62.0-canary.v20250418215814/zxcvbn-ts-core_clerk.browser_27dab8_5.62.0-canary.v20250418215814.js.gz
- clerk-js/5.62.0-canary.v20250418215814/zxcvbn-ts-core_clerk.browser_27dab8_5.62.0-canary.v20250418215814.js.sri
- clerk-js/5.62.0-canary.v20250418215814/zxcvbn-ts-core_clerk.browser_27dab8_5.62.0-canary.v20250418215814.min.js.br
- clerk-js/5.62.0-canary.v20250418215814/zxcvbn-ts-core_clerk.browser_27dab8_5.62.0-canary.v20250418215814.min.js.gz
- clerk-js/5.62.0-canary.v20250418215814/zxcvbn-ts-core_clerk.browser_27dab8_5.62.0-canary.v20250418215814.min.js.sri
- clerk-js/5.62.0-canary.v20250418215814/zxcvbn-ts-core_clerk.headless.browser_4b6c6f_5.62.0-canary.v20250418215814.js.br
- clerk-js/5.62.0-canary.v20250418215814/zxcvbn-ts-core_clerk.headless.browser_4b6c6f_5.62.0-canary.v20250418215814.js.gz
- clerk-js/5.62.0-canary.v20250418215814/zxcvbn-ts-core_clerk.headless.browser_4b6c6f_5.62.0-canary.v20250418215814.js.sri
- clerk-js/5.62.0-canary.v20250418215814/zxcvbn-ts-core_clerk.headless.browser_4b6c6f_5.62.0-canary.v20250418215814.min.js.br
- clerk-js/5.62.0-canary.v20250418215814/zxcvbn-ts-core_clerk.headless.browser_4b6c6f_5.62.0-canary.v20250418215814.min.js.gz
- clerk-js/5.62.0-canary.v20250418215814/zxcvbn-ts-core_clerk.headless.browser_4b6c6f_5.62.0-canary.v20250418215814.min.js.sri
- clerk-js/5.62.0-canary.v20250418215814/zxcvbn-ts-core_clerk.legacy.browser_e90713_5.62.0-canary.v20250418215814.js.br
- clerk-js/5.62.0-canary.v20250418215814/zxcvbn-ts-core_clerk.legacy.browser_e90713_5.62.0-canary.v20250418215814.js.gz
- clerk-js/5.62.0-canary.v20250418215814/zxcvbn-ts-core_clerk.legacy.browser_e90713_5.62.0-canary.v20250418215814.js.sri
- clerk-js/5.62.0-canary.v20250418215814/zxcvbn-ts-core_clerk.legacy.browser_e90713_5.62.0-canary.v20250418215814.min.js.br
- clerk-js/5.62.0-canary.v20250418215814/zxcvbn-ts-core_clerk.legacy.browser_e90713_5.62.0-canary.v20250418215814.min.js.gz
- clerk-js/5.62.0-canary.v20250418215814/zxcvbn-ts-core_clerk.legacy.browser_e90713_5.62.0-canary.v20250418215814.min.js.sri
