config: {"authors":[{"name":"ruffle contributors","url":"https://github.com/ruffle-rs/ruffle/graphs/contributors"}],"autoupdate":{"source":"npm","target":"@ruffle-rs/ruffle","fileMap":[{"basePath":"","files":["*.@(js|wasm)"]}]},"description":"Putting Flash back on the web. Ruffle will polyfill all Flash content and replace it with the Ruffle flash player.","filename":"ruffle.js","homepage":"https://ruffle.rs","keywords":["flash","swf"],"license":"(MIT OR Apache-2.0)","name":"ruffle-rs","repository":{"type":"git","url":"git+https://github.com/ruffle-rs/ruffle.git"},"author":"ruffle contributors (https://github.com/ruffle-rs/ruffle/graphs/contributors)"}
KV keys:
- ruffle-rs/0.2.0-nightly.2025.8.1/62ed1b7f1cfd9a987a9a.wasm.br
- ruffle-rs/0.2.0-nightly.2025.8.1/62ed1b7f1cfd9a987a9a.wasm.gz
- ruffle-rs/0.2.0-nightly.2025.8.1/core.ruffle.9c154ef2fb92a76bdcc3.js.br
- ruffle-rs/0.2.0-nightly.2025.8.1/core.ruffle.9c154ef2fb92a76bdcc3.js.gz
- ruffle-rs/0.2.0-nightly.2025.8.1/core.ruffle.9c154ef2fb92a76bdcc3.min.js.br
- ruffle-rs/0.2.0-nightly.2025.8.1/core.ruffle.9c154ef2fb92a76bdcc3.min.js.gz
- ruffle-rs/0.2.0-nightly.2025.8.1/core.ruffle.fd2e0a931678209db62e.js.br
- ruffle-rs/0.2.0-nightly.2025.8.1/core.ruffle.fd2e0a931678209db62e.js.gz
- ruffle-rs/0.2.0-nightly.2025.8.1/core.ruffle.fd2e0a931678209db62e.min.js.br
- ruffle-rs/0.2.0-nightly.2025.8.1/core.ruffle.fd2e0a931678209db62e.min.js.gz
- ruffle-rs/0.2.0-nightly.2025.8.1/e20ac485117d5eb20fb3.wasm.br
- ruffle-rs/0.2.0-nightly.2025.8.1/e20ac485117d5eb20fb3.wasm.gz
- ruffle-rs/0.2.0-nightly.2025.8.1/ruffle.js.br
- ruffle-rs/0.2.0-nightly.2025.8.1/ruffle.js.gz
- ruffle-rs/0.2.0-nightly.2025.8.1/ruffle.min.js.br
- ruffle-rs/0.2.0-nightly.2025.8.1/ruffle.min.js.gz
SRIs:
- ruffle-rs/0.2.0-nightly.2025.8.1/core.ruffle.fd2e0a931678209db62e.min.js: sha512-Io8RpQfDYLKkrt0MepK0Z89Ko796NbKgk+9BnUaUjb2+PN6AsLRPs6n/8Iv6Aq37t1rTQGENRCpzuW1veTv5lg==
- ruffle-rs/0.2.0-nightly.2025.8.1/ruffle.js: sha512-av4Od4mc9/7LwhVRDBHrm26K92ncC1yDb4LEEy9x0UJZV1Tk4yQTG1ldDuU/DE8aq7DUUV/qtbQT78DQ1SM0bg==
- ruffle-rs/0.2.0-nightly.2025.8.1/ruffle.min.js: sha512-pUm2LaCkX7f7ehjdh9msjSUq9tOddJj8VuaCNCr13mTXmAnw4WbkVccEy9O0XaACirV0BU2hfnMDPx4vxADTrQ==
- ruffle-rs/0.2.0-nightly.2025.8.1/core.ruffle.9c154ef2fb92a76bdcc3.js: sha512-V685u1c2ACIry/YpAs8r/HsDmYqbTXfevkMQl8Eu1GN7CJ0Jj/AVojIDW2JVwuZoRUg1cqZziX55CLFxvncMfA==
- ruffle-rs/0.2.0-nightly.2025.8.1/core.ruffle.9c154ef2fb92a76bdcc3.min.js: sha512-CvAdQ5f+rnAMHxI0IvsbzLDvA798wcbNy2fX8KiR3vi593KXqZxJ99MNF9Dd0M66KhDY3sI6nS6iLIb/3X6ylQ==
- ruffle-rs/0.2.0-nightly.2025.8.1/core.ruffle.fd2e0a931678209db62e.js: sha512-Xic1ikTyYnpFHO5tKzBQAYzZ5qj8Ib+jJqRuKUbLGKCocGOaJJs/OnjxLo5bYMQulsm2xiik8Vj3476hjVGgDA==
