config: {"authors":[{"name":"Harbour Enterprises"}],"autoupdate":{"source":"npm","target":"@harbour-enterprises/superdoc","fileMap":[{"basePath":"dist","files":["*.js","*.css"]}]},"description":"The modern collaborative document editor for the web","filename":"superdoc.umd.min.js","homepage":"https://superdoc.dev","keywords":["document","editor","collaborative","docx","pdf","word","real-time","collaboration","microsoft-word","document-editing","rich-text","text-editor","docx-rich-text-editor"],"license":"AGPL-3.0","name":"superdoc","repository":{"type":"git","url":"https://github.com/Harbour-Enterprises/SuperDoc"},"author":"Harbour Enterprises"}
KV keys:
- superdoc/0.14.12-next.1/super-editor.es.js.br
- superdoc/0.14.12-next.1/super-editor.es.js.gz
- superdoc/0.14.12-next.1/super-editor.es.min.js.br
- superdoc/0.14.12-next.1/super-editor.es.min.js.gz
- superdoc/0.14.12-next.1/superdoc.css.br
- superdoc/0.14.12-next.1/superdoc.css.gz
- superdoc/0.14.12-next.1/superdoc.es.js.br
- superdoc/0.14.12-next.1/superdoc.es.js.gz
- superdoc/0.14.12-next.1/superdoc.min.css.br
- superdoc/0.14.12-next.1/superdoc.min.css.gz
- superdoc/0.14.12-next.1/superdoc.umd.js.br
- superdoc/0.14.12-next.1/superdoc.umd.js.gz
- superdoc/0.14.12-next.1/superdoc.umd.min.js.br
- superdoc/0.14.12-next.1/superdoc.umd.min.js.gz
SRIs:
- superdoc/0.14.12-next.1/super-editor.es.js: sha512-N4qbloiOdvN2crwGZZYxq4VgP04FbqFJzu9soeHPg8q1E1a5SK2Z1etj0XvI2N8lj8koLYN8sOzlkXsBpIPZfg==
- superdoc/0.14.12-next.1/super-editor.es.min.js: sha512-0fmivU5Gsm4/KsaaN93yV5U08AdNnmEztbJCYw/yn8ulFCWBbcb9Qkf9yPCdN1PbLZQOu1HkuzYBb7L/fglWoA==
- superdoc/0.14.12-next.1/superdoc.css: sha512-h4KisxZAzrY4ndkwAwVoo2H73XU4jFYNBAem/7/KmUWmRpEMsw3+OMn/Lz9YNni3qKTuFmvscc5vDhTYWKi2Vg==
- superdoc/0.14.12-next.1/superdoc.es.js: sha512-uCeAIHVtzCeQNFgQmYM7WiYZ/OKsKkBmnQqJUgszhcY7vxU8O1gmTCkxTYq6JkrGnUk1u7X/Sw4721HRqMInUA==
- superdoc/0.14.12-next.1/superdoc.min.css: sha512-0WvFsMJ0e0tdbae3I5NxROWWYAy7E259xiD+Z2E4Fcw4DR8AusU754uwm4kl4eQwciNEmdt/OaamHZJz59Wnqw==
- superdoc/0.14.12-next.1/superdoc.umd.js: sha512-S4QJtcubzf6FMGCwBUKOc+QYxmo1R1ScF9TC8xcPCOa3KhyaAwTU57PHA/ym/01QCdXEgC9tlXkq7giW1ldCPg==
- superdoc/0.14.12-next.1/superdoc.umd.min.js: sha512-egBtMHorprzZcDMNAWuKXdIGzh8wOhgrCRM4XzCHYsVI5b0WUB0GdYN74WTjNMLvDVuqqtEFCXlVpxmYOhfhHw==
