config: {"authors":[{"name":"Adam Wathan","email":"adam.wathan@gmail.com"},{"name":"Jonathan Reinink","email":"jonathan@reinink.ca"},{"name":"David Hemphill","email":"davidlee.hemphill@gmail.com"}],"autoupdate":{"source":"npm","target":"tailwindcss","fileMap":[{"basePath":"dist","files":["**/*"]}]},"description":"A utility-first CSS framework for rapidly building custom user interfaces.","filename":"tailwind.min.css","homepage":"https://tailwindcss.com","keywords":["tailwindcss","css","css-framework","postcss","functional-css","utility-classes","responsive"],"license":"MIT","name":"tailwindcss","repository":{"type":"git","url":"https://github.com/tailwindcss/tailwindcss"},"author":"Adam Wathan \u003cadam.wathan@gmail.com\u003e,Jonathan Reinink \u003cjonathan@reinink.ca\u003e,David Hemphill \u003cdavidlee.hemphill@gmail.com\u003e"}
KV keys:
- tailwindcss/0.0.0-insiders.2f6679a/chunk-4NYZK4WW.mjs.br
- tailwindcss/0.0.0-insiders.2f6679a/chunk-4NYZK4WW.mjs.gz
- tailwindcss/0.0.0-insiders.2f6679a/chunk-HTB5LLOP.mjs.br
- tailwindcss/0.0.0-insiders.2f6679a/chunk-HTB5LLOP.mjs.gz
- tailwindcss/0.0.0-insiders.2f6679a/chunk-P5FH2LZE.mjs.br
- tailwindcss/0.0.0-insiders.2f6679a/chunk-P5FH2LZE.mjs.gz
- tailwindcss/0.0.0-insiders.2f6679a/colors-b_6i0Oi7.d.ts.br
- tailwindcss/0.0.0-insiders.2f6679a/colors-b_6i0Oi7.d.ts.gz
- tailwindcss/0.0.0-insiders.2f6679a/colors.d.mts.br
- tailwindcss/0.0.0-insiders.2f6679a/colors.d.mts.gz
- tailwindcss/0.0.0-insiders.2f6679a/colors.d.ts.br
- tailwindcss/0.0.0-insiders.2f6679a/colors.d.ts.gz
- tailwindcss/0.0.0-insiders.2f6679a/colors.js.br
- tailwindcss/0.0.0-insiders.2f6679a/colors.js.gz
- tailwindcss/0.0.0-insiders.2f6679a/colors.min.js.br
- tailwindcss/0.0.0-insiders.2f6679a/colors.min.js.gz
- tailwindcss/0.0.0-insiders.2f6679a/colors.mjs.br
- tailwindcss/0.0.0-insiders.2f6679a/colors.mjs.gz
- tailwindcss/0.0.0-insiders.2f6679a/default-theme.d.mts.br
- tailwindcss/0.0.0-insiders.2f6679a/default-theme.d.mts.gz
- tailwindcss/0.0.0-insiders.2f6679a/default-theme.d.ts.br
- tailwindcss/0.0.0-insiders.2f6679a/default-theme.d.ts.gz
- tailwindcss/0.0.0-insiders.2f6679a/default-theme.js.br
- tailwindcss/0.0.0-insiders.2f6679a/default-theme.js.gz
- tailwindcss/0.0.0-insiders.2f6679a/default-theme.min.js.br
- tailwindcss/0.0.0-insiders.2f6679a/default-theme.min.js.gz
- tailwindcss/0.0.0-insiders.2f6679a/default-theme.mjs.br
- tailwindcss/0.0.0-insiders.2f6679a/default-theme.mjs.gz
- tailwindcss/0.0.0-insiders.2f6679a/flatten-color-palette.d.mts.br
- tailwindcss/0.0.0-insiders.2f6679a/flatten-color-palette.d.mts.gz
- tailwindcss/0.0.0-insiders.2f6679a/flatten-color-palette.d.ts.br
- tailwindcss/0.0.0-insiders.2f6679a/flatten-color-palette.d.ts.gz
- tailwindcss/0.0.0-insiders.2f6679a/flatten-color-palette.js.br
- tailwindcss/0.0.0-insiders.2f6679a/flatten-color-palette.js.gz
- tailwindcss/0.0.0-insiders.2f6679a/flatten-color-palette.min.js.br
- tailwindcss/0.0.0-insiders.2f6679a/flatten-color-palette.min.js.gz
- tailwindcss/0.0.0-insiders.2f6679a/flatten-color-palette.mjs.br
- tailwindcss/0.0.0-insiders.2f6679a/flatten-color-palette.mjs.gz
- tailwindcss/0.0.0-insiders.2f6679a/lib.d.mts.br
- tailwindcss/0.0.0-insiders.2f6679a/lib.d.mts.gz
- tailwindcss/0.0.0-insiders.2f6679a/lib.d.ts.br
- tailwindcss/0.0.0-insiders.2f6679a/lib.d.ts.gz
- tailwindcss/0.0.0-insiders.2f6679a/lib.js.br
- tailwindcss/0.0.0-insiders.2f6679a/lib.js.gz
- tailwindcss/0.0.0-insiders.2f6679a/lib.min.js.br
- tailwindcss/0.0.0-insiders.2f6679a/lib.min.js.gz
- tailwindcss/0.0.0-insiders.2f6679a/lib.mjs.br
- tailwindcss/0.0.0-insiders.2f6679a/lib.mjs.gz
- tailwindcss/0.0.0-insiders.2f6679a/plugin.d.mts.br
- tailwindcss/0.0.0-insiders.2f6679a/plugin.d.mts.gz
- tailwindcss/0.0.0-insiders.2f6679a/plugin.d.ts.br
- tailwindcss/0.0.0-insiders.2f6679a/plugin.d.ts.gz
- tailwindcss/0.0.0-insiders.2f6679a/plugin.js.br
- tailwindcss/0.0.0-insiders.2f6679a/plugin.js.gz
- tailwindcss/0.0.0-insiders.2f6679a/plugin.min.js.br
- tailwindcss/0.0.0-insiders.2f6679a/plugin.min.js.gz
- tailwindcss/0.0.0-insiders.2f6679a/plugin.mjs.br
- tailwindcss/0.0.0-insiders.2f6679a/plugin.mjs.gz
- tailwindcss/0.0.0-insiders.2f6679a/resolve-config-BIFUA2FY.d.ts.br
- tailwindcss/0.0.0-insiders.2f6679a/resolve-config-BIFUA2FY.d.ts.gz
- tailwindcss/0.0.0-insiders.2f6679a/resolve-config-QUZ9b-Gn.d.mts.br
- tailwindcss/0.0.0-insiders.2f6679a/resolve-config-QUZ9b-Gn.d.mts.gz
- tailwindcss/0.0.0-insiders.2f6679a/types-B254mqw1.d.mts.br
- tailwindcss/0.0.0-insiders.2f6679a/types-B254mqw1.d.mts.gz
SRIs:
- tailwindcss/0.0.0-insiders.2f6679a/colors.min.js: sha512-XCWTRVO7g0LlfM1NYVx8ugIQPaMWJAZEqOcu85qaFrrSVzc48gqN4bsWVWuTheX3iiVhb3g3tBN6E1XArqGYLQ==
- tailwindcss/0.0.0-insiders.2f6679a/default-theme.min.js: sha512-wzyEIV9vFhdZelT7CHRvaW2JV/OW9b2YUGVPuD1B+gwRhhtiSm79gHeDEEZvhLVJfE9wbE9wZr8/jG+bXSC/yQ==
- tailwindcss/0.0.0-insiders.2f6679a/lib.js: sha512-SpGzIpqtMd9JttQFT+Af/+Hp6TXUjpclMyVFxO5/zq3jscKXAdX6YBR3enI5i/9cezoeuSzZ2tV6fRyJ9hHydA==
- tailwindcss/0.0.0-insiders.2f6679a/plugin.min.js: sha512-EpdUFqaHHclgqLVRQHEGy1WKr+6fkS2b3bYciPJzRLvPNCZb4g9FjQXQ8V5/6P0HGte57jRGlcCbXAeSHDhLsA==
- tailwindcss/0.0.0-insiders.2f6679a/lib.min.js: sha512-iBh5/EH4+C3gHNr1Jmpl6uvpRk0OFH2VGHUMJUvDcH+m28RJNPRLngqQLoEG2RbFEz6mcqH3S67IY0gdhUHxhw==
- tailwindcss/0.0.0-insiders.2f6679a/plugin.js: sha512-rldNfS2wBK0GNFqKZxPBZYcoq+Gg4rJWuYrpnFFdt8iXln4f52olLSDWEgF3s/kewekLu8maNx1YafpIsea19w==
- tailwindcss/0.0.0-insiders.2f6679a/colors.js: sha512-tqa7gW9YjuZQYUE0oosfJCGA4MTXRYaSFUeELj0VcV9uR3QmcFNoHj9AS6QQogJtKi6HsPv9vq/E2foZ5zygMw==
- tailwindcss/0.0.0-insiders.2f6679a/default-theme.js: sha512-eQBu7AZ6Xgs+Q86qP6LBcT+f9m2BvGmrpefpSQL54PQApHyfL815HS02NOwdMWolWm3RIe8/sD4MhNRUrOXdBw==
- tailwindcss/0.0.0-insiders.2f6679a/flatten-color-palette.js: sha512-TOvaJDOPVDQBDEjrmNj7R4URPg5qTQhCoO0QQGG5zDY3Cnvfwu7lcDvgXPOHDAC4CGj+WhUzGMyURJCztHWULw==
- tailwindcss/0.0.0-insiders.2f6679a/flatten-color-palette.min.js: sha512-XMscqdp1p7T9rPXhsJ3EUF9/+lWrtGKBQrmPVqwlteeTQImgUa3pg43HHFN+tiLnbiYr5C4bw4OrR1OpF23FgQ==
