config: {"authors":[{"name":"Handsoncode","email":"hello@handsontable.com"}],"autoupdate":{"source":"npm","target":"handsontable","fileMap":[{"basePath":"dist","files":["*.js","*.css"]}]},"description":"Spreadsheet-like data grid editor that provides copy/paste functionality compatible with Excel/Google Docs","filename":"handsontable.min.js","homepage":"http://handsontable.com/","keywords":["grid","datagrid","table","ui","input","ajax","handsontable","spreadsheet"],"license":"SEE LICENSE IN https://github.com/handsontable/handsontable/blob/7.0.0/LICENSE.txt","name":"handsontable","repository":{"type":"git","url":"https://github.com/handsontable/handsontable"},"author":"Handsoncode \u003chello@handsontable.com\u003e"}
KV keys:
- handsontable/0.0.0-next-89e4f85-20250310/handsontable.css.br
- handsontable/0.0.0-next-89e4f85-20250310/handsontable.css.gz
- handsontable/0.0.0-next-89e4f85-20250310/handsontable.full.css.br
- handsontable/0.0.0-next-89e4f85-20250310/handsontable.full.css.gz
- handsontable/0.0.0-next-89e4f85-20250310/handsontable.full.js.br
- handsontable/0.0.0-next-89e4f85-20250310/handsontable.full.js.gz
- handsontable/0.0.0-next-89e4f85-20250310/handsontable.full.min.css.br
- handsontable/0.0.0-next-89e4f85-20250310/handsontable.full.min.css.gz
- handsontable/0.0.0-next-89e4f85-20250310/handsontable.full.min.js.br
- handsontable/0.0.0-next-89e4f85-20250310/handsontable.full.min.js.gz
- handsontable/0.0.0-next-89e4f85-20250310/handsontable.js.br
- handsontable/0.0.0-next-89e4f85-20250310/handsontable.js.gz
- handsontable/0.0.0-next-89e4f85-20250310/handsontable.min.css.br
- handsontable/0.0.0-next-89e4f85-20250310/handsontable.min.css.gz
- handsontable/0.0.0-next-89e4f85-20250310/handsontable.min.js.br
- handsontable/0.0.0-next-89e4f85-20250310/handsontable.min.js.gz
SRIs:
- handsontable/0.0.0-next-89e4f85-20250310/handsontable.full.js: sha512-qBzmYUUrpfHSRfTH4iDZ9nAS7vWVyMLImMKgC8rBAh84TzyrXRA2N/qU/vuoZKsf1+spEOqz1nyEUOaqyw0Vaw==
- handsontable/0.0.0-next-89e4f85-20250310/handsontable.full.min.css: sha512-PSYu6sZl2pkTrj+nlvoXzC7sijyvdtNfpW5oct1OIrYs9iPl8jugqUkg64cYXxEYhSEQR3FruINSSfrRBtqHJg==
- handsontable/0.0.0-next-89e4f85-20250310/handsontable.full.min.js: sha512-PPZAaO7+yxsidCZBrlWe83EMbNe4L235Tazl1sM74V6na5TnA9feuUXgY9ZqOzv7RHOufs5AElJU0E8jUFMy8w==
- handsontable/0.0.0-next-89e4f85-20250310/handsontable.js: sha512-1P2DZ3SgGzFX8h3mHl0FVK3o7EjMIz4Zyn+WeCghZyIpYMIG3ZpNZVY5RaEODBDXhz7IkT1EOuDFaJ098WMGqg==
- handsontable/0.0.0-next-89e4f85-20250310/handsontable.min.css: sha512-kkJLUlR3YyPKInpmi6jTL8gkE9N66pyHobvMWIL0EpZBk12fvpy9dNa+tI/iNBQEPVrGJtfvTzjJ23KKGTtKHQ==
- handsontable/0.0.0-next-89e4f85-20250310/handsontable.min.js: sha512-e2IN+waQuME343GSpqKgYqKwiNJp+iYNEfegKINSBOIiZcJpTWx8P/LQusR7WEy/j0Q0bTYtvUEv1njeBLqbcA==
- handsontable/0.0.0-next-89e4f85-20250310/handsontable.css: sha512-olfx6FJ8ZlNdWuUMsQS1Cqcia/vBMSrIcbpSidiXuRohynOxdSSAaWvvMwdw0tDR1OGngU2CC0CUlDRpj4qEXQ==
- handsontable/0.0.0-next-89e4f85-20250310/handsontable.full.css: sha512-KdpA9GzGaGlBW2KECDpzfXag4M0imIS5HfzKmmDDdZNUHMVn85f10JGDhaOHBIeFVwlDFEIqk5k8wJu2wotjCQ==
