Files:
- fontsource-suwannaphum/5.2.4/100.css.br
- fontsource-suwannaphum/5.2.4/100.css.gz
- fontsource-suwannaphum/5.2.4/100.css.sri
- fontsource-suwannaphum/5.2.4/100.min.css.br
- fontsource-suwannaphum/5.2.4/100.min.css.gz
- fontsource-suwannaphum/5.2.4/100.min.css.sri
- fontsource-suwannaphum/5.2.4/300.css.br
- fontsource-suwannaphum/5.2.4/300.css.gz
- fontsource-suwannaphum/5.2.4/300.css.sri
- fontsource-suwannaphum/5.2.4/300.min.css.br
- fontsource-suwannaphum/5.2.4/300.min.css.gz
- fontsource-suwannaphum/5.2.4/300.min.css.sri
- fontsource-suwannaphum/5.2.4/400.css.br
- fontsource-suwannaphum/5.2.4/400.css.gz
- fontsource-suwannaphum/5.2.4/400.css.sri
- fontsource-suwannaphum/5.2.4/400.min.css.br
- fontsource-suwannaphum/5.2.4/400.min.css.gz
- fontsource-suwannaphum/5.2.4/400.min.css.sri
- fontsource-suwannaphum/5.2.4/700.css.br
- fontsource-suwannaphum/5.2.4/700.css.gz
- fontsource-suwannaphum/5.2.4/700.css.sri
- fontsource-suwannaphum/5.2.4/700.min.css.br
- fontsource-suwannaphum/5.2.4/700.min.css.gz
- fontsource-suwannaphum/5.2.4/700.min.css.sri
- fontsource-suwannaphum/5.2.4/900.css.br
- fontsource-suwannaphum/5.2.4/900.css.gz
- fontsource-suwannaphum/5.2.4/900.css.sri
- fontsource-suwannaphum/5.2.4/900.min.css.br
- fontsource-suwannaphum/5.2.4/900.min.css.gz
- fontsource-suwannaphum/5.2.4/900.min.css.sri
- fontsource-suwannaphum/5.2.4/files/suwannaphum-khmer-100-normal.woff.br
- fontsource-suwannaphum/5.2.4/files/suwannaphum-khmer-100-normal.woff.gz
- fontsource-suwannaphum/5.2.4/files/suwannaphum-khmer-100-normal.woff2
- fontsource-suwannaphum/5.2.4/files/suwannaphum-khmer-300-normal.woff.br
- fontsource-suwannaphum/5.2.4/files/suwannaphum-khmer-300-normal.woff.gz
- fontsource-suwannaphum/5.2.4/files/suwannaphum-khmer-300-normal.woff2
- fontsource-suwannaphum/5.2.4/files/suwannaphum-khmer-400-normal.woff.br
- fontsource-suwannaphum/5.2.4/files/suwannaphum-khmer-400-normal.woff.gz
- fontsource-suwannaphum/5.2.4/files/suwannaphum-khmer-400-normal.woff2
- fontsource-suwannaphum/5.2.4/files/suwannaphum-khmer-700-normal.woff.br
- fontsource-suwannaphum/5.2.4/files/suwannaphum-khmer-700-normal.woff.gz
- fontsource-suwannaphum/5.2.4/files/suwannaphum-khmer-700-normal.woff2
- fontsource-suwannaphum/5.2.4/files/suwannaphum-khmer-900-normal.woff.br
- fontsource-suwannaphum/5.2.4/files/suwannaphum-khmer-900-normal.woff.gz
- fontsource-suwannaphum/5.2.4/files/suwannaphum-khmer-900-normal.woff2
- fontsource-suwannaphum/5.2.4/files/suwannaphum-latin-100-normal.woff.br
- fontsource-suwannaphum/5.2.4/files/suwannaphum-latin-100-normal.woff.gz
- fontsource-suwannaphum/5.2.4/files/suwannaphum-latin-100-normal.woff2
- fontsource-suwannaphum/5.2.4/files/suwannaphum-latin-300-normal.woff.br
- fontsource-suwannaphum/5.2.4/files/suwannaphum-latin-300-normal.woff.gz
- fontsource-suwannaphum/5.2.4/files/suwannaphum-latin-300-normal.woff2
- fontsource-suwannaphum/5.2.4/files/suwannaphum-latin-400-normal.woff.br
- fontsource-suwannaphum/5.2.4/files/suwannaphum-latin-400-normal.woff.gz
- fontsource-suwannaphum/5.2.4/files/suwannaphum-latin-400-normal.woff2
- fontsource-suwannaphum/5.2.4/files/suwannaphum-latin-700-normal.woff.br
- fontsource-suwannaphum/5.2.4/files/suwannaphum-latin-700-normal.woff.gz
- fontsource-suwannaphum/5.2.4/files/suwannaphum-latin-700-normal.woff2
- fontsource-suwannaphum/5.2.4/files/suwannaphum-latin-900-normal.woff.br
- fontsource-suwannaphum/5.2.4/files/suwannaphum-latin-900-normal.woff.gz
- fontsource-suwannaphum/5.2.4/files/suwannaphum-latin-900-normal.woff2
- fontsource-suwannaphum/5.2.4/index.css.br
- fontsource-suwannaphum/5.2.4/index.css.gz
- fontsource-suwannaphum/5.2.4/index.css.sri
- fontsource-suwannaphum/5.2.4/index.min.css.br
- fontsource-suwannaphum/5.2.4/index.min.css.gz
- fontsource-suwannaphum/5.2.4/index.min.css.sri
- fontsource-suwannaphum/5.2.4/khmer-100.css.br
- fontsource-suwannaphum/5.2.4/khmer-100.css.gz
- fontsource-suwannaphum/5.2.4/khmer-100.css.sri
- fontsource-suwannaphum/5.2.4/khmer-100.min.css.br
- fontsource-suwannaphum/5.2.4/khmer-100.min.css.gz
- fontsource-suwannaphum/5.2.4/khmer-100.min.css.sri
- fontsource-suwannaphum/5.2.4/khmer-300.css.br
- fontsource-suwannaphum/5.2.4/khmer-300.css.gz
- fontsource-suwannaphum/5.2.4/khmer-300.css.sri
- fontsource-suwannaphum/5.2.4/khmer-300.min.css.br
- fontsource-suwannaphum/5.2.4/khmer-300.min.css.gz
- fontsource-suwannaphum/5.2.4/khmer-300.min.css.sri
- fontsource-suwannaphum/5.2.4/khmer-400.css.br
- fontsource-suwannaphum/5.2.4/khmer-400.css.gz
- fontsource-suwannaphum/5.2.4/khmer-400.css.sri
- fontsource-suwannaphum/5.2.4/khmer-400.min.css.br
- fontsource-suwannaphum/5.2.4/khmer-400.min.css.gz
- fontsource-suwannaphum/5.2.4/khmer-400.min.css.sri
- fontsource-suwannaphum/5.2.4/khmer-700.css.br
- fontsource-suwannaphum/5.2.4/khmer-700.css.gz
- fontsource-suwannaphum/5.2.4/khmer-700.css.sri
- fontsource-suwannaphum/5.2.4/khmer-700.min.css.br
- fontsource-suwannaphum/5.2.4/khmer-700.min.css.gz
- fontsource-suwannaphum/5.2.4/khmer-700.min.css.sri
- fontsource-suwannaphum/5.2.4/khmer-900.css.br
- fontsource-suwannaphum/5.2.4/khmer-900.css.gz
- fontsource-suwannaphum/5.2.4/khmer-900.css.sri
- fontsource-suwannaphum/5.2.4/khmer-900.min.css.br
- fontsource-suwannaphum/5.2.4/khmer-900.min.css.gz
- fontsource-suwannaphum/5.2.4/khmer-900.min.css.sri
- fontsource-suwannaphum/5.2.4/khmer.css.br
- fontsource-suwannaphum/5.2.4/khmer.css.gz
- fontsource-suwannaphum/5.2.4/khmer.css.sri
- fontsource-suwannaphum/5.2.4/khmer.min.css.br
- fontsource-suwannaphum/5.2.4/khmer.min.css.gz
- fontsource-suwannaphum/5.2.4/khmer.min.css.sri
- fontsource-suwannaphum/5.2.4/latin-100.css.br
- fontsource-suwannaphum/5.2.4/latin-100.css.gz
- fontsource-suwannaphum/5.2.4/latin-100.css.sri
- fontsource-suwannaphum/5.2.4/latin-100.min.css.br
- fontsource-suwannaphum/5.2.4/latin-100.min.css.gz
- fontsource-suwannaphum/5.2.4/latin-100.min.css.sri
- fontsource-suwannaphum/5.2.4/latin-300.css.br
- fontsource-suwannaphum/5.2.4/latin-300.css.gz
- fontsource-suwannaphum/5.2.4/latin-300.css.sri
- fontsource-suwannaphum/5.2.4/latin-300.min.css.br
- fontsource-suwannaphum/5.2.4/latin-300.min.css.gz
- fontsource-suwannaphum/5.2.4/latin-300.min.css.sri
- fontsource-suwannaphum/5.2.4/latin-400.css.br
- fontsource-suwannaphum/5.2.4/latin-400.css.gz
- fontsource-suwannaphum/5.2.4/latin-400.css.sri
- fontsource-suwannaphum/5.2.4/latin-400.min.css.br
- fontsource-suwannaphum/5.2.4/latin-400.min.css.gz
- fontsource-suwannaphum/5.2.4/latin-400.min.css.sri
- fontsource-suwannaphum/5.2.4/latin-700.css.br
- fontsource-suwannaphum/5.2.4/latin-700.css.gz
- fontsource-suwannaphum/5.2.4/latin-700.css.sri
- fontsource-suwannaphum/5.2.4/latin-700.min.css.br
- fontsource-suwannaphum/5.2.4/latin-700.min.css.gz
- fontsource-suwannaphum/5.2.4/latin-700.min.css.sri
- fontsource-suwannaphum/5.2.4/latin-900.css.br
- fontsource-suwannaphum/5.2.4/latin-900.css.gz
- fontsource-suwannaphum/5.2.4/latin-900.css.sri
- fontsource-suwannaphum/5.2.4/latin-900.min.css.br
- fontsource-suwannaphum/5.2.4/latin-900.min.css.gz
- fontsource-suwannaphum/5.2.4/latin-900.min.css.sri
- fontsource-suwannaphum/5.2.4/latin.css.br
- fontsource-suwannaphum/5.2.4/latin.css.gz
- fontsource-suwannaphum/5.2.4/latin.css.sri
- fontsource-suwannaphum/5.2.4/latin.min.css.br
- fontsource-suwannaphum/5.2.4/latin.min.css.gz
- fontsource-suwannaphum/5.2.4/latin.min.css.sri
