- bootstrap.native/5.1.8/bootstrap-native.min.js.br
- bootstrap.native/5.1.8/bootstrap-native.min.js.gz
- bootstrap.native/5.1.8/bootstrap-native.min.js.map.br
- bootstrap.native/5.1.8/bootstrap-native.min.js.map.gz
- bootstrap.native/5.1.8/components/alert/alert.d.mts.br
- bootstrap.native/5.1.8/components/alert/alert.d.mts.gz
- bootstrap.native/5.1.8/components/alert/alert.d.mts.map.br
- bootstrap.native/5.1.8/components/alert/alert.d.mts.map.gz
- bootstrap.native/5.1.8/components/alert/alert.mjs.br
- bootstrap.native/5.1.8/components/alert/alert.mjs.gz
- bootstrap.native/5.1.8/components/alert/alert.mjs.map.br
- bootstrap.native/5.1.8/components/alert/alert.mjs.map.gz
- bootstrap.native/5.1.8/components/alert/chunk-CXFq-bE-.mjs.br
- bootstrap.native/5.1.8/components/alert/chunk-CXFq-bE-.mjs.gz
- bootstrap.native/5.1.8/components/button/button.d.mts.br
- bootstrap.native/5.1.8/components/button/button.d.mts.gz
- bootstrap.native/5.1.8/components/button/button.d.mts.map.br
- bootstrap.native/5.1.8/components/button/button.d.mts.map.gz
- bootstrap.native/5.1.8/components/button/button.mjs.br
- bootstrap.native/5.1.8/components/button/button.mjs.gz
- bootstrap.native/5.1.8/components/button/button.mjs.map.br
- bootstrap.native/5.1.8/components/button/button.mjs.map.gz
- bootstrap.native/5.1.8/components/button/chunk-D709uj-t.mjs.br
- bootstrap.native/5.1.8/components/button/chunk-D709uj-t.mjs.gz
- bootstrap.native/5.1.8/components/carousel/carousel.d.mts.br
- bootstrap.native/5.1.8/components/carousel/carousel.d.mts.gz
- bootstrap.native/5.1.8/components/carousel/carousel.d.mts.map.br
- bootstrap.native/5.1.8/components/carousel/carousel.d.mts.map.gz
- bootstrap.native/5.1.8/components/carousel/carousel.mjs.br
- bootstrap.native/5.1.8/components/carousel/carousel.mjs.gz
- bootstrap.native/5.1.8/components/carousel/carousel.mjs.map.br
- bootstrap.native/5.1.8/components/carousel/carousel.mjs.map.gz
- bootstrap.native/5.1.8/components/carousel/chunk-DbDgeaVl.mjs.br
- bootstrap.native/5.1.8/components/carousel/chunk-DbDgeaVl.mjs.gz
- bootstrap.native/5.1.8/components/collapse/chunk-CsOGbCdU.mjs.br
- bootstrap.native/5.1.8/components/collapse/chunk-CsOGbCdU.mjs.gz
- bootstrap.native/5.1.8/components/collapse/collapse.d.mts.br
- bootstrap.native/5.1.8/components/collapse/collapse.d.mts.gz
- bootstrap.native/5.1.8/components/collapse/collapse.d.mts.map.br
- bootstrap.native/5.1.8/components/collapse/collapse.d.mts.map.gz
- bootstrap.native/5.1.8/components/collapse/collapse.mjs.br
- bootstrap.native/5.1.8/components/collapse/collapse.mjs.gz
- bootstrap.native/5.1.8/components/collapse/collapse.mjs.map.br
- bootstrap.native/5.1.8/components/collapse/collapse.mjs.map.gz
- bootstrap.native/5.1.8/components/dropdown/chunk-CJAx2FXa.mjs.br
- bootstrap.native/5.1.8/components/dropdown/chunk-CJAx2FXa.mjs.gz
- bootstrap.native/5.1.8/components/dropdown/dropdown.d.mts.br
- bootstrap.native/5.1.8/components/dropdown/dropdown.d.mts.gz
- bootstrap.native/5.1.8/components/dropdown/dropdown.d.mts.map.br
- bootstrap.native/5.1.8/components/dropdown/dropdown.d.mts.map.gz
- bootstrap.native/5.1.8/components/dropdown/dropdown.mjs.br
- bootstrap.native/5.1.8/components/dropdown/dropdown.mjs.gz
- bootstrap.native/5.1.8/components/dropdown/dropdown.mjs.map.br
- bootstrap.native/5.1.8/components/dropdown/dropdown.mjs.map.gz
- bootstrap.native/5.1.8/components/modal/chunk-FTedGr_q.mjs.br
- bootstrap.native/5.1.8/components/modal/chunk-FTedGr_q.mjs.gz
- bootstrap.native/5.1.8/components/modal/modal.d.mts.br
- bootstrap.native/5.1.8/components/modal/modal.d.mts.gz
- bootstrap.native/5.1.8/components/modal/modal.d.mts.map.br
- bootstrap.native/5.1.8/components/modal/modal.d.mts.map.gz
- bootstrap.native/5.1.8/components/modal/modal.mjs.br
- bootstrap.native/5.1.8/components/modal/modal.mjs.gz
- bootstrap.native/5.1.8/components/modal/modal.mjs.map.br
- bootstrap.native/5.1.8/components/modal/modal.mjs.map.gz
- bootstrap.native/5.1.8/components/offcanvas/chunk-CebGTFa2.mjs.br
- bootstrap.native/5.1.8/components/offcanvas/chunk-CebGTFa2.mjs.gz
- bootstrap.native/5.1.8/components/offcanvas/offcanvas.d.mts.br
- bootstrap.native/5.1.8/components/offcanvas/offcanvas.d.mts.gz
- bootstrap.native/5.1.8/components/offcanvas/offcanvas.d.mts.map.br
- bootstrap.native/5.1.8/components/offcanvas/offcanvas.d.mts.map.gz
- bootstrap.native/5.1.8/components/offcanvas/offcanvas.mjs.br
- bootstrap.native/5.1.8/components/offcanvas/offcanvas.mjs.gz
- bootstrap.native/5.1.8/components/offcanvas/offcanvas.mjs.map.br
- bootstrap.native/5.1.8/components/offcanvas/offcanvas.mjs.map.gz
- bootstrap.native/5.1.8/components/popover/chunk-CWrhHdXP.mjs.br
- bootstrap.native/5.1.8/components/popover/chunk-CWrhHdXP.mjs.gz
- bootstrap.native/5.1.8/components/popover/popover.d.mts.br
- bootstrap.native/5.1.8/components/popover/popover.d.mts.gz
- bootstrap.native/5.1.8/components/popover/popover.d.mts.map.br
- bootstrap.native/5.1.8/components/popover/popover.d.mts.map.gz
- bootstrap.native/5.1.8/components/popover/popover.mjs.br
- bootstrap.native/5.1.8/components/popover/popover.mjs.gz
- bootstrap.native/5.1.8/components/popover/popover.mjs.map.br
- bootstrap.native/5.1.8/components/popover/popover.mjs.map.gz
- bootstrap.native/5.1.8/components/scrollspy/chunk-BJPu_NYF.mjs.br
- bootstrap.native/5.1.8/components/scrollspy/chunk-BJPu_NYF.mjs.gz
- bootstrap.native/5.1.8/components/scrollspy/scrollspy.d.mts.br
- bootstrap.native/5.1.8/components/scrollspy/scrollspy.d.mts.gz
- bootstrap.native/5.1.8/components/scrollspy/scrollspy.d.mts.map.br
- bootstrap.native/5.1.8/components/scrollspy/scrollspy.d.mts.map.gz
- bootstrap.native/5.1.8/components/scrollspy/scrollspy.mjs.br
- bootstrap.native/5.1.8/components/scrollspy/scrollspy.mjs.gz
- bootstrap.native/5.1.8/components/scrollspy/scrollspy.mjs.map.br
- bootstrap.native/5.1.8/components/scrollspy/scrollspy.mjs.map.gz
- bootstrap.native/5.1.8/components/tab/chunk-xMk8egnZ.mjs.br
- bootstrap.native/5.1.8/components/tab/chunk-xMk8egnZ.mjs.gz
- bootstrap.native/5.1.8/components/tab/tab.d.mts.br
- bootstrap.native/5.1.8/components/tab/tab.d.mts.gz
- bootstrap.native/5.1.8/components/tab/tab.d.mts.map.br
- bootstrap.native/5.1.8/components/tab/tab.d.mts.map.gz
- bootstrap.native/5.1.8/components/tab/tab.mjs.br
- bootstrap.native/5.1.8/components/tab/tab.mjs.gz
- bootstrap.native/5.1.8/components/tab/tab.mjs.map.br
- bootstrap.native/5.1.8/components/tab/tab.mjs.map.gz
- bootstrap.native/5.1.8/components/toast/chunk-CgEEppSx.mjs.br
- bootstrap.native/5.1.8/components/toast/chunk-CgEEppSx.mjs.gz
- bootstrap.native/5.1.8/components/toast/toast.d.mts.br
- bootstrap.native/5.1.8/components/toast/toast.d.mts.gz
- bootstrap.native/5.1.8/components/toast/toast.d.mts.map.br
- bootstrap.native/5.1.8/components/toast/toast.d.mts.map.gz
- bootstrap.native/5.1.8/components/toast/toast.mjs.br
- bootstrap.native/5.1.8/components/toast/toast.mjs.gz
- bootstrap.native/5.1.8/components/toast/toast.mjs.map.br
- bootstrap.native/5.1.8/components/toast/toast.mjs.map.gz
- bootstrap.native/5.1.8/components/tooltip/chunk-DB0UiEx_.mjs.br
- bootstrap.native/5.1.8/components/tooltip/chunk-DB0UiEx_.mjs.gz
- bootstrap.native/5.1.8/components/tooltip/tooltip.d.mts.br
- bootstrap.native/5.1.8/components/tooltip/tooltip.d.mts.gz
- bootstrap.native/5.1.8/components/tooltip/tooltip.d.mts.map.br
- bootstrap.native/5.1.8/components/tooltip/tooltip.d.mts.map.gz
- bootstrap.native/5.1.8/components/tooltip/tooltip.mjs.br
- bootstrap.native/5.1.8/components/tooltip/tooltip.mjs.gz
- bootstrap.native/5.1.8/components/tooltip/tooltip.mjs.map.br
- bootstrap.native/5.1.8/components/tooltip/tooltip.mjs.map.gz
- bootstrap.native/5.1.8/module/chunk-DloxD7_C.js.br
- bootstrap.native/5.1.8/module/chunk-DloxD7_C.js.gz
- bootstrap.native/5.1.8/module/chunk-DloxD7_C.min.js.br
- bootstrap.native/5.1.8/module/chunk-DloxD7_C.min.js.gz
- bootstrap.native/5.1.8/module/index.d.ts.br
- bootstrap.native/5.1.8/module/index.d.ts.gz
- bootstrap.native/5.1.8/module/index.d.ts.map.br
- bootstrap.native/5.1.8/module/index.d.ts.map.gz
- bootstrap.native/5.1.8/module/index.js.br
- bootstrap.native/5.1.8/module/index.js.gz
- bootstrap.native/5.1.8/module/index.js.map.br
- bootstrap.native/5.1.8/module/index.js.map.gz
- bootstrap.native/5.1.8/module/index.min.js.br
- bootstrap.native/5.1.8/module/index.min.js.gz