2025/06/17 05:30:58 optimizing files (Js true, Css true, Png true, Jpg true)
2025/06/17 05:30:59 compress: run /node_modules/uglify-js/bin/uglifyjs (3.15.4) [--mangle --compress if_return=true -o /tmp/work/dash_core_components/dash_core_components.min.js /tmp/work/dash_core_components/dash_core_components.js]
2025/06/17 05:30:59 compress: run /node_modules/uglify-js/bin/uglifyjs (3.15.4) [--mangle --compress if_return=true -o /tmp/work/dash_core_components/dash_core_components-shared.min.js /tmp/work/dash_core_components/dash_core_components-shared.js]
2025/06/17 05:31:00 sri /tmp/work/dash_core_components/dash_core_components-shared.min.js -> /output/dash_core_components-shared.min.js.sri
2025/06/17 05:31:00 algorithm: run /usr/bin/brotli --quality=11 --output=/output/dash_core_components-shared.min.js.br /tmp/work/dash_core_components/dash_core_components-shared.min.js
2025/06/17 05:31:00 br /tmp/work/dash_core_components/dash_core_components-shared.min.js -> /output/dash_core_components-shared.min.js.br
2025/06/17 05:31:00 gz /tmp/work/dash_core_components/dash_core_components-shared.min.js -> /output/dash_core_components-shared.min.js.gz
2025/06/17 05:31:00 sri /tmp/work/dash_core_components/dash_core_components-shared.js -> /output/dash_core_components-shared.js.sri
2025/06/17 05:31:00 algorithm: run /usr/bin/brotli --quality=11 --output=/output/dash_core_components-shared.js.br /tmp/work/dash_core_components/dash_core_components-shared.js
2025/06/17 05:31:00 br /tmp/work/dash_core_components/dash_core_components-shared.js -> /output/dash_core_components-shared.js.br
2025/06/17 05:31:00 gz /tmp/work/dash_core_components/dash_core_components-shared.js -> /output/dash_core_components-shared.js.gz
2025/06/17 05:31:09 sri /tmp/work/dash_core_components/dash_core_components.min.js -> /output/dash_core_components.min.js.sri
2025/06/17 05:31:09 algorithm: run /usr/bin/brotli --quality=11 --output=/output/dash_core_components.min.js.br /tmp/work/dash_core_components/dash_core_components.min.js
2025/06/17 05:31:11 br /tmp/work/dash_core_components/dash_core_components.min.js -> /output/dash_core_components.min.js.br
2025/06/17 05:31:11 gz /tmp/work/dash_core_components/dash_core_components.min.js -> /output/dash_core_components.min.js.gz
2025/06/17 05:31:11 sri /tmp/work/dash_core_components/dash_core_components.js -> /output/dash_core_components.js.sri
2025/06/17 05:31:11 algorithm: run /usr/bin/brotli --quality=11 --output=/output/dash_core_components.js.br /tmp/work/dash_core_components/dash_core_components.js
2025/06/17 05:31:13 br /tmp/work/dash_core_components/dash_core_components.js -> /output/dash_core_components.js.br
2025/06/17 05:31:13 gz /tmp/work/dash_core_components/dash_core_components.js -> /output/dash_core_components.js.gz
2025/06/17 05:31:13 processed dash-core-components
