- fontsource-asset/5.2.7/400.css.br
- fontsource-asset/5.2.7/400.css.gz
- fontsource-asset/5.2.7/400.min.css.br
- fontsource-asset/5.2.7/400.min.css.gz
- fontsource-asset/5.2.7/cyrillic-ext-400.css.br
- fontsource-asset/5.2.7/cyrillic-ext-400.css.gz
- fontsource-asset/5.2.7/cyrillic-ext-400.min.css.br
- fontsource-asset/5.2.7/cyrillic-ext-400.min.css.gz
- fontsource-asset/5.2.7/cyrillic-ext.css.br
- fontsource-asset/5.2.7/cyrillic-ext.css.gz
- fontsource-asset/5.2.7/cyrillic-ext.min.css.br
- fontsource-asset/5.2.7/cyrillic-ext.min.css.gz
- fontsource-asset/5.2.7/files/asset-cyrillic-ext-400-normal.woff.br
- fontsource-asset/5.2.7/files/asset-cyrillic-ext-400-normal.woff.gz
- fontsource-asset/5.2.7/files/asset-cyrillic-ext-400-normal.woff2
- fontsource-asset/5.2.7/files/asset-latin-400-normal.woff.br
- fontsource-asset/5.2.7/files/asset-latin-400-normal.woff.gz
- fontsource-asset/5.2.7/files/asset-latin-400-normal.woff2
- fontsource-asset/5.2.7/files/asset-latin-ext-400-normal.woff.br
- fontsource-asset/5.2.7/files/asset-latin-ext-400-normal.woff.gz
- fontsource-asset/5.2.7/files/asset-latin-ext-400-normal.woff2
- fontsource-asset/5.2.7/files/asset-math-400-normal.woff.br
- fontsource-asset/5.2.7/files/asset-math-400-normal.woff.gz
- fontsource-asset/5.2.7/files/asset-math-400-normal.woff2
- fontsource-asset/5.2.7/files/asset-symbols-400-normal.woff.br
- fontsource-asset/5.2.7/files/asset-symbols-400-normal.woff.gz
- fontsource-asset/5.2.7/files/asset-symbols-400-normal.woff2
- fontsource-asset/5.2.7/index.css.br
- fontsource-asset/5.2.7/index.css.gz
- fontsource-asset/5.2.7/index.min.css.br
- fontsource-asset/5.2.7/index.min.css.gz
- fontsource-asset/5.2.7/latin-400.css.br
- fontsource-asset/5.2.7/latin-400.css.gz
- fontsource-asset/5.2.7/latin-400.min.css.br
- fontsource-asset/5.2.7/latin-400.min.css.gz
- fontsource-asset/5.2.7/latin-ext-400.css.br
- fontsource-asset/5.2.7/latin-ext-400.css.gz
- fontsource-asset/5.2.7/latin-ext-400.min.css.br
- fontsource-asset/5.2.7/latin-ext-400.min.css.gz
- fontsource-asset/5.2.7/latin-ext.css.br
- fontsource-asset/5.2.7/latin-ext.css.gz
- fontsource-asset/5.2.7/latin-ext.min.css.br
- fontsource-asset/5.2.7/latin-ext.min.css.gz
- fontsource-asset/5.2.7/latin.css.br
- fontsource-asset/5.2.7/latin.css.gz
- fontsource-asset/5.2.7/latin.min.css.br
- fontsource-asset/5.2.7/latin.min.css.gz
- fontsource-asset/5.2.7/math-400.css.br
- fontsource-asset/5.2.7/math-400.css.gz
- fontsource-asset/5.2.7/math-400.min.css.br
- fontsource-asset/5.2.7/math-400.min.css.gz
- fontsource-asset/5.2.7/math.css.br
- fontsource-asset/5.2.7/math.css.gz
- fontsource-asset/5.2.7/math.min.css.br
- fontsource-asset/5.2.7/math.min.css.gz
- fontsource-asset/5.2.7/symbols-400.css.br
- fontsource-asset/5.2.7/symbols-400.css.gz
- fontsource-asset/5.2.7/symbols-400.min.css.br
- fontsource-asset/5.2.7/symbols-400.min.css.gz
- fontsource-asset/5.2.7/symbols.css.br
- fontsource-asset/5.2.7/symbols.css.gz
- fontsource-asset/5.2.7/symbols.min.css.br
- fontsource-asset/5.2.7/symbols.min.css.gz