Files:
- fontsource-miriam-libre/5.1.1/400.css.br
- fontsource-miriam-libre/5.1.1/400.css.gz
- fontsource-miriam-libre/5.1.1/400.css.sri
- fontsource-miriam-libre/5.1.1/400.min.css.br
- fontsource-miriam-libre/5.1.1/400.min.css.gz
- fontsource-miriam-libre/5.1.1/400.min.css.sri
- fontsource-miriam-libre/5.1.1/500.css.br
- fontsource-miriam-libre/5.1.1/500.css.gz
- fontsource-miriam-libre/5.1.1/500.css.sri
- fontsource-miriam-libre/5.1.1/500.min.css.br
- fontsource-miriam-libre/5.1.1/500.min.css.gz
- fontsource-miriam-libre/5.1.1/500.min.css.sri
- fontsource-miriam-libre/5.1.1/600.css.br
- fontsource-miriam-libre/5.1.1/600.css.gz
- fontsource-miriam-libre/5.1.1/600.css.sri
- fontsource-miriam-libre/5.1.1/600.min.css.br
- fontsource-miriam-libre/5.1.1/600.min.css.gz
- fontsource-miriam-libre/5.1.1/600.min.css.sri
- fontsource-miriam-libre/5.1.1/700.css.br
- fontsource-miriam-libre/5.1.1/700.css.gz
- fontsource-miriam-libre/5.1.1/700.css.sri
- fontsource-miriam-libre/5.1.1/700.min.css.br
- fontsource-miriam-libre/5.1.1/700.min.css.gz
- fontsource-miriam-libre/5.1.1/700.min.css.sri
- fontsource-miriam-libre/5.1.1/files/miriam-libre-hebrew-400-normal.woff.br
- fontsource-miriam-libre/5.1.1/files/miriam-libre-hebrew-400-normal.woff.gz
- fontsource-miriam-libre/5.1.1/files/miriam-libre-hebrew-400-normal.woff2
- fontsource-miriam-libre/5.1.1/files/miriam-libre-hebrew-500-normal.woff.br
- fontsource-miriam-libre/5.1.1/files/miriam-libre-hebrew-500-normal.woff.gz
- fontsource-miriam-libre/5.1.1/files/miriam-libre-hebrew-500-normal.woff2
- fontsource-miriam-libre/5.1.1/files/miriam-libre-hebrew-600-normal.woff.br
- fontsource-miriam-libre/5.1.1/files/miriam-libre-hebrew-600-normal.woff.gz
- fontsource-miriam-libre/5.1.1/files/miriam-libre-hebrew-600-normal.woff2
- fontsource-miriam-libre/5.1.1/files/miriam-libre-hebrew-700-normal.woff.br
- fontsource-miriam-libre/5.1.1/files/miriam-libre-hebrew-700-normal.woff.gz
- fontsource-miriam-libre/5.1.1/files/miriam-libre-hebrew-700-normal.woff2
- fontsource-miriam-libre/5.1.1/files/miriam-libre-latin-400-normal.woff.br
- fontsource-miriam-libre/5.1.1/files/miriam-libre-latin-400-normal.woff.gz
- fontsource-miriam-libre/5.1.1/files/miriam-libre-latin-400-normal.woff2
- fontsource-miriam-libre/5.1.1/files/miriam-libre-latin-500-normal.woff.br
- fontsource-miriam-libre/5.1.1/files/miriam-libre-latin-500-normal.woff.gz
- fontsource-miriam-libre/5.1.1/files/miriam-libre-latin-500-normal.woff2
- fontsource-miriam-libre/5.1.1/files/miriam-libre-latin-600-normal.woff.br
- fontsource-miriam-libre/5.1.1/files/miriam-libre-latin-600-normal.woff.gz
- fontsource-miriam-libre/5.1.1/files/miriam-libre-latin-600-normal.woff2
- fontsource-miriam-libre/5.1.1/files/miriam-libre-latin-700-normal.woff.br
- fontsource-miriam-libre/5.1.1/files/miriam-libre-latin-700-normal.woff.gz
- fontsource-miriam-libre/5.1.1/files/miriam-libre-latin-700-normal.woff2
- fontsource-miriam-libre/5.1.1/files/miriam-libre-latin-ext-400-normal.woff.br
- fontsource-miriam-libre/5.1.1/files/miriam-libre-latin-ext-400-normal.woff.gz
- fontsource-miriam-libre/5.1.1/files/miriam-libre-latin-ext-400-normal.woff2
- fontsource-miriam-libre/5.1.1/files/miriam-libre-latin-ext-500-normal.woff.br
- fontsource-miriam-libre/5.1.1/files/miriam-libre-latin-ext-500-normal.woff.gz
- fontsource-miriam-libre/5.1.1/files/miriam-libre-latin-ext-500-normal.woff2
- fontsource-miriam-libre/5.1.1/files/miriam-libre-latin-ext-600-normal.woff.br
- fontsource-miriam-libre/5.1.1/files/miriam-libre-latin-ext-600-normal.woff.gz
- fontsource-miriam-libre/5.1.1/files/miriam-libre-latin-ext-600-normal.woff2
- fontsource-miriam-libre/5.1.1/files/miriam-libre-latin-ext-700-normal.woff.br
- fontsource-miriam-libre/5.1.1/files/miriam-libre-latin-ext-700-normal.woff.gz
- fontsource-miriam-libre/5.1.1/files/miriam-libre-latin-ext-700-normal.woff2
- fontsource-miriam-libre/5.1.1/hebrew-400.css.br
- fontsource-miriam-libre/5.1.1/hebrew-400.css.gz
- fontsource-miriam-libre/5.1.1/hebrew-400.css.sri
- fontsource-miriam-libre/5.1.1/hebrew-400.min.css.br
- fontsource-miriam-libre/5.1.1/hebrew-400.min.css.gz
- fontsource-miriam-libre/5.1.1/hebrew-400.min.css.sri
- fontsource-miriam-libre/5.1.1/hebrew-500.css.br
- fontsource-miriam-libre/5.1.1/hebrew-500.css.gz
- fontsource-miriam-libre/5.1.1/hebrew-500.css.sri
- fontsource-miriam-libre/5.1.1/hebrew-500.min.css.br
- fontsource-miriam-libre/5.1.1/hebrew-500.min.css.gz
- fontsource-miriam-libre/5.1.1/hebrew-500.min.css.sri
- fontsource-miriam-libre/5.1.1/hebrew-600.css.br
- fontsource-miriam-libre/5.1.1/hebrew-600.css.gz
- fontsource-miriam-libre/5.1.1/hebrew-600.css.sri
- fontsource-miriam-libre/5.1.1/hebrew-600.min.css.br
- fontsource-miriam-libre/5.1.1/hebrew-600.min.css.gz
- fontsource-miriam-libre/5.1.1/hebrew-600.min.css.sri
- fontsource-miriam-libre/5.1.1/hebrew-700.css.br
- fontsource-miriam-libre/5.1.1/hebrew-700.css.gz
- fontsource-miriam-libre/5.1.1/hebrew-700.css.sri
- fontsource-miriam-libre/5.1.1/hebrew-700.min.css.br
- fontsource-miriam-libre/5.1.1/hebrew-700.min.css.gz
- fontsource-miriam-libre/5.1.1/hebrew-700.min.css.sri
- fontsource-miriam-libre/5.1.1/hebrew.css.br
- fontsource-miriam-libre/5.1.1/hebrew.css.gz
- fontsource-miriam-libre/5.1.1/hebrew.css.sri
- fontsource-miriam-libre/5.1.1/hebrew.min.css.br
- fontsource-miriam-libre/5.1.1/hebrew.min.css.gz
- fontsource-miriam-libre/5.1.1/hebrew.min.css.sri
- fontsource-miriam-libre/5.1.1/index.css.br
- fontsource-miriam-libre/5.1.1/index.css.gz
- fontsource-miriam-libre/5.1.1/index.css.sri
- fontsource-miriam-libre/5.1.1/index.min.css.br
- fontsource-miriam-libre/5.1.1/index.min.css.gz
- fontsource-miriam-libre/5.1.1/index.min.css.sri
- fontsource-miriam-libre/5.1.1/latin-400.css.br
- fontsource-miriam-libre/5.1.1/latin-400.css.gz
- fontsource-miriam-libre/5.1.1/latin-400.css.sri
- fontsource-miriam-libre/5.1.1/latin-400.min.css.br
- fontsource-miriam-libre/5.1.1/latin-400.min.css.gz
- fontsource-miriam-libre/5.1.1/latin-400.min.css.sri
- fontsource-miriam-libre/5.1.1/latin-500.css.br
- fontsource-miriam-libre/5.1.1/latin-500.css.gz
- fontsource-miriam-libre/5.1.1/latin-500.css.sri
- fontsource-miriam-libre/5.1.1/latin-500.min.css.br
- fontsource-miriam-libre/5.1.1/latin-500.min.css.gz
- fontsource-miriam-libre/5.1.1/latin-500.min.css.sri
- fontsource-miriam-libre/5.1.1/latin-600.css.br
- fontsource-miriam-libre/5.1.1/latin-600.css.gz
- fontsource-miriam-libre/5.1.1/latin-600.css.sri
- fontsource-miriam-libre/5.1.1/latin-600.min.css.br
- fontsource-miriam-libre/5.1.1/latin-600.min.css.gz
- fontsource-miriam-libre/5.1.1/latin-600.min.css.sri
- fontsource-miriam-libre/5.1.1/latin-700.css.br
- fontsource-miriam-libre/5.1.1/latin-700.css.gz
- fontsource-miriam-libre/5.1.1/latin-700.css.sri
- fontsource-miriam-libre/5.1.1/latin-700.min.css.br
- fontsource-miriam-libre/5.1.1/latin-700.min.css.gz
- fontsource-miriam-libre/5.1.1/latin-700.min.css.sri
- fontsource-miriam-libre/5.1.1/latin-ext-400.css.br
- fontsource-miriam-libre/5.1.1/latin-ext-400.css.gz
- fontsource-miriam-libre/5.1.1/latin-ext-400.css.sri
- fontsource-miriam-libre/5.1.1/latin-ext-400.min.css.br
- fontsource-miriam-libre/5.1.1/latin-ext-400.min.css.gz
- fontsource-miriam-libre/5.1.1/latin-ext-400.min.css.sri
- fontsource-miriam-libre/5.1.1/latin-ext-500.css.br
- fontsource-miriam-libre/5.1.1/latin-ext-500.css.gz
- fontsource-miriam-libre/5.1.1/latin-ext-500.css.sri
- fontsource-miriam-libre/5.1.1/latin-ext-500.min.css.br
- fontsource-miriam-libre/5.1.1/latin-ext-500.min.css.gz
- fontsource-miriam-libre/5.1.1/latin-ext-500.min.css.sri
- fontsource-miriam-libre/5.1.1/latin-ext-600.css.br
- fontsource-miriam-libre/5.1.1/latin-ext-600.css.gz
- fontsource-miriam-libre/5.1.1/latin-ext-600.css.sri
- fontsource-miriam-libre/5.1.1/latin-ext-600.min.css.br
- fontsource-miriam-libre/5.1.1/latin-ext-600.min.css.gz
- fontsource-miriam-libre/5.1.1/latin-ext-600.min.css.sri
- fontsource-miriam-libre/5.1.1/latin-ext-700.css.br
- fontsource-miriam-libre/5.1.1/latin-ext-700.css.gz
- fontsource-miriam-libre/5.1.1/latin-ext-700.css.sri
- fontsource-miriam-libre/5.1.1/latin-ext-700.min.css.br
- fontsource-miriam-libre/5.1.1/latin-ext-700.min.css.gz
- fontsource-miriam-libre/5.1.1/latin-ext-700.min.css.sri
- fontsource-miriam-libre/5.1.1/latin-ext.css.br
- fontsource-miriam-libre/5.1.1/latin-ext.css.gz
- fontsource-miriam-libre/5.1.1/latin-ext.css.sri
- fontsource-miriam-libre/5.1.1/latin-ext.min.css.br
- fontsource-miriam-libre/5.1.1/latin-ext.min.css.gz
- fontsource-miriam-libre/5.1.1/latin-ext.min.css.sri
- fontsource-miriam-libre/5.1.1/latin.css.br
- fontsource-miriam-libre/5.1.1/latin.css.gz
- fontsource-miriam-libre/5.1.1/latin.css.sri
- fontsource-miriam-libre/5.1.1/latin.min.css.br
- fontsource-miriam-libre/5.1.1/latin.min.css.gz
- fontsource-miriam-libre/5.1.1/latin.min.css.sri
