2025/06/19 22:01:59 optimizing files (Js true, Css true, Png true, Jpg true)
2025/06/19 22:01:59 algorithm: run /usr/bin/brotli --quality=11 --output=/output/c34b9486a5f2ccd76173.wasm.br /tmp/work/c34b9486a5f2ccd76173.wasm
2025/06/19 22:01:59 compress: run /node_modules/uglify-js/bin/uglifyjs (3.15.4) [--mangle --compress if_return=true -o /tmp/work/core.ruffle.7d67248ea73d4ad6f1b8.min.js /tmp/work/core.ruffle.7d67248ea73d4ad6f1b8.js]
2025/06/19 22:01:59 compress: run /node_modules/uglify-js/bin/uglifyjs (3.15.4) [--mangle --compress if_return=true -o /tmp/work/ruffle.min.js /tmp/work/ruffle.js]
2025/06/19 22:01:59 algorithm: run /usr/bin/brotli --quality=11 --output=/output/7bb395b88b5dcc924906.wasm.br /tmp/work/7bb395b88b5dcc924906.wasm
2025/06/19 22:01:59 compress: run /node_modules/uglify-js/bin/uglifyjs (3.15.4) [--mangle --compress if_return=true -o /tmp/work/core.ruffle.a5a1d8b6f354ae816ca4.min.js /tmp/work/core.ruffle.a5a1d8b6f354ae816ca4.js]
2025/06/19 22:02:08 sri /tmp/work/ruffle.min.js -> /output/ruffle.min.js.sri
2025/06/19 22:02:08 algorithm: run /usr/bin/brotli --quality=11 --output=/output/ruffle.min.js.br /tmp/work/ruffle.min.js
2025/06/19 22:02:09 sri /tmp/work/core.ruffle.7d67248ea73d4ad6f1b8.min.js -> /output/core.ruffle.7d67248ea73d4ad6f1b8.min.js.sri
2025/06/19 22:02:09 algorithm: run /usr/bin/brotli --quality=11 --output=/output/core.ruffle.7d67248ea73d4ad6f1b8.min.js.br /tmp/work/core.ruffle.7d67248ea73d4ad6f1b8.min.js
2025/06/19 22:02:09 br /tmp/work/ruffle.min.js -> /output/ruffle.min.js.br
2025/06/19 22:02:09 gz /tmp/work/ruffle.min.js -> /output/ruffle.min.js.gz
2025/06/19 22:02:10 sri /tmp/work/ruffle.js -> /output/ruffle.js.sri
2025/06/19 22:02:10 algorithm: run /usr/bin/brotli --quality=11 --output=/output/ruffle.js.br /tmp/work/ruffle.js
2025/06/19 22:02:10 br /tmp/work/core.ruffle.7d67248ea73d4ad6f1b8.min.js -> /output/core.ruffle.7d67248ea73d4ad6f1b8.min.js.br
2025/06/19 22:02:10 gz /tmp/work/core.ruffle.7d67248ea73d4ad6f1b8.min.js -> /output/core.ruffle.7d67248ea73d4ad6f1b8.min.js.gz
2025/06/19 22:02:10 sri /tmp/work/core.ruffle.7d67248ea73d4ad6f1b8.js -> /output/core.ruffle.7d67248ea73d4ad6f1b8.js.sri
2025/06/19 22:02:10 algorithm: run /usr/bin/brotli --quality=11 --output=/output/core.ruffle.7d67248ea73d4ad6f1b8.js.br /tmp/work/core.ruffle.7d67248ea73d4ad6f1b8.js
2025/06/19 22:02:10 sri /tmp/work/core.ruffle.a5a1d8b6f354ae816ca4.min.js -> /output/core.ruffle.a5a1d8b6f354ae816ca4.min.js.sri
2025/06/19 22:02:10 algorithm: run /usr/bin/brotli --quality=11 --output=/output/core.ruffle.a5a1d8b6f354ae816ca4.min.js.br /tmp/work/core.ruffle.a5a1d8b6f354ae816ca4.min.js
2025/06/19 22:02:11 br /tmp/work/core.ruffle.7d67248ea73d4ad6f1b8.js -> /output/core.ruffle.7d67248ea73d4ad6f1b8.js.br
2025/06/19 22:02:11 gz /tmp/work/core.ruffle.7d67248ea73d4ad6f1b8.js -> /output/core.ruffle.7d67248ea73d4ad6f1b8.js.gz
2025/06/19 22:02:11 br /tmp/work/core.ruffle.a5a1d8b6f354ae816ca4.min.js -> /output/core.ruffle.a5a1d8b6f354ae816ca4.min.js.br
2025/06/19 22:02:11 gz /tmp/work/core.ruffle.a5a1d8b6f354ae816ca4.min.js -> /output/core.ruffle.a5a1d8b6f354ae816ca4.min.js.gz
2025/06/19 22:02:11 sri /tmp/work/core.ruffle.a5a1d8b6f354ae816ca4.js -> /output/core.ruffle.a5a1d8b6f354ae816ca4.js.sri
2025/06/19 22:02:11 algorithm: run /usr/bin/brotli --quality=11 --output=/output/core.ruffle.a5a1d8b6f354ae816ca4.js.br /tmp/work/core.ruffle.a5a1d8b6f354ae816ca4.js
2025/06/19 22:02:11 br /tmp/work/ruffle.js -> /output/ruffle.js.br
2025/06/19 22:02:12 gz /tmp/work/ruffle.js -> /output/ruffle.js.gz
2025/06/19 22:02:12 br /tmp/work/core.ruffle.a5a1d8b6f354ae816ca4.js -> /output/core.ruffle.a5a1d8b6f354ae816ca4.js.br
2025/06/19 22:02:12 gz /tmp/work/core.ruffle.a5a1d8b6f354ae816ca4.js -> /output/core.ruffle.a5a1d8b6f354ae816ca4.js.gz
2025/06/19 22:03:26 br /tmp/work/c34b9486a5f2ccd76173.wasm -> /output/c34b9486a5f2ccd76173.wasm.br
2025/06/19 22:03:27 gz /tmp/work/c34b9486a5f2ccd76173.wasm -> /output/c34b9486a5f2ccd76173.wasm.gz
2025/06/19 22:03:27 br /tmp/work/7bb395b88b5dcc924906.wasm -> /output/7bb395b88b5dcc924906.wasm.br
2025/06/19 22:03:28 gz /tmp/work/7bb395b88b5dcc924906.wasm -> /output/7bb395b88b5dcc924906.wasm.gz
2025/06/19 22:03:28 processed ruffle-rs
