config: {"authors":[{"name":"kazuya kawaguchi","email":"kawakazu80@gmail.com"}],"autoupdate":{"source":"npm","target":"vue-i18n","fileMap":[{"basePath":"dist","files":["**/*.!(md)"]}]},"description":"Internationalization plugin for Vue.js","filename":"vue-i18n.min.js","keywords":["i18n","internationalization","plugin","vue","vue.js"],"license":"MIT","name":"vue-i18n","repository":{"type":"git","url":"git+https://github.com/kazupon/vue-i18n.git"},"author":"kazuya kawaguchi \u003ckawakazu80@gmail.com\u003e"}
KV keys:
- vue-i18n/11.0.0-beta.1/vue-i18n.cjs.br
- vue-i18n/11.0.0-beta.1/vue-i18n.cjs.gz
- vue-i18n/11.0.0-beta.1/vue-i18n.cjs.js.br
- vue-i18n/11.0.0-beta.1/vue-i18n.cjs.js.gz
- vue-i18n/11.0.0-beta.1/vue-i18n.cjs.min.js.br
- vue-i18n/11.0.0-beta.1/vue-i18n.cjs.min.js.gz
- vue-i18n/11.0.0-beta.1/vue-i18n.cjs.prod.js.br
- vue-i18n/11.0.0-beta.1/vue-i18n.cjs.prod.js.gz
- vue-i18n/11.0.0-beta.1/vue-i18n.cjs.prod.min.js.br
- vue-i18n/11.0.0-beta.1/vue-i18n.cjs.prod.min.js.gz
- vue-i18n/11.0.0-beta.1/vue-i18n.d.ts.br
- vue-i18n/11.0.0-beta.1/vue-i18n.d.ts.gz
- vue-i18n/11.0.0-beta.1/vue-i18n.esm-browser.js.br
- vue-i18n/11.0.0-beta.1/vue-i18n.esm-browser.js.gz
- vue-i18n/11.0.0-beta.1/vue-i18n.esm-browser.min.js.br
- vue-i18n/11.0.0-beta.1/vue-i18n.esm-browser.min.js.gz
- vue-i18n/11.0.0-beta.1/vue-i18n.esm-browser.prod.js.br
- vue-i18n/11.0.0-beta.1/vue-i18n.esm-browser.prod.js.gz
- vue-i18n/11.0.0-beta.1/vue-i18n.esm-browser.prod.min.js.br
- vue-i18n/11.0.0-beta.1/vue-i18n.esm-browser.prod.min.js.gz
- vue-i18n/11.0.0-beta.1/vue-i18n.esm-bundler.js.br
- vue-i18n/11.0.0-beta.1/vue-i18n.esm-bundler.js.gz
- vue-i18n/11.0.0-beta.1/vue-i18n.esm-bundler.min.js.br
- vue-i18n/11.0.0-beta.1/vue-i18n.esm-bundler.min.js.gz
- vue-i18n/11.0.0-beta.1/vue-i18n.global.js.br
- vue-i18n/11.0.0-beta.1/vue-i18n.global.js.gz
- vue-i18n/11.0.0-beta.1/vue-i18n.global.min.js.br
- vue-i18n/11.0.0-beta.1/vue-i18n.global.min.js.gz
- vue-i18n/11.0.0-beta.1/vue-i18n.global.prod.js.br
- vue-i18n/11.0.0-beta.1/vue-i18n.global.prod.js.gz
- vue-i18n/11.0.0-beta.1/vue-i18n.global.prod.min.js.br
- vue-i18n/11.0.0-beta.1/vue-i18n.global.prod.min.js.gz
- vue-i18n/11.0.0-beta.1/vue-i18n.mjs.br
- vue-i18n/11.0.0-beta.1/vue-i18n.mjs.gz
- vue-i18n/11.0.0-beta.1/vue-i18n.node.mjs.br
- vue-i18n/11.0.0-beta.1/vue-i18n.node.mjs.gz
- vue-i18n/11.0.0-beta.1/vue-i18n.prod.cjs.br
- vue-i18n/11.0.0-beta.1/vue-i18n.prod.cjs.gz
- vue-i18n/11.0.0-beta.1/vue-i18n.runtime.esm-browser.js.br
- vue-i18n/11.0.0-beta.1/vue-i18n.runtime.esm-browser.js.gz
- vue-i18n/11.0.0-beta.1/vue-i18n.runtime.esm-browser.min.js.br
- vue-i18n/11.0.0-beta.1/vue-i18n.runtime.esm-browser.min.js.gz
- vue-i18n/11.0.0-beta.1/vue-i18n.runtime.esm-browser.prod.js.br
- vue-i18n/11.0.0-beta.1/vue-i18n.runtime.esm-browser.prod.js.gz
- vue-i18n/11.0.0-beta.1/vue-i18n.runtime.esm-browser.prod.min.js.br
- vue-i18n/11.0.0-beta.1/vue-i18n.runtime.esm-browser.prod.min.js.gz
- vue-i18n/11.0.0-beta.1/vue-i18n.runtime.esm-bundler.js.br
- vue-i18n/11.0.0-beta.1/vue-i18n.runtime.esm-bundler.js.gz
- vue-i18n/11.0.0-beta.1/vue-i18n.runtime.esm-bundler.min.js.br
- vue-i18n/11.0.0-beta.1/vue-i18n.runtime.esm-bundler.min.js.gz
- vue-i18n/11.0.0-beta.1/vue-i18n.runtime.global.js.br
- vue-i18n/11.0.0-beta.1/vue-i18n.runtime.global.js.gz
- vue-i18n/11.0.0-beta.1/vue-i18n.runtime.global.min.js.br
- vue-i18n/11.0.0-beta.1/vue-i18n.runtime.global.min.js.gz
- vue-i18n/11.0.0-beta.1/vue-i18n.runtime.global.prod.js.br
- vue-i18n/11.0.0-beta.1/vue-i18n.runtime.global.prod.js.gz
- vue-i18n/11.0.0-beta.1/vue-i18n.runtime.global.prod.min.js.br
- vue-i18n/11.0.0-beta.1/vue-i18n.runtime.global.prod.min.js.gz
- vue-i18n/11.0.0-beta.1/vue-i18n.runtime.mjs.br
- vue-i18n/11.0.0-beta.1/vue-i18n.runtime.mjs.gz
- vue-i18n/11.0.0-beta.1/vue-i18n.runtime.node.mjs.br
- vue-i18n/11.0.0-beta.1/vue-i18n.runtime.node.mjs.gz
SRIs:
- vue-i18n/11.0.0-beta.1/vue-i18n.runtime.esm-browser.min.js: sha512-YOOYog5EJt8OLRwQJYTwkeCfqVQFvyMDwdmWQyE0+H9p0F2n/zhXEpfMmgTOKCUydRh0Pz6kOIm57Vu8mNSavA==
- vue-i18n/11.0.0-beta.1/vue-i18n.runtime.esm-browser.prod.js: sha512-U8fBpPo7n2upfE9qMU0cpyhopv+w7zkwA3DO6C/SsfyjLEgDLxX73GlcKgP2CHOePC8CA70T/UOROx74thiE5A==
- vue-i18n/11.0.0-beta.1/vue-i18n.runtime.esm-browser.prod.min.js: sha512-xsLTd9Qf8hAPDP5dTWBcpMSkkJJW6Bzf5qblKaK9uWHGXemBaw75Te0NywlnXcGUx8GVhUjSkYjJBBHD1Xj81Q==
- vue-i18n/11.0.0-beta.1/vue-i18n.runtime.esm-bundler.js: sha512-S1g5up1Pv6s6CnvYmlyJ2SIkEJNRC29NAeq/kzZT5lQ3qTW2YWjAIBYWZ37x2whSykCc1rlru0XXfSRtmVVJ8w==
- vue-i18n/11.0.0-beta.1/vue-i18n.esm-browser.js: sha512-+qGzIrJNP7qMtTNaz5eEaFxrjWQ1+qyvlhdY+DhomtcA5q6nPyvW5ivJTdj6nuSZuQyOIOm9hggkZhqcOu0n7g==
- vue-i18n/11.0.0-beta.1/vue-i18n.esm-browser.min.js: sha512-bTxNECvLFcr9gcGWSjVFuipMg/eJowiy0AY2i8Gp+TwBa+ORG8GN8jekEvRUtwpUwoXuJ8I49jXvEupEVAk9Dg==
- vue-i18n/11.0.0-beta.1/vue-i18n.esm-browser.prod.min.js: sha512-VpLwT4y9VKLkE/XwLYf0hfvCuJ+swONWLjG4ft4q1pFeyRBrCCluK5WyZeBNejF6vynWp4Mha+4eIRuSLeMHcA==
- vue-i18n/11.0.0-beta.1/vue-i18n.global.js: sha512-FRKjD2xkvYItRkRK0cnA6oGDubn3E24zKf1IEUqRI8ENBiFuv7r+/DD6NvwNNHoLhsPb1eu4FSdb7JsezIRqIg==
- vue-i18n/11.0.0-beta.1/vue-i18n.runtime.global.min.js: sha512-Km22XGnA9tB8Gstr6XRH64JhkaTVXq+FdFjQieRJevX5tvfocJKIXvLCD3F4Fpp1RD3/ibA/D/N/E3xl2Tu5VA==
- vue-i18n/11.0.0-beta.1/vue-i18n.runtime.global.prod.js: sha512-qI9d86RjcqEdFh96+0ufB6a2zmUdJ0bej7k2DKu+tWlgaR4N3zaPg0zipw4x9gC/cz1gDc/8kP3+hugNhGvpjQ==
- vue-i18n/11.0.0-beta.1/vue-i18n.esm-browser.prod.js: sha512-AQ5QD5txW7OwFfLFhfSgaBwXz2Hpe6pHVoxyjVo4Aj1QhEnAnTyzB9ni+bcD5/uVliTc1ZsQgBb0eVTh1T2k2w==
- vue-i18n/11.0.0-beta.1/vue-i18n.esm-bundler.js: sha512-jhGoL0iRIMvMAOwYny4znE4PoE6OvU9hZWyGB/Ceilnp0VYo8oYoCfvtbd7nFllM875Ux7tLD8K/ZcOTcF1tBQ==
- vue-i18n/11.0.0-beta.1/vue-i18n.global.min.js: sha512-K7f57/IDn+whJS976UW4McKD9NXL1WAjdOqsfmPNZVcOH4Nt1IhBY7YrjpI8jik8YRxDKAwrPQDvr5+eKZ6ceQ==
- vue-i18n/11.0.0-beta.1/vue-i18n.runtime.esm-browser.js: sha512-raKMZjMst3XKl8Oq2/zWK2UrEjoumoFT7RBmIW9xTZmCY862KovesSuc6ClV99kC26gVBdSOPlF2ZMjSmWergA==
- vue-i18n/11.0.0-beta.1/vue-i18n.runtime.esm-bundler.min.js: sha512-3R+1hKZ6rGeJDQn6mZXm9nmZKTR0jNnZ6Aom4RCkDc1qIsjSSKOaiA65x20QAQM/X/8je/fMriY+48Wu0Ixu2g==
- vue-i18n/11.0.0-beta.1/vue-i18n.runtime.global.js: sha512-8wpYNP44V5NjRL57FqZstixA/puY2JhHq+Ii5Y+jtCh5BLpPRCFSJf48Hvg1j7qlkv4Gty65j0m2S2pCmDEAnw==
- vue-i18n/11.0.0-beta.1/vue-i18n.runtime.global.prod.min.js: sha512-lrGdPBePXM+0ICmRrjxj47zpr8WSecKfKjTRF8IdotYjm4AJTr1Nlr3MOS13XsSioPZ0bk2Z3ET16ed2GTGhVg==
- vue-i18n/11.0.0-beta.1/vue-i18n.cjs.min.js: sha512-XN4DfUWf4+1WSbvuljldfC3HzwHB+I9UpbbcG56yKXo03aARwkzuMGcmg+PNGsxaN6MvjeuMVmjhL9XYLLRTEQ==
- vue-i18n/11.0.0-beta.1/vue-i18n.cjs.prod.min.js: sha512-yIv+6xkUEY9iYeODfqgbtAuX/bO0DWFRHdJWBTzeOzpinpMan2unJJpgCNYzwXmUGayVrEzxlxDnxXDRmDrKew==
- vue-i18n/11.0.0-beta.1/vue-i18n.esm-bundler.min.js: sha512-cCiIfa456iIoeTI8fxqsie81jcXgCQ09fS16vXfCPhW8WUwP1j11IsR8xxI58NS3Rl9oR1+Uz6hTWXdme3KCDg==
- vue-i18n/11.0.0-beta.1/vue-i18n.global.prod.js: sha512-j2QFn3c0zYVwzahyQ8Odu+/EOWYHKrIlSX3sPZnrEXD3Yr6dkAnqLWnEjjXYYXcqb9mwgAQMmC/0G9rCFCUSFA==
- vue-i18n/11.0.0-beta.1/vue-i18n.cjs.js: sha512-djs4S1klJEwWdeyLqcoqHjmTBgELL15Y5wIVmSzQ+7MYL9Q53KsqwQTrc9WZSrR/WaiT8wm+FidwELuSHDFbsQ==
- vue-i18n/11.0.0-beta.1/vue-i18n.cjs.prod.js: sha512-bF2a3gHZPxK2m3tI9pjDCU0uy8uJ53jIyop9dslqnCHKFe+Td+bw4ujxSGEM97o38B0eV3F8KNQXgHcWfB7NtQ==
- vue-i18n/11.0.0-beta.1/vue-i18n.global.prod.min.js: sha512-55Dg9GgFWzeYBB+t2pIDfbTj8gYIqyrI5DvmcOgBdZLyktz6MlvA3437jb40ODRiyQnmKll2qqQqZMp14VacFQ==
