Files:
- pangu/5.3.1/pangu.d.ts.br
- pangu/5.3.1/pangu.d.ts.gz
- pangu/5.3.1/pangu.js.br
- pangu/5.3.1/pangu.js.gz
- pangu/5.3.1/pangu.js.map.br
- pangu/5.3.1/pangu.js.map.gz
- pangu/5.3.1/pangu.js.sri
- pangu/5.3.1/pangu.min.js.br
- pangu/5.3.1/pangu.min.js.gz
- pangu/5.3.1/pangu.min.js.sri
- pangu/5.3.1/pangu.umd.d.ts.br
- pangu/5.3.1/pangu.umd.d.ts.gz
- pangu/5.3.1/pangu.umd.js.br
- pangu/5.3.1/pangu.umd.js.gz
- pangu/5.3.1/pangu.umd.js.map.br
- pangu/5.3.1/pangu.umd.js.map.gz
- pangu/5.3.1/pangu.umd.js.sri
- pangu/5.3.1/pangu.umd.min.js.br
- pangu/5.3.1/pangu.umd.min.js.gz
- pangu/5.3.1/pangu.umd.min.js.sri
