config: {"authors":[{"name":"Dave Gandy","email":"dave@fontawesome.io","url":"https://twitter.com/davegandy"}],"autoupdate":{"source":"npm","target":"@fortawesome/fontawesome-free","fileMap":[{"basePath":"","files":["+(css|js|webfonts|sprites|svgs)/*"]}]},"description":"The iconic SVG, font, and CSS toolkit","filename":"css/all.min.css","homepage":"https://fontawesome.com/","keywords":["css","font","icons","fontawesome","webfont","svg-icons","svg-sprites"],"license":"(OFL-1.1 OR MIT OR CC-BY-4.0)","name":"font-awesome","repository":{"type":"git","url":"git://github.com/FortAwesome/Font-Awesome.git"},"author":"Dave Gandy \u003cdave@fontawesome.io\u003e (https://twitter.com/davegandy)"}
KV keys:
- font-awesome/7.0.0/css/all.css.br
- font-awesome/7.0.0/css/all.css.gz
- font-awesome/7.0.0/css/all.min.css.br
- font-awesome/7.0.0/css/all.min.css.gz
- font-awesome/7.0.0/css/brands.css.br
- font-awesome/7.0.0/css/brands.css.gz
- font-awesome/7.0.0/css/brands.min.css.br
- font-awesome/7.0.0/css/brands.min.css.gz
- font-awesome/7.0.0/css/fontawesome.css.br
- font-awesome/7.0.0/css/fontawesome.css.gz
- font-awesome/7.0.0/css/fontawesome.min.css.br
- font-awesome/7.0.0/css/fontawesome.min.css.gz
- font-awesome/7.0.0/css/regular.css.br
- font-awesome/7.0.0/css/regular.css.gz
- font-awesome/7.0.0/css/regular.min.css.br
- font-awesome/7.0.0/css/regular.min.css.gz
- font-awesome/7.0.0/css/solid.css.br
- font-awesome/7.0.0/css/solid.css.gz
- font-awesome/7.0.0/css/solid.min.css.br
- font-awesome/7.0.0/css/solid.min.css.gz
- font-awesome/7.0.0/css/svg-with-js.css.br
- font-awesome/7.0.0/css/svg-with-js.css.gz
- font-awesome/7.0.0/css/svg-with-js.min.css.br
- font-awesome/7.0.0/css/svg-with-js.min.css.gz
- font-awesome/7.0.0/css/svg.css.br
- font-awesome/7.0.0/css/svg.css.gz
- font-awesome/7.0.0/css/svg.min.css.br
- font-awesome/7.0.0/css/svg.min.css.gz
- font-awesome/7.0.0/css/v4-font-face.css.br
- font-awesome/7.0.0/css/v4-font-face.css.gz
- font-awesome/7.0.0/css/v4-font-face.min.css.br
- font-awesome/7.0.0/css/v4-font-face.min.css.gz
- font-awesome/7.0.0/css/v4-shims.css.br
- font-awesome/7.0.0/css/v4-shims.css.gz
- font-awesome/7.0.0/css/v4-shims.min.css.br
- font-awesome/7.0.0/css/v4-shims.min.css.gz
- font-awesome/7.0.0/css/v5-font-face.css.br
- font-awesome/7.0.0/css/v5-font-face.css.gz
- font-awesome/7.0.0/css/v5-font-face.min.css.br
- font-awesome/7.0.0/css/v5-font-face.min.css.gz
- font-awesome/7.0.0/js/all.js.br
- font-awesome/7.0.0/js/all.js.gz
- font-awesome/7.0.0/js/all.min.js.br
- font-awesome/7.0.0/js/all.min.js.gz
- font-awesome/7.0.0/js/brands.js.br
- font-awesome/7.0.0/js/brands.js.gz
- font-awesome/7.0.0/js/brands.min.js.br
- font-awesome/7.0.0/js/brands.min.js.gz
- font-awesome/7.0.0/js/conflict-detection.js.br
- font-awesome/7.0.0/js/conflict-detection.js.gz
- font-awesome/7.0.0/js/conflict-detection.min.js.br
- font-awesome/7.0.0/js/conflict-detection.min.js.gz
- font-awesome/7.0.0/js/fontawesome.js.br
- font-awesome/7.0.0/js/fontawesome.js.gz
- font-awesome/7.0.0/js/fontawesome.min.js.br
- font-awesome/7.0.0/js/fontawesome.min.js.gz
- font-awesome/7.0.0/js/regular.js.br
- font-awesome/7.0.0/js/regular.js.gz
- font-awesome/7.0.0/js/regular.min.js.br
- font-awesome/7.0.0/js/regular.min.js.gz
- font-awesome/7.0.0/js/solid.js.br
- font-awesome/7.0.0/js/solid.js.gz
- font-awesome/7.0.0/js/solid.min.js.br
- font-awesome/7.0.0/js/solid.min.js.gz
- font-awesome/7.0.0/js/v4-shims.js.br
- font-awesome/7.0.0/js/v4-shims.js.gz
- font-awesome/7.0.0/js/v4-shims.min.js.br
- font-awesome/7.0.0/js/v4-shims.min.js.gz
- font-awesome/7.0.0/sprites/brands.svg.br
- font-awesome/7.0.0/sprites/brands.svg.gz
- font-awesome/7.0.0/sprites/regular.svg.br
- font-awesome/7.0.0/sprites/regular.svg.gz
- font-awesome/7.0.0/sprites/solid.svg.br
- font-awesome/7.0.0/sprites/solid.svg.gz
- font-awesome/7.0.0/webfonts/fa-brands-400.woff2
- font-awesome/7.0.0/webfonts/fa-regular-400.woff2
- font-awesome/7.0.0/webfonts/fa-solid-900.woff2
- font-awesome/7.0.0/webfonts/fa-v4compatibility.woff2
SRIs:
- font-awesome/7.0.0/css/svg.css: sha512-oJX2Z/q6UyQXwgHCJj8vFK77RQCfjuVgADpER07NBecFCJUTPNS1E4r7hYtrxMFW8rV8tJyfYwK5hLOmR4BQ0w==
- font-awesome/7.0.0/css/v4-font-face.css: sha512-il5eg7DKmVwyYqwlFChuUFtV+9YInHdNE/+Ygda5tXNx+x8E7UVbeskZJPa45DaYKTTFNdwaFGKNkbb4xez+KQ==
- font-awesome/7.0.0/js/conflict-detection.js: sha512-AKaZ/yaIZwqTD0CEH+qnu2GCq52mPLM4JlBkaYdTJ49jbaXsDIaTFGztZLOwEVbp1HA2b+ctHh9wAjD1YkdFag==
- font-awesome/7.0.0/js/fontawesome.min.js: sha512-QPVPxxncZwuT317gBTFFlXTykloTFA4jnd5j/aFco+Nd/0eqFsp/zGdhjuwkRoiPMsjvkjHkp0DGRPBxF+d3Pw==
- font-awesome/7.0.0/css/all.css: sha512-xWIcG98IArXxegzS8Vo9iYMKuPgbXOG8O1mlHrj4MmNFxsBDltGxHJGg4JK80MVEmLRpdbWtphhm+S6Wx9o73g==
- font-awesome/7.0.0/css/brands.min.css: sha512-mXqwRsOznG7CS37KA7CLR1Fc72gfOgp7r8xaVdBKoBKhitcKI/mK+IamtZUf+FAkufXOvVTESu9lPsoQc+kFxg==
- font-awesome/7.0.0/css/solid.min.css: sha512-SRwBRtvmT+LZLST1GBrRec8GROqtjKU1NK23RKSpdL6IRzn2xPeOfBYSeIlc/9iXYagKB5IX6MyKZF1nq4a1fw==
- font-awesome/7.0.0/css/svg-with-js.css: sha512-OhaOnpYewNwyhfIWBMRiJAGJvjHGi22GWwhEM2Rwu88srh9avFYcy7K3JA0z2FrspkUH7rjcHhXvC/Xf7XYm4g==
- font-awesome/7.0.0/css/svg.min.css: sha512-d1Me/pjb2NjSE7yqnHmS5XnNsxfrEUm48EEiR2qdmEDAThjnSlE5AXFQmJJjcdyV6AxnCpNyA7BqvbYyi5ikvA==
- font-awesome/7.0.0/js/brands.js: sha512-mKoBErZEXVj5fY9J7XtPVrRl74DX5sgVhxfdNZdwJxIGbEvg6uvI0UTnFPXrozYI1y5+y0e0mFhXVPTh405w6A==
- font-awesome/7.0.0/css/v4-font-face.min.css: sha512-lLg1SyqHLnpYmYNR8B6zNsPmGEzCZTmGJk578IWtXq8A3Edoo8L2DLu2oSC1zCGU673SmfXYMML4CJwrEDYvrw==
- font-awesome/7.0.0/js/all.js: sha512-txwxTmf1qsISfr3XOw6e84Mkz3UdsQDAsfY65eb6YWNj1rMqtCQsCCfCuvo6Zzp+z5l2RQDpEtEYSC3/NycAJg==
- font-awesome/7.0.0/js/fontawesome.js: sha512-0zPZNiThLehb86EDxTZllySlkbW/mVfrYns8krQMwGa4R14/vjtDXq7Lm86GQKm4YWYv1f0gONLzZAKamo1/Vg==
- font-awesome/7.0.0/js/regular.js: sha512-XS9j62ExuP2CfaKa+CJ1+1fyzm0N3jAiEuy3UaSTw4xnFud3aQ6cIzOt4jUoyKAVDjcOkUGmVEcfzVUh/d3OYQ==
- font-awesome/7.0.0/css/regular.min.css: sha512-wwQ/gaGbUFM5xDtqajxQCwISzM1GWLK1T3Ml4ZIIrQ3AciO7bDi9eRynkzdpXwiwGBmdpCgZqfVYeZu5UjVeCw==
- font-awesome/7.0.0/css/v5-font-face.css: sha512-oDuGnu/0SFAkm6RQD5X0f5lFP5Lg9qE7Tt+6/NhVPVsvFK2v0bhOznpg5lgiplAtggIgBDjIfh5x8G03w1op8A==
- font-awesome/7.0.0/js/regular.min.js: sha512-DhiuxIIXlWrTgS5NlPKf2b4hwXR4/IK+c6LRUpr07LDH93/srDz0ud+o4b1D//qvQiEelYuhBvbUJetjo9Bk1g==
- font-awesome/7.0.0/js/solid.min.js: sha512-eVwII/fGlzCQ+BoWy119dMNQSH9jXamAsELmB7aCVTjy/4v1DnxB8oV/rfmbzOlQs0B8Wr6RT//AbuFbsHmPPw==
- font-awesome/7.0.0/js/v4-shims.js: sha512-ia9TlBEpOuzTA3+aMZ6DT3TJCdJ8+KQMpTubDPUV0UFu5QsLLTjXcgiMyjuxeAmRwEqozTe0MqsihYPa8qfDhg==
- font-awesome/7.0.0/css/all.min.css: sha512-DxV+EoADOkOygM4IR9yXP8Sb2qwgidEmeqAEmDKIOfPRQZOWbXCzLC6vjbZyy0vPisbH2SyW27+ddLVCN+OMzQ==
- font-awesome/7.0.0/css/fontawesome.css: sha512-14NejsyqZr151VaVNMVXtMo8V4V1+BA1Jj37zFyL8rVPwXxKAJHxe5IVcj39VCptbhrqTkrWXxUMIEPCpSIs1g==
- font-awesome/7.0.0/css/fontawesome.min.css: sha512-J2Gce+WmOttffHOrVKLTlzxIalPXUMDbSfn5ADqp8Vj9EngnjNHr+jjiL3ZB8muEzo+K51gU10X+0eGqGNL7QA==
- font-awesome/7.0.0/css/regular.css: sha512-hs5b50JQ1ZgPQOdzrB5hxaq0UzO7woLXijaGIOy2tvjsA2vBa6qngQ0TzzVrDfhz1HWB2N/kJ3hnZxup93nR2Q==
- font-awesome/7.0.0/css/v4-shims.min.css: sha512-J7jqWoa8z5fHHOoZjsoWP60ZKv4TBMhbooeBrHI1VKpfDYbxgbLeUlpmes4JJGFaq5wdK/nJ7hhmXtxPlVAjnw==
- font-awesome/7.0.0/css/v5-font-face.min.css: sha512-/5gmm4kCDYnIapyWSVV2nGSxjNWl0P2k+GAp1aS9OImMaPIgyZFN+jUi9NL9BvuD5O8tklZFBXMKjgwaOfQM/Q==
- font-awesome/7.0.0/js/v4-shims.min.js: sha512-6xwsAQW60nHeXRpDTtP0Z0bwNufnjkG4nmAiiLvkXq56mv3L7520mT/OUID5dFru9CN0DBfFLYjIajij//rdjQ==
- font-awesome/7.0.0/css/brands.css: sha512-jG4VcHToStFVmfyfu3sYtwOhrqm7XyZ4kZkbaZjiSux0LQKxtFDR1ojOx6ImcmPEuFb889S2rt8j7koy2wQe4Q==
- font-awesome/7.0.0/css/svg-with-js.min.css: sha512-tH/tM7f0fSzizpUAOYEHEl+eRjXE0ScS/uLcLqO6VjdR/TCbiOZt+Cn6J/Ge4K4c5cTW+w3/x9igdcszKkkUNQ==
- font-awesome/7.0.0/css/v4-shims.css: sha512-BibBzTV+40KHJM8ZMPafuMTN5Wkc8mjA8jOTo8g8KEikoURxeUa1oGRQeeId+H2328EPkCwaMnPaHMmvyGhx2A==
- font-awesome/7.0.0/js/all.min.js: sha512-gBYquPLlR76UWqCwD06/xwal4so02RjIR0oyG1TIhSGwmBTRrIkQbaPehPF8iwuY9jFikDHMGEelt0DtY7jtvQ==
- font-awesome/7.0.0/js/brands.min.js: sha512-Txra3RQLSLp4KnYsaBM0dl89W9f6/lPuf0o0B/AijpohjZ9TL+Od94LKYROUzVJihtTtoUH6KMj3YrYWQuqtlg==
- font-awesome/7.0.0/js/solid.js: sha512-f4WAvYysIO88w7/6Nriu5Fe0uEK2rPamqCUUEJCmoW/fnRxNnNefxbjjLuQpehajryYzh8WGwDDXbAtG5LReOg==
- font-awesome/7.0.0/css/solid.css: sha512-NVCM3hak0BwoF0KueWcPW8daq7p7PWCq38RyLQANgXlU46b9L9oOTYZ70qt6HSeyo3xuIbM8ZS8GyCJ6mqRssg==
- font-awesome/7.0.0/js/conflict-detection.min.js: sha512-QjwaZjCbXdfPBQpvRNf1mFP5BfSkMNkycYtDYSjXBuc++kCfz6JwBcQlxpjczLu/88oN3kdDP4qXIbSVIrc/9w==
