config: {"authors":[{"name":"ruffle contributors","url":"https://github.com/ruffle-rs/ruffle/graphs/contributors"}],"autoupdate":{"source":"npm","target":"@ruffle-rs/ruffle","fileMap":[{"basePath":"","files":["*.@(js|wasm)"]}]},"description":"Putting Flash back on the web. Ruffle will polyfill all Flash content and replace it with the Ruffle flash player.","filename":"ruffle.js","homepage":"https://ruffle.rs","keywords":["flash","swf"],"license":"(MIT OR Apache-2.0)","name":"ruffle-rs","repository":{"type":"git","url":"git+https://github.com/ruffle-rs/ruffle.git"},"author":"ruffle contributors (https://github.com/ruffle-rs/ruffle/graphs/contributors)"}
KV keys:
- ruffle-rs/0.1.0-nightly.2025.2.22/4dc0204aa20bab959c60.wasm.br
- ruffle-rs/0.1.0-nightly.2025.2.22/4dc0204aa20bab959c60.wasm.gz
- ruffle-rs/0.1.0-nightly.2025.2.22/core.ruffle.148530ba2456357bfd2e.js.br
- ruffle-rs/0.1.0-nightly.2025.2.22/core.ruffle.148530ba2456357bfd2e.js.gz
- ruffle-rs/0.1.0-nightly.2025.2.22/core.ruffle.148530ba2456357bfd2e.min.js.br
- ruffle-rs/0.1.0-nightly.2025.2.22/core.ruffle.148530ba2456357bfd2e.min.js.gz
- ruffle-rs/0.1.0-nightly.2025.2.22/core.ruffle.646905226d50ac9e2142.js.br
- ruffle-rs/0.1.0-nightly.2025.2.22/core.ruffle.646905226d50ac9e2142.js.gz
- ruffle-rs/0.1.0-nightly.2025.2.22/core.ruffle.646905226d50ac9e2142.min.js.br
- ruffle-rs/0.1.0-nightly.2025.2.22/core.ruffle.646905226d50ac9e2142.min.js.gz
- ruffle-rs/0.1.0-nightly.2025.2.22/ee2fc877ded6bb351d33.wasm.br
- ruffle-rs/0.1.0-nightly.2025.2.22/ee2fc877ded6bb351d33.wasm.gz
- ruffle-rs/0.1.0-nightly.2025.2.22/ruffle.js.br
- ruffle-rs/0.1.0-nightly.2025.2.22/ruffle.js.gz
- ruffle-rs/0.1.0-nightly.2025.2.22/ruffle.min.js.br
- ruffle-rs/0.1.0-nightly.2025.2.22/ruffle.min.js.gz
SRIs:
- ruffle-rs/0.1.0-nightly.2025.2.22/core.ruffle.148530ba2456357bfd2e.js: sha512-gZV+pBM5LfJV7Lea7/4TmxF2cdSsXrNxTDLz3o1Dt3wV91IUWhhp6aqhd/FIUcwrKCsuNbopmxZccT3XWZvYZQ==
- ruffle-rs/0.1.0-nightly.2025.2.22/core.ruffle.148530ba2456357bfd2e.min.js: sha512-czDQH2YnNVRbIRFiPpvtz6EkoVV0y0nDlPUaTPqGhhRG0DRgYnOroepEqIjjKEfCdC/hGhGDxMM5rdapVAGWVg==
- ruffle-rs/0.1.0-nightly.2025.2.22/core.ruffle.646905226d50ac9e2142.js: sha512-PcNehu38KyyMEeKo7VtTVkY0OZPicQGxbOwsESMc5v0ThGqNCSbIp4iFu5j4bD9d4JlOnxwidoNo7ec3ZTw6sA==
- ruffle-rs/0.1.0-nightly.2025.2.22/core.ruffle.646905226d50ac9e2142.min.js: sha512-VQdNGamdzVkFyXzpuBzq3U32KYT/Xkb2PZSQQuVC62C/uHzjz2f29+NILgOXXJdgJvn651cGsqSDLqBA45OhvQ==
- ruffle-rs/0.1.0-nightly.2025.2.22/ruffle.js: sha512-RJWExUhED9GwrdM0VvxcyqMSQW/At4dEvtfEiMnZWT2/l+uLRRsjQZ+7cUMHnz1cIsQDC6FA98HkylFjJ1Tjkg==
- ruffle-rs/0.1.0-nightly.2025.2.22/ruffle.min.js: sha512-VuZ53kU3gXaggXTfAD8lZKR1QkQR2lUUPrzqjLQzALtjw980NJwncCOPYu3HzYdSfnkLAhfaeSwp8pJrku+oGg==
