Files:
- clerk-js/5.60.0-canary.v20250410173136/192_f6003e_5.60.0-canary.v20250410173136.js.br
- clerk-js/5.60.0-canary.v20250410173136/192_f6003e_5.60.0-canary.v20250410173136.js.gz
- clerk-js/5.60.0-canary.v20250410173136/192_f6003e_5.60.0-canary.v20250410173136.js.sri
- clerk-js/5.60.0-canary.v20250410173136/192_f6003e_5.60.0-canary.v20250410173136.min.js.br
- clerk-js/5.60.0-canary.v20250410173136/192_f6003e_5.60.0-canary.v20250410173136.min.js.gz
- clerk-js/5.60.0-canary.v20250410173136/192_f6003e_5.60.0-canary.v20250410173136.min.js.sri
- clerk-js/5.60.0-canary.v20250410173136/377_eb9d35_5.60.0-canary.v20250410173136.js.br
- clerk-js/5.60.0-canary.v20250410173136/377_eb9d35_5.60.0-canary.v20250410173136.js.gz
- clerk-js/5.60.0-canary.v20250410173136/377_eb9d35_5.60.0-canary.v20250410173136.js.sri
- clerk-js/5.60.0-canary.v20250410173136/377_eb9d35_5.60.0-canary.v20250410173136.min.js.br
- clerk-js/5.60.0-canary.v20250410173136/377_eb9d35_5.60.0-canary.v20250410173136.min.js.gz
- clerk-js/5.60.0-canary.v20250410173136/377_eb9d35_5.60.0-canary.v20250410173136.min.js.sri
- clerk-js/5.60.0-canary.v20250410173136/890_eb9d35_5.60.0-canary.v20250410173136.js.br
- clerk-js/5.60.0-canary.v20250410173136/890_eb9d35_5.60.0-canary.v20250410173136.js.gz
- clerk-js/5.60.0-canary.v20250410173136/890_eb9d35_5.60.0-canary.v20250410173136.js.sri
- clerk-js/5.60.0-canary.v20250410173136/890_eb9d35_5.60.0-canary.v20250410173136.min.js.br
- clerk-js/5.60.0-canary.v20250410173136/890_eb9d35_5.60.0-canary.v20250410173136.min.js.gz
- clerk-js/5.60.0-canary.v20250410173136/890_eb9d35_5.60.0-canary.v20250410173136.min.js.sri
- clerk-js/5.60.0-canary.v20250410173136/965_eb9d35_5.60.0-canary.v20250410173136.js.br
- clerk-js/5.60.0-canary.v20250410173136/965_eb9d35_5.60.0-canary.v20250410173136.js.gz
- clerk-js/5.60.0-canary.v20250410173136/965_eb9d35_5.60.0-canary.v20250410173136.js.sri
- clerk-js/5.60.0-canary.v20250410173136/965_eb9d35_5.60.0-canary.v20250410173136.min.js.br
- clerk-js/5.60.0-canary.v20250410173136/965_eb9d35_5.60.0-canary.v20250410173136.min.js.gz
- clerk-js/5.60.0-canary.v20250410173136/965_eb9d35_5.60.0-canary.v20250410173136.min.js.sri
- clerk-js/5.60.0-canary.v20250410173136/blankcaptcha_f6003e_5.60.0-canary.v20250410173136.js.br
- clerk-js/5.60.0-canary.v20250410173136/blankcaptcha_f6003e_5.60.0-canary.v20250410173136.js.gz
- clerk-js/5.60.0-canary.v20250410173136/blankcaptcha_f6003e_5.60.0-canary.v20250410173136.js.sri
- clerk-js/5.60.0-canary.v20250410173136/blankcaptcha_f6003e_5.60.0-canary.v20250410173136.min.js.br
- clerk-js/5.60.0-canary.v20250410173136/blankcaptcha_f6003e_5.60.0-canary.v20250410173136.min.js.gz
- clerk-js/5.60.0-canary.v20250410173136/blankcaptcha_f6003e_5.60.0-canary.v20250410173136.min.js.sri
- clerk-js/5.60.0-canary.v20250410173136/checkout_f6003e_5.60.0-canary.v20250410173136.js.br
- clerk-js/5.60.0-canary.v20250410173136/checkout_f6003e_5.60.0-canary.v20250410173136.js.gz
- clerk-js/5.60.0-canary.v20250410173136/checkout_f6003e_5.60.0-canary.v20250410173136.js.sri
- clerk-js/5.60.0-canary.v20250410173136/checkout_f6003e_5.60.0-canary.v20250410173136.min.js.br
- clerk-js/5.60.0-canary.v20250410173136/checkout_f6003e_5.60.0-canary.v20250410173136.min.js.gz
- clerk-js/5.60.0-canary.v20250410173136/checkout_f6003e_5.60.0-canary.v20250410173136.min.js.sri
- clerk-js/5.60.0-canary.v20250410173136/clerk.browser.js.br
- clerk-js/5.60.0-canary.v20250410173136/clerk.browser.js.gz
- clerk-js/5.60.0-canary.v20250410173136/clerk.browser.js.sri
- clerk-js/5.60.0-canary.v20250410173136/clerk.browser.min.js.br
- clerk-js/5.60.0-canary.v20250410173136/clerk.browser.min.js.gz
- clerk-js/5.60.0-canary.v20250410173136/clerk.browser.min.js.sri
- clerk-js/5.60.0-canary.v20250410173136/clerk.headless.browser.js.br
- clerk-js/5.60.0-canary.v20250410173136/clerk.headless.browser.js.gz
- clerk-js/5.60.0-canary.v20250410173136/clerk.headless.browser.js.sri
- clerk-js/5.60.0-canary.v20250410173136/clerk.headless.browser.min.js.br
- clerk-js/5.60.0-canary.v20250410173136/clerk.headless.browser.min.js.gz
- clerk-js/5.60.0-canary.v20250410173136/clerk.headless.browser.min.js.sri
- clerk-js/5.60.0-canary.v20250410173136/clerk.headless.js.br
- clerk-js/5.60.0-canary.v20250410173136/clerk.headless.js.gz
- clerk-js/5.60.0-canary.v20250410173136/clerk.headless.js.sri
- clerk-js/5.60.0-canary.v20250410173136/clerk.headless.min.js.br
- clerk-js/5.60.0-canary.v20250410173136/clerk.headless.min.js.gz
- clerk-js/5.60.0-canary.v20250410173136/clerk.headless.min.js.sri
- clerk-js/5.60.0-canary.v20250410173136/clerk.js.br
- clerk-js/5.60.0-canary.v20250410173136/clerk.js.gz
- clerk-js/5.60.0-canary.v20250410173136/clerk.js.sri
- clerk-js/5.60.0-canary.v20250410173136/clerk.min.js.br
- clerk-js/5.60.0-canary.v20250410173136/clerk.min.js.gz
- clerk-js/5.60.0-canary.v20250410173136/clerk.min.js.sri
- clerk-js/5.60.0-canary.v20250410173136/clerk.mjs.br
- clerk-js/5.60.0-canary.v20250410173136/clerk.mjs.gz
- clerk-js/5.60.0-canary.v20250410173136/clerk.no-rhc.js.br
- clerk-js/5.60.0-canary.v20250410173136/clerk.no-rhc.js.gz
- clerk-js/5.60.0-canary.v20250410173136/clerk.no-rhc.js.sri
- clerk-js/5.60.0-canary.v20250410173136/clerk.no-rhc.min.js.br
- clerk-js/5.60.0-canary.v20250410173136/clerk.no-rhc.min.js.gz
- clerk-js/5.60.0-canary.v20250410173136/clerk.no-rhc.min.js.sri
- clerk-js/5.60.0-canary.v20250410173136/clerk.no-rhc.mjs.br
- clerk-js/5.60.0-canary.v20250410173136/clerk.no-rhc.mjs.gz
- clerk-js/5.60.0-canary.v20250410173136/coinbase-wallet-sdk_59e959_5.60.0-canary.v20250410173136.js.br
- clerk-js/5.60.0-canary.v20250410173136/coinbase-wallet-sdk_59e959_5.60.0-canary.v20250410173136.js.gz
- clerk-js/5.60.0-canary.v20250410173136/coinbase-wallet-sdk_59e959_5.60.0-canary.v20250410173136.js.sri
- clerk-js/5.60.0-canary.v20250410173136/coinbase-wallet-sdk_59e959_5.60.0-canary.v20250410173136.min.js.br
- clerk-js/5.60.0-canary.v20250410173136/coinbase-wallet-sdk_59e959_5.60.0-canary.v20250410173136.min.js.gz
- clerk-js/5.60.0-canary.v20250410173136/coinbase-wallet-sdk_59e959_5.60.0-canary.v20250410173136.min.js.sri
- clerk-js/5.60.0-canary.v20250410173136/coinbase-wallet-sdk_f6003e_5.60.0-canary.v20250410173136.js.br
- clerk-js/5.60.0-canary.v20250410173136/coinbase-wallet-sdk_f6003e_5.60.0-canary.v20250410173136.js.gz
- clerk-js/5.60.0-canary.v20250410173136/coinbase-wallet-sdk_f6003e_5.60.0-canary.v20250410173136.js.sri
- clerk-js/5.60.0-canary.v20250410173136/coinbase-wallet-sdk_f6003e_5.60.0-canary.v20250410173136.min.js.br
- clerk-js/5.60.0-canary.v20250410173136/coinbase-wallet-sdk_f6003e_5.60.0-canary.v20250410173136.min.js.gz
- clerk-js/5.60.0-canary.v20250410173136/coinbase-wallet-sdk_f6003e_5.60.0-canary.v20250410173136.min.js.sri
- clerk-js/5.60.0-canary.v20250410173136/cookieSuffix_59e959_5.60.0-canary.v20250410173136.js.br
- clerk-js/5.60.0-canary.v20250410173136/cookieSuffix_59e959_5.60.0-canary.v20250410173136.js.gz
- clerk-js/5.60.0-canary.v20250410173136/cookieSuffix_59e959_5.60.0-canary.v20250410173136.js.sri
- clerk-js/5.60.0-canary.v20250410173136/cookieSuffix_59e959_5.60.0-canary.v20250410173136.min.js.br
- clerk-js/5.60.0-canary.v20250410173136/cookieSuffix_59e959_5.60.0-canary.v20250410173136.min.js.gz
- clerk-js/5.60.0-canary.v20250410173136/cookieSuffix_59e959_5.60.0-canary.v20250410173136.min.js.sri
- clerk-js/5.60.0-canary.v20250410173136/cookieSuffix_eb9d35_5.60.0-canary.v20250410173136.js.br
- clerk-js/5.60.0-canary.v20250410173136/cookieSuffix_eb9d35_5.60.0-canary.v20250410173136.js.gz
- clerk-js/5.60.0-canary.v20250410173136/cookieSuffix_eb9d35_5.60.0-canary.v20250410173136.js.sri
- clerk-js/5.60.0-canary.v20250410173136/cookieSuffix_eb9d35_5.60.0-canary.v20250410173136.min.js.br
- clerk-js/5.60.0-canary.v20250410173136/cookieSuffix_eb9d35_5.60.0-canary.v20250410173136.min.js.gz
- clerk-js/5.60.0-canary.v20250410173136/cookieSuffix_eb9d35_5.60.0-canary.v20250410173136.min.js.sri
- clerk-js/5.60.0-canary.v20250410173136/cookieSuffix_f6003e_5.60.0-canary.v20250410173136.js.br
- clerk-js/5.60.0-canary.v20250410173136/cookieSuffix_f6003e_5.60.0-canary.v20250410173136.js.gz
- clerk-js/5.60.0-canary.v20250410173136/cookieSuffix_f6003e_5.60.0-canary.v20250410173136.js.sri
- clerk-js/5.60.0-canary.v20250410173136/cookieSuffix_f6003e_5.60.0-canary.v20250410173136.min.js.br
- clerk-js/5.60.0-canary.v20250410173136/cookieSuffix_f6003e_5.60.0-canary.v20250410173136.min.js.gz
- clerk-js/5.60.0-canary.v20250410173136/cookieSuffix_f6003e_5.60.0-canary.v20250410173136.min.js.sri
- clerk-js/5.60.0-canary.v20250410173136/createorganization_f6003e_5.60.0-canary.v20250410173136.js.br
- clerk-js/5.60.0-canary.v20250410173136/createorganization_f6003e_5.60.0-canary.v20250410173136.js.gz
- clerk-js/5.60.0-canary.v20250410173136/createorganization_f6003e_5.60.0-canary.v20250410173136.js.sri
- clerk-js/5.60.0-canary.v20250410173136/createorganization_f6003e_5.60.0-canary.v20250410173136.min.js.br
- clerk-js/5.60.0-canary.v20250410173136/createorganization_f6003e_5.60.0-canary.v20250410173136.min.js.gz
- clerk-js/5.60.0-canary.v20250410173136/createorganization_f6003e_5.60.0-canary.v20250410173136.min.js.sri
- clerk-js/5.60.0-canary.v20250410173136/framework_f6003e_5.60.0-canary.v20250410173136.js.br
- clerk-js/5.60.0-canary.v20250410173136/framework_f6003e_5.60.0-canary.v20250410173136.js.gz
- clerk-js/5.60.0-canary.v20250410173136/framework_f6003e_5.60.0-canary.v20250410173136.js.sri
- clerk-js/5.60.0-canary.v20250410173136/framework_f6003e_5.60.0-canary.v20250410173136.min.js.br
- clerk-js/5.60.0-canary.v20250410173136/framework_f6003e_5.60.0-canary.v20250410173136.min.js.gz
- clerk-js/5.60.0-canary.v20250410173136/framework_f6003e_5.60.0-canary.v20250410173136.min.js.sri
- clerk-js/5.60.0-canary.v20250410173136/impersonationfab_f6003e_5.60.0-canary.v20250410173136.js.br
- clerk-js/5.60.0-canary.v20250410173136/impersonationfab_f6003e_5.60.0-canary.v20250410173136.js.gz
- clerk-js/5.60.0-canary.v20250410173136/impersonationfab_f6003e_5.60.0-canary.v20250410173136.js.sri
- clerk-js/5.60.0-canary.v20250410173136/impersonationfab_f6003e_5.60.0-canary.v20250410173136.min.js.br
- clerk-js/5.60.0-canary.v20250410173136/impersonationfab_f6003e_5.60.0-canary.v20250410173136.min.js.gz
- clerk-js/5.60.0-canary.v20250410173136/impersonationfab_f6003e_5.60.0-canary.v20250410173136.min.js.sri
- clerk-js/5.60.0-canary.v20250410173136/keylessPrompt_f6003e_5.60.0-canary.v20250410173136.js.br
- clerk-js/5.60.0-canary.v20250410173136/keylessPrompt_f6003e_5.60.0-canary.v20250410173136.js.gz
- clerk-js/5.60.0-canary.v20250410173136/keylessPrompt_f6003e_5.60.0-canary.v20250410173136.js.sri
- clerk-js/5.60.0-canary.v20250410173136/keylessPrompt_f6003e_5.60.0-canary.v20250410173136.min.js.br
- clerk-js/5.60.0-canary.v20250410173136/keylessPrompt_f6003e_5.60.0-canary.v20250410173136.min.js.gz
- clerk-js/5.60.0-canary.v20250410173136/keylessPrompt_f6003e_5.60.0-canary.v20250410173136.min.js.sri
- clerk-js/5.60.0-canary.v20250410173136/onetap_f6003e_5.60.0-canary.v20250410173136.js.br
- clerk-js/5.60.0-canary.v20250410173136/onetap_f6003e_5.60.0-canary.v20250410173136.js.gz
- clerk-js/5.60.0-canary.v20250410173136/onetap_f6003e_5.60.0-canary.v20250410173136.js.sri
- clerk-js/5.60.0-canary.v20250410173136/onetap_f6003e_5.60.0-canary.v20250410173136.min.js.br
- clerk-js/5.60.0-canary.v20250410173136/onetap_f6003e_5.60.0-canary.v20250410173136.min.js.gz
- clerk-js/5.60.0-canary.v20250410173136/onetap_f6003e_5.60.0-canary.v20250410173136.min.js.sri
- clerk-js/5.60.0-canary.v20250410173136/op-billing-page_f6003e_5.60.0-canary.v20250410173136.js.br
- clerk-js/5.60.0-canary.v20250410173136/op-billing-page_f6003e_5.60.0-canary.v20250410173136.js.gz
- clerk-js/5.60.0-canary.v20250410173136/op-billing-page_f6003e_5.60.0-canary.v20250410173136.js.sri
- clerk-js/5.60.0-canary.v20250410173136/op-billing-page_f6003e_5.60.0-canary.v20250410173136.min.js.br
- clerk-js/5.60.0-canary.v20250410173136/op-billing-page_f6003e_5.60.0-canary.v20250410173136.min.js.gz
- clerk-js/5.60.0-canary.v20250410173136/op-billing-page_f6003e_5.60.0-canary.v20250410173136.min.js.sri
- clerk-js/5.60.0-canary.v20250410173136/organizationlist_f6003e_5.60.0-canary.v20250410173136.js.br
- clerk-js/5.60.0-canary.v20250410173136/organizationlist_f6003e_5.60.0-canary.v20250410173136.js.gz
- clerk-js/5.60.0-canary.v20250410173136/organizationlist_f6003e_5.60.0-canary.v20250410173136.js.sri
- clerk-js/5.60.0-canary.v20250410173136/organizationlist_f6003e_5.60.0-canary.v20250410173136.min.js.br
- clerk-js/5.60.0-canary.v20250410173136/organizationlist_f6003e_5.60.0-canary.v20250410173136.min.js.gz
- clerk-js/5.60.0-canary.v20250410173136/organizationlist_f6003e_5.60.0-canary.v20250410173136.min.js.sri
- clerk-js/5.60.0-canary.v20250410173136/organizationprofile_f6003e_5.60.0-canary.v20250410173136.js.br
- clerk-js/5.60.0-canary.v20250410173136/organizationprofile_f6003e_5.60.0-canary.v20250410173136.js.gz
- clerk-js/5.60.0-canary.v20250410173136/organizationprofile_f6003e_5.60.0-canary.v20250410173136.js.sri
- clerk-js/5.60.0-canary.v20250410173136/organizationprofile_f6003e_5.60.0-canary.v20250410173136.min.js.br
- clerk-js/5.60.0-canary.v20250410173136/organizationprofile_f6003e_5.60.0-canary.v20250410173136.min.js.gz
- clerk-js/5.60.0-canary.v20250410173136/organizationprofile_f6003e_5.60.0-canary.v20250410173136.min.js.sri
- clerk-js/5.60.0-canary.v20250410173136/organizationswitcher_f6003e_5.60.0-canary.v20250410173136.js.br
- clerk-js/5.60.0-canary.v20250410173136/organizationswitcher_f6003e_5.60.0-canary.v20250410173136.js.gz
- clerk-js/5.60.0-canary.v20250410173136/organizationswitcher_f6003e_5.60.0-canary.v20250410173136.js.sri
- clerk-js/5.60.0-canary.v20250410173136/organizationswitcher_f6003e_5.60.0-canary.v20250410173136.min.js.br
- clerk-js/5.60.0-canary.v20250410173136/organizationswitcher_f6003e_5.60.0-canary.v20250410173136.min.js.gz
- clerk-js/5.60.0-canary.v20250410173136/organizationswitcher_f6003e_5.60.0-canary.v20250410173136.min.js.sri
- clerk-js/5.60.0-canary.v20250410173136/paymentSources_f6003e_5.60.0-canary.v20250410173136.js.br
- clerk-js/5.60.0-canary.v20250410173136/paymentSources_f6003e_5.60.0-canary.v20250410173136.js.gz
- clerk-js/5.60.0-canary.v20250410173136/paymentSources_f6003e_5.60.0-canary.v20250410173136.js.sri
- clerk-js/5.60.0-canary.v20250410173136/paymentSources_f6003e_5.60.0-canary.v20250410173136.min.js.br
- clerk-js/5.60.0-canary.v20250410173136/paymentSources_f6003e_5.60.0-canary.v20250410173136.min.js.gz
- clerk-js/5.60.0-canary.v20250410173136/paymentSources_f6003e_5.60.0-canary.v20250410173136.min.js.sri
- clerk-js/5.60.0-canary.v20250410173136/prefetchorganizationlist_f6003e_5.60.0-canary.v20250410173136.js.br
- clerk-js/5.60.0-canary.v20250410173136/prefetchorganizationlist_f6003e_5.60.0-canary.v20250410173136.js.gz
- clerk-js/5.60.0-canary.v20250410173136/prefetchorganizationlist_f6003e_5.60.0-canary.v20250410173136.js.sri
- clerk-js/5.60.0-canary.v20250410173136/prefetchorganizationlist_f6003e_5.60.0-canary.v20250410173136.min.js.br
- clerk-js/5.60.0-canary.v20250410173136/prefetchorganizationlist_f6003e_5.60.0-canary.v20250410173136.min.js.gz
- clerk-js/5.60.0-canary.v20250410173136/prefetchorganizationlist_f6003e_5.60.0-canary.v20250410173136.min.js.sri
- clerk-js/5.60.0-canary.v20250410173136/pricingTable_f6003e_5.60.0-canary.v20250410173136.js.br
- clerk-js/5.60.0-canary.v20250410173136/pricingTable_f6003e_5.60.0-canary.v20250410173136.js.gz
- clerk-js/5.60.0-canary.v20250410173136/pricingTable_f6003e_5.60.0-canary.v20250410173136.js.sri
- clerk-js/5.60.0-canary.v20250410173136/pricingTable_f6003e_5.60.0-canary.v20250410173136.min.js.br
- clerk-js/5.60.0-canary.v20250410173136/pricingTable_f6003e_5.60.0-canary.v20250410173136.min.js.gz
- clerk-js/5.60.0-canary.v20250410173136/pricingTable_f6003e_5.60.0-canary.v20250410173136.min.js.sri
- clerk-js/5.60.0-canary.v20250410173136/sessionTasks_f6003e_5.60.0-canary.v20250410173136.js.br
- clerk-js/5.60.0-canary.v20250410173136/sessionTasks_f6003e_5.60.0-canary.v20250410173136.js.gz
- clerk-js/5.60.0-canary.v20250410173136/sessionTasks_f6003e_5.60.0-canary.v20250410173136.js.sri
- clerk-js/5.60.0-canary.v20250410173136/sessionTasks_f6003e_5.60.0-canary.v20250410173136.min.js.br
- clerk-js/5.60.0-canary.v20250410173136/sessionTasks_f6003e_5.60.0-canary.v20250410173136.min.js.gz
- clerk-js/5.60.0-canary.v20250410173136/sessionTasks_f6003e_5.60.0-canary.v20250410173136.min.js.sri
- clerk-js/5.60.0-canary.v20250410173136/signin_f6003e_5.60.0-canary.v20250410173136.js.br
- clerk-js/5.60.0-canary.v20250410173136/signin_f6003e_5.60.0-canary.v20250410173136.js.gz
- clerk-js/5.60.0-canary.v20250410173136/signin_f6003e_5.60.0-canary.v20250410173136.js.sri
- clerk-js/5.60.0-canary.v20250410173136/signin_f6003e_5.60.0-canary.v20250410173136.min.js.br
- clerk-js/5.60.0-canary.v20250410173136/signin_f6003e_5.60.0-canary.v20250410173136.min.js.gz
- clerk-js/5.60.0-canary.v20250410173136/signin_f6003e_5.60.0-canary.v20250410173136.min.js.sri
- clerk-js/5.60.0-canary.v20250410173136/signup_f6003e_5.60.0-canary.v20250410173136.js.br
- clerk-js/5.60.0-canary.v20250410173136/signup_f6003e_5.60.0-canary.v20250410173136.js.gz
- clerk-js/5.60.0-canary.v20250410173136/signup_f6003e_5.60.0-canary.v20250410173136.js.sri
- clerk-js/5.60.0-canary.v20250410173136/signup_f6003e_5.60.0-canary.v20250410173136.min.js.br
- clerk-js/5.60.0-canary.v20250410173136/signup_f6003e_5.60.0-canary.v20250410173136.min.js.gz
- clerk-js/5.60.0-canary.v20250410173136/signup_f6003e_5.60.0-canary.v20250410173136.min.js.sri
- clerk-js/5.60.0-canary.v20250410173136/ui-common_f6003e_5.60.0-canary.v20250410173136.js.br
- clerk-js/5.60.0-canary.v20250410173136/ui-common_f6003e_5.60.0-canary.v20250410173136.js.gz
- clerk-js/5.60.0-canary.v20250410173136/ui-common_f6003e_5.60.0-canary.v20250410173136.js.sri
- clerk-js/5.60.0-canary.v20250410173136/ui-common_f6003e_5.60.0-canary.v20250410173136.min.js.br
- clerk-js/5.60.0-canary.v20250410173136/ui-common_f6003e_5.60.0-canary.v20250410173136.min.js.gz
- clerk-js/5.60.0-canary.v20250410173136/ui-common_f6003e_5.60.0-canary.v20250410173136.min.js.sri
- clerk-js/5.60.0-canary.v20250410173136/up-billing-page_f6003e_5.60.0-canary.v20250410173136.js.br
- clerk-js/5.60.0-canary.v20250410173136/up-billing-page_f6003e_5.60.0-canary.v20250410173136.js.gz
- clerk-js/5.60.0-canary.v20250410173136/up-billing-page_f6003e_5.60.0-canary.v20250410173136.js.sri
- clerk-js/5.60.0-canary.v20250410173136/up-billing-page_f6003e_5.60.0-canary.v20250410173136.min.js.br
- clerk-js/5.60.0-canary.v20250410173136/up-billing-page_f6003e_5.60.0-canary.v20250410173136.min.js.gz
- clerk-js/5.60.0-canary.v20250410173136/up-billing-page_f6003e_5.60.0-canary.v20250410173136.min.js.sri
- clerk-js/5.60.0-canary.v20250410173136/userbutton_f6003e_5.60.0-canary.v20250410173136.js.br
- clerk-js/5.60.0-canary.v20250410173136/userbutton_f6003e_5.60.0-canary.v20250410173136.js.gz
- clerk-js/5.60.0-canary.v20250410173136/userbutton_f6003e_5.60.0-canary.v20250410173136.js.sri
- clerk-js/5.60.0-canary.v20250410173136/userbutton_f6003e_5.60.0-canary.v20250410173136.min.js.br
- clerk-js/5.60.0-canary.v20250410173136/userbutton_f6003e_5.60.0-canary.v20250410173136.min.js.gz
- clerk-js/5.60.0-canary.v20250410173136/userbutton_f6003e_5.60.0-canary.v20250410173136.min.js.sri
- clerk-js/5.60.0-canary.v20250410173136/userprofile_f6003e_5.60.0-canary.v20250410173136.js.br
- clerk-js/5.60.0-canary.v20250410173136/userprofile_f6003e_5.60.0-canary.v20250410173136.js.gz
- clerk-js/5.60.0-canary.v20250410173136/userprofile_f6003e_5.60.0-canary.v20250410173136.js.sri
- clerk-js/5.60.0-canary.v20250410173136/userprofile_f6003e_5.60.0-canary.v20250410173136.min.js.br
- clerk-js/5.60.0-canary.v20250410173136/userprofile_f6003e_5.60.0-canary.v20250410173136.min.js.gz
- clerk-js/5.60.0-canary.v20250410173136/userprofile_f6003e_5.60.0-canary.v20250410173136.min.js.sri
- clerk-js/5.60.0-canary.v20250410173136/userverification_f6003e_5.60.0-canary.v20250410173136.js.br
- clerk-js/5.60.0-canary.v20250410173136/userverification_f6003e_5.60.0-canary.v20250410173136.js.gz
- clerk-js/5.60.0-canary.v20250410173136/userverification_f6003e_5.60.0-canary.v20250410173136.js.sri
- clerk-js/5.60.0-canary.v20250410173136/userverification_f6003e_5.60.0-canary.v20250410173136.min.js.br
- clerk-js/5.60.0-canary.v20250410173136/userverification_f6003e_5.60.0-canary.v20250410173136.min.js.gz
- clerk-js/5.60.0-canary.v20250410173136/userverification_f6003e_5.60.0-canary.v20250410173136.min.js.sri
- clerk-js/5.60.0-canary.v20250410173136/vendors_59e959_5.60.0-canary.v20250410173136.js.br
- clerk-js/5.60.0-canary.v20250410173136/vendors_59e959_5.60.0-canary.v20250410173136.js.gz
- clerk-js/5.60.0-canary.v20250410173136/vendors_59e959_5.60.0-canary.v20250410173136.js.sri
- clerk-js/5.60.0-canary.v20250410173136/vendors_59e959_5.60.0-canary.v20250410173136.min.js.br
- clerk-js/5.60.0-canary.v20250410173136/vendors_59e959_5.60.0-canary.v20250410173136.min.js.gz
- clerk-js/5.60.0-canary.v20250410173136/vendors_59e959_5.60.0-canary.v20250410173136.min.js.sri
- clerk-js/5.60.0-canary.v20250410173136/vendors_f6003e_5.60.0-canary.v20250410173136.js.br
- clerk-js/5.60.0-canary.v20250410173136/vendors_f6003e_5.60.0-canary.v20250410173136.js.gz
- clerk-js/5.60.0-canary.v20250410173136/vendors_f6003e_5.60.0-canary.v20250410173136.js.sri
- clerk-js/5.60.0-canary.v20250410173136/vendors_f6003e_5.60.0-canary.v20250410173136.min.js.br
- clerk-js/5.60.0-canary.v20250410173136/vendors_f6003e_5.60.0-canary.v20250410173136.min.js.gz
- clerk-js/5.60.0-canary.v20250410173136/vendors_f6003e_5.60.0-canary.v20250410173136.min.js.sri
- clerk-js/5.60.0-canary.v20250410173136/waitlist_f6003e_5.60.0-canary.v20250410173136.js.br
- clerk-js/5.60.0-canary.v20250410173136/waitlist_f6003e_5.60.0-canary.v20250410173136.js.gz
- clerk-js/5.60.0-canary.v20250410173136/waitlist_f6003e_5.60.0-canary.v20250410173136.js.sri
- clerk-js/5.60.0-canary.v20250410173136/waitlist_f6003e_5.60.0-canary.v20250410173136.min.js.br
- clerk-js/5.60.0-canary.v20250410173136/waitlist_f6003e_5.60.0-canary.v20250410173136.min.js.gz
- clerk-js/5.60.0-canary.v20250410173136/waitlist_f6003e_5.60.0-canary.v20250410173136.min.js.sri
- clerk-js/5.60.0-canary.v20250410173136/zxcvbn-common_59e959_5.60.0-canary.v20250410173136.js.br
- clerk-js/5.60.0-canary.v20250410173136/zxcvbn-common_59e959_5.60.0-canary.v20250410173136.js.gz
- clerk-js/5.60.0-canary.v20250410173136/zxcvbn-common_59e959_5.60.0-canary.v20250410173136.js.sri
- clerk-js/5.60.0-canary.v20250410173136/zxcvbn-common_59e959_5.60.0-canary.v20250410173136.min.js.br
- clerk-js/5.60.0-canary.v20250410173136/zxcvbn-common_59e959_5.60.0-canary.v20250410173136.min.js.gz
- clerk-js/5.60.0-canary.v20250410173136/zxcvbn-common_59e959_5.60.0-canary.v20250410173136.min.js.sri
- clerk-js/5.60.0-canary.v20250410173136/zxcvbn-common_f6003e_5.60.0-canary.v20250410173136.js.br
- clerk-js/5.60.0-canary.v20250410173136/zxcvbn-common_f6003e_5.60.0-canary.v20250410173136.js.gz
- clerk-js/5.60.0-canary.v20250410173136/zxcvbn-common_f6003e_5.60.0-canary.v20250410173136.js.sri
- clerk-js/5.60.0-canary.v20250410173136/zxcvbn-common_f6003e_5.60.0-canary.v20250410173136.min.js.br
- clerk-js/5.60.0-canary.v20250410173136/zxcvbn-common_f6003e_5.60.0-canary.v20250410173136.min.js.gz
- clerk-js/5.60.0-canary.v20250410173136/zxcvbn-common_f6003e_5.60.0-canary.v20250410173136.min.js.sri
- clerk-js/5.60.0-canary.v20250410173136/zxcvbn-ts-core_59e959_5.60.0-canary.v20250410173136.js.br
- clerk-js/5.60.0-canary.v20250410173136/zxcvbn-ts-core_59e959_5.60.0-canary.v20250410173136.js.gz
- clerk-js/5.60.0-canary.v20250410173136/zxcvbn-ts-core_59e959_5.60.0-canary.v20250410173136.js.sri
- clerk-js/5.60.0-canary.v20250410173136/zxcvbn-ts-core_59e959_5.60.0-canary.v20250410173136.min.js.br
- clerk-js/5.60.0-canary.v20250410173136/zxcvbn-ts-core_59e959_5.60.0-canary.v20250410173136.min.js.gz
- clerk-js/5.60.0-canary.v20250410173136/zxcvbn-ts-core_59e959_5.60.0-canary.v20250410173136.min.js.sri
- clerk-js/5.60.0-canary.v20250410173136/zxcvbn-ts-core_f6003e_5.60.0-canary.v20250410173136.js.br
- clerk-js/5.60.0-canary.v20250410173136/zxcvbn-ts-core_f6003e_5.60.0-canary.v20250410173136.js.gz
- clerk-js/5.60.0-canary.v20250410173136/zxcvbn-ts-core_f6003e_5.60.0-canary.v20250410173136.js.sri
- clerk-js/5.60.0-canary.v20250410173136/zxcvbn-ts-core_f6003e_5.60.0-canary.v20250410173136.min.js.br
- clerk-js/5.60.0-canary.v20250410173136/zxcvbn-ts-core_f6003e_5.60.0-canary.v20250410173136.min.js.gz
- clerk-js/5.60.0-canary.v20250410173136/zxcvbn-ts-core_f6003e_5.60.0-canary.v20250410173136.min.js.sri
