Files:
- fontsource-rowdies/5.2.8/300.css.br
- fontsource-rowdies/5.2.8/300.css.gz
- fontsource-rowdies/5.2.8/300.css.sri
- fontsource-rowdies/5.2.8/300.min.css.br
- fontsource-rowdies/5.2.8/300.min.css.gz
- fontsource-rowdies/5.2.8/300.min.css.sri
- fontsource-rowdies/5.2.8/400.css.br
- fontsource-rowdies/5.2.8/400.css.gz
- fontsource-rowdies/5.2.8/400.css.sri
- fontsource-rowdies/5.2.8/400.min.css.br
- fontsource-rowdies/5.2.8/400.min.css.gz
- fontsource-rowdies/5.2.8/400.min.css.sri
- fontsource-rowdies/5.2.8/700.css.br
- fontsource-rowdies/5.2.8/700.css.gz
- fontsource-rowdies/5.2.8/700.css.sri
- fontsource-rowdies/5.2.8/700.min.css.br
- fontsource-rowdies/5.2.8/700.min.css.gz
- fontsource-rowdies/5.2.8/700.min.css.sri
- fontsource-rowdies/5.2.8/files/rowdies-latin-300-normal.woff.br
- fontsource-rowdies/5.2.8/files/rowdies-latin-300-normal.woff.gz
- fontsource-rowdies/5.2.8/files/rowdies-latin-300-normal.woff2
- fontsource-rowdies/5.2.8/files/rowdies-latin-400-normal.woff.br
- fontsource-rowdies/5.2.8/files/rowdies-latin-400-normal.woff.gz
- fontsource-rowdies/5.2.8/files/rowdies-latin-400-normal.woff2
- fontsource-rowdies/5.2.8/files/rowdies-latin-700-normal.woff.br
- fontsource-rowdies/5.2.8/files/rowdies-latin-700-normal.woff.gz
- fontsource-rowdies/5.2.8/files/rowdies-latin-700-normal.woff2
- fontsource-rowdies/5.2.8/files/rowdies-latin-ext-300-normal.woff.br
- fontsource-rowdies/5.2.8/files/rowdies-latin-ext-300-normal.woff.gz
- fontsource-rowdies/5.2.8/files/rowdies-latin-ext-300-normal.woff2
- fontsource-rowdies/5.2.8/files/rowdies-latin-ext-400-normal.woff.br
- fontsource-rowdies/5.2.8/files/rowdies-latin-ext-400-normal.woff.gz
- fontsource-rowdies/5.2.8/files/rowdies-latin-ext-400-normal.woff2
- fontsource-rowdies/5.2.8/files/rowdies-latin-ext-700-normal.woff.br
- fontsource-rowdies/5.2.8/files/rowdies-latin-ext-700-normal.woff.gz
- fontsource-rowdies/5.2.8/files/rowdies-latin-ext-700-normal.woff2
- fontsource-rowdies/5.2.8/files/rowdies-vietnamese-300-normal.woff.br
- fontsource-rowdies/5.2.8/files/rowdies-vietnamese-300-normal.woff.gz
- fontsource-rowdies/5.2.8/files/rowdies-vietnamese-300-normal.woff2
- fontsource-rowdies/5.2.8/files/rowdies-vietnamese-400-normal.woff.br
- fontsource-rowdies/5.2.8/files/rowdies-vietnamese-400-normal.woff.gz
- fontsource-rowdies/5.2.8/files/rowdies-vietnamese-400-normal.woff2
- fontsource-rowdies/5.2.8/files/rowdies-vietnamese-700-normal.woff.br
- fontsource-rowdies/5.2.8/files/rowdies-vietnamese-700-normal.woff.gz
- fontsource-rowdies/5.2.8/files/rowdies-vietnamese-700-normal.woff2
- fontsource-rowdies/5.2.8/index.css.br
- fontsource-rowdies/5.2.8/index.css.gz
- fontsource-rowdies/5.2.8/index.css.sri
- fontsource-rowdies/5.2.8/index.min.css.br
- fontsource-rowdies/5.2.8/index.min.css.gz
- fontsource-rowdies/5.2.8/index.min.css.sri
- fontsource-rowdies/5.2.8/latin-300.css.br
- fontsource-rowdies/5.2.8/latin-300.css.gz
- fontsource-rowdies/5.2.8/latin-300.css.sri
- fontsource-rowdies/5.2.8/latin-300.min.css.br
- fontsource-rowdies/5.2.8/latin-300.min.css.gz
- fontsource-rowdies/5.2.8/latin-300.min.css.sri
- fontsource-rowdies/5.2.8/latin-400.css.br
- fontsource-rowdies/5.2.8/latin-400.css.gz
- fontsource-rowdies/5.2.8/latin-400.css.sri
- fontsource-rowdies/5.2.8/latin-400.min.css.br
- fontsource-rowdies/5.2.8/latin-400.min.css.gz
- fontsource-rowdies/5.2.8/latin-400.min.css.sri
- fontsource-rowdies/5.2.8/latin-700.css.br
- fontsource-rowdies/5.2.8/latin-700.css.gz
- fontsource-rowdies/5.2.8/latin-700.css.sri
- fontsource-rowdies/5.2.8/latin-700.min.css.br
- fontsource-rowdies/5.2.8/latin-700.min.css.gz
- fontsource-rowdies/5.2.8/latin-700.min.css.sri
- fontsource-rowdies/5.2.8/latin-ext-300.css.br
- fontsource-rowdies/5.2.8/latin-ext-300.css.gz
- fontsource-rowdies/5.2.8/latin-ext-300.css.sri
- fontsource-rowdies/5.2.8/latin-ext-300.min.css.br
- fontsource-rowdies/5.2.8/latin-ext-300.min.css.gz
- fontsource-rowdies/5.2.8/latin-ext-300.min.css.sri
- fontsource-rowdies/5.2.8/latin-ext-400.css.br
- fontsource-rowdies/5.2.8/latin-ext-400.css.gz
- fontsource-rowdies/5.2.8/latin-ext-400.css.sri
- fontsource-rowdies/5.2.8/latin-ext-400.min.css.br
- fontsource-rowdies/5.2.8/latin-ext-400.min.css.gz
- fontsource-rowdies/5.2.8/latin-ext-400.min.css.sri
- fontsource-rowdies/5.2.8/latin-ext-700.css.br
- fontsource-rowdies/5.2.8/latin-ext-700.css.gz
- fontsource-rowdies/5.2.8/latin-ext-700.css.sri
- fontsource-rowdies/5.2.8/latin-ext-700.min.css.br
- fontsource-rowdies/5.2.8/latin-ext-700.min.css.gz
- fontsource-rowdies/5.2.8/latin-ext-700.min.css.sri
- fontsource-rowdies/5.2.8/latin-ext.css.br
- fontsource-rowdies/5.2.8/latin-ext.css.gz
- fontsource-rowdies/5.2.8/latin-ext.css.sri
- fontsource-rowdies/5.2.8/latin-ext.min.css.br
- fontsource-rowdies/5.2.8/latin-ext.min.css.gz
- fontsource-rowdies/5.2.8/latin-ext.min.css.sri
- fontsource-rowdies/5.2.8/latin.css.br
- fontsource-rowdies/5.2.8/latin.css.gz
- fontsource-rowdies/5.2.8/latin.css.sri
- fontsource-rowdies/5.2.8/latin.min.css.br
- fontsource-rowdies/5.2.8/latin.min.css.gz
- fontsource-rowdies/5.2.8/latin.min.css.sri
- fontsource-rowdies/5.2.8/vietnamese-300.css.br
- fontsource-rowdies/5.2.8/vietnamese-300.css.gz
- fontsource-rowdies/5.2.8/vietnamese-300.css.sri
- fontsource-rowdies/5.2.8/vietnamese-300.min.css.br
- fontsource-rowdies/5.2.8/vietnamese-300.min.css.gz
- fontsource-rowdies/5.2.8/vietnamese-300.min.css.sri
- fontsource-rowdies/5.2.8/vietnamese-400.css.br
- fontsource-rowdies/5.2.8/vietnamese-400.css.gz
- fontsource-rowdies/5.2.8/vietnamese-400.css.sri
- fontsource-rowdies/5.2.8/vietnamese-400.min.css.br
- fontsource-rowdies/5.2.8/vietnamese-400.min.css.gz
- fontsource-rowdies/5.2.8/vietnamese-400.min.css.sri
- fontsource-rowdies/5.2.8/vietnamese-700.css.br
- fontsource-rowdies/5.2.8/vietnamese-700.css.gz
- fontsource-rowdies/5.2.8/vietnamese-700.css.sri
- fontsource-rowdies/5.2.8/vietnamese-700.min.css.br
- fontsource-rowdies/5.2.8/vietnamese-700.min.css.gz
- fontsource-rowdies/5.2.8/vietnamese-700.min.css.sri
- fontsource-rowdies/5.2.8/vietnamese.css.br
- fontsource-rowdies/5.2.8/vietnamese.css.gz
- fontsource-rowdies/5.2.8/vietnamese.css.sri
- fontsource-rowdies/5.2.8/vietnamese.min.css.br
- fontsource-rowdies/5.2.8/vietnamese.min.css.gz
- fontsource-rowdies/5.2.8/vietnamese.min.css.sri
