config: {"authors":[{"name":"Guillaume du Pontavice","email":"g.du.pontavice@gmail.com"}],"autoupdate":{"source":"npm","target":"hls.js","fileMap":[{"basePath":"dist","files":["**/!(*-demo.*)"]}],"ignoreVersions":["*-canary.*"]},"description":"JavaScript HLS client using MediaSourceExtension","filename":"hls.min.js","homepage":"https://hls-js.netlify.com/demo/","keywords":["hls.js","video","streaming","mediasource","player"],"license":"Apache-2.0","name":"hls.js","repository":{"type":"git","url":"git://github.com/video-dev/hls.js"},"author":"Guillaume du Pontavice \u003cg.du.pontavice@gmail.com\u003e"}
KV keys:
- hls.js/1.6.8/hls.d.mts.br
- hls.js/1.6.8/hls.d.mts.gz
- hls.js/1.6.8/hls.d.ts.br
- hls.js/1.6.8/hls.d.ts.gz
- hls.js/1.6.8/hls.js.br
- hls.js/1.6.8/hls.js.d.ts.br
- hls.js/1.6.8/hls.js.d.ts.gz
- hls.js/1.6.8/hls.js.gz
- hls.js/1.6.8/hls.js.map.br
- hls.js/1.6.8/hls.js.map.gz
- hls.js/1.6.8/hls.light.js.br
- hls.js/1.6.8/hls.light.js.gz
- hls.js/1.6.8/hls.light.js.map.br
- hls.js/1.6.8/hls.light.js.map.gz
- hls.js/1.6.8/hls.light.min.js.br
- hls.js/1.6.8/hls.light.min.js.gz
- hls.js/1.6.8/hls.light.min.js.map.br
- hls.js/1.6.8/hls.light.min.js.map.gz
- hls.js/1.6.8/hls.light.mjs.br
- hls.js/1.6.8/hls.light.mjs.gz
- hls.js/1.6.8/hls.light.mjs.map.br
- hls.js/1.6.8/hls.light.mjs.map.gz
- hls.js/1.6.8/hls.min.js.br
- hls.js/1.6.8/hls.min.js.gz
- hls.js/1.6.8/hls.min.js.map.br
- hls.js/1.6.8/hls.min.js.map.gz
- hls.js/1.6.8/hls.mjs.br
- hls.js/1.6.8/hls.mjs.gz
- hls.js/1.6.8/hls.mjs.map.br
- hls.js/1.6.8/hls.mjs.map.gz
- hls.js/1.6.8/hls.worker.js.br
- hls.js/1.6.8/hls.worker.js.gz
- hls.js/1.6.8/hls.worker.js.map.br
- hls.js/1.6.8/hls.worker.js.map.gz
- hls.js/1.6.8/hls.worker.min.js.br
- hls.js/1.6.8/hls.worker.min.js.gz
SRIs:
- hls.js/1.6.8/hls.light.min.js: sha512-8Ko5V7XgzSk4kCllyyAXHlVGOpNw/HWiIX/7AdY0qbRh2+wM3EtWs09Yrrd+mWrVr7zqWgqVjFHe6uN43bmfqQ==
- hls.js/1.6.8/hls.min.js: sha512-wOBCMtuePJYLkFL/R0wLWAbFY1ub/r/7GlDRdH5o7OPnzNEictPICxh0ao2SaN9mI8BpnBa5arRExc/Z5K0daQ==
- hls.js/1.6.8/hls.worker.js: sha512-TqrD8Uo/85pywwOFVkIRdkbh2YZ1pgpSEiceivQuzCYNGTP7oQwVKC05eWuxbS/a3uwtl3G0XduSW6mFDSpb+w==
- hls.js/1.6.8/hls.worker.min.js: sha512-SAozv/uh0amwZkpfK+ge2bGM4A0GyKZjTleF4BhdF8v7AW9J0K39rgQHp0xKd1MI84CshEPB0sLiNI3HuYLhlw==
- hls.js/1.6.8/hls.js: sha512-roKCyaXOo8NSBWTx4AcmrS9qv8Bck9MkQF97dhtzAk4vm9fHtgiGuRy4YLgK2Ks/EdbGFv/OxiqqNh0htoQfpQ==
- hls.js/1.6.8/hls.light.js: sha512-kpu54gmLZroo3UNnh61lznTAYTmkXOMmaNaDgi5Oj/0mXWxRcWbPHjJxDb3xDRosIJ+Cega/LaTXsT3p/Tz9+A==
