config: {"authors":[{"name":"ruffle contributors","url":"https://github.com/ruffle-rs/ruffle/graphs/contributors"}],"autoupdate":{"source":"npm","target":"@ruffle-rs/ruffle","fileMap":[{"basePath":"","files":["*.@(js|wasm)"]}]},"description":"Putting Flash back on the web. Ruffle will polyfill all Flash content and replace it with the Ruffle flash player.","filename":"ruffle.js","homepage":"https://ruffle.rs","keywords":["flash","swf"],"license":"(MIT OR Apache-2.0)","name":"ruffle-rs","repository":{"type":"git","url":"git+https://github.com/ruffle-rs/ruffle.git"},"author":"ruffle contributors (https://github.com/ruffle-rs/ruffle/graphs/contributors)"}
KV keys:
- ruffle-rs/0.2.0-nightly.2025.6.30/37a5e1eb24840de05af3.wasm.br
- ruffle-rs/0.2.0-nightly.2025.6.30/37a5e1eb24840de05af3.wasm.gz
- ruffle-rs/0.2.0-nightly.2025.6.30/60d12a537edce0974298.wasm.br
- ruffle-rs/0.2.0-nightly.2025.6.30/60d12a537edce0974298.wasm.gz
- ruffle-rs/0.2.0-nightly.2025.6.30/core.ruffle.107e3154e774323e0b1f.js.br
- ruffle-rs/0.2.0-nightly.2025.6.30/core.ruffle.107e3154e774323e0b1f.js.gz
- ruffle-rs/0.2.0-nightly.2025.6.30/core.ruffle.107e3154e774323e0b1f.min.js.br
- ruffle-rs/0.2.0-nightly.2025.6.30/core.ruffle.107e3154e774323e0b1f.min.js.gz
- ruffle-rs/0.2.0-nightly.2025.6.30/core.ruffle.e3141da25d3b8edcc827.js.br
- ruffle-rs/0.2.0-nightly.2025.6.30/core.ruffle.e3141da25d3b8edcc827.js.gz
- ruffle-rs/0.2.0-nightly.2025.6.30/core.ruffle.e3141da25d3b8edcc827.min.js.br
- ruffle-rs/0.2.0-nightly.2025.6.30/core.ruffle.e3141da25d3b8edcc827.min.js.gz
- ruffle-rs/0.2.0-nightly.2025.6.30/ruffle.js.br
- ruffle-rs/0.2.0-nightly.2025.6.30/ruffle.js.gz
- ruffle-rs/0.2.0-nightly.2025.6.30/ruffle.min.js.br
- ruffle-rs/0.2.0-nightly.2025.6.30/ruffle.min.js.gz
SRIs:
- ruffle-rs/0.2.0-nightly.2025.6.30/core.ruffle.107e3154e774323e0b1f.js: sha512-0A4gNQPjZ0tX01ZuXxxgI+oaDb58OvN5AYp533cmz4IncttcGmjj5pg+v52jNYfobbIYJxk5XFtCl0LW2qasfQ==
- ruffle-rs/0.2.0-nightly.2025.6.30/core.ruffle.107e3154e774323e0b1f.min.js: sha512-Rj9PLdjjB0pnMjgVNoMkpYefMkEII9w2+vwUhXPH9PK/3sXlKYfBpOW/QTsXMtZ9baxgD2JN1wieaj80VZDQuQ==
- ruffle-rs/0.2.0-nightly.2025.6.30/core.ruffle.e3141da25d3b8edcc827.js: sha512-GGDWvsOPNWZTG8GwV2O7BosiPDtgFDzO8GTjRJKixHIPdJSgrjSlTjlWi8yGLEEMYF4DOwAF4NjeVXH59l0vcA==
- ruffle-rs/0.2.0-nightly.2025.6.30/core.ruffle.e3141da25d3b8edcc827.min.js: sha512-dDpiFLMDPoeZ8bit5vGtaP53JwtYHApeMh437NjJmxb7jA/d39G59bu5avir0mO2VDFwS/7bzTnOlGandQqw1A==
- ruffle-rs/0.2.0-nightly.2025.6.30/ruffle.js: sha512-qtEbgOZfLX7itzWnrNQqBM4CllmtV9+jmkilpf4QeqSo9qj3xnhWfgm0l4nX5Idzhf5SbX1+5SMoSq9dFZXXPQ==
- ruffle-rs/0.2.0-nightly.2025.6.30/ruffle.min.js: sha512-EFUwMqa/V83yZwBdV5tseW4YF52DhRxlrHebC9M3CjvWF5e8bXkedmu5IuqB02K495klxk3uDT3d7/LxSbRRrg==
