config: {"autoupdate":{"source":"npm","target":"ember-source","fileMap":[{"basePath":"dist","files":["ember*.@(js|map)"]}]},"description":"Ember is a JavaScript framework for creating ambitious web applications that eliminates boilerplate and provides a standard application architecture.","filename":"ember.debug.js","homepage":"http://emberjs.com/","keywords":["ember","ember.js"],"license":"MIT","name":"ember.js","repository":{"type":"git","url":"https://github.com/emberjs/ember.js"}}
KV keys:
- ember.js/6.4.0-alpha.4/ember-template-compiler.js.br
- ember.js/6.4.0-alpha.4/ember-template-compiler.js.gz
- ember.js/6.4.0-alpha.4/ember-template-compiler.js.map.br
- ember.js/6.4.0-alpha.4/ember-template-compiler.js.map.gz
- ember.js/6.4.0-alpha.4/ember-template-compiler.min.js.br
- ember.js/6.4.0-alpha.4/ember-template-compiler.min.js.gz
- ember.js/6.4.0-alpha.4/ember-testing.js.br
- ember.js/6.4.0-alpha.4/ember-testing.js.gz
- ember.js/6.4.0-alpha.4/ember-testing.js.map.br
- ember.js/6.4.0-alpha.4/ember-testing.js.map.gz
- ember.js/6.4.0-alpha.4/ember-testing.min.js.br
- ember.js/6.4.0-alpha.4/ember-testing.min.js.gz
- ember.js/6.4.0-alpha.4/ember.debug.js.br
- ember.js/6.4.0-alpha.4/ember.debug.js.gz
- ember.js/6.4.0-alpha.4/ember.debug.js.map.br
- ember.js/6.4.0-alpha.4/ember.debug.js.map.gz
- ember.js/6.4.0-alpha.4/ember.prod.js.br
- ember.js/6.4.0-alpha.4/ember.prod.js.gz
- ember.js/6.4.0-alpha.4/ember.prod.js.map.br
- ember.js/6.4.0-alpha.4/ember.prod.js.map.gz
SRIs:
- ember.js/6.4.0-alpha.4/ember-testing.min.js: sha512-h8mICz9o6wZZoSS52T8gShHUnMdkqE4KBR6InG6UUUjSLdQpEJkKZZi03zMTHcgfQiS9DpCz5P/CuNw2nJGjyg==
- ember.js/6.4.0-alpha.4/ember.debug.js: sha512-Z1cvjuX7xza06zsrg+bLObMmQJq0E5TnpymP99vY0VSV21JYVUxskr891k1ZMYgcsXbJ1uRCggm2oKNcAI4Rbw==
- ember.js/6.4.0-alpha.4/ember.prod.js: sha512-93fHfzog9BQc2jHp23RcgN4KfrgFIfugYJSNZ9zYO1tZuyy7rRMoItTRZCzXQu+n3HHsj2rwyBRy4qkyvlkXqw==
- ember.js/6.4.0-alpha.4/ember-template-compiler.js: sha512-LqX3hHItL/G0g9EIuDPd1lRqDnxbuvuvP+HkfVqvUYLuKWl/RVGeg+HRiow8xEXEOs33UBB7F0ChSDIGwsgxfg==
- ember.js/6.4.0-alpha.4/ember-template-compiler.min.js: sha512-IWivNMkSEoJvAeZqfMGH7U5vA9o8VD+oD6MfJ/ZDTPo2UBLlhklHXw+4BOuqZZ61FXTgQx0UG90Cgnhm5adQMQ==
- ember.js/6.4.0-alpha.4/ember-testing.js: sha512-Oq3JocI3VtCh6aOrvHPuajin3i3yCG9KxNV4OmufJfTtLpa2kpreY4ZpuGQj0DAhVp9R5+240d/kI672jerCaQ==
