config: {"authors":[{"name":"Google Inc."}],"autoupdate":{"source":"npm","target":"@fontsource/ma-shan-zheng","fileMap":[{"basePath":"","files":["*.css","files/*.@(woff|woff2)"]}],"excludeFromSearch":true},"description":"Self-host the Ma Shan Zheng font in a neatly bundled NPM package.","filename":"index.css","homepage":"https://fontsource.org/fonts/ma-shan-zheng","keywords":["fontsource","font","font family","google fonts","ma-shan-zheng","Ma Shan Zheng","css","sass","front-end","web","typeface","variable"],"license":"OFL-1.1","name":"fontsource-ma-shan-zheng","repository":{"type":"git","url":"git+https://github.com/fontsource/font-files.git"},"author":"Google Inc."}
KV keys:
- fontsource-ma-shan-zheng/5.2.7/400.css.br
- fontsource-ma-shan-zheng/5.2.7/400.css.gz
- fontsource-ma-shan-zheng/5.2.7/400.min.css.br
- fontsource-ma-shan-zheng/5.2.7/400.min.css.gz
- fontsource-ma-shan-zheng/5.2.7/chinese-simplified-400.css.br
- fontsource-ma-shan-zheng/5.2.7/chinese-simplified-400.css.gz
- fontsource-ma-shan-zheng/5.2.7/chinese-simplified-400.min.css.br
- fontsource-ma-shan-zheng/5.2.7/chinese-simplified-400.min.css.gz
- fontsource-ma-shan-zheng/5.2.7/chinese-simplified.css.br
- fontsource-ma-shan-zheng/5.2.7/chinese-simplified.css.gz
- fontsource-ma-shan-zheng/5.2.7/chinese-simplified.min.css.br
- fontsource-ma-shan-zheng/5.2.7/chinese-simplified.min.css.gz
- fontsource-ma-shan-zheng/5.2.7/files/ma-shan-zheng-chinese-simplified-400-normal.woff.br
- fontsource-ma-shan-zheng/5.2.7/files/ma-shan-zheng-chinese-simplified-400-normal.woff.gz
- fontsource-ma-shan-zheng/5.2.7/files/ma-shan-zheng-chinese-simplified-400-normal.woff2
- fontsource-ma-shan-zheng/5.2.7/files/ma-shan-zheng-latin-400-normal.woff.br
- fontsource-ma-shan-zheng/5.2.7/files/ma-shan-zheng-latin-400-normal.woff.gz
- fontsource-ma-shan-zheng/5.2.7/files/ma-shan-zheng-latin-400-normal.woff2
- fontsource-ma-shan-zheng/5.2.7/index.css.br
- fontsource-ma-shan-zheng/5.2.7/index.css.gz
- fontsource-ma-shan-zheng/5.2.7/index.min.css.br
- fontsource-ma-shan-zheng/5.2.7/index.min.css.gz
- fontsource-ma-shan-zheng/5.2.7/latin-400.css.br
- fontsource-ma-shan-zheng/5.2.7/latin-400.css.gz
- fontsource-ma-shan-zheng/5.2.7/latin-400.min.css.br
- fontsource-ma-shan-zheng/5.2.7/latin-400.min.css.gz
- fontsource-ma-shan-zheng/5.2.7/latin.css.br
- fontsource-ma-shan-zheng/5.2.7/latin.css.gz
- fontsource-ma-shan-zheng/5.2.7/latin.min.css.br
- fontsource-ma-shan-zheng/5.2.7/latin.min.css.gz
SRIs:
- fontsource-ma-shan-zheng/5.2.7/latin.min.css: sha512-X+wl9gTp+ooZJ35JCP8YGFYMAG33p/PLrgkmHuYHKSuqOQQxOIMmNgu5ka9YInpGLzm72R+VHkBlMSxToDyulQ==
- fontsource-ma-shan-zheng/5.2.7/400.css: sha512-4Wb3Q1o4XgJrPIAyD/Uh+KailzYlS+E8Kpw505KrQrUyNjW4iXmbWJI/JUO5TQuyCDm+EDXYAgYFehGxDYeL+Q==
- fontsource-ma-shan-zheng/5.2.7/400.min.css: sha512-OePpWBmsmDC4tUHvzn6BK1OA4Y/ehzvC7Lwxx36qPrif9ExsF9tsrMeU00NpAu54w/aLnYeWxqEDk3NFC0Yc+g==
- fontsource-ma-shan-zheng/5.2.7/chinese-simplified-400.min.css: sha512-l/uKxAxQLQb7ZMb3oGRChARLKQ/32ZIw64a2WhaI4LB2UNVlZsuHhfJUvEY23WRmWWRtUXkDzPrsp1yLIr+aMw==
- fontsource-ma-shan-zheng/5.2.7/index.min.css: sha512-OePpWBmsmDC4tUHvzn6BK1OA4Y/ehzvC7Lwxx36qPrif9ExsF9tsrMeU00NpAu54w/aLnYeWxqEDk3NFC0Yc+g==
- fontsource-ma-shan-zheng/5.2.7/latin-400.css: sha512-NHc+/Pj95QYo0ADeEzVaNluFSOWfjEmjsug2TcWIqsZWVDc2SXwUzPh++/B3G4DCoW03PEVhNtR0YTjyButwEw==
- fontsource-ma-shan-zheng/5.2.7/latin-400.min.css: sha512-X+wl9gTp+ooZJ35JCP8YGFYMAG33p/PLrgkmHuYHKSuqOQQxOIMmNgu5ka9YInpGLzm72R+VHkBlMSxToDyulQ==
- fontsource-ma-shan-zheng/5.2.7/latin.css: sha512-NHc+/Pj95QYo0ADeEzVaNluFSOWfjEmjsug2TcWIqsZWVDc2SXwUzPh++/B3G4DCoW03PEVhNtR0YTjyButwEw==
- fontsource-ma-shan-zheng/5.2.7/chinese-simplified-400.css: sha512-9jJYlxO1+4AGMQdp+dhFs7Vruhc+wiPIFwl4PiSqnkxQ2uA5H5XPssbQ/g5j1nDTz4eaRt9Fr3tXfPcbCmI2zA==
- fontsource-ma-shan-zheng/5.2.7/chinese-simplified.css: sha512-9jJYlxO1+4AGMQdp+dhFs7Vruhc+wiPIFwl4PiSqnkxQ2uA5H5XPssbQ/g5j1nDTz4eaRt9Fr3tXfPcbCmI2zA==
- fontsource-ma-shan-zheng/5.2.7/chinese-simplified.min.css: sha512-l/uKxAxQLQb7ZMb3oGRChARLKQ/32ZIw64a2WhaI4LB2UNVlZsuHhfJUvEY23WRmWWRtUXkDzPrsp1yLIr+aMw==
- fontsource-ma-shan-zheng/5.2.7/index.css: sha512-4Wb3Q1o4XgJrPIAyD/Uh+KailzYlS+E8Kpw505KrQrUyNjW4iXmbWJI/JUO5TQuyCDm+EDXYAgYFehGxDYeL+Q==
