config: {"authors":[{"name":"Handsoncode","email":"hello@handsontable.com"}],"autoupdate":{"source":"npm","target":"handsontable","fileMap":[{"basePath":"dist","files":["*.js","*.css"]}]},"description":"Spreadsheet-like data grid editor that provides copy/paste functionality compatible with Excel/Google Docs","filename":"handsontable.min.js","homepage":"http://handsontable.com/","keywords":["grid","datagrid","table","ui","input","ajax","handsontable","spreadsheet"],"license":"SEE LICENSE IN https://github.com/handsontable/handsontable/blob/7.0.0/LICENSE.txt","name":"handsontable","repository":{"type":"git","url":"https://github.com/handsontable/handsontable"},"author":"Handsoncode \u003chello@handsontable.com\u003e"}
KV keys:
- handsontable/0.0.0-next-6129043-20241108/handsontable.css.br
- handsontable/0.0.0-next-6129043-20241108/handsontable.css.gz
- handsontable/0.0.0-next-6129043-20241108/handsontable.full.css.br
- handsontable/0.0.0-next-6129043-20241108/handsontable.full.css.gz
- handsontable/0.0.0-next-6129043-20241108/handsontable.full.js.br
- handsontable/0.0.0-next-6129043-20241108/handsontable.full.js.gz
- handsontable/0.0.0-next-6129043-20241108/handsontable.full.min.css.br
- handsontable/0.0.0-next-6129043-20241108/handsontable.full.min.css.gz
- handsontable/0.0.0-next-6129043-20241108/handsontable.full.min.js.br
- handsontable/0.0.0-next-6129043-20241108/handsontable.full.min.js.gz
- handsontable/0.0.0-next-6129043-20241108/handsontable.js.br
- handsontable/0.0.0-next-6129043-20241108/handsontable.js.gz
- handsontable/0.0.0-next-6129043-20241108/handsontable.min.css.br
- handsontable/0.0.0-next-6129043-20241108/handsontable.min.css.gz
- handsontable/0.0.0-next-6129043-20241108/handsontable.min.js.br
- handsontable/0.0.0-next-6129043-20241108/handsontable.min.js.gz
SRIs:
- handsontable/0.0.0-next-6129043-20241108/handsontable.full.js: sha512-JrjMEqRv7m+IqaV7Lry22OK84KX0Fg2vbGvz7sAmykpCfASy8HMURCsYdjK5os+Ku4GT2v5SBP+U6NpBNtnjWw==
- handsontable/0.0.0-next-6129043-20241108/handsontable.full.min.css: sha512-NlpDwVWpXC1Ifvf2QDm2ckRYobF9sCWoKG0fLbmlDO5Oaw5G7Cx+gD8nuyXVCi82318y/7XjN0mrIxTMrMb+4g==
- handsontable/0.0.0-next-6129043-20241108/handsontable.full.min.js: sha512-c9iSRTn0w3SxSWsF/GqYJXvbHzxY6NKrsdTLD2/rHcQaVr4r1hTy1IHp2UWreh/gv41fQo2DJBtUM5VhRC2UUg==
- handsontable/0.0.0-next-6129043-20241108/handsontable.js: sha512-WvAf5KT3ys197Qw7OmyHEMk110vYtiQxScDZs6mF6Cm/BRFWPCQhUi0Ecevyck/oYMYN0NCATZ+A4TPfTyIGJw==
- handsontable/0.0.0-next-6129043-20241108/handsontable.min.css: sha512-HjT6CjPJXzlULr8RaY5zXTrCFLepKN2z2uxUqS9nOuCq4zlzspT8JPqd9S+edFvleNNN50RwDDJaE+E5p5VwJw==
- handsontable/0.0.0-next-6129043-20241108/handsontable.min.js: sha512-1cFq8F2yLytGnJnLBiQoYhJFAB/SLLWA72T9hmD/Cv2QKSImBZM+bQKJ1uCuAEpJeF71XSpPKXMYrBHFmijQWQ==
- handsontable/0.0.0-next-6129043-20241108/handsontable.css: sha512-r//Yqs4AUvbWAflVIjxc+mlWDYPG2gxFnzEdfF4RNGoxk9n5CjE7lO9qT/Ezf7vAcR3CzvU+Scls5yNhXktf0A==
- handsontable/0.0.0-next-6129043-20241108/handsontable.full.css: sha512-6JfyLkgWrMTgntnBhOENJoxF8HBhIkUjk3BRrGQKDxDEk4YV4YRi8xiRbbIL+OoNT4j4DQ/GcPF8fLdRdT78yA==
