config: {"authors":[{"name":"Google"}],"autoupdate":{"source":"npm","target":"shaka-player","fileMap":[{"basePath":"dist","files":["shaka-player*","controls.css*"]}]},"description":"DASH/EME video player library","filename":"shaka-player.compiled.js","keywords":["shaka","player"],"license":"Apache License 2.0","name":"shaka-player","repository":{"type":"git","url":"https://github.com/google/shaka-player"},"author":"Google"}
KV keys:
- shaka-player/4.14.19/controls.css.br
- shaka-player/4.14.19/controls.css.gz
- shaka-player/4.14.19/controls.css.map.br
- shaka-player/4.14.19/controls.css.map.gz
- shaka-player/4.14.19/controls.min.css.br
- shaka-player/4.14.19/controls.min.css.gz
- shaka-player/4.14.19/shaka-player.compiled.d.ts.br
- shaka-player/4.14.19/shaka-player.compiled.d.ts.gz
- shaka-player/4.14.19/shaka-player.compiled.debug.d.ts.br
- shaka-player/4.14.19/shaka-player.compiled.debug.d.ts.gz
- shaka-player/4.14.19/shaka-player.compiled.debug.externs.js.br
- shaka-player/4.14.19/shaka-player.compiled.debug.externs.js.gz
- shaka-player/4.14.19/shaka-player.compiled.debug.externs.min.js.br
- shaka-player/4.14.19/shaka-player.compiled.debug.externs.min.js.gz
- shaka-player/4.14.19/shaka-player.compiled.debug.js.br
- shaka-player/4.14.19/shaka-player.compiled.debug.js.gz
- shaka-player/4.14.19/shaka-player.compiled.debug.map.br
- shaka-player/4.14.19/shaka-player.compiled.debug.map.gz
- shaka-player/4.14.19/shaka-player.compiled.debug.min.js.br
- shaka-player/4.14.19/shaka-player.compiled.debug.min.js.gz
- shaka-player/4.14.19/shaka-player.compiled.externs.js.br
- shaka-player/4.14.19/shaka-player.compiled.externs.js.gz
- shaka-player/4.14.19/shaka-player.compiled.externs.min.js.br
- shaka-player/4.14.19/shaka-player.compiled.externs.min.js.gz
- shaka-player/4.14.19/shaka-player.compiled.js.br
- shaka-player/4.14.19/shaka-player.compiled.js.gz
- shaka-player/4.14.19/shaka-player.compiled.map.br
- shaka-player/4.14.19/shaka-player.compiled.map.gz
- shaka-player/4.14.19/shaka-player.compiled.min.js.br
- shaka-player/4.14.19/shaka-player.compiled.min.js.gz
- shaka-player/4.14.19/shaka-player.dash.d.ts.br
- shaka-player/4.14.19/shaka-player.dash.d.ts.gz
- shaka-player/4.14.19/shaka-player.dash.debug.d.ts.br
- shaka-player/4.14.19/shaka-player.dash.debug.d.ts.gz
- shaka-player/4.14.19/shaka-player.dash.debug.externs.js.br
- shaka-player/4.14.19/shaka-player.dash.debug.externs.js.gz
- shaka-player/4.14.19/shaka-player.dash.debug.externs.min.js.br
- shaka-player/4.14.19/shaka-player.dash.debug.externs.min.js.gz
- shaka-player/4.14.19/shaka-player.dash.debug.js.br
- shaka-player/4.14.19/shaka-player.dash.debug.js.gz
- shaka-player/4.14.19/shaka-player.dash.debug.map.br
- shaka-player/4.14.19/shaka-player.dash.debug.map.gz
- shaka-player/4.14.19/shaka-player.dash.debug.min.js.br
- shaka-player/4.14.19/shaka-player.dash.debug.min.js.gz
- shaka-player/4.14.19/shaka-player.dash.externs.js.br
- shaka-player/4.14.19/shaka-player.dash.externs.js.gz
- shaka-player/4.14.19/shaka-player.dash.externs.min.js.br
- shaka-player/4.14.19/shaka-player.dash.externs.min.js.gz
- shaka-player/4.14.19/shaka-player.dash.js.br
- shaka-player/4.14.19/shaka-player.dash.js.gz
- shaka-player/4.14.19/shaka-player.dash.map.br
- shaka-player/4.14.19/shaka-player.dash.map.gz
- shaka-player/4.14.19/shaka-player.dash.min.js.br
- shaka-player/4.14.19/shaka-player.dash.min.js.gz
- shaka-player/4.14.19/shaka-player.hls.d.ts.br
- shaka-player/4.14.19/shaka-player.hls.d.ts.gz
- shaka-player/4.14.19/shaka-player.hls.debug.d.ts.br
- shaka-player/4.14.19/shaka-player.hls.debug.d.ts.gz
- shaka-player/4.14.19/shaka-player.hls.debug.externs.js.br
- shaka-player/4.14.19/shaka-player.hls.debug.externs.js.gz
- shaka-player/4.14.19/shaka-player.hls.debug.externs.min.js.br
- shaka-player/4.14.19/shaka-player.hls.debug.externs.min.js.gz
- shaka-player/4.14.19/shaka-player.hls.debug.js.br
- shaka-player/4.14.19/shaka-player.hls.debug.js.gz
- shaka-player/4.14.19/shaka-player.hls.debug.map.br
- shaka-player/4.14.19/shaka-player.hls.debug.map.gz
- shaka-player/4.14.19/shaka-player.hls.debug.min.js.br
- shaka-player/4.14.19/shaka-player.hls.debug.min.js.gz
- shaka-player/4.14.19/shaka-player.hls.externs.js.br
- shaka-player/4.14.19/shaka-player.hls.externs.js.gz
- shaka-player/4.14.19/shaka-player.hls.externs.min.js.br
- shaka-player/4.14.19/shaka-player.hls.externs.min.js.gz
- shaka-player/4.14.19/shaka-player.hls.js.br
- shaka-player/4.14.19/shaka-player.hls.js.gz
- shaka-player/4.14.19/shaka-player.hls.map.br
- shaka-player/4.14.19/shaka-player.hls.map.gz
- shaka-player/4.14.19/shaka-player.hls.min.js.br
- shaka-player/4.14.19/shaka-player.hls.min.js.gz
- shaka-player/4.14.19/shaka-player.ui.d.ts.br
- shaka-player/4.14.19/shaka-player.ui.d.ts.gz
- shaka-player/4.14.19/shaka-player.ui.debug.d.ts.br
- shaka-player/4.14.19/shaka-player.ui.debug.d.ts.gz
- shaka-player/4.14.19/shaka-player.ui.debug.externs.js.br
- shaka-player/4.14.19/shaka-player.ui.debug.externs.js.gz
- shaka-player/4.14.19/shaka-player.ui.debug.externs.min.js.br
- shaka-player/4.14.19/shaka-player.ui.debug.externs.min.js.gz
- shaka-player/4.14.19/shaka-player.ui.debug.js.br
- shaka-player/4.14.19/shaka-player.ui.debug.js.gz
- shaka-player/4.14.19/shaka-player.ui.debug.map.br
- shaka-player/4.14.19/shaka-player.ui.debug.map.gz
- shaka-player/4.14.19/shaka-player.ui.debug.min.js.br
- shaka-player/4.14.19/shaka-player.ui.debug.min.js.gz
- shaka-player/4.14.19/shaka-player.ui.externs.js.br
- shaka-player/4.14.19/shaka-player.ui.externs.js.gz
- shaka-player/4.14.19/shaka-player.ui.externs.min.js.br
- shaka-player/4.14.19/shaka-player.ui.externs.min.js.gz
- shaka-player/4.14.19/shaka-player.ui.js.br
- shaka-player/4.14.19/shaka-player.ui.js.gz
- shaka-player/4.14.19/shaka-player.ui.map.br
- shaka-player/4.14.19/shaka-player.ui.map.gz
- shaka-player/4.14.19/shaka-player.ui.min.js.br
- shaka-player/4.14.19/shaka-player.ui.min.js.gz
SRIs:
- shaka-player/4.14.19/shaka-player.dash.debug.externs.min.js: sha512-Wrw7K39QE9WusyiVLJhCHyqI9o07L+OQVdGPh6Mc+MNc2b+QHbtGh1LYwXN7g6965ASVf1+o5BV9QBoukzgcog==
- shaka-player/4.14.19/shaka-player.hls.debug.externs.min.js: sha512-WbeIhfWetVO0QaLA0VQGAal1EfkRw5HEzvBTbgzZvO9aO0RGfiX3I02LnQhAyyzeRkUGwiMmTWdRnUDHiONIVw==
- shaka-player/4.14.19/shaka-player.hls.debug.js: sha512-OkSxWpvY0eY4HMfsc4oXFizfFewjbFnFEMjer/xmfjucQtg9KzQeIx1ZJH8nQRKncweIXbImIQapNs65mfh9aQ==
- shaka-player/4.14.19/shaka-player.compiled.debug.js: sha512-JQoEDUyXbylR/hxxYZo1Ua93osaRAXAaZofGpxLTdmyteBoO2zP8igm1OTnTLyzrIelCtQv3RhjS4cmu7kQEFA==
- shaka-player/4.14.19/shaka-player.compiled.min.js: sha512-sF+9KdfcNVjkzTen5pxHx/XXQGwyk13HKl2tbBKvB4TQThIVU7mz1f7/FpmeTI09YKgM4hMmglV0u4rhJ++ARA==
- shaka-player/4.14.19/shaka-player.ui.debug.externs.min.js: sha512-yU+bqHbuZSMUpsVL4sEef2/N5vKhGjRhxLdZlQfbP1XUHLrsR6S8HmJZZtDKiKk/VsJ9H8mEM2g1nvI8UVNC9g==
- shaka-player/4.14.19/shaka-player.compiled.debug.externs.min.js: sha512-1Mmd0CLJFoCf2QsR7lo80E+9BjcMDJMJK/g1EuT+HJAmsAO8Fuwepj4nHZJFxjGHzQh6GRHU/0JCLRxTurN7ew==
- shaka-player/4.14.19/shaka-player.dash.debug.externs.js: sha512-Wxsd/P0JT+7TVrtbByQMReCKNGenYtgPUTFZ29e2vVQKXPwYHM7GPL35w+/ghevq2H5h4CyuwA7JeAjanJwZ3g==
- shaka-player/4.14.19/shaka-player.hls.min.js: sha512-lX0wLxUWe3aCFwJwuS9V1ek1pZ/W1oaTIsGJ770wn25lOLqHWpUOph2hEqBDbuyp8xswh3G/7gMU4thQ1JY4SQ==
- shaka-player/4.14.19/shaka-player.ui.js: sha512-NGBCbEyZwsFLJ8A/ossAUUiRycp/bjdrrxx0m2i5obRXjmzSyGSjEd5Bczcu46BIv5+NOfyypUsAIhWvfb+plw==
- shaka-player/4.14.19/shaka-player.dash.debug.min.js: sha512-3u6bceuKI/QPIyVbPhuHApdtbTGMzBkw7P/tOx+1bCWDho9q8kIGWJIhEEAtAMEIT03lbNgadoBp+qZ9nCSFVw==
- shaka-player/4.14.19/shaka-player.hls.debug.externs.js: sha512-XKTCRq092cUfn0wKm+B46VjriraAzC76gSeHm5fueNW2Ol3hitVvKCiYBgivAD+xvAT0LYP0wTCA3i6nFe3B7Q==
- shaka-player/4.14.19/shaka-player.hls.externs.min.js: sha512-WbeIhfWetVO0QaLA0VQGAal1EfkRw5HEzvBTbgzZvO9aO0RGfiX3I02LnQhAyyzeRkUGwiMmTWdRnUDHiONIVw==
- shaka-player/4.14.19/shaka-player.ui.debug.externs.js: sha512-uExbyt89ygq29XRkjgUOPMt6qamCL11kD6pHC2k1n1zdnrJA6BYhasVWvMrmTEzEvy3FsBXijBA7+afuVAUbwA==
- shaka-player/4.14.19/shaka-player.compiled.externs.min.js: sha512-1Mmd0CLJFoCf2QsR7lo80E+9BjcMDJMJK/g1EuT+HJAmsAO8Fuwepj4nHZJFxjGHzQh6GRHU/0JCLRxTurN7ew==
- shaka-player/4.14.19/shaka-player.dash.externs.min.js: sha512-Wrw7K39QE9WusyiVLJhCHyqI9o07L+OQVdGPh6Mc+MNc2b+QHbtGh1LYwXN7g6965ASVf1+o5BV9QBoukzgcog==
- shaka-player/4.14.19/shaka-player.ui.debug.js: sha512-ts9tK9p568prJ0CcGEEqppSG4d6jWJL+H3PFuVJCJOB8rbeqKKsiCKtWNMgUfRYEmtdgaCcEdk0yHprAYOgSOg==
- shaka-player/4.14.19/shaka-player.ui.externs.js: sha512-uExbyt89ygq29XRkjgUOPMt6qamCL11kD6pHC2k1n1zdnrJA6BYhasVWvMrmTEzEvy3FsBXijBA7+afuVAUbwA==
- shaka-player/4.14.19/shaka-player.ui.min.js: sha512-+7BUvtNIhkia0U/0JtpCppzGVpthj9KuOZ9x/9v6/CujBi2r/rdMbZBs8CoslT+cTIJPGMVRz7ZribhhOhNNuw==
- shaka-player/4.14.19/shaka-player.hls.debug.min.js: sha512-bYZaznvcxJy0Xb54iPbO77tVl26G/W1M6z4EqZGAjeY5GIhUS++6VhRnD6Bz6hu/Y0xEedhEJjJs0maPS+NABQ==
- shaka-player/4.14.19/shaka-player.ui.debug.min.js: sha512-gZy0okQDUIZrnN06zsObCJXU/Di0+W7RZ9lephmiMYqlS96uqeZgmGm3s45JoKcyn0Iw3ak+zWNvHCkf9YIfNA==
- shaka-player/4.14.19/controls.css: sha512-+3PIsBpcI3OoV8JGg15wDKXYZElOQ7apzLRRMSQ6mMLyQOwqGoAtS3owgqww+K4o+KTqYEc1qPnUBGHcmcX/Kw==
- shaka-player/4.14.19/shaka-player.compiled.externs.js: sha512-RicFYPM4oXr50GtoVv2Y6uM3QZt28dj6Uq3V/ahuv8hLvdza01paQFWbY2FzYLmcB2fNLI6FqTBX7RWpTXgcNw==
- shaka-player/4.14.19/shaka-player.compiled.js: sha512-SRKy8z7HOJWLLhOWyfFRRtaqTUeCnT/63RZroUm2fgwSiEq/Tqk1vsah9dFYXqno8NG9Skqr9Sl7ZcmDmloClQ==
- shaka-player/4.14.19/shaka-player.dash.externs.js: sha512-Wxsd/P0JT+7TVrtbByQMReCKNGenYtgPUTFZ29e2vVQKXPwYHM7GPL35w+/ghevq2H5h4CyuwA7JeAjanJwZ3g==
- shaka-player/4.14.19/shaka-player.dash.js: sha512-hGRHN0MOs+w6aSiyIVlbh4g0mYB4UhXJlbAy6hJPGdvmcYJVS1LrRAhx3nJCjW7RcxmhAXCDoAYvTgP0l9X9rA==
- shaka-player/4.14.19/controls.min.css: sha512-PGEZAOaZRW/IEfL7OzDfAuVJJf0I8+NQcXs0CGoXpgjBk75ulmAP9nTi13MYc/f2KCNlH7fyyGCw2OEi28S3aA==
- shaka-player/4.14.19/shaka-player.compiled.debug.externs.js: sha512-RicFYPM4oXr50GtoVv2Y6uM3QZt28dj6Uq3V/ahuv8hLvdza01paQFWbY2FzYLmcB2fNLI6FqTBX7RWpTXgcNw==
- shaka-player/4.14.19/shaka-player.compiled.debug.min.js: sha512-+VMhBM3KJEo5Nj4VcjmmPkPosSAQb1dQ44UyzepLNkqdIYenQLHFlxG01rH82wxU42PgRNGoH4I3tQfdXid4sw==
- shaka-player/4.14.19/shaka-player.dash.min.js: sha512-ILz3a2U5SYhM4eCUQsm9P4f5smSv2VGX541ammhsIfXxdxYgnu2uHz6o0y5ujqCddqKMG9tfFiaFuhkI5etfXQ==
- shaka-player/4.14.19/shaka-player.hls.js: sha512-RLDi+7UbPs6tRLrBTeqRprMEK207N3+xXcL+fXZYB3/V+KEpKHkRkJqKpQRQ8yAx+ZjHE5mWgQZ4PqDO4XgyFA==
- shaka-player/4.14.19/shaka-player.dash.debug.js: sha512-b3LcKsWpXIe5316tosdpxpombQed2LYF6nyy9O/2CtRlFSKH13ZMSIHvFEzW7mOCS5Dufa9/TDcO+xgqU4bhtw==
- shaka-player/4.14.19/shaka-player.hls.externs.js: sha512-XKTCRq092cUfn0wKm+B46VjriraAzC76gSeHm5fueNW2Ol3hitVvKCiYBgivAD+xvAT0LYP0wTCA3i6nFe3B7Q==
- shaka-player/4.14.19/shaka-player.ui.externs.min.js: sha512-yU+bqHbuZSMUpsVL4sEef2/N5vKhGjRhxLdZlQfbP1XUHLrsR6S8HmJZZtDKiKk/VsJ9H8mEM2g1nvI8UVNC9g==
