Files:
- ruffle-rs/0.1.0-nightly.2025.4.1/5df6bad70d489d7b8b7c.wasm.br
- ruffle-rs/0.1.0-nightly.2025.4.1/5df6bad70d489d7b8b7c.wasm.gz
- ruffle-rs/0.1.0-nightly.2025.4.1/bf2db661a802db1ec486.wasm.br
- ruffle-rs/0.1.0-nightly.2025.4.1/bf2db661a802db1ec486.wasm.gz
- ruffle-rs/0.1.0-nightly.2025.4.1/core.ruffle.00c57e226b284649af5b.js.br
- ruffle-rs/0.1.0-nightly.2025.4.1/core.ruffle.00c57e226b284649af5b.js.gz
- ruffle-rs/0.1.0-nightly.2025.4.1/core.ruffle.00c57e226b284649af5b.js.sri
- ruffle-rs/0.1.0-nightly.2025.4.1/core.ruffle.00c57e226b284649af5b.min.js.br
- ruffle-rs/0.1.0-nightly.2025.4.1/core.ruffle.00c57e226b284649af5b.min.js.gz
- ruffle-rs/0.1.0-nightly.2025.4.1/core.ruffle.00c57e226b284649af5b.min.js.sri
- ruffle-rs/0.1.0-nightly.2025.4.1/core.ruffle.ba0ade2ec4edc77c0b86.js.br
- ruffle-rs/0.1.0-nightly.2025.4.1/core.ruffle.ba0ade2ec4edc77c0b86.js.gz
- ruffle-rs/0.1.0-nightly.2025.4.1/core.ruffle.ba0ade2ec4edc77c0b86.js.sri
- ruffle-rs/0.1.0-nightly.2025.4.1/core.ruffle.ba0ade2ec4edc77c0b86.min.js.br
- ruffle-rs/0.1.0-nightly.2025.4.1/core.ruffle.ba0ade2ec4edc77c0b86.min.js.gz
- ruffle-rs/0.1.0-nightly.2025.4.1/core.ruffle.ba0ade2ec4edc77c0b86.min.js.sri
- ruffle-rs/0.1.0-nightly.2025.4.1/ruffle.js.br
- ruffle-rs/0.1.0-nightly.2025.4.1/ruffle.js.gz
- ruffle-rs/0.1.0-nightly.2025.4.1/ruffle.js.sri
- ruffle-rs/0.1.0-nightly.2025.4.1/ruffle.min.js.br
- ruffle-rs/0.1.0-nightly.2025.4.1/ruffle.min.js.gz
- ruffle-rs/0.1.0-nightly.2025.4.1/ruffle.min.js.sri
