config: {"authors":[{"name":"Google Inc."}],"autoupdate":{"source":"npm","target":"@fontsource/volkhov","fileMap":[{"basePath":"","files":["*.css","files/*.@(woff|woff2)"]}],"excludeFromSearch":true},"description":"Self-host the Volkhov font in a neatly bundled NPM package.","filename":"index.css","homepage":"https://fontsource.org/fonts/volkhov","keywords":["fontsource","font","font family","google fonts","volkhov","Volkhov","css","sass","front-end","web","typeface","variable"],"license":"OFL-1.1","name":"fontsource-volkhov","repository":{"type":"git","url":"git+https://github.com/fontsource/font-files.git"},"author":"Google Inc."}
KV keys:
- fontsource-volkhov/5.2.7/400-italic.css.br
- fontsource-volkhov/5.2.7/400-italic.css.gz
- fontsource-volkhov/5.2.7/400-italic.min.css.br
- fontsource-volkhov/5.2.7/400-italic.min.css.gz
- fontsource-volkhov/5.2.7/400.css.br
- fontsource-volkhov/5.2.7/400.css.gz
- fontsource-volkhov/5.2.7/400.min.css.br
- fontsource-volkhov/5.2.7/400.min.css.gz
- fontsource-volkhov/5.2.7/700-italic.css.br
- fontsource-volkhov/5.2.7/700-italic.css.gz
- fontsource-volkhov/5.2.7/700-italic.min.css.br
- fontsource-volkhov/5.2.7/700-italic.min.css.gz
- fontsource-volkhov/5.2.7/700.css.br
- fontsource-volkhov/5.2.7/700.css.gz
- fontsource-volkhov/5.2.7/700.min.css.br
- fontsource-volkhov/5.2.7/700.min.css.gz
- fontsource-volkhov/5.2.7/files/volkhov-latin-400-italic.woff.br
- fontsource-volkhov/5.2.7/files/volkhov-latin-400-italic.woff.gz
- fontsource-volkhov/5.2.7/files/volkhov-latin-400-italic.woff2
- fontsource-volkhov/5.2.7/files/volkhov-latin-400-normal.woff.br
- fontsource-volkhov/5.2.7/files/volkhov-latin-400-normal.woff.gz
- fontsource-volkhov/5.2.7/files/volkhov-latin-400-normal.woff2
- fontsource-volkhov/5.2.7/files/volkhov-latin-700-italic.woff.br
- fontsource-volkhov/5.2.7/files/volkhov-latin-700-italic.woff.gz
- fontsource-volkhov/5.2.7/files/volkhov-latin-700-italic.woff2
- fontsource-volkhov/5.2.7/files/volkhov-latin-700-normal.woff.br
- fontsource-volkhov/5.2.7/files/volkhov-latin-700-normal.woff.gz
- fontsource-volkhov/5.2.7/files/volkhov-latin-700-normal.woff2
- fontsource-volkhov/5.2.7/index.css.br
- fontsource-volkhov/5.2.7/index.css.gz
- fontsource-volkhov/5.2.7/index.min.css.br
- fontsource-volkhov/5.2.7/index.min.css.gz
- fontsource-volkhov/5.2.7/latin-400-italic.css.br
- fontsource-volkhov/5.2.7/latin-400-italic.css.gz
- fontsource-volkhov/5.2.7/latin-400-italic.min.css.br
- fontsource-volkhov/5.2.7/latin-400-italic.min.css.gz
- fontsource-volkhov/5.2.7/latin-400.css.br
- fontsource-volkhov/5.2.7/latin-400.css.gz
- fontsource-volkhov/5.2.7/latin-400.min.css.br
- fontsource-volkhov/5.2.7/latin-400.min.css.gz
- fontsource-volkhov/5.2.7/latin-700-italic.css.br
- fontsource-volkhov/5.2.7/latin-700-italic.css.gz
- fontsource-volkhov/5.2.7/latin-700-italic.min.css.br
- fontsource-volkhov/5.2.7/latin-700-italic.min.css.gz
- fontsource-volkhov/5.2.7/latin-700.css.br
- fontsource-volkhov/5.2.7/latin-700.css.gz
- fontsource-volkhov/5.2.7/latin-700.min.css.br
- fontsource-volkhov/5.2.7/latin-700.min.css.gz
- fontsource-volkhov/5.2.7/latin-italic.css.br
- fontsource-volkhov/5.2.7/latin-italic.css.gz
- fontsource-volkhov/5.2.7/latin-italic.min.css.br
- fontsource-volkhov/5.2.7/latin-italic.min.css.gz
- fontsource-volkhov/5.2.7/latin.css.br
- fontsource-volkhov/5.2.7/latin.css.gz
- fontsource-volkhov/5.2.7/latin.min.css.br
- fontsource-volkhov/5.2.7/latin.min.css.gz
SRIs:
- fontsource-volkhov/5.2.7/700.css: sha512-KAOhxGjoRJx025FVJg+RNXca0b5dudDMB2+sZQkWyeCqp6vtQ79uWuCFJEdiP+lP48NWMVzSfVcdr7ZpkgAJYw==
- fontsource-volkhov/5.2.7/index.min.css: sha512-Ng1pctTz+0awQSFn5nKQY6JCakEzNQkQBmEI0Kg/VguyKO5az0XH3a60uIsj29AxYcZn42mICNnBpMTvAYgJ/w==
- fontsource-volkhov/5.2.7/latin-700-italic.css: sha512-Y3TL9x/Z3WabExqwC4NLAzvkq2SzlQQ6+IMR6CLHgDvmIynXImW38hBa49Mh3ECdNn9QH+nkH5jnrZGY/FStOw==
- fontsource-volkhov/5.2.7/latin-700.min.css: sha512-cv84I4y32+Wp5blntOifuJp2GsTJaWaf+99IUCQ++JQ1nznMEYW0HL2OsEQiZG+0EI9hqkIh7PSoyoM7Z7zyGg==
- fontsource-volkhov/5.2.7/latin-700-italic.min.css: sha512-6vPYwkZ9pbWMg9kFNAtxzcGc+HdzzosvMy+mSXmQnWcuUsWEEQuLsvDfTLBQ2CL4bZXCTKRSlIYBaAqHXPEWQQ==
- fontsource-volkhov/5.2.7/latin-700.css: sha512-7Or+D64a5sPP4CmsH42cMlDY4UpbVVRVOrcNb4nEfYWIElfzAwHSpZR2WI6iBfrdw4YTbLI2f0rVgaxS5V8sEg==
- fontsource-volkhov/5.2.7/400.min.css: sha512-Ng1pctTz+0awQSFn5nKQY6JCakEzNQkQBmEI0Kg/VguyKO5az0XH3a60uIsj29AxYcZn42mICNnBpMTvAYgJ/w==
- fontsource-volkhov/5.2.7/700-italic.css: sha512-GO2qe/wa6RAiLplDdNfp6sSLwDHdITtWP/yW0LRMU8gJuRavgM+KkUezpH5I61Vd6HfxfdCFWv38vYMwXbiPeA==
- fontsource-volkhov/5.2.7/700-italic.min.css: sha512-uZbQ2XoPZ6OpP7GlG2IwM3E7rpHkpBOxyZ2Gjn2F6Z+CSPKlH7nNCEpCQES6JOPq9e8joD8IgyRIe4riz7nRgg==
- fontsource-volkhov/5.2.7/700.min.css: sha512-CwiyYz8q17T9T5fx+R8vK3x2chOSXe324VGqUCtoe3hX9kDj9jKKLuGb8gtUzTgaimR0Vu6GVQashu0NO18oWA==
- fontsource-volkhov/5.2.7/latin-400-italic.css: sha512-EUXD56qykS0abBnSev7E/VzzxjgM3/GClpMsNH4+lviLk1BCpDN/Wy0yCgb16eaTqzsw6nYWRP/MlOZqqMPrpg==
- fontsource-volkhov/5.2.7/latin-400.css: sha512-x5HUYJ7fmaisHnC5OL81tWusa4WPWdJV6Q9kU8LcMNQBS1thj4LmdwLdyRAOesCvzYk+gE1Rca1wxreXHnGRcQ==
- fontsource-volkhov/5.2.7/latin.min.css: sha512-hoqrH6A4fEnvAGBjEpexW8YBmG1NS15gMbTo/9f76jNrNWN0hLn5vxVsutTzgC6ImTgJEozY4GjVWrfZPIsAvw==
- fontsource-volkhov/5.2.7/400-italic.min.css: sha512-m/WR4BDZ/Hj2Y3tC+avoY4d0YcIwxBazVJp+srx4OtUgbZm4uIhE2d9QfEhElcIX/tqnO6NouZYmc6onXdrT7w==
- fontsource-volkhov/5.2.7/latin-400-italic.min.css: sha512-XqRbx6XEMGIGrXG8RlNIef62eOoQ0DFz/CaGchtUfoBKVETJowMwAy4nJs0bOtKVCAE4OA+sNziZIRGcp/hjqA==
- fontsource-volkhov/5.2.7/latin-400.min.css: sha512-Et0zx4/Unm2p+yIr9O91vUkWGRz90hXzuEApoNK5QFhpWhBKZEdhPDx8dEFAue7SgA57CKSw/7ZYBHu3yBPvZg==
- fontsource-volkhov/5.2.7/latin-italic.css: sha512-aAcf2anQSEQul0CMO0brp4k1+3wU3cAuuh/sR+AMvDB+EnMFLTe0fwnlwhliHwEPGB/GlXOfAVyfF1mijgQaKw==
- fontsource-volkhov/5.2.7/latin-italic.min.css: sha512-/KrdpkmNzIgSm3RSUOZeMvgWdGL9tr1Ob2mSCnNc4N0FldyhoNFPzno+B8prEmmWZruU9GcgYEh6O3/uOJ539Q==
- fontsource-volkhov/5.2.7/400-italic.css: sha512-3D3YKRuAL9AABWblqdtbJrH7OEOWzCmL9HXhPgt8Fsein1YrIYj6vEGbG50lvbWaliht2jt4kbCM1GSWgSJBYQ==
- fontsource-volkhov/5.2.7/400.css: sha512-YQe+SHDrtwue7d4TNlAht8MFbqdgam13UrOG9yNJ2oZZUnkc/9zk46d6sg2Fg6UOvQQ4NAycsoFtvJLGFLbXew==
- fontsource-volkhov/5.2.7/index.css: sha512-YQe+SHDrtwue7d4TNlAht8MFbqdgam13UrOG9yNJ2oZZUnkc/9zk46d6sg2Fg6UOvQQ4NAycsoFtvJLGFLbXew==
- fontsource-volkhov/5.2.7/latin.css: sha512-ZFA2CTzUxxXXZPLM9Xgq98aNZoEUW7K2X/PVb5JcxBOf0Tv2ATGPHt/V6zZhU62OHbdsy/wWgQD7vMgSL99A3g==
