- requirejs-plugins/1.0.2/async.js.br
- requirejs-plugins/1.0.2/async.js.gz
- requirejs-plugins/1.0.2/async.min.js.br
- requirejs-plugins/1.0.2/async.min.js.gz
- requirejs-plugins/1.0.2/depend.js.br
- requirejs-plugins/1.0.2/depend.js.gz
- requirejs-plugins/1.0.2/depend.min.js.br
- requirejs-plugins/1.0.2/depend.min.js.gz
- requirejs-plugins/1.0.2/font.js.br
- requirejs-plugins/1.0.2/font.js.gz
- requirejs-plugins/1.0.2/font.min.js.br
- requirejs-plugins/1.0.2/font.min.js.gz
- requirejs-plugins/1.0.2/goog.js.br
- requirejs-plugins/1.0.2/goog.js.gz
- requirejs-plugins/1.0.2/goog.min.js.br
- requirejs-plugins/1.0.2/goog.min.js.gz
- requirejs-plugins/1.0.2/image.js.br
- requirejs-plugins/1.0.2/image.js.gz
- requirejs-plugins/1.0.2/image.min.js.br
- requirejs-plugins/1.0.2/image.min.js.gz
- requirejs-plugins/1.0.2/json.js.br
- requirejs-plugins/1.0.2/json.js.gz
- requirejs-plugins/1.0.2/json.min.js.br
- requirejs-plugins/1.0.2/json.min.js.gz
- requirejs-plugins/1.0.2/mdown.js.br
- requirejs-plugins/1.0.2/mdown.js.gz
- requirejs-plugins/1.0.2/mdown.min.js.br
- requirejs-plugins/1.0.2/mdown.min.js.gz
- requirejs-plugins/1.0.2/noext.js.br
- requirejs-plugins/1.0.2/noext.js.gz
- requirejs-plugins/1.0.2/noext.min.js.br
- requirejs-plugins/1.0.2/noext.min.js.gz
- requirejs-plugins/1.0.2/propertyParser.js.br
- requirejs-plugins/1.0.2/propertyParser.js.gz
- requirejs-plugins/1.0.2/propertyParser.min.js.br
- requirejs-plugins/1.0.2/propertyParser.min.js.gz