config: {"authors":[{"name":"John Leider","email":"john.j.leider@gmail.com"}],"autoupdate":{"source":"npm","target":"vuetify","fileMap":[{"basePath":"dist","files":["**/*"]}]},"description":"Vue.js 2 Semantic Component Framework","filename":"vuetify.min.js","homepage":"https://vuetifyjs.com/","keywords":["Vue","Vuetify","semantic","component"],"license":"MIT","name":"vuetify","repository":{"type":"git","url":"git://github.com/vuetifyjs/vuetify.git"},"author":"John Leider \u003cjohn.j.leider@gmail.com\u003e"}
KV keys:
- vuetify/3.8.7/_component-variables-labs.sass.br
- vuetify/3.8.7/_component-variables-labs.sass.gz
- vuetify/3.8.7/_component-variables.sass.br
- vuetify/3.8.7/_component-variables.sass.gz
- vuetify/3.8.7/json/attributes.json.br
- vuetify/3.8.7/json/attributes.json.gz
- vuetify/3.8.7/json/importMap-labs.json.br
- vuetify/3.8.7/json/importMap-labs.json.gz
- vuetify/3.8.7/json/importMap.json.br
- vuetify/3.8.7/json/importMap.json.gz
- vuetify/3.8.7/json/tags.json.br
- vuetify/3.8.7/json/tags.json.gz
- vuetify/3.8.7/json/web-types.json.br
- vuetify/3.8.7/json/web-types.json.gz
- vuetify/3.8.7/vuetify-labs.cjs.br
- vuetify/3.8.7/vuetify-labs.cjs.gz
- vuetify/3.8.7/vuetify-labs.css.br
- vuetify/3.8.7/vuetify-labs.css.gz
- vuetify/3.8.7/vuetify-labs.d.ts.br
- vuetify/3.8.7/vuetify-labs.d.ts.gz
- vuetify/3.8.7/vuetify-labs.esm.js.br
- vuetify/3.8.7/vuetify-labs.esm.js.gz
- vuetify/3.8.7/vuetify-labs.esm.js.map.br
- vuetify/3.8.7/vuetify-labs.esm.js.map.gz
- vuetify/3.8.7/vuetify-labs.esm.min.js.br
- vuetify/3.8.7/vuetify-labs.esm.min.js.gz
- vuetify/3.8.7/vuetify-labs.js.br
- vuetify/3.8.7/vuetify-labs.js.gz
- vuetify/3.8.7/vuetify-labs.min.css.br
- vuetify/3.8.7/vuetify-labs.min.css.gz
- vuetify/3.8.7/vuetify-labs.min.js.br
- vuetify/3.8.7/vuetify-labs.min.js.gz
- vuetify/3.8.7/vuetify.cjs.br
- vuetify/3.8.7/vuetify.cjs.gz
- vuetify/3.8.7/vuetify.cjs.map.br
- vuetify/3.8.7/vuetify.cjs.map.gz
- vuetify/3.8.7/vuetify.css.br
- vuetify/3.8.7/vuetify.css.gz
- vuetify/3.8.7/vuetify.d.ts.br
- vuetify/3.8.7/vuetify.d.ts.gz
- vuetify/3.8.7/vuetify.esm.js.br
- vuetify/3.8.7/vuetify.esm.js.gz
- vuetify/3.8.7/vuetify.esm.js.map.br
- vuetify/3.8.7/vuetify.esm.js.map.gz
- vuetify/3.8.7/vuetify.esm.min.js.br
- vuetify/3.8.7/vuetify.esm.min.js.gz
- vuetify/3.8.7/vuetify.js.br
- vuetify/3.8.7/vuetify.js.gz
- vuetify/3.8.7/vuetify.js.map.br
- vuetify/3.8.7/vuetify.js.map.gz
- vuetify/3.8.7/vuetify.min.css.br
- vuetify/3.8.7/vuetify.min.css.gz
- vuetify/3.8.7/vuetify.min.js.br
- vuetify/3.8.7/vuetify.min.js.gz
- vuetify/3.8.7/vuetify.min.js.map.br
- vuetify/3.8.7/vuetify.min.js.map.gz
SRIs:
- vuetify/3.8.7/vuetify-labs.js: sha512-aNV15VSRh5P235UJ57Zv5GM92CsjLG3uatOpwukimbm5K5iyH9ZSAs0aKHyRgQBOOjlKk+DXMXSUkkHxdggrmw==
- vuetify/3.8.7/vuetify-labs.min.css: sha512-RvHO+JgjKZ+ozdKY9mrDhvFnnBOjnsvMmjJZMHcgIuGCLZQJ83rmVCjCsTyomljy+QmcuMZqe2QV0gv0MzvdOQ==
- vuetify/3.8.7/vuetify-labs.min.js: sha512-FhsiFWYJ4IOanQmTQ3cbSVoY5oTdUk1zk7QLR9QOSxGrNB6I4jdJuhn+1ZLcO7Jv7io5L4hABkI57lV5cLrD3w==
- vuetify/3.8.7/vuetify.esm.min.js: sha512-+FWLKFKKU7EjZPJEiHd3rnJH4704RQxv+2u0X7PeGsuj5fwDITTWdTeanPBuHRoEsscEH/WbSPjs0KFX4+Xu5Q==
- vuetify/3.8.7/vuetify.min.js: sha512-M8Kcn0d2StwcgYh9tXsdqjnK8CCiW0F/fhK7izStV/d3EYhrqRRHf2nNaohcg6KUZTimMiiqV1WVYs7coe4zzQ==
- vuetify/3.8.7/vuetify-labs.css: sha512-gwJ6krkXF/dOOoKX0bxI/20LrV3vTIe/vvL+prRStPtHmHOAs/lm+UWJNQZecbeFnv+thJddorDlYZtm5Yw9NQ==
- vuetify/3.8.7/vuetify-labs.esm.js: sha512-/CHJBzQGjQ5M2pgCRE3BL6OrwfzirpT0LQR8pW12/TO4fceTmzexkWIw3t6+Ln03ooaWhggz1frzvUnwLzptfw==
- vuetify/3.8.7/vuetify-labs.esm.min.js: sha512-4iFV8hs/Jf4yIp/Yrj3j+x31Jph8MOmCJQ/qQwD7nzXgWOxF5cvRbPO4RzUwkKXpzP5ypy/VsSKW26Ba0BopvA==
- vuetify/3.8.7/vuetify.css: sha512-nPoz+CEyh2F8Bqmz38VzzEe2AAfpixNPUuBYw+6NFg7JnK7JFI9gyrDXJQAb1MlDvq8lPFUTLDKbwjHB++xBNw==
- vuetify/3.8.7/vuetify.esm.js: sha512-Nj09Q81R3qTq95ufdlyreOpkKgaNZnE2dctzw2GmN8UlLMFf3LoCfhor2aZQMf/eMRJUloFDu9kgphAWAro1iA==
- vuetify/3.8.7/vuetify.js: sha512-He7u+ozKgZ3QFVAPIDGMzGDTLwxgN/efLZXN5hpx6N/QLTmzYGoq13hloiJPAvIkNffg/SHwBdHq1OFHHmce7g==
- vuetify/3.8.7/vuetify.min.css: sha512-rL6Smex/UhDpQQiGXSC6fl7BNMbgYDYN0P/S4PNka7q0/c3StpJhcYKTglCmaP9vMcFS72tyZ3a9X3NmKOTnYA==
