Files:
- ruffle-rs/0.2.0-nightly.2025.7.31/2aac25ae7ac7b1000d45.wasm.br
- ruffle-rs/0.2.0-nightly.2025.7.31/2aac25ae7ac7b1000d45.wasm.gz
- ruffle-rs/0.2.0-nightly.2025.7.31/4ece8d4f7035bb2964a4.wasm.br
- ruffle-rs/0.2.0-nightly.2025.7.31/4ece8d4f7035bb2964a4.wasm.gz
- ruffle-rs/0.2.0-nightly.2025.7.31/core.ruffle.5380faa532fa3c43bc2f.js.br
- ruffle-rs/0.2.0-nightly.2025.7.31/core.ruffle.5380faa532fa3c43bc2f.js.gz
- ruffle-rs/0.2.0-nightly.2025.7.31/core.ruffle.5380faa532fa3c43bc2f.js.sri
- ruffle-rs/0.2.0-nightly.2025.7.31/core.ruffle.5380faa532fa3c43bc2f.min.js.br
- ruffle-rs/0.2.0-nightly.2025.7.31/core.ruffle.5380faa532fa3c43bc2f.min.js.gz
- ruffle-rs/0.2.0-nightly.2025.7.31/core.ruffle.5380faa532fa3c43bc2f.min.js.sri
- ruffle-rs/0.2.0-nightly.2025.7.31/core.ruffle.e5cd6a8e426b65053826.js.br
- ruffle-rs/0.2.0-nightly.2025.7.31/core.ruffle.e5cd6a8e426b65053826.js.gz
- ruffle-rs/0.2.0-nightly.2025.7.31/core.ruffle.e5cd6a8e426b65053826.js.sri
- ruffle-rs/0.2.0-nightly.2025.7.31/core.ruffle.e5cd6a8e426b65053826.min.js.br
- ruffle-rs/0.2.0-nightly.2025.7.31/core.ruffle.e5cd6a8e426b65053826.min.js.gz
- ruffle-rs/0.2.0-nightly.2025.7.31/core.ruffle.e5cd6a8e426b65053826.min.js.sri
- ruffle-rs/0.2.0-nightly.2025.7.31/ruffle.js.br
- ruffle-rs/0.2.0-nightly.2025.7.31/ruffle.js.gz
- ruffle-rs/0.2.0-nightly.2025.7.31/ruffle.js.sri
- ruffle-rs/0.2.0-nightly.2025.7.31/ruffle.min.js.br
- ruffle-rs/0.2.0-nightly.2025.7.31/ruffle.min.js.gz
- ruffle-rs/0.2.0-nightly.2025.7.31/ruffle.min.js.sri
