- tailwindcss/0.0.0-insiders.707c23b/chunk-5JIJA4QV.mjs.br
- tailwindcss/0.0.0-insiders.707c23b/chunk-5JIJA4QV.mjs.gz
- tailwindcss/0.0.0-insiders.707c23b/chunk-X4GG3EDV.mjs.br
- tailwindcss/0.0.0-insiders.707c23b/chunk-X4GG3EDV.mjs.gz
- tailwindcss/0.0.0-insiders.707c23b/chunk-XVOTX5KS.mjs.br
- tailwindcss/0.0.0-insiders.707c23b/chunk-XVOTX5KS.mjs.gz
- tailwindcss/0.0.0-insiders.707c23b/colors-C__qRT83.d.ts.br
- tailwindcss/0.0.0-insiders.707c23b/colors-C__qRT83.d.ts.gz
- tailwindcss/0.0.0-insiders.707c23b/colors.d.mts.br
- tailwindcss/0.0.0-insiders.707c23b/colors.d.mts.gz
- tailwindcss/0.0.0-insiders.707c23b/colors.d.ts.br
- tailwindcss/0.0.0-insiders.707c23b/colors.d.ts.gz
- tailwindcss/0.0.0-insiders.707c23b/colors.js.br
- tailwindcss/0.0.0-insiders.707c23b/colors.js.gz
- tailwindcss/0.0.0-insiders.707c23b/colors.min.js.br
- tailwindcss/0.0.0-insiders.707c23b/colors.min.js.gz
- tailwindcss/0.0.0-insiders.707c23b/colors.mjs.br
- tailwindcss/0.0.0-insiders.707c23b/colors.mjs.gz
- tailwindcss/0.0.0-insiders.707c23b/default-theme.d.mts.br
- tailwindcss/0.0.0-insiders.707c23b/default-theme.d.mts.gz
- tailwindcss/0.0.0-insiders.707c23b/default-theme.d.ts.br
- tailwindcss/0.0.0-insiders.707c23b/default-theme.d.ts.gz
- tailwindcss/0.0.0-insiders.707c23b/default-theme.js.br
- tailwindcss/0.0.0-insiders.707c23b/default-theme.js.gz
- tailwindcss/0.0.0-insiders.707c23b/default-theme.min.js.br
- tailwindcss/0.0.0-insiders.707c23b/default-theme.min.js.gz
- tailwindcss/0.0.0-insiders.707c23b/default-theme.mjs.br
- tailwindcss/0.0.0-insiders.707c23b/default-theme.mjs.gz
- tailwindcss/0.0.0-insiders.707c23b/flatten-color-palette.d.mts.br
- tailwindcss/0.0.0-insiders.707c23b/flatten-color-palette.d.mts.gz
- tailwindcss/0.0.0-insiders.707c23b/flatten-color-palette.d.ts.br
- tailwindcss/0.0.0-insiders.707c23b/flatten-color-palette.d.ts.gz
- tailwindcss/0.0.0-insiders.707c23b/flatten-color-palette.js.br
- tailwindcss/0.0.0-insiders.707c23b/flatten-color-palette.js.gz
- tailwindcss/0.0.0-insiders.707c23b/flatten-color-palette.min.js.br
- tailwindcss/0.0.0-insiders.707c23b/flatten-color-palette.min.js.gz
- tailwindcss/0.0.0-insiders.707c23b/flatten-color-palette.mjs.br
- tailwindcss/0.0.0-insiders.707c23b/flatten-color-palette.mjs.gz
- tailwindcss/0.0.0-insiders.707c23b/lib.d.mts.br
- tailwindcss/0.0.0-insiders.707c23b/lib.d.mts.gz
- tailwindcss/0.0.0-insiders.707c23b/lib.d.ts.br
- tailwindcss/0.0.0-insiders.707c23b/lib.d.ts.gz
- tailwindcss/0.0.0-insiders.707c23b/lib.js.br
- tailwindcss/0.0.0-insiders.707c23b/lib.js.gz
- tailwindcss/0.0.0-insiders.707c23b/lib.min.js.br
- tailwindcss/0.0.0-insiders.707c23b/lib.min.js.gz
- tailwindcss/0.0.0-insiders.707c23b/lib.mjs.br
- tailwindcss/0.0.0-insiders.707c23b/lib.mjs.gz
- tailwindcss/0.0.0-insiders.707c23b/plugin.d.mts.br
- tailwindcss/0.0.0-insiders.707c23b/plugin.d.mts.gz
- tailwindcss/0.0.0-insiders.707c23b/plugin.d.ts.br
- tailwindcss/0.0.0-insiders.707c23b/plugin.d.ts.gz
- tailwindcss/0.0.0-insiders.707c23b/plugin.js.br
- tailwindcss/0.0.0-insiders.707c23b/plugin.js.gz
- tailwindcss/0.0.0-insiders.707c23b/plugin.min.js.br
- tailwindcss/0.0.0-insiders.707c23b/plugin.min.js.gz
- tailwindcss/0.0.0-insiders.707c23b/plugin.mjs.br
- tailwindcss/0.0.0-insiders.707c23b/plugin.mjs.gz
- tailwindcss/0.0.0-insiders.707c23b/resolve-config-B4yBzhca.d.ts.br
- tailwindcss/0.0.0-insiders.707c23b/resolve-config-B4yBzhca.d.ts.gz
- tailwindcss/0.0.0-insiders.707c23b/resolve-config-QUZ9b-Gn.d.mts.br
- tailwindcss/0.0.0-insiders.707c23b/resolve-config-QUZ9b-Gn.d.mts.gz
- tailwindcss/0.0.0-insiders.707c23b/types-DWdTiksJ.d.mts.br
- tailwindcss/0.0.0-insiders.707c23b/types-DWdTiksJ.d.mts.gz