config: {"authors":[{"name":"Google Inc."}],"autoupdate":{"source":"npm","target":"@fontsource/belgrano","fileMap":[{"basePath":"","files":["*.css","files/*.@(woff|woff2)"]}],"excludeFromSearch":true},"description":"Self-host the Belgrano font in a neatly bundled NPM package.","filename":"index.css","homepage":"https://fontsource.org/fonts/belgrano","keywords":["fontsource","font","font family","google fonts","belgrano","Belgrano","css","sass","front-end","web","typeface","variable"],"license":"OFL-1.1","name":"fontsource-belgrano","repository":{"type":"git","url":"git+https://github.com/fontsource/font-files.git"},"author":"Google Inc."}
KV keys:
- fontsource-belgrano/5.2.1/400.css.br
- fontsource-belgrano/5.2.1/400.css.gz
- fontsource-belgrano/5.2.1/400.min.css.br
- fontsource-belgrano/5.2.1/400.min.css.gz
- fontsource-belgrano/5.2.1/files/belgrano-latin-400-normal.woff.br
- fontsource-belgrano/5.2.1/files/belgrano-latin-400-normal.woff.gz
- fontsource-belgrano/5.2.1/files/belgrano-latin-400-normal.woff2
- fontsource-belgrano/5.2.1/index.css.br
- fontsource-belgrano/5.2.1/index.css.gz
- fontsource-belgrano/5.2.1/index.min.css.br
- fontsource-belgrano/5.2.1/index.min.css.gz
- fontsource-belgrano/5.2.1/latin-400.css.br
- fontsource-belgrano/5.2.1/latin-400.css.gz
- fontsource-belgrano/5.2.1/latin-400.min.css.br
- fontsource-belgrano/5.2.1/latin-400.min.css.gz
- fontsource-belgrano/5.2.1/latin.css.br
- fontsource-belgrano/5.2.1/latin.css.gz
- fontsource-belgrano/5.2.1/latin.min.css.br
- fontsource-belgrano/5.2.1/latin.min.css.gz
SRIs:
- fontsource-belgrano/5.2.1/latin.min.css: sha512-A9hYjBBNap0yCNkmxpxX4KDy2iZUWYbwd9TLwdugbLEQaQnhdwLQR7QfZulpoAeBJ1428Va3bVaxzI8zWjZUdg==
- fontsource-belgrano/5.2.1/400.css: sha512-Qf+1RQ3YU406UCLMG9vZfjeYO54NJox0dO31I5Ad2rqF28Elbosg117gd/M3tCpNOC1rzNfs7DY1z8uQQYnkYA==
- fontsource-belgrano/5.2.1/400.min.css: sha512-qLp0t0i7D3xxhnRNh3kNmQovJGJtuaIWPGI79kAD5nzZzZYcdVtvAWGyZ/+lbP2f2O2ECfTdyp37mlAjqhTwbQ==
- fontsource-belgrano/5.2.1/index.css: sha512-Qf+1RQ3YU406UCLMG9vZfjeYO54NJox0dO31I5Ad2rqF28Elbosg117gd/M3tCpNOC1rzNfs7DY1z8uQQYnkYA==
- fontsource-belgrano/5.2.1/index.min.css: sha512-qLp0t0i7D3xxhnRNh3kNmQovJGJtuaIWPGI79kAD5nzZzZYcdVtvAWGyZ/+lbP2f2O2ECfTdyp37mlAjqhTwbQ==
- fontsource-belgrano/5.2.1/latin-400.css: sha512-Jjyj/LfH856/nctlMtVZtSCdfd5ukofrm1yAhfyeMVebfrT04XbmiFthpcKzaO7H4PDv3ma0LuU+wEGr4BjwjQ==
- fontsource-belgrano/5.2.1/latin-400.min.css: sha512-A9hYjBBNap0yCNkmxpxX4KDy2iZUWYbwd9TLwdugbLEQaQnhdwLQR7QfZulpoAeBJ1428Va3bVaxzI8zWjZUdg==
- fontsource-belgrano/5.2.1/latin.css: sha512-Jjyj/LfH856/nctlMtVZtSCdfd5ukofrm1yAhfyeMVebfrT04XbmiFthpcKzaO7H4PDv3ma0LuU+wEGr4BjwjQ==
