- fontsource-noto-sans-tagbanwa/5.2.7/400.css.br
- fontsource-noto-sans-tagbanwa/5.2.7/400.css.gz
- fontsource-noto-sans-tagbanwa/5.2.7/400.min.css.br
- fontsource-noto-sans-tagbanwa/5.2.7/400.min.css.gz
- fontsource-noto-sans-tagbanwa/5.2.7/files/noto-sans-tagbanwa-latin-400-normal.woff.br
- fontsource-noto-sans-tagbanwa/5.2.7/files/noto-sans-tagbanwa-latin-400-normal.woff.gz
- fontsource-noto-sans-tagbanwa/5.2.7/files/noto-sans-tagbanwa-latin-400-normal.woff2
- fontsource-noto-sans-tagbanwa/5.2.7/files/noto-sans-tagbanwa-latin-ext-400-normal.woff.br
- fontsource-noto-sans-tagbanwa/5.2.7/files/noto-sans-tagbanwa-latin-ext-400-normal.woff.gz
- fontsource-noto-sans-tagbanwa/5.2.7/files/noto-sans-tagbanwa-latin-ext-400-normal.woff2
- fontsource-noto-sans-tagbanwa/5.2.7/files/noto-sans-tagbanwa-tagbanwa-400-normal.woff.br
- fontsource-noto-sans-tagbanwa/5.2.7/files/noto-sans-tagbanwa-tagbanwa-400-normal.woff.gz
- fontsource-noto-sans-tagbanwa/5.2.7/files/noto-sans-tagbanwa-tagbanwa-400-normal.woff2
- fontsource-noto-sans-tagbanwa/5.2.7/index.css.br
- fontsource-noto-sans-tagbanwa/5.2.7/index.css.gz
- fontsource-noto-sans-tagbanwa/5.2.7/index.min.css.br
- fontsource-noto-sans-tagbanwa/5.2.7/index.min.css.gz
- fontsource-noto-sans-tagbanwa/5.2.7/latin-400.css.br
- fontsource-noto-sans-tagbanwa/5.2.7/latin-400.css.gz
- fontsource-noto-sans-tagbanwa/5.2.7/latin-400.min.css.br
- fontsource-noto-sans-tagbanwa/5.2.7/latin-400.min.css.gz
- fontsource-noto-sans-tagbanwa/5.2.7/latin-ext-400.css.br
- fontsource-noto-sans-tagbanwa/5.2.7/latin-ext-400.css.gz
- fontsource-noto-sans-tagbanwa/5.2.7/latin-ext-400.min.css.br
- fontsource-noto-sans-tagbanwa/5.2.7/latin-ext-400.min.css.gz
- fontsource-noto-sans-tagbanwa/5.2.7/latin-ext.css.br
- fontsource-noto-sans-tagbanwa/5.2.7/latin-ext.css.gz
- fontsource-noto-sans-tagbanwa/5.2.7/latin-ext.min.css.br
- fontsource-noto-sans-tagbanwa/5.2.7/latin-ext.min.css.gz
- fontsource-noto-sans-tagbanwa/5.2.7/latin.css.br
- fontsource-noto-sans-tagbanwa/5.2.7/latin.css.gz
- fontsource-noto-sans-tagbanwa/5.2.7/latin.min.css.br
- fontsource-noto-sans-tagbanwa/5.2.7/latin.min.css.gz
- fontsource-noto-sans-tagbanwa/5.2.7/tagbanwa-400.css.br
- fontsource-noto-sans-tagbanwa/5.2.7/tagbanwa-400.css.gz
- fontsource-noto-sans-tagbanwa/5.2.7/tagbanwa-400.min.css.br
- fontsource-noto-sans-tagbanwa/5.2.7/tagbanwa-400.min.css.gz
- fontsource-noto-sans-tagbanwa/5.2.7/tagbanwa.css.br
- fontsource-noto-sans-tagbanwa/5.2.7/tagbanwa.css.gz
- fontsource-noto-sans-tagbanwa/5.2.7/tagbanwa.min.css.br
- fontsource-noto-sans-tagbanwa/5.2.7/tagbanwa.min.css.gz