config: {"authors":[{"name":"Clerk"}],"autoupdate":{"source":"npm","target":"@clerk/clerk-js","fileMap":[{"basePath":"dist","files":["*.@(js|cjs|mjs)"]}]},"description":"Clerk JS library","filename":"clerk.min.js","homepage":"https://clerk.com/","keywords":["clerk","auth","authentication","passwordless","session","jwt"],"license":"MIT","name":"clerk-js","repository":{"type":"git","url":"https://github.com/clerk/javascript/tree/main/packages/clerk-js"},"author":"Clerk"}
KV keys:
- clerk-js/5.59.1-canary.v20250403181726/192_a368e5_5.59.1-canary.v20250403181726.js.br
- clerk-js/5.59.1-canary.v20250403181726/192_a368e5_5.59.1-canary.v20250403181726.js.gz
- clerk-js/5.59.1-canary.v20250403181726/192_a368e5_5.59.1-canary.v20250403181726.min.js.br
- clerk-js/5.59.1-canary.v20250403181726/192_a368e5_5.59.1-canary.v20250403181726.min.js.gz
- clerk-js/5.59.1-canary.v20250403181726/377_3bd51e_5.59.1-canary.v20250403181726.js.br
- clerk-js/5.59.1-canary.v20250403181726/377_3bd51e_5.59.1-canary.v20250403181726.js.gz
- clerk-js/5.59.1-canary.v20250403181726/377_3bd51e_5.59.1-canary.v20250403181726.min.js.br
- clerk-js/5.59.1-canary.v20250403181726/377_3bd51e_5.59.1-canary.v20250403181726.min.js.gz
- clerk-js/5.59.1-canary.v20250403181726/890_3bd51e_5.59.1-canary.v20250403181726.js.br
- clerk-js/5.59.1-canary.v20250403181726/890_3bd51e_5.59.1-canary.v20250403181726.js.gz
- clerk-js/5.59.1-canary.v20250403181726/890_3bd51e_5.59.1-canary.v20250403181726.min.js.br
- clerk-js/5.59.1-canary.v20250403181726/890_3bd51e_5.59.1-canary.v20250403181726.min.js.gz
- clerk-js/5.59.1-canary.v20250403181726/965_3bd51e_5.59.1-canary.v20250403181726.js.br
- clerk-js/5.59.1-canary.v20250403181726/965_3bd51e_5.59.1-canary.v20250403181726.js.gz
- clerk-js/5.59.1-canary.v20250403181726/965_3bd51e_5.59.1-canary.v20250403181726.min.js.br
- clerk-js/5.59.1-canary.v20250403181726/965_3bd51e_5.59.1-canary.v20250403181726.min.js.gz
- clerk-js/5.59.1-canary.v20250403181726/blankcaptcha_a368e5_5.59.1-canary.v20250403181726.js.br
- clerk-js/5.59.1-canary.v20250403181726/blankcaptcha_a368e5_5.59.1-canary.v20250403181726.js.gz
- clerk-js/5.59.1-canary.v20250403181726/blankcaptcha_a368e5_5.59.1-canary.v20250403181726.min.js.br
- clerk-js/5.59.1-canary.v20250403181726/blankcaptcha_a368e5_5.59.1-canary.v20250403181726.min.js.gz
- clerk-js/5.59.1-canary.v20250403181726/checkout_a368e5_5.59.1-canary.v20250403181726.js.br
- clerk-js/5.59.1-canary.v20250403181726/checkout_a368e5_5.59.1-canary.v20250403181726.js.gz
- clerk-js/5.59.1-canary.v20250403181726/checkout_a368e5_5.59.1-canary.v20250403181726.min.js.br
- clerk-js/5.59.1-canary.v20250403181726/checkout_a368e5_5.59.1-canary.v20250403181726.min.js.gz
- clerk-js/5.59.1-canary.v20250403181726/clerk.browser.js.br
- clerk-js/5.59.1-canary.v20250403181726/clerk.browser.js.gz
- clerk-js/5.59.1-canary.v20250403181726/clerk.browser.min.js.br
- clerk-js/5.59.1-canary.v20250403181726/clerk.browser.min.js.gz
- clerk-js/5.59.1-canary.v20250403181726/clerk.headless.browser.js.br
- clerk-js/5.59.1-canary.v20250403181726/clerk.headless.browser.js.gz
- clerk-js/5.59.1-canary.v20250403181726/clerk.headless.browser.min.js.br
- clerk-js/5.59.1-canary.v20250403181726/clerk.headless.browser.min.js.gz
- clerk-js/5.59.1-canary.v20250403181726/clerk.headless.js.br
- clerk-js/5.59.1-canary.v20250403181726/clerk.headless.js.gz
- clerk-js/5.59.1-canary.v20250403181726/clerk.headless.min.js.br
- clerk-js/5.59.1-canary.v20250403181726/clerk.headless.min.js.gz
- clerk-js/5.59.1-canary.v20250403181726/clerk.js.br
- clerk-js/5.59.1-canary.v20250403181726/clerk.js.gz
- clerk-js/5.59.1-canary.v20250403181726/clerk.min.js.br
- clerk-js/5.59.1-canary.v20250403181726/clerk.min.js.gz
- clerk-js/5.59.1-canary.v20250403181726/clerk.mjs.br
- clerk-js/5.59.1-canary.v20250403181726/clerk.mjs.gz
- clerk-js/5.59.1-canary.v20250403181726/clerk.no-rhc.js.br
- clerk-js/5.59.1-canary.v20250403181726/clerk.no-rhc.js.gz
- clerk-js/5.59.1-canary.v20250403181726/clerk.no-rhc.min.js.br
- clerk-js/5.59.1-canary.v20250403181726/clerk.no-rhc.min.js.gz
- clerk-js/5.59.1-canary.v20250403181726/clerk.no-rhc.mjs.br
- clerk-js/5.59.1-canary.v20250403181726/clerk.no-rhc.mjs.gz
- clerk-js/5.59.1-canary.v20250403181726/coinbase-wallet-sdk_5e2737_5.59.1-canary.v20250403181726.js.br
- clerk-js/5.59.1-canary.v20250403181726/coinbase-wallet-sdk_5e2737_5.59.1-canary.v20250403181726.js.gz
- clerk-js/5.59.1-canary.v20250403181726/coinbase-wallet-sdk_5e2737_5.59.1-canary.v20250403181726.min.js.br
- clerk-js/5.59.1-canary.v20250403181726/coinbase-wallet-sdk_5e2737_5.59.1-canary.v20250403181726.min.js.gz
- clerk-js/5.59.1-canary.v20250403181726/coinbase-wallet-sdk_a368e5_5.59.1-canary.v20250403181726.js.br
- clerk-js/5.59.1-canary.v20250403181726/coinbase-wallet-sdk_a368e5_5.59.1-canary.v20250403181726.js.gz
- clerk-js/5.59.1-canary.v20250403181726/coinbase-wallet-sdk_a368e5_5.59.1-canary.v20250403181726.min.js.br
- clerk-js/5.59.1-canary.v20250403181726/coinbase-wallet-sdk_a368e5_5.59.1-canary.v20250403181726.min.js.gz
- clerk-js/5.59.1-canary.v20250403181726/cookieSuffix_3bd51e_5.59.1-canary.v20250403181726.js.br
- clerk-js/5.59.1-canary.v20250403181726/cookieSuffix_3bd51e_5.59.1-canary.v20250403181726.js.gz
- clerk-js/5.59.1-canary.v20250403181726/cookieSuffix_3bd51e_5.59.1-canary.v20250403181726.min.js.br
- clerk-js/5.59.1-canary.v20250403181726/cookieSuffix_3bd51e_5.59.1-canary.v20250403181726.min.js.gz
- clerk-js/5.59.1-canary.v20250403181726/cookieSuffix_5e2737_5.59.1-canary.v20250403181726.js.br
- clerk-js/5.59.1-canary.v20250403181726/cookieSuffix_5e2737_5.59.1-canary.v20250403181726.js.gz
- clerk-js/5.59.1-canary.v20250403181726/cookieSuffix_5e2737_5.59.1-canary.v20250403181726.min.js.br
- clerk-js/5.59.1-canary.v20250403181726/cookieSuffix_5e2737_5.59.1-canary.v20250403181726.min.js.gz
- clerk-js/5.59.1-canary.v20250403181726/cookieSuffix_a368e5_5.59.1-canary.v20250403181726.js.br
- clerk-js/5.59.1-canary.v20250403181726/cookieSuffix_a368e5_5.59.1-canary.v20250403181726.js.gz
- clerk-js/5.59.1-canary.v20250403181726/cookieSuffix_a368e5_5.59.1-canary.v20250403181726.min.js.br
- clerk-js/5.59.1-canary.v20250403181726/cookieSuffix_a368e5_5.59.1-canary.v20250403181726.min.js.gz
- clerk-js/5.59.1-canary.v20250403181726/createorganization_a368e5_5.59.1-canary.v20250403181726.js.br
- clerk-js/5.59.1-canary.v20250403181726/createorganization_a368e5_5.59.1-canary.v20250403181726.js.gz
- clerk-js/5.59.1-canary.v20250403181726/createorganization_a368e5_5.59.1-canary.v20250403181726.min.js.br
- clerk-js/5.59.1-canary.v20250403181726/createorganization_a368e5_5.59.1-canary.v20250403181726.min.js.gz
- clerk-js/5.59.1-canary.v20250403181726/framework_a368e5_5.59.1-canary.v20250403181726.js.br
- clerk-js/5.59.1-canary.v20250403181726/framework_a368e5_5.59.1-canary.v20250403181726.js.gz
- clerk-js/5.59.1-canary.v20250403181726/framework_a368e5_5.59.1-canary.v20250403181726.min.js.br
- clerk-js/5.59.1-canary.v20250403181726/framework_a368e5_5.59.1-canary.v20250403181726.min.js.gz
- clerk-js/5.59.1-canary.v20250403181726/impersonationfab_a368e5_5.59.1-canary.v20250403181726.js.br
- clerk-js/5.59.1-canary.v20250403181726/impersonationfab_a368e5_5.59.1-canary.v20250403181726.js.gz
- clerk-js/5.59.1-canary.v20250403181726/impersonationfab_a368e5_5.59.1-canary.v20250403181726.min.js.br
- clerk-js/5.59.1-canary.v20250403181726/impersonationfab_a368e5_5.59.1-canary.v20250403181726.min.js.gz
- clerk-js/5.59.1-canary.v20250403181726/keylessPrompt_a368e5_5.59.1-canary.v20250403181726.js.br
- clerk-js/5.59.1-canary.v20250403181726/keylessPrompt_a368e5_5.59.1-canary.v20250403181726.js.gz
- clerk-js/5.59.1-canary.v20250403181726/keylessPrompt_a368e5_5.59.1-canary.v20250403181726.min.js.br
- clerk-js/5.59.1-canary.v20250403181726/keylessPrompt_a368e5_5.59.1-canary.v20250403181726.min.js.gz
- clerk-js/5.59.1-canary.v20250403181726/onetap_a368e5_5.59.1-canary.v20250403181726.js.br
- clerk-js/5.59.1-canary.v20250403181726/onetap_a368e5_5.59.1-canary.v20250403181726.js.gz
- clerk-js/5.59.1-canary.v20250403181726/onetap_a368e5_5.59.1-canary.v20250403181726.min.js.br
- clerk-js/5.59.1-canary.v20250403181726/onetap_a368e5_5.59.1-canary.v20250403181726.min.js.gz
- clerk-js/5.59.1-canary.v20250403181726/op-billing-page_a368e5_5.59.1-canary.v20250403181726.js.br
- clerk-js/5.59.1-canary.v20250403181726/op-billing-page_a368e5_5.59.1-canary.v20250403181726.js.gz
- clerk-js/5.59.1-canary.v20250403181726/op-billing-page_a368e5_5.59.1-canary.v20250403181726.min.js.br
- clerk-js/5.59.1-canary.v20250403181726/op-billing-page_a368e5_5.59.1-canary.v20250403181726.min.js.gz
- clerk-js/5.59.1-canary.v20250403181726/organizationlist_a368e5_5.59.1-canary.v20250403181726.js.br
- clerk-js/5.59.1-canary.v20250403181726/organizationlist_a368e5_5.59.1-canary.v20250403181726.js.gz
- clerk-js/5.59.1-canary.v20250403181726/organizationlist_a368e5_5.59.1-canary.v20250403181726.min.js.br
- clerk-js/5.59.1-canary.v20250403181726/organizationlist_a368e5_5.59.1-canary.v20250403181726.min.js.gz
- clerk-js/5.59.1-canary.v20250403181726/organizationprofile_a368e5_5.59.1-canary.v20250403181726.js.br
- clerk-js/5.59.1-canary.v20250403181726/organizationprofile_a368e5_5.59.1-canary.v20250403181726.js.gz
- clerk-js/5.59.1-canary.v20250403181726/organizationprofile_a368e5_5.59.1-canary.v20250403181726.min.js.br
- clerk-js/5.59.1-canary.v20250403181726/organizationprofile_a368e5_5.59.1-canary.v20250403181726.min.js.gz
- clerk-js/5.59.1-canary.v20250403181726/organizationswitcher_a368e5_5.59.1-canary.v20250403181726.js.br
- clerk-js/5.59.1-canary.v20250403181726/organizationswitcher_a368e5_5.59.1-canary.v20250403181726.js.gz
- clerk-js/5.59.1-canary.v20250403181726/organizationswitcher_a368e5_5.59.1-canary.v20250403181726.min.js.br
- clerk-js/5.59.1-canary.v20250403181726/organizationswitcher_a368e5_5.59.1-canary.v20250403181726.min.js.gz
- clerk-js/5.59.1-canary.v20250403181726/paymentSources_a368e5_5.59.1-canary.v20250403181726.js.br
- clerk-js/5.59.1-canary.v20250403181726/paymentSources_a368e5_5.59.1-canary.v20250403181726.js.gz
- clerk-js/5.59.1-canary.v20250403181726/paymentSources_a368e5_5.59.1-canary.v20250403181726.min.js.br
- clerk-js/5.59.1-canary.v20250403181726/paymentSources_a368e5_5.59.1-canary.v20250403181726.min.js.gz
- clerk-js/5.59.1-canary.v20250403181726/prefetchorganizationlist_a368e5_5.59.1-canary.v20250403181726.js.br
- clerk-js/5.59.1-canary.v20250403181726/prefetchorganizationlist_a368e5_5.59.1-canary.v20250403181726.js.gz
- clerk-js/5.59.1-canary.v20250403181726/prefetchorganizationlist_a368e5_5.59.1-canary.v20250403181726.min.js.br
- clerk-js/5.59.1-canary.v20250403181726/prefetchorganizationlist_a368e5_5.59.1-canary.v20250403181726.min.js.gz
- clerk-js/5.59.1-canary.v20250403181726/pricingTable_a368e5_5.59.1-canary.v20250403181726.js.br
- clerk-js/5.59.1-canary.v20250403181726/pricingTable_a368e5_5.59.1-canary.v20250403181726.js.gz
- clerk-js/5.59.1-canary.v20250403181726/pricingTable_a368e5_5.59.1-canary.v20250403181726.min.js.br
- clerk-js/5.59.1-canary.v20250403181726/pricingTable_a368e5_5.59.1-canary.v20250403181726.min.js.gz
- clerk-js/5.59.1-canary.v20250403181726/sessionTasks_a368e5_5.59.1-canary.v20250403181726.js.br
- clerk-js/5.59.1-canary.v20250403181726/sessionTasks_a368e5_5.59.1-canary.v20250403181726.js.gz
- clerk-js/5.59.1-canary.v20250403181726/sessionTasks_a368e5_5.59.1-canary.v20250403181726.min.js.br
- clerk-js/5.59.1-canary.v20250403181726/sessionTasks_a368e5_5.59.1-canary.v20250403181726.min.js.gz
- clerk-js/5.59.1-canary.v20250403181726/signin_a368e5_5.59.1-canary.v20250403181726.js.br
- clerk-js/5.59.1-canary.v20250403181726/signin_a368e5_5.59.1-canary.v20250403181726.js.gz
- clerk-js/5.59.1-canary.v20250403181726/signin_a368e5_5.59.1-canary.v20250403181726.min.js.br
- clerk-js/5.59.1-canary.v20250403181726/signin_a368e5_5.59.1-canary.v20250403181726.min.js.gz
- clerk-js/5.59.1-canary.v20250403181726/signup_a368e5_5.59.1-canary.v20250403181726.js.br
- clerk-js/5.59.1-canary.v20250403181726/signup_a368e5_5.59.1-canary.v20250403181726.js.gz
- clerk-js/5.59.1-canary.v20250403181726/signup_a368e5_5.59.1-canary.v20250403181726.min.js.br
- clerk-js/5.59.1-canary.v20250403181726/signup_a368e5_5.59.1-canary.v20250403181726.min.js.gz
- clerk-js/5.59.1-canary.v20250403181726/ui-common_a368e5_5.59.1-canary.v20250403181726.js.br
- clerk-js/5.59.1-canary.v20250403181726/ui-common_a368e5_5.59.1-canary.v20250403181726.js.gz
- clerk-js/5.59.1-canary.v20250403181726/ui-common_a368e5_5.59.1-canary.v20250403181726.min.js.br
- clerk-js/5.59.1-canary.v20250403181726/ui-common_a368e5_5.59.1-canary.v20250403181726.min.js.gz
- clerk-js/5.59.1-canary.v20250403181726/up-billing-page_a368e5_5.59.1-canary.v20250403181726.js.br
- clerk-js/5.59.1-canary.v20250403181726/up-billing-page_a368e5_5.59.1-canary.v20250403181726.js.gz
- clerk-js/5.59.1-canary.v20250403181726/up-billing-page_a368e5_5.59.1-canary.v20250403181726.min.js.br
- clerk-js/5.59.1-canary.v20250403181726/up-billing-page_a368e5_5.59.1-canary.v20250403181726.min.js.gz
- clerk-js/5.59.1-canary.v20250403181726/userbutton_a368e5_5.59.1-canary.v20250403181726.js.br
- clerk-js/5.59.1-canary.v20250403181726/userbutton_a368e5_5.59.1-canary.v20250403181726.js.gz
- clerk-js/5.59.1-canary.v20250403181726/userbutton_a368e5_5.59.1-canary.v20250403181726.min.js.br
- clerk-js/5.59.1-canary.v20250403181726/userbutton_a368e5_5.59.1-canary.v20250403181726.min.js.gz
- clerk-js/5.59.1-canary.v20250403181726/userprofile_a368e5_5.59.1-canary.v20250403181726.js.br
- clerk-js/5.59.1-canary.v20250403181726/userprofile_a368e5_5.59.1-canary.v20250403181726.js.gz
- clerk-js/5.59.1-canary.v20250403181726/userprofile_a368e5_5.59.1-canary.v20250403181726.min.js.br
- clerk-js/5.59.1-canary.v20250403181726/userprofile_a368e5_5.59.1-canary.v20250403181726.min.js.gz
- clerk-js/5.59.1-canary.v20250403181726/userverification_a368e5_5.59.1-canary.v20250403181726.js.br
- clerk-js/5.59.1-canary.v20250403181726/userverification_a368e5_5.59.1-canary.v20250403181726.js.gz
- clerk-js/5.59.1-canary.v20250403181726/userverification_a368e5_5.59.1-canary.v20250403181726.min.js.br
- clerk-js/5.59.1-canary.v20250403181726/userverification_a368e5_5.59.1-canary.v20250403181726.min.js.gz
- clerk-js/5.59.1-canary.v20250403181726/vendors_5e2737_5.59.1-canary.v20250403181726.js.br
- clerk-js/5.59.1-canary.v20250403181726/vendors_5e2737_5.59.1-canary.v20250403181726.js.gz
- clerk-js/5.59.1-canary.v20250403181726/vendors_5e2737_5.59.1-canary.v20250403181726.min.js.br
- clerk-js/5.59.1-canary.v20250403181726/vendors_5e2737_5.59.1-canary.v20250403181726.min.js.gz
- clerk-js/5.59.1-canary.v20250403181726/vendors_a368e5_5.59.1-canary.v20250403181726.js.br
- clerk-js/5.59.1-canary.v20250403181726/vendors_a368e5_5.59.1-canary.v20250403181726.js.gz
- clerk-js/5.59.1-canary.v20250403181726/vendors_a368e5_5.59.1-canary.v20250403181726.min.js.br
- clerk-js/5.59.1-canary.v20250403181726/vendors_a368e5_5.59.1-canary.v20250403181726.min.js.gz
- clerk-js/5.59.1-canary.v20250403181726/waitlist_a368e5_5.59.1-canary.v20250403181726.js.br
- clerk-js/5.59.1-canary.v20250403181726/waitlist_a368e5_5.59.1-canary.v20250403181726.js.gz
- clerk-js/5.59.1-canary.v20250403181726/waitlist_a368e5_5.59.1-canary.v20250403181726.min.js.br
- clerk-js/5.59.1-canary.v20250403181726/waitlist_a368e5_5.59.1-canary.v20250403181726.min.js.gz
- clerk-js/5.59.1-canary.v20250403181726/zxcvbn-common_5e2737_5.59.1-canary.v20250403181726.js.br
- clerk-js/5.59.1-canary.v20250403181726/zxcvbn-common_5e2737_5.59.1-canary.v20250403181726.js.gz
- clerk-js/5.59.1-canary.v20250403181726/zxcvbn-common_5e2737_5.59.1-canary.v20250403181726.min.js.br
- clerk-js/5.59.1-canary.v20250403181726/zxcvbn-common_5e2737_5.59.1-canary.v20250403181726.min.js.gz
- clerk-js/5.59.1-canary.v20250403181726/zxcvbn-common_a368e5_5.59.1-canary.v20250403181726.js.br
- clerk-js/5.59.1-canary.v20250403181726/zxcvbn-common_a368e5_5.59.1-canary.v20250403181726.js.gz
- clerk-js/5.59.1-canary.v20250403181726/zxcvbn-common_a368e5_5.59.1-canary.v20250403181726.min.js.br
- clerk-js/5.59.1-canary.v20250403181726/zxcvbn-common_a368e5_5.59.1-canary.v20250403181726.min.js.gz
- clerk-js/5.59.1-canary.v20250403181726/zxcvbn-ts-core_5e2737_5.59.1-canary.v20250403181726.js.br
- clerk-js/5.59.1-canary.v20250403181726/zxcvbn-ts-core_5e2737_5.59.1-canary.v20250403181726.js.gz
- clerk-js/5.59.1-canary.v20250403181726/zxcvbn-ts-core_5e2737_5.59.1-canary.v20250403181726.min.js.br
- clerk-js/5.59.1-canary.v20250403181726/zxcvbn-ts-core_5e2737_5.59.1-canary.v20250403181726.min.js.gz
- clerk-js/5.59.1-canary.v20250403181726/zxcvbn-ts-core_a368e5_5.59.1-canary.v20250403181726.js.br
- clerk-js/5.59.1-canary.v20250403181726/zxcvbn-ts-core_a368e5_5.59.1-canary.v20250403181726.js.gz
- clerk-js/5.59.1-canary.v20250403181726/zxcvbn-ts-core_a368e5_5.59.1-canary.v20250403181726.min.js.br
- clerk-js/5.59.1-canary.v20250403181726/zxcvbn-ts-core_a368e5_5.59.1-canary.v20250403181726.min.js.gz
SRIs:
- clerk-js/5.59.1-canary.v20250403181726/createorganization_a368e5_5.59.1-canary.v20250403181726.min.js: sha512-ifo2cpTxEYOUqVfYDlUKl2eEfrGLnY45WiCKssq/eJtmwu7PdDf1bof2HeWs/PeWptu05/H+zxclYDPxCGT30A==
- clerk-js/5.59.1-canary.v20250403181726/paymentSources_a368e5_5.59.1-canary.v20250403181726.js: sha512-wCuqaPk4SOmd25x7y3yMDltBN/s4tTfcqav3WHksH2n7MvFTxCcnCjMtL8bCjAHRQP+J/rPZf7i+9IV3uDKFtw==
- clerk-js/5.59.1-canary.v20250403181726/signin_a368e5_5.59.1-canary.v20250403181726.js: sha512-qQP+RL04hG40W3H2O8WkI4yFFD4Vp8Xqw8+cAfOclqoVJ4E2wIt68aajbLiUsvQl9SixClEd2I04x15JIDSayA==
- clerk-js/5.59.1-canary.v20250403181726/signin_a368e5_5.59.1-canary.v20250403181726.min.js: sha512-ctIvIA8iw7JZlF3QScPAKNffdkkrIeDMIE8S4697fEH/w1NQP1/dOjVfIyftx+DlWH2iydR5Subjc1H5yVd6gw==
- clerk-js/5.59.1-canary.v20250403181726/userbutton_a368e5_5.59.1-canary.v20250403181726.js: sha512-Y550+/951K/GedpL0i2X4TwyCUcXma6zu5TEP9BS1FjFMB69UXSGeynfvw4aQL0cxlYpVt+hA0GfuG1sx/V+2A==
- clerk-js/5.59.1-canary.v20250403181726/userbutton_a368e5_5.59.1-canary.v20250403181726.min.js: sha512-kBIDwVZh+wRwFe1U9TuAIHtbSbC9Azk/9DawjWnskqqzi4XDbjhzdCh1SaxyX9C39i68wpTyl3EqOtGF/YPrzw==
- clerk-js/5.59.1-canary.v20250403181726/userprofile_a368e5_5.59.1-canary.v20250403181726.js: sha512-59SjQ1Sqg+WeyS7LyK1xSI39C8uBzGuHszQowbSdkCdsobfCimidKktmk9jMTOVvDuq25fWTQmxguqa1LGEpwA==
- clerk-js/5.59.1-canary.v20250403181726/cookieSuffix_a368e5_5.59.1-canary.v20250403181726.js: sha512-vg9W90KEqH+vc1JFRH1saEVXiUZnoB4PjRAUIK93ot8dTBNFw5s4bdxfDujpqxfPLF9nfaOTDTwxPkEGE9X40g==
- clerk-js/5.59.1-canary.v20250403181726/userprofile_a368e5_5.59.1-canary.v20250403181726.min.js: sha512-giEbnOefcq1j8NHB1d3XEbSTUtS5ysGG+xLCsJv/me+rTAzC+OfDSPoHmeIuzWNPMe/QWSgW4Q/ju/VjLn6iIg==
- clerk-js/5.59.1-canary.v20250403181726/clerk.headless.js: sha512-eVUHMNBw9Q7AuPLi0MS6Ls2RwS7qCO9wVmlsytz2ZRXxcP3sBUlLEO1p0jVgPch3gULIfBpNcb4awYWUWhnyxQ==
- clerk-js/5.59.1-canary.v20250403181726/up-billing-page_a368e5_5.59.1-canary.v20250403181726.js: sha512-fiHx3K3Ftn5jEAjDg2Z6ohmNohTUBJUbYR6KksmI0H+yd/0M0efTkf3Nv5ZL6T5Vb0wvCv2bGq9MyQ/1BpaYFw==
- clerk-js/5.59.1-canary.v20250403181726/zxcvbn-ts-core_5e2737_5.59.1-canary.v20250403181726.js: sha512-u1R07OFG77/ApUc4X39jIggIaisrN9w+/I/bMkjOmgcCYIsM1u3/GJBonYkOC6KFAAyoCbEaTQfg7yI8pqKQMQ==
- clerk-js/5.59.1-canary.v20250403181726/zxcvbn-ts-core_a368e5_5.59.1-canary.v20250403181726.js: sha512-u1R07OFG77/ApUc4X39jIggIaisrN9w+/I/bMkjOmgcCYIsM1u3/GJBonYkOC6KFAAyoCbEaTQfg7yI8pqKQMQ==
- clerk-js/5.59.1-canary.v20250403181726/890_3bd51e_5.59.1-canary.v20250403181726.js: sha512-fJyLr7eyoRcxY4VoMqOrIvUfxOV20tqKiaz+bSQ7mdi09zQ7lwu2ZNK8F+hkpZXWjfH1fbNLGhqXXW/pvdMjTQ==
- clerk-js/5.59.1-canary.v20250403181726/createorganization_a368e5_5.59.1-canary.v20250403181726.js: sha512-B7v8/gHj4qW79CXh1P8V99rK8L+6A+oSeg4eSzLqVFn4Nmd2QjsG1gk5nfDlMrAcrOKIt4m+tLhfDAVBOSkagQ==
- clerk-js/5.59.1-canary.v20250403181726/op-billing-page_a368e5_5.59.1-canary.v20250403181726.js: sha512-KYpmILSv2HX3b1Qy4YJkB5q75yYCm68pwJIJnWDZ6JkcxM5IC5/rGph83QNvhg/vQAOQcms1Zqk113hgkyQUUg==
- clerk-js/5.59.1-canary.v20250403181726/organizationprofile_a368e5_5.59.1-canary.v20250403181726.js: sha512-hO5KCl6rLE9y4tcoQNh59BdWABqFClT1o7jb2M99XehfOW0PkHW9dGXm7iZ32W41zUCQSBb9quyDsQVtCDwlVA==
- clerk-js/5.59.1-canary.v20250403181726/organizationprofile_a368e5_5.59.1-canary.v20250403181726.min.js: sha512-ucwEdqRqDmt2Auv5lDFUwHeXDyijr7Vz8cEJM9HyMjkp74ieUnobBEhL8qscesh2DIV65y6ye9KjiCzQfEdUfw==
- clerk-js/5.59.1-canary.v20250403181726/clerk.js: sha512-c5uEMOMSg3CJn7JBEqqpZh+nF0mX/Tm6zjgxWp/bRrnL5zD9a2284AoL1cnOo47giX2JtoXI/EZ3jmCrvxGccQ==
- clerk-js/5.59.1-canary.v20250403181726/clerk.min.js: sha512-khas55AeVM3kPh7ejxPnVdbKeWk4H5ldkdFT8n6N3zUeatt5rACsSW2GhNuzwquSBvBy/Qb4eGRwiLGh0+ZwcA==
- clerk-js/5.59.1-canary.v20250403181726/clerk.no-rhc.min.js: sha512-zO0hJ5buNPhYYhP0EPO0ZpqwPSlxFDRpFGpeobVUEN52SF4teZ7uQnUcMsNnT0FIerLqDMH8fVBsiadgPqCRbg==
- clerk-js/5.59.1-canary.v20250403181726/cookieSuffix_5e2737_5.59.1-canary.v20250403181726.js: sha512-IJE0CiJEmdq03APLKkIPgq2PbtP14FrxDhSgsZ2Y9XfYD9CxRjUvXffvbzdaio5H6aCgWKbQ2k/1+J+EsNDvew==
- clerk-js/5.59.1-canary.v20250403181726/impersonationfab_a368e5_5.59.1-canary.v20250403181726.js: sha512-+BfcjuQgwYwffxDfPJVVoh2lYtTD6Wjc3un0LcUNff+HMs9VfgWgwDgjNLGIlVN8S+pWtX3HWibS84e3i+67Fw==
- clerk-js/5.59.1-canary.v20250403181726/impersonationfab_a368e5_5.59.1-canary.v20250403181726.min.js: sha512-ns2BtdBss40yzbBYFo3m+Vip8Fg1WGEYn8CURL8UhuiEvIq8UrEkgYAhnwAwsWiWSAJLSTE9uA4CrBy+ukChbA==
- clerk-js/5.59.1-canary.v20250403181726/keylessPrompt_a368e5_5.59.1-canary.v20250403181726.min.js: sha512-8+yIJP1jf3O1355Y3Ns+r4kiItKH6Klx2iESNioYjJio/pw/L78IbwlZAkq5xliqqO2Kbdgb3glivYcUF8Q7hg==
- clerk-js/5.59.1-canary.v20250403181726/onetap_a368e5_5.59.1-canary.v20250403181726.js: sha512-ECzz2S+Rh24+fGNgGcEm60efcnWKXLUfvhRidTerEVzTqvR0bIVm1l0O2SojWRW/bavukVZHHjH6lZMZBQnXMw==
- clerk-js/5.59.1-canary.v20250403181726/checkout_a368e5_5.59.1-canary.v20250403181726.js: sha512-k41MUaq7h+2HRM4+5Nt/2uQ2e66DCus0yXzS9hYsDq7f1W/5x/tTAno91j0n40IrKJ8ILqwtSO+OJbRaaMRlzg==
- clerk-js/5.59.1-canary.v20250403181726/zxcvbn-ts-core_a368e5_5.59.1-canary.v20250403181726.min.js: sha512-ehVFQI3Q5B22PedBZ61SoCgmlVgE/7x8GtncAZJHp9Y4jjysZ6bykR43MSAJNr8sIV/Ea3pLNmWqzOIEmNhMSw==
- clerk-js/5.59.1-canary.v20250403181726/op-billing-page_a368e5_5.59.1-canary.v20250403181726.min.js: sha512-Yz3uZEuzsLwCJYdKoaj+52uRVuouPKCWBMiq7VVX6orbv8yGeThLcCjOxwRB8UXiFPmXmdACexJi+wpwbW2flA==
- clerk-js/5.59.1-canary.v20250403181726/vendors_5e2737_5.59.1-canary.v20250403181726.js: sha512-uQG8M2yNSlwoHm6Sg6JdCvPDoQ7qaIkO8iF3eO2ldvyd5Gr97Maa1xjlFve1lrqXqxyFOtOtzRH6YvV4SYgWQA==
- clerk-js/5.59.1-canary.v20250403181726/waitlist_a368e5_5.59.1-canary.v20250403181726.js: sha512-gRg7wP4lSHGEVpXiy05PY9dN1ODepucznP3phWJFdVUB5423gys0ApsTeariaechU5keS4UPzCLDlc419Lf5Og==
- clerk-js/5.59.1-canary.v20250403181726/clerk.browser.js: sha512-tAGRaACWuN+NFWl+Cmz2dLFx/ZTSmoembj9eCaopkwR3bBqUnU6o5nH/xn1zywehxu3AwqoNrpXpSCg3D/+67g==
- clerk-js/5.59.1-canary.v20250403181726/prefetchorganizationlist_a368e5_5.59.1-canary.v20250403181726.min.js: sha512-m1tgn8ek0bXf/Q6UlC6vt8wbU11+T80PUTFj7GRdd3fIbpJy5FQ4zWRZg1wD6EFuMZiVKXwXz+egZOo22DVgXA==
- clerk-js/5.59.1-canary.v20250403181726/pricingTable_a368e5_5.59.1-canary.v20250403181726.js: sha512-8LBBC+aA1+Be0K1SLucKObXwtUB7JZkZyzri7eue48AP51JQkJcG8WmwiB0nbwB30KHCDCKj8A2l60F9RMTOsA==
- clerk-js/5.59.1-canary.v20250403181726/userverification_a368e5_5.59.1-canary.v20250403181726.js: sha512-wS6Lxbu2A33o6Nb79K9N7jF/Y0XPAndwaX4Clg/vQeCaffVy8vKT2WGyYDDXpGQ0NOTBVCUGyQ9x7+4+r7LYFw==
- clerk-js/5.59.1-canary.v20250403181726/zxcvbn-common_a368e5_5.59.1-canary.v20250403181726.js: sha512-gwix3ZNtw1TFm23lywvPd2Ibw3+NOUxGSfpWkDhBtznjqXZw9sYOylp0NmN8iwaLQ6vc+D0Srw/hORbGdD3sPA==
- clerk-js/5.59.1-canary.v20250403181726/framework_a368e5_5.59.1-canary.v20250403181726.min.js: sha512-HEOozu01OzUjoYEygMb4koxRRbaZrW0jTd4dTD5wkUajtxCXFhGEN036JGc0rCcfARtYiWh4ptj65vIovYgydg==
- clerk-js/5.59.1-canary.v20250403181726/blankcaptcha_a368e5_5.59.1-canary.v20250403181726.js: sha512-K/LKg2bGL57gXt4bFmluvJGVbQU3KMeh17Dc6awBvqEDlUWhLewrBxRY792j2mNs/wmScrBe+apT7pLPyGzceQ==
- clerk-js/5.59.1-canary.v20250403181726/blankcaptcha_a368e5_5.59.1-canary.v20250403181726.min.js: sha512-+OzhVMBdDxGDvp/Tkfa9KCrX7+We/KZ2M/0d33WR5t57p3OVV5c1rv9mltcs6QvV0e5MgSi6yJ235w2lqYLOAw==
- clerk-js/5.59.1-canary.v20250403181726/cookieSuffix_3bd51e_5.59.1-canary.v20250403181726.min.js: sha512-4EUpSUHonBKrBJLqwevyDFCyTVJz/+Wr7b2xKgHYgjZt1NZtxiTd/kVMpRKuzrZTgnG5XlpPer2sG76Xz14NSQ==
- clerk-js/5.59.1-canary.v20250403181726/framework_a368e5_5.59.1-canary.v20250403181726.js: sha512-tzb6+xSCXoHW1A/3MvW/WzBy3nMxuZEp/FmtWopEUDBhpxur1MmgmFPyLowrAEXTntykggo2DAQQxBxeFDT5ug==
- clerk-js/5.59.1-canary.v20250403181726/signup_a368e5_5.59.1-canary.v20250403181726.js: sha512-8D6rlICS/yt6RtmYUNw0Ovw6VARhqiX4ZgEnZKsFPSErfkoK4Ii6hXwrW4Vi83ztSL/jR2MMS/rGzkNazTrFNA==
- clerk-js/5.59.1-canary.v20250403181726/zxcvbn-common_5e2737_5.59.1-canary.v20250403181726.min.js: sha512-y9gRF5Ka0unhVB2xoG/Bj2bzMBaPmpTTA9TH7eV8uiBXGRYf00rNezp5SflLdYFXtbsBj8le/1j/wf0t9ArKog==
- clerk-js/5.59.1-canary.v20250403181726/965_3bd51e_5.59.1-canary.v20250403181726.js: sha512-wwA9njlxlsLhRHDycSFJcLeupDJXe/GOIfY77JYrvgr6t0c5yHN47YUjarYBNezgVlk9dqwpLgOictg6x0EW1Q==
- clerk-js/5.59.1-canary.v20250403181726/onetap_a368e5_5.59.1-canary.v20250403181726.min.js: sha512-NC0/ZGqOAdTjYkg4+oNDPmvwYQlxLzp8iyiXGOIMZC2WkXAWKOmCmzcjIynrLFdMBsesMEr/Kaq5oY4LahQqzw==
- clerk-js/5.59.1-canary.v20250403181726/organizationlist_a368e5_5.59.1-canary.v20250403181726.min.js: sha512-Pwn9Mir90n7apLfvhjCi83D1NxguvPP/M7qHVo8MxCnFoYqa132pJR2z3CQd7BG0ly+4wfbBzKQWk/3reNZFtA==
- clerk-js/5.59.1-canary.v20250403181726/vendors_a368e5_5.59.1-canary.v20250403181726.js: sha512-6BKrvRB+VJBKvIStA6mCtcs2Zaf4w1xw7ujU4JkwTEVTt34x4ymkfrJFQnXVLjDUrKGdW5xbFF2qEfqfaacH3g==
- clerk-js/5.59.1-canary.v20250403181726/zxcvbn-common_5e2737_5.59.1-canary.v20250403181726.js: sha512-boX5uXNRQZQYN/W2CHlD1c+GxJz/eIvxQEB/NHUf35Kqhj/LVz3BNsbzlnJ//KfJNGLq2kp2aOx1pEYCA2ZJ1g==
- clerk-js/5.59.1-canary.v20250403181726/965_3bd51e_5.59.1-canary.v20250403181726.min.js: sha512-8uzLXoaBYGUPescFLLI+JOQ6nHcbv51kNZtJPMRklNO6KLP2HpPHiisW7QSSlNGqanUR8dHFY+ctwiarcpekFQ==
- clerk-js/5.59.1-canary.v20250403181726/coinbase-wallet-sdk_a368e5_5.59.1-canary.v20250403181726.js: sha512-XmsWgo7P66/MJ98RjH5+xP+jqMIySmYdkUlZU5Y+pQehv4HRBuCOl9E8eCkQMucfhDAbicblzU80MPDVa/Q0dg==
- clerk-js/5.59.1-canary.v20250403181726/zxcvbn-ts-core_5e2737_5.59.1-canary.v20250403181726.min.js: sha512-ehVFQI3Q5B22PedBZ61SoCgmlVgE/7x8GtncAZJHp9Y4jjysZ6bykR43MSAJNr8sIV/Ea3pLNmWqzOIEmNhMSw==
- clerk-js/5.59.1-canary.v20250403181726/890_3bd51e_5.59.1-canary.v20250403181726.min.js: sha512-hEF1K43aQMqG+pijiViKx6kafnm8kQiXYv2ecFOJb274GXeRhb+1rUWzQsXEuBYEP6kYZlZGr2l5QBu6yPY9Ww==
- clerk-js/5.59.1-canary.v20250403181726/clerk.headless.browser.js: sha512-5AtS4YePDrEwJjQlpmT/42pg0Pbxv30a8RUr52UdfeDwRDbqntmnouW6+bgq0FcFK7difasasHQCycGy5Z/PBg==
- clerk-js/5.59.1-canary.v20250403181726/clerk.headless.browser.min.js: sha512-o6+WJF3PgAqYkEKWtbMoY4NYq5AVPHJXtjaWDbpTQ464xSqIWBi/aGBaKP3cq0NCE0i0z8gnbFoPLVH40U8wzQ==
- clerk-js/5.59.1-canary.v20250403181726/coinbase-wallet-sdk_5e2737_5.59.1-canary.v20250403181726.min.js: sha512-0kD7RWMhSF+z/MvkILSfl6UcQjg1zNm89dkKCIrOLsX6MXRYIuziueKxakjzl9lAaeRQaIBOR36CsFouW+/c2Q==
- clerk-js/5.59.1-canary.v20250403181726/coinbase-wallet-sdk_a368e5_5.59.1-canary.v20250403181726.min.js: sha512-xFKf1REnhu8jteRUwRyXmjyDzXeHocWG4/flkSvB6sadgAwfoia2Ji5mEd5RLnFhNaUYMZ1R0uODgRfMb+9zEg==
- clerk-js/5.59.1-canary.v20250403181726/signup_a368e5_5.59.1-canary.v20250403181726.min.js: sha512-MvEh+Ib5BlIDpx4jg2jn/Pj68XVICusoN4jVYE8Yyw04dZ0SAaYNrmjBqBdoaeaud7gf2nIUkx/6s8A+IqC2+g==
- clerk-js/5.59.1-canary.v20250403181726/vendors_5e2737_5.59.1-canary.v20250403181726.min.js: sha512-g4RuY+I+s/H0OIi8AxCaJozKGXjtlbcAAqVi+gXahsnCWx34mPL8NnuwatR1VV0s1VEalcS2zUG2iF8tjFP8+A==
- clerk-js/5.59.1-canary.v20250403181726/377_3bd51e_5.59.1-canary.v20250403181726.js: sha512-zc8F3yZk25QQjJrOShqLpeNBhA8ix9HZTcTIrQiPU60F0OKzyPgSPRi+CPwhDzAP7iSnJme4ws73O3/7Qicq0w==
- clerk-js/5.59.1-canary.v20250403181726/377_3bd51e_5.59.1-canary.v20250403181726.min.js: sha512-F6coj+HeCu/LQQe+SxnItti0GzOGI0YQuh4qx7obTnNRIPOEqdjguZZr+5XGt0IWnPYy0g3HAaw5wz05SJViWQ==
- clerk-js/5.59.1-canary.v20250403181726/checkout_a368e5_5.59.1-canary.v20250403181726.min.js: sha512-chWobdIclV9M+GKO9VhrEZeDxMG99Ytmh15ksulTtnI+H/pfEWOviEMfX2ZhcZPTiubX4VkHWaNwBmEuFKrQAw==
- clerk-js/5.59.1-canary.v20250403181726/clerk.browser.min.js: sha512-J9AhdjpCtidc9XhK/QishHA2BpeAgInbNXffkJLxvUfxmczxIsTsf0PMEMr+qgbea7vKjXiiaKCm68TFmAnJWg==
- clerk-js/5.59.1-canary.v20250403181726/clerk.no-rhc.js: sha512-HSrMTcWHOWB4yC3iV3X1K5fcs7CcLzy36vuHaJgTrKEG285GBQxF2iXWkvoFaZoqJCK3xxed7+2t/djHJzifGA==
- clerk-js/5.59.1-canary.v20250403181726/cookieSuffix_a368e5_5.59.1-canary.v20250403181726.min.js: sha512-vg9W90KEqH+vc1JFRH1saEVXiUZnoB4PjRAUIK93ot8dTBNFw5s4bdxfDujpqxfPLF9nfaOTDTwxPkEGE9X40g==
- clerk-js/5.59.1-canary.v20250403181726/organizationswitcher_a368e5_5.59.1-canary.v20250403181726.js: sha512-gA37+aKFrRM6kD0KPUV2AIMocmJcLc+SYy9epdaguC9LYEI/5kawFxUfzxTbK7UnTT9h8emGp0r149VYQk+BRg==
- clerk-js/5.59.1-canary.v20250403181726/up-billing-page_a368e5_5.59.1-canary.v20250403181726.min.js: sha512-a2oAujBtRptMyMHFAYG/BNPOdQIQCE9A2eceSTZAH0iRU+REI8hpEmqtsOSRh4K///3pmtc1llIuUvdEk/tulQ==
- clerk-js/5.59.1-canary.v20250403181726/192_a368e5_5.59.1-canary.v20250403181726.js: sha512-LPfCBvuKdn739Zy8MMJiRbnUBfFSZX36DUBocXJl30BLML0GBj39Wf7xIfV6dQW+Fr+y0j5X+Mo/BynvKiGn2w==
- clerk-js/5.59.1-canary.v20250403181726/vendors_a368e5_5.59.1-canary.v20250403181726.min.js: sha512-O51Eces2zLlh7QjLY5JOQ4wtT82MAVhFtyRzPxwAjD5jK/Y6RrDQpF5kwY8G+05macoTaxJVaU4A05D4c81rTw==
- clerk-js/5.59.1-canary.v20250403181726/userverification_a368e5_5.59.1-canary.v20250403181726.min.js: sha512-nN50ec8cRhv/ozDDa0qMtgNmujjARXEUGImTC8i83HGro1nT0aA358/jGnWColcCmVMUWaLqvVKro+c+y29GMQ==
- clerk-js/5.59.1-canary.v20250403181726/cookieSuffix_3bd51e_5.59.1-canary.v20250403181726.js: sha512-DbbncaS2EQBxFJTxSV84ifuy40zRRwOUsx11FPksOP6nbyXhy+a+lxx5qT7zo6kSuMbAeHP0IBvdKuLx+5wlsA==
- clerk-js/5.59.1-canary.v20250403181726/ui-common_a368e5_5.59.1-canary.v20250403181726.js: sha512-JuIkrpB5bErn8WcCocn/a1U8r3a6yafv5wBR+0MyEk4K5xOU+H44v/2U2fv88VHVkn3F3Az/W6S/pnp8cunA5A==
- clerk-js/5.59.1-canary.v20250403181726/ui-common_a368e5_5.59.1-canary.v20250403181726.min.js: sha512-lNcYuLJXpp14qiESY6ZlaKBxsFO0D4sluLOKf5lQa83T07gUn447ISENhpB5uLnRqOUC/DmjqYz6dNAhQyz7OQ==
- clerk-js/5.59.1-canary.v20250403181726/coinbase-wallet-sdk_5e2737_5.59.1-canary.v20250403181726.js: sha512-zsMxKfk3FVycks+FAkdfYxN5nPwWS2YwahF3420dqllixlk5RFx/tG+bLIG0F7HmXPvTwLkzLZQQzBrDvQaIVQ==
- clerk-js/5.59.1-canary.v20250403181726/sessionTasks_a368e5_5.59.1-canary.v20250403181726.min.js: sha512-jkhMzuE9rgQqXH3B4//pTdUxLmhGDaDWfCF41b6GST3N9JvzBZvXVufHL3KOzNWJVYfd6Z6jicPeDwlQcCAvrg==
- clerk-js/5.59.1-canary.v20250403181726/waitlist_a368e5_5.59.1-canary.v20250403181726.min.js: sha512-RqAghIRYQ2aSyatbuhzRoV/if/OWHSaPIdOHVytoSFUa+dKZnn6s9c1VWUex2IvtO1we3iVGTyFdgg/57WXR+w==
- clerk-js/5.59.1-canary.v20250403181726/keylessPrompt_a368e5_5.59.1-canary.v20250403181726.js: sha512-P/dT2SkEDq5xeohTWp7qYHm6DvBAr4HpSu6qewZdptRz2v6diGRllY+s5FJUPAPOKVM2g7gfY81CeNVDtiu8vg==
- clerk-js/5.59.1-canary.v20250403181726/organizationlist_a368e5_5.59.1-canary.v20250403181726.js: sha512-QK1whvW7nGVRrkoW5gj30Y1QA+LpWHF8rixavdegds3U52La87+55mn9SpO3+Up/aHXRPN7x8GCDJh5oTHx5FQ==
- clerk-js/5.59.1-canary.v20250403181726/paymentSources_a368e5_5.59.1-canary.v20250403181726.min.js: sha512-i+Lbw4NfKFOd52VMet05+Q7z5YWYNiE4ua50vAMVoR8GUe3EBCRZ5UauHlKqArZcN5kv2jlEpajCBlvcGuN5CA==
- clerk-js/5.59.1-canary.v20250403181726/pricingTable_a368e5_5.59.1-canary.v20250403181726.min.js: sha512-Wo1pZvffWUtzZtZggF4oZJKAw77JYqUIqq1ZWNMUt0+5avFQQ6WiJH88B8fENjZslC36ciXpldkpp1YDuIa+zw==
- clerk-js/5.59.1-canary.v20250403181726/cookieSuffix_5e2737_5.59.1-canary.v20250403181726.min.js: sha512-IJE0CiJEmdq03APLKkIPgq2PbtP14FrxDhSgsZ2Y9XfYD9CxRjUvXffvbzdaio5H6aCgWKbQ2k/1+J+EsNDvew==
- clerk-js/5.59.1-canary.v20250403181726/organizationswitcher_a368e5_5.59.1-canary.v20250403181726.min.js: sha512-0IFP/Qs/uFcXlVBAujgzlVS6QmCzAOmz9kieZIPyyCDA/fIWNQVqAjmC5OknKto/OY6tlJfsgnzErmgtPnTG0Q==
- clerk-js/5.59.1-canary.v20250403181726/prefetchorganizationlist_a368e5_5.59.1-canary.v20250403181726.js: sha512-Mmq4uAp0dCe7u5gdD3o6cPepYgI9slRxTqU9ER4IFAE52TkrLoRvnhavRlpUhhxmSnNHZ6DibV2AznPdUeLolg==
- clerk-js/5.59.1-canary.v20250403181726/sessionTasks_a368e5_5.59.1-canary.v20250403181726.js: sha512-ockF8p7IZH5pmfsVbXzwimGx1Yb0m5AvlvJl9O11iqtqofCZklsaiMD63dMyLwO/eT4Zf70BOSeadHEOhmmCUA==
- clerk-js/5.59.1-canary.v20250403181726/zxcvbn-common_a368e5_5.59.1-canary.v20250403181726.min.js: sha512-aCh2ygfnro5vZf81EzHC+a/0h3M9TnJ00IBt7iXKLjzLgyI3auAtH1LiZ+RWZSr6GgzVCxn+vp4qecJpbYQxzQ==
- clerk-js/5.59.1-canary.v20250403181726/clerk.headless.min.js: sha512-oQW3qye+DnppVoU4KWmFYVnWAbj4JDywNl0nwwO+a3ZQMZ/qr1ZlEeq/mo9wyqWvDVm8tsB8HA4MS2t6qzQN3g==
- clerk-js/5.59.1-canary.v20250403181726/192_a368e5_5.59.1-canary.v20250403181726.min.js: sha512-DBcKNYpe/0v32yoAXVrsmSw8NDhXdOv1+9cFa2iqpQD0gAYj3GxfkWDyDlAGYtheYk25I1S/uB3ScmZmTVstLQ==
