config: {"authors":[{"name":"Descope"}],"autoupdate":{"source":"npm","target":"@descope/web-component","fileMap":[{"basePath":"dist","files":["*.@(js|map)","esm/descope-wc/*.@(js|map)","cjs/descope-wc/*.@(js|map)"]}]},"description":"Descope Web Component","filename":"index.js","homepage":"https://github.com/descope/descope-js#readme","keywords":["descope","auth","openid","authentication","jwt","browser","flows","ui","ciam"],"license":"MIT","name":"descope-web-component","repository":{"type":"git","url":"git://github.com/descope/descope-js.git"},"author":"Descope"}
KV keys:
- descope-web-component/3.44.1/cjs/descope-wc/BaseDescopeWc.js.br
- descope-web-component/3.44.1/cjs/descope-wc/BaseDescopeWc.js.gz
- descope-web-component/3.44.1/cjs/descope-wc/BaseDescopeWc.js.map.br
- descope-web-component/3.44.1/cjs/descope-wc/BaseDescopeWc.js.map.gz
- descope-web-component/3.44.1/cjs/descope-wc/BaseDescopeWc.min.js.br
- descope-web-component/3.44.1/cjs/descope-wc/BaseDescopeWc.min.js.gz
- descope-web-component/3.44.1/cjs/descope-wc/DescopeWc.js.br
- descope-web-component/3.44.1/cjs/descope-wc/DescopeWc.js.gz
- descope-web-component/3.44.1/cjs/descope-wc/DescopeWc.js.map.br
- descope-web-component/3.44.1/cjs/descope-wc/DescopeWc.js.map.gz
- descope-web-component/3.44.1/cjs/descope-wc/DescopeWc.min.js.br
- descope-web-component/3.44.1/cjs/descope-wc/DescopeWc.min.js.gz
- descope-web-component/3.44.1/cjs/descope-wc/index.js.br
- descope-web-component/3.44.1/cjs/descope-wc/index.js.gz
- descope-web-component/3.44.1/cjs/descope-wc/index.js.map.br
- descope-web-component/3.44.1/cjs/descope-wc/index.js.map.gz
- descope-web-component/3.44.1/cjs/descope-wc/index.min.js.br
- descope-web-component/3.44.1/cjs/descope-wc/index.min.js.gz
- descope-web-component/3.44.1/esm/descope-wc/BaseDescopeWc.js.br
- descope-web-component/3.44.1/esm/descope-wc/BaseDescopeWc.js.gz
- descope-web-component/3.44.1/esm/descope-wc/BaseDescopeWc.js.map.br
- descope-web-component/3.44.1/esm/descope-wc/BaseDescopeWc.js.map.gz
- descope-web-component/3.44.1/esm/descope-wc/BaseDescopeWc.min.js.br
- descope-web-component/3.44.1/esm/descope-wc/BaseDescopeWc.min.js.gz
- descope-web-component/3.44.1/esm/descope-wc/DescopeWc.js.br
- descope-web-component/3.44.1/esm/descope-wc/DescopeWc.js.gz
- descope-web-component/3.44.1/esm/descope-wc/DescopeWc.js.map.br
- descope-web-component/3.44.1/esm/descope-wc/DescopeWc.js.map.gz
- descope-web-component/3.44.1/esm/descope-wc/DescopeWc.min.js.br
- descope-web-component/3.44.1/esm/descope-wc/DescopeWc.min.js.gz
- descope-web-component/3.44.1/esm/descope-wc/index.js.br
- descope-web-component/3.44.1/esm/descope-wc/index.js.gz
- descope-web-component/3.44.1/esm/descope-wc/index.js.map.br
- descope-web-component/3.44.1/esm/descope-wc/index.js.map.gz
- descope-web-component/3.44.1/esm/descope-wc/index.min.js.br
- descope-web-component/3.44.1/esm/descope-wc/index.min.js.gz
- descope-web-component/3.44.1/index.js.br
- descope-web-component/3.44.1/index.js.gz
- descope-web-component/3.44.1/index.min.js.br
- descope-web-component/3.44.1/index.min.js.gz
SRIs:
- descope-web-component/3.44.1/cjs/descope-wc/BaseDescopeWc.js: sha512-TI1XvOcUOMa4C1/6HA5p+KdX13rMMmvdGrlCWmROxajvqbiCDhpW7R0Y1r2PQst4O4V+LnaSB/+o0CRoto01lw==
- descope-web-component/3.44.1/cjs/descope-wc/DescopeWc.js: sha512-0cACEVG5DU+iQCu5Pr+WGh2bHlZHCmXoHG6NnhHFH51+REk2lXN/C5pCAH+Nl66/m8Ac1Wp4opfsYrggmRM3gQ==
- descope-web-component/3.44.1/esm/descope-wc/DescopeWc.js: sha512-oyyOn0Yl3oXsOknOZDqLpQ0otB/7HBTdcAC3Gb+7XsAJLxoUfN6dRU9hWLE9+/T22NXz0gy8tYiZpbz3AoxRQQ==
- descope-web-component/3.44.1/cjs/descope-wc/BaseDescopeWc.min.js: sha512-U9qVOXZe2IDxyM1qL+ea7OuStB0MhERM/XHWl2r5U6J2GPDdVmLVOR5KI336KvTRphgonmFcRn0CjeM4MrPhYA==
- descope-web-component/3.44.1/cjs/descope-wc/DescopeWc.min.js: sha512-Jp5mj2LFhYLTs6K+wxCfHPJJw7SG/27CTcMKz35xf0d6FEd0BYy9+F1Aw3yN5dPP+HlhvT8lK1D1byTtC/e5FQ==
- descope-web-component/3.44.1/esm/descope-wc/index.js: sha512-v2VLpYNmCjE1OSwGMoSpVnW2ev1W7unLRmP+hxkvRIe6EujMHBU1F7+X2ist9ifw38CWYdLR/hVwsO55PHlURQ==
- descope-web-component/3.44.1/cjs/descope-wc/index.min.js: sha512-//GbMaFuhmS1oetgbW4C4PMwbIoZnOQ1/N0sSEE2n84KhLFQcxWvuXXt62mS267e4v4CNWdxEe8SbC3umXR7Wg==
- descope-web-component/3.44.1/esm/descope-wc/DescopeWc.min.js: sha512-nszz0FNDpf8+t1vJepp8Vdw7xRhPgl0GqHIUis6TmUQxRwFsziDuvI4fqAsryJapQy1j7CLizc2Y7cjGT27Q+g==
- descope-web-component/3.44.1/esm/descope-wc/index.min.js: sha512-hbJm+/C3Ver9x+iUj0hu3JqaJqOThRaqYANYKl+k0pG4GGLUKAGEwU0vIHSOzWBLLzXoeUeSJmzeFQKuMP2YNA==
- descope-web-component/3.44.1/index.js: sha512-dHGXfUYNBkZWAsKoNKBwIYqW5zkgfRsIfdbPFsk/OJHRIw+7zsITdT3W2nNDqGIxxAD7LB61WrrPSzlBRPJKFw==
- descope-web-component/3.44.1/cjs/descope-wc/index.js: sha512-a01gcneIpny9pVZYrpcc8WyjkFIx2qPrPlyLnz6ENWTCrRLoLdlqWEbedG6x5UnntHuBAHR1EDM12BfFQAj9Sg==
- descope-web-component/3.44.1/esm/descope-wc/BaseDescopeWc.js: sha512-pNSZzVBYlK6fxKcRnY01pSn1dL6tDoNsl2oCRUMM5MDsYOIUwMSNGCE+SCFJjrDoe4OKy4W45yJjuC2BGHjzpQ==
- descope-web-component/3.44.1/esm/descope-wc/BaseDescopeWc.min.js: sha512-o/tfI+1UxXGmIgfLTf16Hksjnun78qEFDsVc9eUoHMdpCcwEoyLmjAham/IsZwja1Ly9ky7XfMWiMWNsCalSuw==
- descope-web-component/3.44.1/index.min.js: sha512-Lw9ObdrtcIqValEfXbxbT2N9TbiOUTIY277YBuKMl29BoxTtPWCq8YEp/I4UZng4UUV2QbWEGmWfTiJpvfswVw==
