Files:
- fontsource-karmilla/5.2.5/400.css.br
- fontsource-karmilla/5.2.5/400.css.gz
- fontsource-karmilla/5.2.5/400.css.sri
- fontsource-karmilla/5.2.5/400.min.css.br
- fontsource-karmilla/5.2.5/400.min.css.gz
- fontsource-karmilla/5.2.5/400.min.css.sri
- fontsource-karmilla/5.2.5/700.css.br
- fontsource-karmilla/5.2.5/700.css.gz
- fontsource-karmilla/5.2.5/700.css.sri
- fontsource-karmilla/5.2.5/700.min.css.br
- fontsource-karmilla/5.2.5/700.min.css.gz
- fontsource-karmilla/5.2.5/700.min.css.sri
- fontsource-karmilla/5.2.5/files/karmilla-latin-400-normal.woff.br
- fontsource-karmilla/5.2.5/files/karmilla-latin-400-normal.woff.gz
- fontsource-karmilla/5.2.5/files/karmilla-latin-400-normal.woff2
- fontsource-karmilla/5.2.5/files/karmilla-latin-700-normal.woff.br
- fontsource-karmilla/5.2.5/files/karmilla-latin-700-normal.woff.gz
- fontsource-karmilla/5.2.5/files/karmilla-latin-700-normal.woff2
- fontsource-karmilla/5.2.5/index.css.br
- fontsource-karmilla/5.2.5/index.css.gz
- fontsource-karmilla/5.2.5/index.css.sri
- fontsource-karmilla/5.2.5/index.min.css.br
- fontsource-karmilla/5.2.5/index.min.css.gz
- fontsource-karmilla/5.2.5/index.min.css.sri
- fontsource-karmilla/5.2.5/latin-400.css.br
- fontsource-karmilla/5.2.5/latin-400.css.gz
- fontsource-karmilla/5.2.5/latin-400.css.sri
- fontsource-karmilla/5.2.5/latin-400.min.css.br
- fontsource-karmilla/5.2.5/latin-400.min.css.gz
- fontsource-karmilla/5.2.5/latin-400.min.css.sri
- fontsource-karmilla/5.2.5/latin-700.css.br
- fontsource-karmilla/5.2.5/latin-700.css.gz
- fontsource-karmilla/5.2.5/latin-700.css.sri
- fontsource-karmilla/5.2.5/latin-700.min.css.br
- fontsource-karmilla/5.2.5/latin-700.min.css.gz
- fontsource-karmilla/5.2.5/latin-700.min.css.sri
- fontsource-karmilla/5.2.5/latin.css.br
- fontsource-karmilla/5.2.5/latin.css.gz
- fontsource-karmilla/5.2.5/latin.css.sri
- fontsource-karmilla/5.2.5/latin.min.css.br
- fontsource-karmilla/5.2.5/latin.min.css.gz
- fontsource-karmilla/5.2.5/latin.min.css.sri
