Files:
- tailwindcss/0.0.0-insiders.125c089/chunk-3FWCBO63.mjs.br
- tailwindcss/0.0.0-insiders.125c089/chunk-3FWCBO63.mjs.gz
- tailwindcss/0.0.0-insiders.125c089/chunk-7ZRPRNCT.mjs.br
- tailwindcss/0.0.0-insiders.125c089/chunk-7ZRPRNCT.mjs.gz
- tailwindcss/0.0.0-insiders.125c089/chunk-AZANAYY2.mjs.br
- tailwindcss/0.0.0-insiders.125c089/chunk-AZANAYY2.mjs.gz
- tailwindcss/0.0.0-insiders.125c089/colors-b_6i0Oi7.d.ts.br
- tailwindcss/0.0.0-insiders.125c089/colors-b_6i0Oi7.d.ts.gz
- tailwindcss/0.0.0-insiders.125c089/colors.d.mts.br
- tailwindcss/0.0.0-insiders.125c089/colors.d.mts.gz
- tailwindcss/0.0.0-insiders.125c089/colors.d.ts.br
- tailwindcss/0.0.0-insiders.125c089/colors.d.ts.gz
- tailwindcss/0.0.0-insiders.125c089/colors.js.br
- tailwindcss/0.0.0-insiders.125c089/colors.js.gz
- tailwindcss/0.0.0-insiders.125c089/colors.js.sri
- tailwindcss/0.0.0-insiders.125c089/colors.min.js.br
- tailwindcss/0.0.0-insiders.125c089/colors.min.js.gz
- tailwindcss/0.0.0-insiders.125c089/colors.min.js.sri
- tailwindcss/0.0.0-insiders.125c089/colors.mjs.br
- tailwindcss/0.0.0-insiders.125c089/colors.mjs.gz
- tailwindcss/0.0.0-insiders.125c089/default-theme.d.mts.br
- tailwindcss/0.0.0-insiders.125c089/default-theme.d.mts.gz
- tailwindcss/0.0.0-insiders.125c089/default-theme.d.ts.br
- tailwindcss/0.0.0-insiders.125c089/default-theme.d.ts.gz
- tailwindcss/0.0.0-insiders.125c089/default-theme.js.br
- tailwindcss/0.0.0-insiders.125c089/default-theme.js.gz
- tailwindcss/0.0.0-insiders.125c089/default-theme.js.sri
- tailwindcss/0.0.0-insiders.125c089/default-theme.min.js.br
- tailwindcss/0.0.0-insiders.125c089/default-theme.min.js.gz
- tailwindcss/0.0.0-insiders.125c089/default-theme.min.js.sri
- tailwindcss/0.0.0-insiders.125c089/default-theme.mjs.br
- tailwindcss/0.0.0-insiders.125c089/default-theme.mjs.gz
- tailwindcss/0.0.0-insiders.125c089/flatten-color-palette.d.mts.br
- tailwindcss/0.0.0-insiders.125c089/flatten-color-palette.d.mts.gz
- tailwindcss/0.0.0-insiders.125c089/flatten-color-palette.d.ts.br
- tailwindcss/0.0.0-insiders.125c089/flatten-color-palette.d.ts.gz
- tailwindcss/0.0.0-insiders.125c089/flatten-color-palette.js.br
- tailwindcss/0.0.0-insiders.125c089/flatten-color-palette.js.gz
- tailwindcss/0.0.0-insiders.125c089/flatten-color-palette.js.sri
- tailwindcss/0.0.0-insiders.125c089/flatten-color-palette.min.js.br
- tailwindcss/0.0.0-insiders.125c089/flatten-color-palette.min.js.gz
- tailwindcss/0.0.0-insiders.125c089/flatten-color-palette.min.js.sri
- tailwindcss/0.0.0-insiders.125c089/flatten-color-palette.mjs.br
- tailwindcss/0.0.0-insiders.125c089/flatten-color-palette.mjs.gz
- tailwindcss/0.0.0-insiders.125c089/lib.d.mts.br
- tailwindcss/0.0.0-insiders.125c089/lib.d.mts.gz
- tailwindcss/0.0.0-insiders.125c089/lib.d.ts.br
- tailwindcss/0.0.0-insiders.125c089/lib.d.ts.gz
- tailwindcss/0.0.0-insiders.125c089/lib.js.br
- tailwindcss/0.0.0-insiders.125c089/lib.js.gz
- tailwindcss/0.0.0-insiders.125c089/lib.js.sri
- tailwindcss/0.0.0-insiders.125c089/lib.min.js.br
- tailwindcss/0.0.0-insiders.125c089/lib.min.js.gz
- tailwindcss/0.0.0-insiders.125c089/lib.min.js.sri
- tailwindcss/0.0.0-insiders.125c089/lib.mjs.br
- tailwindcss/0.0.0-insiders.125c089/lib.mjs.gz
- tailwindcss/0.0.0-insiders.125c089/plugin.d.mts.br
- tailwindcss/0.0.0-insiders.125c089/plugin.d.mts.gz
- tailwindcss/0.0.0-insiders.125c089/plugin.d.ts.br
- tailwindcss/0.0.0-insiders.125c089/plugin.d.ts.gz
- tailwindcss/0.0.0-insiders.125c089/plugin.js.br
- tailwindcss/0.0.0-insiders.125c089/plugin.js.gz
- tailwindcss/0.0.0-insiders.125c089/plugin.js.sri
- tailwindcss/0.0.0-insiders.125c089/plugin.min.js.br
- tailwindcss/0.0.0-insiders.125c089/plugin.min.js.gz
- tailwindcss/0.0.0-insiders.125c089/plugin.min.js.sri
- tailwindcss/0.0.0-insiders.125c089/plugin.mjs.br
- tailwindcss/0.0.0-insiders.125c089/plugin.mjs.gz
- tailwindcss/0.0.0-insiders.125c089/resolve-config-BIFUA2FY.d.ts.br
- tailwindcss/0.0.0-insiders.125c089/resolve-config-BIFUA2FY.d.ts.gz
- tailwindcss/0.0.0-insiders.125c089/resolve-config-QUZ9b-Gn.d.mts.br
- tailwindcss/0.0.0-insiders.125c089/resolve-config-QUZ9b-Gn.d.mts.gz
- tailwindcss/0.0.0-insiders.125c089/types-BTRmm49E.d.mts.br
- tailwindcss/0.0.0-insiders.125c089/types-BTRmm49E.d.mts.gz
