config: {"authors":[{"name":"ruffle contributors","url":"https://github.com/ruffle-rs/ruffle/graphs/contributors"}],"autoupdate":{"source":"npm","target":"@ruffle-rs/ruffle","fileMap":[{"basePath":"","files":["*.@(js|wasm)"]}]},"description":"Putting Flash back on the web. Ruffle will polyfill all Flash content and replace it with the Ruffle flash player.","filename":"ruffle.js","homepage":"https://ruffle.rs","keywords":["flash","swf"],"license":"(MIT OR Apache-2.0)","name":"ruffle-rs","repository":{"type":"git","url":"git+https://github.com/ruffle-rs/ruffle.git"},"author":"ruffle contributors (https://github.com/ruffle-rs/ruffle/graphs/contributors)"}
KV keys:
- ruffle-rs/0.1.0-nightly.2024.9.19/0502121c30f71a88dfce.wasm.br
- ruffle-rs/0.1.0-nightly.2024.9.19/0502121c30f71a88dfce.wasm.gz
- ruffle-rs/0.1.0-nightly.2024.9.19/7da89a9cf6166d86eabf.wasm.br
- ruffle-rs/0.1.0-nightly.2024.9.19/7da89a9cf6166d86eabf.wasm.gz
- ruffle-rs/0.1.0-nightly.2024.9.19/core.ruffle.1fd47a4dc99e652a91f6.js.br
- ruffle-rs/0.1.0-nightly.2024.9.19/core.ruffle.1fd47a4dc99e652a91f6.js.gz
- ruffle-rs/0.1.0-nightly.2024.9.19/core.ruffle.1fd47a4dc99e652a91f6.min.js.br
- ruffle-rs/0.1.0-nightly.2024.9.19/core.ruffle.1fd47a4dc99e652a91f6.min.js.gz
- ruffle-rs/0.1.0-nightly.2024.9.19/core.ruffle.da40be074f4d49c09363.js.br
- ruffle-rs/0.1.0-nightly.2024.9.19/core.ruffle.da40be074f4d49c09363.js.gz
- ruffle-rs/0.1.0-nightly.2024.9.19/core.ruffle.da40be074f4d49c09363.min.js.br
- ruffle-rs/0.1.0-nightly.2024.9.19/core.ruffle.da40be074f4d49c09363.min.js.gz
- ruffle-rs/0.1.0-nightly.2024.9.19/ruffle.js.br
- ruffle-rs/0.1.0-nightly.2024.9.19/ruffle.js.gz
- ruffle-rs/0.1.0-nightly.2024.9.19/ruffle.min.js.br
- ruffle-rs/0.1.0-nightly.2024.9.19/ruffle.min.js.gz
SRIs:
- ruffle-rs/0.1.0-nightly.2024.9.19/core.ruffle.da40be074f4d49c09363.min.js: sha512-6gF3+BRuh7kIrFxR19CQS94IMJWzjL0thQMnYttT/t/xtvHMHf+BwUFtc7q42PE1ArR93Jgpce5iGfDXk/fEVg==
- ruffle-rs/0.1.0-nightly.2024.9.19/ruffle.js: sha512-LZpNfSxCn4v7+rEcqW7kLStkH9JTqcFTVvSAw/FR+4hjqIDm1ZqcYt+Yirf4qG/eo+R0ncoqmfwTZAR0uOTtFQ==
- ruffle-rs/0.1.0-nightly.2024.9.19/ruffle.min.js: sha512-zI+6rWj/RZLBSLptkYs92ny0Nh8DC77zxOUXGnBch/cp2K8/aBkJrr8+8/EKetDS2doqDW9pa9bWgV8Nav/8GQ==
- ruffle-rs/0.1.0-nightly.2024.9.19/core.ruffle.1fd47a4dc99e652a91f6.js: sha512-RiCzL5AnVJcIbqilWwyiO4TpS5Mah5WhD7JB1f4iEgU/I7TWsd5THXiEMRP2+MfQcLp22U7vAHVWVMBBoLyZDg==
- ruffle-rs/0.1.0-nightly.2024.9.19/core.ruffle.1fd47a4dc99e652a91f6.min.js: sha512-BTQSNuYBf1QK9sRjOPefPjRzfI5ImRrfQmBlG0vKbuw51SmQeMxNnoJSUCvgV9n4db13iux+BTPQwyP/Z6eB0A==
- ruffle-rs/0.1.0-nightly.2024.9.19/core.ruffle.da40be074f4d49c09363.js: sha512-1VxSOOkcg3qP+WWu4lbBPmJtGmJFHS9h7h51sT6IGtPt22nWSnmq2Hrt5LHxdNQzi339GRGMCc44ewAt9ck6WQ==
