2025/06/17 13:33:48 optimizing files (Js true, Css true, Png true, Jpg true)
2025/06/17 13:33:49 algorithm: run /usr/bin/brotli --quality=11 --output=/output/shaka-player.compiled.debug.d.ts.br /tmp/work/dist/shaka-player.compiled.debug.d.ts
2025/06/17 13:33:49 algorithm: run /usr/bin/brotli --quality=11 --output=/output/shaka-player.compiled.debug.map.br /tmp/work/dist/shaka-player.compiled.debug.map
2025/06/17 13:33:49 algorithm: run /usr/bin/brotli --quality=11 --output=/output/shaka-player.compiled.d.ts.br /tmp/work/dist/shaka-player.compiled.d.ts
2025/06/17 13:33:49 compress: run /node_modules/uglify-js/bin/uglifyjs (3.15.4) [--mangle --compress if_return=true -o /tmp/work/dist/shaka-player.compiled.externs.min.js /tmp/work/dist/shaka-player.compiled.externs.js]
2025/06/17 13:33:49 algorithm: run /usr/bin/brotli --quality=11 --output=/output/shaka-player.compiled.map.br /tmp/work/dist/shaka-player.compiled.map
2025/06/17 13:33:49 compress: run /node_modules/uglify-js/bin/uglifyjs (3.15.4) [--mangle --compress if_return=true -o /tmp/work/dist/shaka-player.compiled.debug.min.js /tmp/work/dist/shaka-player.compiled.debug.js]
2025/06/17 13:33:49 compress: run /node_modules/uglify-js/bin/uglifyjs (3.15.4) [--mangle --compress if_return=true -o /tmp/work/dist/shaka-player.compiled.min.js /tmp/work/dist/shaka-player.compiled.js]
2025/06/17 13:33:49 compress: run /node_modules/uglify-js/bin/uglifyjs (3.15.4) [--mangle --compress if_return=true -o /tmp/work/dist/shaka-player.compiled.debug.externs.min.js /tmp/work/dist/shaka-player.compiled.debug.externs.js]
2025/06/17 13:33:51 br /tmp/work/dist/shaka-player.compiled.debug.d.ts -> /output/shaka-player.compiled.debug.d.ts.br
2025/06/17 13:33:51 sri /tmp/work/dist/shaka-player.compiled.externs.min.js -> /output/shaka-player.compiled.externs.min.js.sri
2025/06/17 13:33:51 algorithm: run /usr/bin/brotli --quality=11 --output=/output/shaka-player.compiled.externs.min.js.br /tmp/work/dist/shaka-player.compiled.externs.min.js
2025/06/17 13:33:51 gz /tmp/work/dist/shaka-player.compiled.debug.d.ts -> /output/shaka-player.compiled.debug.d.ts.gz
2025/06/17 13:33:51 algorithm: run /usr/bin/brotli --quality=11 --output=/output/shaka-player.ui.d.ts.br /tmp/work/dist/shaka-player.ui.d.ts
2025/06/17 13:33:51 sri /tmp/work/dist/shaka-player.compiled.debug.externs.min.js -> /output/shaka-player.compiled.debug.externs.min.js.sri
2025/06/17 13:33:51 algorithm: run /usr/bin/brotli --quality=11 --output=/output/shaka-player.compiled.debug.externs.min.js.br /tmp/work/dist/shaka-player.compiled.debug.externs.min.js
2025/06/17 13:33:52 br /tmp/work/dist/shaka-player.compiled.debug.externs.min.js -> /output/shaka-player.compiled.debug.externs.min.js.br
2025/06/17 13:33:52 gz /tmp/work/dist/shaka-player.compiled.debug.externs.min.js -> /output/shaka-player.compiled.debug.externs.min.js.gz
2025/06/17 13:33:52 sri /tmp/work/dist/shaka-player.compiled.debug.externs.js -> /output/shaka-player.compiled.debug.externs.js.sri
2025/06/17 13:33:52 algorithm: run /usr/bin/brotli --quality=11 --output=/output/shaka-player.compiled.debug.externs.js.br /tmp/work/dist/shaka-player.compiled.debug.externs.js
2025/06/17 13:33:52 br /tmp/work/dist/shaka-player.compiled.externs.min.js -> /output/shaka-player.compiled.externs.min.js.br
2025/06/17 13:33:52 gz /tmp/work/dist/shaka-player.compiled.externs.min.js -> /output/shaka-player.compiled.externs.min.js.gz
2025/06/17 13:33:52 sri /tmp/work/dist/shaka-player.compiled.externs.js -> /output/shaka-player.compiled.externs.js.sri
2025/06/17 13:33:52 algorithm: run /usr/bin/brotli --quality=11 --output=/output/shaka-player.compiled.externs.js.br /tmp/work/dist/shaka-player.compiled.externs.js
2025/06/17 13:33:52 br /tmp/work/dist/shaka-player.compiled.d.ts -> /output/shaka-player.compiled.d.ts.br
2025/06/17 13:33:52 gz /tmp/work/dist/shaka-player.compiled.d.ts -> /output/shaka-player.compiled.d.ts.gz
2025/06/17 13:33:52 algorithm: run /usr/bin/brotli --quality=11 --output=/output/shaka-player.ui.debug.d.ts.br /tmp/work/dist/shaka-player.ui.debug.d.ts
2025/06/17 13:33:53 br /tmp/work/dist/shaka-player.compiled.debug.externs.js -> /output/shaka-player.compiled.debug.externs.js.br
2025/06/17 13:33:53 gz /tmp/work/dist/shaka-player.compiled.debug.externs.js -> /output/shaka-player.compiled.debug.externs.js.gz
2025/06/17 13:33:53 compress: run /node_modules/uglify-js/bin/uglifyjs (3.15.4) [--mangle --compress if_return=true -o /tmp/work/dist/shaka-player.ui.debug.externs.min.js /tmp/work/dist/shaka-player.ui.debug.externs.js]
2025/06/17 13:33:54 br /tmp/work/dist/shaka-player.compiled.externs.js -> /output/shaka-player.compiled.externs.js.br
2025/06/17 13:33:54 gz /tmp/work/dist/shaka-player.compiled.externs.js -> /output/shaka-player.compiled.externs.js.gz
2025/06/17 13:33:54 compress: run /node_modules/uglify-js/bin/uglifyjs (3.15.4) [--mangle --compress if_return=true -o /tmp/work/dist/shaka-player.ui.debug.min.js /tmp/work/dist/shaka-player.ui.debug.js]
2025/06/17 13:33:54 br /tmp/work/dist/shaka-player.ui.d.ts -> /output/shaka-player.ui.d.ts.br
2025/06/17 13:33:54 gz /tmp/work/dist/shaka-player.ui.d.ts -> /output/shaka-player.ui.d.ts.gz
2025/06/17 13:33:54 algorithm: run /usr/bin/brotli --quality=11 --output=/output/shaka-player.ui.debug.map.br /tmp/work/dist/shaka-player.ui.debug.map
2025/06/17 13:33:55 br /tmp/work/dist/shaka-player.ui.debug.d.ts -> /output/shaka-player.ui.debug.d.ts.br
2025/06/17 13:33:55 gz /tmp/work/dist/shaka-player.ui.debug.d.ts -> /output/shaka-player.ui.debug.d.ts.gz
2025/06/17 13:33:55 compress: run /node_modules/uglify-js/bin/uglifyjs (3.15.4) [--mangle --compress if_return=true -o /tmp/work/dist/shaka-player.ui.externs.min.js /tmp/work/dist/shaka-player.ui.externs.js]
2025/06/17 13:33:56 sri /tmp/work/dist/shaka-player.ui.debug.externs.min.js -> /output/shaka-player.ui.debug.externs.min.js.sri
2025/06/17 13:33:56 algorithm: run /usr/bin/brotli --quality=11 --output=/output/shaka-player.ui.debug.externs.min.js.br /tmp/work/dist/shaka-player.ui.debug.externs.min.js
2025/06/17 13:33:56 br /tmp/work/dist/shaka-player.ui.debug.externs.min.js -> /output/shaka-player.ui.debug.externs.min.js.br
2025/06/17 13:33:56 gz /tmp/work/dist/shaka-player.ui.debug.externs.min.js -> /output/shaka-player.ui.debug.externs.min.js.gz
2025/06/17 13:33:56 sri /tmp/work/dist/shaka-player.ui.debug.externs.js -> /output/shaka-player.ui.debug.externs.js.sri
2025/06/17 13:33:56 algorithm: run /usr/bin/brotli --quality=11 --output=/output/shaka-player.ui.debug.externs.js.br /tmp/work/dist/shaka-player.ui.debug.externs.js
2025/06/17 13:33:57 sri /tmp/work/dist/shaka-player.ui.externs.min.js -> /output/shaka-player.ui.externs.min.js.sri
2025/06/17 13:33:57 algorithm: run /usr/bin/brotli --quality=11 --output=/output/shaka-player.ui.externs.min.js.br /tmp/work/dist/shaka-player.ui.externs.min.js
2025/06/17 13:33:57 br /tmp/work/dist/shaka-player.ui.externs.min.js -> /output/shaka-player.ui.externs.min.js.br
2025/06/17 13:33:57 gz /tmp/work/dist/shaka-player.ui.externs.min.js -> /output/shaka-player.ui.externs.min.js.gz
2025/06/17 13:33:57 sri /tmp/work/dist/shaka-player.ui.externs.js -> /output/shaka-player.ui.externs.js.sri
2025/06/17 13:33:57 algorithm: run /usr/bin/brotli --quality=11 --output=/output/shaka-player.ui.externs.js.br /tmp/work/dist/shaka-player.ui.externs.js
2025/06/17 13:33:59 br /tmp/work/dist/shaka-player.ui.externs.js -> /output/shaka-player.ui.externs.js.br
2025/06/17 13:33:59 gz /tmp/work/dist/shaka-player.ui.externs.js -> /output/shaka-player.ui.externs.js.gz
2025/06/17 13:33:59 compress: run /node_modules/uglify-js/bin/uglifyjs (3.15.4) [--mangle --compress if_return=true -o /tmp/work/dist/shaka-player.ui.min.js /tmp/work/dist/shaka-player.ui.js]
2025/06/17 13:34:00 br /tmp/work/dist/shaka-player.ui.debug.externs.js -> /output/shaka-player.ui.debug.externs.js.br
2025/06/17 13:34:00 gz /tmp/work/dist/shaka-player.ui.debug.externs.js -> /output/shaka-player.ui.debug.externs.js.gz
2025/06/17 13:34:00 algorithm: run /usr/bin/brotli --quality=11 --output=/output/shaka-player.ui.map.br /tmp/work/dist/shaka-player.ui.map
2025/06/17 13:34:19 br /tmp/work/dist/shaka-player.compiled.map -> /output/shaka-player.compiled.map.br
2025/06/17 13:34:24 gz /tmp/work/dist/shaka-player.compiled.map -> /output/shaka-player.compiled.map.gz
2025/06/17 13:34:24 compress: run /node_modules/clean-css-cli/bin/cleancss (3.3.10) [--compatibility --s0 -o /tmp/work/dist/controls.min.css /tmp/work/dist/controls.css]
2025/06/17 13:34:25 sri /tmp/work/dist/controls.min.css -> /output/controls.min.css.sri
2025/06/17 13:34:25 algorithm: run /usr/bin/brotli --quality=11 --output=/output/controls.min.css.br /tmp/work/dist/controls.min.css
2025/06/17 13:34:26 br /tmp/work/dist/controls.min.css -> /output/controls.min.css.br
2025/06/17 13:34:26 gz /tmp/work/dist/controls.min.css -> /output/controls.min.css.gz
2025/06/17 13:34:26 sri /tmp/work/dist/controls.css -> /output/controls.css.sri
2025/06/17 13:34:26 algorithm: run /usr/bin/brotli --quality=11 --output=/output/controls.css.br /tmp/work/dist/controls.css
2025/06/17 13:34:26 br /tmp/work/dist/controls.css -> /output/controls.css.br
2025/06/17 13:34:26 gz /tmp/work/dist/controls.css -> /output/controls.css.gz
2025/06/17 13:34:26 algorithm: run /usr/bin/brotli --quality=11 --output=/output/controls.css.map.br /tmp/work/dist/controls.css.map
2025/06/17 13:34:26 br /tmp/work/dist/controls.css.map -> /output/controls.css.map.br
2025/06/17 13:34:26 gz /tmp/work/dist/controls.css.map -> /output/controls.css.map.gz
2025/06/17 13:34:29 br /tmp/work/dist/shaka-player.compiled.debug.map -> /output/shaka-player.compiled.debug.map.br
2025/06/17 13:34:31 br /tmp/work/dist/shaka-player.ui.map -> /output/shaka-player.ui.map.br
2025/06/17 13:34:32 gz /tmp/work/dist/shaka-player.compiled.debug.map -> /output/shaka-player.compiled.debug.map.gz
2025/06/17 13:34:35 sri /tmp/work/dist/shaka-player.compiled.debug.min.js -> /output/shaka-player.compiled.debug.min.js.sri
2025/06/17 13:34:35 algorithm: run /usr/bin/brotli --quality=11 --output=/output/shaka-player.compiled.debug.min.js.br /tmp/work/dist/shaka-player.compiled.debug.min.js
2025/06/17 13:34:36 gz /tmp/work/dist/shaka-player.ui.map -> /output/shaka-player.ui.map.gz
2025/06/17 13:34:38 br /tmp/work/dist/shaka-player.ui.debug.map -> /output/shaka-player.ui.debug.map.br
2025/06/17 13:34:40 sri /tmp/work/dist/shaka-player.ui.debug.min.js -> /output/shaka-player.ui.debug.min.js.sri
2025/06/17 13:34:40 algorithm: run /usr/bin/brotli --quality=11 --output=/output/shaka-player.ui.debug.min.js.br /tmp/work/dist/shaka-player.ui.debug.min.js
2025/06/17 13:34:42 gz /tmp/work/dist/shaka-player.ui.debug.map -> /output/shaka-player.ui.debug.map.gz
2025/06/17 13:34:46 br /tmp/work/dist/shaka-player.compiled.debug.min.js -> /output/shaka-player.compiled.debug.min.js.br
2025/06/17 13:34:47 gz /tmp/work/dist/shaka-player.compiled.debug.min.js -> /output/shaka-player.compiled.debug.min.js.gz
2025/06/17 13:34:47 sri /tmp/work/dist/shaka-player.compiled.debug.js -> /output/shaka-player.compiled.debug.js.sri
2025/06/17 13:34:47 algorithm: run /usr/bin/brotli --quality=11 --output=/output/shaka-player.compiled.debug.js.br /tmp/work/dist/shaka-player.compiled.debug.js
2025/06/17 13:34:47 sri /tmp/work/dist/shaka-player.compiled.min.js -> /output/shaka-player.compiled.min.js.sri
2025/06/17 13:34:47 algorithm: run /usr/bin/brotli --quality=11 --output=/output/shaka-player.compiled.min.js.br /tmp/work/dist/shaka-player.compiled.min.js
2025/06/17 13:34:50 br /tmp/work/dist/shaka-player.ui.debug.min.js -> /output/shaka-player.ui.debug.min.js.br
2025/06/17 13:34:50 gz /tmp/work/dist/shaka-player.ui.debug.min.js -> /output/shaka-player.ui.debug.min.js.gz
2025/06/17 13:34:50 sri /tmp/work/dist/shaka-player.ui.debug.js -> /output/shaka-player.ui.debug.js.sri
2025/06/17 13:34:50 algorithm: run /usr/bin/brotli --quality=11 --output=/output/shaka-player.ui.debug.js.br /tmp/work/dist/shaka-player.ui.debug.js
2025/06/17 13:34:52 br /tmp/work/dist/shaka-player.compiled.min.js -> /output/shaka-player.compiled.min.js.br
2025/06/17 13:34:52 gz /tmp/work/dist/shaka-player.compiled.min.js -> /output/shaka-player.compiled.min.js.gz
2025/06/17 13:34:52 sri /tmp/work/dist/shaka-player.compiled.js -> /output/shaka-player.compiled.js.sri
2025/06/17 13:34:52 algorithm: run /usr/bin/brotli --quality=11 --output=/output/shaka-player.compiled.js.br /tmp/work/dist/shaka-player.compiled.js
2025/06/17 13:34:53 br /tmp/work/dist/shaka-player.compiled.debug.js -> /output/shaka-player.compiled.debug.js.br
2025/06/17 13:34:53 gz /tmp/work/dist/shaka-player.compiled.debug.js -> /output/shaka-player.compiled.debug.js.gz
2025/06/17 13:34:55 br /tmp/work/dist/shaka-player.compiled.js -> /output/shaka-player.compiled.js.br
2025/06/17 13:34:55 gz /tmp/work/dist/shaka-player.compiled.js -> /output/shaka-player.compiled.js.gz
2025/06/17 13:34:56 sri /tmp/work/dist/shaka-player.ui.min.js -> /output/shaka-player.ui.min.js.sri
2025/06/17 13:34:56 algorithm: run /usr/bin/brotli --quality=11 --output=/output/shaka-player.ui.min.js.br /tmp/work/dist/shaka-player.ui.min.js
2025/06/17 13:34:57 br /tmp/work/dist/shaka-player.ui.debug.js -> /output/shaka-player.ui.debug.js.br
2025/06/17 13:34:57 gz /tmp/work/dist/shaka-player.ui.debug.js -> /output/shaka-player.ui.debug.js.gz
2025/06/17 13:34:59 br /tmp/work/dist/shaka-player.ui.min.js -> /output/shaka-player.ui.min.js.br
2025/06/17 13:34:59 gz /tmp/work/dist/shaka-player.ui.min.js -> /output/shaka-player.ui.min.js.gz
2025/06/17 13:34:59 sri /tmp/work/dist/shaka-player.ui.js -> /output/shaka-player.ui.js.sri
2025/06/17 13:34:59 algorithm: run /usr/bin/brotli --quality=11 --output=/output/shaka-player.ui.js.br /tmp/work/dist/shaka-player.ui.js
2025/06/17 13:35:01 br /tmp/work/dist/shaka-player.ui.js -> /output/shaka-player.ui.js.br
2025/06/17 13:35:01 gz /tmp/work/dist/shaka-player.ui.js -> /output/shaka-player.ui.js.gz
2025/06/17 13:35:01 processed shaka-player
