- textAngularJs/2.0.1/textAngular-rangy.min.js.br
- textAngularJs/2.0.1/textAngular-rangy.min.js.gz
- textAngularJs/2.0.1/textAngular-sanitize.js.br
- textAngularJs/2.0.1/textAngular-sanitize.js.gz
- textAngularJs/2.0.1/textAngular-sanitize.min.js.br
- textAngularJs/2.0.1/textAngular-sanitize.min.js.gz
- textAngularJs/2.0.1/textAngular.css.br
- textAngularJs/2.0.1/textAngular.css.gz
- textAngularJs/2.0.1/textAngular.js.br
- textAngularJs/2.0.1/textAngular.js.gz
- textAngularJs/2.0.1/textAngular.min.css.br
- textAngularJs/2.0.1/textAngular.min.css.gz
- textAngularJs/2.0.1/textAngular.min.js.br
- textAngularJs/2.0.1/textAngular.min.js.gz
- textAngularJs/2.0.1/textAngular.umd.js.br
- textAngularJs/2.0.1/textAngular.umd.js.gz
- textAngularJs/2.0.1/textAngular.umd.min.js.br
- textAngularJs/2.0.1/textAngular.umd.min.js.gz
- textAngularJs/2.0.1/textAngularSetup.js.br
- textAngularJs/2.0.1/textAngularSetup.js.gz
- textAngularJs/2.0.1/textAngularSetup.min.js.br
- textAngularJs/2.0.1/textAngularSetup.min.js.gz