config: {"authors":[{"name":"Clerk"}],"autoupdate":{"source":"npm","target":"@clerk/clerk-js","fileMap":[{"basePath":"dist","files":["*.@(js|cjs|mjs)"]}]},"description":"Clerk JS library","filename":"clerk.min.js","homepage":"https://clerk.com/","keywords":["clerk","auth","authentication","passwordless","session","jwt"],"license":"MIT","name":"clerk-js","repository":{"type":"git","url":"https://github.com/clerk/javascript/tree/main/packages/clerk-js"},"author":"Clerk"}
KV keys:
- clerk-js/5.59.1-snapshot.v20250403183124/192_6b833b_5.59.1-snapshot.v20250403183124.js.br
- clerk-js/5.59.1-snapshot.v20250403183124/192_6b833b_5.59.1-snapshot.v20250403183124.js.gz
- clerk-js/5.59.1-snapshot.v20250403183124/192_6b833b_5.59.1-snapshot.v20250403183124.min.js.br
- clerk-js/5.59.1-snapshot.v20250403183124/192_6b833b_5.59.1-snapshot.v20250403183124.min.js.gz
- clerk-js/5.59.1-snapshot.v20250403183124/377_c5388e_5.59.1-snapshot.v20250403183124.js.br
- clerk-js/5.59.1-snapshot.v20250403183124/377_c5388e_5.59.1-snapshot.v20250403183124.js.gz
- clerk-js/5.59.1-snapshot.v20250403183124/377_c5388e_5.59.1-snapshot.v20250403183124.min.js.br
- clerk-js/5.59.1-snapshot.v20250403183124/377_c5388e_5.59.1-snapshot.v20250403183124.min.js.gz
- clerk-js/5.59.1-snapshot.v20250403183124/890_c5388e_5.59.1-snapshot.v20250403183124.js.br
- clerk-js/5.59.1-snapshot.v20250403183124/890_c5388e_5.59.1-snapshot.v20250403183124.js.gz
- clerk-js/5.59.1-snapshot.v20250403183124/890_c5388e_5.59.1-snapshot.v20250403183124.min.js.br
- clerk-js/5.59.1-snapshot.v20250403183124/890_c5388e_5.59.1-snapshot.v20250403183124.min.js.gz
- clerk-js/5.59.1-snapshot.v20250403183124/965_c5388e_5.59.1-snapshot.v20250403183124.js.br
- clerk-js/5.59.1-snapshot.v20250403183124/965_c5388e_5.59.1-snapshot.v20250403183124.js.gz
- clerk-js/5.59.1-snapshot.v20250403183124/965_c5388e_5.59.1-snapshot.v20250403183124.min.js.br
- clerk-js/5.59.1-snapshot.v20250403183124/965_c5388e_5.59.1-snapshot.v20250403183124.min.js.gz
- clerk-js/5.59.1-snapshot.v20250403183124/blankcaptcha_6b833b_5.59.1-snapshot.v20250403183124.js.br
- clerk-js/5.59.1-snapshot.v20250403183124/blankcaptcha_6b833b_5.59.1-snapshot.v20250403183124.js.gz
- clerk-js/5.59.1-snapshot.v20250403183124/blankcaptcha_6b833b_5.59.1-snapshot.v20250403183124.min.js.br
- clerk-js/5.59.1-snapshot.v20250403183124/blankcaptcha_6b833b_5.59.1-snapshot.v20250403183124.min.js.gz
- clerk-js/5.59.1-snapshot.v20250403183124/checkout_6b833b_5.59.1-snapshot.v20250403183124.js.br
- clerk-js/5.59.1-snapshot.v20250403183124/checkout_6b833b_5.59.1-snapshot.v20250403183124.js.gz
- clerk-js/5.59.1-snapshot.v20250403183124/checkout_6b833b_5.59.1-snapshot.v20250403183124.min.js.br
- clerk-js/5.59.1-snapshot.v20250403183124/checkout_6b833b_5.59.1-snapshot.v20250403183124.min.js.gz
- clerk-js/5.59.1-snapshot.v20250403183124/clerk.browser.js.br
- clerk-js/5.59.1-snapshot.v20250403183124/clerk.browser.js.gz
- clerk-js/5.59.1-snapshot.v20250403183124/clerk.browser.min.js.br
- clerk-js/5.59.1-snapshot.v20250403183124/clerk.browser.min.js.gz
- clerk-js/5.59.1-snapshot.v20250403183124/clerk.headless.browser.js.br
- clerk-js/5.59.1-snapshot.v20250403183124/clerk.headless.browser.js.gz
- clerk-js/5.59.1-snapshot.v20250403183124/clerk.headless.browser.min.js.br
- clerk-js/5.59.1-snapshot.v20250403183124/clerk.headless.browser.min.js.gz
- clerk-js/5.59.1-snapshot.v20250403183124/clerk.headless.js.br
- clerk-js/5.59.1-snapshot.v20250403183124/clerk.headless.js.gz
- clerk-js/5.59.1-snapshot.v20250403183124/clerk.headless.min.js.br
- clerk-js/5.59.1-snapshot.v20250403183124/clerk.headless.min.js.gz
- clerk-js/5.59.1-snapshot.v20250403183124/clerk.js.br
- clerk-js/5.59.1-snapshot.v20250403183124/clerk.js.gz
- clerk-js/5.59.1-snapshot.v20250403183124/clerk.min.js.br
- clerk-js/5.59.1-snapshot.v20250403183124/clerk.min.js.gz
- clerk-js/5.59.1-snapshot.v20250403183124/clerk.mjs.br
- clerk-js/5.59.1-snapshot.v20250403183124/clerk.mjs.gz
- clerk-js/5.59.1-snapshot.v20250403183124/clerk.no-rhc.js.br
- clerk-js/5.59.1-snapshot.v20250403183124/clerk.no-rhc.js.gz
- clerk-js/5.59.1-snapshot.v20250403183124/clerk.no-rhc.min.js.br
- clerk-js/5.59.1-snapshot.v20250403183124/clerk.no-rhc.min.js.gz
- clerk-js/5.59.1-snapshot.v20250403183124/clerk.no-rhc.mjs.br
- clerk-js/5.59.1-snapshot.v20250403183124/clerk.no-rhc.mjs.gz
- clerk-js/5.59.1-snapshot.v20250403183124/coinbase-wallet-sdk_24776a_5.59.1-snapshot.v20250403183124.js.br
- clerk-js/5.59.1-snapshot.v20250403183124/coinbase-wallet-sdk_24776a_5.59.1-snapshot.v20250403183124.js.gz
- clerk-js/5.59.1-snapshot.v20250403183124/coinbase-wallet-sdk_24776a_5.59.1-snapshot.v20250403183124.min.js.br
- clerk-js/5.59.1-snapshot.v20250403183124/coinbase-wallet-sdk_24776a_5.59.1-snapshot.v20250403183124.min.js.gz
- clerk-js/5.59.1-snapshot.v20250403183124/coinbase-wallet-sdk_6b833b_5.59.1-snapshot.v20250403183124.js.br
- clerk-js/5.59.1-snapshot.v20250403183124/coinbase-wallet-sdk_6b833b_5.59.1-snapshot.v20250403183124.js.gz
- clerk-js/5.59.1-snapshot.v20250403183124/coinbase-wallet-sdk_6b833b_5.59.1-snapshot.v20250403183124.min.js.br
- clerk-js/5.59.1-snapshot.v20250403183124/coinbase-wallet-sdk_6b833b_5.59.1-snapshot.v20250403183124.min.js.gz
- clerk-js/5.59.1-snapshot.v20250403183124/cookieSuffix_24776a_5.59.1-snapshot.v20250403183124.js.br
- clerk-js/5.59.1-snapshot.v20250403183124/cookieSuffix_24776a_5.59.1-snapshot.v20250403183124.js.gz
- clerk-js/5.59.1-snapshot.v20250403183124/cookieSuffix_24776a_5.59.1-snapshot.v20250403183124.min.js.br
- clerk-js/5.59.1-snapshot.v20250403183124/cookieSuffix_24776a_5.59.1-snapshot.v20250403183124.min.js.gz
- clerk-js/5.59.1-snapshot.v20250403183124/cookieSuffix_6b833b_5.59.1-snapshot.v20250403183124.js.br
- clerk-js/5.59.1-snapshot.v20250403183124/cookieSuffix_6b833b_5.59.1-snapshot.v20250403183124.js.gz
- clerk-js/5.59.1-snapshot.v20250403183124/cookieSuffix_6b833b_5.59.1-snapshot.v20250403183124.min.js.br
- clerk-js/5.59.1-snapshot.v20250403183124/cookieSuffix_6b833b_5.59.1-snapshot.v20250403183124.min.js.gz
- clerk-js/5.59.1-snapshot.v20250403183124/cookieSuffix_c5388e_5.59.1-snapshot.v20250403183124.js.br
- clerk-js/5.59.1-snapshot.v20250403183124/cookieSuffix_c5388e_5.59.1-snapshot.v20250403183124.js.gz
- clerk-js/5.59.1-snapshot.v20250403183124/cookieSuffix_c5388e_5.59.1-snapshot.v20250403183124.min.js.br
- clerk-js/5.59.1-snapshot.v20250403183124/cookieSuffix_c5388e_5.59.1-snapshot.v20250403183124.min.js.gz
- clerk-js/5.59.1-snapshot.v20250403183124/createorganization_6b833b_5.59.1-snapshot.v20250403183124.js.br
- clerk-js/5.59.1-snapshot.v20250403183124/createorganization_6b833b_5.59.1-snapshot.v20250403183124.js.gz
- clerk-js/5.59.1-snapshot.v20250403183124/createorganization_6b833b_5.59.1-snapshot.v20250403183124.min.js.br
- clerk-js/5.59.1-snapshot.v20250403183124/createorganization_6b833b_5.59.1-snapshot.v20250403183124.min.js.gz
- clerk-js/5.59.1-snapshot.v20250403183124/framework_6b833b_5.59.1-snapshot.v20250403183124.js.br
- clerk-js/5.59.1-snapshot.v20250403183124/framework_6b833b_5.59.1-snapshot.v20250403183124.js.gz
- clerk-js/5.59.1-snapshot.v20250403183124/framework_6b833b_5.59.1-snapshot.v20250403183124.min.js.br
- clerk-js/5.59.1-snapshot.v20250403183124/framework_6b833b_5.59.1-snapshot.v20250403183124.min.js.gz
- clerk-js/5.59.1-snapshot.v20250403183124/impersonationfab_6b833b_5.59.1-snapshot.v20250403183124.js.br
- clerk-js/5.59.1-snapshot.v20250403183124/impersonationfab_6b833b_5.59.1-snapshot.v20250403183124.js.gz
- clerk-js/5.59.1-snapshot.v20250403183124/impersonationfab_6b833b_5.59.1-snapshot.v20250403183124.min.js.br
- clerk-js/5.59.1-snapshot.v20250403183124/impersonationfab_6b833b_5.59.1-snapshot.v20250403183124.min.js.gz
- clerk-js/5.59.1-snapshot.v20250403183124/keylessPrompt_6b833b_5.59.1-snapshot.v20250403183124.js.br
- clerk-js/5.59.1-snapshot.v20250403183124/keylessPrompt_6b833b_5.59.1-snapshot.v20250403183124.js.gz
- clerk-js/5.59.1-snapshot.v20250403183124/keylessPrompt_6b833b_5.59.1-snapshot.v20250403183124.min.js.br
- clerk-js/5.59.1-snapshot.v20250403183124/keylessPrompt_6b833b_5.59.1-snapshot.v20250403183124.min.js.gz
- clerk-js/5.59.1-snapshot.v20250403183124/onetap_6b833b_5.59.1-snapshot.v20250403183124.js.br
- clerk-js/5.59.1-snapshot.v20250403183124/onetap_6b833b_5.59.1-snapshot.v20250403183124.js.gz
- clerk-js/5.59.1-snapshot.v20250403183124/onetap_6b833b_5.59.1-snapshot.v20250403183124.min.js.br
- clerk-js/5.59.1-snapshot.v20250403183124/onetap_6b833b_5.59.1-snapshot.v20250403183124.min.js.gz
- clerk-js/5.59.1-snapshot.v20250403183124/op-billing-page_6b833b_5.59.1-snapshot.v20250403183124.js.br
- clerk-js/5.59.1-snapshot.v20250403183124/op-billing-page_6b833b_5.59.1-snapshot.v20250403183124.js.gz
- clerk-js/5.59.1-snapshot.v20250403183124/op-billing-page_6b833b_5.59.1-snapshot.v20250403183124.min.js.br
- clerk-js/5.59.1-snapshot.v20250403183124/op-billing-page_6b833b_5.59.1-snapshot.v20250403183124.min.js.gz
- clerk-js/5.59.1-snapshot.v20250403183124/organizationlist_6b833b_5.59.1-snapshot.v20250403183124.js.br
- clerk-js/5.59.1-snapshot.v20250403183124/organizationlist_6b833b_5.59.1-snapshot.v20250403183124.js.gz
- clerk-js/5.59.1-snapshot.v20250403183124/organizationlist_6b833b_5.59.1-snapshot.v20250403183124.min.js.br
- clerk-js/5.59.1-snapshot.v20250403183124/organizationlist_6b833b_5.59.1-snapshot.v20250403183124.min.js.gz
- clerk-js/5.59.1-snapshot.v20250403183124/organizationprofile_6b833b_5.59.1-snapshot.v20250403183124.js.br
- clerk-js/5.59.1-snapshot.v20250403183124/organizationprofile_6b833b_5.59.1-snapshot.v20250403183124.js.gz
- clerk-js/5.59.1-snapshot.v20250403183124/organizationprofile_6b833b_5.59.1-snapshot.v20250403183124.min.js.br
- clerk-js/5.59.1-snapshot.v20250403183124/organizationprofile_6b833b_5.59.1-snapshot.v20250403183124.min.js.gz
- clerk-js/5.59.1-snapshot.v20250403183124/organizationswitcher_6b833b_5.59.1-snapshot.v20250403183124.js.br
- clerk-js/5.59.1-snapshot.v20250403183124/organizationswitcher_6b833b_5.59.1-snapshot.v20250403183124.js.gz
- clerk-js/5.59.1-snapshot.v20250403183124/organizationswitcher_6b833b_5.59.1-snapshot.v20250403183124.min.js.br
- clerk-js/5.59.1-snapshot.v20250403183124/organizationswitcher_6b833b_5.59.1-snapshot.v20250403183124.min.js.gz
- clerk-js/5.59.1-snapshot.v20250403183124/paymentSources_6b833b_5.59.1-snapshot.v20250403183124.js.br
- clerk-js/5.59.1-snapshot.v20250403183124/paymentSources_6b833b_5.59.1-snapshot.v20250403183124.js.gz
- clerk-js/5.59.1-snapshot.v20250403183124/paymentSources_6b833b_5.59.1-snapshot.v20250403183124.min.js.br
- clerk-js/5.59.1-snapshot.v20250403183124/paymentSources_6b833b_5.59.1-snapshot.v20250403183124.min.js.gz
- clerk-js/5.59.1-snapshot.v20250403183124/prefetchorganizationlist_6b833b_5.59.1-snapshot.v20250403183124.js.br
- clerk-js/5.59.1-snapshot.v20250403183124/prefetchorganizationlist_6b833b_5.59.1-snapshot.v20250403183124.js.gz
- clerk-js/5.59.1-snapshot.v20250403183124/prefetchorganizationlist_6b833b_5.59.1-snapshot.v20250403183124.min.js.br
- clerk-js/5.59.1-snapshot.v20250403183124/prefetchorganizationlist_6b833b_5.59.1-snapshot.v20250403183124.min.js.gz
- clerk-js/5.59.1-snapshot.v20250403183124/pricingTable_6b833b_5.59.1-snapshot.v20250403183124.js.br
- clerk-js/5.59.1-snapshot.v20250403183124/pricingTable_6b833b_5.59.1-snapshot.v20250403183124.js.gz
- clerk-js/5.59.1-snapshot.v20250403183124/pricingTable_6b833b_5.59.1-snapshot.v20250403183124.min.js.br
- clerk-js/5.59.1-snapshot.v20250403183124/pricingTable_6b833b_5.59.1-snapshot.v20250403183124.min.js.gz
- clerk-js/5.59.1-snapshot.v20250403183124/sessionTasks_6b833b_5.59.1-snapshot.v20250403183124.js.br
- clerk-js/5.59.1-snapshot.v20250403183124/sessionTasks_6b833b_5.59.1-snapshot.v20250403183124.js.gz
- clerk-js/5.59.1-snapshot.v20250403183124/sessionTasks_6b833b_5.59.1-snapshot.v20250403183124.min.js.br
- clerk-js/5.59.1-snapshot.v20250403183124/sessionTasks_6b833b_5.59.1-snapshot.v20250403183124.min.js.gz
- clerk-js/5.59.1-snapshot.v20250403183124/signin_6b833b_5.59.1-snapshot.v20250403183124.js.br
- clerk-js/5.59.1-snapshot.v20250403183124/signin_6b833b_5.59.1-snapshot.v20250403183124.js.gz
- clerk-js/5.59.1-snapshot.v20250403183124/signin_6b833b_5.59.1-snapshot.v20250403183124.min.js.br
- clerk-js/5.59.1-snapshot.v20250403183124/signin_6b833b_5.59.1-snapshot.v20250403183124.min.js.gz
- clerk-js/5.59.1-snapshot.v20250403183124/signup_6b833b_5.59.1-snapshot.v20250403183124.js.br
- clerk-js/5.59.1-snapshot.v20250403183124/signup_6b833b_5.59.1-snapshot.v20250403183124.js.gz
- clerk-js/5.59.1-snapshot.v20250403183124/signup_6b833b_5.59.1-snapshot.v20250403183124.min.js.br
- clerk-js/5.59.1-snapshot.v20250403183124/signup_6b833b_5.59.1-snapshot.v20250403183124.min.js.gz
- clerk-js/5.59.1-snapshot.v20250403183124/ui-common_6b833b_5.59.1-snapshot.v20250403183124.js.br
- clerk-js/5.59.1-snapshot.v20250403183124/ui-common_6b833b_5.59.1-snapshot.v20250403183124.js.gz
- clerk-js/5.59.1-snapshot.v20250403183124/ui-common_6b833b_5.59.1-snapshot.v20250403183124.min.js.br
- clerk-js/5.59.1-snapshot.v20250403183124/ui-common_6b833b_5.59.1-snapshot.v20250403183124.min.js.gz
- clerk-js/5.59.1-snapshot.v20250403183124/up-billing-page_6b833b_5.59.1-snapshot.v20250403183124.js.br
- clerk-js/5.59.1-snapshot.v20250403183124/up-billing-page_6b833b_5.59.1-snapshot.v20250403183124.js.gz
- clerk-js/5.59.1-snapshot.v20250403183124/up-billing-page_6b833b_5.59.1-snapshot.v20250403183124.min.js.br
- clerk-js/5.59.1-snapshot.v20250403183124/up-billing-page_6b833b_5.59.1-snapshot.v20250403183124.min.js.gz
- clerk-js/5.59.1-snapshot.v20250403183124/userbutton_6b833b_5.59.1-snapshot.v20250403183124.js.br
- clerk-js/5.59.1-snapshot.v20250403183124/userbutton_6b833b_5.59.1-snapshot.v20250403183124.js.gz
- clerk-js/5.59.1-snapshot.v20250403183124/userbutton_6b833b_5.59.1-snapshot.v20250403183124.min.js.br
- clerk-js/5.59.1-snapshot.v20250403183124/userbutton_6b833b_5.59.1-snapshot.v20250403183124.min.js.gz
- clerk-js/5.59.1-snapshot.v20250403183124/userprofile_6b833b_5.59.1-snapshot.v20250403183124.js.br
- clerk-js/5.59.1-snapshot.v20250403183124/userprofile_6b833b_5.59.1-snapshot.v20250403183124.js.gz
- clerk-js/5.59.1-snapshot.v20250403183124/userprofile_6b833b_5.59.1-snapshot.v20250403183124.min.js.br
- clerk-js/5.59.1-snapshot.v20250403183124/userprofile_6b833b_5.59.1-snapshot.v20250403183124.min.js.gz
- clerk-js/5.59.1-snapshot.v20250403183124/userverification_6b833b_5.59.1-snapshot.v20250403183124.js.br
- clerk-js/5.59.1-snapshot.v20250403183124/userverification_6b833b_5.59.1-snapshot.v20250403183124.js.gz
- clerk-js/5.59.1-snapshot.v20250403183124/userverification_6b833b_5.59.1-snapshot.v20250403183124.min.js.br
- clerk-js/5.59.1-snapshot.v20250403183124/userverification_6b833b_5.59.1-snapshot.v20250403183124.min.js.gz
- clerk-js/5.59.1-snapshot.v20250403183124/vendors_24776a_5.59.1-snapshot.v20250403183124.js.br
- clerk-js/5.59.1-snapshot.v20250403183124/vendors_24776a_5.59.1-snapshot.v20250403183124.js.gz
- clerk-js/5.59.1-snapshot.v20250403183124/vendors_24776a_5.59.1-snapshot.v20250403183124.min.js.br
- clerk-js/5.59.1-snapshot.v20250403183124/vendors_24776a_5.59.1-snapshot.v20250403183124.min.js.gz
- clerk-js/5.59.1-snapshot.v20250403183124/vendors_6b833b_5.59.1-snapshot.v20250403183124.js.br
- clerk-js/5.59.1-snapshot.v20250403183124/vendors_6b833b_5.59.1-snapshot.v20250403183124.js.gz
- clerk-js/5.59.1-snapshot.v20250403183124/vendors_6b833b_5.59.1-snapshot.v20250403183124.min.js.br
- clerk-js/5.59.1-snapshot.v20250403183124/vendors_6b833b_5.59.1-snapshot.v20250403183124.min.js.gz
- clerk-js/5.59.1-snapshot.v20250403183124/waitlist_6b833b_5.59.1-snapshot.v20250403183124.js.br
- clerk-js/5.59.1-snapshot.v20250403183124/waitlist_6b833b_5.59.1-snapshot.v20250403183124.js.gz
- clerk-js/5.59.1-snapshot.v20250403183124/waitlist_6b833b_5.59.1-snapshot.v20250403183124.min.js.br
- clerk-js/5.59.1-snapshot.v20250403183124/waitlist_6b833b_5.59.1-snapshot.v20250403183124.min.js.gz
- clerk-js/5.59.1-snapshot.v20250403183124/zxcvbn-common_24776a_5.59.1-snapshot.v20250403183124.js.br
- clerk-js/5.59.1-snapshot.v20250403183124/zxcvbn-common_24776a_5.59.1-snapshot.v20250403183124.js.gz
- clerk-js/5.59.1-snapshot.v20250403183124/zxcvbn-common_24776a_5.59.1-snapshot.v20250403183124.min.js.br
- clerk-js/5.59.1-snapshot.v20250403183124/zxcvbn-common_24776a_5.59.1-snapshot.v20250403183124.min.js.gz
- clerk-js/5.59.1-snapshot.v20250403183124/zxcvbn-common_6b833b_5.59.1-snapshot.v20250403183124.js.br
- clerk-js/5.59.1-snapshot.v20250403183124/zxcvbn-common_6b833b_5.59.1-snapshot.v20250403183124.js.gz
- clerk-js/5.59.1-snapshot.v20250403183124/zxcvbn-common_6b833b_5.59.1-snapshot.v20250403183124.min.js.br
- clerk-js/5.59.1-snapshot.v20250403183124/zxcvbn-common_6b833b_5.59.1-snapshot.v20250403183124.min.js.gz
- clerk-js/5.59.1-snapshot.v20250403183124/zxcvbn-ts-core_24776a_5.59.1-snapshot.v20250403183124.js.br
- clerk-js/5.59.1-snapshot.v20250403183124/zxcvbn-ts-core_24776a_5.59.1-snapshot.v20250403183124.js.gz
- clerk-js/5.59.1-snapshot.v20250403183124/zxcvbn-ts-core_24776a_5.59.1-snapshot.v20250403183124.min.js.br
- clerk-js/5.59.1-snapshot.v20250403183124/zxcvbn-ts-core_24776a_5.59.1-snapshot.v20250403183124.min.js.gz
- clerk-js/5.59.1-snapshot.v20250403183124/zxcvbn-ts-core_6b833b_5.59.1-snapshot.v20250403183124.js.br
- clerk-js/5.59.1-snapshot.v20250403183124/zxcvbn-ts-core_6b833b_5.59.1-snapshot.v20250403183124.js.gz
- clerk-js/5.59.1-snapshot.v20250403183124/zxcvbn-ts-core_6b833b_5.59.1-snapshot.v20250403183124.min.js.br
- clerk-js/5.59.1-snapshot.v20250403183124/zxcvbn-ts-core_6b833b_5.59.1-snapshot.v20250403183124.min.js.gz
SRIs:
- clerk-js/5.59.1-snapshot.v20250403183124/organizationlist_6b833b_5.59.1-snapshot.v20250403183124.min.js: sha512-Pwn9Mir90n7apLfvhjCi83D1NxguvPP/M7qHVo8MxCnFoYqa132pJR2z3CQd7BG0ly+4wfbBzKQWk/3reNZFtA==
- clerk-js/5.59.1-snapshot.v20250403183124/377_c5388e_5.59.1-snapshot.v20250403183124.min.js: sha512-F6coj+HeCu/LQQe+SxnItti0GzOGI0YQuh4qx7obTnNRIPOEqdjguZZr+5XGt0IWnPYy0g3HAaw5wz05SJViWQ==
- clerk-js/5.59.1-snapshot.v20250403183124/clerk.browser.min.js: sha512-S4Re8n21rBer4zaIrFCFBHP3rG3lJ3OyMmmnFyXJjgTwgrVSgG1CVTP74/cdq19DV5k7P314+pAisQlEApw/iw==
- clerk-js/5.59.1-snapshot.v20250403183124/coinbase-wallet-sdk_24776a_5.59.1-snapshot.v20250403183124.min.js: sha512-0kD7RWMhSF+z/MvkILSfl6UcQjg1zNm89dkKCIrOLsX6MXRYIuziueKxakjzl9lAaeRQaIBOR36CsFouW+/c2Q==
- clerk-js/5.59.1-snapshot.v20250403183124/impersonationfab_6b833b_5.59.1-snapshot.v20250403183124.min.js: sha512-ns2BtdBss40yzbBYFo3m+Vip8Fg1WGEYn8CURL8UhuiEvIq8UrEkgYAhnwAwsWiWSAJLSTE9uA4CrBy+ukChbA==
- clerk-js/5.59.1-snapshot.v20250403183124/keylessPrompt_6b833b_5.59.1-snapshot.v20250403183124.js: sha512-P/dT2SkEDq5xeohTWp7qYHm6DvBAr4HpSu6qewZdptRz2v6diGRllY+s5FJUPAPOKVM2g7gfY81CeNVDtiu8vg==
- clerk-js/5.59.1-snapshot.v20250403183124/organizationswitcher_6b833b_5.59.1-snapshot.v20250403183124.js: sha512-gA37+aKFrRM6kD0KPUV2AIMocmJcLc+SYy9epdaguC9LYEI/5kawFxUfzxTbK7UnTT9h8emGp0r149VYQk+BRg==
- clerk-js/5.59.1-snapshot.v20250403183124/prefetchorganizationlist_6b833b_5.59.1-snapshot.v20250403183124.min.js: sha512-m1tgn8ek0bXf/Q6UlC6vt8wbU11+T80PUTFj7GRdd3fIbpJy5FQ4zWRZg1wD6EFuMZiVKXwXz+egZOo22DVgXA==
- clerk-js/5.59.1-snapshot.v20250403183124/userbutton_6b833b_5.59.1-snapshot.v20250403183124.js: sha512-Y550+/951K/GedpL0i2X4TwyCUcXma6zu5TEP9BS1FjFMB69UXSGeynfvw4aQL0cxlYpVt+hA0GfuG1sx/V+2A==
- clerk-js/5.59.1-snapshot.v20250403183124/checkout_6b833b_5.59.1-snapshot.v20250403183124.js: sha512-k41MUaq7h+2HRM4+5Nt/2uQ2e66DCus0yXzS9hYsDq7f1W/5x/tTAno91j0n40IrKJ8ILqwtSO+OJbRaaMRlzg==
- clerk-js/5.59.1-snapshot.v20250403183124/clerk.headless.browser.min.js: sha512-tlJkHMT1nA/MVTett822+Vm7AFqpUEI9Sft/OvBhmsYgASECPOfA4jpvI7IBz4bVtFe+Fkkfsuo3DJssw+DHlQ==
- clerk-js/5.59.1-snapshot.v20250403183124/coinbase-wallet-sdk_24776a_5.59.1-snapshot.v20250403183124.js: sha512-zsMxKfk3FVycks+FAkdfYxN5nPwWS2YwahF3420dqllixlk5RFx/tG+bLIG0F7HmXPvTwLkzLZQQzBrDvQaIVQ==
- clerk-js/5.59.1-snapshot.v20250403183124/vendors_6b833b_5.59.1-snapshot.v20250403183124.js: sha512-6BKrvRB+VJBKvIStA6mCtcs2Zaf4w1xw7ujU4JkwTEVTt34x4ymkfrJFQnXVLjDUrKGdW5xbFF2qEfqfaacH3g==
- clerk-js/5.59.1-snapshot.v20250403183124/waitlist_6b833b_5.59.1-snapshot.v20250403183124.min.js: sha512-RqAghIRYQ2aSyatbuhzRoV/if/OWHSaPIdOHVytoSFUa+dKZnn6s9c1VWUex2IvtO1we3iVGTyFdgg/57WXR+w==
- clerk-js/5.59.1-snapshot.v20250403183124/paymentSources_6b833b_5.59.1-snapshot.v20250403183124.js: sha512-wCuqaPk4SOmd25x7y3yMDltBN/s4tTfcqav3WHksH2n7MvFTxCcnCjMtL8bCjAHRQP+J/rPZf7i+9IV3uDKFtw==
- clerk-js/5.59.1-snapshot.v20250403183124/userverification_6b833b_5.59.1-snapshot.v20250403183124.min.js: sha512-nN50ec8cRhv/ozDDa0qMtgNmujjARXEUGImTC8i83HGro1nT0aA358/jGnWColcCmVMUWaLqvVKro+c+y29GMQ==
- clerk-js/5.59.1-snapshot.v20250403183124/vendors_24776a_5.59.1-snapshot.v20250403183124.min.js: sha512-g4RuY+I+s/H0OIi8AxCaJozKGXjtlbcAAqVi+gXahsnCWx34mPL8NnuwatR1VV0s1VEalcS2zUG2iF8tjFP8+A==
- clerk-js/5.59.1-snapshot.v20250403183124/createorganization_6b833b_5.59.1-snapshot.v20250403183124.min.js: sha512-ifo2cpTxEYOUqVfYDlUKl2eEfrGLnY45WiCKssq/eJtmwu7PdDf1bof2HeWs/PeWptu05/H+zxclYDPxCGT30A==
- clerk-js/5.59.1-snapshot.v20250403183124/framework_6b833b_5.59.1-snapshot.v20250403183124.js: sha512-tzb6+xSCXoHW1A/3MvW/WzBy3nMxuZEp/FmtWopEUDBhpxur1MmgmFPyLowrAEXTntykggo2DAQQxBxeFDT5ug==
- clerk-js/5.59.1-snapshot.v20250403183124/ui-common_6b833b_5.59.1-snapshot.v20250403183124.min.js: sha512-lNcYuLJXpp14qiESY6ZlaKBxsFO0D4sluLOKf5lQa83T07gUn447ISENhpB5uLnRqOUC/DmjqYz6dNAhQyz7OQ==
- clerk-js/5.59.1-snapshot.v20250403183124/userbutton_6b833b_5.59.1-snapshot.v20250403183124.min.js: sha512-kBIDwVZh+wRwFe1U9TuAIHtbSbC9Azk/9DawjWnskqqzi4XDbjhzdCh1SaxyX9C39i68wpTyl3EqOtGF/YPrzw==
- clerk-js/5.59.1-snapshot.v20250403183124/blankcaptcha_6b833b_5.59.1-snapshot.v20250403183124.min.js: sha512-+OzhVMBdDxGDvp/Tkfa9KCrX7+We/KZ2M/0d33WR5t57p3OVV5c1rv9mltcs6QvV0e5MgSi6yJ235w2lqYLOAw==
- clerk-js/5.59.1-snapshot.v20250403183124/cookieSuffix_24776a_5.59.1-snapshot.v20250403183124.min.js: sha512-IJE0CiJEmdq03APLKkIPgq2PbtP14FrxDhSgsZ2Y9XfYD9CxRjUvXffvbzdaio5H6aCgWKbQ2k/1+J+EsNDvew==
- clerk-js/5.59.1-snapshot.v20250403183124/cookieSuffix_c5388e_5.59.1-snapshot.v20250403183124.js: sha512-DbbncaS2EQBxFJTxSV84ifuy40zRRwOUsx11FPksOP6nbyXhy+a+lxx5qT7zo6kSuMbAeHP0IBvdKuLx+5wlsA==
- clerk-js/5.59.1-snapshot.v20250403183124/zxcvbn-common_24776a_5.59.1-snapshot.v20250403183124.min.js: sha512-y9gRF5Ka0unhVB2xoG/Bj2bzMBaPmpTTA9TH7eV8uiBXGRYf00rNezp5SflLdYFXtbsBj8le/1j/wf0t9ArKog==
- clerk-js/5.59.1-snapshot.v20250403183124/zxcvbn-ts-core_6b833b_5.59.1-snapshot.v20250403183124.js: sha512-u1R07OFG77/ApUc4X39jIggIaisrN9w+/I/bMkjOmgcCYIsM1u3/GJBonYkOC6KFAAyoCbEaTQfg7yI8pqKQMQ==
- clerk-js/5.59.1-snapshot.v20250403183124/965_c5388e_5.59.1-snapshot.v20250403183124.js: sha512-wwA9njlxlsLhRHDycSFJcLeupDJXe/GOIfY77JYrvgr6t0c5yHN47YUjarYBNezgVlk9dqwpLgOictg6x0EW1Q==
- clerk-js/5.59.1-snapshot.v20250403183124/coinbase-wallet-sdk_6b833b_5.59.1-snapshot.v20250403183124.min.js: sha512-xFKf1REnhu8jteRUwRyXmjyDzXeHocWG4/flkSvB6sadgAwfoia2Ji5mEd5RLnFhNaUYMZ1R0uODgRfMb+9zEg==
- clerk-js/5.59.1-snapshot.v20250403183124/zxcvbn-common_24776a_5.59.1-snapshot.v20250403183124.js: sha512-boX5uXNRQZQYN/W2CHlD1c+GxJz/eIvxQEB/NHUf35Kqhj/LVz3BNsbzlnJ//KfJNGLq2kp2aOx1pEYCA2ZJ1g==
- clerk-js/5.59.1-snapshot.v20250403183124/clerk.headless.min.js: sha512-KbtSsiN5BDaKFlJH0w4Yf7mmKX1wg7UxPYfFZKDxExGXDBaROZypO5cPz+/goVNCeyGHfhE+YI7PEoHbrAU3rA==
- clerk-js/5.59.1-snapshot.v20250403183124/cookieSuffix_c5388e_5.59.1-snapshot.v20250403183124.min.js: sha512-4EUpSUHonBKrBJLqwevyDFCyTVJz/+Wr7b2xKgHYgjZt1NZtxiTd/kVMpRKuzrZTgnG5XlpPer2sG76Xz14NSQ==
- clerk-js/5.59.1-snapshot.v20250403183124/pricingTable_6b833b_5.59.1-snapshot.v20250403183124.js: sha512-8LBBC+aA1+Be0K1SLucKObXwtUB7JZkZyzri7eue48AP51JQkJcG8WmwiB0nbwB30KHCDCKj8A2l60F9RMTOsA==
- clerk-js/5.59.1-snapshot.v20250403183124/890_c5388e_5.59.1-snapshot.v20250403183124.min.js: sha512-hEF1K43aQMqG+pijiViKx6kafnm8kQiXYv2ecFOJb274GXeRhb+1rUWzQsXEuBYEP6kYZlZGr2l5QBu6yPY9Ww==
- clerk-js/5.59.1-snapshot.v20250403183124/onetap_6b833b_5.59.1-snapshot.v20250403183124.min.js: sha512-NC0/ZGqOAdTjYkg4+oNDPmvwYQlxLzp8iyiXGOIMZC2WkXAWKOmCmzcjIynrLFdMBsesMEr/Kaq5oY4LahQqzw==
- clerk-js/5.59.1-snapshot.v20250403183124/organizationprofile_6b833b_5.59.1-snapshot.v20250403183124.js: sha512-hO5KCl6rLE9y4tcoQNh59BdWABqFClT1o7jb2M99XehfOW0PkHW9dGXm7iZ32W41zUCQSBb9quyDsQVtCDwlVA==
- clerk-js/5.59.1-snapshot.v20250403183124/organizationprofile_6b833b_5.59.1-snapshot.v20250403183124.min.js: sha512-ucwEdqRqDmt2Auv5lDFUwHeXDyijr7Vz8cEJM9HyMjkp74ieUnobBEhL8qscesh2DIV65y6ye9KjiCzQfEdUfw==
- clerk-js/5.59.1-snapshot.v20250403183124/sessionTasks_6b833b_5.59.1-snapshot.v20250403183124.min.js: sha512-jkhMzuE9rgQqXH3B4//pTdUxLmhGDaDWfCF41b6GST3N9JvzBZvXVufHL3KOzNWJVYfd6Z6jicPeDwlQcCAvrg==
- clerk-js/5.59.1-snapshot.v20250403183124/blankcaptcha_6b833b_5.59.1-snapshot.v20250403183124.js: sha512-K/LKg2bGL57gXt4bFmluvJGVbQU3KMeh17Dc6awBvqEDlUWhLewrBxRY792j2mNs/wmScrBe+apT7pLPyGzceQ==
- clerk-js/5.59.1-snapshot.v20250403183124/clerk.browser.js: sha512-jTr6UyJ5qJr49AYT+Nxb5Yqr8Mf24SZF5Jd9Y8simAmEXUbJr36tCIHwjUBPL4u7Bf3N8p4NjeM9Znx7nfdCzw==
- clerk-js/5.59.1-snapshot.v20250403183124/clerk.min.js: sha512-reyhlWjcigClKzFWok+MJ4D9krmGH8yLUQU3wPcvkMFja8UDxVeIccMpeT3k+R+5ROk1vnQk9t54xPuRgI5n+g==
- clerk-js/5.59.1-snapshot.v20250403183124/signup_6b833b_5.59.1-snapshot.v20250403183124.min.js: sha512-MvEh+Ib5BlIDpx4jg2jn/Pj68XVICusoN4jVYE8Yyw04dZ0SAaYNrmjBqBdoaeaud7gf2nIUkx/6s8A+IqC2+g==
- clerk-js/5.59.1-snapshot.v20250403183124/up-billing-page_6b833b_5.59.1-snapshot.v20250403183124.min.js: sha512-a2oAujBtRptMyMHFAYG/BNPOdQIQCE9A2eceSTZAH0iRU+REI8hpEmqtsOSRh4K///3pmtc1llIuUvdEk/tulQ==
- clerk-js/5.59.1-snapshot.v20250403183124/userprofile_6b833b_5.59.1-snapshot.v20250403183124.js: sha512-59SjQ1Sqg+WeyS7LyK1xSI39C8uBzGuHszQowbSdkCdsobfCimidKktmk9jMTOVvDuq25fWTQmxguqa1LGEpwA==
- clerk-js/5.59.1-snapshot.v20250403183124/waitlist_6b833b_5.59.1-snapshot.v20250403183124.js: sha512-gRg7wP4lSHGEVpXiy05PY9dN1ODepucznP3phWJFdVUB5423gys0ApsTeariaechU5keS4UPzCLDlc419Lf5Og==
- clerk-js/5.59.1-snapshot.v20250403183124/965_c5388e_5.59.1-snapshot.v20250403183124.min.js: sha512-8uzLXoaBYGUPescFLLI+JOQ6nHcbv51kNZtJPMRklNO6KLP2HpPHiisW7QSSlNGqanUR8dHFY+ctwiarcpekFQ==
- clerk-js/5.59.1-snapshot.v20250403183124/organizationlist_6b833b_5.59.1-snapshot.v20250403183124.js: sha512-QK1whvW7nGVRrkoW5gj30Y1QA+LpWHF8rixavdegds3U52La87+55mn9SpO3+Up/aHXRPN7x8GCDJh5oTHx5FQ==
- clerk-js/5.59.1-snapshot.v20250403183124/pricingTable_6b833b_5.59.1-snapshot.v20250403183124.min.js: sha512-Wo1pZvffWUtzZtZggF4oZJKAw77JYqUIqq1ZWNMUt0+5avFQQ6WiJH88B8fENjZslC36ciXpldkpp1YDuIa+zw==
- clerk-js/5.59.1-snapshot.v20250403183124/zxcvbn-common_6b833b_5.59.1-snapshot.v20250403183124.js: sha512-gwix3ZNtw1TFm23lywvPd2Ibw3+NOUxGSfpWkDhBtznjqXZw9sYOylp0NmN8iwaLQ6vc+D0Srw/hORbGdD3sPA==
- clerk-js/5.59.1-snapshot.v20250403183124/zxcvbn-common_6b833b_5.59.1-snapshot.v20250403183124.min.js: sha512-aCh2ygfnro5vZf81EzHC+a/0h3M9TnJ00IBt7iXKLjzLgyI3auAtH1LiZ+RWZSr6GgzVCxn+vp4qecJpbYQxzQ==
- clerk-js/5.59.1-snapshot.v20250403183124/zxcvbn-ts-core_24776a_5.59.1-snapshot.v20250403183124.js: sha512-u1R07OFG77/ApUc4X39jIggIaisrN9w+/I/bMkjOmgcCYIsM1u3/GJBonYkOC6KFAAyoCbEaTQfg7yI8pqKQMQ==
- clerk-js/5.59.1-snapshot.v20250403183124/clerk.no-rhc.js: sha512-iJ1KGWqAENjbzSoNxXTY7lDfmbmF+dA/WI2gNnG59iShvABs9Rg/YMJOktg5MIplT88m9VM9L1UB0tPi7HKFDw==
- clerk-js/5.59.1-snapshot.v20250403183124/cookieSuffix_6b833b_5.59.1-snapshot.v20250403183124.js: sha512-vg9W90KEqH+vc1JFRH1saEVXiUZnoB4PjRAUIK93ot8dTBNFw5s4bdxfDujpqxfPLF9nfaOTDTwxPkEGE9X40g==
- clerk-js/5.59.1-snapshot.v20250403183124/userprofile_6b833b_5.59.1-snapshot.v20250403183124.min.js: sha512-giEbnOefcq1j8NHB1d3XEbSTUtS5ysGG+xLCsJv/me+rTAzC+OfDSPoHmeIuzWNPMe/QWSgW4Q/ju/VjLn6iIg==
- clerk-js/5.59.1-snapshot.v20250403183124/signup_6b833b_5.59.1-snapshot.v20250403183124.js: sha512-8D6rlICS/yt6RtmYUNw0Ovw6VARhqiX4ZgEnZKsFPSErfkoK4Ii6hXwrW4Vi83ztSL/jR2MMS/rGzkNazTrFNA==
- clerk-js/5.59.1-snapshot.v20250403183124/ui-common_6b833b_5.59.1-snapshot.v20250403183124.js: sha512-JuIkrpB5bErn8WcCocn/a1U8r3a6yafv5wBR+0MyEk4K5xOU+H44v/2U2fv88VHVkn3F3Az/W6S/pnp8cunA5A==
- clerk-js/5.59.1-snapshot.v20250403183124/userverification_6b833b_5.59.1-snapshot.v20250403183124.js: sha512-wS6Lxbu2A33o6Nb79K9N7jF/Y0XPAndwaX4Clg/vQeCaffVy8vKT2WGyYDDXpGQ0NOTBVCUGyQ9x7+4+r7LYFw==
- clerk-js/5.59.1-snapshot.v20250403183124/vendors_24776a_5.59.1-snapshot.v20250403183124.js: sha512-uQG8M2yNSlwoHm6Sg6JdCvPDoQ7qaIkO8iF3eO2ldvyd5Gr97Maa1xjlFve1lrqXqxyFOtOtzRH6YvV4SYgWQA==
- clerk-js/5.59.1-snapshot.v20250403183124/zxcvbn-ts-core_24776a_5.59.1-snapshot.v20250403183124.min.js: sha512-ehVFQI3Q5B22PedBZ61SoCgmlVgE/7x8GtncAZJHp9Y4jjysZ6bykR43MSAJNr8sIV/Ea3pLNmWqzOIEmNhMSw==
- clerk-js/5.59.1-snapshot.v20250403183124/192_6b833b_5.59.1-snapshot.v20250403183124.js: sha512-LPfCBvuKdn739Zy8MMJiRbnUBfFSZX36DUBocXJl30BLML0GBj39Wf7xIfV6dQW+Fr+y0j5X+Mo/BynvKiGn2w==
- clerk-js/5.59.1-snapshot.v20250403183124/890_c5388e_5.59.1-snapshot.v20250403183124.js: sha512-fJyLr7eyoRcxY4VoMqOrIvUfxOV20tqKiaz+bSQ7mdi09zQ7lwu2ZNK8F+hkpZXWjfH1fbNLGhqXXW/pvdMjTQ==
- clerk-js/5.59.1-snapshot.v20250403183124/signin_6b833b_5.59.1-snapshot.v20250403183124.js: sha512-qQP+RL04hG40W3H2O8WkI4yFFD4Vp8Xqw8+cAfOclqoVJ4E2wIt68aajbLiUsvQl9SixClEd2I04x15JIDSayA==
- clerk-js/5.59.1-snapshot.v20250403183124/prefetchorganizationlist_6b833b_5.59.1-snapshot.v20250403183124.js: sha512-Mmq4uAp0dCe7u5gdD3o6cPepYgI9slRxTqU9ER4IFAE52TkrLoRvnhavRlpUhhxmSnNHZ6DibV2AznPdUeLolg==
- clerk-js/5.59.1-snapshot.v20250403183124/signin_6b833b_5.59.1-snapshot.v20250403183124.min.js: sha512-ctIvIA8iw7JZlF3QScPAKNffdkkrIeDMIE8S4697fEH/w1NQP1/dOjVfIyftx+DlWH2iydR5Subjc1H5yVd6gw==
- clerk-js/5.59.1-snapshot.v20250403183124/clerk.js: sha512-b7GTcVglMGPTp1v9hsKN5WOpwms/nfkEtnKYWQce/erbHkEt4W3rzpmV39xuSqNq4Gn5yCvUZRAvdEneeGgjqg==
- clerk-js/5.59.1-snapshot.v20250403183124/framework_6b833b_5.59.1-snapshot.v20250403183124.min.js: sha512-HEOozu01OzUjoYEygMb4koxRRbaZrW0jTd4dTD5wkUajtxCXFhGEN036JGc0rCcfARtYiWh4ptj65vIovYgydg==
- clerk-js/5.59.1-snapshot.v20250403183124/cookieSuffix_6b833b_5.59.1-snapshot.v20250403183124.min.js: sha512-vg9W90KEqH+vc1JFRH1saEVXiUZnoB4PjRAUIK93ot8dTBNFw5s4bdxfDujpqxfPLF9nfaOTDTwxPkEGE9X40g==
- clerk-js/5.59.1-snapshot.v20250403183124/keylessPrompt_6b833b_5.59.1-snapshot.v20250403183124.min.js: sha512-8+yIJP1jf3O1355Y3Ns+r4kiItKH6Klx2iESNioYjJio/pw/L78IbwlZAkq5xliqqO2Kbdgb3glivYcUF8Q7hg==
- clerk-js/5.59.1-snapshot.v20250403183124/onetap_6b833b_5.59.1-snapshot.v20250403183124.js: sha512-ECzz2S+Rh24+fGNgGcEm60efcnWKXLUfvhRidTerEVzTqvR0bIVm1l0O2SojWRW/bavukVZHHjH6lZMZBQnXMw==
- clerk-js/5.59.1-snapshot.v20250403183124/op-billing-page_6b833b_5.59.1-snapshot.v20250403183124.min.js: sha512-Yz3uZEuzsLwCJYdKoaj+52uRVuouPKCWBMiq7VVX6orbv8yGeThLcCjOxwRB8UXiFPmXmdACexJi+wpwbW2flA==
- clerk-js/5.59.1-snapshot.v20250403183124/paymentSources_6b833b_5.59.1-snapshot.v20250403183124.min.js: sha512-i+Lbw4NfKFOd52VMet05+Q7z5YWYNiE4ua50vAMVoR8GUe3EBCRZ5UauHlKqArZcN5kv2jlEpajCBlvcGuN5CA==
- clerk-js/5.59.1-snapshot.v20250403183124/clerk.headless.browser.js: sha512-qx3/DKCoFdB3K7oRrnsiBB621k7CLoO5Ki+w3qcZ7dg0K1FKzYWi2LMWQsIuEqFxySTdR3pp9DsEHg40+ngZ7w==
- clerk-js/5.59.1-snapshot.v20250403183124/clerk.headless.js: sha512-gSuf8NgrVw3jcM/rI+JTtmaqUe0WkMYbATBdHCJ/zTUaqETBjAXtveuGudlEBwucYYpRdRiwOd6if/IOdhfbow==
- clerk-js/5.59.1-snapshot.v20250403183124/clerk.no-rhc.min.js: sha512-mXt65dsy3oAvesxblROF/2C53G+r+8jOvrZQEJf3awZYy9Tq4OoCJFzFA1ZkXzJn2K+dGnonLIMpTLW5zARMDg==
- clerk-js/5.59.1-snapshot.v20250403183124/vendors_6b833b_5.59.1-snapshot.v20250403183124.min.js: sha512-O51Eces2zLlh7QjLY5JOQ4wtT82MAVhFtyRzPxwAjD5jK/Y6RrDQpF5kwY8G+05macoTaxJVaU4A05D4c81rTw==
- clerk-js/5.59.1-snapshot.v20250403183124/zxcvbn-ts-core_6b833b_5.59.1-snapshot.v20250403183124.min.js: sha512-ehVFQI3Q5B22PedBZ61SoCgmlVgE/7x8GtncAZJHp9Y4jjysZ6bykR43MSAJNr8sIV/Ea3pLNmWqzOIEmNhMSw==
- clerk-js/5.59.1-snapshot.v20250403183124/createorganization_6b833b_5.59.1-snapshot.v20250403183124.js: sha512-B7v8/gHj4qW79CXh1P8V99rK8L+6A+oSeg4eSzLqVFn4Nmd2QjsG1gk5nfDlMrAcrOKIt4m+tLhfDAVBOSkagQ==
- clerk-js/5.59.1-snapshot.v20250403183124/impersonationfab_6b833b_5.59.1-snapshot.v20250403183124.js: sha512-+BfcjuQgwYwffxDfPJVVoh2lYtTD6Wjc3un0LcUNff+HMs9VfgWgwDgjNLGIlVN8S+pWtX3HWibS84e3i+67Fw==
- clerk-js/5.59.1-snapshot.v20250403183124/op-billing-page_6b833b_5.59.1-snapshot.v20250403183124.js: sha512-KYpmILSv2HX3b1Qy4YJkB5q75yYCm68pwJIJnWDZ6JkcxM5IC5/rGph83QNvhg/vQAOQcms1Zqk113hgkyQUUg==
- clerk-js/5.59.1-snapshot.v20250403183124/organizationswitcher_6b833b_5.59.1-snapshot.v20250403183124.min.js: sha512-0IFP/Qs/uFcXlVBAujgzlVS6QmCzAOmz9kieZIPyyCDA/fIWNQVqAjmC5OknKto/OY6tlJfsgnzErmgtPnTG0Q==
- clerk-js/5.59.1-snapshot.v20250403183124/377_c5388e_5.59.1-snapshot.v20250403183124.js: sha512-zc8F3yZk25QQjJrOShqLpeNBhA8ix9HZTcTIrQiPU60F0OKzyPgSPRi+CPwhDzAP7iSnJme4ws73O3/7Qicq0w==
- clerk-js/5.59.1-snapshot.v20250403183124/checkout_6b833b_5.59.1-snapshot.v20250403183124.min.js: sha512-chWobdIclV9M+GKO9VhrEZeDxMG99Ytmh15ksulTtnI+H/pfEWOviEMfX2ZhcZPTiubX4VkHWaNwBmEuFKrQAw==
- clerk-js/5.59.1-snapshot.v20250403183124/coinbase-wallet-sdk_6b833b_5.59.1-snapshot.v20250403183124.js: sha512-XmsWgo7P66/MJ98RjH5+xP+jqMIySmYdkUlZU5Y+pQehv4HRBuCOl9E8eCkQMucfhDAbicblzU80MPDVa/Q0dg==
- clerk-js/5.59.1-snapshot.v20250403183124/up-billing-page_6b833b_5.59.1-snapshot.v20250403183124.js: sha512-fiHx3K3Ftn5jEAjDg2Z6ohmNohTUBJUbYR6KksmI0H+yd/0M0efTkf3Nv5ZL6T5Vb0wvCv2bGq9MyQ/1BpaYFw==
- clerk-js/5.59.1-snapshot.v20250403183124/192_6b833b_5.59.1-snapshot.v20250403183124.min.js: sha512-DBcKNYpe/0v32yoAXVrsmSw8NDhXdOv1+9cFa2iqpQD0gAYj3GxfkWDyDlAGYtheYk25I1S/uB3ScmZmTVstLQ==
- clerk-js/5.59.1-snapshot.v20250403183124/cookieSuffix_24776a_5.59.1-snapshot.v20250403183124.js: sha512-IJE0CiJEmdq03APLKkIPgq2PbtP14FrxDhSgsZ2Y9XfYD9CxRjUvXffvbzdaio5H6aCgWKbQ2k/1+J+EsNDvew==
- clerk-js/5.59.1-snapshot.v20250403183124/sessionTasks_6b833b_5.59.1-snapshot.v20250403183124.js: sha512-ockF8p7IZH5pmfsVbXzwimGx1Yb0m5AvlvJl9O11iqtqofCZklsaiMD63dMyLwO/eT4Zf70BOSeadHEOhmmCUA==
