config: {"authors":[{"name":"heyesr"}],"autoupdate":{"source":"git","target":"git://github.com/heyesr/rgraph.git","fileMap":[{"basePath":"libraries","files":["RGraph.*.js"]}]},"description":"Beautiful javascript charts for websites","filename":"RGraph.common.core.js","homepage":"https://www.rgraph.net","keywords":["charts"],"license":"GPL \u0026 Commercial","name":"RGraph","repository":{"type":"git","url":"https://github.com/heyesr/rgraph"},"author":"heyesr"}
KV keys:
- RGraph/6.22/RGraph.activity.js.br
- RGraph/6.22/RGraph.activity.js.gz
- RGraph/6.22/RGraph.activity.min.js.br
- RGraph/6.22/RGraph.activity.min.js.gz
- RGraph/6.22/RGraph.bar.js.br
- RGraph/6.22/RGraph.bar.js.gz
- RGraph/6.22/RGraph.bar.min.js.br
- RGraph/6.22/RGraph.bar.min.js.gz
- RGraph/6.22/RGraph.bipolar.js.br
- RGraph/6.22/RGraph.bipolar.js.gz
- RGraph/6.22/RGraph.bipolar.min.js.br
- RGraph/6.22/RGraph.bipolar.min.js.gz
- RGraph/6.22/RGraph.common.annotate.js.br
- RGraph/6.22/RGraph.common.annotate.js.gz
- RGraph/6.22/RGraph.common.annotate.min.js.br
- RGraph/6.22/RGraph.common.annotate.min.js.gz
- RGraph/6.22/RGraph.common.context.js.br
- RGraph/6.22/RGraph.common.context.js.gz
- RGraph/6.22/RGraph.common.context.min.js.br
- RGraph/6.22/RGraph.common.context.min.js.gz
- RGraph/6.22/RGraph.common.core.js.br
- RGraph/6.22/RGraph.common.core.js.gz
- RGraph/6.22/RGraph.common.core.min.js.br
- RGraph/6.22/RGraph.common.core.min.js.gz
- RGraph/6.22/RGraph.common.csv.js.br
- RGraph/6.22/RGraph.common.csv.js.gz
- RGraph/6.22/RGraph.common.csv.min.js.br
- RGraph/6.22/RGraph.common.csv.min.js.gz
- RGraph/6.22/RGraph.common.dynamic.js.br
- RGraph/6.22/RGraph.common.dynamic.js.gz
- RGraph/6.22/RGraph.common.dynamic.min.js.br
- RGraph/6.22/RGraph.common.dynamic.min.js.gz
- RGraph/6.22/RGraph.common.effects.js.br
- RGraph/6.22/RGraph.common.effects.js.gz
- RGraph/6.22/RGraph.common.effects.min.js.br
- RGraph/6.22/RGraph.common.effects.min.js.gz
- RGraph/6.22/RGraph.common.key.js.br
- RGraph/6.22/RGraph.common.key.js.gz
- RGraph/6.22/RGraph.common.key.min.js.br
- RGraph/6.22/RGraph.common.key.min.js.gz
- RGraph/6.22/RGraph.common.moment.js.br
- RGraph/6.22/RGraph.common.moment.js.gz
- RGraph/6.22/RGraph.common.moment.min.js.br
- RGraph/6.22/RGraph.common.moment.min.js.gz
- RGraph/6.22/RGraph.common.sheets.js.br
- RGraph/6.22/RGraph.common.sheets.js.gz
- RGraph/6.22/RGraph.common.sheets.min.js.br
- RGraph/6.22/RGraph.common.sheets.min.js.gz
- RGraph/6.22/RGraph.common.starburst.js.br
- RGraph/6.22/RGraph.common.starburst.js.gz
- RGraph/6.22/RGraph.common.starburst.min.js.br
- RGraph/6.22/RGraph.common.starburst.min.js.gz
- RGraph/6.22/RGraph.common.table.js.br
- RGraph/6.22/RGraph.common.table.js.gz
- RGraph/6.22/RGraph.common.table.min.js.br
- RGraph/6.22/RGraph.common.table.min.js.gz
- RGraph/6.22/RGraph.common.tooltips.js.br
- RGraph/6.22/RGraph.common.tooltips.js.gz
- RGraph/6.22/RGraph.common.tooltips.min.js.br
- RGraph/6.22/RGraph.common.tooltips.min.js.gz
- RGraph/6.22/RGraph.datagrid.js.br
- RGraph/6.22/RGraph.datagrid.js.gz
- RGraph/6.22/RGraph.datagrid.min.js.br
- RGraph/6.22/RGraph.datagrid.min.js.gz
- RGraph/6.22/RGraph.drawing.background.js.br
- RGraph/6.22/RGraph.drawing.background.js.gz
- RGraph/6.22/RGraph.drawing.background.min.js.br
- RGraph/6.22/RGraph.drawing.background.min.js.gz
- RGraph/6.22/RGraph.drawing.circle.js.br
- RGraph/6.22/RGraph.drawing.circle.js.gz
- RGraph/6.22/RGraph.drawing.circle.min.js.br
- RGraph/6.22/RGraph.drawing.circle.min.js.gz
- RGraph/6.22/RGraph.drawing.image.js.br
- RGraph/6.22/RGraph.drawing.image.js.gz
- RGraph/6.22/RGraph.drawing.image.min.js.br
- RGraph/6.22/RGraph.drawing.image.min.js.gz
- RGraph/6.22/RGraph.drawing.line.js.br
- RGraph/6.22/RGraph.drawing.line.js.gz
- RGraph/6.22/RGraph.drawing.line.min.js.br
- RGraph/6.22/RGraph.drawing.line.min.js.gz
- RGraph/6.22/RGraph.drawing.marker1.js.br
- RGraph/6.22/RGraph.drawing.marker1.js.gz
- RGraph/6.22/RGraph.drawing.marker1.min.js.br
- RGraph/6.22/RGraph.drawing.marker1.min.js.gz
- RGraph/6.22/RGraph.drawing.marker2.js.br
- RGraph/6.22/RGraph.drawing.marker2.js.gz
- RGraph/6.22/RGraph.drawing.marker2.min.js.br
- RGraph/6.22/RGraph.drawing.marker2.min.js.gz
- RGraph/6.22/RGraph.drawing.marker3.js.br
- RGraph/6.22/RGraph.drawing.marker3.js.gz
- RGraph/6.22/RGraph.drawing.marker3.min.js.br
- RGraph/6.22/RGraph.drawing.marker3.min.js.gz
- RGraph/6.22/RGraph.drawing.poly.js.br
- RGraph/6.22/RGraph.drawing.poly.js.gz
- RGraph/6.22/RGraph.drawing.poly.min.js.br
- RGraph/6.22/RGraph.drawing.poly.min.js.gz
- RGraph/6.22/RGraph.drawing.rect.js.br
- RGraph/6.22/RGraph.drawing.rect.js.gz
- RGraph/6.22/RGraph.drawing.rect.min.js.br
- RGraph/6.22/RGraph.drawing.rect.min.js.gz
- RGraph/6.22/RGraph.drawing.text.js.br
- RGraph/6.22/RGraph.drawing.text.js.gz
- RGraph/6.22/RGraph.drawing.text.min.js.br
- RGraph/6.22/RGraph.drawing.text.min.js.gz
- RGraph/6.22/RGraph.drawing.xaxis.js.br
- RGraph/6.22/RGraph.drawing.xaxis.js.gz
- RGraph/6.22/RGraph.drawing.xaxis.min.js.br
- RGraph/6.22/RGraph.drawing.xaxis.min.js.gz
- RGraph/6.22/RGraph.drawing.yaxis.js.br
- RGraph/6.22/RGraph.drawing.yaxis.js.gz
- RGraph/6.22/RGraph.drawing.yaxis.min.js.br
- RGraph/6.22/RGraph.drawing.yaxis.min.js.gz
- RGraph/6.22/RGraph.fuel.js.br
- RGraph/6.22/RGraph.fuel.js.gz
- RGraph/6.22/RGraph.fuel.min.js.br
- RGraph/6.22/RGraph.fuel.min.js.gz
- RGraph/6.22/RGraph.funnel.js.br
- RGraph/6.22/RGraph.funnel.js.gz
- RGraph/6.22/RGraph.funnel.min.js.br
- RGraph/6.22/RGraph.funnel.min.js.gz
- RGraph/6.22/RGraph.gantt.js.br
- RGraph/6.22/RGraph.gantt.js.gz
- RGraph/6.22/RGraph.gantt.min.js.br
- RGraph/6.22/RGraph.gantt.min.js.gz
- RGraph/6.22/RGraph.gauge.js.br
- RGraph/6.22/RGraph.gauge.js.gz
- RGraph/6.22/RGraph.gauge.min.js.br
- RGraph/6.22/RGraph.gauge.min.js.gz
- RGraph/6.22/RGraph.hbar.js.br
- RGraph/6.22/RGraph.hbar.js.gz
- RGraph/6.22/RGraph.hbar.min.js.br
- RGraph/6.22/RGraph.hbar.min.js.gz
- RGraph/6.22/RGraph.horseshoe.js.br
- RGraph/6.22/RGraph.horseshoe.js.gz
- RGraph/6.22/RGraph.horseshoe.min.js.br
- RGraph/6.22/RGraph.horseshoe.min.js.gz
- RGraph/6.22/RGraph.hprogress.js.br
- RGraph/6.22/RGraph.hprogress.js.gz
- RGraph/6.22/RGraph.hprogress.min.js.br
- RGraph/6.22/RGraph.hprogress.min.js.gz
- RGraph/6.22/RGraph.line.js.br
- RGraph/6.22/RGraph.line.js.gz
- RGraph/6.22/RGraph.line.min.js.br
- RGraph/6.22/RGraph.line.min.js.gz
- RGraph/6.22/RGraph.meter.js.br
- RGraph/6.22/RGraph.meter.js.gz
- RGraph/6.22/RGraph.meter.min.js.br
- RGraph/6.22/RGraph.meter.min.js.gz
- RGraph/6.22/RGraph.modaldialog.js.br
- RGraph/6.22/RGraph.modaldialog.js.gz
- RGraph/6.22/RGraph.modaldialog.min.js.br
- RGraph/6.22/RGraph.modaldialog.min.js.gz
- RGraph/6.22/RGraph.odo.js.br
- RGraph/6.22/RGraph.odo.js.gz
- RGraph/6.22/RGraph.odo.min.js.br
- RGraph/6.22/RGraph.odo.min.js.gz
- RGraph/6.22/RGraph.pie.js.br
- RGraph/6.22/RGraph.pie.js.gz
- RGraph/6.22/RGraph.pie.min.js.br
- RGraph/6.22/RGraph.pie.min.js.gz
- RGraph/6.22/RGraph.radar.js.br
- RGraph/6.22/RGraph.radar.js.gz
- RGraph/6.22/RGraph.radar.min.js.br
- RGraph/6.22/RGraph.radar.min.js.gz
- RGraph/6.22/RGraph.rose.js.br
- RGraph/6.22/RGraph.rose.js.gz
- RGraph/6.22/RGraph.rose.min.js.br
- RGraph/6.22/RGraph.rose.min.js.gz
- RGraph/6.22/RGraph.rscatter.js.br
- RGraph/6.22/RGraph.rscatter.js.gz
- RGraph/6.22/RGraph.rscatter.min.js.br
- RGraph/6.22/RGraph.rscatter.min.js.gz
- RGraph/6.22/RGraph.scatter.js.br
- RGraph/6.22/RGraph.scatter.js.gz
- RGraph/6.22/RGraph.scatter.min.js.br
- RGraph/6.22/RGraph.scatter.min.js.gz
- RGraph/6.22/RGraph.segmented.js.br
- RGraph/6.22/RGraph.segmented.js.gz
- RGraph/6.22/RGraph.segmented.min.js.br
- RGraph/6.22/RGraph.segmented.min.js.gz
- RGraph/6.22/RGraph.semicircularprogress.js.br
- RGraph/6.22/RGraph.semicircularprogress.js.gz
- RGraph/6.22/RGraph.semicircularprogress.min.js.br
- RGraph/6.22/RGraph.semicircularprogress.min.js.gz
- RGraph/6.22/RGraph.svg.activity.js.br
- RGraph/6.22/RGraph.svg.activity.js.gz
- RGraph/6.22/RGraph.svg.activity.min.js.br
- RGraph/6.22/RGraph.svg.activity.min.js.gz
- RGraph/6.22/RGraph.svg.bar.js.br
- RGraph/6.22/RGraph.svg.bar.js.gz
- RGraph/6.22/RGraph.svg.bar.min.js.br
- RGraph/6.22/RGraph.svg.bar.min.js.gz
- RGraph/6.22/RGraph.svg.bipolar.js.br
- RGraph/6.22/RGraph.svg.bipolar.js.gz
- RGraph/6.22/RGraph.svg.bipolar.min.js.br
- RGraph/6.22/RGraph.svg.bipolar.min.js.gz
- RGraph/6.22/RGraph.svg.common.ajax.js.br
- RGraph/6.22/RGraph.svg.common.ajax.js.gz
- RGraph/6.22/RGraph.svg.common.ajax.min.js.br
- RGraph/6.22/RGraph.svg.common.ajax.min.js.gz
- RGraph/6.22/RGraph.svg.common.core.js.br
- RGraph/6.22/RGraph.svg.common.core.js.gz
- RGraph/6.22/RGraph.svg.common.core.min.js.br
- RGraph/6.22/RGraph.svg.common.core.min.js.gz
- RGraph/6.22/RGraph.svg.common.csv.js.br
- RGraph/6.22/RGraph.svg.common.csv.js.gz
- RGraph/6.22/RGraph.svg.common.csv.min.js.br
- RGraph/6.22/RGraph.svg.common.csv.min.js.gz
- RGraph/6.22/RGraph.svg.common.fx.js.br
- RGraph/6.22/RGraph.svg.common.fx.js.gz
- RGraph/6.22/RGraph.svg.common.fx.min.js.br
- RGraph/6.22/RGraph.svg.common.fx.min.js.gz
- RGraph/6.22/RGraph.svg.common.key.js.br
- RGraph/6.22/RGraph.svg.common.key.js.gz
- RGraph/6.22/RGraph.svg.common.key.min.js.br
- RGraph/6.22/RGraph.svg.common.key.min.js.gz
- RGraph/6.22/RGraph.svg.common.sheets.js.br
- RGraph/6.22/RGraph.svg.common.sheets.js.gz
- RGraph/6.22/RGraph.svg.common.sheets.min.js.br
- RGraph/6.22/RGraph.svg.common.sheets.min.js.gz
- RGraph/6.22/RGraph.svg.common.table.js.br
- RGraph/6.22/RGraph.svg.common.table.js.gz
- RGraph/6.22/RGraph.svg.common.table.min.js.br
- RGraph/6.22/RGraph.svg.common.table.min.js.gz
- RGraph/6.22/RGraph.svg.common.tooltips.js.br
- RGraph/6.22/RGraph.svg.common.tooltips.js.gz
- RGraph/6.22/RGraph.svg.common.tooltips.min.js.br
- RGraph/6.22/RGraph.svg.common.tooltips.min.js.gz
- RGraph/6.22/RGraph.svg.common.zoom.js.br
- RGraph/6.22/RGraph.svg.common.zoom.js.gz
- RGraph/6.22/RGraph.svg.common.zoom.min.js.br
- RGraph/6.22/RGraph.svg.common.zoom.min.js.gz
- RGraph/6.22/RGraph.svg.funnel.js.br
- RGraph/6.22/RGraph.svg.funnel.js.gz
- RGraph/6.22/RGraph.svg.funnel.min.js.br
- RGraph/6.22/RGraph.svg.funnel.min.js.gz
- RGraph/6.22/RGraph.svg.gauge.js.br
- RGraph/6.22/RGraph.svg.gauge.js.gz
- RGraph/6.22/RGraph.svg.gauge.min.js.br
- RGraph/6.22/RGraph.svg.gauge.min.js.gz
- RGraph/6.22/RGraph.svg.hbar.js.br
- RGraph/6.22/RGraph.svg.hbar.js.gz
- RGraph/6.22/RGraph.svg.hbar.min.js.br
- RGraph/6.22/RGraph.svg.hbar.min.js.gz
- RGraph/6.22/RGraph.svg.horseshoe.js.br
- RGraph/6.22/RGraph.svg.horseshoe.js.gz
- RGraph/6.22/RGraph.svg.horseshoe.min.js.br
- RGraph/6.22/RGraph.svg.horseshoe.min.js.gz
- RGraph/6.22/RGraph.svg.line.js.br
- RGraph/6.22/RGraph.svg.line.js.gz
- RGraph/6.22/RGraph.svg.line.min.js.br
- RGraph/6.22/RGraph.svg.line.min.js.gz
- RGraph/6.22/RGraph.svg.pie.js.br
- RGraph/6.22/RGraph.svg.pie.js.gz
- RGraph/6.22/RGraph.svg.pie.min.js.br
- RGraph/6.22/RGraph.svg.pie.min.js.gz
- RGraph/6.22/RGraph.svg.radar.js.br
- RGraph/6.22/RGraph.svg.radar.js.gz
- RGraph/6.22/RGraph.svg.radar.min.js.br
- RGraph/6.22/RGraph.svg.radar.min.js.gz
- RGraph/6.22/RGraph.svg.rose.js.br
- RGraph/6.22/RGraph.svg.rose.js.gz
- RGraph/6.22/RGraph.svg.rose.min.js.br
- RGraph/6.22/RGraph.svg.rose.min.js.gz
- RGraph/6.22/RGraph.svg.scatter.js.br
- RGraph/6.22/RGraph.svg.scatter.js.gz
- RGraph/6.22/RGraph.svg.scatter.min.js.br
- RGraph/6.22/RGraph.svg.scatter.min.js.gz
- RGraph/6.22/RGraph.svg.segmented.js.br
- RGraph/6.22/RGraph.svg.segmented.js.gz
- RGraph/6.22/RGraph.svg.segmented.min.js.br
- RGraph/6.22/RGraph.svg.segmented.min.js.gz
- RGraph/6.22/RGraph.svg.semicircularprogress.js.br
- RGraph/6.22/RGraph.svg.semicircularprogress.js.gz
- RGraph/6.22/RGraph.svg.semicircularprogress.min.js.br
- RGraph/6.22/RGraph.svg.semicircularprogress.min.js.gz
- RGraph/6.22/RGraph.svg.waterfall.js.br
- RGraph/6.22/RGraph.svg.waterfall.js.gz
- RGraph/6.22/RGraph.svg.waterfall.min.js.br
- RGraph/6.22/RGraph.svg.waterfall.min.js.gz
- RGraph/6.22/RGraph.thermometer.js.br
- RGraph/6.22/RGraph.thermometer.js.gz
- RGraph/6.22/RGraph.thermometer.min.js.br
- RGraph/6.22/RGraph.thermometer.min.js.gz
- RGraph/6.22/RGraph.vprogress.js.br
- RGraph/6.22/RGraph.vprogress.js.gz
- RGraph/6.22/RGraph.vprogress.min.js.br
- RGraph/6.22/RGraph.vprogress.min.js.gz
- RGraph/6.22/RGraph.waterfall.js.br
- RGraph/6.22/RGraph.waterfall.js.gz
- RGraph/6.22/RGraph.waterfall.min.js.br
- RGraph/6.22/RGraph.waterfall.min.js.gz
SRIs:
- RGraph/6.22/RGraph.drawing.marker2.min.js: sha512-qkl6LCjCCj5PGD298ERIBmCGjviv//XZMk0zNunZDwxGkR8W03GjtGtwVG4deO4IBM/koVq7DUpw/bjmLneL8w==
- RGraph/6.22/RGraph.svg.common.zoom.min.js: sha512-/Iol+Qd7kE6fgvWAvRAJMtE8r6Q3z/2U7JtM3rUhnzLamsjgjeQBEv6M21tH7Hhu0MO7WYQNjZMLURA3mXH3JQ==
- RGraph/6.22/RGraph.thermometer.min.js: sha512-laTaSzFj5Sh+uG9iIS4RS6VkRX4VtJXlXrwBeL9sAj1iPJxjWc0PLhPk5go0o6VbGVtuLBrooRa7O1JGJesttQ==
- RGraph/6.22/RGraph.common.starburst.min.js: sha512-zGYAQeyv0wXCqs2oIzBc4mRaxFAqrv/S+e/IsnzoFMfPirOQlBOYivqihMHDBRAbaHM55FB+etqKX1o6DOEtlw==
- RGraph/6.22/RGraph.svg.bar.js: sha512-A7FRIF/WlRZ4ONH+rIrEEkmkyBYn/afPAqxmC8ZzC3vv+aCUK+mRek3vIKLMA693vR/durL1w0BEXNkaRAzIgQ==
- RGraph/6.22/RGraph.svg.common.sheets.min.js: sha512-RVWXw2s21j7/Ls7GZj0dkplQiMfYFkmx0/7ncxJ5YAJip5X8+vCLsSXDMWqlPHhWXetIBrwTAo7G1Z5s32FvHA==
- RGraph/6.22/RGraph.modaldialog.min.js: sha512-xonjGJoG5tkHas0nGVMM2Qa7EvU4BpnsInDAB26fyZjcs1DmmSi0dPqHZ4CADNW1Sz09Vr5WdVsChbjJL1x3QA==
- RGraph/6.22/RGraph.svg.activity.min.js: sha512-jTfGk9Wws9k/OSC+0aZ8TpULEmDX+saywDD/QZyfmxq8SH7Bgl+UIVMIcsSfvOR8UV3nxlaflF9CkoIp4LztxQ==
- RGraph/6.22/RGraph.svg.common.csv.js: sha512-K94zq5mn9URsy7Aa+w8rLr9Yll4+H5H5ioSnMjWJ12C40tIVpTfP+eI7dWHZaTrR2fbWjUMluS9G++B6z7zgWA==
- RGraph/6.22/RGraph.common.annotate.min.js: sha512-nOIR+0LIjbmzgwemnhmhITrQusQOStUAR6x66n1UCVB/Zrit/tCy2yiPfKgEDeVM8j9W+fmQGOP8s8G8mEKLZw==
- RGraph/6.22/RGraph.common.table.js: sha512-uQ1IdnpIoMnjb0sjCwzHiTOYmXcMDNKVYXA4mCio/G59h0k0Vg037m3Ppvd+dMZ2mtKLQxEM0COcpriPccuCCA==
- RGraph/6.22/RGraph.modaldialog.js: sha512-LmW4PWzctsIer9hLFpRTlkPXB/p98Zk96TkZDxao7I9N3FGbgB4pIAn84zlQiHQF+/cg3zvnVwIYbFHieGnB/A==
- RGraph/6.22/RGraph.svg.common.core.js: sha512-7HVGzHWVwdlUBrzdETYGNdeAiG5EufLEHYc87X1ltxP1CV2Y/cGqxKTvNTEbjhFP1hLGwrO0PGq/Hd5EijThVg==
- RGraph/6.22/RGraph.common.moment.js: sha512-Zo93gL1GigWRLcTQGUjo+vrpslGdI89xz46AdKiI7b6oEdEsZow9bQc6zMoDj9nbRRmh9+Lmh/IVZ7II1RAqEA==
- RGraph/6.22/RGraph.drawing.marker1.min.js: sha512-kNaOkAdje4XgYk2PLGtHDQBns+PytrpinZa/b8oPQIAvNUdQKdSTvmgfme+bKGQeIgmsCeP1dbnSdw9yRjRP1w==
- RGraph/6.22/RGraph.fuel.min.js: sha512-d+K+E2ecyu6xiI+8Q9Ye/k1EhtQ3wNNCjehibLZ+fpCpBsT5rvy75zHR17E/fT2IGUAredwn1B8cc4DPd7VLSw==
- RGraph/6.22/RGraph.gauge.js: sha512-2Qp/JHDL+jUsfV3yCs7oyMpad80dR9cY8CQTXBhNKQCAhxGRZxwejJWPeRjqRv23aAiOTcnTUEaNe1yPVMjdZQ==
- RGraph/6.22/RGraph.activity.min.js: sha512-C+32NwS8CNV497+J6ZJkqEZxJDGQGm9gYQzJZ/gPJJ10lpia5PttW4T1/gEMikfPbFb5hJi4FSdAr6C32WnE+g==
- RGraph/6.22/RGraph.drawing.marker1.js: sha512-ChgW/RQv/NfIgOTwQ+OGtYEl5N4BT58HFtn2jGfLWHn6bdzpltP8sJdiRupgvoSYHIhwFggC7y+VBMzL2/FbvQ==
- RGraph/6.22/RGraph.common.moment.min.js: sha512-6gO0D2J9P+5ZXyohCRMAO2GctkCpO9HmNKwJnlec2pN3momdRblm/X1/C5c/hIWURdfEzvomaigycYlLorEVcg==
- RGraph/6.22/RGraph.line.js: sha512-uB07Qj1fNeTlJLrgqtvfX1jW9A9Ed23MFYy5yfvCp6OldUie9qPMRO+YG1vOFJGq2nYsrH5ls73Xm8l7rniWmQ==
- RGraph/6.22/RGraph.rose.js: sha512-8HwYcsdOQJSrEy1tN2It5muslASm8Suv2l0KEqVRlqTNM2v+gp0GNP0f0WItVdP2sumjlXmIUB55HubjRs28Qw==
- RGraph/6.22/RGraph.rscatter.js: sha512-yLWBeryEYxaa/jPiCBiwqzJNqMNg40yhsWqIoQeiNay1tkMg3KCkFqN/HgmZzaVv2zgN6GcBxhTKEuEWuj0yCw==
- RGraph/6.22/RGraph.scatter.min.js: sha512-wE5aCUSh2wxr1ecn3Hmyt8h6bkKDksxFQhnKvKsqN66bdyIkXOVdCfC3FPKeeWXXh4wIpAr9QEb4IZKjfyecvA==
- RGraph/6.22/RGraph.svg.horseshoe.min.js: sha512-vG2WhLRs+06Q0B9ipXb4FEGm/UxX4AAwmlmLv/lUs28wFHIA5fjjRVSb1OSAcONdn69WvPngZXIJFl15p6GUUg==
- RGraph/6.22/RGraph.svg.rose.js: sha512-psl9ftGiaqmvW5hYZIqS/MmZEoirE5JzlaOrlC2ue3pkgCDUA4REacXbVGsajQKbGynnMiFJ8uHzgqA0mewJqA==
- RGraph/6.22/RGraph.bar.js: sha512-C+MTGn4sGKOZnQ+Zo1rQSUE5ApiCD0V9hX1NSsyFoVwVBipUXGkAklmF03Nv5uNSQQMR8QG04YfbeY5FBjivwQ==
- RGraph/6.22/RGraph.hprogress.js: sha512-wQNl5LLaYLsViaYNKAF8BFbPNicOSM0jMmXLP9BzjUEceiDxaK94Z7tM0RgJ62mFwn7Tzzte3p2IK4WIVdKwjA==
- RGraph/6.22/RGraph.svg.line.js: sha512-dqqir4/68/CrW0WTbnSjW/WiYtEQFYMIQ1HVn8q7DgLg0Nty3lrCrETLtUBqlJOig4i0E1/pTem1okVQzm/WFg==
- RGraph/6.22/RGraph.drawing.text.js: sha512-BVU0MQMi9IVWOo+VLSpTzmrcxfemKcEkSiRteXf2yhu8GFSr82MuFu1ApybrF1SHrjokFfOTp8V74KtY+GmteQ==
- RGraph/6.22/RGraph.drawing.image.min.js: sha512-v2rFj0XQE46OkdNaoGdOY3RdoMR9HXs7As6sq88EJqb/8tyVFDVQB90xKEK92+2wzsGW6bFk15rtLh8Vr2emfw==
- RGraph/6.22/RGraph.svg.funnel.js: sha512-8u9waCJ9JekAMXE+6aDOBTTZbfw7T8UE8bZHcoqKGvXy6WBQ33oCEbEg1uim9pNKLGtitkdcG9mzwe2Yqjov6g==
- RGraph/6.22/RGraph.svg.waterfall.js: sha512-dxPG+4vCp3tyhNPeqcI0m/Legh6eLYpDIBk7U43iLsXVohd7DXHjpaR2qFsCr8Uvv5afVpfC6gsmrm9Vr99g7Q==
- RGraph/6.22/RGraph.common.context.min.js: sha512-zQ1caD7eeGJNYqbktZ8blTN9npsGHREr6Qo2KC/ljBQfdKhQZULkRuDsKuqQs6qKlpmQbNlzoYw43jwaDsbYjQ==
- RGraph/6.22/RGraph.svg.rose.min.js: sha512-/O77Z+X4DAltxo0F99pl++qsvDWiWpwf0q6mHR/jM5v/SHslWNt+og1Vf1ECPLe8QY5BT23+MpAPLvgfk2S7Lg==
- RGraph/6.22/RGraph.hprogress.min.js: sha512-qD/4q87IXNqDqHg/jeTSzOR8VyMMU52LekVA7MBR6mNpQj022941/3Zij1MNMuBwm1R3dGp9UILUm/vIlv8W1A==
- RGraph/6.22/RGraph.common.csv.js: sha512-VrNy6Hif6fiHIieHpbKLJEbOYTiKrEoUGoBAtrP8BcpFOVJqWCVNo+k5fjZayCyrjBOlGv+vNngRQkDewPnnBA==
- RGraph/6.22/RGraph.drawing.background.js: sha512-i+8v3t4pYLsG4vbWJUmRFiYhU5TXsn7QCVO8VG7+23V5TKmWEgOBXXlVxN7dLk0wjZSWUjtHdPSdmMK4PoVUKg==
- RGraph/6.22/RGraph.drawing.marker2.js: sha512-YlslJJja7Qlr+/uW+oQY3HIpjC44aWalwFZqXcEwv2LR57AbDAiPQQX8MtLvy5kqo2f7cx0iRBm1OsdjJZEq9Q==
- RGraph/6.22/RGraph.drawing.marker3.min.js: sha512-GcItLSoytOSde837O2TehodxTErUhRzY3UGhonkmV7d5BJeIH1zDySy//oiUnmJtUL4nHiSeCaPFhYLXYoQFyg==
- RGraph/6.22/RGraph.pie.min.js: sha512-JKOQVCwlKxwUbWfdzcJo94NUbljhE5xjys3kq5bpyWj+3HvLXbBM/RJuh6+03ub8m7x8oejDGNrYzNue0So90w==
- RGraph/6.22/RGraph.semicircularprogress.js: sha512-aIIbNJsIZQolreqF8oV/TKmESh9ILM3TC7MQ4EW3T1KC9wWsotd6Qi3au8pI6vhac7HDVsGzYc5oYsumoKgPHA==
- RGraph/6.22/RGraph.svg.common.core.min.js: sha512-BfMlEecX+MmqMaHS/ULpIUBIBhZTF26zhboQn+3g+wS5bfsD4GdyyjlcFt/LFYSJc4okqeKO8OGQaT6px+T1RQ==
- RGraph/6.22/RGraph.bipolar.js: sha512-2Ap7E/6SCvooYWuD4/DHiUuSGxqZJx2USnoMd328MOLgdlMCtzL1k7IYGyun5bcgvl6ogGjovYLEpJHdxMb1Lg==
- RGraph/6.22/RGraph.svg.gauge.min.js: sha512-NQSagftp0YFWnVmnaBDCbsIBhiTbqItsSqnpGq9YvrI3ru+Oz3v+IkREyYnYiuSj7amDlsxdWhgTSZkRRSgzcw==
- RGraph/6.22/RGraph.svg.common.key.min.js: sha512-jRKBNvicbJj6SElZJtzSQHspeZ1U7hTM1zMTd1FPfsNO6Y9izD/8D2MtQuybL5F+88/E/Gy88P3mMcXL4fCujA==
- RGraph/6.22/RGraph.rose.min.js: sha512-CE4l2f7KYGEiziMX4l8O/S/K/oRuwAsE2XrtmJGAB0xsQoAfclib5j7Sf7ZOqswewI5m/nqmLhGy8vNZVw0VNA==
- RGraph/6.22/RGraph.rscatter.min.js: sha512-SzCWDIOsSYa6Y5mqhHymhosQgJJc+Dd+MP9ytDuLNfv1l8fuiroSfPv32Mz1Sl66bHmP0ZguaIi/7LpYjxdxvw==
- RGraph/6.22/RGraph.scatter.js: sha512-Eki0WNQ6sQfsKVjIh1WJNtrW0mGqNQ7BZFZgufysV7wizx5FAUjwCiXpNU4dNUPfJgl2tPPo/0+WmA1d2kJDkg==
- RGraph/6.22/RGraph.svg.common.zoom.js: sha512-WfZkhoNiHphWGof3dHgmIXDlY2MTxWY9KzfqGtIuAV2E9gnXOi+7RHF2DGSIlWKf1X1kgtgNaYUcgmDpqhNZQw==
- RGraph/6.22/RGraph.vprogress.js: sha512-2uqk8MA8bcWTPXCz6C3s07EIPEJRpAu4IeHlORLF74NOmgv1COdT3S0NrMxUQjAPAK3ITVNCbYMLoS5bvB6Xuw==
- RGraph/6.22/RGraph.drawing.marker3.js: sha512-W6GF8/jHlb1xkfaqzyN8mVN11q7cCfkvfpusid56buG9L2VTFxNouHsEb0Fs49o0fYEzAB2I/rpnHmSojCgGUQ==
- RGraph/6.22/RGraph.drawing.rect.min.js: sha512-m5PPUt6rS+rE+rWbbKOjx3mYowRDkIZojm8LQffln2iwb5CKRrE6/wDqcZURPNEGU0aJuPL7fPcCVsmZzW4fWA==
- RGraph/6.22/RGraph.drawing.yaxis.js: sha512-lgmNvR64KdevfzYCxp2QwkJcJcjObQdX/EoCXkkfkUAopMdyc2yk6wXPuzt8w5LdZ2uPjtsLzssKtsqX0vbmrA==
- RGraph/6.22/RGraph.svg.horseshoe.js: sha512-mzJbCl58lyL2tVRWAng09xrfSdQlUA92y6sfSnV43VamNqT8Qnz/+7FzvGILwYjYSEVge1tCFkLGVBahENBgAg==
- RGraph/6.22/RGraph.waterfall.js: sha512-RvGSPhx4KuGLI5kp/jELPZRzQz5o14Bz3CmUoGqmtlPoZiI7+5Xaz9OWsP3isg+SjFSDoSA1fFwJUIOvBPQYdg==
- RGraph/6.22/RGraph.common.annotate.js: sha512-q9TeEB1krFRxXYjcZ8jmS+xZn0xMOSDsKNWQjjpQi1JVtR67yus2gV+Xwp2IQw5P4ADMMGmwVZMZm7/b8WZMUw==
- RGraph/6.22/RGraph.common.key.js: sha512-d+dx+gunLfcPg1uP05jPn7QdhRTCUISSqp+ujAiz7zBVLVKfn9sWZkS7f0Rq8iVIazJtri/g6IoSoBh7zO8G7g==
- RGraph/6.22/RGraph.drawing.poly.min.js: sha512-erwvotlns5/TT1hipSDki9+G4TPKPFdI/vxBDwmiV7EugC8kp3Q6RG1Tf/bXkWL6/KffoFEEru7+shpUpflQDA==
- RGraph/6.22/RGraph.gauge.min.js: sha512-WDMx2QUqv/P45Cr0OzQceo/06jwgzyrxBynK0K2ZAyKcAgSJ7IcxA8j9omt4QpDjq12Shfj9O25KmJMnx4hRBw==
- RGraph/6.22/RGraph.svg.common.tooltips.min.js: sha512-/PGmlqV6k/d2uPrPoHH9+hFgVmwn8mTFru6HY1ubiYqXLKBnsD3RSf0KEb1uCwpeMQHwIsjJfN9yk8YpUKMZ7Q==
- RGraph/6.22/RGraph.svg.semicircularprogress.js: sha512-U/xr9KNfve+2pzBzfMDHax++eF/8nKAxQmK6cPXgL52qa4idAqfGDIcvQ+XISykiaH/FzyWp5sXUfLGqiNQ1eg==
- RGraph/6.22/RGraph.bar.min.js: sha512-onhRgq9T8Q3bYt5jVjnnEYJBXp0aPDaBYWkurus6gJBF+4gaQCANk0dO3mvP8njfosZVnofZBQy895ABevOHNw==
- RGraph/6.22/RGraph.gantt.min.js: sha512-wVbzWeXolKSrbrPbcLCcb0qLC1WED4UIqYY0yHcaUaBA1gBBfALDMvCe6RN53+cu3nkOaWADoaI4uQA5+1ileg==
- RGraph/6.22/RGraph.line.min.js: sha512-DmYKL/A+8gvmfcuRBIckbJbll06tevHqEAJNS1OMLcPZgK8U5gjYR2B/rW9P8A+16I4vM5JBBVCgQGeCzcR2nQ==
- RGraph/6.22/RGraph.svg.common.sheets.js: sha512-qnPyjbbwlQ0O1nNY+UNijGAt3t91uWJCuvYoo5gEDpvIHr/Xkwgm6cNZD5+3mNX81Vkxxn/5caLPif27KFF/dg==
- RGraph/6.22/RGraph.vprogress.min.js: sha512-y8euGagW14UupIo8VylOv6mLcrZ3mTUnq6dugONFyFMqw+M7JDWnR3PjTmPujwaBgaHf/S1pmb5j33OFgllkHQ==
- RGraph/6.22/RGraph.drawing.image.js: sha512-vna79BftVvLp6BOhELe1pZPlAAcPY35wibW8jszftJieplUw/Pl7ZKa0ygCha5TH6Se2+Pr4Sr6AVPTeCxxQNw==
- RGraph/6.22/RGraph.datagrid.js: sha512-OAfCDyGwmoMEOlK9C0NMH5ruJ3ytyhRcNCM8Lt2UUEi25SUWeWCz2PHRdj4ziyirKApIkp9VWjgiivRkR5U37A==
- RGraph/6.22/RGraph.drawing.poly.js: sha512-kWyeeAM7sMNs8NBFbDbUL3BMfuwf4qGdS+tkgiTnTbPnSWZlq1/6D42WHrTp1cgVFZ739TmTYrX97cblnGqQxQ==
- RGraph/6.22/RGraph.drawing.rect.js: sha512-2j1wP5NU66sjjZ+L2jC4A6H2LfuZWgqy8hYHlpjowOkMur6NYjANdoNmrwH3unClQskwfaKJNc+nCpHGJiK7OA==
- RGraph/6.22/RGraph.hbar.min.js: sha512-C+R9VPuM8xKZ9pg9VPVEe1uhKHGab9/XClaLebHjEg8QWjTLH2jSkfUk7uxQZPvCIdeIm/cxk0jpiX9fUnBeHA==
- RGraph/6.22/RGraph.meter.js: sha512-k5E2e+SmhICr2TcpRiwc1p8CK2GFeanseczwbVDZs6nQyLDDl7U3zKWY7LheyNc22KaXv3HGXS6j5srcbaGIbQ==
- RGraph/6.22/RGraph.radar.js: sha512-sdPHUJkOOHgcTn8GNrVuGTbTyC4l3H1+jl3SgubWahhaXSj+CLC/BO51ttMS3GXjaad7q5QdJTiuSQt4pqpy5w==
- RGraph/6.22/RGraph.svg.activity.js: sha512-4AclI5f5AnIiJvLTWyZ9cWbufxwZDnfxUVMyRxppsxegC+A8a0ITvamKZJ6zv7fKkOVnv4sMAsWG3da6LrS2Tw==
- RGraph/6.22/RGraph.common.context.js: sha512-szu41gIrhdWwHybSyIZkho9mPHKbnyAZ2BDihRIE9N1w3GQCNwAALTrhLFDz1aQTodd/mGihzI4bgHjRJoedJg==
- RGraph/6.22/RGraph.svg.common.fx.min.js: sha512-SRDK4YnByASWRbrK8upzTKjYU4/vl1sNDCrMqkyxnuQd8VBUut4nORSKLZug2Rlx0baV66JrHL4xAgUE9P5rrQ==
- RGraph/6.22/RGraph.svg.common.ajax.js: sha512-nwndTGGrcdQhN+eVLdEZ86w9FspjoZ4npnR2Iryn8/b+VupOVhu0ONmI8P3pHCiVqoChOBCzOaCEdMfchTTrQw==
- RGraph/6.22/RGraph.radar.min.js: sha512-vpJAaJy1+JSlfk3QSK0GEXBvcdrwdbJ8Y+BnybwJZX++YzbRTRbBdZzZT/Yt6z1TUC1R4WrmtRG+3O5xkVy0Jw==
- RGraph/6.22/RGraph.drawing.background.min.js: sha512-8E12Qf/uWaA/iDyk5GuEUHw3cA0+9+qoNEgNJvNWyt3sRYOh6PTKf2bXMohhF6kTogrJJlCUFhyEzPxeZLO6bA==
- RGraph/6.22/RGraph.drawing.line.min.js: sha512-0+X0I5Mub3EcBbMApFfROVJqoIdKtVtsKK4DJQrVlqoj5lYI9eyUHDuac/GRq4Fu1iINaXxKTDVAJgnpMX6rMg==
- RGraph/6.22/RGraph.fuel.js: sha512-p8X0lnr9nfYXX35+gmpYPsDEuwEWlrL5+x61kRvAPWKUXzh0qbFV0JBQA1Yf1h5YJqCeBY3rB4hCodnFFrvPAg==
- RGraph/6.22/RGraph.common.key.min.js: sha512-6teULk+EK/xiDG5inguLJJ+ar+fI23QjAQWp1yymDByFYFOihuhUT2rBZMt0WJW6o1ZETeCjR2+EApudb3+C9Q==
- RGraph/6.22/RGraph.datagrid.min.js: sha512-YbQzllSou0WQEhJX1H1w3FHJYCvludXTTlfeJBtuRtRGsALqutMby25dRgPJgbegHw+zGKjELCQl1HncS20Y2Q==
- RGraph/6.22/RGraph.gantt.js: sha512-ZuAv119YUfiNHeEbpB/RkSaz8Jx8ppJDqJgorTYCAdoF/koYbxWWiXY3m8S00/MdYV///gAePco5v2dW52KizQ==
- RGraph/6.22/RGraph.semicircularprogress.min.js: sha512-m+BwYWViBdNgPa5Ms5Jd2nmgjluAZr0RmCEBJBAVl77JupiWEkmCTHYLoeL/vSV1TWs1ddyEcRpapNntTQVlNw==
- RGraph/6.22/RGraph.svg.segmented.js: sha512-W5+VLokSiJcHHDIZpSZaRGoedolybQ5Nt+MWzDNqVVkby156rZniB3Pkx7/Qh0AYeGknGbaTHeMLbE1s5ibhJg==
- RGraph/6.22/RGraph.common.tooltips.js: sha512-Qh4OmBkw4gUs44IuQO8k75dEkKqM4LXTvUj8wxhZzzAGXKn15fuye970YgnYOpYCbO0oT6f2/N+LaUIOPoWsMg==
- RGraph/6.22/RGraph.drawing.text.min.js: sha512-EIRc7sevQzseER9Nrlqwga6eDemYwZwH7EqMcBs5RTIpE8zXrqODWmQO5x6ZwATadG0RchSGHxgmF2G3oVrQ8g==
- RGraph/6.22/RGraph.funnel.js: sha512-gUOB7cLg1rk3aU+XcpK16hnr8mhuwwPscVfiMan5g0GBhaHT0yWQE9okGZy3XNKhQY/h/yc5knYIC9FjpTg3vA==
- RGraph/6.22/RGraph.horseshoe.min.js: sha512-BmL2Cz4zWkE0SCI8fzDR0VSlWi3UBKUTsJdZQis56u7oya/9+dFw+xXvYJRkJXRKQRdYjzyqm4lLwq2CkTrjDw==
- RGraph/6.22/RGraph.svg.common.ajax.min.js: sha512-eq8+QgxHsZzSSEdx1N/IhY1Kq0it5y+fptYbWLaCVXcIU/aZQbYDS4F8vweK57+4sFS+Wc2rHkbl43V1/LWQAg==
- RGraph/6.22/RGraph.svg.segmented.min.js: sha512-90Jll8ea3jxE70SzU5pDvpsbQ9lg872W9t9a/4gUX8oR6osxz0natumou4P2mIbkPceAjNaiSzhPSSguPNX7Dw==
- RGraph/6.22/RGraph.thermometer.js: sha512-gh1+TngDqNgZx3GydjMrY6i05/G+4t+TQPqmPcmSYyJQmXNY5jJD2ESwVS/dCgGIEkLaT5BRO6HNsP19nKKUCw==
- RGraph/6.22/RGraph.waterfall.min.js: sha512-PvlUhZI2YEb1/9Nz84YpI8uQd1nSx+qKQbguFx7kUU5RIZXSu0xooRHPfr7sP7KuQWJVKOW8QUl9HRsAf028Nw==
- RGraph/6.22/RGraph.common.tooltips.min.js: sha512-dyf35KAawrA22rzmD+aCuFAZBKOd0Sfmh8tJawRNUpCdWdYpHkHdJbjhDVKa687A4YQYx3g6mCEA5b/ekhe9qQ==
- RGraph/6.22/RGraph.common.dynamic.js: sha512-T/sPAo6T8/df5caw7T53fZUvDWdfxtxfbp99JtFBi8+g/TP8QIrSE/dVI3GBa0r8bXSGsabWje1eIYszHiMrqg==
- RGraph/6.22/RGraph.drawing.yaxis.min.js: sha512-vbmLx4OrBcTbyVyfYiS3sHBUDM/jQvd894GNbqZBXMtJXhdIObLq5NWZXJdy6d84PL9utnHUGMobyVq1aq2pFg==
- RGraph/6.22/RGraph.svg.common.fx.js: sha512-WN7G7cTjMbrSZpKw0oyOzNx1XnNcFSVM0nys9HIDBkl4CWfoXuh0rXOHuJ9/Id677NEjEQXVi+OJB4gWSsnmIg==
- RGraph/6.22/RGraph.svg.common.tooltips.js: sha512-qvvd3JsgCVdznt8uTrjCM1MDQzwYXDTbYVhpaQfctC2iTsvYCyjbp0vsF7oCN4DA5mHptiWPRW62gD146jwZag==
- RGraph/6.22/RGraph.bipolar.min.js: sha512-LMsVX7EqK9jTSfqBipW1sOm9wiffzLCJ1oGtEaZlgxWhwR22v7IxzaULVKWa4i1C2DgLOI6MrA+sZpjo4ZNr7Q==
- RGraph/6.22/RGraph.common.dynamic.min.js: sha512-2bWKAZSDQ19wO7bFMkXIUUl1NyaQYHffM5fJ89jK3FkbP/xk1lgpRFzDb/2hIhthE0II66Dsb6Oo+Tf4d3+LaQ==
- RGraph/6.22/RGraph.svg.common.table.min.js: sha512-fVbzo+S6gDam11rzbCu3PYYpC0fAfIhLCFk0R9L9mqzCbGxnXVDkasbUVbiQjWI0fJZfaeM8P6QDMzU7dXo+RA==
- RGraph/6.22/RGraph.svg.hbar.min.js: sha512-vkDKQP1YnD0wsMgy2qaQV6cZPd5vvqUbRcVBuG691F0CaeqBN8foO0B0+GliK7uYGXg0KZhEh3XbwWLcoi9dYQ==
- RGraph/6.22/RGraph.common.core.js: sha512-6HJyarZNAKiKj7Z7GhsevDpJzrA9+/QjlMhRhSrFyi3MMXxzCkWp79OUW8CHc3OM1MAQ5cQrHrIFFoc1IRV3rg==
- RGraph/6.22/RGraph.common.table.min.js: sha512-sNJXSp9x4SU7FBBl0AvdH8UT6RnLIGnVFcEmgVuRBxgq19+zzBytsvvSDf2Kjg2yOQifGGM1m0FF1DLjVpR0dQ==
- RGraph/6.22/RGraph.pie.js: sha512-umgGkyBwvWYZWkGtlqmIg0EtQaPz2OLXnbGpBnsvXpa217ucpsLie2HUGASouKn1Qi4uptDbHOYqyVbzWs0X4A==
- RGraph/6.22/RGraph.segmented.js: sha512-VdbLOnhiXFWuXzXCHnhzGuZhg6TL0lLJpxSvMHIm1YUbaE6PuyhIrwkODNqHOqn2QNgL8V4K7kj9PmWbbGYJYg==
- RGraph/6.22/RGraph.svg.common.key.js: sha512-GocJE4VM/4Yj6sFqwO7dMAkz4JAGW9PMPfHicU5PqrQdjkYMTRe6tQ9uGKqewrS6nC85wj4FzdProplsiJ5DzA==
- RGraph/6.22/RGraph.common.starburst.js: sha512-XfDyQgmeqWHUetDoZRzsNDd0qCyMbVRX3GVyGppWTxG3OngwyRmYdn4VmsxDh3XsViwpZ1m5k/H2C3wda0UN5g==
- RGraph/6.22/RGraph.segmented.min.js: sha512-qJwvv7MSlz3kvpeXHML2qO6DJvm8L1Ntv30Ohj/oAmd4q7nboeeJVe86HjVXzsazg4/MfnmRaaS0yen4oIsxPQ==
- RGraph/6.22/RGraph.svg.common.table.js: sha512-5gNm8UiHr7p5qkNFeJmyDsA8gegd9i8AxDIHHM9xa5AStiqO8LE4xOL7Mo+M2OwnU9CfrfUkWlLDHJfn1C+RVQ==
- RGraph/6.22/RGraph.svg.gauge.js: sha512-eMUqhELUgrgz2EgrudKrUXTbY5HSEWDyFa6vO0/MY+Yo63iAWfQ8ZhEs09dPH9AMwqjKBjKXdWDLVEy8Si0iJw==
- RGraph/6.22/RGraph.svg.waterfall.min.js: sha512-GpXsAMxaqpX3O86E5okuYOivcVvxF2visCcf9wT1Js9SavsbQC3WEDd9ArlxHCOM6N4lojx0H9aSVScmFdkslQ==
- RGraph/6.22/RGraph.activity.js: sha512-/76xsV4W5lUSzIXUBPFMFxqiR/pQg9DzCmWvVhZLh/Ih53YtxlILR3Jya5NFyKM33i6LhaGIlOoxOf4BATEPew==
- RGraph/6.22/RGraph.drawing.circle.min.js: sha512-eV93MbIbKSATpWEsGqc48+OD8wmg3g68FxvhiN/KUd6CIsb86AU8JClKu3psyI0ndNT2Bqyk2dJoEDSL/7i/rQ==
- RGraph/6.22/RGraph.drawing.line.js: sha512-jOLGp7TAKRDGoENr42FfJuDHp3JAGmqybWATIgWDSOANVuyxswN4k0uAtE5NTvKC9OLhkKX92xXVceUVI8Kujw==
- RGraph/6.22/RGraph.meter.min.js: sha512-InIV/UVauK3/AhS0GrD9+E4Nwek1T23oiSXxRnUjGDyZYp3wYkMvv4srJGfCzAqYX2Bh7WOnR0wmPwvzK/VpGw==
- RGraph/6.22/RGraph.svg.line.min.js: sha512-3mYmAeqlXzcuTXUCXsneliynNSSCRkgf+n99vJr12QDK5VkOmv680PmAojHhzGulBbaZO5LBEjNEokEJZmMs6w==
- RGraph/6.22/RGraph.common.effects.min.js: sha512-kvTBBTz+QRq98YgK9vpNOGKv9SaAutmToxROtBMc8Ear/Y68TC/CZaBLOJO1RBEEB6pwUrW7yn7hql3Q6dr/Lg==
- RGraph/6.22/RGraph.drawing.xaxis.js: sha512-PhlUsf5Sujp7BOxhQ8Q+vev7gbhjeGWvVt33BofwhRP2DiTL4J9EAakKGTuqLTBf/E30Ng6NlNyw4W2CggLRjQ==
- RGraph/6.22/RGraph.odo.min.js: sha512-uAglQnNtCDEOFNZgmciEsKcHfxEapPXLzhU4IrFdjo6HdB6qrNK/t610SJ30kwdi/90AbiYGopKpxbCrOPGRAQ==
- RGraph/6.22/RGraph.svg.scatter.js: sha512-p7CuKu9vsI/cEb89Ed5vpgKgi+/6XkWXaWFwxWiXO74+RmFlxN+tJZu8YHzlh9GYXG8xcVkr7iYl9Q0OIJwwrA==
- RGraph/6.22/RGraph.common.csv.min.js: sha512-2zEfV5ThAal44DNyUnwQJdmMniqqkYKVwRb6BASreAlEFwAaXhqLhhLE57ZuwlxwgOVmutHuNgsygpplrJ5b0g==
- RGraph/6.22/RGraph.horseshoe.js: sha512-LK7X0pWEWLYwE1Oa8/8G1JZsEiyntuhXqNf0qJYP5rnQ8gU9Ovz0pfD2HM8Mlrs41esY/gHjSeRzHE1n+msxbw==
- RGraph/6.22/RGraph.svg.bipolar.min.js: sha512-I6Bgn9+b9Xiv703dVGFMZn6YfePhEfKSj+1YP30TG7nOT1Cjf3byZ0OIbzXn1Vv5AGWKosq9M3jKwXrEt52f6A==
- RGraph/6.22/RGraph.svg.scatter.min.js: sha512-wH418bHH0P1LA8JeXUjz96iWwdIa6s1JgtvUzQ/ThqG3a7tNQZcq/OVz/bo+F1okHbQt8t+hOtnfyHaj4eY0MA==
- RGraph/6.22/RGraph.drawing.circle.js: sha512-q0jw+65UZKVAkrM9lByKBOpN7C/vduaOdt9ALopbfbd/2CD7CvR+Kxva54ABhxSbPCEFUHileKuJdGAY8HVEuA==
- RGraph/6.22/RGraph.svg.pie.min.js: sha512-X/HYtRhrORK1keXt6CvD+Mrk1qlWhTd/d+4c6G3ACdaLLr5TDipBCma4VpAUaFEuoVHaA4Cp2eEGe50tcKdCPQ==
- RGraph/6.22/RGraph.svg.radar.js: sha512-Uh7YAjD6e2X6fWfXIKfK1UNFMUnmr6RTyKzKSBd4lcVzp/fXAqoNAhZ82ygjyyCcSyeDGWvt46je/10Ixzxs7Q==
- RGraph/6.22/RGraph.svg.radar.min.js: sha512-aUCmdRKL2492nP4Zb+h48WrqijGPCGe7FxDIR9DtAhDWTultQWf8qhM3rVbijuouRwC9v4RWWp9a7MYNDZSX+A==
- RGraph/6.22/RGraph.common.sheets.js: sha512-KqJeWEfd8M9sPYmxCKMQDT8Zk4vWCoFRpAcUIu5nVtQZDa4htwqODXY2WlJHtNpHXHOnurFL7PwShdGUr/6UMA==
- RGraph/6.22/RGraph.common.effects.js: sha512-OWYyDnLZU3DWz0IfTm/ganSAeyZzd0ChGr0CvwsazHpkG9NxSU5pbFBlHxwPo0HW5U3uYMAot4LgQzwQzUSV8g==
- RGraph/6.22/RGraph.drawing.xaxis.min.js: sha512-VLD/HnYyM+Y3Z1Jyff+GaFCx66K21b5+3J1uWGB12BaHWNAqpgSq2FgwilZnl1cg+5EKKspo+yEYSgE6LwLh8A==
- RGraph/6.22/RGraph.svg.bar.min.js: sha512-Cu0O5e++60nNAeXaTP6U4oP1sA9VvEOBzPp04yZ9lPm2jaIL45ZTj9ICGNKtISH2VGmWKk02h4UsM49DN/YsKw==
- RGraph/6.22/RGraph.svg.funnel.min.js: sha512-NXCnhPSAtwC+iHI/5NQVB/30vC7/sImA+LWgQUASvXKCGmIH6gGfcdxif1YLH0YEdrfwmX5voS/JFQc6JC7PqQ==
- RGraph/6.22/RGraph.common.core.min.js: sha512-L0C5r8749VHoH8ZyGlJu6HIwonG2U+YxRJ6qZjo5hCmAbg8OS1WEfjxMLZtSIeJNFS1fPywZgSRHfZ8e4yILnw==
- RGraph/6.22/RGraph.funnel.min.js: sha512-U2zjSro2QbByePcnprxmlIU7ml+xA2gS3lmWlh6CXHfGEwi2slxDU96tsl41YPZvqHylEAZrdfkPZdcQkq7C0g==
- RGraph/6.22/RGraph.hbar.js: sha512-KwP2ZCLNJ3LqJyHDO1kdNZ/ShhaUMVc28Q0EO0bPNRbGWmlvgd2DzAGHH1dBMDXRT0L8n3ODYsvaMrp8gyl3Ow==
- RGraph/6.22/RGraph.svg.common.csv.min.js: sha512-7HBB4kE0+7xTT9EXquvAL1bSgUQEXsISBsFkpiAyiOht+CO/fbgy/r0gXPAuArQgzVU81s5bTrz/982jdxFQoQ==
- RGraph/6.22/RGraph.common.sheets.min.js: sha512-RVWXw2s21j7/Ls7GZj0dkplQiMfYFkmx0/7ncxJ5YAJip5X8+vCLsSXDMWqlPHhWXetIBrwTAo7G1Z5s32FvHA==
- RGraph/6.22/RGraph.svg.semicircularprogress.min.js: sha512-QtUoE1WsHIcKcD72eo3OTYMusRCBqF9KL2NpgWvSVsHuLkGFUvKY59WdLaCn5ILHLHNokmBvoxzdN2uPiJNmPg==
- RGraph/6.22/RGraph.svg.pie.js: sha512-eX4kj9tTjaejWFOZv9l358ryJDrhgS9kVkmdco8ui1jaqBYq/1sDjJRO0fzsNj5M2AbCRQtOLNcWv9tEiFGjEg==
- RGraph/6.22/RGraph.svg.bipolar.js: sha512-VDzEflzA04xzw0oaP5AzmY5xmr9RQmdq53ilk2vcWBZ4j1eabZsOit3zzRWRwPQ3vBBBkzmRivDTcYtAxOYwPQ==
- RGraph/6.22/RGraph.svg.hbar.js: sha512-55gxQWBS2S81vbyKtDF2xHgRXDywlhPH68L6ZQnP8HpIyenzr9aOkNQTjvcjfPzOjsZ1PnDZjyopAEJ+fjAQOA==
- RGraph/6.22/RGraph.odo.js: sha512-Sv6E86dYVffTbpaucz8N19gG04dKt9Jp+WOGPuyuSBa0qXjKuQ6gY/Gx299A9mw+FKJw8vHZ3PlPcMYittBpnQ==
