config: {"authors":[{"name":"Adam Wathan","email":"adam.wathan@gmail.com"},{"name":"Jonathan Reinink","email":"jonathan@reinink.ca"},{"name":"David Hemphill","email":"davidlee.hemphill@gmail.com"}],"autoupdate":{"source":"npm","target":"tailwindcss","fileMap":[{"basePath":"dist","files":["**/*"]}]},"description":"A utility-first CSS framework for rapidly building custom user interfaces.","filename":"tailwind.min.css","homepage":"https://tailwindcss.com","keywords":["tailwindcss","css","css-framework","postcss","functional-css","utility-classes","responsive"],"license":"MIT","name":"tailwindcss","repository":{"type":"git","url":"https://github.com/tailwindcss/tailwindcss"},"author":"Adam Wathan \u003cadam.wathan@gmail.com\u003e,Jonathan Reinink \u003cjonathan@reinink.ca\u003e,David Hemphill \u003cdavidlee.hemphill@gmail.com\u003e"}
KV keys:
- tailwindcss/4.1.3/chunk-3NGYYP5F.mjs.br
- tailwindcss/4.1.3/chunk-3NGYYP5F.mjs.gz
- tailwindcss/4.1.3/chunk-HTB5LLOP.mjs.br
- tailwindcss/4.1.3/chunk-HTB5LLOP.mjs.gz
- tailwindcss/4.1.3/chunk-P5FH2LZE.mjs.br
- tailwindcss/4.1.3/chunk-P5FH2LZE.mjs.gz
- tailwindcss/4.1.3/colors-b_6i0Oi7.d.ts.br
- tailwindcss/4.1.3/colors-b_6i0Oi7.d.ts.gz
- tailwindcss/4.1.3/colors.d.mts.br
- tailwindcss/4.1.3/colors.d.mts.gz
- tailwindcss/4.1.3/colors.d.ts.br
- tailwindcss/4.1.3/colors.d.ts.gz
- tailwindcss/4.1.3/colors.js.br
- tailwindcss/4.1.3/colors.js.gz
- tailwindcss/4.1.3/colors.min.js.br
- tailwindcss/4.1.3/colors.min.js.gz
- tailwindcss/4.1.3/colors.mjs.br
- tailwindcss/4.1.3/colors.mjs.gz
- tailwindcss/4.1.3/default-theme.d.mts.br
- tailwindcss/4.1.3/default-theme.d.mts.gz
- tailwindcss/4.1.3/default-theme.d.ts.br
- tailwindcss/4.1.3/default-theme.d.ts.gz
- tailwindcss/4.1.3/default-theme.js.br
- tailwindcss/4.1.3/default-theme.js.gz
- tailwindcss/4.1.3/default-theme.min.js.br
- tailwindcss/4.1.3/default-theme.min.js.gz
- tailwindcss/4.1.3/default-theme.mjs.br
- tailwindcss/4.1.3/default-theme.mjs.gz
- tailwindcss/4.1.3/flatten-color-palette.d.mts.br
- tailwindcss/4.1.3/flatten-color-palette.d.mts.gz
- tailwindcss/4.1.3/flatten-color-palette.d.ts.br
- tailwindcss/4.1.3/flatten-color-palette.d.ts.gz
- tailwindcss/4.1.3/flatten-color-palette.js.br
- tailwindcss/4.1.3/flatten-color-palette.js.gz
- tailwindcss/4.1.3/flatten-color-palette.min.js.br
- tailwindcss/4.1.3/flatten-color-palette.min.js.gz
- tailwindcss/4.1.3/flatten-color-palette.mjs.br
- tailwindcss/4.1.3/flatten-color-palette.mjs.gz
- tailwindcss/4.1.3/lib.d.mts.br
- tailwindcss/4.1.3/lib.d.mts.gz
- tailwindcss/4.1.3/lib.d.ts.br
- tailwindcss/4.1.3/lib.d.ts.gz
- tailwindcss/4.1.3/lib.js.br
- tailwindcss/4.1.3/lib.js.gz
- tailwindcss/4.1.3/lib.min.js.br
- tailwindcss/4.1.3/lib.min.js.gz
- tailwindcss/4.1.3/lib.mjs.br
- tailwindcss/4.1.3/lib.mjs.gz
- tailwindcss/4.1.3/plugin.d.mts.br
- tailwindcss/4.1.3/plugin.d.mts.gz
- tailwindcss/4.1.3/plugin.d.ts.br
- tailwindcss/4.1.3/plugin.d.ts.gz
- tailwindcss/4.1.3/plugin.js.br
- tailwindcss/4.1.3/plugin.js.gz
- tailwindcss/4.1.3/plugin.min.js.br
- tailwindcss/4.1.3/plugin.min.js.gz
- tailwindcss/4.1.3/plugin.mjs.br
- tailwindcss/4.1.3/plugin.mjs.gz
- tailwindcss/4.1.3/resolve-config-BIFUA2FY.d.ts.br
- tailwindcss/4.1.3/resolve-config-BIFUA2FY.d.ts.gz
- tailwindcss/4.1.3/resolve-config-QUZ9b-Gn.d.mts.br
- tailwindcss/4.1.3/resolve-config-QUZ9b-Gn.d.mts.gz
- tailwindcss/4.1.3/types-B254mqw1.d.mts.br
- tailwindcss/4.1.3/types-B254mqw1.d.mts.gz
SRIs:
- tailwindcss/4.1.3/lib.js: sha512-o7Yl7HnUdRh2541Hhqv87/bb2jw9595aZrjUUrVIFhFYSEaMNfzV+0O7mdtHwJfj68sT+79aWXsdSTBDg21/XA==
- tailwindcss/4.1.3/lib.min.js: sha512-jZN+96ajEtovbIWjmLAzT6fBOcnt2qHGP6HlL5rh8tMVQC2odf0s65ZnkWkA95M6Y0njzD8fsir5VhwSqBbjqw==
- tailwindcss/4.1.3/plugin.min.js: sha512-EpdUFqaHHclgqLVRQHEGy1WKr+6fkS2b3bYciPJzRLvPNCZb4g9FjQXQ8V5/6P0HGte57jRGlcCbXAeSHDhLsA==
- tailwindcss/4.1.3/colors.js: sha512-tqa7gW9YjuZQYUE0oosfJCGA4MTXRYaSFUeELj0VcV9uR3QmcFNoHj9AS6QQogJtKi6HsPv9vq/E2foZ5zygMw==
- tailwindcss/4.1.3/colors.min.js: sha512-XCWTRVO7g0LlfM1NYVx8ugIQPaMWJAZEqOcu85qaFrrSVzc48gqN4bsWVWuTheX3iiVhb3g3tBN6E1XArqGYLQ==
- tailwindcss/4.1.3/default-theme.js: sha512-eQBu7AZ6Xgs+Q86qP6LBcT+f9m2BvGmrpefpSQL54PQApHyfL815HS02NOwdMWolWm3RIe8/sD4MhNRUrOXdBw==
- tailwindcss/4.1.3/default-theme.min.js: sha512-wzyEIV9vFhdZelT7CHRvaW2JV/OW9b2YUGVPuD1B+gwRhhtiSm79gHeDEEZvhLVJfE9wbE9wZr8/jG+bXSC/yQ==
- tailwindcss/4.1.3/flatten-color-palette.js: sha512-gFhZ7abeQFDNI4+n64BNyis3JBBvfapmeQYtiHco53LKTRLkNxWdXLkjD1Az6hhlYKrvi91pMzHHe3aGH/h6Nw==
- tailwindcss/4.1.3/flatten-color-palette.min.js: sha512-wmyNa/T7ylmGubm8fKcE8qXjBIDd2m29DibD0xVjkdj4WvsUnQBECU28cZe/7eII6I9rUvyvYDR7yxSaSucQvA==
- tailwindcss/4.1.3/plugin.js: sha512-rldNfS2wBK0GNFqKZxPBZYcoq+Gg4rJWuYrpnFFdt8iXln4f52olLSDWEgF3s/kewekLu8maNx1YafpIsea19w==
