published: 2026-10-11T10:42:37.040Z

- fontsource-farsan/5.2.6/400.css.br
- fontsource-farsan/5.2.6/400.css.gz
- fontsource-farsan/5.2.6/400.min.css.br
- fontsource-farsan/5.2.6/400.min.css.gz
- fontsource-farsan/5.2.6/files/farsan-gujarati-400-normal.woff.br
- fontsource-farsan/5.2.6/files/farsan-gujarati-400-normal.woff.gz
- fontsource-farsan/5.2.6/files/farsan-gujarati-400-normal.woff2
- fontsource-farsan/5.2.6/files/farsan-latin-400-normal.woff.br
- fontsource-farsan/5.2.6/files/farsan-latin-400-normal.woff.gz
- fontsource-farsan/5.2.6/files/farsan-latin-400-normal.woff2
- fontsource-farsan/5.2.6/files/farsan-latin-ext-400-normal.woff.br
- fontsource-farsan/5.2.6/files/farsan-latin-ext-400-normal.woff.gz
- fontsource-farsan/5.2.6/files/farsan-latin-ext-400-normal.woff2
- fontsource-farsan/5.2.6/files/farsan-vietnamese-400-normal.woff.br
- fontsource-farsan/5.2.6/files/farsan-vietnamese-400-normal.woff.gz
- fontsource-farsan/5.2.6/files/farsan-vietnamese-400-normal.woff2
- fontsource-farsan/5.2.6/gujarati-400.css.br
- fontsource-farsan/5.2.6/gujarati-400.css.gz
- fontsource-farsan/5.2.6/gujarati-400.min.css.br
- fontsource-farsan/5.2.6/gujarati-400.min.css.gz
- fontsource-farsan/5.2.6/gujarati.css.br
- fontsource-farsan/5.2.6/gujarati.css.gz
- fontsource-farsan/5.2.6/gujarati.min.css.br
- fontsource-farsan/5.2.6/gujarati.min.css.gz
- fontsource-farsan/5.2.6/index.css.br
- fontsource-farsan/5.2.6/index.css.gz
- fontsource-farsan/5.2.6/index.min.css.br
- fontsource-farsan/5.2.6/index.min.css.gz
- fontsource-farsan/5.2.6/latin-400.css.br
- fontsource-farsan/5.2.6/latin-400.css.gz
- fontsource-farsan/5.2.6/latin-400.min.css.br
- fontsource-farsan/5.2.6/latin-400.min.css.gz
- fontsource-farsan/5.2.6/latin-ext-400.css.br
- fontsource-farsan/5.2.6/latin-ext-400.css.gz
- fontsource-farsan/5.2.6/latin-ext-400.min.css.br
- fontsource-farsan/5.2.6/latin-ext-400.min.css.gz
- fontsource-farsan/5.2.6/latin-ext.css.br
- fontsource-farsan/5.2.6/latin-ext.css.gz
- fontsource-farsan/5.2.6/latin-ext.min.css.br
- fontsource-farsan/5.2.6/latin-ext.min.css.gz
- fontsource-farsan/5.2.6/latin.css.br
- fontsource-farsan/5.2.6/latin.css.gz
- fontsource-farsan/5.2.6/latin.min.css.br
- fontsource-farsan/5.2.6/latin.min.css.gz
- fontsource-farsan/5.2.6/vietnamese-400.css.br
- fontsource-farsan/5.2.6/vietnamese-400.css.gz
- fontsource-farsan/5.2.6/vietnamese-400.min.css.br
- fontsource-farsan/5.2.6/vietnamese-400.min.css.gz
- fontsource-farsan/5.2.6/vietnamese.css.br
- fontsource-farsan/5.2.6/vietnamese.css.gz
- fontsource-farsan/5.2.6/vietnamese.min.css.br
- fontsource-farsan/5.2.6/vietnamese.min.css.gz