config: {"authors":[{"name":"Google Inc."}],"autoupdate":{"source":"npm","target":"@fontsource/spline-sans-mono","fileMap":[{"basePath":"","files":["*.css","files/*.@(woff|woff2)"]}],"excludeFromSearch":true},"description":"Self-host the Spline Sans Mono font in a neatly bundled NPM package.","filename":"index.css","homepage":"https://fontsource.org/fonts/spline-sans-mono","keywords":["fontsource","font","font family","google fonts","spline-sans-mono","Spline Sans Mono","css","sass","front-end","web","typeface","variable"],"license":"OFL-1.1","name":"fontsource-spline-sans-mono","repository":{"type":"git","url":"git+https://github.com/fontsource/font-files.git"},"author":"Google Inc."}
KV keys:
- fontsource-spline-sans-mono/5.2.1/300-italic.css.br
- fontsource-spline-sans-mono/5.2.1/300-italic.css.gz
- fontsource-spline-sans-mono/5.2.1/300-italic.min.css.br
- fontsource-spline-sans-mono/5.2.1/300-italic.min.css.gz
- fontsource-spline-sans-mono/5.2.1/300.css.br
- fontsource-spline-sans-mono/5.2.1/300.css.gz
- fontsource-spline-sans-mono/5.2.1/300.min.css.br
- fontsource-spline-sans-mono/5.2.1/300.min.css.gz
- fontsource-spline-sans-mono/5.2.1/400-italic.css.br
- fontsource-spline-sans-mono/5.2.1/400-italic.css.gz
- fontsource-spline-sans-mono/5.2.1/400-italic.min.css.br
- fontsource-spline-sans-mono/5.2.1/400-italic.min.css.gz
- fontsource-spline-sans-mono/5.2.1/400.css.br
- fontsource-spline-sans-mono/5.2.1/400.css.gz
- fontsource-spline-sans-mono/5.2.1/400.min.css.br
- fontsource-spline-sans-mono/5.2.1/400.min.css.gz
- fontsource-spline-sans-mono/5.2.1/500-italic.css.br
- fontsource-spline-sans-mono/5.2.1/500-italic.css.gz
- fontsource-spline-sans-mono/5.2.1/500-italic.min.css.br
- fontsource-spline-sans-mono/5.2.1/500-italic.min.css.gz
- fontsource-spline-sans-mono/5.2.1/500.css.br
- fontsource-spline-sans-mono/5.2.1/500.css.gz
- fontsource-spline-sans-mono/5.2.1/500.min.css.br
- fontsource-spline-sans-mono/5.2.1/500.min.css.gz
- fontsource-spline-sans-mono/5.2.1/600-italic.css.br
- fontsource-spline-sans-mono/5.2.1/600-italic.css.gz
- fontsource-spline-sans-mono/5.2.1/600-italic.min.css.br
- fontsource-spline-sans-mono/5.2.1/600-italic.min.css.gz
- fontsource-spline-sans-mono/5.2.1/600.css.br
- fontsource-spline-sans-mono/5.2.1/600.css.gz
- fontsource-spline-sans-mono/5.2.1/600.min.css.br
- fontsource-spline-sans-mono/5.2.1/600.min.css.gz
- fontsource-spline-sans-mono/5.2.1/700-italic.css.br
- fontsource-spline-sans-mono/5.2.1/700-italic.css.gz
- fontsource-spline-sans-mono/5.2.1/700-italic.min.css.br
- fontsource-spline-sans-mono/5.2.1/700-italic.min.css.gz
- fontsource-spline-sans-mono/5.2.1/700.css.br
- fontsource-spline-sans-mono/5.2.1/700.css.gz
- fontsource-spline-sans-mono/5.2.1/700.min.css.br
- fontsource-spline-sans-mono/5.2.1/700.min.css.gz
- fontsource-spline-sans-mono/5.2.1/files/spline-sans-mono-latin-300-italic.woff.br
- fontsource-spline-sans-mono/5.2.1/files/spline-sans-mono-latin-300-italic.woff.gz
- fontsource-spline-sans-mono/5.2.1/files/spline-sans-mono-latin-300-italic.woff2
- fontsource-spline-sans-mono/5.2.1/files/spline-sans-mono-latin-300-normal.woff.br
- fontsource-spline-sans-mono/5.2.1/files/spline-sans-mono-latin-300-normal.woff.gz
- fontsource-spline-sans-mono/5.2.1/files/spline-sans-mono-latin-300-normal.woff2
- fontsource-spline-sans-mono/5.2.1/files/spline-sans-mono-latin-400-italic.woff.br
- fontsource-spline-sans-mono/5.2.1/files/spline-sans-mono-latin-400-italic.woff.gz
- fontsource-spline-sans-mono/5.2.1/files/spline-sans-mono-latin-400-italic.woff2
- fontsource-spline-sans-mono/5.2.1/files/spline-sans-mono-latin-400-normal.woff.br
- fontsource-spline-sans-mono/5.2.1/files/spline-sans-mono-latin-400-normal.woff.gz
- fontsource-spline-sans-mono/5.2.1/files/spline-sans-mono-latin-400-normal.woff2
- fontsource-spline-sans-mono/5.2.1/files/spline-sans-mono-latin-500-italic.woff.br
- fontsource-spline-sans-mono/5.2.1/files/spline-sans-mono-latin-500-italic.woff.gz
- fontsource-spline-sans-mono/5.2.1/files/spline-sans-mono-latin-500-italic.woff2
- fontsource-spline-sans-mono/5.2.1/files/spline-sans-mono-latin-500-normal.woff.br
- fontsource-spline-sans-mono/5.2.1/files/spline-sans-mono-latin-500-normal.woff.gz
- fontsource-spline-sans-mono/5.2.1/files/spline-sans-mono-latin-500-normal.woff2
- fontsource-spline-sans-mono/5.2.1/files/spline-sans-mono-latin-600-italic.woff.br
- fontsource-spline-sans-mono/5.2.1/files/spline-sans-mono-latin-600-italic.woff.gz
- fontsource-spline-sans-mono/5.2.1/files/spline-sans-mono-latin-600-italic.woff2
- fontsource-spline-sans-mono/5.2.1/files/spline-sans-mono-latin-600-normal.woff.br
- fontsource-spline-sans-mono/5.2.1/files/spline-sans-mono-latin-600-normal.woff.gz
- fontsource-spline-sans-mono/5.2.1/files/spline-sans-mono-latin-600-normal.woff2
- fontsource-spline-sans-mono/5.2.1/files/spline-sans-mono-latin-700-italic.woff.br
- fontsource-spline-sans-mono/5.2.1/files/spline-sans-mono-latin-700-italic.woff.gz
- fontsource-spline-sans-mono/5.2.1/files/spline-sans-mono-latin-700-italic.woff2
- fontsource-spline-sans-mono/5.2.1/files/spline-sans-mono-latin-700-normal.woff.br
- fontsource-spline-sans-mono/5.2.1/files/spline-sans-mono-latin-700-normal.woff.gz
- fontsource-spline-sans-mono/5.2.1/files/spline-sans-mono-latin-700-normal.woff2
- fontsource-spline-sans-mono/5.2.1/files/spline-sans-mono-latin-ext-300-italic.woff.br
- fontsource-spline-sans-mono/5.2.1/files/spline-sans-mono-latin-ext-300-italic.woff.gz
- fontsource-spline-sans-mono/5.2.1/files/spline-sans-mono-latin-ext-300-italic.woff2
- fontsource-spline-sans-mono/5.2.1/files/spline-sans-mono-latin-ext-300-normal.woff.br
- fontsource-spline-sans-mono/5.2.1/files/spline-sans-mono-latin-ext-300-normal.woff.gz
- fontsource-spline-sans-mono/5.2.1/files/spline-sans-mono-latin-ext-300-normal.woff2
- fontsource-spline-sans-mono/5.2.1/files/spline-sans-mono-latin-ext-400-italic.woff.br
- fontsource-spline-sans-mono/5.2.1/files/spline-sans-mono-latin-ext-400-italic.woff.gz
- fontsource-spline-sans-mono/5.2.1/files/spline-sans-mono-latin-ext-400-italic.woff2
- fontsource-spline-sans-mono/5.2.1/files/spline-sans-mono-latin-ext-400-normal.woff.br
- fontsource-spline-sans-mono/5.2.1/files/spline-sans-mono-latin-ext-400-normal.woff.gz
- fontsource-spline-sans-mono/5.2.1/files/spline-sans-mono-latin-ext-400-normal.woff2
- fontsource-spline-sans-mono/5.2.1/files/spline-sans-mono-latin-ext-500-italic.woff.br
- fontsource-spline-sans-mono/5.2.1/files/spline-sans-mono-latin-ext-500-italic.woff.gz
- fontsource-spline-sans-mono/5.2.1/files/spline-sans-mono-latin-ext-500-italic.woff2
- fontsource-spline-sans-mono/5.2.1/files/spline-sans-mono-latin-ext-500-normal.woff.br
- fontsource-spline-sans-mono/5.2.1/files/spline-sans-mono-latin-ext-500-normal.woff.gz
- fontsource-spline-sans-mono/5.2.1/files/spline-sans-mono-latin-ext-500-normal.woff2
- fontsource-spline-sans-mono/5.2.1/files/spline-sans-mono-latin-ext-600-italic.woff.br
- fontsource-spline-sans-mono/5.2.1/files/spline-sans-mono-latin-ext-600-italic.woff.gz
- fontsource-spline-sans-mono/5.2.1/files/spline-sans-mono-latin-ext-600-italic.woff2
- fontsource-spline-sans-mono/5.2.1/files/spline-sans-mono-latin-ext-600-normal.woff.br
- fontsource-spline-sans-mono/5.2.1/files/spline-sans-mono-latin-ext-600-normal.woff.gz
- fontsource-spline-sans-mono/5.2.1/files/spline-sans-mono-latin-ext-600-normal.woff2
- fontsource-spline-sans-mono/5.2.1/files/spline-sans-mono-latin-ext-700-italic.woff.br
- fontsource-spline-sans-mono/5.2.1/files/spline-sans-mono-latin-ext-700-italic.woff.gz
- fontsource-spline-sans-mono/5.2.1/files/spline-sans-mono-latin-ext-700-italic.woff2
- fontsource-spline-sans-mono/5.2.1/files/spline-sans-mono-latin-ext-700-normal.woff.br
- fontsource-spline-sans-mono/5.2.1/files/spline-sans-mono-latin-ext-700-normal.woff.gz
- fontsource-spline-sans-mono/5.2.1/files/spline-sans-mono-latin-ext-700-normal.woff2
- fontsource-spline-sans-mono/5.2.1/index.css.br
- fontsource-spline-sans-mono/5.2.1/index.css.gz
- fontsource-spline-sans-mono/5.2.1/index.min.css.br
- fontsource-spline-sans-mono/5.2.1/index.min.css.gz
- fontsource-spline-sans-mono/5.2.1/latin-300-italic.css.br
- fontsource-spline-sans-mono/5.2.1/latin-300-italic.css.gz
- fontsource-spline-sans-mono/5.2.1/latin-300-italic.min.css.br
- fontsource-spline-sans-mono/5.2.1/latin-300-italic.min.css.gz
- fontsource-spline-sans-mono/5.2.1/latin-300.css.br
- fontsource-spline-sans-mono/5.2.1/latin-300.css.gz
- fontsource-spline-sans-mono/5.2.1/latin-300.min.css.br
- fontsource-spline-sans-mono/5.2.1/latin-300.min.css.gz
- fontsource-spline-sans-mono/5.2.1/latin-400-italic.css.br
- fontsource-spline-sans-mono/5.2.1/latin-400-italic.css.gz
- fontsource-spline-sans-mono/5.2.1/latin-400-italic.min.css.br
- fontsource-spline-sans-mono/5.2.1/latin-400-italic.min.css.gz
- fontsource-spline-sans-mono/5.2.1/latin-400.css.br
- fontsource-spline-sans-mono/5.2.1/latin-400.css.gz
- fontsource-spline-sans-mono/5.2.1/latin-400.min.css.br
- fontsource-spline-sans-mono/5.2.1/latin-400.min.css.gz
- fontsource-spline-sans-mono/5.2.1/latin-500-italic.css.br
- fontsource-spline-sans-mono/5.2.1/latin-500-italic.css.gz
- fontsource-spline-sans-mono/5.2.1/latin-500-italic.min.css.br
- fontsource-spline-sans-mono/5.2.1/latin-500-italic.min.css.gz
- fontsource-spline-sans-mono/5.2.1/latin-500.css.br
- fontsource-spline-sans-mono/5.2.1/latin-500.css.gz
- fontsource-spline-sans-mono/5.2.1/latin-500.min.css.br
- fontsource-spline-sans-mono/5.2.1/latin-500.min.css.gz
- fontsource-spline-sans-mono/5.2.1/latin-600-italic.css.br
- fontsource-spline-sans-mono/5.2.1/latin-600-italic.css.gz
- fontsource-spline-sans-mono/5.2.1/latin-600-italic.min.css.br
- fontsource-spline-sans-mono/5.2.1/latin-600-italic.min.css.gz
- fontsource-spline-sans-mono/5.2.1/latin-600.css.br
- fontsource-spline-sans-mono/5.2.1/latin-600.css.gz
- fontsource-spline-sans-mono/5.2.1/latin-600.min.css.br
- fontsource-spline-sans-mono/5.2.1/latin-600.min.css.gz
- fontsource-spline-sans-mono/5.2.1/latin-700-italic.css.br
- fontsource-spline-sans-mono/5.2.1/latin-700-italic.css.gz
- fontsource-spline-sans-mono/5.2.1/latin-700-italic.min.css.br
- fontsource-spline-sans-mono/5.2.1/latin-700-italic.min.css.gz
- fontsource-spline-sans-mono/5.2.1/latin-700.css.br
- fontsource-spline-sans-mono/5.2.1/latin-700.css.gz
- fontsource-spline-sans-mono/5.2.1/latin-700.min.css.br
- fontsource-spline-sans-mono/5.2.1/latin-700.min.css.gz
- fontsource-spline-sans-mono/5.2.1/latin-ext-300-italic.css.br
- fontsource-spline-sans-mono/5.2.1/latin-ext-300-italic.css.gz
- fontsource-spline-sans-mono/5.2.1/latin-ext-300-italic.min.css.br
- fontsource-spline-sans-mono/5.2.1/latin-ext-300-italic.min.css.gz
- fontsource-spline-sans-mono/5.2.1/latin-ext-300.css.br
- fontsource-spline-sans-mono/5.2.1/latin-ext-300.css.gz
- fontsource-spline-sans-mono/5.2.1/latin-ext-300.min.css.br
- fontsource-spline-sans-mono/5.2.1/latin-ext-300.min.css.gz
- fontsource-spline-sans-mono/5.2.1/latin-ext-400-italic.css.br
- fontsource-spline-sans-mono/5.2.1/latin-ext-400-italic.css.gz
- fontsource-spline-sans-mono/5.2.1/latin-ext-400-italic.min.css.br
- fontsource-spline-sans-mono/5.2.1/latin-ext-400-italic.min.css.gz
- fontsource-spline-sans-mono/5.2.1/latin-ext-400.css.br
- fontsource-spline-sans-mono/5.2.1/latin-ext-400.css.gz
- fontsource-spline-sans-mono/5.2.1/latin-ext-400.min.css.br
- fontsource-spline-sans-mono/5.2.1/latin-ext-400.min.css.gz
- fontsource-spline-sans-mono/5.2.1/latin-ext-500-italic.css.br
- fontsource-spline-sans-mono/5.2.1/latin-ext-500-italic.css.gz
- fontsource-spline-sans-mono/5.2.1/latin-ext-500-italic.min.css.br
- fontsource-spline-sans-mono/5.2.1/latin-ext-500-italic.min.css.gz
- fontsource-spline-sans-mono/5.2.1/latin-ext-500.css.br
- fontsource-spline-sans-mono/5.2.1/latin-ext-500.css.gz
- fontsource-spline-sans-mono/5.2.1/latin-ext-500.min.css.br
- fontsource-spline-sans-mono/5.2.1/latin-ext-500.min.css.gz
- fontsource-spline-sans-mono/5.2.1/latin-ext-600-italic.css.br
- fontsource-spline-sans-mono/5.2.1/latin-ext-600-italic.css.gz
- fontsource-spline-sans-mono/5.2.1/latin-ext-600-italic.min.css.br
- fontsource-spline-sans-mono/5.2.1/latin-ext-600-italic.min.css.gz
- fontsource-spline-sans-mono/5.2.1/latin-ext-600.css.br
- fontsource-spline-sans-mono/5.2.1/latin-ext-600.css.gz
- fontsource-spline-sans-mono/5.2.1/latin-ext-600.min.css.br
- fontsource-spline-sans-mono/5.2.1/latin-ext-600.min.css.gz
- fontsource-spline-sans-mono/5.2.1/latin-ext-700-italic.css.br
- fontsource-spline-sans-mono/5.2.1/latin-ext-700-italic.css.gz
- fontsource-spline-sans-mono/5.2.1/latin-ext-700-italic.min.css.br
- fontsource-spline-sans-mono/5.2.1/latin-ext-700-italic.min.css.gz
- fontsource-spline-sans-mono/5.2.1/latin-ext-700.css.br
- fontsource-spline-sans-mono/5.2.1/latin-ext-700.css.gz
- fontsource-spline-sans-mono/5.2.1/latin-ext-700.min.css.br
- fontsource-spline-sans-mono/5.2.1/latin-ext-700.min.css.gz
- fontsource-spline-sans-mono/5.2.1/latin-ext-italic.css.br
- fontsource-spline-sans-mono/5.2.1/latin-ext-italic.css.gz
- fontsource-spline-sans-mono/5.2.1/latin-ext-italic.min.css.br
- fontsource-spline-sans-mono/5.2.1/latin-ext-italic.min.css.gz
- fontsource-spline-sans-mono/5.2.1/latin-ext.css.br
- fontsource-spline-sans-mono/5.2.1/latin-ext.css.gz
- fontsource-spline-sans-mono/5.2.1/latin-ext.min.css.br
- fontsource-spline-sans-mono/5.2.1/latin-ext.min.css.gz
- fontsource-spline-sans-mono/5.2.1/latin-italic.css.br
- fontsource-spline-sans-mono/5.2.1/latin-italic.css.gz
- fontsource-spline-sans-mono/5.2.1/latin-italic.min.css.br
- fontsource-spline-sans-mono/5.2.1/latin-italic.min.css.gz
- fontsource-spline-sans-mono/5.2.1/latin.css.br
- fontsource-spline-sans-mono/5.2.1/latin.css.gz
- fontsource-spline-sans-mono/5.2.1/latin.min.css.br
- fontsource-spline-sans-mono/5.2.1/latin.min.css.gz
SRIs:
- fontsource-spline-sans-mono/5.2.1/latin-ext-400.css: sha512-MmBsM11xSFG0Y4j/oHtm5M36g8kf3z93aJsoPPU/gGqoIkTuF1OAOf6uwLHKP3CKwp/3aV2tfHuyZvUDjv5X4w==
- fontsource-spline-sans-mono/5.2.1/latin-ext-600.min.css: sha512-jU9wt3Lg93bPznp5FaYSkGpicYRg9qfWwA7bp1akBYCME4tn4GH31IMwJfUrpVyifzYx/2HhEgzqzl53ma9rlw==
- fontsource-spline-sans-mono/5.2.1/latin-ext.min.css: sha512-gwiM5+hPItnA7U9D1rEoca5MCXFRXDHbAv0WUPaLecUJw6GUqpErqSpDDPBcGEr2kdGY19n3uBmv+7hhm3UhNQ==
- fontsource-spline-sans-mono/5.2.1/600.css: sha512-jGB4ZnvsMB427h/VrASGAmXDssUuT/2+yBKF5/JazgHdr6r3r/cJTE6fKTdxYwKYkYj2j7mzdjAYzoTKfvT1wg==
- fontsource-spline-sans-mono/5.2.1/700.min.css: sha512-6Y8lgvx4uFA+l+Mhmf1+ZUq5gSE1yqa7CCBgL8mZcq8/X1izz0H3mTmTk0zE9w/OXwvpTDBpQcZD5jNwLDDDwg==
- fontsource-spline-sans-mono/5.2.1/latin-500.css: sha512-VrHJQwPacZi7geJv/ZqsiWif5ibVFLp1bLxw8jeajehace0Xq/qTrvOxYwkPiGmnBK4MQ3Ae2PXHojuFLwU4qA==
- fontsource-spline-sans-mono/5.2.1/latin-700-italic.css: sha512-lW+8cVPt69j6zZHiTc+ymPyh+AoHQiWh3Z0R2Fr5E0bgcOv16GIhNL8MY6/N0T5itW1oyy2T4ZV+oj01O8tRdw==
- fontsource-spline-sans-mono/5.2.1/latin-ext-500.min.css: sha512-+03A0v0ieB9zLF4h1sref5eDGsI+RljYNVPy7YdFKtoLaol8A31vIuDmdQWuAWgtcGBpnVYfoVi/G3yP6bSe3Q==
- fontsource-spline-sans-mono/5.2.1/latin-ext-600.css: sha512-+O2LfmzGnA7pGMpYlElnAJos93FN3oGp47BMsQtQ6Hz5PVGDcMMCEmnCsaEAwLgmB6etsVlFvNaASgXkZ7wK8w==
- fontsource-spline-sans-mono/5.2.1/latin-ext-700-italic.css: sha512-xbzbVPxV4FL55aQRFA8ZXupFJPCRweJHhH27PAMFxcg/yjtrm2foQkJoVIAeQqlcIPtjrBR8DQl3H6wkDL6sWg==
- fontsource-spline-sans-mono/5.2.1/latin-ext-700-italic.min.css: sha512-W9VQX7i46O+K3hZMXbyv2qc09QgZ63BNhjAnCRrFMHZsQ0oYg2QCJQorh9WWXVAInwFWAzk2BZU6X5tp0H4q7g==
- fontsource-spline-sans-mono/5.2.1/300-italic.css: sha512-s3gVq6Cce9ATggy7w5y4u71+0OFgqQl5VecEDln0hChTnKdB3fPTWVqWnXomGpnGTaJxoRIFMEhfZ/4FjAujPg==
- fontsource-spline-sans-mono/5.2.1/700-italic.css: sha512-bHd8ZxKm8/NDR5Rma+YWdChPVqovTago+jY0cDBFsmWrF0bGTBsGg96sLhW47l30799v6g0uS4j0NZexTZWfuw==
- fontsource-spline-sans-mono/5.2.1/latin-600.min.css: sha512-EsG6muDCCs/79CWxQV4VG4pObUnrrJUp8PeKHeOL4i2MgRyNGIoqpydQK0YYor9F6nGTAokb6KXtMzaRbjhZKQ==
- fontsource-spline-sans-mono/5.2.1/300.css: sha512-eFX83FPz7iAujfjb0+9YDATwRAZBhvdssfF7bwBbEq8fatcRLlO88EoDvN3InmMuxPY38wyq/STiHjv7ZVf5AA==
- fontsource-spline-sans-mono/5.2.1/latin-ext-600-italic.min.css: sha512-QlV8bjLdikpJuQmlcd6kjGTgxTh3LG5IQHxXDIr7FYjMTq4cUuI67aIx1OLz0+llXMGVGy2/Gt4uQYCr3NAWAw==
- fontsource-spline-sans-mono/5.2.1/index.css: sha512-sxdMei8yI8RXRSNMxsbvIcgxqIa7T5RVIMTSSIum04q3fcQtzW1p8BgQ+2lZ2sGEf/XX1AqdSQeXM2XDzqW69Q==
- fontsource-spline-sans-mono/5.2.1/latin-ext-300-italic.css: sha512-hI9+ovyYv6n2xL8G9y9p+y9Q0IsWAj8pnVHtvKSFGdWUCzAQPch9+xGRsb6jUUwY3CTKGIL9+naVSC/oGRziJg==
- fontsource-spline-sans-mono/5.2.1/latin-ext-italic.min.css: sha512-wI4cyftgVOpB1Rxf4ekUOl+idwgnAaSLTv5kMDOKAAGfxdBby74yAV7BZ/I8yrZmAkR9V8NQ7epgvFQQp47r5Q==
- fontsource-spline-sans-mono/5.2.1/latin-ext-300-italic.min.css: sha512-ORNhlYm766N7QMnZW+3QIxXNmy59lNkOuaCj4eAyAdGluPa2W7v//85jwQphqxkT1Jwo85iWMx5mxO885yEZ5Q==
- fontsource-spline-sans-mono/5.2.1/500.min.css: sha512-kFcsK6bouoaeHGufpmscPRHMIrtYfviNlR1i8wcrsua4q5JS9YNN3T8hFlbLf91PjR3R+ySlyisqbq3YeSCLVw==
- fontsource-spline-sans-mono/5.2.1/600-italic.css: sha512-YYEvThiUoFilVChVvjVmQQdMn8vG+DEpcPxWS/PocrFaxxUaLfsaGTEPAqwDTi8CMleoP66iLvNacWH2Fbk1Aw==
- fontsource-spline-sans-mono/5.2.1/600.min.css: sha512-LZMjpcSIHDY2hm8FzIOJjWRW0OkQneZWNI/EEh7l5BLZ17z/bp5fl5z9UvbMJ4ZtE8gDiW20/l4TPtikbg0vDg==
- fontsource-spline-sans-mono/5.2.1/latin-700.min.css: sha512-DTo3jz2SP1xdTOdUSksazpFo1qhg4tGY7dIeJnUyMGo1fNnFQfcwbSx9EvAWmQqbgsfvbInS3KwZordEszbeMg==
- fontsource-spline-sans-mono/5.2.1/latin-ext-600-italic.css: sha512-RZlXWwfsBVsmBKQaX2z+qwCIZ1H+hX4oDfEJX4aPLnKe3ih+SbIxLOdlrZQWgUU3EpD+8/UcgqwmiGooD4DB/A==
- fontsource-spline-sans-mono/5.2.1/700.css: sha512-V+BKTdB/iH+dwXQiPPnJ64Ral+2hJqJ9TqNqE22EY8yd2vMpkENF1SvW15n2IBuy7yxpvGdbzktoCL8Wz9Z+xg==
- fontsource-spline-sans-mono/5.2.1/latin-400.css: sha512-lNZR/FbcGavmzPYtEL/GGvdqj1c7vll1rqPLW7BBs1I3ZEMPbbRyBO6VsvT6GutVE1T8YxuK4wK+hJJr2rnndQ==
- fontsource-spline-sans-mono/5.2.1/latin-700.css: sha512-S90Jev6y6mr6C+DSp7DRUn7kUBPuKNJW4pq4KocI5q3l7FjXUCDtS06VXDtAT0744Nwi5FAubVQT0+aZM2Tv1A==
- fontsource-spline-sans-mono/5.2.1/latin-ext-300.css: sha512-v3DlGT2XFMspEnTiMIR0+nE4IeXp2RndtKa9Hh6FIkfYpax00yxkRpxxAoVrLXzTy3AOnVzN3D/TsP/ZjaY6Bw==
- fontsource-spline-sans-mono/5.2.1/latin-ext-300.min.css: sha512-8Wj1+G3OkZJEAdZ8Oh6yp/Pbejv5Ym/SZ13lUcgl+yGsr+umx/+6ku8/wdhPd6ddra9n34gnfxEWFVW3cVH5+w==
- fontsource-spline-sans-mono/5.2.1/latin-ext-500-italic.min.css: sha512-ud0dRLZyTBsOZzD1t2g7Nfnt7IZ+XLZd9fXVEDy7tmT9KA0Jl/salonTjWLO7pY6znbUN/iGJ1kBNcAExN/fyg==
- fontsource-spline-sans-mono/5.2.1/400-italic.min.css: sha512-FP/ZmamXq2OntIoxg0hl5EBvSgXSLg4lqbNZAhr1BhJHWPDUiwVDv12Ba0sni1NnYYJB1LvyCYfX0XgZm+LVIw==
- fontsource-spline-sans-mono/5.2.1/index.min.css: sha512-d5YolzqBPVhsRhO3ZbcWzszZqis1wt3Jcln1Ln72hRTKx3aocAA+8xtqQFJlq3Upbs+Jw13F2ELdc8vovSOrgg==
- fontsource-spline-sans-mono/5.2.1/latin-700-italic.min.css: sha512-vF9rnEEJfV5mW4p/1hpS9+jeLAu6CZJjmSncF2cLSO+h+aFzR7iuC6UMWCoOAFBW3n7Fxjfhua9/CJsWpQACuw==
- fontsource-spline-sans-mono/5.2.1/latin-400.min.css: sha512-+55hUbhGzD73ApIy35FRZwQEdFZOtzIt2ETJVo7U7wCtUe/LAHbDwRsLR63NjQ2uyXRTmJsN9BMxzocpybGqTQ==
- fontsource-spline-sans-mono/5.2.1/latin-ext.css: sha512-9N/kAqenQimFf5W9sQSoQoF7IpmUDbxrWS2SZqxxSdnP2Y6bnCAJRYuRhO/mOUm7i60wxd2y9m52pLGdia++ag==
- fontsource-spline-sans-mono/5.2.1/latin-italic.min.css: sha512-aqC14HEiuGx9kH0Rbt8EnQ6ekrAJReajOc32vbI0XqblpNoiIsXYW4HXeQs5KDalCjKebXxsBvFULtvfhh9alA==
- fontsource-spline-sans-mono/5.2.1/300.min.css: sha512-vKTKbYGzPyaH3nuRY5sENQo91FXikJh7jTDUHZKXRndimL/LJXDTgh7VKdPemO3yromcCEu44XyW8rgnzfa7Zw==
- fontsource-spline-sans-mono/5.2.1/400-italic.css: sha512-eos0mWIxIaJJ8ZEDQqND9hQXY7kNpKj6Ox70ukt/T8TTkKg74kHIx7koShObqbPLLRPX8EZAy99yh6VjpLzdng==
- fontsource-spline-sans-mono/5.2.1/latin-300.css: sha512-bZJd2EuosANLB+RhjrO0fry3bmqoFigT9jxmUhELMizQJt0uNOf9TlrYacgbJ93JBAIoxCWTr0y53Tr+/wEfhA==
- fontsource-spline-sans-mono/5.2.1/latin-300.min.css: sha512-830ZF2KQqXvbOwekoEgkKGSHQYT090p99ij7rM+zYxrpzI0s6t1LsfCnK5FG3T41JMKeRgCYP6g8FQwzkD/6xg==
- fontsource-spline-sans-mono/5.2.1/latin-ext-700.css: sha512-hdSsuKe4oYlszPhZyp6AHsEItSEu2LcfRO6LrJBmcWY4LpzVLvWR/tpP/zJMb89nfIkKlwcVnsdlwIDIlssdtw==
- fontsource-spline-sans-mono/5.2.1/500-italic.css: sha512-j90cQ3wv42mfEH+cvzGuufDm4pnlIJBEIdcIWUrtX+lVGG/dF2ZMIVTe3uaK3AR+AJ6WFKXxc8HHP0yES0sfcw==
- fontsource-spline-sans-mono/5.2.1/500.css: sha512-Z+ut8RaMBx7xynZ/7M0DwVReQnKvMNS1x8ZkXCE92e4Wtt06wBLTd5OWGGOPCV3x/fIa/610AS+ylICWLFXncQ==
- fontsource-spline-sans-mono/5.2.1/latin-300-italic.min.css: sha512-6DQwo3C2JWrFz2XU/bAjpbNEIxqXCjd9V/cyJV43rXJRkaMoMQYr4pVJjm+druCp0H/fmyY0ySqpPQE2DJwW+A==
- fontsource-spline-sans-mono/5.2.1/latin-500-italic.css: sha512-gqawLasDYfGdEU44yUCBvcw2GSoHzwEmkw4mgXawb88MhkCErfesmmGO+Vcam2NrEY+5E32cbqYxaG29ZRLEAg==
- fontsource-spline-sans-mono/5.2.1/latin-500.min.css: sha512-Bx7Or4M6/N8qO0cJM126GLcWc/w94bORhOamg3sP1ErfCligs643pmOVWNBa2hX26e0tA2e5605NhYfCtaSmmQ==
- fontsource-spline-sans-mono/5.2.1/400.css: sha512-sxdMei8yI8RXRSNMxsbvIcgxqIa7T5RVIMTSSIum04q3fcQtzW1p8BgQ+2lZ2sGEf/XX1AqdSQeXM2XDzqW69Q==
- fontsource-spline-sans-mono/5.2.1/500-italic.min.css: sha512-JGd/cuBWwBPKVIapOX+ws48hNy52BS1hXJYO7FjXm5pwtFb7DilxyGhI4JnLFpro4XHjFHRlIjn8g3RQ42+hgQ==
- fontsource-spline-sans-mono/5.2.1/latin-400-italic.min.css: sha512-PGrer38wPSaehbBQQCBQGfsxlttW+YMUIHLeiAWvytjGv5+6ioJscdnRTyoISYemf4YdUAgD5DJdfetGhTi65Q==
- fontsource-spline-sans-mono/5.2.1/latin-400-italic.css: sha512-3eVQQcZV70sULdvMuB4cg3jRBXhMnelmkFb7wM3nzIHUEbEBcWbBcAk5abniXyRlK4skwwvDw9Ywpz/wxute2A==
- fontsource-spline-sans-mono/5.2.1/latin-ext-400-italic.min.css: sha512-xUUrg2n+1eYC/e2pVvu6aXNxEQGeLykY8EX6HDwSiC35cJa6t/4R6Sx/EIOSwNrOTM8PEI8dBYWiZn/m/jCogg==
- fontsource-spline-sans-mono/5.2.1/latin.css: sha512-lBsRPS9vcvQ+uWi2s6Y3MJZp+618OxNyIcdRGnq6sxefF4xS3Z59/b3b3oGCUsXMuOULqezG6vhCc3sFr8PpCQ==
- fontsource-spline-sans-mono/5.2.1/latin-300-italic.css: sha512-C5AoNznbAQloNdqBNcN6jwE5uPegm/xPaMZZobT4sAptAkscFe6BrgJqhEA/QsjqP+E8V7FbozIcABND9f4E/g==
- fontsource-spline-sans-mono/5.2.1/latin-ext-700.min.css: sha512-3uGxWTglJoAdmndRqcU7Sk29OBfprzJHX+KLrUG3a7ZiDuCGoTmsp99uOR54tm5BU/RrLQBH3qIZOHsMuMDRjQ==
- fontsource-spline-sans-mono/5.2.1/latin-ext-italic.css: sha512-YB11MyUUEgUJfRnHQPwAHsORQRcRzat/sDhWBWTPmXm0umkfTKdhlWjTrOqHeKOgdrQpfkiRNi2jD7CTwELQiw==
- fontsource-spline-sans-mono/5.2.1/300-italic.min.css: sha512-SlOSLiZl1nGmerBZWHBnbNmsGMlc/J4RMebSlV2/9h/lEtFUwRhtH5Y83zSwGpqTlCJgaS5C+kzAhXVlTuY4pg==
- fontsource-spline-sans-mono/5.2.1/400.min.css: sha512-d5YolzqBPVhsRhO3ZbcWzszZqis1wt3Jcln1Ln72hRTKx3aocAA+8xtqQFJlq3Upbs+Jw13F2ELdc8vovSOrgg==
- fontsource-spline-sans-mono/5.2.1/600-italic.min.css: sha512-DEC7IoVpNeEB6qxsVzIHpj6rd+wGJSYfOXJfpM2mzuJVNRfSfAJ5GL7H7wJ0ahAZMbPDyorMOZI4jWasBZRODA==
- fontsource-spline-sans-mono/5.2.1/latin-600.css: sha512-ZNJBbmDPry4+g9PnisFee9HdEMi58JC2XC17ToH2HFz4hLnvrrhMKsoWWlQPZMQDbfX3o5pSxQ0DHFflbS/v/w==
- fontsource-spline-sans-mono/5.2.1/latin-ext-500.css: sha512-fzNIT9JbpVnEhCrY1fhDdSAEhKrXJnpbA3WMTr5WX4IK8IKxCgHu2Px7UdY66NF2L5VUEFSMEoFzjXm+iGUTKA==
- fontsource-spline-sans-mono/5.2.1/latin.min.css: sha512-6tPLCd1h2HzpIB17f4oskW7vSbxkwVDdptIsVWRyzcR08FUQl1NprlfodQF1K8JdE8trxf+E77vAofCGovB6qA==
- fontsource-spline-sans-mono/5.2.1/700-italic.min.css: sha512-8X0czporNYz0+QFnBM6ryte/ZCbTmhaIoJXaH0S8CxUH9k6Gf7lomLkHzYhzTAPnUTBtkeKDuctCwKdHQsNHzw==
- fontsource-spline-sans-mono/5.2.1/latin-600-italic.css: sha512-2IwQjKhuoS2MIJEXi9ORTRKw9cC+hYpKNF3sCzVurKOwq6On1XErQSndq+8TBWvKKxo4qzwqCDPgPJr38VNBqA==
- fontsource-spline-sans-mono/5.2.1/latin-600-italic.min.css: sha512-8XnmrU3bP46uxLxlWY6xkEww+56EhBSJYQjSpouuUpziZ5t+qjNEPHmh7OmsF02P+ztXVoCTdVNBxYEMMIUqdQ==
- fontsource-spline-sans-mono/5.2.1/latin-italic.css: sha512-WnLTngPPiGnWZIrDREn07jZlMM6Ex+Fcice1VFbIjsMNjisAaN+g16P+nzfbRNDYphZ/fWVLTGj9BUozncDEwg==
- fontsource-spline-sans-mono/5.2.1/latin-ext-400-italic.css: sha512-BD5s7gVF9kRZ0TPyifBH/DKooSSdtfBhDf6MRl+Han5NsO5Wy+WKpYALtacVOnf0f1gr3+SiIdX67tkKDaV3gQ==
- fontsource-spline-sans-mono/5.2.1/latin-ext-400.min.css: sha512-zC5MODcIAWdvxGuZcvIdzHQCn9VYyQ3pQ+7MuJ7CoxbutNnu3q+8+DiHUap9uVcwIlJaU/J6WhjDJFittMfwSQ==
- fontsource-spline-sans-mono/5.2.1/latin-ext-500-italic.css: sha512-3oSgWn3ryoBe3nqUmkWq24kEYi8RwyOtpysREbDQKQnf3dmsrkeoV9t97x29ena8lErSlbxrjQe0reMnqBZK7w==
- fontsource-spline-sans-mono/5.2.1/latin-500-italic.min.css: sha512-Zqm8xZACZ+HFYk5BijjYis24aSdZk3y7eunAbJnr0y4bDFeZzHtTm4kR7yVCTyfTLrcsvQhvXfN2J4BxtXnJVw==
