config: {"authors":[{"name":"ruffle contributors","url":"https://github.com/ruffle-rs/ruffle/graphs/contributors"}],"autoupdate":{"source":"npm","target":"@ruffle-rs/ruffle","fileMap":[{"basePath":"","files":["*.@(js|wasm)"]}]},"description":"Putting Flash back on the web. Ruffle will polyfill all Flash content and replace it with the Ruffle flash player.","filename":"ruffle.js","homepage":"https://ruffle.rs","keywords":["flash","swf"],"license":"(MIT OR Apache-2.0)","name":"ruffle-rs","repository":{"type":"git","url":"git+https://github.com/ruffle-rs/ruffle.git"},"author":"ruffle contributors (https://github.com/ruffle-rs/ruffle/graphs/contributors)"}
KV keys:
- ruffle-rs/0.1.0-nightly.2024.12.23/6f342ab623b7e4e9c5fb.wasm.br
- ruffle-rs/0.1.0-nightly.2024.12.23/6f342ab623b7e4e9c5fb.wasm.gz
- ruffle-rs/0.1.0-nightly.2024.12.23/96a26ee286d86779742b.wasm.br
- ruffle-rs/0.1.0-nightly.2024.12.23/96a26ee286d86779742b.wasm.gz
- ruffle-rs/0.1.0-nightly.2024.12.23/core.ruffle.2b3bd7f19e90dd912d10.js.br
- ruffle-rs/0.1.0-nightly.2024.12.23/core.ruffle.2b3bd7f19e90dd912d10.js.gz
- ruffle-rs/0.1.0-nightly.2024.12.23/core.ruffle.2b3bd7f19e90dd912d10.min.js.br
- ruffle-rs/0.1.0-nightly.2024.12.23/core.ruffle.2b3bd7f19e90dd912d10.min.js.gz
- ruffle-rs/0.1.0-nightly.2024.12.23/core.ruffle.b5fb148d7bab7076cda3.js.br
- ruffle-rs/0.1.0-nightly.2024.12.23/core.ruffle.b5fb148d7bab7076cda3.js.gz
- ruffle-rs/0.1.0-nightly.2024.12.23/core.ruffle.b5fb148d7bab7076cda3.min.js.br
- ruffle-rs/0.1.0-nightly.2024.12.23/core.ruffle.b5fb148d7bab7076cda3.min.js.gz
- ruffle-rs/0.1.0-nightly.2024.12.23/ruffle.js.br
- ruffle-rs/0.1.0-nightly.2024.12.23/ruffle.js.gz
- ruffle-rs/0.1.0-nightly.2024.12.23/ruffle.min.js.br
- ruffle-rs/0.1.0-nightly.2024.12.23/ruffle.min.js.gz
SRIs:
- ruffle-rs/0.1.0-nightly.2024.12.23/core.ruffle.2b3bd7f19e90dd912d10.js: sha512-byXhT4yY2EvUFlMRXikG2o3Fg+5daIIxplc972OE0bTjzH4BHMBwAHO0EEddugLu+PgwvBtwR76oxHjpz2o7yQ==
- ruffle-rs/0.1.0-nightly.2024.12.23/core.ruffle.2b3bd7f19e90dd912d10.min.js: sha512-hfeC55YT7+l3SBovaP+ciTTuj0MxI98ObgwAFcNfToDk9hqmEtXaRoAFPKrR2ys/yZZTc3hKBHKqwTdegZzLAg==
- ruffle-rs/0.1.0-nightly.2024.12.23/core.ruffle.b5fb148d7bab7076cda3.js: sha512-bg+u2UN0Bachuea32fLIHeww9oYFQMafvOIcHQbZ3ZuCP0ilv93bQqmhNtiKsw4rlL10Y4yra7r3EMiuZRjEGA==
- ruffle-rs/0.1.0-nightly.2024.12.23/core.ruffle.b5fb148d7bab7076cda3.min.js: sha512-DQdO6CLHVdDrg67zGpfLe+lv2Kts4IsAiulnRXJasiK99KIhFg4gS0+dPTm1tfPJ4R+79nfndA4U8aTTbouw7w==
- ruffle-rs/0.1.0-nightly.2024.12.23/ruffle.js: sha512-GCK28i5JO731ltKfHZMwFizbLYzAh2s2SxMxd8lYFU3DWGyqa3YJdWF1LJp3XtWoPoGBCiWSsSHeuIryVXsVQg==
- ruffle-rs/0.1.0-nightly.2024.12.23/ruffle.min.js: sha512-yYSyr8zAP8Tb23s21bxhVmr7F+HHmp0obWQWoAbAH1XogtoAuFmHI1IXn/fgHX0Ucv3cf1/35IYObWoGLLw3Gw==
