config: {"authors":[{"name":"ruffle contributors","url":"https://github.com/ruffle-rs/ruffle/graphs/contributors"}],"autoupdate":{"source":"npm","target":"@ruffle-rs/ruffle","fileMap":[{"basePath":"","files":["*.@(js|wasm)"]}]},"description":"Putting Flash back on the web. Ruffle will polyfill all Flash content and replace it with the Ruffle flash player.","filename":"ruffle.js","homepage":"https://ruffle.rs","keywords":["flash","swf"],"license":"(MIT OR Apache-2.0)","name":"ruffle-rs","repository":{"type":"git","url":"git+https://github.com/ruffle-rs/ruffle.git"},"author":"ruffle contributors (https://github.com/ruffle-rs/ruffle/graphs/contributors)"}
KV keys:
- ruffle-rs/0.1.0-nightly.2024.11.16/0314f06060ba8a31bf72.wasm.br
- ruffle-rs/0.1.0-nightly.2024.11.16/0314f06060ba8a31bf72.wasm.gz
- ruffle-rs/0.1.0-nightly.2024.11.16/4b9eb7b58535a61b191b.wasm.br
- ruffle-rs/0.1.0-nightly.2024.11.16/4b9eb7b58535a61b191b.wasm.gz
- ruffle-rs/0.1.0-nightly.2024.11.16/core.ruffle.3453b18337ead3dd1fa0.js.br
- ruffle-rs/0.1.0-nightly.2024.11.16/core.ruffle.3453b18337ead3dd1fa0.js.gz
- ruffle-rs/0.1.0-nightly.2024.11.16/core.ruffle.3453b18337ead3dd1fa0.min.js.br
- ruffle-rs/0.1.0-nightly.2024.11.16/core.ruffle.3453b18337ead3dd1fa0.min.js.gz
- ruffle-rs/0.1.0-nightly.2024.11.16/core.ruffle.b4eda2bd326cf533bbe6.js.br
- ruffle-rs/0.1.0-nightly.2024.11.16/core.ruffle.b4eda2bd326cf533bbe6.js.gz
- ruffle-rs/0.1.0-nightly.2024.11.16/core.ruffle.b4eda2bd326cf533bbe6.min.js.br
- ruffle-rs/0.1.0-nightly.2024.11.16/core.ruffle.b4eda2bd326cf533bbe6.min.js.gz
- ruffle-rs/0.1.0-nightly.2024.11.16/ruffle.js.br
- ruffle-rs/0.1.0-nightly.2024.11.16/ruffle.js.gz
- ruffle-rs/0.1.0-nightly.2024.11.16/ruffle.min.js.br
- ruffle-rs/0.1.0-nightly.2024.11.16/ruffle.min.js.gz
SRIs:
- ruffle-rs/0.1.0-nightly.2024.11.16/core.ruffle.3453b18337ead3dd1fa0.js: sha512-zW6L5wy5iaqmCW5N9tsxE5KSZoI67UrPUzZtZgYcLVx8ARdCawhmmptqKRHCRCCtveDWWrBCWQrXm67D+1Zm0Q==
- ruffle-rs/0.1.0-nightly.2024.11.16/core.ruffle.3453b18337ead3dd1fa0.min.js: sha512-XiF/XYUFhQSHnjMTHdcUl1PAl4C0z8mw5yudL5dPZhb73WvtOORSzt1pll/wsLo0ZiliKZ72HnQLqeuwzJLJuQ==
- ruffle-rs/0.1.0-nightly.2024.11.16/core.ruffle.b4eda2bd326cf533bbe6.js: sha512-OzJEMJnPercfp5vZDM/eYq1yKT6+X2kOtZx5WzB5bA4y2mxccT3enB3xdHvh+8a8wpyAj86QSsPOzkgeILOPRA==
- ruffle-rs/0.1.0-nightly.2024.11.16/core.ruffle.b4eda2bd326cf533bbe6.min.js: sha512-RVWhCJEtUsB9R8MyT5tqaG6zrJs10YGexSnKZtVFFXc8BnIHqQsFvd+HXgnfVRqHi7WznqLNGrUkrG8bk9s3Fg==
- ruffle-rs/0.1.0-nightly.2024.11.16/ruffle.js: sha512-AfFwTTiO265gWZIIZaKai870Ps5/qHyX8Z6NWl46eInOBSVyRveaP1kCKO+beYMSDV3l1NCJ7HVr/J/Jsh0JXQ==
- ruffle-rs/0.1.0-nightly.2024.11.16/ruffle.min.js: sha512-6yIRybdT3obExX2gcJ55aZEuS7vvuinfrfp5NHM/IK2jpibUoeGYbq+1nobb5Ucx+/vKC32miwMZili3XYXn0A==
