2025/06/18 02:30:25 optimizing files (Js true, Css true, Png true, Jpg true)
2025/06/18 02:30:25 /tmp/work/graphiql.css already has a compressed version: /tmp/work/graphiql.min.css
2025/06/18 02:30:25 /tmp/work/graphiql.min.js already has corresponding compressed file
2025/06/18 02:30:25 /tmp/work/graphiql.min.js is already compressed
2025/06/18 02:30:25 algorithm: run /usr/bin/brotli --quality=11 --output=/output/graphiql.js.map.br /tmp/work/graphiql.js.map
2025/06/18 02:30:25 algorithm: run /usr/bin/brotli --quality=11 --output=/output/graphiql.min.js.map.br /tmp/work/graphiql.min.js.map
2025/06/18 02:30:25 sri /tmp/work/graphiql.css -> /output/graphiql.css.sri
2025/06/18 02:30:25 algorithm: run /usr/bin/brotli --quality=11 --output=/output/graphiql.css.br /tmp/work/graphiql.css
2025/06/18 02:30:25 sri /tmp/work/graphiql.js -> /output/graphiql.js.sri
2025/06/18 02:30:25 sri /tmp/work/graphiql.min.js -> /output/graphiql.min.js.sri
2025/06/18 02:30:25 algorithm: run /usr/bin/brotli --quality=11 --output=/output/graphiql.js.br /tmp/work/graphiql.js
2025/06/18 02:30:25 algorithm: run /usr/bin/brotli --quality=11 --output=/output/graphiql.min.js.br /tmp/work/graphiql.min.js
2025/06/18 02:30:25 sri /tmp/work/graphiql.min.css -> /output/graphiql.min.css.sri
2025/06/18 02:30:25 algorithm: run /usr/bin/brotli --quality=11 --output=/output/graphiql.min.css.br /tmp/work/graphiql.min.css
2025/06/18 02:30:27 br /tmp/work/graphiql.css -> /output/graphiql.css.br
2025/06/18 02:30:27 gz /tmp/work/graphiql.css -> /output/graphiql.css.gz
2025/06/18 02:30:27 br /tmp/work/graphiql.min.css -> /output/graphiql.min.css.br
2025/06/18 02:30:27 gz /tmp/work/graphiql.min.css -> /output/graphiql.min.css.gz
2025/06/18 02:30:30 br /tmp/work/graphiql.js -> /output/graphiql.js.br
2025/06/18 02:30:30 gz /tmp/work/graphiql.js -> /output/graphiql.js.gz
2025/06/18 02:30:30 br /tmp/work/graphiql.min.js -> /output/graphiql.min.js.br
2025/06/18 02:30:30 gz /tmp/work/graphiql.min.js -> /output/graphiql.min.js.gz
2025/06/18 02:30:42 br /tmp/work/graphiql.min.js.map -> /output/graphiql.min.js.map.br
2025/06/18 02:30:42 br /tmp/work/graphiql.js.map -> /output/graphiql.js.map.br
2025/06/18 02:30:42 gz /tmp/work/graphiql.min.js.map -> /output/graphiql.min.js.map.gz
2025/06/18 02:30:43 gz /tmp/work/graphiql.js.map -> /output/graphiql.js.map.gz
2025/06/18 02:30:43 processed graphiql
