- reseter.css/1.1.3/reseter.css.br
- reseter.css/1.1.3/reseter.css.gz
- reseter.css/1.1.3/reseter.min.css.br
- reseter.css/1.1.3/reseter.min.css.gz
- reseter.css/1.1.3/src/less/reseter.less.br
- reseter.css/1.1.3/src/less/reseter.less.gz
- reseter.css/1.1.3/src/sass/reseter.sass.br
- reseter.css/1.1.3/src/sass/reseter.sass.gz
- reseter.css/1.1.3/src/scss/reseter.scss.br
- reseter.css/1.1.3/src/scss/reseter.scss.gz
- reseter.css/1.1.3/src/styled-components/js/reseter.js.br
- reseter.css/1.1.3/src/styled-components/js/reseter.js.gz
- reseter.css/1.1.3/src/styled-components/js/reseter.min.js.br
- reseter.css/1.1.3/src/styled-components/js/reseter.min.js.gz
- reseter.css/1.1.3/src/styled-components/js/reseter.mjs.br
- reseter.css/1.1.3/src/styled-components/js/reseter.mjs.gz
- reseter.css/1.1.3/src/styled-components/ts/reseter.ts.br
- reseter.css/1.1.3/src/styled-components/ts/reseter.ts.gz
- reseter.css/1.1.3/src/stylus/reseter.styl.br
- reseter.css/1.1.3/src/stylus/reseter.styl.gz