2025/09/15 19:30:52 optimizing files (Js true, Css true, Png true, Jpg true)
2025/09/15 19:30:53 algorithm: run /usr/bin/brotli --quality=11 --output=/output/fonts/tabler-icons-200-filled.woff.br /tmp/work/dist/fonts/tabler-icons-200-filled.woff
2025/09/15 19:30:53 algorithm: run /usr/bin/brotli --quality=11 --output=/output/fonts/tabler-icons-200-outline.ttf.br /tmp/work/dist/fonts/tabler-icons-200-outline.ttf
2025/09/15 19:30:53 algorithm: run /usr/bin/brotli --quality=11 --output=/output/fonts/tabler-icons-200.ttf.br /tmp/work/dist/fonts/tabler-icons-200.ttf
2025/09/15 19:30:53 algorithm: run /usr/bin/brotli --quality=11 --output=/output/fonts/tabler-icons-200-filled.ttf.br /tmp/work/dist/fonts/tabler-icons-200-filled.ttf
2025/09/15 19:30:53 algorithm: run /usr/bin/brotli --quality=11 --output=/output/fonts/tabler-icons-200.woff.br /tmp/work/dist/fonts/tabler-icons-200.woff
2025/09/15 19:30:53 algorithm: run /usr/bin/brotli --quality=11 --output=/output/fonts/tabler-icons-200-outline.woff.br /tmp/work/dist/fonts/tabler-icons-200-outline.woff
2025/09/15 19:30:53 copy /tmp/work/dist/fonts/tabler-icons-200-filled.woff2 -> /output/fonts/tabler-icons-200-filled.woff2
2025/09/15 19:30:53 copy /tmp/work/dist/fonts/tabler-icons-200-outline.woff2 -> /output/fonts/tabler-icons-200-outline.woff2
2025/09/15 19:30:53 algorithm: run /usr/bin/brotli --quality=11 --output=/output/fonts/tabler-icons-300-filled.ttf.br /tmp/work/dist/fonts/tabler-icons-300-filled.ttf
2025/09/15 19:30:53 copy /tmp/work/dist/fonts/tabler-icons-200.woff2 -> /output/fonts/tabler-icons-200.woff2
2025/09/15 19:30:53 algorithm: run /usr/bin/brotli --quality=11 --output=/output/fonts/tabler-icons-300-filled.woff.br /tmp/work/dist/fonts/tabler-icons-300-filled.woff
2025/09/15 19:30:54 br /tmp/work/dist/fonts/tabler-icons-200-filled.woff -> /output/fonts/tabler-icons-200-filled.woff.br
2025/09/15 19:30:54 gz /tmp/work/dist/fonts/tabler-icons-200-filled.woff -> /output/fonts/tabler-icons-200-filled.woff.gz
2025/09/15 19:30:54 copy /tmp/work/dist/fonts/tabler-icons-300-filled.woff2 -> /output/fonts/tabler-icons-300-filled.woff2
2025/09/15 19:30:54 algorithm: run /usr/bin/brotli --quality=11 --output=/output/fonts/tabler-icons-300-outline.ttf.br /tmp/work/dist/fonts/tabler-icons-300-outline.ttf
2025/09/15 19:30:54 br /tmp/work/dist/fonts/tabler-icons-300-filled.woff -> /output/fonts/tabler-icons-300-filled.woff.br
2025/09/15 19:30:54 gz /tmp/work/dist/fonts/tabler-icons-300-filled.woff -> /output/fonts/tabler-icons-300-filled.woff.gz
2025/09/15 19:30:54 algorithm: run /usr/bin/brotli --quality=11 --output=/output/fonts/tabler-icons-300-outline.woff.br /tmp/work/dist/fonts/tabler-icons-300-outline.woff
2025/09/15 19:30:54 br /tmp/work/dist/fonts/tabler-icons-200-filled.ttf -> /output/fonts/tabler-icons-200-filled.ttf.br
2025/09/15 19:30:54 gz /tmp/work/dist/fonts/tabler-icons-200-filled.ttf -> /output/fonts/tabler-icons-200-filled.ttf.gz
2025/09/15 19:30:54 copy /tmp/work/dist/fonts/tabler-icons-300-outline.woff2 -> /output/fonts/tabler-icons-300-outline.woff2
2025/09/15 19:30:54 algorithm: run /usr/bin/brotli --quality=11 --output=/output/fonts/tabler-icons-300.ttf.br /tmp/work/dist/fonts/tabler-icons-300.ttf
2025/09/15 19:30:54 br /tmp/work/dist/fonts/tabler-icons-300-filled.ttf -> /output/fonts/tabler-icons-300-filled.ttf.br
2025/09/15 19:30:54 gz /tmp/work/dist/fonts/tabler-icons-300-filled.ttf -> /output/fonts/tabler-icons-300-filled.ttf.gz
2025/09/15 19:30:54 algorithm: run /usr/bin/brotli --quality=11 --output=/output/fonts/tabler-icons-300.woff.br /tmp/work/dist/fonts/tabler-icons-300.woff
2025/09/15 19:30:57 br /tmp/work/dist/fonts/tabler-icons-200-outline.woff -> /output/fonts/tabler-icons-200-outline.woff.br
2025/09/15 19:30:57 gz /tmp/work/dist/fonts/tabler-icons-200-outline.woff -> /output/fonts/tabler-icons-200-outline.woff.gz
2025/09/15 19:30:57 copy /tmp/work/dist/fonts/tabler-icons-300.woff2 -> /output/fonts/tabler-icons-300.woff2
2025/09/15 19:30:57 algorithm: run /usr/bin/brotli --quality=11 --output=/output/fonts/tabler-icons-filled.ttf.br /tmp/work/dist/fonts/tabler-icons-filled.ttf
2025/09/15 19:30:58 br /tmp/work/dist/fonts/tabler-icons-200.woff -> /output/fonts/tabler-icons-200.woff.br
2025/09/15 19:30:58 gz /tmp/work/dist/fonts/tabler-icons-200.woff -> /output/fonts/tabler-icons-200.woff.gz
2025/09/15 19:30:58 algorithm: run /usr/bin/brotli --quality=11 --output=/output/fonts/tabler-icons-filled.woff.br /tmp/work/dist/fonts/tabler-icons-filled.woff
2025/09/15 19:30:58 br /tmp/work/dist/fonts/tabler-icons-300-outline.woff -> /output/fonts/tabler-icons-300-outline.woff.br
2025/09/15 19:30:58 gz /tmp/work/dist/fonts/tabler-icons-300-outline.woff -> /output/fonts/tabler-icons-300-outline.woff.gz
2025/09/15 19:30:58 copy /tmp/work/dist/fonts/tabler-icons-filled.woff2 -> /output/fonts/tabler-icons-filled.woff2
2025/09/15 19:30:58 algorithm: run /usr/bin/brotli --quality=11 --output=/output/fonts/tabler-icons-outline.ttf.br /tmp/work/dist/fonts/tabler-icons-outline.ttf
2025/09/15 19:30:59 br /tmp/work/dist/fonts/tabler-icons-filled.ttf -> /output/fonts/tabler-icons-filled.ttf.br
2025/09/15 19:30:59 gz /tmp/work/dist/fonts/tabler-icons-filled.ttf -> /output/fonts/tabler-icons-filled.ttf.gz
2025/09/15 19:30:59 algorithm: run /usr/bin/brotli --quality=11 --output=/output/fonts/tabler-icons-outline.woff.br /tmp/work/dist/fonts/tabler-icons-outline.woff
2025/09/15 19:30:59 br /tmp/work/dist/fonts/tabler-icons-filled.woff -> /output/fonts/tabler-icons-filled.woff.br
2025/09/15 19:30:59 gz /tmp/work/dist/fonts/tabler-icons-filled.woff -> /output/fonts/tabler-icons-filled.woff.gz
2025/09/15 19:30:59 copy /tmp/work/dist/fonts/tabler-icons-outline.woff2 -> /output/fonts/tabler-icons-outline.woff2
2025/09/15 19:30:59 algorithm: run /usr/bin/brotli --quality=11 --output=/output/fonts/tabler-icons.ttf.br /tmp/work/dist/fonts/tabler-icons.ttf
2025/09/15 19:30:59 br /tmp/work/dist/fonts/tabler-icons-300.woff -> /output/fonts/tabler-icons-300.woff.br
2025/09/15 19:30:59 gz /tmp/work/dist/fonts/tabler-icons-300.woff -> /output/fonts/tabler-icons-300.woff.gz
2025/09/15 19:30:59 algorithm: run /usr/bin/brotli --quality=11 --output=/output/fonts/tabler-icons.woff.br /tmp/work/dist/fonts/tabler-icons.woff
2025/09/15 19:31:02 br /tmp/work/dist/fonts/tabler-icons-200-outline.ttf -> /output/fonts/tabler-icons-200-outline.ttf.br
2025/09/15 19:31:02 gz /tmp/work/dist/fonts/tabler-icons-200-outline.ttf -> /output/fonts/tabler-icons-200-outline.ttf.gz
2025/09/15 19:31:02 copy /tmp/work/dist/fonts/tabler-icons.woff2 -> /output/fonts/tabler-icons.woff2
2025/09/15 19:31:02 /tmp/work/dist/tabler-icons-200-filled.css already has a compressed version: /tmp/work/dist/tabler-icons-200-filled.min.css
2025/09/15 19:31:02 sri /tmp/work/dist/tabler-icons-200-filled.css -> /output/tabler-icons-200-filled.css.sri
2025/09/15 19:31:02 algorithm: run /usr/bin/brotli --quality=11 --output=/output/tabler-icons-200-filled.css.br /tmp/work/dist/tabler-icons-200-filled.css
2025/09/15 19:31:02 br /tmp/work/dist/tabler-icons-200-filled.css -> /output/tabler-icons-200-filled.css.br
2025/09/15 19:31:02 gz /tmp/work/dist/tabler-icons-200-filled.css -> /output/tabler-icons-200-filled.css.gz
2025/09/15 19:31:02 sri /tmp/work/dist/tabler-icons-200-filled.min.css -> /output/tabler-icons-200-filled.min.css.sri
2025/09/15 19:31:02 algorithm: run /usr/bin/brotli --quality=11 --output=/output/tabler-icons-200-filled.min.css.br /tmp/work/dist/tabler-icons-200-filled.min.css
2025/09/15 19:31:02 br /tmp/work/dist/tabler-icons-200-filled.min.css -> /output/tabler-icons-200-filled.min.css.br
2025/09/15 19:31:02 gz /tmp/work/dist/tabler-icons-200-filled.min.css -> /output/tabler-icons-200-filled.min.css.gz
2025/09/15 19:31:02 /tmp/work/dist/tabler-icons-200-outline.css already has a compressed version: /tmp/work/dist/tabler-icons-200-outline.min.css
2025/09/15 19:31:02 sri /tmp/work/dist/tabler-icons-200-outline.css -> /output/tabler-icons-200-outline.css.sri
2025/09/15 19:31:02 algorithm: run /usr/bin/brotli --quality=11 --output=/output/tabler-icons-200-outline.css.br /tmp/work/dist/tabler-icons-200-outline.css
2025/09/15 19:31:03 br /tmp/work/dist/fonts/tabler-icons-200.ttf -> /output/fonts/tabler-icons-200.ttf.br
2025/09/15 19:31:03 br /tmp/work/dist/fonts/tabler-icons-300-outline.ttf -> /output/fonts/tabler-icons-300-outline.ttf.br
2025/09/15 19:31:03 br /tmp/work/dist/tabler-icons-200-outline.css -> /output/tabler-icons-200-outline.css.br
2025/09/15 19:31:03 gz /tmp/work/dist/tabler-icons-200-outline.css -> /output/tabler-icons-200-outline.css.gz
2025/09/15 19:31:03 sri /tmp/work/dist/tabler-icons-200-outline.min.css -> /output/tabler-icons-200-outline.min.css.sri
2025/09/15 19:31:03 algorithm: run /usr/bin/brotli --quality=11 --output=/output/tabler-icons-200-outline.min.css.br /tmp/work/dist/tabler-icons-200-outline.min.css
2025/09/15 19:31:03 gz /tmp/work/dist/fonts/tabler-icons-200.ttf -> /output/fonts/tabler-icons-200.ttf.gz
2025/09/15 19:31:03 /tmp/work/dist/tabler-icons-200.css already has a compressed version: /tmp/work/dist/tabler-icons-200.min.css
2025/09/15 19:31:03 sri /tmp/work/dist/tabler-icons-200.css -> /output/tabler-icons-200.css.sri
2025/09/15 19:31:03 algorithm: run /usr/bin/brotli --quality=11 --output=/output/tabler-icons-200.css.br /tmp/work/dist/tabler-icons-200.css
2025/09/15 19:31:03 gz /tmp/work/dist/fonts/tabler-icons-300-outline.ttf -> /output/fonts/tabler-icons-300-outline.ttf.gz
2025/09/15 19:31:03 sri /tmp/work/dist/tabler-icons-200.min.css -> /output/tabler-icons-200.min.css.sri
2025/09/15 19:31:03 algorithm: run /usr/bin/brotli --quality=11 --output=/output/tabler-icons-200.min.css.br /tmp/work/dist/tabler-icons-200.min.css
2025/09/15 19:31:03 br /tmp/work/dist/fonts/tabler-icons.woff -> /output/fonts/tabler-icons.woff.br
2025/09/15 19:31:04 br /tmp/work/dist/fonts/tabler-icons-outline.woff -> /output/fonts/tabler-icons-outline.woff.br
2025/09/15 19:31:04 gz /tmp/work/dist/fonts/tabler-icons.woff -> /output/fonts/tabler-icons.woff.gz
2025/09/15 19:31:04 /tmp/work/dist/tabler-icons-300-filled.css already has a compressed version: /tmp/work/dist/tabler-icons-300-filled.min.css
2025/09/15 19:31:04 sri /tmp/work/dist/tabler-icons-300-filled.css -> /output/tabler-icons-300-filled.css.sri
2025/09/15 19:31:04 algorithm: run /usr/bin/brotli --quality=11 --output=/output/tabler-icons-300-filled.css.br /tmp/work/dist/tabler-icons-300-filled.css
2025/09/15 19:31:04 gz /tmp/work/dist/fonts/tabler-icons-outline.woff -> /output/fonts/tabler-icons-outline.woff.gz
2025/09/15 19:31:04 sri /tmp/work/dist/tabler-icons-300-filled.min.css -> /output/tabler-icons-300-filled.min.css.sri
2025/09/15 19:31:04 algorithm: run /usr/bin/brotli --quality=11 --output=/output/tabler-icons-300-filled.min.css.br /tmp/work/dist/tabler-icons-300-filled.min.css
2025/09/15 19:31:04 br /tmp/work/dist/tabler-icons-300-filled.css -> /output/tabler-icons-300-filled.css.br
2025/09/15 19:31:04 gz /tmp/work/dist/tabler-icons-300-filled.css -> /output/tabler-icons-300-filled.css.gz
2025/09/15 19:31:04 /tmp/work/dist/tabler-icons-300-outline.css already has a compressed version: /tmp/work/dist/tabler-icons-300-outline.min.css
2025/09/15 19:31:04 br /tmp/work/dist/tabler-icons-300-filled.min.css -> /output/tabler-icons-300-filled.min.css.br
2025/09/15 19:31:04 sri /tmp/work/dist/tabler-icons-300-outline.css -> /output/tabler-icons-300-outline.css.sri
2025/09/15 19:31:04 algorithm: run /usr/bin/brotli --quality=11 --output=/output/tabler-icons-300-outline.css.br /tmp/work/dist/tabler-icons-300-outline.css
2025/09/15 19:31:04 gz /tmp/work/dist/tabler-icons-300-filled.min.css -> /output/tabler-icons-300-filled.min.css.gz
2025/09/15 19:31:04 sri /tmp/work/dist/tabler-icons-300-outline.min.css -> /output/tabler-icons-300-outline.min.css.sri
2025/09/15 19:31:04 algorithm: run /usr/bin/brotli --quality=11 --output=/output/tabler-icons-300-outline.min.css.br /tmp/work/dist/tabler-icons-300-outline.min.css
2025/09/15 19:31:04 br /tmp/work/dist/tabler-icons-200-outline.min.css -> /output/tabler-icons-200-outline.min.css.br
2025/09/15 19:31:04 gz /tmp/work/dist/tabler-icons-200-outline.min.css -> /output/tabler-icons-200-outline.min.css.gz
2025/09/15 19:31:04 /tmp/work/dist/tabler-icons-300.css already has a compressed version: /tmp/work/dist/tabler-icons-300.min.css
2025/09/15 19:31:04 sri /tmp/work/dist/tabler-icons-300.css -> /output/tabler-icons-300.css.sri
2025/09/15 19:31:04 algorithm: run /usr/bin/brotli --quality=11 --output=/output/tabler-icons-300.css.br /tmp/work/dist/tabler-icons-300.css
2025/09/15 19:31:04 br /tmp/work/dist/tabler-icons-200.min.css -> /output/tabler-icons-200.min.css.br
2025/09/15 19:31:04 gz /tmp/work/dist/tabler-icons-200.min.css -> /output/tabler-icons-200.min.css.gz
2025/09/15 19:31:04 sri /tmp/work/dist/tabler-icons-300.min.css -> /output/tabler-icons-300.min.css.sri
2025/09/15 19:31:04 algorithm: run /usr/bin/brotli --quality=11 --output=/output/tabler-icons-300.min.css.br /tmp/work/dist/tabler-icons-300.min.css
2025/09/15 19:31:04 br /tmp/work/dist/tabler-icons-200.css -> /output/tabler-icons-200.css.br
2025/09/15 19:31:04 gz /tmp/work/dist/tabler-icons-200.css -> /output/tabler-icons-200.css.gz
2025/09/15 19:31:04 /tmp/work/dist/tabler-icons-filled.css already has a compressed version: /tmp/work/dist/tabler-icons-filled.min.css
2025/09/15 19:31:04 sri /tmp/work/dist/tabler-icons-filled.css -> /output/tabler-icons-filled.css.sri
2025/09/15 19:31:04 algorithm: run /usr/bin/brotli --quality=11 --output=/output/tabler-icons-filled.css.br /tmp/work/dist/tabler-icons-filled.css
2025/09/15 19:31:04 br /tmp/work/dist/tabler-icons-300-outline.min.css -> /output/tabler-icons-300-outline.min.css.br
2025/09/15 19:31:04 gz /tmp/work/dist/tabler-icons-300-outline.min.css -> /output/tabler-icons-300-outline.min.css.gz
2025/09/15 19:31:04 sri /tmp/work/dist/tabler-icons-filled.min.css -> /output/tabler-icons-filled.min.css.sri
2025/09/15 19:31:04 algorithm: run /usr/bin/brotli --quality=11 --output=/output/tabler-icons-filled.min.css.br /tmp/work/dist/tabler-icons-filled.min.css
2025/09/15 19:31:04 br /tmp/work/dist/tabler-icons-filled.css -> /output/tabler-icons-filled.css.br
2025/09/15 19:31:04 gz /tmp/work/dist/tabler-icons-filled.css -> /output/tabler-icons-filled.css.gz
2025/09/15 19:31:04 /tmp/work/dist/tabler-icons-outline.css already has a compressed version: /tmp/work/dist/tabler-icons-outline.min.css
2025/09/15 19:31:04 sri /tmp/work/dist/tabler-icons-outline.css -> /output/tabler-icons-outline.css.sri
2025/09/15 19:31:04 algorithm: run /usr/bin/brotli --quality=11 --output=/output/tabler-icons-outline.css.br /tmp/work/dist/tabler-icons-outline.css
2025/09/15 19:31:04 br /tmp/work/dist/tabler-icons-300-outline.css -> /output/tabler-icons-300-outline.css.br
2025/09/15 19:31:05 br /tmp/work/dist/tabler-icons-filled.min.css -> /output/tabler-icons-filled.min.css.br
2025/09/15 19:31:05 gz /tmp/work/dist/tabler-icons-300-outline.css -> /output/tabler-icons-300-outline.css.gz
2025/09/15 19:31:05 sri /tmp/work/dist/tabler-icons-outline.min.css -> /output/tabler-icons-outline.min.css.sri
2025/09/15 19:31:05 algorithm: run /usr/bin/brotli --quality=11 --output=/output/tabler-icons-outline.min.css.br /tmp/work/dist/tabler-icons-outline.min.css
2025/09/15 19:31:05 gz /tmp/work/dist/tabler-icons-filled.min.css -> /output/tabler-icons-filled.min.css.gz
2025/09/15 19:31:05 /tmp/work/dist/tabler-icons.css already has a compressed version: /tmp/work/dist/tabler-icons.min.css
2025/09/15 19:31:05 sri /tmp/work/dist/tabler-icons.css -> /output/tabler-icons.css.sri
2025/09/15 19:31:05 algorithm: run /usr/bin/brotli --quality=11 --output=/output/tabler-icons.css.br /tmp/work/dist/tabler-icons.css
2025/09/15 19:31:05 br /tmp/work/dist/tabler-icons-300.css -> /output/tabler-icons-300.css.br
2025/09/15 19:31:05 br /tmp/work/dist/tabler-icons-300.min.css -> /output/tabler-icons-300.min.css.br
2025/09/15 19:31:05 gz /tmp/work/dist/tabler-icons-300.css -> /output/tabler-icons-300.css.gz
2025/09/15 19:31:05 sri /tmp/work/dist/tabler-icons.min.css -> /output/tabler-icons.min.css.sri
2025/09/15 19:31:05 algorithm: run /usr/bin/brotli --quality=11 --output=/output/tabler-icons.min.css.br /tmp/work/dist/tabler-icons.min.css
2025/09/15 19:31:05 gz /tmp/work/dist/tabler-icons-300.min.css -> /output/tabler-icons-300.min.css.gz
2025/09/15 19:31:05 br /tmp/work/dist/fonts/tabler-icons-300.ttf -> /output/fonts/tabler-icons-300.ttf.br
2025/09/15 19:31:05 br /tmp/work/dist/tabler-icons-outline.min.css -> /output/tabler-icons-outline.min.css.br
2025/09/15 19:31:05 br /tmp/work/dist/tabler-icons-outline.css -> /output/tabler-icons-outline.css.br
2025/09/15 19:31:05 gz /tmp/work/dist/fonts/tabler-icons-300.ttf -> /output/fonts/tabler-icons-300.ttf.gz
2025/09/15 19:31:05 gz /tmp/work/dist/tabler-icons-outline.min.css -> /output/tabler-icons-outline.min.css.gz
2025/09/15 19:31:05 gz /tmp/work/dist/tabler-icons-outline.css -> /output/tabler-icons-outline.css.gz
2025/09/15 19:31:05 br /tmp/work/dist/tabler-icons.css -> /output/tabler-icons.css.br
2025/09/15 19:31:05 gz /tmp/work/dist/tabler-icons.css -> /output/tabler-icons.css.gz
2025/09/15 19:31:05 br /tmp/work/dist/tabler-icons.min.css -> /output/tabler-icons.min.css.br
2025/09/15 19:31:06 gz /tmp/work/dist/tabler-icons.min.css -> /output/tabler-icons.min.css.gz
2025/09/15 19:31:07 br /tmp/work/dist/fonts/tabler-icons-outline.ttf -> /output/fonts/tabler-icons-outline.ttf.br
2025/09/15 19:31:07 gz /tmp/work/dist/fonts/tabler-icons-outline.ttf -> /output/fonts/tabler-icons-outline.ttf.gz
2025/09/15 19:31:08 br /tmp/work/dist/fonts/tabler-icons.ttf -> /output/fonts/tabler-icons.ttf.br
2025/09/15 19:31:08 gz /tmp/work/dist/fonts/tabler-icons.ttf -> /output/fonts/tabler-icons.ttf.gz
2025/09/15 19:31:08 processed tabler-icons
