config: {"authors":[{"name":"Guillaume du Pontavice","email":"g.du.pontavice@gmail.com"}],"autoupdate":{"source":"npm","target":"hls.js","fileMap":[{"basePath":"dist","files":["**/!(*-demo.*)"]}],"ignoreVersions":["*-canary.*"]},"description":"JavaScript HLS client using MediaSourceExtension","filename":"hls.min.js","homepage":"https://hls-js.netlify.com/demo/","keywords":["hls.js","video","streaming","mediasource","player"],"license":"Apache-2.0","name":"hls.js","repository":{"type":"git","url":"git://github.com/video-dev/hls.js"},"author":"Guillaume du Pontavice \u003cg.du.pontavice@gmail.com\u003e"}
KV keys:
- hls.js/1.6.0-beta.4.0.canary.11044/hls.d.mts.br
- hls.js/1.6.0-beta.4.0.canary.11044/hls.d.mts.gz
- hls.js/1.6.0-beta.4.0.canary.11044/hls.d.ts.br
- hls.js/1.6.0-beta.4.0.canary.11044/hls.d.ts.gz
- hls.js/1.6.0-beta.4.0.canary.11044/hls.js.br
- hls.js/1.6.0-beta.4.0.canary.11044/hls.js.d.ts.br
- hls.js/1.6.0-beta.4.0.canary.11044/hls.js.d.ts.gz
- hls.js/1.6.0-beta.4.0.canary.11044/hls.js.gz
- hls.js/1.6.0-beta.4.0.canary.11044/hls.js.map.br
- hls.js/1.6.0-beta.4.0.canary.11044/hls.js.map.gz
- hls.js/1.6.0-beta.4.0.canary.11044/hls.light.js.br
- hls.js/1.6.0-beta.4.0.canary.11044/hls.light.js.gz
- hls.js/1.6.0-beta.4.0.canary.11044/hls.light.js.map.br
- hls.js/1.6.0-beta.4.0.canary.11044/hls.light.js.map.gz
- hls.js/1.6.0-beta.4.0.canary.11044/hls.light.min.js.br
- hls.js/1.6.0-beta.4.0.canary.11044/hls.light.min.js.gz
- hls.js/1.6.0-beta.4.0.canary.11044/hls.light.min.js.map.br
- hls.js/1.6.0-beta.4.0.canary.11044/hls.light.min.js.map.gz
- hls.js/1.6.0-beta.4.0.canary.11044/hls.light.mjs.br
- hls.js/1.6.0-beta.4.0.canary.11044/hls.light.mjs.gz
- hls.js/1.6.0-beta.4.0.canary.11044/hls.light.mjs.map.br
- hls.js/1.6.0-beta.4.0.canary.11044/hls.light.mjs.map.gz
- hls.js/1.6.0-beta.4.0.canary.11044/hls.min.js.br
- hls.js/1.6.0-beta.4.0.canary.11044/hls.min.js.gz
- hls.js/1.6.0-beta.4.0.canary.11044/hls.min.js.map.br
- hls.js/1.6.0-beta.4.0.canary.11044/hls.min.js.map.gz
- hls.js/1.6.0-beta.4.0.canary.11044/hls.mjs.br
- hls.js/1.6.0-beta.4.0.canary.11044/hls.mjs.gz
- hls.js/1.6.0-beta.4.0.canary.11044/hls.mjs.map.br
- hls.js/1.6.0-beta.4.0.canary.11044/hls.mjs.map.gz
- hls.js/1.6.0-beta.4.0.canary.11044/hls.worker.js.br
- hls.js/1.6.0-beta.4.0.canary.11044/hls.worker.js.gz
- hls.js/1.6.0-beta.4.0.canary.11044/hls.worker.js.map.br
- hls.js/1.6.0-beta.4.0.canary.11044/hls.worker.js.map.gz
- hls.js/1.6.0-beta.4.0.canary.11044/hls.worker.min.js.br
- hls.js/1.6.0-beta.4.0.canary.11044/hls.worker.min.js.gz
SRIs:
- hls.js/1.6.0-beta.4.0.canary.11044/hls.light.js: sha512-vvGa78Qrlote84DgWc6J8DLiVtVbiF8AORojPkW5JtQr0cCGmq8v0E54wlDlADTBLVLxO8N7pLn6gRBtXOhmfw==
- hls.js/1.6.0-beta.4.0.canary.11044/hls.light.min.js: sha512-JhftyHOlMH2IUCR8G7DvIDPEV98WBfBEEyb9fX20xvT+AlnB2XkFLe9wG2i64J9h0GlEEAKMv89yMEn94lR56g==
- hls.js/1.6.0-beta.4.0.canary.11044/hls.min.js: sha512-EuC5SkVscUkgAn8RE4yOhEkgUX3rF5IM3lWCoAef57P5h4Fw6tmVu4U2u6JURdHBZZcHu3Pbn9jVcT4ozynLtg==
- hls.js/1.6.0-beta.4.0.canary.11044/hls.worker.js: sha512-O//VjW9H74JbpUSTowQLblVzQu8fhbz2VvAEKLNB+LTmDPaAZwPLYUodpaMaPJfAyP8PasDihLuvYqgzQWn4qw==
- hls.js/1.6.0-beta.4.0.canary.11044/hls.worker.min.js: sha512-q6XtgO5njYkGm1KfZwxEpM/FQnDDbyc0V6cflJHqTk8wfzA/0EIYdv+UT8qABG36DNketo1/HMLhvbV1GCIxUA==
- hls.js/1.6.0-beta.4.0.canary.11044/hls.js: sha512-QGk3pmktdGyyfjRVpeqC4kny6VXat/uCF0xtmCHfTk+vKS/2BlLSljQ72ob07OTw4/lA8uN7Tt9ZMjpaiMVCOA==
