2025/06/16 21:20:08 optimizing files (Js true, Css true, Png true, Jpg true)
2025/06/16 21:20:08 file babylon.max.js ignored due to byte size (44659933 > 26214400)
2025/06/16 21:20:08 algorithm: run /usr/bin/brotli --quality=11 --output=/output/babylon.js.map.br /tmp/work/babylon.js.map
2025/06/16 21:20:08 algorithm: run /usr/bin/brotli --quality=11 --output=/output/babylon.module.d.ts.br /tmp/work/babylon.module.d.ts
2025/06/16 21:20:08 algorithm: run /usr/bin/brotli --quality=11 --output=/output/babylon.d.ts.br /tmp/work/babylon.d.ts
2025/06/16 21:20:08 compress: run /node_modules/uglify-js/bin/uglifyjs (3.15.4) [--mangle --compress if_return=true -o /tmp/work/babylon.min.js /tmp/work/babylon.js]
2025/06/16 21:20:39 br /tmp/work/babylon.d.ts -> /output/babylon.d.ts.br
2025/06/16 21:20:40 gz /tmp/work/babylon.d.ts -> /output/babylon.d.ts.gz
2025/06/16 21:21:04 br /tmp/work/babylon.module.d.ts -> /output/babylon.module.d.ts.br
2025/06/16 21:21:05 gz /tmp/work/babylon.module.d.ts -> /output/babylon.module.d.ts.gz
2025/06/16 21:21:19 sri /tmp/work/babylon.min.js -> /output/babylon.min.js.sri
2025/06/16 21:21:19 algorithm: run /usr/bin/brotli --quality=11 --output=/output/babylon.min.js.br /tmp/work/babylon.min.js
2025/06/16 21:21:40 br /tmp/work/babylon.min.js -> /output/babylon.min.js.br
2025/06/16 21:21:40 gz /tmp/work/babylon.min.js -> /output/babylon.min.js.gz
2025/06/16 21:21:40 sri /tmp/work/babylon.js -> /output/babylon.js.sri
2025/06/16 21:21:40 algorithm: run /usr/bin/brotli --quality=11 --output=/output/babylon.js.br /tmp/work/babylon.js
2025/06/16 21:21:44 br /tmp/work/babylon.js.map -> /output/babylon.js.map.br
2025/06/16 21:21:47 gz /tmp/work/babylon.js.map -> /output/babylon.js.map.gz
2025/06/16 21:22:00 br /tmp/work/babylon.js -> /output/babylon.js.br
2025/06/16 21:22:00 gz /tmp/work/babylon.js -> /output/babylon.js.gz
2025/06/16 21:22:00 processed babylonjs
