Files:
- clerk-js/5.58.1-canary.v20250327012733/192_bc2fcc_5.58.1-canary.v20250327012733.js.br
- clerk-js/5.58.1-canary.v20250327012733/192_bc2fcc_5.58.1-canary.v20250327012733.js.gz
- clerk-js/5.58.1-canary.v20250327012733/192_bc2fcc_5.58.1-canary.v20250327012733.js.sri
- clerk-js/5.58.1-canary.v20250327012733/192_bc2fcc_5.58.1-canary.v20250327012733.min.js.br
- clerk-js/5.58.1-canary.v20250327012733/192_bc2fcc_5.58.1-canary.v20250327012733.min.js.gz
- clerk-js/5.58.1-canary.v20250327012733/192_bc2fcc_5.58.1-canary.v20250327012733.min.js.sri
- clerk-js/5.58.1-canary.v20250327012733/377_78d742_5.58.1-canary.v20250327012733.js.br
- clerk-js/5.58.1-canary.v20250327012733/377_78d742_5.58.1-canary.v20250327012733.js.gz
- clerk-js/5.58.1-canary.v20250327012733/377_78d742_5.58.1-canary.v20250327012733.js.sri
- clerk-js/5.58.1-canary.v20250327012733/377_78d742_5.58.1-canary.v20250327012733.min.js.br
- clerk-js/5.58.1-canary.v20250327012733/377_78d742_5.58.1-canary.v20250327012733.min.js.gz
- clerk-js/5.58.1-canary.v20250327012733/377_78d742_5.58.1-canary.v20250327012733.min.js.sri
- clerk-js/5.58.1-canary.v20250327012733/890_78d742_5.58.1-canary.v20250327012733.js.br
- clerk-js/5.58.1-canary.v20250327012733/890_78d742_5.58.1-canary.v20250327012733.js.gz
- clerk-js/5.58.1-canary.v20250327012733/890_78d742_5.58.1-canary.v20250327012733.js.sri
- clerk-js/5.58.1-canary.v20250327012733/890_78d742_5.58.1-canary.v20250327012733.min.js.br
- clerk-js/5.58.1-canary.v20250327012733/890_78d742_5.58.1-canary.v20250327012733.min.js.gz
- clerk-js/5.58.1-canary.v20250327012733/890_78d742_5.58.1-canary.v20250327012733.min.js.sri
- clerk-js/5.58.1-canary.v20250327012733/965_78d742_5.58.1-canary.v20250327012733.js.br
- clerk-js/5.58.1-canary.v20250327012733/965_78d742_5.58.1-canary.v20250327012733.js.gz
- clerk-js/5.58.1-canary.v20250327012733/965_78d742_5.58.1-canary.v20250327012733.js.sri
- clerk-js/5.58.1-canary.v20250327012733/965_78d742_5.58.1-canary.v20250327012733.min.js.br
- clerk-js/5.58.1-canary.v20250327012733/965_78d742_5.58.1-canary.v20250327012733.min.js.gz
- clerk-js/5.58.1-canary.v20250327012733/965_78d742_5.58.1-canary.v20250327012733.min.js.sri
- clerk-js/5.58.1-canary.v20250327012733/blankcaptcha_bc2fcc_5.58.1-canary.v20250327012733.js.br
- clerk-js/5.58.1-canary.v20250327012733/blankcaptcha_bc2fcc_5.58.1-canary.v20250327012733.js.gz
- clerk-js/5.58.1-canary.v20250327012733/blankcaptcha_bc2fcc_5.58.1-canary.v20250327012733.js.sri
- clerk-js/5.58.1-canary.v20250327012733/blankcaptcha_bc2fcc_5.58.1-canary.v20250327012733.min.js.br
- clerk-js/5.58.1-canary.v20250327012733/blankcaptcha_bc2fcc_5.58.1-canary.v20250327012733.min.js.gz
- clerk-js/5.58.1-canary.v20250327012733/blankcaptcha_bc2fcc_5.58.1-canary.v20250327012733.min.js.sri
- clerk-js/5.58.1-canary.v20250327012733/checkout_bc2fcc_5.58.1-canary.v20250327012733.js.br
- clerk-js/5.58.1-canary.v20250327012733/checkout_bc2fcc_5.58.1-canary.v20250327012733.js.gz
- clerk-js/5.58.1-canary.v20250327012733/checkout_bc2fcc_5.58.1-canary.v20250327012733.js.sri
- clerk-js/5.58.1-canary.v20250327012733/checkout_bc2fcc_5.58.1-canary.v20250327012733.min.js.br
- clerk-js/5.58.1-canary.v20250327012733/checkout_bc2fcc_5.58.1-canary.v20250327012733.min.js.gz
- clerk-js/5.58.1-canary.v20250327012733/checkout_bc2fcc_5.58.1-canary.v20250327012733.min.js.sri
- clerk-js/5.58.1-canary.v20250327012733/clerk.browser.js.br
- clerk-js/5.58.1-canary.v20250327012733/clerk.browser.js.gz
- clerk-js/5.58.1-canary.v20250327012733/clerk.browser.js.sri
- clerk-js/5.58.1-canary.v20250327012733/clerk.browser.min.js.br
- clerk-js/5.58.1-canary.v20250327012733/clerk.browser.min.js.gz
- clerk-js/5.58.1-canary.v20250327012733/clerk.browser.min.js.sri
- clerk-js/5.58.1-canary.v20250327012733/clerk.headless.browser.js.br
- clerk-js/5.58.1-canary.v20250327012733/clerk.headless.browser.js.gz
- clerk-js/5.58.1-canary.v20250327012733/clerk.headless.browser.js.sri
- clerk-js/5.58.1-canary.v20250327012733/clerk.headless.browser.min.js.br
- clerk-js/5.58.1-canary.v20250327012733/clerk.headless.browser.min.js.gz
- clerk-js/5.58.1-canary.v20250327012733/clerk.headless.browser.min.js.sri
- clerk-js/5.58.1-canary.v20250327012733/clerk.headless.js.br
- clerk-js/5.58.1-canary.v20250327012733/clerk.headless.js.gz
- clerk-js/5.58.1-canary.v20250327012733/clerk.headless.js.sri
- clerk-js/5.58.1-canary.v20250327012733/clerk.headless.min.js.br
- clerk-js/5.58.1-canary.v20250327012733/clerk.headless.min.js.gz
- clerk-js/5.58.1-canary.v20250327012733/clerk.headless.min.js.sri
- clerk-js/5.58.1-canary.v20250327012733/clerk.js.br
- clerk-js/5.58.1-canary.v20250327012733/clerk.js.gz
- clerk-js/5.58.1-canary.v20250327012733/clerk.js.sri
- clerk-js/5.58.1-canary.v20250327012733/clerk.min.js.br
- clerk-js/5.58.1-canary.v20250327012733/clerk.min.js.gz
- clerk-js/5.58.1-canary.v20250327012733/clerk.min.js.sri
- clerk-js/5.58.1-canary.v20250327012733/clerk.mjs.br
- clerk-js/5.58.1-canary.v20250327012733/clerk.mjs.gz
- clerk-js/5.58.1-canary.v20250327012733/clerk.no-rhc.js.br
- clerk-js/5.58.1-canary.v20250327012733/clerk.no-rhc.js.gz
- clerk-js/5.58.1-canary.v20250327012733/clerk.no-rhc.js.sri
- clerk-js/5.58.1-canary.v20250327012733/clerk.no-rhc.min.js.br
- clerk-js/5.58.1-canary.v20250327012733/clerk.no-rhc.min.js.gz
- clerk-js/5.58.1-canary.v20250327012733/clerk.no-rhc.min.js.sri
- clerk-js/5.58.1-canary.v20250327012733/clerk.no-rhc.mjs.br
- clerk-js/5.58.1-canary.v20250327012733/clerk.no-rhc.mjs.gz
- clerk-js/5.58.1-canary.v20250327012733/coinbase-wallet-sdk_23bdd7_5.58.1-canary.v20250327012733.js.br
- clerk-js/5.58.1-canary.v20250327012733/coinbase-wallet-sdk_23bdd7_5.58.1-canary.v20250327012733.js.gz
- clerk-js/5.58.1-canary.v20250327012733/coinbase-wallet-sdk_23bdd7_5.58.1-canary.v20250327012733.js.sri
- clerk-js/5.58.1-canary.v20250327012733/coinbase-wallet-sdk_23bdd7_5.58.1-canary.v20250327012733.min.js.br
- clerk-js/5.58.1-canary.v20250327012733/coinbase-wallet-sdk_23bdd7_5.58.1-canary.v20250327012733.min.js.gz
- clerk-js/5.58.1-canary.v20250327012733/coinbase-wallet-sdk_23bdd7_5.58.1-canary.v20250327012733.min.js.sri
- clerk-js/5.58.1-canary.v20250327012733/coinbase-wallet-sdk_bc2fcc_5.58.1-canary.v20250327012733.js.br
- clerk-js/5.58.1-canary.v20250327012733/coinbase-wallet-sdk_bc2fcc_5.58.1-canary.v20250327012733.js.gz
- clerk-js/5.58.1-canary.v20250327012733/coinbase-wallet-sdk_bc2fcc_5.58.1-canary.v20250327012733.js.sri
- clerk-js/5.58.1-canary.v20250327012733/coinbase-wallet-sdk_bc2fcc_5.58.1-canary.v20250327012733.min.js.br
- clerk-js/5.58.1-canary.v20250327012733/coinbase-wallet-sdk_bc2fcc_5.58.1-canary.v20250327012733.min.js.gz
- clerk-js/5.58.1-canary.v20250327012733/coinbase-wallet-sdk_bc2fcc_5.58.1-canary.v20250327012733.min.js.sri
- clerk-js/5.58.1-canary.v20250327012733/cookieSuffix_23bdd7_5.58.1-canary.v20250327012733.js.br
- clerk-js/5.58.1-canary.v20250327012733/cookieSuffix_23bdd7_5.58.1-canary.v20250327012733.js.gz
- clerk-js/5.58.1-canary.v20250327012733/cookieSuffix_23bdd7_5.58.1-canary.v20250327012733.js.sri
- clerk-js/5.58.1-canary.v20250327012733/cookieSuffix_23bdd7_5.58.1-canary.v20250327012733.min.js.br
- clerk-js/5.58.1-canary.v20250327012733/cookieSuffix_23bdd7_5.58.1-canary.v20250327012733.min.js.gz
- clerk-js/5.58.1-canary.v20250327012733/cookieSuffix_23bdd7_5.58.1-canary.v20250327012733.min.js.sri
- clerk-js/5.58.1-canary.v20250327012733/cookieSuffix_78d742_5.58.1-canary.v20250327012733.js.br
- clerk-js/5.58.1-canary.v20250327012733/cookieSuffix_78d742_5.58.1-canary.v20250327012733.js.gz
- clerk-js/5.58.1-canary.v20250327012733/cookieSuffix_78d742_5.58.1-canary.v20250327012733.js.sri
- clerk-js/5.58.1-canary.v20250327012733/cookieSuffix_78d742_5.58.1-canary.v20250327012733.min.js.br
- clerk-js/5.58.1-canary.v20250327012733/cookieSuffix_78d742_5.58.1-canary.v20250327012733.min.js.gz
- clerk-js/5.58.1-canary.v20250327012733/cookieSuffix_78d742_5.58.1-canary.v20250327012733.min.js.sri
- clerk-js/5.58.1-canary.v20250327012733/cookieSuffix_bc2fcc_5.58.1-canary.v20250327012733.js.br
- clerk-js/5.58.1-canary.v20250327012733/cookieSuffix_bc2fcc_5.58.1-canary.v20250327012733.js.gz
- clerk-js/5.58.1-canary.v20250327012733/cookieSuffix_bc2fcc_5.58.1-canary.v20250327012733.js.sri
- clerk-js/5.58.1-canary.v20250327012733/cookieSuffix_bc2fcc_5.58.1-canary.v20250327012733.min.js.br
- clerk-js/5.58.1-canary.v20250327012733/cookieSuffix_bc2fcc_5.58.1-canary.v20250327012733.min.js.gz
- clerk-js/5.58.1-canary.v20250327012733/cookieSuffix_bc2fcc_5.58.1-canary.v20250327012733.min.js.sri
- clerk-js/5.58.1-canary.v20250327012733/createorganization_bc2fcc_5.58.1-canary.v20250327012733.js.br
- clerk-js/5.58.1-canary.v20250327012733/createorganization_bc2fcc_5.58.1-canary.v20250327012733.js.gz
- clerk-js/5.58.1-canary.v20250327012733/createorganization_bc2fcc_5.58.1-canary.v20250327012733.js.sri
- clerk-js/5.58.1-canary.v20250327012733/createorganization_bc2fcc_5.58.1-canary.v20250327012733.min.js.br
- clerk-js/5.58.1-canary.v20250327012733/createorganization_bc2fcc_5.58.1-canary.v20250327012733.min.js.gz
- clerk-js/5.58.1-canary.v20250327012733/createorganization_bc2fcc_5.58.1-canary.v20250327012733.min.js.sri
- clerk-js/5.58.1-canary.v20250327012733/framework_bc2fcc_5.58.1-canary.v20250327012733.js.br
- clerk-js/5.58.1-canary.v20250327012733/framework_bc2fcc_5.58.1-canary.v20250327012733.js.gz
- clerk-js/5.58.1-canary.v20250327012733/framework_bc2fcc_5.58.1-canary.v20250327012733.js.sri
- clerk-js/5.58.1-canary.v20250327012733/framework_bc2fcc_5.58.1-canary.v20250327012733.min.js.br
- clerk-js/5.58.1-canary.v20250327012733/framework_bc2fcc_5.58.1-canary.v20250327012733.min.js.gz
- clerk-js/5.58.1-canary.v20250327012733/framework_bc2fcc_5.58.1-canary.v20250327012733.min.js.sri
- clerk-js/5.58.1-canary.v20250327012733/impersonationfab_bc2fcc_5.58.1-canary.v20250327012733.js.br
- clerk-js/5.58.1-canary.v20250327012733/impersonationfab_bc2fcc_5.58.1-canary.v20250327012733.js.gz
- clerk-js/5.58.1-canary.v20250327012733/impersonationfab_bc2fcc_5.58.1-canary.v20250327012733.js.sri
- clerk-js/5.58.1-canary.v20250327012733/impersonationfab_bc2fcc_5.58.1-canary.v20250327012733.min.js.br
- clerk-js/5.58.1-canary.v20250327012733/impersonationfab_bc2fcc_5.58.1-canary.v20250327012733.min.js.gz
- clerk-js/5.58.1-canary.v20250327012733/impersonationfab_bc2fcc_5.58.1-canary.v20250327012733.min.js.sri
- clerk-js/5.58.1-canary.v20250327012733/keylessPrompt_bc2fcc_5.58.1-canary.v20250327012733.js.br
- clerk-js/5.58.1-canary.v20250327012733/keylessPrompt_bc2fcc_5.58.1-canary.v20250327012733.js.gz
- clerk-js/5.58.1-canary.v20250327012733/keylessPrompt_bc2fcc_5.58.1-canary.v20250327012733.js.sri
- clerk-js/5.58.1-canary.v20250327012733/keylessPrompt_bc2fcc_5.58.1-canary.v20250327012733.min.js.br
- clerk-js/5.58.1-canary.v20250327012733/keylessPrompt_bc2fcc_5.58.1-canary.v20250327012733.min.js.gz
- clerk-js/5.58.1-canary.v20250327012733/keylessPrompt_bc2fcc_5.58.1-canary.v20250327012733.min.js.sri
- clerk-js/5.58.1-canary.v20250327012733/onetap_bc2fcc_5.58.1-canary.v20250327012733.js.br
- clerk-js/5.58.1-canary.v20250327012733/onetap_bc2fcc_5.58.1-canary.v20250327012733.js.gz
- clerk-js/5.58.1-canary.v20250327012733/onetap_bc2fcc_5.58.1-canary.v20250327012733.js.sri
- clerk-js/5.58.1-canary.v20250327012733/onetap_bc2fcc_5.58.1-canary.v20250327012733.min.js.br
- clerk-js/5.58.1-canary.v20250327012733/onetap_bc2fcc_5.58.1-canary.v20250327012733.min.js.gz
- clerk-js/5.58.1-canary.v20250327012733/onetap_bc2fcc_5.58.1-canary.v20250327012733.min.js.sri
- clerk-js/5.58.1-canary.v20250327012733/op-billing-page_bc2fcc_5.58.1-canary.v20250327012733.js.br
- clerk-js/5.58.1-canary.v20250327012733/op-billing-page_bc2fcc_5.58.1-canary.v20250327012733.js.gz
- clerk-js/5.58.1-canary.v20250327012733/op-billing-page_bc2fcc_5.58.1-canary.v20250327012733.js.sri
- clerk-js/5.58.1-canary.v20250327012733/op-billing-page_bc2fcc_5.58.1-canary.v20250327012733.min.js.br
- clerk-js/5.58.1-canary.v20250327012733/op-billing-page_bc2fcc_5.58.1-canary.v20250327012733.min.js.gz
- clerk-js/5.58.1-canary.v20250327012733/op-billing-page_bc2fcc_5.58.1-canary.v20250327012733.min.js.sri
- clerk-js/5.58.1-canary.v20250327012733/organizationlist_bc2fcc_5.58.1-canary.v20250327012733.js.br
- clerk-js/5.58.1-canary.v20250327012733/organizationlist_bc2fcc_5.58.1-canary.v20250327012733.js.gz
- clerk-js/5.58.1-canary.v20250327012733/organizationlist_bc2fcc_5.58.1-canary.v20250327012733.js.sri
- clerk-js/5.58.1-canary.v20250327012733/organizationlist_bc2fcc_5.58.1-canary.v20250327012733.min.js.br
- clerk-js/5.58.1-canary.v20250327012733/organizationlist_bc2fcc_5.58.1-canary.v20250327012733.min.js.gz
- clerk-js/5.58.1-canary.v20250327012733/organizationlist_bc2fcc_5.58.1-canary.v20250327012733.min.js.sri
- clerk-js/5.58.1-canary.v20250327012733/organizationprofile_bc2fcc_5.58.1-canary.v20250327012733.js.br
- clerk-js/5.58.1-canary.v20250327012733/organizationprofile_bc2fcc_5.58.1-canary.v20250327012733.js.gz
- clerk-js/5.58.1-canary.v20250327012733/organizationprofile_bc2fcc_5.58.1-canary.v20250327012733.js.sri
- clerk-js/5.58.1-canary.v20250327012733/organizationprofile_bc2fcc_5.58.1-canary.v20250327012733.min.js.br
- clerk-js/5.58.1-canary.v20250327012733/organizationprofile_bc2fcc_5.58.1-canary.v20250327012733.min.js.gz
- clerk-js/5.58.1-canary.v20250327012733/organizationprofile_bc2fcc_5.58.1-canary.v20250327012733.min.js.sri
- clerk-js/5.58.1-canary.v20250327012733/organizationswitcher_bc2fcc_5.58.1-canary.v20250327012733.js.br
- clerk-js/5.58.1-canary.v20250327012733/organizationswitcher_bc2fcc_5.58.1-canary.v20250327012733.js.gz
- clerk-js/5.58.1-canary.v20250327012733/organizationswitcher_bc2fcc_5.58.1-canary.v20250327012733.js.sri
- clerk-js/5.58.1-canary.v20250327012733/organizationswitcher_bc2fcc_5.58.1-canary.v20250327012733.min.js.br
- clerk-js/5.58.1-canary.v20250327012733/organizationswitcher_bc2fcc_5.58.1-canary.v20250327012733.min.js.gz
- clerk-js/5.58.1-canary.v20250327012733/organizationswitcher_bc2fcc_5.58.1-canary.v20250327012733.min.js.sri
- clerk-js/5.58.1-canary.v20250327012733/prefetchorganizationlist_bc2fcc_5.58.1-canary.v20250327012733.js.br
- clerk-js/5.58.1-canary.v20250327012733/prefetchorganizationlist_bc2fcc_5.58.1-canary.v20250327012733.js.gz
- clerk-js/5.58.1-canary.v20250327012733/prefetchorganizationlist_bc2fcc_5.58.1-canary.v20250327012733.js.sri
- clerk-js/5.58.1-canary.v20250327012733/prefetchorganizationlist_bc2fcc_5.58.1-canary.v20250327012733.min.js.br
- clerk-js/5.58.1-canary.v20250327012733/prefetchorganizationlist_bc2fcc_5.58.1-canary.v20250327012733.min.js.gz
- clerk-js/5.58.1-canary.v20250327012733/prefetchorganizationlist_bc2fcc_5.58.1-canary.v20250327012733.min.js.sri
- clerk-js/5.58.1-canary.v20250327012733/pricingTable_bc2fcc_5.58.1-canary.v20250327012733.js.br
- clerk-js/5.58.1-canary.v20250327012733/pricingTable_bc2fcc_5.58.1-canary.v20250327012733.js.gz
- clerk-js/5.58.1-canary.v20250327012733/pricingTable_bc2fcc_5.58.1-canary.v20250327012733.js.sri
- clerk-js/5.58.1-canary.v20250327012733/pricingTable_bc2fcc_5.58.1-canary.v20250327012733.min.js.br
- clerk-js/5.58.1-canary.v20250327012733/pricingTable_bc2fcc_5.58.1-canary.v20250327012733.min.js.gz
- clerk-js/5.58.1-canary.v20250327012733/pricingTable_bc2fcc_5.58.1-canary.v20250327012733.min.js.sri
- clerk-js/5.58.1-canary.v20250327012733/sessionTasks_bc2fcc_5.58.1-canary.v20250327012733.js.br
- clerk-js/5.58.1-canary.v20250327012733/sessionTasks_bc2fcc_5.58.1-canary.v20250327012733.js.gz
- clerk-js/5.58.1-canary.v20250327012733/sessionTasks_bc2fcc_5.58.1-canary.v20250327012733.js.sri
- clerk-js/5.58.1-canary.v20250327012733/sessionTasks_bc2fcc_5.58.1-canary.v20250327012733.min.js.br
- clerk-js/5.58.1-canary.v20250327012733/sessionTasks_bc2fcc_5.58.1-canary.v20250327012733.min.js.gz
- clerk-js/5.58.1-canary.v20250327012733/sessionTasks_bc2fcc_5.58.1-canary.v20250327012733.min.js.sri
- clerk-js/5.58.1-canary.v20250327012733/signin_bc2fcc_5.58.1-canary.v20250327012733.js.br
- clerk-js/5.58.1-canary.v20250327012733/signin_bc2fcc_5.58.1-canary.v20250327012733.js.gz
- clerk-js/5.58.1-canary.v20250327012733/signin_bc2fcc_5.58.1-canary.v20250327012733.js.sri
- clerk-js/5.58.1-canary.v20250327012733/signin_bc2fcc_5.58.1-canary.v20250327012733.min.js.br
- clerk-js/5.58.1-canary.v20250327012733/signin_bc2fcc_5.58.1-canary.v20250327012733.min.js.gz
- clerk-js/5.58.1-canary.v20250327012733/signin_bc2fcc_5.58.1-canary.v20250327012733.min.js.sri
- clerk-js/5.58.1-canary.v20250327012733/signup_bc2fcc_5.58.1-canary.v20250327012733.js.br
- clerk-js/5.58.1-canary.v20250327012733/signup_bc2fcc_5.58.1-canary.v20250327012733.js.gz
- clerk-js/5.58.1-canary.v20250327012733/signup_bc2fcc_5.58.1-canary.v20250327012733.js.sri
- clerk-js/5.58.1-canary.v20250327012733/signup_bc2fcc_5.58.1-canary.v20250327012733.min.js.br
- clerk-js/5.58.1-canary.v20250327012733/signup_bc2fcc_5.58.1-canary.v20250327012733.min.js.gz
- clerk-js/5.58.1-canary.v20250327012733/signup_bc2fcc_5.58.1-canary.v20250327012733.min.js.sri
- clerk-js/5.58.1-canary.v20250327012733/ui-common_bc2fcc_5.58.1-canary.v20250327012733.js.br
- clerk-js/5.58.1-canary.v20250327012733/ui-common_bc2fcc_5.58.1-canary.v20250327012733.js.gz
- clerk-js/5.58.1-canary.v20250327012733/ui-common_bc2fcc_5.58.1-canary.v20250327012733.js.sri
- clerk-js/5.58.1-canary.v20250327012733/ui-common_bc2fcc_5.58.1-canary.v20250327012733.min.js.br
- clerk-js/5.58.1-canary.v20250327012733/ui-common_bc2fcc_5.58.1-canary.v20250327012733.min.js.gz
- clerk-js/5.58.1-canary.v20250327012733/ui-common_bc2fcc_5.58.1-canary.v20250327012733.min.js.sri
- clerk-js/5.58.1-canary.v20250327012733/up-billing-page_bc2fcc_5.58.1-canary.v20250327012733.js.br
- clerk-js/5.58.1-canary.v20250327012733/up-billing-page_bc2fcc_5.58.1-canary.v20250327012733.js.gz
- clerk-js/5.58.1-canary.v20250327012733/up-billing-page_bc2fcc_5.58.1-canary.v20250327012733.js.sri
- clerk-js/5.58.1-canary.v20250327012733/up-billing-page_bc2fcc_5.58.1-canary.v20250327012733.min.js.br
- clerk-js/5.58.1-canary.v20250327012733/up-billing-page_bc2fcc_5.58.1-canary.v20250327012733.min.js.gz
- clerk-js/5.58.1-canary.v20250327012733/up-billing-page_bc2fcc_5.58.1-canary.v20250327012733.min.js.sri
- clerk-js/5.58.1-canary.v20250327012733/userbutton_bc2fcc_5.58.1-canary.v20250327012733.js.br
- clerk-js/5.58.1-canary.v20250327012733/userbutton_bc2fcc_5.58.1-canary.v20250327012733.js.gz
- clerk-js/5.58.1-canary.v20250327012733/userbutton_bc2fcc_5.58.1-canary.v20250327012733.js.sri
- clerk-js/5.58.1-canary.v20250327012733/userbutton_bc2fcc_5.58.1-canary.v20250327012733.min.js.br
- clerk-js/5.58.1-canary.v20250327012733/userbutton_bc2fcc_5.58.1-canary.v20250327012733.min.js.gz
- clerk-js/5.58.1-canary.v20250327012733/userbutton_bc2fcc_5.58.1-canary.v20250327012733.min.js.sri
- clerk-js/5.58.1-canary.v20250327012733/userprofile_bc2fcc_5.58.1-canary.v20250327012733.js.br
- clerk-js/5.58.1-canary.v20250327012733/userprofile_bc2fcc_5.58.1-canary.v20250327012733.js.gz
- clerk-js/5.58.1-canary.v20250327012733/userprofile_bc2fcc_5.58.1-canary.v20250327012733.js.sri
- clerk-js/5.58.1-canary.v20250327012733/userprofile_bc2fcc_5.58.1-canary.v20250327012733.min.js.br
- clerk-js/5.58.1-canary.v20250327012733/userprofile_bc2fcc_5.58.1-canary.v20250327012733.min.js.gz
- clerk-js/5.58.1-canary.v20250327012733/userprofile_bc2fcc_5.58.1-canary.v20250327012733.min.js.sri
- clerk-js/5.58.1-canary.v20250327012733/userverification_bc2fcc_5.58.1-canary.v20250327012733.js.br
- clerk-js/5.58.1-canary.v20250327012733/userverification_bc2fcc_5.58.1-canary.v20250327012733.js.gz
- clerk-js/5.58.1-canary.v20250327012733/userverification_bc2fcc_5.58.1-canary.v20250327012733.js.sri
- clerk-js/5.58.1-canary.v20250327012733/userverification_bc2fcc_5.58.1-canary.v20250327012733.min.js.br
- clerk-js/5.58.1-canary.v20250327012733/userverification_bc2fcc_5.58.1-canary.v20250327012733.min.js.gz
- clerk-js/5.58.1-canary.v20250327012733/userverification_bc2fcc_5.58.1-canary.v20250327012733.min.js.sri
- clerk-js/5.58.1-canary.v20250327012733/vendors_23bdd7_5.58.1-canary.v20250327012733.js.br
- clerk-js/5.58.1-canary.v20250327012733/vendors_23bdd7_5.58.1-canary.v20250327012733.js.gz
- clerk-js/5.58.1-canary.v20250327012733/vendors_23bdd7_5.58.1-canary.v20250327012733.js.sri
- clerk-js/5.58.1-canary.v20250327012733/vendors_23bdd7_5.58.1-canary.v20250327012733.min.js.br
- clerk-js/5.58.1-canary.v20250327012733/vendors_23bdd7_5.58.1-canary.v20250327012733.min.js.gz
- clerk-js/5.58.1-canary.v20250327012733/vendors_23bdd7_5.58.1-canary.v20250327012733.min.js.sri
- clerk-js/5.58.1-canary.v20250327012733/vendors_bc2fcc_5.58.1-canary.v20250327012733.js.br
- clerk-js/5.58.1-canary.v20250327012733/vendors_bc2fcc_5.58.1-canary.v20250327012733.js.gz
- clerk-js/5.58.1-canary.v20250327012733/vendors_bc2fcc_5.58.1-canary.v20250327012733.js.sri
- clerk-js/5.58.1-canary.v20250327012733/vendors_bc2fcc_5.58.1-canary.v20250327012733.min.js.br
- clerk-js/5.58.1-canary.v20250327012733/vendors_bc2fcc_5.58.1-canary.v20250327012733.min.js.gz
- clerk-js/5.58.1-canary.v20250327012733/vendors_bc2fcc_5.58.1-canary.v20250327012733.min.js.sri
- clerk-js/5.58.1-canary.v20250327012733/waitlist_bc2fcc_5.58.1-canary.v20250327012733.js.br
- clerk-js/5.58.1-canary.v20250327012733/waitlist_bc2fcc_5.58.1-canary.v20250327012733.js.gz
- clerk-js/5.58.1-canary.v20250327012733/waitlist_bc2fcc_5.58.1-canary.v20250327012733.js.sri
- clerk-js/5.58.1-canary.v20250327012733/waitlist_bc2fcc_5.58.1-canary.v20250327012733.min.js.br
- clerk-js/5.58.1-canary.v20250327012733/waitlist_bc2fcc_5.58.1-canary.v20250327012733.min.js.gz
- clerk-js/5.58.1-canary.v20250327012733/waitlist_bc2fcc_5.58.1-canary.v20250327012733.min.js.sri
- clerk-js/5.58.1-canary.v20250327012733/zxcvbn-common_23bdd7_5.58.1-canary.v20250327012733.js.br
- clerk-js/5.58.1-canary.v20250327012733/zxcvbn-common_23bdd7_5.58.1-canary.v20250327012733.js.gz
- clerk-js/5.58.1-canary.v20250327012733/zxcvbn-common_23bdd7_5.58.1-canary.v20250327012733.js.sri
- clerk-js/5.58.1-canary.v20250327012733/zxcvbn-common_23bdd7_5.58.1-canary.v20250327012733.min.js.br
- clerk-js/5.58.1-canary.v20250327012733/zxcvbn-common_23bdd7_5.58.1-canary.v20250327012733.min.js.gz
- clerk-js/5.58.1-canary.v20250327012733/zxcvbn-common_23bdd7_5.58.1-canary.v20250327012733.min.js.sri
- clerk-js/5.58.1-canary.v20250327012733/zxcvbn-common_bc2fcc_5.58.1-canary.v20250327012733.js.br
- clerk-js/5.58.1-canary.v20250327012733/zxcvbn-common_bc2fcc_5.58.1-canary.v20250327012733.js.gz
- clerk-js/5.58.1-canary.v20250327012733/zxcvbn-common_bc2fcc_5.58.1-canary.v20250327012733.js.sri
- clerk-js/5.58.1-canary.v20250327012733/zxcvbn-common_bc2fcc_5.58.1-canary.v20250327012733.min.js.br
- clerk-js/5.58.1-canary.v20250327012733/zxcvbn-common_bc2fcc_5.58.1-canary.v20250327012733.min.js.gz
- clerk-js/5.58.1-canary.v20250327012733/zxcvbn-common_bc2fcc_5.58.1-canary.v20250327012733.min.js.sri
- clerk-js/5.58.1-canary.v20250327012733/zxcvbn-ts-core_23bdd7_5.58.1-canary.v20250327012733.js.br
- clerk-js/5.58.1-canary.v20250327012733/zxcvbn-ts-core_23bdd7_5.58.1-canary.v20250327012733.js.gz
- clerk-js/5.58.1-canary.v20250327012733/zxcvbn-ts-core_23bdd7_5.58.1-canary.v20250327012733.js.sri
- clerk-js/5.58.1-canary.v20250327012733/zxcvbn-ts-core_23bdd7_5.58.1-canary.v20250327012733.min.js.br
- clerk-js/5.58.1-canary.v20250327012733/zxcvbn-ts-core_23bdd7_5.58.1-canary.v20250327012733.min.js.gz
- clerk-js/5.58.1-canary.v20250327012733/zxcvbn-ts-core_23bdd7_5.58.1-canary.v20250327012733.min.js.sri
- clerk-js/5.58.1-canary.v20250327012733/zxcvbn-ts-core_bc2fcc_5.58.1-canary.v20250327012733.js.br
- clerk-js/5.58.1-canary.v20250327012733/zxcvbn-ts-core_bc2fcc_5.58.1-canary.v20250327012733.js.gz
- clerk-js/5.58.1-canary.v20250327012733/zxcvbn-ts-core_bc2fcc_5.58.1-canary.v20250327012733.js.sri
- clerk-js/5.58.1-canary.v20250327012733/zxcvbn-ts-core_bc2fcc_5.58.1-canary.v20250327012733.min.js.br
- clerk-js/5.58.1-canary.v20250327012733/zxcvbn-ts-core_bc2fcc_5.58.1-canary.v20250327012733.min.js.gz
- clerk-js/5.58.1-canary.v20250327012733/zxcvbn-ts-core_bc2fcc_5.58.1-canary.v20250327012733.min.js.sri
