config: {"authors":[{"name":"Google Inc."}],"autoupdate":{"source":"npm","target":"@fontsource/petrona","fileMap":[{"basePath":"","files":["*.css","files/*.@(woff|woff2)"]}],"excludeFromSearch":true},"description":"Self-host the Petrona font in a neatly bundled NPM package.","filename":"index.css","homepage":"https://fontsource.org/fonts/petrona","keywords":["fontsource","font","font family","google fonts","petrona","Petrona","css","sass","front-end","web","typeface","variable"],"license":"OFL-1.1","name":"fontsource-petrona","repository":{"type":"git","url":"git+https://github.com/fontsource/font-files.git"},"author":"Google Inc."}
KV keys:
- fontsource-petrona/5.2.7/100-italic.css.br
- fontsource-petrona/5.2.7/100-italic.css.gz
- fontsource-petrona/5.2.7/100-italic.min.css.br
- fontsource-petrona/5.2.7/100-italic.min.css.gz
- fontsource-petrona/5.2.7/100.css.br
- fontsource-petrona/5.2.7/100.css.gz
- fontsource-petrona/5.2.7/100.min.css.br
- fontsource-petrona/5.2.7/100.min.css.gz
- fontsource-petrona/5.2.7/200-italic.css.br
- fontsource-petrona/5.2.7/200-italic.css.gz
- fontsource-petrona/5.2.7/200-italic.min.css.br
- fontsource-petrona/5.2.7/200-italic.min.css.gz
- fontsource-petrona/5.2.7/200.css.br
- fontsource-petrona/5.2.7/200.css.gz
- fontsource-petrona/5.2.7/200.min.css.br
- fontsource-petrona/5.2.7/200.min.css.gz
- fontsource-petrona/5.2.7/300-italic.css.br
- fontsource-petrona/5.2.7/300-italic.css.gz
- fontsource-petrona/5.2.7/300-italic.min.css.br
- fontsource-petrona/5.2.7/300-italic.min.css.gz
- fontsource-petrona/5.2.7/300.css.br
- fontsource-petrona/5.2.7/300.css.gz
- fontsource-petrona/5.2.7/300.min.css.br
- fontsource-petrona/5.2.7/300.min.css.gz
- fontsource-petrona/5.2.7/400-italic.css.br
- fontsource-petrona/5.2.7/400-italic.css.gz
- fontsource-petrona/5.2.7/400-italic.min.css.br
- fontsource-petrona/5.2.7/400-italic.min.css.gz
- fontsource-petrona/5.2.7/400.css.br
- fontsource-petrona/5.2.7/400.css.gz
- fontsource-petrona/5.2.7/400.min.css.br
- fontsource-petrona/5.2.7/400.min.css.gz
- fontsource-petrona/5.2.7/500-italic.css.br
- fontsource-petrona/5.2.7/500-italic.css.gz
- fontsource-petrona/5.2.7/500-italic.min.css.br
- fontsource-petrona/5.2.7/500-italic.min.css.gz
- fontsource-petrona/5.2.7/500.css.br
- fontsource-petrona/5.2.7/500.css.gz
- fontsource-petrona/5.2.7/500.min.css.br
- fontsource-petrona/5.2.7/500.min.css.gz
- fontsource-petrona/5.2.7/600-italic.css.br
- fontsource-petrona/5.2.7/600-italic.css.gz
- fontsource-petrona/5.2.7/600-italic.min.css.br
- fontsource-petrona/5.2.7/600-italic.min.css.gz
- fontsource-petrona/5.2.7/600.css.br
- fontsource-petrona/5.2.7/600.css.gz
- fontsource-petrona/5.2.7/600.min.css.br
- fontsource-petrona/5.2.7/600.min.css.gz
- fontsource-petrona/5.2.7/700-italic.css.br
- fontsource-petrona/5.2.7/700-italic.css.gz
- fontsource-petrona/5.2.7/700-italic.min.css.br
- fontsource-petrona/5.2.7/700-italic.min.css.gz
- fontsource-petrona/5.2.7/700.css.br
- fontsource-petrona/5.2.7/700.css.gz
- fontsource-petrona/5.2.7/700.min.css.br
- fontsource-petrona/5.2.7/700.min.css.gz
- fontsource-petrona/5.2.7/800-italic.css.br
- fontsource-petrona/5.2.7/800-italic.css.gz
- fontsource-petrona/5.2.7/800-italic.min.css.br
- fontsource-petrona/5.2.7/800-italic.min.css.gz
- fontsource-petrona/5.2.7/800.css.br
- fontsource-petrona/5.2.7/800.css.gz
- fontsource-petrona/5.2.7/800.min.css.br
- fontsource-petrona/5.2.7/800.min.css.gz
- fontsource-petrona/5.2.7/900-italic.css.br
- fontsource-petrona/5.2.7/900-italic.css.gz
- fontsource-petrona/5.2.7/900-italic.min.css.br
- fontsource-petrona/5.2.7/900-italic.min.css.gz
- fontsource-petrona/5.2.7/900.css.br
- fontsource-petrona/5.2.7/900.css.gz
- fontsource-petrona/5.2.7/900.min.css.br
- fontsource-petrona/5.2.7/900.min.css.gz
- fontsource-petrona/5.2.7/files/petrona-latin-100-italic.woff.br
- fontsource-petrona/5.2.7/files/petrona-latin-100-italic.woff.gz
- fontsource-petrona/5.2.7/files/petrona-latin-100-italic.woff2
- fontsource-petrona/5.2.7/files/petrona-latin-100-normal.woff.br
- fontsource-petrona/5.2.7/files/petrona-latin-100-normal.woff.gz
- fontsource-petrona/5.2.7/files/petrona-latin-100-normal.woff2
- fontsource-petrona/5.2.7/files/petrona-latin-200-italic.woff.br
- fontsource-petrona/5.2.7/files/petrona-latin-200-italic.woff.gz
- fontsource-petrona/5.2.7/files/petrona-latin-200-italic.woff2
- fontsource-petrona/5.2.7/files/petrona-latin-200-normal.woff.br
- fontsource-petrona/5.2.7/files/petrona-latin-200-normal.woff.gz
- fontsource-petrona/5.2.7/files/petrona-latin-200-normal.woff2
- fontsource-petrona/5.2.7/files/petrona-latin-300-italic.woff.br
- fontsource-petrona/5.2.7/files/petrona-latin-300-italic.woff.gz
- fontsource-petrona/5.2.7/files/petrona-latin-300-italic.woff2
- fontsource-petrona/5.2.7/files/petrona-latin-300-normal.woff.br
- fontsource-petrona/5.2.7/files/petrona-latin-300-normal.woff.gz
- fontsource-petrona/5.2.7/files/petrona-latin-300-normal.woff2
- fontsource-petrona/5.2.7/files/petrona-latin-400-italic.woff.br
- fontsource-petrona/5.2.7/files/petrona-latin-400-italic.woff.gz
- fontsource-petrona/5.2.7/files/petrona-latin-400-italic.woff2
- fontsource-petrona/5.2.7/files/petrona-latin-400-normal.woff.br
- fontsource-petrona/5.2.7/files/petrona-latin-400-normal.woff.gz
- fontsource-petrona/5.2.7/files/petrona-latin-400-normal.woff2
- fontsource-petrona/5.2.7/files/petrona-latin-500-italic.woff.br
- fontsource-petrona/5.2.7/files/petrona-latin-500-italic.woff.gz
- fontsource-petrona/5.2.7/files/petrona-latin-500-italic.woff2
- fontsource-petrona/5.2.7/files/petrona-latin-500-normal.woff.br
- fontsource-petrona/5.2.7/files/petrona-latin-500-normal.woff.gz
- fontsource-petrona/5.2.7/files/petrona-latin-500-normal.woff2
- fontsource-petrona/5.2.7/files/petrona-latin-600-italic.woff.br
- fontsource-petrona/5.2.7/files/petrona-latin-600-italic.woff.gz
- fontsource-petrona/5.2.7/files/petrona-latin-600-italic.woff2
- fontsource-petrona/5.2.7/files/petrona-latin-600-normal.woff.br
- fontsource-petrona/5.2.7/files/petrona-latin-600-normal.woff.gz
- fontsource-petrona/5.2.7/files/petrona-latin-600-normal.woff2
- fontsource-petrona/5.2.7/files/petrona-latin-700-italic.woff.br
- fontsource-petrona/5.2.7/files/petrona-latin-700-italic.woff.gz
- fontsource-petrona/5.2.7/files/petrona-latin-700-italic.woff2
- fontsource-petrona/5.2.7/files/petrona-latin-700-normal.woff.br
- fontsource-petrona/5.2.7/files/petrona-latin-700-normal.woff.gz
- fontsource-petrona/5.2.7/files/petrona-latin-700-normal.woff2
- fontsource-petrona/5.2.7/files/petrona-latin-800-italic.woff.br
- fontsource-petrona/5.2.7/files/petrona-latin-800-italic.woff.gz
- fontsource-petrona/5.2.7/files/petrona-latin-800-italic.woff2
- fontsource-petrona/5.2.7/files/petrona-latin-800-normal.woff.br
- fontsource-petrona/5.2.7/files/petrona-latin-800-normal.woff.gz
- fontsource-petrona/5.2.7/files/petrona-latin-800-normal.woff2
- fontsource-petrona/5.2.7/files/petrona-latin-900-italic.woff.br
- fontsource-petrona/5.2.7/files/petrona-latin-900-italic.woff.gz
- fontsource-petrona/5.2.7/files/petrona-latin-900-italic.woff2
- fontsource-petrona/5.2.7/files/petrona-latin-900-normal.woff.br
- fontsource-petrona/5.2.7/files/petrona-latin-900-normal.woff.gz
- fontsource-petrona/5.2.7/files/petrona-latin-900-normal.woff2
- fontsource-petrona/5.2.7/files/petrona-latin-ext-100-italic.woff.br
- fontsource-petrona/5.2.7/files/petrona-latin-ext-100-italic.woff.gz
- fontsource-petrona/5.2.7/files/petrona-latin-ext-100-italic.woff2
- fontsource-petrona/5.2.7/files/petrona-latin-ext-100-normal.woff.br
- fontsource-petrona/5.2.7/files/petrona-latin-ext-100-normal.woff.gz
- fontsource-petrona/5.2.7/files/petrona-latin-ext-100-normal.woff2
- fontsource-petrona/5.2.7/files/petrona-latin-ext-200-italic.woff.br
- fontsource-petrona/5.2.7/files/petrona-latin-ext-200-italic.woff.gz
- fontsource-petrona/5.2.7/files/petrona-latin-ext-200-italic.woff2
- fontsource-petrona/5.2.7/files/petrona-latin-ext-200-normal.woff.br
- fontsource-petrona/5.2.7/files/petrona-latin-ext-200-normal.woff.gz
- fontsource-petrona/5.2.7/files/petrona-latin-ext-200-normal.woff2
- fontsource-petrona/5.2.7/files/petrona-latin-ext-300-italic.woff.br
- fontsource-petrona/5.2.7/files/petrona-latin-ext-300-italic.woff.gz
- fontsource-petrona/5.2.7/files/petrona-latin-ext-300-italic.woff2
- fontsource-petrona/5.2.7/files/petrona-latin-ext-300-normal.woff.br
- fontsource-petrona/5.2.7/files/petrona-latin-ext-300-normal.woff.gz
- fontsource-petrona/5.2.7/files/petrona-latin-ext-300-normal.woff2
- fontsource-petrona/5.2.7/files/petrona-latin-ext-400-italic.woff.br
- fontsource-petrona/5.2.7/files/petrona-latin-ext-400-italic.woff.gz
- fontsource-petrona/5.2.7/files/petrona-latin-ext-400-italic.woff2
- fontsource-petrona/5.2.7/files/petrona-latin-ext-400-normal.woff.br
- fontsource-petrona/5.2.7/files/petrona-latin-ext-400-normal.woff.gz
- fontsource-petrona/5.2.7/files/petrona-latin-ext-400-normal.woff2
- fontsource-petrona/5.2.7/files/petrona-latin-ext-500-italic.woff.br
- fontsource-petrona/5.2.7/files/petrona-latin-ext-500-italic.woff.gz
- fontsource-petrona/5.2.7/files/petrona-latin-ext-500-italic.woff2
- fontsource-petrona/5.2.7/files/petrona-latin-ext-500-normal.woff.br
- fontsource-petrona/5.2.7/files/petrona-latin-ext-500-normal.woff.gz
- fontsource-petrona/5.2.7/files/petrona-latin-ext-500-normal.woff2
- fontsource-petrona/5.2.7/files/petrona-latin-ext-600-italic.woff.br
- fontsource-petrona/5.2.7/files/petrona-latin-ext-600-italic.woff.gz
- fontsource-petrona/5.2.7/files/petrona-latin-ext-600-italic.woff2
- fontsource-petrona/5.2.7/files/petrona-latin-ext-600-normal.woff.br
- fontsource-petrona/5.2.7/files/petrona-latin-ext-600-normal.woff.gz
- fontsource-petrona/5.2.7/files/petrona-latin-ext-600-normal.woff2
- fontsource-petrona/5.2.7/files/petrona-latin-ext-700-italic.woff.br
- fontsource-petrona/5.2.7/files/petrona-latin-ext-700-italic.woff.gz
- fontsource-petrona/5.2.7/files/petrona-latin-ext-700-italic.woff2
- fontsource-petrona/5.2.7/files/petrona-latin-ext-700-normal.woff.br
- fontsource-petrona/5.2.7/files/petrona-latin-ext-700-normal.woff.gz
- fontsource-petrona/5.2.7/files/petrona-latin-ext-700-normal.woff2
- fontsource-petrona/5.2.7/files/petrona-latin-ext-800-italic.woff.br
- fontsource-petrona/5.2.7/files/petrona-latin-ext-800-italic.woff.gz
- fontsource-petrona/5.2.7/files/petrona-latin-ext-800-italic.woff2
- fontsource-petrona/5.2.7/files/petrona-latin-ext-800-normal.woff.br
- fontsource-petrona/5.2.7/files/petrona-latin-ext-800-normal.woff.gz
- fontsource-petrona/5.2.7/files/petrona-latin-ext-800-normal.woff2
- fontsource-petrona/5.2.7/files/petrona-latin-ext-900-italic.woff.br
- fontsource-petrona/5.2.7/files/petrona-latin-ext-900-italic.woff.gz
- fontsource-petrona/5.2.7/files/petrona-latin-ext-900-italic.woff2
- fontsource-petrona/5.2.7/files/petrona-latin-ext-900-normal.woff.br
- fontsource-petrona/5.2.7/files/petrona-latin-ext-900-normal.woff.gz
- fontsource-petrona/5.2.7/files/petrona-latin-ext-900-normal.woff2
- fontsource-petrona/5.2.7/files/petrona-vietnamese-100-italic.woff.br
- fontsource-petrona/5.2.7/files/petrona-vietnamese-100-italic.woff.gz
- fontsource-petrona/5.2.7/files/petrona-vietnamese-100-italic.woff2
- fontsource-petrona/5.2.7/files/petrona-vietnamese-100-normal.woff.br
- fontsource-petrona/5.2.7/files/petrona-vietnamese-100-normal.woff.gz
- fontsource-petrona/5.2.7/files/petrona-vietnamese-100-normal.woff2
- fontsource-petrona/5.2.7/files/petrona-vietnamese-200-italic.woff.br
- fontsource-petrona/5.2.7/files/petrona-vietnamese-200-italic.woff.gz
- fontsource-petrona/5.2.7/files/petrona-vietnamese-200-italic.woff2
- fontsource-petrona/5.2.7/files/petrona-vietnamese-200-normal.woff.br
- fontsource-petrona/5.2.7/files/petrona-vietnamese-200-normal.woff.gz
- fontsource-petrona/5.2.7/files/petrona-vietnamese-200-normal.woff2
- fontsource-petrona/5.2.7/files/petrona-vietnamese-300-italic.woff.br
- fontsource-petrona/5.2.7/files/petrona-vietnamese-300-italic.woff.gz
- fontsource-petrona/5.2.7/files/petrona-vietnamese-300-italic.woff2
- fontsource-petrona/5.2.7/files/petrona-vietnamese-300-normal.woff.br
- fontsource-petrona/5.2.7/files/petrona-vietnamese-300-normal.woff.gz
- fontsource-petrona/5.2.7/files/petrona-vietnamese-300-normal.woff2
- fontsource-petrona/5.2.7/files/petrona-vietnamese-400-italic.woff.br
- fontsource-petrona/5.2.7/files/petrona-vietnamese-400-italic.woff.gz
- fontsource-petrona/5.2.7/files/petrona-vietnamese-400-italic.woff2
- fontsource-petrona/5.2.7/files/petrona-vietnamese-400-normal.woff.br
- fontsource-petrona/5.2.7/files/petrona-vietnamese-400-normal.woff.gz
- fontsource-petrona/5.2.7/files/petrona-vietnamese-400-normal.woff2
- fontsource-petrona/5.2.7/files/petrona-vietnamese-500-italic.woff.br
- fontsource-petrona/5.2.7/files/petrona-vietnamese-500-italic.woff.gz
- fontsource-petrona/5.2.7/files/petrona-vietnamese-500-italic.woff2
- fontsource-petrona/5.2.7/files/petrona-vietnamese-500-normal.woff.br
- fontsource-petrona/5.2.7/files/petrona-vietnamese-500-normal.woff.gz
- fontsource-petrona/5.2.7/files/petrona-vietnamese-500-normal.woff2
- fontsource-petrona/5.2.7/files/petrona-vietnamese-600-italic.woff.br
- fontsource-petrona/5.2.7/files/petrona-vietnamese-600-italic.woff.gz
- fontsource-petrona/5.2.7/files/petrona-vietnamese-600-italic.woff2
- fontsource-petrona/5.2.7/files/petrona-vietnamese-600-normal.woff.br
- fontsource-petrona/5.2.7/files/petrona-vietnamese-600-normal.woff.gz
- fontsource-petrona/5.2.7/files/petrona-vietnamese-600-normal.woff2
- fontsource-petrona/5.2.7/files/petrona-vietnamese-700-italic.woff.br
- fontsource-petrona/5.2.7/files/petrona-vietnamese-700-italic.woff.gz
- fontsource-petrona/5.2.7/files/petrona-vietnamese-700-italic.woff2
- fontsource-petrona/5.2.7/files/petrona-vietnamese-700-normal.woff.br
- fontsource-petrona/5.2.7/files/petrona-vietnamese-700-normal.woff.gz
- fontsource-petrona/5.2.7/files/petrona-vietnamese-700-normal.woff2
- fontsource-petrona/5.2.7/files/petrona-vietnamese-800-italic.woff.br
- fontsource-petrona/5.2.7/files/petrona-vietnamese-800-italic.woff.gz
- fontsource-petrona/5.2.7/files/petrona-vietnamese-800-italic.woff2
- fontsource-petrona/5.2.7/files/petrona-vietnamese-800-normal.woff.br
- fontsource-petrona/5.2.7/files/petrona-vietnamese-800-normal.woff.gz
- fontsource-petrona/5.2.7/files/petrona-vietnamese-800-normal.woff2
- fontsource-petrona/5.2.7/files/petrona-vietnamese-900-italic.woff.br
- fontsource-petrona/5.2.7/files/petrona-vietnamese-900-italic.woff.gz
- fontsource-petrona/5.2.7/files/petrona-vietnamese-900-italic.woff2
- fontsource-petrona/5.2.7/files/petrona-vietnamese-900-normal.woff.br
- fontsource-petrona/5.2.7/files/petrona-vietnamese-900-normal.woff.gz
- fontsource-petrona/5.2.7/files/petrona-vietnamese-900-normal.woff2
- fontsource-petrona/5.2.7/index.css.br
- fontsource-petrona/5.2.7/index.css.gz
- fontsource-petrona/5.2.7/index.min.css.br
- fontsource-petrona/5.2.7/index.min.css.gz
- fontsource-petrona/5.2.7/latin-100-italic.css.br
- fontsource-petrona/5.2.7/latin-100-italic.css.gz
- fontsource-petrona/5.2.7/latin-100-italic.min.css.br
- fontsource-petrona/5.2.7/latin-100-italic.min.css.gz
- fontsource-petrona/5.2.7/latin-100.css.br
- fontsource-petrona/5.2.7/latin-100.css.gz
- fontsource-petrona/5.2.7/latin-100.min.css.br
- fontsource-petrona/5.2.7/latin-100.min.css.gz
- fontsource-petrona/5.2.7/latin-200-italic.css.br
- fontsource-petrona/5.2.7/latin-200-italic.css.gz
- fontsource-petrona/5.2.7/latin-200-italic.min.css.br
- fontsource-petrona/5.2.7/latin-200-italic.min.css.gz
- fontsource-petrona/5.2.7/latin-200.css.br
- fontsource-petrona/5.2.7/latin-200.css.gz
- fontsource-petrona/5.2.7/latin-200.min.css.br
- fontsource-petrona/5.2.7/latin-200.min.css.gz
- fontsource-petrona/5.2.7/latin-300-italic.css.br
- fontsource-petrona/5.2.7/latin-300-italic.css.gz
- fontsource-petrona/5.2.7/latin-300-italic.min.css.br
- fontsource-petrona/5.2.7/latin-300-italic.min.css.gz
- fontsource-petrona/5.2.7/latin-300.css.br
- fontsource-petrona/5.2.7/latin-300.css.gz
- fontsource-petrona/5.2.7/latin-300.min.css.br
- fontsource-petrona/5.2.7/latin-300.min.css.gz
- fontsource-petrona/5.2.7/latin-400-italic.css.br
- fontsource-petrona/5.2.7/latin-400-italic.css.gz
- fontsource-petrona/5.2.7/latin-400-italic.min.css.br
- fontsource-petrona/5.2.7/latin-400-italic.min.css.gz
- fontsource-petrona/5.2.7/latin-400.css.br
- fontsource-petrona/5.2.7/latin-400.css.gz
- fontsource-petrona/5.2.7/latin-400.min.css.br
- fontsource-petrona/5.2.7/latin-400.min.css.gz
- fontsource-petrona/5.2.7/latin-500-italic.css.br
- fontsource-petrona/5.2.7/latin-500-italic.css.gz
- fontsource-petrona/5.2.7/latin-500-italic.min.css.br
- fontsource-petrona/5.2.7/latin-500-italic.min.css.gz
- fontsource-petrona/5.2.7/latin-500.css.br
- fontsource-petrona/5.2.7/latin-500.css.gz
- fontsource-petrona/5.2.7/latin-500.min.css.br
- fontsource-petrona/5.2.7/latin-500.min.css.gz
- fontsource-petrona/5.2.7/latin-600-italic.css.br
- fontsource-petrona/5.2.7/latin-600-italic.css.gz
- fontsource-petrona/5.2.7/latin-600-italic.min.css.br
- fontsource-petrona/5.2.7/latin-600-italic.min.css.gz
- fontsource-petrona/5.2.7/latin-600.css.br
- fontsource-petrona/5.2.7/latin-600.css.gz
- fontsource-petrona/5.2.7/latin-600.min.css.br
- fontsource-petrona/5.2.7/latin-600.min.css.gz
- fontsource-petrona/5.2.7/latin-700-italic.css.br
- fontsource-petrona/5.2.7/latin-700-italic.css.gz
- fontsource-petrona/5.2.7/latin-700-italic.min.css.br
- fontsource-petrona/5.2.7/latin-700-italic.min.css.gz
- fontsource-petrona/5.2.7/latin-700.css.br
- fontsource-petrona/5.2.7/latin-700.css.gz
- fontsource-petrona/5.2.7/latin-700.min.css.br
- fontsource-petrona/5.2.7/latin-700.min.css.gz
- fontsource-petrona/5.2.7/latin-800-italic.css.br
- fontsource-petrona/5.2.7/latin-800-italic.css.gz
- fontsource-petrona/5.2.7/latin-800-italic.min.css.br
- fontsource-petrona/5.2.7/latin-800-italic.min.css.gz
- fontsource-petrona/5.2.7/latin-800.css.br
- fontsource-petrona/5.2.7/latin-800.css.gz
- fontsource-petrona/5.2.7/latin-800.min.css.br
- fontsource-petrona/5.2.7/latin-800.min.css.gz
- fontsource-petrona/5.2.7/latin-900-italic.css.br
- fontsource-petrona/5.2.7/latin-900-italic.css.gz
- fontsource-petrona/5.2.7/latin-900-italic.min.css.br
- fontsource-petrona/5.2.7/latin-900-italic.min.css.gz
- fontsource-petrona/5.2.7/latin-900.css.br
- fontsource-petrona/5.2.7/latin-900.css.gz
- fontsource-petrona/5.2.7/latin-900.min.css.br
- fontsource-petrona/5.2.7/latin-900.min.css.gz
- fontsource-petrona/5.2.7/latin-ext-100-italic.css.br
- fontsource-petrona/5.2.7/latin-ext-100-italic.css.gz
- fontsource-petrona/5.2.7/latin-ext-100-italic.min.css.br
- fontsource-petrona/5.2.7/latin-ext-100-italic.min.css.gz
- fontsource-petrona/5.2.7/latin-ext-100.css.br
- fontsource-petrona/5.2.7/latin-ext-100.css.gz
- fontsource-petrona/5.2.7/latin-ext-100.min.css.br
- fontsource-petrona/5.2.7/latin-ext-100.min.css.gz
- fontsource-petrona/5.2.7/latin-ext-200-italic.css.br
- fontsource-petrona/5.2.7/latin-ext-200-italic.css.gz
- fontsource-petrona/5.2.7/latin-ext-200-italic.min.css.br
- fontsource-petrona/5.2.7/latin-ext-200-italic.min.css.gz
- fontsource-petrona/5.2.7/latin-ext-200.css.br
- fontsource-petrona/5.2.7/latin-ext-200.css.gz
- fontsource-petrona/5.2.7/latin-ext-200.min.css.br
- fontsource-petrona/5.2.7/latin-ext-200.min.css.gz
- fontsource-petrona/5.2.7/latin-ext-300-italic.css.br
- fontsource-petrona/5.2.7/latin-ext-300-italic.css.gz
- fontsource-petrona/5.2.7/latin-ext-300-italic.min.css.br
- fontsource-petrona/5.2.7/latin-ext-300-italic.min.css.gz
- fontsource-petrona/5.2.7/latin-ext-300.css.br
- fontsource-petrona/5.2.7/latin-ext-300.css.gz
- fontsource-petrona/5.2.7/latin-ext-300.min.css.br
- fontsource-petrona/5.2.7/latin-ext-300.min.css.gz
- fontsource-petrona/5.2.7/latin-ext-400-italic.css.br
- fontsource-petrona/5.2.7/latin-ext-400-italic.css.gz
- fontsource-petrona/5.2.7/latin-ext-400-italic.min.css.br
- fontsource-petrona/5.2.7/latin-ext-400-italic.min.css.gz
- fontsource-petrona/5.2.7/latin-ext-400.css.br
- fontsource-petrona/5.2.7/latin-ext-400.css.gz
- fontsource-petrona/5.2.7/latin-ext-400.min.css.br
- fontsource-petrona/5.2.7/latin-ext-400.min.css.gz
- fontsource-petrona/5.2.7/latin-ext-500-italic.css.br
- fontsource-petrona/5.2.7/latin-ext-500-italic.css.gz
- fontsource-petrona/5.2.7/latin-ext-500-italic.min.css.br
- fontsource-petrona/5.2.7/latin-ext-500-italic.min.css.gz
- fontsource-petrona/5.2.7/latin-ext-500.css.br
- fontsource-petrona/5.2.7/latin-ext-500.css.gz
- fontsource-petrona/5.2.7/latin-ext-500.min.css.br
- fontsource-petrona/5.2.7/latin-ext-500.min.css.gz
- fontsource-petrona/5.2.7/latin-ext-600-italic.css.br
- fontsource-petrona/5.2.7/latin-ext-600-italic.css.gz
- fontsource-petrona/5.2.7/latin-ext-600-italic.min.css.br
- fontsource-petrona/5.2.7/latin-ext-600-italic.min.css.gz
- fontsource-petrona/5.2.7/latin-ext-600.css.br
- fontsource-petrona/5.2.7/latin-ext-600.css.gz
- fontsource-petrona/5.2.7/latin-ext-600.min.css.br
- fontsource-petrona/5.2.7/latin-ext-600.min.css.gz
- fontsource-petrona/5.2.7/latin-ext-700-italic.css.br
- fontsource-petrona/5.2.7/latin-ext-700-italic.css.gz
- fontsource-petrona/5.2.7/latin-ext-700-italic.min.css.br
- fontsource-petrona/5.2.7/latin-ext-700-italic.min.css.gz
- fontsource-petrona/5.2.7/latin-ext-700.css.br
- fontsource-petrona/5.2.7/latin-ext-700.css.gz
- fontsource-petrona/5.2.7/latin-ext-700.min.css.br
- fontsource-petrona/5.2.7/latin-ext-700.min.css.gz
- fontsource-petrona/5.2.7/latin-ext-800-italic.css.br
- fontsource-petrona/5.2.7/latin-ext-800-italic.css.gz
- fontsource-petrona/5.2.7/latin-ext-800-italic.min.css.br
- fontsource-petrona/5.2.7/latin-ext-800-italic.min.css.gz
- fontsource-petrona/5.2.7/latin-ext-800.css.br
- fontsource-petrona/5.2.7/latin-ext-800.css.gz
- fontsource-petrona/5.2.7/latin-ext-800.min.css.br
- fontsource-petrona/5.2.7/latin-ext-800.min.css.gz
- fontsource-petrona/5.2.7/latin-ext-900-italic.css.br
- fontsource-petrona/5.2.7/latin-ext-900-italic.css.gz
- fontsource-petrona/5.2.7/latin-ext-900-italic.min.css.br
- fontsource-petrona/5.2.7/latin-ext-900-italic.min.css.gz
- fontsource-petrona/5.2.7/latin-ext-900.css.br
- fontsource-petrona/5.2.7/latin-ext-900.css.gz
- fontsource-petrona/5.2.7/latin-ext-900.min.css.br
- fontsource-petrona/5.2.7/latin-ext-900.min.css.gz
- fontsource-petrona/5.2.7/latin-ext-italic.css.br
- fontsource-petrona/5.2.7/latin-ext-italic.css.gz
- fontsource-petrona/5.2.7/latin-ext-italic.min.css.br
- fontsource-petrona/5.2.7/latin-ext-italic.min.css.gz
- fontsource-petrona/5.2.7/latin-ext.css.br
- fontsource-petrona/5.2.7/latin-ext.css.gz
- fontsource-petrona/5.2.7/latin-ext.min.css.br
- fontsource-petrona/5.2.7/latin-ext.min.css.gz
- fontsource-petrona/5.2.7/latin-italic.css.br
- fontsource-petrona/5.2.7/latin-italic.css.gz
- fontsource-petrona/5.2.7/latin-italic.min.css.br
- fontsource-petrona/5.2.7/latin-italic.min.css.gz
- fontsource-petrona/5.2.7/latin.css.br
- fontsource-petrona/5.2.7/latin.css.gz
- fontsource-petrona/5.2.7/latin.min.css.br
- fontsource-petrona/5.2.7/latin.min.css.gz
- fontsource-petrona/5.2.7/vietnamese-100-italic.css.br
- fontsource-petrona/5.2.7/vietnamese-100-italic.css.gz
- fontsource-petrona/5.2.7/vietnamese-100-italic.min.css.br
- fontsource-petrona/5.2.7/vietnamese-100-italic.min.css.gz
- fontsource-petrona/5.2.7/vietnamese-100.css.br
- fontsource-petrona/5.2.7/vietnamese-100.css.gz
- fontsource-petrona/5.2.7/vietnamese-100.min.css.br
- fontsource-petrona/5.2.7/vietnamese-100.min.css.gz
- fontsource-petrona/5.2.7/vietnamese-200-italic.css.br
- fontsource-petrona/5.2.7/vietnamese-200-italic.css.gz
- fontsource-petrona/5.2.7/vietnamese-200-italic.min.css.br
- fontsource-petrona/5.2.7/vietnamese-200-italic.min.css.gz
- fontsource-petrona/5.2.7/vietnamese-200.css.br
- fontsource-petrona/5.2.7/vietnamese-200.css.gz
- fontsource-petrona/5.2.7/vietnamese-200.min.css.br
- fontsource-petrona/5.2.7/vietnamese-200.min.css.gz
- fontsource-petrona/5.2.7/vietnamese-300-italic.css.br
- fontsource-petrona/5.2.7/vietnamese-300-italic.css.gz
- fontsource-petrona/5.2.7/vietnamese-300-italic.min.css.br
- fontsource-petrona/5.2.7/vietnamese-300-italic.min.css.gz
- fontsource-petrona/5.2.7/vietnamese-300.css.br
- fontsource-petrona/5.2.7/vietnamese-300.css.gz
- fontsource-petrona/5.2.7/vietnamese-300.min.css.br
- fontsource-petrona/5.2.7/vietnamese-300.min.css.gz
- fontsource-petrona/5.2.7/vietnamese-400-italic.css.br
- fontsource-petrona/5.2.7/vietnamese-400-italic.css.gz
- fontsource-petrona/5.2.7/vietnamese-400-italic.min.css.br
- fontsource-petrona/5.2.7/vietnamese-400-italic.min.css.gz
- fontsource-petrona/5.2.7/vietnamese-400.css.br
- fontsource-petrona/5.2.7/vietnamese-400.css.gz
- fontsource-petrona/5.2.7/vietnamese-400.min.css.br
- fontsource-petrona/5.2.7/vietnamese-400.min.css.gz
- fontsource-petrona/5.2.7/vietnamese-500-italic.css.br
- fontsource-petrona/5.2.7/vietnamese-500-italic.css.gz
- fontsource-petrona/5.2.7/vietnamese-500-italic.min.css.br
- fontsource-petrona/5.2.7/vietnamese-500-italic.min.css.gz
- fontsource-petrona/5.2.7/vietnamese-500.css.br
- fontsource-petrona/5.2.7/vietnamese-500.css.gz
- fontsource-petrona/5.2.7/vietnamese-500.min.css.br
- fontsource-petrona/5.2.7/vietnamese-500.min.css.gz
- fontsource-petrona/5.2.7/vietnamese-600-italic.css.br
- fontsource-petrona/5.2.7/vietnamese-600-italic.css.gz
- fontsource-petrona/5.2.7/vietnamese-600-italic.min.css.br
- fontsource-petrona/5.2.7/vietnamese-600-italic.min.css.gz
- fontsource-petrona/5.2.7/vietnamese-600.css.br
- fontsource-petrona/5.2.7/vietnamese-600.css.gz
- fontsource-petrona/5.2.7/vietnamese-600.min.css.br
- fontsource-petrona/5.2.7/vietnamese-600.min.css.gz
- fontsource-petrona/5.2.7/vietnamese-700-italic.css.br
- fontsource-petrona/5.2.7/vietnamese-700-italic.css.gz
- fontsource-petrona/5.2.7/vietnamese-700-italic.min.css.br
- fontsource-petrona/5.2.7/vietnamese-700-italic.min.css.gz
- fontsource-petrona/5.2.7/vietnamese-700.css.br
- fontsource-petrona/5.2.7/vietnamese-700.css.gz
- fontsource-petrona/5.2.7/vietnamese-700.min.css.br
- fontsource-petrona/5.2.7/vietnamese-700.min.css.gz
- fontsource-petrona/5.2.7/vietnamese-800-italic.css.br
- fontsource-petrona/5.2.7/vietnamese-800-italic.css.gz
- fontsource-petrona/5.2.7/vietnamese-800-italic.min.css.br
- fontsource-petrona/5.2.7/vietnamese-800-italic.min.css.gz
- fontsource-petrona/5.2.7/vietnamese-800.css.br
- fontsource-petrona/5.2.7/vietnamese-800.css.gz
- fontsource-petrona/5.2.7/vietnamese-800.min.css.br
- fontsource-petrona/5.2.7/vietnamese-800.min.css.gz
- fontsource-petrona/5.2.7/vietnamese-900-italic.css.br
- fontsource-petrona/5.2.7/vietnamese-900-italic.css.gz
- fontsource-petrona/5.2.7/vietnamese-900-italic.min.css.br
- fontsource-petrona/5.2.7/vietnamese-900-italic.min.css.gz
- fontsource-petrona/5.2.7/vietnamese-900.css.br
- fontsource-petrona/5.2.7/vietnamese-900.css.gz
- fontsource-petrona/5.2.7/vietnamese-900.min.css.br
- fontsource-petrona/5.2.7/vietnamese-900.min.css.gz
- fontsource-petrona/5.2.7/vietnamese-italic.css.br
- fontsource-petrona/5.2.7/vietnamese-italic.css.gz
- fontsource-petrona/5.2.7/vietnamese-italic.min.css.br
- fontsource-petrona/5.2.7/vietnamese-italic.min.css.gz
- fontsource-petrona/5.2.7/vietnamese.css.br
- fontsource-petrona/5.2.7/vietnamese.css.gz
- fontsource-petrona/5.2.7/vietnamese.min.css.br
- fontsource-petrona/5.2.7/vietnamese.min.css.gz
SRIs:
- fontsource-petrona/5.2.7/latin-ext-200-italic.min.css: sha512-9EJxGPVXIqHFcD8S5gytiRjOqOxmNYcPfUFbqHHZDPtGqoTWMXW5uTLpdn1VXqyvhrmUKnlgodp4piBYSfeXhg==
- fontsource-petrona/5.2.7/latin-ext-700.css: sha512-MVTUG/Ch/9r/jUvJyEZoH14CQvbAg2cY27WWfl6/Ez+SEmOqALsuPXIT9M/V3mgnBqaZuyBOVEklES0jt+9pdA==
- fontsource-petrona/5.2.7/700-italic.css: sha512-yZtamAEqofp2nChJqeCIIu8EjdpCpBcuUEWYmoMTtvrvzkuFxexMMA6a4/VoApzvM9x5CXrUTzXmcUe6OhjPjw==
- fontsource-petrona/5.2.7/latin-600.min.css: sha512-HsTLXGOcO60E5+Gy2pXmHkbfHXgIEjxEQD5jGJcz2Y0h+LPGLQ99aTg3ldyMr7hSOFxq/qaGAj+cfzZj5KwU/Q==
- fontsource-petrona/5.2.7/latin-800.css: sha512-HgNzg8KLqkdHCNBtbNlMuwkp+Bfa9ea+vYkcvHu9NVr+pcCTK8BBqneiYQe1dgwiEB+4muWzluumas2EW9RsEA==
- fontsource-petrona/5.2.7/vietnamese-900-italic.min.css: sha512-4ikQKPBHM1ot7L3aCxfAiUAr/2JP2DpHhR+FTrDRjhAE0hxrEWEYdFQG2P8YvhIC82XMAJTx1+SIlwITu2te/Q==
- fontsource-petrona/5.2.7/400-italic.css: sha512-AplzkujI9wlIz5eAhQI+FvBJ1vkJCNJrw2okBFAsX6V1fRkDcnGmT7f3S2yX2MeB9LYh8e4RAEZwBJ3cXJSYMA==
- fontsource-petrona/5.2.7/latin-400-italic.css: sha512-T8IR8LKznv48UZ/VKYC/k0j7dnzAmcOezv4v9VWIvs0Ss+WaNQ+waMuwaj40HRvzpYAMNW1Q+8buv4b12rTcgA==
- fontsource-petrona/5.2.7/vietnamese-700-italic.min.css: sha512-bvyQOMHP5QPInC5tB/wyYcW1ftiF6mz2EyClaFQ5XVRp3LISCBe3eMhOgiRVUvWx9lzxV/1NrkHOwyvxsgCI5w==
- fontsource-petrona/5.2.7/latin-ext-800-italic.css: sha512-LDZjTBP12IMs60wGadXC+u3X7z/j86MxbFUBBlDVKdL1jwHCcwp4iE/1HXi++KjCIZwSGuTL/RUQ4Ncl3yEXvw==
- fontsource-petrona/5.2.7/latin-ext-800.min.css: sha512-gM89YM+E0eGCW5heKfkKyjFGSIH5XAizvI67/GrpVvYJH54xoRa/fOheAHTjyUmkA8tPt04nfHP/97CVfhLq8w==
- fontsource-petrona/5.2.7/300-italic.min.css: sha512-YHNqR4Ls57JSnx9twcSHe+HYpt+EYBTDjHi9FWihn4xa39B6yXgwQzcZg8ze3aEYgkcH/X4NNqBrrvWOSwsEOQ==
- fontsource-petrona/5.2.7/latin-300.css: sha512-3OhsV1o89aRfP8cmzyIHI0K2CyxCsfT7tLps0EWG0bayVdd5izODT2ofm6wQ8tPcy9XJU4nrcrID5t8B1oybNw==
- fontsource-petrona/5.2.7/latin-ext-600.min.css: sha512-XcQQxA9LN/YQIN2ennMqiQnGcjehHn+IA2p5JVBfGaxIiW2mRQuNmzIOWYJ8Tj1Y84qxfiKlP31zrTHTtn/MSA==
- fontsource-petrona/5.2.7/latin-ext-500.css: sha512-i/ETOlxAv+GoDR0UhjA5XTduFAXItpaOEMEdEq4/ZB6dCVTwLO3PKczcUxUhERD9m31+K8bFSa3wIfCZMPU5TQ==
- fontsource-petrona/5.2.7/latin-ext-900-italic.min.css: sha512-IwbgTGU1lQ53pmxxyOzgWTeiCz9o0IV4XTungPo7S82ucT1HBLeymGwf6BkvAmg5WUjYxvqUPAF0+nJgu2r4mA==
- fontsource-petrona/5.2.7/latin-ext-900.min.css: sha512-xNJppZkA6q72opKYGO/qhJJ4QqLcCRFMJZsoaqj55zdEyiUCuSdjSgL4qKGbAoXOrUE6O5M5ePpN03Ls8e5Kew==
- fontsource-petrona/5.2.7/vietnamese-600-italic.min.css: sha512-omDJ5RMEif6FSMRVAKSwMLWHksTL8crXfXf8SFymw1zoQATvl2QvSO1ZZZpxuWNC7FvplUjufsmtRNR6nFXJTQ==
- fontsource-petrona/5.2.7/vietnamese-900-italic.css: sha512-TiL6BGvRd8BJOT4KEn604NzOB1MVdbDHUYuXXRUOyAJSkvonFxOuyfjWRrTIexHJgcHuPw4Xy3UULSzDixtBkQ==
- fontsource-petrona/5.2.7/300-italic.css: sha512-2ZABiy1hPDzQwJ1s6Jyf8MpIAMR1GUBV8r+oBFeRukd0psJf0To2k1ZHw8U0YYUYnnLPgqkNUJoqQOPTB/+86w==
- fontsource-petrona/5.2.7/400-italic.min.css: sha512-Qm0KnB8mfcWIwWllwWg19fbEfuSzeiFu9tD3Xs7nRd2Mm8MMDbTk2jqQlG2DENran2y4L15q0FhzDmF+l82fng==
- fontsource-petrona/5.2.7/latin-100-italic.css: sha512-OryCy5jtOQFe/9phpXMmjCtTV5X+tslPwZxfmAUwlgF/8UdVmYF5zExoGIgWdULuUXDjT7FUx4MHP0qWelQVyA==
- fontsource-petrona/5.2.7/vietnamese-italic.css: sha512-peTQZMo9vOcYXaPbMtHYj/neBfDx+exFi2AXQkyuIu/pf6HlQ1H0+xsU7HjlGpxfClpoVRB4x9r8Uuc8YHxlVA==
- fontsource-petrona/5.2.7/latin.min.css: sha512-PNcAQVIj6kbvhWgfm9HGxXSsep0zthle6DTPW9yAiPt/GKQ0H+pFSWsThs55vsj/N/ZmtGj50Xm4ivCURMGKQA==
- fontsource-petrona/5.2.7/vietnamese-400-italic.min.css: sha512-sRfYPPvYkYhUTvyiD4QJZj23X8M4FFj3x3x9b1riO+6SN7bxdfXXKAsKaYc3jIuH+mquTtPoC8JsASuDmZLJRw==
- fontsource-petrona/5.2.7/vietnamese-400.min.css: sha512-xfswNzpCvw1mbJKDL5nUK5WCP/WgthT4pp7YdYY9qUnn/Q7OuRNw1oqHI6iRQjE6KUEUdi3IaMJhdQBvVr5Dbg==
- fontsource-petrona/5.2.7/vietnamese-900.css: sha512-2duOspyFx1aEAVPNqNXUYvDx1iiRWiNNiDAR/z25vFFw3F1CCRh+KSMcEjhbTL185W/gCcytJCZ7S/JN6O5/DA==
- fontsource-petrona/5.2.7/latin-ext-300-italic.css: sha512-C9l2JSJ9g7K4Lk4BAycmBKyj0cRXmag90/uFAiwfvhajhMc3sH+lCGr66OWTdXOqaTR6ws6hYiz7i/pqxRHh6w==
- fontsource-petrona/5.2.7/latin-ext-400.min.css: sha512-KpkUqiaEc8B1+VYQic/hPzxROZhpXQpp5WyT/vUydU++Un/QrMvaChcuZI4CopiQfCNhlnXqW+Zpe0zUT9fn8A==
- fontsource-petrona/5.2.7/latin-ext-700-italic.min.css: sha512-uhEDNb+i1WJKrRRfW1DW99eoWNHt/Vzk7iO7MCbhiq+5J2PjTbHHBR1IeQ2UVvszDyIDp2jl988I/vJGmlFJRA==
- fontsource-petrona/5.2.7/latin-ext-300-italic.min.css: sha512-S2HLPlTloKIu34LQTNRNpj/8KkPr5j7+rvmWEwZxZe4saRdhfFKvOE/s7ib2j4iaPn8sPl8sgl2o8aq/C+i4Uw==
- fontsource-petrona/5.2.7/vietnamese-200.css: sha512-i3tRsNPutFYOP1Am3OO579RIXPO2epakOJ2kPfC6FqhqAIyK9VrdHS2j31yNhVDdH5HvlMmQbVqJ2NB8LsP8vg==
- fontsource-petrona/5.2.7/vietnamese-300.min.css: sha512-m6M3h/BaI0O9n7G6RE8EuxhoGHdKzBo9D0Fmt3EaDwGBfK7HBwSjGAlJ6HQkBwNLCcI69Q/KkTaXqkEEljzCOA==
- fontsource-petrona/5.2.7/500-italic.min.css: sha512-YueipFDAQHnSWIZ/9p6WvwB/TsKdjSgGFUsgRxvJ22aP+AqQVkqJHVN1z0BAgBcDgDQnXz6Vhf6X4QFiDEpXqw==
- fontsource-petrona/5.2.7/vietnamese-100-italic.min.css: sha512-kvC2SL2vq5vk8tpnBEExdFJTYA2NafLHovpdAeCNZB6D+3DBdEbZrHzM275OuZXSlad76660Ujfq4+glYfoU2Q==
- fontsource-petrona/5.2.7/latin-ext-900-italic.css: sha512-zbduEq2s5Fxt3iDGKZA3vesP6TQdycDBHwWl2lQ7KGXfit4xFTDtJtO2Vwkh7m/LTD2NBjjexlhWYSSFr4Vzfg==
- fontsource-petrona/5.2.7/vietnamese-100.css: sha512-G5xf+KyoQHW7juEpSy+5caCRAxz8/iY/FmK0oOmUTppACv9QIR452AzzW61zk6atlQRcbyigqCygJI0E8Dhm2Q==
- fontsource-petrona/5.2.7/vietnamese-200-italic.css: sha512-XAiZXFVNXHv6Rk9dWL+rLQ/Ys1kay1XInZ/8WVxRFOQiWKsjs7kj22AYfvxfvl34IsVrwGJPl3ZtFIHit+/piQ==
- fontsource-petrona/5.2.7/vietnamese-700.css: sha512-qv72HFH6ztfId6IJBE/WVqVNfBvAodOIsCgcExB5S1Q79hbD9Mq1q30yzSYruxtN5MYwlAqSTZe1WFiVhm4A6w==
- fontsource-petrona/5.2.7/latin-100.css: sha512-W/Eb1JWGZGvKOvW57x6YizPESnQl39igtNKLWiuVrqhg/3ScTsfd+q09wtAYi7Sbvpdkw+v3ckkR2EvJqDvQ+Q==
- fontsource-petrona/5.2.7/latin-700.min.css: sha512-nWudW6jiGrusTsFCoD1PPsYqwYZ5DgQwasV+EBkcbDgpg2YnQoI1mJxJeS+FlDPZfb3nb7cQUjTNeIlCChMGiw==
- fontsource-petrona/5.2.7/latin-ext-400.css: sha512-8pdBbdyxlNb9Cd4RBx/0N+Cmxs524LW74Lt8tHvNWmqLPf3kJkHktAcWmw/BocGyJfUypBiroJBLTNGkYVnX7g==
- fontsource-petrona/5.2.7/latin-500-italic.css: sha512-J/GBFp/BSIejTcrQmKc1vuNVJl9yyr5fWHD6ZbvLILl3Mh1G9vDfEdGMiD3Co8w7kSiU9j7bnFl8vgM+YPvA0w==
- fontsource-petrona/5.2.7/latin-ext-600-italic.min.css: sha512-d4yoVCCu86FwdjuXVtmIkyxxFBgQnsFHEr+XGGYCI/ztzXZUuVTu8BJpM/OTq7Es2zjRhogh7CmE2pDfMYkN/g==
- fontsource-petrona/5.2.7/latin-ext-800.css: sha512-aeffs1MvipYLjpRurUB5xWHry8DHAvMl/Ut0KJNxSnpvVJOlJRTnJsru7wuZD+hrzE95AVoC2u3Vvh6BiMjINQ==
- fontsource-petrona/5.2.7/latin-ext-italic.css: sha512-rIrBtlc+7IPUlhfal/obwTK+m/gJWRQUIQwEc4P2bdDUFYFdUJ6f7jg8KQdjfcqF/Ng3KoiVSxqErPhKo7HRdw==
- fontsource-petrona/5.2.7/vietnamese-600-italic.css: sha512-1RX+HjZCehHpQ4TIUYfKmNUlI7kHON6cXDDFJ0W6atNq6j5RMSArCoqrzz93y/Dd/jpunkIqwKe8jMeqf/IQmg==
- fontsource-petrona/5.2.7/200.css: sha512-QpQVS6+B12J3umqibZl0RwZlQErXVVUOaDiBimhppLPPGlWFdFx20F8i/EeDpSVLqSGSGdVwGSCalDI6fLo2nw==
- fontsource-petrona/5.2.7/800-italic.css: sha512-9ckwP/ROKhBlIcs3od2UxZqD8Y1AeRLsovEk2lMdmJb54HTlHNsB4Ff1X5z8DyXMe4w+W+vSvxxuV2khFfvueQ==
- fontsource-petrona/5.2.7/index.min.css: sha512-ayZ1BTWPNokuXxK0jt4pb/niPRfRtzRUzzNaw8T4wG+aO9SdBXsisRX1KI1C2KA9w9B4PH3e2oFOT7Kcuz1YBA==
- fontsource-petrona/5.2.7/vietnamese-italic.min.css: sha512-4IYcQjZ5TQ7+TTB2ji+5Pj62n5r/dJjHKuNc0vF6WLXADiuJM5nT8RVgQFagvexQ+KA85fHmKbDavrOYgRUAkQ==
- fontsource-petrona/5.2.7/latin-ext-100-italic.min.css: sha512-CSRJs1pmqpWenj+MhFx2AJGbfnQLgV7Bt3iPZZ5rj2ZKBBUyldNWx3uIPRQTSRsF0O4NMwuKlST9xfmRpspGYw==
- fontsource-petrona/5.2.7/latin-ext-100.css: sha512-rbvcO/7iiZX1X8qc5kEfSsuOdfD9QuV0/+q8JB0BVzG85jjwed2pBgO6HVeI7pKnErV9tX6mCNO4cSQqIUYhjw==
- fontsource-petrona/5.2.7/latin-ext-400-italic.css: sha512-uq9jslLp8pOfJY7pGl5elSaNqC6ufZ6GcMQDxhyJcWt++ZwQ1Uj5aHbWVuymK1zoIDQlkj1P9eLyInI/Ofhngw==
- fontsource-petrona/5.2.7/latin-ext-700.min.css: sha512-aXHNzIITyJFyfljS51Lq5Uun5f9woz6YYali3H8M90Ywl0zZeHAtXjb4uyGIB5rRCoYEAv15qbgO4wHC8Wm+YA==
- fontsource-petrona/5.2.7/latin-ext-800-italic.min.css: sha512-DRnRzebTXXoQPmbm04HBKhQmgLJ3KoW6Fk9D8bplD8MDs9Aq/5mEy4owe99LQE2J3qa5z5pD0qjy54vKt7CLVQ==
- fontsource-petrona/5.2.7/400.min.css: sha512-ayZ1BTWPNokuXxK0jt4pb/niPRfRtzRUzzNaw8T4wG+aO9SdBXsisRX1KI1C2KA9w9B4PH3e2oFOT7Kcuz1YBA==
- fontsource-petrona/5.2.7/600-italic.min.css: sha512-wRq38m6eDieiuZJ+ofk8jB4VtNNa1x7iLIlp+0Jx21Oi/Qhr7ACRCgTEdiUGDZjZSY2ZR2gu8/dDKldxoeT7eQ==
- fontsource-petrona/5.2.7/latin-300.min.css: sha512-oPd4eFRUbXBvfU0n+WgdJNQIhGOm2HMS8jsV61ZnM98O01nU9NaexssH1Q6QBh40+lsudEiwD7tVgOwe9SNs+Q==
- fontsource-petrona/5.2.7/vietnamese-100-italic.css: sha512-L9CiOcPzUveWdxbD4dHjEqiTa+mnAivkZdyZJAAsQZh6qMzs1Ombu/ltFHzXyjOEIVA5eFa+a5HCAbjmVIYwIQ==
- fontsource-petrona/5.2.7/vietnamese-700.min.css: sha512-iL/Bq73ZiRtIZFYNY9Gl3P43Xi0kQTK8fmZK9EciDXP4uA9XCN5Wism+6ktj8iL7L6HiwAT01gWhjmkqO1nsWw==
- fontsource-petrona/5.2.7/index.css: sha512-n3KOjBVK/1FQXX0dasxNM5c/nlmSy/e8tGWWzbgSTZJo0EfUlYkwD95ut7XWl0PkDURHy2XFvrNxKcWF0Gw4Uw==
- fontsource-petrona/5.2.7/latin-ext-900.css: sha512-+aHSbD06aqxqCoLNfzcOAXPJI9h3638CR9SilVQwulbbDRORjPPBt6cImV3SJJlORiAyXMuHmKiKvnUKVDITnw==
- fontsource-petrona/5.2.7/vietnamese-500-italic.css: sha512-nbrD6RLQmotMPZkalrDm3ngOIvBpoEdDvRGPT1qVwYCcy6OIw18Y/EUJ549MmdaMzAgb03bYSP62FK/LhgIULw==
- fontsource-petrona/5.2.7/vietnamese-300-italic.css: sha512-NiL5UV8zUYmj9eMjjHDUEQb8uViBEbRj2r9FoHL9ofmy8oQ66NBle1MOR3FbWTCX4RCmPk2i3aC3pf8NIVPWGQ==
- fontsource-petrona/5.2.7/vietnamese-800.css: sha512-51/GblEQr3O7Uryi24pGg1XtOM70TNn/e/vd9LK7T2X8nOLxFb4JpKA6ECbtufJrkOSTn6HO+OzWSEvOXnmTZg==
- fontsource-petrona/5.2.7/100-italic.min.css: sha512-rfuw8an/T/ja/7z3Vqa3guGB239L3nHoPtMuVmpmWND/5JQ70qsefQ4PDYjIffCjCanlhCuTgrPL0dtqOtpxBQ==
- fontsource-petrona/5.2.7/900-italic.css: sha512-37xK++qeqwBPQ2E5HOhh1+WK/TXQABRUNYFn4EmESWZzaaZ5NQYKWWf5U16eg1YMscMwTNsIX4iqPQ8ZnFkDVg==
- fontsource-petrona/5.2.7/latin-700.css: sha512-6vNyE7GFRX1v4bvY/9aCapF2COxHwhEcdjLTC+u7vsUAN7Z0UXLGcI7V9P7eMIAYZoNB0XWlQEo5pGK/XiZagg==
- fontsource-petrona/5.2.7/latin-900.min.css: sha512-zXhDW7EUAdygGxc2gcG3920FsXA91qkKO4A+DEd1kxHO3Ggm3j88rY/usEt2LxB2Lwf2BkFzpZt2aNxIHmhOqQ==
- fontsource-petrona/5.2.7/latin-ext-100-italic.css: sha512-/LyPeCHPyh89s1232hfPupzchFLTKofK1UXhHWXDVH5tP313EuxCiC6dfcr98iAFXPfdSGAJmQhdoIsWXdrn7g==
- fontsource-petrona/5.2.7/vietnamese-100.min.css: sha512-9XFi6vOh+rjm+j7y9+6EOWrZg8Z3b3QCMHJuBNwKMKCNlnfQvjOCNFvYWMMZ5rfwGYXdWdrr4MEXO6aNawB3xA==
- fontsource-petrona/5.2.7/100.min.css: sha512-fASB6l254+/Ql37z8BkTGdkVTLpwGdVJyjKL7zH6K98IU/q1+ov4i/IggcWKO4ek3wFBEEuS4C58S7K528ObMA==
- fontsource-petrona/5.2.7/900.min.css: sha512-STZIn+0+cnjh5x1Vqw0qlEToC0tbQFZ1ZKNGbwJdpUhQcAnFhGBlr1qoLTLCu8/Ym6ZB9NstsbGRrVXGnZD/LA==
- fontsource-petrona/5.2.7/latin-900-italic.css: sha512-d96ZWJW06i76dFSjW2mx8GReI/eXdCeomWNVKCKYsSLEKNvZFjHqGEQ9DuuWVVAsTR2jyB/xPi3C4SkJuryDWg==
- fontsource-petrona/5.2.7/vietnamese-600.css: sha512-6iIAXOGHEaAp75cPJPe0+Q1J9T3MMTPGWiYqtFkfOgiZbt4Wb+ihCmP6p3k852wMgx5EU1+4sg5bvPBEBJHOEA==
- fontsource-petrona/5.2.7/vietnamese-600.min.css: sha512-4QGMUpX/ulD8n7/3WxwubiETyHyPrVBeilyodfrr41COZbZUAhfOQnqg7gEDabPEpbBuUUAK8vU7e0VBf2oNvQ==
- fontsource-petrona/5.2.7/latin-200-italic.min.css: sha512-G8iaL56Wfx9FpZNIKiRDKOFaHWfWIvrl+EWmSrRkMamjPuJeC9AmI/uLZEC/3Se5JT80oyEeaBlgLgZSGOw4/g==
- fontsource-petrona/5.2.7/latin-200.css: sha512-dDaaw1IxyoUZTdefGlot0KfEE6RxHO5FOHndOjWDOH2w46/5UQolu1y4VkoYef8UeYqsdaT5EfedVQ7CVcK4JQ==
- fontsource-petrona/5.2.7/latin-ext-600.css: sha512-jIxgUDpf8IIP2RLN2SC0RhcsDHVt6sCx27mAPXYvWIOGPDZa6X0Kx/yNJsShwwv2C7Y/E012a8W4ADCftDvnxQ==
- fontsource-petrona/5.2.7/latin-100-italic.min.css: sha512-QukbxkAJEOQu0ccdKhyi1aVeoDQS03Ii9zi3vKZC8dpoM0TpKUsMGmJ3I9H/2IWJc02ih/dFlDUtD3zfDV3JJw==
- fontsource-petrona/5.2.7/vietnamese-200-italic.min.css: sha512-oHBfJelTW8GXi5WlPTZvY44AnIP6ZavD3uASxOMa5RGMD7X0zJ6zswy4WTwckIrQHfq+EGqBrtYMr3YhBUxexA==
- fontsource-petrona/5.2.7/latin.css: sha512-C8Fqq2CMuDiBAlEQL1Jj2JIb5wRSzmsPr9f9K42aCHcUENcjPpZN/L7UQUgj4xUsTJqi0knqiYVob7EHKj1Sjg==
- fontsource-petrona/5.2.7/100.css: sha512-vsEBPdgysEMaLV57V23GjfbNfGgqziM23KN/duBzLe0Fe/l88LeVDg7aoeiWxj+dp6ljIJg6ZkfX0ZJsBurgYw==
- fontsource-petrona/5.2.7/latin-ext-200-italic.css: sha512-IoYeaCPg7vOtwTJB6hlpMO+8ByOueYXunTr7SU3Q/mLhQ3Tsb0bYutCu66tbY1/5VVGCURImmHDpd5aw23uxkg==
- fontsource-petrona/5.2.7/latin-ext-200.css: sha512-wv2o3H5teEi5zW55VcdpwwS8mtnNf3FLnsj84vvus2d8Qx3R6uqyizcxJcXiw7pkVgq0ibhhI3lhXlnf5fbAFQ==
- fontsource-petrona/5.2.7/latin-800-italic.css: sha512-cLaRXXmO5OJOfK5xmTQ8Nmm3EfOCoYJZbmO1Qkjr10qC52QyI55wTn4ITe5CW8mppwzOVns2HIxrH0nDqmRqHw==
- fontsource-petrona/5.2.7/latin-900.css: sha512-v1Ey/TKhCe9ciNJ23/NFcv3ENnxrFda2OXQmjrnHhYHAwmcbZXtN2xUY/KJTnvdXP+LdKK5JtTIaccAgRKUaow==
- fontsource-petrona/5.2.7/latin-ext-300.css: sha512-qYCMUoQR4UrkIVPvIErSa9cgOOH4Y4n9NWcAyRJpqrvy8NLp2TgQaKK73wAt+D8cFwrQRrBmYAsnYCJbSekpdQ==
- fontsource-petrona/5.2.7/600.min.css: sha512-mF1uHnbYEix1vksdtgUavM3I5Qh4h/TctM0VPNOdu4hdKmZUILfZjQT9ycn2TbRvBK2KKlCDuxaPigs9lLRpDg==
- fontsource-petrona/5.2.7/700.min.css: sha512-9lZFKw4MwUwezEnESHbASRB9XxvXUBGT31BFUW2ATMirQxJPbq373gj95Wpk5taBrwV+WFIP4mev6HZBfIapow==
- fontsource-petrona/5.2.7/latin-600.css: sha512-cuvDhL3ZevhlGh16i3NP4RtLf3ymkiXpsVLaIrEpDO5fpe5RdJ5auylWWdvCVQY+71b44fVOicZyDDvvp05rdw==
- fontsource-petrona/5.2.7/200-italic.css: sha512-Y5mlFvVP029zror1Sn399nPNta3xRdwyzrTBFrpdtvW+w/7OXv92HfYZpNpoO9yvxAluGQnLPYtPt7P7ckpXTA==
- fontsource-petrona/5.2.7/latin-800.min.css: sha512-XlEWRYj8As6ckV/sIP+mGQenuXGk4d+RzGqGQf4U/gJReogJkOvDWRPLLuV3X6I6nyhOohWMyKwHNZugos5Dlw==
- fontsource-petrona/5.2.7/latin-900-italic.min.css: sha512-ok6F0FaC0JhM6QiBZN0E6K1KW9X2O2ID9UWPnNQTVniwbOrWo2bZsjWMsfydsHQhZS4S9UMDXppIcKYuqChMsg==
- fontsource-petrona/5.2.7/vietnamese-400.css: sha512-yzGHyvfZ6H07EppW0C2zfSVCdLq6CikWnahCUSEuZ/FKu9uMTEKRwTiKItgUfkCowaEmD7WMrbpuEFW5dG8H7w==
- fontsource-petrona/5.2.7/800.min.css: sha512-DnHOeuPS/s9+jO2fzwVwwubkeYAP7Wy7aOdtxGTjbXXAsGONzi6SKMnfHsMBbZWMNS/1WQlXeZ/TrFIvEaIqyw==
- fontsource-petrona/5.2.7/latin-500.css: sha512-PdqyIu6wruva9cTQWfZnBeNIm0ngrVeCjybEStjdtIDllvVfwyRi8QFQMzPWzYNZPMGuQWUqwEB7VR2ir2nGQA==
- fontsource-petrona/5.2.7/latin-ext-500-italic.css: sha512-1nytOs3/MDhVA0cIBxZF6HC98HjUblzkA6vok2a4vIrq7dgPfkZFPhfSLVCIt4Povx1iePtniJX91vAYXNsHrg==
- fontsource-petrona/5.2.7/900.css: sha512-obNEVXOtqnUoDdYInnWW8Hm0E9hbJKFpnsxjOOlp4iLlXuVH9SNoAwvzjWqyimKUjJzVT4guKxzgTPafQVYOSA==
- fontsource-petrona/5.2.7/latin-500.min.css: sha512-tNCj/xwX1REpo4V134Ed8T1zaGSpy9EEHtwQNDPH2mWePBYq9aOFkp6eZOnwjc7zs+0opytxOK/TnYzrHt9Ztw==
- fontsource-petrona/5.2.7/500-italic.css: sha512-F0YZjHVNcW++u/W3lOgwiphgXkijxne5VN/YsoT6lhLHVPNbFBrFuRCRNfW7WKKTiv7zrZpHL/Pyb0PdSvQrFA==
- fontsource-petrona/5.2.7/latin-200.min.css: sha512-jjkvGYlFCBUFvchuihkqtxADYgAnYX01OGUYkzwhrBj/Y/H+m6EWpICvzmX46fMfrc3Svi8+tDJVa/EXw+1Ifw==
- fontsource-petrona/5.2.7/vietnamese-800.min.css: sha512-RyBYsXhVlSG3SA8dPCd26H3OOB0MSiafwZDjd6teRgXDya4Hn74oMBel2mcC/UXXV59Lz7AkvFRoYzNX9XLvVA==
- fontsource-petrona/5.2.7/vietnamese-400-italic.css: sha512-MWin2bSnY7+dR8nBKnFggbsiWvULXu8uWsr/ujfe4+6HrrkSyF/+xBbK3/TtRai9224nWIsJ6kROLjqhA3NI8w==
- fontsource-petrona/5.2.7/200-italic.min.css: sha512-QnIgwg0tNn1yueLPz/Edx+STaBts2Wogys/7gdxAh3WSE+r1F1r998mEcRlrkAo+bkCzAwcr/Cj1X1jNQt2KiQ==
- fontsource-petrona/5.2.7/latin-100.min.css: sha512-8qCodrkVxQPQeDkeOJ3W9TI3qze8opMaVZ/yJvr7Ggw8n7YwFK6pAgK3mK7C9L9Z5pZzpwCMpE9zMt7CpKCBEg==
- fontsource-petrona/5.2.7/vietnamese-200.min.css: sha512-4TBxEwGXRUK33r97CqIxy/PoAKteYRNtCe+vJN3m1jAhCt3FKEh2+V9ZHwGGUfr+BXS5HuHS/iAiP7PVul7g8Q==
- fontsource-petrona/5.2.7/latin-italic.min.css: sha512-op3TQ2otI9hOo08RVmFTtrp/2oE2JBnW0qCwMAwtmNMEegJgtyO3ht3Jx2qGoHWUGO3Tf9ZPW6VSibjtZDbdjA==
- fontsource-petrona/5.2.7/vietnamese-700-italic.css: sha512-DfROMIOzVA9qBCf1a0VioHtd92kME8pmJpMBUABuG9mcGGXsIla7/cmJMEQ+NLAt0B8nU8dMNGM6mH1tCPNUWQ==
- fontsource-petrona/5.2.7/latin-400-italic.min.css: sha512-NENOLa3SEFdPofCh+GvYKhq78tmMOWKzlOodZMxFZjTyr8ZrlnM1cZ2JIF4SsBOL5lXdReUAEmGrnxSGSykq1A==
- fontsource-petrona/5.2.7/latin-700-italic.min.css: sha512-UF3zQIX2WY3bQ/uhrkzHWYZstorPXYCysxWozU1yXBCK4nupnvXyp5MSRMUjLO6NR46UmEylEfvZG3By7YSxDA==
- fontsource-petrona/5.2.7/latin-800-italic.min.css: sha512-l64+OnSZIIwq71asB614kanAxTwf/lGTW1tMp1a/olFQETRF7moI92XDWtgU8UYyf9CI1ypwQLtl2jpHzunpZA==
- fontsource-petrona/5.2.7/latin-ext-italic.min.css: sha512-zT7gZGYeEmO8eMU1DlekO/fkc6mKeU7vT2GJTmejDM20tG9vMLp68YNw7DZi5OtEBBQdeIhg6DX6QHKwzglFRQ==
- fontsource-petrona/5.2.7/500.min.css: sha512-HCGMyKc6TZiW7CbR/t11mjBg1TiOG7W5N4HTGqDhDgegPMpqcBKf4QW/Ivl3DC66S7Msa3TP2G1OzsKu5e7/vg==
- fontsource-petrona/5.2.7/700-italic.min.css: sha512-LM2IYIY8RRZ1eTzky5fA17xulIwjIVoQ/dzMqDWvwXMxVraB4XzPoGvsviGitnQ1Y4OpXJ7kdZQXyctdzJOP3Q==
- fontsource-petrona/5.2.7/latin-700-italic.css: sha512-RoOHQa7fgK/Jzxbj3l/DDfWav9qAoBSWl+Dmvz8QTAzrlB0JDoO4CHe9ZGTk+Xy/bRu0nrL80fsso3gyEXiwVw==
- fontsource-petrona/5.2.7/vietnamese.min.css: sha512-sgqAC/0RBf9vs/VOJI01Tl21DbZwQKzNqq/JymfsDWn8ihh3HXpIAORAtIcGvJw0H1SKPDdMcJzf2QIlqMAtyA==
- fontsource-petrona/5.2.7/300.min.css: sha512-fuWAc8Y9dRJXy/YofnUXYRm5Jz+gav36GjXkIQ4rp4hQYAcJmx4+DN8ztRDaKuwx+h40tQ/AJNY58zn81B1LUw==
- fontsource-petrona/5.2.7/latin-300-italic.min.css: sha512-KS4WR93++QSeBPHTiRH6pg3Wg1AzmvM+2zEeFcQe8cQ+Xv19irO/duBAJlBvkfBG+1ypoL3XudO8JpxTdGTrGQ==
- fontsource-petrona/5.2.7/latin-ext.min.css: sha512-X6Nvu/sfshSIWbejof72mzb9j8+8Zuv38kZ0ivh4Yn8QBxHRDf4TtsmyOvwK48lX9tY45l8TvRIr3uoNdUlSpg==
- fontsource-petrona/5.2.7/800.css: sha512-KdNoVEagCqxwldiLbTCcfcJPEyT5Itm57zhHbkt8X5LH+yYoHIp1+Fq5qpG1RO2IjqUqpgAdRLflG35WiWQ0EA==
- fontsource-petrona/5.2.7/900-italic.min.css: sha512-MSSTRKIGiTRSbJDXciNTjCeVKldDP56Xp1BbbB53VfFKKuGJHwXbuoitfSnFDGle0xX+O0nis5otc/EVgsPEwA==
- fontsource-petrona/5.2.7/latin-400.css: sha512-JVgvnS2Mc9aZMCXA8/XZPp2GlnnUhnq26dpN95qyHICVywJ5/3D/pY15e0XRH6aWU4MI3wpp6q6xvOt8WIluig==
- fontsource-petrona/5.2.7/latin-ext-100.min.css: sha512-HPJLzGRL04slMnEl0hTQWNi3kvRU0S1ruBhYEYGHKj8N7+OB79M5ZQrKmio873tAjTJwIG37D0yyRyANc8Lm1g==
- fontsource-petrona/5.2.7/latin-ext-500-italic.min.css: sha512-7qUEvw/Oamzxu38jXBYoa3pPv87jdOp23+4Yo2WzwUdMKcnhxlJyzdf/rWePZkQEWNGiHTUehJz9NRmQeYUT5g==
- fontsource-petrona/5.2.7/200.min.css: sha512-KMrXPOvxwUKEgNdm07FaoPNvrkwOWxNeaGxSLiVL+dWcl/reAND2KX5uYeFC4pzcyq8x/J5B351RqnhbJeJcSg==
- fontsource-petrona/5.2.7/400.css: sha512-n3KOjBVK/1FQXX0dasxNM5c/nlmSy/e8tGWWzbgSTZJo0EfUlYkwD95ut7XWl0PkDURHy2XFvrNxKcWF0Gw4Uw==
- fontsource-petrona/5.2.7/500.css: sha512-HreDXkjR4b1SzIPuCDzXtuwXIp8lOwL39Np5ZgynjZOpS0ZUpGSk9yIasyFgELHrMJba2H+WNHaOTJaf4TJcpA==
- fontsource-petrona/5.2.7/vietnamese-800-italic.min.css: sha512-efx+c7fXobq8ihloZF/J9c8YWzKlfMVDoSHKymt86Auv3k0B5HMzu4WEnraxDXsoTxVVQXEA5sAPt9p5Lz+ruQ==
- fontsource-petrona/5.2.7/latin-300-italic.css: sha512-/+uq9wkPzL6L/3uL7AURS9Ovhe6eewUTjyicpT3bgr/wHB/JdRvWf5CthfVEc58msr90vbV2dn5kQhDBW0tHRQ==
- fontsource-petrona/5.2.7/latin-italic.css: sha512-G3Q9lqNorS6+L2D4xZryFUz4PNbAQz5ruIiW4bLJ+QcEf8JhK6x72cilv8zsQ7k1LEFc2ar2ncbQL8j6ds/X/g==
- fontsource-petrona/5.2.7/vietnamese-500.min.css: sha512-5Wjeh6uMUQZtPNpVbtQ1z0+ANy2onJttS9tsKM/gnlBo/Q++LIPMZWsbrqkNd7MjqfkpARY8MNqWetgX908w5A==
- fontsource-petrona/5.2.7/vietnamese-800-italic.css: sha512-HY4U9fHozZdRHdYMKNROHl1EVJ+PZNU9tmI4N+670jnGZpSt0l6omZahyhshFDhWAik1cvWyMJSJSNWJgRieKw==
- fontsource-petrona/5.2.7/vietnamese.css: sha512-MHGW4/JXQT5HOTNwZgAdzoB2YTVefsD4ubjzO26lk/bjK96nJ2IP2Brk/2kWAPddfi1QsmrsFKqZYAMgdIm4vg==
- fontsource-petrona/5.2.7/100-italic.css: sha512-vLUZ+ciUNkaZWHlUK6Ty5uMXtuRCcV+MpzDJ0TlNA5ob/NZ6Dp28vI+Pz24P7zS4Ktc7rAeyAT3CKAz9NJg0iA==
- fontsource-petrona/5.2.7/600-italic.css: sha512-l5KtMEub5vYQrDkseJibUi+x3xjiXWYlT879nB643iyxJTjNqeXWqMfHIp9ZNWPcj8So8vfmDEfqczOQiXB/RA==
- fontsource-petrona/5.2.7/600.css: sha512-Q3lEnopjoejiEYIpcVTzCbeWCeJeK8fwUF/5A8vk6xsCPOTap9IL6Hsvrw7Sea7DmnMmTLdJnILVx+MTPGscqQ==
- fontsource-petrona/5.2.7/latin-ext-600-italic.css: sha512-OuSgncl6nxyFpwavQSyv3fNvF1EOpz1H2giWWZe2dAIpXBYqAu6UnkpcylCrUSPT4iN6r/DnkFankCtEOmdmcQ==
- fontsource-petrona/5.2.7/vietnamese-300-italic.min.css: sha512-MaJ3IQo0NYCDJrIGFBauSD2F5s2ZV9gYT3WttzH8yEXpbpYRd5J2MYTSNpuYP6hXrinUv1rs94vVQtP8kvVA8Q==
- fontsource-petrona/5.2.7/vietnamese-300.css: sha512-v0fXvmljeq7oJiZRAHou1RkrSHkYYKvqLXkGgJf8hH00xwnSzQUtyoo034iYPem/N6BLcG9RHjJf0bwisOqLAw==
- fontsource-petrona/5.2.7/vietnamese-500-italic.min.css: sha512-q0ZvI69UOIKJ9bmQW1nUC9GY0xjKjghExWJfMKHWZJRSq5/MVly/Dc38+iW75EnRnpgdaRhVVIrn7AGMwhNMXw==
- fontsource-petrona/5.2.7/vietnamese-500.css: sha512-XTRmRLZkfjCknWYVKcTu0vgwMTRvSgkKcxr6nk9uB9ozCwD2UCluNIyzvGQN/hm/tn3g7XHqhJPfEZlltdEz6Q==
- fontsource-petrona/5.2.7/700.css: sha512-/yO7cNh1ImWvR7pVTa3VK8Awagt7/0T5MowVe9auyqAPtkorK9ny7CJYX4i2oxvX9VV0W7Rtx+Cp5xXow7WlvA==
- fontsource-petrona/5.2.7/latin-400.min.css: sha512-024hIyJ2hvcIus90xOvlldz5VjhwQm1eMGZUHO0PxUbWfQK0xflhkeBYh6t5muX41VT1Vay0eXZw26CZzLsyJQ==
- fontsource-petrona/5.2.7/latin-ext-300.min.css: sha512-/pRJ7o+UesOs4xBVzmIwcApqsWGR9CEFC6JgbqKBkYmjKvfJ5ba0Ff67v4LEZE5D57J41kK8ifFRC+NIwIVIvA==
- fontsource-petrona/5.2.7/latin-600-italic.min.css: sha512-T6v/LQPEDKf/ygm1Td8gilzVvLtkkr6w+1EGHC1gi4Ec+cIszbGuoXhGSyroT0lka45pADHKpiFvpL9c0t+Pag==
- fontsource-petrona/5.2.7/latin-ext-400-italic.min.css: sha512-uWp/1p2UkvWYx640Bwq8AWsAoeleg416S00dkegX+Nuybs1CYOra89o8QL4uIuT+tkaHKF10rZMoOwbdUhApXw==
- fontsource-petrona/5.2.7/800-italic.min.css: sha512-u5yeaD3TomRdqXuz7J4NAJo9PmfPd2jzhkY8FoteMEq25YbL84wPSBvA3cnvsupS/QXlAhyA/z6gcm3O+hUtNg==
- fontsource-petrona/5.2.7/latin-500-italic.min.css: sha512-AZZVt57zguvLx2WCnenlqAdp43NxgKXSIkweqTYiYUjz+aAf04y3wInm6zFrnAj61lg1yZFU49ehUCGMoB5xPA==
- fontsource-petrona/5.2.7/latin-600-italic.css: sha512-R7zzeyOg5z4tZINlJC+crKknFCJ+apFCj3eU/jz5KG15wcB2D5BRWuojrk021fAzWIrOBcrqgl7oV2DygNB++w==
- fontsource-petrona/5.2.7/latin-ext.css: sha512-jn5aqDIrKPbOcLc0fb39ZGxLU9LlaRRfZ2n8DoNesbGVlM95IMxDRcOgmIHnMgA+XTMvN4LKPgbfERYtIT9Ffg==
- fontsource-petrona/5.2.7/latin-ext-200.min.css: sha512-DnHcmHMyc+s1tg5XWnOLwae448xxes8gTwI9sQJuS1l4lLHv5H9ZqP02ZpAds+0BEMD02bTL/K5BO1npeSjeDQ==
- fontsource-petrona/5.2.7/latin-ext-500.min.css: sha512-KlvEHsOREw+oFO/h67viVbymB8TIU0UJmxGHCOWJ92rGg5Zt4FmsdZfa0dwbqctfvba1bKoqc634Zrpc68h3Pw==
- fontsource-petrona/5.2.7/latin-ext-700-italic.css: sha512-sr3E/MP2W0XpAZ4gVpczmPfYu+4E3QpgT7MebVoIjJ7sFDt1S3jjqCJJwYHfjb1uFSBvW6ExQbQbDPC6oVCiBQ==
- fontsource-petrona/5.2.7/300.css: sha512-X/hJPU3qU58rqNrD+9U8vI7Vpi9GisSJrmEbSxLUJuGOVKGk6LRPSiQcW5tTAxaXLYLEFqZ2hFDzqk2K4UoZWg==
- fontsource-petrona/5.2.7/latin-200-italic.css: sha512-vk+QVQFBAMUG/KNX66BkmJekNKWJQAcUS6xmmfE8iyxxjBFpKzScbz+SNSbBeVIKiSZSVNZSANRzr5GJugq9LA==
- fontsource-petrona/5.2.7/vietnamese-900.min.css: sha512-iV9aK1oI7ivRTZ50lqR+6uMYwz/xHjaDf7uPW2UpJUM7wldK7k2KCQgJVuSDEcWm4quJlQrLp4fe7W+ZuaZcCQ==
