published: 2026-10-08T17:58:26.915Z

- pickadate.js/3.6.1/compressed/legacy.js.br
- pickadate.js/3.6.1/compressed/legacy.js.gz
- pickadate.js/3.6.1/compressed/legacy.min.js.br
- pickadate.js/3.6.1/compressed/legacy.min.js.gz
- pickadate.js/3.6.1/compressed/picker.date.js.br
- pickadate.js/3.6.1/compressed/picker.date.js.gz
- pickadate.js/3.6.1/compressed/picker.date.min.js.br
- pickadate.js/3.6.1/compressed/picker.date.min.js.gz
- pickadate.js/3.6.1/compressed/picker.js.br
- pickadate.js/3.6.1/compressed/picker.js.gz
- pickadate.js/3.6.1/compressed/picker.min.js.br
- pickadate.js/3.6.1/compressed/picker.min.js.gz
- pickadate.js/3.6.1/compressed/picker.time.js.br
- pickadate.js/3.6.1/compressed/picker.time.js.gz
- pickadate.js/3.6.1/compressed/picker.time.min.js.br
- pickadate.js/3.6.1/compressed/picker.time.min.js.gz
- pickadate.js/3.6.1/compressed/themes/classic.css.br
- pickadate.js/3.6.1/compressed/themes/classic.css.gz
- pickadate.js/3.6.1/compressed/themes/classic.date.css.br
- pickadate.js/3.6.1/compressed/themes/classic.date.css.gz
- pickadate.js/3.6.1/compressed/themes/classic.date.min.css.br
- pickadate.js/3.6.1/compressed/themes/classic.date.min.css.gz
- pickadate.js/3.6.1/compressed/themes/classic.min.css.br
- pickadate.js/3.6.1/compressed/themes/classic.min.css.gz
- pickadate.js/3.6.1/compressed/themes/classic.time.css.br
- pickadate.js/3.6.1/compressed/themes/classic.time.css.gz
- pickadate.js/3.6.1/compressed/themes/classic.time.min.css.br
- pickadate.js/3.6.1/compressed/themes/classic.time.min.css.gz
- pickadate.js/3.6.1/compressed/themes/default.css.br
- pickadate.js/3.6.1/compressed/themes/default.css.gz
- pickadate.js/3.6.1/compressed/themes/default.date.css.br
- pickadate.js/3.6.1/compressed/themes/default.date.css.gz
- pickadate.js/3.6.1/compressed/themes/default.date.min.css.br
- pickadate.js/3.6.1/compressed/themes/default.date.min.css.gz
- pickadate.js/3.6.1/compressed/themes/default.min.css.br
- pickadate.js/3.6.1/compressed/themes/default.min.css.gz
- pickadate.js/3.6.1/compressed/themes/default.time.css.br
- pickadate.js/3.6.1/compressed/themes/default.time.css.gz
- pickadate.js/3.6.1/compressed/themes/default.time.min.css.br
- pickadate.js/3.6.1/compressed/themes/default.time.min.css.gz
- pickadate.js/3.6.1/compressed/themes/rtl.css.br
- pickadate.js/3.6.1/compressed/themes/rtl.css.gz
- pickadate.js/3.6.1/compressed/themes/rtl.min.css.br
- pickadate.js/3.6.1/compressed/themes/rtl.min.css.gz
- pickadate.js/3.6.1/compressed/translations/ar.js.br
- pickadate.js/3.6.1/compressed/translations/ar.js.gz
- pickadate.js/3.6.1/compressed/translations/ar.min.js.br
- pickadate.js/3.6.1/compressed/translations/ar.min.js.gz
- pickadate.js/3.6.1/compressed/translations/bg_BG.js.br
- pickadate.js/3.6.1/compressed/translations/bg_BG.js.gz
- pickadate.js/3.6.1/compressed/translations/bg_BG.min.js.br
- pickadate.js/3.6.1/compressed/translations/bg_BG.min.js.gz
- pickadate.js/3.6.1/compressed/translations/bs_BA.js.br
- pickadate.js/3.6.1/compressed/translations/bs_BA.js.gz
- pickadate.js/3.6.1/compressed/translations/bs_BA.min.js.br
- pickadate.js/3.6.1/compressed/translations/bs_BA.min.js.gz
- pickadate.js/3.6.1/compressed/translations/ca_ES.js.br
- pickadate.js/3.6.1/compressed/translations/ca_ES.js.gz
- pickadate.js/3.6.1/compressed/translations/ca_ES.min.js.br
- pickadate.js/3.6.1/compressed/translations/ca_ES.min.js.gz
- pickadate.js/3.6.1/compressed/translations/cs_CZ.js.br
- pickadate.js/3.6.1/compressed/translations/cs_CZ.js.gz
- pickadate.js/3.6.1/compressed/translations/cs_CZ.min.js.br
- pickadate.js/3.6.1/compressed/translations/cs_CZ.min.js.gz
- pickadate.js/3.6.1/compressed/translations/da_DK.js.br
- pickadate.js/3.6.1/compressed/translations/da_DK.js.gz
- pickadate.js/3.6.1/compressed/translations/da_DK.min.js.br
- pickadate.js/3.6.1/compressed/translations/da_DK.min.js.gz
- pickadate.js/3.6.1/compressed/translations/de_DE.js.br
- pickadate.js/3.6.1/compressed/translations/de_DE.js.gz
- pickadate.js/3.6.1/compressed/translations/de_DE.min.js.br
- pickadate.js/3.6.1/compressed/translations/de_DE.min.js.gz
- pickadate.js/3.6.1/compressed/translations/el_GR.js.br
- pickadate.js/3.6.1/compressed/translations/el_GR.js.gz
- pickadate.js/3.6.1/compressed/translations/el_GR.min.js.br
- pickadate.js/3.6.1/compressed/translations/el_GR.min.js.gz
- pickadate.js/3.6.1/compressed/translations/es_ES.js.br
- pickadate.js/3.6.1/compressed/translations/es_ES.js.gz
- pickadate.js/3.6.1/compressed/translations/es_ES.min.js.br
- pickadate.js/3.6.1/compressed/translations/es_ES.min.js.gz
- pickadate.js/3.6.1/compressed/translations/et_EE.js.br
- pickadate.js/3.6.1/compressed/translations/et_EE.js.gz
- pickadate.js/3.6.1/compressed/translations/et_EE.min.js.br
- pickadate.js/3.6.1/compressed/translations/et_EE.min.js.gz
- pickadate.js/3.6.1/compressed/translations/eu_ES.js.br
- pickadate.js/3.6.1/compressed/translations/eu_ES.js.gz
- pickadate.js/3.6.1/compressed/translations/eu_ES.min.js.br
- pickadate.js/3.6.1/compressed/translations/eu_ES.min.js.gz
- pickadate.js/3.6.1/compressed/translations/fa_IR.js.br
- pickadate.js/3.6.1/compressed/translations/fa_IR.js.gz
- pickadate.js/3.6.1/compressed/translations/fa_IR.min.js.br
- pickadate.js/3.6.1/compressed/translations/fa_IR.min.js.gz
- pickadate.js/3.6.1/compressed/translations/fi_FI.js.br
- pickadate.js/3.6.1/compressed/translations/fi_FI.js.gz
- pickadate.js/3.6.1/compressed/translations/fi_FI.min.js.br
- pickadate.js/3.6.1/compressed/translations/fi_FI.min.js.gz
- pickadate.js/3.6.1/compressed/translations/fr_FR.js.br
- pickadate.js/3.6.1/compressed/translations/fr_FR.js.gz
- pickadate.js/3.6.1/compressed/translations/fr_FR.min.js.br
- pickadate.js/3.6.1/compressed/translations/fr_FR.min.js.gz
- pickadate.js/3.6.1/compressed/translations/ge_GEO.js.br
- pickadate.js/3.6.1/compressed/translations/ge_GEO.js.gz
- pickadate.js/3.6.1/compressed/translations/ge_GEO.min.js.br
- pickadate.js/3.6.1/compressed/translations/ge_GEO.min.js.gz
- pickadate.js/3.6.1/compressed/translations/gl_ES.js.br
- pickadate.js/3.6.1/compressed/translations/gl_ES.js.gz
- pickadate.js/3.6.1/compressed/translations/gl_ES.min.js.br
- pickadate.js/3.6.1/compressed/translations/gl_ES.min.js.gz
- pickadate.js/3.6.1/compressed/translations/he_IL.js.br
- pickadate.js/3.6.1/compressed/translations/he_IL.js.gz
- pickadate.js/3.6.1/compressed/translations/he_IL.min.js.br
- pickadate.js/3.6.1/compressed/translations/he_IL.min.js.gz
- pickadate.js/3.6.1/compressed/translations/hi_IN.js.br
- pickadate.js/3.6.1/compressed/translations/hi_IN.js.gz
- pickadate.js/3.6.1/compressed/translations/hi_IN.min.js.br
- pickadate.js/3.6.1/compressed/translations/hi_IN.min.js.gz
- pickadate.js/3.6.1/compressed/translations/hr_HR.js.br
- pickadate.js/3.6.1/compressed/translations/hr_HR.js.gz
- pickadate.js/3.6.1/compressed/translations/hr_HR.min.js.br
- pickadate.js/3.6.1/compressed/translations/hr_HR.min.js.gz
- pickadate.js/3.6.1/compressed/translations/hu_HU.js.br
- pickadate.js/3.6.1/compressed/translations/hu_HU.js.gz
- pickadate.js/3.6.1/compressed/translations/hu_HU.min.js.br
- pickadate.js/3.6.1/compressed/translations/hu_HU.min.js.gz
- pickadate.js/3.6.1/compressed/translations/id_ID.js.br
- pickadate.js/3.6.1/compressed/translations/id_ID.js.gz
- pickadate.js/3.6.1/compressed/translations/id_ID.min.js.br
- pickadate.js/3.6.1/compressed/translations/id_ID.min.js.gz
- pickadate.js/3.6.1/compressed/translations/is_IS.js.br
- pickadate.js/3.6.1/compressed/translations/is_IS.js.gz
- pickadate.js/3.6.1/compressed/translations/is_IS.min.js.br
- pickadate.js/3.6.1/compressed/translations/is_IS.min.js.gz
- pickadate.js/3.6.1/compressed/translations/it_IT.js.br
- pickadate.js/3.6.1/compressed/translations/it_IT.js.gz
- pickadate.js/3.6.1/compressed/translations/it_IT.min.js.br
- pickadate.js/3.6.1/compressed/translations/it_IT.min.js.gz
- pickadate.js/3.6.1/compressed/translations/ja_JP.js.br
- pickadate.js/3.6.1/compressed/translations/ja_JP.js.gz
- pickadate.js/3.6.1/compressed/translations/ja_JP.min.js.br
- pickadate.js/3.6.1/compressed/translations/ja_JP.min.js.gz
- pickadate.js/3.6.1/compressed/translations/km_KH.js.br
- pickadate.js/3.6.1/compressed/translations/km_KH.js.gz
- pickadate.js/3.6.1/compressed/translations/km_KH.min.js.br
- pickadate.js/3.6.1/compressed/translations/km_KH.min.js.gz
- pickadate.js/3.6.1/compressed/translations/ko_KR.js.br
- pickadate.js/3.6.1/compressed/translations/ko_KR.js.gz
- pickadate.js/3.6.1/compressed/translations/ko_KR.min.js.br
- pickadate.js/3.6.1/compressed/translations/ko_KR.min.js.gz
- pickadate.js/3.6.1/compressed/translations/lt_LT.js.br
- pickadate.js/3.6.1/compressed/translations/lt_LT.js.gz
- pickadate.js/3.6.1/compressed/translations/lt_LT.min.js.br
- pickadate.js/3.6.1/compressed/translations/lt_LT.min.js.gz
- pickadate.js/3.6.1/compressed/translations/lv_LV.js.br
- pickadate.js/3.6.1/compressed/translations/lv_LV.js.gz
- pickadate.js/3.6.1/compressed/translations/lv_LV.min.js.br
- pickadate.js/3.6.1/compressed/translations/lv_LV.min.js.gz
- pickadate.js/3.6.1/compressed/translations/nb_NO.js.br
- pickadate.js/3.6.1/compressed/translations/nb_NO.js.gz
- pickadate.js/3.6.1/compressed/translations/nb_NO.min.js.br
- pickadate.js/3.6.1/compressed/translations/nb_NO.min.js.gz
- pickadate.js/3.6.1/compressed/translations/ne_NP.js.br
- pickadate.js/3.6.1/compressed/translations/ne_NP.js.gz
- pickadate.js/3.6.1/compressed/translations/ne_NP.min.js.br
- pickadate.js/3.6.1/compressed/translations/ne_NP.min.js.gz
- pickadate.js/3.6.1/compressed/translations/nl_NL.js.br
- pickadate.js/3.6.1/compressed/translations/nl_NL.js.gz
- pickadate.js/3.6.1/compressed/translations/nl_NL.min.js.br
- pickadate.js/3.6.1/compressed/translations/nl_NL.min.js.gz
- pickadate.js/3.6.1/compressed/translations/no_NO.js.br
- pickadate.js/3.6.1/compressed/translations/no_NO.js.gz
- pickadate.js/3.6.1/compressed/translations/no_NO.min.js.br
- pickadate.js/3.6.1/compressed/translations/no_NO.min.js.gz
- pickadate.js/3.6.1/compressed/translations/pl_PL.js.br
- pickadate.js/3.6.1/compressed/translations/pl_PL.js.gz
- pickadate.js/3.6.1/compressed/translations/pl_PL.min.js.br
- pickadate.js/3.6.1/compressed/translations/pl_PL.min.js.gz
- pickadate.js/3.6.1/compressed/translations/pt_BR.js.br
- pickadate.js/3.6.1/compressed/translations/pt_BR.js.gz
- pickadate.js/3.6.1/compressed/translations/pt_BR.min.js.br
- pickadate.js/3.6.1/compressed/translations/pt_BR.min.js.gz
- pickadate.js/3.6.1/compressed/translations/pt_PT.js.br
- pickadate.js/3.6.1/compressed/translations/pt_PT.js.gz
- pickadate.js/3.6.1/compressed/translations/pt_PT.min.js.br
- pickadate.js/3.6.1/compressed/translations/pt_PT.min.js.gz
- pickadate.js/3.6.1/compressed/translations/ro_RO.js.br
- pickadate.js/3.6.1/compressed/translations/ro_RO.js.gz
- pickadate.js/3.6.1/compressed/translations/ro_RO.min.js.br
- pickadate.js/3.6.1/compressed/translations/ro_RO.min.js.gz
- pickadate.js/3.6.1/compressed/translations/ru_RU.js.br
- pickadate.js/3.6.1/compressed/translations/ru_RU.js.gz
- pickadate.js/3.6.1/compressed/translations/ru_RU.min.js.br
- pickadate.js/3.6.1/compressed/translations/ru_RU.min.js.gz
- pickadate.js/3.6.1/compressed/translations/sk_SK.js.br
- pickadate.js/3.6.1/compressed/translations/sk_SK.js.gz
- pickadate.js/3.6.1/compressed/translations/sk_SK.min.js.br
- pickadate.js/3.6.1/compressed/translations/sk_SK.min.js.gz
- pickadate.js/3.6.1/compressed/translations/sl_SI.js.br
- pickadate.js/3.6.1/compressed/translations/sl_SI.js.gz
- pickadate.js/3.6.1/compressed/translations/sl_SI.min.js.br
- pickadate.js/3.6.1/compressed/translations/sl_SI.min.js.gz
- pickadate.js/3.6.1/compressed/translations/sr_RS_cy.js.br
- pickadate.js/3.6.1/compressed/translations/sr_RS_cy.js.gz
- pickadate.js/3.6.1/compressed/translations/sr_RS_cy.min.js.br
- pickadate.js/3.6.1/compressed/translations/sr_RS_cy.min.js.gz
- pickadate.js/3.6.1/compressed/translations/sr_RS_lt.js.br
- pickadate.js/3.6.1/compressed/translations/sr_RS_lt.js.gz
- pickadate.js/3.6.1/compressed/translations/sr_RS_lt.min.js.br
- pickadate.js/3.6.1/compressed/translations/sr_RS_lt.min.js.gz
- pickadate.js/3.6.1/compressed/translations/sv_SE.js.br
- pickadate.js/3.6.1/compressed/translations/sv_SE.js.gz
- pickadate.js/3.6.1/compressed/translations/sv_SE.min.js.br
- pickadate.js/3.6.1/compressed/translations/sv_SE.min.js.gz
- pickadate.js/3.6.1/compressed/translations/th_TH.js.br
- pickadate.js/3.6.1/compressed/translations/th_TH.js.gz
- pickadate.js/3.6.1/compressed/translations/th_TH.min.js.br
- pickadate.js/3.6.1/compressed/translations/th_TH.min.js.gz
- pickadate.js/3.6.1/compressed/translations/tr_TR.js.br
- pickadate.js/3.6.1/compressed/translations/tr_TR.js.gz
- pickadate.js/3.6.1/compressed/translations/tr_TR.min.js.br
- pickadate.js/3.6.1/compressed/translations/tr_TR.min.js.gz
- pickadate.js/3.6.1/compressed/translations/uk_UA.js.br
- pickadate.js/3.6.1/compressed/translations/uk_UA.js.gz
- pickadate.js/3.6.1/compressed/translations/uk_UA.min.js.br
- pickadate.js/3.6.1/compressed/translations/uk_UA.min.js.gz
- pickadate.js/3.6.1/compressed/translations/vi_VN.js.br
- pickadate.js/3.6.1/compressed/translations/vi_VN.js.gz
- pickadate.js/3.6.1/compressed/translations/vi_VN.min.js.br
- pickadate.js/3.6.1/compressed/translations/vi_VN.min.js.gz
- pickadate.js/3.6.1/compressed/translations/zh_CN.js.br
- pickadate.js/3.6.1/compressed/translations/zh_CN.js.gz
- pickadate.js/3.6.1/compressed/translations/zh_CN.min.js.br
- pickadate.js/3.6.1/compressed/translations/zh_CN.min.js.gz
- pickadate.js/3.6.1/compressed/translations/zh_TW.js.br
- pickadate.js/3.6.1/compressed/translations/zh_TW.js.gz
- pickadate.js/3.6.1/compressed/translations/zh_TW.min.js.br
- pickadate.js/3.6.1/compressed/translations/zh_TW.min.js.gz
- pickadate.js/3.6.1/legacy.js.br
- pickadate.js/3.6.1/legacy.js.gz
- pickadate.js/3.6.1/legacy.min.js.br
- pickadate.js/3.6.1/legacy.min.js.gz
- pickadate.js/3.6.1/picker.date.js.br
- pickadate.js/3.6.1/picker.date.js.gz
- pickadate.js/3.6.1/picker.date.min.js.br
- pickadate.js/3.6.1/picker.date.min.js.gz
- pickadate.js/3.6.1/picker.js.br
- pickadate.js/3.6.1/picker.js.gz
- pickadate.js/3.6.1/picker.min.js.br
- pickadate.js/3.6.1/picker.min.js.gz
- pickadate.js/3.6.1/picker.time.js.br
- pickadate.js/3.6.1/picker.time.js.gz
- pickadate.js/3.6.1/picker.time.min.js.br
- pickadate.js/3.6.1/picker.time.min.js.gz
- pickadate.js/3.6.1/themes/classic.css.br
- pickadate.js/3.6.1/themes/classic.css.gz
- pickadate.js/3.6.1/themes/classic.date.css.br
- pickadate.js/3.6.1/themes/classic.date.css.gz
- pickadate.js/3.6.1/themes/classic.date.min.css.br
- pickadate.js/3.6.1/themes/classic.date.min.css.gz
- pickadate.js/3.6.1/themes/classic.min.css.br
- pickadate.js/3.6.1/themes/classic.min.css.gz
- pickadate.js/3.6.1/themes/classic.time.css.br
- pickadate.js/3.6.1/themes/classic.time.css.gz
- pickadate.js/3.6.1/themes/classic.time.min.css.br
- pickadate.js/3.6.1/themes/classic.time.min.css.gz
- pickadate.js/3.6.1/themes/default.css.br
- pickadate.js/3.6.1/themes/default.css.gz
- pickadate.js/3.6.1/themes/default.date.css.br
- pickadate.js/3.6.1/themes/default.date.css.gz
- pickadate.js/3.6.1/themes/default.date.min.css.br
- pickadate.js/3.6.1/themes/default.date.min.css.gz
- pickadate.js/3.6.1/themes/default.min.css.br
- pickadate.js/3.6.1/themes/default.min.css.gz
- pickadate.js/3.6.1/themes/default.time.css.br
- pickadate.js/3.6.1/themes/default.time.css.gz
- pickadate.js/3.6.1/themes/default.time.min.css.br
- pickadate.js/3.6.1/themes/default.time.min.css.gz
- pickadate.js/3.6.1/themes/rtl.css.br
- pickadate.js/3.6.1/themes/rtl.css.gz
- pickadate.js/3.6.1/themes/rtl.min.css.br
- pickadate.js/3.6.1/themes/rtl.min.css.gz
- pickadate.js/3.6.1/translations/FORMATTING.md.br
- pickadate.js/3.6.1/translations/FORMATTING.md.gz
- pickadate.js/3.6.1/translations/NAMING.md.br
- pickadate.js/3.6.1/translations/NAMING.md.gz
- pickadate.js/3.6.1/translations/ar.js.br
- pickadate.js/3.6.1/translations/ar.js.gz
- pickadate.js/3.6.1/translations/ar.min.js.br
- pickadate.js/3.6.1/translations/ar.min.js.gz
- pickadate.js/3.6.1/translations/bg_BG.js.br
- pickadate.js/3.6.1/translations/bg_BG.js.gz
- pickadate.js/3.6.1/translations/bg_BG.min.js.br
- pickadate.js/3.6.1/translations/bg_BG.min.js.gz
- pickadate.js/3.6.1/translations/bs_BA.js.br
- pickadate.js/3.6.1/translations/bs_BA.js.gz
- pickadate.js/3.6.1/translations/bs_BA.min.js.br
- pickadate.js/3.6.1/translations/bs_BA.min.js.gz
- pickadate.js/3.6.1/translations/ca_ES.js.br
- pickadate.js/3.6.1/translations/ca_ES.js.gz
- pickadate.js/3.6.1/translations/ca_ES.min.js.br
- pickadate.js/3.6.1/translations/ca_ES.min.js.gz
- pickadate.js/3.6.1/translations/cs_CZ.js.br
- pickadate.js/3.6.1/translations/cs_CZ.js.gz
- pickadate.js/3.6.1/translations/cs_CZ.min.js.br
- pickadate.js/3.6.1/translations/cs_CZ.min.js.gz
- pickadate.js/3.6.1/translations/da_DK.js.br
- pickadate.js/3.6.1/translations/da_DK.js.gz
- pickadate.js/3.6.1/translations/da_DK.min.js.br
- pickadate.js/3.6.1/translations/da_DK.min.js.gz
- pickadate.js/3.6.1/translations/de_DE.js.br
- pickadate.js/3.6.1/translations/de_DE.js.gz
- pickadate.js/3.6.1/translations/de_DE.min.js.br
- pickadate.js/3.6.1/translations/de_DE.min.js.gz
- pickadate.js/3.6.1/translations/el_GR.js.br
- pickadate.js/3.6.1/translations/el_GR.js.gz
- pickadate.js/3.6.1/translations/el_GR.min.js.br
- pickadate.js/3.6.1/translations/el_GR.min.js.gz
- pickadate.js/3.6.1/translations/es_ES.js.br
- pickadate.js/3.6.1/translations/es_ES.js.gz
- pickadate.js/3.6.1/translations/es_ES.min.js.br
- pickadate.js/3.6.1/translations/es_ES.min.js.gz
- pickadate.js/3.6.1/translations/et_EE.js.br
- pickadate.js/3.6.1/translations/et_EE.js.gz
- pickadate.js/3.6.1/translations/et_EE.min.js.br
- pickadate.js/3.6.1/translations/et_EE.min.js.gz
- pickadate.js/3.6.1/translations/eu_ES.js.br
- pickadate.js/3.6.1/translations/eu_ES.js.gz
- pickadate.js/3.6.1/translations/eu_ES.min.js.br
- pickadate.js/3.6.1/translations/eu_ES.min.js.gz
- pickadate.js/3.6.1/translations/fa_IR.js.br
- pickadate.js/3.6.1/translations/fa_IR.js.gz
- pickadate.js/3.6.1/translations/fa_IR.min.js.br
- pickadate.js/3.6.1/translations/fa_IR.min.js.gz
- pickadate.js/3.6.1/translations/fi_FI.js.br
- pickadate.js/3.6.1/translations/fi_FI.js.gz
- pickadate.js/3.6.1/translations/fi_FI.min.js.br
- pickadate.js/3.6.1/translations/fi_FI.min.js.gz
- pickadate.js/3.6.1/translations/fr_FR.js.br
- pickadate.js/3.6.1/translations/fr_FR.js.gz
- pickadate.js/3.6.1/translations/fr_FR.min.js.br
- pickadate.js/3.6.1/translations/fr_FR.min.js.gz
- pickadate.js/3.6.1/translations/ge_GEO.js.br
- pickadate.js/3.6.1/translations/ge_GEO.js.gz
- pickadate.js/3.6.1/translations/ge_GEO.min.js.br
- pickadate.js/3.6.1/translations/ge_GEO.min.js.gz
- pickadate.js/3.6.1/translations/gl_ES.js.br
- pickadate.js/3.6.1/translations/gl_ES.js.gz
- pickadate.js/3.6.1/translations/gl_ES.min.js.br
- pickadate.js/3.6.1/translations/gl_ES.min.js.gz
- pickadate.js/3.6.1/translations/he_IL.js.br
- pickadate.js/3.6.1/translations/he_IL.js.gz
- pickadate.js/3.6.1/translations/he_IL.min.js.br
- pickadate.js/3.6.1/translations/he_IL.min.js.gz
- pickadate.js/3.6.1/translations/hi_IN.js.br
- pickadate.js/3.6.1/translations/hi_IN.js.gz
- pickadate.js/3.6.1/translations/hi_IN.min.js.br
- pickadate.js/3.6.1/translations/hi_IN.min.js.gz
- pickadate.js/3.6.1/translations/hr_HR.js.br
- pickadate.js/3.6.1/translations/hr_HR.js.gz
- pickadate.js/3.6.1/translations/hr_HR.min.js.br
- pickadate.js/3.6.1/translations/hr_HR.min.js.gz
- pickadate.js/3.6.1/translations/hu_HU.js.br
- pickadate.js/3.6.1/translations/hu_HU.js.gz
- pickadate.js/3.6.1/translations/hu_HU.min.js.br
- pickadate.js/3.6.1/translations/hu_HU.min.js.gz
- pickadate.js/3.6.1/translations/id_ID.js.br
- pickadate.js/3.6.1/translations/id_ID.js.gz
- pickadate.js/3.6.1/translations/id_ID.min.js.br
- pickadate.js/3.6.1/translations/id_ID.min.js.gz
- pickadate.js/3.6.1/translations/is_IS.js.br
- pickadate.js/3.6.1/translations/is_IS.js.gz
- pickadate.js/3.6.1/translations/is_IS.min.js.br
- pickadate.js/3.6.1/translations/is_IS.min.js.gz
- pickadate.js/3.6.1/translations/it_IT.js.br
- pickadate.js/3.6.1/translations/it_IT.js.gz
- pickadate.js/3.6.1/translations/it_IT.min.js.br
- pickadate.js/3.6.1/translations/it_IT.min.js.gz
- pickadate.js/3.6.1/translations/ja_JP.js.br
- pickadate.js/3.6.1/translations/ja_JP.js.gz
- pickadate.js/3.6.1/translations/ja_JP.min.js.br
- pickadate.js/3.6.1/translations/ja_JP.min.js.gz
- pickadate.js/3.6.1/translations/km_KH.js.br
- pickadate.js/3.6.1/translations/km_KH.js.gz
- pickadate.js/3.6.1/translations/km_KH.min.js.br
- pickadate.js/3.6.1/translations/km_KH.min.js.gz
- pickadate.js/3.6.1/translations/ko_KR.js.br
- pickadate.js/3.6.1/translations/ko_KR.js.gz
- pickadate.js/3.6.1/translations/ko_KR.min.js.br
- pickadate.js/3.6.1/translations/ko_KR.min.js.gz
- pickadate.js/3.6.1/translations/lt_LT.js.br
- pickadate.js/3.6.1/translations/lt_LT.js.gz
- pickadate.js/3.6.1/translations/lt_LT.min.js.br
- pickadate.js/3.6.1/translations/lt_LT.min.js.gz
- pickadate.js/3.6.1/translations/lv_LV.js.br
- pickadate.js/3.6.1/translations/lv_LV.js.gz
- pickadate.js/3.6.1/translations/lv_LV.min.js.br
- pickadate.js/3.6.1/translations/lv_LV.min.js.gz
- pickadate.js/3.6.1/translations/nb_NO.js.br
- pickadate.js/3.6.1/translations/nb_NO.js.gz
- pickadate.js/3.6.1/translations/nb_NO.min.js.br
- pickadate.js/3.6.1/translations/nb_NO.min.js.gz
- pickadate.js/3.6.1/translations/ne_NP.js.br
- pickadate.js/3.6.1/translations/ne_NP.js.gz
- pickadate.js/3.6.1/translations/ne_NP.min.js.br
- pickadate.js/3.6.1/translations/ne_NP.min.js.gz
- pickadate.js/3.6.1/translations/nl_NL.js.br
- pickadate.js/3.6.1/translations/nl_NL.js.gz
- pickadate.js/3.6.1/translations/nl_NL.min.js.br
- pickadate.js/3.6.1/translations/nl_NL.min.js.gz
- pickadate.js/3.6.1/translations/pl_PL.js.br
- pickadate.js/3.6.1/translations/pl_PL.js.gz
- pickadate.js/3.6.1/translations/pl_PL.min.js.br
- pickadate.js/3.6.1/translations/pl_PL.min.js.gz
- pickadate.js/3.6.1/translations/pt_BR.js.br
- pickadate.js/3.6.1/translations/pt_BR.js.gz
- pickadate.js/3.6.1/translations/pt_BR.min.js.br
- pickadate.js/3.6.1/translations/pt_BR.min.js.gz
- pickadate.js/3.6.1/translations/pt_PT.js.br
- pickadate.js/3.6.1/translations/pt_PT.js.gz
- pickadate.js/3.6.1/translations/pt_PT.min.js.br
- pickadate.js/3.6.1/translations/pt_PT.min.js.gz
- pickadate.js/3.6.1/translations/ro_RO.js.br
- pickadate.js/3.6.1/translations/ro_RO.js.gz
- pickadate.js/3.6.1/translations/ro_RO.min.js.br
- pickadate.js/3.6.1/translations/ro_RO.min.js.gz
- pickadate.js/3.6.1/translations/ru_RU.js.br
- pickadate.js/3.6.1/translations/ru_RU.js.gz
- pickadate.js/3.6.1/translations/ru_RU.min.js.br
- pickadate.js/3.6.1/translations/ru_RU.min.js.gz
- pickadate.js/3.6.1/translations/sk_SK.js.br
- pickadate.js/3.6.1/translations/sk_SK.js.gz
- pickadate.js/3.6.1/translations/sk_SK.min.js.br
- pickadate.js/3.6.1/translations/sk_SK.min.js.gz
- pickadate.js/3.6.1/translations/sl_SI.js.br
- pickadate.js/3.6.1/translations/sl_SI.js.gz
- pickadate.js/3.6.1/translations/sl_SI.min.js.br
- pickadate.js/3.6.1/translations/sl_SI.min.js.gz
- pickadate.js/3.6.1/translations/sr_RS_cy.js.br
- pickadate.js/3.6.1/translations/sr_RS_cy.js.gz
- pickadate.js/3.6.1/translations/sr_RS_cy.min.js.br
- pickadate.js/3.6.1/translations/sr_RS_cy.min.js.gz
- pickadate.js/3.6.1/translations/sr_RS_lt.js.br
- pickadate.js/3.6.1/translations/sr_RS_lt.js.gz
- pickadate.js/3.6.1/translations/sr_RS_lt.min.js.br
- pickadate.js/3.6.1/translations/sr_RS_lt.min.js.gz
- pickadate.js/3.6.1/translations/sv_SE.js.br
- pickadate.js/3.6.1/translations/sv_SE.js.gz
- pickadate.js/3.6.1/translations/sv_SE.min.js.br
- pickadate.js/3.6.1/translations/sv_SE.min.js.gz
- pickadate.js/3.6.1/translations/th_TH.js.br
- pickadate.js/3.6.1/translations/th_TH.js.gz
- pickadate.js/3.6.1/translations/th_TH.min.js.br
- pickadate.js/3.6.1/translations/th_TH.min.js.gz
- pickadate.js/3.6.1/translations/tr_TR.js.br
- pickadate.js/3.6.1/translations/tr_TR.js.gz
- pickadate.js/3.6.1/translations/tr_TR.min.js.br
- pickadate.js/3.6.1/translations/tr_TR.min.js.gz
- pickadate.js/3.6.1/translations/uk_UA.js.br
- pickadate.js/3.6.1/translations/uk_UA.js.gz
- pickadate.js/3.6.1/translations/uk_UA.min.js.br
- pickadate.js/3.6.1/translations/uk_UA.min.js.gz
- pickadate.js/3.6.1/translations/vi_VN.js.br
- pickadate.js/3.6.1/translations/vi_VN.js.gz
- pickadate.js/3.6.1/translations/vi_VN.min.js.br
- pickadate.js/3.6.1/translations/vi_VN.min.js.gz
- pickadate.js/3.6.1/translations/zh_CN.js.br
- pickadate.js/3.6.1/translations/zh_CN.js.gz
- pickadate.js/3.6.1/translations/zh_CN.min.js.br
- pickadate.js/3.6.1/translations/zh_CN.min.js.gz
- pickadate.js/3.6.1/translations/zh_TW.js.br
- pickadate.js/3.6.1/translations/zh_TW.js.gz
- pickadate.js/3.6.1/translations/zh_TW.min.js.br
- pickadate.js/3.6.1/translations/zh_TW.min.js.gz