Files:
- clerk-js/5.69.4-canary.v20250701033321/192_clerk.browser_dca734_5.69.4-canary.v20250701033321.js.br
- clerk-js/5.69.4-canary.v20250701033321/192_clerk.browser_dca734_5.69.4-canary.v20250701033321.js.gz
- clerk-js/5.69.4-canary.v20250701033321/192_clerk.browser_dca734_5.69.4-canary.v20250701033321.js.sri
- clerk-js/5.69.4-canary.v20250701033321/192_clerk.browser_dca734_5.69.4-canary.v20250701033321.min.js.br
- clerk-js/5.69.4-canary.v20250701033321/192_clerk.browser_dca734_5.69.4-canary.v20250701033321.min.js.gz
- clerk-js/5.69.4-canary.v20250701033321/192_clerk.browser_dca734_5.69.4-canary.v20250701033321.min.js.sri
- clerk-js/5.69.4-canary.v20250701033321/192_clerk.chips.browser_0c6427_5.69.4-canary.v20250701033321.js.br
- clerk-js/5.69.4-canary.v20250701033321/192_clerk.chips.browser_0c6427_5.69.4-canary.v20250701033321.js.gz
- clerk-js/5.69.4-canary.v20250701033321/192_clerk.chips.browser_0c6427_5.69.4-canary.v20250701033321.js.sri
- clerk-js/5.69.4-canary.v20250701033321/192_clerk.chips.browser_0c6427_5.69.4-canary.v20250701033321.min.js.br
- clerk-js/5.69.4-canary.v20250701033321/192_clerk.chips.browser_0c6427_5.69.4-canary.v20250701033321.min.js.gz
- clerk-js/5.69.4-canary.v20250701033321/192_clerk.chips.browser_0c6427_5.69.4-canary.v20250701033321.min.js.sri
- clerk-js/5.69.4-canary.v20250701033321/192_clerk.legacy.browser_6a69c4_5.69.4-canary.v20250701033321.js.br
- clerk-js/5.69.4-canary.v20250701033321/192_clerk.legacy.browser_6a69c4_5.69.4-canary.v20250701033321.js.gz
- clerk-js/5.69.4-canary.v20250701033321/192_clerk.legacy.browser_6a69c4_5.69.4-canary.v20250701033321.js.sri
- clerk-js/5.69.4-canary.v20250701033321/192_clerk.legacy.browser_6a69c4_5.69.4-canary.v20250701033321.min.js.br
- clerk-js/5.69.4-canary.v20250701033321/192_clerk.legacy.browser_6a69c4_5.69.4-canary.v20250701033321.min.js.gz
- clerk-js/5.69.4-canary.v20250701033321/192_clerk.legacy.browser_6a69c4_5.69.4-canary.v20250701033321.min.js.sri
- clerk-js/5.69.4-canary.v20250701033321/377_clerk.headless_062572_5.69.4-canary.v20250701033321.js.br
- clerk-js/5.69.4-canary.v20250701033321/377_clerk.headless_062572_5.69.4-canary.v20250701033321.js.gz
- clerk-js/5.69.4-canary.v20250701033321/377_clerk.headless_062572_5.69.4-canary.v20250701033321.js.sri
- clerk-js/5.69.4-canary.v20250701033321/377_clerk.headless_062572_5.69.4-canary.v20250701033321.min.js.br
- clerk-js/5.69.4-canary.v20250701033321/377_clerk.headless_062572_5.69.4-canary.v20250701033321.min.js.gz
- clerk-js/5.69.4-canary.v20250701033321/377_clerk.headless_062572_5.69.4-canary.v20250701033321.min.js.sri
- clerk-js/5.69.4-canary.v20250701033321/544_clerk.browser_dca734_5.69.4-canary.v20250701033321.js.br
- clerk-js/5.69.4-canary.v20250701033321/544_clerk.browser_dca734_5.69.4-canary.v20250701033321.js.gz
- clerk-js/5.69.4-canary.v20250701033321/544_clerk.browser_dca734_5.69.4-canary.v20250701033321.js.sri
- clerk-js/5.69.4-canary.v20250701033321/544_clerk.browser_dca734_5.69.4-canary.v20250701033321.min.js.br
- clerk-js/5.69.4-canary.v20250701033321/544_clerk.browser_dca734_5.69.4-canary.v20250701033321.min.js.gz
- clerk-js/5.69.4-canary.v20250701033321/544_clerk.browser_dca734_5.69.4-canary.v20250701033321.min.js.sri
- clerk-js/5.69.4-canary.v20250701033321/544_clerk.chips.browser_0c6427_5.69.4-canary.v20250701033321.js.br
- clerk-js/5.69.4-canary.v20250701033321/544_clerk.chips.browser_0c6427_5.69.4-canary.v20250701033321.js.gz
- clerk-js/5.69.4-canary.v20250701033321/544_clerk.chips.browser_0c6427_5.69.4-canary.v20250701033321.js.sri
- clerk-js/5.69.4-canary.v20250701033321/544_clerk.chips.browser_0c6427_5.69.4-canary.v20250701033321.min.js.br
- clerk-js/5.69.4-canary.v20250701033321/544_clerk.chips.browser_0c6427_5.69.4-canary.v20250701033321.min.js.gz
- clerk-js/5.69.4-canary.v20250701033321/544_clerk.chips.browser_0c6427_5.69.4-canary.v20250701033321.min.js.sri
- clerk-js/5.69.4-canary.v20250701033321/544_clerk.legacy.browser_6a69c4_5.69.4-canary.v20250701033321.js.br
- clerk-js/5.69.4-canary.v20250701033321/544_clerk.legacy.browser_6a69c4_5.69.4-canary.v20250701033321.js.gz
- clerk-js/5.69.4-canary.v20250701033321/544_clerk.legacy.browser_6a69c4_5.69.4-canary.v20250701033321.js.sri
- clerk-js/5.69.4-canary.v20250701033321/544_clerk.legacy.browser_6a69c4_5.69.4-canary.v20250701033321.min.js.br
- clerk-js/5.69.4-canary.v20250701033321/544_clerk.legacy.browser_6a69c4_5.69.4-canary.v20250701033321.min.js.gz
- clerk-js/5.69.4-canary.v20250701033321/544_clerk.legacy.browser_6a69c4_5.69.4-canary.v20250701033321.min.js.sri
- clerk-js/5.69.4-canary.v20250701033321/646_clerk.browser_dca734_5.69.4-canary.v20250701033321.js.br
- clerk-js/5.69.4-canary.v20250701033321/646_clerk.browser_dca734_5.69.4-canary.v20250701033321.js.gz
- clerk-js/5.69.4-canary.v20250701033321/646_clerk.browser_dca734_5.69.4-canary.v20250701033321.js.sri
- clerk-js/5.69.4-canary.v20250701033321/646_clerk.browser_dca734_5.69.4-canary.v20250701033321.min.js.br
- clerk-js/5.69.4-canary.v20250701033321/646_clerk.browser_dca734_5.69.4-canary.v20250701033321.min.js.gz
- clerk-js/5.69.4-canary.v20250701033321/646_clerk.browser_dca734_5.69.4-canary.v20250701033321.min.js.sri
- clerk-js/5.69.4-canary.v20250701033321/646_clerk.chips.browser_0c6427_5.69.4-canary.v20250701033321.js.br
- clerk-js/5.69.4-canary.v20250701033321/646_clerk.chips.browser_0c6427_5.69.4-canary.v20250701033321.js.gz
- clerk-js/5.69.4-canary.v20250701033321/646_clerk.chips.browser_0c6427_5.69.4-canary.v20250701033321.js.sri
- clerk-js/5.69.4-canary.v20250701033321/646_clerk.chips.browser_0c6427_5.69.4-canary.v20250701033321.min.js.br
- clerk-js/5.69.4-canary.v20250701033321/646_clerk.chips.browser_0c6427_5.69.4-canary.v20250701033321.min.js.gz
- clerk-js/5.69.4-canary.v20250701033321/646_clerk.chips.browser_0c6427_5.69.4-canary.v20250701033321.min.js.sri
- clerk-js/5.69.4-canary.v20250701033321/646_clerk.legacy.browser_6a69c4_5.69.4-canary.v20250701033321.js.br
- clerk-js/5.69.4-canary.v20250701033321/646_clerk.legacy.browser_6a69c4_5.69.4-canary.v20250701033321.js.gz
- clerk-js/5.69.4-canary.v20250701033321/646_clerk.legacy.browser_6a69c4_5.69.4-canary.v20250701033321.js.sri
- clerk-js/5.69.4-canary.v20250701033321/646_clerk.legacy.browser_6a69c4_5.69.4-canary.v20250701033321.min.js.br
- clerk-js/5.69.4-canary.v20250701033321/646_clerk.legacy.browser_6a69c4_5.69.4-canary.v20250701033321.min.js.gz
- clerk-js/5.69.4-canary.v20250701033321/646_clerk.legacy.browser_6a69c4_5.69.4-canary.v20250701033321.min.js.sri
- clerk-js/5.69.4-canary.v20250701033321/66_clerk.browser_dca734_5.69.4-canary.v20250701033321.js.br
- clerk-js/5.69.4-canary.v20250701033321/66_clerk.browser_dca734_5.69.4-canary.v20250701033321.js.gz
- clerk-js/5.69.4-canary.v20250701033321/66_clerk.browser_dca734_5.69.4-canary.v20250701033321.js.sri
- clerk-js/5.69.4-canary.v20250701033321/66_clerk.browser_dca734_5.69.4-canary.v20250701033321.min.js.br
- clerk-js/5.69.4-canary.v20250701033321/66_clerk.browser_dca734_5.69.4-canary.v20250701033321.min.js.gz
- clerk-js/5.69.4-canary.v20250701033321/66_clerk.browser_dca734_5.69.4-canary.v20250701033321.min.js.sri
- clerk-js/5.69.4-canary.v20250701033321/66_clerk.chips.browser_0c6427_5.69.4-canary.v20250701033321.js.br
- clerk-js/5.69.4-canary.v20250701033321/66_clerk.chips.browser_0c6427_5.69.4-canary.v20250701033321.js.gz
- clerk-js/5.69.4-canary.v20250701033321/66_clerk.chips.browser_0c6427_5.69.4-canary.v20250701033321.js.sri
- clerk-js/5.69.4-canary.v20250701033321/66_clerk.chips.browser_0c6427_5.69.4-canary.v20250701033321.min.js.br
- clerk-js/5.69.4-canary.v20250701033321/66_clerk.chips.browser_0c6427_5.69.4-canary.v20250701033321.min.js.gz
- clerk-js/5.69.4-canary.v20250701033321/66_clerk.chips.browser_0c6427_5.69.4-canary.v20250701033321.min.js.sri
- clerk-js/5.69.4-canary.v20250701033321/66_clerk.legacy.browser_6a69c4_5.69.4-canary.v20250701033321.js.br
- clerk-js/5.69.4-canary.v20250701033321/66_clerk.legacy.browser_6a69c4_5.69.4-canary.v20250701033321.js.gz
- clerk-js/5.69.4-canary.v20250701033321/66_clerk.legacy.browser_6a69c4_5.69.4-canary.v20250701033321.js.sri
- clerk-js/5.69.4-canary.v20250701033321/66_clerk.legacy.browser_6a69c4_5.69.4-canary.v20250701033321.min.js.br
- clerk-js/5.69.4-canary.v20250701033321/66_clerk.legacy.browser_6a69c4_5.69.4-canary.v20250701033321.min.js.gz
- clerk-js/5.69.4-canary.v20250701033321/66_clerk.legacy.browser_6a69c4_5.69.4-canary.v20250701033321.min.js.sri
- clerk-js/5.69.4-canary.v20250701033321/890_clerk.headless_062572_5.69.4-canary.v20250701033321.js.br
- clerk-js/5.69.4-canary.v20250701033321/890_clerk.headless_062572_5.69.4-canary.v20250701033321.js.gz
- clerk-js/5.69.4-canary.v20250701033321/890_clerk.headless_062572_5.69.4-canary.v20250701033321.js.sri
- clerk-js/5.69.4-canary.v20250701033321/890_clerk.headless_062572_5.69.4-canary.v20250701033321.min.js.br
- clerk-js/5.69.4-canary.v20250701033321/890_clerk.headless_062572_5.69.4-canary.v20250701033321.min.js.gz
- clerk-js/5.69.4-canary.v20250701033321/890_clerk.headless_062572_5.69.4-canary.v20250701033321.min.js.sri
- clerk-js/5.69.4-canary.v20250701033321/965_clerk.headless_062572_5.69.4-canary.v20250701033321.js.br
- clerk-js/5.69.4-canary.v20250701033321/965_clerk.headless_062572_5.69.4-canary.v20250701033321.js.gz
- clerk-js/5.69.4-canary.v20250701033321/965_clerk.headless_062572_5.69.4-canary.v20250701033321.js.sri
- clerk-js/5.69.4-canary.v20250701033321/965_clerk.headless_062572_5.69.4-canary.v20250701033321.min.js.br
- clerk-js/5.69.4-canary.v20250701033321/965_clerk.headless_062572_5.69.4-canary.v20250701033321.min.js.gz
- clerk-js/5.69.4-canary.v20250701033321/965_clerk.headless_062572_5.69.4-canary.v20250701033321.min.js.sri
- clerk-js/5.69.4-canary.v20250701033321/apiKeys_clerk.browser_dca734_5.69.4-canary.v20250701033321.js.br
- clerk-js/5.69.4-canary.v20250701033321/apiKeys_clerk.browser_dca734_5.69.4-canary.v20250701033321.js.gz
- clerk-js/5.69.4-canary.v20250701033321/apiKeys_clerk.browser_dca734_5.69.4-canary.v20250701033321.js.sri
- clerk-js/5.69.4-canary.v20250701033321/apiKeys_clerk.browser_dca734_5.69.4-canary.v20250701033321.min.js.br
- clerk-js/5.69.4-canary.v20250701033321/apiKeys_clerk.browser_dca734_5.69.4-canary.v20250701033321.min.js.gz
- clerk-js/5.69.4-canary.v20250701033321/apiKeys_clerk.browser_dca734_5.69.4-canary.v20250701033321.min.js.sri
- clerk-js/5.69.4-canary.v20250701033321/apiKeys_clerk.chips.browser_0c6427_5.69.4-canary.v20250701033321.js.br
- clerk-js/5.69.4-canary.v20250701033321/apiKeys_clerk.chips.browser_0c6427_5.69.4-canary.v20250701033321.js.gz
- clerk-js/5.69.4-canary.v20250701033321/apiKeys_clerk.chips.browser_0c6427_5.69.4-canary.v20250701033321.js.sri
- clerk-js/5.69.4-canary.v20250701033321/apiKeys_clerk.chips.browser_0c6427_5.69.4-canary.v20250701033321.min.js.br
- clerk-js/5.69.4-canary.v20250701033321/apiKeys_clerk.chips.browser_0c6427_5.69.4-canary.v20250701033321.min.js.gz
- clerk-js/5.69.4-canary.v20250701033321/apiKeys_clerk.chips.browser_0c6427_5.69.4-canary.v20250701033321.min.js.sri
- clerk-js/5.69.4-canary.v20250701033321/apiKeys_clerk.legacy.browser_6a69c4_5.69.4-canary.v20250701033321.js.br
- clerk-js/5.69.4-canary.v20250701033321/apiKeys_clerk.legacy.browser_6a69c4_5.69.4-canary.v20250701033321.js.gz
- clerk-js/5.69.4-canary.v20250701033321/apiKeys_clerk.legacy.browser_6a69c4_5.69.4-canary.v20250701033321.js.sri
- clerk-js/5.69.4-canary.v20250701033321/apiKeys_clerk.legacy.browser_6a69c4_5.69.4-canary.v20250701033321.min.js.br
- clerk-js/5.69.4-canary.v20250701033321/apiKeys_clerk.legacy.browser_6a69c4_5.69.4-canary.v20250701033321.min.js.gz
- clerk-js/5.69.4-canary.v20250701033321/apiKeys_clerk.legacy.browser_6a69c4_5.69.4-canary.v20250701033321.min.js.sri
- clerk-js/5.69.4-canary.v20250701033321/blankcaptcha_clerk.browser_dca734_5.69.4-canary.v20250701033321.js.br
- clerk-js/5.69.4-canary.v20250701033321/blankcaptcha_clerk.browser_dca734_5.69.4-canary.v20250701033321.js.gz
- clerk-js/5.69.4-canary.v20250701033321/blankcaptcha_clerk.browser_dca734_5.69.4-canary.v20250701033321.js.sri
- clerk-js/5.69.4-canary.v20250701033321/blankcaptcha_clerk.browser_dca734_5.69.4-canary.v20250701033321.min.js.br
- clerk-js/5.69.4-canary.v20250701033321/blankcaptcha_clerk.browser_dca734_5.69.4-canary.v20250701033321.min.js.gz
- clerk-js/5.69.4-canary.v20250701033321/blankcaptcha_clerk.browser_dca734_5.69.4-canary.v20250701033321.min.js.sri
- clerk-js/5.69.4-canary.v20250701033321/blankcaptcha_clerk.chips.browser_0c6427_5.69.4-canary.v20250701033321.js.br
- clerk-js/5.69.4-canary.v20250701033321/blankcaptcha_clerk.chips.browser_0c6427_5.69.4-canary.v20250701033321.js.gz
- clerk-js/5.69.4-canary.v20250701033321/blankcaptcha_clerk.chips.browser_0c6427_5.69.4-canary.v20250701033321.js.sri
- clerk-js/5.69.4-canary.v20250701033321/blankcaptcha_clerk.chips.browser_0c6427_5.69.4-canary.v20250701033321.min.js.br
- clerk-js/5.69.4-canary.v20250701033321/blankcaptcha_clerk.chips.browser_0c6427_5.69.4-canary.v20250701033321.min.js.gz
- clerk-js/5.69.4-canary.v20250701033321/blankcaptcha_clerk.chips.browser_0c6427_5.69.4-canary.v20250701033321.min.js.sri
- clerk-js/5.69.4-canary.v20250701033321/blankcaptcha_clerk.legacy.browser_6a69c4_5.69.4-canary.v20250701033321.js.br
- clerk-js/5.69.4-canary.v20250701033321/blankcaptcha_clerk.legacy.browser_6a69c4_5.69.4-canary.v20250701033321.js.gz
- clerk-js/5.69.4-canary.v20250701033321/blankcaptcha_clerk.legacy.browser_6a69c4_5.69.4-canary.v20250701033321.js.sri
- clerk-js/5.69.4-canary.v20250701033321/blankcaptcha_clerk.legacy.browser_6a69c4_5.69.4-canary.v20250701033321.min.js.br
- clerk-js/5.69.4-canary.v20250701033321/blankcaptcha_clerk.legacy.browser_6a69c4_5.69.4-canary.v20250701033321.min.js.gz
- clerk-js/5.69.4-canary.v20250701033321/blankcaptcha_clerk.legacy.browser_6a69c4_5.69.4-canary.v20250701033321.min.js.sri
- clerk-js/5.69.4-canary.v20250701033321/checkout_clerk.browser_dca734_5.69.4-canary.v20250701033321.js.br
- clerk-js/5.69.4-canary.v20250701033321/checkout_clerk.browser_dca734_5.69.4-canary.v20250701033321.js.gz
- clerk-js/5.69.4-canary.v20250701033321/checkout_clerk.browser_dca734_5.69.4-canary.v20250701033321.js.sri
- clerk-js/5.69.4-canary.v20250701033321/checkout_clerk.browser_dca734_5.69.4-canary.v20250701033321.min.js.br
- clerk-js/5.69.4-canary.v20250701033321/checkout_clerk.browser_dca734_5.69.4-canary.v20250701033321.min.js.gz
- clerk-js/5.69.4-canary.v20250701033321/checkout_clerk.browser_dca734_5.69.4-canary.v20250701033321.min.js.sri
- clerk-js/5.69.4-canary.v20250701033321/checkout_clerk.chips.browser_0c6427_5.69.4-canary.v20250701033321.js.br
- clerk-js/5.69.4-canary.v20250701033321/checkout_clerk.chips.browser_0c6427_5.69.4-canary.v20250701033321.js.gz
- clerk-js/5.69.4-canary.v20250701033321/checkout_clerk.chips.browser_0c6427_5.69.4-canary.v20250701033321.js.sri
- clerk-js/5.69.4-canary.v20250701033321/checkout_clerk.chips.browser_0c6427_5.69.4-canary.v20250701033321.min.js.br
- clerk-js/5.69.4-canary.v20250701033321/checkout_clerk.chips.browser_0c6427_5.69.4-canary.v20250701033321.min.js.gz
- clerk-js/5.69.4-canary.v20250701033321/checkout_clerk.chips.browser_0c6427_5.69.4-canary.v20250701033321.min.js.sri
- clerk-js/5.69.4-canary.v20250701033321/checkout_clerk.legacy.browser_6a69c4_5.69.4-canary.v20250701033321.js.br
- clerk-js/5.69.4-canary.v20250701033321/checkout_clerk.legacy.browser_6a69c4_5.69.4-canary.v20250701033321.js.gz
- clerk-js/5.69.4-canary.v20250701033321/checkout_clerk.legacy.browser_6a69c4_5.69.4-canary.v20250701033321.js.sri
- clerk-js/5.69.4-canary.v20250701033321/checkout_clerk.legacy.browser_6a69c4_5.69.4-canary.v20250701033321.min.js.br
- clerk-js/5.69.4-canary.v20250701033321/checkout_clerk.legacy.browser_6a69c4_5.69.4-canary.v20250701033321.min.js.gz
- clerk-js/5.69.4-canary.v20250701033321/checkout_clerk.legacy.browser_6a69c4_5.69.4-canary.v20250701033321.min.js.sri
- clerk-js/5.69.4-canary.v20250701033321/clerk.browser.js.br
- clerk-js/5.69.4-canary.v20250701033321/clerk.browser.js.gz
- clerk-js/5.69.4-canary.v20250701033321/clerk.browser.js.sri
- clerk-js/5.69.4-canary.v20250701033321/clerk.browser.min.js.br
- clerk-js/5.69.4-canary.v20250701033321/clerk.browser.min.js.gz
- clerk-js/5.69.4-canary.v20250701033321/clerk.browser.min.js.sri
- clerk-js/5.69.4-canary.v20250701033321/clerk.chips.browser.js.br
- clerk-js/5.69.4-canary.v20250701033321/clerk.chips.browser.js.gz
- clerk-js/5.69.4-canary.v20250701033321/clerk.chips.browser.js.sri
- clerk-js/5.69.4-canary.v20250701033321/clerk.chips.browser.min.js.br
- clerk-js/5.69.4-canary.v20250701033321/clerk.chips.browser.min.js.gz
- clerk-js/5.69.4-canary.v20250701033321/clerk.chips.browser.min.js.sri
- clerk-js/5.69.4-canary.v20250701033321/clerk.headless.browser.js.br
- clerk-js/5.69.4-canary.v20250701033321/clerk.headless.browser.js.gz
- clerk-js/5.69.4-canary.v20250701033321/clerk.headless.browser.js.sri
- clerk-js/5.69.4-canary.v20250701033321/clerk.headless.browser.min.js.br
- clerk-js/5.69.4-canary.v20250701033321/clerk.headless.browser.min.js.gz
- clerk-js/5.69.4-canary.v20250701033321/clerk.headless.browser.min.js.sri
- clerk-js/5.69.4-canary.v20250701033321/clerk.headless.js.br
- clerk-js/5.69.4-canary.v20250701033321/clerk.headless.js.gz
- clerk-js/5.69.4-canary.v20250701033321/clerk.headless.js.sri
- clerk-js/5.69.4-canary.v20250701033321/clerk.headless.min.js.br
- clerk-js/5.69.4-canary.v20250701033321/clerk.headless.min.js.gz
- clerk-js/5.69.4-canary.v20250701033321/clerk.headless.min.js.sri
- clerk-js/5.69.4-canary.v20250701033321/clerk.js.br
- clerk-js/5.69.4-canary.v20250701033321/clerk.js.gz
- clerk-js/5.69.4-canary.v20250701033321/clerk.js.sri
- clerk-js/5.69.4-canary.v20250701033321/clerk.legacy.browser.js.br
- clerk-js/5.69.4-canary.v20250701033321/clerk.legacy.browser.js.gz
- clerk-js/5.69.4-canary.v20250701033321/clerk.legacy.browser.js.sri
- clerk-js/5.69.4-canary.v20250701033321/clerk.legacy.browser.min.js.br
- clerk-js/5.69.4-canary.v20250701033321/clerk.legacy.browser.min.js.gz
- clerk-js/5.69.4-canary.v20250701033321/clerk.legacy.browser.min.js.sri
- clerk-js/5.69.4-canary.v20250701033321/clerk.min.js.br
- clerk-js/5.69.4-canary.v20250701033321/clerk.min.js.gz
- clerk-js/5.69.4-canary.v20250701033321/clerk.min.js.sri
- clerk-js/5.69.4-canary.v20250701033321/clerk.mjs.br
- clerk-js/5.69.4-canary.v20250701033321/clerk.mjs.gz
- clerk-js/5.69.4-canary.v20250701033321/clerk.no-rhc.js.br
- clerk-js/5.69.4-canary.v20250701033321/clerk.no-rhc.js.gz
- clerk-js/5.69.4-canary.v20250701033321/clerk.no-rhc.js.sri
- clerk-js/5.69.4-canary.v20250701033321/clerk.no-rhc.min.js.br
- clerk-js/5.69.4-canary.v20250701033321/clerk.no-rhc.min.js.gz
- clerk-js/5.69.4-canary.v20250701033321/clerk.no-rhc.min.js.sri
- clerk-js/5.69.4-canary.v20250701033321/clerk.no-rhc.mjs.br
- clerk-js/5.69.4-canary.v20250701033321/clerk.no-rhc.mjs.gz
- clerk-js/5.69.4-canary.v20250701033321/coinbase-wallet-sdk_clerk.browser_dca734_5.69.4-canary.v20250701033321.js.br
- clerk-js/5.69.4-canary.v20250701033321/coinbase-wallet-sdk_clerk.browser_dca734_5.69.4-canary.v20250701033321.js.gz
- clerk-js/5.69.4-canary.v20250701033321/coinbase-wallet-sdk_clerk.browser_dca734_5.69.4-canary.v20250701033321.js.sri
- clerk-js/5.69.4-canary.v20250701033321/coinbase-wallet-sdk_clerk.browser_dca734_5.69.4-canary.v20250701033321.min.js.br
- clerk-js/5.69.4-canary.v20250701033321/coinbase-wallet-sdk_clerk.browser_dca734_5.69.4-canary.v20250701033321.min.js.gz
- clerk-js/5.69.4-canary.v20250701033321/coinbase-wallet-sdk_clerk.browser_dca734_5.69.4-canary.v20250701033321.min.js.sri
- clerk-js/5.69.4-canary.v20250701033321/coinbase-wallet-sdk_clerk.chips.browser_0c6427_5.69.4-canary.v20250701033321.js.br
- clerk-js/5.69.4-canary.v20250701033321/coinbase-wallet-sdk_clerk.chips.browser_0c6427_5.69.4-canary.v20250701033321.js.gz
- clerk-js/5.69.4-canary.v20250701033321/coinbase-wallet-sdk_clerk.chips.browser_0c6427_5.69.4-canary.v20250701033321.js.sri
- clerk-js/5.69.4-canary.v20250701033321/coinbase-wallet-sdk_clerk.chips.browser_0c6427_5.69.4-canary.v20250701033321.min.js.br
- clerk-js/5.69.4-canary.v20250701033321/coinbase-wallet-sdk_clerk.chips.browser_0c6427_5.69.4-canary.v20250701033321.min.js.gz
- clerk-js/5.69.4-canary.v20250701033321/coinbase-wallet-sdk_clerk.chips.browser_0c6427_5.69.4-canary.v20250701033321.min.js.sri
- clerk-js/5.69.4-canary.v20250701033321/coinbase-wallet-sdk_clerk.headless.browser_2317e9_5.69.4-canary.v20250701033321.js.br
- clerk-js/5.69.4-canary.v20250701033321/coinbase-wallet-sdk_clerk.headless.browser_2317e9_5.69.4-canary.v20250701033321.js.gz
- clerk-js/5.69.4-canary.v20250701033321/coinbase-wallet-sdk_clerk.headless.browser_2317e9_5.69.4-canary.v20250701033321.js.sri
- clerk-js/5.69.4-canary.v20250701033321/coinbase-wallet-sdk_clerk.headless.browser_2317e9_5.69.4-canary.v20250701033321.min.js.br
- clerk-js/5.69.4-canary.v20250701033321/coinbase-wallet-sdk_clerk.headless.browser_2317e9_5.69.4-canary.v20250701033321.min.js.gz
- clerk-js/5.69.4-canary.v20250701033321/coinbase-wallet-sdk_clerk.headless.browser_2317e9_5.69.4-canary.v20250701033321.min.js.sri
- clerk-js/5.69.4-canary.v20250701033321/coinbase-wallet-sdk_clerk.legacy.browser_6a69c4_5.69.4-canary.v20250701033321.js.br
- clerk-js/5.69.4-canary.v20250701033321/coinbase-wallet-sdk_clerk.legacy.browser_6a69c4_5.69.4-canary.v20250701033321.js.gz
- clerk-js/5.69.4-canary.v20250701033321/coinbase-wallet-sdk_clerk.legacy.browser_6a69c4_5.69.4-canary.v20250701033321.js.sri
- clerk-js/5.69.4-canary.v20250701033321/coinbase-wallet-sdk_clerk.legacy.browser_6a69c4_5.69.4-canary.v20250701033321.min.js.br
- clerk-js/5.69.4-canary.v20250701033321/coinbase-wallet-sdk_clerk.legacy.browser_6a69c4_5.69.4-canary.v20250701033321.min.js.gz
- clerk-js/5.69.4-canary.v20250701033321/coinbase-wallet-sdk_clerk.legacy.browser_6a69c4_5.69.4-canary.v20250701033321.min.js.sri
- clerk-js/5.69.4-canary.v20250701033321/cookieSuffix_clerk.browser_dca734_5.69.4-canary.v20250701033321.js.br
- clerk-js/5.69.4-canary.v20250701033321/cookieSuffix_clerk.browser_dca734_5.69.4-canary.v20250701033321.js.gz
- clerk-js/5.69.4-canary.v20250701033321/cookieSuffix_clerk.browser_dca734_5.69.4-canary.v20250701033321.js.sri
- clerk-js/5.69.4-canary.v20250701033321/cookieSuffix_clerk.browser_dca734_5.69.4-canary.v20250701033321.min.js.br
- clerk-js/5.69.4-canary.v20250701033321/cookieSuffix_clerk.browser_dca734_5.69.4-canary.v20250701033321.min.js.gz
- clerk-js/5.69.4-canary.v20250701033321/cookieSuffix_clerk.browser_dca734_5.69.4-canary.v20250701033321.min.js.sri
- clerk-js/5.69.4-canary.v20250701033321/cookieSuffix_clerk.chips.browser_0c6427_5.69.4-canary.v20250701033321.js.br
- clerk-js/5.69.4-canary.v20250701033321/cookieSuffix_clerk.chips.browser_0c6427_5.69.4-canary.v20250701033321.js.gz
- clerk-js/5.69.4-canary.v20250701033321/cookieSuffix_clerk.chips.browser_0c6427_5.69.4-canary.v20250701033321.js.sri
- clerk-js/5.69.4-canary.v20250701033321/cookieSuffix_clerk.chips.browser_0c6427_5.69.4-canary.v20250701033321.min.js.br
- clerk-js/5.69.4-canary.v20250701033321/cookieSuffix_clerk.chips.browser_0c6427_5.69.4-canary.v20250701033321.min.js.gz
- clerk-js/5.69.4-canary.v20250701033321/cookieSuffix_clerk.chips.browser_0c6427_5.69.4-canary.v20250701033321.min.js.sri
- clerk-js/5.69.4-canary.v20250701033321/cookieSuffix_clerk.headless.browser_2317e9_5.69.4-canary.v20250701033321.js.br
- clerk-js/5.69.4-canary.v20250701033321/cookieSuffix_clerk.headless.browser_2317e9_5.69.4-canary.v20250701033321.js.gz
- clerk-js/5.69.4-canary.v20250701033321/cookieSuffix_clerk.headless.browser_2317e9_5.69.4-canary.v20250701033321.js.sri
- clerk-js/5.69.4-canary.v20250701033321/cookieSuffix_clerk.headless.browser_2317e9_5.69.4-canary.v20250701033321.min.js.br
- clerk-js/5.69.4-canary.v20250701033321/cookieSuffix_clerk.headless.browser_2317e9_5.69.4-canary.v20250701033321.min.js.gz
- clerk-js/5.69.4-canary.v20250701033321/cookieSuffix_clerk.headless.browser_2317e9_5.69.4-canary.v20250701033321.min.js.sri
- clerk-js/5.69.4-canary.v20250701033321/cookieSuffix_clerk.headless_062572_5.69.4-canary.v20250701033321.js.br
- clerk-js/5.69.4-canary.v20250701033321/cookieSuffix_clerk.headless_062572_5.69.4-canary.v20250701033321.js.gz
- clerk-js/5.69.4-canary.v20250701033321/cookieSuffix_clerk.headless_062572_5.69.4-canary.v20250701033321.js.sri
- clerk-js/5.69.4-canary.v20250701033321/cookieSuffix_clerk.headless_062572_5.69.4-canary.v20250701033321.min.js.br
- clerk-js/5.69.4-canary.v20250701033321/cookieSuffix_clerk.headless_062572_5.69.4-canary.v20250701033321.min.js.gz
- clerk-js/5.69.4-canary.v20250701033321/cookieSuffix_clerk.headless_062572_5.69.4-canary.v20250701033321.min.js.sri
- clerk-js/5.69.4-canary.v20250701033321/cookieSuffix_clerk.legacy.browser_6a69c4_5.69.4-canary.v20250701033321.js.br
- clerk-js/5.69.4-canary.v20250701033321/cookieSuffix_clerk.legacy.browser_6a69c4_5.69.4-canary.v20250701033321.js.gz
- clerk-js/5.69.4-canary.v20250701033321/cookieSuffix_clerk.legacy.browser_6a69c4_5.69.4-canary.v20250701033321.js.sri
- clerk-js/5.69.4-canary.v20250701033321/cookieSuffix_clerk.legacy.browser_6a69c4_5.69.4-canary.v20250701033321.min.js.br
- clerk-js/5.69.4-canary.v20250701033321/cookieSuffix_clerk.legacy.browser_6a69c4_5.69.4-canary.v20250701033321.min.js.gz
- clerk-js/5.69.4-canary.v20250701033321/cookieSuffix_clerk.legacy.browser_6a69c4_5.69.4-canary.v20250701033321.min.js.sri
- clerk-js/5.69.4-canary.v20250701033321/createorganization_clerk.browser_dca734_5.69.4-canary.v20250701033321.js.br
- clerk-js/5.69.4-canary.v20250701033321/createorganization_clerk.browser_dca734_5.69.4-canary.v20250701033321.js.gz
- clerk-js/5.69.4-canary.v20250701033321/createorganization_clerk.browser_dca734_5.69.4-canary.v20250701033321.js.sri
- clerk-js/5.69.4-canary.v20250701033321/createorganization_clerk.browser_dca734_5.69.4-canary.v20250701033321.min.js.br
- clerk-js/5.69.4-canary.v20250701033321/createorganization_clerk.browser_dca734_5.69.4-canary.v20250701033321.min.js.gz
- clerk-js/5.69.4-canary.v20250701033321/createorganization_clerk.browser_dca734_5.69.4-canary.v20250701033321.min.js.sri
- clerk-js/5.69.4-canary.v20250701033321/createorganization_clerk.chips.browser_0c6427_5.69.4-canary.v20250701033321.js.br
- clerk-js/5.69.4-canary.v20250701033321/createorganization_clerk.chips.browser_0c6427_5.69.4-canary.v20250701033321.js.gz
- clerk-js/5.69.4-canary.v20250701033321/createorganization_clerk.chips.browser_0c6427_5.69.4-canary.v20250701033321.js.sri
- clerk-js/5.69.4-canary.v20250701033321/createorganization_clerk.chips.browser_0c6427_5.69.4-canary.v20250701033321.min.js.br
- clerk-js/5.69.4-canary.v20250701033321/createorganization_clerk.chips.browser_0c6427_5.69.4-canary.v20250701033321.min.js.gz
- clerk-js/5.69.4-canary.v20250701033321/createorganization_clerk.chips.browser_0c6427_5.69.4-canary.v20250701033321.min.js.sri
- clerk-js/5.69.4-canary.v20250701033321/createorganization_clerk.legacy.browser_6a69c4_5.69.4-canary.v20250701033321.js.br
- clerk-js/5.69.4-canary.v20250701033321/createorganization_clerk.legacy.browser_6a69c4_5.69.4-canary.v20250701033321.js.gz
- clerk-js/5.69.4-canary.v20250701033321/createorganization_clerk.legacy.browser_6a69c4_5.69.4-canary.v20250701033321.js.sri
- clerk-js/5.69.4-canary.v20250701033321/createorganization_clerk.legacy.browser_6a69c4_5.69.4-canary.v20250701033321.min.js.br
- clerk-js/5.69.4-canary.v20250701033321/createorganization_clerk.legacy.browser_6a69c4_5.69.4-canary.v20250701033321.min.js.gz
- clerk-js/5.69.4-canary.v20250701033321/createorganization_clerk.legacy.browser_6a69c4_5.69.4-canary.v20250701033321.min.js.sri
- clerk-js/5.69.4-canary.v20250701033321/framework_clerk.browser_dca734_5.69.4-canary.v20250701033321.js.br
- clerk-js/5.69.4-canary.v20250701033321/framework_clerk.browser_dca734_5.69.4-canary.v20250701033321.js.gz
- clerk-js/5.69.4-canary.v20250701033321/framework_clerk.browser_dca734_5.69.4-canary.v20250701033321.js.sri
- clerk-js/5.69.4-canary.v20250701033321/framework_clerk.browser_dca734_5.69.4-canary.v20250701033321.min.js.br
- clerk-js/5.69.4-canary.v20250701033321/framework_clerk.browser_dca734_5.69.4-canary.v20250701033321.min.js.gz
- clerk-js/5.69.4-canary.v20250701033321/framework_clerk.browser_dca734_5.69.4-canary.v20250701033321.min.js.sri
- clerk-js/5.69.4-canary.v20250701033321/framework_clerk.chips.browser_0c6427_5.69.4-canary.v20250701033321.js.br
- clerk-js/5.69.4-canary.v20250701033321/framework_clerk.chips.browser_0c6427_5.69.4-canary.v20250701033321.js.gz
- clerk-js/5.69.4-canary.v20250701033321/framework_clerk.chips.browser_0c6427_5.69.4-canary.v20250701033321.js.sri
- clerk-js/5.69.4-canary.v20250701033321/framework_clerk.chips.browser_0c6427_5.69.4-canary.v20250701033321.min.js.br
- clerk-js/5.69.4-canary.v20250701033321/framework_clerk.chips.browser_0c6427_5.69.4-canary.v20250701033321.min.js.gz
- clerk-js/5.69.4-canary.v20250701033321/framework_clerk.chips.browser_0c6427_5.69.4-canary.v20250701033321.min.js.sri
- clerk-js/5.69.4-canary.v20250701033321/framework_clerk.legacy.browser_6a69c4_5.69.4-canary.v20250701033321.js.br
- clerk-js/5.69.4-canary.v20250701033321/framework_clerk.legacy.browser_6a69c4_5.69.4-canary.v20250701033321.js.gz
- clerk-js/5.69.4-canary.v20250701033321/framework_clerk.legacy.browser_6a69c4_5.69.4-canary.v20250701033321.js.sri
- clerk-js/5.69.4-canary.v20250701033321/framework_clerk.legacy.browser_6a69c4_5.69.4-canary.v20250701033321.min.js.br
- clerk-js/5.69.4-canary.v20250701033321/framework_clerk.legacy.browser_6a69c4_5.69.4-canary.v20250701033321.min.js.gz
- clerk-js/5.69.4-canary.v20250701033321/framework_clerk.legacy.browser_6a69c4_5.69.4-canary.v20250701033321.min.js.sri
- clerk-js/5.69.4-canary.v20250701033321/impersonationfab_clerk.browser_dca734_5.69.4-canary.v20250701033321.js.br
- clerk-js/5.69.4-canary.v20250701033321/impersonationfab_clerk.browser_dca734_5.69.4-canary.v20250701033321.js.gz
- clerk-js/5.69.4-canary.v20250701033321/impersonationfab_clerk.browser_dca734_5.69.4-canary.v20250701033321.js.sri
- clerk-js/5.69.4-canary.v20250701033321/impersonationfab_clerk.browser_dca734_5.69.4-canary.v20250701033321.min.js.br
- clerk-js/5.69.4-canary.v20250701033321/impersonationfab_clerk.browser_dca734_5.69.4-canary.v20250701033321.min.js.gz
- clerk-js/5.69.4-canary.v20250701033321/impersonationfab_clerk.browser_dca734_5.69.4-canary.v20250701033321.min.js.sri
- clerk-js/5.69.4-canary.v20250701033321/impersonationfab_clerk.chips.browser_0c6427_5.69.4-canary.v20250701033321.js.br
- clerk-js/5.69.4-canary.v20250701033321/impersonationfab_clerk.chips.browser_0c6427_5.69.4-canary.v20250701033321.js.gz
- clerk-js/5.69.4-canary.v20250701033321/impersonationfab_clerk.chips.browser_0c6427_5.69.4-canary.v20250701033321.js.sri
- clerk-js/5.69.4-canary.v20250701033321/impersonationfab_clerk.chips.browser_0c6427_5.69.4-canary.v20250701033321.min.js.br
- clerk-js/5.69.4-canary.v20250701033321/impersonationfab_clerk.chips.browser_0c6427_5.69.4-canary.v20250701033321.min.js.gz
- clerk-js/5.69.4-canary.v20250701033321/impersonationfab_clerk.chips.browser_0c6427_5.69.4-canary.v20250701033321.min.js.sri
- clerk-js/5.69.4-canary.v20250701033321/impersonationfab_clerk.legacy.browser_6a69c4_5.69.4-canary.v20250701033321.js.br
- clerk-js/5.69.4-canary.v20250701033321/impersonationfab_clerk.legacy.browser_6a69c4_5.69.4-canary.v20250701033321.js.gz
- clerk-js/5.69.4-canary.v20250701033321/impersonationfab_clerk.legacy.browser_6a69c4_5.69.4-canary.v20250701033321.js.sri
- clerk-js/5.69.4-canary.v20250701033321/impersonationfab_clerk.legacy.browser_6a69c4_5.69.4-canary.v20250701033321.min.js.br
- clerk-js/5.69.4-canary.v20250701033321/impersonationfab_clerk.legacy.browser_6a69c4_5.69.4-canary.v20250701033321.min.js.gz
- clerk-js/5.69.4-canary.v20250701033321/impersonationfab_clerk.legacy.browser_6a69c4_5.69.4-canary.v20250701033321.min.js.sri
- clerk-js/5.69.4-canary.v20250701033321/keylessPrompt_clerk.browser_dca734_5.69.4-canary.v20250701033321.js.br
- clerk-js/5.69.4-canary.v20250701033321/keylessPrompt_clerk.browser_dca734_5.69.4-canary.v20250701033321.js.gz
- clerk-js/5.69.4-canary.v20250701033321/keylessPrompt_clerk.browser_dca734_5.69.4-canary.v20250701033321.js.sri
- clerk-js/5.69.4-canary.v20250701033321/keylessPrompt_clerk.browser_dca734_5.69.4-canary.v20250701033321.min.js.br
- clerk-js/5.69.4-canary.v20250701033321/keylessPrompt_clerk.browser_dca734_5.69.4-canary.v20250701033321.min.js.gz
- clerk-js/5.69.4-canary.v20250701033321/keylessPrompt_clerk.browser_dca734_5.69.4-canary.v20250701033321.min.js.sri
- clerk-js/5.69.4-canary.v20250701033321/keylessPrompt_clerk.chips.browser_0c6427_5.69.4-canary.v20250701033321.js.br
- clerk-js/5.69.4-canary.v20250701033321/keylessPrompt_clerk.chips.browser_0c6427_5.69.4-canary.v20250701033321.js.gz
- clerk-js/5.69.4-canary.v20250701033321/keylessPrompt_clerk.chips.browser_0c6427_5.69.4-canary.v20250701033321.js.sri
- clerk-js/5.69.4-canary.v20250701033321/keylessPrompt_clerk.chips.browser_0c6427_5.69.4-canary.v20250701033321.min.js.br
- clerk-js/5.69.4-canary.v20250701033321/keylessPrompt_clerk.chips.browser_0c6427_5.69.4-canary.v20250701033321.min.js.gz
- clerk-js/5.69.4-canary.v20250701033321/keylessPrompt_clerk.chips.browser_0c6427_5.69.4-canary.v20250701033321.min.js.sri
- clerk-js/5.69.4-canary.v20250701033321/keylessPrompt_clerk.legacy.browser_6a69c4_5.69.4-canary.v20250701033321.js.br
- clerk-js/5.69.4-canary.v20250701033321/keylessPrompt_clerk.legacy.browser_6a69c4_5.69.4-canary.v20250701033321.js.gz
- clerk-js/5.69.4-canary.v20250701033321/keylessPrompt_clerk.legacy.browser_6a69c4_5.69.4-canary.v20250701033321.js.sri
- clerk-js/5.69.4-canary.v20250701033321/keylessPrompt_clerk.legacy.browser_6a69c4_5.69.4-canary.v20250701033321.min.js.br
- clerk-js/5.69.4-canary.v20250701033321/keylessPrompt_clerk.legacy.browser_6a69c4_5.69.4-canary.v20250701033321.min.js.gz
- clerk-js/5.69.4-canary.v20250701033321/keylessPrompt_clerk.legacy.browser_6a69c4_5.69.4-canary.v20250701033321.min.js.sri
- clerk-js/5.69.4-canary.v20250701033321/oauthConsent_clerk.browser_dca734_5.69.4-canary.v20250701033321.js.br
- clerk-js/5.69.4-canary.v20250701033321/oauthConsent_clerk.browser_dca734_5.69.4-canary.v20250701033321.js.gz
- clerk-js/5.69.4-canary.v20250701033321/oauthConsent_clerk.browser_dca734_5.69.4-canary.v20250701033321.js.sri
- clerk-js/5.69.4-canary.v20250701033321/oauthConsent_clerk.browser_dca734_5.69.4-canary.v20250701033321.min.js.br
- clerk-js/5.69.4-canary.v20250701033321/oauthConsent_clerk.browser_dca734_5.69.4-canary.v20250701033321.min.js.gz
- clerk-js/5.69.4-canary.v20250701033321/oauthConsent_clerk.browser_dca734_5.69.4-canary.v20250701033321.min.js.sri
- clerk-js/5.69.4-canary.v20250701033321/oauthConsent_clerk.chips.browser_0c6427_5.69.4-canary.v20250701033321.js.br
- clerk-js/5.69.4-canary.v20250701033321/oauthConsent_clerk.chips.browser_0c6427_5.69.4-canary.v20250701033321.js.gz
- clerk-js/5.69.4-canary.v20250701033321/oauthConsent_clerk.chips.browser_0c6427_5.69.4-canary.v20250701033321.js.sri
- clerk-js/5.69.4-canary.v20250701033321/oauthConsent_clerk.chips.browser_0c6427_5.69.4-canary.v20250701033321.min.js.br
- clerk-js/5.69.4-canary.v20250701033321/oauthConsent_clerk.chips.browser_0c6427_5.69.4-canary.v20250701033321.min.js.gz
- clerk-js/5.69.4-canary.v20250701033321/oauthConsent_clerk.chips.browser_0c6427_5.69.4-canary.v20250701033321.min.js.sri
- clerk-js/5.69.4-canary.v20250701033321/oauthConsent_clerk.legacy.browser_6a69c4_5.69.4-canary.v20250701033321.js.br
- clerk-js/5.69.4-canary.v20250701033321/oauthConsent_clerk.legacy.browser_6a69c4_5.69.4-canary.v20250701033321.js.gz
- clerk-js/5.69.4-canary.v20250701033321/oauthConsent_clerk.legacy.browser_6a69c4_5.69.4-canary.v20250701033321.js.sri
- clerk-js/5.69.4-canary.v20250701033321/oauthConsent_clerk.legacy.browser_6a69c4_5.69.4-canary.v20250701033321.min.js.br
- clerk-js/5.69.4-canary.v20250701033321/oauthConsent_clerk.legacy.browser_6a69c4_5.69.4-canary.v20250701033321.min.js.gz
- clerk-js/5.69.4-canary.v20250701033321/oauthConsent_clerk.legacy.browser_6a69c4_5.69.4-canary.v20250701033321.min.js.sri
- clerk-js/5.69.4-canary.v20250701033321/onetap_clerk.browser_dca734_5.69.4-canary.v20250701033321.js.br
- clerk-js/5.69.4-canary.v20250701033321/onetap_clerk.browser_dca734_5.69.4-canary.v20250701033321.js.gz
- clerk-js/5.69.4-canary.v20250701033321/onetap_clerk.browser_dca734_5.69.4-canary.v20250701033321.js.sri
- clerk-js/5.69.4-canary.v20250701033321/onetap_clerk.browser_dca734_5.69.4-canary.v20250701033321.min.js.br
- clerk-js/5.69.4-canary.v20250701033321/onetap_clerk.browser_dca734_5.69.4-canary.v20250701033321.min.js.gz
- clerk-js/5.69.4-canary.v20250701033321/onetap_clerk.browser_dca734_5.69.4-canary.v20250701033321.min.js.sri
- clerk-js/5.69.4-canary.v20250701033321/onetap_clerk.chips.browser_0c6427_5.69.4-canary.v20250701033321.js.br
- clerk-js/5.69.4-canary.v20250701033321/onetap_clerk.chips.browser_0c6427_5.69.4-canary.v20250701033321.js.gz
- clerk-js/5.69.4-canary.v20250701033321/onetap_clerk.chips.browser_0c6427_5.69.4-canary.v20250701033321.js.sri
- clerk-js/5.69.4-canary.v20250701033321/onetap_clerk.chips.browser_0c6427_5.69.4-canary.v20250701033321.min.js.br
- clerk-js/5.69.4-canary.v20250701033321/onetap_clerk.chips.browser_0c6427_5.69.4-canary.v20250701033321.min.js.gz
- clerk-js/5.69.4-canary.v20250701033321/onetap_clerk.chips.browser_0c6427_5.69.4-canary.v20250701033321.min.js.sri
- clerk-js/5.69.4-canary.v20250701033321/onetap_clerk.legacy.browser_6a69c4_5.69.4-canary.v20250701033321.js.br
- clerk-js/5.69.4-canary.v20250701033321/onetap_clerk.legacy.browser_6a69c4_5.69.4-canary.v20250701033321.js.gz
- clerk-js/5.69.4-canary.v20250701033321/onetap_clerk.legacy.browser_6a69c4_5.69.4-canary.v20250701033321.js.sri
- clerk-js/5.69.4-canary.v20250701033321/onetap_clerk.legacy.browser_6a69c4_5.69.4-canary.v20250701033321.min.js.br
- clerk-js/5.69.4-canary.v20250701033321/onetap_clerk.legacy.browser_6a69c4_5.69.4-canary.v20250701033321.min.js.gz
- clerk-js/5.69.4-canary.v20250701033321/onetap_clerk.legacy.browser_6a69c4_5.69.4-canary.v20250701033321.min.js.sri
- clerk-js/5.69.4-canary.v20250701033321/op-api-keys-page_clerk.browser_dca734_5.69.4-canary.v20250701033321.js.br
- clerk-js/5.69.4-canary.v20250701033321/op-api-keys-page_clerk.browser_dca734_5.69.4-canary.v20250701033321.js.gz
- clerk-js/5.69.4-canary.v20250701033321/op-api-keys-page_clerk.browser_dca734_5.69.4-canary.v20250701033321.js.sri
- clerk-js/5.69.4-canary.v20250701033321/op-api-keys-page_clerk.browser_dca734_5.69.4-canary.v20250701033321.min.js.br
- clerk-js/5.69.4-canary.v20250701033321/op-api-keys-page_clerk.browser_dca734_5.69.4-canary.v20250701033321.min.js.gz
- clerk-js/5.69.4-canary.v20250701033321/op-api-keys-page_clerk.browser_dca734_5.69.4-canary.v20250701033321.min.js.sri
- clerk-js/5.69.4-canary.v20250701033321/op-api-keys-page_clerk.chips.browser_0c6427_5.69.4-canary.v20250701033321.js.br
- clerk-js/5.69.4-canary.v20250701033321/op-api-keys-page_clerk.chips.browser_0c6427_5.69.4-canary.v20250701033321.js.gz
- clerk-js/5.69.4-canary.v20250701033321/op-api-keys-page_clerk.chips.browser_0c6427_5.69.4-canary.v20250701033321.js.sri
- clerk-js/5.69.4-canary.v20250701033321/op-api-keys-page_clerk.chips.browser_0c6427_5.69.4-canary.v20250701033321.min.js.br
- clerk-js/5.69.4-canary.v20250701033321/op-api-keys-page_clerk.chips.browser_0c6427_5.69.4-canary.v20250701033321.min.js.gz
- clerk-js/5.69.4-canary.v20250701033321/op-api-keys-page_clerk.chips.browser_0c6427_5.69.4-canary.v20250701033321.min.js.sri
- clerk-js/5.69.4-canary.v20250701033321/op-api-keys-page_clerk.legacy.browser_6a69c4_5.69.4-canary.v20250701033321.js.br
- clerk-js/5.69.4-canary.v20250701033321/op-api-keys-page_clerk.legacy.browser_6a69c4_5.69.4-canary.v20250701033321.js.gz
- clerk-js/5.69.4-canary.v20250701033321/op-api-keys-page_clerk.legacy.browser_6a69c4_5.69.4-canary.v20250701033321.js.sri
- clerk-js/5.69.4-canary.v20250701033321/op-api-keys-page_clerk.legacy.browser_6a69c4_5.69.4-canary.v20250701033321.min.js.br
- clerk-js/5.69.4-canary.v20250701033321/op-api-keys-page_clerk.legacy.browser_6a69c4_5.69.4-canary.v20250701033321.min.js.gz
- clerk-js/5.69.4-canary.v20250701033321/op-api-keys-page_clerk.legacy.browser_6a69c4_5.69.4-canary.v20250701033321.min.js.sri
- clerk-js/5.69.4-canary.v20250701033321/op-billing-page_clerk.browser_dca734_5.69.4-canary.v20250701033321.js.br
- clerk-js/5.69.4-canary.v20250701033321/op-billing-page_clerk.browser_dca734_5.69.4-canary.v20250701033321.js.gz
- clerk-js/5.69.4-canary.v20250701033321/op-billing-page_clerk.browser_dca734_5.69.4-canary.v20250701033321.js.sri
- clerk-js/5.69.4-canary.v20250701033321/op-billing-page_clerk.browser_dca734_5.69.4-canary.v20250701033321.min.js.br
- clerk-js/5.69.4-canary.v20250701033321/op-billing-page_clerk.browser_dca734_5.69.4-canary.v20250701033321.min.js.gz
- clerk-js/5.69.4-canary.v20250701033321/op-billing-page_clerk.browser_dca734_5.69.4-canary.v20250701033321.min.js.sri
- clerk-js/5.69.4-canary.v20250701033321/op-billing-page_clerk.chips.browser_0c6427_5.69.4-canary.v20250701033321.js.br
- clerk-js/5.69.4-canary.v20250701033321/op-billing-page_clerk.chips.browser_0c6427_5.69.4-canary.v20250701033321.js.gz
- clerk-js/5.69.4-canary.v20250701033321/op-billing-page_clerk.chips.browser_0c6427_5.69.4-canary.v20250701033321.js.sri
- clerk-js/5.69.4-canary.v20250701033321/op-billing-page_clerk.chips.browser_0c6427_5.69.4-canary.v20250701033321.min.js.br
- clerk-js/5.69.4-canary.v20250701033321/op-billing-page_clerk.chips.browser_0c6427_5.69.4-canary.v20250701033321.min.js.gz
- clerk-js/5.69.4-canary.v20250701033321/op-billing-page_clerk.chips.browser_0c6427_5.69.4-canary.v20250701033321.min.js.sri
- clerk-js/5.69.4-canary.v20250701033321/op-billing-page_clerk.legacy.browser_6a69c4_5.69.4-canary.v20250701033321.js.br
- clerk-js/5.69.4-canary.v20250701033321/op-billing-page_clerk.legacy.browser_6a69c4_5.69.4-canary.v20250701033321.js.gz
- clerk-js/5.69.4-canary.v20250701033321/op-billing-page_clerk.legacy.browser_6a69c4_5.69.4-canary.v20250701033321.js.sri
- clerk-js/5.69.4-canary.v20250701033321/op-billing-page_clerk.legacy.browser_6a69c4_5.69.4-canary.v20250701033321.min.js.br
- clerk-js/5.69.4-canary.v20250701033321/op-billing-page_clerk.legacy.browser_6a69c4_5.69.4-canary.v20250701033321.min.js.gz
- clerk-js/5.69.4-canary.v20250701033321/op-billing-page_clerk.legacy.browser_6a69c4_5.69.4-canary.v20250701033321.min.js.sri
- clerk-js/5.69.4-canary.v20250701033321/organizationlist_clerk.browser_dca734_5.69.4-canary.v20250701033321.js.br
- clerk-js/5.69.4-canary.v20250701033321/organizationlist_clerk.browser_dca734_5.69.4-canary.v20250701033321.js.gz
- clerk-js/5.69.4-canary.v20250701033321/organizationlist_clerk.browser_dca734_5.69.4-canary.v20250701033321.js.sri
- clerk-js/5.69.4-canary.v20250701033321/organizationlist_clerk.browser_dca734_5.69.4-canary.v20250701033321.min.js.br
- clerk-js/5.69.4-canary.v20250701033321/organizationlist_clerk.browser_dca734_5.69.4-canary.v20250701033321.min.js.gz
- clerk-js/5.69.4-canary.v20250701033321/organizationlist_clerk.browser_dca734_5.69.4-canary.v20250701033321.min.js.sri
- clerk-js/5.69.4-canary.v20250701033321/organizationlist_clerk.chips.browser_0c6427_5.69.4-canary.v20250701033321.js.br
- clerk-js/5.69.4-canary.v20250701033321/organizationlist_clerk.chips.browser_0c6427_5.69.4-canary.v20250701033321.js.gz
- clerk-js/5.69.4-canary.v20250701033321/organizationlist_clerk.chips.browser_0c6427_5.69.4-canary.v20250701033321.js.sri
- clerk-js/5.69.4-canary.v20250701033321/organizationlist_clerk.chips.browser_0c6427_5.69.4-canary.v20250701033321.min.js.br
- clerk-js/5.69.4-canary.v20250701033321/organizationlist_clerk.chips.browser_0c6427_5.69.4-canary.v20250701033321.min.js.gz
- clerk-js/5.69.4-canary.v20250701033321/organizationlist_clerk.chips.browser_0c6427_5.69.4-canary.v20250701033321.min.js.sri
- clerk-js/5.69.4-canary.v20250701033321/organizationlist_clerk.legacy.browser_6a69c4_5.69.4-canary.v20250701033321.js.br
- clerk-js/5.69.4-canary.v20250701033321/organizationlist_clerk.legacy.browser_6a69c4_5.69.4-canary.v20250701033321.js.gz
- clerk-js/5.69.4-canary.v20250701033321/organizationlist_clerk.legacy.browser_6a69c4_5.69.4-canary.v20250701033321.js.sri
- clerk-js/5.69.4-canary.v20250701033321/organizationlist_clerk.legacy.browser_6a69c4_5.69.4-canary.v20250701033321.min.js.br
- clerk-js/5.69.4-canary.v20250701033321/organizationlist_clerk.legacy.browser_6a69c4_5.69.4-canary.v20250701033321.min.js.gz
- clerk-js/5.69.4-canary.v20250701033321/organizationlist_clerk.legacy.browser_6a69c4_5.69.4-canary.v20250701033321.min.js.sri
- clerk-js/5.69.4-canary.v20250701033321/organizationprofile_clerk.browser_dca734_5.69.4-canary.v20250701033321.js.br
- clerk-js/5.69.4-canary.v20250701033321/organizationprofile_clerk.browser_dca734_5.69.4-canary.v20250701033321.js.gz
- clerk-js/5.69.4-canary.v20250701033321/organizationprofile_clerk.browser_dca734_5.69.4-canary.v20250701033321.js.sri
- clerk-js/5.69.4-canary.v20250701033321/organizationprofile_clerk.browser_dca734_5.69.4-canary.v20250701033321.min.js.br
- clerk-js/5.69.4-canary.v20250701033321/organizationprofile_clerk.browser_dca734_5.69.4-canary.v20250701033321.min.js.gz
- clerk-js/5.69.4-canary.v20250701033321/organizationprofile_clerk.browser_dca734_5.69.4-canary.v20250701033321.min.js.sri
- clerk-js/5.69.4-canary.v20250701033321/organizationprofile_clerk.chips.browser_0c6427_5.69.4-canary.v20250701033321.js.br
- clerk-js/5.69.4-canary.v20250701033321/organizationprofile_clerk.chips.browser_0c6427_5.69.4-canary.v20250701033321.js.gz
- clerk-js/5.69.4-canary.v20250701033321/organizationprofile_clerk.chips.browser_0c6427_5.69.4-canary.v20250701033321.js.sri
- clerk-js/5.69.4-canary.v20250701033321/organizationprofile_clerk.chips.browser_0c6427_5.69.4-canary.v20250701033321.min.js.br
- clerk-js/5.69.4-canary.v20250701033321/organizationprofile_clerk.chips.browser_0c6427_5.69.4-canary.v20250701033321.min.js.gz
- clerk-js/5.69.4-canary.v20250701033321/organizationprofile_clerk.chips.browser_0c6427_5.69.4-canary.v20250701033321.min.js.sri
- clerk-js/5.69.4-canary.v20250701033321/organizationprofile_clerk.legacy.browser_6a69c4_5.69.4-canary.v20250701033321.js.br
- clerk-js/5.69.4-canary.v20250701033321/organizationprofile_clerk.legacy.browser_6a69c4_5.69.4-canary.v20250701033321.js.gz
- clerk-js/5.69.4-canary.v20250701033321/organizationprofile_clerk.legacy.browser_6a69c4_5.69.4-canary.v20250701033321.js.sri
- clerk-js/5.69.4-canary.v20250701033321/organizationprofile_clerk.legacy.browser_6a69c4_5.69.4-canary.v20250701033321.min.js.br
- clerk-js/5.69.4-canary.v20250701033321/organizationprofile_clerk.legacy.browser_6a69c4_5.69.4-canary.v20250701033321.min.js.gz
- clerk-js/5.69.4-canary.v20250701033321/organizationprofile_clerk.legacy.browser_6a69c4_5.69.4-canary.v20250701033321.min.js.sri
- clerk-js/5.69.4-canary.v20250701033321/organizationswitcher_clerk.browser_dca734_5.69.4-canary.v20250701033321.js.br
- clerk-js/5.69.4-canary.v20250701033321/organizationswitcher_clerk.browser_dca734_5.69.4-canary.v20250701033321.js.gz
- clerk-js/5.69.4-canary.v20250701033321/organizationswitcher_clerk.browser_dca734_5.69.4-canary.v20250701033321.js.sri
- clerk-js/5.69.4-canary.v20250701033321/organizationswitcher_clerk.browser_dca734_5.69.4-canary.v20250701033321.min.js.br
- clerk-js/5.69.4-canary.v20250701033321/organizationswitcher_clerk.browser_dca734_5.69.4-canary.v20250701033321.min.js.gz
- clerk-js/5.69.4-canary.v20250701033321/organizationswitcher_clerk.browser_dca734_5.69.4-canary.v20250701033321.min.js.sri
- clerk-js/5.69.4-canary.v20250701033321/organizationswitcher_clerk.chips.browser_0c6427_5.69.4-canary.v20250701033321.js.br
- clerk-js/5.69.4-canary.v20250701033321/organizationswitcher_clerk.chips.browser_0c6427_5.69.4-canary.v20250701033321.js.gz
- clerk-js/5.69.4-canary.v20250701033321/organizationswitcher_clerk.chips.browser_0c6427_5.69.4-canary.v20250701033321.js.sri
- clerk-js/5.69.4-canary.v20250701033321/organizationswitcher_clerk.chips.browser_0c6427_5.69.4-canary.v20250701033321.min.js.br
- clerk-js/5.69.4-canary.v20250701033321/organizationswitcher_clerk.chips.browser_0c6427_5.69.4-canary.v20250701033321.min.js.gz
- clerk-js/5.69.4-canary.v20250701033321/organizationswitcher_clerk.chips.browser_0c6427_5.69.4-canary.v20250701033321.min.js.sri
- clerk-js/5.69.4-canary.v20250701033321/organizationswitcher_clerk.legacy.browser_6a69c4_5.69.4-canary.v20250701033321.js.br
- clerk-js/5.69.4-canary.v20250701033321/organizationswitcher_clerk.legacy.browser_6a69c4_5.69.4-canary.v20250701033321.js.gz
- clerk-js/5.69.4-canary.v20250701033321/organizationswitcher_clerk.legacy.browser_6a69c4_5.69.4-canary.v20250701033321.js.sri
- clerk-js/5.69.4-canary.v20250701033321/organizationswitcher_clerk.legacy.browser_6a69c4_5.69.4-canary.v20250701033321.min.js.br
- clerk-js/5.69.4-canary.v20250701033321/organizationswitcher_clerk.legacy.browser_6a69c4_5.69.4-canary.v20250701033321.min.js.gz
- clerk-js/5.69.4-canary.v20250701033321/organizationswitcher_clerk.legacy.browser_6a69c4_5.69.4-canary.v20250701033321.min.js.sri
- clerk-js/5.69.4-canary.v20250701033321/paymentSources_clerk.browser_dca734_5.69.4-canary.v20250701033321.js.br
- clerk-js/5.69.4-canary.v20250701033321/paymentSources_clerk.browser_dca734_5.69.4-canary.v20250701033321.js.gz
- clerk-js/5.69.4-canary.v20250701033321/paymentSources_clerk.browser_dca734_5.69.4-canary.v20250701033321.js.sri
- clerk-js/5.69.4-canary.v20250701033321/paymentSources_clerk.browser_dca734_5.69.4-canary.v20250701033321.min.js.br
- clerk-js/5.69.4-canary.v20250701033321/paymentSources_clerk.browser_dca734_5.69.4-canary.v20250701033321.min.js.gz
- clerk-js/5.69.4-canary.v20250701033321/paymentSources_clerk.browser_dca734_5.69.4-canary.v20250701033321.min.js.sri
- clerk-js/5.69.4-canary.v20250701033321/paymentSources_clerk.chips.browser_0c6427_5.69.4-canary.v20250701033321.js.br
- clerk-js/5.69.4-canary.v20250701033321/paymentSources_clerk.chips.browser_0c6427_5.69.4-canary.v20250701033321.js.gz
- clerk-js/5.69.4-canary.v20250701033321/paymentSources_clerk.chips.browser_0c6427_5.69.4-canary.v20250701033321.js.sri
- clerk-js/5.69.4-canary.v20250701033321/paymentSources_clerk.chips.browser_0c6427_5.69.4-canary.v20250701033321.min.js.br
- clerk-js/5.69.4-canary.v20250701033321/paymentSources_clerk.chips.browser_0c6427_5.69.4-canary.v20250701033321.min.js.gz
- clerk-js/5.69.4-canary.v20250701033321/paymentSources_clerk.chips.browser_0c6427_5.69.4-canary.v20250701033321.min.js.sri
- clerk-js/5.69.4-canary.v20250701033321/paymentSources_clerk.legacy.browser_6a69c4_5.69.4-canary.v20250701033321.js.br
- clerk-js/5.69.4-canary.v20250701033321/paymentSources_clerk.legacy.browser_6a69c4_5.69.4-canary.v20250701033321.js.gz
- clerk-js/5.69.4-canary.v20250701033321/paymentSources_clerk.legacy.browser_6a69c4_5.69.4-canary.v20250701033321.js.sri
- clerk-js/5.69.4-canary.v20250701033321/paymentSources_clerk.legacy.browser_6a69c4_5.69.4-canary.v20250701033321.min.js.br
- clerk-js/5.69.4-canary.v20250701033321/paymentSources_clerk.legacy.browser_6a69c4_5.69.4-canary.v20250701033321.min.js.gz
- clerk-js/5.69.4-canary.v20250701033321/paymentSources_clerk.legacy.browser_6a69c4_5.69.4-canary.v20250701033321.min.js.sri
- clerk-js/5.69.4-canary.v20250701033321/planDetails_clerk.browser_dca734_5.69.4-canary.v20250701033321.js.br
- clerk-js/5.69.4-canary.v20250701033321/planDetails_clerk.browser_dca734_5.69.4-canary.v20250701033321.js.gz
- clerk-js/5.69.4-canary.v20250701033321/planDetails_clerk.browser_dca734_5.69.4-canary.v20250701033321.js.sri
- clerk-js/5.69.4-canary.v20250701033321/planDetails_clerk.browser_dca734_5.69.4-canary.v20250701033321.min.js.br
- clerk-js/5.69.4-canary.v20250701033321/planDetails_clerk.browser_dca734_5.69.4-canary.v20250701033321.min.js.gz
- clerk-js/5.69.4-canary.v20250701033321/planDetails_clerk.browser_dca734_5.69.4-canary.v20250701033321.min.js.sri
- clerk-js/5.69.4-canary.v20250701033321/planDetails_clerk.chips.browser_0c6427_5.69.4-canary.v20250701033321.js.br
- clerk-js/5.69.4-canary.v20250701033321/planDetails_clerk.chips.browser_0c6427_5.69.4-canary.v20250701033321.js.gz
- clerk-js/5.69.4-canary.v20250701033321/planDetails_clerk.chips.browser_0c6427_5.69.4-canary.v20250701033321.js.sri
- clerk-js/5.69.4-canary.v20250701033321/planDetails_clerk.chips.browser_0c6427_5.69.4-canary.v20250701033321.min.js.br
- clerk-js/5.69.4-canary.v20250701033321/planDetails_clerk.chips.browser_0c6427_5.69.4-canary.v20250701033321.min.js.gz
- clerk-js/5.69.4-canary.v20250701033321/planDetails_clerk.chips.browser_0c6427_5.69.4-canary.v20250701033321.min.js.sri
- clerk-js/5.69.4-canary.v20250701033321/planDetails_clerk.legacy.browser_6a69c4_5.69.4-canary.v20250701033321.js.br
- clerk-js/5.69.4-canary.v20250701033321/planDetails_clerk.legacy.browser_6a69c4_5.69.4-canary.v20250701033321.js.gz
- clerk-js/5.69.4-canary.v20250701033321/planDetails_clerk.legacy.browser_6a69c4_5.69.4-canary.v20250701033321.js.sri
- clerk-js/5.69.4-canary.v20250701033321/planDetails_clerk.legacy.browser_6a69c4_5.69.4-canary.v20250701033321.min.js.br
- clerk-js/5.69.4-canary.v20250701033321/planDetails_clerk.legacy.browser_6a69c4_5.69.4-canary.v20250701033321.min.js.gz
- clerk-js/5.69.4-canary.v20250701033321/planDetails_clerk.legacy.browser_6a69c4_5.69.4-canary.v20250701033321.min.js.sri
- clerk-js/5.69.4-canary.v20250701033321/prefetchorganizationlist_clerk.browser_dca734_5.69.4-canary.v20250701033321.js.br
- clerk-js/5.69.4-canary.v20250701033321/prefetchorganizationlist_clerk.browser_dca734_5.69.4-canary.v20250701033321.js.gz
- clerk-js/5.69.4-canary.v20250701033321/prefetchorganizationlist_clerk.browser_dca734_5.69.4-canary.v20250701033321.js.sri
- clerk-js/5.69.4-canary.v20250701033321/prefetchorganizationlist_clerk.browser_dca734_5.69.4-canary.v20250701033321.min.js.br
- clerk-js/5.69.4-canary.v20250701033321/prefetchorganizationlist_clerk.browser_dca734_5.69.4-canary.v20250701033321.min.js.gz
- clerk-js/5.69.4-canary.v20250701033321/prefetchorganizationlist_clerk.browser_dca734_5.69.4-canary.v20250701033321.min.js.sri
- clerk-js/5.69.4-canary.v20250701033321/prefetchorganizationlist_clerk.chips.browser_0c6427_5.69.4-canary.v20250701033321.js.br
- clerk-js/5.69.4-canary.v20250701033321/prefetchorganizationlist_clerk.chips.browser_0c6427_5.69.4-canary.v20250701033321.js.gz
- clerk-js/5.69.4-canary.v20250701033321/prefetchorganizationlist_clerk.chips.browser_0c6427_5.69.4-canary.v20250701033321.js.sri
- clerk-js/5.69.4-canary.v20250701033321/prefetchorganizationlist_clerk.chips.browser_0c6427_5.69.4-canary.v20250701033321.min.js.br
- clerk-js/5.69.4-canary.v20250701033321/prefetchorganizationlist_clerk.chips.browser_0c6427_5.69.4-canary.v20250701033321.min.js.gz
- clerk-js/5.69.4-canary.v20250701033321/prefetchorganizationlist_clerk.chips.browser_0c6427_5.69.4-canary.v20250701033321.min.js.sri
- clerk-js/5.69.4-canary.v20250701033321/prefetchorganizationlist_clerk.legacy.browser_6a69c4_5.69.4-canary.v20250701033321.js.br
- clerk-js/5.69.4-canary.v20250701033321/prefetchorganizationlist_clerk.legacy.browser_6a69c4_5.69.4-canary.v20250701033321.js.gz
- clerk-js/5.69.4-canary.v20250701033321/prefetchorganizationlist_clerk.legacy.browser_6a69c4_5.69.4-canary.v20250701033321.js.sri
- clerk-js/5.69.4-canary.v20250701033321/prefetchorganizationlist_clerk.legacy.browser_6a69c4_5.69.4-canary.v20250701033321.min.js.br
- clerk-js/5.69.4-canary.v20250701033321/prefetchorganizationlist_clerk.legacy.browser_6a69c4_5.69.4-canary.v20250701033321.min.js.gz
- clerk-js/5.69.4-canary.v20250701033321/prefetchorganizationlist_clerk.legacy.browser_6a69c4_5.69.4-canary.v20250701033321.min.js.sri
- clerk-js/5.69.4-canary.v20250701033321/pricingTable_clerk.browser_dca734_5.69.4-canary.v20250701033321.js.br
- clerk-js/5.69.4-canary.v20250701033321/pricingTable_clerk.browser_dca734_5.69.4-canary.v20250701033321.js.gz
- clerk-js/5.69.4-canary.v20250701033321/pricingTable_clerk.browser_dca734_5.69.4-canary.v20250701033321.js.sri
- clerk-js/5.69.4-canary.v20250701033321/pricingTable_clerk.browser_dca734_5.69.4-canary.v20250701033321.min.js.br
- clerk-js/5.69.4-canary.v20250701033321/pricingTable_clerk.browser_dca734_5.69.4-canary.v20250701033321.min.js.gz
- clerk-js/5.69.4-canary.v20250701033321/pricingTable_clerk.browser_dca734_5.69.4-canary.v20250701033321.min.js.sri
- clerk-js/5.69.4-canary.v20250701033321/pricingTable_clerk.chips.browser_0c6427_5.69.4-canary.v20250701033321.js.br
- clerk-js/5.69.4-canary.v20250701033321/pricingTable_clerk.chips.browser_0c6427_5.69.4-canary.v20250701033321.js.gz
- clerk-js/5.69.4-canary.v20250701033321/pricingTable_clerk.chips.browser_0c6427_5.69.4-canary.v20250701033321.js.sri
- clerk-js/5.69.4-canary.v20250701033321/pricingTable_clerk.chips.browser_0c6427_5.69.4-canary.v20250701033321.min.js.br
- clerk-js/5.69.4-canary.v20250701033321/pricingTable_clerk.chips.browser_0c6427_5.69.4-canary.v20250701033321.min.js.gz
- clerk-js/5.69.4-canary.v20250701033321/pricingTable_clerk.chips.browser_0c6427_5.69.4-canary.v20250701033321.min.js.sri
- clerk-js/5.69.4-canary.v20250701033321/pricingTable_clerk.legacy.browser_6a69c4_5.69.4-canary.v20250701033321.js.br
- clerk-js/5.69.4-canary.v20250701033321/pricingTable_clerk.legacy.browser_6a69c4_5.69.4-canary.v20250701033321.js.gz
- clerk-js/5.69.4-canary.v20250701033321/pricingTable_clerk.legacy.browser_6a69c4_5.69.4-canary.v20250701033321.js.sri
- clerk-js/5.69.4-canary.v20250701033321/pricingTable_clerk.legacy.browser_6a69c4_5.69.4-canary.v20250701033321.min.js.br
- clerk-js/5.69.4-canary.v20250701033321/pricingTable_clerk.legacy.browser_6a69c4_5.69.4-canary.v20250701033321.min.js.gz
- clerk-js/5.69.4-canary.v20250701033321/pricingTable_clerk.legacy.browser_6a69c4_5.69.4-canary.v20250701033321.min.js.sri
- clerk-js/5.69.4-canary.v20250701033321/revoke-api-key-modal_clerk.browser_dca734_5.69.4-canary.v20250701033321.js.br
- clerk-js/5.69.4-canary.v20250701033321/revoke-api-key-modal_clerk.browser_dca734_5.69.4-canary.v20250701033321.js.gz
- clerk-js/5.69.4-canary.v20250701033321/revoke-api-key-modal_clerk.browser_dca734_5.69.4-canary.v20250701033321.js.sri
- clerk-js/5.69.4-canary.v20250701033321/revoke-api-key-modal_clerk.browser_dca734_5.69.4-canary.v20250701033321.min.js.br
- clerk-js/5.69.4-canary.v20250701033321/revoke-api-key-modal_clerk.browser_dca734_5.69.4-canary.v20250701033321.min.js.gz
- clerk-js/5.69.4-canary.v20250701033321/revoke-api-key-modal_clerk.browser_dca734_5.69.4-canary.v20250701033321.min.js.sri
- clerk-js/5.69.4-canary.v20250701033321/revoke-api-key-modal_clerk.chips.browser_0c6427_5.69.4-canary.v20250701033321.js.br
- clerk-js/5.69.4-canary.v20250701033321/revoke-api-key-modal_clerk.chips.browser_0c6427_5.69.4-canary.v20250701033321.js.gz
- clerk-js/5.69.4-canary.v20250701033321/revoke-api-key-modal_clerk.chips.browser_0c6427_5.69.4-canary.v20250701033321.js.sri
- clerk-js/5.69.4-canary.v20250701033321/revoke-api-key-modal_clerk.chips.browser_0c6427_5.69.4-canary.v20250701033321.min.js.br
- clerk-js/5.69.4-canary.v20250701033321/revoke-api-key-modal_clerk.chips.browser_0c6427_5.69.4-canary.v20250701033321.min.js.gz
- clerk-js/5.69.4-canary.v20250701033321/revoke-api-key-modal_clerk.chips.browser_0c6427_5.69.4-canary.v20250701033321.min.js.sri
- clerk-js/5.69.4-canary.v20250701033321/revoke-api-key-modal_clerk.legacy.browser_6a69c4_5.69.4-canary.v20250701033321.js.br
- clerk-js/5.69.4-canary.v20250701033321/revoke-api-key-modal_clerk.legacy.browser_6a69c4_5.69.4-canary.v20250701033321.js.gz
- clerk-js/5.69.4-canary.v20250701033321/revoke-api-key-modal_clerk.legacy.browser_6a69c4_5.69.4-canary.v20250701033321.js.sri
- clerk-js/5.69.4-canary.v20250701033321/revoke-api-key-modal_clerk.legacy.browser_6a69c4_5.69.4-canary.v20250701033321.min.js.br
- clerk-js/5.69.4-canary.v20250701033321/revoke-api-key-modal_clerk.legacy.browser_6a69c4_5.69.4-canary.v20250701033321.min.js.gz
- clerk-js/5.69.4-canary.v20250701033321/revoke-api-key-modal_clerk.legacy.browser_6a69c4_5.69.4-canary.v20250701033321.min.js.sri
- clerk-js/5.69.4-canary.v20250701033321/sessionTasks_clerk.browser_dca734_5.69.4-canary.v20250701033321.js.br
- clerk-js/5.69.4-canary.v20250701033321/sessionTasks_clerk.browser_dca734_5.69.4-canary.v20250701033321.js.gz
- clerk-js/5.69.4-canary.v20250701033321/sessionTasks_clerk.browser_dca734_5.69.4-canary.v20250701033321.js.sri
- clerk-js/5.69.4-canary.v20250701033321/sessionTasks_clerk.browser_dca734_5.69.4-canary.v20250701033321.min.js.br
- clerk-js/5.69.4-canary.v20250701033321/sessionTasks_clerk.browser_dca734_5.69.4-canary.v20250701033321.min.js.gz
- clerk-js/5.69.4-canary.v20250701033321/sessionTasks_clerk.browser_dca734_5.69.4-canary.v20250701033321.min.js.sri
- clerk-js/5.69.4-canary.v20250701033321/sessionTasks_clerk.chips.browser_0c6427_5.69.4-canary.v20250701033321.js.br
- clerk-js/5.69.4-canary.v20250701033321/sessionTasks_clerk.chips.browser_0c6427_5.69.4-canary.v20250701033321.js.gz
- clerk-js/5.69.4-canary.v20250701033321/sessionTasks_clerk.chips.browser_0c6427_5.69.4-canary.v20250701033321.js.sri
- clerk-js/5.69.4-canary.v20250701033321/sessionTasks_clerk.chips.browser_0c6427_5.69.4-canary.v20250701033321.min.js.br
- clerk-js/5.69.4-canary.v20250701033321/sessionTasks_clerk.chips.browser_0c6427_5.69.4-canary.v20250701033321.min.js.gz
- clerk-js/5.69.4-canary.v20250701033321/sessionTasks_clerk.chips.browser_0c6427_5.69.4-canary.v20250701033321.min.js.sri
- clerk-js/5.69.4-canary.v20250701033321/sessionTasks_clerk.legacy.browser_6a69c4_5.69.4-canary.v20250701033321.js.br
- clerk-js/5.69.4-canary.v20250701033321/sessionTasks_clerk.legacy.browser_6a69c4_5.69.4-canary.v20250701033321.js.gz
- clerk-js/5.69.4-canary.v20250701033321/sessionTasks_clerk.legacy.browser_6a69c4_5.69.4-canary.v20250701033321.js.sri
- clerk-js/5.69.4-canary.v20250701033321/sessionTasks_clerk.legacy.browser_6a69c4_5.69.4-canary.v20250701033321.min.js.br
- clerk-js/5.69.4-canary.v20250701033321/sessionTasks_clerk.legacy.browser_6a69c4_5.69.4-canary.v20250701033321.min.js.gz
- clerk-js/5.69.4-canary.v20250701033321/sessionTasks_clerk.legacy.browser_6a69c4_5.69.4-canary.v20250701033321.min.js.sri
- clerk-js/5.69.4-canary.v20250701033321/signin_clerk.browser_dca734_5.69.4-canary.v20250701033321.js.br
- clerk-js/5.69.4-canary.v20250701033321/signin_clerk.browser_dca734_5.69.4-canary.v20250701033321.js.gz
- clerk-js/5.69.4-canary.v20250701033321/signin_clerk.browser_dca734_5.69.4-canary.v20250701033321.js.sri
- clerk-js/5.69.4-canary.v20250701033321/signin_clerk.browser_dca734_5.69.4-canary.v20250701033321.min.js.br
- clerk-js/5.69.4-canary.v20250701033321/signin_clerk.browser_dca734_5.69.4-canary.v20250701033321.min.js.gz
- clerk-js/5.69.4-canary.v20250701033321/signin_clerk.browser_dca734_5.69.4-canary.v20250701033321.min.js.sri
- clerk-js/5.69.4-canary.v20250701033321/signin_clerk.chips.browser_0c6427_5.69.4-canary.v20250701033321.js.br
- clerk-js/5.69.4-canary.v20250701033321/signin_clerk.chips.browser_0c6427_5.69.4-canary.v20250701033321.js.gz
- clerk-js/5.69.4-canary.v20250701033321/signin_clerk.chips.browser_0c6427_5.69.4-canary.v20250701033321.js.sri
- clerk-js/5.69.4-canary.v20250701033321/signin_clerk.chips.browser_0c6427_5.69.4-canary.v20250701033321.min.js.br
- clerk-js/5.69.4-canary.v20250701033321/signin_clerk.chips.browser_0c6427_5.69.4-canary.v20250701033321.min.js.gz
- clerk-js/5.69.4-canary.v20250701033321/signin_clerk.chips.browser_0c6427_5.69.4-canary.v20250701033321.min.js.sri
- clerk-js/5.69.4-canary.v20250701033321/signin_clerk.legacy.browser_6a69c4_5.69.4-canary.v20250701033321.js.br
- clerk-js/5.69.4-canary.v20250701033321/signin_clerk.legacy.browser_6a69c4_5.69.4-canary.v20250701033321.js.gz
- clerk-js/5.69.4-canary.v20250701033321/signin_clerk.legacy.browser_6a69c4_5.69.4-canary.v20250701033321.js.sri
- clerk-js/5.69.4-canary.v20250701033321/signin_clerk.legacy.browser_6a69c4_5.69.4-canary.v20250701033321.min.js.br
- clerk-js/5.69.4-canary.v20250701033321/signin_clerk.legacy.browser_6a69c4_5.69.4-canary.v20250701033321.min.js.gz
- clerk-js/5.69.4-canary.v20250701033321/signin_clerk.legacy.browser_6a69c4_5.69.4-canary.v20250701033321.min.js.sri
- clerk-js/5.69.4-canary.v20250701033321/signup_clerk.browser_dca734_5.69.4-canary.v20250701033321.js.br
- clerk-js/5.69.4-canary.v20250701033321/signup_clerk.browser_dca734_5.69.4-canary.v20250701033321.js.gz
- clerk-js/5.69.4-canary.v20250701033321/signup_clerk.browser_dca734_5.69.4-canary.v20250701033321.js.sri
- clerk-js/5.69.4-canary.v20250701033321/signup_clerk.browser_dca734_5.69.4-canary.v20250701033321.min.js.br
- clerk-js/5.69.4-canary.v20250701033321/signup_clerk.browser_dca734_5.69.4-canary.v20250701033321.min.js.gz
- clerk-js/5.69.4-canary.v20250701033321/signup_clerk.browser_dca734_5.69.4-canary.v20250701033321.min.js.sri
- clerk-js/5.69.4-canary.v20250701033321/signup_clerk.chips.browser_0c6427_5.69.4-canary.v20250701033321.js.br
- clerk-js/5.69.4-canary.v20250701033321/signup_clerk.chips.browser_0c6427_5.69.4-canary.v20250701033321.js.gz
- clerk-js/5.69.4-canary.v20250701033321/signup_clerk.chips.browser_0c6427_5.69.4-canary.v20250701033321.js.sri
- clerk-js/5.69.4-canary.v20250701033321/signup_clerk.chips.browser_0c6427_5.69.4-canary.v20250701033321.min.js.br
- clerk-js/5.69.4-canary.v20250701033321/signup_clerk.chips.browser_0c6427_5.69.4-canary.v20250701033321.min.js.gz
- clerk-js/5.69.4-canary.v20250701033321/signup_clerk.chips.browser_0c6427_5.69.4-canary.v20250701033321.min.js.sri
- clerk-js/5.69.4-canary.v20250701033321/signup_clerk.legacy.browser_6a69c4_5.69.4-canary.v20250701033321.js.br
- clerk-js/5.69.4-canary.v20250701033321/signup_clerk.legacy.browser_6a69c4_5.69.4-canary.v20250701033321.js.gz
- clerk-js/5.69.4-canary.v20250701033321/signup_clerk.legacy.browser_6a69c4_5.69.4-canary.v20250701033321.js.sri
- clerk-js/5.69.4-canary.v20250701033321/signup_clerk.legacy.browser_6a69c4_5.69.4-canary.v20250701033321.min.js.br
- clerk-js/5.69.4-canary.v20250701033321/signup_clerk.legacy.browser_6a69c4_5.69.4-canary.v20250701033321.min.js.gz
- clerk-js/5.69.4-canary.v20250701033321/signup_clerk.legacy.browser_6a69c4_5.69.4-canary.v20250701033321.min.js.sri
- clerk-js/5.69.4-canary.v20250701033321/ui-common_clerk.browser_dca734_5.69.4-canary.v20250701033321.js.br
- clerk-js/5.69.4-canary.v20250701033321/ui-common_clerk.browser_dca734_5.69.4-canary.v20250701033321.js.gz
- clerk-js/5.69.4-canary.v20250701033321/ui-common_clerk.browser_dca734_5.69.4-canary.v20250701033321.js.sri
- clerk-js/5.69.4-canary.v20250701033321/ui-common_clerk.browser_dca734_5.69.4-canary.v20250701033321.min.js.br
- clerk-js/5.69.4-canary.v20250701033321/ui-common_clerk.browser_dca734_5.69.4-canary.v20250701033321.min.js.gz
- clerk-js/5.69.4-canary.v20250701033321/ui-common_clerk.browser_dca734_5.69.4-canary.v20250701033321.min.js.sri
- clerk-js/5.69.4-canary.v20250701033321/ui-common_clerk.chips.browser_0c6427_5.69.4-canary.v20250701033321.js.br
- clerk-js/5.69.4-canary.v20250701033321/ui-common_clerk.chips.browser_0c6427_5.69.4-canary.v20250701033321.js.gz
- clerk-js/5.69.4-canary.v20250701033321/ui-common_clerk.chips.browser_0c6427_5.69.4-canary.v20250701033321.js.sri
- clerk-js/5.69.4-canary.v20250701033321/ui-common_clerk.chips.browser_0c6427_5.69.4-canary.v20250701033321.min.js.br
- clerk-js/5.69.4-canary.v20250701033321/ui-common_clerk.chips.browser_0c6427_5.69.4-canary.v20250701033321.min.js.gz
- clerk-js/5.69.4-canary.v20250701033321/ui-common_clerk.chips.browser_0c6427_5.69.4-canary.v20250701033321.min.js.sri
- clerk-js/5.69.4-canary.v20250701033321/ui-common_clerk.legacy.browser_6a69c4_5.69.4-canary.v20250701033321.js.br
- clerk-js/5.69.4-canary.v20250701033321/ui-common_clerk.legacy.browser_6a69c4_5.69.4-canary.v20250701033321.js.gz
- clerk-js/5.69.4-canary.v20250701033321/ui-common_clerk.legacy.browser_6a69c4_5.69.4-canary.v20250701033321.js.sri
- clerk-js/5.69.4-canary.v20250701033321/ui-common_clerk.legacy.browser_6a69c4_5.69.4-canary.v20250701033321.min.js.br
- clerk-js/5.69.4-canary.v20250701033321/ui-common_clerk.legacy.browser_6a69c4_5.69.4-canary.v20250701033321.min.js.gz
- clerk-js/5.69.4-canary.v20250701033321/ui-common_clerk.legacy.browser_6a69c4_5.69.4-canary.v20250701033321.min.js.sri
- clerk-js/5.69.4-canary.v20250701033321/up-api-keys-page_clerk.browser_dca734_5.69.4-canary.v20250701033321.js.br
- clerk-js/5.69.4-canary.v20250701033321/up-api-keys-page_clerk.browser_dca734_5.69.4-canary.v20250701033321.js.gz
- clerk-js/5.69.4-canary.v20250701033321/up-api-keys-page_clerk.browser_dca734_5.69.4-canary.v20250701033321.js.sri
- clerk-js/5.69.4-canary.v20250701033321/up-api-keys-page_clerk.browser_dca734_5.69.4-canary.v20250701033321.min.js.br
- clerk-js/5.69.4-canary.v20250701033321/up-api-keys-page_clerk.browser_dca734_5.69.4-canary.v20250701033321.min.js.gz
- clerk-js/5.69.4-canary.v20250701033321/up-api-keys-page_clerk.browser_dca734_5.69.4-canary.v20250701033321.min.js.sri
- clerk-js/5.69.4-canary.v20250701033321/up-api-keys-page_clerk.chips.browser_0c6427_5.69.4-canary.v20250701033321.js.br
- clerk-js/5.69.4-canary.v20250701033321/up-api-keys-page_clerk.chips.browser_0c6427_5.69.4-canary.v20250701033321.js.gz
- clerk-js/5.69.4-canary.v20250701033321/up-api-keys-page_clerk.chips.browser_0c6427_5.69.4-canary.v20250701033321.js.sri
- clerk-js/5.69.4-canary.v20250701033321/up-api-keys-page_clerk.chips.browser_0c6427_5.69.4-canary.v20250701033321.min.js.br
- clerk-js/5.69.4-canary.v20250701033321/up-api-keys-page_clerk.chips.browser_0c6427_5.69.4-canary.v20250701033321.min.js.gz
- clerk-js/5.69.4-canary.v20250701033321/up-api-keys-page_clerk.chips.browser_0c6427_5.69.4-canary.v20250701033321.min.js.sri
- clerk-js/5.69.4-canary.v20250701033321/up-api-keys-page_clerk.legacy.browser_6a69c4_5.69.4-canary.v20250701033321.js.br
- clerk-js/5.69.4-canary.v20250701033321/up-api-keys-page_clerk.legacy.browser_6a69c4_5.69.4-canary.v20250701033321.js.gz
- clerk-js/5.69.4-canary.v20250701033321/up-api-keys-page_clerk.legacy.browser_6a69c4_5.69.4-canary.v20250701033321.js.sri
- clerk-js/5.69.4-canary.v20250701033321/up-api-keys-page_clerk.legacy.browser_6a69c4_5.69.4-canary.v20250701033321.min.js.br
- clerk-js/5.69.4-canary.v20250701033321/up-api-keys-page_clerk.legacy.browser_6a69c4_5.69.4-canary.v20250701033321.min.js.gz
- clerk-js/5.69.4-canary.v20250701033321/up-api-keys-page_clerk.legacy.browser_6a69c4_5.69.4-canary.v20250701033321.min.js.sri
- clerk-js/5.69.4-canary.v20250701033321/up-billing-page_clerk.browser_dca734_5.69.4-canary.v20250701033321.js.br
- clerk-js/5.69.4-canary.v20250701033321/up-billing-page_clerk.browser_dca734_5.69.4-canary.v20250701033321.js.gz
- clerk-js/5.69.4-canary.v20250701033321/up-billing-page_clerk.browser_dca734_5.69.4-canary.v20250701033321.js.sri
- clerk-js/5.69.4-canary.v20250701033321/up-billing-page_clerk.browser_dca734_5.69.4-canary.v20250701033321.min.js.br
- clerk-js/5.69.4-canary.v20250701033321/up-billing-page_clerk.browser_dca734_5.69.4-canary.v20250701033321.min.js.gz
- clerk-js/5.69.4-canary.v20250701033321/up-billing-page_clerk.browser_dca734_5.69.4-canary.v20250701033321.min.js.sri
- clerk-js/5.69.4-canary.v20250701033321/up-billing-page_clerk.chips.browser_0c6427_5.69.4-canary.v20250701033321.js.br
- clerk-js/5.69.4-canary.v20250701033321/up-billing-page_clerk.chips.browser_0c6427_5.69.4-canary.v20250701033321.js.gz
- clerk-js/5.69.4-canary.v20250701033321/up-billing-page_clerk.chips.browser_0c6427_5.69.4-canary.v20250701033321.js.sri
- clerk-js/5.69.4-canary.v20250701033321/up-billing-page_clerk.chips.browser_0c6427_5.69.4-canary.v20250701033321.min.js.br
- clerk-js/5.69.4-canary.v20250701033321/up-billing-page_clerk.chips.browser_0c6427_5.69.4-canary.v20250701033321.min.js.gz
- clerk-js/5.69.4-canary.v20250701033321/up-billing-page_clerk.chips.browser_0c6427_5.69.4-canary.v20250701033321.min.js.sri
- clerk-js/5.69.4-canary.v20250701033321/up-billing-page_clerk.legacy.browser_6a69c4_5.69.4-canary.v20250701033321.js.br
- clerk-js/5.69.4-canary.v20250701033321/up-billing-page_clerk.legacy.browser_6a69c4_5.69.4-canary.v20250701033321.js.gz
- clerk-js/5.69.4-canary.v20250701033321/up-billing-page_clerk.legacy.browser_6a69c4_5.69.4-canary.v20250701033321.js.sri
- clerk-js/5.69.4-canary.v20250701033321/up-billing-page_clerk.legacy.browser_6a69c4_5.69.4-canary.v20250701033321.min.js.br
- clerk-js/5.69.4-canary.v20250701033321/up-billing-page_clerk.legacy.browser_6a69c4_5.69.4-canary.v20250701033321.min.js.gz
- clerk-js/5.69.4-canary.v20250701033321/up-billing-page_clerk.legacy.browser_6a69c4_5.69.4-canary.v20250701033321.min.js.sri
- clerk-js/5.69.4-canary.v20250701033321/userbutton_clerk.browser_dca734_5.69.4-canary.v20250701033321.js.br
- clerk-js/5.69.4-canary.v20250701033321/userbutton_clerk.browser_dca734_5.69.4-canary.v20250701033321.js.gz
- clerk-js/5.69.4-canary.v20250701033321/userbutton_clerk.browser_dca734_5.69.4-canary.v20250701033321.js.sri
- clerk-js/5.69.4-canary.v20250701033321/userbutton_clerk.browser_dca734_5.69.4-canary.v20250701033321.min.js.br
- clerk-js/5.69.4-canary.v20250701033321/userbutton_clerk.browser_dca734_5.69.4-canary.v20250701033321.min.js.gz
- clerk-js/5.69.4-canary.v20250701033321/userbutton_clerk.browser_dca734_5.69.4-canary.v20250701033321.min.js.sri
- clerk-js/5.69.4-canary.v20250701033321/userbutton_clerk.chips.browser_0c6427_5.69.4-canary.v20250701033321.js.br
- clerk-js/5.69.4-canary.v20250701033321/userbutton_clerk.chips.browser_0c6427_5.69.4-canary.v20250701033321.js.gz
- clerk-js/5.69.4-canary.v20250701033321/userbutton_clerk.chips.browser_0c6427_5.69.4-canary.v20250701033321.js.sri
- clerk-js/5.69.4-canary.v20250701033321/userbutton_clerk.chips.browser_0c6427_5.69.4-canary.v20250701033321.min.js.br
- clerk-js/5.69.4-canary.v20250701033321/userbutton_clerk.chips.browser_0c6427_5.69.4-canary.v20250701033321.min.js.gz
- clerk-js/5.69.4-canary.v20250701033321/userbutton_clerk.chips.browser_0c6427_5.69.4-canary.v20250701033321.min.js.sri
- clerk-js/5.69.4-canary.v20250701033321/userbutton_clerk.legacy.browser_6a69c4_5.69.4-canary.v20250701033321.js.br
- clerk-js/5.69.4-canary.v20250701033321/userbutton_clerk.legacy.browser_6a69c4_5.69.4-canary.v20250701033321.js.gz
- clerk-js/5.69.4-canary.v20250701033321/userbutton_clerk.legacy.browser_6a69c4_5.69.4-canary.v20250701033321.js.sri
- clerk-js/5.69.4-canary.v20250701033321/userbutton_clerk.legacy.browser_6a69c4_5.69.4-canary.v20250701033321.min.js.br
- clerk-js/5.69.4-canary.v20250701033321/userbutton_clerk.legacy.browser_6a69c4_5.69.4-canary.v20250701033321.min.js.gz
- clerk-js/5.69.4-canary.v20250701033321/userbutton_clerk.legacy.browser_6a69c4_5.69.4-canary.v20250701033321.min.js.sri
- clerk-js/5.69.4-canary.v20250701033321/userprofile_clerk.browser_dca734_5.69.4-canary.v20250701033321.js.br
- clerk-js/5.69.4-canary.v20250701033321/userprofile_clerk.browser_dca734_5.69.4-canary.v20250701033321.js.gz
- clerk-js/5.69.4-canary.v20250701033321/userprofile_clerk.browser_dca734_5.69.4-canary.v20250701033321.js.sri
- clerk-js/5.69.4-canary.v20250701033321/userprofile_clerk.browser_dca734_5.69.4-canary.v20250701033321.min.js.br
- clerk-js/5.69.4-canary.v20250701033321/userprofile_clerk.browser_dca734_5.69.4-canary.v20250701033321.min.js.gz
- clerk-js/5.69.4-canary.v20250701033321/userprofile_clerk.browser_dca734_5.69.4-canary.v20250701033321.min.js.sri
- clerk-js/5.69.4-canary.v20250701033321/userprofile_clerk.chips.browser_0c6427_5.69.4-canary.v20250701033321.js.br
- clerk-js/5.69.4-canary.v20250701033321/userprofile_clerk.chips.browser_0c6427_5.69.4-canary.v20250701033321.js.gz
- clerk-js/5.69.4-canary.v20250701033321/userprofile_clerk.chips.browser_0c6427_5.69.4-canary.v20250701033321.js.sri
- clerk-js/5.69.4-canary.v20250701033321/userprofile_clerk.chips.browser_0c6427_5.69.4-canary.v20250701033321.min.js.br
- clerk-js/5.69.4-canary.v20250701033321/userprofile_clerk.chips.browser_0c6427_5.69.4-canary.v20250701033321.min.js.gz
- clerk-js/5.69.4-canary.v20250701033321/userprofile_clerk.chips.browser_0c6427_5.69.4-canary.v20250701033321.min.js.sri
- clerk-js/5.69.4-canary.v20250701033321/userprofile_clerk.legacy.browser_6a69c4_5.69.4-canary.v20250701033321.js.br
- clerk-js/5.69.4-canary.v20250701033321/userprofile_clerk.legacy.browser_6a69c4_5.69.4-canary.v20250701033321.js.gz
- clerk-js/5.69.4-canary.v20250701033321/userprofile_clerk.legacy.browser_6a69c4_5.69.4-canary.v20250701033321.js.sri
- clerk-js/5.69.4-canary.v20250701033321/userprofile_clerk.legacy.browser_6a69c4_5.69.4-canary.v20250701033321.min.js.br
- clerk-js/5.69.4-canary.v20250701033321/userprofile_clerk.legacy.browser_6a69c4_5.69.4-canary.v20250701033321.min.js.gz
- clerk-js/5.69.4-canary.v20250701033321/userprofile_clerk.legacy.browser_6a69c4_5.69.4-canary.v20250701033321.min.js.sri
- clerk-js/5.69.4-canary.v20250701033321/userverification_clerk.browser_dca734_5.69.4-canary.v20250701033321.js.br
- clerk-js/5.69.4-canary.v20250701033321/userverification_clerk.browser_dca734_5.69.4-canary.v20250701033321.js.gz
- clerk-js/5.69.4-canary.v20250701033321/userverification_clerk.browser_dca734_5.69.4-canary.v20250701033321.js.sri
- clerk-js/5.69.4-canary.v20250701033321/userverification_clerk.browser_dca734_5.69.4-canary.v20250701033321.min.js.br
- clerk-js/5.69.4-canary.v20250701033321/userverification_clerk.browser_dca734_5.69.4-canary.v20250701033321.min.js.gz
- clerk-js/5.69.4-canary.v20250701033321/userverification_clerk.browser_dca734_5.69.4-canary.v20250701033321.min.js.sri
- clerk-js/5.69.4-canary.v20250701033321/userverification_clerk.chips.browser_0c6427_5.69.4-canary.v20250701033321.js.br
- clerk-js/5.69.4-canary.v20250701033321/userverification_clerk.chips.browser_0c6427_5.69.4-canary.v20250701033321.js.gz
- clerk-js/5.69.4-canary.v20250701033321/userverification_clerk.chips.browser_0c6427_5.69.4-canary.v20250701033321.js.sri
- clerk-js/5.69.4-canary.v20250701033321/userverification_clerk.chips.browser_0c6427_5.69.4-canary.v20250701033321.min.js.br
- clerk-js/5.69.4-canary.v20250701033321/userverification_clerk.chips.browser_0c6427_5.69.4-canary.v20250701033321.min.js.gz
- clerk-js/5.69.4-canary.v20250701033321/userverification_clerk.chips.browser_0c6427_5.69.4-canary.v20250701033321.min.js.sri
- clerk-js/5.69.4-canary.v20250701033321/userverification_clerk.legacy.browser_6a69c4_5.69.4-canary.v20250701033321.js.br
- clerk-js/5.69.4-canary.v20250701033321/userverification_clerk.legacy.browser_6a69c4_5.69.4-canary.v20250701033321.js.gz
- clerk-js/5.69.4-canary.v20250701033321/userverification_clerk.legacy.browser_6a69c4_5.69.4-canary.v20250701033321.js.sri
- clerk-js/5.69.4-canary.v20250701033321/userverification_clerk.legacy.browser_6a69c4_5.69.4-canary.v20250701033321.min.js.br
- clerk-js/5.69.4-canary.v20250701033321/userverification_clerk.legacy.browser_6a69c4_5.69.4-canary.v20250701033321.min.js.gz
- clerk-js/5.69.4-canary.v20250701033321/userverification_clerk.legacy.browser_6a69c4_5.69.4-canary.v20250701033321.min.js.sri
- clerk-js/5.69.4-canary.v20250701033321/vendors_clerk.browser_dca734_5.69.4-canary.v20250701033321.js.br
- clerk-js/5.69.4-canary.v20250701033321/vendors_clerk.browser_dca734_5.69.4-canary.v20250701033321.js.gz
- clerk-js/5.69.4-canary.v20250701033321/vendors_clerk.browser_dca734_5.69.4-canary.v20250701033321.js.sri
- clerk-js/5.69.4-canary.v20250701033321/vendors_clerk.browser_dca734_5.69.4-canary.v20250701033321.min.js.br
- clerk-js/5.69.4-canary.v20250701033321/vendors_clerk.browser_dca734_5.69.4-canary.v20250701033321.min.js.gz
- clerk-js/5.69.4-canary.v20250701033321/vendors_clerk.browser_dca734_5.69.4-canary.v20250701033321.min.js.sri
- clerk-js/5.69.4-canary.v20250701033321/vendors_clerk.chips.browser_0c6427_5.69.4-canary.v20250701033321.js.br
- clerk-js/5.69.4-canary.v20250701033321/vendors_clerk.chips.browser_0c6427_5.69.4-canary.v20250701033321.js.gz
- clerk-js/5.69.4-canary.v20250701033321/vendors_clerk.chips.browser_0c6427_5.69.4-canary.v20250701033321.js.sri
- clerk-js/5.69.4-canary.v20250701033321/vendors_clerk.chips.browser_0c6427_5.69.4-canary.v20250701033321.min.js.br
- clerk-js/5.69.4-canary.v20250701033321/vendors_clerk.chips.browser_0c6427_5.69.4-canary.v20250701033321.min.js.gz
- clerk-js/5.69.4-canary.v20250701033321/vendors_clerk.chips.browser_0c6427_5.69.4-canary.v20250701033321.min.js.sri
- clerk-js/5.69.4-canary.v20250701033321/vendors_clerk.headless.browser_2317e9_5.69.4-canary.v20250701033321.js.br
- clerk-js/5.69.4-canary.v20250701033321/vendors_clerk.headless.browser_2317e9_5.69.4-canary.v20250701033321.js.gz
- clerk-js/5.69.4-canary.v20250701033321/vendors_clerk.headless.browser_2317e9_5.69.4-canary.v20250701033321.js.sri
- clerk-js/5.69.4-canary.v20250701033321/vendors_clerk.headless.browser_2317e9_5.69.4-canary.v20250701033321.min.js.br
- clerk-js/5.69.4-canary.v20250701033321/vendors_clerk.headless.browser_2317e9_5.69.4-canary.v20250701033321.min.js.gz
- clerk-js/5.69.4-canary.v20250701033321/vendors_clerk.headless.browser_2317e9_5.69.4-canary.v20250701033321.min.js.sri
- clerk-js/5.69.4-canary.v20250701033321/vendors_clerk.legacy.browser_6a69c4_5.69.4-canary.v20250701033321.js.br
- clerk-js/5.69.4-canary.v20250701033321/vendors_clerk.legacy.browser_6a69c4_5.69.4-canary.v20250701033321.js.gz
- clerk-js/5.69.4-canary.v20250701033321/vendors_clerk.legacy.browser_6a69c4_5.69.4-canary.v20250701033321.js.sri
- clerk-js/5.69.4-canary.v20250701033321/vendors_clerk.legacy.browser_6a69c4_5.69.4-canary.v20250701033321.min.js.br
- clerk-js/5.69.4-canary.v20250701033321/vendors_clerk.legacy.browser_6a69c4_5.69.4-canary.v20250701033321.min.js.gz
- clerk-js/5.69.4-canary.v20250701033321/vendors_clerk.legacy.browser_6a69c4_5.69.4-canary.v20250701033321.min.js.sri
- clerk-js/5.69.4-canary.v20250701033321/waitlist_clerk.browser_dca734_5.69.4-canary.v20250701033321.js.br
- clerk-js/5.69.4-canary.v20250701033321/waitlist_clerk.browser_dca734_5.69.4-canary.v20250701033321.js.gz
- clerk-js/5.69.4-canary.v20250701033321/waitlist_clerk.browser_dca734_5.69.4-canary.v20250701033321.js.sri
- clerk-js/5.69.4-canary.v20250701033321/waitlist_clerk.browser_dca734_5.69.4-canary.v20250701033321.min.js.br
- clerk-js/5.69.4-canary.v20250701033321/waitlist_clerk.browser_dca734_5.69.4-canary.v20250701033321.min.js.gz
- clerk-js/5.69.4-canary.v20250701033321/waitlist_clerk.browser_dca734_5.69.4-canary.v20250701033321.min.js.sri
- clerk-js/5.69.4-canary.v20250701033321/waitlist_clerk.chips.browser_0c6427_5.69.4-canary.v20250701033321.js.br
- clerk-js/5.69.4-canary.v20250701033321/waitlist_clerk.chips.browser_0c6427_5.69.4-canary.v20250701033321.js.gz
- clerk-js/5.69.4-canary.v20250701033321/waitlist_clerk.chips.browser_0c6427_5.69.4-canary.v20250701033321.js.sri
- clerk-js/5.69.4-canary.v20250701033321/waitlist_clerk.chips.browser_0c6427_5.69.4-canary.v20250701033321.min.js.br
- clerk-js/5.69.4-canary.v20250701033321/waitlist_clerk.chips.browser_0c6427_5.69.4-canary.v20250701033321.min.js.gz
- clerk-js/5.69.4-canary.v20250701033321/waitlist_clerk.chips.browser_0c6427_5.69.4-canary.v20250701033321.min.js.sri
- clerk-js/5.69.4-canary.v20250701033321/waitlist_clerk.legacy.browser_6a69c4_5.69.4-canary.v20250701033321.js.br
- clerk-js/5.69.4-canary.v20250701033321/waitlist_clerk.legacy.browser_6a69c4_5.69.4-canary.v20250701033321.js.gz
- clerk-js/5.69.4-canary.v20250701033321/waitlist_clerk.legacy.browser_6a69c4_5.69.4-canary.v20250701033321.js.sri
- clerk-js/5.69.4-canary.v20250701033321/waitlist_clerk.legacy.browser_6a69c4_5.69.4-canary.v20250701033321.min.js.br
- clerk-js/5.69.4-canary.v20250701033321/waitlist_clerk.legacy.browser_6a69c4_5.69.4-canary.v20250701033321.min.js.gz
- clerk-js/5.69.4-canary.v20250701033321/waitlist_clerk.legacy.browser_6a69c4_5.69.4-canary.v20250701033321.min.js.sri
- clerk-js/5.69.4-canary.v20250701033321/zxcvbn-common_clerk.browser_dca734_5.69.4-canary.v20250701033321.js.br
- clerk-js/5.69.4-canary.v20250701033321/zxcvbn-common_clerk.browser_dca734_5.69.4-canary.v20250701033321.js.gz
- clerk-js/5.69.4-canary.v20250701033321/zxcvbn-common_clerk.browser_dca734_5.69.4-canary.v20250701033321.js.sri
- clerk-js/5.69.4-canary.v20250701033321/zxcvbn-common_clerk.browser_dca734_5.69.4-canary.v20250701033321.min.js.br
- clerk-js/5.69.4-canary.v20250701033321/zxcvbn-common_clerk.browser_dca734_5.69.4-canary.v20250701033321.min.js.gz
- clerk-js/5.69.4-canary.v20250701033321/zxcvbn-common_clerk.browser_dca734_5.69.4-canary.v20250701033321.min.js.sri
- clerk-js/5.69.4-canary.v20250701033321/zxcvbn-common_clerk.chips.browser_0c6427_5.69.4-canary.v20250701033321.js.br
- clerk-js/5.69.4-canary.v20250701033321/zxcvbn-common_clerk.chips.browser_0c6427_5.69.4-canary.v20250701033321.js.gz
- clerk-js/5.69.4-canary.v20250701033321/zxcvbn-common_clerk.chips.browser_0c6427_5.69.4-canary.v20250701033321.js.sri
- clerk-js/5.69.4-canary.v20250701033321/zxcvbn-common_clerk.chips.browser_0c6427_5.69.4-canary.v20250701033321.min.js.br
- clerk-js/5.69.4-canary.v20250701033321/zxcvbn-common_clerk.chips.browser_0c6427_5.69.4-canary.v20250701033321.min.js.gz
- clerk-js/5.69.4-canary.v20250701033321/zxcvbn-common_clerk.chips.browser_0c6427_5.69.4-canary.v20250701033321.min.js.sri
- clerk-js/5.69.4-canary.v20250701033321/zxcvbn-common_clerk.headless.browser_2317e9_5.69.4-canary.v20250701033321.js.br
- clerk-js/5.69.4-canary.v20250701033321/zxcvbn-common_clerk.headless.browser_2317e9_5.69.4-canary.v20250701033321.js.gz
- clerk-js/5.69.4-canary.v20250701033321/zxcvbn-common_clerk.headless.browser_2317e9_5.69.4-canary.v20250701033321.js.sri
- clerk-js/5.69.4-canary.v20250701033321/zxcvbn-common_clerk.headless.browser_2317e9_5.69.4-canary.v20250701033321.min.js.br
- clerk-js/5.69.4-canary.v20250701033321/zxcvbn-common_clerk.headless.browser_2317e9_5.69.4-canary.v20250701033321.min.js.gz
- clerk-js/5.69.4-canary.v20250701033321/zxcvbn-common_clerk.headless.browser_2317e9_5.69.4-canary.v20250701033321.min.js.sri
- clerk-js/5.69.4-canary.v20250701033321/zxcvbn-common_clerk.legacy.browser_6a69c4_5.69.4-canary.v20250701033321.js.br
- clerk-js/5.69.4-canary.v20250701033321/zxcvbn-common_clerk.legacy.browser_6a69c4_5.69.4-canary.v20250701033321.js.gz
- clerk-js/5.69.4-canary.v20250701033321/zxcvbn-common_clerk.legacy.browser_6a69c4_5.69.4-canary.v20250701033321.js.sri
- clerk-js/5.69.4-canary.v20250701033321/zxcvbn-common_clerk.legacy.browser_6a69c4_5.69.4-canary.v20250701033321.min.js.br
- clerk-js/5.69.4-canary.v20250701033321/zxcvbn-common_clerk.legacy.browser_6a69c4_5.69.4-canary.v20250701033321.min.js.gz
- clerk-js/5.69.4-canary.v20250701033321/zxcvbn-common_clerk.legacy.browser_6a69c4_5.69.4-canary.v20250701033321.min.js.sri
- clerk-js/5.69.4-canary.v20250701033321/zxcvbn-ts-core_clerk.browser_dca734_5.69.4-canary.v20250701033321.js.br
- clerk-js/5.69.4-canary.v20250701033321/zxcvbn-ts-core_clerk.browser_dca734_5.69.4-canary.v20250701033321.js.gz
- clerk-js/5.69.4-canary.v20250701033321/zxcvbn-ts-core_clerk.browser_dca734_5.69.4-canary.v20250701033321.js.sri
- clerk-js/5.69.4-canary.v20250701033321/zxcvbn-ts-core_clerk.browser_dca734_5.69.4-canary.v20250701033321.min.js.br
- clerk-js/5.69.4-canary.v20250701033321/zxcvbn-ts-core_clerk.browser_dca734_5.69.4-canary.v20250701033321.min.js.gz
- clerk-js/5.69.4-canary.v20250701033321/zxcvbn-ts-core_clerk.browser_dca734_5.69.4-canary.v20250701033321.min.js.sri
- clerk-js/5.69.4-canary.v20250701033321/zxcvbn-ts-core_clerk.chips.browser_0c6427_5.69.4-canary.v20250701033321.js.br
- clerk-js/5.69.4-canary.v20250701033321/zxcvbn-ts-core_clerk.chips.browser_0c6427_5.69.4-canary.v20250701033321.js.gz
- clerk-js/5.69.4-canary.v20250701033321/zxcvbn-ts-core_clerk.chips.browser_0c6427_5.69.4-canary.v20250701033321.js.sri
- clerk-js/5.69.4-canary.v20250701033321/zxcvbn-ts-core_clerk.chips.browser_0c6427_5.69.4-canary.v20250701033321.min.js.br
- clerk-js/5.69.4-canary.v20250701033321/zxcvbn-ts-core_clerk.chips.browser_0c6427_5.69.4-canary.v20250701033321.min.js.gz
- clerk-js/5.69.4-canary.v20250701033321/zxcvbn-ts-core_clerk.chips.browser_0c6427_5.69.4-canary.v20250701033321.min.js.sri
- clerk-js/5.69.4-canary.v20250701033321/zxcvbn-ts-core_clerk.headless.browser_2317e9_5.69.4-canary.v20250701033321.js.br
- clerk-js/5.69.4-canary.v20250701033321/zxcvbn-ts-core_clerk.headless.browser_2317e9_5.69.4-canary.v20250701033321.js.gz
- clerk-js/5.69.4-canary.v20250701033321/zxcvbn-ts-core_clerk.headless.browser_2317e9_5.69.4-canary.v20250701033321.js.sri
- clerk-js/5.69.4-canary.v20250701033321/zxcvbn-ts-core_clerk.headless.browser_2317e9_5.69.4-canary.v20250701033321.min.js.br
- clerk-js/5.69.4-canary.v20250701033321/zxcvbn-ts-core_clerk.headless.browser_2317e9_5.69.4-canary.v20250701033321.min.js.gz
- clerk-js/5.69.4-canary.v20250701033321/zxcvbn-ts-core_clerk.headless.browser_2317e9_5.69.4-canary.v20250701033321.min.js.sri
- clerk-js/5.69.4-canary.v20250701033321/zxcvbn-ts-core_clerk.legacy.browser_6a69c4_5.69.4-canary.v20250701033321.js.br
- clerk-js/5.69.4-canary.v20250701033321/zxcvbn-ts-core_clerk.legacy.browser_6a69c4_5.69.4-canary.v20250701033321.js.gz
- clerk-js/5.69.4-canary.v20250701033321/zxcvbn-ts-core_clerk.legacy.browser_6a69c4_5.69.4-canary.v20250701033321.js.sri
- clerk-js/5.69.4-canary.v20250701033321/zxcvbn-ts-core_clerk.legacy.browser_6a69c4_5.69.4-canary.v20250701033321.min.js.br
- clerk-js/5.69.4-canary.v20250701033321/zxcvbn-ts-core_clerk.legacy.browser_6a69c4_5.69.4-canary.v20250701033321.min.js.gz
- clerk-js/5.69.4-canary.v20250701033321/zxcvbn-ts-core_clerk.legacy.browser_6a69c4_5.69.4-canary.v20250701033321.min.js.sri
