2025/06/24 13:32:14 optimizing files (Js true, Css true, Png true, Jpg true)
2025/06/24 13:32:14 compress: run /node_modules/uglify-js/bin/uglifyjs (3.15.4) [--mangle --compress if_return=true -o /tmp/work/dist/890_01afdb_5.59.3-canary.v20250409133941.min.js /tmp/work/dist/890_01afdb_5.59.3-canary.v20250409133941.js]
2025/06/24 13:32:14 compress: run /node_modules/uglify-js/bin/uglifyjs (3.15.4) [--mangle --compress if_return=true -o /tmp/work/dist/377_01afdb_5.59.3-canary.v20250409133941.min.js /tmp/work/dist/377_01afdb_5.59.3-canary.v20250409133941.js]
2025/06/24 13:32:14 compress: run /node_modules/uglify-js/bin/uglifyjs (3.15.4) [--mangle --compress if_return=true -o /tmp/work/dist/checkout_10eff2_5.59.3-canary.v20250409133941.min.js /tmp/work/dist/checkout_10eff2_5.59.3-canary.v20250409133941.js]
2025/06/24 13:32:14 compress: run /node_modules/uglify-js/bin/uglifyjs (3.15.4) [--mangle --compress if_return=true -o /tmp/work/dist/clerk.headless.browser.min.js /tmp/work/dist/clerk.headless.browser.js]
2025/06/24 13:32:14 compress: run /node_modules/uglify-js/bin/uglifyjs (3.15.4) [--mangle --compress if_return=true -o /tmp/work/dist/192_10eff2_5.59.3-canary.v20250409133941.min.js /tmp/work/dist/192_10eff2_5.59.3-canary.v20250409133941.js]
2025/06/24 13:32:14 compress: run /node_modules/uglify-js/bin/uglifyjs (3.15.4) [--mangle --compress if_return=true -o /tmp/work/dist/965_01afdb_5.59.3-canary.v20250409133941.min.js /tmp/work/dist/965_01afdb_5.59.3-canary.v20250409133941.js]
2025/06/24 13:32:14 compress: run /node_modules/uglify-js/bin/uglifyjs (3.15.4) [--mangle --compress if_return=true -o /tmp/work/dist/blankcaptcha_10eff2_5.59.3-canary.v20250409133941.min.js /tmp/work/dist/blankcaptcha_10eff2_5.59.3-canary.v20250409133941.js]
2025/06/24 13:32:14 compress: run /node_modules/uglify-js/bin/uglifyjs (3.15.4) [--mangle --compress if_return=true -o /tmp/work/dist/clerk.browser.min.js /tmp/work/dist/clerk.browser.js]
2025/06/24 13:32:15 sri /tmp/work/dist/blankcaptcha_10eff2_5.59.3-canary.v20250409133941.min.js -> /output/blankcaptcha_10eff2_5.59.3-canary.v20250409133941.min.js.sri
2025/06/24 13:32:15 algorithm: run /usr/bin/brotli --quality=11 --output=/output/blankcaptcha_10eff2_5.59.3-canary.v20250409133941.min.js.br /tmp/work/dist/blankcaptcha_10eff2_5.59.3-canary.v20250409133941.min.js
2025/06/24 13:32:15 br /tmp/work/dist/blankcaptcha_10eff2_5.59.3-canary.v20250409133941.min.js -> /output/blankcaptcha_10eff2_5.59.3-canary.v20250409133941.min.js.br
2025/06/24 13:32:15 gz /tmp/work/dist/blankcaptcha_10eff2_5.59.3-canary.v20250409133941.min.js -> /output/blankcaptcha_10eff2_5.59.3-canary.v20250409133941.min.js.gz
2025/06/24 13:32:15 sri /tmp/work/dist/blankcaptcha_10eff2_5.59.3-canary.v20250409133941.js -> /output/blankcaptcha_10eff2_5.59.3-canary.v20250409133941.js.sri
2025/06/24 13:32:15 algorithm: run /usr/bin/brotli --quality=11 --output=/output/blankcaptcha_10eff2_5.59.3-canary.v20250409133941.js.br /tmp/work/dist/blankcaptcha_10eff2_5.59.3-canary.v20250409133941.js
2025/06/24 13:32:15 br /tmp/work/dist/blankcaptcha_10eff2_5.59.3-canary.v20250409133941.js -> /output/blankcaptcha_10eff2_5.59.3-canary.v20250409133941.js.br
2025/06/24 13:32:15 gz /tmp/work/dist/blankcaptcha_10eff2_5.59.3-canary.v20250409133941.js -> /output/blankcaptcha_10eff2_5.59.3-canary.v20250409133941.js.gz
2025/06/24 13:32:15 compress: run /node_modules/uglify-js/bin/uglifyjs (3.15.4) [--mangle --compress if_return=true -o /tmp/work/dist/clerk.headless.min.js /tmp/work/dist/clerk.headless.js]
2025/06/24 13:32:15 sri /tmp/work/dist/checkout_10eff2_5.59.3-canary.v20250409133941.min.js -> /output/checkout_10eff2_5.59.3-canary.v20250409133941.min.js.sri
2025/06/24 13:32:15 algorithm: run /usr/bin/brotli --quality=11 --output=/output/checkout_10eff2_5.59.3-canary.v20250409133941.min.js.br /tmp/work/dist/checkout_10eff2_5.59.3-canary.v20250409133941.min.js
2025/06/24 13:32:15 sri /tmp/work/dist/192_10eff2_5.59.3-canary.v20250409133941.min.js -> /output/192_10eff2_5.59.3-canary.v20250409133941.min.js.sri
2025/06/24 13:32:15 algorithm: run /usr/bin/brotli --quality=11 --output=/output/192_10eff2_5.59.3-canary.v20250409133941.min.js.br /tmp/work/dist/192_10eff2_5.59.3-canary.v20250409133941.min.js
2025/06/24 13:32:15 br /tmp/work/dist/checkout_10eff2_5.59.3-canary.v20250409133941.min.js -> /output/checkout_10eff2_5.59.3-canary.v20250409133941.min.js.br
2025/06/24 13:32:15 gz /tmp/work/dist/checkout_10eff2_5.59.3-canary.v20250409133941.min.js -> /output/checkout_10eff2_5.59.3-canary.v20250409133941.min.js.gz
2025/06/24 13:32:15 sri /tmp/work/dist/checkout_10eff2_5.59.3-canary.v20250409133941.js -> /output/checkout_10eff2_5.59.3-canary.v20250409133941.js.sri
2025/06/24 13:32:15 algorithm: run /usr/bin/brotli --quality=11 --output=/output/checkout_10eff2_5.59.3-canary.v20250409133941.js.br /tmp/work/dist/checkout_10eff2_5.59.3-canary.v20250409133941.js
2025/06/24 13:32:15 br /tmp/work/dist/192_10eff2_5.59.3-canary.v20250409133941.min.js -> /output/192_10eff2_5.59.3-canary.v20250409133941.min.js.br
2025/06/24 13:32:15 gz /tmp/work/dist/192_10eff2_5.59.3-canary.v20250409133941.min.js -> /output/192_10eff2_5.59.3-canary.v20250409133941.min.js.gz
2025/06/24 13:32:15 sri /tmp/work/dist/192_10eff2_5.59.3-canary.v20250409133941.js -> /output/192_10eff2_5.59.3-canary.v20250409133941.js.sri
2025/06/24 13:32:15 algorithm: run /usr/bin/brotli --quality=11 --output=/output/192_10eff2_5.59.3-canary.v20250409133941.js.br /tmp/work/dist/192_10eff2_5.59.3-canary.v20250409133941.js
2025/06/24 13:32:15 br /tmp/work/dist/checkout_10eff2_5.59.3-canary.v20250409133941.js -> /output/checkout_10eff2_5.59.3-canary.v20250409133941.js.br
2025/06/24 13:32:15 gz /tmp/work/dist/checkout_10eff2_5.59.3-canary.v20250409133941.js -> /output/checkout_10eff2_5.59.3-canary.v20250409133941.js.gz
2025/06/24 13:32:15 compress: run /node_modules/uglify-js/bin/uglifyjs (3.15.4) [--mangle --compress if_return=true -o /tmp/work/dist/clerk.min.js /tmp/work/dist/clerk.js]
2025/06/24 13:32:15 sri /tmp/work/dist/377_01afdb_5.59.3-canary.v20250409133941.min.js -> /output/377_01afdb_5.59.3-canary.v20250409133941.min.js.sri
2025/06/24 13:32:15 algorithm: run /usr/bin/brotli --quality=11 --output=/output/377_01afdb_5.59.3-canary.v20250409133941.min.js.br /tmp/work/dist/377_01afdb_5.59.3-canary.v20250409133941.min.js
2025/06/24 13:32:15 br /tmp/work/dist/192_10eff2_5.59.3-canary.v20250409133941.js -> /output/192_10eff2_5.59.3-canary.v20250409133941.js.br
2025/06/24 13:32:15 gz /tmp/work/dist/192_10eff2_5.59.3-canary.v20250409133941.js -> /output/192_10eff2_5.59.3-canary.v20250409133941.js.gz
2025/06/24 13:32:15 algorithm: run /usr/bin/brotli --quality=11 --output=/output/clerk.mjs.br /tmp/work/dist/clerk.mjs
2025/06/24 13:32:16 sri /tmp/work/dist/890_01afdb_5.59.3-canary.v20250409133941.min.js -> /output/890_01afdb_5.59.3-canary.v20250409133941.min.js.sri
2025/06/24 13:32:16 algorithm: run /usr/bin/brotli --quality=11 --output=/output/890_01afdb_5.59.3-canary.v20250409133941.min.js.br /tmp/work/dist/890_01afdb_5.59.3-canary.v20250409133941.min.js
2025/06/24 13:32:16 br /tmp/work/dist/890_01afdb_5.59.3-canary.v20250409133941.min.js -> /output/890_01afdb_5.59.3-canary.v20250409133941.min.js.br
2025/06/24 13:32:16 gz /tmp/work/dist/890_01afdb_5.59.3-canary.v20250409133941.min.js -> /output/890_01afdb_5.59.3-canary.v20250409133941.min.js.gz
2025/06/24 13:32:16 sri /tmp/work/dist/890_01afdb_5.59.3-canary.v20250409133941.js -> /output/890_01afdb_5.59.3-canary.v20250409133941.js.sri
2025/06/24 13:32:16 algorithm: run /usr/bin/brotli --quality=11 --output=/output/890_01afdb_5.59.3-canary.v20250409133941.js.br /tmp/work/dist/890_01afdb_5.59.3-canary.v20250409133941.js
2025/06/24 13:32:16 br /tmp/work/dist/890_01afdb_5.59.3-canary.v20250409133941.js -> /output/890_01afdb_5.59.3-canary.v20250409133941.js.br
2025/06/24 13:32:16 gz /tmp/work/dist/890_01afdb_5.59.3-canary.v20250409133941.js -> /output/890_01afdb_5.59.3-canary.v20250409133941.js.gz
2025/06/24 13:32:16 compress: run /node_modules/uglify-js/bin/uglifyjs (3.15.4) [--mangle --compress if_return=true -o /tmp/work/dist/clerk.no-rhc.min.js /tmp/work/dist/clerk.no-rhc.js]
2025/06/24 13:32:17 br /tmp/work/dist/377_01afdb_5.59.3-canary.v20250409133941.min.js -> /output/377_01afdb_5.59.3-canary.v20250409133941.min.js.br
2025/06/24 13:32:17 gz /tmp/work/dist/377_01afdb_5.59.3-canary.v20250409133941.min.js -> /output/377_01afdb_5.59.3-canary.v20250409133941.min.js.gz
2025/06/24 13:32:17 sri /tmp/work/dist/377_01afdb_5.59.3-canary.v20250409133941.js -> /output/377_01afdb_5.59.3-canary.v20250409133941.js.sri
2025/06/24 13:32:17 algorithm: run /usr/bin/brotli --quality=11 --output=/output/377_01afdb_5.59.3-canary.v20250409133941.js.br /tmp/work/dist/377_01afdb_5.59.3-canary.v20250409133941.js
2025/06/24 13:32:18 sri /tmp/work/dist/965_01afdb_5.59.3-canary.v20250409133941.min.js -> /output/965_01afdb_5.59.3-canary.v20250409133941.min.js.sri
2025/06/24 13:32:18 algorithm: run /usr/bin/brotli --quality=11 --output=/output/965_01afdb_5.59.3-canary.v20250409133941.min.js.br /tmp/work/dist/965_01afdb_5.59.3-canary.v20250409133941.min.js
2025/06/24 13:32:19 br /tmp/work/dist/965_01afdb_5.59.3-canary.v20250409133941.min.js -> /output/965_01afdb_5.59.3-canary.v20250409133941.min.js.br
2025/06/24 13:32:19 gz /tmp/work/dist/965_01afdb_5.59.3-canary.v20250409133941.min.js -> /output/965_01afdb_5.59.3-canary.v20250409133941.min.js.gz
2025/06/24 13:32:19 sri /tmp/work/dist/965_01afdb_5.59.3-canary.v20250409133941.js -> /output/965_01afdb_5.59.3-canary.v20250409133941.js.sri
2025/06/24 13:32:19 algorithm: run /usr/bin/brotli --quality=11 --output=/output/965_01afdb_5.59.3-canary.v20250409133941.js.br /tmp/work/dist/965_01afdb_5.59.3-canary.v20250409133941.js
2025/06/24 13:32:19 br /tmp/work/dist/965_01afdb_5.59.3-canary.v20250409133941.js -> /output/965_01afdb_5.59.3-canary.v20250409133941.js.br
2025/06/24 13:32:19 gz /tmp/work/dist/965_01afdb_5.59.3-canary.v20250409133941.js -> /output/965_01afdb_5.59.3-canary.v20250409133941.js.gz
2025/06/24 13:32:19 algorithm: run /usr/bin/brotli --quality=11 --output=/output/clerk.no-rhc.mjs.br /tmp/work/dist/clerk.no-rhc.mjs
2025/06/24 13:32:19 br /tmp/work/dist/377_01afdb_5.59.3-canary.v20250409133941.js -> /output/377_01afdb_5.59.3-canary.v20250409133941.js.br
2025/06/24 13:32:19 gz /tmp/work/dist/377_01afdb_5.59.3-canary.v20250409133941.js -> /output/377_01afdb_5.59.3-canary.v20250409133941.js.gz
2025/06/24 13:32:19 compress: run /node_modules/uglify-js/bin/uglifyjs (3.15.4) [--mangle --compress if_return=true -o /tmp/work/dist/coinbase-wallet-sdk_10eff2_5.59.3-canary.v20250409133941.min.js /tmp/work/dist/coinbase-wallet-sdk_10eff2_5.59.3-canary.v20250409133941.js]
2025/06/24 13:32:22 sri /tmp/work/dist/clerk.headless.browser.min.js -> /output/clerk.headless.browser.min.js.sri
2025/06/24 13:32:22 algorithm: run /usr/bin/brotli --quality=11 --output=/output/clerk.headless.browser.min.js.br /tmp/work/dist/clerk.headless.browser.min.js
2025/06/24 13:32:22 br /tmp/work/dist/clerk.mjs -> /output/clerk.mjs.br
2025/06/24 13:32:23 sri /tmp/work/dist/clerk.headless.min.js -> /output/clerk.headless.min.js.sri
2025/06/24 13:32:23 algorithm: run /usr/bin/brotli --quality=11 --output=/output/clerk.headless.min.js.br /tmp/work/dist/clerk.headless.min.js
2025/06/24 13:32:23 gz /tmp/work/dist/clerk.mjs -> /output/clerk.mjs.gz
2025/06/24 13:32:23 compress: run /node_modules/uglify-js/bin/uglifyjs (3.15.4) [--mangle --compress if_return=true -o /tmp/work/dist/coinbase-wallet-sdk_e9b850_5.59.3-canary.v20250409133941.min.js /tmp/work/dist/coinbase-wallet-sdk_e9b850_5.59.3-canary.v20250409133941.js]
2025/06/24 13:32:23 br /tmp/work/dist/clerk.headless.browser.min.js -> /output/clerk.headless.browser.min.js.br
2025/06/24 13:32:23 gz /tmp/work/dist/clerk.headless.browser.min.js -> /output/clerk.headless.browser.min.js.gz
2025/06/24 13:32:23 sri /tmp/work/dist/clerk.headless.browser.js -> /output/clerk.headless.browser.js.sri
2025/06/24 13:32:23 algorithm: run /usr/bin/brotli --quality=11 --output=/output/clerk.headless.browser.js.br /tmp/work/dist/clerk.headless.browser.js
2025/06/24 13:32:23 sri /tmp/work/dist/coinbase-wallet-sdk_10eff2_5.59.3-canary.v20250409133941.min.js -> /output/coinbase-wallet-sdk_10eff2_5.59.3-canary.v20250409133941.min.js.sri
2025/06/24 13:32:23 algorithm: run /usr/bin/brotli --quality=11 --output=/output/coinbase-wallet-sdk_10eff2_5.59.3-canary.v20250409133941.min.js.br /tmp/work/dist/coinbase-wallet-sdk_10eff2_5.59.3-canary.v20250409133941.min.js
2025/06/24 13:32:23 br /tmp/work/dist/clerk.headless.min.js -> /output/clerk.headless.min.js.br
2025/06/24 13:32:23 gz /tmp/work/dist/clerk.headless.min.js -> /output/clerk.headless.min.js.gz
2025/06/24 13:32:23 sri /tmp/work/dist/clerk.headless.js -> /output/clerk.headless.js.sri
2025/06/24 13:32:23 algorithm: run /usr/bin/brotli --quality=11 --output=/output/clerk.headless.js.br /tmp/work/dist/clerk.headless.js
2025/06/24 13:32:23 br /tmp/work/dist/coinbase-wallet-sdk_10eff2_5.59.3-canary.v20250409133941.min.js -> /output/coinbase-wallet-sdk_10eff2_5.59.3-canary.v20250409133941.min.js.br
2025/06/24 13:32:23 gz /tmp/work/dist/coinbase-wallet-sdk_10eff2_5.59.3-canary.v20250409133941.min.js -> /output/coinbase-wallet-sdk_10eff2_5.59.3-canary.v20250409133941.min.js.gz
2025/06/24 13:32:23 sri /tmp/work/dist/coinbase-wallet-sdk_10eff2_5.59.3-canary.v20250409133941.js -> /output/coinbase-wallet-sdk_10eff2_5.59.3-canary.v20250409133941.js.sri
2025/06/24 13:32:23 algorithm: run /usr/bin/brotli --quality=11 --output=/output/coinbase-wallet-sdk_10eff2_5.59.3-canary.v20250409133941.js.br /tmp/work/dist/coinbase-wallet-sdk_10eff2_5.59.3-canary.v20250409133941.js
2025/06/24 13:32:24 br /tmp/work/dist/clerk.headless.browser.js -> /output/clerk.headless.browser.js.br
2025/06/24 13:32:24 gz /tmp/work/dist/clerk.headless.browser.js -> /output/clerk.headless.browser.js.gz
2025/06/24 13:32:24 compress: run /node_modules/uglify-js/bin/uglifyjs (3.15.4) [--mangle --compress if_return=true -o /tmp/work/dist/cookieSuffix_01afdb_5.59.3-canary.v20250409133941.min.js /tmp/work/dist/cookieSuffix_01afdb_5.59.3-canary.v20250409133941.js]
2025/06/24 13:32:24 br /tmp/work/dist/coinbase-wallet-sdk_10eff2_5.59.3-canary.v20250409133941.js -> /output/coinbase-wallet-sdk_10eff2_5.59.3-canary.v20250409133941.js.br
2025/06/24 13:32:24 gz /tmp/work/dist/coinbase-wallet-sdk_10eff2_5.59.3-canary.v20250409133941.js -> /output/coinbase-wallet-sdk_10eff2_5.59.3-canary.v20250409133941.js.gz
2025/06/24 13:32:24 compress: run /node_modules/uglify-js/bin/uglifyjs (3.15.4) [--mangle --compress if_return=true -o /tmp/work/dist/cookieSuffix_10eff2_5.59.3-canary.v20250409133941.min.js /tmp/work/dist/cookieSuffix_10eff2_5.59.3-canary.v20250409133941.js]
2025/06/24 13:32:24 br /tmp/work/dist/clerk.headless.js -> /output/clerk.headless.js.br
2025/06/24 13:32:24 gz /tmp/work/dist/clerk.headless.js -> /output/clerk.headless.js.gz
2025/06/24 13:32:24 compress: run /node_modules/uglify-js/bin/uglifyjs (3.15.4) [--mangle --compress if_return=true -o /tmp/work/dist/cookieSuffix_e9b850_5.59.3-canary.v20250409133941.min.js /tmp/work/dist/cookieSuffix_e9b850_5.59.3-canary.v20250409133941.js]
2025/06/24 13:32:24 sri /tmp/work/dist/cookieSuffix_10eff2_5.59.3-canary.v20250409133941.min.js -> /output/cookieSuffix_10eff2_5.59.3-canary.v20250409133941.min.js.sri
2025/06/24 13:32:24 algorithm: run /usr/bin/brotli --quality=11 --output=/output/cookieSuffix_10eff2_5.59.3-canary.v20250409133941.min.js.br /tmp/work/dist/cookieSuffix_10eff2_5.59.3-canary.v20250409133941.min.js
2025/06/24 13:32:24 br /tmp/work/dist/cookieSuffix_10eff2_5.59.3-canary.v20250409133941.min.js -> /output/cookieSuffix_10eff2_5.59.3-canary.v20250409133941.min.js.br
2025/06/24 13:32:24 gz /tmp/work/dist/cookieSuffix_10eff2_5.59.3-canary.v20250409133941.min.js -> /output/cookieSuffix_10eff2_5.59.3-canary.v20250409133941.min.js.gz
2025/06/24 13:32:24 sri /tmp/work/dist/cookieSuffix_10eff2_5.59.3-canary.v20250409133941.js -> /output/cookieSuffix_10eff2_5.59.3-canary.v20250409133941.js.sri
2025/06/24 13:32:24 algorithm: run /usr/bin/brotli --quality=11 --output=/output/cookieSuffix_10eff2_5.59.3-canary.v20250409133941.js.br /tmp/work/dist/cookieSuffix_10eff2_5.59.3-canary.v20250409133941.js
2025/06/24 13:32:24 br /tmp/work/dist/cookieSuffix_10eff2_5.59.3-canary.v20250409133941.js -> /output/cookieSuffix_10eff2_5.59.3-canary.v20250409133941.js.br
2025/06/24 13:32:24 gz /tmp/work/dist/cookieSuffix_10eff2_5.59.3-canary.v20250409133941.js -> /output/cookieSuffix_10eff2_5.59.3-canary.v20250409133941.js.gz
2025/06/24 13:32:24 compress: run /node_modules/uglify-js/bin/uglifyjs (3.15.4) [--mangle --compress if_return=true -o /tmp/work/dist/createorganization_10eff2_5.59.3-canary.v20250409133941.min.js /tmp/work/dist/createorganization_10eff2_5.59.3-canary.v20250409133941.js]
2025/06/24 13:32:24 sri /tmp/work/dist/cookieSuffix_e9b850_5.59.3-canary.v20250409133941.min.js -> /output/cookieSuffix_e9b850_5.59.3-canary.v20250409133941.min.js.sri
2025/06/24 13:32:24 algorithm: run /usr/bin/brotli --quality=11 --output=/output/cookieSuffix_e9b850_5.59.3-canary.v20250409133941.min.js.br /tmp/work/dist/cookieSuffix_e9b850_5.59.3-canary.v20250409133941.min.js
2025/06/24 13:32:24 sri /tmp/work/dist/clerk.browser.min.js -> /output/clerk.browser.min.js.sri
2025/06/24 13:32:24 br /tmp/work/dist/cookieSuffix_e9b850_5.59.3-canary.v20250409133941.min.js -> /output/cookieSuffix_e9b850_5.59.3-canary.v20250409133941.min.js.br
2025/06/24 13:32:24 gz /tmp/work/dist/cookieSuffix_e9b850_5.59.3-canary.v20250409133941.min.js -> /output/cookieSuffix_e9b850_5.59.3-canary.v20250409133941.min.js.gz
2025/06/24 13:32:24 sri /tmp/work/dist/cookieSuffix_e9b850_5.59.3-canary.v20250409133941.js -> /output/cookieSuffix_e9b850_5.59.3-canary.v20250409133941.js.sri
2025/06/24 13:32:24 algorithm: run /usr/bin/brotli --quality=11 --output=/output/cookieSuffix_e9b850_5.59.3-canary.v20250409133941.js.br /tmp/work/dist/cookieSuffix_e9b850_5.59.3-canary.v20250409133941.js
2025/06/24 13:32:24 algorithm: run /usr/bin/brotli --quality=11 --output=/output/clerk.browser.min.js.br /tmp/work/dist/clerk.browser.min.js
2025/06/24 13:32:24 br /tmp/work/dist/cookieSuffix_e9b850_5.59.3-canary.v20250409133941.js -> /output/cookieSuffix_e9b850_5.59.3-canary.v20250409133941.js.br
2025/06/24 13:32:24 gz /tmp/work/dist/cookieSuffix_e9b850_5.59.3-canary.v20250409133941.js -> /output/cookieSuffix_e9b850_5.59.3-canary.v20250409133941.js.gz
2025/06/24 13:32:24 compress: run /node_modules/uglify-js/bin/uglifyjs (3.15.4) [--mangle --compress if_return=true -o /tmp/work/dist/framework_10eff2_5.59.3-canary.v20250409133941.min.js /tmp/work/dist/framework_10eff2_5.59.3-canary.v20250409133941.js]
2025/06/24 13:32:24 sri /tmp/work/dist/cookieSuffix_01afdb_5.59.3-canary.v20250409133941.min.js -> /output/cookieSuffix_01afdb_5.59.3-canary.v20250409133941.min.js.sri
2025/06/24 13:32:24 algorithm: run /usr/bin/brotli --quality=11 --output=/output/cookieSuffix_01afdb_5.59.3-canary.v20250409133941.min.js.br /tmp/work/dist/cookieSuffix_01afdb_5.59.3-canary.v20250409133941.min.js
2025/06/24 13:32:24 br /tmp/work/dist/cookieSuffix_01afdb_5.59.3-canary.v20250409133941.min.js -> /output/cookieSuffix_01afdb_5.59.3-canary.v20250409133941.min.js.br
2025/06/24 13:32:24 gz /tmp/work/dist/cookieSuffix_01afdb_5.59.3-canary.v20250409133941.min.js -> /output/cookieSuffix_01afdb_5.59.3-canary.v20250409133941.min.js.gz
2025/06/24 13:32:24 sri /tmp/work/dist/cookieSuffix_01afdb_5.59.3-canary.v20250409133941.js -> /output/cookieSuffix_01afdb_5.59.3-canary.v20250409133941.js.sri
2025/06/24 13:32:24 algorithm: run /usr/bin/brotli --quality=11 --output=/output/cookieSuffix_01afdb_5.59.3-canary.v20250409133941.js.br /tmp/work/dist/cookieSuffix_01afdb_5.59.3-canary.v20250409133941.js
2025/06/24 13:32:25 br /tmp/work/dist/cookieSuffix_01afdb_5.59.3-canary.v20250409133941.js -> /output/cookieSuffix_01afdb_5.59.3-canary.v20250409133941.js.br
2025/06/24 13:32:25 gz /tmp/work/dist/cookieSuffix_01afdb_5.59.3-canary.v20250409133941.js -> /output/cookieSuffix_01afdb_5.59.3-canary.v20250409133941.js.gz
2025/06/24 13:32:25 compress: run /node_modules/uglify-js/bin/uglifyjs (3.15.4) [--mangle --compress if_return=true -o /tmp/work/dist/impersonationfab_10eff2_5.59.3-canary.v20250409133941.min.js /tmp/work/dist/impersonationfab_10eff2_5.59.3-canary.v20250409133941.js]
2025/06/24 13:32:25 sri /tmp/work/dist/createorganization_10eff2_5.59.3-canary.v20250409133941.min.js -> /output/createorganization_10eff2_5.59.3-canary.v20250409133941.min.js.sri
2025/06/24 13:32:25 algorithm: run /usr/bin/brotli --quality=11 --output=/output/createorganization_10eff2_5.59.3-canary.v20250409133941.min.js.br /tmp/work/dist/createorganization_10eff2_5.59.3-canary.v20250409133941.min.js
2025/06/24 13:32:25 br /tmp/work/dist/createorganization_10eff2_5.59.3-canary.v20250409133941.min.js -> /output/createorganization_10eff2_5.59.3-canary.v20250409133941.min.js.br
2025/06/24 13:32:25 gz /tmp/work/dist/createorganization_10eff2_5.59.3-canary.v20250409133941.min.js -> /output/createorganization_10eff2_5.59.3-canary.v20250409133941.min.js.gz
2025/06/24 13:32:25 sri /tmp/work/dist/createorganization_10eff2_5.59.3-canary.v20250409133941.js -> /output/createorganization_10eff2_5.59.3-canary.v20250409133941.js.sri
2025/06/24 13:32:25 algorithm: run /usr/bin/brotli --quality=11 --output=/output/createorganization_10eff2_5.59.3-canary.v20250409133941.js.br /tmp/work/dist/createorganization_10eff2_5.59.3-canary.v20250409133941.js
2025/06/24 13:32:25 br /tmp/work/dist/createorganization_10eff2_5.59.3-canary.v20250409133941.js -> /output/createorganization_10eff2_5.59.3-canary.v20250409133941.js.br
2025/06/24 13:32:25 gz /tmp/work/dist/createorganization_10eff2_5.59.3-canary.v20250409133941.js -> /output/createorganization_10eff2_5.59.3-canary.v20250409133941.js.gz
2025/06/24 13:32:25 compress: run /node_modules/uglify-js/bin/uglifyjs (3.15.4) [--mangle --compress if_return=true -o /tmp/work/dist/keylessPrompt_10eff2_5.59.3-canary.v20250409133941.min.js /tmp/work/dist/keylessPrompt_10eff2_5.59.3-canary.v20250409133941.js]
2025/06/24 13:32:25 sri /tmp/work/dist/impersonationfab_10eff2_5.59.3-canary.v20250409133941.min.js -> /output/impersonationfab_10eff2_5.59.3-canary.v20250409133941.min.js.sri
2025/06/24 13:32:25 algorithm: run /usr/bin/brotli --quality=11 --output=/output/impersonationfab_10eff2_5.59.3-canary.v20250409133941.min.js.br /tmp/work/dist/impersonationfab_10eff2_5.59.3-canary.v20250409133941.min.js
2025/06/24 13:32:25 br /tmp/work/dist/impersonationfab_10eff2_5.59.3-canary.v20250409133941.min.js -> /output/impersonationfab_10eff2_5.59.3-canary.v20250409133941.min.js.br
2025/06/24 13:32:25 gz /tmp/work/dist/impersonationfab_10eff2_5.59.3-canary.v20250409133941.min.js -> /output/impersonationfab_10eff2_5.59.3-canary.v20250409133941.min.js.gz
2025/06/24 13:32:25 sri /tmp/work/dist/impersonationfab_10eff2_5.59.3-canary.v20250409133941.js -> /output/impersonationfab_10eff2_5.59.3-canary.v20250409133941.js.sri
2025/06/24 13:32:25 algorithm: run /usr/bin/brotli --quality=11 --output=/output/impersonationfab_10eff2_5.59.3-canary.v20250409133941.js.br /tmp/work/dist/impersonationfab_10eff2_5.59.3-canary.v20250409133941.js
2025/06/24 13:32:25 br /tmp/work/dist/impersonationfab_10eff2_5.59.3-canary.v20250409133941.js -> /output/impersonationfab_10eff2_5.59.3-canary.v20250409133941.js.br
2025/06/24 13:32:25 gz /tmp/work/dist/impersonationfab_10eff2_5.59.3-canary.v20250409133941.js -> /output/impersonationfab_10eff2_5.59.3-canary.v20250409133941.js.gz
2025/06/24 13:32:25 compress: run /node_modules/uglify-js/bin/uglifyjs (3.15.4) [--mangle --compress if_return=true -o /tmp/work/dist/onetap_10eff2_5.59.3-canary.v20250409133941.min.js /tmp/work/dist/onetap_10eff2_5.59.3-canary.v20250409133941.js]
2025/06/24 13:32:25 br /tmp/work/dist/clerk.browser.min.js -> /output/clerk.browser.min.js.br
2025/06/24 13:32:25 gz /tmp/work/dist/clerk.browser.min.js -> /output/clerk.browser.min.js.gz
2025/06/24 13:32:25 sri /tmp/work/dist/clerk.browser.js -> /output/clerk.browser.js.sri
2025/06/24 13:32:25 algorithm: run /usr/bin/brotli --quality=11 --output=/output/clerk.browser.js.br /tmp/work/dist/clerk.browser.js
2025/06/24 13:32:25 sri /tmp/work/dist/onetap_10eff2_5.59.3-canary.v20250409133941.min.js -> /output/onetap_10eff2_5.59.3-canary.v20250409133941.min.js.sri
2025/06/24 13:32:25 algorithm: run /usr/bin/brotli --quality=11 --output=/output/onetap_10eff2_5.59.3-canary.v20250409133941.min.js.br /tmp/work/dist/onetap_10eff2_5.59.3-canary.v20250409133941.min.js
2025/06/24 13:32:25 br /tmp/work/dist/onetap_10eff2_5.59.3-canary.v20250409133941.min.js -> /output/onetap_10eff2_5.59.3-canary.v20250409133941.min.js.br
2025/06/24 13:32:25 gz /tmp/work/dist/onetap_10eff2_5.59.3-canary.v20250409133941.min.js -> /output/onetap_10eff2_5.59.3-canary.v20250409133941.min.js.gz
2025/06/24 13:32:25 sri /tmp/work/dist/onetap_10eff2_5.59.3-canary.v20250409133941.js -> /output/onetap_10eff2_5.59.3-canary.v20250409133941.js.sri
2025/06/24 13:32:25 algorithm: run /usr/bin/brotli --quality=11 --output=/output/onetap_10eff2_5.59.3-canary.v20250409133941.js.br /tmp/work/dist/onetap_10eff2_5.59.3-canary.v20250409133941.js
2025/06/24 13:32:25 br /tmp/work/dist/onetap_10eff2_5.59.3-canary.v20250409133941.js -> /output/onetap_10eff2_5.59.3-canary.v20250409133941.js.br
2025/06/24 13:32:25 gz /tmp/work/dist/onetap_10eff2_5.59.3-canary.v20250409133941.js -> /output/onetap_10eff2_5.59.3-canary.v20250409133941.js.gz
2025/06/24 13:32:25 compress: run /node_modules/uglify-js/bin/uglifyjs (3.15.4) [--mangle --compress if_return=true -o /tmp/work/dist/op-billing-page_10eff2_5.59.3-canary.v20250409133941.min.js /tmp/work/dist/op-billing-page_10eff2_5.59.3-canary.v20250409133941.js]
2025/06/24 13:32:26 sri /tmp/work/dist/keylessPrompt_10eff2_5.59.3-canary.v20250409133941.min.js -> /output/keylessPrompt_10eff2_5.59.3-canary.v20250409133941.min.js.sri
2025/06/24 13:32:26 algorithm: run /usr/bin/brotli --quality=11 --output=/output/keylessPrompt_10eff2_5.59.3-canary.v20250409133941.min.js.br /tmp/work/dist/keylessPrompt_10eff2_5.59.3-canary.v20250409133941.min.js
2025/06/24 13:32:26 br /tmp/work/dist/keylessPrompt_10eff2_5.59.3-canary.v20250409133941.min.js -> /output/keylessPrompt_10eff2_5.59.3-canary.v20250409133941.min.js.br
2025/06/24 13:32:26 gz /tmp/work/dist/keylessPrompt_10eff2_5.59.3-canary.v20250409133941.min.js -> /output/keylessPrompt_10eff2_5.59.3-canary.v20250409133941.min.js.gz
2025/06/24 13:32:26 sri /tmp/work/dist/keylessPrompt_10eff2_5.59.3-canary.v20250409133941.js -> /output/keylessPrompt_10eff2_5.59.3-canary.v20250409133941.js.sri
2025/06/24 13:32:26 algorithm: run /usr/bin/brotli --quality=11 --output=/output/keylessPrompt_10eff2_5.59.3-canary.v20250409133941.js.br /tmp/work/dist/keylessPrompt_10eff2_5.59.3-canary.v20250409133941.js
2025/06/24 13:32:26 br /tmp/work/dist/keylessPrompt_10eff2_5.59.3-canary.v20250409133941.js -> /output/keylessPrompt_10eff2_5.59.3-canary.v20250409133941.js.br
2025/06/24 13:32:26 gz /tmp/work/dist/keylessPrompt_10eff2_5.59.3-canary.v20250409133941.js -> /output/keylessPrompt_10eff2_5.59.3-canary.v20250409133941.js.gz
2025/06/24 13:32:26 compress: run /node_modules/uglify-js/bin/uglifyjs (3.15.4) [--mangle --compress if_return=true -o /tmp/work/dist/organizationlist_10eff2_5.59.3-canary.v20250409133941.min.js /tmp/work/dist/organizationlist_10eff2_5.59.3-canary.v20250409133941.js]
2025/06/24 13:32:26 sri /tmp/work/dist/op-billing-page_10eff2_5.59.3-canary.v20250409133941.min.js -> /output/op-billing-page_10eff2_5.59.3-canary.v20250409133941.min.js.sri
2025/06/24 13:32:26 algorithm: run /usr/bin/brotli --quality=11 --output=/output/op-billing-page_10eff2_5.59.3-canary.v20250409133941.min.js.br /tmp/work/dist/op-billing-page_10eff2_5.59.3-canary.v20250409133941.min.js
2025/06/24 13:32:26 br /tmp/work/dist/op-billing-page_10eff2_5.59.3-canary.v20250409133941.min.js -> /output/op-billing-page_10eff2_5.59.3-canary.v20250409133941.min.js.br
2025/06/24 13:32:26 gz /tmp/work/dist/op-billing-page_10eff2_5.59.3-canary.v20250409133941.min.js -> /output/op-billing-page_10eff2_5.59.3-canary.v20250409133941.min.js.gz
2025/06/24 13:32:26 sri /tmp/work/dist/op-billing-page_10eff2_5.59.3-canary.v20250409133941.js -> /output/op-billing-page_10eff2_5.59.3-canary.v20250409133941.js.sri
2025/06/24 13:32:26 algorithm: run /usr/bin/brotli --quality=11 --output=/output/op-billing-page_10eff2_5.59.3-canary.v20250409133941.js.br /tmp/work/dist/op-billing-page_10eff2_5.59.3-canary.v20250409133941.js
2025/06/24 13:32:26 br /tmp/work/dist/op-billing-page_10eff2_5.59.3-canary.v20250409133941.js -> /output/op-billing-page_10eff2_5.59.3-canary.v20250409133941.js.br
2025/06/24 13:32:26 gz /tmp/work/dist/op-billing-page_10eff2_5.59.3-canary.v20250409133941.js -> /output/op-billing-page_10eff2_5.59.3-canary.v20250409133941.js.gz
2025/06/24 13:32:26 compress: run /node_modules/uglify-js/bin/uglifyjs (3.15.4) [--mangle --compress if_return=true -o /tmp/work/dist/organizationprofile_10eff2_5.59.3-canary.v20250409133941.min.js /tmp/work/dist/organizationprofile_10eff2_5.59.3-canary.v20250409133941.js]
2025/06/24 13:32:26 br /tmp/work/dist/clerk.no-rhc.mjs -> /output/clerk.no-rhc.mjs.br
2025/06/24 13:32:26 gz /tmp/work/dist/clerk.no-rhc.mjs -> /output/clerk.no-rhc.mjs.gz
2025/06/24 13:32:26 compress: run /node_modules/uglify-js/bin/uglifyjs (3.15.4) [--mangle --compress if_return=true -o /tmp/work/dist/organizationswitcher_10eff2_5.59.3-canary.v20250409133941.min.js /tmp/work/dist/organizationswitcher_10eff2_5.59.3-canary.v20250409133941.js]
2025/06/24 13:32:26 br /tmp/work/dist/clerk.browser.js -> /output/clerk.browser.js.br
2025/06/24 13:32:26 gz /tmp/work/dist/clerk.browser.js -> /output/clerk.browser.js.gz
2025/06/24 13:32:26 compress: run /node_modules/uglify-js/bin/uglifyjs (3.15.4) [--mangle --compress if_return=true -o /tmp/work/dist/paymentSources_10eff2_5.59.3-canary.v20250409133941.min.js /tmp/work/dist/paymentSources_10eff2_5.59.3-canary.v20250409133941.js]
2025/06/24 13:32:27 sri /tmp/work/dist/coinbase-wallet-sdk_e9b850_5.59.3-canary.v20250409133941.min.js -> /output/coinbase-wallet-sdk_e9b850_5.59.3-canary.v20250409133941.min.js.sri
2025/06/24 13:32:27 algorithm: run /usr/bin/brotli --quality=11 --output=/output/coinbase-wallet-sdk_e9b850_5.59.3-canary.v20250409133941.min.js.br /tmp/work/dist/coinbase-wallet-sdk_e9b850_5.59.3-canary.v20250409133941.min.js
2025/06/24 13:32:27 sri /tmp/work/dist/organizationlist_10eff2_5.59.3-canary.v20250409133941.min.js -> /output/organizationlist_10eff2_5.59.3-canary.v20250409133941.min.js.sri
2025/06/24 13:32:27 algorithm: run /usr/bin/brotli --quality=11 --output=/output/organizationlist_10eff2_5.59.3-canary.v20250409133941.min.js.br /tmp/work/dist/organizationlist_10eff2_5.59.3-canary.v20250409133941.min.js
2025/06/24 13:32:27 br /tmp/work/dist/organizationlist_10eff2_5.59.3-canary.v20250409133941.min.js -> /output/organizationlist_10eff2_5.59.3-canary.v20250409133941.min.js.br
2025/06/24 13:32:27 gz /tmp/work/dist/organizationlist_10eff2_5.59.3-canary.v20250409133941.min.js -> /output/organizationlist_10eff2_5.59.3-canary.v20250409133941.min.js.gz
2025/06/24 13:32:27 sri /tmp/work/dist/organizationlist_10eff2_5.59.3-canary.v20250409133941.js -> /output/organizationlist_10eff2_5.59.3-canary.v20250409133941.js.sri
2025/06/24 13:32:27 algorithm: run /usr/bin/brotli --quality=11 --output=/output/organizationlist_10eff2_5.59.3-canary.v20250409133941.js.br /tmp/work/dist/organizationlist_10eff2_5.59.3-canary.v20250409133941.js
2025/06/24 13:32:27 br /tmp/work/dist/organizationlist_10eff2_5.59.3-canary.v20250409133941.js -> /output/organizationlist_10eff2_5.59.3-canary.v20250409133941.js.br
2025/06/24 13:32:27 gz /tmp/work/dist/organizationlist_10eff2_5.59.3-canary.v20250409133941.js -> /output/organizationlist_10eff2_5.59.3-canary.v20250409133941.js.gz
2025/06/24 13:32:27 compress: run /node_modules/uglify-js/bin/uglifyjs (3.15.4) [--mangle --compress if_return=true -o /tmp/work/dist/prefetchorganizationlist_10eff2_5.59.3-canary.v20250409133941.min.js /tmp/work/dist/prefetchorganizationlist_10eff2_5.59.3-canary.v20250409133941.js]
2025/06/24 13:32:27 br /tmp/work/dist/coinbase-wallet-sdk_e9b850_5.59.3-canary.v20250409133941.min.js -> /output/coinbase-wallet-sdk_e9b850_5.59.3-canary.v20250409133941.min.js.br
2025/06/24 13:32:27 gz /tmp/work/dist/coinbase-wallet-sdk_e9b850_5.59.3-canary.v20250409133941.min.js -> /output/coinbase-wallet-sdk_e9b850_5.59.3-canary.v20250409133941.min.js.gz
2025/06/24 13:32:27 sri /tmp/work/dist/coinbase-wallet-sdk_e9b850_5.59.3-canary.v20250409133941.js -> /output/coinbase-wallet-sdk_e9b850_5.59.3-canary.v20250409133941.js.sri
2025/06/24 13:32:27 algorithm: run /usr/bin/brotli --quality=11 --output=/output/coinbase-wallet-sdk_e9b850_5.59.3-canary.v20250409133941.js.br /tmp/work/dist/coinbase-wallet-sdk_e9b850_5.59.3-canary.v20250409133941.js
2025/06/24 13:32:27 sri /tmp/work/dist/prefetchorganizationlist_10eff2_5.59.3-canary.v20250409133941.min.js -> /output/prefetchorganizationlist_10eff2_5.59.3-canary.v20250409133941.min.js.sri
2025/06/24 13:32:27 algorithm: run /usr/bin/brotli --quality=11 --output=/output/prefetchorganizationlist_10eff2_5.59.3-canary.v20250409133941.min.js.br /tmp/work/dist/prefetchorganizationlist_10eff2_5.59.3-canary.v20250409133941.min.js
2025/06/24 13:32:27 br /tmp/work/dist/prefetchorganizationlist_10eff2_5.59.3-canary.v20250409133941.min.js -> /output/prefetchorganizationlist_10eff2_5.59.3-canary.v20250409133941.min.js.br
2025/06/24 13:32:27 gz /tmp/work/dist/prefetchorganizationlist_10eff2_5.59.3-canary.v20250409133941.min.js -> /output/prefetchorganizationlist_10eff2_5.59.3-canary.v20250409133941.min.js.gz
2025/06/24 13:32:27 sri /tmp/work/dist/prefetchorganizationlist_10eff2_5.59.3-canary.v20250409133941.js -> /output/prefetchorganizationlist_10eff2_5.59.3-canary.v20250409133941.js.sri
2025/06/24 13:32:27 algorithm: run /usr/bin/brotli --quality=11 --output=/output/prefetchorganizationlist_10eff2_5.59.3-canary.v20250409133941.js.br /tmp/work/dist/prefetchorganizationlist_10eff2_5.59.3-canary.v20250409133941.js
2025/06/24 13:32:27 br /tmp/work/dist/prefetchorganizationlist_10eff2_5.59.3-canary.v20250409133941.js -> /output/prefetchorganizationlist_10eff2_5.59.3-canary.v20250409133941.js.br
2025/06/24 13:32:27 gz /tmp/work/dist/prefetchorganizationlist_10eff2_5.59.3-canary.v20250409133941.js -> /output/prefetchorganizationlist_10eff2_5.59.3-canary.v20250409133941.js.gz
2025/06/24 13:32:27 compress: run /node_modules/uglify-js/bin/uglifyjs (3.15.4) [--mangle --compress if_return=true -o /tmp/work/dist/pricingTable_10eff2_5.59.3-canary.v20250409133941.min.js /tmp/work/dist/pricingTable_10eff2_5.59.3-canary.v20250409133941.js]
2025/06/24 13:32:27 sri /tmp/work/dist/organizationswitcher_10eff2_5.59.3-canary.v20250409133941.min.js -> /output/organizationswitcher_10eff2_5.59.3-canary.v20250409133941.min.js.sri
2025/06/24 13:32:27 algorithm: run /usr/bin/brotli --quality=11 --output=/output/organizationswitcher_10eff2_5.59.3-canary.v20250409133941.min.js.br /tmp/work/dist/organizationswitcher_10eff2_5.59.3-canary.v20250409133941.min.js
2025/06/24 13:32:27 br /tmp/work/dist/organizationswitcher_10eff2_5.59.3-canary.v20250409133941.min.js -> /output/organizationswitcher_10eff2_5.59.3-canary.v20250409133941.min.js.br
2025/06/24 13:32:27 gz /tmp/work/dist/organizationswitcher_10eff2_5.59.3-canary.v20250409133941.min.js -> /output/organizationswitcher_10eff2_5.59.3-canary.v20250409133941.min.js.gz
2025/06/24 13:32:27 sri /tmp/work/dist/organizationswitcher_10eff2_5.59.3-canary.v20250409133941.js -> /output/organizationswitcher_10eff2_5.59.3-canary.v20250409133941.js.sri
2025/06/24 13:32:27 algorithm: run /usr/bin/brotli --quality=11 --output=/output/organizationswitcher_10eff2_5.59.3-canary.v20250409133941.js.br /tmp/work/dist/organizationswitcher_10eff2_5.59.3-canary.v20250409133941.js
2025/06/24 13:32:27 br /tmp/work/dist/coinbase-wallet-sdk_e9b850_5.59.3-canary.v20250409133941.js -> /output/coinbase-wallet-sdk_e9b850_5.59.3-canary.v20250409133941.js.br
2025/06/24 13:32:27 gz /tmp/work/dist/coinbase-wallet-sdk_e9b850_5.59.3-canary.v20250409133941.js -> /output/coinbase-wallet-sdk_e9b850_5.59.3-canary.v20250409133941.js.gz
2025/06/24 13:32:27 compress: run /node_modules/uglify-js/bin/uglifyjs (3.15.4) [--mangle --compress if_return=true -o /tmp/work/dist/sessionTasks_10eff2_5.59.3-canary.v20250409133941.min.js /tmp/work/dist/sessionTasks_10eff2_5.59.3-canary.v20250409133941.js]
2025/06/24 13:32:27 br /tmp/work/dist/organizationswitcher_10eff2_5.59.3-canary.v20250409133941.js -> /output/organizationswitcher_10eff2_5.59.3-canary.v20250409133941.js.br
2025/06/24 13:32:27 gz /tmp/work/dist/organizationswitcher_10eff2_5.59.3-canary.v20250409133941.js -> /output/organizationswitcher_10eff2_5.59.3-canary.v20250409133941.js.gz
2025/06/24 13:32:27 compress: run /node_modules/uglify-js/bin/uglifyjs (3.15.4) [--mangle --compress if_return=true -o /tmp/work/dist/signin_10eff2_5.59.3-canary.v20250409133941.min.js /tmp/work/dist/signin_10eff2_5.59.3-canary.v20250409133941.js]
2025/06/24 13:32:28 sri /tmp/work/dist/sessionTasks_10eff2_5.59.3-canary.v20250409133941.min.js -> /output/sessionTasks_10eff2_5.59.3-canary.v20250409133941.min.js.sri
2025/06/24 13:32:28 algorithm: run /usr/bin/brotli --quality=11 --output=/output/sessionTasks_10eff2_5.59.3-canary.v20250409133941.min.js.br /tmp/work/dist/sessionTasks_10eff2_5.59.3-canary.v20250409133941.min.js
2025/06/24 13:32:28 br /tmp/work/dist/sessionTasks_10eff2_5.59.3-canary.v20250409133941.min.js -> /output/sessionTasks_10eff2_5.59.3-canary.v20250409133941.min.js.br
2025/06/24 13:32:28 gz /tmp/work/dist/sessionTasks_10eff2_5.59.3-canary.v20250409133941.min.js -> /output/sessionTasks_10eff2_5.59.3-canary.v20250409133941.min.js.gz
2025/06/24 13:32:28 sri /tmp/work/dist/sessionTasks_10eff2_5.59.3-canary.v20250409133941.js -> /output/sessionTasks_10eff2_5.59.3-canary.v20250409133941.js.sri
2025/06/24 13:32:28 algorithm: run /usr/bin/brotli --quality=11 --output=/output/sessionTasks_10eff2_5.59.3-canary.v20250409133941.js.br /tmp/work/dist/sessionTasks_10eff2_5.59.3-canary.v20250409133941.js
2025/06/24 13:32:28 br /tmp/work/dist/sessionTasks_10eff2_5.59.3-canary.v20250409133941.js -> /output/sessionTasks_10eff2_5.59.3-canary.v20250409133941.js.br
2025/06/24 13:32:28 gz /tmp/work/dist/sessionTasks_10eff2_5.59.3-canary.v20250409133941.js -> /output/sessionTasks_10eff2_5.59.3-canary.v20250409133941.js.gz
2025/06/24 13:32:28 compress: run /node_modules/uglify-js/bin/uglifyjs (3.15.4) [--mangle --compress if_return=true -o /tmp/work/dist/signup_10eff2_5.59.3-canary.v20250409133941.min.js /tmp/work/dist/signup_10eff2_5.59.3-canary.v20250409133941.js]
2025/06/24 13:32:28 sri /tmp/work/dist/organizationprofile_10eff2_5.59.3-canary.v20250409133941.min.js -> /output/organizationprofile_10eff2_5.59.3-canary.v20250409133941.min.js.sri
2025/06/24 13:32:28 algorithm: run /usr/bin/brotli --quality=11 --output=/output/organizationprofile_10eff2_5.59.3-canary.v20250409133941.min.js.br /tmp/work/dist/organizationprofile_10eff2_5.59.3-canary.v20250409133941.min.js
2025/06/24 13:32:28 br /tmp/work/dist/organizationprofile_10eff2_5.59.3-canary.v20250409133941.min.js -> /output/organizationprofile_10eff2_5.59.3-canary.v20250409133941.min.js.br
2025/06/24 13:32:28 gz /tmp/work/dist/organizationprofile_10eff2_5.59.3-canary.v20250409133941.min.js -> /output/organizationprofile_10eff2_5.59.3-canary.v20250409133941.min.js.gz
2025/06/24 13:32:28 sri /tmp/work/dist/organizationprofile_10eff2_5.59.3-canary.v20250409133941.js -> /output/organizationprofile_10eff2_5.59.3-canary.v20250409133941.js.sri
2025/06/24 13:32:28 algorithm: run /usr/bin/brotli --quality=11 --output=/output/organizationprofile_10eff2_5.59.3-canary.v20250409133941.js.br /tmp/work/dist/organizationprofile_10eff2_5.59.3-canary.v20250409133941.js
2025/06/24 13:32:28 br /tmp/work/dist/organizationprofile_10eff2_5.59.3-canary.v20250409133941.js -> /output/organizationprofile_10eff2_5.59.3-canary.v20250409133941.js.br
2025/06/24 13:32:28 gz /tmp/work/dist/organizationprofile_10eff2_5.59.3-canary.v20250409133941.js -> /output/organizationprofile_10eff2_5.59.3-canary.v20250409133941.js.gz
2025/06/24 13:32:28 compress: run /node_modules/uglify-js/bin/uglifyjs (3.15.4) [--mangle --compress if_return=true -o /tmp/work/dist/ui-common_10eff2_5.59.3-canary.v20250409133941.min.js /tmp/work/dist/ui-common_10eff2_5.59.3-canary.v20250409133941.js]
2025/06/24 13:32:28 sri /tmp/work/dist/pricingTable_10eff2_5.59.3-canary.v20250409133941.min.js -> /output/pricingTable_10eff2_5.59.3-canary.v20250409133941.min.js.sri
2025/06/24 13:32:28 algorithm: run /usr/bin/brotli --quality=11 --output=/output/pricingTable_10eff2_5.59.3-canary.v20250409133941.min.js.br /tmp/work/dist/pricingTable_10eff2_5.59.3-canary.v20250409133941.min.js
2025/06/24 13:32:28 br /tmp/work/dist/pricingTable_10eff2_5.59.3-canary.v20250409133941.min.js -> /output/pricingTable_10eff2_5.59.3-canary.v20250409133941.min.js.br
2025/06/24 13:32:28 gz /tmp/work/dist/pricingTable_10eff2_5.59.3-canary.v20250409133941.min.js -> /output/pricingTable_10eff2_5.59.3-canary.v20250409133941.min.js.gz
2025/06/24 13:32:28 sri /tmp/work/dist/pricingTable_10eff2_5.59.3-canary.v20250409133941.js -> /output/pricingTable_10eff2_5.59.3-canary.v20250409133941.js.sri
2025/06/24 13:32:28 algorithm: run /usr/bin/brotli --quality=11 --output=/output/pricingTable_10eff2_5.59.3-canary.v20250409133941.js.br /tmp/work/dist/pricingTable_10eff2_5.59.3-canary.v20250409133941.js
2025/06/24 13:32:28 sri /tmp/work/dist/paymentSources_10eff2_5.59.3-canary.v20250409133941.min.js -> /output/paymentSources_10eff2_5.59.3-canary.v20250409133941.min.js.sri
2025/06/24 13:32:28 algorithm: run /usr/bin/brotli --quality=11 --output=/output/paymentSources_10eff2_5.59.3-canary.v20250409133941.min.js.br /tmp/work/dist/paymentSources_10eff2_5.59.3-canary.v20250409133941.min.js
2025/06/24 13:32:28 br /tmp/work/dist/paymentSources_10eff2_5.59.3-canary.v20250409133941.min.js -> /output/paymentSources_10eff2_5.59.3-canary.v20250409133941.min.js.br
2025/06/24 13:32:28 gz /tmp/work/dist/paymentSources_10eff2_5.59.3-canary.v20250409133941.min.js -> /output/paymentSources_10eff2_5.59.3-canary.v20250409133941.min.js.gz
2025/06/24 13:32:28 sri /tmp/work/dist/paymentSources_10eff2_5.59.3-canary.v20250409133941.js -> /output/paymentSources_10eff2_5.59.3-canary.v20250409133941.js.sri
2025/06/24 13:32:28 algorithm: run /usr/bin/brotli --quality=11 --output=/output/paymentSources_10eff2_5.59.3-canary.v20250409133941.js.br /tmp/work/dist/paymentSources_10eff2_5.59.3-canary.v20250409133941.js
2025/06/24 13:32:28 br /tmp/work/dist/pricingTable_10eff2_5.59.3-canary.v20250409133941.js -> /output/pricingTable_10eff2_5.59.3-canary.v20250409133941.js.br
2025/06/24 13:32:28 gz /tmp/work/dist/pricingTable_10eff2_5.59.3-canary.v20250409133941.js -> /output/pricingTable_10eff2_5.59.3-canary.v20250409133941.js.gz
2025/06/24 13:32:28 compress: run /node_modules/uglify-js/bin/uglifyjs (3.15.4) [--mangle --compress if_return=true -o /tmp/work/dist/up-billing-page_10eff2_5.59.3-canary.v20250409133941.min.js /tmp/work/dist/up-billing-page_10eff2_5.59.3-canary.v20250409133941.js]
2025/06/24 13:32:29 br /tmp/work/dist/paymentSources_10eff2_5.59.3-canary.v20250409133941.js -> /output/paymentSources_10eff2_5.59.3-canary.v20250409133941.js.br
2025/06/24 13:32:29 gz /tmp/work/dist/paymentSources_10eff2_5.59.3-canary.v20250409133941.js -> /output/paymentSources_10eff2_5.59.3-canary.v20250409133941.js.gz
2025/06/24 13:32:29 compress: run /node_modules/uglify-js/bin/uglifyjs (3.15.4) [--mangle --compress if_return=true -o /tmp/work/dist/userbutton_10eff2_5.59.3-canary.v20250409133941.min.js /tmp/work/dist/userbutton_10eff2_5.59.3-canary.v20250409133941.js]
2025/06/24 13:32:29 sri /tmp/work/dist/up-billing-page_10eff2_5.59.3-canary.v20250409133941.min.js -> /output/up-billing-page_10eff2_5.59.3-canary.v20250409133941.min.js.sri
2025/06/24 13:32:29 algorithm: run /usr/bin/brotli --quality=11 --output=/output/up-billing-page_10eff2_5.59.3-canary.v20250409133941.min.js.br /tmp/work/dist/up-billing-page_10eff2_5.59.3-canary.v20250409133941.min.js
2025/06/24 13:32:29 br /tmp/work/dist/up-billing-page_10eff2_5.59.3-canary.v20250409133941.min.js -> /output/up-billing-page_10eff2_5.59.3-canary.v20250409133941.min.js.br
2025/06/24 13:32:29 gz /tmp/work/dist/up-billing-page_10eff2_5.59.3-canary.v20250409133941.min.js -> /output/up-billing-page_10eff2_5.59.3-canary.v20250409133941.min.js.gz
2025/06/24 13:32:29 sri /tmp/work/dist/up-billing-page_10eff2_5.59.3-canary.v20250409133941.js -> /output/up-billing-page_10eff2_5.59.3-canary.v20250409133941.js.sri
2025/06/24 13:32:29 algorithm: run /usr/bin/brotli --quality=11 --output=/output/up-billing-page_10eff2_5.59.3-canary.v20250409133941.js.br /tmp/work/dist/up-billing-page_10eff2_5.59.3-canary.v20250409133941.js
2025/06/24 13:32:29 br /tmp/work/dist/up-billing-page_10eff2_5.59.3-canary.v20250409133941.js -> /output/up-billing-page_10eff2_5.59.3-canary.v20250409133941.js.br
2025/06/24 13:32:29 gz /tmp/work/dist/up-billing-page_10eff2_5.59.3-canary.v20250409133941.js -> /output/up-billing-page_10eff2_5.59.3-canary.v20250409133941.js.gz
2025/06/24 13:32:29 compress: run /node_modules/uglify-js/bin/uglifyjs (3.15.4) [--mangle --compress if_return=true -o /tmp/work/dist/userprofile_10eff2_5.59.3-canary.v20250409133941.min.js /tmp/work/dist/userprofile_10eff2_5.59.3-canary.v20250409133941.js]
2025/06/24 13:32:29 sri /tmp/work/dist/signup_10eff2_5.59.3-canary.v20250409133941.min.js -> /output/signup_10eff2_5.59.3-canary.v20250409133941.min.js.sri
2025/06/24 13:32:29 algorithm: run /usr/bin/brotli --quality=11 --output=/output/signup_10eff2_5.59.3-canary.v20250409133941.min.js.br /tmp/work/dist/signup_10eff2_5.59.3-canary.v20250409133941.min.js
2025/06/24 13:32:29 br /tmp/work/dist/signup_10eff2_5.59.3-canary.v20250409133941.min.js -> /output/signup_10eff2_5.59.3-canary.v20250409133941.min.js.br
2025/06/24 13:32:29 gz /tmp/work/dist/signup_10eff2_5.59.3-canary.v20250409133941.min.js -> /output/signup_10eff2_5.59.3-canary.v20250409133941.min.js.gz
2025/06/24 13:32:29 sri /tmp/work/dist/signup_10eff2_5.59.3-canary.v20250409133941.js -> /output/signup_10eff2_5.59.3-canary.v20250409133941.js.sri
2025/06/24 13:32:29 algorithm: run /usr/bin/brotli --quality=11 --output=/output/signup_10eff2_5.59.3-canary.v20250409133941.js.br /tmp/work/dist/signup_10eff2_5.59.3-canary.v20250409133941.js
2025/06/24 13:32:29 sri /tmp/work/dist/userbutton_10eff2_5.59.3-canary.v20250409133941.min.js -> /output/userbutton_10eff2_5.59.3-canary.v20250409133941.min.js.sri
2025/06/24 13:32:29 algorithm: run /usr/bin/brotli --quality=11 --output=/output/userbutton_10eff2_5.59.3-canary.v20250409133941.min.js.br /tmp/work/dist/userbutton_10eff2_5.59.3-canary.v20250409133941.min.js
2025/06/24 13:32:29 br /tmp/work/dist/userbutton_10eff2_5.59.3-canary.v20250409133941.min.js -> /output/userbutton_10eff2_5.59.3-canary.v20250409133941.min.js.br
2025/06/24 13:32:29 gz /tmp/work/dist/userbutton_10eff2_5.59.3-canary.v20250409133941.min.js -> /output/userbutton_10eff2_5.59.3-canary.v20250409133941.min.js.gz
2025/06/24 13:32:29 sri /tmp/work/dist/userbutton_10eff2_5.59.3-canary.v20250409133941.js -> /output/userbutton_10eff2_5.59.3-canary.v20250409133941.js.sri
2025/06/24 13:32:29 algorithm: run /usr/bin/brotli --quality=11 --output=/output/userbutton_10eff2_5.59.3-canary.v20250409133941.js.br /tmp/work/dist/userbutton_10eff2_5.59.3-canary.v20250409133941.js
2025/06/24 13:32:30 br /tmp/work/dist/signup_10eff2_5.59.3-canary.v20250409133941.js -> /output/signup_10eff2_5.59.3-canary.v20250409133941.js.br
2025/06/24 13:32:30 gz /tmp/work/dist/signup_10eff2_5.59.3-canary.v20250409133941.js -> /output/signup_10eff2_5.59.3-canary.v20250409133941.js.gz
2025/06/24 13:32:30 compress: run /node_modules/uglify-js/bin/uglifyjs (3.15.4) [--mangle --compress if_return=true -o /tmp/work/dist/userverification_10eff2_5.59.3-canary.v20250409133941.min.js /tmp/work/dist/userverification_10eff2_5.59.3-canary.v20250409133941.js]
2025/06/24 13:32:30 br /tmp/work/dist/userbutton_10eff2_5.59.3-canary.v20250409133941.js -> /output/userbutton_10eff2_5.59.3-canary.v20250409133941.js.br
2025/06/24 13:32:30 gz /tmp/work/dist/userbutton_10eff2_5.59.3-canary.v20250409133941.js -> /output/userbutton_10eff2_5.59.3-canary.v20250409133941.js.gz
2025/06/24 13:32:30 compress: run /node_modules/uglify-js/bin/uglifyjs (3.15.4) [--mangle --compress if_return=true -o /tmp/work/dist/vendors_10eff2_5.59.3-canary.v20250409133941.min.js /tmp/work/dist/vendors_10eff2_5.59.3-canary.v20250409133941.js]
2025/06/24 13:32:30 sri /tmp/work/dist/signin_10eff2_5.59.3-canary.v20250409133941.min.js -> /output/signin_10eff2_5.59.3-canary.v20250409133941.min.js.sri
2025/06/24 13:32:30 algorithm: run /usr/bin/brotli --quality=11 --output=/output/signin_10eff2_5.59.3-canary.v20250409133941.min.js.br /tmp/work/dist/signin_10eff2_5.59.3-canary.v20250409133941.min.js
2025/06/24 13:32:30 br /tmp/work/dist/signin_10eff2_5.59.3-canary.v20250409133941.min.js -> /output/signin_10eff2_5.59.3-canary.v20250409133941.min.js.br
2025/06/24 13:32:30 gz /tmp/work/dist/signin_10eff2_5.59.3-canary.v20250409133941.min.js -> /output/signin_10eff2_5.59.3-canary.v20250409133941.min.js.gz
2025/06/24 13:32:30 sri /tmp/work/dist/signin_10eff2_5.59.3-canary.v20250409133941.js -> /output/signin_10eff2_5.59.3-canary.v20250409133941.js.sri
2025/06/24 13:32:30 algorithm: run /usr/bin/brotli --quality=11 --output=/output/signin_10eff2_5.59.3-canary.v20250409133941.js.br /tmp/work/dist/signin_10eff2_5.59.3-canary.v20250409133941.js
2025/06/24 13:32:30 br /tmp/work/dist/signin_10eff2_5.59.3-canary.v20250409133941.js -> /output/signin_10eff2_5.59.3-canary.v20250409133941.js.br
2025/06/24 13:32:30 gz /tmp/work/dist/signin_10eff2_5.59.3-canary.v20250409133941.js -> /output/signin_10eff2_5.59.3-canary.v20250409133941.js.gz
2025/06/24 13:32:30 compress: run /node_modules/uglify-js/bin/uglifyjs (3.15.4) [--mangle --compress if_return=true -o /tmp/work/dist/vendors_e9b850_5.59.3-canary.v20250409133941.min.js /tmp/work/dist/vendors_e9b850_5.59.3-canary.v20250409133941.js]
2025/06/24 13:32:31 sri /tmp/work/dist/userverification_10eff2_5.59.3-canary.v20250409133941.min.js -> /output/userverification_10eff2_5.59.3-canary.v20250409133941.min.js.sri
2025/06/24 13:32:31 algorithm: run /usr/bin/brotli --quality=11 --output=/output/userverification_10eff2_5.59.3-canary.v20250409133941.min.js.br /tmp/work/dist/userverification_10eff2_5.59.3-canary.v20250409133941.min.js
2025/06/24 13:32:31 br /tmp/work/dist/userverification_10eff2_5.59.3-canary.v20250409133941.min.js -> /output/userverification_10eff2_5.59.3-canary.v20250409133941.min.js.br
2025/06/24 13:32:31 gz /tmp/work/dist/userverification_10eff2_5.59.3-canary.v20250409133941.min.js -> /output/userverification_10eff2_5.59.3-canary.v20250409133941.min.js.gz
2025/06/24 13:32:31 sri /tmp/work/dist/userverification_10eff2_5.59.3-canary.v20250409133941.js -> /output/userverification_10eff2_5.59.3-canary.v20250409133941.js.sri
2025/06/24 13:32:31 algorithm: run /usr/bin/brotli --quality=11 --output=/output/userverification_10eff2_5.59.3-canary.v20250409133941.js.br /tmp/work/dist/userverification_10eff2_5.59.3-canary.v20250409133941.js
2025/06/24 13:32:31 br /tmp/work/dist/userverification_10eff2_5.59.3-canary.v20250409133941.js -> /output/userverification_10eff2_5.59.3-canary.v20250409133941.js.br
2025/06/24 13:32:31 gz /tmp/work/dist/userverification_10eff2_5.59.3-canary.v20250409133941.js -> /output/userverification_10eff2_5.59.3-canary.v20250409133941.js.gz
2025/06/24 13:32:31 compress: run /node_modules/uglify-js/bin/uglifyjs (3.15.4) [--mangle --compress if_return=true -o /tmp/work/dist/waitlist_10eff2_5.59.3-canary.v20250409133941.min.js /tmp/work/dist/waitlist_10eff2_5.59.3-canary.v20250409133941.js]
2025/06/24 13:32:31 sri /tmp/work/dist/vendors_e9b850_5.59.3-canary.v20250409133941.min.js -> /output/vendors_e9b850_5.59.3-canary.v20250409133941.min.js.sri
2025/06/24 13:32:31 algorithm: run /usr/bin/brotli --quality=11 --output=/output/vendors_e9b850_5.59.3-canary.v20250409133941.min.js.br /tmp/work/dist/vendors_e9b850_5.59.3-canary.v20250409133941.min.js
2025/06/24 13:32:31 br /tmp/work/dist/vendors_e9b850_5.59.3-canary.v20250409133941.min.js -> /output/vendors_e9b850_5.59.3-canary.v20250409133941.min.js.br
2025/06/24 13:32:31 gz /tmp/work/dist/vendors_e9b850_5.59.3-canary.v20250409133941.min.js -> /output/vendors_e9b850_5.59.3-canary.v20250409133941.min.js.gz
2025/06/24 13:32:31 sri /tmp/work/dist/vendors_e9b850_5.59.3-canary.v20250409133941.js -> /output/vendors_e9b850_5.59.3-canary.v20250409133941.js.sri
2025/06/24 13:32:31 algorithm: run /usr/bin/brotli --quality=11 --output=/output/vendors_e9b850_5.59.3-canary.v20250409133941.js.br /tmp/work/dist/vendors_e9b850_5.59.3-canary.v20250409133941.js
2025/06/24 13:32:31 br /tmp/work/dist/vendors_e9b850_5.59.3-canary.v20250409133941.js -> /output/vendors_e9b850_5.59.3-canary.v20250409133941.js.br
2025/06/24 13:32:31 gz /tmp/work/dist/vendors_e9b850_5.59.3-canary.v20250409133941.js -> /output/vendors_e9b850_5.59.3-canary.v20250409133941.js.gz
2025/06/24 13:32:31 compress: run /node_modules/uglify-js/bin/uglifyjs (3.15.4) [--mangle --compress if_return=true -o /tmp/work/dist/zxcvbn-common_10eff2_5.59.3-canary.v20250409133941.min.js /tmp/work/dist/zxcvbn-common_10eff2_5.59.3-canary.v20250409133941.js]
2025/06/24 13:32:31 sri /tmp/work/dist/framework_10eff2_5.59.3-canary.v20250409133941.min.js -> /output/framework_10eff2_5.59.3-canary.v20250409133941.min.js.sri
2025/06/24 13:32:31 algorithm: run /usr/bin/brotli --quality=11 --output=/output/framework_10eff2_5.59.3-canary.v20250409133941.min.js.br /tmp/work/dist/framework_10eff2_5.59.3-canary.v20250409133941.min.js
2025/06/24 13:32:31 sri /tmp/work/dist/waitlist_10eff2_5.59.3-canary.v20250409133941.min.js -> /output/waitlist_10eff2_5.59.3-canary.v20250409133941.min.js.sri
2025/06/24 13:32:31 algorithm: run /usr/bin/brotli --quality=11 --output=/output/waitlist_10eff2_5.59.3-canary.v20250409133941.min.js.br /tmp/work/dist/waitlist_10eff2_5.59.3-canary.v20250409133941.min.js
2025/06/24 13:32:31 br /tmp/work/dist/waitlist_10eff2_5.59.3-canary.v20250409133941.min.js -> /output/waitlist_10eff2_5.59.3-canary.v20250409133941.min.js.br
2025/06/24 13:32:31 gz /tmp/work/dist/waitlist_10eff2_5.59.3-canary.v20250409133941.min.js -> /output/waitlist_10eff2_5.59.3-canary.v20250409133941.min.js.gz
2025/06/24 13:32:31 sri /tmp/work/dist/waitlist_10eff2_5.59.3-canary.v20250409133941.js -> /output/waitlist_10eff2_5.59.3-canary.v20250409133941.js.sri
2025/06/24 13:32:31 algorithm: run /usr/bin/brotli --quality=11 --output=/output/waitlist_10eff2_5.59.3-canary.v20250409133941.js.br /tmp/work/dist/waitlist_10eff2_5.59.3-canary.v20250409133941.js
2025/06/24 13:32:31 br /tmp/work/dist/waitlist_10eff2_5.59.3-canary.v20250409133941.js -> /output/waitlist_10eff2_5.59.3-canary.v20250409133941.js.br
2025/06/24 13:32:31 gz /tmp/work/dist/waitlist_10eff2_5.59.3-canary.v20250409133941.js -> /output/waitlist_10eff2_5.59.3-canary.v20250409133941.js.gz
2025/06/24 13:32:31 compress: run /node_modules/uglify-js/bin/uglifyjs (3.15.4) [--mangle --compress if_return=true -o /tmp/work/dist/zxcvbn-common_e9b850_5.59.3-canary.v20250409133941.min.js /tmp/work/dist/zxcvbn-common_e9b850_5.59.3-canary.v20250409133941.js]
2025/06/24 13:32:31 sri /tmp/work/dist/userprofile_10eff2_5.59.3-canary.v20250409133941.min.js -> /output/userprofile_10eff2_5.59.3-canary.v20250409133941.min.js.sri
2025/06/24 13:32:31 algorithm: run /usr/bin/brotli --quality=11 --output=/output/userprofile_10eff2_5.59.3-canary.v20250409133941.min.js.br /tmp/work/dist/userprofile_10eff2_5.59.3-canary.v20250409133941.min.js
2025/06/24 13:32:32 br /tmp/work/dist/framework_10eff2_5.59.3-canary.v20250409133941.min.js -> /output/framework_10eff2_5.59.3-canary.v20250409133941.min.js.br
2025/06/24 13:32:32 gz /tmp/work/dist/framework_10eff2_5.59.3-canary.v20250409133941.min.js -> /output/framework_10eff2_5.59.3-canary.v20250409133941.min.js.gz
2025/06/24 13:32:32 sri /tmp/work/dist/framework_10eff2_5.59.3-canary.v20250409133941.js -> /output/framework_10eff2_5.59.3-canary.v20250409133941.js.sri
2025/06/24 13:32:32 algorithm: run /usr/bin/brotli --quality=11 --output=/output/framework_10eff2_5.59.3-canary.v20250409133941.js.br /tmp/work/dist/framework_10eff2_5.59.3-canary.v20250409133941.js
2025/06/24 13:32:32 br /tmp/work/dist/userprofile_10eff2_5.59.3-canary.v20250409133941.min.js -> /output/userprofile_10eff2_5.59.3-canary.v20250409133941.min.js.br
2025/06/24 13:32:32 gz /tmp/work/dist/userprofile_10eff2_5.59.3-canary.v20250409133941.min.js -> /output/userprofile_10eff2_5.59.3-canary.v20250409133941.min.js.gz
2025/06/24 13:32:32 sri /tmp/work/dist/userprofile_10eff2_5.59.3-canary.v20250409133941.js -> /output/userprofile_10eff2_5.59.3-canary.v20250409133941.js.sri
2025/06/24 13:32:32 algorithm: run /usr/bin/brotli --quality=11 --output=/output/userprofile_10eff2_5.59.3-canary.v20250409133941.js.br /tmp/work/dist/userprofile_10eff2_5.59.3-canary.v20250409133941.js
2025/06/24 13:32:32 sri /tmp/work/dist/zxcvbn-common_10eff2_5.59.3-canary.v20250409133941.min.js -> /output/zxcvbn-common_10eff2_5.59.3-canary.v20250409133941.min.js.sri
2025/06/24 13:32:32 algorithm: run /usr/bin/brotli --quality=11 --output=/output/zxcvbn-common_10eff2_5.59.3-canary.v20250409133941.min.js.br /tmp/work/dist/zxcvbn-common_10eff2_5.59.3-canary.v20250409133941.min.js
2025/06/24 13:32:32 br /tmp/work/dist/userprofile_10eff2_5.59.3-canary.v20250409133941.js -> /output/userprofile_10eff2_5.59.3-canary.v20250409133941.js.br
2025/06/24 13:32:32 gz /tmp/work/dist/userprofile_10eff2_5.59.3-canary.v20250409133941.js -> /output/userprofile_10eff2_5.59.3-canary.v20250409133941.js.gz
2025/06/24 13:32:32 compress: run /node_modules/uglify-js/bin/uglifyjs (3.15.4) [--mangle --compress if_return=true -o /tmp/work/dist/zxcvbn-ts-core_10eff2_5.59.3-canary.v20250409133941.min.js /tmp/work/dist/zxcvbn-ts-core_10eff2_5.59.3-canary.v20250409133941.js]
2025/06/24 13:32:32 sri /tmp/work/dist/zxcvbn-common_e9b850_5.59.3-canary.v20250409133941.min.js -> /output/zxcvbn-common_e9b850_5.59.3-canary.v20250409133941.min.js.sri
2025/06/24 13:32:32 algorithm: run /usr/bin/brotli --quality=11 --output=/output/zxcvbn-common_e9b850_5.59.3-canary.v20250409133941.min.js.br /tmp/work/dist/zxcvbn-common_e9b850_5.59.3-canary.v20250409133941.min.js
2025/06/24 13:32:32 br /tmp/work/dist/framework_10eff2_5.59.3-canary.v20250409133941.js -> /output/framework_10eff2_5.59.3-canary.v20250409133941.js.br
2025/06/24 13:32:32 gz /tmp/work/dist/framework_10eff2_5.59.3-canary.v20250409133941.js -> /output/framework_10eff2_5.59.3-canary.v20250409133941.js.gz
2025/06/24 13:32:32 compress: run /node_modules/uglify-js/bin/uglifyjs (3.15.4) [--mangle --compress if_return=true -o /tmp/work/dist/zxcvbn-ts-core_e9b850_5.59.3-canary.v20250409133941.min.js /tmp/work/dist/zxcvbn-ts-core_e9b850_5.59.3-canary.v20250409133941.js]
2025/06/24 13:32:34 sri /tmp/work/dist/zxcvbn-ts-core_e9b850_5.59.3-canary.v20250409133941.min.js -> /output/zxcvbn-ts-core_e9b850_5.59.3-canary.v20250409133941.min.js.sri
2025/06/24 13:32:34 algorithm: run /usr/bin/brotli --quality=11 --output=/output/zxcvbn-ts-core_e9b850_5.59.3-canary.v20250409133941.min.js.br /tmp/work/dist/zxcvbn-ts-core_e9b850_5.59.3-canary.v20250409133941.min.js
2025/06/24 13:32:34 br /tmp/work/dist/zxcvbn-common_10eff2_5.59.3-canary.v20250409133941.min.js -> /output/zxcvbn-common_10eff2_5.59.3-canary.v20250409133941.min.js.br
2025/06/24 13:32:34 sri /tmp/work/dist/zxcvbn-ts-core_10eff2_5.59.3-canary.v20250409133941.min.js -> /output/zxcvbn-ts-core_10eff2_5.59.3-canary.v20250409133941.min.js.sri
2025/06/24 13:32:34 algorithm: run /usr/bin/brotli --quality=11 --output=/output/zxcvbn-ts-core_10eff2_5.59.3-canary.v20250409133941.min.js.br /tmp/work/dist/zxcvbn-ts-core_10eff2_5.59.3-canary.v20250409133941.min.js
2025/06/24 13:32:34 br /tmp/work/dist/zxcvbn-common_e9b850_5.59.3-canary.v20250409133941.min.js -> /output/zxcvbn-common_e9b850_5.59.3-canary.v20250409133941.min.js.br
2025/06/24 13:32:34 br /tmp/work/dist/zxcvbn-ts-core_e9b850_5.59.3-canary.v20250409133941.min.js -> /output/zxcvbn-ts-core_e9b850_5.59.3-canary.v20250409133941.min.js.br
2025/06/24 13:32:34 gz /tmp/work/dist/zxcvbn-ts-core_e9b850_5.59.3-canary.v20250409133941.min.js -> /output/zxcvbn-ts-core_e9b850_5.59.3-canary.v20250409133941.min.js.gz
2025/06/24 13:32:34 sri /tmp/work/dist/zxcvbn-ts-core_e9b850_5.59.3-canary.v20250409133941.js -> /output/zxcvbn-ts-core_e9b850_5.59.3-canary.v20250409133941.js.sri
2025/06/24 13:32:34 algorithm: run /usr/bin/brotli --quality=11 --output=/output/zxcvbn-ts-core_e9b850_5.59.3-canary.v20250409133941.js.br /tmp/work/dist/zxcvbn-ts-core_e9b850_5.59.3-canary.v20250409133941.js
2025/06/24 13:32:34 gz /tmp/work/dist/zxcvbn-common_e9b850_5.59.3-canary.v20250409133941.min.js -> /output/zxcvbn-common_e9b850_5.59.3-canary.v20250409133941.min.js.gz
2025/06/24 13:32:34 sri /tmp/work/dist/zxcvbn-common_e9b850_5.59.3-canary.v20250409133941.js -> /output/zxcvbn-common_e9b850_5.59.3-canary.v20250409133941.js.sri
2025/06/24 13:32:34 algorithm: run /usr/bin/brotli --quality=11 --output=/output/zxcvbn-common_e9b850_5.59.3-canary.v20250409133941.js.br /tmp/work/dist/zxcvbn-common_e9b850_5.59.3-canary.v20250409133941.js
2025/06/24 13:32:34 gz /tmp/work/dist/zxcvbn-common_10eff2_5.59.3-canary.v20250409133941.min.js -> /output/zxcvbn-common_10eff2_5.59.3-canary.v20250409133941.min.js.gz
2025/06/24 13:32:34 br /tmp/work/dist/zxcvbn-ts-core_10eff2_5.59.3-canary.v20250409133941.min.js -> /output/zxcvbn-ts-core_10eff2_5.59.3-canary.v20250409133941.min.js.br
2025/06/24 13:32:34 gz /tmp/work/dist/zxcvbn-ts-core_10eff2_5.59.3-canary.v20250409133941.min.js -> /output/zxcvbn-ts-core_10eff2_5.59.3-canary.v20250409133941.min.js.gz
2025/06/24 13:32:34 sri /tmp/work/dist/zxcvbn-ts-core_10eff2_5.59.3-canary.v20250409133941.js -> /output/zxcvbn-ts-core_10eff2_5.59.3-canary.v20250409133941.js.sri
2025/06/24 13:32:34 algorithm: run /usr/bin/brotli --quality=11 --output=/output/zxcvbn-ts-core_10eff2_5.59.3-canary.v20250409133941.js.br /tmp/work/dist/zxcvbn-ts-core_10eff2_5.59.3-canary.v20250409133941.js
2025/06/24 13:32:34 sri /tmp/work/dist/zxcvbn-common_10eff2_5.59.3-canary.v20250409133941.js -> /output/zxcvbn-common_10eff2_5.59.3-canary.v20250409133941.js.sri
2025/06/24 13:32:34 algorithm: run /usr/bin/brotli --quality=11 --output=/output/zxcvbn-common_10eff2_5.59.3-canary.v20250409133941.js.br /tmp/work/dist/zxcvbn-common_10eff2_5.59.3-canary.v20250409133941.js
2025/06/24 13:32:34 br /tmp/work/dist/zxcvbn-ts-core_10eff2_5.59.3-canary.v20250409133941.js -> /output/zxcvbn-ts-core_10eff2_5.59.3-canary.v20250409133941.js.br
2025/06/24 13:32:34 gz /tmp/work/dist/zxcvbn-ts-core_10eff2_5.59.3-canary.v20250409133941.js -> /output/zxcvbn-ts-core_10eff2_5.59.3-canary.v20250409133941.js.gz
2025/06/24 13:32:34 br /tmp/work/dist/zxcvbn-ts-core_e9b850_5.59.3-canary.v20250409133941.js -> /output/zxcvbn-ts-core_e9b850_5.59.3-canary.v20250409133941.js.br
2025/06/24 13:32:34 gz /tmp/work/dist/zxcvbn-ts-core_e9b850_5.59.3-canary.v20250409133941.js -> /output/zxcvbn-ts-core_e9b850_5.59.3-canary.v20250409133941.js.gz
2025/06/24 13:32:35 sri /tmp/work/dist/vendors_10eff2_5.59.3-canary.v20250409133941.min.js -> /output/vendors_10eff2_5.59.3-canary.v20250409133941.min.js.sri
2025/06/24 13:32:35 algorithm: run /usr/bin/brotli --quality=11 --output=/output/vendors_10eff2_5.59.3-canary.v20250409133941.min.js.br /tmp/work/dist/vendors_10eff2_5.59.3-canary.v20250409133941.min.js
2025/06/24 13:32:35 br /tmp/work/dist/vendors_10eff2_5.59.3-canary.v20250409133941.min.js -> /output/vendors_10eff2_5.59.3-canary.v20250409133941.min.js.br
2025/06/24 13:32:35 gz /tmp/work/dist/vendors_10eff2_5.59.3-canary.v20250409133941.min.js -> /output/vendors_10eff2_5.59.3-canary.v20250409133941.min.js.gz
2025/06/24 13:32:35 sri /tmp/work/dist/vendors_10eff2_5.59.3-canary.v20250409133941.js -> /output/vendors_10eff2_5.59.3-canary.v20250409133941.js.sri
2025/06/24 13:32:35 algorithm: run /usr/bin/brotli --quality=11 --output=/output/vendors_10eff2_5.59.3-canary.v20250409133941.js.br /tmp/work/dist/vendors_10eff2_5.59.3-canary.v20250409133941.js
2025/06/24 13:32:35 br /tmp/work/dist/zxcvbn-common_e9b850_5.59.3-canary.v20250409133941.js -> /output/zxcvbn-common_e9b850_5.59.3-canary.v20250409133941.js.br
2025/06/24 13:32:35 br /tmp/work/dist/zxcvbn-common_10eff2_5.59.3-canary.v20250409133941.js -> /output/zxcvbn-common_10eff2_5.59.3-canary.v20250409133941.js.br
2025/06/24 13:32:35 br /tmp/work/dist/vendors_10eff2_5.59.3-canary.v20250409133941.js -> /output/vendors_10eff2_5.59.3-canary.v20250409133941.js.br
2025/06/24 13:32:35 gz /tmp/work/dist/zxcvbn-common_e9b850_5.59.3-canary.v20250409133941.js -> /output/zxcvbn-common_e9b850_5.59.3-canary.v20250409133941.js.gz
2025/06/24 13:32:35 gz /tmp/work/dist/vendors_10eff2_5.59.3-canary.v20250409133941.js -> /output/vendors_10eff2_5.59.3-canary.v20250409133941.js.gz
2025/06/24 13:32:35 sri /tmp/work/dist/ui-common_10eff2_5.59.3-canary.v20250409133941.min.js -> /output/ui-common_10eff2_5.59.3-canary.v20250409133941.min.js.sri
2025/06/24 13:32:35 algorithm: run /usr/bin/brotli --quality=11 --output=/output/ui-common_10eff2_5.59.3-canary.v20250409133941.min.js.br /tmp/work/dist/ui-common_10eff2_5.59.3-canary.v20250409133941.min.js
2025/06/24 13:32:35 gz /tmp/work/dist/zxcvbn-common_10eff2_5.59.3-canary.v20250409133941.js -> /output/zxcvbn-common_10eff2_5.59.3-canary.v20250409133941.js.gz
2025/06/24 13:32:36 br /tmp/work/dist/ui-common_10eff2_5.59.3-canary.v20250409133941.min.js -> /output/ui-common_10eff2_5.59.3-canary.v20250409133941.min.js.br
2025/06/24 13:32:36 gz /tmp/work/dist/ui-common_10eff2_5.59.3-canary.v20250409133941.min.js -> /output/ui-common_10eff2_5.59.3-canary.v20250409133941.min.js.gz
2025/06/24 13:32:36 sri /tmp/work/dist/ui-common_10eff2_5.59.3-canary.v20250409133941.js -> /output/ui-common_10eff2_5.59.3-canary.v20250409133941.js.sri
2025/06/24 13:32:36 algorithm: run /usr/bin/brotli --quality=11 --output=/output/ui-common_10eff2_5.59.3-canary.v20250409133941.js.br /tmp/work/dist/ui-common_10eff2_5.59.3-canary.v20250409133941.js
2025/06/24 13:32:37 br /tmp/work/dist/ui-common_10eff2_5.59.3-canary.v20250409133941.js -> /output/ui-common_10eff2_5.59.3-canary.v20250409133941.js.br
2025/06/24 13:32:37 gz /tmp/work/dist/ui-common_10eff2_5.59.3-canary.v20250409133941.js -> /output/ui-common_10eff2_5.59.3-canary.v20250409133941.js.gz
2025/06/24 13:32:39 sri /tmp/work/dist/clerk.min.js -> /output/clerk.min.js.sri
2025/06/24 13:32:39 algorithm: run /usr/bin/brotli --quality=11 --output=/output/clerk.min.js.br /tmp/work/dist/clerk.min.js
2025/06/24 13:32:39 sri /tmp/work/dist/clerk.no-rhc.min.js -> /output/clerk.no-rhc.min.js.sri
2025/06/24 13:32:39 algorithm: run /usr/bin/brotli --quality=11 --output=/output/clerk.no-rhc.min.js.br /tmp/work/dist/clerk.no-rhc.min.js
2025/06/24 13:32:42 br /tmp/work/dist/clerk.min.js -> /output/clerk.min.js.br
2025/06/24 13:32:42 gz /tmp/work/dist/clerk.min.js -> /output/clerk.min.js.gz
2025/06/24 13:32:42 sri /tmp/work/dist/clerk.js -> /output/clerk.js.sri
2025/06/24 13:32:42 algorithm: run /usr/bin/brotli --quality=11 --output=/output/clerk.js.br /tmp/work/dist/clerk.js
2025/06/24 13:32:42 br /tmp/work/dist/clerk.no-rhc.min.js -> /output/clerk.no-rhc.min.js.br
2025/06/24 13:32:42 gz /tmp/work/dist/clerk.no-rhc.min.js -> /output/clerk.no-rhc.min.js.gz
2025/06/24 13:32:42 sri /tmp/work/dist/clerk.no-rhc.js -> /output/clerk.no-rhc.js.sri
2025/06/24 13:32:42 algorithm: run /usr/bin/brotli --quality=11 --output=/output/clerk.no-rhc.js.br /tmp/work/dist/clerk.no-rhc.js
2025/06/24 13:32:45 br /tmp/work/dist/clerk.js -> /output/clerk.js.br
2025/06/24 13:32:45 gz /tmp/work/dist/clerk.js -> /output/clerk.js.gz
2025/06/24 13:32:46 br /tmp/work/dist/clerk.no-rhc.js -> /output/clerk.no-rhc.js.br
2025/06/24 13:32:46 gz /tmp/work/dist/clerk.no-rhc.js -> /output/clerk.no-rhc.js.gz
2025/06/24 13:32:46 processed clerk-js
