- z-schema/7.0.0-beta.3/Errors.js.br
- z-schema/7.0.0-beta.3/Errors.js.gz
- z-schema/7.0.0-beta.3/Errors.min.js.br
- z-schema/7.0.0-beta.3/Errors.min.js.gz
- z-schema/7.0.0-beta.3/FormatValidators.js.br
- z-schema/7.0.0-beta.3/FormatValidators.js.gz
- z-schema/7.0.0-beta.3/FormatValidators.min.js.br
- z-schema/7.0.0-beta.3/FormatValidators.min.js.gz
- z-schema/7.0.0-beta.3/JsonValidation.js.br
- z-schema/7.0.0-beta.3/JsonValidation.js.gz
- z-schema/7.0.0-beta.3/JsonValidation.min.js.br
- z-schema/7.0.0-beta.3/JsonValidation.min.js.gz
- z-schema/7.0.0-beta.3/Report.js.br
- z-schema/7.0.0-beta.3/Report.js.gz
- z-schema/7.0.0-beta.3/Report.min.js.br
- z-schema/7.0.0-beta.3/Report.min.js.gz
- z-schema/7.0.0-beta.3/SchemaCache.js.br
- z-schema/7.0.0-beta.3/SchemaCache.js.gz
- z-schema/7.0.0-beta.3/SchemaCache.min.js.br
- z-schema/7.0.0-beta.3/SchemaCache.min.js.gz
- z-schema/7.0.0-beta.3/SchemaCompilation.js.br
- z-schema/7.0.0-beta.3/SchemaCompilation.js.gz
- z-schema/7.0.0-beta.3/SchemaCompilation.min.js.br
- z-schema/7.0.0-beta.3/SchemaCompilation.min.js.gz
- z-schema/7.0.0-beta.3/SchemaValidation.js.br
- z-schema/7.0.0-beta.3/SchemaValidation.js.gz
- z-schema/7.0.0-beta.3/SchemaValidation.min.js.br
- z-schema/7.0.0-beta.3/SchemaValidation.min.js.gz
- z-schema/7.0.0-beta.3/Utils.js.br
- z-schema/7.0.0-beta.3/Utils.js.gz
- z-schema/7.0.0-beta.3/Utils.min.js.br
- z-schema/7.0.0-beta.3/Utils.min.js.gz
- z-schema/7.0.0-beta.3/ZSchema.js.br
- z-schema/7.0.0-beta.3/ZSchema.js.gz
- z-schema/7.0.0-beta.3/ZSchema.min.js.br
- z-schema/7.0.0-beta.3/ZSchema.min.js.gz
- z-schema/7.0.0-beta.3/index.js.br
- z-schema/7.0.0-beta.3/index.js.gz
- z-schema/7.0.0-beta.3/index.min.js.br
- z-schema/7.0.0-beta.3/index.min.js.gz