- fontsource-noto-sans-inscriptional-pahlavi/5.3.0/400.css.br
- fontsource-noto-sans-inscriptional-pahlavi/5.3.0/400.css.gz
- fontsource-noto-sans-inscriptional-pahlavi/5.3.0/400.min.css.br
- fontsource-noto-sans-inscriptional-pahlavi/5.3.0/400.min.css.gz
- fontsource-noto-sans-inscriptional-pahlavi/5.3.0/files/noto-sans-inscriptional-pahlavi-inscriptional-pahlavi-400-normal.woff.br
- fontsource-noto-sans-inscriptional-pahlavi/5.3.0/files/noto-sans-inscriptional-pahlavi-inscriptional-pahlavi-400-normal.woff.gz
- fontsource-noto-sans-inscriptional-pahlavi/5.3.0/files/noto-sans-inscriptional-pahlavi-inscriptional-pahlavi-400-normal.woff2
- fontsource-noto-sans-inscriptional-pahlavi/5.3.0/files/noto-sans-inscriptional-pahlavi-latin-400-normal.woff.br
- fontsource-noto-sans-inscriptional-pahlavi/5.3.0/files/noto-sans-inscriptional-pahlavi-latin-400-normal.woff.gz
- fontsource-noto-sans-inscriptional-pahlavi/5.3.0/files/noto-sans-inscriptional-pahlavi-latin-400-normal.woff2
- fontsource-noto-sans-inscriptional-pahlavi/5.3.0/files/noto-sans-inscriptional-pahlavi-latin-ext-400-normal.woff.br
- fontsource-noto-sans-inscriptional-pahlavi/5.3.0/files/noto-sans-inscriptional-pahlavi-latin-ext-400-normal.woff.gz
- fontsource-noto-sans-inscriptional-pahlavi/5.3.0/files/noto-sans-inscriptional-pahlavi-latin-ext-400-normal.woff2
- fontsource-noto-sans-inscriptional-pahlavi/5.3.0/index.css.br
- fontsource-noto-sans-inscriptional-pahlavi/5.3.0/index.css.gz
- fontsource-noto-sans-inscriptional-pahlavi/5.3.0/index.min.css.br
- fontsource-noto-sans-inscriptional-pahlavi/5.3.0/index.min.css.gz
- fontsource-noto-sans-inscriptional-pahlavi/5.3.0/inscriptional-pahlavi-400.css.br
- fontsource-noto-sans-inscriptional-pahlavi/5.3.0/inscriptional-pahlavi-400.css.gz
- fontsource-noto-sans-inscriptional-pahlavi/5.3.0/inscriptional-pahlavi-400.min.css.br
- fontsource-noto-sans-inscriptional-pahlavi/5.3.0/inscriptional-pahlavi-400.min.css.gz
- fontsource-noto-sans-inscriptional-pahlavi/5.3.0/inscriptional-pahlavi.css.br
- fontsource-noto-sans-inscriptional-pahlavi/5.3.0/inscriptional-pahlavi.css.gz
- fontsource-noto-sans-inscriptional-pahlavi/5.3.0/inscriptional-pahlavi.min.css.br
- fontsource-noto-sans-inscriptional-pahlavi/5.3.0/inscriptional-pahlavi.min.css.gz
- fontsource-noto-sans-inscriptional-pahlavi/5.3.0/latin-400.css.br
- fontsource-noto-sans-inscriptional-pahlavi/5.3.0/latin-400.css.gz
- fontsource-noto-sans-inscriptional-pahlavi/5.3.0/latin-400.min.css.br
- fontsource-noto-sans-inscriptional-pahlavi/5.3.0/latin-400.min.css.gz
- fontsource-noto-sans-inscriptional-pahlavi/5.3.0/latin-ext-400.css.br
- fontsource-noto-sans-inscriptional-pahlavi/5.3.0/latin-ext-400.css.gz
- fontsource-noto-sans-inscriptional-pahlavi/5.3.0/latin-ext-400.min.css.br
- fontsource-noto-sans-inscriptional-pahlavi/5.3.0/latin-ext-400.min.css.gz
- fontsource-noto-sans-inscriptional-pahlavi/5.3.0/latin-ext.css.br
- fontsource-noto-sans-inscriptional-pahlavi/5.3.0/latin-ext.css.gz
- fontsource-noto-sans-inscriptional-pahlavi/5.3.0/latin-ext.min.css.br
- fontsource-noto-sans-inscriptional-pahlavi/5.3.0/latin-ext.min.css.gz
- fontsource-noto-sans-inscriptional-pahlavi/5.3.0/latin.css.br
- fontsource-noto-sans-inscriptional-pahlavi/5.3.0/latin.css.gz
- fontsource-noto-sans-inscriptional-pahlavi/5.3.0/latin.min.css.br
- fontsource-noto-sans-inscriptional-pahlavi/5.3.0/latin.min.css.gz