- fontsource-cardo/5.3.0/400-italic.css.br
- fontsource-cardo/5.3.0/400-italic.css.gz
- fontsource-cardo/5.3.0/400-italic.min.css.br
- fontsource-cardo/5.3.0/400-italic.min.css.gz
- fontsource-cardo/5.3.0/400.css.br
- fontsource-cardo/5.3.0/400.css.gz
- fontsource-cardo/5.3.0/400.min.css.br
- fontsource-cardo/5.3.0/400.min.css.gz
- fontsource-cardo/5.3.0/700.css.br
- fontsource-cardo/5.3.0/700.css.gz
- fontsource-cardo/5.3.0/700.min.css.br
- fontsource-cardo/5.3.0/700.min.css.gz
- fontsource-cardo/5.3.0/files/cardo-gothic-400-italic.woff.br
- fontsource-cardo/5.3.0/files/cardo-gothic-400-italic.woff.gz
- fontsource-cardo/5.3.0/files/cardo-gothic-400-italic.woff2
- fontsource-cardo/5.3.0/files/cardo-gothic-400-normal.woff.br
- fontsource-cardo/5.3.0/files/cardo-gothic-400-normal.woff.gz
- fontsource-cardo/5.3.0/files/cardo-gothic-400-normal.woff2
- fontsource-cardo/5.3.0/files/cardo-gothic-700-normal.woff.br
- fontsource-cardo/5.3.0/files/cardo-gothic-700-normal.woff.gz
- fontsource-cardo/5.3.0/files/cardo-gothic-700-normal.woff2
- fontsource-cardo/5.3.0/files/cardo-greek-400-italic.woff.br
- fontsource-cardo/5.3.0/files/cardo-greek-400-italic.woff.gz
- fontsource-cardo/5.3.0/files/cardo-greek-400-italic.woff2
- fontsource-cardo/5.3.0/files/cardo-greek-400-normal.woff.br
- fontsource-cardo/5.3.0/files/cardo-greek-400-normal.woff.gz
- fontsource-cardo/5.3.0/files/cardo-greek-400-normal.woff2
- fontsource-cardo/5.3.0/files/cardo-greek-700-normal.woff.br
- fontsource-cardo/5.3.0/files/cardo-greek-700-normal.woff.gz
- fontsource-cardo/5.3.0/files/cardo-greek-700-normal.woff2
- fontsource-cardo/5.3.0/files/cardo-greek-ext-400-italic.woff.br
- fontsource-cardo/5.3.0/files/cardo-greek-ext-400-italic.woff.gz
- fontsource-cardo/5.3.0/files/cardo-greek-ext-400-italic.woff2
- fontsource-cardo/5.3.0/files/cardo-greek-ext-400-normal.woff.br
- fontsource-cardo/5.3.0/files/cardo-greek-ext-400-normal.woff.gz
- fontsource-cardo/5.3.0/files/cardo-greek-ext-400-normal.woff2
- fontsource-cardo/5.3.0/files/cardo-greek-ext-700-normal.woff.br
- fontsource-cardo/5.3.0/files/cardo-greek-ext-700-normal.woff.gz
- fontsource-cardo/5.3.0/files/cardo-greek-ext-700-normal.woff2
- fontsource-cardo/5.3.0/files/cardo-hebrew-400-italic.woff.br
- fontsource-cardo/5.3.0/files/cardo-hebrew-400-italic.woff.gz
- fontsource-cardo/5.3.0/files/cardo-hebrew-400-italic.woff2
- fontsource-cardo/5.3.0/files/cardo-hebrew-400-normal.woff.br
- fontsource-cardo/5.3.0/files/cardo-hebrew-400-normal.woff.gz
- fontsource-cardo/5.3.0/files/cardo-hebrew-400-normal.woff2
- fontsource-cardo/5.3.0/files/cardo-hebrew-700-normal.woff.br
- fontsource-cardo/5.3.0/files/cardo-hebrew-700-normal.woff.gz
- fontsource-cardo/5.3.0/files/cardo-hebrew-700-normal.woff2
- fontsource-cardo/5.3.0/files/cardo-latin-400-italic.woff.br
- fontsource-cardo/5.3.0/files/cardo-latin-400-italic.woff.gz
- fontsource-cardo/5.3.0/files/cardo-latin-400-italic.woff2
- fontsource-cardo/5.3.0/files/cardo-latin-400-normal.woff.br
- fontsource-cardo/5.3.0/files/cardo-latin-400-normal.woff.gz
- fontsource-cardo/5.3.0/files/cardo-latin-400-normal.woff2
- fontsource-cardo/5.3.0/files/cardo-latin-700-normal.woff.br
- fontsource-cardo/5.3.0/files/cardo-latin-700-normal.woff.gz
- fontsource-cardo/5.3.0/files/cardo-latin-700-normal.woff2
- fontsource-cardo/5.3.0/files/cardo-latin-ext-400-italic.woff.br
- fontsource-cardo/5.3.0/files/cardo-latin-ext-400-italic.woff.gz
- fontsource-cardo/5.3.0/files/cardo-latin-ext-400-italic.woff2
- fontsource-cardo/5.3.0/files/cardo-latin-ext-400-normal.woff.br
- fontsource-cardo/5.3.0/files/cardo-latin-ext-400-normal.woff.gz
- fontsource-cardo/5.3.0/files/cardo-latin-ext-400-normal.woff2
- fontsource-cardo/5.3.0/files/cardo-latin-ext-700-normal.woff.br
- fontsource-cardo/5.3.0/files/cardo-latin-ext-700-normal.woff.gz
- fontsource-cardo/5.3.0/files/cardo-latin-ext-700-normal.woff2
- fontsource-cardo/5.3.0/files/cardo-old-italic-400-italic.woff.br
- fontsource-cardo/5.3.0/files/cardo-old-italic-400-italic.woff.gz
- fontsource-cardo/5.3.0/files/cardo-old-italic-400-italic.woff2
- fontsource-cardo/5.3.0/files/cardo-old-italic-400-normal.woff.br
- fontsource-cardo/5.3.0/files/cardo-old-italic-400-normal.woff.gz
- fontsource-cardo/5.3.0/files/cardo-old-italic-400-normal.woff2
- fontsource-cardo/5.3.0/files/cardo-old-italic-700-normal.woff.br
- fontsource-cardo/5.3.0/files/cardo-old-italic-700-normal.woff.gz
- fontsource-cardo/5.3.0/files/cardo-old-italic-700-normal.woff2
- fontsource-cardo/5.3.0/files/cardo-runic-400-italic.woff.br
- fontsource-cardo/5.3.0/files/cardo-runic-400-italic.woff.gz
- fontsource-cardo/5.3.0/files/cardo-runic-400-italic.woff2
- fontsource-cardo/5.3.0/files/cardo-runic-400-normal.woff.br
- fontsource-cardo/5.3.0/files/cardo-runic-400-normal.woff.gz
- fontsource-cardo/5.3.0/files/cardo-runic-400-normal.woff2
- fontsource-cardo/5.3.0/files/cardo-runic-700-normal.woff.br
- fontsource-cardo/5.3.0/files/cardo-runic-700-normal.woff.gz
- fontsource-cardo/5.3.0/files/cardo-runic-700-normal.woff2
- fontsource-cardo/5.3.0/gothic-400-italic.css.br
- fontsource-cardo/5.3.0/gothic-400-italic.css.gz
- fontsource-cardo/5.3.0/gothic-400-italic.min.css.br
- fontsource-cardo/5.3.0/gothic-400-italic.min.css.gz
- fontsource-cardo/5.3.0/gothic-400.css.br
- fontsource-cardo/5.3.0/gothic-400.css.gz
- fontsource-cardo/5.3.0/gothic-400.min.css.br
- fontsource-cardo/5.3.0/gothic-400.min.css.gz
- fontsource-cardo/5.3.0/gothic-700.css.br
- fontsource-cardo/5.3.0/gothic-700.css.gz
- fontsource-cardo/5.3.0/gothic-700.min.css.br
- fontsource-cardo/5.3.0/gothic-700.min.css.gz
- fontsource-cardo/5.3.0/gothic-italic.css.br
- fontsource-cardo/5.3.0/gothic-italic.css.gz
- fontsource-cardo/5.3.0/gothic-italic.min.css.br
- fontsource-cardo/5.3.0/gothic-italic.min.css.gz
- fontsource-cardo/5.3.0/gothic.css.br
- fontsource-cardo/5.3.0/gothic.css.gz
- fontsource-cardo/5.3.0/gothic.min.css.br
- fontsource-cardo/5.3.0/gothic.min.css.gz
- fontsource-cardo/5.3.0/greek-400-italic.css.br
- fontsource-cardo/5.3.0/greek-400-italic.css.gz
- fontsource-cardo/5.3.0/greek-400-italic.min.css.br
- fontsource-cardo/5.3.0/greek-400-italic.min.css.gz
- fontsource-cardo/5.3.0/greek-400.css.br
- fontsource-cardo/5.3.0/greek-400.css.gz
- fontsource-cardo/5.3.0/greek-400.min.css.br
- fontsource-cardo/5.3.0/greek-400.min.css.gz
- fontsource-cardo/5.3.0/greek-700.css.br
- fontsource-cardo/5.3.0/greek-700.css.gz
- fontsource-cardo/5.3.0/greek-700.min.css.br
- fontsource-cardo/5.3.0/greek-700.min.css.gz
- fontsource-cardo/5.3.0/greek-ext-400-italic.css.br
- fontsource-cardo/5.3.0/greek-ext-400-italic.css.gz
- fontsource-cardo/5.3.0/greek-ext-400-italic.min.css.br
- fontsource-cardo/5.3.0/greek-ext-400-italic.min.css.gz
- fontsource-cardo/5.3.0/greek-ext-400.css.br
- fontsource-cardo/5.3.0/greek-ext-400.css.gz
- fontsource-cardo/5.3.0/greek-ext-400.min.css.br
- fontsource-cardo/5.3.0/greek-ext-400.min.css.gz
- fontsource-cardo/5.3.0/greek-ext-700.css.br
- fontsource-cardo/5.3.0/greek-ext-700.css.gz
- fontsource-cardo/5.3.0/greek-ext-700.min.css.br
- fontsource-cardo/5.3.0/greek-ext-700.min.css.gz
- fontsource-cardo/5.3.0/greek-ext-italic.css.br
- fontsource-cardo/5.3.0/greek-ext-italic.css.gz
- fontsource-cardo/5.3.0/greek-ext-italic.min.css.br
- fontsource-cardo/5.3.0/greek-ext-italic.min.css.gz
- fontsource-cardo/5.3.0/greek-ext.css.br
- fontsource-cardo/5.3.0/greek-ext.css.gz
- fontsource-cardo/5.3.0/greek-ext.min.css.br
- fontsource-cardo/5.3.0/greek-ext.min.css.gz
- fontsource-cardo/5.3.0/greek-italic.css.br
- fontsource-cardo/5.3.0/greek-italic.css.gz
- fontsource-cardo/5.3.0/greek-italic.min.css.br
- fontsource-cardo/5.3.0/greek-italic.min.css.gz
- fontsource-cardo/5.3.0/greek.css.br
- fontsource-cardo/5.3.0/greek.css.gz
- fontsource-cardo/5.3.0/greek.min.css.br
- fontsource-cardo/5.3.0/greek.min.css.gz
- fontsource-cardo/5.3.0/hebrew-400-italic.css.br
- fontsource-cardo/5.3.0/hebrew-400-italic.css.gz
- fontsource-cardo/5.3.0/hebrew-400-italic.min.css.br
- fontsource-cardo/5.3.0/hebrew-400-italic.min.css.gz
- fontsource-cardo/5.3.0/hebrew-400.css.br
- fontsource-cardo/5.3.0/hebrew-400.css.gz
- fontsource-cardo/5.3.0/hebrew-400.min.css.br
- fontsource-cardo/5.3.0/hebrew-400.min.css.gz
- fontsource-cardo/5.3.0/hebrew-700.css.br
- fontsource-cardo/5.3.0/hebrew-700.css.gz
- fontsource-cardo/5.3.0/hebrew-700.min.css.br
- fontsource-cardo/5.3.0/hebrew-700.min.css.gz
- fontsource-cardo/5.3.0/hebrew-italic.css.br
- fontsource-cardo/5.3.0/hebrew-italic.css.gz
- fontsource-cardo/5.3.0/hebrew-italic.min.css.br
- fontsource-cardo/5.3.0/hebrew-italic.min.css.gz
- fontsource-cardo/5.3.0/hebrew.css.br
- fontsource-cardo/5.3.0/hebrew.css.gz
- fontsource-cardo/5.3.0/hebrew.min.css.br
- fontsource-cardo/5.3.0/hebrew.min.css.gz
- fontsource-cardo/5.3.0/index.css.br
- fontsource-cardo/5.3.0/index.css.gz
- fontsource-cardo/5.3.0/index.min.css.br
- fontsource-cardo/5.3.0/index.min.css.gz
- fontsource-cardo/5.3.0/latin-400-italic.css.br
- fontsource-cardo/5.3.0/latin-400-italic.css.gz
- fontsource-cardo/5.3.0/latin-400-italic.min.css.br
- fontsource-cardo/5.3.0/latin-400-italic.min.css.gz
- fontsource-cardo/5.3.0/latin-400.css.br
- fontsource-cardo/5.3.0/latin-400.css.gz
- fontsource-cardo/5.3.0/latin-400.min.css.br
- fontsource-cardo/5.3.0/latin-400.min.css.gz
- fontsource-cardo/5.3.0/latin-700.css.br
- fontsource-cardo/5.3.0/latin-700.css.gz
- fontsource-cardo/5.3.0/latin-700.min.css.br
- fontsource-cardo/5.3.0/latin-700.min.css.gz
- fontsource-cardo/5.3.0/latin-ext-400-italic.css.br
- fontsource-cardo/5.3.0/latin-ext-400-italic.css.gz
- fontsource-cardo/5.3.0/latin-ext-400-italic.min.css.br
- fontsource-cardo/5.3.0/latin-ext-400-italic.min.css.gz
- fontsource-cardo/5.3.0/latin-ext-400.css.br
- fontsource-cardo/5.3.0/latin-ext-400.css.gz
- fontsource-cardo/5.3.0/latin-ext-400.min.css.br
- fontsource-cardo/5.3.0/latin-ext-400.min.css.gz
- fontsource-cardo/5.3.0/latin-ext-700.css.br
- fontsource-cardo/5.3.0/latin-ext-700.css.gz
- fontsource-cardo/5.3.0/latin-ext-700.min.css.br
- fontsource-cardo/5.3.0/latin-ext-700.min.css.gz
- fontsource-cardo/5.3.0/latin-ext-italic.css.br
- fontsource-cardo/5.3.0/latin-ext-italic.css.gz
- fontsource-cardo/5.3.0/latin-ext-italic.min.css.br
- fontsource-cardo/5.3.0/latin-ext-italic.min.css.gz
- fontsource-cardo/5.3.0/latin-ext.css.br
- fontsource-cardo/5.3.0/latin-ext.css.gz
- fontsource-cardo/5.3.0/latin-ext.min.css.br
- fontsource-cardo/5.3.0/latin-ext.min.css.gz
- fontsource-cardo/5.3.0/latin-italic.css.br
- fontsource-cardo/5.3.0/latin-italic.css.gz
- fontsource-cardo/5.3.0/latin-italic.min.css.br
- fontsource-cardo/5.3.0/latin-italic.min.css.gz
- fontsource-cardo/5.3.0/latin.css.br
- fontsource-cardo/5.3.0/latin.css.gz
- fontsource-cardo/5.3.0/latin.min.css.br
- fontsource-cardo/5.3.0/latin.min.css.gz
- fontsource-cardo/5.3.0/old-italic-400-italic.css.br
- fontsource-cardo/5.3.0/old-italic-400-italic.css.gz
- fontsource-cardo/5.3.0/old-italic-400-italic.min.css.br
- fontsource-cardo/5.3.0/old-italic-400-italic.min.css.gz
- fontsource-cardo/5.3.0/old-italic-400.css.br
- fontsource-cardo/5.3.0/old-italic-400.css.gz
- fontsource-cardo/5.3.0/old-italic-400.min.css.br
- fontsource-cardo/5.3.0/old-italic-400.min.css.gz
- fontsource-cardo/5.3.0/old-italic-700.css.br
- fontsource-cardo/5.3.0/old-italic-700.css.gz
- fontsource-cardo/5.3.0/old-italic-700.min.css.br
- fontsource-cardo/5.3.0/old-italic-700.min.css.gz
- fontsource-cardo/5.3.0/old-italic-italic.css.br
- fontsource-cardo/5.3.0/old-italic-italic.css.gz
- fontsource-cardo/5.3.0/old-italic-italic.min.css.br
- fontsource-cardo/5.3.0/old-italic-italic.min.css.gz
- fontsource-cardo/5.3.0/old-italic.css.br
- fontsource-cardo/5.3.0/old-italic.css.gz
- fontsource-cardo/5.3.0/old-italic.min.css.br
- fontsource-cardo/5.3.0/old-italic.min.css.gz
- fontsource-cardo/5.3.0/runic-400-italic.css.br
- fontsource-cardo/5.3.0/runic-400-italic.css.gz
- fontsource-cardo/5.3.0/runic-400-italic.min.css.br
- fontsource-cardo/5.3.0/runic-400-italic.min.css.gz
- fontsource-cardo/5.3.0/runic-400.css.br
- fontsource-cardo/5.3.0/runic-400.css.gz
- fontsource-cardo/5.3.0/runic-400.min.css.br
- fontsource-cardo/5.3.0/runic-400.min.css.gz
- fontsource-cardo/5.3.0/runic-700.css.br
- fontsource-cardo/5.3.0/runic-700.css.gz
- fontsource-cardo/5.3.0/runic-700.min.css.br
- fontsource-cardo/5.3.0/runic-700.min.css.gz
- fontsource-cardo/5.3.0/runic-italic.css.br
- fontsource-cardo/5.3.0/runic-italic.css.gz
- fontsource-cardo/5.3.0/runic-italic.min.css.br
- fontsource-cardo/5.3.0/runic-italic.min.css.gz
- fontsource-cardo/5.3.0/runic.css.br
- fontsource-cardo/5.3.0/runic.css.gz
- fontsource-cardo/5.3.0/runic.min.css.br
- fontsource-cardo/5.3.0/runic.min.css.gz