config: {"authors":[{"name":"Facebook"}],"autoupdate":{"source":"npm","target":"react-dom","fileMap":[{"basePath":"dist","files":["**/*"]},{"basePath":"","files":["+(cjs|umd)/**/*"]}],"ignoreVersions":["*-alpha.*[a-z]*","0.0.0-*"]},"description":"The entry point of the DOM-related rendering paths. It is intended to be paired with the isomorphic React, which is shipped as react to npm.","filename":"umd/react-dom.production.min.js","homepage":"https://facebook.github.io/react/","keywords":["react","jsx","transformer","view","dom","server"],"license":"MIT","name":"react-dom","repository":{"type":"git","url":"https://github.com/facebook/react"},"author":"Facebook"}
KV keys:
- react-dom/19.2.0-canary-3fbfb9ba-20250409/cjs/react-dom-client.development.js.br
- react-dom/19.2.0-canary-3fbfb9ba-20250409/cjs/react-dom-client.development.js.gz
- react-dom/19.2.0-canary-3fbfb9ba-20250409/cjs/react-dom-client.development.min.js.br
- react-dom/19.2.0-canary-3fbfb9ba-20250409/cjs/react-dom-client.development.min.js.gz
- react-dom/19.2.0-canary-3fbfb9ba-20250409/cjs/react-dom-client.production.js.br
- react-dom/19.2.0-canary-3fbfb9ba-20250409/cjs/react-dom-client.production.js.gz
- react-dom/19.2.0-canary-3fbfb9ba-20250409/cjs/react-dom-client.production.min.js.br
- react-dom/19.2.0-canary-3fbfb9ba-20250409/cjs/react-dom-client.production.min.js.gz
- react-dom/19.2.0-canary-3fbfb9ba-20250409/cjs/react-dom-profiling.development.js.br
- react-dom/19.2.0-canary-3fbfb9ba-20250409/cjs/react-dom-profiling.development.js.gz
- react-dom/19.2.0-canary-3fbfb9ba-20250409/cjs/react-dom-profiling.development.min.js.br
- react-dom/19.2.0-canary-3fbfb9ba-20250409/cjs/react-dom-profiling.development.min.js.gz
- react-dom/19.2.0-canary-3fbfb9ba-20250409/cjs/react-dom-profiling.profiling.js.br
- react-dom/19.2.0-canary-3fbfb9ba-20250409/cjs/react-dom-profiling.profiling.js.gz
- react-dom/19.2.0-canary-3fbfb9ba-20250409/cjs/react-dom-profiling.profiling.min.js.br
- react-dom/19.2.0-canary-3fbfb9ba-20250409/cjs/react-dom-profiling.profiling.min.js.gz
- react-dom/19.2.0-canary-3fbfb9ba-20250409/cjs/react-dom-server-legacy.browser.development.js.br
- react-dom/19.2.0-canary-3fbfb9ba-20250409/cjs/react-dom-server-legacy.browser.development.js.gz
- react-dom/19.2.0-canary-3fbfb9ba-20250409/cjs/react-dom-server-legacy.browser.development.min.js.br
- react-dom/19.2.0-canary-3fbfb9ba-20250409/cjs/react-dom-server-legacy.browser.development.min.js.gz
- react-dom/19.2.0-canary-3fbfb9ba-20250409/cjs/react-dom-server-legacy.browser.production.js.br
- react-dom/19.2.0-canary-3fbfb9ba-20250409/cjs/react-dom-server-legacy.browser.production.js.gz
- react-dom/19.2.0-canary-3fbfb9ba-20250409/cjs/react-dom-server-legacy.browser.production.min.js.br
- react-dom/19.2.0-canary-3fbfb9ba-20250409/cjs/react-dom-server-legacy.browser.production.min.js.gz
- react-dom/19.2.0-canary-3fbfb9ba-20250409/cjs/react-dom-server-legacy.node.development.js.br
- react-dom/19.2.0-canary-3fbfb9ba-20250409/cjs/react-dom-server-legacy.node.development.js.gz
- react-dom/19.2.0-canary-3fbfb9ba-20250409/cjs/react-dom-server-legacy.node.development.min.js.br
- react-dom/19.2.0-canary-3fbfb9ba-20250409/cjs/react-dom-server-legacy.node.development.min.js.gz
- react-dom/19.2.0-canary-3fbfb9ba-20250409/cjs/react-dom-server-legacy.node.production.js.br
- react-dom/19.2.0-canary-3fbfb9ba-20250409/cjs/react-dom-server-legacy.node.production.js.gz
- react-dom/19.2.0-canary-3fbfb9ba-20250409/cjs/react-dom-server-legacy.node.production.min.js.br
- react-dom/19.2.0-canary-3fbfb9ba-20250409/cjs/react-dom-server-legacy.node.production.min.js.gz
- react-dom/19.2.0-canary-3fbfb9ba-20250409/cjs/react-dom-server.browser.development.js.br
- react-dom/19.2.0-canary-3fbfb9ba-20250409/cjs/react-dom-server.browser.development.js.gz
- react-dom/19.2.0-canary-3fbfb9ba-20250409/cjs/react-dom-server.browser.development.min.js.br
- react-dom/19.2.0-canary-3fbfb9ba-20250409/cjs/react-dom-server.browser.development.min.js.gz
- react-dom/19.2.0-canary-3fbfb9ba-20250409/cjs/react-dom-server.browser.production.js.br
- react-dom/19.2.0-canary-3fbfb9ba-20250409/cjs/react-dom-server.browser.production.js.gz
- react-dom/19.2.0-canary-3fbfb9ba-20250409/cjs/react-dom-server.browser.production.min.js.br
- react-dom/19.2.0-canary-3fbfb9ba-20250409/cjs/react-dom-server.browser.production.min.js.gz
- react-dom/19.2.0-canary-3fbfb9ba-20250409/cjs/react-dom-server.bun.development.js.br
- react-dom/19.2.0-canary-3fbfb9ba-20250409/cjs/react-dom-server.bun.development.js.gz
- react-dom/19.2.0-canary-3fbfb9ba-20250409/cjs/react-dom-server.bun.development.min.js.br
- react-dom/19.2.0-canary-3fbfb9ba-20250409/cjs/react-dom-server.bun.development.min.js.gz
- react-dom/19.2.0-canary-3fbfb9ba-20250409/cjs/react-dom-server.bun.production.js.br
- react-dom/19.2.0-canary-3fbfb9ba-20250409/cjs/react-dom-server.bun.production.js.gz
- react-dom/19.2.0-canary-3fbfb9ba-20250409/cjs/react-dom-server.bun.production.min.js.br
- react-dom/19.2.0-canary-3fbfb9ba-20250409/cjs/react-dom-server.bun.production.min.js.gz
- react-dom/19.2.0-canary-3fbfb9ba-20250409/cjs/react-dom-server.edge.development.js.br
- react-dom/19.2.0-canary-3fbfb9ba-20250409/cjs/react-dom-server.edge.development.js.gz
- react-dom/19.2.0-canary-3fbfb9ba-20250409/cjs/react-dom-server.edge.development.min.js.br
- react-dom/19.2.0-canary-3fbfb9ba-20250409/cjs/react-dom-server.edge.development.min.js.gz
- react-dom/19.2.0-canary-3fbfb9ba-20250409/cjs/react-dom-server.edge.production.js.br
- react-dom/19.2.0-canary-3fbfb9ba-20250409/cjs/react-dom-server.edge.production.js.gz
- react-dom/19.2.0-canary-3fbfb9ba-20250409/cjs/react-dom-server.edge.production.min.js.br
- react-dom/19.2.0-canary-3fbfb9ba-20250409/cjs/react-dom-server.edge.production.min.js.gz
- react-dom/19.2.0-canary-3fbfb9ba-20250409/cjs/react-dom-server.node.development.js.br
- react-dom/19.2.0-canary-3fbfb9ba-20250409/cjs/react-dom-server.node.development.js.gz
- react-dom/19.2.0-canary-3fbfb9ba-20250409/cjs/react-dom-server.node.development.min.js.br
- react-dom/19.2.0-canary-3fbfb9ba-20250409/cjs/react-dom-server.node.development.min.js.gz
- react-dom/19.2.0-canary-3fbfb9ba-20250409/cjs/react-dom-server.node.production.js.br
- react-dom/19.2.0-canary-3fbfb9ba-20250409/cjs/react-dom-server.node.production.js.gz
- react-dom/19.2.0-canary-3fbfb9ba-20250409/cjs/react-dom-server.node.production.min.js.br
- react-dom/19.2.0-canary-3fbfb9ba-20250409/cjs/react-dom-server.node.production.min.js.gz
- react-dom/19.2.0-canary-3fbfb9ba-20250409/cjs/react-dom-test-utils.development.js.br
- react-dom/19.2.0-canary-3fbfb9ba-20250409/cjs/react-dom-test-utils.development.js.gz
- react-dom/19.2.0-canary-3fbfb9ba-20250409/cjs/react-dom-test-utils.development.min.js.br
- react-dom/19.2.0-canary-3fbfb9ba-20250409/cjs/react-dom-test-utils.development.min.js.gz
- react-dom/19.2.0-canary-3fbfb9ba-20250409/cjs/react-dom-test-utils.production.js.br
- react-dom/19.2.0-canary-3fbfb9ba-20250409/cjs/react-dom-test-utils.production.js.gz
- react-dom/19.2.0-canary-3fbfb9ba-20250409/cjs/react-dom-test-utils.production.min.js.br
- react-dom/19.2.0-canary-3fbfb9ba-20250409/cjs/react-dom-test-utils.production.min.js.gz
- react-dom/19.2.0-canary-3fbfb9ba-20250409/cjs/react-dom.development.js.br
- react-dom/19.2.0-canary-3fbfb9ba-20250409/cjs/react-dom.development.js.gz
- react-dom/19.2.0-canary-3fbfb9ba-20250409/cjs/react-dom.development.min.js.br
- react-dom/19.2.0-canary-3fbfb9ba-20250409/cjs/react-dom.development.min.js.gz
- react-dom/19.2.0-canary-3fbfb9ba-20250409/cjs/react-dom.production.js.br
- react-dom/19.2.0-canary-3fbfb9ba-20250409/cjs/react-dom.production.js.gz
- react-dom/19.2.0-canary-3fbfb9ba-20250409/cjs/react-dom.production.min.js.br
- react-dom/19.2.0-canary-3fbfb9ba-20250409/cjs/react-dom.production.min.js.gz
- react-dom/19.2.0-canary-3fbfb9ba-20250409/cjs/react-dom.react-server.development.js.br
- react-dom/19.2.0-canary-3fbfb9ba-20250409/cjs/react-dom.react-server.development.js.gz
- react-dom/19.2.0-canary-3fbfb9ba-20250409/cjs/react-dom.react-server.development.min.js.br
- react-dom/19.2.0-canary-3fbfb9ba-20250409/cjs/react-dom.react-server.development.min.js.gz
- react-dom/19.2.0-canary-3fbfb9ba-20250409/cjs/react-dom.react-server.production.js.br
- react-dom/19.2.0-canary-3fbfb9ba-20250409/cjs/react-dom.react-server.production.js.gz
- react-dom/19.2.0-canary-3fbfb9ba-20250409/cjs/react-dom.react-server.production.min.js.br
- react-dom/19.2.0-canary-3fbfb9ba-20250409/cjs/react-dom.react-server.production.min.js.gz
SRIs:
- react-dom/19.2.0-canary-3fbfb9ba-20250409/cjs/react-dom-profiling.profiling.js: sha512-LYSrSev3cyrPJWYUPbWIq71cjoWcR0AUo1vQTJ39TOh8r3yNH+AmFJdHaXIhLWWykS02/WkBYdUacJrakSevLA==
- react-dom/19.2.0-canary-3fbfb9ba-20250409/cjs/react-dom-profiling.profiling.min.js: sha512-8vOBvKq6F3CigGuWoKlkdaRpHwBImF5Jqw/jJKFUaoegZJW45wJilnTDqRig8KS38oNE4fRxUlzfwKVtKOHAhA==
- react-dom/19.2.0-canary-3fbfb9ba-20250409/cjs/react-dom-server-legacy.node.production.js: sha512-0LXoWVZQuTic7VIVHesg3rlQfQH8AhoHBNiQgv64lTuTPP2X2XDnYvNtjgsZZji3M+szkNTzZQMec0supisQpA==
- react-dom/19.2.0-canary-3fbfb9ba-20250409/cjs/react-dom-server.edge.production.js: sha512-RQ1TUUrYU/pbMp1UeX12SgruyXR8V/rUJ1SgM711sDHw0B0NvTe63PVJGajkDM8NozBcEENcosoZ48BB7wn4XA==
- react-dom/19.2.0-canary-3fbfb9ba-20250409/cjs/react-dom-server.node.production.js: sha512-HcWNLxoIo7sC+D7Napa1Awi4eItK7EIOD2pdb01jvgLk5/NIJJMkcnatQko39h0v+y5a956+Q33/VQ9QB5iDtA==
- react-dom/19.2.0-canary-3fbfb9ba-20250409/cjs/react-dom-client.production.min.js: sha512-EOMhMFGhFjfZIedySNawOns8zTTZRJ/9QD9RuaSmsQVxNxLx2cBGhl6s55dn6ZxIZfSxoRV/fqmX4qEEE570Eg==
- react-dom/19.2.0-canary-3fbfb9ba-20250409/cjs/react-dom-server.bun.production.js: sha512-+HUrEz2C9F+og240OY68i2KNTe8plE3jIjwgGv3d3sqsmbiQZKFBij+x3ChOBTwVtIDeemVm6mSYE4ONOzuZ2A==
- react-dom/19.2.0-canary-3fbfb9ba-20250409/cjs/react-dom-server.edge.production.min.js: sha512-o+wTWR8Jg7Y/HvijcK94j1QM4a+nIr4+9P3T153+6vQer1hzRe2W9kfzGX8Xh/KZnQO5Nbdtpp7qgP/x/UPo+A==
- react-dom/19.2.0-canary-3fbfb9ba-20250409/cjs/react-dom-server.node.production.min.js: sha512-azJQuN2ApbibboYwQgyT0/Ftu1Px2oDn/TX2PF6bnzJMUpFuzHk1dVEFwsYMYkgH6V7JSZ4h5j0ulVgQenaYdg==
- react-dom/19.2.0-canary-3fbfb9ba-20250409/cjs/react-dom-test-utils.production.min.js: sha512-7i9t0ZObhvtf6bXCbuUPUW3AkdvGjkN3wJ+Wy1eNzrakcrYWQ2mieiZloe9pfdNx7c3ye/zhZFjluDQttG0gpw==
- react-dom/19.2.0-canary-3fbfb9ba-20250409/cjs/react-dom-server-legacy.node.development.js: sha512-NE18Q1iJrOf09tlceV9CUXAx6rfUTSH0azGsSsIzs5SHX3gSii6Ya8jCV6a4x8jppU0x7fzoo9JbHvrXFCWsGw==
- react-dom/19.2.0-canary-3fbfb9ba-20250409/cjs/react-dom-server-legacy.browser.development.js: sha512-hPSIToIHQRUHnXKZaFWh0TUCyFTDM1KRGBVZFWqzxsTw7KslXJUgWVTH2dHFkBxrnMQzJfqe0Hn8fx/uBGK/Kg==
- react-dom/19.2.0-canary-3fbfb9ba-20250409/cjs/react-dom-server-legacy.browser.production.min.js: sha512-3eiieaE3WjrYxLDxalTvpQBJE3yzjm1JIntqm/gJb1LMmmLEUvFV6echChkqpo8a63YB/mOt6VbLSarI7TFy5g==
- react-dom/19.2.0-canary-3fbfb9ba-20250409/cjs/react-dom-server-legacy.node.production.min.js: sha512-xJqZGEr+Vkgi431qXGRiMSBHS3DwhSEvTFFjTqmurJY70Wgr5JIR+P/Es7gnnWbKdLrtuZNu4RFrNXCd/j/ngg==
- react-dom/19.2.0-canary-3fbfb9ba-20250409/cjs/react-dom-test-utils.development.min.js: sha512-zZ3i3o1rgGlQugRndFsHwrDh56QBL4RxBWQsEEZKtI4fmkztffLhS4URazWEluTDK6af7E2vJnk0cDWvTJmBIA==
- react-dom/19.2.0-canary-3fbfb9ba-20250409/cjs/react-dom.react-server.production.js: sha512-oHIX6viufICmSPPLzkVTsEKy7+cknb2+7KV/itfMqoEsOixa41YTDvqQ+P05vouQWff7mBUjX3Lept+n/Vv7ew==
- react-dom/19.2.0-canary-3fbfb9ba-20250409/cjs/react-dom.react-server.production.min.js: sha512-jsk1i+UWP3uxsF+c5Af7rProD/7hknLvjxIMphl5mWjboRvWo3x7LDUI7pAD03ZvnPnGcKCjf0aW+F6tPqsUlQ==
- react-dom/19.2.0-canary-3fbfb9ba-20250409/cjs/react-dom-client.development.min.js: sha512-NUOGj5VNEFoMSCzM3DiYS0MBCyP6jPXvOnRgrE+a/f+Q3IoKjR2wV8SLaSwvVhuCNe6UAxdpqIoe1zSG0UuK9A==
- react-dom/19.2.0-canary-3fbfb9ba-20250409/cjs/react-dom-test-utils.production.js: sha512-jkoqaAph1QG0Rsi5v6QFKgNiVbYZAAHnJAMKrsaEng593GKYE7QdBtHNvNEnyJXhBy7MahqaZvPLT30h+DAZig==
- react-dom/19.2.0-canary-3fbfb9ba-20250409/cjs/react-dom.development.js: sha512-UA8gcbVfjP70uCJRKNUK7W5mEIlYeF5z8k7ZdraP9Ag7wbQc/jyxmf+Upa+1B/k7ygQqAvmSzuAjiMaJZY2TEw==
- react-dom/19.2.0-canary-3fbfb9ba-20250409/cjs/react-dom.development.min.js: sha512-DBdEg+XxL+6cfLI3sOr/j0bglVZyWpKugOphgmk0vmx5PfSOMzE2GMJ8suGYqeR50RCGPFYsD2ALESeI97iFDA==
- react-dom/19.2.0-canary-3fbfb9ba-20250409/cjs/react-dom.production.min.js: sha512-jTjEYyKhkFZpHSSpIjC5AdVIB4X0n7jgtMYXaD3oqlO4fR6QqfRKnEw/BR1LKKVFhxP2QkMA1Nev2azC9/KhaA==
- react-dom/19.2.0-canary-3fbfb9ba-20250409/cjs/react-dom.react-server.development.min.js: sha512-6XveswSaVSF0H5gDv2EzEu46y7286p1agOAyNuxvOhaMe042z+YNRG4XS7pdS/Z5qbNMmu+WmNDUPD1COivQrg==
- react-dom/19.2.0-canary-3fbfb9ba-20250409/cjs/react-dom-profiling.development.js: sha512-xDeKF40MZL3xBnbjdvXxkW9Hj0E7RyYlCur3upsloCD34/8LOO8kb/XYaDzwtZCIiOojpYYF5WR0hmVxokiOVQ==
- react-dom/19.2.0-canary-3fbfb9ba-20250409/cjs/react-dom-server.edge.development.min.js: sha512-yjPngms5w+DDaos/aeTKS5dnx6aTgjf5y91fVV3OasEEmDD79MbxRPh1yooTBBmaKsynlE7w7inRIlhgg37u2w==
- react-dom/19.2.0-canary-3fbfb9ba-20250409/cjs/react-dom-server.node.development.js: sha512-ZV07HqUD5eI3uW8DuYziU5LOZKMo5sM7/gPx0cLoDRV2QfPQOd3wt+EpmpQHxdOOyB+JpHUTOGc78UCE3tVDIA==
- react-dom/19.2.0-canary-3fbfb9ba-20250409/cjs/react-dom-server.browser.development.js: sha512-8OuDx52hUXmAfK2Ykn2cpdIsiUaxsOz+GXlYbc3rWBFVaNHkDcX7TadEoq7QW3CXo8z8xc8qkV7HX1ZmyLvXmg==
- react-dom/19.2.0-canary-3fbfb9ba-20250409/cjs/react-dom-server-legacy.node.development.min.js: sha512-XdBc4MtHXtb8nKRL4IsvTar6HkpcCO7/nxaD3VEN4EbZyTwtkfXBHoK8RBmXTIzrNH2Nol7iISRv9rzVipMLww==
- react-dom/19.2.0-canary-3fbfb9ba-20250409/cjs/react-dom-server.bun.development.js: sha512-ggp7Bw9fIHdFa63eLSf1zT4Kwpp/BjKVbeumYtjoXdaTvUFjNnWXUaKXhYDfP9pLG4Ji8gYbYQ3aRHnmGlqG0Q==
- react-dom/19.2.0-canary-3fbfb9ba-20250409/cjs/react-dom-server.bun.development.min.js: sha512-0Nkes7Fd2NClCQJj8z8AxHW66IoraU3KZ3MtcujjteeByJ2KyvmeJn+cwx//4taaHKJZNQNMoggk/Wh+LMzJTg==
- react-dom/19.2.0-canary-3fbfb9ba-20250409/cjs/react-dom-server-legacy.browser.development.min.js: sha512-/iNkhObYNjIrhpKQKMwjLItdRJTjbEJ3qYO+uElcYJt048u8U9TWPz0UwVJCUzkY6NHuxF23mZi0UmA57bFwPg==
- react-dom/19.2.0-canary-3fbfb9ba-20250409/cjs/react-dom-client.production.js: sha512-6Eil+tB99AzqfYm9F8YpxWH7uk17AhgrWJ7stsElwV1tPTsGt4c+QZkW5LTx6xbN0kj09NNR2nmfcjx5QnUfwQ==
- react-dom/19.2.0-canary-3fbfb9ba-20250409/cjs/react-dom-profiling.development.min.js: sha512-zb521JUhAIpMOlVZvzSH+Dl2BP/qDtphTgyjyAOUDiPA9/1LwDN2bBYLS4P35cUY5PNvOZEggGUYzy0c4jmU3Q==
- react-dom/19.2.0-canary-3fbfb9ba-20250409/cjs/react-dom-server-legacy.browser.production.js: sha512-FzBXdsP8jNjpss14o4AlbgJqqdI9WRadwSSxJa0DS8NSSKnx5Gu+K1iBorlhSSCcnlwNnL0VVTBNDZzLlpgMNQ==
- react-dom/19.2.0-canary-3fbfb9ba-20250409/cjs/react-dom-server.browser.production.js: sha512-zkJZBaa+DbhFjhyGzKIR0H2e0J6BRGsZrl6bOSN7hBOv2BbSOHAHsZ1d0DCrMTcSiRp6J24nrDtoT+VDrhph/A==
- react-dom/19.2.0-canary-3fbfb9ba-20250409/cjs/react-dom-server.bun.production.min.js: sha512-G2tAlIcAARJc2TaSYc5tzuy28TiDS8idbkqGnYywK5RPJV0ky6skKSlyOtt9TOSX4eFf2gzMWzsEvBXzPme1Sg==
- react-dom/19.2.0-canary-3fbfb9ba-20250409/cjs/react-dom-server.node.development.min.js: sha512-0q9Y70czTpVtXc7T6B+dbd5g7m4ogsdNg0yyVNFRPGg2xP0MB51JqH7NKQzQ0RbUh+IR1rYUKdS4+n6FtMEHow==
- react-dom/19.2.0-canary-3fbfb9ba-20250409/cjs/react-dom-test-utils.development.js: sha512-WXOi4X8urnIYjwhn0/ettuwKqfPkRU/SKLAds31Ovg5w/cL3iy7GWQh8DdbUx1afVOJUwhU48fDqX1prORciCQ==
- react-dom/19.2.0-canary-3fbfb9ba-20250409/cjs/react-dom-client.development.js: sha512-wDnbGne09uc9jdZ+ojrxZKXMTHP5BKePme59sA44mbr2svK5am7GX3luNy8M0fgqFFJA9+lf768V1S6xnHDdaA==
- react-dom/19.2.0-canary-3fbfb9ba-20250409/cjs/react-dom-server.browser.production.min.js: sha512-UWfvkhpKOM4D+OH75zWj5TjSt54feqMi7RTdJJTVfu9pOUvYIHmS8Lg8cJ6+hI96LaNLqq+7ncfM4zFNbWb//A==
- react-dom/19.2.0-canary-3fbfb9ba-20250409/cjs/react-dom-server.edge.development.js: sha512-okqdKk89/hTZDltIgWnBrvC1xa5ryWQFwy1xqSJ6bfakDkRAOIxPdGA/TGV+SqtScjLsNAMRgl9UJULIkhVXzw==
- react-dom/19.2.0-canary-3fbfb9ba-20250409/cjs/react-dom.production.js: sha512-TBzKuL5Yjr5qq7w7Z04z/YTZICGvlRCkRtaGTIvjwSlL1GgKy20qZcd4AcVf221Q0AuKx/ZDvuEWKiPhKMRV1A==
- react-dom/19.2.0-canary-3fbfb9ba-20250409/cjs/react-dom.react-server.development.js: sha512-oWO8aAIW1Os1UrkDl//fgH5GDnzyabBKgD5YtgKSchAEeknJcJWymGqMj2+KzRptque1bwfId1FwlCpwkZNp6Q==
- react-dom/19.2.0-canary-3fbfb9ba-20250409/cjs/react-dom-server.browser.development.min.js: sha512-eMisgdQhm4XTlTbbQslqJyDonOTEx/n4fJrYixysZf9jm+3e7V2ubIhnqNZqo4VyJSw74Ebp3nBmPZfcXHpbFw==
