config: {"authors":[{"name":"Guillaume du Pontavice","email":"g.du.pontavice@gmail.com"}],"autoupdate":{"source":"npm","target":"hls.js","fileMap":[{"basePath":"dist","files":["**/!(*-demo.*)"]}],"ignoreVersions":["*-canary.*"]},"description":"JavaScript HLS client using MediaSourceExtension","filename":"hls.min.js","homepage":"https://hls-js.netlify.com/demo/","keywords":["hls.js","video","streaming","mediasource","player"],"license":"Apache-2.0","name":"hls.js","repository":{"type":"git","url":"git://github.com/video-dev/hls.js"},"author":"Guillaume du Pontavice \u003cg.du.pontavice@gmail.com\u003e"}
KV keys:
- hls.js/1.6.0-beta.1.0.canary.10806/hls.d.mts.br
- hls.js/1.6.0-beta.1.0.canary.10806/hls.d.mts.gz
- hls.js/1.6.0-beta.1.0.canary.10806/hls.d.ts.br
- hls.js/1.6.0-beta.1.0.canary.10806/hls.d.ts.gz
- hls.js/1.6.0-beta.1.0.canary.10806/hls.js.br
- hls.js/1.6.0-beta.1.0.canary.10806/hls.js.d.ts.br
- hls.js/1.6.0-beta.1.0.canary.10806/hls.js.d.ts.gz
- hls.js/1.6.0-beta.1.0.canary.10806/hls.js.gz
- hls.js/1.6.0-beta.1.0.canary.10806/hls.js.map.br
- hls.js/1.6.0-beta.1.0.canary.10806/hls.js.map.gz
- hls.js/1.6.0-beta.1.0.canary.10806/hls.light.js.br
- hls.js/1.6.0-beta.1.0.canary.10806/hls.light.js.gz
- hls.js/1.6.0-beta.1.0.canary.10806/hls.light.js.map.br
- hls.js/1.6.0-beta.1.0.canary.10806/hls.light.js.map.gz
- hls.js/1.6.0-beta.1.0.canary.10806/hls.light.min.js.br
- hls.js/1.6.0-beta.1.0.canary.10806/hls.light.min.js.gz
- hls.js/1.6.0-beta.1.0.canary.10806/hls.light.min.js.map.br
- hls.js/1.6.0-beta.1.0.canary.10806/hls.light.min.js.map.gz
- hls.js/1.6.0-beta.1.0.canary.10806/hls.light.mjs.br
- hls.js/1.6.0-beta.1.0.canary.10806/hls.light.mjs.gz
- hls.js/1.6.0-beta.1.0.canary.10806/hls.light.mjs.map.br
- hls.js/1.6.0-beta.1.0.canary.10806/hls.light.mjs.map.gz
- hls.js/1.6.0-beta.1.0.canary.10806/hls.min.js.br
- hls.js/1.6.0-beta.1.0.canary.10806/hls.min.js.gz
- hls.js/1.6.0-beta.1.0.canary.10806/hls.min.js.map.br
- hls.js/1.6.0-beta.1.0.canary.10806/hls.min.js.map.gz
- hls.js/1.6.0-beta.1.0.canary.10806/hls.mjs.br
- hls.js/1.6.0-beta.1.0.canary.10806/hls.mjs.gz
- hls.js/1.6.0-beta.1.0.canary.10806/hls.mjs.map.br
- hls.js/1.6.0-beta.1.0.canary.10806/hls.mjs.map.gz
- hls.js/1.6.0-beta.1.0.canary.10806/hls.worker.js.br
- hls.js/1.6.0-beta.1.0.canary.10806/hls.worker.js.gz
- hls.js/1.6.0-beta.1.0.canary.10806/hls.worker.js.map.br
- hls.js/1.6.0-beta.1.0.canary.10806/hls.worker.js.map.gz
- hls.js/1.6.0-beta.1.0.canary.10806/hls.worker.min.js.br
- hls.js/1.6.0-beta.1.0.canary.10806/hls.worker.min.js.gz
SRIs:
- hls.js/1.6.0-beta.1.0.canary.10806/hls.light.js: sha512-luhVhvZGxAhOZqXhzALmyaBMf92x87icG68SCDwjeOywiHsv5neXpx6UmPnYyu65Q5t6xjusqqQBydQpSctBpQ==
- hls.js/1.6.0-beta.1.0.canary.10806/hls.light.min.js: sha512-N4h7upAyJVKH7lsQQ6JqSz7gN9ZRbTD9J71+fSQJgwQ9gtvnbAFo69LdrHS4un7qqkAiDqOlULhZYWvUlo1f+g==
- hls.js/1.6.0-beta.1.0.canary.10806/hls.min.js: sha512-FaTs9MNl+JNoiSE4hwp1oIejIdZq2QQPOrXul/dwazRX6PqXxn0lK1wmFAwb4mMJTND3DjpkEHfhTpFHuBR7Ig==
- hls.js/1.6.0-beta.1.0.canary.10806/hls.worker.js: sha512-6vT+jaoZKgklgAd4ZMAFGxbffc2yZpKPMQP6LqKSq7KcqEsGKq7P9GiD+D2Zxe31s8q9NTO7jy8wgbKD3IreRQ==
- hls.js/1.6.0-beta.1.0.canary.10806/hls.worker.min.js: sha512-+8ZUzbll3hooFOmIsR9e2KLqmmoFDvJ7weh5fDYN4DdhZ1t0MGNF1jWo9yFRBD+x3o12c5xJOfdujMxU3lUjWg==
- hls.js/1.6.0-beta.1.0.canary.10806/hls.js: sha512-QuXsWMgwi5c4/6Nhdv6Idlc4vnprcOcQ3XQ92wLnpglf69DJ+IdrpmLU/UGEAF/i9wg8Na2ADTxPsF0vZB8uZA==
