config: {"authors":[{"name":"Per Liedman","email":"per@liedman.net"}],"autoupdate":{"source":"npm","target":"leaflet-control-geocoder","fileMap":[{"basePath":"dist","files":["**/*"]}]},"description":"Extendable geocoder with builtin support for Nominatim, Bing, Google, Mapbox, Photon, What3Words, MapQuest, Mapzen, HERE","filename":"Control.Geocoder.min.js","homepage":"http://www.liedman.net/leaflet-control-geocoder/","keywords":["leaflet","geocoder","locations","nominatim","bing","google","mapbox","photon","what3words","mapquest","mapzen","here"],"license":"BSD-2-Clause","name":"perliedman-leaflet-control-geocoder","repository":{"type":"git","url":"git://github.com/perliedman/leaflet-control-geocoder.git"},"author":"Per Liedman \u003cper@liedman.net\u003e"}
KV keys:
- perliedman-leaflet-control-geocoder/3.1.0/Control.Geocoder.css.br
- perliedman-leaflet-control-geocoder/3.1.0/Control.Geocoder.css.gz
- perliedman-leaflet-control-geocoder/3.1.0/Control.Geocoder.js.br
- perliedman-leaflet-control-geocoder/3.1.0/Control.Geocoder.js.gz
- perliedman-leaflet-control-geocoder/3.1.0/Control.Geocoder.js.map.br
- perliedman-leaflet-control-geocoder/3.1.0/Control.Geocoder.js.map.gz
- perliedman-leaflet-control-geocoder/3.1.0/Control.Geocoder.min.css.br
- perliedman-leaflet-control-geocoder/3.1.0/Control.Geocoder.min.css.gz
- perliedman-leaflet-control-geocoder/3.1.0/Control.Geocoder.min.js.br
- perliedman-leaflet-control-geocoder/3.1.0/Control.Geocoder.min.js.gz
- perliedman-leaflet-control-geocoder/3.1.0/Control.Geocoder.modern.js.br
- perliedman-leaflet-control-geocoder/3.1.0/Control.Geocoder.modern.js.gz
- perliedman-leaflet-control-geocoder/3.1.0/Control.Geocoder.modern.js.map.br
- perliedman-leaflet-control-geocoder/3.1.0/Control.Geocoder.modern.js.map.gz
- perliedman-leaflet-control-geocoder/3.1.0/Control.Geocoder.modern.min.js.br
- perliedman-leaflet-control-geocoder/3.1.0/Control.Geocoder.modern.min.js.gz
- perliedman-leaflet-control-geocoder/3.1.0/control.d.ts.br
- perliedman-leaflet-control-geocoder/3.1.0/control.d.ts.gz
- perliedman-leaflet-control-geocoder/3.1.0/geocoders/api.d.ts.br
- perliedman-leaflet-control-geocoder/3.1.0/geocoders/api.d.ts.gz
- perliedman-leaflet-control-geocoder/3.1.0/geocoders/arcgis.d.ts.br
- perliedman-leaflet-control-geocoder/3.1.0/geocoders/arcgis.d.ts.gz
- perliedman-leaflet-control-geocoder/3.1.0/geocoders/azure.d.ts.br
- perliedman-leaflet-control-geocoder/3.1.0/geocoders/azure.d.ts.gz
- perliedman-leaflet-control-geocoder/3.1.0/geocoders/bing.d.ts.br
- perliedman-leaflet-control-geocoder/3.1.0/geocoders/bing.d.ts.gz
- perliedman-leaflet-control-geocoder/3.1.0/geocoders/google.d.ts.br
- perliedman-leaflet-control-geocoder/3.1.0/geocoders/google.d.ts.gz
- perliedman-leaflet-control-geocoder/3.1.0/geocoders/here.d.ts.br
- perliedman-leaflet-control-geocoder/3.1.0/geocoders/here.d.ts.gz
- perliedman-leaflet-control-geocoder/3.1.0/geocoders/index.d.ts.br
- perliedman-leaflet-control-geocoder/3.1.0/geocoders/index.d.ts.gz
- perliedman-leaflet-control-geocoder/3.1.0/geocoders/latlng.d.ts.br
- perliedman-leaflet-control-geocoder/3.1.0/geocoders/latlng.d.ts.gz
- perliedman-leaflet-control-geocoder/3.1.0/geocoders/mapbox.d.ts.br
- perliedman-leaflet-control-geocoder/3.1.0/geocoders/mapbox.d.ts.gz
- perliedman-leaflet-control-geocoder/3.1.0/geocoders/mapquest.d.ts.br
- perliedman-leaflet-control-geocoder/3.1.0/geocoders/mapquest.d.ts.gz
- perliedman-leaflet-control-geocoder/3.1.0/geocoders/neutrino.d.ts.br
- perliedman-leaflet-control-geocoder/3.1.0/geocoders/neutrino.d.ts.gz
- perliedman-leaflet-control-geocoder/3.1.0/geocoders/nominatim.d.ts.br
- perliedman-leaflet-control-geocoder/3.1.0/geocoders/nominatim.d.ts.gz
- perliedman-leaflet-control-geocoder/3.1.0/geocoders/open-location-code.d.ts.br
- perliedman-leaflet-control-geocoder/3.1.0/geocoders/open-location-code.d.ts.gz
- perliedman-leaflet-control-geocoder/3.1.0/geocoders/opencage.d.ts.br
- perliedman-leaflet-control-geocoder/3.1.0/geocoders/opencage.d.ts.gz
- perliedman-leaflet-control-geocoder/3.1.0/geocoders/pelias.d.ts.br
- perliedman-leaflet-control-geocoder/3.1.0/geocoders/pelias.d.ts.gz
- perliedman-leaflet-control-geocoder/3.1.0/geocoders/photon.d.ts.br
- perliedman-leaflet-control-geocoder/3.1.0/geocoders/photon.d.ts.gz
- perliedman-leaflet-control-geocoder/3.1.0/geocoders/what3words.d.ts.br
- perliedman-leaflet-control-geocoder/3.1.0/geocoders/what3words.d.ts.gz
- perliedman-leaflet-control-geocoder/3.1.0/index.d.ts.br
- perliedman-leaflet-control-geocoder/3.1.0/index.d.ts.gz
- perliedman-leaflet-control-geocoder/3.1.0/util.d.ts.br
- perliedman-leaflet-control-geocoder/3.1.0/util.d.ts.gz
SRIs:
- perliedman-leaflet-control-geocoder/3.1.0/Control.Geocoder.modern.js: sha512-bG4fYP0k7J3We72rZ3inh1qJENXI1umtazdwcc/u+CwZIwXx4zbzfIwjxHifA+F/YFVksyf4uxEHZ77QXBQ8Iw==
- perliedman-leaflet-control-geocoder/3.1.0/Control.Geocoder.modern.min.js: sha512-6qg5f4qnjQZsoqyHFdgohTuT4Y7/QXOIZ+743naVhiEBs4yjqU5mpcBUEBVf5dLLeVY2xtTCx0/wleAFUkl+RQ==
- perliedman-leaflet-control-geocoder/3.1.0/Control.Geocoder.css: sha512-dnEbk8BUx8Ppa0IeAnXKghlOyFN0YH6PQk9OpxZ1V8yrh+IIqddKLUo4Be41MKDC9JeDeiXaEaVcnMl9vGsq+A==
- perliedman-leaflet-control-geocoder/3.1.0/Control.Geocoder.js: sha512-GBm+pwG43Q0RSXm+bsJH14TYlEI3vJWaWpW5k2YiKXu9GPl5Q/q27AVnz1Xbc5mapCqznjd4WjJIsUkNgKRaUg==
- perliedman-leaflet-control-geocoder/3.1.0/Control.Geocoder.min.css: sha512-XK7G+iGsTdf8/PmVD9/ju65AxCIOaUZly1lY8r9jCNrXO5rGzT2lMYCySGEhb/v8XYXybsZUztXvRdGSyxu/3A==
- perliedman-leaflet-control-geocoder/3.1.0/Control.Geocoder.min.js: sha512-wqXxtOQu8XP+Hpu6lDhBSvi+wBbyi/Qnn1zS8dRdNHBzxYr4ARJPlEmQEHq7+71CnG1w87a2OlTFhs1WtzNkkw==
