config: {"authors":[{"name":"ruffle contributors","url":"https://github.com/ruffle-rs/ruffle/graphs/contributors"}],"autoupdate":{"source":"npm","target":"@ruffle-rs/ruffle","fileMap":[{"basePath":"","files":["*.@(js|wasm)"]}]},"description":"Putting Flash back on the web. Ruffle will polyfill all Flash content and replace it with the Ruffle flash player.","filename":"ruffle.js","homepage":"https://ruffle.rs","keywords":["flash","swf"],"license":"(MIT OR Apache-2.0)","name":"ruffle-rs","repository":{"type":"git","url":"git+https://github.com/ruffle-rs/ruffle.git"},"author":"ruffle contributors (https://github.com/ruffle-rs/ruffle/graphs/contributors)"}
KV keys:
- ruffle-rs/0.2.0-nightly.2025.6.27/abe3c2dc05b50fbaa47f.wasm.br
- ruffle-rs/0.2.0-nightly.2025.6.27/abe3c2dc05b50fbaa47f.wasm.gz
- ruffle-rs/0.2.0-nightly.2025.6.27/core.ruffle.7b918e767b89298aaf8c.js.br
- ruffle-rs/0.2.0-nightly.2025.6.27/core.ruffle.7b918e767b89298aaf8c.js.gz
- ruffle-rs/0.2.0-nightly.2025.6.27/core.ruffle.7b918e767b89298aaf8c.min.js.br
- ruffle-rs/0.2.0-nightly.2025.6.27/core.ruffle.7b918e767b89298aaf8c.min.js.gz
- ruffle-rs/0.2.0-nightly.2025.6.27/core.ruffle.e2c925a95c0640c89737.js.br
- ruffle-rs/0.2.0-nightly.2025.6.27/core.ruffle.e2c925a95c0640c89737.js.gz
- ruffle-rs/0.2.0-nightly.2025.6.27/core.ruffle.e2c925a95c0640c89737.min.js.br
- ruffle-rs/0.2.0-nightly.2025.6.27/core.ruffle.e2c925a95c0640c89737.min.js.gz
- ruffle-rs/0.2.0-nightly.2025.6.27/f33719d89c3217887c04.wasm.br
- ruffle-rs/0.2.0-nightly.2025.6.27/f33719d89c3217887c04.wasm.gz
- ruffle-rs/0.2.0-nightly.2025.6.27/ruffle.js.br
- ruffle-rs/0.2.0-nightly.2025.6.27/ruffle.js.gz
- ruffle-rs/0.2.0-nightly.2025.6.27/ruffle.min.js.br
- ruffle-rs/0.2.0-nightly.2025.6.27/ruffle.min.js.gz
SRIs:
- ruffle-rs/0.2.0-nightly.2025.6.27/core.ruffle.7b918e767b89298aaf8c.js: sha512-p8m6L0b4jpTJeM4syLODBWr+1yJyAzeVpnjqzisldIgqCy5W55pJYeyGV4lOmPT9MLYzADkD1fbqyUij5DKxrA==
- ruffle-rs/0.2.0-nightly.2025.6.27/core.ruffle.7b918e767b89298aaf8c.min.js: sha512-i20c2FGIqHx5zN6VqIuvAsr/Pko2uroo5+qO5nM3WXJN2mAV2239dtXKMqKI1YcUjhRMGroRATBJT2utdbiQtA==
- ruffle-rs/0.2.0-nightly.2025.6.27/core.ruffle.e2c925a95c0640c89737.js: sha512-x5k4DKnvf73byBFOnHcH1W2+gJybbWCoX8X2gyzBPj0wcrxRn9jA8C4/jni6jweemRLvVWS1yRp+WHKYLKAQVQ==
- ruffle-rs/0.2.0-nightly.2025.6.27/core.ruffle.e2c925a95c0640c89737.min.js: sha512-EwUTw9AgTkffxNwg6v/VZnmGbR59Mkc/XQFrB7qHzb2OhgRs7ZVDZ1vG9KObNelnW8UUjQR+FG7/90PNZZK+uA==
- ruffle-rs/0.2.0-nightly.2025.6.27/ruffle.js: sha512-pYSmFfwelqvQFPKEG2QT8hAS2VF8iZF93olfpFXSPGD1AtzqCCEJEZeQz33Kteng7wNghy/Y51hSGyms/3X7Pw==
- ruffle-rs/0.2.0-nightly.2025.6.27/ruffle.min.js: sha512-4881Fv9gJYScJIX5MgEUIe108eMapWN0y6qd9Xyz6cejMF5t8ZfGssNHV5X/U35HkAdNsPOvmq/EHyQ3xg00bw==
