Files:
- ruffle-rs/0.2.0-nightly.2025.6.27/abe3c2dc05b50fbaa47f.wasm.br
- ruffle-rs/0.2.0-nightly.2025.6.27/abe3c2dc05b50fbaa47f.wasm.gz
- ruffle-rs/0.2.0-nightly.2025.6.27/core.ruffle.7b918e767b89298aaf8c.js.br
- ruffle-rs/0.2.0-nightly.2025.6.27/core.ruffle.7b918e767b89298aaf8c.js.gz
- ruffle-rs/0.2.0-nightly.2025.6.27/core.ruffle.7b918e767b89298aaf8c.js.sri
- ruffle-rs/0.2.0-nightly.2025.6.27/core.ruffle.7b918e767b89298aaf8c.min.js.br
- ruffle-rs/0.2.0-nightly.2025.6.27/core.ruffle.7b918e767b89298aaf8c.min.js.gz
- ruffle-rs/0.2.0-nightly.2025.6.27/core.ruffle.7b918e767b89298aaf8c.min.js.sri
- ruffle-rs/0.2.0-nightly.2025.6.27/core.ruffle.e2c925a95c0640c89737.js.br
- ruffle-rs/0.2.0-nightly.2025.6.27/core.ruffle.e2c925a95c0640c89737.js.gz
- ruffle-rs/0.2.0-nightly.2025.6.27/core.ruffle.e2c925a95c0640c89737.js.sri
- ruffle-rs/0.2.0-nightly.2025.6.27/core.ruffle.e2c925a95c0640c89737.min.js.br
- ruffle-rs/0.2.0-nightly.2025.6.27/core.ruffle.e2c925a95c0640c89737.min.js.gz
- ruffle-rs/0.2.0-nightly.2025.6.27/core.ruffle.e2c925a95c0640c89737.min.js.sri
- ruffle-rs/0.2.0-nightly.2025.6.27/f33719d89c3217887c04.wasm.br
- ruffle-rs/0.2.0-nightly.2025.6.27/f33719d89c3217887c04.wasm.gz
- ruffle-rs/0.2.0-nightly.2025.6.27/ruffle.js.br
- ruffle-rs/0.2.0-nightly.2025.6.27/ruffle.js.gz
- ruffle-rs/0.2.0-nightly.2025.6.27/ruffle.js.sri
- ruffle-rs/0.2.0-nightly.2025.6.27/ruffle.min.js.br
- ruffle-rs/0.2.0-nightly.2025.6.27/ruffle.min.js.gz
- ruffle-rs/0.2.0-nightly.2025.6.27/ruffle.min.js.sri
