- vue-router/5.0.6/devtools-BPov6AZY.js.br
- vue-router/5.0.6/devtools-BPov6AZY.js.gz
- vue-router/5.0.6/devtools-BPov6AZY.min.js.br
- vue-router/5.0.6/devtools-BPov6AZY.min.js.gz
- vue-router/5.0.6/navigation-guard-DK6v16ki.js.br
- vue-router/5.0.6/navigation-guard-DK6v16ki.js.gz
- vue-router/5.0.6/navigation-guard-DK6v16ki.min.js.br
- vue-router/5.0.6/navigation-guard-DK6v16ki.min.js.gz
- vue-router/5.0.6/useApi-DtucMc-S.js.br
- vue-router/5.0.6/useApi-DtucMc-S.js.gz
- vue-router/5.0.6/useApi-DtucMc-S.min.js.br
- vue-router/5.0.6/useApi-DtucMc-S.min.js.gz
- vue-router/5.0.6/vue-router.esm-browser.js.br
- vue-router/5.0.6/vue-router.esm-browser.js.gz
- vue-router/5.0.6/vue-router.esm-browser.min.js.br
- vue-router/5.0.6/vue-router.esm-browser.min.js.gz
- vue-router/5.0.6/vue-router.esm-browser.prod.js.br
- vue-router/5.0.6/vue-router.esm-browser.prod.js.gz
- vue-router/5.0.6/vue-router.esm-browser.prod.min.js.br
- vue-router/5.0.6/vue-router.esm-browser.prod.min.js.gz
- vue-router/5.0.6/vue-router.esm-bundler.js.br
- vue-router/5.0.6/vue-router.esm-bundler.js.gz
- vue-router/5.0.6/vue-router.esm-bundler.min.js.br
- vue-router/5.0.6/vue-router.esm-bundler.min.js.gz
- vue-router/5.0.6/vue-router.global.js.br
- vue-router/5.0.6/vue-router.global.js.gz
- vue-router/5.0.6/vue-router.global.min.js.br
- vue-router/5.0.6/vue-router.global.min.js.gz
- vue-router/5.0.6/vue-router.global.prod.js.br
- vue-router/5.0.6/vue-router.global.prod.js.gz
- vue-router/5.0.6/vue-router.global.prod.min.js.br
- vue-router/5.0.6/vue-router.global.prod.min.js.gz
- vue-router/5.0.6/vue-router.js.br
- vue-router/5.0.6/vue-router.js.gz
- vue-router/5.0.6/vue-router.min.js.br
- vue-router/5.0.6/vue-router.min.js.gz