2025/06/20 11:32:41 optimizing files (Js true, Css true, Png true, Jpg true)
2025/06/20 11:32:41 algorithm: run /usr/bin/brotli --quality=11 --output=/output/9acdc5d6bdad43185e60.wasm.br /tmp/work/9acdc5d6bdad43185e60.wasm
2025/06/20 11:32:41 compress: run /node_modules/uglify-js/bin/uglifyjs (3.15.4) [--mangle --compress if_return=true -o /tmp/work/core.ruffle.8595ca64727b0a7e2ee0.min.js /tmp/work/core.ruffle.8595ca64727b0a7e2ee0.js]
2025/06/20 11:32:41 algorithm: run /usr/bin/brotli --quality=11 --output=/output/c56ee1a491d6d5cfefa0.wasm.br /tmp/work/c56ee1a491d6d5cfefa0.wasm
2025/06/20 11:32:41 compress: run /node_modules/uglify-js/bin/uglifyjs (3.15.4) [--mangle --compress if_return=true -o /tmp/work/core.ruffle.199f72aadc4e7af53325.min.js /tmp/work/core.ruffle.199f72aadc4e7af53325.js]
2025/06/20 11:32:41 compress: run /node_modules/uglify-js/bin/uglifyjs (3.15.4) [--mangle --compress if_return=true -o /tmp/work/ruffle.min.js /tmp/work/ruffle.js]
2025/06/20 11:32:43 sri /tmp/work/ruffle.min.js -> /output/ruffle.min.js.sri
2025/06/20 11:32:43 algorithm: run /usr/bin/brotli --quality=11 --output=/output/ruffle.min.js.br /tmp/work/ruffle.min.js
2025/06/20 11:32:44 br /tmp/work/ruffle.min.js -> /output/ruffle.min.js.br
2025/06/20 11:32:44 gz /tmp/work/ruffle.min.js -> /output/ruffle.min.js.gz
2025/06/20 11:32:44 sri /tmp/work/ruffle.js -> /output/ruffle.js.sri
2025/06/20 11:32:44 algorithm: run /usr/bin/brotli --quality=11 --output=/output/ruffle.js.br /tmp/work/ruffle.js
2025/06/20 11:32:44 sri /tmp/work/core.ruffle.8595ca64727b0a7e2ee0.min.js -> /output/core.ruffle.8595ca64727b0a7e2ee0.min.js.sri
2025/06/20 11:32:44 algorithm: run /usr/bin/brotli --quality=11 --output=/output/core.ruffle.8595ca64727b0a7e2ee0.min.js.br /tmp/work/core.ruffle.8595ca64727b0a7e2ee0.min.js
2025/06/20 11:32:44 sri /tmp/work/core.ruffle.199f72aadc4e7af53325.min.js -> /output/core.ruffle.199f72aadc4e7af53325.min.js.sri
2025/06/20 11:32:44 algorithm: run /usr/bin/brotli --quality=11 --output=/output/core.ruffle.199f72aadc4e7af53325.min.js.br /tmp/work/core.ruffle.199f72aadc4e7af53325.min.js
2025/06/20 11:32:44 br /tmp/work/core.ruffle.8595ca64727b0a7e2ee0.min.js -> /output/core.ruffle.8595ca64727b0a7e2ee0.min.js.br
2025/06/20 11:32:44 gz /tmp/work/core.ruffle.8595ca64727b0a7e2ee0.min.js -> /output/core.ruffle.8595ca64727b0a7e2ee0.min.js.gz
2025/06/20 11:32:44 sri /tmp/work/core.ruffle.8595ca64727b0a7e2ee0.js -> /output/core.ruffle.8595ca64727b0a7e2ee0.js.sri
2025/06/20 11:32:44 algorithm: run /usr/bin/brotli --quality=11 --output=/output/core.ruffle.8595ca64727b0a7e2ee0.js.br /tmp/work/core.ruffle.8595ca64727b0a7e2ee0.js
2025/06/20 11:32:44 br /tmp/work/core.ruffle.199f72aadc4e7af53325.min.js -> /output/core.ruffle.199f72aadc4e7af53325.min.js.br
2025/06/20 11:32:44 gz /tmp/work/core.ruffle.199f72aadc4e7af53325.min.js -> /output/core.ruffle.199f72aadc4e7af53325.min.js.gz
2025/06/20 11:32:44 sri /tmp/work/core.ruffle.199f72aadc4e7af53325.js -> /output/core.ruffle.199f72aadc4e7af53325.js.sri
2025/06/20 11:32:44 algorithm: run /usr/bin/brotli --quality=11 --output=/output/core.ruffle.199f72aadc4e7af53325.js.br /tmp/work/core.ruffle.199f72aadc4e7af53325.js
2025/06/20 11:32:44 br /tmp/work/core.ruffle.8595ca64727b0a7e2ee0.js -> /output/core.ruffle.8595ca64727b0a7e2ee0.js.br
2025/06/20 11:32:44 gz /tmp/work/core.ruffle.8595ca64727b0a7e2ee0.js -> /output/core.ruffle.8595ca64727b0a7e2ee0.js.gz
2025/06/20 11:32:44 br /tmp/work/core.ruffle.199f72aadc4e7af53325.js -> /output/core.ruffle.199f72aadc4e7af53325.js.br
2025/06/20 11:32:44 gz /tmp/work/core.ruffle.199f72aadc4e7af53325.js -> /output/core.ruffle.199f72aadc4e7af53325.js.gz
2025/06/20 11:32:44 br /tmp/work/ruffle.js -> /output/ruffle.js.br
2025/06/20 11:32:44 gz /tmp/work/ruffle.js -> /output/ruffle.js.gz
2025/06/20 11:33:22 br /tmp/work/9acdc5d6bdad43185e60.wasm -> /output/9acdc5d6bdad43185e60.wasm.br
2025/06/20 11:33:22 br /tmp/work/c56ee1a491d6d5cfefa0.wasm -> /output/c56ee1a491d6d5cfefa0.wasm.br
2025/06/20 11:33:23 gz /tmp/work/9acdc5d6bdad43185e60.wasm -> /output/9acdc5d6bdad43185e60.wasm.gz
2025/06/20 11:33:23 gz /tmp/work/c56ee1a491d6d5cfefa0.wasm -> /output/c56ee1a491d6d5cfefa0.wasm.gz
2025/06/20 11:33:23 processed ruffle-rs
