Files:
- clerk-js/5.69.1-snapshot.v20250618161931/192_clerk.browser_52792f_5.69.1-snapshot.v20250618161931.js.br
- clerk-js/5.69.1-snapshot.v20250618161931/192_clerk.browser_52792f_5.69.1-snapshot.v20250618161931.js.gz
- clerk-js/5.69.1-snapshot.v20250618161931/192_clerk.browser_52792f_5.69.1-snapshot.v20250618161931.js.sri
- clerk-js/5.69.1-snapshot.v20250618161931/192_clerk.browser_52792f_5.69.1-snapshot.v20250618161931.min.js.br
- clerk-js/5.69.1-snapshot.v20250618161931/192_clerk.browser_52792f_5.69.1-snapshot.v20250618161931.min.js.gz
- clerk-js/5.69.1-snapshot.v20250618161931/192_clerk.browser_52792f_5.69.1-snapshot.v20250618161931.min.js.sri
- clerk-js/5.69.1-snapshot.v20250618161931/192_clerk.chips.browser_3fa7c0_5.69.1-snapshot.v20250618161931.js.br
- clerk-js/5.69.1-snapshot.v20250618161931/192_clerk.chips.browser_3fa7c0_5.69.1-snapshot.v20250618161931.js.gz
- clerk-js/5.69.1-snapshot.v20250618161931/192_clerk.chips.browser_3fa7c0_5.69.1-snapshot.v20250618161931.js.sri
- clerk-js/5.69.1-snapshot.v20250618161931/192_clerk.chips.browser_3fa7c0_5.69.1-snapshot.v20250618161931.min.js.br
- clerk-js/5.69.1-snapshot.v20250618161931/192_clerk.chips.browser_3fa7c0_5.69.1-snapshot.v20250618161931.min.js.gz
- clerk-js/5.69.1-snapshot.v20250618161931/192_clerk.chips.browser_3fa7c0_5.69.1-snapshot.v20250618161931.min.js.sri
- clerk-js/5.69.1-snapshot.v20250618161931/192_clerk.legacy.browser_3d4a21_5.69.1-snapshot.v20250618161931.js.br
- clerk-js/5.69.1-snapshot.v20250618161931/192_clerk.legacy.browser_3d4a21_5.69.1-snapshot.v20250618161931.js.gz
- clerk-js/5.69.1-snapshot.v20250618161931/192_clerk.legacy.browser_3d4a21_5.69.1-snapshot.v20250618161931.js.sri
- clerk-js/5.69.1-snapshot.v20250618161931/192_clerk.legacy.browser_3d4a21_5.69.1-snapshot.v20250618161931.min.js.br
- clerk-js/5.69.1-snapshot.v20250618161931/192_clerk.legacy.browser_3d4a21_5.69.1-snapshot.v20250618161931.min.js.gz
- clerk-js/5.69.1-snapshot.v20250618161931/192_clerk.legacy.browser_3d4a21_5.69.1-snapshot.v20250618161931.min.js.sri
- clerk-js/5.69.1-snapshot.v20250618161931/377_clerk.headless_99eaec_5.69.1-snapshot.v20250618161931.js.br
- clerk-js/5.69.1-snapshot.v20250618161931/377_clerk.headless_99eaec_5.69.1-snapshot.v20250618161931.js.gz
- clerk-js/5.69.1-snapshot.v20250618161931/377_clerk.headless_99eaec_5.69.1-snapshot.v20250618161931.js.sri
- clerk-js/5.69.1-snapshot.v20250618161931/377_clerk.headless_99eaec_5.69.1-snapshot.v20250618161931.min.js.br
- clerk-js/5.69.1-snapshot.v20250618161931/377_clerk.headless_99eaec_5.69.1-snapshot.v20250618161931.min.js.gz
- clerk-js/5.69.1-snapshot.v20250618161931/377_clerk.headless_99eaec_5.69.1-snapshot.v20250618161931.min.js.sri
- clerk-js/5.69.1-snapshot.v20250618161931/646_clerk.browser_52792f_5.69.1-snapshot.v20250618161931.js.br
- clerk-js/5.69.1-snapshot.v20250618161931/646_clerk.browser_52792f_5.69.1-snapshot.v20250618161931.js.gz
- clerk-js/5.69.1-snapshot.v20250618161931/646_clerk.browser_52792f_5.69.1-snapshot.v20250618161931.js.sri
- clerk-js/5.69.1-snapshot.v20250618161931/646_clerk.browser_52792f_5.69.1-snapshot.v20250618161931.min.js.br
- clerk-js/5.69.1-snapshot.v20250618161931/646_clerk.browser_52792f_5.69.1-snapshot.v20250618161931.min.js.gz
- clerk-js/5.69.1-snapshot.v20250618161931/646_clerk.browser_52792f_5.69.1-snapshot.v20250618161931.min.js.sri
- clerk-js/5.69.1-snapshot.v20250618161931/646_clerk.chips.browser_3fa7c0_5.69.1-snapshot.v20250618161931.js.br
- clerk-js/5.69.1-snapshot.v20250618161931/646_clerk.chips.browser_3fa7c0_5.69.1-snapshot.v20250618161931.js.gz
- clerk-js/5.69.1-snapshot.v20250618161931/646_clerk.chips.browser_3fa7c0_5.69.1-snapshot.v20250618161931.js.sri
- clerk-js/5.69.1-snapshot.v20250618161931/646_clerk.chips.browser_3fa7c0_5.69.1-snapshot.v20250618161931.min.js.br
- clerk-js/5.69.1-snapshot.v20250618161931/646_clerk.chips.browser_3fa7c0_5.69.1-snapshot.v20250618161931.min.js.gz
- clerk-js/5.69.1-snapshot.v20250618161931/646_clerk.chips.browser_3fa7c0_5.69.1-snapshot.v20250618161931.min.js.sri
- clerk-js/5.69.1-snapshot.v20250618161931/646_clerk.legacy.browser_3d4a21_5.69.1-snapshot.v20250618161931.js.br
- clerk-js/5.69.1-snapshot.v20250618161931/646_clerk.legacy.browser_3d4a21_5.69.1-snapshot.v20250618161931.js.gz
- clerk-js/5.69.1-snapshot.v20250618161931/646_clerk.legacy.browser_3d4a21_5.69.1-snapshot.v20250618161931.js.sri
- clerk-js/5.69.1-snapshot.v20250618161931/646_clerk.legacy.browser_3d4a21_5.69.1-snapshot.v20250618161931.min.js.br
- clerk-js/5.69.1-snapshot.v20250618161931/646_clerk.legacy.browser_3d4a21_5.69.1-snapshot.v20250618161931.min.js.gz
- clerk-js/5.69.1-snapshot.v20250618161931/646_clerk.legacy.browser_3d4a21_5.69.1-snapshot.v20250618161931.min.js.sri
- clerk-js/5.69.1-snapshot.v20250618161931/66_clerk.browser_52792f_5.69.1-snapshot.v20250618161931.js.br
- clerk-js/5.69.1-snapshot.v20250618161931/66_clerk.browser_52792f_5.69.1-snapshot.v20250618161931.js.gz
- clerk-js/5.69.1-snapshot.v20250618161931/66_clerk.browser_52792f_5.69.1-snapshot.v20250618161931.js.sri
- clerk-js/5.69.1-snapshot.v20250618161931/66_clerk.browser_52792f_5.69.1-snapshot.v20250618161931.min.js.br
- clerk-js/5.69.1-snapshot.v20250618161931/66_clerk.browser_52792f_5.69.1-snapshot.v20250618161931.min.js.gz
- clerk-js/5.69.1-snapshot.v20250618161931/66_clerk.browser_52792f_5.69.1-snapshot.v20250618161931.min.js.sri
- clerk-js/5.69.1-snapshot.v20250618161931/66_clerk.chips.browser_3fa7c0_5.69.1-snapshot.v20250618161931.js.br
- clerk-js/5.69.1-snapshot.v20250618161931/66_clerk.chips.browser_3fa7c0_5.69.1-snapshot.v20250618161931.js.gz
- clerk-js/5.69.1-snapshot.v20250618161931/66_clerk.chips.browser_3fa7c0_5.69.1-snapshot.v20250618161931.js.sri
- clerk-js/5.69.1-snapshot.v20250618161931/66_clerk.chips.browser_3fa7c0_5.69.1-snapshot.v20250618161931.min.js.br
- clerk-js/5.69.1-snapshot.v20250618161931/66_clerk.chips.browser_3fa7c0_5.69.1-snapshot.v20250618161931.min.js.gz
- clerk-js/5.69.1-snapshot.v20250618161931/66_clerk.chips.browser_3fa7c0_5.69.1-snapshot.v20250618161931.min.js.sri
- clerk-js/5.69.1-snapshot.v20250618161931/66_clerk.legacy.browser_3d4a21_5.69.1-snapshot.v20250618161931.js.br
- clerk-js/5.69.1-snapshot.v20250618161931/66_clerk.legacy.browser_3d4a21_5.69.1-snapshot.v20250618161931.js.gz
- clerk-js/5.69.1-snapshot.v20250618161931/66_clerk.legacy.browser_3d4a21_5.69.1-snapshot.v20250618161931.js.sri
- clerk-js/5.69.1-snapshot.v20250618161931/66_clerk.legacy.browser_3d4a21_5.69.1-snapshot.v20250618161931.min.js.br
- clerk-js/5.69.1-snapshot.v20250618161931/66_clerk.legacy.browser_3d4a21_5.69.1-snapshot.v20250618161931.min.js.gz
- clerk-js/5.69.1-snapshot.v20250618161931/66_clerk.legacy.browser_3d4a21_5.69.1-snapshot.v20250618161931.min.js.sri
- clerk-js/5.69.1-snapshot.v20250618161931/890_clerk.headless_99eaec_5.69.1-snapshot.v20250618161931.js.br
- clerk-js/5.69.1-snapshot.v20250618161931/890_clerk.headless_99eaec_5.69.1-snapshot.v20250618161931.js.gz
- clerk-js/5.69.1-snapshot.v20250618161931/890_clerk.headless_99eaec_5.69.1-snapshot.v20250618161931.js.sri
- clerk-js/5.69.1-snapshot.v20250618161931/890_clerk.headless_99eaec_5.69.1-snapshot.v20250618161931.min.js.br
- clerk-js/5.69.1-snapshot.v20250618161931/890_clerk.headless_99eaec_5.69.1-snapshot.v20250618161931.min.js.gz
- clerk-js/5.69.1-snapshot.v20250618161931/890_clerk.headless_99eaec_5.69.1-snapshot.v20250618161931.min.js.sri
- clerk-js/5.69.1-snapshot.v20250618161931/965_clerk.headless_99eaec_5.69.1-snapshot.v20250618161931.js.br
- clerk-js/5.69.1-snapshot.v20250618161931/965_clerk.headless_99eaec_5.69.1-snapshot.v20250618161931.js.gz
- clerk-js/5.69.1-snapshot.v20250618161931/965_clerk.headless_99eaec_5.69.1-snapshot.v20250618161931.js.sri
- clerk-js/5.69.1-snapshot.v20250618161931/965_clerk.headless_99eaec_5.69.1-snapshot.v20250618161931.min.js.br
- clerk-js/5.69.1-snapshot.v20250618161931/965_clerk.headless_99eaec_5.69.1-snapshot.v20250618161931.min.js.gz
- clerk-js/5.69.1-snapshot.v20250618161931/965_clerk.headless_99eaec_5.69.1-snapshot.v20250618161931.min.js.sri
- clerk-js/5.69.1-snapshot.v20250618161931/apiKeys_clerk.browser_52792f_5.69.1-snapshot.v20250618161931.js.br
- clerk-js/5.69.1-snapshot.v20250618161931/apiKeys_clerk.browser_52792f_5.69.1-snapshot.v20250618161931.js.gz
- clerk-js/5.69.1-snapshot.v20250618161931/apiKeys_clerk.browser_52792f_5.69.1-snapshot.v20250618161931.js.sri
- clerk-js/5.69.1-snapshot.v20250618161931/apiKeys_clerk.browser_52792f_5.69.1-snapshot.v20250618161931.min.js.br
- clerk-js/5.69.1-snapshot.v20250618161931/apiKeys_clerk.browser_52792f_5.69.1-snapshot.v20250618161931.min.js.gz
- clerk-js/5.69.1-snapshot.v20250618161931/apiKeys_clerk.browser_52792f_5.69.1-snapshot.v20250618161931.min.js.sri
- clerk-js/5.69.1-snapshot.v20250618161931/apiKeys_clerk.chips.browser_3fa7c0_5.69.1-snapshot.v20250618161931.js.br
- clerk-js/5.69.1-snapshot.v20250618161931/apiKeys_clerk.chips.browser_3fa7c0_5.69.1-snapshot.v20250618161931.js.gz
- clerk-js/5.69.1-snapshot.v20250618161931/apiKeys_clerk.chips.browser_3fa7c0_5.69.1-snapshot.v20250618161931.js.sri
- clerk-js/5.69.1-snapshot.v20250618161931/apiKeys_clerk.chips.browser_3fa7c0_5.69.1-snapshot.v20250618161931.min.js.br
- clerk-js/5.69.1-snapshot.v20250618161931/apiKeys_clerk.chips.browser_3fa7c0_5.69.1-snapshot.v20250618161931.min.js.gz
- clerk-js/5.69.1-snapshot.v20250618161931/apiKeys_clerk.chips.browser_3fa7c0_5.69.1-snapshot.v20250618161931.min.js.sri
- clerk-js/5.69.1-snapshot.v20250618161931/apiKeys_clerk.legacy.browser_3d4a21_5.69.1-snapshot.v20250618161931.js.br
- clerk-js/5.69.1-snapshot.v20250618161931/apiKeys_clerk.legacy.browser_3d4a21_5.69.1-snapshot.v20250618161931.js.gz
- clerk-js/5.69.1-snapshot.v20250618161931/apiKeys_clerk.legacy.browser_3d4a21_5.69.1-snapshot.v20250618161931.js.sri
- clerk-js/5.69.1-snapshot.v20250618161931/apiKeys_clerk.legacy.browser_3d4a21_5.69.1-snapshot.v20250618161931.min.js.br
- clerk-js/5.69.1-snapshot.v20250618161931/apiKeys_clerk.legacy.browser_3d4a21_5.69.1-snapshot.v20250618161931.min.js.gz
- clerk-js/5.69.1-snapshot.v20250618161931/apiKeys_clerk.legacy.browser_3d4a21_5.69.1-snapshot.v20250618161931.min.js.sri
- clerk-js/5.69.1-snapshot.v20250618161931/blankcaptcha_clerk.browser_52792f_5.69.1-snapshot.v20250618161931.js.br
- clerk-js/5.69.1-snapshot.v20250618161931/blankcaptcha_clerk.browser_52792f_5.69.1-snapshot.v20250618161931.js.gz
- clerk-js/5.69.1-snapshot.v20250618161931/blankcaptcha_clerk.browser_52792f_5.69.1-snapshot.v20250618161931.js.sri
- clerk-js/5.69.1-snapshot.v20250618161931/blankcaptcha_clerk.browser_52792f_5.69.1-snapshot.v20250618161931.min.js.br
- clerk-js/5.69.1-snapshot.v20250618161931/blankcaptcha_clerk.browser_52792f_5.69.1-snapshot.v20250618161931.min.js.gz
- clerk-js/5.69.1-snapshot.v20250618161931/blankcaptcha_clerk.browser_52792f_5.69.1-snapshot.v20250618161931.min.js.sri
- clerk-js/5.69.1-snapshot.v20250618161931/blankcaptcha_clerk.chips.browser_3fa7c0_5.69.1-snapshot.v20250618161931.js.br
- clerk-js/5.69.1-snapshot.v20250618161931/blankcaptcha_clerk.chips.browser_3fa7c0_5.69.1-snapshot.v20250618161931.js.gz
- clerk-js/5.69.1-snapshot.v20250618161931/blankcaptcha_clerk.chips.browser_3fa7c0_5.69.1-snapshot.v20250618161931.js.sri
- clerk-js/5.69.1-snapshot.v20250618161931/blankcaptcha_clerk.chips.browser_3fa7c0_5.69.1-snapshot.v20250618161931.min.js.br
- clerk-js/5.69.1-snapshot.v20250618161931/blankcaptcha_clerk.chips.browser_3fa7c0_5.69.1-snapshot.v20250618161931.min.js.gz
- clerk-js/5.69.1-snapshot.v20250618161931/blankcaptcha_clerk.chips.browser_3fa7c0_5.69.1-snapshot.v20250618161931.min.js.sri
- clerk-js/5.69.1-snapshot.v20250618161931/blankcaptcha_clerk.legacy.browser_3d4a21_5.69.1-snapshot.v20250618161931.js.br
- clerk-js/5.69.1-snapshot.v20250618161931/blankcaptcha_clerk.legacy.browser_3d4a21_5.69.1-snapshot.v20250618161931.js.gz
- clerk-js/5.69.1-snapshot.v20250618161931/blankcaptcha_clerk.legacy.browser_3d4a21_5.69.1-snapshot.v20250618161931.js.sri
- clerk-js/5.69.1-snapshot.v20250618161931/blankcaptcha_clerk.legacy.browser_3d4a21_5.69.1-snapshot.v20250618161931.min.js.br
- clerk-js/5.69.1-snapshot.v20250618161931/blankcaptcha_clerk.legacy.browser_3d4a21_5.69.1-snapshot.v20250618161931.min.js.gz
- clerk-js/5.69.1-snapshot.v20250618161931/blankcaptcha_clerk.legacy.browser_3d4a21_5.69.1-snapshot.v20250618161931.min.js.sri
- clerk-js/5.69.1-snapshot.v20250618161931/checkout_clerk.browser_52792f_5.69.1-snapshot.v20250618161931.js.br
- clerk-js/5.69.1-snapshot.v20250618161931/checkout_clerk.browser_52792f_5.69.1-snapshot.v20250618161931.js.gz
- clerk-js/5.69.1-snapshot.v20250618161931/checkout_clerk.browser_52792f_5.69.1-snapshot.v20250618161931.js.sri
- clerk-js/5.69.1-snapshot.v20250618161931/checkout_clerk.browser_52792f_5.69.1-snapshot.v20250618161931.min.js.br
- clerk-js/5.69.1-snapshot.v20250618161931/checkout_clerk.browser_52792f_5.69.1-snapshot.v20250618161931.min.js.gz
- clerk-js/5.69.1-snapshot.v20250618161931/checkout_clerk.browser_52792f_5.69.1-snapshot.v20250618161931.min.js.sri
- clerk-js/5.69.1-snapshot.v20250618161931/checkout_clerk.chips.browser_3fa7c0_5.69.1-snapshot.v20250618161931.js.br
- clerk-js/5.69.1-snapshot.v20250618161931/checkout_clerk.chips.browser_3fa7c0_5.69.1-snapshot.v20250618161931.js.gz
- clerk-js/5.69.1-snapshot.v20250618161931/checkout_clerk.chips.browser_3fa7c0_5.69.1-snapshot.v20250618161931.js.sri
- clerk-js/5.69.1-snapshot.v20250618161931/checkout_clerk.chips.browser_3fa7c0_5.69.1-snapshot.v20250618161931.min.js.br
- clerk-js/5.69.1-snapshot.v20250618161931/checkout_clerk.chips.browser_3fa7c0_5.69.1-snapshot.v20250618161931.min.js.gz
- clerk-js/5.69.1-snapshot.v20250618161931/checkout_clerk.chips.browser_3fa7c0_5.69.1-snapshot.v20250618161931.min.js.sri
- clerk-js/5.69.1-snapshot.v20250618161931/checkout_clerk.legacy.browser_3d4a21_5.69.1-snapshot.v20250618161931.js.br
- clerk-js/5.69.1-snapshot.v20250618161931/checkout_clerk.legacy.browser_3d4a21_5.69.1-snapshot.v20250618161931.js.gz
- clerk-js/5.69.1-snapshot.v20250618161931/checkout_clerk.legacy.browser_3d4a21_5.69.1-snapshot.v20250618161931.js.sri
- clerk-js/5.69.1-snapshot.v20250618161931/checkout_clerk.legacy.browser_3d4a21_5.69.1-snapshot.v20250618161931.min.js.br
- clerk-js/5.69.1-snapshot.v20250618161931/checkout_clerk.legacy.browser_3d4a21_5.69.1-snapshot.v20250618161931.min.js.gz
- clerk-js/5.69.1-snapshot.v20250618161931/checkout_clerk.legacy.browser_3d4a21_5.69.1-snapshot.v20250618161931.min.js.sri
- clerk-js/5.69.1-snapshot.v20250618161931/clerk.browser.js.br
- clerk-js/5.69.1-snapshot.v20250618161931/clerk.browser.js.gz
- clerk-js/5.69.1-snapshot.v20250618161931/clerk.browser.js.sri
- clerk-js/5.69.1-snapshot.v20250618161931/clerk.browser.min.js.br
- clerk-js/5.69.1-snapshot.v20250618161931/clerk.browser.min.js.gz
- clerk-js/5.69.1-snapshot.v20250618161931/clerk.browser.min.js.sri
- clerk-js/5.69.1-snapshot.v20250618161931/clerk.chips.browser.js.br
- clerk-js/5.69.1-snapshot.v20250618161931/clerk.chips.browser.js.gz
- clerk-js/5.69.1-snapshot.v20250618161931/clerk.chips.browser.js.sri
- clerk-js/5.69.1-snapshot.v20250618161931/clerk.chips.browser.min.js.br
- clerk-js/5.69.1-snapshot.v20250618161931/clerk.chips.browser.min.js.gz
- clerk-js/5.69.1-snapshot.v20250618161931/clerk.chips.browser.min.js.sri
- clerk-js/5.69.1-snapshot.v20250618161931/clerk.headless.browser.js.br
- clerk-js/5.69.1-snapshot.v20250618161931/clerk.headless.browser.js.gz
- clerk-js/5.69.1-snapshot.v20250618161931/clerk.headless.browser.js.sri
- clerk-js/5.69.1-snapshot.v20250618161931/clerk.headless.browser.min.js.br
- clerk-js/5.69.1-snapshot.v20250618161931/clerk.headless.browser.min.js.gz
- clerk-js/5.69.1-snapshot.v20250618161931/clerk.headless.browser.min.js.sri
- clerk-js/5.69.1-snapshot.v20250618161931/clerk.headless.js.br
- clerk-js/5.69.1-snapshot.v20250618161931/clerk.headless.js.gz
- clerk-js/5.69.1-snapshot.v20250618161931/clerk.headless.js.sri
- clerk-js/5.69.1-snapshot.v20250618161931/clerk.headless.min.js.br
- clerk-js/5.69.1-snapshot.v20250618161931/clerk.headless.min.js.gz
- clerk-js/5.69.1-snapshot.v20250618161931/clerk.headless.min.js.sri
- clerk-js/5.69.1-snapshot.v20250618161931/clerk.js.br
- clerk-js/5.69.1-snapshot.v20250618161931/clerk.js.gz
- clerk-js/5.69.1-snapshot.v20250618161931/clerk.js.sri
- clerk-js/5.69.1-snapshot.v20250618161931/clerk.legacy.browser.js.br
- clerk-js/5.69.1-snapshot.v20250618161931/clerk.legacy.browser.js.gz
- clerk-js/5.69.1-snapshot.v20250618161931/clerk.legacy.browser.js.sri
- clerk-js/5.69.1-snapshot.v20250618161931/clerk.legacy.browser.min.js.br
- clerk-js/5.69.1-snapshot.v20250618161931/clerk.legacy.browser.min.js.gz
- clerk-js/5.69.1-snapshot.v20250618161931/clerk.legacy.browser.min.js.sri
- clerk-js/5.69.1-snapshot.v20250618161931/clerk.min.js.br
- clerk-js/5.69.1-snapshot.v20250618161931/clerk.min.js.gz
- clerk-js/5.69.1-snapshot.v20250618161931/clerk.min.js.sri
- clerk-js/5.69.1-snapshot.v20250618161931/clerk.mjs.br
- clerk-js/5.69.1-snapshot.v20250618161931/clerk.mjs.gz
- clerk-js/5.69.1-snapshot.v20250618161931/clerk.no-rhc.js.br
- clerk-js/5.69.1-snapshot.v20250618161931/clerk.no-rhc.js.gz
- clerk-js/5.69.1-snapshot.v20250618161931/clerk.no-rhc.js.sri
- clerk-js/5.69.1-snapshot.v20250618161931/clerk.no-rhc.min.js.br
- clerk-js/5.69.1-snapshot.v20250618161931/clerk.no-rhc.min.js.gz
- clerk-js/5.69.1-snapshot.v20250618161931/clerk.no-rhc.min.js.sri
- clerk-js/5.69.1-snapshot.v20250618161931/clerk.no-rhc.mjs.br
- clerk-js/5.69.1-snapshot.v20250618161931/clerk.no-rhc.mjs.gz
- clerk-js/5.69.1-snapshot.v20250618161931/coinbase-wallet-sdk_clerk.browser_52792f_5.69.1-snapshot.v20250618161931.js.br
- clerk-js/5.69.1-snapshot.v20250618161931/coinbase-wallet-sdk_clerk.browser_52792f_5.69.1-snapshot.v20250618161931.js.gz
- clerk-js/5.69.1-snapshot.v20250618161931/coinbase-wallet-sdk_clerk.browser_52792f_5.69.1-snapshot.v20250618161931.js.sri
- clerk-js/5.69.1-snapshot.v20250618161931/coinbase-wallet-sdk_clerk.browser_52792f_5.69.1-snapshot.v20250618161931.min.js.br
- clerk-js/5.69.1-snapshot.v20250618161931/coinbase-wallet-sdk_clerk.browser_52792f_5.69.1-snapshot.v20250618161931.min.js.gz
- clerk-js/5.69.1-snapshot.v20250618161931/coinbase-wallet-sdk_clerk.browser_52792f_5.69.1-snapshot.v20250618161931.min.js.sri
- clerk-js/5.69.1-snapshot.v20250618161931/coinbase-wallet-sdk_clerk.chips.browser_3fa7c0_5.69.1-snapshot.v20250618161931.js.br
- clerk-js/5.69.1-snapshot.v20250618161931/coinbase-wallet-sdk_clerk.chips.browser_3fa7c0_5.69.1-snapshot.v20250618161931.js.gz
- clerk-js/5.69.1-snapshot.v20250618161931/coinbase-wallet-sdk_clerk.chips.browser_3fa7c0_5.69.1-snapshot.v20250618161931.js.sri
- clerk-js/5.69.1-snapshot.v20250618161931/coinbase-wallet-sdk_clerk.chips.browser_3fa7c0_5.69.1-snapshot.v20250618161931.min.js.br
- clerk-js/5.69.1-snapshot.v20250618161931/coinbase-wallet-sdk_clerk.chips.browser_3fa7c0_5.69.1-snapshot.v20250618161931.min.js.gz
- clerk-js/5.69.1-snapshot.v20250618161931/coinbase-wallet-sdk_clerk.chips.browser_3fa7c0_5.69.1-snapshot.v20250618161931.min.js.sri
- clerk-js/5.69.1-snapshot.v20250618161931/coinbase-wallet-sdk_clerk.headless.browser_5e2a94_5.69.1-snapshot.v20250618161931.js.br
- clerk-js/5.69.1-snapshot.v20250618161931/coinbase-wallet-sdk_clerk.headless.browser_5e2a94_5.69.1-snapshot.v20250618161931.js.gz
- clerk-js/5.69.1-snapshot.v20250618161931/coinbase-wallet-sdk_clerk.headless.browser_5e2a94_5.69.1-snapshot.v20250618161931.js.sri
- clerk-js/5.69.1-snapshot.v20250618161931/coinbase-wallet-sdk_clerk.headless.browser_5e2a94_5.69.1-snapshot.v20250618161931.min.js.br
- clerk-js/5.69.1-snapshot.v20250618161931/coinbase-wallet-sdk_clerk.headless.browser_5e2a94_5.69.1-snapshot.v20250618161931.min.js.gz
- clerk-js/5.69.1-snapshot.v20250618161931/coinbase-wallet-sdk_clerk.headless.browser_5e2a94_5.69.1-snapshot.v20250618161931.min.js.sri
- clerk-js/5.69.1-snapshot.v20250618161931/coinbase-wallet-sdk_clerk.legacy.browser_3d4a21_5.69.1-snapshot.v20250618161931.js.br
- clerk-js/5.69.1-snapshot.v20250618161931/coinbase-wallet-sdk_clerk.legacy.browser_3d4a21_5.69.1-snapshot.v20250618161931.js.gz
- clerk-js/5.69.1-snapshot.v20250618161931/coinbase-wallet-sdk_clerk.legacy.browser_3d4a21_5.69.1-snapshot.v20250618161931.js.sri
- clerk-js/5.69.1-snapshot.v20250618161931/coinbase-wallet-sdk_clerk.legacy.browser_3d4a21_5.69.1-snapshot.v20250618161931.min.js.br
- clerk-js/5.69.1-snapshot.v20250618161931/coinbase-wallet-sdk_clerk.legacy.browser_3d4a21_5.69.1-snapshot.v20250618161931.min.js.gz
- clerk-js/5.69.1-snapshot.v20250618161931/coinbase-wallet-sdk_clerk.legacy.browser_3d4a21_5.69.1-snapshot.v20250618161931.min.js.sri
- clerk-js/5.69.1-snapshot.v20250618161931/cookieSuffix_clerk.browser_52792f_5.69.1-snapshot.v20250618161931.js.br
- clerk-js/5.69.1-snapshot.v20250618161931/cookieSuffix_clerk.browser_52792f_5.69.1-snapshot.v20250618161931.js.gz
- clerk-js/5.69.1-snapshot.v20250618161931/cookieSuffix_clerk.browser_52792f_5.69.1-snapshot.v20250618161931.js.sri
- clerk-js/5.69.1-snapshot.v20250618161931/cookieSuffix_clerk.browser_52792f_5.69.1-snapshot.v20250618161931.min.js.br
- clerk-js/5.69.1-snapshot.v20250618161931/cookieSuffix_clerk.browser_52792f_5.69.1-snapshot.v20250618161931.min.js.gz
- clerk-js/5.69.1-snapshot.v20250618161931/cookieSuffix_clerk.browser_52792f_5.69.1-snapshot.v20250618161931.min.js.sri
- clerk-js/5.69.1-snapshot.v20250618161931/cookieSuffix_clerk.chips.browser_3fa7c0_5.69.1-snapshot.v20250618161931.js.br
- clerk-js/5.69.1-snapshot.v20250618161931/cookieSuffix_clerk.chips.browser_3fa7c0_5.69.1-snapshot.v20250618161931.js.gz
- clerk-js/5.69.1-snapshot.v20250618161931/cookieSuffix_clerk.chips.browser_3fa7c0_5.69.1-snapshot.v20250618161931.js.sri
- clerk-js/5.69.1-snapshot.v20250618161931/cookieSuffix_clerk.chips.browser_3fa7c0_5.69.1-snapshot.v20250618161931.min.js.br
- clerk-js/5.69.1-snapshot.v20250618161931/cookieSuffix_clerk.chips.browser_3fa7c0_5.69.1-snapshot.v20250618161931.min.js.gz
- clerk-js/5.69.1-snapshot.v20250618161931/cookieSuffix_clerk.chips.browser_3fa7c0_5.69.1-snapshot.v20250618161931.min.js.sri
- clerk-js/5.69.1-snapshot.v20250618161931/cookieSuffix_clerk.headless.browser_5e2a94_5.69.1-snapshot.v20250618161931.js.br
- clerk-js/5.69.1-snapshot.v20250618161931/cookieSuffix_clerk.headless.browser_5e2a94_5.69.1-snapshot.v20250618161931.js.gz
- clerk-js/5.69.1-snapshot.v20250618161931/cookieSuffix_clerk.headless.browser_5e2a94_5.69.1-snapshot.v20250618161931.js.sri
- clerk-js/5.69.1-snapshot.v20250618161931/cookieSuffix_clerk.headless.browser_5e2a94_5.69.1-snapshot.v20250618161931.min.js.br
- clerk-js/5.69.1-snapshot.v20250618161931/cookieSuffix_clerk.headless.browser_5e2a94_5.69.1-snapshot.v20250618161931.min.js.gz
- clerk-js/5.69.1-snapshot.v20250618161931/cookieSuffix_clerk.headless.browser_5e2a94_5.69.1-snapshot.v20250618161931.min.js.sri
- clerk-js/5.69.1-snapshot.v20250618161931/cookieSuffix_clerk.headless_99eaec_5.69.1-snapshot.v20250618161931.js.br
- clerk-js/5.69.1-snapshot.v20250618161931/cookieSuffix_clerk.headless_99eaec_5.69.1-snapshot.v20250618161931.js.gz
- clerk-js/5.69.1-snapshot.v20250618161931/cookieSuffix_clerk.headless_99eaec_5.69.1-snapshot.v20250618161931.js.sri
- clerk-js/5.69.1-snapshot.v20250618161931/cookieSuffix_clerk.headless_99eaec_5.69.1-snapshot.v20250618161931.min.js.br
- clerk-js/5.69.1-snapshot.v20250618161931/cookieSuffix_clerk.headless_99eaec_5.69.1-snapshot.v20250618161931.min.js.gz
- clerk-js/5.69.1-snapshot.v20250618161931/cookieSuffix_clerk.headless_99eaec_5.69.1-snapshot.v20250618161931.min.js.sri
- clerk-js/5.69.1-snapshot.v20250618161931/cookieSuffix_clerk.legacy.browser_3d4a21_5.69.1-snapshot.v20250618161931.js.br
- clerk-js/5.69.1-snapshot.v20250618161931/cookieSuffix_clerk.legacy.browser_3d4a21_5.69.1-snapshot.v20250618161931.js.gz
- clerk-js/5.69.1-snapshot.v20250618161931/cookieSuffix_clerk.legacy.browser_3d4a21_5.69.1-snapshot.v20250618161931.js.sri
- clerk-js/5.69.1-snapshot.v20250618161931/cookieSuffix_clerk.legacy.browser_3d4a21_5.69.1-snapshot.v20250618161931.min.js.br
- clerk-js/5.69.1-snapshot.v20250618161931/cookieSuffix_clerk.legacy.browser_3d4a21_5.69.1-snapshot.v20250618161931.min.js.gz
- clerk-js/5.69.1-snapshot.v20250618161931/cookieSuffix_clerk.legacy.browser_3d4a21_5.69.1-snapshot.v20250618161931.min.js.sri
- clerk-js/5.69.1-snapshot.v20250618161931/createorganization_clerk.browser_52792f_5.69.1-snapshot.v20250618161931.js.br
- clerk-js/5.69.1-snapshot.v20250618161931/createorganization_clerk.browser_52792f_5.69.1-snapshot.v20250618161931.js.gz
- clerk-js/5.69.1-snapshot.v20250618161931/createorganization_clerk.browser_52792f_5.69.1-snapshot.v20250618161931.js.sri
- clerk-js/5.69.1-snapshot.v20250618161931/createorganization_clerk.browser_52792f_5.69.1-snapshot.v20250618161931.min.js.br
- clerk-js/5.69.1-snapshot.v20250618161931/createorganization_clerk.browser_52792f_5.69.1-snapshot.v20250618161931.min.js.gz
- clerk-js/5.69.1-snapshot.v20250618161931/createorganization_clerk.browser_52792f_5.69.1-snapshot.v20250618161931.min.js.sri
- clerk-js/5.69.1-snapshot.v20250618161931/createorganization_clerk.chips.browser_3fa7c0_5.69.1-snapshot.v20250618161931.js.br
- clerk-js/5.69.1-snapshot.v20250618161931/createorganization_clerk.chips.browser_3fa7c0_5.69.1-snapshot.v20250618161931.js.gz
- clerk-js/5.69.1-snapshot.v20250618161931/createorganization_clerk.chips.browser_3fa7c0_5.69.1-snapshot.v20250618161931.js.sri
- clerk-js/5.69.1-snapshot.v20250618161931/createorganization_clerk.chips.browser_3fa7c0_5.69.1-snapshot.v20250618161931.min.js.br
- clerk-js/5.69.1-snapshot.v20250618161931/createorganization_clerk.chips.browser_3fa7c0_5.69.1-snapshot.v20250618161931.min.js.gz
- clerk-js/5.69.1-snapshot.v20250618161931/createorganization_clerk.chips.browser_3fa7c0_5.69.1-snapshot.v20250618161931.min.js.sri
- clerk-js/5.69.1-snapshot.v20250618161931/createorganization_clerk.legacy.browser_3d4a21_5.69.1-snapshot.v20250618161931.js.br
- clerk-js/5.69.1-snapshot.v20250618161931/createorganization_clerk.legacy.browser_3d4a21_5.69.1-snapshot.v20250618161931.js.gz
- clerk-js/5.69.1-snapshot.v20250618161931/createorganization_clerk.legacy.browser_3d4a21_5.69.1-snapshot.v20250618161931.js.sri
- clerk-js/5.69.1-snapshot.v20250618161931/createorganization_clerk.legacy.browser_3d4a21_5.69.1-snapshot.v20250618161931.min.js.br
- clerk-js/5.69.1-snapshot.v20250618161931/createorganization_clerk.legacy.browser_3d4a21_5.69.1-snapshot.v20250618161931.min.js.gz
- clerk-js/5.69.1-snapshot.v20250618161931/createorganization_clerk.legacy.browser_3d4a21_5.69.1-snapshot.v20250618161931.min.js.sri
- clerk-js/5.69.1-snapshot.v20250618161931/framework_clerk.browser_52792f_5.69.1-snapshot.v20250618161931.js.br
- clerk-js/5.69.1-snapshot.v20250618161931/framework_clerk.browser_52792f_5.69.1-snapshot.v20250618161931.js.gz
- clerk-js/5.69.1-snapshot.v20250618161931/framework_clerk.browser_52792f_5.69.1-snapshot.v20250618161931.js.sri
- clerk-js/5.69.1-snapshot.v20250618161931/framework_clerk.browser_52792f_5.69.1-snapshot.v20250618161931.min.js.br
- clerk-js/5.69.1-snapshot.v20250618161931/framework_clerk.browser_52792f_5.69.1-snapshot.v20250618161931.min.js.gz
- clerk-js/5.69.1-snapshot.v20250618161931/framework_clerk.browser_52792f_5.69.1-snapshot.v20250618161931.min.js.sri
- clerk-js/5.69.1-snapshot.v20250618161931/framework_clerk.chips.browser_3fa7c0_5.69.1-snapshot.v20250618161931.js.br
- clerk-js/5.69.1-snapshot.v20250618161931/framework_clerk.chips.browser_3fa7c0_5.69.1-snapshot.v20250618161931.js.gz
- clerk-js/5.69.1-snapshot.v20250618161931/framework_clerk.chips.browser_3fa7c0_5.69.1-snapshot.v20250618161931.js.sri
- clerk-js/5.69.1-snapshot.v20250618161931/framework_clerk.chips.browser_3fa7c0_5.69.1-snapshot.v20250618161931.min.js.br
- clerk-js/5.69.1-snapshot.v20250618161931/framework_clerk.chips.browser_3fa7c0_5.69.1-snapshot.v20250618161931.min.js.gz
- clerk-js/5.69.1-snapshot.v20250618161931/framework_clerk.chips.browser_3fa7c0_5.69.1-snapshot.v20250618161931.min.js.sri
- clerk-js/5.69.1-snapshot.v20250618161931/framework_clerk.legacy.browser_3d4a21_5.69.1-snapshot.v20250618161931.js.br
- clerk-js/5.69.1-snapshot.v20250618161931/framework_clerk.legacy.browser_3d4a21_5.69.1-snapshot.v20250618161931.js.gz
- clerk-js/5.69.1-snapshot.v20250618161931/framework_clerk.legacy.browser_3d4a21_5.69.1-snapshot.v20250618161931.js.sri
- clerk-js/5.69.1-snapshot.v20250618161931/framework_clerk.legacy.browser_3d4a21_5.69.1-snapshot.v20250618161931.min.js.br
- clerk-js/5.69.1-snapshot.v20250618161931/framework_clerk.legacy.browser_3d4a21_5.69.1-snapshot.v20250618161931.min.js.gz
- clerk-js/5.69.1-snapshot.v20250618161931/framework_clerk.legacy.browser_3d4a21_5.69.1-snapshot.v20250618161931.min.js.sri
- clerk-js/5.69.1-snapshot.v20250618161931/impersonationfab_clerk.browser_52792f_5.69.1-snapshot.v20250618161931.js.br
- clerk-js/5.69.1-snapshot.v20250618161931/impersonationfab_clerk.browser_52792f_5.69.1-snapshot.v20250618161931.js.gz
- clerk-js/5.69.1-snapshot.v20250618161931/impersonationfab_clerk.browser_52792f_5.69.1-snapshot.v20250618161931.js.sri
- clerk-js/5.69.1-snapshot.v20250618161931/impersonationfab_clerk.browser_52792f_5.69.1-snapshot.v20250618161931.min.js.br
- clerk-js/5.69.1-snapshot.v20250618161931/impersonationfab_clerk.browser_52792f_5.69.1-snapshot.v20250618161931.min.js.gz
- clerk-js/5.69.1-snapshot.v20250618161931/impersonationfab_clerk.browser_52792f_5.69.1-snapshot.v20250618161931.min.js.sri
- clerk-js/5.69.1-snapshot.v20250618161931/impersonationfab_clerk.chips.browser_3fa7c0_5.69.1-snapshot.v20250618161931.js.br
- clerk-js/5.69.1-snapshot.v20250618161931/impersonationfab_clerk.chips.browser_3fa7c0_5.69.1-snapshot.v20250618161931.js.gz
- clerk-js/5.69.1-snapshot.v20250618161931/impersonationfab_clerk.chips.browser_3fa7c0_5.69.1-snapshot.v20250618161931.js.sri
- clerk-js/5.69.1-snapshot.v20250618161931/impersonationfab_clerk.chips.browser_3fa7c0_5.69.1-snapshot.v20250618161931.min.js.br
- clerk-js/5.69.1-snapshot.v20250618161931/impersonationfab_clerk.chips.browser_3fa7c0_5.69.1-snapshot.v20250618161931.min.js.gz
- clerk-js/5.69.1-snapshot.v20250618161931/impersonationfab_clerk.chips.browser_3fa7c0_5.69.1-snapshot.v20250618161931.min.js.sri
- clerk-js/5.69.1-snapshot.v20250618161931/impersonationfab_clerk.legacy.browser_3d4a21_5.69.1-snapshot.v20250618161931.js.br
- clerk-js/5.69.1-snapshot.v20250618161931/impersonationfab_clerk.legacy.browser_3d4a21_5.69.1-snapshot.v20250618161931.js.gz
- clerk-js/5.69.1-snapshot.v20250618161931/impersonationfab_clerk.legacy.browser_3d4a21_5.69.1-snapshot.v20250618161931.js.sri
- clerk-js/5.69.1-snapshot.v20250618161931/impersonationfab_clerk.legacy.browser_3d4a21_5.69.1-snapshot.v20250618161931.min.js.br
- clerk-js/5.69.1-snapshot.v20250618161931/impersonationfab_clerk.legacy.browser_3d4a21_5.69.1-snapshot.v20250618161931.min.js.gz
- clerk-js/5.69.1-snapshot.v20250618161931/impersonationfab_clerk.legacy.browser_3d4a21_5.69.1-snapshot.v20250618161931.min.js.sri
- clerk-js/5.69.1-snapshot.v20250618161931/keylessPrompt_clerk.browser_52792f_5.69.1-snapshot.v20250618161931.js.br
- clerk-js/5.69.1-snapshot.v20250618161931/keylessPrompt_clerk.browser_52792f_5.69.1-snapshot.v20250618161931.js.gz
- clerk-js/5.69.1-snapshot.v20250618161931/keylessPrompt_clerk.browser_52792f_5.69.1-snapshot.v20250618161931.js.sri
- clerk-js/5.69.1-snapshot.v20250618161931/keylessPrompt_clerk.browser_52792f_5.69.1-snapshot.v20250618161931.min.js.br
- clerk-js/5.69.1-snapshot.v20250618161931/keylessPrompt_clerk.browser_52792f_5.69.1-snapshot.v20250618161931.min.js.gz
- clerk-js/5.69.1-snapshot.v20250618161931/keylessPrompt_clerk.browser_52792f_5.69.1-snapshot.v20250618161931.min.js.sri
- clerk-js/5.69.1-snapshot.v20250618161931/keylessPrompt_clerk.chips.browser_3fa7c0_5.69.1-snapshot.v20250618161931.js.br
- clerk-js/5.69.1-snapshot.v20250618161931/keylessPrompt_clerk.chips.browser_3fa7c0_5.69.1-snapshot.v20250618161931.js.gz
- clerk-js/5.69.1-snapshot.v20250618161931/keylessPrompt_clerk.chips.browser_3fa7c0_5.69.1-snapshot.v20250618161931.js.sri
- clerk-js/5.69.1-snapshot.v20250618161931/keylessPrompt_clerk.chips.browser_3fa7c0_5.69.1-snapshot.v20250618161931.min.js.br
- clerk-js/5.69.1-snapshot.v20250618161931/keylessPrompt_clerk.chips.browser_3fa7c0_5.69.1-snapshot.v20250618161931.min.js.gz
- clerk-js/5.69.1-snapshot.v20250618161931/keylessPrompt_clerk.chips.browser_3fa7c0_5.69.1-snapshot.v20250618161931.min.js.sri
- clerk-js/5.69.1-snapshot.v20250618161931/keylessPrompt_clerk.legacy.browser_3d4a21_5.69.1-snapshot.v20250618161931.js.br
- clerk-js/5.69.1-snapshot.v20250618161931/keylessPrompt_clerk.legacy.browser_3d4a21_5.69.1-snapshot.v20250618161931.js.gz
- clerk-js/5.69.1-snapshot.v20250618161931/keylessPrompt_clerk.legacy.browser_3d4a21_5.69.1-snapshot.v20250618161931.js.sri
- clerk-js/5.69.1-snapshot.v20250618161931/keylessPrompt_clerk.legacy.browser_3d4a21_5.69.1-snapshot.v20250618161931.min.js.br
- clerk-js/5.69.1-snapshot.v20250618161931/keylessPrompt_clerk.legacy.browser_3d4a21_5.69.1-snapshot.v20250618161931.min.js.gz
- clerk-js/5.69.1-snapshot.v20250618161931/keylessPrompt_clerk.legacy.browser_3d4a21_5.69.1-snapshot.v20250618161931.min.js.sri
- clerk-js/5.69.1-snapshot.v20250618161931/oauthConsent_clerk.browser_52792f_5.69.1-snapshot.v20250618161931.js.br
- clerk-js/5.69.1-snapshot.v20250618161931/oauthConsent_clerk.browser_52792f_5.69.1-snapshot.v20250618161931.js.gz
- clerk-js/5.69.1-snapshot.v20250618161931/oauthConsent_clerk.browser_52792f_5.69.1-snapshot.v20250618161931.js.sri
- clerk-js/5.69.1-snapshot.v20250618161931/oauthConsent_clerk.browser_52792f_5.69.1-snapshot.v20250618161931.min.js.br
- clerk-js/5.69.1-snapshot.v20250618161931/oauthConsent_clerk.browser_52792f_5.69.1-snapshot.v20250618161931.min.js.gz
- clerk-js/5.69.1-snapshot.v20250618161931/oauthConsent_clerk.browser_52792f_5.69.1-snapshot.v20250618161931.min.js.sri
- clerk-js/5.69.1-snapshot.v20250618161931/oauthConsent_clerk.chips.browser_3fa7c0_5.69.1-snapshot.v20250618161931.js.br
- clerk-js/5.69.1-snapshot.v20250618161931/oauthConsent_clerk.chips.browser_3fa7c0_5.69.1-snapshot.v20250618161931.js.gz
- clerk-js/5.69.1-snapshot.v20250618161931/oauthConsent_clerk.chips.browser_3fa7c0_5.69.1-snapshot.v20250618161931.js.sri
- clerk-js/5.69.1-snapshot.v20250618161931/oauthConsent_clerk.chips.browser_3fa7c0_5.69.1-snapshot.v20250618161931.min.js.br
- clerk-js/5.69.1-snapshot.v20250618161931/oauthConsent_clerk.chips.browser_3fa7c0_5.69.1-snapshot.v20250618161931.min.js.gz
- clerk-js/5.69.1-snapshot.v20250618161931/oauthConsent_clerk.chips.browser_3fa7c0_5.69.1-snapshot.v20250618161931.min.js.sri
- clerk-js/5.69.1-snapshot.v20250618161931/oauthConsent_clerk.legacy.browser_3d4a21_5.69.1-snapshot.v20250618161931.js.br
- clerk-js/5.69.1-snapshot.v20250618161931/oauthConsent_clerk.legacy.browser_3d4a21_5.69.1-snapshot.v20250618161931.js.gz
- clerk-js/5.69.1-snapshot.v20250618161931/oauthConsent_clerk.legacy.browser_3d4a21_5.69.1-snapshot.v20250618161931.js.sri
- clerk-js/5.69.1-snapshot.v20250618161931/oauthConsent_clerk.legacy.browser_3d4a21_5.69.1-snapshot.v20250618161931.min.js.br
- clerk-js/5.69.1-snapshot.v20250618161931/oauthConsent_clerk.legacy.browser_3d4a21_5.69.1-snapshot.v20250618161931.min.js.gz
- clerk-js/5.69.1-snapshot.v20250618161931/oauthConsent_clerk.legacy.browser_3d4a21_5.69.1-snapshot.v20250618161931.min.js.sri
- clerk-js/5.69.1-snapshot.v20250618161931/onetap_clerk.browser_52792f_5.69.1-snapshot.v20250618161931.js.br
- clerk-js/5.69.1-snapshot.v20250618161931/onetap_clerk.browser_52792f_5.69.1-snapshot.v20250618161931.js.gz
- clerk-js/5.69.1-snapshot.v20250618161931/onetap_clerk.browser_52792f_5.69.1-snapshot.v20250618161931.js.sri
- clerk-js/5.69.1-snapshot.v20250618161931/onetap_clerk.browser_52792f_5.69.1-snapshot.v20250618161931.min.js.br
- clerk-js/5.69.1-snapshot.v20250618161931/onetap_clerk.browser_52792f_5.69.1-snapshot.v20250618161931.min.js.gz
- clerk-js/5.69.1-snapshot.v20250618161931/onetap_clerk.browser_52792f_5.69.1-snapshot.v20250618161931.min.js.sri
- clerk-js/5.69.1-snapshot.v20250618161931/onetap_clerk.chips.browser_3fa7c0_5.69.1-snapshot.v20250618161931.js.br
- clerk-js/5.69.1-snapshot.v20250618161931/onetap_clerk.chips.browser_3fa7c0_5.69.1-snapshot.v20250618161931.js.gz
- clerk-js/5.69.1-snapshot.v20250618161931/onetap_clerk.chips.browser_3fa7c0_5.69.1-snapshot.v20250618161931.js.sri
- clerk-js/5.69.1-snapshot.v20250618161931/onetap_clerk.chips.browser_3fa7c0_5.69.1-snapshot.v20250618161931.min.js.br
- clerk-js/5.69.1-snapshot.v20250618161931/onetap_clerk.chips.browser_3fa7c0_5.69.1-snapshot.v20250618161931.min.js.gz
- clerk-js/5.69.1-snapshot.v20250618161931/onetap_clerk.chips.browser_3fa7c0_5.69.1-snapshot.v20250618161931.min.js.sri
- clerk-js/5.69.1-snapshot.v20250618161931/onetap_clerk.legacy.browser_3d4a21_5.69.1-snapshot.v20250618161931.js.br
- clerk-js/5.69.1-snapshot.v20250618161931/onetap_clerk.legacy.browser_3d4a21_5.69.1-snapshot.v20250618161931.js.gz
- clerk-js/5.69.1-snapshot.v20250618161931/onetap_clerk.legacy.browser_3d4a21_5.69.1-snapshot.v20250618161931.js.sri
- clerk-js/5.69.1-snapshot.v20250618161931/onetap_clerk.legacy.browser_3d4a21_5.69.1-snapshot.v20250618161931.min.js.br
- clerk-js/5.69.1-snapshot.v20250618161931/onetap_clerk.legacy.browser_3d4a21_5.69.1-snapshot.v20250618161931.min.js.gz
- clerk-js/5.69.1-snapshot.v20250618161931/onetap_clerk.legacy.browser_3d4a21_5.69.1-snapshot.v20250618161931.min.js.sri
- clerk-js/5.69.1-snapshot.v20250618161931/op-api-keys-page_clerk.browser_52792f_5.69.1-snapshot.v20250618161931.js.br
- clerk-js/5.69.1-snapshot.v20250618161931/op-api-keys-page_clerk.browser_52792f_5.69.1-snapshot.v20250618161931.js.gz
- clerk-js/5.69.1-snapshot.v20250618161931/op-api-keys-page_clerk.browser_52792f_5.69.1-snapshot.v20250618161931.js.sri
- clerk-js/5.69.1-snapshot.v20250618161931/op-api-keys-page_clerk.browser_52792f_5.69.1-snapshot.v20250618161931.min.js.br
- clerk-js/5.69.1-snapshot.v20250618161931/op-api-keys-page_clerk.browser_52792f_5.69.1-snapshot.v20250618161931.min.js.gz
- clerk-js/5.69.1-snapshot.v20250618161931/op-api-keys-page_clerk.browser_52792f_5.69.1-snapshot.v20250618161931.min.js.sri
- clerk-js/5.69.1-snapshot.v20250618161931/op-api-keys-page_clerk.chips.browser_3fa7c0_5.69.1-snapshot.v20250618161931.js.br
- clerk-js/5.69.1-snapshot.v20250618161931/op-api-keys-page_clerk.chips.browser_3fa7c0_5.69.1-snapshot.v20250618161931.js.gz
- clerk-js/5.69.1-snapshot.v20250618161931/op-api-keys-page_clerk.chips.browser_3fa7c0_5.69.1-snapshot.v20250618161931.js.sri
- clerk-js/5.69.1-snapshot.v20250618161931/op-api-keys-page_clerk.chips.browser_3fa7c0_5.69.1-snapshot.v20250618161931.min.js.br
- clerk-js/5.69.1-snapshot.v20250618161931/op-api-keys-page_clerk.chips.browser_3fa7c0_5.69.1-snapshot.v20250618161931.min.js.gz
- clerk-js/5.69.1-snapshot.v20250618161931/op-api-keys-page_clerk.chips.browser_3fa7c0_5.69.1-snapshot.v20250618161931.min.js.sri
- clerk-js/5.69.1-snapshot.v20250618161931/op-api-keys-page_clerk.legacy.browser_3d4a21_5.69.1-snapshot.v20250618161931.js.br
- clerk-js/5.69.1-snapshot.v20250618161931/op-api-keys-page_clerk.legacy.browser_3d4a21_5.69.1-snapshot.v20250618161931.js.gz
- clerk-js/5.69.1-snapshot.v20250618161931/op-api-keys-page_clerk.legacy.browser_3d4a21_5.69.1-snapshot.v20250618161931.js.sri
- clerk-js/5.69.1-snapshot.v20250618161931/op-api-keys-page_clerk.legacy.browser_3d4a21_5.69.1-snapshot.v20250618161931.min.js.br
- clerk-js/5.69.1-snapshot.v20250618161931/op-api-keys-page_clerk.legacy.browser_3d4a21_5.69.1-snapshot.v20250618161931.min.js.gz
- clerk-js/5.69.1-snapshot.v20250618161931/op-api-keys-page_clerk.legacy.browser_3d4a21_5.69.1-snapshot.v20250618161931.min.js.sri
- clerk-js/5.69.1-snapshot.v20250618161931/op-billing-page_clerk.browser_52792f_5.69.1-snapshot.v20250618161931.js.br
- clerk-js/5.69.1-snapshot.v20250618161931/op-billing-page_clerk.browser_52792f_5.69.1-snapshot.v20250618161931.js.gz
- clerk-js/5.69.1-snapshot.v20250618161931/op-billing-page_clerk.browser_52792f_5.69.1-snapshot.v20250618161931.js.sri
- clerk-js/5.69.1-snapshot.v20250618161931/op-billing-page_clerk.browser_52792f_5.69.1-snapshot.v20250618161931.min.js.br
- clerk-js/5.69.1-snapshot.v20250618161931/op-billing-page_clerk.browser_52792f_5.69.1-snapshot.v20250618161931.min.js.gz
- clerk-js/5.69.1-snapshot.v20250618161931/op-billing-page_clerk.browser_52792f_5.69.1-snapshot.v20250618161931.min.js.sri
- clerk-js/5.69.1-snapshot.v20250618161931/op-billing-page_clerk.chips.browser_3fa7c0_5.69.1-snapshot.v20250618161931.js.br
- clerk-js/5.69.1-snapshot.v20250618161931/op-billing-page_clerk.chips.browser_3fa7c0_5.69.1-snapshot.v20250618161931.js.gz
- clerk-js/5.69.1-snapshot.v20250618161931/op-billing-page_clerk.chips.browser_3fa7c0_5.69.1-snapshot.v20250618161931.js.sri
- clerk-js/5.69.1-snapshot.v20250618161931/op-billing-page_clerk.chips.browser_3fa7c0_5.69.1-snapshot.v20250618161931.min.js.br
- clerk-js/5.69.1-snapshot.v20250618161931/op-billing-page_clerk.chips.browser_3fa7c0_5.69.1-snapshot.v20250618161931.min.js.gz
- clerk-js/5.69.1-snapshot.v20250618161931/op-billing-page_clerk.chips.browser_3fa7c0_5.69.1-snapshot.v20250618161931.min.js.sri
- clerk-js/5.69.1-snapshot.v20250618161931/op-billing-page_clerk.legacy.browser_3d4a21_5.69.1-snapshot.v20250618161931.js.br
- clerk-js/5.69.1-snapshot.v20250618161931/op-billing-page_clerk.legacy.browser_3d4a21_5.69.1-snapshot.v20250618161931.js.gz
- clerk-js/5.69.1-snapshot.v20250618161931/op-billing-page_clerk.legacy.browser_3d4a21_5.69.1-snapshot.v20250618161931.js.sri
- clerk-js/5.69.1-snapshot.v20250618161931/op-billing-page_clerk.legacy.browser_3d4a21_5.69.1-snapshot.v20250618161931.min.js.br
- clerk-js/5.69.1-snapshot.v20250618161931/op-billing-page_clerk.legacy.browser_3d4a21_5.69.1-snapshot.v20250618161931.min.js.gz
- clerk-js/5.69.1-snapshot.v20250618161931/op-billing-page_clerk.legacy.browser_3d4a21_5.69.1-snapshot.v20250618161931.min.js.sri
- clerk-js/5.69.1-snapshot.v20250618161931/organizationlist_clerk.browser_52792f_5.69.1-snapshot.v20250618161931.js.br
- clerk-js/5.69.1-snapshot.v20250618161931/organizationlist_clerk.browser_52792f_5.69.1-snapshot.v20250618161931.js.gz
- clerk-js/5.69.1-snapshot.v20250618161931/organizationlist_clerk.browser_52792f_5.69.1-snapshot.v20250618161931.js.sri
- clerk-js/5.69.1-snapshot.v20250618161931/organizationlist_clerk.browser_52792f_5.69.1-snapshot.v20250618161931.min.js.br
- clerk-js/5.69.1-snapshot.v20250618161931/organizationlist_clerk.browser_52792f_5.69.1-snapshot.v20250618161931.min.js.gz
- clerk-js/5.69.1-snapshot.v20250618161931/organizationlist_clerk.browser_52792f_5.69.1-snapshot.v20250618161931.min.js.sri
- clerk-js/5.69.1-snapshot.v20250618161931/organizationlist_clerk.chips.browser_3fa7c0_5.69.1-snapshot.v20250618161931.js.br
- clerk-js/5.69.1-snapshot.v20250618161931/organizationlist_clerk.chips.browser_3fa7c0_5.69.1-snapshot.v20250618161931.js.gz
- clerk-js/5.69.1-snapshot.v20250618161931/organizationlist_clerk.chips.browser_3fa7c0_5.69.1-snapshot.v20250618161931.js.sri
- clerk-js/5.69.1-snapshot.v20250618161931/organizationlist_clerk.chips.browser_3fa7c0_5.69.1-snapshot.v20250618161931.min.js.br
- clerk-js/5.69.1-snapshot.v20250618161931/organizationlist_clerk.chips.browser_3fa7c0_5.69.1-snapshot.v20250618161931.min.js.gz
- clerk-js/5.69.1-snapshot.v20250618161931/organizationlist_clerk.chips.browser_3fa7c0_5.69.1-snapshot.v20250618161931.min.js.sri
- clerk-js/5.69.1-snapshot.v20250618161931/organizationlist_clerk.legacy.browser_3d4a21_5.69.1-snapshot.v20250618161931.js.br
- clerk-js/5.69.1-snapshot.v20250618161931/organizationlist_clerk.legacy.browser_3d4a21_5.69.1-snapshot.v20250618161931.js.gz
- clerk-js/5.69.1-snapshot.v20250618161931/organizationlist_clerk.legacy.browser_3d4a21_5.69.1-snapshot.v20250618161931.js.sri
- clerk-js/5.69.1-snapshot.v20250618161931/organizationlist_clerk.legacy.browser_3d4a21_5.69.1-snapshot.v20250618161931.min.js.br
- clerk-js/5.69.1-snapshot.v20250618161931/organizationlist_clerk.legacy.browser_3d4a21_5.69.1-snapshot.v20250618161931.min.js.gz
- clerk-js/5.69.1-snapshot.v20250618161931/organizationlist_clerk.legacy.browser_3d4a21_5.69.1-snapshot.v20250618161931.min.js.sri
- clerk-js/5.69.1-snapshot.v20250618161931/organizationprofile_clerk.browser_52792f_5.69.1-snapshot.v20250618161931.js.br
- clerk-js/5.69.1-snapshot.v20250618161931/organizationprofile_clerk.browser_52792f_5.69.1-snapshot.v20250618161931.js.gz
- clerk-js/5.69.1-snapshot.v20250618161931/organizationprofile_clerk.browser_52792f_5.69.1-snapshot.v20250618161931.js.sri
- clerk-js/5.69.1-snapshot.v20250618161931/organizationprofile_clerk.browser_52792f_5.69.1-snapshot.v20250618161931.min.js.br
- clerk-js/5.69.1-snapshot.v20250618161931/organizationprofile_clerk.browser_52792f_5.69.1-snapshot.v20250618161931.min.js.gz
- clerk-js/5.69.1-snapshot.v20250618161931/organizationprofile_clerk.browser_52792f_5.69.1-snapshot.v20250618161931.min.js.sri
- clerk-js/5.69.1-snapshot.v20250618161931/organizationprofile_clerk.chips.browser_3fa7c0_5.69.1-snapshot.v20250618161931.js.br
- clerk-js/5.69.1-snapshot.v20250618161931/organizationprofile_clerk.chips.browser_3fa7c0_5.69.1-snapshot.v20250618161931.js.gz
- clerk-js/5.69.1-snapshot.v20250618161931/organizationprofile_clerk.chips.browser_3fa7c0_5.69.1-snapshot.v20250618161931.js.sri
- clerk-js/5.69.1-snapshot.v20250618161931/organizationprofile_clerk.chips.browser_3fa7c0_5.69.1-snapshot.v20250618161931.min.js.br
- clerk-js/5.69.1-snapshot.v20250618161931/organizationprofile_clerk.chips.browser_3fa7c0_5.69.1-snapshot.v20250618161931.min.js.gz
- clerk-js/5.69.1-snapshot.v20250618161931/organizationprofile_clerk.chips.browser_3fa7c0_5.69.1-snapshot.v20250618161931.min.js.sri
- clerk-js/5.69.1-snapshot.v20250618161931/organizationprofile_clerk.legacy.browser_3d4a21_5.69.1-snapshot.v20250618161931.js.br
- clerk-js/5.69.1-snapshot.v20250618161931/organizationprofile_clerk.legacy.browser_3d4a21_5.69.1-snapshot.v20250618161931.js.gz
- clerk-js/5.69.1-snapshot.v20250618161931/organizationprofile_clerk.legacy.browser_3d4a21_5.69.1-snapshot.v20250618161931.js.sri
- clerk-js/5.69.1-snapshot.v20250618161931/organizationprofile_clerk.legacy.browser_3d4a21_5.69.1-snapshot.v20250618161931.min.js.br
- clerk-js/5.69.1-snapshot.v20250618161931/organizationprofile_clerk.legacy.browser_3d4a21_5.69.1-snapshot.v20250618161931.min.js.gz
- clerk-js/5.69.1-snapshot.v20250618161931/organizationprofile_clerk.legacy.browser_3d4a21_5.69.1-snapshot.v20250618161931.min.js.sri
- clerk-js/5.69.1-snapshot.v20250618161931/organizationswitcher_clerk.browser_52792f_5.69.1-snapshot.v20250618161931.js.br
- clerk-js/5.69.1-snapshot.v20250618161931/organizationswitcher_clerk.browser_52792f_5.69.1-snapshot.v20250618161931.js.gz
- clerk-js/5.69.1-snapshot.v20250618161931/organizationswitcher_clerk.browser_52792f_5.69.1-snapshot.v20250618161931.js.sri
- clerk-js/5.69.1-snapshot.v20250618161931/organizationswitcher_clerk.browser_52792f_5.69.1-snapshot.v20250618161931.min.js.br
- clerk-js/5.69.1-snapshot.v20250618161931/organizationswitcher_clerk.browser_52792f_5.69.1-snapshot.v20250618161931.min.js.gz
- clerk-js/5.69.1-snapshot.v20250618161931/organizationswitcher_clerk.browser_52792f_5.69.1-snapshot.v20250618161931.min.js.sri
- clerk-js/5.69.1-snapshot.v20250618161931/organizationswitcher_clerk.chips.browser_3fa7c0_5.69.1-snapshot.v20250618161931.js.br
- clerk-js/5.69.1-snapshot.v20250618161931/organizationswitcher_clerk.chips.browser_3fa7c0_5.69.1-snapshot.v20250618161931.js.gz
- clerk-js/5.69.1-snapshot.v20250618161931/organizationswitcher_clerk.chips.browser_3fa7c0_5.69.1-snapshot.v20250618161931.js.sri
- clerk-js/5.69.1-snapshot.v20250618161931/organizationswitcher_clerk.chips.browser_3fa7c0_5.69.1-snapshot.v20250618161931.min.js.br
- clerk-js/5.69.1-snapshot.v20250618161931/organizationswitcher_clerk.chips.browser_3fa7c0_5.69.1-snapshot.v20250618161931.min.js.gz
- clerk-js/5.69.1-snapshot.v20250618161931/organizationswitcher_clerk.chips.browser_3fa7c0_5.69.1-snapshot.v20250618161931.min.js.sri
- clerk-js/5.69.1-snapshot.v20250618161931/organizationswitcher_clerk.legacy.browser_3d4a21_5.69.1-snapshot.v20250618161931.js.br
- clerk-js/5.69.1-snapshot.v20250618161931/organizationswitcher_clerk.legacy.browser_3d4a21_5.69.1-snapshot.v20250618161931.js.gz
- clerk-js/5.69.1-snapshot.v20250618161931/organizationswitcher_clerk.legacy.browser_3d4a21_5.69.1-snapshot.v20250618161931.js.sri
- clerk-js/5.69.1-snapshot.v20250618161931/organizationswitcher_clerk.legacy.browser_3d4a21_5.69.1-snapshot.v20250618161931.min.js.br
- clerk-js/5.69.1-snapshot.v20250618161931/organizationswitcher_clerk.legacy.browser_3d4a21_5.69.1-snapshot.v20250618161931.min.js.gz
- clerk-js/5.69.1-snapshot.v20250618161931/organizationswitcher_clerk.legacy.browser_3d4a21_5.69.1-snapshot.v20250618161931.min.js.sri
- clerk-js/5.69.1-snapshot.v20250618161931/paymentSources_clerk.browser_52792f_5.69.1-snapshot.v20250618161931.js.br
- clerk-js/5.69.1-snapshot.v20250618161931/paymentSources_clerk.browser_52792f_5.69.1-snapshot.v20250618161931.js.gz
- clerk-js/5.69.1-snapshot.v20250618161931/paymentSources_clerk.browser_52792f_5.69.1-snapshot.v20250618161931.js.sri
- clerk-js/5.69.1-snapshot.v20250618161931/paymentSources_clerk.browser_52792f_5.69.1-snapshot.v20250618161931.min.js.br
- clerk-js/5.69.1-snapshot.v20250618161931/paymentSources_clerk.browser_52792f_5.69.1-snapshot.v20250618161931.min.js.gz
- clerk-js/5.69.1-snapshot.v20250618161931/paymentSources_clerk.browser_52792f_5.69.1-snapshot.v20250618161931.min.js.sri
- clerk-js/5.69.1-snapshot.v20250618161931/paymentSources_clerk.chips.browser_3fa7c0_5.69.1-snapshot.v20250618161931.js.br
- clerk-js/5.69.1-snapshot.v20250618161931/paymentSources_clerk.chips.browser_3fa7c0_5.69.1-snapshot.v20250618161931.js.gz
- clerk-js/5.69.1-snapshot.v20250618161931/paymentSources_clerk.chips.browser_3fa7c0_5.69.1-snapshot.v20250618161931.js.sri
- clerk-js/5.69.1-snapshot.v20250618161931/paymentSources_clerk.chips.browser_3fa7c0_5.69.1-snapshot.v20250618161931.min.js.br
- clerk-js/5.69.1-snapshot.v20250618161931/paymentSources_clerk.chips.browser_3fa7c0_5.69.1-snapshot.v20250618161931.min.js.gz
- clerk-js/5.69.1-snapshot.v20250618161931/paymentSources_clerk.chips.browser_3fa7c0_5.69.1-snapshot.v20250618161931.min.js.sri
- clerk-js/5.69.1-snapshot.v20250618161931/paymentSources_clerk.legacy.browser_3d4a21_5.69.1-snapshot.v20250618161931.js.br
- clerk-js/5.69.1-snapshot.v20250618161931/paymentSources_clerk.legacy.browser_3d4a21_5.69.1-snapshot.v20250618161931.js.gz
- clerk-js/5.69.1-snapshot.v20250618161931/paymentSources_clerk.legacy.browser_3d4a21_5.69.1-snapshot.v20250618161931.js.sri
- clerk-js/5.69.1-snapshot.v20250618161931/paymentSources_clerk.legacy.browser_3d4a21_5.69.1-snapshot.v20250618161931.min.js.br
- clerk-js/5.69.1-snapshot.v20250618161931/paymentSources_clerk.legacy.browser_3d4a21_5.69.1-snapshot.v20250618161931.min.js.gz
- clerk-js/5.69.1-snapshot.v20250618161931/paymentSources_clerk.legacy.browser_3d4a21_5.69.1-snapshot.v20250618161931.min.js.sri
- clerk-js/5.69.1-snapshot.v20250618161931/planDetails_clerk.browser_52792f_5.69.1-snapshot.v20250618161931.js.br
- clerk-js/5.69.1-snapshot.v20250618161931/planDetails_clerk.browser_52792f_5.69.1-snapshot.v20250618161931.js.gz
- clerk-js/5.69.1-snapshot.v20250618161931/planDetails_clerk.browser_52792f_5.69.1-snapshot.v20250618161931.js.sri
- clerk-js/5.69.1-snapshot.v20250618161931/planDetails_clerk.browser_52792f_5.69.1-snapshot.v20250618161931.min.js.br
- clerk-js/5.69.1-snapshot.v20250618161931/planDetails_clerk.browser_52792f_5.69.1-snapshot.v20250618161931.min.js.gz
- clerk-js/5.69.1-snapshot.v20250618161931/planDetails_clerk.browser_52792f_5.69.1-snapshot.v20250618161931.min.js.sri
- clerk-js/5.69.1-snapshot.v20250618161931/planDetails_clerk.chips.browser_3fa7c0_5.69.1-snapshot.v20250618161931.js.br
- clerk-js/5.69.1-snapshot.v20250618161931/planDetails_clerk.chips.browser_3fa7c0_5.69.1-snapshot.v20250618161931.js.gz
- clerk-js/5.69.1-snapshot.v20250618161931/planDetails_clerk.chips.browser_3fa7c0_5.69.1-snapshot.v20250618161931.js.sri
- clerk-js/5.69.1-snapshot.v20250618161931/planDetails_clerk.chips.browser_3fa7c0_5.69.1-snapshot.v20250618161931.min.js.br
- clerk-js/5.69.1-snapshot.v20250618161931/planDetails_clerk.chips.browser_3fa7c0_5.69.1-snapshot.v20250618161931.min.js.gz
- clerk-js/5.69.1-snapshot.v20250618161931/planDetails_clerk.chips.browser_3fa7c0_5.69.1-snapshot.v20250618161931.min.js.sri
- clerk-js/5.69.1-snapshot.v20250618161931/planDetails_clerk.legacy.browser_3d4a21_5.69.1-snapshot.v20250618161931.js.br
- clerk-js/5.69.1-snapshot.v20250618161931/planDetails_clerk.legacy.browser_3d4a21_5.69.1-snapshot.v20250618161931.js.gz
- clerk-js/5.69.1-snapshot.v20250618161931/planDetails_clerk.legacy.browser_3d4a21_5.69.1-snapshot.v20250618161931.js.sri
- clerk-js/5.69.1-snapshot.v20250618161931/planDetails_clerk.legacy.browser_3d4a21_5.69.1-snapshot.v20250618161931.min.js.br
- clerk-js/5.69.1-snapshot.v20250618161931/planDetails_clerk.legacy.browser_3d4a21_5.69.1-snapshot.v20250618161931.min.js.gz
- clerk-js/5.69.1-snapshot.v20250618161931/planDetails_clerk.legacy.browser_3d4a21_5.69.1-snapshot.v20250618161931.min.js.sri
- clerk-js/5.69.1-snapshot.v20250618161931/prefetchorganizationlist_clerk.browser_52792f_5.69.1-snapshot.v20250618161931.js.br
- clerk-js/5.69.1-snapshot.v20250618161931/prefetchorganizationlist_clerk.browser_52792f_5.69.1-snapshot.v20250618161931.js.gz
- clerk-js/5.69.1-snapshot.v20250618161931/prefetchorganizationlist_clerk.browser_52792f_5.69.1-snapshot.v20250618161931.js.sri
- clerk-js/5.69.1-snapshot.v20250618161931/prefetchorganizationlist_clerk.browser_52792f_5.69.1-snapshot.v20250618161931.min.js.br
- clerk-js/5.69.1-snapshot.v20250618161931/prefetchorganizationlist_clerk.browser_52792f_5.69.1-snapshot.v20250618161931.min.js.gz
- clerk-js/5.69.1-snapshot.v20250618161931/prefetchorganizationlist_clerk.browser_52792f_5.69.1-snapshot.v20250618161931.min.js.sri
- clerk-js/5.69.1-snapshot.v20250618161931/prefetchorganizationlist_clerk.chips.browser_3fa7c0_5.69.1-snapshot.v20250618161931.js.br
- clerk-js/5.69.1-snapshot.v20250618161931/prefetchorganizationlist_clerk.chips.browser_3fa7c0_5.69.1-snapshot.v20250618161931.js.gz
- clerk-js/5.69.1-snapshot.v20250618161931/prefetchorganizationlist_clerk.chips.browser_3fa7c0_5.69.1-snapshot.v20250618161931.js.sri
- clerk-js/5.69.1-snapshot.v20250618161931/prefetchorganizationlist_clerk.chips.browser_3fa7c0_5.69.1-snapshot.v20250618161931.min.js.br
- clerk-js/5.69.1-snapshot.v20250618161931/prefetchorganizationlist_clerk.chips.browser_3fa7c0_5.69.1-snapshot.v20250618161931.min.js.gz
- clerk-js/5.69.1-snapshot.v20250618161931/prefetchorganizationlist_clerk.chips.browser_3fa7c0_5.69.1-snapshot.v20250618161931.min.js.sri
- clerk-js/5.69.1-snapshot.v20250618161931/prefetchorganizationlist_clerk.legacy.browser_3d4a21_5.69.1-snapshot.v20250618161931.js.br
- clerk-js/5.69.1-snapshot.v20250618161931/prefetchorganizationlist_clerk.legacy.browser_3d4a21_5.69.1-snapshot.v20250618161931.js.gz
- clerk-js/5.69.1-snapshot.v20250618161931/prefetchorganizationlist_clerk.legacy.browser_3d4a21_5.69.1-snapshot.v20250618161931.js.sri
- clerk-js/5.69.1-snapshot.v20250618161931/prefetchorganizationlist_clerk.legacy.browser_3d4a21_5.69.1-snapshot.v20250618161931.min.js.br
- clerk-js/5.69.1-snapshot.v20250618161931/prefetchorganizationlist_clerk.legacy.browser_3d4a21_5.69.1-snapshot.v20250618161931.min.js.gz
- clerk-js/5.69.1-snapshot.v20250618161931/prefetchorganizationlist_clerk.legacy.browser_3d4a21_5.69.1-snapshot.v20250618161931.min.js.sri
- clerk-js/5.69.1-snapshot.v20250618161931/pricingTable_clerk.browser_52792f_5.69.1-snapshot.v20250618161931.js.br
- clerk-js/5.69.1-snapshot.v20250618161931/pricingTable_clerk.browser_52792f_5.69.1-snapshot.v20250618161931.js.gz
- clerk-js/5.69.1-snapshot.v20250618161931/pricingTable_clerk.browser_52792f_5.69.1-snapshot.v20250618161931.js.sri
- clerk-js/5.69.1-snapshot.v20250618161931/pricingTable_clerk.browser_52792f_5.69.1-snapshot.v20250618161931.min.js.br
- clerk-js/5.69.1-snapshot.v20250618161931/pricingTable_clerk.browser_52792f_5.69.1-snapshot.v20250618161931.min.js.gz
- clerk-js/5.69.1-snapshot.v20250618161931/pricingTable_clerk.browser_52792f_5.69.1-snapshot.v20250618161931.min.js.sri
- clerk-js/5.69.1-snapshot.v20250618161931/pricingTable_clerk.chips.browser_3fa7c0_5.69.1-snapshot.v20250618161931.js.br
- clerk-js/5.69.1-snapshot.v20250618161931/pricingTable_clerk.chips.browser_3fa7c0_5.69.1-snapshot.v20250618161931.js.gz
- clerk-js/5.69.1-snapshot.v20250618161931/pricingTable_clerk.chips.browser_3fa7c0_5.69.1-snapshot.v20250618161931.js.sri
- clerk-js/5.69.1-snapshot.v20250618161931/pricingTable_clerk.chips.browser_3fa7c0_5.69.1-snapshot.v20250618161931.min.js.br
- clerk-js/5.69.1-snapshot.v20250618161931/pricingTable_clerk.chips.browser_3fa7c0_5.69.1-snapshot.v20250618161931.min.js.gz
- clerk-js/5.69.1-snapshot.v20250618161931/pricingTable_clerk.chips.browser_3fa7c0_5.69.1-snapshot.v20250618161931.min.js.sri
- clerk-js/5.69.1-snapshot.v20250618161931/pricingTable_clerk.legacy.browser_3d4a21_5.69.1-snapshot.v20250618161931.js.br
- clerk-js/5.69.1-snapshot.v20250618161931/pricingTable_clerk.legacy.browser_3d4a21_5.69.1-snapshot.v20250618161931.js.gz
- clerk-js/5.69.1-snapshot.v20250618161931/pricingTable_clerk.legacy.browser_3d4a21_5.69.1-snapshot.v20250618161931.js.sri
- clerk-js/5.69.1-snapshot.v20250618161931/pricingTable_clerk.legacy.browser_3d4a21_5.69.1-snapshot.v20250618161931.min.js.br
- clerk-js/5.69.1-snapshot.v20250618161931/pricingTable_clerk.legacy.browser_3d4a21_5.69.1-snapshot.v20250618161931.min.js.gz
- clerk-js/5.69.1-snapshot.v20250618161931/pricingTable_clerk.legacy.browser_3d4a21_5.69.1-snapshot.v20250618161931.min.js.sri
- clerk-js/5.69.1-snapshot.v20250618161931/revoke-api-key-modal_clerk.browser_52792f_5.69.1-snapshot.v20250618161931.js.br
- clerk-js/5.69.1-snapshot.v20250618161931/revoke-api-key-modal_clerk.browser_52792f_5.69.1-snapshot.v20250618161931.js.gz
- clerk-js/5.69.1-snapshot.v20250618161931/revoke-api-key-modal_clerk.browser_52792f_5.69.1-snapshot.v20250618161931.js.sri
- clerk-js/5.69.1-snapshot.v20250618161931/revoke-api-key-modal_clerk.browser_52792f_5.69.1-snapshot.v20250618161931.min.js.br
- clerk-js/5.69.1-snapshot.v20250618161931/revoke-api-key-modal_clerk.browser_52792f_5.69.1-snapshot.v20250618161931.min.js.gz
- clerk-js/5.69.1-snapshot.v20250618161931/revoke-api-key-modal_clerk.browser_52792f_5.69.1-snapshot.v20250618161931.min.js.sri
- clerk-js/5.69.1-snapshot.v20250618161931/revoke-api-key-modal_clerk.chips.browser_3fa7c0_5.69.1-snapshot.v20250618161931.js.br
- clerk-js/5.69.1-snapshot.v20250618161931/revoke-api-key-modal_clerk.chips.browser_3fa7c0_5.69.1-snapshot.v20250618161931.js.gz
- clerk-js/5.69.1-snapshot.v20250618161931/revoke-api-key-modal_clerk.chips.browser_3fa7c0_5.69.1-snapshot.v20250618161931.js.sri
- clerk-js/5.69.1-snapshot.v20250618161931/revoke-api-key-modal_clerk.chips.browser_3fa7c0_5.69.1-snapshot.v20250618161931.min.js.br
- clerk-js/5.69.1-snapshot.v20250618161931/revoke-api-key-modal_clerk.chips.browser_3fa7c0_5.69.1-snapshot.v20250618161931.min.js.gz
- clerk-js/5.69.1-snapshot.v20250618161931/revoke-api-key-modal_clerk.chips.browser_3fa7c0_5.69.1-snapshot.v20250618161931.min.js.sri
- clerk-js/5.69.1-snapshot.v20250618161931/revoke-api-key-modal_clerk.legacy.browser_3d4a21_5.69.1-snapshot.v20250618161931.js.br
- clerk-js/5.69.1-snapshot.v20250618161931/revoke-api-key-modal_clerk.legacy.browser_3d4a21_5.69.1-snapshot.v20250618161931.js.gz
- clerk-js/5.69.1-snapshot.v20250618161931/revoke-api-key-modal_clerk.legacy.browser_3d4a21_5.69.1-snapshot.v20250618161931.js.sri
- clerk-js/5.69.1-snapshot.v20250618161931/revoke-api-key-modal_clerk.legacy.browser_3d4a21_5.69.1-snapshot.v20250618161931.min.js.br
- clerk-js/5.69.1-snapshot.v20250618161931/revoke-api-key-modal_clerk.legacy.browser_3d4a21_5.69.1-snapshot.v20250618161931.min.js.gz
- clerk-js/5.69.1-snapshot.v20250618161931/revoke-api-key-modal_clerk.legacy.browser_3d4a21_5.69.1-snapshot.v20250618161931.min.js.sri
- clerk-js/5.69.1-snapshot.v20250618161931/sessionTasks_clerk.browser_52792f_5.69.1-snapshot.v20250618161931.js.br
- clerk-js/5.69.1-snapshot.v20250618161931/sessionTasks_clerk.browser_52792f_5.69.1-snapshot.v20250618161931.js.gz
- clerk-js/5.69.1-snapshot.v20250618161931/sessionTasks_clerk.browser_52792f_5.69.1-snapshot.v20250618161931.js.sri
- clerk-js/5.69.1-snapshot.v20250618161931/sessionTasks_clerk.browser_52792f_5.69.1-snapshot.v20250618161931.min.js.br
- clerk-js/5.69.1-snapshot.v20250618161931/sessionTasks_clerk.browser_52792f_5.69.1-snapshot.v20250618161931.min.js.gz
- clerk-js/5.69.1-snapshot.v20250618161931/sessionTasks_clerk.browser_52792f_5.69.1-snapshot.v20250618161931.min.js.sri
- clerk-js/5.69.1-snapshot.v20250618161931/sessionTasks_clerk.chips.browser_3fa7c0_5.69.1-snapshot.v20250618161931.js.br
- clerk-js/5.69.1-snapshot.v20250618161931/sessionTasks_clerk.chips.browser_3fa7c0_5.69.1-snapshot.v20250618161931.js.gz
- clerk-js/5.69.1-snapshot.v20250618161931/sessionTasks_clerk.chips.browser_3fa7c0_5.69.1-snapshot.v20250618161931.js.sri
- clerk-js/5.69.1-snapshot.v20250618161931/sessionTasks_clerk.chips.browser_3fa7c0_5.69.1-snapshot.v20250618161931.min.js.br
- clerk-js/5.69.1-snapshot.v20250618161931/sessionTasks_clerk.chips.browser_3fa7c0_5.69.1-snapshot.v20250618161931.min.js.gz
- clerk-js/5.69.1-snapshot.v20250618161931/sessionTasks_clerk.chips.browser_3fa7c0_5.69.1-snapshot.v20250618161931.min.js.sri
- clerk-js/5.69.1-snapshot.v20250618161931/sessionTasks_clerk.legacy.browser_3d4a21_5.69.1-snapshot.v20250618161931.js.br
- clerk-js/5.69.1-snapshot.v20250618161931/sessionTasks_clerk.legacy.browser_3d4a21_5.69.1-snapshot.v20250618161931.js.gz
- clerk-js/5.69.1-snapshot.v20250618161931/sessionTasks_clerk.legacy.browser_3d4a21_5.69.1-snapshot.v20250618161931.js.sri
- clerk-js/5.69.1-snapshot.v20250618161931/sessionTasks_clerk.legacy.browser_3d4a21_5.69.1-snapshot.v20250618161931.min.js.br
- clerk-js/5.69.1-snapshot.v20250618161931/sessionTasks_clerk.legacy.browser_3d4a21_5.69.1-snapshot.v20250618161931.min.js.gz
- clerk-js/5.69.1-snapshot.v20250618161931/sessionTasks_clerk.legacy.browser_3d4a21_5.69.1-snapshot.v20250618161931.min.js.sri
- clerk-js/5.69.1-snapshot.v20250618161931/signin_clerk.browser_52792f_5.69.1-snapshot.v20250618161931.js.br
- clerk-js/5.69.1-snapshot.v20250618161931/signin_clerk.browser_52792f_5.69.1-snapshot.v20250618161931.js.gz
- clerk-js/5.69.1-snapshot.v20250618161931/signin_clerk.browser_52792f_5.69.1-snapshot.v20250618161931.js.sri
- clerk-js/5.69.1-snapshot.v20250618161931/signin_clerk.browser_52792f_5.69.1-snapshot.v20250618161931.min.js.br
- clerk-js/5.69.1-snapshot.v20250618161931/signin_clerk.browser_52792f_5.69.1-snapshot.v20250618161931.min.js.gz
- clerk-js/5.69.1-snapshot.v20250618161931/signin_clerk.browser_52792f_5.69.1-snapshot.v20250618161931.min.js.sri
- clerk-js/5.69.1-snapshot.v20250618161931/signin_clerk.chips.browser_3fa7c0_5.69.1-snapshot.v20250618161931.js.br
- clerk-js/5.69.1-snapshot.v20250618161931/signin_clerk.chips.browser_3fa7c0_5.69.1-snapshot.v20250618161931.js.gz
- clerk-js/5.69.1-snapshot.v20250618161931/signin_clerk.chips.browser_3fa7c0_5.69.1-snapshot.v20250618161931.js.sri
- clerk-js/5.69.1-snapshot.v20250618161931/signin_clerk.chips.browser_3fa7c0_5.69.1-snapshot.v20250618161931.min.js.br
- clerk-js/5.69.1-snapshot.v20250618161931/signin_clerk.chips.browser_3fa7c0_5.69.1-snapshot.v20250618161931.min.js.gz
- clerk-js/5.69.1-snapshot.v20250618161931/signin_clerk.chips.browser_3fa7c0_5.69.1-snapshot.v20250618161931.min.js.sri
- clerk-js/5.69.1-snapshot.v20250618161931/signin_clerk.legacy.browser_3d4a21_5.69.1-snapshot.v20250618161931.js.br
- clerk-js/5.69.1-snapshot.v20250618161931/signin_clerk.legacy.browser_3d4a21_5.69.1-snapshot.v20250618161931.js.gz
- clerk-js/5.69.1-snapshot.v20250618161931/signin_clerk.legacy.browser_3d4a21_5.69.1-snapshot.v20250618161931.js.sri
- clerk-js/5.69.1-snapshot.v20250618161931/signin_clerk.legacy.browser_3d4a21_5.69.1-snapshot.v20250618161931.min.js.br
- clerk-js/5.69.1-snapshot.v20250618161931/signin_clerk.legacy.browser_3d4a21_5.69.1-snapshot.v20250618161931.min.js.gz
- clerk-js/5.69.1-snapshot.v20250618161931/signin_clerk.legacy.browser_3d4a21_5.69.1-snapshot.v20250618161931.min.js.sri
- clerk-js/5.69.1-snapshot.v20250618161931/signup_clerk.browser_52792f_5.69.1-snapshot.v20250618161931.js.br
- clerk-js/5.69.1-snapshot.v20250618161931/signup_clerk.browser_52792f_5.69.1-snapshot.v20250618161931.js.gz
- clerk-js/5.69.1-snapshot.v20250618161931/signup_clerk.browser_52792f_5.69.1-snapshot.v20250618161931.js.sri
- clerk-js/5.69.1-snapshot.v20250618161931/signup_clerk.browser_52792f_5.69.1-snapshot.v20250618161931.min.js.br
- clerk-js/5.69.1-snapshot.v20250618161931/signup_clerk.browser_52792f_5.69.1-snapshot.v20250618161931.min.js.gz
- clerk-js/5.69.1-snapshot.v20250618161931/signup_clerk.browser_52792f_5.69.1-snapshot.v20250618161931.min.js.sri
- clerk-js/5.69.1-snapshot.v20250618161931/signup_clerk.chips.browser_3fa7c0_5.69.1-snapshot.v20250618161931.js.br
- clerk-js/5.69.1-snapshot.v20250618161931/signup_clerk.chips.browser_3fa7c0_5.69.1-snapshot.v20250618161931.js.gz
- clerk-js/5.69.1-snapshot.v20250618161931/signup_clerk.chips.browser_3fa7c0_5.69.1-snapshot.v20250618161931.js.sri
- clerk-js/5.69.1-snapshot.v20250618161931/signup_clerk.chips.browser_3fa7c0_5.69.1-snapshot.v20250618161931.min.js.br
- clerk-js/5.69.1-snapshot.v20250618161931/signup_clerk.chips.browser_3fa7c0_5.69.1-snapshot.v20250618161931.min.js.gz
- clerk-js/5.69.1-snapshot.v20250618161931/signup_clerk.chips.browser_3fa7c0_5.69.1-snapshot.v20250618161931.min.js.sri
- clerk-js/5.69.1-snapshot.v20250618161931/signup_clerk.legacy.browser_3d4a21_5.69.1-snapshot.v20250618161931.js.br
- clerk-js/5.69.1-snapshot.v20250618161931/signup_clerk.legacy.browser_3d4a21_5.69.1-snapshot.v20250618161931.js.gz
- clerk-js/5.69.1-snapshot.v20250618161931/signup_clerk.legacy.browser_3d4a21_5.69.1-snapshot.v20250618161931.js.sri
- clerk-js/5.69.1-snapshot.v20250618161931/signup_clerk.legacy.browser_3d4a21_5.69.1-snapshot.v20250618161931.min.js.br
- clerk-js/5.69.1-snapshot.v20250618161931/signup_clerk.legacy.browser_3d4a21_5.69.1-snapshot.v20250618161931.min.js.gz
- clerk-js/5.69.1-snapshot.v20250618161931/signup_clerk.legacy.browser_3d4a21_5.69.1-snapshot.v20250618161931.min.js.sri
- clerk-js/5.69.1-snapshot.v20250618161931/ui-common_clerk.browser_52792f_5.69.1-snapshot.v20250618161931.js.br
- clerk-js/5.69.1-snapshot.v20250618161931/ui-common_clerk.browser_52792f_5.69.1-snapshot.v20250618161931.js.gz
- clerk-js/5.69.1-snapshot.v20250618161931/ui-common_clerk.browser_52792f_5.69.1-snapshot.v20250618161931.js.sri
- clerk-js/5.69.1-snapshot.v20250618161931/ui-common_clerk.browser_52792f_5.69.1-snapshot.v20250618161931.min.js.br
- clerk-js/5.69.1-snapshot.v20250618161931/ui-common_clerk.browser_52792f_5.69.1-snapshot.v20250618161931.min.js.gz
- clerk-js/5.69.1-snapshot.v20250618161931/ui-common_clerk.browser_52792f_5.69.1-snapshot.v20250618161931.min.js.sri
- clerk-js/5.69.1-snapshot.v20250618161931/ui-common_clerk.chips.browser_3fa7c0_5.69.1-snapshot.v20250618161931.js.br
- clerk-js/5.69.1-snapshot.v20250618161931/ui-common_clerk.chips.browser_3fa7c0_5.69.1-snapshot.v20250618161931.js.gz
- clerk-js/5.69.1-snapshot.v20250618161931/ui-common_clerk.chips.browser_3fa7c0_5.69.1-snapshot.v20250618161931.js.sri
- clerk-js/5.69.1-snapshot.v20250618161931/ui-common_clerk.chips.browser_3fa7c0_5.69.1-snapshot.v20250618161931.min.js.br
- clerk-js/5.69.1-snapshot.v20250618161931/ui-common_clerk.chips.browser_3fa7c0_5.69.1-snapshot.v20250618161931.min.js.gz
- clerk-js/5.69.1-snapshot.v20250618161931/ui-common_clerk.chips.browser_3fa7c0_5.69.1-snapshot.v20250618161931.min.js.sri
- clerk-js/5.69.1-snapshot.v20250618161931/ui-common_clerk.legacy.browser_3d4a21_5.69.1-snapshot.v20250618161931.js.br
- clerk-js/5.69.1-snapshot.v20250618161931/ui-common_clerk.legacy.browser_3d4a21_5.69.1-snapshot.v20250618161931.js.gz
- clerk-js/5.69.1-snapshot.v20250618161931/ui-common_clerk.legacy.browser_3d4a21_5.69.1-snapshot.v20250618161931.js.sri
- clerk-js/5.69.1-snapshot.v20250618161931/ui-common_clerk.legacy.browser_3d4a21_5.69.1-snapshot.v20250618161931.min.js.br
- clerk-js/5.69.1-snapshot.v20250618161931/ui-common_clerk.legacy.browser_3d4a21_5.69.1-snapshot.v20250618161931.min.js.gz
- clerk-js/5.69.1-snapshot.v20250618161931/ui-common_clerk.legacy.browser_3d4a21_5.69.1-snapshot.v20250618161931.min.js.sri
- clerk-js/5.69.1-snapshot.v20250618161931/up-api-keys-page_clerk.browser_52792f_5.69.1-snapshot.v20250618161931.js.br
- clerk-js/5.69.1-snapshot.v20250618161931/up-api-keys-page_clerk.browser_52792f_5.69.1-snapshot.v20250618161931.js.gz
- clerk-js/5.69.1-snapshot.v20250618161931/up-api-keys-page_clerk.browser_52792f_5.69.1-snapshot.v20250618161931.js.sri
- clerk-js/5.69.1-snapshot.v20250618161931/up-api-keys-page_clerk.browser_52792f_5.69.1-snapshot.v20250618161931.min.js.br
- clerk-js/5.69.1-snapshot.v20250618161931/up-api-keys-page_clerk.browser_52792f_5.69.1-snapshot.v20250618161931.min.js.gz
- clerk-js/5.69.1-snapshot.v20250618161931/up-api-keys-page_clerk.browser_52792f_5.69.1-snapshot.v20250618161931.min.js.sri
- clerk-js/5.69.1-snapshot.v20250618161931/up-api-keys-page_clerk.chips.browser_3fa7c0_5.69.1-snapshot.v20250618161931.js.br
- clerk-js/5.69.1-snapshot.v20250618161931/up-api-keys-page_clerk.chips.browser_3fa7c0_5.69.1-snapshot.v20250618161931.js.gz
- clerk-js/5.69.1-snapshot.v20250618161931/up-api-keys-page_clerk.chips.browser_3fa7c0_5.69.1-snapshot.v20250618161931.js.sri
- clerk-js/5.69.1-snapshot.v20250618161931/up-api-keys-page_clerk.chips.browser_3fa7c0_5.69.1-snapshot.v20250618161931.min.js.br
- clerk-js/5.69.1-snapshot.v20250618161931/up-api-keys-page_clerk.chips.browser_3fa7c0_5.69.1-snapshot.v20250618161931.min.js.gz
- clerk-js/5.69.1-snapshot.v20250618161931/up-api-keys-page_clerk.chips.browser_3fa7c0_5.69.1-snapshot.v20250618161931.min.js.sri
- clerk-js/5.69.1-snapshot.v20250618161931/up-api-keys-page_clerk.legacy.browser_3d4a21_5.69.1-snapshot.v20250618161931.js.br
- clerk-js/5.69.1-snapshot.v20250618161931/up-api-keys-page_clerk.legacy.browser_3d4a21_5.69.1-snapshot.v20250618161931.js.gz
- clerk-js/5.69.1-snapshot.v20250618161931/up-api-keys-page_clerk.legacy.browser_3d4a21_5.69.1-snapshot.v20250618161931.js.sri
- clerk-js/5.69.1-snapshot.v20250618161931/up-api-keys-page_clerk.legacy.browser_3d4a21_5.69.1-snapshot.v20250618161931.min.js.br
- clerk-js/5.69.1-snapshot.v20250618161931/up-api-keys-page_clerk.legacy.browser_3d4a21_5.69.1-snapshot.v20250618161931.min.js.gz
- clerk-js/5.69.1-snapshot.v20250618161931/up-api-keys-page_clerk.legacy.browser_3d4a21_5.69.1-snapshot.v20250618161931.min.js.sri
- clerk-js/5.69.1-snapshot.v20250618161931/up-billing-page_clerk.browser_52792f_5.69.1-snapshot.v20250618161931.js.br
- clerk-js/5.69.1-snapshot.v20250618161931/up-billing-page_clerk.browser_52792f_5.69.1-snapshot.v20250618161931.js.gz
- clerk-js/5.69.1-snapshot.v20250618161931/up-billing-page_clerk.browser_52792f_5.69.1-snapshot.v20250618161931.js.sri
- clerk-js/5.69.1-snapshot.v20250618161931/up-billing-page_clerk.browser_52792f_5.69.1-snapshot.v20250618161931.min.js.br
- clerk-js/5.69.1-snapshot.v20250618161931/up-billing-page_clerk.browser_52792f_5.69.1-snapshot.v20250618161931.min.js.gz
- clerk-js/5.69.1-snapshot.v20250618161931/up-billing-page_clerk.browser_52792f_5.69.1-snapshot.v20250618161931.min.js.sri
- clerk-js/5.69.1-snapshot.v20250618161931/up-billing-page_clerk.chips.browser_3fa7c0_5.69.1-snapshot.v20250618161931.js.br
- clerk-js/5.69.1-snapshot.v20250618161931/up-billing-page_clerk.chips.browser_3fa7c0_5.69.1-snapshot.v20250618161931.js.gz
- clerk-js/5.69.1-snapshot.v20250618161931/up-billing-page_clerk.chips.browser_3fa7c0_5.69.1-snapshot.v20250618161931.js.sri
- clerk-js/5.69.1-snapshot.v20250618161931/up-billing-page_clerk.chips.browser_3fa7c0_5.69.1-snapshot.v20250618161931.min.js.br
- clerk-js/5.69.1-snapshot.v20250618161931/up-billing-page_clerk.chips.browser_3fa7c0_5.69.1-snapshot.v20250618161931.min.js.gz
- clerk-js/5.69.1-snapshot.v20250618161931/up-billing-page_clerk.chips.browser_3fa7c0_5.69.1-snapshot.v20250618161931.min.js.sri
- clerk-js/5.69.1-snapshot.v20250618161931/up-billing-page_clerk.legacy.browser_3d4a21_5.69.1-snapshot.v20250618161931.js.br
- clerk-js/5.69.1-snapshot.v20250618161931/up-billing-page_clerk.legacy.browser_3d4a21_5.69.1-snapshot.v20250618161931.js.gz
- clerk-js/5.69.1-snapshot.v20250618161931/up-billing-page_clerk.legacy.browser_3d4a21_5.69.1-snapshot.v20250618161931.js.sri
- clerk-js/5.69.1-snapshot.v20250618161931/up-billing-page_clerk.legacy.browser_3d4a21_5.69.1-snapshot.v20250618161931.min.js.br
- clerk-js/5.69.1-snapshot.v20250618161931/up-billing-page_clerk.legacy.browser_3d4a21_5.69.1-snapshot.v20250618161931.min.js.gz
- clerk-js/5.69.1-snapshot.v20250618161931/up-billing-page_clerk.legacy.browser_3d4a21_5.69.1-snapshot.v20250618161931.min.js.sri
- clerk-js/5.69.1-snapshot.v20250618161931/userbutton_clerk.browser_52792f_5.69.1-snapshot.v20250618161931.js.br
- clerk-js/5.69.1-snapshot.v20250618161931/userbutton_clerk.browser_52792f_5.69.1-snapshot.v20250618161931.js.gz
- clerk-js/5.69.1-snapshot.v20250618161931/userbutton_clerk.browser_52792f_5.69.1-snapshot.v20250618161931.js.sri
- clerk-js/5.69.1-snapshot.v20250618161931/userbutton_clerk.browser_52792f_5.69.1-snapshot.v20250618161931.min.js.br
- clerk-js/5.69.1-snapshot.v20250618161931/userbutton_clerk.browser_52792f_5.69.1-snapshot.v20250618161931.min.js.gz
- clerk-js/5.69.1-snapshot.v20250618161931/userbutton_clerk.browser_52792f_5.69.1-snapshot.v20250618161931.min.js.sri
- clerk-js/5.69.1-snapshot.v20250618161931/userbutton_clerk.chips.browser_3fa7c0_5.69.1-snapshot.v20250618161931.js.br
- clerk-js/5.69.1-snapshot.v20250618161931/userbutton_clerk.chips.browser_3fa7c0_5.69.1-snapshot.v20250618161931.js.gz
- clerk-js/5.69.1-snapshot.v20250618161931/userbutton_clerk.chips.browser_3fa7c0_5.69.1-snapshot.v20250618161931.js.sri
- clerk-js/5.69.1-snapshot.v20250618161931/userbutton_clerk.chips.browser_3fa7c0_5.69.1-snapshot.v20250618161931.min.js.br
- clerk-js/5.69.1-snapshot.v20250618161931/userbutton_clerk.chips.browser_3fa7c0_5.69.1-snapshot.v20250618161931.min.js.gz
- clerk-js/5.69.1-snapshot.v20250618161931/userbutton_clerk.chips.browser_3fa7c0_5.69.1-snapshot.v20250618161931.min.js.sri
- clerk-js/5.69.1-snapshot.v20250618161931/userbutton_clerk.legacy.browser_3d4a21_5.69.1-snapshot.v20250618161931.js.br
- clerk-js/5.69.1-snapshot.v20250618161931/userbutton_clerk.legacy.browser_3d4a21_5.69.1-snapshot.v20250618161931.js.gz
- clerk-js/5.69.1-snapshot.v20250618161931/userbutton_clerk.legacy.browser_3d4a21_5.69.1-snapshot.v20250618161931.js.sri
- clerk-js/5.69.1-snapshot.v20250618161931/userbutton_clerk.legacy.browser_3d4a21_5.69.1-snapshot.v20250618161931.min.js.br
- clerk-js/5.69.1-snapshot.v20250618161931/userbutton_clerk.legacy.browser_3d4a21_5.69.1-snapshot.v20250618161931.min.js.gz
- clerk-js/5.69.1-snapshot.v20250618161931/userbutton_clerk.legacy.browser_3d4a21_5.69.1-snapshot.v20250618161931.min.js.sri
- clerk-js/5.69.1-snapshot.v20250618161931/userprofile_clerk.browser_52792f_5.69.1-snapshot.v20250618161931.js.br
- clerk-js/5.69.1-snapshot.v20250618161931/userprofile_clerk.browser_52792f_5.69.1-snapshot.v20250618161931.js.gz
- clerk-js/5.69.1-snapshot.v20250618161931/userprofile_clerk.browser_52792f_5.69.1-snapshot.v20250618161931.js.sri
- clerk-js/5.69.1-snapshot.v20250618161931/userprofile_clerk.browser_52792f_5.69.1-snapshot.v20250618161931.min.js.br
- clerk-js/5.69.1-snapshot.v20250618161931/userprofile_clerk.browser_52792f_5.69.1-snapshot.v20250618161931.min.js.gz
- clerk-js/5.69.1-snapshot.v20250618161931/userprofile_clerk.browser_52792f_5.69.1-snapshot.v20250618161931.min.js.sri
- clerk-js/5.69.1-snapshot.v20250618161931/userprofile_clerk.chips.browser_3fa7c0_5.69.1-snapshot.v20250618161931.js.br
- clerk-js/5.69.1-snapshot.v20250618161931/userprofile_clerk.chips.browser_3fa7c0_5.69.1-snapshot.v20250618161931.js.gz
- clerk-js/5.69.1-snapshot.v20250618161931/userprofile_clerk.chips.browser_3fa7c0_5.69.1-snapshot.v20250618161931.js.sri
- clerk-js/5.69.1-snapshot.v20250618161931/userprofile_clerk.chips.browser_3fa7c0_5.69.1-snapshot.v20250618161931.min.js.br
- clerk-js/5.69.1-snapshot.v20250618161931/userprofile_clerk.chips.browser_3fa7c0_5.69.1-snapshot.v20250618161931.min.js.gz
- clerk-js/5.69.1-snapshot.v20250618161931/userprofile_clerk.chips.browser_3fa7c0_5.69.1-snapshot.v20250618161931.min.js.sri
- clerk-js/5.69.1-snapshot.v20250618161931/userprofile_clerk.legacy.browser_3d4a21_5.69.1-snapshot.v20250618161931.js.br
- clerk-js/5.69.1-snapshot.v20250618161931/userprofile_clerk.legacy.browser_3d4a21_5.69.1-snapshot.v20250618161931.js.gz
- clerk-js/5.69.1-snapshot.v20250618161931/userprofile_clerk.legacy.browser_3d4a21_5.69.1-snapshot.v20250618161931.js.sri
- clerk-js/5.69.1-snapshot.v20250618161931/userprofile_clerk.legacy.browser_3d4a21_5.69.1-snapshot.v20250618161931.min.js.br
- clerk-js/5.69.1-snapshot.v20250618161931/userprofile_clerk.legacy.browser_3d4a21_5.69.1-snapshot.v20250618161931.min.js.gz
- clerk-js/5.69.1-snapshot.v20250618161931/userprofile_clerk.legacy.browser_3d4a21_5.69.1-snapshot.v20250618161931.min.js.sri
- clerk-js/5.69.1-snapshot.v20250618161931/userverification_clerk.browser_52792f_5.69.1-snapshot.v20250618161931.js.br
- clerk-js/5.69.1-snapshot.v20250618161931/userverification_clerk.browser_52792f_5.69.1-snapshot.v20250618161931.js.gz
- clerk-js/5.69.1-snapshot.v20250618161931/userverification_clerk.browser_52792f_5.69.1-snapshot.v20250618161931.js.sri
- clerk-js/5.69.1-snapshot.v20250618161931/userverification_clerk.browser_52792f_5.69.1-snapshot.v20250618161931.min.js.br
- clerk-js/5.69.1-snapshot.v20250618161931/userverification_clerk.browser_52792f_5.69.1-snapshot.v20250618161931.min.js.gz
- clerk-js/5.69.1-snapshot.v20250618161931/userverification_clerk.browser_52792f_5.69.1-snapshot.v20250618161931.min.js.sri
- clerk-js/5.69.1-snapshot.v20250618161931/userverification_clerk.chips.browser_3fa7c0_5.69.1-snapshot.v20250618161931.js.br
- clerk-js/5.69.1-snapshot.v20250618161931/userverification_clerk.chips.browser_3fa7c0_5.69.1-snapshot.v20250618161931.js.gz
- clerk-js/5.69.1-snapshot.v20250618161931/userverification_clerk.chips.browser_3fa7c0_5.69.1-snapshot.v20250618161931.js.sri
- clerk-js/5.69.1-snapshot.v20250618161931/userverification_clerk.chips.browser_3fa7c0_5.69.1-snapshot.v20250618161931.min.js.br
- clerk-js/5.69.1-snapshot.v20250618161931/userverification_clerk.chips.browser_3fa7c0_5.69.1-snapshot.v20250618161931.min.js.gz
- clerk-js/5.69.1-snapshot.v20250618161931/userverification_clerk.chips.browser_3fa7c0_5.69.1-snapshot.v20250618161931.min.js.sri
- clerk-js/5.69.1-snapshot.v20250618161931/userverification_clerk.legacy.browser_3d4a21_5.69.1-snapshot.v20250618161931.js.br
- clerk-js/5.69.1-snapshot.v20250618161931/userverification_clerk.legacy.browser_3d4a21_5.69.1-snapshot.v20250618161931.js.gz
- clerk-js/5.69.1-snapshot.v20250618161931/userverification_clerk.legacy.browser_3d4a21_5.69.1-snapshot.v20250618161931.js.sri
- clerk-js/5.69.1-snapshot.v20250618161931/userverification_clerk.legacy.browser_3d4a21_5.69.1-snapshot.v20250618161931.min.js.br
- clerk-js/5.69.1-snapshot.v20250618161931/userverification_clerk.legacy.browser_3d4a21_5.69.1-snapshot.v20250618161931.min.js.gz
- clerk-js/5.69.1-snapshot.v20250618161931/userverification_clerk.legacy.browser_3d4a21_5.69.1-snapshot.v20250618161931.min.js.sri
- clerk-js/5.69.1-snapshot.v20250618161931/vendors_clerk.browser_52792f_5.69.1-snapshot.v20250618161931.js.br
- clerk-js/5.69.1-snapshot.v20250618161931/vendors_clerk.browser_52792f_5.69.1-snapshot.v20250618161931.js.gz
- clerk-js/5.69.1-snapshot.v20250618161931/vendors_clerk.browser_52792f_5.69.1-snapshot.v20250618161931.js.sri
- clerk-js/5.69.1-snapshot.v20250618161931/vendors_clerk.browser_52792f_5.69.1-snapshot.v20250618161931.min.js.br
- clerk-js/5.69.1-snapshot.v20250618161931/vendors_clerk.browser_52792f_5.69.1-snapshot.v20250618161931.min.js.gz
- clerk-js/5.69.1-snapshot.v20250618161931/vendors_clerk.browser_52792f_5.69.1-snapshot.v20250618161931.min.js.sri
- clerk-js/5.69.1-snapshot.v20250618161931/vendors_clerk.chips.browser_3fa7c0_5.69.1-snapshot.v20250618161931.js.br
- clerk-js/5.69.1-snapshot.v20250618161931/vendors_clerk.chips.browser_3fa7c0_5.69.1-snapshot.v20250618161931.js.gz
- clerk-js/5.69.1-snapshot.v20250618161931/vendors_clerk.chips.browser_3fa7c0_5.69.1-snapshot.v20250618161931.js.sri
- clerk-js/5.69.1-snapshot.v20250618161931/vendors_clerk.chips.browser_3fa7c0_5.69.1-snapshot.v20250618161931.min.js.br
- clerk-js/5.69.1-snapshot.v20250618161931/vendors_clerk.chips.browser_3fa7c0_5.69.1-snapshot.v20250618161931.min.js.gz
- clerk-js/5.69.1-snapshot.v20250618161931/vendors_clerk.chips.browser_3fa7c0_5.69.1-snapshot.v20250618161931.min.js.sri
- clerk-js/5.69.1-snapshot.v20250618161931/vendors_clerk.headless.browser_5e2a94_5.69.1-snapshot.v20250618161931.js.br
- clerk-js/5.69.1-snapshot.v20250618161931/vendors_clerk.headless.browser_5e2a94_5.69.1-snapshot.v20250618161931.js.gz
- clerk-js/5.69.1-snapshot.v20250618161931/vendors_clerk.headless.browser_5e2a94_5.69.1-snapshot.v20250618161931.js.sri
- clerk-js/5.69.1-snapshot.v20250618161931/vendors_clerk.headless.browser_5e2a94_5.69.1-snapshot.v20250618161931.min.js.br
- clerk-js/5.69.1-snapshot.v20250618161931/vendors_clerk.headless.browser_5e2a94_5.69.1-snapshot.v20250618161931.min.js.gz
- clerk-js/5.69.1-snapshot.v20250618161931/vendors_clerk.headless.browser_5e2a94_5.69.1-snapshot.v20250618161931.min.js.sri
- clerk-js/5.69.1-snapshot.v20250618161931/vendors_clerk.legacy.browser_3d4a21_5.69.1-snapshot.v20250618161931.js.br
- clerk-js/5.69.1-snapshot.v20250618161931/vendors_clerk.legacy.browser_3d4a21_5.69.1-snapshot.v20250618161931.js.gz
- clerk-js/5.69.1-snapshot.v20250618161931/vendors_clerk.legacy.browser_3d4a21_5.69.1-snapshot.v20250618161931.js.sri
- clerk-js/5.69.1-snapshot.v20250618161931/vendors_clerk.legacy.browser_3d4a21_5.69.1-snapshot.v20250618161931.min.js.br
- clerk-js/5.69.1-snapshot.v20250618161931/vendors_clerk.legacy.browser_3d4a21_5.69.1-snapshot.v20250618161931.min.js.gz
- clerk-js/5.69.1-snapshot.v20250618161931/vendors_clerk.legacy.browser_3d4a21_5.69.1-snapshot.v20250618161931.min.js.sri
- clerk-js/5.69.1-snapshot.v20250618161931/waitlist_clerk.browser_52792f_5.69.1-snapshot.v20250618161931.js.br
- clerk-js/5.69.1-snapshot.v20250618161931/waitlist_clerk.browser_52792f_5.69.1-snapshot.v20250618161931.js.gz
- clerk-js/5.69.1-snapshot.v20250618161931/waitlist_clerk.browser_52792f_5.69.1-snapshot.v20250618161931.js.sri
- clerk-js/5.69.1-snapshot.v20250618161931/waitlist_clerk.browser_52792f_5.69.1-snapshot.v20250618161931.min.js.br
- clerk-js/5.69.1-snapshot.v20250618161931/waitlist_clerk.browser_52792f_5.69.1-snapshot.v20250618161931.min.js.gz
- clerk-js/5.69.1-snapshot.v20250618161931/waitlist_clerk.browser_52792f_5.69.1-snapshot.v20250618161931.min.js.sri
- clerk-js/5.69.1-snapshot.v20250618161931/waitlist_clerk.chips.browser_3fa7c0_5.69.1-snapshot.v20250618161931.js.br
- clerk-js/5.69.1-snapshot.v20250618161931/waitlist_clerk.chips.browser_3fa7c0_5.69.1-snapshot.v20250618161931.js.gz
- clerk-js/5.69.1-snapshot.v20250618161931/waitlist_clerk.chips.browser_3fa7c0_5.69.1-snapshot.v20250618161931.js.sri
- clerk-js/5.69.1-snapshot.v20250618161931/waitlist_clerk.chips.browser_3fa7c0_5.69.1-snapshot.v20250618161931.min.js.br
- clerk-js/5.69.1-snapshot.v20250618161931/waitlist_clerk.chips.browser_3fa7c0_5.69.1-snapshot.v20250618161931.min.js.gz
- clerk-js/5.69.1-snapshot.v20250618161931/waitlist_clerk.chips.browser_3fa7c0_5.69.1-snapshot.v20250618161931.min.js.sri
- clerk-js/5.69.1-snapshot.v20250618161931/waitlist_clerk.legacy.browser_3d4a21_5.69.1-snapshot.v20250618161931.js.br
- clerk-js/5.69.1-snapshot.v20250618161931/waitlist_clerk.legacy.browser_3d4a21_5.69.1-snapshot.v20250618161931.js.gz
- clerk-js/5.69.1-snapshot.v20250618161931/waitlist_clerk.legacy.browser_3d4a21_5.69.1-snapshot.v20250618161931.js.sri
- clerk-js/5.69.1-snapshot.v20250618161931/waitlist_clerk.legacy.browser_3d4a21_5.69.1-snapshot.v20250618161931.min.js.br
- clerk-js/5.69.1-snapshot.v20250618161931/waitlist_clerk.legacy.browser_3d4a21_5.69.1-snapshot.v20250618161931.min.js.gz
- clerk-js/5.69.1-snapshot.v20250618161931/waitlist_clerk.legacy.browser_3d4a21_5.69.1-snapshot.v20250618161931.min.js.sri
- clerk-js/5.69.1-snapshot.v20250618161931/zxcvbn-common_clerk.browser_52792f_5.69.1-snapshot.v20250618161931.js.br
- clerk-js/5.69.1-snapshot.v20250618161931/zxcvbn-common_clerk.browser_52792f_5.69.1-snapshot.v20250618161931.js.gz
- clerk-js/5.69.1-snapshot.v20250618161931/zxcvbn-common_clerk.browser_52792f_5.69.1-snapshot.v20250618161931.js.sri
- clerk-js/5.69.1-snapshot.v20250618161931/zxcvbn-common_clerk.browser_52792f_5.69.1-snapshot.v20250618161931.min.js.br
- clerk-js/5.69.1-snapshot.v20250618161931/zxcvbn-common_clerk.browser_52792f_5.69.1-snapshot.v20250618161931.min.js.gz
- clerk-js/5.69.1-snapshot.v20250618161931/zxcvbn-common_clerk.browser_52792f_5.69.1-snapshot.v20250618161931.min.js.sri
- clerk-js/5.69.1-snapshot.v20250618161931/zxcvbn-common_clerk.chips.browser_3fa7c0_5.69.1-snapshot.v20250618161931.js.br
- clerk-js/5.69.1-snapshot.v20250618161931/zxcvbn-common_clerk.chips.browser_3fa7c0_5.69.1-snapshot.v20250618161931.js.gz
- clerk-js/5.69.1-snapshot.v20250618161931/zxcvbn-common_clerk.chips.browser_3fa7c0_5.69.1-snapshot.v20250618161931.js.sri
- clerk-js/5.69.1-snapshot.v20250618161931/zxcvbn-common_clerk.chips.browser_3fa7c0_5.69.1-snapshot.v20250618161931.min.js.br
- clerk-js/5.69.1-snapshot.v20250618161931/zxcvbn-common_clerk.chips.browser_3fa7c0_5.69.1-snapshot.v20250618161931.min.js.gz
- clerk-js/5.69.1-snapshot.v20250618161931/zxcvbn-common_clerk.chips.browser_3fa7c0_5.69.1-snapshot.v20250618161931.min.js.sri
- clerk-js/5.69.1-snapshot.v20250618161931/zxcvbn-common_clerk.headless.browser_5e2a94_5.69.1-snapshot.v20250618161931.js.br
- clerk-js/5.69.1-snapshot.v20250618161931/zxcvbn-common_clerk.headless.browser_5e2a94_5.69.1-snapshot.v20250618161931.js.gz
- clerk-js/5.69.1-snapshot.v20250618161931/zxcvbn-common_clerk.headless.browser_5e2a94_5.69.1-snapshot.v20250618161931.js.sri
- clerk-js/5.69.1-snapshot.v20250618161931/zxcvbn-common_clerk.headless.browser_5e2a94_5.69.1-snapshot.v20250618161931.min.js.br
- clerk-js/5.69.1-snapshot.v20250618161931/zxcvbn-common_clerk.headless.browser_5e2a94_5.69.1-snapshot.v20250618161931.min.js.gz
- clerk-js/5.69.1-snapshot.v20250618161931/zxcvbn-common_clerk.headless.browser_5e2a94_5.69.1-snapshot.v20250618161931.min.js.sri
- clerk-js/5.69.1-snapshot.v20250618161931/zxcvbn-common_clerk.legacy.browser_3d4a21_5.69.1-snapshot.v20250618161931.js.br
- clerk-js/5.69.1-snapshot.v20250618161931/zxcvbn-common_clerk.legacy.browser_3d4a21_5.69.1-snapshot.v20250618161931.js.gz
- clerk-js/5.69.1-snapshot.v20250618161931/zxcvbn-common_clerk.legacy.browser_3d4a21_5.69.1-snapshot.v20250618161931.js.sri
- clerk-js/5.69.1-snapshot.v20250618161931/zxcvbn-common_clerk.legacy.browser_3d4a21_5.69.1-snapshot.v20250618161931.min.js.br
- clerk-js/5.69.1-snapshot.v20250618161931/zxcvbn-common_clerk.legacy.browser_3d4a21_5.69.1-snapshot.v20250618161931.min.js.gz
- clerk-js/5.69.1-snapshot.v20250618161931/zxcvbn-common_clerk.legacy.browser_3d4a21_5.69.1-snapshot.v20250618161931.min.js.sri
- clerk-js/5.69.1-snapshot.v20250618161931/zxcvbn-ts-core_clerk.browser_52792f_5.69.1-snapshot.v20250618161931.js.br
- clerk-js/5.69.1-snapshot.v20250618161931/zxcvbn-ts-core_clerk.browser_52792f_5.69.1-snapshot.v20250618161931.js.gz
- clerk-js/5.69.1-snapshot.v20250618161931/zxcvbn-ts-core_clerk.browser_52792f_5.69.1-snapshot.v20250618161931.js.sri
- clerk-js/5.69.1-snapshot.v20250618161931/zxcvbn-ts-core_clerk.browser_52792f_5.69.1-snapshot.v20250618161931.min.js.br
- clerk-js/5.69.1-snapshot.v20250618161931/zxcvbn-ts-core_clerk.browser_52792f_5.69.1-snapshot.v20250618161931.min.js.gz
- clerk-js/5.69.1-snapshot.v20250618161931/zxcvbn-ts-core_clerk.browser_52792f_5.69.1-snapshot.v20250618161931.min.js.sri
- clerk-js/5.69.1-snapshot.v20250618161931/zxcvbn-ts-core_clerk.chips.browser_3fa7c0_5.69.1-snapshot.v20250618161931.js.br
- clerk-js/5.69.1-snapshot.v20250618161931/zxcvbn-ts-core_clerk.chips.browser_3fa7c0_5.69.1-snapshot.v20250618161931.js.gz
- clerk-js/5.69.1-snapshot.v20250618161931/zxcvbn-ts-core_clerk.chips.browser_3fa7c0_5.69.1-snapshot.v20250618161931.js.sri
- clerk-js/5.69.1-snapshot.v20250618161931/zxcvbn-ts-core_clerk.chips.browser_3fa7c0_5.69.1-snapshot.v20250618161931.min.js.br
- clerk-js/5.69.1-snapshot.v20250618161931/zxcvbn-ts-core_clerk.chips.browser_3fa7c0_5.69.1-snapshot.v20250618161931.min.js.gz
- clerk-js/5.69.1-snapshot.v20250618161931/zxcvbn-ts-core_clerk.chips.browser_3fa7c0_5.69.1-snapshot.v20250618161931.min.js.sri
- clerk-js/5.69.1-snapshot.v20250618161931/zxcvbn-ts-core_clerk.headless.browser_5e2a94_5.69.1-snapshot.v20250618161931.js.br
- clerk-js/5.69.1-snapshot.v20250618161931/zxcvbn-ts-core_clerk.headless.browser_5e2a94_5.69.1-snapshot.v20250618161931.js.gz
- clerk-js/5.69.1-snapshot.v20250618161931/zxcvbn-ts-core_clerk.headless.browser_5e2a94_5.69.1-snapshot.v20250618161931.js.sri
- clerk-js/5.69.1-snapshot.v20250618161931/zxcvbn-ts-core_clerk.headless.browser_5e2a94_5.69.1-snapshot.v20250618161931.min.js.br
- clerk-js/5.69.1-snapshot.v20250618161931/zxcvbn-ts-core_clerk.headless.browser_5e2a94_5.69.1-snapshot.v20250618161931.min.js.gz
- clerk-js/5.69.1-snapshot.v20250618161931/zxcvbn-ts-core_clerk.headless.browser_5e2a94_5.69.1-snapshot.v20250618161931.min.js.sri
- clerk-js/5.69.1-snapshot.v20250618161931/zxcvbn-ts-core_clerk.legacy.browser_3d4a21_5.69.1-snapshot.v20250618161931.js.br
- clerk-js/5.69.1-snapshot.v20250618161931/zxcvbn-ts-core_clerk.legacy.browser_3d4a21_5.69.1-snapshot.v20250618161931.js.gz
- clerk-js/5.69.1-snapshot.v20250618161931/zxcvbn-ts-core_clerk.legacy.browser_3d4a21_5.69.1-snapshot.v20250618161931.js.sri
- clerk-js/5.69.1-snapshot.v20250618161931/zxcvbn-ts-core_clerk.legacy.browser_3d4a21_5.69.1-snapshot.v20250618161931.min.js.br
- clerk-js/5.69.1-snapshot.v20250618161931/zxcvbn-ts-core_clerk.legacy.browser_3d4a21_5.69.1-snapshot.v20250618161931.min.js.gz
- clerk-js/5.69.1-snapshot.v20250618161931/zxcvbn-ts-core_clerk.legacy.browser_3d4a21_5.69.1-snapshot.v20250618161931.min.js.sri
