config: {"authors":[{"name":"Northwoods Software"}],"autoupdate":{"source":"npm","target":"gojs","fileMap":[{"basePath":"release","files":["**/*.+(js|map)"]}]},"description":"Interactive diagrams, charts, and graphs, such as trees, flowcharts, orgcharts, UML, BPMN, or business diagrams","filename":"go.js","homepage":"http://gojs.net","keywords":["diagram","chart","tree","flowchart","orgchart","uml","bpmn","graphics","editor","inspector","drawing","canvas","shape","svg","hierarchy","node","link","group","vertex","edge","connection","port","label","arrowhead","family-tree","decision-tree","mindmap","tournament","treeview","pipe-tree","genogram","ivr-tree","parse-tree","concept-map","euler","visualization","entity-relationship","er-diagram","friend-wheel","radial","graph-distances","graph-paths","sankey","pert","gantt","timeline","monitor","layer","swimlane","spreadsheet","virtualization","flow","process","state","sequential-function","grafcet","sequence","circuit","record","field","table","dataflow","data-flow","planogram","seating","pipes","overview","palette","comment","layout","grid-layout","tree-layout","force-directed","layered","hierarchical","circular","fishbone","ishikawa","parallel","serpentine","treemap","tree-map","freehand","polygon","polyline","bezier","panel","view","model","databinding","data-binding","binding","transaction","coordinates","subgraph","selection","highlight","tooltip","context-menu","tool","command","validation","button","template","legend","grid","printing"],"license":"http://gojs.net/latest/doc/license.html","name":"gojs","repository":{"type":"git","url":"git+https://github.com/NorthwoodsSoftware/GoJS.git"},"author":"Northwoods Software"}
KV keys:
- gojs/2.3.18/go-debug-module.js.br
- gojs/2.3.18/go-debug-module.js.gz
- gojs/2.3.18/go-debug-module.min.js.br
- gojs/2.3.18/go-debug-module.min.js.gz
- gojs/2.3.18/go-debug.js.br
- gojs/2.3.18/go-debug.js.gz
- gojs/2.3.18/go-debug.min.js.br
- gojs/2.3.18/go-debug.min.js.gz
- gojs/2.3.18/go-module.js.br
- gojs/2.3.18/go-module.js.gz
- gojs/2.3.18/go-module.min.js.br
- gojs/2.3.18/go-module.min.js.gz
- gojs/2.3.18/go.js.br
- gojs/2.3.18/go.js.gz
- gojs/2.3.18/go.min.js.br
- gojs/2.3.18/go.min.js.gz
SRIs:
- gojs/2.3.18/go.min.js: sha512-zSHTkK/r5e2AC5cEWGm9SWatHfeIL0ZZFnuvIOeJgsHvO9zNZFqpGxCFG46uvhJOkpEPf0FmOB6X8MLRdo7IfA==
- gojs/2.3.18/go-debug-module.js: sha512-G6/Pzi6xYilaph1Yfi0nH9wO7bOc65o/hyYid5mGvLFaGwRmLYnXc8vfgPF9c+LyNR2fUwXhxiAq7klNr9KrBA==
- gojs/2.3.18/go-debug-module.min.js: sha512-HhbB7Nxjv22i7CHg34syOWSOW0QwYDfR/JRfqNU2LFE9P/o5GoL3QFwQ9UA/A6DclTUYn1B+BnQ+T94wwGIQkQ==
- gojs/2.3.18/go-debug.js: sha512-u9Y0Jt/tY482ci2lUigqeeHy+wdu5LPcAfBrKemxumx2v6HaO8AUvN9mM9Zczp1lTQkO+xvqB0zRaFxWKiR+5A==
- gojs/2.3.18/go-debug.min.js: sha512-d6NPWqtYIqaHktiB/+gdizeOsxMCKGL4+urhgylOxIHcyJoFMXJEFI58dcIOpw/DEUqBYai185y1NGSAifxIdQ==
- gojs/2.3.18/go-module.js: sha512-T/XGPWaC1sv6xcHAat2p5EDhTIcVP2Q8nF/bEXi/EKfx/TU7wZGJl1Cmi9++XC7JSiuuQExeNwGbNYqwwIYnhQ==
- gojs/2.3.18/go-module.min.js: sha512-wSYFSrw6hagdDHIC0CiyHSVNxAqnI+//yC6/kxUJ/LzsDoy6xcp58FvlpmanVP/XbdWYk8EWbtWNSpCe6EtiMw==
- gojs/2.3.18/go.js: sha512-nD88Incn9nrDUeCjYH4NxN39Yqapxq4vC63g0Z4gYaZMkgPqTUPkGSeXe7gh7l4o1VBXktvk5GwuiFEn6RIUVw==
