config: {"authors":[{"name":"baidu"}],"autoupdate":{"source":"npm","target":"amis","fileMap":[{"basePath":"sdk","files":["*.@(css|js|eot|svg|ttf|woff)"]}]},"description":"一种MIS页面生成工具","filename":"sdk.js","homepage":"https://github.com/baidu/amis#readme","keywords":["react","amis","mis","renderer","json","schema"],"license":"Apache-2.0","name":"amis","repository":{"type":"git","url":"git+https://github.com/baidu/amis.git"},"author":"baidu"}
KV keys:
- amis/6.12.0-beta.9/ang-ie11.css.br
- amis/6.12.0-beta.9/ang-ie11.css.gz
- amis/6.12.0-beta.9/ang-ie11.min.css.br
- amis/6.12.0-beta.9/ang-ie11.min.css.gz
- amis/6.12.0-beta.9/ang.css.br
- amis/6.12.0-beta.9/ang.css.gz
- amis/6.12.0-beta.9/ang.min.css.br
- amis/6.12.0-beta.9/ang.min.css.gz
- amis/6.12.0-beta.9/antd-ie11.css.br
- amis/6.12.0-beta.9/antd-ie11.css.gz
- amis/6.12.0-beta.9/antd-ie11.min.css.br
- amis/6.12.0-beta.9/antd-ie11.min.css.gz
- amis/6.12.0-beta.9/antd.css.br
- amis/6.12.0-beta.9/antd.css.gz
- amis/6.12.0-beta.9/antd.min.css.br
- amis/6.12.0-beta.9/antd.min.css.gz
- amis/6.12.0-beta.9/barcode.js.br
- amis/6.12.0-beta.9/barcode.js.gz
- amis/6.12.0-beta.9/barcode.min.js.br
- amis/6.12.0-beta.9/barcode.min.js.gz
- amis/6.12.0-beta.9/charts.js.br
- amis/6.12.0-beta.9/charts.js.gz
- amis/6.12.0-beta.9/charts.min.js.br
- amis/6.12.0-beta.9/charts.min.js.gz
- amis/6.12.0-beta.9/codemirror.js.br
- amis/6.12.0-beta.9/codemirror.js.gz
- amis/6.12.0-beta.9/codemirror.min.js.br
- amis/6.12.0-beta.9/codemirror.min.js.gz
- amis/6.12.0-beta.9/color-picker.js.br
- amis/6.12.0-beta.9/color-picker.js.gz
- amis/6.12.0-beta.9/color-picker.min.js.br
- amis/6.12.0-beta.9/color-picker.min.js.gz
- amis/6.12.0-beta.9/cropperjs.js.br
- amis/6.12.0-beta.9/cropperjs.js.gz
- amis/6.12.0-beta.9/cropperjs.min.js.br
- amis/6.12.0-beta.9/cropperjs.min.js.gz
- amis/6.12.0-beta.9/cxd-ie11.css.br
- amis/6.12.0-beta.9/cxd-ie11.css.gz
- amis/6.12.0-beta.9/cxd-ie11.min.css.br
- amis/6.12.0-beta.9/cxd-ie11.min.css.gz
- amis/6.12.0-beta.9/cxd.css.br
- amis/6.12.0-beta.9/cxd.css.gz
- amis/6.12.0-beta.9/cxd.min.css.br
- amis/6.12.0-beta.9/cxd.min.css.gz
- amis/6.12.0-beta.9/dark-ie11.css.br
- amis/6.12.0-beta.9/dark-ie11.css.gz
- amis/6.12.0-beta.9/dark-ie11.min.css.br
- amis/6.12.0-beta.9/dark-ie11.min.css.gz
- amis/6.12.0-beta.9/dark.css.br
- amis/6.12.0-beta.9/dark.css.gz
- amis/6.12.0-beta.9/dark.min.css.br
- amis/6.12.0-beta.9/dark.min.css.gz
- amis/6.12.0-beta.9/exceljs.js.br
- amis/6.12.0-beta.9/exceljs.js.gz
- amis/6.12.0-beta.9/exceljs.min.js.br
- amis/6.12.0-beta.9/exceljs.min.js.gz
- amis/6.12.0-beta.9/fomula-doc.js.br
- amis/6.12.0-beta.9/fomula-doc.js.gz
- amis/6.12.0-beta.9/fomula-doc.min.js.br
- amis/6.12.0-beta.9/fomula-doc.min.js.gz
- amis/6.12.0-beta.9/helper.css.br
- amis/6.12.0-beta.9/helper.css.gz
- amis/6.12.0-beta.9/helper.min.css.br
- amis/6.12.0-beta.9/helper.min.css.gz
- amis/6.12.0-beta.9/iconfont.css.br
- amis/6.12.0-beta.9/iconfont.css.gz
- amis/6.12.0-beta.9/iconfont.eot.br
- amis/6.12.0-beta.9/iconfont.eot.gz
- amis/6.12.0-beta.9/iconfont.min.css.br
- amis/6.12.0-beta.9/iconfont.min.css.gz
- amis/6.12.0-beta.9/iconfont.svg.br
- amis/6.12.0-beta.9/iconfont.svg.gz
- amis/6.12.0-beta.9/iconfont.ttf.br
- amis/6.12.0-beta.9/iconfont.ttf.gz
- amis/6.12.0-beta.9/iconfont.woff.br
- amis/6.12.0-beta.9/iconfont.woff.gz
- amis/6.12.0-beta.9/ie11-patch.css.br
- amis/6.12.0-beta.9/ie11-patch.css.gz
- amis/6.12.0-beta.9/ie11-patch.min.css.br
- amis/6.12.0-beta.9/ie11-patch.min.css.gz
- amis/6.12.0-beta.9/json-view.js.br
- amis/6.12.0-beta.9/json-view.js.gz
- amis/6.12.0-beta.9/json-view.min.js.br
- amis/6.12.0-beta.9/json-view.min.js.gz
- amis/6.12.0-beta.9/markdown.js.br
- amis/6.12.0-beta.9/markdown.js.gz
- amis/6.12.0-beta.9/markdown.min.js.br
- amis/6.12.0-beta.9/markdown.min.js.gz
- amis/6.12.0-beta.9/office-viewer.js.br
- amis/6.12.0-beta.9/office-viewer.js.gz
- amis/6.12.0-beta.9/office-viewer.min.js.br
- amis/6.12.0-beta.9/office-viewer.min.js.gz
- amis/6.12.0-beta.9/papaparse.js.br
- amis/6.12.0-beta.9/papaparse.js.gz
- amis/6.12.0-beta.9/papaparse.min.js.br
- amis/6.12.0-beta.9/papaparse.min.js.gz
- amis/6.12.0-beta.9/pdf-viewer.js.br
- amis/6.12.0-beta.9/pdf-viewer.js.gz
- amis/6.12.0-beta.9/pdf-viewer.min.js.br
- amis/6.12.0-beta.9/pdf-viewer.min.js.gz
- amis/6.12.0-beta.9/rest.js.br
- amis/6.12.0-beta.9/rest.js.gz
- amis/6.12.0-beta.9/rest.min.js.br
- amis/6.12.0-beta.9/rest.min.js.gz
- amis/6.12.0-beta.9/rich-text.js.br
- amis/6.12.0-beta.9/rich-text.js.gz
- amis/6.12.0-beta.9/rich-text.min.js.br
- amis/6.12.0-beta.9/rich-text.min.js.gz
- amis/6.12.0-beta.9/sdk-ie11.css.br
- amis/6.12.0-beta.9/sdk-ie11.css.gz
- amis/6.12.0-beta.9/sdk-ie11.min.css.br
- amis/6.12.0-beta.9/sdk-ie11.min.css.gz
- amis/6.12.0-beta.9/sdk.css.br
- amis/6.12.0-beta.9/sdk.css.gz
- amis/6.12.0-beta.9/sdk.js.br
- amis/6.12.0-beta.9/sdk.js.gz
- amis/6.12.0-beta.9/sdk.min.css.br
- amis/6.12.0-beta.9/sdk.min.css.gz
- amis/6.12.0-beta.9/sdk.min.js.br
- amis/6.12.0-beta.9/sdk.min.js.gz
- amis/6.12.0-beta.9/tinymce.js.br
- amis/6.12.0-beta.9/tinymce.js.gz
- amis/6.12.0-beta.9/tinymce.min.js.br
- amis/6.12.0-beta.9/tinymce.min.js.gz
- amis/6.12.0-beta.9/xlsx.js.br
- amis/6.12.0-beta.9/xlsx.js.gz
- amis/6.12.0-beta.9/xlsx.min.js.br
- amis/6.12.0-beta.9/xlsx.min.js.gz
SRIs:
- amis/6.12.0-beta.9/ie11-patch.min.css: sha512-0eEiLaMHK2c/UJ92Oq9+q113kU7K7XlambeEDjAnzcQEtDtlM1sbV4csYixUj8RT3h/1DXnNQrcz5vgGIIKRBA==
- amis/6.12.0-beta.9/json-view.min.js: sha512-E1REYOVhvhfZZnj2zHQP6w1i0aF0OT9VxFhAZmWIdjnDnuOSMxm+fKftr/oax7mIP+WFoJlJZAB/x5ZwxXD71w==
- amis/6.12.0-beta.9/sdk.js: sha512-jHG/KpETYD5iGtsZ9h2bDyqATxtTwxqCRTBLWk80bha5UqiVUernvDilA/OYEC0nY1veQKMBdff8ypNHHflcfQ==
- amis/6.12.0-beta.9/xlsx.js: sha512-SlTUSuFeZsQHctiF5x6J604OGiULCc3ZeFxl8iO7WgViXRQMFQcj2IeR+Iu1GGgn75GGLlU9Wnx74DkSJD0Rig==
- amis/6.12.0-beta.9/codemirror.js: sha512-uCb4dZ9hjdUrCfJ/h4OAkRpW0sBGPsc+4JxnN4h6CHlzzYqNPunvtnYeHLi7ChokRyuRzJLPiTuQ3+r0NI/mpQ==
- amis/6.12.0-beta.9/exceljs.js: sha512-UE7dEPsC74ppO5Jmxfdf5gLlw7RYXjKNLPpBFIWjaP/5rDnwAuhHoB8lDm6pUhmLmRq9o+xPzTNF1xJM+qnFeQ==
- amis/6.12.0-beta.9/helper.min.css: sha512-sOHOL0eulNMOVXs+RM2VSLqxFpIWb/1eszjzPZyg3VDiJ4IIpAQJtCQmoR5qweFHEidc+bPxu6FF+CkktLrVwg==
- amis/6.12.0-beta.9/sdk-ie11.css: sha512-BghmxE/4RwVXjiQRLAO4BQJx7bxRFxgnUyfczQQMezzrbmYSY9HdTMlXZZ3HYTq1YRpLqBJuioKIhQsAWv20rQ==
- amis/6.12.0-beta.9/ang-ie11.css: sha512-mvUHtrT+RTQWIvOL0bHKDiJXYHd5scOsk5+2GLugq6/KbmdweA7KJMD03c7zU6osgJgZyiXSGTHunkIu3Gja8A==
- amis/6.12.0-beta.9/fomula-doc.min.js: sha512-KpTagpmhM4yktXOcXJtnTnI3XbtBVo7JZLQ7qObforUb15iVRaUgjzDQQ9qjD3tC5Z9mKIM9NjjSSnT8kSUm8A==
- amis/6.12.0-beta.9/markdown.min.js: sha512-LWZZK5+RvYYjalcFOP4BiH6SqxTfA2qWp+Ut3rxD7bQkk8SfKllOPm/VYA5MNQ0cbDzYRcNKaSSqhbscoCt10A==
- amis/6.12.0-beta.9/pdf-viewer.js: sha512-5zZyANBjXuxPW6oBZ/15RDwfSE0dCECAPhlq0XRH3mWlqOX6NFBWjmR9rmqtT7BPEx6kkCg3FbWE0y5bpdyXYA==
- amis/6.12.0-beta.9/rich-text.js: sha512-NmBGTbhEt8WcOmRqQFCE6dP90HhdFqhyP8RxG7RjxJu1KnA5i9yWTyDJfsBelkRN+nGF+UkL43E9mPleEM2H4g==
- amis/6.12.0-beta.9/tinymce.js: sha512-zGYjkJU6u+7YNutyRHizFBerL8Y5UdMT+47KluJ0vTZXS3vbeIHC6pc4O2DiaxWL/ApvqVJYkXNJfKOUD1FsWw==
- amis/6.12.0-beta.9/xlsx.min.js: sha512-yfm7//zOyV79sWcgh/i6jSj3REPDLWVZZFf7QyBjW9mhxmTXg4U6KVftGeKTzt5wHjXss+n/Z1ha0Me0b0UCpg==
- amis/6.12.0-beta.9/sdk.min.js: sha512-0K7MT1NILY61NafePFyzbkHMwYzmVoW/yr9jcfBNfrrPQomnUG+rsDaHZlgTtzhhtxdJgDcJLfDYTP23H9cm9Q==
- amis/6.12.0-beta.9/ang.css: sha512-Ue7LXcoTQQNd1w4E8kF6isgWR6OzqJ7fNTVIby/p2Fey2SM14ft6uBvFcm9RtOov5piMWbvCB+I8Uqxh6YPi+w==
- amis/6.12.0-beta.9/charts.min.js: sha512-xY9pUruMFSP3Uh+84iMmACuP/R7aafY7TRfthO813MVTLxkKhor154RXQacNxqrcw4A4FwVVIXK1TRSD5zD32g==
- amis/6.12.0-beta.9/cropperjs.js: sha512-IXH14mrUmF5oy6PmwgJTMYYg7JqabO+UfzbKq0HsTgUF9BpSFOQ0C1upTqC9TtLQ969qsFkrBgWmozlZeSh6/Q==
- amis/6.12.0-beta.9/dark-ie11.css: sha512-oCxsNSr+D0sOL86Fyu+0ytB0C+JxqBn8J7p31wsZuP4zvkSM8D2r8vDKYCaLgq4qKXV4VwXJAt3JzSoX+8rvbQ==
- amis/6.12.0-beta.9/iconfont.min.css: sha512-JCs14MfANFzfFQZxJbVtPkTVe7YbASoHryFhWmJM91a8ePEF96gYi2c2HMTEg64Q+w0H68ZDJ9NL/KTSv58fcw==
- amis/6.12.0-beta.9/markdown.js: sha512-ZjF0I55vXquSwmCGLmTdAT66+8wSfAnjjDY9m+CXf6mK2uilanA4dkJs2L5ariEBOqJgOXzpdmTbgyy+u4rOiw==
- amis/6.12.0-beta.9/rest.min.js: sha512-+gi5UStm4qsQcy6sO1+W8ql+8yMd5kVuBX5JFde6o0ED1ffZgARGXkT+ZmhyM5YlQy6YSwK/5H8VF/y6Hjlohg==
- amis/6.12.0-beta.9/ang.min.css: sha512-pfb5Lfgt3UcwplXHOwNNrFKcokkd4NLnjsUOpx/Z1oVFDL72304WgpOi/C5HN1X8D2kkvCO3FaAfXCWFqm9akQ==
- amis/6.12.0-beta.9/codemirror.min.js: sha512-IOTfKq5Tjhiri1joHpA3WNvq2bETirSvzvinYMVyPrLtLqqkl0tpA3/JG2p3aUGD3kT2znrShTpxyIZLPnMdiQ==
- amis/6.12.0-beta.9/color-picker.js: sha512-f7JlHslqu/NTha/m0pBseL2NGSD0hLWHV9PCUEtAm00iRM5GLZ5MZB0oK2qaboiS0MuEDHNJ+76p0ikw4hUziw==
- amis/6.12.0-beta.9/color-picker.min.js: sha512-nKniieIIVm5GNlG6lD8RGGp9EZ32hpWeNRtr8RPbpNsiE2CQ21cW6wzGfMIUVsGLW/NGovV7tl+QvmtLCthelg==
- amis/6.12.0-beta.9/helper.css: sha512-lDy/O4gCslVEXFDVjUDpWWfsx49oLN8u2NxQFwAKT3DmygAh5bnkJJTTxazSeeI0CJKvhIb5kzNDVNh168k88A==
- amis/6.12.0-beta.9/papaparse.min.js: sha512-uE20otf3l4KR5+tL9O5NdLSG0D+xB5SeNEV5QxGATteWavIRzv+mJount3wtseg7lEB8zzuS0g4s0wUkH3TyjA==
- amis/6.12.0-beta.9/antd.min.css: sha512-7G1goKO8np+q2+lzYZDqZVLP+Fw0E/Tol9GJa7PM4jJpF5Vsl8mJmIBPl1o7UTf0g4qHi9/PsJZ5xYEG846dVg==
- amis/6.12.0-beta.9/exceljs.min.js: sha512-yPswQyI/02Og83R0PY5WZs4mV1Emu8sav1HClB75QWifsPwwtELvNgBZlYl5CaMQjRJpuLADqQOjUi5A3yuAYw==
- amis/6.12.0-beta.9/sdk-ie11.min.css: sha512-+7uVHRivRM+N5qRmYkm8ocCfNeCfaxUs3OPnV8BAMwnUE3X81OjAT8Pp1hgXXRg5bqfVajhkqyah4+EollGYPA==
- amis/6.12.0-beta.9/sdk.css: sha512-iW8ezY1rWdNESU3AyBOtqnNJH4edgLIuqXVoR9JpyPoRXMSIvPtBYPHoV74StM1SaMF08V7K0CqceX42ullgsA==
- amis/6.12.0-beta.9/antd-ie11.min.css: sha512-kCEwm5GnaNR/Hnre/XhU6i/UtNotyejlPK3Mv+oYxhwT/uozEojt5KF7Y1rTf6fwjdbPKR4wKoo2Dvy9Zt0Opw==
- amis/6.12.0-beta.9/dark.min.css: sha512-Imdw3wXR8h2wJgJNCzwvvYqRjq3Po21Qf92qGFRHVX/uEPCeyKYjhH4Iw08RMRfYadUPbzEeyU8dK8m7FvoNqA==
- amis/6.12.0-beta.9/ie11-patch.css: sha512-OgEL+xPvJ74AajlJnZu8mCDs4+n9az3+8AA1CV/DH06cCywrkfwz6hGHkp1QBJTaHsyodnqCgOltcqatrhT56g==
- amis/6.12.0-beta.9/papaparse.js: sha512-FeS+rt0H5fSZJJOyIDgTgH4iYkl9VXfgU1EmMtPrJRNFdKlbEkYeSHw8Wg5425+X7QFoqwyguJnenIf6Irp+Aw==
- amis/6.12.0-beta.9/rest.js: sha512-vvtMTaTQITkEJicrMdDOMISmEli13H26oTX4twEG/X61dUEFXhV2RszCJHkRojkz+Y2PT/yf1zO8Kv07HqnmLQ==
- amis/6.12.0-beta.9/cxd-ie11.min.css: sha512-+7uVHRivRM+N5qRmYkm8ocCfNeCfaxUs3OPnV8BAMwnUE3X81OjAT8Pp1hgXXRg5bqfVajhkqyah4+EollGYPA==
- amis/6.12.0-beta.9/dark-ie11.min.css: sha512-Fz1M+Pe+s0WeO6X3KsE/tMTSORR0wUjNkMowAyv1ljfHtPI37tIphqH+pk8bO5MoyVhoaPxR6fTccQv4cHVZcQ==
- amis/6.12.0-beta.9/fomula-doc.js: sha512-vQUymbO5dRIZFFTxPN8rPvu3c9QLomJ6Ory9lL2nFAsl9UtSyLEA3doGA5wCNfHvCORps9e1JGwKKROjBsoVxw==
- amis/6.12.0-beta.9/json-view.js: sha512-U7Kg93DuC9uy/eWBXEJbL8brm84Y+sNsTqOVlr4qPEdcaA+3aM6jP3UNvG5xymP4eQllhAQfPpNvnlQAD8p3Vg==
- amis/6.12.0-beta.9/office-viewer.js: sha512-1pl42m5o83M5CTYkn9AScdlKx6ggMLL9spOGqfBcRg5eFPoQ/RC7W8KsPULykEnBy/MPCqwRqyU6iinGihbOpQ==
- amis/6.12.0-beta.9/pdf-viewer.min.js: sha512-1XXkNr4GGzj8F7PLnK+JdtiBYS+P0IrLM3UWBA8uSU3oagiFo89sGDiLcRsVBTyMjpOLR6KlXhd6Q/budov17g==
- amis/6.12.0-beta.9/tinymce.min.js: sha512-VtPIHZl/SG8R/i5hn91sI8N5LXI+xOKHE43lTbd8OIVWmgXMcKgBoeMaCT6Lm0YKfQPgEqxZkG9o4oyiPzdHyQ==
- amis/6.12.0-beta.9/cxd.css: sha512-iW8ezY1rWdNESU3AyBOtqnNJH4edgLIuqXVoR9JpyPoRXMSIvPtBYPHoV74StM1SaMF08V7K0CqceX42ullgsA==
- amis/6.12.0-beta.9/cxd.min.css: sha512-KnJAwy/oG39Zd2u1u8PHbmW/i05335fOwJX1NSbm46uu6uZm8uVtJCTm/zIxGbnYb05l4CN7fOPXIp5d4Q8pqA==
- amis/6.12.0-beta.9/dark.css: sha512-QKF3fo0S8P1BsRzzJHYocld5vuaCID/tEEiguqpbKBSaBp4eZMsi6yKZXiRspHYJb+PUk0QwwG8p2V73lD4lwA==
- amis/6.12.0-beta.9/iconfont.css: sha512-VOt3BHFLnScxjSNMtYwJsQKkFvirxZUrUL1iVoBhajARE3hOp15xBMrR/qEjrhaJqTehLJf9aefAD2syTgrOug==
- amis/6.12.0-beta.9/sdk.min.css: sha512-KnJAwy/oG39Zd2u1u8PHbmW/i05335fOwJX1NSbm46uu6uZm8uVtJCTm/zIxGbnYb05l4CN7fOPXIp5d4Q8pqA==
- amis/6.12.0-beta.9/antd.css: sha512-8W7u9dEXV+xwnNKPNOFR/Kdhr8rXMta0m//OmSAhrn2qYvAMESi5q4FaI5lNZ6A2fZe46lDSbaZgl8S3TGeHOw==
- amis/6.12.0-beta.9/barcode.min.js: sha512-B5S2JHeg0scXfj72MNY2T2s+i7gczMt+G1t6jwAjkZLg7u6xoRvMmQYm1oQBnm5qitBmde4aG6d/Q8IE+2yCgQ==
- amis/6.12.0-beta.9/cropperjs.min.js: sha512-q2TCKF8rKR/x2ozpHt6yBhO1f4ZYaS4RJdp1fWYrufo0wc/uQmcEZuuN6fDk39MvarEJPjBSadmFMrrj1zbHvg==
- amis/6.12.0-beta.9/rich-text.min.js: sha512-y+nJ+6YjZzDm+SQL15486CLSHOAtuIIz4a4y8gCi3Qy3Ty8kTdQPFr7d28MME56zU9T3TQaNMZ8R8ZEwx2iprQ==
- amis/6.12.0-beta.9/office-viewer.min.js: sha512-/jl4qk98qo7Ic4owOWWSYechdH4hwDcSWjKzJrkelHz4k3dR9F3yTceNhSvjPE9niGeT32XEJtMWIPHSf1EIhg==
- amis/6.12.0-beta.9/antd-ie11.css: sha512-4QdUJBk10J3JLRlqahFBxyrG9BqT9g3Nn/pel2j/ONEqnU+MLsv1/43VIAn+RMfnqGDe2GuIPDXe95lVZP9r2w==
- amis/6.12.0-beta.9/charts.js: sha512-bc8MNiHtzXAYrI56n04L1tP7ygF4ENtn7iP8OLBHe+j7jR7TjJC9v/JrRHFHuMIQza8OXBB3xIYybYyQ03LBlg==
- amis/6.12.0-beta.9/cxd-ie11.css: sha512-BghmxE/4RwVXjiQRLAO4BQJx7bxRFxgnUyfczQQMezzrbmYSY9HdTMlXZZ3HYTq1YRpLqBJuioKIhQsAWv20rQ==
- amis/6.12.0-beta.9/ang-ie11.min.css: sha512-0Nn/79p2vim2Y1BQI6Jw0MU9xITaHT+Bpl/0UHtQ1oL4dLSscMgr1Q3osn0ar5Fh59kYECCrEne97p5fXbCglw==
- amis/6.12.0-beta.9/barcode.js: sha512-y7PbEyIy+w2SA7GeMBNIP91SVXGtyOuRDnWFzhULp5tiUZ07TMQV8HPAi2Hq0vX4spiCdicE79w9IxFZhQOUrA==
