config: {"authors":[{"name":"Google Inc."}],"autoupdate":{"source":"npm","target":"@fontsource/sulphur-point","fileMap":[{"basePath":"","files":["*.css","files/*.@(woff|woff2)"]}],"excludeFromSearch":true},"description":"Self-host the Sulphur Point font in a neatly bundled NPM package.","filename":"index.css","homepage":"https://fontsource.org/fonts/sulphur-point","keywords":["fontsource","font","font family","google fonts","sulphur-point","Sulphur Point","css","sass","front-end","web","typeface","variable"],"license":"OFL-1.1","name":"fontsource-sulphur-point","repository":{"type":"git","url":"git+https://github.com/fontsource/font-files.git"},"author":"Google Inc."}
KV keys:
- fontsource-sulphur-point/5.2.6/300.css.br
- fontsource-sulphur-point/5.2.6/300.css.gz
- fontsource-sulphur-point/5.2.6/300.min.css.br
- fontsource-sulphur-point/5.2.6/300.min.css.gz
- fontsource-sulphur-point/5.2.6/400.css.br
- fontsource-sulphur-point/5.2.6/400.css.gz
- fontsource-sulphur-point/5.2.6/400.min.css.br
- fontsource-sulphur-point/5.2.6/400.min.css.gz
- fontsource-sulphur-point/5.2.6/700.css.br
- fontsource-sulphur-point/5.2.6/700.css.gz
- fontsource-sulphur-point/5.2.6/700.min.css.br
- fontsource-sulphur-point/5.2.6/700.min.css.gz
- fontsource-sulphur-point/5.2.6/files/sulphur-point-latin-300-normal.woff.br
- fontsource-sulphur-point/5.2.6/files/sulphur-point-latin-300-normal.woff.gz
- fontsource-sulphur-point/5.2.6/files/sulphur-point-latin-300-normal.woff2
- fontsource-sulphur-point/5.2.6/files/sulphur-point-latin-400-normal.woff.br
- fontsource-sulphur-point/5.2.6/files/sulphur-point-latin-400-normal.woff.gz
- fontsource-sulphur-point/5.2.6/files/sulphur-point-latin-400-normal.woff2
- fontsource-sulphur-point/5.2.6/files/sulphur-point-latin-700-normal.woff.br
- fontsource-sulphur-point/5.2.6/files/sulphur-point-latin-700-normal.woff.gz
- fontsource-sulphur-point/5.2.6/files/sulphur-point-latin-700-normal.woff2
- fontsource-sulphur-point/5.2.6/files/sulphur-point-latin-ext-300-normal.woff.br
- fontsource-sulphur-point/5.2.6/files/sulphur-point-latin-ext-300-normal.woff.gz
- fontsource-sulphur-point/5.2.6/files/sulphur-point-latin-ext-300-normal.woff2
- fontsource-sulphur-point/5.2.6/files/sulphur-point-latin-ext-400-normal.woff.br
- fontsource-sulphur-point/5.2.6/files/sulphur-point-latin-ext-400-normal.woff.gz
- fontsource-sulphur-point/5.2.6/files/sulphur-point-latin-ext-400-normal.woff2
- fontsource-sulphur-point/5.2.6/files/sulphur-point-latin-ext-700-normal.woff.br
- fontsource-sulphur-point/5.2.6/files/sulphur-point-latin-ext-700-normal.woff.gz
- fontsource-sulphur-point/5.2.6/files/sulphur-point-latin-ext-700-normal.woff2
- fontsource-sulphur-point/5.2.6/index.css.br
- fontsource-sulphur-point/5.2.6/index.css.gz
- fontsource-sulphur-point/5.2.6/index.min.css.br
- fontsource-sulphur-point/5.2.6/index.min.css.gz
- fontsource-sulphur-point/5.2.6/latin-300.css.br
- fontsource-sulphur-point/5.2.6/latin-300.css.gz
- fontsource-sulphur-point/5.2.6/latin-300.min.css.br
- fontsource-sulphur-point/5.2.6/latin-300.min.css.gz
- fontsource-sulphur-point/5.2.6/latin-400.css.br
- fontsource-sulphur-point/5.2.6/latin-400.css.gz
- fontsource-sulphur-point/5.2.6/latin-400.min.css.br
- fontsource-sulphur-point/5.2.6/latin-400.min.css.gz
- fontsource-sulphur-point/5.2.6/latin-700.css.br
- fontsource-sulphur-point/5.2.6/latin-700.css.gz
- fontsource-sulphur-point/5.2.6/latin-700.min.css.br
- fontsource-sulphur-point/5.2.6/latin-700.min.css.gz
- fontsource-sulphur-point/5.2.6/latin-ext-300.css.br
- fontsource-sulphur-point/5.2.6/latin-ext-300.css.gz
- fontsource-sulphur-point/5.2.6/latin-ext-300.min.css.br
- fontsource-sulphur-point/5.2.6/latin-ext-300.min.css.gz
- fontsource-sulphur-point/5.2.6/latin-ext-400.css.br
- fontsource-sulphur-point/5.2.6/latin-ext-400.css.gz
- fontsource-sulphur-point/5.2.6/latin-ext-400.min.css.br
- fontsource-sulphur-point/5.2.6/latin-ext-400.min.css.gz
- fontsource-sulphur-point/5.2.6/latin-ext-700.css.br
- fontsource-sulphur-point/5.2.6/latin-ext-700.css.gz
- fontsource-sulphur-point/5.2.6/latin-ext-700.min.css.br
- fontsource-sulphur-point/5.2.6/latin-ext-700.min.css.gz
- fontsource-sulphur-point/5.2.6/latin-ext.css.br
- fontsource-sulphur-point/5.2.6/latin-ext.css.gz
- fontsource-sulphur-point/5.2.6/latin-ext.min.css.br
- fontsource-sulphur-point/5.2.6/latin-ext.min.css.gz
- fontsource-sulphur-point/5.2.6/latin.css.br
- fontsource-sulphur-point/5.2.6/latin.css.gz
- fontsource-sulphur-point/5.2.6/latin.min.css.br
- fontsource-sulphur-point/5.2.6/latin.min.css.gz
SRIs:
- fontsource-sulphur-point/5.2.6/400.css: sha512-8cFdffAb/CHqO4FPwxpr/T41Vqoac1hoP3TrkSTCWhgs/KmuPC1DVdYLRUWVm8zhuTN545P5r7wMfPas9bmmBw==
- fontsource-sulphur-point/5.2.6/index.css: sha512-8cFdffAb/CHqO4FPwxpr/T41Vqoac1hoP3TrkSTCWhgs/KmuPC1DVdYLRUWVm8zhuTN545P5r7wMfPas9bmmBw==
- fontsource-sulphur-point/5.2.6/index.min.css: sha512-T8m9xoGtVHEVTzd75rs5BlA6Gdh6SJELLCK9MToeT4mJp3vR1257Qdw9affKCedJWwBv5S74jXUrNc0cFxRTsA==
- fontsource-sulphur-point/5.2.6/latin-ext-300.min.css: sha512-YnQPjfOsETgu6s4Ah/YN9IpWGesEV7j81FJ330gtULcBdfaxRPaFnkotskZ9lcedYEJ2XUcxQXUNyDkAE5tRHQ==
- fontsource-sulphur-point/5.2.6/latin-ext.min.css: sha512-ZOESiVgcjovTR5BKcPtvGq8SCJaUv+amLcksYX10ywqd+inqAKGNpZRfSd6xx8fr3ZxOLtEhCsGS68PpmX2MVQ==
- fontsource-sulphur-point/5.2.6/latin-300.css: sha512-WlsFvVMSsul1EOqqHwq+jqDhHX9ARLFffZNV6czNIORgobOQMaFrZguaOipZxYPT5uNKcKgixzhPFX3gN+5x5w==
- fontsource-sulphur-point/5.2.6/latin-400.css: sha512-hlyaLyOQC6S3JxW4mtaBpT0/92rLiB0ZyF2pmaqdaPFcECWDrYIgvJKM4RfVHn2JIyS16fu7Vqqb2wc4iVTGIQ==
- fontsource-sulphur-point/5.2.6/latin-400.min.css: sha512-yQlboKgMUG64NrFsYbZ36PEUMqP/m005Uu83cHyKMTFzl2UgEkN9UFMyRCr44aHEIHBZqRK7dIPnR8HYOFmj3Q==
- fontsource-sulphur-point/5.2.6/latin-700.css: sha512-qugccc8xBoCnl+ptltbq2O1luL7Bo8ZTQ74fV/41xqD+pnzva9z1uMIScjhMIGfTQ1lfpd7s9lmIASmRECXVug==
- fontsource-sulphur-point/5.2.6/latin-ext-400.css: sha512-ohNbl5du1XcI6oa9zp/Q2/XcGeDxWwbVKmgfjl261JTLq3IKb8yMBWyi0d0wOM26rmfQEqYFS7M7LAG7e5vr5Q==
- fontsource-sulphur-point/5.2.6/latin-ext.css: sha512-hhORfFRve6NBGihJoQkvXMrrRnu00TbAODXwvMq6xHg3Ly0kMMbqohjeDNjuaTgAwRQ4UcuzeukIPILv4v8dUw==
- fontsource-sulphur-point/5.2.6/latin-ext-700.css: sha512-zyZztYuy29qH0zEcT6w/1jd32RKXzoZd24gp/FzP+TpNuyerJ9IYRjLiMpHfcqnxhbXnvrn59ApI60ATVJBuzQ==
- fontsource-sulphur-point/5.2.6/latin-ext-700.min.css: sha512-IA6PfIYCtZuup/4yyJDEADuSbRsaEwDOL6rrqoTEAKFDkOvEMSFYBlnMVRetm936DwihswgYWCS5luU7j5D9Mw==
- fontsource-sulphur-point/5.2.6/300.css: sha512-fmA8/DiafLNBhZuwy8cNFjDgs2T8Ql+Gpz1XY10oMXBOQ6HEMJKnTrNq2R9ZyI7GO95M/7VVkxe5PkCIu/9Y5g==
- fontsource-sulphur-point/5.2.6/400.min.css: sha512-T8m9xoGtVHEVTzd75rs5BlA6Gdh6SJELLCK9MToeT4mJp3vR1257Qdw9affKCedJWwBv5S74jXUrNc0cFxRTsA==
- fontsource-sulphur-point/5.2.6/700.css: sha512-lKci2IOUePxjXui57Uy65f1Ipzao7iJP9G/ZwilDq5k4ORbD74Gt6VkoKHtzou/Bu1YKX8Fs7HegYGNb6eARcg==
- fontsource-sulphur-point/5.2.6/700.min.css: sha512-6NnN3aea2X8rH/Ln4XyTr5Rg5MWuYoe9Wc3h7h1BlZhSu1tfhSt/ktfvHECGJGj8h7Hs6YBj45Ub3+Cxy+MB1g==
- fontsource-sulphur-point/5.2.6/latin-300.min.css: sha512-56K2JB6SE3l8py6FVjE2cvt0IewIrsFaqM6k6msSjgVYHQ7/GGzr5cutV/m9ThmVQFnRtenY2sZqVFukh/24Sw==
- fontsource-sulphur-point/5.2.6/latin-ext-300.css: sha512-sMX71h/vYXv4+FjRQTFYz6mdbQ6aZFWUhMb21sFPlv59gNtmiYkyvEHgM8iBcyH9auNucORFZB8JF620lhpkFw==
- fontsource-sulphur-point/5.2.6/300.min.css: sha512-uKUCriBln/po6oj7+z09MDD7wlMhTOMDjzbnRKfl54kh5Shb+qKco8r9ffXtnPHPFNumfOGX88rqRS2Ca5tFZA==
- fontsource-sulphur-point/5.2.6/latin-700.min.css: sha512-ckPD1qwc/WiDR+abjf3KpchlQp0BLGx8fImAqyfUdv84xBPnURvRYAhXYZk+FzMSUzh5uwyQbG9MJFKyUFIvHw==
- fontsource-sulphur-point/5.2.6/latin-ext-400.min.css: sha512-oRLjw5OD65a3d3ubXZ/yCdiuDPM/R5JMoE47JHWpK/mHCPOSJwegFZbLcpRAQI5uKmRc8naopLaGUf2uHF8V2w==
- fontsource-sulphur-point/5.2.6/latin.css: sha512-cL+8Fv9uo04o/fB7R8DyC5mYKmS6K56oQ04sf63y51y1YrLZ8F5VjZYQ/B/l0SeWtuHH0td7aYusKxpyEC/2LA==
- fontsource-sulphur-point/5.2.6/latin.min.css: sha512-DeMXhvEbs5JGrXy6ojYMWUzb7JhvD+jdbiEvQoZo5nzWgQAmxZAg9IJ3BgiWep1oErlrvGv9mqtsrqA8pAIJtg==
