Files:
- clerk-js/5.63.6-canary.v20250502191939/192_clerk.browser_8bbc48_5.63.6-canary.v20250502191939.js.br
- clerk-js/5.63.6-canary.v20250502191939/192_clerk.browser_8bbc48_5.63.6-canary.v20250502191939.js.gz
- clerk-js/5.63.6-canary.v20250502191939/192_clerk.browser_8bbc48_5.63.6-canary.v20250502191939.js.sri
- clerk-js/5.63.6-canary.v20250502191939/192_clerk.browser_8bbc48_5.63.6-canary.v20250502191939.min.js.br
- clerk-js/5.63.6-canary.v20250502191939/192_clerk.browser_8bbc48_5.63.6-canary.v20250502191939.min.js.gz
- clerk-js/5.63.6-canary.v20250502191939/192_clerk.browser_8bbc48_5.63.6-canary.v20250502191939.min.js.sri
- clerk-js/5.63.6-canary.v20250502191939/192_clerk.chips.browser_01bfbc_5.63.6-canary.v20250502191939.js.br
- clerk-js/5.63.6-canary.v20250502191939/192_clerk.chips.browser_01bfbc_5.63.6-canary.v20250502191939.js.gz
- clerk-js/5.63.6-canary.v20250502191939/192_clerk.chips.browser_01bfbc_5.63.6-canary.v20250502191939.js.sri
- clerk-js/5.63.6-canary.v20250502191939/192_clerk.chips.browser_01bfbc_5.63.6-canary.v20250502191939.min.js.br
- clerk-js/5.63.6-canary.v20250502191939/192_clerk.chips.browser_01bfbc_5.63.6-canary.v20250502191939.min.js.gz
- clerk-js/5.63.6-canary.v20250502191939/192_clerk.chips.browser_01bfbc_5.63.6-canary.v20250502191939.min.js.sri
- clerk-js/5.63.6-canary.v20250502191939/192_clerk.legacy.browser_82cc52_5.63.6-canary.v20250502191939.js.br
- clerk-js/5.63.6-canary.v20250502191939/192_clerk.legacy.browser_82cc52_5.63.6-canary.v20250502191939.js.gz
- clerk-js/5.63.6-canary.v20250502191939/192_clerk.legacy.browser_82cc52_5.63.6-canary.v20250502191939.js.sri
- clerk-js/5.63.6-canary.v20250502191939/192_clerk.legacy.browser_82cc52_5.63.6-canary.v20250502191939.min.js.br
- clerk-js/5.63.6-canary.v20250502191939/192_clerk.legacy.browser_82cc52_5.63.6-canary.v20250502191939.min.js.gz
- clerk-js/5.63.6-canary.v20250502191939/192_clerk.legacy.browser_82cc52_5.63.6-canary.v20250502191939.min.js.sri
- clerk-js/5.63.6-canary.v20250502191939/377_clerk.headless_19c0c1_5.63.6-canary.v20250502191939.js.br
- clerk-js/5.63.6-canary.v20250502191939/377_clerk.headless_19c0c1_5.63.6-canary.v20250502191939.js.gz
- clerk-js/5.63.6-canary.v20250502191939/377_clerk.headless_19c0c1_5.63.6-canary.v20250502191939.js.sri
- clerk-js/5.63.6-canary.v20250502191939/377_clerk.headless_19c0c1_5.63.6-canary.v20250502191939.min.js.br
- clerk-js/5.63.6-canary.v20250502191939/377_clerk.headless_19c0c1_5.63.6-canary.v20250502191939.min.js.gz
- clerk-js/5.63.6-canary.v20250502191939/377_clerk.headless_19c0c1_5.63.6-canary.v20250502191939.min.js.sri
- clerk-js/5.63.6-canary.v20250502191939/66_clerk.browser_8bbc48_5.63.6-canary.v20250502191939.js.br
- clerk-js/5.63.6-canary.v20250502191939/66_clerk.browser_8bbc48_5.63.6-canary.v20250502191939.js.gz
- clerk-js/5.63.6-canary.v20250502191939/66_clerk.browser_8bbc48_5.63.6-canary.v20250502191939.js.sri
- clerk-js/5.63.6-canary.v20250502191939/66_clerk.browser_8bbc48_5.63.6-canary.v20250502191939.min.js.br
- clerk-js/5.63.6-canary.v20250502191939/66_clerk.browser_8bbc48_5.63.6-canary.v20250502191939.min.js.gz
- clerk-js/5.63.6-canary.v20250502191939/66_clerk.browser_8bbc48_5.63.6-canary.v20250502191939.min.js.sri
- clerk-js/5.63.6-canary.v20250502191939/66_clerk.chips.browser_01bfbc_5.63.6-canary.v20250502191939.js.br
- clerk-js/5.63.6-canary.v20250502191939/66_clerk.chips.browser_01bfbc_5.63.6-canary.v20250502191939.js.gz
- clerk-js/5.63.6-canary.v20250502191939/66_clerk.chips.browser_01bfbc_5.63.6-canary.v20250502191939.js.sri
- clerk-js/5.63.6-canary.v20250502191939/66_clerk.chips.browser_01bfbc_5.63.6-canary.v20250502191939.min.js.br
- clerk-js/5.63.6-canary.v20250502191939/66_clerk.chips.browser_01bfbc_5.63.6-canary.v20250502191939.min.js.gz
- clerk-js/5.63.6-canary.v20250502191939/66_clerk.chips.browser_01bfbc_5.63.6-canary.v20250502191939.min.js.sri
- clerk-js/5.63.6-canary.v20250502191939/66_clerk.legacy.browser_82cc52_5.63.6-canary.v20250502191939.js.br
- clerk-js/5.63.6-canary.v20250502191939/66_clerk.legacy.browser_82cc52_5.63.6-canary.v20250502191939.js.gz
- clerk-js/5.63.6-canary.v20250502191939/66_clerk.legacy.browser_82cc52_5.63.6-canary.v20250502191939.js.sri
- clerk-js/5.63.6-canary.v20250502191939/66_clerk.legacy.browser_82cc52_5.63.6-canary.v20250502191939.min.js.br
- clerk-js/5.63.6-canary.v20250502191939/66_clerk.legacy.browser_82cc52_5.63.6-canary.v20250502191939.min.js.gz
- clerk-js/5.63.6-canary.v20250502191939/66_clerk.legacy.browser_82cc52_5.63.6-canary.v20250502191939.min.js.sri
- clerk-js/5.63.6-canary.v20250502191939/890_clerk.headless_19c0c1_5.63.6-canary.v20250502191939.js.br
- clerk-js/5.63.6-canary.v20250502191939/890_clerk.headless_19c0c1_5.63.6-canary.v20250502191939.js.gz
- clerk-js/5.63.6-canary.v20250502191939/890_clerk.headless_19c0c1_5.63.6-canary.v20250502191939.js.sri
- clerk-js/5.63.6-canary.v20250502191939/890_clerk.headless_19c0c1_5.63.6-canary.v20250502191939.min.js.br
- clerk-js/5.63.6-canary.v20250502191939/890_clerk.headless_19c0c1_5.63.6-canary.v20250502191939.min.js.gz
- clerk-js/5.63.6-canary.v20250502191939/890_clerk.headless_19c0c1_5.63.6-canary.v20250502191939.min.js.sri
- clerk-js/5.63.6-canary.v20250502191939/965_clerk.headless_19c0c1_5.63.6-canary.v20250502191939.js.br
- clerk-js/5.63.6-canary.v20250502191939/965_clerk.headless_19c0c1_5.63.6-canary.v20250502191939.js.gz
- clerk-js/5.63.6-canary.v20250502191939/965_clerk.headless_19c0c1_5.63.6-canary.v20250502191939.js.sri
- clerk-js/5.63.6-canary.v20250502191939/965_clerk.headless_19c0c1_5.63.6-canary.v20250502191939.min.js.br
- clerk-js/5.63.6-canary.v20250502191939/965_clerk.headless_19c0c1_5.63.6-canary.v20250502191939.min.js.gz
- clerk-js/5.63.6-canary.v20250502191939/965_clerk.headless_19c0c1_5.63.6-canary.v20250502191939.min.js.sri
- clerk-js/5.63.6-canary.v20250502191939/blankcaptcha_clerk.browser_8bbc48_5.63.6-canary.v20250502191939.js.br
- clerk-js/5.63.6-canary.v20250502191939/blankcaptcha_clerk.browser_8bbc48_5.63.6-canary.v20250502191939.js.gz
- clerk-js/5.63.6-canary.v20250502191939/blankcaptcha_clerk.browser_8bbc48_5.63.6-canary.v20250502191939.js.sri
- clerk-js/5.63.6-canary.v20250502191939/blankcaptcha_clerk.browser_8bbc48_5.63.6-canary.v20250502191939.min.js.br
- clerk-js/5.63.6-canary.v20250502191939/blankcaptcha_clerk.browser_8bbc48_5.63.6-canary.v20250502191939.min.js.gz
- clerk-js/5.63.6-canary.v20250502191939/blankcaptcha_clerk.browser_8bbc48_5.63.6-canary.v20250502191939.min.js.sri
- clerk-js/5.63.6-canary.v20250502191939/blankcaptcha_clerk.chips.browser_01bfbc_5.63.6-canary.v20250502191939.js.br
- clerk-js/5.63.6-canary.v20250502191939/blankcaptcha_clerk.chips.browser_01bfbc_5.63.6-canary.v20250502191939.js.gz
- clerk-js/5.63.6-canary.v20250502191939/blankcaptcha_clerk.chips.browser_01bfbc_5.63.6-canary.v20250502191939.js.sri
- clerk-js/5.63.6-canary.v20250502191939/blankcaptcha_clerk.chips.browser_01bfbc_5.63.6-canary.v20250502191939.min.js.br
- clerk-js/5.63.6-canary.v20250502191939/blankcaptcha_clerk.chips.browser_01bfbc_5.63.6-canary.v20250502191939.min.js.gz
- clerk-js/5.63.6-canary.v20250502191939/blankcaptcha_clerk.chips.browser_01bfbc_5.63.6-canary.v20250502191939.min.js.sri
- clerk-js/5.63.6-canary.v20250502191939/blankcaptcha_clerk.legacy.browser_82cc52_5.63.6-canary.v20250502191939.js.br
- clerk-js/5.63.6-canary.v20250502191939/blankcaptcha_clerk.legacy.browser_82cc52_5.63.6-canary.v20250502191939.js.gz
- clerk-js/5.63.6-canary.v20250502191939/blankcaptcha_clerk.legacy.browser_82cc52_5.63.6-canary.v20250502191939.js.sri
- clerk-js/5.63.6-canary.v20250502191939/blankcaptcha_clerk.legacy.browser_82cc52_5.63.6-canary.v20250502191939.min.js.br
- clerk-js/5.63.6-canary.v20250502191939/blankcaptcha_clerk.legacy.browser_82cc52_5.63.6-canary.v20250502191939.min.js.gz
- clerk-js/5.63.6-canary.v20250502191939/blankcaptcha_clerk.legacy.browser_82cc52_5.63.6-canary.v20250502191939.min.js.sri
- clerk-js/5.63.6-canary.v20250502191939/checkout_clerk.browser_8bbc48_5.63.6-canary.v20250502191939.js.br
- clerk-js/5.63.6-canary.v20250502191939/checkout_clerk.browser_8bbc48_5.63.6-canary.v20250502191939.js.gz
- clerk-js/5.63.6-canary.v20250502191939/checkout_clerk.browser_8bbc48_5.63.6-canary.v20250502191939.js.sri
- clerk-js/5.63.6-canary.v20250502191939/checkout_clerk.browser_8bbc48_5.63.6-canary.v20250502191939.min.js.br
- clerk-js/5.63.6-canary.v20250502191939/checkout_clerk.browser_8bbc48_5.63.6-canary.v20250502191939.min.js.gz
- clerk-js/5.63.6-canary.v20250502191939/checkout_clerk.browser_8bbc48_5.63.6-canary.v20250502191939.min.js.sri
- clerk-js/5.63.6-canary.v20250502191939/checkout_clerk.chips.browser_01bfbc_5.63.6-canary.v20250502191939.js.br
- clerk-js/5.63.6-canary.v20250502191939/checkout_clerk.chips.browser_01bfbc_5.63.6-canary.v20250502191939.js.gz
- clerk-js/5.63.6-canary.v20250502191939/checkout_clerk.chips.browser_01bfbc_5.63.6-canary.v20250502191939.js.sri
- clerk-js/5.63.6-canary.v20250502191939/checkout_clerk.chips.browser_01bfbc_5.63.6-canary.v20250502191939.min.js.br
- clerk-js/5.63.6-canary.v20250502191939/checkout_clerk.chips.browser_01bfbc_5.63.6-canary.v20250502191939.min.js.gz
- clerk-js/5.63.6-canary.v20250502191939/checkout_clerk.chips.browser_01bfbc_5.63.6-canary.v20250502191939.min.js.sri
- clerk-js/5.63.6-canary.v20250502191939/checkout_clerk.legacy.browser_82cc52_5.63.6-canary.v20250502191939.js.br
- clerk-js/5.63.6-canary.v20250502191939/checkout_clerk.legacy.browser_82cc52_5.63.6-canary.v20250502191939.js.gz
- clerk-js/5.63.6-canary.v20250502191939/checkout_clerk.legacy.browser_82cc52_5.63.6-canary.v20250502191939.js.sri
- clerk-js/5.63.6-canary.v20250502191939/checkout_clerk.legacy.browser_82cc52_5.63.6-canary.v20250502191939.min.js.br
- clerk-js/5.63.6-canary.v20250502191939/checkout_clerk.legacy.browser_82cc52_5.63.6-canary.v20250502191939.min.js.gz
- clerk-js/5.63.6-canary.v20250502191939/checkout_clerk.legacy.browser_82cc52_5.63.6-canary.v20250502191939.min.js.sri
- clerk-js/5.63.6-canary.v20250502191939/clerk.browser.js.br
- clerk-js/5.63.6-canary.v20250502191939/clerk.browser.js.gz
- clerk-js/5.63.6-canary.v20250502191939/clerk.browser.js.sri
- clerk-js/5.63.6-canary.v20250502191939/clerk.browser.min.js.br
- clerk-js/5.63.6-canary.v20250502191939/clerk.browser.min.js.gz
- clerk-js/5.63.6-canary.v20250502191939/clerk.browser.min.js.sri
- clerk-js/5.63.6-canary.v20250502191939/clerk.chips.browser.js.br
- clerk-js/5.63.6-canary.v20250502191939/clerk.chips.browser.js.gz
- clerk-js/5.63.6-canary.v20250502191939/clerk.chips.browser.js.sri
- clerk-js/5.63.6-canary.v20250502191939/clerk.chips.browser.min.js.br
- clerk-js/5.63.6-canary.v20250502191939/clerk.chips.browser.min.js.gz
- clerk-js/5.63.6-canary.v20250502191939/clerk.chips.browser.min.js.sri
- clerk-js/5.63.6-canary.v20250502191939/clerk.headless.browser.js.br
- clerk-js/5.63.6-canary.v20250502191939/clerk.headless.browser.js.gz
- clerk-js/5.63.6-canary.v20250502191939/clerk.headless.browser.js.sri
- clerk-js/5.63.6-canary.v20250502191939/clerk.headless.browser.min.js.br
- clerk-js/5.63.6-canary.v20250502191939/clerk.headless.browser.min.js.gz
- clerk-js/5.63.6-canary.v20250502191939/clerk.headless.browser.min.js.sri
- clerk-js/5.63.6-canary.v20250502191939/clerk.headless.js.br
- clerk-js/5.63.6-canary.v20250502191939/clerk.headless.js.gz
- clerk-js/5.63.6-canary.v20250502191939/clerk.headless.js.sri
- clerk-js/5.63.6-canary.v20250502191939/clerk.headless.min.js.br
- clerk-js/5.63.6-canary.v20250502191939/clerk.headless.min.js.gz
- clerk-js/5.63.6-canary.v20250502191939/clerk.headless.min.js.sri
- clerk-js/5.63.6-canary.v20250502191939/clerk.js.br
- clerk-js/5.63.6-canary.v20250502191939/clerk.js.gz
- clerk-js/5.63.6-canary.v20250502191939/clerk.js.sri
- clerk-js/5.63.6-canary.v20250502191939/clerk.legacy.browser.js.br
- clerk-js/5.63.6-canary.v20250502191939/clerk.legacy.browser.js.gz
- clerk-js/5.63.6-canary.v20250502191939/clerk.legacy.browser.js.sri
- clerk-js/5.63.6-canary.v20250502191939/clerk.legacy.browser.min.js.br
- clerk-js/5.63.6-canary.v20250502191939/clerk.legacy.browser.min.js.gz
- clerk-js/5.63.6-canary.v20250502191939/clerk.legacy.browser.min.js.sri
- clerk-js/5.63.6-canary.v20250502191939/clerk.min.js.br
- clerk-js/5.63.6-canary.v20250502191939/clerk.min.js.gz
- clerk-js/5.63.6-canary.v20250502191939/clerk.min.js.sri
- clerk-js/5.63.6-canary.v20250502191939/clerk.mjs.br
- clerk-js/5.63.6-canary.v20250502191939/clerk.mjs.gz
- clerk-js/5.63.6-canary.v20250502191939/clerk.no-rhc.js.br
- clerk-js/5.63.6-canary.v20250502191939/clerk.no-rhc.js.gz
- clerk-js/5.63.6-canary.v20250502191939/clerk.no-rhc.js.sri
- clerk-js/5.63.6-canary.v20250502191939/clerk.no-rhc.min.js.br
- clerk-js/5.63.6-canary.v20250502191939/clerk.no-rhc.min.js.gz
- clerk-js/5.63.6-canary.v20250502191939/clerk.no-rhc.min.js.sri
- clerk-js/5.63.6-canary.v20250502191939/clerk.no-rhc.mjs.br
- clerk-js/5.63.6-canary.v20250502191939/clerk.no-rhc.mjs.gz
- clerk-js/5.63.6-canary.v20250502191939/coinbase-wallet-sdk_clerk.browser_8bbc48_5.63.6-canary.v20250502191939.js.br
- clerk-js/5.63.6-canary.v20250502191939/coinbase-wallet-sdk_clerk.browser_8bbc48_5.63.6-canary.v20250502191939.js.gz
- clerk-js/5.63.6-canary.v20250502191939/coinbase-wallet-sdk_clerk.browser_8bbc48_5.63.6-canary.v20250502191939.js.sri
- clerk-js/5.63.6-canary.v20250502191939/coinbase-wallet-sdk_clerk.browser_8bbc48_5.63.6-canary.v20250502191939.min.js.br
- clerk-js/5.63.6-canary.v20250502191939/coinbase-wallet-sdk_clerk.browser_8bbc48_5.63.6-canary.v20250502191939.min.js.gz
- clerk-js/5.63.6-canary.v20250502191939/coinbase-wallet-sdk_clerk.browser_8bbc48_5.63.6-canary.v20250502191939.min.js.sri
- clerk-js/5.63.6-canary.v20250502191939/coinbase-wallet-sdk_clerk.chips.browser_01bfbc_5.63.6-canary.v20250502191939.js.br
- clerk-js/5.63.6-canary.v20250502191939/coinbase-wallet-sdk_clerk.chips.browser_01bfbc_5.63.6-canary.v20250502191939.js.gz
- clerk-js/5.63.6-canary.v20250502191939/coinbase-wallet-sdk_clerk.chips.browser_01bfbc_5.63.6-canary.v20250502191939.js.sri
- clerk-js/5.63.6-canary.v20250502191939/coinbase-wallet-sdk_clerk.chips.browser_01bfbc_5.63.6-canary.v20250502191939.min.js.br
- clerk-js/5.63.6-canary.v20250502191939/coinbase-wallet-sdk_clerk.chips.browser_01bfbc_5.63.6-canary.v20250502191939.min.js.gz
- clerk-js/5.63.6-canary.v20250502191939/coinbase-wallet-sdk_clerk.chips.browser_01bfbc_5.63.6-canary.v20250502191939.min.js.sri
- clerk-js/5.63.6-canary.v20250502191939/coinbase-wallet-sdk_clerk.headless.browser_abec23_5.63.6-canary.v20250502191939.js.br
- clerk-js/5.63.6-canary.v20250502191939/coinbase-wallet-sdk_clerk.headless.browser_abec23_5.63.6-canary.v20250502191939.js.gz
- clerk-js/5.63.6-canary.v20250502191939/coinbase-wallet-sdk_clerk.headless.browser_abec23_5.63.6-canary.v20250502191939.js.sri
- clerk-js/5.63.6-canary.v20250502191939/coinbase-wallet-sdk_clerk.headless.browser_abec23_5.63.6-canary.v20250502191939.min.js.br
- clerk-js/5.63.6-canary.v20250502191939/coinbase-wallet-sdk_clerk.headless.browser_abec23_5.63.6-canary.v20250502191939.min.js.gz
- clerk-js/5.63.6-canary.v20250502191939/coinbase-wallet-sdk_clerk.headless.browser_abec23_5.63.6-canary.v20250502191939.min.js.sri
- clerk-js/5.63.6-canary.v20250502191939/coinbase-wallet-sdk_clerk.legacy.browser_82cc52_5.63.6-canary.v20250502191939.js.br
- clerk-js/5.63.6-canary.v20250502191939/coinbase-wallet-sdk_clerk.legacy.browser_82cc52_5.63.6-canary.v20250502191939.js.gz
- clerk-js/5.63.6-canary.v20250502191939/coinbase-wallet-sdk_clerk.legacy.browser_82cc52_5.63.6-canary.v20250502191939.js.sri
- clerk-js/5.63.6-canary.v20250502191939/coinbase-wallet-sdk_clerk.legacy.browser_82cc52_5.63.6-canary.v20250502191939.min.js.br
- clerk-js/5.63.6-canary.v20250502191939/coinbase-wallet-sdk_clerk.legacy.browser_82cc52_5.63.6-canary.v20250502191939.min.js.gz
- clerk-js/5.63.6-canary.v20250502191939/coinbase-wallet-sdk_clerk.legacy.browser_82cc52_5.63.6-canary.v20250502191939.min.js.sri
- clerk-js/5.63.6-canary.v20250502191939/cookieSuffix_clerk.browser_8bbc48_5.63.6-canary.v20250502191939.js.br
- clerk-js/5.63.6-canary.v20250502191939/cookieSuffix_clerk.browser_8bbc48_5.63.6-canary.v20250502191939.js.gz
- clerk-js/5.63.6-canary.v20250502191939/cookieSuffix_clerk.browser_8bbc48_5.63.6-canary.v20250502191939.js.sri
- clerk-js/5.63.6-canary.v20250502191939/cookieSuffix_clerk.browser_8bbc48_5.63.6-canary.v20250502191939.min.js.br
- clerk-js/5.63.6-canary.v20250502191939/cookieSuffix_clerk.browser_8bbc48_5.63.6-canary.v20250502191939.min.js.gz
- clerk-js/5.63.6-canary.v20250502191939/cookieSuffix_clerk.browser_8bbc48_5.63.6-canary.v20250502191939.min.js.sri
- clerk-js/5.63.6-canary.v20250502191939/cookieSuffix_clerk.chips.browser_01bfbc_5.63.6-canary.v20250502191939.js.br
- clerk-js/5.63.6-canary.v20250502191939/cookieSuffix_clerk.chips.browser_01bfbc_5.63.6-canary.v20250502191939.js.gz
- clerk-js/5.63.6-canary.v20250502191939/cookieSuffix_clerk.chips.browser_01bfbc_5.63.6-canary.v20250502191939.js.sri
- clerk-js/5.63.6-canary.v20250502191939/cookieSuffix_clerk.chips.browser_01bfbc_5.63.6-canary.v20250502191939.min.js.br
- clerk-js/5.63.6-canary.v20250502191939/cookieSuffix_clerk.chips.browser_01bfbc_5.63.6-canary.v20250502191939.min.js.gz
- clerk-js/5.63.6-canary.v20250502191939/cookieSuffix_clerk.chips.browser_01bfbc_5.63.6-canary.v20250502191939.min.js.sri
- clerk-js/5.63.6-canary.v20250502191939/cookieSuffix_clerk.headless.browser_abec23_5.63.6-canary.v20250502191939.js.br
- clerk-js/5.63.6-canary.v20250502191939/cookieSuffix_clerk.headless.browser_abec23_5.63.6-canary.v20250502191939.js.gz
- clerk-js/5.63.6-canary.v20250502191939/cookieSuffix_clerk.headless.browser_abec23_5.63.6-canary.v20250502191939.js.sri
- clerk-js/5.63.6-canary.v20250502191939/cookieSuffix_clerk.headless.browser_abec23_5.63.6-canary.v20250502191939.min.js.br
- clerk-js/5.63.6-canary.v20250502191939/cookieSuffix_clerk.headless.browser_abec23_5.63.6-canary.v20250502191939.min.js.gz
- clerk-js/5.63.6-canary.v20250502191939/cookieSuffix_clerk.headless.browser_abec23_5.63.6-canary.v20250502191939.min.js.sri
- clerk-js/5.63.6-canary.v20250502191939/cookieSuffix_clerk.headless_19c0c1_5.63.6-canary.v20250502191939.js.br
- clerk-js/5.63.6-canary.v20250502191939/cookieSuffix_clerk.headless_19c0c1_5.63.6-canary.v20250502191939.js.gz
- clerk-js/5.63.6-canary.v20250502191939/cookieSuffix_clerk.headless_19c0c1_5.63.6-canary.v20250502191939.js.sri
- clerk-js/5.63.6-canary.v20250502191939/cookieSuffix_clerk.headless_19c0c1_5.63.6-canary.v20250502191939.min.js.br
- clerk-js/5.63.6-canary.v20250502191939/cookieSuffix_clerk.headless_19c0c1_5.63.6-canary.v20250502191939.min.js.gz
- clerk-js/5.63.6-canary.v20250502191939/cookieSuffix_clerk.headless_19c0c1_5.63.6-canary.v20250502191939.min.js.sri
- clerk-js/5.63.6-canary.v20250502191939/cookieSuffix_clerk.legacy.browser_82cc52_5.63.6-canary.v20250502191939.js.br
- clerk-js/5.63.6-canary.v20250502191939/cookieSuffix_clerk.legacy.browser_82cc52_5.63.6-canary.v20250502191939.js.gz
- clerk-js/5.63.6-canary.v20250502191939/cookieSuffix_clerk.legacy.browser_82cc52_5.63.6-canary.v20250502191939.js.sri
- clerk-js/5.63.6-canary.v20250502191939/cookieSuffix_clerk.legacy.browser_82cc52_5.63.6-canary.v20250502191939.min.js.br
- clerk-js/5.63.6-canary.v20250502191939/cookieSuffix_clerk.legacy.browser_82cc52_5.63.6-canary.v20250502191939.min.js.gz
- clerk-js/5.63.6-canary.v20250502191939/cookieSuffix_clerk.legacy.browser_82cc52_5.63.6-canary.v20250502191939.min.js.sri
- clerk-js/5.63.6-canary.v20250502191939/createorganization_clerk.browser_8bbc48_5.63.6-canary.v20250502191939.js.br
- clerk-js/5.63.6-canary.v20250502191939/createorganization_clerk.browser_8bbc48_5.63.6-canary.v20250502191939.js.gz
- clerk-js/5.63.6-canary.v20250502191939/createorganization_clerk.browser_8bbc48_5.63.6-canary.v20250502191939.js.sri
- clerk-js/5.63.6-canary.v20250502191939/createorganization_clerk.browser_8bbc48_5.63.6-canary.v20250502191939.min.js.br
- clerk-js/5.63.6-canary.v20250502191939/createorganization_clerk.browser_8bbc48_5.63.6-canary.v20250502191939.min.js.gz
- clerk-js/5.63.6-canary.v20250502191939/createorganization_clerk.browser_8bbc48_5.63.6-canary.v20250502191939.min.js.sri
- clerk-js/5.63.6-canary.v20250502191939/createorganization_clerk.chips.browser_01bfbc_5.63.6-canary.v20250502191939.js.br
- clerk-js/5.63.6-canary.v20250502191939/createorganization_clerk.chips.browser_01bfbc_5.63.6-canary.v20250502191939.js.gz
- clerk-js/5.63.6-canary.v20250502191939/createorganization_clerk.chips.browser_01bfbc_5.63.6-canary.v20250502191939.js.sri
- clerk-js/5.63.6-canary.v20250502191939/createorganization_clerk.chips.browser_01bfbc_5.63.6-canary.v20250502191939.min.js.br
- clerk-js/5.63.6-canary.v20250502191939/createorganization_clerk.chips.browser_01bfbc_5.63.6-canary.v20250502191939.min.js.gz
- clerk-js/5.63.6-canary.v20250502191939/createorganization_clerk.chips.browser_01bfbc_5.63.6-canary.v20250502191939.min.js.sri
- clerk-js/5.63.6-canary.v20250502191939/createorganization_clerk.legacy.browser_82cc52_5.63.6-canary.v20250502191939.js.br
- clerk-js/5.63.6-canary.v20250502191939/createorganization_clerk.legacy.browser_82cc52_5.63.6-canary.v20250502191939.js.gz
- clerk-js/5.63.6-canary.v20250502191939/createorganization_clerk.legacy.browser_82cc52_5.63.6-canary.v20250502191939.js.sri
- clerk-js/5.63.6-canary.v20250502191939/createorganization_clerk.legacy.browser_82cc52_5.63.6-canary.v20250502191939.min.js.br
- clerk-js/5.63.6-canary.v20250502191939/createorganization_clerk.legacy.browser_82cc52_5.63.6-canary.v20250502191939.min.js.gz
- clerk-js/5.63.6-canary.v20250502191939/createorganization_clerk.legacy.browser_82cc52_5.63.6-canary.v20250502191939.min.js.sri
- clerk-js/5.63.6-canary.v20250502191939/framework_clerk.browser_8bbc48_5.63.6-canary.v20250502191939.js.br
- clerk-js/5.63.6-canary.v20250502191939/framework_clerk.browser_8bbc48_5.63.6-canary.v20250502191939.js.gz
- clerk-js/5.63.6-canary.v20250502191939/framework_clerk.browser_8bbc48_5.63.6-canary.v20250502191939.js.sri
- clerk-js/5.63.6-canary.v20250502191939/framework_clerk.browser_8bbc48_5.63.6-canary.v20250502191939.min.js.br
- clerk-js/5.63.6-canary.v20250502191939/framework_clerk.browser_8bbc48_5.63.6-canary.v20250502191939.min.js.gz
- clerk-js/5.63.6-canary.v20250502191939/framework_clerk.browser_8bbc48_5.63.6-canary.v20250502191939.min.js.sri
- clerk-js/5.63.6-canary.v20250502191939/framework_clerk.chips.browser_01bfbc_5.63.6-canary.v20250502191939.js.br
- clerk-js/5.63.6-canary.v20250502191939/framework_clerk.chips.browser_01bfbc_5.63.6-canary.v20250502191939.js.gz
- clerk-js/5.63.6-canary.v20250502191939/framework_clerk.chips.browser_01bfbc_5.63.6-canary.v20250502191939.js.sri
- clerk-js/5.63.6-canary.v20250502191939/framework_clerk.chips.browser_01bfbc_5.63.6-canary.v20250502191939.min.js.br
- clerk-js/5.63.6-canary.v20250502191939/framework_clerk.chips.browser_01bfbc_5.63.6-canary.v20250502191939.min.js.gz
- clerk-js/5.63.6-canary.v20250502191939/framework_clerk.chips.browser_01bfbc_5.63.6-canary.v20250502191939.min.js.sri
- clerk-js/5.63.6-canary.v20250502191939/framework_clerk.legacy.browser_82cc52_5.63.6-canary.v20250502191939.js.br
- clerk-js/5.63.6-canary.v20250502191939/framework_clerk.legacy.browser_82cc52_5.63.6-canary.v20250502191939.js.gz
- clerk-js/5.63.6-canary.v20250502191939/framework_clerk.legacy.browser_82cc52_5.63.6-canary.v20250502191939.js.sri
- clerk-js/5.63.6-canary.v20250502191939/framework_clerk.legacy.browser_82cc52_5.63.6-canary.v20250502191939.min.js.br
- clerk-js/5.63.6-canary.v20250502191939/framework_clerk.legacy.browser_82cc52_5.63.6-canary.v20250502191939.min.js.gz
- clerk-js/5.63.6-canary.v20250502191939/framework_clerk.legacy.browser_82cc52_5.63.6-canary.v20250502191939.min.js.sri
- clerk-js/5.63.6-canary.v20250502191939/impersonationfab_clerk.browser_8bbc48_5.63.6-canary.v20250502191939.js.br
- clerk-js/5.63.6-canary.v20250502191939/impersonationfab_clerk.browser_8bbc48_5.63.6-canary.v20250502191939.js.gz
- clerk-js/5.63.6-canary.v20250502191939/impersonationfab_clerk.browser_8bbc48_5.63.6-canary.v20250502191939.js.sri
- clerk-js/5.63.6-canary.v20250502191939/impersonationfab_clerk.browser_8bbc48_5.63.6-canary.v20250502191939.min.js.br
- clerk-js/5.63.6-canary.v20250502191939/impersonationfab_clerk.browser_8bbc48_5.63.6-canary.v20250502191939.min.js.gz
- clerk-js/5.63.6-canary.v20250502191939/impersonationfab_clerk.browser_8bbc48_5.63.6-canary.v20250502191939.min.js.sri
- clerk-js/5.63.6-canary.v20250502191939/impersonationfab_clerk.chips.browser_01bfbc_5.63.6-canary.v20250502191939.js.br
- clerk-js/5.63.6-canary.v20250502191939/impersonationfab_clerk.chips.browser_01bfbc_5.63.6-canary.v20250502191939.js.gz
- clerk-js/5.63.6-canary.v20250502191939/impersonationfab_clerk.chips.browser_01bfbc_5.63.6-canary.v20250502191939.js.sri
- clerk-js/5.63.6-canary.v20250502191939/impersonationfab_clerk.chips.browser_01bfbc_5.63.6-canary.v20250502191939.min.js.br
- clerk-js/5.63.6-canary.v20250502191939/impersonationfab_clerk.chips.browser_01bfbc_5.63.6-canary.v20250502191939.min.js.gz
- clerk-js/5.63.6-canary.v20250502191939/impersonationfab_clerk.chips.browser_01bfbc_5.63.6-canary.v20250502191939.min.js.sri
- clerk-js/5.63.6-canary.v20250502191939/impersonationfab_clerk.legacy.browser_82cc52_5.63.6-canary.v20250502191939.js.br
- clerk-js/5.63.6-canary.v20250502191939/impersonationfab_clerk.legacy.browser_82cc52_5.63.6-canary.v20250502191939.js.gz
- clerk-js/5.63.6-canary.v20250502191939/impersonationfab_clerk.legacy.browser_82cc52_5.63.6-canary.v20250502191939.js.sri
- clerk-js/5.63.6-canary.v20250502191939/impersonationfab_clerk.legacy.browser_82cc52_5.63.6-canary.v20250502191939.min.js.br
- clerk-js/5.63.6-canary.v20250502191939/impersonationfab_clerk.legacy.browser_82cc52_5.63.6-canary.v20250502191939.min.js.gz
- clerk-js/5.63.6-canary.v20250502191939/impersonationfab_clerk.legacy.browser_82cc52_5.63.6-canary.v20250502191939.min.js.sri
- clerk-js/5.63.6-canary.v20250502191939/keylessPrompt_clerk.browser_8bbc48_5.63.6-canary.v20250502191939.js.br
- clerk-js/5.63.6-canary.v20250502191939/keylessPrompt_clerk.browser_8bbc48_5.63.6-canary.v20250502191939.js.gz
- clerk-js/5.63.6-canary.v20250502191939/keylessPrompt_clerk.browser_8bbc48_5.63.6-canary.v20250502191939.js.sri
- clerk-js/5.63.6-canary.v20250502191939/keylessPrompt_clerk.browser_8bbc48_5.63.6-canary.v20250502191939.min.js.br
- clerk-js/5.63.6-canary.v20250502191939/keylessPrompt_clerk.browser_8bbc48_5.63.6-canary.v20250502191939.min.js.gz
- clerk-js/5.63.6-canary.v20250502191939/keylessPrompt_clerk.browser_8bbc48_5.63.6-canary.v20250502191939.min.js.sri
- clerk-js/5.63.6-canary.v20250502191939/keylessPrompt_clerk.chips.browser_01bfbc_5.63.6-canary.v20250502191939.js.br
- clerk-js/5.63.6-canary.v20250502191939/keylessPrompt_clerk.chips.browser_01bfbc_5.63.6-canary.v20250502191939.js.gz
- clerk-js/5.63.6-canary.v20250502191939/keylessPrompt_clerk.chips.browser_01bfbc_5.63.6-canary.v20250502191939.js.sri
- clerk-js/5.63.6-canary.v20250502191939/keylessPrompt_clerk.chips.browser_01bfbc_5.63.6-canary.v20250502191939.min.js.br
- clerk-js/5.63.6-canary.v20250502191939/keylessPrompt_clerk.chips.browser_01bfbc_5.63.6-canary.v20250502191939.min.js.gz
- clerk-js/5.63.6-canary.v20250502191939/keylessPrompt_clerk.chips.browser_01bfbc_5.63.6-canary.v20250502191939.min.js.sri
- clerk-js/5.63.6-canary.v20250502191939/keylessPrompt_clerk.legacy.browser_82cc52_5.63.6-canary.v20250502191939.js.br
- clerk-js/5.63.6-canary.v20250502191939/keylessPrompt_clerk.legacy.browser_82cc52_5.63.6-canary.v20250502191939.js.gz
- clerk-js/5.63.6-canary.v20250502191939/keylessPrompt_clerk.legacy.browser_82cc52_5.63.6-canary.v20250502191939.js.sri
- clerk-js/5.63.6-canary.v20250502191939/keylessPrompt_clerk.legacy.browser_82cc52_5.63.6-canary.v20250502191939.min.js.br
- clerk-js/5.63.6-canary.v20250502191939/keylessPrompt_clerk.legacy.browser_82cc52_5.63.6-canary.v20250502191939.min.js.gz
- clerk-js/5.63.6-canary.v20250502191939/keylessPrompt_clerk.legacy.browser_82cc52_5.63.6-canary.v20250502191939.min.js.sri
- clerk-js/5.63.6-canary.v20250502191939/onetap_clerk.browser_8bbc48_5.63.6-canary.v20250502191939.js.br
- clerk-js/5.63.6-canary.v20250502191939/onetap_clerk.browser_8bbc48_5.63.6-canary.v20250502191939.js.gz
- clerk-js/5.63.6-canary.v20250502191939/onetap_clerk.browser_8bbc48_5.63.6-canary.v20250502191939.js.sri
- clerk-js/5.63.6-canary.v20250502191939/onetap_clerk.browser_8bbc48_5.63.6-canary.v20250502191939.min.js.br
- clerk-js/5.63.6-canary.v20250502191939/onetap_clerk.browser_8bbc48_5.63.6-canary.v20250502191939.min.js.gz
- clerk-js/5.63.6-canary.v20250502191939/onetap_clerk.browser_8bbc48_5.63.6-canary.v20250502191939.min.js.sri
- clerk-js/5.63.6-canary.v20250502191939/onetap_clerk.chips.browser_01bfbc_5.63.6-canary.v20250502191939.js.br
- clerk-js/5.63.6-canary.v20250502191939/onetap_clerk.chips.browser_01bfbc_5.63.6-canary.v20250502191939.js.gz
- clerk-js/5.63.6-canary.v20250502191939/onetap_clerk.chips.browser_01bfbc_5.63.6-canary.v20250502191939.js.sri
- clerk-js/5.63.6-canary.v20250502191939/onetap_clerk.chips.browser_01bfbc_5.63.6-canary.v20250502191939.min.js.br
- clerk-js/5.63.6-canary.v20250502191939/onetap_clerk.chips.browser_01bfbc_5.63.6-canary.v20250502191939.min.js.gz
- clerk-js/5.63.6-canary.v20250502191939/onetap_clerk.chips.browser_01bfbc_5.63.6-canary.v20250502191939.min.js.sri
- clerk-js/5.63.6-canary.v20250502191939/onetap_clerk.legacy.browser_82cc52_5.63.6-canary.v20250502191939.js.br
- clerk-js/5.63.6-canary.v20250502191939/onetap_clerk.legacy.browser_82cc52_5.63.6-canary.v20250502191939.js.gz
- clerk-js/5.63.6-canary.v20250502191939/onetap_clerk.legacy.browser_82cc52_5.63.6-canary.v20250502191939.js.sri
- clerk-js/5.63.6-canary.v20250502191939/onetap_clerk.legacy.browser_82cc52_5.63.6-canary.v20250502191939.min.js.br
- clerk-js/5.63.6-canary.v20250502191939/onetap_clerk.legacy.browser_82cc52_5.63.6-canary.v20250502191939.min.js.gz
- clerk-js/5.63.6-canary.v20250502191939/onetap_clerk.legacy.browser_82cc52_5.63.6-canary.v20250502191939.min.js.sri
- clerk-js/5.63.6-canary.v20250502191939/op-billing-page_clerk.browser_8bbc48_5.63.6-canary.v20250502191939.js.br
- clerk-js/5.63.6-canary.v20250502191939/op-billing-page_clerk.browser_8bbc48_5.63.6-canary.v20250502191939.js.gz
- clerk-js/5.63.6-canary.v20250502191939/op-billing-page_clerk.browser_8bbc48_5.63.6-canary.v20250502191939.js.sri
- clerk-js/5.63.6-canary.v20250502191939/op-billing-page_clerk.browser_8bbc48_5.63.6-canary.v20250502191939.min.js.br
- clerk-js/5.63.6-canary.v20250502191939/op-billing-page_clerk.browser_8bbc48_5.63.6-canary.v20250502191939.min.js.gz
- clerk-js/5.63.6-canary.v20250502191939/op-billing-page_clerk.browser_8bbc48_5.63.6-canary.v20250502191939.min.js.sri
- clerk-js/5.63.6-canary.v20250502191939/op-billing-page_clerk.chips.browser_01bfbc_5.63.6-canary.v20250502191939.js.br
- clerk-js/5.63.6-canary.v20250502191939/op-billing-page_clerk.chips.browser_01bfbc_5.63.6-canary.v20250502191939.js.gz
- clerk-js/5.63.6-canary.v20250502191939/op-billing-page_clerk.chips.browser_01bfbc_5.63.6-canary.v20250502191939.js.sri
- clerk-js/5.63.6-canary.v20250502191939/op-billing-page_clerk.chips.browser_01bfbc_5.63.6-canary.v20250502191939.min.js.br
- clerk-js/5.63.6-canary.v20250502191939/op-billing-page_clerk.chips.browser_01bfbc_5.63.6-canary.v20250502191939.min.js.gz
- clerk-js/5.63.6-canary.v20250502191939/op-billing-page_clerk.chips.browser_01bfbc_5.63.6-canary.v20250502191939.min.js.sri
- clerk-js/5.63.6-canary.v20250502191939/op-billing-page_clerk.legacy.browser_82cc52_5.63.6-canary.v20250502191939.js.br
- clerk-js/5.63.6-canary.v20250502191939/op-billing-page_clerk.legacy.browser_82cc52_5.63.6-canary.v20250502191939.js.gz
- clerk-js/5.63.6-canary.v20250502191939/op-billing-page_clerk.legacy.browser_82cc52_5.63.6-canary.v20250502191939.js.sri
- clerk-js/5.63.6-canary.v20250502191939/op-billing-page_clerk.legacy.browser_82cc52_5.63.6-canary.v20250502191939.min.js.br
- clerk-js/5.63.6-canary.v20250502191939/op-billing-page_clerk.legacy.browser_82cc52_5.63.6-canary.v20250502191939.min.js.gz
- clerk-js/5.63.6-canary.v20250502191939/op-billing-page_clerk.legacy.browser_82cc52_5.63.6-canary.v20250502191939.min.js.sri
- clerk-js/5.63.6-canary.v20250502191939/organizationlist_clerk.browser_8bbc48_5.63.6-canary.v20250502191939.js.br
- clerk-js/5.63.6-canary.v20250502191939/organizationlist_clerk.browser_8bbc48_5.63.6-canary.v20250502191939.js.gz
- clerk-js/5.63.6-canary.v20250502191939/organizationlist_clerk.browser_8bbc48_5.63.6-canary.v20250502191939.js.sri
- clerk-js/5.63.6-canary.v20250502191939/organizationlist_clerk.browser_8bbc48_5.63.6-canary.v20250502191939.min.js.br
- clerk-js/5.63.6-canary.v20250502191939/organizationlist_clerk.browser_8bbc48_5.63.6-canary.v20250502191939.min.js.gz
- clerk-js/5.63.6-canary.v20250502191939/organizationlist_clerk.browser_8bbc48_5.63.6-canary.v20250502191939.min.js.sri
- clerk-js/5.63.6-canary.v20250502191939/organizationlist_clerk.chips.browser_01bfbc_5.63.6-canary.v20250502191939.js.br
- clerk-js/5.63.6-canary.v20250502191939/organizationlist_clerk.chips.browser_01bfbc_5.63.6-canary.v20250502191939.js.gz
- clerk-js/5.63.6-canary.v20250502191939/organizationlist_clerk.chips.browser_01bfbc_5.63.6-canary.v20250502191939.js.sri
- clerk-js/5.63.6-canary.v20250502191939/organizationlist_clerk.chips.browser_01bfbc_5.63.6-canary.v20250502191939.min.js.br
- clerk-js/5.63.6-canary.v20250502191939/organizationlist_clerk.chips.browser_01bfbc_5.63.6-canary.v20250502191939.min.js.gz
- clerk-js/5.63.6-canary.v20250502191939/organizationlist_clerk.chips.browser_01bfbc_5.63.6-canary.v20250502191939.min.js.sri
- clerk-js/5.63.6-canary.v20250502191939/organizationlist_clerk.legacy.browser_82cc52_5.63.6-canary.v20250502191939.js.br
- clerk-js/5.63.6-canary.v20250502191939/organizationlist_clerk.legacy.browser_82cc52_5.63.6-canary.v20250502191939.js.gz
- clerk-js/5.63.6-canary.v20250502191939/organizationlist_clerk.legacy.browser_82cc52_5.63.6-canary.v20250502191939.js.sri
- clerk-js/5.63.6-canary.v20250502191939/organizationlist_clerk.legacy.browser_82cc52_5.63.6-canary.v20250502191939.min.js.br
- clerk-js/5.63.6-canary.v20250502191939/organizationlist_clerk.legacy.browser_82cc52_5.63.6-canary.v20250502191939.min.js.gz
- clerk-js/5.63.6-canary.v20250502191939/organizationlist_clerk.legacy.browser_82cc52_5.63.6-canary.v20250502191939.min.js.sri
- clerk-js/5.63.6-canary.v20250502191939/organizationprofile_clerk.browser_8bbc48_5.63.6-canary.v20250502191939.js.br
- clerk-js/5.63.6-canary.v20250502191939/organizationprofile_clerk.browser_8bbc48_5.63.6-canary.v20250502191939.js.gz
- clerk-js/5.63.6-canary.v20250502191939/organizationprofile_clerk.browser_8bbc48_5.63.6-canary.v20250502191939.js.sri
- clerk-js/5.63.6-canary.v20250502191939/organizationprofile_clerk.browser_8bbc48_5.63.6-canary.v20250502191939.min.js.br
- clerk-js/5.63.6-canary.v20250502191939/organizationprofile_clerk.browser_8bbc48_5.63.6-canary.v20250502191939.min.js.gz
- clerk-js/5.63.6-canary.v20250502191939/organizationprofile_clerk.browser_8bbc48_5.63.6-canary.v20250502191939.min.js.sri
- clerk-js/5.63.6-canary.v20250502191939/organizationprofile_clerk.chips.browser_01bfbc_5.63.6-canary.v20250502191939.js.br
- clerk-js/5.63.6-canary.v20250502191939/organizationprofile_clerk.chips.browser_01bfbc_5.63.6-canary.v20250502191939.js.gz
- clerk-js/5.63.6-canary.v20250502191939/organizationprofile_clerk.chips.browser_01bfbc_5.63.6-canary.v20250502191939.js.sri
- clerk-js/5.63.6-canary.v20250502191939/organizationprofile_clerk.chips.browser_01bfbc_5.63.6-canary.v20250502191939.min.js.br
- clerk-js/5.63.6-canary.v20250502191939/organizationprofile_clerk.chips.browser_01bfbc_5.63.6-canary.v20250502191939.min.js.gz
- clerk-js/5.63.6-canary.v20250502191939/organizationprofile_clerk.chips.browser_01bfbc_5.63.6-canary.v20250502191939.min.js.sri
- clerk-js/5.63.6-canary.v20250502191939/organizationprofile_clerk.legacy.browser_82cc52_5.63.6-canary.v20250502191939.js.br
- clerk-js/5.63.6-canary.v20250502191939/organizationprofile_clerk.legacy.browser_82cc52_5.63.6-canary.v20250502191939.js.gz
- clerk-js/5.63.6-canary.v20250502191939/organizationprofile_clerk.legacy.browser_82cc52_5.63.6-canary.v20250502191939.js.sri
- clerk-js/5.63.6-canary.v20250502191939/organizationprofile_clerk.legacy.browser_82cc52_5.63.6-canary.v20250502191939.min.js.br
- clerk-js/5.63.6-canary.v20250502191939/organizationprofile_clerk.legacy.browser_82cc52_5.63.6-canary.v20250502191939.min.js.gz
- clerk-js/5.63.6-canary.v20250502191939/organizationprofile_clerk.legacy.browser_82cc52_5.63.6-canary.v20250502191939.min.js.sri
- clerk-js/5.63.6-canary.v20250502191939/organizationswitcher_clerk.browser_8bbc48_5.63.6-canary.v20250502191939.js.br
- clerk-js/5.63.6-canary.v20250502191939/organizationswitcher_clerk.browser_8bbc48_5.63.6-canary.v20250502191939.js.gz
- clerk-js/5.63.6-canary.v20250502191939/organizationswitcher_clerk.browser_8bbc48_5.63.6-canary.v20250502191939.js.sri
- clerk-js/5.63.6-canary.v20250502191939/organizationswitcher_clerk.browser_8bbc48_5.63.6-canary.v20250502191939.min.js.br
- clerk-js/5.63.6-canary.v20250502191939/organizationswitcher_clerk.browser_8bbc48_5.63.6-canary.v20250502191939.min.js.gz
- clerk-js/5.63.6-canary.v20250502191939/organizationswitcher_clerk.browser_8bbc48_5.63.6-canary.v20250502191939.min.js.sri
- clerk-js/5.63.6-canary.v20250502191939/organizationswitcher_clerk.chips.browser_01bfbc_5.63.6-canary.v20250502191939.js.br
- clerk-js/5.63.6-canary.v20250502191939/organizationswitcher_clerk.chips.browser_01bfbc_5.63.6-canary.v20250502191939.js.gz
- clerk-js/5.63.6-canary.v20250502191939/organizationswitcher_clerk.chips.browser_01bfbc_5.63.6-canary.v20250502191939.js.sri
- clerk-js/5.63.6-canary.v20250502191939/organizationswitcher_clerk.chips.browser_01bfbc_5.63.6-canary.v20250502191939.min.js.br
- clerk-js/5.63.6-canary.v20250502191939/organizationswitcher_clerk.chips.browser_01bfbc_5.63.6-canary.v20250502191939.min.js.gz
- clerk-js/5.63.6-canary.v20250502191939/organizationswitcher_clerk.chips.browser_01bfbc_5.63.6-canary.v20250502191939.min.js.sri
- clerk-js/5.63.6-canary.v20250502191939/organizationswitcher_clerk.legacy.browser_82cc52_5.63.6-canary.v20250502191939.js.br
- clerk-js/5.63.6-canary.v20250502191939/organizationswitcher_clerk.legacy.browser_82cc52_5.63.6-canary.v20250502191939.js.gz
- clerk-js/5.63.6-canary.v20250502191939/organizationswitcher_clerk.legacy.browser_82cc52_5.63.6-canary.v20250502191939.js.sri
- clerk-js/5.63.6-canary.v20250502191939/organizationswitcher_clerk.legacy.browser_82cc52_5.63.6-canary.v20250502191939.min.js.br
- clerk-js/5.63.6-canary.v20250502191939/organizationswitcher_clerk.legacy.browser_82cc52_5.63.6-canary.v20250502191939.min.js.gz
- clerk-js/5.63.6-canary.v20250502191939/organizationswitcher_clerk.legacy.browser_82cc52_5.63.6-canary.v20250502191939.min.js.sri
- clerk-js/5.63.6-canary.v20250502191939/paymentSources_clerk.browser_8bbc48_5.63.6-canary.v20250502191939.js.br
- clerk-js/5.63.6-canary.v20250502191939/paymentSources_clerk.browser_8bbc48_5.63.6-canary.v20250502191939.js.gz
- clerk-js/5.63.6-canary.v20250502191939/paymentSources_clerk.browser_8bbc48_5.63.6-canary.v20250502191939.js.sri
- clerk-js/5.63.6-canary.v20250502191939/paymentSources_clerk.browser_8bbc48_5.63.6-canary.v20250502191939.min.js.br
- clerk-js/5.63.6-canary.v20250502191939/paymentSources_clerk.browser_8bbc48_5.63.6-canary.v20250502191939.min.js.gz
- clerk-js/5.63.6-canary.v20250502191939/paymentSources_clerk.browser_8bbc48_5.63.6-canary.v20250502191939.min.js.sri
- clerk-js/5.63.6-canary.v20250502191939/paymentSources_clerk.chips.browser_01bfbc_5.63.6-canary.v20250502191939.js.br
- clerk-js/5.63.6-canary.v20250502191939/paymentSources_clerk.chips.browser_01bfbc_5.63.6-canary.v20250502191939.js.gz
- clerk-js/5.63.6-canary.v20250502191939/paymentSources_clerk.chips.browser_01bfbc_5.63.6-canary.v20250502191939.js.sri
- clerk-js/5.63.6-canary.v20250502191939/paymentSources_clerk.chips.browser_01bfbc_5.63.6-canary.v20250502191939.min.js.br
- clerk-js/5.63.6-canary.v20250502191939/paymentSources_clerk.chips.browser_01bfbc_5.63.6-canary.v20250502191939.min.js.gz
- clerk-js/5.63.6-canary.v20250502191939/paymentSources_clerk.chips.browser_01bfbc_5.63.6-canary.v20250502191939.min.js.sri
- clerk-js/5.63.6-canary.v20250502191939/paymentSources_clerk.legacy.browser_82cc52_5.63.6-canary.v20250502191939.js.br
- clerk-js/5.63.6-canary.v20250502191939/paymentSources_clerk.legacy.browser_82cc52_5.63.6-canary.v20250502191939.js.gz
- clerk-js/5.63.6-canary.v20250502191939/paymentSources_clerk.legacy.browser_82cc52_5.63.6-canary.v20250502191939.js.sri
- clerk-js/5.63.6-canary.v20250502191939/paymentSources_clerk.legacy.browser_82cc52_5.63.6-canary.v20250502191939.min.js.br
- clerk-js/5.63.6-canary.v20250502191939/paymentSources_clerk.legacy.browser_82cc52_5.63.6-canary.v20250502191939.min.js.gz
- clerk-js/5.63.6-canary.v20250502191939/paymentSources_clerk.legacy.browser_82cc52_5.63.6-canary.v20250502191939.min.js.sri
- clerk-js/5.63.6-canary.v20250502191939/planDetails_clerk.browser_8bbc48_5.63.6-canary.v20250502191939.js.br
- clerk-js/5.63.6-canary.v20250502191939/planDetails_clerk.browser_8bbc48_5.63.6-canary.v20250502191939.js.gz
- clerk-js/5.63.6-canary.v20250502191939/planDetails_clerk.browser_8bbc48_5.63.6-canary.v20250502191939.js.sri
- clerk-js/5.63.6-canary.v20250502191939/planDetails_clerk.browser_8bbc48_5.63.6-canary.v20250502191939.min.js.br
- clerk-js/5.63.6-canary.v20250502191939/planDetails_clerk.browser_8bbc48_5.63.6-canary.v20250502191939.min.js.gz
- clerk-js/5.63.6-canary.v20250502191939/planDetails_clerk.browser_8bbc48_5.63.6-canary.v20250502191939.min.js.sri
- clerk-js/5.63.6-canary.v20250502191939/planDetails_clerk.chips.browser_01bfbc_5.63.6-canary.v20250502191939.js.br
- clerk-js/5.63.6-canary.v20250502191939/planDetails_clerk.chips.browser_01bfbc_5.63.6-canary.v20250502191939.js.gz
- clerk-js/5.63.6-canary.v20250502191939/planDetails_clerk.chips.browser_01bfbc_5.63.6-canary.v20250502191939.js.sri
- clerk-js/5.63.6-canary.v20250502191939/planDetails_clerk.chips.browser_01bfbc_5.63.6-canary.v20250502191939.min.js.br
- clerk-js/5.63.6-canary.v20250502191939/planDetails_clerk.chips.browser_01bfbc_5.63.6-canary.v20250502191939.min.js.gz
- clerk-js/5.63.6-canary.v20250502191939/planDetails_clerk.chips.browser_01bfbc_5.63.6-canary.v20250502191939.min.js.sri
- clerk-js/5.63.6-canary.v20250502191939/planDetails_clerk.legacy.browser_82cc52_5.63.6-canary.v20250502191939.js.br
- clerk-js/5.63.6-canary.v20250502191939/planDetails_clerk.legacy.browser_82cc52_5.63.6-canary.v20250502191939.js.gz
- clerk-js/5.63.6-canary.v20250502191939/planDetails_clerk.legacy.browser_82cc52_5.63.6-canary.v20250502191939.js.sri
- clerk-js/5.63.6-canary.v20250502191939/planDetails_clerk.legacy.browser_82cc52_5.63.6-canary.v20250502191939.min.js.br
- clerk-js/5.63.6-canary.v20250502191939/planDetails_clerk.legacy.browser_82cc52_5.63.6-canary.v20250502191939.min.js.gz
- clerk-js/5.63.6-canary.v20250502191939/planDetails_clerk.legacy.browser_82cc52_5.63.6-canary.v20250502191939.min.js.sri
- clerk-js/5.63.6-canary.v20250502191939/prefetchorganizationlist_clerk.browser_8bbc48_5.63.6-canary.v20250502191939.js.br
- clerk-js/5.63.6-canary.v20250502191939/prefetchorganizationlist_clerk.browser_8bbc48_5.63.6-canary.v20250502191939.js.gz
- clerk-js/5.63.6-canary.v20250502191939/prefetchorganizationlist_clerk.browser_8bbc48_5.63.6-canary.v20250502191939.js.sri
- clerk-js/5.63.6-canary.v20250502191939/prefetchorganizationlist_clerk.browser_8bbc48_5.63.6-canary.v20250502191939.min.js.br
- clerk-js/5.63.6-canary.v20250502191939/prefetchorganizationlist_clerk.browser_8bbc48_5.63.6-canary.v20250502191939.min.js.gz
- clerk-js/5.63.6-canary.v20250502191939/prefetchorganizationlist_clerk.browser_8bbc48_5.63.6-canary.v20250502191939.min.js.sri
- clerk-js/5.63.6-canary.v20250502191939/prefetchorganizationlist_clerk.chips.browser_01bfbc_5.63.6-canary.v20250502191939.js.br
- clerk-js/5.63.6-canary.v20250502191939/prefetchorganizationlist_clerk.chips.browser_01bfbc_5.63.6-canary.v20250502191939.js.gz
- clerk-js/5.63.6-canary.v20250502191939/prefetchorganizationlist_clerk.chips.browser_01bfbc_5.63.6-canary.v20250502191939.js.sri
- clerk-js/5.63.6-canary.v20250502191939/prefetchorganizationlist_clerk.chips.browser_01bfbc_5.63.6-canary.v20250502191939.min.js.br
- clerk-js/5.63.6-canary.v20250502191939/prefetchorganizationlist_clerk.chips.browser_01bfbc_5.63.6-canary.v20250502191939.min.js.gz
- clerk-js/5.63.6-canary.v20250502191939/prefetchorganizationlist_clerk.chips.browser_01bfbc_5.63.6-canary.v20250502191939.min.js.sri
- clerk-js/5.63.6-canary.v20250502191939/prefetchorganizationlist_clerk.legacy.browser_82cc52_5.63.6-canary.v20250502191939.js.br
- clerk-js/5.63.6-canary.v20250502191939/prefetchorganizationlist_clerk.legacy.browser_82cc52_5.63.6-canary.v20250502191939.js.gz
- clerk-js/5.63.6-canary.v20250502191939/prefetchorganizationlist_clerk.legacy.browser_82cc52_5.63.6-canary.v20250502191939.js.sri
- clerk-js/5.63.6-canary.v20250502191939/prefetchorganizationlist_clerk.legacy.browser_82cc52_5.63.6-canary.v20250502191939.min.js.br
- clerk-js/5.63.6-canary.v20250502191939/prefetchorganizationlist_clerk.legacy.browser_82cc52_5.63.6-canary.v20250502191939.min.js.gz
- clerk-js/5.63.6-canary.v20250502191939/prefetchorganizationlist_clerk.legacy.browser_82cc52_5.63.6-canary.v20250502191939.min.js.sri
- clerk-js/5.63.6-canary.v20250502191939/pricingTable_clerk.browser_8bbc48_5.63.6-canary.v20250502191939.js.br
- clerk-js/5.63.6-canary.v20250502191939/pricingTable_clerk.browser_8bbc48_5.63.6-canary.v20250502191939.js.gz
- clerk-js/5.63.6-canary.v20250502191939/pricingTable_clerk.browser_8bbc48_5.63.6-canary.v20250502191939.js.sri
- clerk-js/5.63.6-canary.v20250502191939/pricingTable_clerk.browser_8bbc48_5.63.6-canary.v20250502191939.min.js.br
- clerk-js/5.63.6-canary.v20250502191939/pricingTable_clerk.browser_8bbc48_5.63.6-canary.v20250502191939.min.js.gz
- clerk-js/5.63.6-canary.v20250502191939/pricingTable_clerk.browser_8bbc48_5.63.6-canary.v20250502191939.min.js.sri
- clerk-js/5.63.6-canary.v20250502191939/pricingTable_clerk.chips.browser_01bfbc_5.63.6-canary.v20250502191939.js.br
- clerk-js/5.63.6-canary.v20250502191939/pricingTable_clerk.chips.browser_01bfbc_5.63.6-canary.v20250502191939.js.gz
- clerk-js/5.63.6-canary.v20250502191939/pricingTable_clerk.chips.browser_01bfbc_5.63.6-canary.v20250502191939.js.sri
- clerk-js/5.63.6-canary.v20250502191939/pricingTable_clerk.chips.browser_01bfbc_5.63.6-canary.v20250502191939.min.js.br
- clerk-js/5.63.6-canary.v20250502191939/pricingTable_clerk.chips.browser_01bfbc_5.63.6-canary.v20250502191939.min.js.gz
- clerk-js/5.63.6-canary.v20250502191939/pricingTable_clerk.chips.browser_01bfbc_5.63.6-canary.v20250502191939.min.js.sri
- clerk-js/5.63.6-canary.v20250502191939/pricingTable_clerk.legacy.browser_82cc52_5.63.6-canary.v20250502191939.js.br
- clerk-js/5.63.6-canary.v20250502191939/pricingTable_clerk.legacy.browser_82cc52_5.63.6-canary.v20250502191939.js.gz
- clerk-js/5.63.6-canary.v20250502191939/pricingTable_clerk.legacy.browser_82cc52_5.63.6-canary.v20250502191939.js.sri
- clerk-js/5.63.6-canary.v20250502191939/pricingTable_clerk.legacy.browser_82cc52_5.63.6-canary.v20250502191939.min.js.br
- clerk-js/5.63.6-canary.v20250502191939/pricingTable_clerk.legacy.browser_82cc52_5.63.6-canary.v20250502191939.min.js.gz
- clerk-js/5.63.6-canary.v20250502191939/pricingTable_clerk.legacy.browser_82cc52_5.63.6-canary.v20250502191939.min.js.sri
- clerk-js/5.63.6-canary.v20250502191939/sessionTasks_clerk.browser_8bbc48_5.63.6-canary.v20250502191939.js.br
- clerk-js/5.63.6-canary.v20250502191939/sessionTasks_clerk.browser_8bbc48_5.63.6-canary.v20250502191939.js.gz
- clerk-js/5.63.6-canary.v20250502191939/sessionTasks_clerk.browser_8bbc48_5.63.6-canary.v20250502191939.js.sri
- clerk-js/5.63.6-canary.v20250502191939/sessionTasks_clerk.browser_8bbc48_5.63.6-canary.v20250502191939.min.js.br
- clerk-js/5.63.6-canary.v20250502191939/sessionTasks_clerk.browser_8bbc48_5.63.6-canary.v20250502191939.min.js.gz
- clerk-js/5.63.6-canary.v20250502191939/sessionTasks_clerk.browser_8bbc48_5.63.6-canary.v20250502191939.min.js.sri
- clerk-js/5.63.6-canary.v20250502191939/sessionTasks_clerk.chips.browser_01bfbc_5.63.6-canary.v20250502191939.js.br
- clerk-js/5.63.6-canary.v20250502191939/sessionTasks_clerk.chips.browser_01bfbc_5.63.6-canary.v20250502191939.js.gz
- clerk-js/5.63.6-canary.v20250502191939/sessionTasks_clerk.chips.browser_01bfbc_5.63.6-canary.v20250502191939.js.sri
- clerk-js/5.63.6-canary.v20250502191939/sessionTasks_clerk.chips.browser_01bfbc_5.63.6-canary.v20250502191939.min.js.br
- clerk-js/5.63.6-canary.v20250502191939/sessionTasks_clerk.chips.browser_01bfbc_5.63.6-canary.v20250502191939.min.js.gz
- clerk-js/5.63.6-canary.v20250502191939/sessionTasks_clerk.chips.browser_01bfbc_5.63.6-canary.v20250502191939.min.js.sri
- clerk-js/5.63.6-canary.v20250502191939/sessionTasks_clerk.legacy.browser_82cc52_5.63.6-canary.v20250502191939.js.br
- clerk-js/5.63.6-canary.v20250502191939/sessionTasks_clerk.legacy.browser_82cc52_5.63.6-canary.v20250502191939.js.gz
- clerk-js/5.63.6-canary.v20250502191939/sessionTasks_clerk.legacy.browser_82cc52_5.63.6-canary.v20250502191939.js.sri
- clerk-js/5.63.6-canary.v20250502191939/sessionTasks_clerk.legacy.browser_82cc52_5.63.6-canary.v20250502191939.min.js.br
- clerk-js/5.63.6-canary.v20250502191939/sessionTasks_clerk.legacy.browser_82cc52_5.63.6-canary.v20250502191939.min.js.gz
- clerk-js/5.63.6-canary.v20250502191939/sessionTasks_clerk.legacy.browser_82cc52_5.63.6-canary.v20250502191939.min.js.sri
- clerk-js/5.63.6-canary.v20250502191939/signin_clerk.browser_8bbc48_5.63.6-canary.v20250502191939.js.br
- clerk-js/5.63.6-canary.v20250502191939/signin_clerk.browser_8bbc48_5.63.6-canary.v20250502191939.js.gz
- clerk-js/5.63.6-canary.v20250502191939/signin_clerk.browser_8bbc48_5.63.6-canary.v20250502191939.js.sri
- clerk-js/5.63.6-canary.v20250502191939/signin_clerk.browser_8bbc48_5.63.6-canary.v20250502191939.min.js.br
- clerk-js/5.63.6-canary.v20250502191939/signin_clerk.browser_8bbc48_5.63.6-canary.v20250502191939.min.js.gz
- clerk-js/5.63.6-canary.v20250502191939/signin_clerk.browser_8bbc48_5.63.6-canary.v20250502191939.min.js.sri
- clerk-js/5.63.6-canary.v20250502191939/signin_clerk.chips.browser_01bfbc_5.63.6-canary.v20250502191939.js.br
- clerk-js/5.63.6-canary.v20250502191939/signin_clerk.chips.browser_01bfbc_5.63.6-canary.v20250502191939.js.gz
- clerk-js/5.63.6-canary.v20250502191939/signin_clerk.chips.browser_01bfbc_5.63.6-canary.v20250502191939.js.sri
- clerk-js/5.63.6-canary.v20250502191939/signin_clerk.chips.browser_01bfbc_5.63.6-canary.v20250502191939.min.js.br
- clerk-js/5.63.6-canary.v20250502191939/signin_clerk.chips.browser_01bfbc_5.63.6-canary.v20250502191939.min.js.gz
- clerk-js/5.63.6-canary.v20250502191939/signin_clerk.chips.browser_01bfbc_5.63.6-canary.v20250502191939.min.js.sri
- clerk-js/5.63.6-canary.v20250502191939/signin_clerk.legacy.browser_82cc52_5.63.6-canary.v20250502191939.js.br
- clerk-js/5.63.6-canary.v20250502191939/signin_clerk.legacy.browser_82cc52_5.63.6-canary.v20250502191939.js.gz
- clerk-js/5.63.6-canary.v20250502191939/signin_clerk.legacy.browser_82cc52_5.63.6-canary.v20250502191939.js.sri
- clerk-js/5.63.6-canary.v20250502191939/signin_clerk.legacy.browser_82cc52_5.63.6-canary.v20250502191939.min.js.br
- clerk-js/5.63.6-canary.v20250502191939/signin_clerk.legacy.browser_82cc52_5.63.6-canary.v20250502191939.min.js.gz
- clerk-js/5.63.6-canary.v20250502191939/signin_clerk.legacy.browser_82cc52_5.63.6-canary.v20250502191939.min.js.sri
- clerk-js/5.63.6-canary.v20250502191939/signup_clerk.browser_8bbc48_5.63.6-canary.v20250502191939.js.br
- clerk-js/5.63.6-canary.v20250502191939/signup_clerk.browser_8bbc48_5.63.6-canary.v20250502191939.js.gz
- clerk-js/5.63.6-canary.v20250502191939/signup_clerk.browser_8bbc48_5.63.6-canary.v20250502191939.js.sri
- clerk-js/5.63.6-canary.v20250502191939/signup_clerk.browser_8bbc48_5.63.6-canary.v20250502191939.min.js.br
- clerk-js/5.63.6-canary.v20250502191939/signup_clerk.browser_8bbc48_5.63.6-canary.v20250502191939.min.js.gz
- clerk-js/5.63.6-canary.v20250502191939/signup_clerk.browser_8bbc48_5.63.6-canary.v20250502191939.min.js.sri
- clerk-js/5.63.6-canary.v20250502191939/signup_clerk.chips.browser_01bfbc_5.63.6-canary.v20250502191939.js.br
- clerk-js/5.63.6-canary.v20250502191939/signup_clerk.chips.browser_01bfbc_5.63.6-canary.v20250502191939.js.gz
- clerk-js/5.63.6-canary.v20250502191939/signup_clerk.chips.browser_01bfbc_5.63.6-canary.v20250502191939.js.sri
- clerk-js/5.63.6-canary.v20250502191939/signup_clerk.chips.browser_01bfbc_5.63.6-canary.v20250502191939.min.js.br
- clerk-js/5.63.6-canary.v20250502191939/signup_clerk.chips.browser_01bfbc_5.63.6-canary.v20250502191939.min.js.gz
- clerk-js/5.63.6-canary.v20250502191939/signup_clerk.chips.browser_01bfbc_5.63.6-canary.v20250502191939.min.js.sri
- clerk-js/5.63.6-canary.v20250502191939/signup_clerk.legacy.browser_82cc52_5.63.6-canary.v20250502191939.js.br
- clerk-js/5.63.6-canary.v20250502191939/signup_clerk.legacy.browser_82cc52_5.63.6-canary.v20250502191939.js.gz
- clerk-js/5.63.6-canary.v20250502191939/signup_clerk.legacy.browser_82cc52_5.63.6-canary.v20250502191939.js.sri
- clerk-js/5.63.6-canary.v20250502191939/signup_clerk.legacy.browser_82cc52_5.63.6-canary.v20250502191939.min.js.br
- clerk-js/5.63.6-canary.v20250502191939/signup_clerk.legacy.browser_82cc52_5.63.6-canary.v20250502191939.min.js.gz
- clerk-js/5.63.6-canary.v20250502191939/signup_clerk.legacy.browser_82cc52_5.63.6-canary.v20250502191939.min.js.sri
- clerk-js/5.63.6-canary.v20250502191939/ui-common_clerk.browser_8bbc48_5.63.6-canary.v20250502191939.js.br
- clerk-js/5.63.6-canary.v20250502191939/ui-common_clerk.browser_8bbc48_5.63.6-canary.v20250502191939.js.gz
- clerk-js/5.63.6-canary.v20250502191939/ui-common_clerk.browser_8bbc48_5.63.6-canary.v20250502191939.js.sri
- clerk-js/5.63.6-canary.v20250502191939/ui-common_clerk.browser_8bbc48_5.63.6-canary.v20250502191939.min.js.br
- clerk-js/5.63.6-canary.v20250502191939/ui-common_clerk.browser_8bbc48_5.63.6-canary.v20250502191939.min.js.gz
- clerk-js/5.63.6-canary.v20250502191939/ui-common_clerk.browser_8bbc48_5.63.6-canary.v20250502191939.min.js.sri
- clerk-js/5.63.6-canary.v20250502191939/ui-common_clerk.chips.browser_01bfbc_5.63.6-canary.v20250502191939.js.br
- clerk-js/5.63.6-canary.v20250502191939/ui-common_clerk.chips.browser_01bfbc_5.63.6-canary.v20250502191939.js.gz
- clerk-js/5.63.6-canary.v20250502191939/ui-common_clerk.chips.browser_01bfbc_5.63.6-canary.v20250502191939.js.sri
- clerk-js/5.63.6-canary.v20250502191939/ui-common_clerk.chips.browser_01bfbc_5.63.6-canary.v20250502191939.min.js.br
- clerk-js/5.63.6-canary.v20250502191939/ui-common_clerk.chips.browser_01bfbc_5.63.6-canary.v20250502191939.min.js.gz
- clerk-js/5.63.6-canary.v20250502191939/ui-common_clerk.chips.browser_01bfbc_5.63.6-canary.v20250502191939.min.js.sri
- clerk-js/5.63.6-canary.v20250502191939/ui-common_clerk.legacy.browser_82cc52_5.63.6-canary.v20250502191939.js.br
- clerk-js/5.63.6-canary.v20250502191939/ui-common_clerk.legacy.browser_82cc52_5.63.6-canary.v20250502191939.js.gz
- clerk-js/5.63.6-canary.v20250502191939/ui-common_clerk.legacy.browser_82cc52_5.63.6-canary.v20250502191939.js.sri
- clerk-js/5.63.6-canary.v20250502191939/ui-common_clerk.legacy.browser_82cc52_5.63.6-canary.v20250502191939.min.js.br
- clerk-js/5.63.6-canary.v20250502191939/ui-common_clerk.legacy.browser_82cc52_5.63.6-canary.v20250502191939.min.js.gz
- clerk-js/5.63.6-canary.v20250502191939/ui-common_clerk.legacy.browser_82cc52_5.63.6-canary.v20250502191939.min.js.sri
- clerk-js/5.63.6-canary.v20250502191939/up-billing-page_clerk.browser_8bbc48_5.63.6-canary.v20250502191939.js.br
- clerk-js/5.63.6-canary.v20250502191939/up-billing-page_clerk.browser_8bbc48_5.63.6-canary.v20250502191939.js.gz
- clerk-js/5.63.6-canary.v20250502191939/up-billing-page_clerk.browser_8bbc48_5.63.6-canary.v20250502191939.js.sri
- clerk-js/5.63.6-canary.v20250502191939/up-billing-page_clerk.browser_8bbc48_5.63.6-canary.v20250502191939.min.js.br
- clerk-js/5.63.6-canary.v20250502191939/up-billing-page_clerk.browser_8bbc48_5.63.6-canary.v20250502191939.min.js.gz
- clerk-js/5.63.6-canary.v20250502191939/up-billing-page_clerk.browser_8bbc48_5.63.6-canary.v20250502191939.min.js.sri
- clerk-js/5.63.6-canary.v20250502191939/up-billing-page_clerk.chips.browser_01bfbc_5.63.6-canary.v20250502191939.js.br
- clerk-js/5.63.6-canary.v20250502191939/up-billing-page_clerk.chips.browser_01bfbc_5.63.6-canary.v20250502191939.js.gz
- clerk-js/5.63.6-canary.v20250502191939/up-billing-page_clerk.chips.browser_01bfbc_5.63.6-canary.v20250502191939.js.sri
- clerk-js/5.63.6-canary.v20250502191939/up-billing-page_clerk.chips.browser_01bfbc_5.63.6-canary.v20250502191939.min.js.br
- clerk-js/5.63.6-canary.v20250502191939/up-billing-page_clerk.chips.browser_01bfbc_5.63.6-canary.v20250502191939.min.js.gz
- clerk-js/5.63.6-canary.v20250502191939/up-billing-page_clerk.chips.browser_01bfbc_5.63.6-canary.v20250502191939.min.js.sri
- clerk-js/5.63.6-canary.v20250502191939/up-billing-page_clerk.legacy.browser_82cc52_5.63.6-canary.v20250502191939.js.br
- clerk-js/5.63.6-canary.v20250502191939/up-billing-page_clerk.legacy.browser_82cc52_5.63.6-canary.v20250502191939.js.gz
- clerk-js/5.63.6-canary.v20250502191939/up-billing-page_clerk.legacy.browser_82cc52_5.63.6-canary.v20250502191939.js.sri
- clerk-js/5.63.6-canary.v20250502191939/up-billing-page_clerk.legacy.browser_82cc52_5.63.6-canary.v20250502191939.min.js.br
- clerk-js/5.63.6-canary.v20250502191939/up-billing-page_clerk.legacy.browser_82cc52_5.63.6-canary.v20250502191939.min.js.gz
- clerk-js/5.63.6-canary.v20250502191939/up-billing-page_clerk.legacy.browser_82cc52_5.63.6-canary.v20250502191939.min.js.sri
- clerk-js/5.63.6-canary.v20250502191939/userbutton_clerk.browser_8bbc48_5.63.6-canary.v20250502191939.js.br
- clerk-js/5.63.6-canary.v20250502191939/userbutton_clerk.browser_8bbc48_5.63.6-canary.v20250502191939.js.gz
- clerk-js/5.63.6-canary.v20250502191939/userbutton_clerk.browser_8bbc48_5.63.6-canary.v20250502191939.js.sri
- clerk-js/5.63.6-canary.v20250502191939/userbutton_clerk.browser_8bbc48_5.63.6-canary.v20250502191939.min.js.br
- clerk-js/5.63.6-canary.v20250502191939/userbutton_clerk.browser_8bbc48_5.63.6-canary.v20250502191939.min.js.gz
- clerk-js/5.63.6-canary.v20250502191939/userbutton_clerk.browser_8bbc48_5.63.6-canary.v20250502191939.min.js.sri
- clerk-js/5.63.6-canary.v20250502191939/userbutton_clerk.chips.browser_01bfbc_5.63.6-canary.v20250502191939.js.br
- clerk-js/5.63.6-canary.v20250502191939/userbutton_clerk.chips.browser_01bfbc_5.63.6-canary.v20250502191939.js.gz
- clerk-js/5.63.6-canary.v20250502191939/userbutton_clerk.chips.browser_01bfbc_5.63.6-canary.v20250502191939.js.sri
- clerk-js/5.63.6-canary.v20250502191939/userbutton_clerk.chips.browser_01bfbc_5.63.6-canary.v20250502191939.min.js.br
- clerk-js/5.63.6-canary.v20250502191939/userbutton_clerk.chips.browser_01bfbc_5.63.6-canary.v20250502191939.min.js.gz
- clerk-js/5.63.6-canary.v20250502191939/userbutton_clerk.chips.browser_01bfbc_5.63.6-canary.v20250502191939.min.js.sri
- clerk-js/5.63.6-canary.v20250502191939/userbutton_clerk.legacy.browser_82cc52_5.63.6-canary.v20250502191939.js.br
- clerk-js/5.63.6-canary.v20250502191939/userbutton_clerk.legacy.browser_82cc52_5.63.6-canary.v20250502191939.js.gz
- clerk-js/5.63.6-canary.v20250502191939/userbutton_clerk.legacy.browser_82cc52_5.63.6-canary.v20250502191939.js.sri
- clerk-js/5.63.6-canary.v20250502191939/userbutton_clerk.legacy.browser_82cc52_5.63.6-canary.v20250502191939.min.js.br
- clerk-js/5.63.6-canary.v20250502191939/userbutton_clerk.legacy.browser_82cc52_5.63.6-canary.v20250502191939.min.js.gz
- clerk-js/5.63.6-canary.v20250502191939/userbutton_clerk.legacy.browser_82cc52_5.63.6-canary.v20250502191939.min.js.sri
- clerk-js/5.63.6-canary.v20250502191939/userprofile_clerk.browser_8bbc48_5.63.6-canary.v20250502191939.js.br
- clerk-js/5.63.6-canary.v20250502191939/userprofile_clerk.browser_8bbc48_5.63.6-canary.v20250502191939.js.gz
- clerk-js/5.63.6-canary.v20250502191939/userprofile_clerk.browser_8bbc48_5.63.6-canary.v20250502191939.js.sri
- clerk-js/5.63.6-canary.v20250502191939/userprofile_clerk.browser_8bbc48_5.63.6-canary.v20250502191939.min.js.br
- clerk-js/5.63.6-canary.v20250502191939/userprofile_clerk.browser_8bbc48_5.63.6-canary.v20250502191939.min.js.gz
- clerk-js/5.63.6-canary.v20250502191939/userprofile_clerk.browser_8bbc48_5.63.6-canary.v20250502191939.min.js.sri
- clerk-js/5.63.6-canary.v20250502191939/userprofile_clerk.chips.browser_01bfbc_5.63.6-canary.v20250502191939.js.br
- clerk-js/5.63.6-canary.v20250502191939/userprofile_clerk.chips.browser_01bfbc_5.63.6-canary.v20250502191939.js.gz
- clerk-js/5.63.6-canary.v20250502191939/userprofile_clerk.chips.browser_01bfbc_5.63.6-canary.v20250502191939.js.sri
- clerk-js/5.63.6-canary.v20250502191939/userprofile_clerk.chips.browser_01bfbc_5.63.6-canary.v20250502191939.min.js.br
- clerk-js/5.63.6-canary.v20250502191939/userprofile_clerk.chips.browser_01bfbc_5.63.6-canary.v20250502191939.min.js.gz
- clerk-js/5.63.6-canary.v20250502191939/userprofile_clerk.chips.browser_01bfbc_5.63.6-canary.v20250502191939.min.js.sri
- clerk-js/5.63.6-canary.v20250502191939/userprofile_clerk.legacy.browser_82cc52_5.63.6-canary.v20250502191939.js.br
- clerk-js/5.63.6-canary.v20250502191939/userprofile_clerk.legacy.browser_82cc52_5.63.6-canary.v20250502191939.js.gz
- clerk-js/5.63.6-canary.v20250502191939/userprofile_clerk.legacy.browser_82cc52_5.63.6-canary.v20250502191939.js.sri
- clerk-js/5.63.6-canary.v20250502191939/userprofile_clerk.legacy.browser_82cc52_5.63.6-canary.v20250502191939.min.js.br
- clerk-js/5.63.6-canary.v20250502191939/userprofile_clerk.legacy.browser_82cc52_5.63.6-canary.v20250502191939.min.js.gz
- clerk-js/5.63.6-canary.v20250502191939/userprofile_clerk.legacy.browser_82cc52_5.63.6-canary.v20250502191939.min.js.sri
- clerk-js/5.63.6-canary.v20250502191939/userverification_clerk.browser_8bbc48_5.63.6-canary.v20250502191939.js.br
- clerk-js/5.63.6-canary.v20250502191939/userverification_clerk.browser_8bbc48_5.63.6-canary.v20250502191939.js.gz
- clerk-js/5.63.6-canary.v20250502191939/userverification_clerk.browser_8bbc48_5.63.6-canary.v20250502191939.js.sri
- clerk-js/5.63.6-canary.v20250502191939/userverification_clerk.browser_8bbc48_5.63.6-canary.v20250502191939.min.js.br
- clerk-js/5.63.6-canary.v20250502191939/userverification_clerk.browser_8bbc48_5.63.6-canary.v20250502191939.min.js.gz
- clerk-js/5.63.6-canary.v20250502191939/userverification_clerk.browser_8bbc48_5.63.6-canary.v20250502191939.min.js.sri
- clerk-js/5.63.6-canary.v20250502191939/userverification_clerk.chips.browser_01bfbc_5.63.6-canary.v20250502191939.js.br
- clerk-js/5.63.6-canary.v20250502191939/userverification_clerk.chips.browser_01bfbc_5.63.6-canary.v20250502191939.js.gz
- clerk-js/5.63.6-canary.v20250502191939/userverification_clerk.chips.browser_01bfbc_5.63.6-canary.v20250502191939.js.sri
- clerk-js/5.63.6-canary.v20250502191939/userverification_clerk.chips.browser_01bfbc_5.63.6-canary.v20250502191939.min.js.br
- clerk-js/5.63.6-canary.v20250502191939/userverification_clerk.chips.browser_01bfbc_5.63.6-canary.v20250502191939.min.js.gz
- clerk-js/5.63.6-canary.v20250502191939/userverification_clerk.chips.browser_01bfbc_5.63.6-canary.v20250502191939.min.js.sri
- clerk-js/5.63.6-canary.v20250502191939/userverification_clerk.legacy.browser_82cc52_5.63.6-canary.v20250502191939.js.br
- clerk-js/5.63.6-canary.v20250502191939/userverification_clerk.legacy.browser_82cc52_5.63.6-canary.v20250502191939.js.gz
- clerk-js/5.63.6-canary.v20250502191939/userverification_clerk.legacy.browser_82cc52_5.63.6-canary.v20250502191939.js.sri
- clerk-js/5.63.6-canary.v20250502191939/userverification_clerk.legacy.browser_82cc52_5.63.6-canary.v20250502191939.min.js.br
- clerk-js/5.63.6-canary.v20250502191939/userverification_clerk.legacy.browser_82cc52_5.63.6-canary.v20250502191939.min.js.gz
- clerk-js/5.63.6-canary.v20250502191939/userverification_clerk.legacy.browser_82cc52_5.63.6-canary.v20250502191939.min.js.sri
- clerk-js/5.63.6-canary.v20250502191939/vendors_clerk.browser_8bbc48_5.63.6-canary.v20250502191939.js.br
- clerk-js/5.63.6-canary.v20250502191939/vendors_clerk.browser_8bbc48_5.63.6-canary.v20250502191939.js.gz
- clerk-js/5.63.6-canary.v20250502191939/vendors_clerk.browser_8bbc48_5.63.6-canary.v20250502191939.js.sri
- clerk-js/5.63.6-canary.v20250502191939/vendors_clerk.browser_8bbc48_5.63.6-canary.v20250502191939.min.js.br
- clerk-js/5.63.6-canary.v20250502191939/vendors_clerk.browser_8bbc48_5.63.6-canary.v20250502191939.min.js.gz
- clerk-js/5.63.6-canary.v20250502191939/vendors_clerk.browser_8bbc48_5.63.6-canary.v20250502191939.min.js.sri
- clerk-js/5.63.6-canary.v20250502191939/vendors_clerk.chips.browser_01bfbc_5.63.6-canary.v20250502191939.js.br
- clerk-js/5.63.6-canary.v20250502191939/vendors_clerk.chips.browser_01bfbc_5.63.6-canary.v20250502191939.js.gz
- clerk-js/5.63.6-canary.v20250502191939/vendors_clerk.chips.browser_01bfbc_5.63.6-canary.v20250502191939.js.sri
- clerk-js/5.63.6-canary.v20250502191939/vendors_clerk.chips.browser_01bfbc_5.63.6-canary.v20250502191939.min.js.br
- clerk-js/5.63.6-canary.v20250502191939/vendors_clerk.chips.browser_01bfbc_5.63.6-canary.v20250502191939.min.js.gz
- clerk-js/5.63.6-canary.v20250502191939/vendors_clerk.chips.browser_01bfbc_5.63.6-canary.v20250502191939.min.js.sri
- clerk-js/5.63.6-canary.v20250502191939/vendors_clerk.headless.browser_abec23_5.63.6-canary.v20250502191939.js.br
- clerk-js/5.63.6-canary.v20250502191939/vendors_clerk.headless.browser_abec23_5.63.6-canary.v20250502191939.js.gz
- clerk-js/5.63.6-canary.v20250502191939/vendors_clerk.headless.browser_abec23_5.63.6-canary.v20250502191939.js.sri
- clerk-js/5.63.6-canary.v20250502191939/vendors_clerk.headless.browser_abec23_5.63.6-canary.v20250502191939.min.js.br
- clerk-js/5.63.6-canary.v20250502191939/vendors_clerk.headless.browser_abec23_5.63.6-canary.v20250502191939.min.js.gz
- clerk-js/5.63.6-canary.v20250502191939/vendors_clerk.headless.browser_abec23_5.63.6-canary.v20250502191939.min.js.sri
- clerk-js/5.63.6-canary.v20250502191939/vendors_clerk.legacy.browser_82cc52_5.63.6-canary.v20250502191939.js.br
- clerk-js/5.63.6-canary.v20250502191939/vendors_clerk.legacy.browser_82cc52_5.63.6-canary.v20250502191939.js.gz
- clerk-js/5.63.6-canary.v20250502191939/vendors_clerk.legacy.browser_82cc52_5.63.6-canary.v20250502191939.js.sri
- clerk-js/5.63.6-canary.v20250502191939/vendors_clerk.legacy.browser_82cc52_5.63.6-canary.v20250502191939.min.js.br
- clerk-js/5.63.6-canary.v20250502191939/vendors_clerk.legacy.browser_82cc52_5.63.6-canary.v20250502191939.min.js.gz
- clerk-js/5.63.6-canary.v20250502191939/vendors_clerk.legacy.browser_82cc52_5.63.6-canary.v20250502191939.min.js.sri
- clerk-js/5.63.6-canary.v20250502191939/waitlist_clerk.browser_8bbc48_5.63.6-canary.v20250502191939.js.br
- clerk-js/5.63.6-canary.v20250502191939/waitlist_clerk.browser_8bbc48_5.63.6-canary.v20250502191939.js.gz
- clerk-js/5.63.6-canary.v20250502191939/waitlist_clerk.browser_8bbc48_5.63.6-canary.v20250502191939.js.sri
- clerk-js/5.63.6-canary.v20250502191939/waitlist_clerk.browser_8bbc48_5.63.6-canary.v20250502191939.min.js.br
- clerk-js/5.63.6-canary.v20250502191939/waitlist_clerk.browser_8bbc48_5.63.6-canary.v20250502191939.min.js.gz
- clerk-js/5.63.6-canary.v20250502191939/waitlist_clerk.browser_8bbc48_5.63.6-canary.v20250502191939.min.js.sri
- clerk-js/5.63.6-canary.v20250502191939/waitlist_clerk.chips.browser_01bfbc_5.63.6-canary.v20250502191939.js.br
- clerk-js/5.63.6-canary.v20250502191939/waitlist_clerk.chips.browser_01bfbc_5.63.6-canary.v20250502191939.js.gz
- clerk-js/5.63.6-canary.v20250502191939/waitlist_clerk.chips.browser_01bfbc_5.63.6-canary.v20250502191939.js.sri
- clerk-js/5.63.6-canary.v20250502191939/waitlist_clerk.chips.browser_01bfbc_5.63.6-canary.v20250502191939.min.js.br
- clerk-js/5.63.6-canary.v20250502191939/waitlist_clerk.chips.browser_01bfbc_5.63.6-canary.v20250502191939.min.js.gz
- clerk-js/5.63.6-canary.v20250502191939/waitlist_clerk.chips.browser_01bfbc_5.63.6-canary.v20250502191939.min.js.sri
- clerk-js/5.63.6-canary.v20250502191939/waitlist_clerk.legacy.browser_82cc52_5.63.6-canary.v20250502191939.js.br
- clerk-js/5.63.6-canary.v20250502191939/waitlist_clerk.legacy.browser_82cc52_5.63.6-canary.v20250502191939.js.gz
- clerk-js/5.63.6-canary.v20250502191939/waitlist_clerk.legacy.browser_82cc52_5.63.6-canary.v20250502191939.js.sri
- clerk-js/5.63.6-canary.v20250502191939/waitlist_clerk.legacy.browser_82cc52_5.63.6-canary.v20250502191939.min.js.br
- clerk-js/5.63.6-canary.v20250502191939/waitlist_clerk.legacy.browser_82cc52_5.63.6-canary.v20250502191939.min.js.gz
- clerk-js/5.63.6-canary.v20250502191939/waitlist_clerk.legacy.browser_82cc52_5.63.6-canary.v20250502191939.min.js.sri
- clerk-js/5.63.6-canary.v20250502191939/zxcvbn-common_clerk.browser_8bbc48_5.63.6-canary.v20250502191939.js.br
- clerk-js/5.63.6-canary.v20250502191939/zxcvbn-common_clerk.browser_8bbc48_5.63.6-canary.v20250502191939.js.gz
- clerk-js/5.63.6-canary.v20250502191939/zxcvbn-common_clerk.browser_8bbc48_5.63.6-canary.v20250502191939.js.sri
- clerk-js/5.63.6-canary.v20250502191939/zxcvbn-common_clerk.browser_8bbc48_5.63.6-canary.v20250502191939.min.js.br
- clerk-js/5.63.6-canary.v20250502191939/zxcvbn-common_clerk.browser_8bbc48_5.63.6-canary.v20250502191939.min.js.gz
- clerk-js/5.63.6-canary.v20250502191939/zxcvbn-common_clerk.browser_8bbc48_5.63.6-canary.v20250502191939.min.js.sri
- clerk-js/5.63.6-canary.v20250502191939/zxcvbn-common_clerk.chips.browser_01bfbc_5.63.6-canary.v20250502191939.js.br
- clerk-js/5.63.6-canary.v20250502191939/zxcvbn-common_clerk.chips.browser_01bfbc_5.63.6-canary.v20250502191939.js.gz
- clerk-js/5.63.6-canary.v20250502191939/zxcvbn-common_clerk.chips.browser_01bfbc_5.63.6-canary.v20250502191939.js.sri
- clerk-js/5.63.6-canary.v20250502191939/zxcvbn-common_clerk.chips.browser_01bfbc_5.63.6-canary.v20250502191939.min.js.br
- clerk-js/5.63.6-canary.v20250502191939/zxcvbn-common_clerk.chips.browser_01bfbc_5.63.6-canary.v20250502191939.min.js.gz
- clerk-js/5.63.6-canary.v20250502191939/zxcvbn-common_clerk.chips.browser_01bfbc_5.63.6-canary.v20250502191939.min.js.sri
- clerk-js/5.63.6-canary.v20250502191939/zxcvbn-common_clerk.headless.browser_abec23_5.63.6-canary.v20250502191939.js.br
- clerk-js/5.63.6-canary.v20250502191939/zxcvbn-common_clerk.headless.browser_abec23_5.63.6-canary.v20250502191939.js.gz
- clerk-js/5.63.6-canary.v20250502191939/zxcvbn-common_clerk.headless.browser_abec23_5.63.6-canary.v20250502191939.js.sri
- clerk-js/5.63.6-canary.v20250502191939/zxcvbn-common_clerk.headless.browser_abec23_5.63.6-canary.v20250502191939.min.js.br
- clerk-js/5.63.6-canary.v20250502191939/zxcvbn-common_clerk.headless.browser_abec23_5.63.6-canary.v20250502191939.min.js.gz
- clerk-js/5.63.6-canary.v20250502191939/zxcvbn-common_clerk.headless.browser_abec23_5.63.6-canary.v20250502191939.min.js.sri
- clerk-js/5.63.6-canary.v20250502191939/zxcvbn-common_clerk.legacy.browser_82cc52_5.63.6-canary.v20250502191939.js.br
- clerk-js/5.63.6-canary.v20250502191939/zxcvbn-common_clerk.legacy.browser_82cc52_5.63.6-canary.v20250502191939.js.gz
- clerk-js/5.63.6-canary.v20250502191939/zxcvbn-common_clerk.legacy.browser_82cc52_5.63.6-canary.v20250502191939.js.sri
- clerk-js/5.63.6-canary.v20250502191939/zxcvbn-common_clerk.legacy.browser_82cc52_5.63.6-canary.v20250502191939.min.js.br
- clerk-js/5.63.6-canary.v20250502191939/zxcvbn-common_clerk.legacy.browser_82cc52_5.63.6-canary.v20250502191939.min.js.gz
- clerk-js/5.63.6-canary.v20250502191939/zxcvbn-common_clerk.legacy.browser_82cc52_5.63.6-canary.v20250502191939.min.js.sri
- clerk-js/5.63.6-canary.v20250502191939/zxcvbn-ts-core_clerk.browser_8bbc48_5.63.6-canary.v20250502191939.js.br
- clerk-js/5.63.6-canary.v20250502191939/zxcvbn-ts-core_clerk.browser_8bbc48_5.63.6-canary.v20250502191939.js.gz
- clerk-js/5.63.6-canary.v20250502191939/zxcvbn-ts-core_clerk.browser_8bbc48_5.63.6-canary.v20250502191939.js.sri
- clerk-js/5.63.6-canary.v20250502191939/zxcvbn-ts-core_clerk.browser_8bbc48_5.63.6-canary.v20250502191939.min.js.br
- clerk-js/5.63.6-canary.v20250502191939/zxcvbn-ts-core_clerk.browser_8bbc48_5.63.6-canary.v20250502191939.min.js.gz
- clerk-js/5.63.6-canary.v20250502191939/zxcvbn-ts-core_clerk.browser_8bbc48_5.63.6-canary.v20250502191939.min.js.sri
- clerk-js/5.63.6-canary.v20250502191939/zxcvbn-ts-core_clerk.chips.browser_01bfbc_5.63.6-canary.v20250502191939.js.br
- clerk-js/5.63.6-canary.v20250502191939/zxcvbn-ts-core_clerk.chips.browser_01bfbc_5.63.6-canary.v20250502191939.js.gz
- clerk-js/5.63.6-canary.v20250502191939/zxcvbn-ts-core_clerk.chips.browser_01bfbc_5.63.6-canary.v20250502191939.js.sri
- clerk-js/5.63.6-canary.v20250502191939/zxcvbn-ts-core_clerk.chips.browser_01bfbc_5.63.6-canary.v20250502191939.min.js.br
- clerk-js/5.63.6-canary.v20250502191939/zxcvbn-ts-core_clerk.chips.browser_01bfbc_5.63.6-canary.v20250502191939.min.js.gz
- clerk-js/5.63.6-canary.v20250502191939/zxcvbn-ts-core_clerk.chips.browser_01bfbc_5.63.6-canary.v20250502191939.min.js.sri
- clerk-js/5.63.6-canary.v20250502191939/zxcvbn-ts-core_clerk.headless.browser_abec23_5.63.6-canary.v20250502191939.js.br
- clerk-js/5.63.6-canary.v20250502191939/zxcvbn-ts-core_clerk.headless.browser_abec23_5.63.6-canary.v20250502191939.js.gz
- clerk-js/5.63.6-canary.v20250502191939/zxcvbn-ts-core_clerk.headless.browser_abec23_5.63.6-canary.v20250502191939.js.sri
- clerk-js/5.63.6-canary.v20250502191939/zxcvbn-ts-core_clerk.headless.browser_abec23_5.63.6-canary.v20250502191939.min.js.br
- clerk-js/5.63.6-canary.v20250502191939/zxcvbn-ts-core_clerk.headless.browser_abec23_5.63.6-canary.v20250502191939.min.js.gz
- clerk-js/5.63.6-canary.v20250502191939/zxcvbn-ts-core_clerk.headless.browser_abec23_5.63.6-canary.v20250502191939.min.js.sri
- clerk-js/5.63.6-canary.v20250502191939/zxcvbn-ts-core_clerk.legacy.browser_82cc52_5.63.6-canary.v20250502191939.js.br
- clerk-js/5.63.6-canary.v20250502191939/zxcvbn-ts-core_clerk.legacy.browser_82cc52_5.63.6-canary.v20250502191939.js.gz
- clerk-js/5.63.6-canary.v20250502191939/zxcvbn-ts-core_clerk.legacy.browser_82cc52_5.63.6-canary.v20250502191939.js.sri
- clerk-js/5.63.6-canary.v20250502191939/zxcvbn-ts-core_clerk.legacy.browser_82cc52_5.63.6-canary.v20250502191939.min.js.br
- clerk-js/5.63.6-canary.v20250502191939/zxcvbn-ts-core_clerk.legacy.browser_82cc52_5.63.6-canary.v20250502191939.min.js.gz
- clerk-js/5.63.6-canary.v20250502191939/zxcvbn-ts-core_clerk.legacy.browser_82cc52_5.63.6-canary.v20250502191939.min.js.sri
