config: {"authors":[{"name":"Francisco Hodge","email":"hello@franciscohodge.com","url":"https://github.com/hodgef"}],"autoupdate":{"source":"npm","target":"simple-keyboard","fileMap":[{"basePath":"build","files":["*.js","css/*.css","types/*.d.ts"]}]},"description":"On-screen Javascript Virtual Keyboard","filename":"index.js","homepage":"https://virtual-keyboard.js.org/","keywords":["javascript","es6","digital","keyboard","onscreen","virtual","screen-keyboard","component","virtual-keyboard","touchscreen","touch-screen","kiosk","osk","js"],"license":"MIT","name":"simple-keyboard","repository":{"type":"git","url":"git+https://github.com/hodgef/simple-keyboard.git"},"author":"Francisco Hodge \u003chello@franciscohodge.com\u003e (https://github.com/hodgef)"}
KV keys:
- simple-keyboard/3.8.59/css/index.css.br
- simple-keyboard/3.8.59/css/index.css.gz
- simple-keyboard/3.8.59/css/index.min.css.br
- simple-keyboard/3.8.59/css/index.min.css.gz
- simple-keyboard/3.8.59/index.js.br
- simple-keyboard/3.8.59/index.js.gz
- simple-keyboard/3.8.59/index.min.js.br
- simple-keyboard/3.8.59/index.min.js.gz
- simple-keyboard/3.8.59/index.modern.esm.js.br
- simple-keyboard/3.8.59/index.modern.esm.js.gz
- simple-keyboard/3.8.59/index.modern.esm.min.js.br
- simple-keyboard/3.8.59/index.modern.esm.min.js.gz
- simple-keyboard/3.8.59/index.modern.js.br
- simple-keyboard/3.8.59/index.modern.js.gz
- simple-keyboard/3.8.59/index.modern.min.js.br
- simple-keyboard/3.8.59/index.modern.min.js.gz
SRIs:
- simple-keyboard/3.8.59/css/index.min.css: sha512-RqdIA+L9fwCx0KOZt9xDjS7YB1k9nMEwlAUJL4uH0hy89hZdaWESFJtwTYNYRjiTUBfcjdT/QwZ/djgxBIlm5g==
- simple-keyboard/3.8.59/index.js: sha512-vXSKKRUqYTC3gdmouaPmsesEKn0sw1He8YhfMq2GdirHAprPRxq4foxp+4jbB08JiPgVDtnZ48uSU23rvy7EiQ==
- simple-keyboard/3.8.59/index.min.js: sha512-Os/zm2JvjPMOJdEAUpdDAseuPYYZjDoOFSzq3k7draUx86n2JfHBfOKegewkO6WSyfO8/KmAX4JPBXsOO5S0SA==
- simple-keyboard/3.8.59/index.modern.esm.js: sha512-uKQDNvcViSUVZI92tnPN2nRpa6CxZD+GkHy1oXrAvsdLgXcSieohTAJGQi/HJmO3ugxB8IbRey3TYf58Wciklg==
- simple-keyboard/3.8.59/index.modern.esm.min.js: sha512-JyWKBvNvu3kXVUjPYQogbY6qpa/V+A/+eL/DaumYQCaG16SMqkDmFNuXO4xNqFRkyBvZpgKd7Xgmtzjwaps9PQ==
- simple-keyboard/3.8.59/index.modern.js: sha512-I/hf0vdafVx+J/ywKUnRh4zv/XisOx5OAW35uEYn397s+nssj7D8wyH+LN607vIkVPeI164JgrzfGmqm5ONi9A==
- simple-keyboard/3.8.59/index.modern.min.js: sha512-smyfE9YeDVcbUvJBipqPWK8GdwEZbplw1acoXKUFocMbEd74dy2gdrHftXOZ51M/mp4OEdGCennol14HQld1jQ==
- simple-keyboard/3.8.59/css/index.css: sha512-wXANvnGoNoSnFGpmCJClyXi6gXwJAxpyRAacF8vm9DBmRKGRaGqjx9vREiQeIxN9P1pvRQD7VIoDZzaldvsALQ==
