- amplitudejs/5.1.0/amplitude.js.br
- amplitudejs/5.1.0/amplitude.js.gz
- amplitudejs/5.1.0/amplitude.js.map.br
- amplitudejs/5.1.0/amplitude.js.map.gz
- amplitudejs/5.1.0/amplitude.min.js.br
- amplitudejs/5.1.0/amplitude.min.js.gz
- amplitudejs/5.1.0/visualizations/bar.js.br
- amplitudejs/5.1.0/visualizations/bar.js.gz
- amplitudejs/5.1.0/visualizations/bar.min.js.br
- amplitudejs/5.1.0/visualizations/bar.min.js.gz
- amplitudejs/5.1.0/visualizations/frequencyanalyzer.js.br
- amplitudejs/5.1.0/visualizations/frequencyanalyzer.js.gz
- amplitudejs/5.1.0/visualizations/frequencyanalyzer.min.js.br
- amplitudejs/5.1.0/visualizations/frequencyanalyzer.min.js.gz
- amplitudejs/5.1.0/visualizations/michaelbromley.js.br
- amplitudejs/5.1.0/visualizations/michaelbromley.js.gz
- amplitudejs/5.1.0/visualizations/michaelbromley.min.js.br
- amplitudejs/5.1.0/visualizations/michaelbromley.min.js.gz
- amplitudejs/5.1.0/visualizations/template.js.br
- amplitudejs/5.1.0/visualizations/template.js.gz
- amplitudejs/5.1.0/visualizations/template.min.js.br
- amplitudejs/5.1.0/visualizations/template.min.js.gz