2025/09/11 13:31:15 optimizing files (Js true, Css true, Png true, Jpg true)
2025/09/11 13:31:15 /tmp/work/dist/player.min.js already has corresponding compressed file
2025/09/11 13:31:15 /tmp/work/dist/player.min.js is already compressed
2025/09/11 13:31:15 compress: run /node_modules/uglify-js/bin/uglifyjs (3.15.4) [--mangle --compress if_return=true -o /tmp/work/dist/player.es.min.js /tmp/work/dist/player.es.js]
2025/09/11 13:31:15 algorithm: run /usr/bin/brotli --quality=11 --output=/output/player.js.map.br /tmp/work/dist/player.js.map
2025/09/11 13:31:15 algorithm: run /usr/bin/brotli --quality=11 --output=/output/player.min.js.map.br /tmp/work/dist/player.min.js.map
2025/09/11 13:31:15 sri /tmp/work/dist/player.min.js -> /output/player.min.js.sri
2025/09/11 13:31:15 algorithm: run /usr/bin/brotli --quality=11 --output=/output/player.min.js.br /tmp/work/dist/player.min.js
2025/09/11 13:31:15 sri /tmp/work/dist/player.js -> /output/player.js.sri
2025/09/11 13:31:15 algorithm: run /usr/bin/brotli --quality=11 --output=/output/player.js.br /tmp/work/dist/player.js
2025/09/11 13:31:15 br /tmp/work/dist/player.min.js.map -> /output/player.min.js.map.br
2025/09/11 13:31:15 gz /tmp/work/dist/player.min.js.map -> /output/player.min.js.map.gz
2025/09/11 13:31:15 br /tmp/work/dist/player.min.js -> /output/player.min.js.br
2025/09/11 13:31:15 gz /tmp/work/dist/player.min.js -> /output/player.min.js.gz
2025/09/11 13:31:16 br /tmp/work/dist/player.js -> /output/player.js.br
2025/09/11 13:31:16 gz /tmp/work/dist/player.js -> /output/player.js.gz
2025/09/11 13:31:16 br /tmp/work/dist/player.js.map -> /output/player.js.map.br
2025/09/11 13:31:16 gz /tmp/work/dist/player.js.map -> /output/player.js.map.gz
2025/09/11 13:31:16 sri /tmp/work/dist/player.es.min.js -> /output/player.es.min.js.sri
2025/09/11 13:31:16 algorithm: run /usr/bin/brotli --quality=11 --output=/output/player.es.min.js.br /tmp/work/dist/player.es.min.js
2025/09/11 13:31:16 br /tmp/work/dist/player.es.min.js -> /output/player.es.min.js.br
2025/09/11 13:31:16 gz /tmp/work/dist/player.es.min.js -> /output/player.es.min.js.gz
2025/09/11 13:31:16 sri /tmp/work/dist/player.es.js -> /output/player.es.js.sri
2025/09/11 13:31:16 algorithm: run /usr/bin/brotli --quality=11 --output=/output/player.es.js.br /tmp/work/dist/player.es.js
2025/09/11 13:31:17 br /tmp/work/dist/player.es.js -> /output/player.es.js.br
2025/09/11 13:31:17 gz /tmp/work/dist/player.es.js -> /output/player.es.js.gz
2025/09/11 13:31:17 processed vimeo-player
