config: {"authors":[{"name":"ruffle contributors","url":"https://github.com/ruffle-rs/ruffle/graphs/contributors"}],"autoupdate":{"source":"npm","target":"@ruffle-rs/ruffle","fileMap":[{"basePath":"","files":["*.@(js|wasm)"]}]},"description":"Putting Flash back on the web. Ruffle will polyfill all Flash content and replace it with the Ruffle flash player.","filename":"ruffle.js","homepage":"https://ruffle.rs","keywords":["flash","swf"],"license":"(MIT OR Apache-2.0)","name":"ruffle-rs","repository":{"type":"git","url":"git+https://github.com/ruffle-rs/ruffle.git"},"author":"ruffle contributors (https://github.com/ruffle-rs/ruffle/graphs/contributors)"}
KV keys:
- ruffle-rs/0.1.0-nightly.2025.3.1/9f038290d105fed5769a.wasm.br
- ruffle-rs/0.1.0-nightly.2025.3.1/9f038290d105fed5769a.wasm.gz
- ruffle-rs/0.1.0-nightly.2025.3.1/bba94b8802307b53b848.wasm.br
- ruffle-rs/0.1.0-nightly.2025.3.1/bba94b8802307b53b848.wasm.gz
- ruffle-rs/0.1.0-nightly.2025.3.1/core.ruffle.431f566dc2eb56c6fe57.js.br
- ruffle-rs/0.1.0-nightly.2025.3.1/core.ruffle.431f566dc2eb56c6fe57.js.gz
- ruffle-rs/0.1.0-nightly.2025.3.1/core.ruffle.431f566dc2eb56c6fe57.min.js.br
- ruffle-rs/0.1.0-nightly.2025.3.1/core.ruffle.431f566dc2eb56c6fe57.min.js.gz
- ruffle-rs/0.1.0-nightly.2025.3.1/core.ruffle.f19570cb813454cdab84.js.br
- ruffle-rs/0.1.0-nightly.2025.3.1/core.ruffle.f19570cb813454cdab84.js.gz
- ruffle-rs/0.1.0-nightly.2025.3.1/core.ruffle.f19570cb813454cdab84.min.js.br
- ruffle-rs/0.1.0-nightly.2025.3.1/core.ruffle.f19570cb813454cdab84.min.js.gz
- ruffle-rs/0.1.0-nightly.2025.3.1/ruffle.js.br
- ruffle-rs/0.1.0-nightly.2025.3.1/ruffle.js.gz
- ruffle-rs/0.1.0-nightly.2025.3.1/ruffle.min.js.br
- ruffle-rs/0.1.0-nightly.2025.3.1/ruffle.min.js.gz
SRIs:
- ruffle-rs/0.1.0-nightly.2025.3.1/ruffle.js: sha512-rARG5eqgXO3aQMBxPmfgxDL1fKMg9XOlixS1aROmoyvUqOhBG/phyEBvn/2469TKpU3klR/iscUoN/5NV1GhcA==
- ruffle-rs/0.1.0-nightly.2025.3.1/ruffle.min.js: sha512-B/3Au2gnuVV/wqcKPm/hFw8Z9kfQmOnGWdrJQQtn2aWAuBBfRSfPZkImZWxqzJN06DYhHsAd8vl85sS4m/pJyQ==
- ruffle-rs/0.1.0-nightly.2025.3.1/core.ruffle.431f566dc2eb56c6fe57.js: sha512-JMtAOA8WuSfF2cz8SzQsxhFlS/PfTK+/wFrr9lNg5Lsbmza1Hz3Z8m+MXqQGWmo8lOj8+Dm/1UvwynqBfugowQ==
- ruffle-rs/0.1.0-nightly.2025.3.1/core.ruffle.431f566dc2eb56c6fe57.min.js: sha512-Sn1dsAyWWY21RoEmy/x9g3Lw0KjqoOzbmo02x/Wi4kyQex9tNw5F2zlx2TitVCikqXs2+e8vxto2RaFsiSNuAw==
- ruffle-rs/0.1.0-nightly.2025.3.1/core.ruffle.f19570cb813454cdab84.js: sha512-r6oVJDwMT5M9EQAd/8Eq8Q1JCl/pAKgrv6kgnIAdo0MzW6w2FahL99iaPVuZoss9G/I+DfgpG4o3f8ZZnOAU7w==
- ruffle-rs/0.1.0-nightly.2025.3.1/core.ruffle.f19570cb813454cdab84.min.js: sha512-w4FfUzyBdOBWNYSZGKki5TUjwuTYNobnVjCk9+oM4VLhfX6NJpn+5P8uIpP7ilvSZ8bdhggORUHvtPEVNOIH5A==
