Files:
- ruffle-rs/0.1.0-nightly.2025.5.6/2278b9e5e6cd8967dbf5.wasm.br
- ruffle-rs/0.1.0-nightly.2025.5.6/2278b9e5e6cd8967dbf5.wasm.gz
- ruffle-rs/0.1.0-nightly.2025.5.6/4a9ab49afb123ec0c881.wasm.br
- ruffle-rs/0.1.0-nightly.2025.5.6/4a9ab49afb123ec0c881.wasm.gz
- ruffle-rs/0.1.0-nightly.2025.5.6/core.ruffle.a9e185d2e5f4363d880e.js.br
- ruffle-rs/0.1.0-nightly.2025.5.6/core.ruffle.a9e185d2e5f4363d880e.js.gz
- ruffle-rs/0.1.0-nightly.2025.5.6/core.ruffle.a9e185d2e5f4363d880e.js.sri
- ruffle-rs/0.1.0-nightly.2025.5.6/core.ruffle.a9e185d2e5f4363d880e.min.js.br
- ruffle-rs/0.1.0-nightly.2025.5.6/core.ruffle.a9e185d2e5f4363d880e.min.js.gz
- ruffle-rs/0.1.0-nightly.2025.5.6/core.ruffle.a9e185d2e5f4363d880e.min.js.sri
- ruffle-rs/0.1.0-nightly.2025.5.6/core.ruffle.eddcfec72d9791a67fed.js.br
- ruffle-rs/0.1.0-nightly.2025.5.6/core.ruffle.eddcfec72d9791a67fed.js.gz
- ruffle-rs/0.1.0-nightly.2025.5.6/core.ruffle.eddcfec72d9791a67fed.js.sri
- ruffle-rs/0.1.0-nightly.2025.5.6/core.ruffle.eddcfec72d9791a67fed.min.js.br
- ruffle-rs/0.1.0-nightly.2025.5.6/core.ruffle.eddcfec72d9791a67fed.min.js.gz
- ruffle-rs/0.1.0-nightly.2025.5.6/core.ruffle.eddcfec72d9791a67fed.min.js.sri
- ruffle-rs/0.1.0-nightly.2025.5.6/ruffle.js.br
- ruffle-rs/0.1.0-nightly.2025.5.6/ruffle.js.gz
- ruffle-rs/0.1.0-nightly.2025.5.6/ruffle.js.sri
- ruffle-rs/0.1.0-nightly.2025.5.6/ruffle.min.js.br
- ruffle-rs/0.1.0-nightly.2025.5.6/ruffle.min.js.gz
- ruffle-rs/0.1.0-nightly.2025.5.6/ruffle.min.js.sri
