2025/06/19 04:33:32 optimizing files (Js true, Css true, Png true, Jpg true)
2025/06/19 04:33:33 algorithm: run /usr/bin/brotli --quality=11 --output=/output/c4d754bb46b1992519d6.wasm.br /tmp/work/c4d754bb46b1992519d6.wasm
2025/06/19 04:33:33 compress: run /node_modules/uglify-js/bin/uglifyjs (3.15.4) [--mangle --compress if_return=true -o /tmp/work/core.ruffle.8ed5f840a87b5b9fc4ab.min.js /tmp/work/core.ruffle.8ed5f840a87b5b9fc4ab.js]
2025/06/19 04:33:33 algorithm: run /usr/bin/brotli --quality=11 --output=/output/242017cf846ebb7eabb4.wasm.br /tmp/work/242017cf846ebb7eabb4.wasm
2025/06/19 04:33:33 compress: run /node_modules/uglify-js/bin/uglifyjs (3.15.4) [--mangle --compress if_return=true -o /tmp/work/core.ruffle.ff55cec4adff12711b53.min.js /tmp/work/core.ruffle.ff55cec4adff12711b53.js]
2025/06/19 04:33:33 compress: run /node_modules/uglify-js/bin/uglifyjs (3.15.4) [--mangle --compress if_return=true -o /tmp/work/ruffle.min.js /tmp/work/ruffle.js]
2025/06/19 04:33:38 sri /tmp/work/ruffle.min.js -> /output/ruffle.min.js.sri
2025/06/19 04:33:38 algorithm: run /usr/bin/brotli --quality=11 --output=/output/ruffle.min.js.br /tmp/work/ruffle.min.js
2025/06/19 04:33:40 sri /tmp/work/core.ruffle.ff55cec4adff12711b53.min.js -> /output/core.ruffle.ff55cec4adff12711b53.min.js.sri
2025/06/19 04:33:40 algorithm: run /usr/bin/brotli --quality=11 --output=/output/core.ruffle.ff55cec4adff12711b53.min.js.br /tmp/work/core.ruffle.ff55cec4adff12711b53.min.js
2025/06/19 04:33:41 br /tmp/work/core.ruffle.ff55cec4adff12711b53.min.js -> /output/core.ruffle.ff55cec4adff12711b53.min.js.br
2025/06/19 04:33:41 gz /tmp/work/core.ruffle.ff55cec4adff12711b53.min.js -> /output/core.ruffle.ff55cec4adff12711b53.min.js.gz
2025/06/19 04:33:41 sri /tmp/work/core.ruffle.ff55cec4adff12711b53.js -> /output/core.ruffle.ff55cec4adff12711b53.js.sri
2025/06/19 04:33:41 algorithm: run /usr/bin/brotli --quality=11 --output=/output/core.ruffle.ff55cec4adff12711b53.js.br /tmp/work/core.ruffle.ff55cec4adff12711b53.js
2025/06/19 04:33:41 br /tmp/work/ruffle.min.js -> /output/ruffle.min.js.br
2025/06/19 04:33:41 gz /tmp/work/ruffle.min.js -> /output/ruffle.min.js.gz
2025/06/19 04:33:41 sri /tmp/work/ruffle.js -> /output/ruffle.js.sri
2025/06/19 04:33:41 algorithm: run /usr/bin/brotli --quality=11 --output=/output/ruffle.js.br /tmp/work/ruffle.js
2025/06/19 04:33:41 sri /tmp/work/core.ruffle.8ed5f840a87b5b9fc4ab.min.js -> /output/core.ruffle.8ed5f840a87b5b9fc4ab.min.js.sri
2025/06/19 04:33:41 algorithm: run /usr/bin/brotli --quality=11 --output=/output/core.ruffle.8ed5f840a87b5b9fc4ab.min.js.br /tmp/work/core.ruffle.8ed5f840a87b5b9fc4ab.min.js
2025/06/19 04:33:41 br /tmp/work/core.ruffle.ff55cec4adff12711b53.js -> /output/core.ruffle.ff55cec4adff12711b53.js.br
2025/06/19 04:33:41 gz /tmp/work/core.ruffle.ff55cec4adff12711b53.js -> /output/core.ruffle.ff55cec4adff12711b53.js.gz
2025/06/19 04:33:42 br /tmp/work/core.ruffle.8ed5f840a87b5b9fc4ab.min.js -> /output/core.ruffle.8ed5f840a87b5b9fc4ab.min.js.br
2025/06/19 04:33:42 gz /tmp/work/core.ruffle.8ed5f840a87b5b9fc4ab.min.js -> /output/core.ruffle.8ed5f840a87b5b9fc4ab.min.js.gz
2025/06/19 04:33:42 sri /tmp/work/core.ruffle.8ed5f840a87b5b9fc4ab.js -> /output/core.ruffle.8ed5f840a87b5b9fc4ab.js.sri
2025/06/19 04:33:42 algorithm: run /usr/bin/brotli --quality=11 --output=/output/core.ruffle.8ed5f840a87b5b9fc4ab.js.br /tmp/work/core.ruffle.8ed5f840a87b5b9fc4ab.js
2025/06/19 04:33:42 br /tmp/work/core.ruffle.8ed5f840a87b5b9fc4ab.js -> /output/core.ruffle.8ed5f840a87b5b9fc4ab.js.br
2025/06/19 04:33:42 gz /tmp/work/core.ruffle.8ed5f840a87b5b9fc4ab.js -> /output/core.ruffle.8ed5f840a87b5b9fc4ab.js.gz
2025/06/19 04:33:43 br /tmp/work/ruffle.js -> /output/ruffle.js.br
2025/06/19 04:33:43 gz /tmp/work/ruffle.js -> /output/ruffle.js.gz
2025/06/19 04:34:57 br /tmp/work/242017cf846ebb7eabb4.wasm -> /output/242017cf846ebb7eabb4.wasm.br
2025/06/19 04:34:57 br /tmp/work/c4d754bb46b1992519d6.wasm -> /output/c4d754bb46b1992519d6.wasm.br
2025/06/19 04:34:58 gz /tmp/work/242017cf846ebb7eabb4.wasm -> /output/242017cf846ebb7eabb4.wasm.gz
2025/06/19 04:34:58 gz /tmp/work/c4d754bb46b1992519d6.wasm -> /output/c4d754bb46b1992519d6.wasm.gz
2025/06/19 04:34:58 processed ruffle-rs
