2025/07/12 00:32:14 optimizing files (Js true, Css true, Png true, Jpg true)
2025/07/12 00:32:14 algorithm: run /usr/bin/brotli --quality=11 --output=/output/61365e041fa029e82616.wasm.br /tmp/work/61365e041fa029e82616.wasm
2025/07/12 00:32:14 algorithm: run /usr/bin/brotli --quality=11 --output=/output/3bfaeb731e0c293168ca.wasm.br /tmp/work/3bfaeb731e0c293168ca.wasm
2025/07/12 00:32:14 compress: run /node_modules/uglify-js/bin/uglifyjs (3.15.4) [--mangle --compress if_return=true -o /tmp/work/core.ruffle.74ac90e921d61259fd35.min.js /tmp/work/core.ruffle.74ac90e921d61259fd35.js]
2025/07/12 00:32:14 compress: run /node_modules/uglify-js/bin/uglifyjs (3.15.4) [--mangle --compress if_return=true -o /tmp/work/core.ruffle.74b9f6a3798bc4d12cea.min.js /tmp/work/core.ruffle.74b9f6a3798bc4d12cea.js]
2025/07/12 00:32:14 compress: run /node_modules/uglify-js/bin/uglifyjs (3.15.4) [--mangle --compress if_return=true -o /tmp/work/ruffle.min.js /tmp/work/ruffle.js]
2025/07/12 00:32:16 sri /tmp/work/ruffle.min.js -> /output/ruffle.min.js.sri
2025/07/12 00:32:16 algorithm: run /usr/bin/brotli --quality=11 --output=/output/ruffle.min.js.br /tmp/work/ruffle.min.js
2025/07/12 00:32:16 br /tmp/work/ruffle.min.js -> /output/ruffle.min.js.br
2025/07/12 00:32:16 gz /tmp/work/ruffle.min.js -> /output/ruffle.min.js.gz
2025/07/12 00:32:16 sri /tmp/work/ruffle.js -> /output/ruffle.js.sri
2025/07/12 00:32:16 algorithm: run /usr/bin/brotli --quality=11 --output=/output/ruffle.js.br /tmp/work/ruffle.js
2025/07/12 00:32:16 sri /tmp/work/core.ruffle.74b9f6a3798bc4d12cea.min.js -> /output/core.ruffle.74b9f6a3798bc4d12cea.min.js.sri
2025/07/12 00:32:16 algorithm: run /usr/bin/brotli --quality=11 --output=/output/core.ruffle.74b9f6a3798bc4d12cea.min.js.br /tmp/work/core.ruffle.74b9f6a3798bc4d12cea.min.js
2025/07/12 00:32:17 sri /tmp/work/core.ruffle.74ac90e921d61259fd35.min.js -> /output/core.ruffle.74ac90e921d61259fd35.min.js.sri
2025/07/12 00:32:17 algorithm: run /usr/bin/brotli --quality=11 --output=/output/core.ruffle.74ac90e921d61259fd35.min.js.br /tmp/work/core.ruffle.74ac90e921d61259fd35.min.js
2025/07/12 00:32:17 br /tmp/work/core.ruffle.74b9f6a3798bc4d12cea.min.js -> /output/core.ruffle.74b9f6a3798bc4d12cea.min.js.br
2025/07/12 00:32:17 gz /tmp/work/core.ruffle.74b9f6a3798bc4d12cea.min.js -> /output/core.ruffle.74b9f6a3798bc4d12cea.min.js.gz
2025/07/12 00:32:17 sri /tmp/work/core.ruffle.74b9f6a3798bc4d12cea.js -> /output/core.ruffle.74b9f6a3798bc4d12cea.js.sri
2025/07/12 00:32:17 algorithm: run /usr/bin/brotli --quality=11 --output=/output/core.ruffle.74b9f6a3798bc4d12cea.js.br /tmp/work/core.ruffle.74b9f6a3798bc4d12cea.js
2025/07/12 00:32:17 br /tmp/work/core.ruffle.74ac90e921d61259fd35.min.js -> /output/core.ruffle.74ac90e921d61259fd35.min.js.br
2025/07/12 00:32:17 gz /tmp/work/core.ruffle.74ac90e921d61259fd35.min.js -> /output/core.ruffle.74ac90e921d61259fd35.min.js.gz
2025/07/12 00:32:17 sri /tmp/work/core.ruffle.74ac90e921d61259fd35.js -> /output/core.ruffle.74ac90e921d61259fd35.js.sri
2025/07/12 00:32:17 algorithm: run /usr/bin/brotli --quality=11 --output=/output/core.ruffle.74ac90e921d61259fd35.js.br /tmp/work/core.ruffle.74ac90e921d61259fd35.js
2025/07/12 00:32:17 br /tmp/work/core.ruffle.74b9f6a3798bc4d12cea.js -> /output/core.ruffle.74b9f6a3798bc4d12cea.js.br
2025/07/12 00:32:17 gz /tmp/work/core.ruffle.74b9f6a3798bc4d12cea.js -> /output/core.ruffle.74b9f6a3798bc4d12cea.js.gz
2025/07/12 00:32:17 br /tmp/work/core.ruffle.74ac90e921d61259fd35.js -> /output/core.ruffle.74ac90e921d61259fd35.js.br
2025/07/12 00:32:17 gz /tmp/work/core.ruffle.74ac90e921d61259fd35.js -> /output/core.ruffle.74ac90e921d61259fd35.js.gz
2025/07/12 00:32:17 br /tmp/work/ruffle.js -> /output/ruffle.js.br
2025/07/12 00:32:17 gz /tmp/work/ruffle.js -> /output/ruffle.js.gz
2025/07/12 00:32:53 br /tmp/work/61365e041fa029e82616.wasm -> /output/61365e041fa029e82616.wasm.br
2025/07/12 00:32:54 gz /tmp/work/61365e041fa029e82616.wasm -> /output/61365e041fa029e82616.wasm.gz
2025/07/12 00:32:55 br /tmp/work/3bfaeb731e0c293168ca.wasm -> /output/3bfaeb731e0c293168ca.wasm.br
2025/07/12 00:32:56 gz /tmp/work/3bfaeb731e0c293168ca.wasm -> /output/3bfaeb731e0c293168ca.wasm.gz
2025/07/12 00:32:56 processed ruffle-rs
