config: {"authors":[{"name":"Facebook"}],"autoupdate":{"source":"npm","target":"react-dom","fileMap":[{"basePath":"dist","files":["**/*"]},{"basePath":"","files":["+(cjs|umd)/**/*"]}],"ignoreVersions":["*-alpha.*[a-z]*","0.0.0-*"]},"description":"The entry point of the DOM-related rendering paths. It is intended to be paired with the isomorphic React, which is shipped as react to npm.","filename":"umd/react-dom.production.min.js","homepage":"https://facebook.github.io/react/","keywords":["react","jsx","transformer","view","dom","server"],"license":"MIT","name":"react-dom","repository":{"type":"git","url":"https://github.com/facebook/react"},"author":"Facebook"}
KV keys:
- react-dom/19.2.0-canary-97cdd5d3-20250710/cjs/react-dom-client.development.js.br
- react-dom/19.2.0-canary-97cdd5d3-20250710/cjs/react-dom-client.development.js.gz
- react-dom/19.2.0-canary-97cdd5d3-20250710/cjs/react-dom-client.development.min.js.br
- react-dom/19.2.0-canary-97cdd5d3-20250710/cjs/react-dom-client.development.min.js.gz
- react-dom/19.2.0-canary-97cdd5d3-20250710/cjs/react-dom-client.production.js.br
- react-dom/19.2.0-canary-97cdd5d3-20250710/cjs/react-dom-client.production.js.gz
- react-dom/19.2.0-canary-97cdd5d3-20250710/cjs/react-dom-client.production.min.js.br
- react-dom/19.2.0-canary-97cdd5d3-20250710/cjs/react-dom-client.production.min.js.gz
- react-dom/19.2.0-canary-97cdd5d3-20250710/cjs/react-dom-profiling.development.js.br
- react-dom/19.2.0-canary-97cdd5d3-20250710/cjs/react-dom-profiling.development.js.gz
- react-dom/19.2.0-canary-97cdd5d3-20250710/cjs/react-dom-profiling.development.min.js.br
- react-dom/19.2.0-canary-97cdd5d3-20250710/cjs/react-dom-profiling.development.min.js.gz
- react-dom/19.2.0-canary-97cdd5d3-20250710/cjs/react-dom-profiling.profiling.js.br
- react-dom/19.2.0-canary-97cdd5d3-20250710/cjs/react-dom-profiling.profiling.js.gz
- react-dom/19.2.0-canary-97cdd5d3-20250710/cjs/react-dom-profiling.profiling.min.js.br
- react-dom/19.2.0-canary-97cdd5d3-20250710/cjs/react-dom-profiling.profiling.min.js.gz
- react-dom/19.2.0-canary-97cdd5d3-20250710/cjs/react-dom-server-legacy.browser.development.js.br
- react-dom/19.2.0-canary-97cdd5d3-20250710/cjs/react-dom-server-legacy.browser.development.js.gz
- react-dom/19.2.0-canary-97cdd5d3-20250710/cjs/react-dom-server-legacy.browser.development.min.js.br
- react-dom/19.2.0-canary-97cdd5d3-20250710/cjs/react-dom-server-legacy.browser.development.min.js.gz
- react-dom/19.2.0-canary-97cdd5d3-20250710/cjs/react-dom-server-legacy.browser.production.js.br
- react-dom/19.2.0-canary-97cdd5d3-20250710/cjs/react-dom-server-legacy.browser.production.js.gz
- react-dom/19.2.0-canary-97cdd5d3-20250710/cjs/react-dom-server-legacy.browser.production.min.js.br
- react-dom/19.2.0-canary-97cdd5d3-20250710/cjs/react-dom-server-legacy.browser.production.min.js.gz
- react-dom/19.2.0-canary-97cdd5d3-20250710/cjs/react-dom-server-legacy.node.development.js.br
- react-dom/19.2.0-canary-97cdd5d3-20250710/cjs/react-dom-server-legacy.node.development.js.gz
- react-dom/19.2.0-canary-97cdd5d3-20250710/cjs/react-dom-server-legacy.node.development.min.js.br
- react-dom/19.2.0-canary-97cdd5d3-20250710/cjs/react-dom-server-legacy.node.development.min.js.gz
- react-dom/19.2.0-canary-97cdd5d3-20250710/cjs/react-dom-server-legacy.node.production.js.br
- react-dom/19.2.0-canary-97cdd5d3-20250710/cjs/react-dom-server-legacy.node.production.js.gz
- react-dom/19.2.0-canary-97cdd5d3-20250710/cjs/react-dom-server-legacy.node.production.min.js.br
- react-dom/19.2.0-canary-97cdd5d3-20250710/cjs/react-dom-server-legacy.node.production.min.js.gz
- react-dom/19.2.0-canary-97cdd5d3-20250710/cjs/react-dom-server.browser.development.js.br
- react-dom/19.2.0-canary-97cdd5d3-20250710/cjs/react-dom-server.browser.development.js.gz
- react-dom/19.2.0-canary-97cdd5d3-20250710/cjs/react-dom-server.browser.development.min.js.br
- react-dom/19.2.0-canary-97cdd5d3-20250710/cjs/react-dom-server.browser.development.min.js.gz
- react-dom/19.2.0-canary-97cdd5d3-20250710/cjs/react-dom-server.browser.production.js.br
- react-dom/19.2.0-canary-97cdd5d3-20250710/cjs/react-dom-server.browser.production.js.gz
- react-dom/19.2.0-canary-97cdd5d3-20250710/cjs/react-dom-server.browser.production.min.js.br
- react-dom/19.2.0-canary-97cdd5d3-20250710/cjs/react-dom-server.browser.production.min.js.gz
- react-dom/19.2.0-canary-97cdd5d3-20250710/cjs/react-dom-server.bun.development.js.br
- react-dom/19.2.0-canary-97cdd5d3-20250710/cjs/react-dom-server.bun.development.js.gz
- react-dom/19.2.0-canary-97cdd5d3-20250710/cjs/react-dom-server.bun.development.min.js.br
- react-dom/19.2.0-canary-97cdd5d3-20250710/cjs/react-dom-server.bun.development.min.js.gz
- react-dom/19.2.0-canary-97cdd5d3-20250710/cjs/react-dom-server.bun.production.js.br
- react-dom/19.2.0-canary-97cdd5d3-20250710/cjs/react-dom-server.bun.production.js.gz
- react-dom/19.2.0-canary-97cdd5d3-20250710/cjs/react-dom-server.bun.production.min.js.br
- react-dom/19.2.0-canary-97cdd5d3-20250710/cjs/react-dom-server.bun.production.min.js.gz
- react-dom/19.2.0-canary-97cdd5d3-20250710/cjs/react-dom-server.edge.development.js.br
- react-dom/19.2.0-canary-97cdd5d3-20250710/cjs/react-dom-server.edge.development.js.gz
- react-dom/19.2.0-canary-97cdd5d3-20250710/cjs/react-dom-server.edge.development.min.js.br
- react-dom/19.2.0-canary-97cdd5d3-20250710/cjs/react-dom-server.edge.development.min.js.gz
- react-dom/19.2.0-canary-97cdd5d3-20250710/cjs/react-dom-server.edge.production.js.br
- react-dom/19.2.0-canary-97cdd5d3-20250710/cjs/react-dom-server.edge.production.js.gz
- react-dom/19.2.0-canary-97cdd5d3-20250710/cjs/react-dom-server.edge.production.min.js.br
- react-dom/19.2.0-canary-97cdd5d3-20250710/cjs/react-dom-server.edge.production.min.js.gz
- react-dom/19.2.0-canary-97cdd5d3-20250710/cjs/react-dom-server.node.development.js.br
- react-dom/19.2.0-canary-97cdd5d3-20250710/cjs/react-dom-server.node.development.js.gz
- react-dom/19.2.0-canary-97cdd5d3-20250710/cjs/react-dom-server.node.development.min.js.br
- react-dom/19.2.0-canary-97cdd5d3-20250710/cjs/react-dom-server.node.development.min.js.gz
- react-dom/19.2.0-canary-97cdd5d3-20250710/cjs/react-dom-server.node.production.js.br
- react-dom/19.2.0-canary-97cdd5d3-20250710/cjs/react-dom-server.node.production.js.gz
- react-dom/19.2.0-canary-97cdd5d3-20250710/cjs/react-dom-server.node.production.min.js.br
- react-dom/19.2.0-canary-97cdd5d3-20250710/cjs/react-dom-server.node.production.min.js.gz
- react-dom/19.2.0-canary-97cdd5d3-20250710/cjs/react-dom-test-utils.development.js.br
- react-dom/19.2.0-canary-97cdd5d3-20250710/cjs/react-dom-test-utils.development.js.gz
- react-dom/19.2.0-canary-97cdd5d3-20250710/cjs/react-dom-test-utils.development.min.js.br
- react-dom/19.2.0-canary-97cdd5d3-20250710/cjs/react-dom-test-utils.development.min.js.gz
- react-dom/19.2.0-canary-97cdd5d3-20250710/cjs/react-dom-test-utils.production.js.br
- react-dom/19.2.0-canary-97cdd5d3-20250710/cjs/react-dom-test-utils.production.js.gz
- react-dom/19.2.0-canary-97cdd5d3-20250710/cjs/react-dom-test-utils.production.min.js.br
- react-dom/19.2.0-canary-97cdd5d3-20250710/cjs/react-dom-test-utils.production.min.js.gz
- react-dom/19.2.0-canary-97cdd5d3-20250710/cjs/react-dom.development.js.br
- react-dom/19.2.0-canary-97cdd5d3-20250710/cjs/react-dom.development.js.gz
- react-dom/19.2.0-canary-97cdd5d3-20250710/cjs/react-dom.development.min.js.br
- react-dom/19.2.0-canary-97cdd5d3-20250710/cjs/react-dom.development.min.js.gz
- react-dom/19.2.0-canary-97cdd5d3-20250710/cjs/react-dom.production.js.br
- react-dom/19.2.0-canary-97cdd5d3-20250710/cjs/react-dom.production.js.gz
- react-dom/19.2.0-canary-97cdd5d3-20250710/cjs/react-dom.production.min.js.br
- react-dom/19.2.0-canary-97cdd5d3-20250710/cjs/react-dom.production.min.js.gz
- react-dom/19.2.0-canary-97cdd5d3-20250710/cjs/react-dom.react-server.development.js.br
- react-dom/19.2.0-canary-97cdd5d3-20250710/cjs/react-dom.react-server.development.js.gz
- react-dom/19.2.0-canary-97cdd5d3-20250710/cjs/react-dom.react-server.development.min.js.br
- react-dom/19.2.0-canary-97cdd5d3-20250710/cjs/react-dom.react-server.development.min.js.gz
- react-dom/19.2.0-canary-97cdd5d3-20250710/cjs/react-dom.react-server.production.js.br
- react-dom/19.2.0-canary-97cdd5d3-20250710/cjs/react-dom.react-server.production.js.gz
- react-dom/19.2.0-canary-97cdd5d3-20250710/cjs/react-dom.react-server.production.min.js.br
- react-dom/19.2.0-canary-97cdd5d3-20250710/cjs/react-dom.react-server.production.min.js.gz
SRIs:
- react-dom/19.2.0-canary-97cdd5d3-20250710/cjs/react-dom-server.node.development.js: sha512-hoqqskYIr88Gn8L7Hc74ZM2Y/kqpe6Bh6g3kAi6Vx+KxcFSxnz3lB9sz8ER3TlSgj7B/9i3XLHnMVAJ1mOb5NA==
- react-dom/19.2.0-canary-97cdd5d3-20250710/cjs/react-dom-server.node.production.min.js: sha512-+O3/xBVtQzko1ueujKQ2V3Expiz1VQiukJV1HYHiowqyl8eGKUO7qOwh/xyki4ElWNd6k4/J3WKiAmHaPWj5yA==
- react-dom/19.2.0-canary-97cdd5d3-20250710/cjs/react-dom.production.min.js: sha512-BQfffFq6KwZUxZsVxjEGad4z0XK0YeGAf4VhHr2U3dIjmS96/wYypxz7cAVL+qrLhhugTScQXfUduPU0sO94BA==
- react-dom/19.2.0-canary-97cdd5d3-20250710/cjs/react-dom.react-server.production.min.js: sha512-20COrrzLi7qdl6lbOwMwRS4OOhn9NZBoks0wsbkftrP+bTFlLmQbhnHoCe37NvyeZezwsRhrNm27if2FvRp82g==
- react-dom/19.2.0-canary-97cdd5d3-20250710/cjs/react-dom-server.bun.development.js: sha512-pAEDyc+PkrtbN9TlDHmx8W0mH+Y05u9pkCNWd2oTnxuzedhUphUBLoVbcnGIm4EcHuJmHPyeQdifeDuNw4fHeA==
- react-dom/19.2.0-canary-97cdd5d3-20250710/cjs/react-dom-server-legacy.node.development.js: sha512-M6WLEmuVIb/H8mROzt09EhuD+KcCsqgybFQSifMNw5HGvzZVtEKNSsqTMsRaJ8GIrQmuYZGNvdB7JItFKm67nA==
- react-dom/19.2.0-canary-97cdd5d3-20250710/cjs/react-dom-server-legacy.node.production.js: sha512-+vYkWCiLtKxE6Lm0EiX+uKrcQ3M0ez3NIdJhU8F3C6Mu+CRnsT+bDiKoAfzmuYFK0IvkxNki83E9UXD4PMMn2A==
- react-dom/19.2.0-canary-97cdd5d3-20250710/cjs/react-dom-server-legacy.node.production.min.js: sha512-UYVHCnhZILeEv96WLNr+svsza/lT1hUYgzf09YRAjDtjCMaYuJtW+Ozo771tt/wbaSfaM6kQZMaYNBh6YJ0h/Q==
- react-dom/19.2.0-canary-97cdd5d3-20250710/cjs/react-dom-server.bun.production.js: sha512-suumClM0hJRRBrHoWjTGVCIrutJEn8vIn2eYfkwyAVw4O64dJprxy2L5uuThhs4vLnenPEOxvt68zEf/UxIjgw==
- react-dom/19.2.0-canary-97cdd5d3-20250710/cjs/react-dom-server.edge.development.min.js: sha512-8CzSrIET3DXgwDpDMx8vDv5FzxQffNxohFlu5NpPVEGZGMgZdavPvD5QmX4lf7oDTANBDb83x8GYiEtOfG0y+A==
- react-dom/19.2.0-canary-97cdd5d3-20250710/cjs/react-dom-test-utils.development.js: sha512-WXOi4X8urnIYjwhn0/ettuwKqfPkRU/SKLAds31Ovg5w/cL3iy7GWQh8DdbUx1afVOJUwhU48fDqX1prORciCQ==
- react-dom/19.2.0-canary-97cdd5d3-20250710/cjs/react-dom-test-utils.production.js: sha512-jkoqaAph1QG0Rsi5v6QFKgNiVbYZAAHnJAMKrsaEng593GKYE7QdBtHNvNEnyJXhBy7MahqaZvPLT30h+DAZig==
- react-dom/19.2.0-canary-97cdd5d3-20250710/cjs/react-dom-client.development.min.js: sha512-2o1GyqS/QwmmOHrfP77804JUd9DEhBDa6YJQYXSPoiqx+fGnYFmkpyXPAxUjiHKN5xn2rjBAxZKriFZ1sc40EQ==
- react-dom/19.2.0-canary-97cdd5d3-20250710/cjs/react-dom.react-server.production.js: sha512-56ZmKry0mrxGnrp+mcmzvxo7pq8nJnpgQAmtawZcmxKnO9r445qK0yk8gmwQT7p3+UoC5anNk71p2hTC6Pl1jg==
- react-dom/19.2.0-canary-97cdd5d3-20250710/cjs/react-dom-test-utils.production.min.js: sha512-7i9t0ZObhvtf6bXCbuUPUW3AkdvGjkN3wJ+Wy1eNzrakcrYWQ2mieiZloe9pfdNx7c3ye/zhZFjluDQttG0gpw==
- react-dom/19.2.0-canary-97cdd5d3-20250710/cjs/react-dom-client.production.min.js: sha512-yP+PdWdUyJzeeIPjrCvvIUJJw3NTWDRLLRBuKxxiQwTPBpJZVqmsOEg22wQLOkoojwu7+GTNgOG6zGwgOpDBdw==
- react-dom/19.2.0-canary-97cdd5d3-20250710/cjs/react-dom-profiling.development.js: sha512-3Hu5ITRWaT0N1fgNHM4bT4vWZTDUVp9EKFqYVDJiYFoUZdhwvcfUhEqUqG16V/OP0Tqjy5/Blo06qIE3ypqMrQ==
- react-dom/19.2.0-canary-97cdd5d3-20250710/cjs/react-dom-server.edge.production.min.js: sha512-nlMgwMO1FFZ0evD7F1Yf2bpq9lyDVWYvN8Zdr0a9NIMZZVcCKder8HfYATFzJax3RSH1gIe8LcSFZB4W3q+Xtw==
- react-dom/19.2.0-canary-97cdd5d3-20250710/cjs/react-dom-client.development.js: sha512-OPQpU+55U/tbO7p21IvPfKpciE0hqIXOsnSkdMKX4VXz4Nlf9sxl8+ZSzsj5jEDu9bwkd5icid7jv5B2Apfgog==
- react-dom/19.2.0-canary-97cdd5d3-20250710/cjs/react-dom-server-legacy.browser.production.js: sha512-JJKc9UAxTR3BjjwxI4n2jwYZqdIQQS4GyczxjKq/WAR6wOEP/n3hzpS/09zsOfT88t13JOXGmLa6cgB0xuK4Fw==
- react-dom/19.2.0-canary-97cdd5d3-20250710/cjs/react-dom-server.browser.development.js: sha512-GL1rJcq9NQMRWdfx+Rg3qZ1V0H5HsOtoIlgMNC01KF3xieWSIj/cz3TQO/25dAMkuEKj/wYYD3Ml5miCeWaidA==
- react-dom/19.2.0-canary-97cdd5d3-20250710/cjs/react-dom-server.browser.development.min.js: sha512-Qtg6aWRxj70rygXHFweDk7zwSrAd4NDH1/YjZQl2JiZKetd3OWF9pq9R03/s08WZE+AdjHW887smDHrnyN0hOA==
- react-dom/19.2.0-canary-97cdd5d3-20250710/cjs/react-dom-server.browser.production.js: sha512-zVjWgd/3e9CS2j3Tk8f/CTV9CEgmRZPuxyQczk1C3u1W6uNSXEMqhrfZwhd4L3YBscEQangNkqcINIGHLd1hMg==
- react-dom/19.2.0-canary-97cdd5d3-20250710/cjs/react-dom-server.bun.development.min.js: sha512-Q6T9jwjILhK71T7+XDuECQeBYSyD07qlN/hr7Y8aXVW4GY9u/m+bWsNQ9YxTCXAqi+bsZuvugtG2KcOCKkQtOw==
- react-dom/19.2.0-canary-97cdd5d3-20250710/cjs/react-dom-server.node.production.js: sha512-UThiuRW9tPs4pEx6ccemWm4tbjDdDngxcFjxbnpjD6dze4QPkqxcfZMk8E1SThBBsSz9L/Lcf3TKvF3A8byH+g==
- react-dom/19.2.0-canary-97cdd5d3-20250710/cjs/react-dom-server-legacy.browser.development.js: sha512-+gsCWBSC3Y8ijOxmRUbiQVsFgUKOwWxpQHJEDpi2hkpDtsf5m4TE6fSabI6D7i5zRdsap7+rfopxf/oF4cgfUA==
- react-dom/19.2.0-canary-97cdd5d3-20250710/cjs/react-dom.development.min.js: sha512-vePeXhzOqmQPzDuK5qGnni6+ePjhrlnWESSqXibW40hhwqzrWVOKRGDw0VfLpWtm14aB1CsHsiVD5tFpX8wjug==
- react-dom/19.2.0-canary-97cdd5d3-20250710/cjs/react-dom.production.js: sha512-WS4tpFhE3MtMLzyAz77WVs29q3kuPllSM29SerDHP7RUfAHJ7rXO4cq3OXgp0aZOE+zGqnP71fz4GuHoa8iEtQ==
- react-dom/19.2.0-canary-97cdd5d3-20250710/cjs/react-dom-server.edge.development.js: sha512-Z4E/MTAX5Y5qk1pWxU3A9oH1H1DT9NDQZKI6/kxLMxlHk1SQ+0vwlsu0R4v87uQjeJnivzqOZYbOQPPOUcIqWw==
- react-dom/19.2.0-canary-97cdd5d3-20250710/cjs/react-dom-profiling.profiling.js: sha512-jzDvWghNTirUct9s9Dr6fRQh8zOYshRacrIXDEoXrGyRUeOlkbmcZC1nSnt4jfab36v4JxkiHtO14+ci6wV5Sw==
- react-dom/19.2.0-canary-97cdd5d3-20250710/cjs/react-dom-server-legacy.browser.development.min.js: sha512-rwKPOwreF66wm1cJNc5z7cucR+wPm2dLdASBV4V42JZsZ5wCJ1VURQ6GxUkqP4BMj39LG15D4oXqBFITGgAYPQ==
- react-dom/19.2.0-canary-97cdd5d3-20250710/cjs/react-dom-server.node.development.min.js: sha512-c63WSl3Ph/4iftEVtEbgYUfXXgG2nPHE+hApc7oRdKg0ZE6ndu+BpzrNjXwI9jy0bXovE7LdVh+sEE8o/Wmzmg==
- react-dom/19.2.0-canary-97cdd5d3-20250710/cjs/react-dom-test-utils.development.min.js: sha512-zZ3i3o1rgGlQugRndFsHwrDh56QBL4RxBWQsEEZKtI4fmkztffLhS4URazWEluTDK6af7E2vJnk0cDWvTJmBIA==
- react-dom/19.2.0-canary-97cdd5d3-20250710/cjs/react-dom-client.production.js: sha512-nxig74kZBlOL/zOyuZfsY6PyagP8eD3h6p2s2aHOF5rgmMp7baIXtXD7D3NIO5lKUexxxi/+RUNUxw5n5p7evA==
- react-dom/19.2.0-canary-97cdd5d3-20250710/cjs/react-dom-server.edge.production.js: sha512-5ttEOUqWUZCDceH4FLyQBLEPnbE/bgSBuUGwpUadxqfzgpJrz0QYnF4YAzLbwQOiAN826kxWz6iEPyHJfBBSHw==
- react-dom/19.2.0-canary-97cdd5d3-20250710/cjs/react-dom.development.js: sha512-zosQ8guAH7KpSjk+XCeWZ4ZQhrK3OZAZwuWUvBYhp5Mz+xSFmUUEY9KGK2ufb2OMOnwenqEYIquFAA78nhyDWQ==
- react-dom/19.2.0-canary-97cdd5d3-20250710/cjs/react-dom.react-server.development.js: sha512-+lOKyREBOLzG+jsshV0WbIdf6nafuNzyAErWR0spQcBpVPpgY9LDMG6CDKcdeqJW3rnOMjNi+ZioCD8PKFua5A==
- react-dom/19.2.0-canary-97cdd5d3-20250710/cjs/react-dom-profiling.profiling.min.js: sha512-+NyCub+aWBVqAG1JK1IGEqHqrpbf8c2oLDxGgSd5DvC+2J3sx8isdH+bEbNKE+vh/0+lpU2zuBjC8cZjSe+Ryg==
- react-dom/19.2.0-canary-97cdd5d3-20250710/cjs/react-dom-server-legacy.browser.production.min.js: sha512-zoYcRnO2bD4gJscNc562B7bqYyJzRGwoknz1fPzIBxM1hEeUbTxFBkFnx5Jc87hZ8sJgEKrDWIb+tyYrv0vALg==
- react-dom/19.2.0-canary-97cdd5d3-20250710/cjs/react-dom-server-legacy.node.development.min.js: sha512-79mpqV1rDOxK5ALTCZfVJx3wt90kSY8oP6p2gBhqxlJwa/FAuwZvaBRWN7ZsuitZ7cYezA27a4tkbW5FxgNYOg==
- react-dom/19.2.0-canary-97cdd5d3-20250710/cjs/react-dom-server.browser.production.min.js: sha512-EeSfD9MahZeUBgyfp8r2FzgjDvJ8KUFzXv4NrzhHUtxs8QF3mZWcWW9bWk4GdPjHJfiUWiEVakHsGb37SQsEXQ==
- react-dom/19.2.0-canary-97cdd5d3-20250710/cjs/react-dom-server.bun.production.min.js: sha512-88CaBm91l5DjRcL+CKZtoRhbtOU0RJqV6IZcePF1RstTCA5lD9MFi76cS1wVdyrcHhoXGmvDDRdMk//4nxF57A==
- react-dom/19.2.0-canary-97cdd5d3-20250710/cjs/react-dom.react-server.development.min.js: sha512-Mc2U7N925dQBtmIPnxrYGXb4vxTrcSU5gIKrpWrnT8WcmIuRbh4P3PNXkK1PbSeYmlsBn9juTXlzm5DXQ87FWg==
- react-dom/19.2.0-canary-97cdd5d3-20250710/cjs/react-dom-profiling.development.min.js: sha512-X3BUz+47xwEcnSi6SXZFzca6BKTv2HdrVwvM2hSw7Qv/O6Lya6czb81lqf1Y1a+3axn4nM9Avsq7BOfDTjw7Vw==
