Files:
- handsontable/0.0.0-next-26f004f-20250430/handsontable.css.br
- handsontable/0.0.0-next-26f004f-20250430/handsontable.css.gz
- handsontable/0.0.0-next-26f004f-20250430/handsontable.css.sri
- handsontable/0.0.0-next-26f004f-20250430/handsontable.full.css.br
- handsontable/0.0.0-next-26f004f-20250430/handsontable.full.css.gz
- handsontable/0.0.0-next-26f004f-20250430/handsontable.full.css.sri
- handsontable/0.0.0-next-26f004f-20250430/handsontable.full.js.br
- handsontable/0.0.0-next-26f004f-20250430/handsontable.full.js.gz
- handsontable/0.0.0-next-26f004f-20250430/handsontable.full.js.sri
- handsontable/0.0.0-next-26f004f-20250430/handsontable.full.min.css.br
- handsontable/0.0.0-next-26f004f-20250430/handsontable.full.min.css.gz
- handsontable/0.0.0-next-26f004f-20250430/handsontable.full.min.css.sri
- handsontable/0.0.0-next-26f004f-20250430/handsontable.full.min.js.br
- handsontable/0.0.0-next-26f004f-20250430/handsontable.full.min.js.gz
- handsontable/0.0.0-next-26f004f-20250430/handsontable.full.min.js.sri
- handsontable/0.0.0-next-26f004f-20250430/handsontable.js.br
- handsontable/0.0.0-next-26f004f-20250430/handsontable.js.gz
- handsontable/0.0.0-next-26f004f-20250430/handsontable.js.sri
- handsontable/0.0.0-next-26f004f-20250430/handsontable.min.css.br
- handsontable/0.0.0-next-26f004f-20250430/handsontable.min.css.gz
- handsontable/0.0.0-next-26f004f-20250430/handsontable.min.css.sri
- handsontable/0.0.0-next-26f004f-20250430/handsontable.min.js.br
- handsontable/0.0.0-next-26f004f-20250430/handsontable.min.js.gz
- handsontable/0.0.0-next-26f004f-20250430/handsontable.min.js.sri
