published: 2026-10-10T02:58:28.521Z

- fontsource-freehand/5.2.8/400.css.br
- fontsource-freehand/5.2.8/400.css.gz
- fontsource-freehand/5.2.8/400.min.css.br
- fontsource-freehand/5.2.8/400.min.css.gz
- fontsource-freehand/5.2.8/files/freehand-khmer-400-normal.woff.br
- fontsource-freehand/5.2.8/files/freehand-khmer-400-normal.woff.gz
- fontsource-freehand/5.2.8/files/freehand-khmer-400-normal.woff2
- fontsource-freehand/5.2.8/files/freehand-latin-400-normal.woff.br
- fontsource-freehand/5.2.8/files/freehand-latin-400-normal.woff.gz
- fontsource-freehand/5.2.8/files/freehand-latin-400-normal.woff2
- fontsource-freehand/5.2.8/index.css.br
- fontsource-freehand/5.2.8/index.css.gz
- fontsource-freehand/5.2.8/index.min.css.br
- fontsource-freehand/5.2.8/index.min.css.gz
- fontsource-freehand/5.2.8/khmer-400.css.br
- fontsource-freehand/5.2.8/khmer-400.css.gz
- fontsource-freehand/5.2.8/khmer-400.min.css.br
- fontsource-freehand/5.2.8/khmer-400.min.css.gz
- fontsource-freehand/5.2.8/khmer.css.br
- fontsource-freehand/5.2.8/khmer.css.gz
- fontsource-freehand/5.2.8/khmer.min.css.br
- fontsource-freehand/5.2.8/khmer.min.css.gz
- fontsource-freehand/5.2.8/latin-400.css.br
- fontsource-freehand/5.2.8/latin-400.css.gz
- fontsource-freehand/5.2.8/latin-400.min.css.br
- fontsource-freehand/5.2.8/latin-400.min.css.gz
- fontsource-freehand/5.2.8/latin.css.br
- fontsource-freehand/5.2.8/latin.css.gz
- fontsource-freehand/5.2.8/latin.min.css.br
- fontsource-freehand/5.2.8/latin.min.css.gz