config: {"authors":[{"name":"Clerk"}],"autoupdate":{"source":"npm","target":"@clerk/clerk-js","fileMap":[{"basePath":"dist","files":["*.@(js|cjs|mjs)"]}]},"description":"Clerk JS library","filename":"clerk.min.js","homepage":"https://clerk.com/","keywords":["clerk","auth","authentication","passwordless","session","jwt"],"license":"MIT","name":"clerk-js","repository":{"type":"git","url":"https://github.com/clerk/javascript/tree/main/packages/clerk-js"},"author":"Clerk"}
KV keys:
- clerk-js/5.63.0-canary.v20250428191739/192_clerk.browser_d3ad51_5.63.0-canary.v20250428191739.js.br
- clerk-js/5.63.0-canary.v20250428191739/192_clerk.browser_d3ad51_5.63.0-canary.v20250428191739.js.gz
- clerk-js/5.63.0-canary.v20250428191739/192_clerk.browser_d3ad51_5.63.0-canary.v20250428191739.min.js.br
- clerk-js/5.63.0-canary.v20250428191739/192_clerk.browser_d3ad51_5.63.0-canary.v20250428191739.min.js.gz
- clerk-js/5.63.0-canary.v20250428191739/192_clerk.chips.browser_f82475_5.63.0-canary.v20250428191739.js.br
- clerk-js/5.63.0-canary.v20250428191739/192_clerk.chips.browser_f82475_5.63.0-canary.v20250428191739.js.gz
- clerk-js/5.63.0-canary.v20250428191739/192_clerk.chips.browser_f82475_5.63.0-canary.v20250428191739.min.js.br
- clerk-js/5.63.0-canary.v20250428191739/192_clerk.chips.browser_f82475_5.63.0-canary.v20250428191739.min.js.gz
- clerk-js/5.63.0-canary.v20250428191739/192_clerk.legacy.browser_640018_5.63.0-canary.v20250428191739.js.br
- clerk-js/5.63.0-canary.v20250428191739/192_clerk.legacy.browser_640018_5.63.0-canary.v20250428191739.js.gz
- clerk-js/5.63.0-canary.v20250428191739/192_clerk.legacy.browser_640018_5.63.0-canary.v20250428191739.min.js.br
- clerk-js/5.63.0-canary.v20250428191739/192_clerk.legacy.browser_640018_5.63.0-canary.v20250428191739.min.js.gz
- clerk-js/5.63.0-canary.v20250428191739/377_clerk.headless_645b0f_5.63.0-canary.v20250428191739.js.br
- clerk-js/5.63.0-canary.v20250428191739/377_clerk.headless_645b0f_5.63.0-canary.v20250428191739.js.gz
- clerk-js/5.63.0-canary.v20250428191739/377_clerk.headless_645b0f_5.63.0-canary.v20250428191739.min.js.br
- clerk-js/5.63.0-canary.v20250428191739/377_clerk.headless_645b0f_5.63.0-canary.v20250428191739.min.js.gz
- clerk-js/5.63.0-canary.v20250428191739/848_clerk.browser_d3ad51_5.63.0-canary.v20250428191739.js.br
- clerk-js/5.63.0-canary.v20250428191739/848_clerk.browser_d3ad51_5.63.0-canary.v20250428191739.js.gz
- clerk-js/5.63.0-canary.v20250428191739/848_clerk.browser_d3ad51_5.63.0-canary.v20250428191739.min.js.br
- clerk-js/5.63.0-canary.v20250428191739/848_clerk.browser_d3ad51_5.63.0-canary.v20250428191739.min.js.gz
- clerk-js/5.63.0-canary.v20250428191739/848_clerk.chips.browser_f82475_5.63.0-canary.v20250428191739.js.br
- clerk-js/5.63.0-canary.v20250428191739/848_clerk.chips.browser_f82475_5.63.0-canary.v20250428191739.js.gz
- clerk-js/5.63.0-canary.v20250428191739/848_clerk.chips.browser_f82475_5.63.0-canary.v20250428191739.min.js.br
- clerk-js/5.63.0-canary.v20250428191739/848_clerk.chips.browser_f82475_5.63.0-canary.v20250428191739.min.js.gz
- clerk-js/5.63.0-canary.v20250428191739/848_clerk.legacy.browser_640018_5.63.0-canary.v20250428191739.js.br
- clerk-js/5.63.0-canary.v20250428191739/848_clerk.legacy.browser_640018_5.63.0-canary.v20250428191739.js.gz
- clerk-js/5.63.0-canary.v20250428191739/848_clerk.legacy.browser_640018_5.63.0-canary.v20250428191739.min.js.br
- clerk-js/5.63.0-canary.v20250428191739/848_clerk.legacy.browser_640018_5.63.0-canary.v20250428191739.min.js.gz
- clerk-js/5.63.0-canary.v20250428191739/890_clerk.headless_645b0f_5.63.0-canary.v20250428191739.js.br
- clerk-js/5.63.0-canary.v20250428191739/890_clerk.headless_645b0f_5.63.0-canary.v20250428191739.js.gz
- clerk-js/5.63.0-canary.v20250428191739/890_clerk.headless_645b0f_5.63.0-canary.v20250428191739.min.js.br
- clerk-js/5.63.0-canary.v20250428191739/890_clerk.headless_645b0f_5.63.0-canary.v20250428191739.min.js.gz
- clerk-js/5.63.0-canary.v20250428191739/965_clerk.headless_645b0f_5.63.0-canary.v20250428191739.js.br
- clerk-js/5.63.0-canary.v20250428191739/965_clerk.headless_645b0f_5.63.0-canary.v20250428191739.js.gz
- clerk-js/5.63.0-canary.v20250428191739/965_clerk.headless_645b0f_5.63.0-canary.v20250428191739.min.js.br
- clerk-js/5.63.0-canary.v20250428191739/965_clerk.headless_645b0f_5.63.0-canary.v20250428191739.min.js.gz
- clerk-js/5.63.0-canary.v20250428191739/blankcaptcha_clerk.browser_d3ad51_5.63.0-canary.v20250428191739.js.br
- clerk-js/5.63.0-canary.v20250428191739/blankcaptcha_clerk.browser_d3ad51_5.63.0-canary.v20250428191739.js.gz
- clerk-js/5.63.0-canary.v20250428191739/blankcaptcha_clerk.browser_d3ad51_5.63.0-canary.v20250428191739.min.js.br
- clerk-js/5.63.0-canary.v20250428191739/blankcaptcha_clerk.browser_d3ad51_5.63.0-canary.v20250428191739.min.js.gz
- clerk-js/5.63.0-canary.v20250428191739/blankcaptcha_clerk.chips.browser_f82475_5.63.0-canary.v20250428191739.js.br
- clerk-js/5.63.0-canary.v20250428191739/blankcaptcha_clerk.chips.browser_f82475_5.63.0-canary.v20250428191739.js.gz
- clerk-js/5.63.0-canary.v20250428191739/blankcaptcha_clerk.chips.browser_f82475_5.63.0-canary.v20250428191739.min.js.br
- clerk-js/5.63.0-canary.v20250428191739/blankcaptcha_clerk.chips.browser_f82475_5.63.0-canary.v20250428191739.min.js.gz
- clerk-js/5.63.0-canary.v20250428191739/blankcaptcha_clerk.legacy.browser_640018_5.63.0-canary.v20250428191739.js.br
- clerk-js/5.63.0-canary.v20250428191739/blankcaptcha_clerk.legacy.browser_640018_5.63.0-canary.v20250428191739.js.gz
- clerk-js/5.63.0-canary.v20250428191739/blankcaptcha_clerk.legacy.browser_640018_5.63.0-canary.v20250428191739.min.js.br
- clerk-js/5.63.0-canary.v20250428191739/blankcaptcha_clerk.legacy.browser_640018_5.63.0-canary.v20250428191739.min.js.gz
- clerk-js/5.63.0-canary.v20250428191739/checkout_clerk.browser_d3ad51_5.63.0-canary.v20250428191739.js.br
- clerk-js/5.63.0-canary.v20250428191739/checkout_clerk.browser_d3ad51_5.63.0-canary.v20250428191739.js.gz
- clerk-js/5.63.0-canary.v20250428191739/checkout_clerk.browser_d3ad51_5.63.0-canary.v20250428191739.min.js.br
- clerk-js/5.63.0-canary.v20250428191739/checkout_clerk.browser_d3ad51_5.63.0-canary.v20250428191739.min.js.gz
- clerk-js/5.63.0-canary.v20250428191739/checkout_clerk.chips.browser_f82475_5.63.0-canary.v20250428191739.js.br
- clerk-js/5.63.0-canary.v20250428191739/checkout_clerk.chips.browser_f82475_5.63.0-canary.v20250428191739.js.gz
- clerk-js/5.63.0-canary.v20250428191739/checkout_clerk.chips.browser_f82475_5.63.0-canary.v20250428191739.min.js.br
- clerk-js/5.63.0-canary.v20250428191739/checkout_clerk.chips.browser_f82475_5.63.0-canary.v20250428191739.min.js.gz
- clerk-js/5.63.0-canary.v20250428191739/checkout_clerk.legacy.browser_640018_5.63.0-canary.v20250428191739.js.br
- clerk-js/5.63.0-canary.v20250428191739/checkout_clerk.legacy.browser_640018_5.63.0-canary.v20250428191739.js.gz
- clerk-js/5.63.0-canary.v20250428191739/checkout_clerk.legacy.browser_640018_5.63.0-canary.v20250428191739.min.js.br
- clerk-js/5.63.0-canary.v20250428191739/checkout_clerk.legacy.browser_640018_5.63.0-canary.v20250428191739.min.js.gz
- clerk-js/5.63.0-canary.v20250428191739/clerk.browser.js.br
- clerk-js/5.63.0-canary.v20250428191739/clerk.browser.js.gz
- clerk-js/5.63.0-canary.v20250428191739/clerk.browser.min.js.br
- clerk-js/5.63.0-canary.v20250428191739/clerk.browser.min.js.gz
- clerk-js/5.63.0-canary.v20250428191739/clerk.chips.browser.js.br
- clerk-js/5.63.0-canary.v20250428191739/clerk.chips.browser.js.gz
- clerk-js/5.63.0-canary.v20250428191739/clerk.chips.browser.min.js.br
- clerk-js/5.63.0-canary.v20250428191739/clerk.chips.browser.min.js.gz
- clerk-js/5.63.0-canary.v20250428191739/clerk.headless.browser.js.br
- clerk-js/5.63.0-canary.v20250428191739/clerk.headless.browser.js.gz
- clerk-js/5.63.0-canary.v20250428191739/clerk.headless.browser.min.js.br
- clerk-js/5.63.0-canary.v20250428191739/clerk.headless.browser.min.js.gz
- clerk-js/5.63.0-canary.v20250428191739/clerk.headless.js.br
- clerk-js/5.63.0-canary.v20250428191739/clerk.headless.js.gz
- clerk-js/5.63.0-canary.v20250428191739/clerk.headless.min.js.br
- clerk-js/5.63.0-canary.v20250428191739/clerk.headless.min.js.gz
- clerk-js/5.63.0-canary.v20250428191739/clerk.js.br
- clerk-js/5.63.0-canary.v20250428191739/clerk.js.gz
- clerk-js/5.63.0-canary.v20250428191739/clerk.legacy.browser.js.br
- clerk-js/5.63.0-canary.v20250428191739/clerk.legacy.browser.js.gz
- clerk-js/5.63.0-canary.v20250428191739/clerk.legacy.browser.min.js.br
- clerk-js/5.63.0-canary.v20250428191739/clerk.legacy.browser.min.js.gz
- clerk-js/5.63.0-canary.v20250428191739/clerk.min.js.br
- clerk-js/5.63.0-canary.v20250428191739/clerk.min.js.gz
- clerk-js/5.63.0-canary.v20250428191739/clerk.mjs.br
- clerk-js/5.63.0-canary.v20250428191739/clerk.mjs.gz
- clerk-js/5.63.0-canary.v20250428191739/clerk.no-rhc.js.br
- clerk-js/5.63.0-canary.v20250428191739/clerk.no-rhc.js.gz
- clerk-js/5.63.0-canary.v20250428191739/clerk.no-rhc.min.js.br
- clerk-js/5.63.0-canary.v20250428191739/clerk.no-rhc.min.js.gz
- clerk-js/5.63.0-canary.v20250428191739/clerk.no-rhc.mjs.br
- clerk-js/5.63.0-canary.v20250428191739/clerk.no-rhc.mjs.gz
- clerk-js/5.63.0-canary.v20250428191739/coinbase-wallet-sdk_clerk.browser_d3ad51_5.63.0-canary.v20250428191739.js.br
- clerk-js/5.63.0-canary.v20250428191739/coinbase-wallet-sdk_clerk.browser_d3ad51_5.63.0-canary.v20250428191739.js.gz
- clerk-js/5.63.0-canary.v20250428191739/coinbase-wallet-sdk_clerk.browser_d3ad51_5.63.0-canary.v20250428191739.min.js.br
- clerk-js/5.63.0-canary.v20250428191739/coinbase-wallet-sdk_clerk.browser_d3ad51_5.63.0-canary.v20250428191739.min.js.gz
- clerk-js/5.63.0-canary.v20250428191739/coinbase-wallet-sdk_clerk.chips.browser_f82475_5.63.0-canary.v20250428191739.js.br
- clerk-js/5.63.0-canary.v20250428191739/coinbase-wallet-sdk_clerk.chips.browser_f82475_5.63.0-canary.v20250428191739.js.gz
- clerk-js/5.63.0-canary.v20250428191739/coinbase-wallet-sdk_clerk.chips.browser_f82475_5.63.0-canary.v20250428191739.min.js.br
- clerk-js/5.63.0-canary.v20250428191739/coinbase-wallet-sdk_clerk.chips.browser_f82475_5.63.0-canary.v20250428191739.min.js.gz
- clerk-js/5.63.0-canary.v20250428191739/coinbase-wallet-sdk_clerk.headless.browser_0e847e_5.63.0-canary.v20250428191739.js.br
- clerk-js/5.63.0-canary.v20250428191739/coinbase-wallet-sdk_clerk.headless.browser_0e847e_5.63.0-canary.v20250428191739.js.gz
- clerk-js/5.63.0-canary.v20250428191739/coinbase-wallet-sdk_clerk.headless.browser_0e847e_5.63.0-canary.v20250428191739.min.js.br
- clerk-js/5.63.0-canary.v20250428191739/coinbase-wallet-sdk_clerk.headless.browser_0e847e_5.63.0-canary.v20250428191739.min.js.gz
- clerk-js/5.63.0-canary.v20250428191739/coinbase-wallet-sdk_clerk.legacy.browser_640018_5.63.0-canary.v20250428191739.js.br
- clerk-js/5.63.0-canary.v20250428191739/coinbase-wallet-sdk_clerk.legacy.browser_640018_5.63.0-canary.v20250428191739.js.gz
- clerk-js/5.63.0-canary.v20250428191739/coinbase-wallet-sdk_clerk.legacy.browser_640018_5.63.0-canary.v20250428191739.min.js.br
- clerk-js/5.63.0-canary.v20250428191739/coinbase-wallet-sdk_clerk.legacy.browser_640018_5.63.0-canary.v20250428191739.min.js.gz
- clerk-js/5.63.0-canary.v20250428191739/cookieSuffix_clerk.browser_d3ad51_5.63.0-canary.v20250428191739.js.br
- clerk-js/5.63.0-canary.v20250428191739/cookieSuffix_clerk.browser_d3ad51_5.63.0-canary.v20250428191739.js.gz
- clerk-js/5.63.0-canary.v20250428191739/cookieSuffix_clerk.browser_d3ad51_5.63.0-canary.v20250428191739.min.js.br
- clerk-js/5.63.0-canary.v20250428191739/cookieSuffix_clerk.browser_d3ad51_5.63.0-canary.v20250428191739.min.js.gz
- clerk-js/5.63.0-canary.v20250428191739/cookieSuffix_clerk.chips.browser_f82475_5.63.0-canary.v20250428191739.js.br
- clerk-js/5.63.0-canary.v20250428191739/cookieSuffix_clerk.chips.browser_f82475_5.63.0-canary.v20250428191739.js.gz
- clerk-js/5.63.0-canary.v20250428191739/cookieSuffix_clerk.chips.browser_f82475_5.63.0-canary.v20250428191739.min.js.br
- clerk-js/5.63.0-canary.v20250428191739/cookieSuffix_clerk.chips.browser_f82475_5.63.0-canary.v20250428191739.min.js.gz
- clerk-js/5.63.0-canary.v20250428191739/cookieSuffix_clerk.headless.browser_0e847e_5.63.0-canary.v20250428191739.js.br
- clerk-js/5.63.0-canary.v20250428191739/cookieSuffix_clerk.headless.browser_0e847e_5.63.0-canary.v20250428191739.js.gz
- clerk-js/5.63.0-canary.v20250428191739/cookieSuffix_clerk.headless.browser_0e847e_5.63.0-canary.v20250428191739.min.js.br
- clerk-js/5.63.0-canary.v20250428191739/cookieSuffix_clerk.headless.browser_0e847e_5.63.0-canary.v20250428191739.min.js.gz
- clerk-js/5.63.0-canary.v20250428191739/cookieSuffix_clerk.headless_645b0f_5.63.0-canary.v20250428191739.js.br
- clerk-js/5.63.0-canary.v20250428191739/cookieSuffix_clerk.headless_645b0f_5.63.0-canary.v20250428191739.js.gz
- clerk-js/5.63.0-canary.v20250428191739/cookieSuffix_clerk.headless_645b0f_5.63.0-canary.v20250428191739.min.js.br
- clerk-js/5.63.0-canary.v20250428191739/cookieSuffix_clerk.headless_645b0f_5.63.0-canary.v20250428191739.min.js.gz
- clerk-js/5.63.0-canary.v20250428191739/cookieSuffix_clerk.legacy.browser_640018_5.63.0-canary.v20250428191739.js.br
- clerk-js/5.63.0-canary.v20250428191739/cookieSuffix_clerk.legacy.browser_640018_5.63.0-canary.v20250428191739.js.gz
- clerk-js/5.63.0-canary.v20250428191739/cookieSuffix_clerk.legacy.browser_640018_5.63.0-canary.v20250428191739.min.js.br
- clerk-js/5.63.0-canary.v20250428191739/cookieSuffix_clerk.legacy.browser_640018_5.63.0-canary.v20250428191739.min.js.gz
- clerk-js/5.63.0-canary.v20250428191739/createorganization_clerk.browser_d3ad51_5.63.0-canary.v20250428191739.js.br
- clerk-js/5.63.0-canary.v20250428191739/createorganization_clerk.browser_d3ad51_5.63.0-canary.v20250428191739.js.gz
- clerk-js/5.63.0-canary.v20250428191739/createorganization_clerk.browser_d3ad51_5.63.0-canary.v20250428191739.min.js.br
- clerk-js/5.63.0-canary.v20250428191739/createorganization_clerk.browser_d3ad51_5.63.0-canary.v20250428191739.min.js.gz
- clerk-js/5.63.0-canary.v20250428191739/createorganization_clerk.chips.browser_f82475_5.63.0-canary.v20250428191739.js.br
- clerk-js/5.63.0-canary.v20250428191739/createorganization_clerk.chips.browser_f82475_5.63.0-canary.v20250428191739.js.gz
- clerk-js/5.63.0-canary.v20250428191739/createorganization_clerk.chips.browser_f82475_5.63.0-canary.v20250428191739.min.js.br
- clerk-js/5.63.0-canary.v20250428191739/createorganization_clerk.chips.browser_f82475_5.63.0-canary.v20250428191739.min.js.gz
- clerk-js/5.63.0-canary.v20250428191739/createorganization_clerk.legacy.browser_640018_5.63.0-canary.v20250428191739.js.br
- clerk-js/5.63.0-canary.v20250428191739/createorganization_clerk.legacy.browser_640018_5.63.0-canary.v20250428191739.js.gz
- clerk-js/5.63.0-canary.v20250428191739/createorganization_clerk.legacy.browser_640018_5.63.0-canary.v20250428191739.min.js.br
- clerk-js/5.63.0-canary.v20250428191739/createorganization_clerk.legacy.browser_640018_5.63.0-canary.v20250428191739.min.js.gz
- clerk-js/5.63.0-canary.v20250428191739/framework_clerk.browser_d3ad51_5.63.0-canary.v20250428191739.js.br
- clerk-js/5.63.0-canary.v20250428191739/framework_clerk.browser_d3ad51_5.63.0-canary.v20250428191739.js.gz
- clerk-js/5.63.0-canary.v20250428191739/framework_clerk.browser_d3ad51_5.63.0-canary.v20250428191739.min.js.br
- clerk-js/5.63.0-canary.v20250428191739/framework_clerk.browser_d3ad51_5.63.0-canary.v20250428191739.min.js.gz
- clerk-js/5.63.0-canary.v20250428191739/framework_clerk.chips.browser_f82475_5.63.0-canary.v20250428191739.js.br
- clerk-js/5.63.0-canary.v20250428191739/framework_clerk.chips.browser_f82475_5.63.0-canary.v20250428191739.js.gz
- clerk-js/5.63.0-canary.v20250428191739/framework_clerk.chips.browser_f82475_5.63.0-canary.v20250428191739.min.js.br
- clerk-js/5.63.0-canary.v20250428191739/framework_clerk.chips.browser_f82475_5.63.0-canary.v20250428191739.min.js.gz
- clerk-js/5.63.0-canary.v20250428191739/framework_clerk.legacy.browser_640018_5.63.0-canary.v20250428191739.js.br
- clerk-js/5.63.0-canary.v20250428191739/framework_clerk.legacy.browser_640018_5.63.0-canary.v20250428191739.js.gz
- clerk-js/5.63.0-canary.v20250428191739/framework_clerk.legacy.browser_640018_5.63.0-canary.v20250428191739.min.js.br
- clerk-js/5.63.0-canary.v20250428191739/framework_clerk.legacy.browser_640018_5.63.0-canary.v20250428191739.min.js.gz
- clerk-js/5.63.0-canary.v20250428191739/impersonationfab_clerk.browser_d3ad51_5.63.0-canary.v20250428191739.js.br
- clerk-js/5.63.0-canary.v20250428191739/impersonationfab_clerk.browser_d3ad51_5.63.0-canary.v20250428191739.js.gz
- clerk-js/5.63.0-canary.v20250428191739/impersonationfab_clerk.browser_d3ad51_5.63.0-canary.v20250428191739.min.js.br
- clerk-js/5.63.0-canary.v20250428191739/impersonationfab_clerk.browser_d3ad51_5.63.0-canary.v20250428191739.min.js.gz
- clerk-js/5.63.0-canary.v20250428191739/impersonationfab_clerk.chips.browser_f82475_5.63.0-canary.v20250428191739.js.br
- clerk-js/5.63.0-canary.v20250428191739/impersonationfab_clerk.chips.browser_f82475_5.63.0-canary.v20250428191739.js.gz
- clerk-js/5.63.0-canary.v20250428191739/impersonationfab_clerk.chips.browser_f82475_5.63.0-canary.v20250428191739.min.js.br
- clerk-js/5.63.0-canary.v20250428191739/impersonationfab_clerk.chips.browser_f82475_5.63.0-canary.v20250428191739.min.js.gz
- clerk-js/5.63.0-canary.v20250428191739/impersonationfab_clerk.legacy.browser_640018_5.63.0-canary.v20250428191739.js.br
- clerk-js/5.63.0-canary.v20250428191739/impersonationfab_clerk.legacy.browser_640018_5.63.0-canary.v20250428191739.js.gz
- clerk-js/5.63.0-canary.v20250428191739/impersonationfab_clerk.legacy.browser_640018_5.63.0-canary.v20250428191739.min.js.br
- clerk-js/5.63.0-canary.v20250428191739/impersonationfab_clerk.legacy.browser_640018_5.63.0-canary.v20250428191739.min.js.gz
- clerk-js/5.63.0-canary.v20250428191739/keylessPrompt_clerk.browser_d3ad51_5.63.0-canary.v20250428191739.js.br
- clerk-js/5.63.0-canary.v20250428191739/keylessPrompt_clerk.browser_d3ad51_5.63.0-canary.v20250428191739.js.gz
- clerk-js/5.63.0-canary.v20250428191739/keylessPrompt_clerk.browser_d3ad51_5.63.0-canary.v20250428191739.min.js.br
- clerk-js/5.63.0-canary.v20250428191739/keylessPrompt_clerk.browser_d3ad51_5.63.0-canary.v20250428191739.min.js.gz
- clerk-js/5.63.0-canary.v20250428191739/keylessPrompt_clerk.chips.browser_f82475_5.63.0-canary.v20250428191739.js.br
- clerk-js/5.63.0-canary.v20250428191739/keylessPrompt_clerk.chips.browser_f82475_5.63.0-canary.v20250428191739.js.gz
- clerk-js/5.63.0-canary.v20250428191739/keylessPrompt_clerk.chips.browser_f82475_5.63.0-canary.v20250428191739.min.js.br
- clerk-js/5.63.0-canary.v20250428191739/keylessPrompt_clerk.chips.browser_f82475_5.63.0-canary.v20250428191739.min.js.gz
- clerk-js/5.63.0-canary.v20250428191739/keylessPrompt_clerk.legacy.browser_640018_5.63.0-canary.v20250428191739.js.br
- clerk-js/5.63.0-canary.v20250428191739/keylessPrompt_clerk.legacy.browser_640018_5.63.0-canary.v20250428191739.js.gz
- clerk-js/5.63.0-canary.v20250428191739/keylessPrompt_clerk.legacy.browser_640018_5.63.0-canary.v20250428191739.min.js.br
- clerk-js/5.63.0-canary.v20250428191739/keylessPrompt_clerk.legacy.browser_640018_5.63.0-canary.v20250428191739.min.js.gz
- clerk-js/5.63.0-canary.v20250428191739/onetap_clerk.browser_d3ad51_5.63.0-canary.v20250428191739.js.br
- clerk-js/5.63.0-canary.v20250428191739/onetap_clerk.browser_d3ad51_5.63.0-canary.v20250428191739.js.gz
- clerk-js/5.63.0-canary.v20250428191739/onetap_clerk.browser_d3ad51_5.63.0-canary.v20250428191739.min.js.br
- clerk-js/5.63.0-canary.v20250428191739/onetap_clerk.browser_d3ad51_5.63.0-canary.v20250428191739.min.js.gz
- clerk-js/5.63.0-canary.v20250428191739/onetap_clerk.chips.browser_f82475_5.63.0-canary.v20250428191739.js.br
- clerk-js/5.63.0-canary.v20250428191739/onetap_clerk.chips.browser_f82475_5.63.0-canary.v20250428191739.js.gz
- clerk-js/5.63.0-canary.v20250428191739/onetap_clerk.chips.browser_f82475_5.63.0-canary.v20250428191739.min.js.br
- clerk-js/5.63.0-canary.v20250428191739/onetap_clerk.chips.browser_f82475_5.63.0-canary.v20250428191739.min.js.gz
- clerk-js/5.63.0-canary.v20250428191739/onetap_clerk.legacy.browser_640018_5.63.0-canary.v20250428191739.js.br
- clerk-js/5.63.0-canary.v20250428191739/onetap_clerk.legacy.browser_640018_5.63.0-canary.v20250428191739.js.gz
- clerk-js/5.63.0-canary.v20250428191739/onetap_clerk.legacy.browser_640018_5.63.0-canary.v20250428191739.min.js.br
- clerk-js/5.63.0-canary.v20250428191739/onetap_clerk.legacy.browser_640018_5.63.0-canary.v20250428191739.min.js.gz
- clerk-js/5.63.0-canary.v20250428191739/op-billing-page_clerk.browser_d3ad51_5.63.0-canary.v20250428191739.js.br
- clerk-js/5.63.0-canary.v20250428191739/op-billing-page_clerk.browser_d3ad51_5.63.0-canary.v20250428191739.js.gz
- clerk-js/5.63.0-canary.v20250428191739/op-billing-page_clerk.browser_d3ad51_5.63.0-canary.v20250428191739.min.js.br
- clerk-js/5.63.0-canary.v20250428191739/op-billing-page_clerk.browser_d3ad51_5.63.0-canary.v20250428191739.min.js.gz
- clerk-js/5.63.0-canary.v20250428191739/op-billing-page_clerk.chips.browser_f82475_5.63.0-canary.v20250428191739.js.br
- clerk-js/5.63.0-canary.v20250428191739/op-billing-page_clerk.chips.browser_f82475_5.63.0-canary.v20250428191739.js.gz
- clerk-js/5.63.0-canary.v20250428191739/op-billing-page_clerk.chips.browser_f82475_5.63.0-canary.v20250428191739.min.js.br
- clerk-js/5.63.0-canary.v20250428191739/op-billing-page_clerk.chips.browser_f82475_5.63.0-canary.v20250428191739.min.js.gz
- clerk-js/5.63.0-canary.v20250428191739/op-billing-page_clerk.legacy.browser_640018_5.63.0-canary.v20250428191739.js.br
- clerk-js/5.63.0-canary.v20250428191739/op-billing-page_clerk.legacy.browser_640018_5.63.0-canary.v20250428191739.js.gz
- clerk-js/5.63.0-canary.v20250428191739/op-billing-page_clerk.legacy.browser_640018_5.63.0-canary.v20250428191739.min.js.br
- clerk-js/5.63.0-canary.v20250428191739/op-billing-page_clerk.legacy.browser_640018_5.63.0-canary.v20250428191739.min.js.gz
- clerk-js/5.63.0-canary.v20250428191739/organizationlist_clerk.browser_d3ad51_5.63.0-canary.v20250428191739.js.br
- clerk-js/5.63.0-canary.v20250428191739/organizationlist_clerk.browser_d3ad51_5.63.0-canary.v20250428191739.js.gz
- clerk-js/5.63.0-canary.v20250428191739/organizationlist_clerk.browser_d3ad51_5.63.0-canary.v20250428191739.min.js.br
- clerk-js/5.63.0-canary.v20250428191739/organizationlist_clerk.browser_d3ad51_5.63.0-canary.v20250428191739.min.js.gz
- clerk-js/5.63.0-canary.v20250428191739/organizationlist_clerk.chips.browser_f82475_5.63.0-canary.v20250428191739.js.br
- clerk-js/5.63.0-canary.v20250428191739/organizationlist_clerk.chips.browser_f82475_5.63.0-canary.v20250428191739.js.gz
- clerk-js/5.63.0-canary.v20250428191739/organizationlist_clerk.chips.browser_f82475_5.63.0-canary.v20250428191739.min.js.br
- clerk-js/5.63.0-canary.v20250428191739/organizationlist_clerk.chips.browser_f82475_5.63.0-canary.v20250428191739.min.js.gz
- clerk-js/5.63.0-canary.v20250428191739/organizationlist_clerk.legacy.browser_640018_5.63.0-canary.v20250428191739.js.br
- clerk-js/5.63.0-canary.v20250428191739/organizationlist_clerk.legacy.browser_640018_5.63.0-canary.v20250428191739.js.gz
- clerk-js/5.63.0-canary.v20250428191739/organizationlist_clerk.legacy.browser_640018_5.63.0-canary.v20250428191739.min.js.br
- clerk-js/5.63.0-canary.v20250428191739/organizationlist_clerk.legacy.browser_640018_5.63.0-canary.v20250428191739.min.js.gz
- clerk-js/5.63.0-canary.v20250428191739/organizationprofile_clerk.browser_d3ad51_5.63.0-canary.v20250428191739.js.br
- clerk-js/5.63.0-canary.v20250428191739/organizationprofile_clerk.browser_d3ad51_5.63.0-canary.v20250428191739.js.gz
- clerk-js/5.63.0-canary.v20250428191739/organizationprofile_clerk.browser_d3ad51_5.63.0-canary.v20250428191739.min.js.br
- clerk-js/5.63.0-canary.v20250428191739/organizationprofile_clerk.browser_d3ad51_5.63.0-canary.v20250428191739.min.js.gz
- clerk-js/5.63.0-canary.v20250428191739/organizationprofile_clerk.chips.browser_f82475_5.63.0-canary.v20250428191739.js.br
- clerk-js/5.63.0-canary.v20250428191739/organizationprofile_clerk.chips.browser_f82475_5.63.0-canary.v20250428191739.js.gz
- clerk-js/5.63.0-canary.v20250428191739/organizationprofile_clerk.chips.browser_f82475_5.63.0-canary.v20250428191739.min.js.br
- clerk-js/5.63.0-canary.v20250428191739/organizationprofile_clerk.chips.browser_f82475_5.63.0-canary.v20250428191739.min.js.gz
- clerk-js/5.63.0-canary.v20250428191739/organizationprofile_clerk.legacy.browser_640018_5.63.0-canary.v20250428191739.js.br
- clerk-js/5.63.0-canary.v20250428191739/organizationprofile_clerk.legacy.browser_640018_5.63.0-canary.v20250428191739.js.gz
- clerk-js/5.63.0-canary.v20250428191739/organizationprofile_clerk.legacy.browser_640018_5.63.0-canary.v20250428191739.min.js.br
- clerk-js/5.63.0-canary.v20250428191739/organizationprofile_clerk.legacy.browser_640018_5.63.0-canary.v20250428191739.min.js.gz
- clerk-js/5.63.0-canary.v20250428191739/organizationswitcher_clerk.browser_d3ad51_5.63.0-canary.v20250428191739.js.br
- clerk-js/5.63.0-canary.v20250428191739/organizationswitcher_clerk.browser_d3ad51_5.63.0-canary.v20250428191739.js.gz
- clerk-js/5.63.0-canary.v20250428191739/organizationswitcher_clerk.browser_d3ad51_5.63.0-canary.v20250428191739.min.js.br
- clerk-js/5.63.0-canary.v20250428191739/organizationswitcher_clerk.browser_d3ad51_5.63.0-canary.v20250428191739.min.js.gz
- clerk-js/5.63.0-canary.v20250428191739/organizationswitcher_clerk.chips.browser_f82475_5.63.0-canary.v20250428191739.js.br
- clerk-js/5.63.0-canary.v20250428191739/organizationswitcher_clerk.chips.browser_f82475_5.63.0-canary.v20250428191739.js.gz
- clerk-js/5.63.0-canary.v20250428191739/organizationswitcher_clerk.chips.browser_f82475_5.63.0-canary.v20250428191739.min.js.br
- clerk-js/5.63.0-canary.v20250428191739/organizationswitcher_clerk.chips.browser_f82475_5.63.0-canary.v20250428191739.min.js.gz
- clerk-js/5.63.0-canary.v20250428191739/organizationswitcher_clerk.legacy.browser_640018_5.63.0-canary.v20250428191739.js.br
- clerk-js/5.63.0-canary.v20250428191739/organizationswitcher_clerk.legacy.browser_640018_5.63.0-canary.v20250428191739.js.gz
- clerk-js/5.63.0-canary.v20250428191739/organizationswitcher_clerk.legacy.browser_640018_5.63.0-canary.v20250428191739.min.js.br
- clerk-js/5.63.0-canary.v20250428191739/organizationswitcher_clerk.legacy.browser_640018_5.63.0-canary.v20250428191739.min.js.gz
- clerk-js/5.63.0-canary.v20250428191739/paymentSources_clerk.browser_d3ad51_5.63.0-canary.v20250428191739.js.br
- clerk-js/5.63.0-canary.v20250428191739/paymentSources_clerk.browser_d3ad51_5.63.0-canary.v20250428191739.js.gz
- clerk-js/5.63.0-canary.v20250428191739/paymentSources_clerk.browser_d3ad51_5.63.0-canary.v20250428191739.min.js.br
- clerk-js/5.63.0-canary.v20250428191739/paymentSources_clerk.browser_d3ad51_5.63.0-canary.v20250428191739.min.js.gz
- clerk-js/5.63.0-canary.v20250428191739/paymentSources_clerk.chips.browser_f82475_5.63.0-canary.v20250428191739.js.br
- clerk-js/5.63.0-canary.v20250428191739/paymentSources_clerk.chips.browser_f82475_5.63.0-canary.v20250428191739.js.gz
- clerk-js/5.63.0-canary.v20250428191739/paymentSources_clerk.chips.browser_f82475_5.63.0-canary.v20250428191739.min.js.br
- clerk-js/5.63.0-canary.v20250428191739/paymentSources_clerk.chips.browser_f82475_5.63.0-canary.v20250428191739.min.js.gz
- clerk-js/5.63.0-canary.v20250428191739/paymentSources_clerk.legacy.browser_640018_5.63.0-canary.v20250428191739.js.br
- clerk-js/5.63.0-canary.v20250428191739/paymentSources_clerk.legacy.browser_640018_5.63.0-canary.v20250428191739.js.gz
- clerk-js/5.63.0-canary.v20250428191739/paymentSources_clerk.legacy.browser_640018_5.63.0-canary.v20250428191739.min.js.br
- clerk-js/5.63.0-canary.v20250428191739/paymentSources_clerk.legacy.browser_640018_5.63.0-canary.v20250428191739.min.js.gz
- clerk-js/5.63.0-canary.v20250428191739/prefetchorganizationlist_clerk.browser_d3ad51_5.63.0-canary.v20250428191739.js.br
- clerk-js/5.63.0-canary.v20250428191739/prefetchorganizationlist_clerk.browser_d3ad51_5.63.0-canary.v20250428191739.js.gz
- clerk-js/5.63.0-canary.v20250428191739/prefetchorganizationlist_clerk.browser_d3ad51_5.63.0-canary.v20250428191739.min.js.br
- clerk-js/5.63.0-canary.v20250428191739/prefetchorganizationlist_clerk.browser_d3ad51_5.63.0-canary.v20250428191739.min.js.gz
- clerk-js/5.63.0-canary.v20250428191739/prefetchorganizationlist_clerk.chips.browser_f82475_5.63.0-canary.v20250428191739.js.br
- clerk-js/5.63.0-canary.v20250428191739/prefetchorganizationlist_clerk.chips.browser_f82475_5.63.0-canary.v20250428191739.js.gz
- clerk-js/5.63.0-canary.v20250428191739/prefetchorganizationlist_clerk.chips.browser_f82475_5.63.0-canary.v20250428191739.min.js.br
- clerk-js/5.63.0-canary.v20250428191739/prefetchorganizationlist_clerk.chips.browser_f82475_5.63.0-canary.v20250428191739.min.js.gz
- clerk-js/5.63.0-canary.v20250428191739/prefetchorganizationlist_clerk.legacy.browser_640018_5.63.0-canary.v20250428191739.js.br
- clerk-js/5.63.0-canary.v20250428191739/prefetchorganizationlist_clerk.legacy.browser_640018_5.63.0-canary.v20250428191739.js.gz
- clerk-js/5.63.0-canary.v20250428191739/prefetchorganizationlist_clerk.legacy.browser_640018_5.63.0-canary.v20250428191739.min.js.br
- clerk-js/5.63.0-canary.v20250428191739/prefetchorganizationlist_clerk.legacy.browser_640018_5.63.0-canary.v20250428191739.min.js.gz
- clerk-js/5.63.0-canary.v20250428191739/pricingTable_clerk.browser_d3ad51_5.63.0-canary.v20250428191739.js.br
- clerk-js/5.63.0-canary.v20250428191739/pricingTable_clerk.browser_d3ad51_5.63.0-canary.v20250428191739.js.gz
- clerk-js/5.63.0-canary.v20250428191739/pricingTable_clerk.browser_d3ad51_5.63.0-canary.v20250428191739.min.js.br
- clerk-js/5.63.0-canary.v20250428191739/pricingTable_clerk.browser_d3ad51_5.63.0-canary.v20250428191739.min.js.gz
- clerk-js/5.63.0-canary.v20250428191739/pricingTable_clerk.chips.browser_f82475_5.63.0-canary.v20250428191739.js.br
- clerk-js/5.63.0-canary.v20250428191739/pricingTable_clerk.chips.browser_f82475_5.63.0-canary.v20250428191739.js.gz
- clerk-js/5.63.0-canary.v20250428191739/pricingTable_clerk.chips.browser_f82475_5.63.0-canary.v20250428191739.min.js.br
- clerk-js/5.63.0-canary.v20250428191739/pricingTable_clerk.chips.browser_f82475_5.63.0-canary.v20250428191739.min.js.gz
- clerk-js/5.63.0-canary.v20250428191739/pricingTable_clerk.legacy.browser_640018_5.63.0-canary.v20250428191739.js.br
- clerk-js/5.63.0-canary.v20250428191739/pricingTable_clerk.legacy.browser_640018_5.63.0-canary.v20250428191739.js.gz
- clerk-js/5.63.0-canary.v20250428191739/pricingTable_clerk.legacy.browser_640018_5.63.0-canary.v20250428191739.min.js.br
- clerk-js/5.63.0-canary.v20250428191739/pricingTable_clerk.legacy.browser_640018_5.63.0-canary.v20250428191739.min.js.gz
- clerk-js/5.63.0-canary.v20250428191739/sessionTasks_clerk.browser_d3ad51_5.63.0-canary.v20250428191739.js.br
- clerk-js/5.63.0-canary.v20250428191739/sessionTasks_clerk.browser_d3ad51_5.63.0-canary.v20250428191739.js.gz
- clerk-js/5.63.0-canary.v20250428191739/sessionTasks_clerk.browser_d3ad51_5.63.0-canary.v20250428191739.min.js.br
- clerk-js/5.63.0-canary.v20250428191739/sessionTasks_clerk.browser_d3ad51_5.63.0-canary.v20250428191739.min.js.gz
- clerk-js/5.63.0-canary.v20250428191739/sessionTasks_clerk.chips.browser_f82475_5.63.0-canary.v20250428191739.js.br
- clerk-js/5.63.0-canary.v20250428191739/sessionTasks_clerk.chips.browser_f82475_5.63.0-canary.v20250428191739.js.gz
- clerk-js/5.63.0-canary.v20250428191739/sessionTasks_clerk.chips.browser_f82475_5.63.0-canary.v20250428191739.min.js.br
- clerk-js/5.63.0-canary.v20250428191739/sessionTasks_clerk.chips.browser_f82475_5.63.0-canary.v20250428191739.min.js.gz
- clerk-js/5.63.0-canary.v20250428191739/sessionTasks_clerk.legacy.browser_640018_5.63.0-canary.v20250428191739.js.br
- clerk-js/5.63.0-canary.v20250428191739/sessionTasks_clerk.legacy.browser_640018_5.63.0-canary.v20250428191739.js.gz
- clerk-js/5.63.0-canary.v20250428191739/sessionTasks_clerk.legacy.browser_640018_5.63.0-canary.v20250428191739.min.js.br
- clerk-js/5.63.0-canary.v20250428191739/sessionTasks_clerk.legacy.browser_640018_5.63.0-canary.v20250428191739.min.js.gz
- clerk-js/5.63.0-canary.v20250428191739/signin_clerk.browser_d3ad51_5.63.0-canary.v20250428191739.js.br
- clerk-js/5.63.0-canary.v20250428191739/signin_clerk.browser_d3ad51_5.63.0-canary.v20250428191739.js.gz
- clerk-js/5.63.0-canary.v20250428191739/signin_clerk.browser_d3ad51_5.63.0-canary.v20250428191739.min.js.br
- clerk-js/5.63.0-canary.v20250428191739/signin_clerk.browser_d3ad51_5.63.0-canary.v20250428191739.min.js.gz
- clerk-js/5.63.0-canary.v20250428191739/signin_clerk.chips.browser_f82475_5.63.0-canary.v20250428191739.js.br
- clerk-js/5.63.0-canary.v20250428191739/signin_clerk.chips.browser_f82475_5.63.0-canary.v20250428191739.js.gz
- clerk-js/5.63.0-canary.v20250428191739/signin_clerk.chips.browser_f82475_5.63.0-canary.v20250428191739.min.js.br
- clerk-js/5.63.0-canary.v20250428191739/signin_clerk.chips.browser_f82475_5.63.0-canary.v20250428191739.min.js.gz
- clerk-js/5.63.0-canary.v20250428191739/signin_clerk.legacy.browser_640018_5.63.0-canary.v20250428191739.js.br
- clerk-js/5.63.0-canary.v20250428191739/signin_clerk.legacy.browser_640018_5.63.0-canary.v20250428191739.js.gz
- clerk-js/5.63.0-canary.v20250428191739/signin_clerk.legacy.browser_640018_5.63.0-canary.v20250428191739.min.js.br
- clerk-js/5.63.0-canary.v20250428191739/signin_clerk.legacy.browser_640018_5.63.0-canary.v20250428191739.min.js.gz
- clerk-js/5.63.0-canary.v20250428191739/signup_clerk.browser_d3ad51_5.63.0-canary.v20250428191739.js.br
- clerk-js/5.63.0-canary.v20250428191739/signup_clerk.browser_d3ad51_5.63.0-canary.v20250428191739.js.gz
- clerk-js/5.63.0-canary.v20250428191739/signup_clerk.browser_d3ad51_5.63.0-canary.v20250428191739.min.js.br
- clerk-js/5.63.0-canary.v20250428191739/signup_clerk.browser_d3ad51_5.63.0-canary.v20250428191739.min.js.gz
- clerk-js/5.63.0-canary.v20250428191739/signup_clerk.chips.browser_f82475_5.63.0-canary.v20250428191739.js.br
- clerk-js/5.63.0-canary.v20250428191739/signup_clerk.chips.browser_f82475_5.63.0-canary.v20250428191739.js.gz
- clerk-js/5.63.0-canary.v20250428191739/signup_clerk.chips.browser_f82475_5.63.0-canary.v20250428191739.min.js.br
- clerk-js/5.63.0-canary.v20250428191739/signup_clerk.chips.browser_f82475_5.63.0-canary.v20250428191739.min.js.gz
- clerk-js/5.63.0-canary.v20250428191739/signup_clerk.legacy.browser_640018_5.63.0-canary.v20250428191739.js.br
- clerk-js/5.63.0-canary.v20250428191739/signup_clerk.legacy.browser_640018_5.63.0-canary.v20250428191739.js.gz
- clerk-js/5.63.0-canary.v20250428191739/signup_clerk.legacy.browser_640018_5.63.0-canary.v20250428191739.min.js.br
- clerk-js/5.63.0-canary.v20250428191739/signup_clerk.legacy.browser_640018_5.63.0-canary.v20250428191739.min.js.gz
- clerk-js/5.63.0-canary.v20250428191739/subscriptionDetails_clerk.browser_d3ad51_5.63.0-canary.v20250428191739.js.br
- clerk-js/5.63.0-canary.v20250428191739/subscriptionDetails_clerk.browser_d3ad51_5.63.0-canary.v20250428191739.js.gz
- clerk-js/5.63.0-canary.v20250428191739/subscriptionDetails_clerk.browser_d3ad51_5.63.0-canary.v20250428191739.min.js.br
- clerk-js/5.63.0-canary.v20250428191739/subscriptionDetails_clerk.browser_d3ad51_5.63.0-canary.v20250428191739.min.js.gz
- clerk-js/5.63.0-canary.v20250428191739/subscriptionDetails_clerk.chips.browser_f82475_5.63.0-canary.v20250428191739.js.br
- clerk-js/5.63.0-canary.v20250428191739/subscriptionDetails_clerk.chips.browser_f82475_5.63.0-canary.v20250428191739.js.gz
- clerk-js/5.63.0-canary.v20250428191739/subscriptionDetails_clerk.chips.browser_f82475_5.63.0-canary.v20250428191739.min.js.br
- clerk-js/5.63.0-canary.v20250428191739/subscriptionDetails_clerk.chips.browser_f82475_5.63.0-canary.v20250428191739.min.js.gz
- clerk-js/5.63.0-canary.v20250428191739/subscriptionDetails_clerk.legacy.browser_640018_5.63.0-canary.v20250428191739.js.br
- clerk-js/5.63.0-canary.v20250428191739/subscriptionDetails_clerk.legacy.browser_640018_5.63.0-canary.v20250428191739.js.gz
- clerk-js/5.63.0-canary.v20250428191739/subscriptionDetails_clerk.legacy.browser_640018_5.63.0-canary.v20250428191739.min.js.br
- clerk-js/5.63.0-canary.v20250428191739/subscriptionDetails_clerk.legacy.browser_640018_5.63.0-canary.v20250428191739.min.js.gz
- clerk-js/5.63.0-canary.v20250428191739/ui-common_clerk.browser_d3ad51_5.63.0-canary.v20250428191739.js.br
- clerk-js/5.63.0-canary.v20250428191739/ui-common_clerk.browser_d3ad51_5.63.0-canary.v20250428191739.js.gz
- clerk-js/5.63.0-canary.v20250428191739/ui-common_clerk.browser_d3ad51_5.63.0-canary.v20250428191739.min.js.br
- clerk-js/5.63.0-canary.v20250428191739/ui-common_clerk.browser_d3ad51_5.63.0-canary.v20250428191739.min.js.gz
- clerk-js/5.63.0-canary.v20250428191739/ui-common_clerk.chips.browser_f82475_5.63.0-canary.v20250428191739.js.br
- clerk-js/5.63.0-canary.v20250428191739/ui-common_clerk.chips.browser_f82475_5.63.0-canary.v20250428191739.js.gz
- clerk-js/5.63.0-canary.v20250428191739/ui-common_clerk.chips.browser_f82475_5.63.0-canary.v20250428191739.min.js.br
- clerk-js/5.63.0-canary.v20250428191739/ui-common_clerk.chips.browser_f82475_5.63.0-canary.v20250428191739.min.js.gz
- clerk-js/5.63.0-canary.v20250428191739/ui-common_clerk.legacy.browser_640018_5.63.0-canary.v20250428191739.js.br
- clerk-js/5.63.0-canary.v20250428191739/ui-common_clerk.legacy.browser_640018_5.63.0-canary.v20250428191739.js.gz
- clerk-js/5.63.0-canary.v20250428191739/ui-common_clerk.legacy.browser_640018_5.63.0-canary.v20250428191739.min.js.br
- clerk-js/5.63.0-canary.v20250428191739/ui-common_clerk.legacy.browser_640018_5.63.0-canary.v20250428191739.min.js.gz
- clerk-js/5.63.0-canary.v20250428191739/up-billing-page_clerk.browser_d3ad51_5.63.0-canary.v20250428191739.js.br
- clerk-js/5.63.0-canary.v20250428191739/up-billing-page_clerk.browser_d3ad51_5.63.0-canary.v20250428191739.js.gz
- clerk-js/5.63.0-canary.v20250428191739/up-billing-page_clerk.browser_d3ad51_5.63.0-canary.v20250428191739.min.js.br
- clerk-js/5.63.0-canary.v20250428191739/up-billing-page_clerk.browser_d3ad51_5.63.0-canary.v20250428191739.min.js.gz
- clerk-js/5.63.0-canary.v20250428191739/up-billing-page_clerk.chips.browser_f82475_5.63.0-canary.v20250428191739.js.br
- clerk-js/5.63.0-canary.v20250428191739/up-billing-page_clerk.chips.browser_f82475_5.63.0-canary.v20250428191739.js.gz
- clerk-js/5.63.0-canary.v20250428191739/up-billing-page_clerk.chips.browser_f82475_5.63.0-canary.v20250428191739.min.js.br
- clerk-js/5.63.0-canary.v20250428191739/up-billing-page_clerk.chips.browser_f82475_5.63.0-canary.v20250428191739.min.js.gz
- clerk-js/5.63.0-canary.v20250428191739/up-billing-page_clerk.legacy.browser_640018_5.63.0-canary.v20250428191739.js.br
- clerk-js/5.63.0-canary.v20250428191739/up-billing-page_clerk.legacy.browser_640018_5.63.0-canary.v20250428191739.js.gz
- clerk-js/5.63.0-canary.v20250428191739/up-billing-page_clerk.legacy.browser_640018_5.63.0-canary.v20250428191739.min.js.br
- clerk-js/5.63.0-canary.v20250428191739/up-billing-page_clerk.legacy.browser_640018_5.63.0-canary.v20250428191739.min.js.gz
- clerk-js/5.63.0-canary.v20250428191739/userbutton_clerk.browser_d3ad51_5.63.0-canary.v20250428191739.js.br
- clerk-js/5.63.0-canary.v20250428191739/userbutton_clerk.browser_d3ad51_5.63.0-canary.v20250428191739.js.gz
- clerk-js/5.63.0-canary.v20250428191739/userbutton_clerk.browser_d3ad51_5.63.0-canary.v20250428191739.min.js.br
- clerk-js/5.63.0-canary.v20250428191739/userbutton_clerk.browser_d3ad51_5.63.0-canary.v20250428191739.min.js.gz
- clerk-js/5.63.0-canary.v20250428191739/userbutton_clerk.chips.browser_f82475_5.63.0-canary.v20250428191739.js.br
- clerk-js/5.63.0-canary.v20250428191739/userbutton_clerk.chips.browser_f82475_5.63.0-canary.v20250428191739.js.gz
- clerk-js/5.63.0-canary.v20250428191739/userbutton_clerk.chips.browser_f82475_5.63.0-canary.v20250428191739.min.js.br
- clerk-js/5.63.0-canary.v20250428191739/userbutton_clerk.chips.browser_f82475_5.63.0-canary.v20250428191739.min.js.gz
- clerk-js/5.63.0-canary.v20250428191739/userbutton_clerk.legacy.browser_640018_5.63.0-canary.v20250428191739.js.br
- clerk-js/5.63.0-canary.v20250428191739/userbutton_clerk.legacy.browser_640018_5.63.0-canary.v20250428191739.js.gz
- clerk-js/5.63.0-canary.v20250428191739/userbutton_clerk.legacy.browser_640018_5.63.0-canary.v20250428191739.min.js.br
- clerk-js/5.63.0-canary.v20250428191739/userbutton_clerk.legacy.browser_640018_5.63.0-canary.v20250428191739.min.js.gz
- clerk-js/5.63.0-canary.v20250428191739/userprofile_clerk.browser_d3ad51_5.63.0-canary.v20250428191739.js.br
- clerk-js/5.63.0-canary.v20250428191739/userprofile_clerk.browser_d3ad51_5.63.0-canary.v20250428191739.js.gz
- clerk-js/5.63.0-canary.v20250428191739/userprofile_clerk.browser_d3ad51_5.63.0-canary.v20250428191739.min.js.br
- clerk-js/5.63.0-canary.v20250428191739/userprofile_clerk.browser_d3ad51_5.63.0-canary.v20250428191739.min.js.gz
- clerk-js/5.63.0-canary.v20250428191739/userprofile_clerk.chips.browser_f82475_5.63.0-canary.v20250428191739.js.br
- clerk-js/5.63.0-canary.v20250428191739/userprofile_clerk.chips.browser_f82475_5.63.0-canary.v20250428191739.js.gz
- clerk-js/5.63.0-canary.v20250428191739/userprofile_clerk.chips.browser_f82475_5.63.0-canary.v20250428191739.min.js.br
- clerk-js/5.63.0-canary.v20250428191739/userprofile_clerk.chips.browser_f82475_5.63.0-canary.v20250428191739.min.js.gz
- clerk-js/5.63.0-canary.v20250428191739/userprofile_clerk.legacy.browser_640018_5.63.0-canary.v20250428191739.js.br
- clerk-js/5.63.0-canary.v20250428191739/userprofile_clerk.legacy.browser_640018_5.63.0-canary.v20250428191739.js.gz
- clerk-js/5.63.0-canary.v20250428191739/userprofile_clerk.legacy.browser_640018_5.63.0-canary.v20250428191739.min.js.br
- clerk-js/5.63.0-canary.v20250428191739/userprofile_clerk.legacy.browser_640018_5.63.0-canary.v20250428191739.min.js.gz
- clerk-js/5.63.0-canary.v20250428191739/userverification_clerk.browser_d3ad51_5.63.0-canary.v20250428191739.js.br
- clerk-js/5.63.0-canary.v20250428191739/userverification_clerk.browser_d3ad51_5.63.0-canary.v20250428191739.js.gz
- clerk-js/5.63.0-canary.v20250428191739/userverification_clerk.browser_d3ad51_5.63.0-canary.v20250428191739.min.js.br
- clerk-js/5.63.0-canary.v20250428191739/userverification_clerk.browser_d3ad51_5.63.0-canary.v20250428191739.min.js.gz
- clerk-js/5.63.0-canary.v20250428191739/userverification_clerk.chips.browser_f82475_5.63.0-canary.v20250428191739.js.br
- clerk-js/5.63.0-canary.v20250428191739/userverification_clerk.chips.browser_f82475_5.63.0-canary.v20250428191739.js.gz
- clerk-js/5.63.0-canary.v20250428191739/userverification_clerk.chips.browser_f82475_5.63.0-canary.v20250428191739.min.js.br
- clerk-js/5.63.0-canary.v20250428191739/userverification_clerk.chips.browser_f82475_5.63.0-canary.v20250428191739.min.js.gz
- clerk-js/5.63.0-canary.v20250428191739/userverification_clerk.legacy.browser_640018_5.63.0-canary.v20250428191739.js.br
- clerk-js/5.63.0-canary.v20250428191739/userverification_clerk.legacy.browser_640018_5.63.0-canary.v20250428191739.js.gz
- clerk-js/5.63.0-canary.v20250428191739/userverification_clerk.legacy.browser_640018_5.63.0-canary.v20250428191739.min.js.br
- clerk-js/5.63.0-canary.v20250428191739/userverification_clerk.legacy.browser_640018_5.63.0-canary.v20250428191739.min.js.gz
- clerk-js/5.63.0-canary.v20250428191739/vendors_clerk.browser_d3ad51_5.63.0-canary.v20250428191739.js.br
- clerk-js/5.63.0-canary.v20250428191739/vendors_clerk.browser_d3ad51_5.63.0-canary.v20250428191739.js.gz
- clerk-js/5.63.0-canary.v20250428191739/vendors_clerk.browser_d3ad51_5.63.0-canary.v20250428191739.min.js.br
- clerk-js/5.63.0-canary.v20250428191739/vendors_clerk.browser_d3ad51_5.63.0-canary.v20250428191739.min.js.gz
- clerk-js/5.63.0-canary.v20250428191739/vendors_clerk.chips.browser_f82475_5.63.0-canary.v20250428191739.js.br
- clerk-js/5.63.0-canary.v20250428191739/vendors_clerk.chips.browser_f82475_5.63.0-canary.v20250428191739.js.gz
- clerk-js/5.63.0-canary.v20250428191739/vendors_clerk.chips.browser_f82475_5.63.0-canary.v20250428191739.min.js.br
- clerk-js/5.63.0-canary.v20250428191739/vendors_clerk.chips.browser_f82475_5.63.0-canary.v20250428191739.min.js.gz
- clerk-js/5.63.0-canary.v20250428191739/vendors_clerk.headless.browser_0e847e_5.63.0-canary.v20250428191739.js.br
- clerk-js/5.63.0-canary.v20250428191739/vendors_clerk.headless.browser_0e847e_5.63.0-canary.v20250428191739.js.gz
- clerk-js/5.63.0-canary.v20250428191739/vendors_clerk.headless.browser_0e847e_5.63.0-canary.v20250428191739.min.js.br
- clerk-js/5.63.0-canary.v20250428191739/vendors_clerk.headless.browser_0e847e_5.63.0-canary.v20250428191739.min.js.gz
- clerk-js/5.63.0-canary.v20250428191739/vendors_clerk.legacy.browser_640018_5.63.0-canary.v20250428191739.js.br
- clerk-js/5.63.0-canary.v20250428191739/vendors_clerk.legacy.browser_640018_5.63.0-canary.v20250428191739.js.gz
- clerk-js/5.63.0-canary.v20250428191739/vendors_clerk.legacy.browser_640018_5.63.0-canary.v20250428191739.min.js.br
- clerk-js/5.63.0-canary.v20250428191739/vendors_clerk.legacy.browser_640018_5.63.0-canary.v20250428191739.min.js.gz
- clerk-js/5.63.0-canary.v20250428191739/waitlist_clerk.browser_d3ad51_5.63.0-canary.v20250428191739.js.br
- clerk-js/5.63.0-canary.v20250428191739/waitlist_clerk.browser_d3ad51_5.63.0-canary.v20250428191739.js.gz
- clerk-js/5.63.0-canary.v20250428191739/waitlist_clerk.browser_d3ad51_5.63.0-canary.v20250428191739.min.js.br
- clerk-js/5.63.0-canary.v20250428191739/waitlist_clerk.browser_d3ad51_5.63.0-canary.v20250428191739.min.js.gz
- clerk-js/5.63.0-canary.v20250428191739/waitlist_clerk.chips.browser_f82475_5.63.0-canary.v20250428191739.js.br
- clerk-js/5.63.0-canary.v20250428191739/waitlist_clerk.chips.browser_f82475_5.63.0-canary.v20250428191739.js.gz
- clerk-js/5.63.0-canary.v20250428191739/waitlist_clerk.chips.browser_f82475_5.63.0-canary.v20250428191739.min.js.br
- clerk-js/5.63.0-canary.v20250428191739/waitlist_clerk.chips.browser_f82475_5.63.0-canary.v20250428191739.min.js.gz
- clerk-js/5.63.0-canary.v20250428191739/waitlist_clerk.legacy.browser_640018_5.63.0-canary.v20250428191739.js.br
- clerk-js/5.63.0-canary.v20250428191739/waitlist_clerk.legacy.browser_640018_5.63.0-canary.v20250428191739.js.gz
- clerk-js/5.63.0-canary.v20250428191739/waitlist_clerk.legacy.browser_640018_5.63.0-canary.v20250428191739.min.js.br
- clerk-js/5.63.0-canary.v20250428191739/waitlist_clerk.legacy.browser_640018_5.63.0-canary.v20250428191739.min.js.gz
- clerk-js/5.63.0-canary.v20250428191739/zxcvbn-common_clerk.browser_d3ad51_5.63.0-canary.v20250428191739.js.br
- clerk-js/5.63.0-canary.v20250428191739/zxcvbn-common_clerk.browser_d3ad51_5.63.0-canary.v20250428191739.js.gz
- clerk-js/5.63.0-canary.v20250428191739/zxcvbn-common_clerk.browser_d3ad51_5.63.0-canary.v20250428191739.min.js.br
- clerk-js/5.63.0-canary.v20250428191739/zxcvbn-common_clerk.browser_d3ad51_5.63.0-canary.v20250428191739.min.js.gz
- clerk-js/5.63.0-canary.v20250428191739/zxcvbn-common_clerk.chips.browser_f82475_5.63.0-canary.v20250428191739.js.br
- clerk-js/5.63.0-canary.v20250428191739/zxcvbn-common_clerk.chips.browser_f82475_5.63.0-canary.v20250428191739.js.gz
- clerk-js/5.63.0-canary.v20250428191739/zxcvbn-common_clerk.chips.browser_f82475_5.63.0-canary.v20250428191739.min.js.br
- clerk-js/5.63.0-canary.v20250428191739/zxcvbn-common_clerk.chips.browser_f82475_5.63.0-canary.v20250428191739.min.js.gz
- clerk-js/5.63.0-canary.v20250428191739/zxcvbn-common_clerk.headless.browser_0e847e_5.63.0-canary.v20250428191739.js.br
- clerk-js/5.63.0-canary.v20250428191739/zxcvbn-common_clerk.headless.browser_0e847e_5.63.0-canary.v20250428191739.js.gz
- clerk-js/5.63.0-canary.v20250428191739/zxcvbn-common_clerk.headless.browser_0e847e_5.63.0-canary.v20250428191739.min.js.br
- clerk-js/5.63.0-canary.v20250428191739/zxcvbn-common_clerk.headless.browser_0e847e_5.63.0-canary.v20250428191739.min.js.gz
- clerk-js/5.63.0-canary.v20250428191739/zxcvbn-common_clerk.legacy.browser_640018_5.63.0-canary.v20250428191739.js.br
- clerk-js/5.63.0-canary.v20250428191739/zxcvbn-common_clerk.legacy.browser_640018_5.63.0-canary.v20250428191739.js.gz
- clerk-js/5.63.0-canary.v20250428191739/zxcvbn-common_clerk.legacy.browser_640018_5.63.0-canary.v20250428191739.min.js.br
- clerk-js/5.63.0-canary.v20250428191739/zxcvbn-common_clerk.legacy.browser_640018_5.63.0-canary.v20250428191739.min.js.gz
- clerk-js/5.63.0-canary.v20250428191739/zxcvbn-ts-core_clerk.browser_d3ad51_5.63.0-canary.v20250428191739.js.br
- clerk-js/5.63.0-canary.v20250428191739/zxcvbn-ts-core_clerk.browser_d3ad51_5.63.0-canary.v20250428191739.js.gz
- clerk-js/5.63.0-canary.v20250428191739/zxcvbn-ts-core_clerk.browser_d3ad51_5.63.0-canary.v20250428191739.min.js.br
- clerk-js/5.63.0-canary.v20250428191739/zxcvbn-ts-core_clerk.browser_d3ad51_5.63.0-canary.v20250428191739.min.js.gz
- clerk-js/5.63.0-canary.v20250428191739/zxcvbn-ts-core_clerk.chips.browser_f82475_5.63.0-canary.v20250428191739.js.br
- clerk-js/5.63.0-canary.v20250428191739/zxcvbn-ts-core_clerk.chips.browser_f82475_5.63.0-canary.v20250428191739.js.gz
- clerk-js/5.63.0-canary.v20250428191739/zxcvbn-ts-core_clerk.chips.browser_f82475_5.63.0-canary.v20250428191739.min.js.br
- clerk-js/5.63.0-canary.v20250428191739/zxcvbn-ts-core_clerk.chips.browser_f82475_5.63.0-canary.v20250428191739.min.js.gz
- clerk-js/5.63.0-canary.v20250428191739/zxcvbn-ts-core_clerk.headless.browser_0e847e_5.63.0-canary.v20250428191739.js.br
- clerk-js/5.63.0-canary.v20250428191739/zxcvbn-ts-core_clerk.headless.browser_0e847e_5.63.0-canary.v20250428191739.js.gz
- clerk-js/5.63.0-canary.v20250428191739/zxcvbn-ts-core_clerk.headless.browser_0e847e_5.63.0-canary.v20250428191739.min.js.br
- clerk-js/5.63.0-canary.v20250428191739/zxcvbn-ts-core_clerk.headless.browser_0e847e_5.63.0-canary.v20250428191739.min.js.gz
- clerk-js/5.63.0-canary.v20250428191739/zxcvbn-ts-core_clerk.legacy.browser_640018_5.63.0-canary.v20250428191739.js.br
- clerk-js/5.63.0-canary.v20250428191739/zxcvbn-ts-core_clerk.legacy.browser_640018_5.63.0-canary.v20250428191739.js.gz
- clerk-js/5.63.0-canary.v20250428191739/zxcvbn-ts-core_clerk.legacy.browser_640018_5.63.0-canary.v20250428191739.min.js.br
- clerk-js/5.63.0-canary.v20250428191739/zxcvbn-ts-core_clerk.legacy.browser_640018_5.63.0-canary.v20250428191739.min.js.gz
SRIs:
- clerk-js/5.63.0-canary.v20250428191739/clerk.no-rhc.js: sha512-iU4iOCL7bxG+4rMC6HiVjzQ9yo6odxj9ZgBeYc1U+NREX7vKNu3GG2RtRptApZpsS63PdHEU8kc+6ALit3iM1A==
- clerk-js/5.63.0-canary.v20250428191739/keylessPrompt_clerk.browser_d3ad51_5.63.0-canary.v20250428191739.min.js: sha512-obECHd2IpSSOaf+iPoTPylfe1UGDZMXyFp+1MHp1kpnsBbtUuxcKnDEg5tWtigNdSz1VnMoHd69hLSMd5zjSlA==
- clerk-js/5.63.0-canary.v20250428191739/op-billing-page_clerk.legacy.browser_640018_5.63.0-canary.v20250428191739.min.js: sha512-OZuub8xP5CXASyyHOqPynzQmoXZVyK9dZanAOzfJLx8ariYxIR7UDiYDXxIShATkpX3irMLBjlWAMdvqWHkPbQ==
- clerk-js/5.63.0-canary.v20250428191739/ui-common_clerk.browser_d3ad51_5.63.0-canary.v20250428191739.min.js: sha512-HRhmmxmnGS/FKAaW9LEbjA4qdNAROjqxKJmWgxzzSefeOghF1OTiB+8N5lwcGgI8pcqHb0htQWMcV18oEChkHw==
- clerk-js/5.63.0-canary.v20250428191739/zxcvbn-ts-core_clerk.legacy.browser_640018_5.63.0-canary.v20250428191739.min.js: sha512-EK+qIFmB4Y04GkQZ1zZF8XphZn2JFM7/lY8bLCYDMYhMMX0zexExpaTLk4aYaP/34NZTKI/JnyWuzu+j3Q8fsA==
- clerk-js/5.63.0-canary.v20250428191739/keylessPrompt_clerk.browser_d3ad51_5.63.0-canary.v20250428191739.js: sha512-SWLDlWtHsEGZLTUsKqZnr7a4BQ3PVLuZrmeyr+g/S6C3cwUSeou4fTF/roe6wBh9eFHetRxQka9gCQh0g6sXGw==
- clerk-js/5.63.0-canary.v20250428191739/zxcvbn-ts-core_clerk.chips.browser_f82475_5.63.0-canary.v20250428191739.js: sha512-T5Mt+UVEb2tiTHrqR6sQ6t82Ex3xQPJymyialUQcwFvlaCBddm1n2Eiy65SelOvGbzEXk38aoRZUva6VwYxeVA==
- clerk-js/5.63.0-canary.v20250428191739/onetap_clerk.legacy.browser_640018_5.63.0-canary.v20250428191739.min.js: sha512-7Lcex83Fn884SaoEG+8zKtcmkl1xKv+lWeBaJ9buzu9kr7tHsIHweo//9IYiqiEoZ0PVAzAvoAqbNYtHEDUnCQ==
- clerk-js/5.63.0-canary.v20250428191739/organizationswitcher_clerk.browser_d3ad51_5.63.0-canary.v20250428191739.js: sha512-KTbHgu0AWyNa4jZj6aGDWJR/sMMw3Rg2GmeVpStjelVAJmJlSgW9HSTDGygnwBN2454Y99xU/uAskkUXoAJ21g==
- clerk-js/5.63.0-canary.v20250428191739/userprofile_clerk.chips.browser_f82475_5.63.0-canary.v20250428191739.js: sha512-s4cIDbp46HBrS4d4Yk+M3TLQ1z/Smk6Dzi2HL8ORJ2O+Fif1EtmxU4eyJzugyNp6vk6aQ1EEvWXvfshRSG45Sg==
- clerk-js/5.63.0-canary.v20250428191739/createorganization_clerk.legacy.browser_640018_5.63.0-canary.v20250428191739.min.js: sha512-D2r5t4W4Y5qmQctFm5OpATzAPSRBx2pwbXMMnrGRWgqZt+hpAKNdP+LXf8MTiOWSux6PT57aIpCcco0pSj0Xxg==
- clerk-js/5.63.0-canary.v20250428191739/vendors_clerk.chips.browser_f82475_5.63.0-canary.v20250428191739.min.js: sha512-1VNtpx65L1qN2HT8MLyHVuSXN21u81e1S/EmIK1AyyxUuoTs7nI0lAsSRLcAF8sF/cz5gLs5wncbo+GQSRqX3Q==
- clerk-js/5.63.0-canary.v20250428191739/framework_clerk.chips.browser_f82475_5.63.0-canary.v20250428191739.min.js: sha512-HEOozu01OzUjoYEygMb4koxRRbaZrW0jTd4dTD5wkUajtxCXFhGEN036JGc0rCcfARtYiWh4ptj65vIovYgydg==
- clerk-js/5.63.0-canary.v20250428191739/op-billing-page_clerk.legacy.browser_640018_5.63.0-canary.v20250428191739.js: sha512-7/Nc8gSVoKL0+8RdcJxShTI4oegpjdOYVTDWdQzEUAHLGf9zUWhQKvow/TGOtyEgmstdDgaXyr5Q8jYYFpfHoQ==
- clerk-js/5.63.0-canary.v20250428191739/sessionTasks_clerk.browser_d3ad51_5.63.0-canary.v20250428191739.min.js: sha512-HVZZrcja9tpP36QVAGZwo3s1+17/2lv7lTim/pDJiW/OEQebSKdr3XH5DPnrJDS+02BiTjMFViim5+Tu0oGcxQ==
- clerk-js/5.63.0-canary.v20250428191739/waitlist_clerk.chips.browser_f82475_5.63.0-canary.v20250428191739.min.js: sha512-W0BPmq0ELaG2MTt9DERoE8XobWoCarXxhUPi+2WaMy9Nvo417n/Rtuyzl2v8kHPfjV1IfbeOdNFMY4ThJihv2Q==
- clerk-js/5.63.0-canary.v20250428191739/onetap_clerk.browser_d3ad51_5.63.0-canary.v20250428191739.min.js: sha512-/UrT2kWl9uoY6hR9WZAUkab0kkyA8CTnw6tMKa0tMwpJay+adSHWEr4eIPTls385c+aZg15/GOrVNP66fbvn1g==
- clerk-js/5.63.0-canary.v20250428191739/organizationswitcher_clerk.chips.browser_f82475_5.63.0-canary.v20250428191739.js: sha512-KTbHgu0AWyNa4jZj6aGDWJR/sMMw3Rg2GmeVpStjelVAJmJlSgW9HSTDGygnwBN2454Y99xU/uAskkUXoAJ21g==
- clerk-js/5.63.0-canary.v20250428191739/userbutton_clerk.chips.browser_f82475_5.63.0-canary.v20250428191739.min.js: sha512-s1fUZHWnW/FMzv6vOiqDu9N9wTPRzzO8YaWGYltqjrwPKqG/iH2mDnH3M4UjUyo9twFmNfi/kXlpJGFI+izfeQ==
- clerk-js/5.63.0-canary.v20250428191739/vendors_clerk.legacy.browser_640018_5.63.0-canary.v20250428191739.js: sha512-BuvVQMBI23nnxldS/NPttT1BYGkB3SSctHKnb0nlKvT8UA0KeTiNsFQUjPtQBryAxdg4mm7KfN2/PSgNCNKJhA==
- clerk-js/5.63.0-canary.v20250428191739/signin_clerk.browser_d3ad51_5.63.0-canary.v20250428191739.js: sha512-nlpyV2NYir2c3ZpYnQin/XOyZgs9IXsFh5w0Wh8++64ItTuy1LLqpYykiuHtRMPpfojwPLW2WbohQiO4+U0zJQ==
- clerk-js/5.63.0-canary.v20250428191739/965_clerk.headless_645b0f_5.63.0-canary.v20250428191739.min.js: sha512-JbPtaiqa5UyrqdMAs97Zi5v67B6iaCTw0r3tU0CF4O6mOTZxsc7pzyolBpV8qhnYaVs2HIwvWMktEekp9QTCCQ==
- clerk-js/5.63.0-canary.v20250428191739/coinbase-wallet-sdk_clerk.headless.browser_0e847e_5.63.0-canary.v20250428191739.min.js: sha512-6EEEk0HJ+jGG2FrkcD1G2zl7Qx3z3Iy+DzMXpV1HqpqonCw25KGb3V5IGYw8c0MKAiFavJVXh7MqMJDjK0Iwfw==
- clerk-js/5.63.0-canary.v20250428191739/cookieSuffix_clerk.headless.browser_0e847e_5.63.0-canary.v20250428191739.js: sha512-IJE0CiJEmdq03APLKkIPgq2PbtP14FrxDhSgsZ2Y9XfYD9CxRjUvXffvbzdaio5H6aCgWKbQ2k/1+J+EsNDvew==
- clerk-js/5.63.0-canary.v20250428191739/createorganization_clerk.browser_d3ad51_5.63.0-canary.v20250428191739.js: sha512-6EtnxQ/TQgSB6Hz42hEkYpp9eQUdZNdcxqT7fZ4cdoJUCSr6099E9Y4HLIRSvicjTP3V+XfZo6S/2NRSXBXOxA==
- clerk-js/5.63.0-canary.v20250428191739/onetap_clerk.chips.browser_f82475_5.63.0-canary.v20250428191739.min.js: sha512-/UrT2kWl9uoY6hR9WZAUkab0kkyA8CTnw6tMKa0tMwpJay+adSHWEr4eIPTls385c+aZg15/GOrVNP66fbvn1g==
- clerk-js/5.63.0-canary.v20250428191739/waitlist_clerk.chips.browser_f82475_5.63.0-canary.v20250428191739.js: sha512-GDtJuOdS1T+p1VFhNOqzoXDkTW6GF8+G2pnGHJIDPPtcwDbz5J9XzzaTvlsJnXAUdnER72LrqrWymKAiT9FWHQ==
- clerk-js/5.63.0-canary.v20250428191739/blankcaptcha_clerk.legacy.browser_640018_5.63.0-canary.v20250428191739.min.js: sha512-ztuF6Vo0rp5fIl3ynQvOXAf0xSw0Id3Nx43vovn5slvRivfjDbVUuPwIviGR12AzdZADisdFVtKha/z60CXl7Q==
- clerk-js/5.63.0-canary.v20250428191739/createorganization_clerk.chips.browser_f82475_5.63.0-canary.v20250428191739.min.js: sha512-K/l/QdK9EzUIXf7MuGFwLpC8aIjL6Kf/eH34nvgmCrytDfeKKnlWgmxjVaq4h9cCGJPuwWZxVnTBjKD5rS2QHw==
- clerk-js/5.63.0-canary.v20250428191739/framework_clerk.browser_d3ad51_5.63.0-canary.v20250428191739.min.js: sha512-HEOozu01OzUjoYEygMb4koxRRbaZrW0jTd4dTD5wkUajtxCXFhGEN036JGc0rCcfARtYiWh4ptj65vIovYgydg==
- clerk-js/5.63.0-canary.v20250428191739/signup_clerk.browser_d3ad51_5.63.0-canary.v20250428191739.min.js: sha512-wG5vm816rBCwBQXVFvfXC3Cux9Ie6mIuj7/8TrrMEK+jbnQZ/f1RjmUTq4y9xrLBrFT6urT3eIsDpFOsbQ5+WA==
- clerk-js/5.63.0-canary.v20250428191739/userverification_clerk.browser_d3ad51_5.63.0-canary.v20250428191739.min.js: sha512-J1cSjeA36IX4rQLzaaWrzfXXkxUTulqt0EV+Rg5i/J+P+Y3/MlzRzQMvk/Ua9KRsVQ1w3suyYvQMtTjTIFP7DQ==
- clerk-js/5.63.0-canary.v20250428191739/pricingTable_clerk.browser_d3ad51_5.63.0-canary.v20250428191739.js: sha512-quEP0Y0k1UTAEwV7CG/TEF3xz1+SO1UfMFywz8e4gJFSVKTC1yECGdOwIW/Xpz9PjjAE5phKsslGSAuNvDQaDg==
- clerk-js/5.63.0-canary.v20250428191739/subscriptionDetails_clerk.legacy.browser_640018_5.63.0-canary.v20250428191739.min.js: sha512-+h4WCF63USHE/iww8q5yRugo9NKyzoS+6xOt6qn1PC0r7B7L4yxjFdDz3Uev+eGWeAb/1CzDRcIhvrbEliq4nA==
- clerk-js/5.63.0-canary.v20250428191739/ui-common_clerk.chips.browser_f82475_5.63.0-canary.v20250428191739.js: sha512-ptC0X4PMrqByQ15QmCUJh4JddB2Hqeo/O5k/dXTiSgcDSjF0yDzsaBSEdp0EilgGFI/L4zxOikXKyFaJPli9nA==
- clerk-js/5.63.0-canary.v20250428191739/zxcvbn-ts-core_clerk.legacy.browser_640018_5.63.0-canary.v20250428191739.js: sha512-rLDv+t3xn7VD5u0fN+9Ksg2anuyFYlLlwSx/AzkgM0/sTPEWgWzH7ZNS7+yZtbN1rguOp8odLTl144idSzMnmg==
- clerk-js/5.63.0-canary.v20250428191739/cookieSuffix_clerk.chips.browser_f82475_5.63.0-canary.v20250428191739.min.js: sha512-vg9W90KEqH+vc1JFRH1saEVXiUZnoB4PjRAUIK93ot8dTBNFw5s4bdxfDujpqxfPLF9nfaOTDTwxPkEGE9X40g==
- clerk-js/5.63.0-canary.v20250428191739/impersonationfab_clerk.legacy.browser_640018_5.63.0-canary.v20250428191739.js: sha512-h/77tMqYvGnmprD1Zff+OpQOOiJgUg0Iv1ALdNTKC8wNXr5zDsC/GBaKfWu3KP4Qu8Nw9Qjz5jlApNez4gU//Q==
- clerk-js/5.63.0-canary.v20250428191739/framework_clerk.chips.browser_f82475_5.63.0-canary.v20250428191739.js: sha512-tzb6+xSCXoHW1A/3MvW/WzBy3nMxuZEp/FmtWopEUDBhpxur1MmgmFPyLowrAEXTntykggo2DAQQxBxeFDT5ug==
- clerk-js/5.63.0-canary.v20250428191739/zxcvbn-common_clerk.browser_d3ad51_5.63.0-canary.v20250428191739.min.js: sha512-aCh2ygfnro5vZf81EzHC+a/0h3M9TnJ00IBt7iXKLjzLgyI3auAtH1LiZ+RWZSr6GgzVCxn+vp4qecJpbYQxzQ==
- clerk-js/5.63.0-canary.v20250428191739/192_clerk.legacy.browser_640018_5.63.0-canary.v20250428191739.min.js: sha512-qh/AWOF2TC4F4cc2SDQc5FYc3seS3TNkYROV+OV7kAhxepTEzOQ0eZ215vrRSLk/qPkp3RoUa5fs1Q/l5UeFWg==
- clerk-js/5.63.0-canary.v20250428191739/blankcaptcha_clerk.browser_d3ad51_5.63.0-canary.v20250428191739.min.js: sha512-zqxH15pOZl4I9p8TRjJOoNr4CZmjarPbgE+DEJBK1z/IPeaC9DjUHTzLvsSxiT1SdWFrGFczVBzf13kpgfib2Q==
- clerk-js/5.63.0-canary.v20250428191739/signup_clerk.legacy.browser_640018_5.63.0-canary.v20250428191739.js: sha512-DxvVT7eSuZnxPDmyse7CEa6og8N84i6aqW1h4xhdTgthxcBZOSiofd1Ig0Y5f0aMJBN57I3RnXroerZupK0A5w==
- clerk-js/5.63.0-canary.v20250428191739/up-billing-page_clerk.browser_d3ad51_5.63.0-canary.v20250428191739.min.js: sha512-kmmTfE9gK3ivkdyUaVJs4JqVDOPj5Ng4rLKsUE1pwYz6X0ulFGcyOmNXg5CfiUgfpOOrJjavQrkzcKBEpITrag==
- clerk-js/5.63.0-canary.v20250428191739/coinbase-wallet-sdk_clerk.chips.browser_f82475_5.63.0-canary.v20250428191739.min.js: sha512-N24hF+HeOHDAwQgxwr3blSCCT/s572gCq0UhHCWFX2oJV5FCmCRmw1mnzzilcrOwO2GFNqEN8dK0yiZtPqqK2g==
- clerk-js/5.63.0-canary.v20250428191739/userbutton_clerk.browser_d3ad51_5.63.0-canary.v20250428191739.min.js: sha512-s1fUZHWnW/FMzv6vOiqDu9N9wTPRzzO8YaWGYltqjrwPKqG/iH2mDnH3M4UjUyo9twFmNfi/kXlpJGFI+izfeQ==
- clerk-js/5.63.0-canary.v20250428191739/zxcvbn-common_clerk.chips.browser_f82475_5.63.0-canary.v20250428191739.js: sha512-gwix3ZNtw1TFm23lywvPd2Ibw3+NOUxGSfpWkDhBtznjqXZw9sYOylp0NmN8iwaLQ6vc+D0Srw/hORbGdD3sPA==
- clerk-js/5.63.0-canary.v20250428191739/impersonationfab_clerk.browser_d3ad51_5.63.0-canary.v20250428191739.min.js: sha512-SidCnM8BnyZ7DwloPfL9boC/zuqK3649SRrK7JJQzWCfTA1QNLkqIIruKyzgN08Isc/T9BokCs33YRd/OGvknA==
- clerk-js/5.63.0-canary.v20250428191739/192_clerk.legacy.browser_640018_5.63.0-canary.v20250428191739.js: sha512-Arv3pEIRa3cnVbTfUhj9VpJRMdlUS7y9HnLQC/eu7nj+fH/9XOgo301gTGdB2EXEVypPWqX0cb28s3fd4rU+XA==
- clerk-js/5.63.0-canary.v20250428191739/waitlist_clerk.browser_d3ad51_5.63.0-canary.v20250428191739.js: sha512-GDtJuOdS1T+p1VFhNOqzoXDkTW6GF8+G2pnGHJIDPPtcwDbz5J9XzzaTvlsJnXAUdnER72LrqrWymKAiT9FWHQ==
- clerk-js/5.63.0-canary.v20250428191739/checkout_clerk.browser_d3ad51_5.63.0-canary.v20250428191739.js: sha512-yepKdMA2VANtzKV5YQzVLU3DeBw4/PEnrinz+knYuRtujhBUjCE/OFU5Ja27AmNCguMmDlfD2MJoW7P58rTHyA==
- clerk-js/5.63.0-canary.v20250428191739/framework_clerk.legacy.browser_640018_5.63.0-canary.v20250428191739.min.js: sha512-nmaxBWscUiK6EVkHDM0Zs5rSwnBVSynLBQ+LVXs8e0Vfkm8/0VNk0EdJbpES1QhLWsMkQ8n+4dxO/d7n3iKDWQ==
- clerk-js/5.63.0-canary.v20250428191739/organizationswitcher_clerk.browser_d3ad51_5.63.0-canary.v20250428191739.min.js: sha512-zrGQ47I1VVr1Tvx5ItvI34unMzZKVy8mn5FJfhXakygRY48CZL2Q3bnJdnQXypxGb3dfX7v0PxUzOaHF3RKu0A==
- clerk-js/5.63.0-canary.v20250428191739/pricingTable_clerk.browser_d3ad51_5.63.0-canary.v20250428191739.min.js: sha512-quEP0Y0k1UTAEwV7CG/TEF3xz1+SO1UfMFywz8e4gJFSVKTC1yECGdOwIW/Xpz9PjjAE5phKsslGSAuNvDQaDg==
- clerk-js/5.63.0-canary.v20250428191739/userprofile_clerk.browser_d3ad51_5.63.0-canary.v20250428191739.min.js: sha512-A2OUNQoQ9sy+wqolW4NrLZKN+xBcHiUKrvETzIXohRqCIZtfxuZW/v8s5600daP4J5gQgsos8XooEBKwY9sFJw==
- clerk-js/5.63.0-canary.v20250428191739/blankcaptcha_clerk.chips.browser_f82475_5.63.0-canary.v20250428191739.js: sha512-EsOfEeCVWsMCCazDHrbtfj5KSq5MZRfltbQ/J4POkRfQ386EVZHlDLxWtdABlXVlx3koSnPBLQHPARlq5HkMkw==
- clerk-js/5.63.0-canary.v20250428191739/sessionTasks_clerk.legacy.browser_640018_5.63.0-canary.v20250428191739.js: sha512-CQaNbkp3qSeA5sxQ4lkki4/aF5OsG2PV9z+iJ19u1ABDP/VT42WTuvdcbVdNMqVwsr4odHYZ9zvKhFUgsvUveA==
- clerk-js/5.63.0-canary.v20250428191739/subscriptionDetails_clerk.chips.browser_f82475_5.63.0-canary.v20250428191739.js: sha512-u0IVVoG3e/E+KGaUSVoQRyx9KrU9aCAw3M0d9kJZ2ejMc1HpZRRJolNUvevX6VqWtIe2JCEnBtuYzHKl1YQO8g==
- clerk-js/5.63.0-canary.v20250428191739/coinbase-wallet-sdk_clerk.headless.browser_0e847e_5.63.0-canary.v20250428191739.js: sha512-4qQ5zwyFsllh2ttko3C+cA3sGKMQgHMqJrj6fGnllPjcjM7mHsQohCb549bi15b6QcPNPC9Ea+DH0TXcAOClqw==
- clerk-js/5.63.0-canary.v20250428191739/paymentSources_clerk.legacy.browser_640018_5.63.0-canary.v20250428191739.js: sha512-MHQdtzc3fFuFrypz+e/HivbpCgQozwoWe3LPmjAYuQfSANLi2eWHonXkOJYB25+f8azFPWclO2bTT6tPydmOQw==
- clerk-js/5.63.0-canary.v20250428191739/prefetchorganizationlist_clerk.chips.browser_f82475_5.63.0-canary.v20250428191739.min.js: sha512-/eZNGvNNwf91txAg7uQf3TCXVoVdPol70k7+6+2CMRfQg39darwQtnpWxoc0MD260b9g6ofFK0MNtiZUel0SxQ==
- clerk-js/5.63.0-canary.v20250428191739/vendors_clerk.browser_d3ad51_5.63.0-canary.v20250428191739.min.js: sha512-1VNtpx65L1qN2HT8MLyHVuSXN21u81e1S/EmIK1AyyxUuoTs7nI0lAsSRLcAF8sF/cz5gLs5wncbo+GQSRqX3Q==
- clerk-js/5.63.0-canary.v20250428191739/clerk.legacy.browser.js: sha512-2Xzg2nF81QAvFPtLEpEfY8p6Kqg0AroAp8UplynIqwxZbgjoO9fvH1D+6qIB9y2A8PexvR++gcZvYNHdlroyMw==
- clerk-js/5.63.0-canary.v20250428191739/paymentSources_clerk.chips.browser_f82475_5.63.0-canary.v20250428191739.min.js: sha512-IEv5kXitj2QZB6OlpLjTzklOqybtjHPzcK+FYRFXs3qAmh+ArfRKLaVjXUCRrsmcwlL6psU54jfSnn2fg30U9A==
- clerk-js/5.63.0-canary.v20250428191739/signup_clerk.browser_d3ad51_5.63.0-canary.v20250428191739.js: sha512-oI8mAXsF0DNS2gohGgvpBl7Xu4ZSy8ELQ1NmKgCECbDSFQMB01FgUXx8cexlroRrVSHfxMzP9Huv3bR9VHGmaQ==
- clerk-js/5.63.0-canary.v20250428191739/vendors_clerk.headless.browser_0e847e_5.63.0-canary.v20250428191739.min.js: sha512-g4RuY+I+s/H0OIi8AxCaJozKGXjtlbcAAqVi+gXahsnCWx34mPL8NnuwatR1VV0s1VEalcS2zUG2iF8tjFP8+A==
- clerk-js/5.63.0-canary.v20250428191739/848_clerk.browser_d3ad51_5.63.0-canary.v20250428191739.min.js: sha512-gbX7vksnRc+nyHVSWo8urJXfPtpuhmxIvfEsEEnQY3DDPCKIONbH2hdZPu2elktwbF3oAwCmsXKKSl5gE8JQAA==
- clerk-js/5.63.0-canary.v20250428191739/coinbase-wallet-sdk_clerk.legacy.browser_640018_5.63.0-canary.v20250428191739.js: sha512-jlTc3SByfliU/ADtpkOIHB1EAk5jIxCMWMy/a86ZTnjkqnR+Ar5zTlDESK8VMmsZLfQOcWQyM+FR+dO9gPA7pw==
- clerk-js/5.63.0-canary.v20250428191739/userbutton_clerk.chips.browser_f82475_5.63.0-canary.v20250428191739.js: sha512-8F7apJpjRwiWqhUJl2PI0VIpn4w7Gh17Qouqnj6YDifkxaC5uwp/etBMwg0D2F8PFuHAkz6ZAB7G+nb/2hw19Q==
- clerk-js/5.63.0-canary.v20250428191739/192_clerk.chips.browser_f82475_5.63.0-canary.v20250428191739.js: sha512-yZq2u2bvOcRHburWWTP5NPZR5DdmR6oRM+HAe4zVHmSngWnpb/LrwmILWUP4oqIgJgvuebm0Ers8t4BuvrHmPA==
- clerk-js/5.63.0-canary.v20250428191739/checkout_clerk.browser_d3ad51_5.63.0-canary.v20250428191739.min.js: sha512-HkvzjYif8pAN4onczmUvLE+tDqVVYjVrk/q1vl41IGKbuUcAKVIadn6qRisu9WWGJRZxue3lgoXBSBHfE+sOxQ==
- clerk-js/5.63.0-canary.v20250428191739/waitlist_clerk.legacy.browser_640018_5.63.0-canary.v20250428191739.js: sha512-jmqRToQHu+XTYGF4iYWGNMMFVMVi1VdLTM03bz84VbBAvNJVEYuAz4Pbj2j5T7a92cHZM+HYSLP3L3hFYvVeTQ==
- clerk-js/5.63.0-canary.v20250428191739/organizationprofile_clerk.chips.browser_f82475_5.63.0-canary.v20250428191739.js: sha512-AELVDR9AgdCX/Scq/fybPT6+iv/mdpHlgeNBebGaRxVc2JSN669l+pdYs2xUMGgCSe7EWrCO+93d7DAKinRavg==
- clerk-js/5.63.0-canary.v20250428191739/organizationprofile_clerk.chips.browser_f82475_5.63.0-canary.v20250428191739.min.js: sha512-kSYl5bCXHgLfcBJOL/Dielf+SdsZqFHbvZKLE1wkTbpP/zqPrnYg5FmDt9w3Hs+SBeH7KXLIz+r6+wqo7EvZ/A==
- clerk-js/5.63.0-canary.v20250428191739/waitlist_clerk.legacy.browser_640018_5.63.0-canary.v20250428191739.min.js: sha512-g/T4mgQ/x8v4JnTNpojGF6BqAOYe0wGh1+IiUgagZtN0Lwnb7er0IGlmxt2VHKKFZ760iFhcrJEN3Z2t7wOCSg==
- clerk-js/5.63.0-canary.v20250428191739/zxcvbn-ts-core_clerk.chips.browser_f82475_5.63.0-canary.v20250428191739.min.js: sha512-xTpQZt/XJFLwCgh6g7h4et+3y8HcluxLiZLaDW9OjGMKNzMekFilKt/8CmnpywBmHZU78Og7GEeV4Kg5EOKsxA==
- clerk-js/5.63.0-canary.v20250428191739/up-billing-page_clerk.chips.browser_f82475_5.63.0-canary.v20250428191739.min.js: sha512-kmmTfE9gK3ivkdyUaVJs4JqVDOPj5Ng4rLKsUE1pwYz6X0ulFGcyOmNXg5CfiUgfpOOrJjavQrkzcKBEpITrag==
- clerk-js/5.63.0-canary.v20250428191739/blankcaptcha_clerk.legacy.browser_640018_5.63.0-canary.v20250428191739.js: sha512-IK2AGioksW6FDLOPKcNk8dLSWSRr+TBHahrfRvOHKPzImeycRVpyjX0ptsr7KpRkH6FyqrigeNkD4jRCQtxtxg==
- clerk-js/5.63.0-canary.v20250428191739/clerk.js: sha512-CwcbleboAb8r01onVn0HS9/4rQVwY1g711Nm6tyhvICehvoP/BOCUoAwR5rpp1l7wKYmsL0QgipfAwTS0t75RQ==
- clerk-js/5.63.0-canary.v20250428191739/coinbase-wallet-sdk_clerk.browser_d3ad51_5.63.0-canary.v20250428191739.js: sha512-1VZ8M8NSDi4jX74XEfN1WF+NkxcxechB4UL4LK/4RHQOA6CgKgKEYS4SgvX6kpnSoGTcnxLi4ciKd9bpQYZ2pQ==
- clerk-js/5.63.0-canary.v20250428191739/zxcvbn-ts-core_clerk.headless.browser_0e847e_5.63.0-canary.v20250428191739.min.js: sha512-xTpQZt/XJFLwCgh6g7h4et+3y8HcluxLiZLaDW9OjGMKNzMekFilKt/8CmnpywBmHZU78Og7GEeV4Kg5EOKsxA==
- clerk-js/5.63.0-canary.v20250428191739/ui-common_clerk.chips.browser_f82475_5.63.0-canary.v20250428191739.min.js: sha512-HRhmmxmnGS/FKAaW9LEbjA4qdNAROjqxKJmWgxzzSefeOghF1OTiB+8N5lwcGgI8pcqHb0htQWMcV18oEChkHw==
- clerk-js/5.63.0-canary.v20250428191739/zxcvbn-common_clerk.browser_d3ad51_5.63.0-canary.v20250428191739.js: sha512-gwix3ZNtw1TFm23lywvPd2Ibw3+NOUxGSfpWkDhBtznjqXZw9sYOylp0NmN8iwaLQ6vc+D0Srw/hORbGdD3sPA==
- clerk-js/5.63.0-canary.v20250428191739/890_clerk.headless_645b0f_5.63.0-canary.v20250428191739.min.js: sha512-Ke7tcqpvu8UTAQm4VG5N31JoBrE1iq+XJ8shpe2z6N6VZuQDQ2y87/vhynGX0IidHuQOoWcgHQv9LzVp2mEPng==
- clerk-js/5.63.0-canary.v20250428191739/clerk.chips.browser.min.js: sha512-vYRl+veSfvLTqcPzJVvZ0Un8e+HeF0ScmjXWGTuP1V1ESgyFmg8nvujJzae0n5JeTiKU75uP0gRnVr3zY+Qizg==
- clerk-js/5.63.0-canary.v20250428191739/clerk.no-rhc.min.js: sha512-CoI3lOXAxrY/pcJgHxuJJ9K6pLimKL2zR9ZymZyV7T+3RP1Jdr9aJSZSeWecL18ucF2RjVCFrZSCexhu6wa43A==
- clerk-js/5.63.0-canary.v20250428191739/coinbase-wallet-sdk_clerk.legacy.browser_640018_5.63.0-canary.v20250428191739.min.js: sha512-2WS4PW80Tjac6hc6EoaJgLzuZWgRjQ+z21GeD+ralgni6rPwafQL5WxqYFXo92ob6P6hvLOQ1AaBVyPXGEMB8Q==
- clerk-js/5.63.0-canary.v20250428191739/subscriptionDetails_clerk.chips.browser_f82475_5.63.0-canary.v20250428191739.min.js: sha512-RiJYi8clCIJOcN7QohBguT52EtyJfkEGLm6GD3mZu9ZyMsHEA9RBsg3q5yTW2OmxHOPihvVVTOLDhIsUKi2/jg==
- clerk-js/5.63.0-canary.v20250428191739/cookieSuffix_clerk.browser_d3ad51_5.63.0-canary.v20250428191739.js: sha512-vg9W90KEqH+vc1JFRH1saEVXiUZnoB4PjRAUIK93ot8dTBNFw5s4bdxfDujpqxfPLF9nfaOTDTwxPkEGE9X40g==
- clerk-js/5.63.0-canary.v20250428191739/keylessPrompt_clerk.legacy.browser_640018_5.63.0-canary.v20250428191739.js: sha512-bS+lSO+9yDWP29rjy3U1hTrz9qt7F+yHMxGElJ+ZmZSsp26w/mX1KjSYlrBfT9Jt+IcQ5dMk4oP0xbDclspypA==
- clerk-js/5.63.0-canary.v20250428191739/sessionTasks_clerk.chips.browser_f82475_5.63.0-canary.v20250428191739.js: sha512-mTRXs89fOtxbwakiE+h9qo3nOKfOvt4ktEyUMNKtAAl0hLtfC0Q+qO8hp7GtjZ3GqieQrk08o+ra/qgODVV7sg==
- clerk-js/5.63.0-canary.v20250428191739/checkout_clerk.legacy.browser_640018_5.63.0-canary.v20250428191739.js: sha512-NvgMHus4bDHY7UWKfFNUm4dVM/AitsbOun+OLRHGqoOtEyWMBelOiKAJgBX+aG62D+EArNx1AgQzPdUQms71KQ==
- clerk-js/5.63.0-canary.v20250428191739/vendors_clerk.headless.browser_0e847e_5.63.0-canary.v20250428191739.js: sha512-uQG8M2yNSlwoHm6Sg6JdCvPDoQ7qaIkO8iF3eO2ldvyd5Gr97Maa1xjlFve1lrqXqxyFOtOtzRH6YvV4SYgWQA==
- clerk-js/5.63.0-canary.v20250428191739/clerk.browser.min.js: sha512-tF7AgjKIfRYF+O/yAmR6mbDFj4nLSGkNZa/NljX6JWKFjXT6g/gWH1UYsMFkt5LMLimFMQKyIEFfdOPx5MPeBA==
- clerk-js/5.63.0-canary.v20250428191739/op-billing-page_clerk.browser_d3ad51_5.63.0-canary.v20250428191739.js: sha512-WW6OqtThJX/KodfB1ZTRYuZKPnpT1x/dwASVlxS9OT7wqXERCr6DlUSQDnJZFvL9cy890G/UHBi1VLlNWj57Mg==
- clerk-js/5.63.0-canary.v20250428191739/organizationlist_clerk.browser_d3ad51_5.63.0-canary.v20250428191739.min.js: sha512-sx+uC+Ph7+mCFbwIt966EeRUJfhui69U9xbOA0IBWXVIbSt4AoeBSoSkLYfxmOPMEyrnuFw+9aSeykU5TB623A==
- clerk-js/5.63.0-canary.v20250428191739/organizationlist_clerk.chips.browser_f82475_5.63.0-canary.v20250428191739.js: sha512-4ZU4TkhMr8ZkQ9tdAJX+uU71DMJeZMOb8UO5G1nXJfDvzq19d45Ft3sp8agYkxERhzbLvJBSUOB8BxJtkUy1hg==
- clerk-js/5.63.0-canary.v20250428191739/cookieSuffix_clerk.legacy.browser_640018_5.63.0-canary.v20250428191739.js: sha512-/FBGhrXPh6VUoHLatKfoN2qdWPykJQ91zFnsqMf5yVPPrqV8PAUMYjWk67BU/spCbi4P2F6jLekbeZYX9seKhg==
- clerk-js/5.63.0-canary.v20250428191739/op-billing-page_clerk.chips.browser_f82475_5.63.0-canary.v20250428191739.min.js: sha512-b9FyuuiyJmFg+dlp6Nr01jnPsiOBmombKU/g4xyhSZ3NguUoSpsdFk37TzqyZze+SdoyWcxP/TPKmmzf5RIyFw==
- clerk-js/5.63.0-canary.v20250428191739/userprofile_clerk.chips.browser_f82475_5.63.0-canary.v20250428191739.min.js: sha512-A2OUNQoQ9sy+wqolW4NrLZKN+xBcHiUKrvETzIXohRqCIZtfxuZW/v8s5600daP4J5gQgsos8XooEBKwY9sFJw==
- clerk-js/5.63.0-canary.v20250428191739/clerk.headless.js: sha512-3kGGuhAoGU9TGfOU6ZOECPcztpKDbb4i+37KKnyB0eOHmrggxmTqGcA/bbRbIV2XkrSrqNIUq7rRHMNRLzRA7g==
- clerk-js/5.63.0-canary.v20250428191739/organizationswitcher_clerk.chips.browser_f82475_5.63.0-canary.v20250428191739.min.js: sha512-zrGQ47I1VVr1Tvx5ItvI34unMzZKVy8mn5FJfhXakygRY48CZL2Q3bnJdnQXypxGb3dfX7v0PxUzOaHF3RKu0A==
- clerk-js/5.63.0-canary.v20250428191739/up-billing-page_clerk.chips.browser_f82475_5.63.0-canary.v20250428191739.js: sha512-R9Z1Gj3oAibL3t0+Z+Yw0V/vmepQeg1f0qgcs5XSP7yHHgfgZ7OTqFCuZWaq1oC83S4HxFYqvzclUps5SiJa9Q==
- clerk-js/5.63.0-canary.v20250428191739/userbutton_clerk.browser_d3ad51_5.63.0-canary.v20250428191739.js: sha512-8F7apJpjRwiWqhUJl2PI0VIpn4w7Gh17Qouqnj6YDifkxaC5uwp/etBMwg0D2F8PFuHAkz6ZAB7G+nb/2hw19Q==
- clerk-js/5.63.0-canary.v20250428191739/signin_clerk.chips.browser_f82475_5.63.0-canary.v20250428191739.min.js: sha512-qTaYhvyk5eeWMsfkZDEUqLwTLaS6lG1HlGL2hjFZ6V1huBGJLloNXofWXuYGoU7QUfVLPHthS2Xu7GqGtPGtwA==
- clerk-js/5.63.0-canary.v20250428191739/zxcvbn-common_clerk.legacy.browser_640018_5.63.0-canary.v20250428191739.min.js: sha512-7gdlrRVpOjbz9ULgyl3H96aeUxLCj8nCxS4fwFT6GGjgHBa3E+KAooycszJdAgfUJ5IT3kWE7eGCEleUE9+PtA==
- clerk-js/5.63.0-canary.v20250428191739/checkout_clerk.chips.browser_f82475_5.63.0-canary.v20250428191739.min.js: sha512-HkvzjYif8pAN4onczmUvLE+tDqVVYjVrk/q1vl41IGKbuUcAKVIadn6qRisu9WWGJRZxue3lgoXBSBHfE+sOxQ==
- clerk-js/5.63.0-canary.v20250428191739/organizationprofile_clerk.browser_d3ad51_5.63.0-canary.v20250428191739.min.js: sha512-kSYl5bCXHgLfcBJOL/Dielf+SdsZqFHbvZKLE1wkTbpP/zqPrnYg5FmDt9w3Hs+SBeH7KXLIz+r6+wqo7EvZ/A==
- clerk-js/5.63.0-canary.v20250428191739/signin_clerk.chips.browser_f82475_5.63.0-canary.v20250428191739.js: sha512-nlpyV2NYir2c3ZpYnQin/XOyZgs9IXsFh5w0Wh8++64ItTuy1LLqpYykiuHtRMPpfojwPLW2WbohQiO4+U0zJQ==
- clerk-js/5.63.0-canary.v20250428191739/pricingTable_clerk.chips.browser_f82475_5.63.0-canary.v20250428191739.min.js: sha512-quEP0Y0k1UTAEwV7CG/TEF3xz1+SO1UfMFywz8e4gJFSVKTC1yECGdOwIW/Xpz9PjjAE5phKsslGSAuNvDQaDg==
- clerk-js/5.63.0-canary.v20250428191739/signin_clerk.browser_d3ad51_5.63.0-canary.v20250428191739.min.js: sha512-qTaYhvyk5eeWMsfkZDEUqLwTLaS6lG1HlGL2hjFZ6V1huBGJLloNXofWXuYGoU7QUfVLPHthS2Xu7GqGtPGtwA==
- clerk-js/5.63.0-canary.v20250428191739/clerk.headless.browser.min.js: sha512-7trUv14OjkBb4pe4apXq9njABfGW9s47VTa3wveNnRAnCDs8jZLSFzP5nNNQpMnWOcTicE0M7zub2S/0lMnNyA==
- clerk-js/5.63.0-canary.v20250428191739/cookieSuffix_clerk.headless.browser_0e847e_5.63.0-canary.v20250428191739.min.js: sha512-IJE0CiJEmdq03APLKkIPgq2PbtP14FrxDhSgsZ2Y9XfYD9CxRjUvXffvbzdaio5H6aCgWKbQ2k/1+J+EsNDvew==
- clerk-js/5.63.0-canary.v20250428191739/createorganization_clerk.legacy.browser_640018_5.63.0-canary.v20250428191739.js: sha512-uo09lLUSSIGgOZswk/N+TlQzZbYxAFzaryQOXQxLODmZD1Nh6KtDVqbFTHQQhR6MJ2QeQ/f5mjVY9Be89wFqqA==
- clerk-js/5.63.0-canary.v20250428191739/impersonationfab_clerk.legacy.browser_640018_5.63.0-canary.v20250428191739.min.js: sha512-53YrN86Qs/+bbzCQnDInIytzD1GetcCMpmkWMz/i8kjGFzTJXkYl3lUOCtY1CUVdjt0RGfTKMf8hxutbwBeF9A==
- clerk-js/5.63.0-canary.v20250428191739/op-billing-page_clerk.chips.browser_f82475_5.63.0-canary.v20250428191739.js: sha512-WW6OqtThJX/KodfB1ZTRYuZKPnpT1x/dwASVlxS9OT7wqXERCr6DlUSQDnJZFvL9cy890G/UHBi1VLlNWj57Mg==
- clerk-js/5.63.0-canary.v20250428191739/userverification_clerk.browser_d3ad51_5.63.0-canary.v20250428191739.js: sha512-Imi7SvySwFK2m+a3/KniVEQ8U4R9v8pyugmlYTeomOKsaP/l5CvVyT42qtlKq0rABU6+Gr+mX9aBRNEp3Pvlog==
- clerk-js/5.63.0-canary.v20250428191739/userprofile_clerk.legacy.browser_640018_5.63.0-canary.v20250428191739.js: sha512-fQBOs8rb/Uo6Wsojds98aBPeXRVMJJGvriFI0l6/vP4L0vUaKALe/QT6JHXIuRPK1ODUCS8tvBla5omAGNcMCQ==
- clerk-js/5.63.0-canary.v20250428191739/clerk.headless.min.js: sha512-OMFTeXDbsYfVg3rne5/Y+cJ5ZbQnDgn0m9lQ3D0iJIlPiDcjD9PNR63RjbaGKMwFP+qVkpFWJtR8pjJLYKBj+A==
- clerk-js/5.63.0-canary.v20250428191739/cookieSuffix_clerk.legacy.browser_640018_5.63.0-canary.v20250428191739.min.js: sha512-/FBGhrXPh6VUoHLatKfoN2qdWPykJQ91zFnsqMf5yVPPrqV8PAUMYjWk67BU/spCbi4P2F6jLekbeZYX9seKhg==
- clerk-js/5.63.0-canary.v20250428191739/organizationlist_clerk.legacy.browser_640018_5.63.0-canary.v20250428191739.js: sha512-hugioZFVkZJFOCVxf9cHkCETWYfrqkWcEwQfaz89aq0FPqEkK2sW8gaDg3pZK/lpexWAPGDT6C5w9Bx6aJ0sMw==
- clerk-js/5.63.0-canary.v20250428191739/sessionTasks_clerk.legacy.browser_640018_5.63.0-canary.v20250428191739.min.js: sha512-S3VXLTk1rBafdd+seHLnfG6a4nDwQjQElx4P63gNngoyxaEs2hlE3Vs9QV7kElRLjI74staUHHmXvo3+IzVhCQ==
- clerk-js/5.63.0-canary.v20250428191739/signin_clerk.legacy.browser_640018_5.63.0-canary.v20250428191739.js: sha512-eeAed3Tj52P0AH0nNBpty5v3kCjQn4xokeiWdIJxox8oCmLM3WTC69kun9O/Ey+3TbmDbHT5RKe/F1DmX7foJA==
- clerk-js/5.63.0-canary.v20250428191739/prefetchorganizationlist_clerk.legacy.browser_640018_5.63.0-canary.v20250428191739.min.js: sha512-ak4i8YZPqqfEsCrAu6i3BQIFw0DV8QrwqHF568lzHW0X0hEdc2tW4Rd6AADNVUrnf3KIBhkzXwgGpc3MaWh+tg==
- clerk-js/5.63.0-canary.v20250428191739/pricingTable_clerk.legacy.browser_640018_5.63.0-canary.v20250428191739.js: sha512-WhA5sC29XydwdNrVCXZPdVjGgOk3csiGGVPTuz2QpYYlNDbZcYjTTuRzBe1VrEEifTG/vFa7z/nPW0pW+Aptbg==
- clerk-js/5.63.0-canary.v20250428191739/subscriptionDetails_clerk.browser_d3ad51_5.63.0-canary.v20250428191739.min.js: sha512-RiJYi8clCIJOcN7QohBguT52EtyJfkEGLm6GD3mZu9ZyMsHEA9RBsg3q5yTW2OmxHOPihvVVTOLDhIsUKi2/jg==
- clerk-js/5.63.0-canary.v20250428191739/clerk.min.js: sha512-YK/qqiJXZn+hJkqAqzG8Yq18iDgrnaYvV//38NS8s9pquSnZ5/qa02fOjj9psGG5J/eF708YBU0ThJaye122Uw==
- clerk-js/5.63.0-canary.v20250428191739/sessionTasks_clerk.browser_d3ad51_5.63.0-canary.v20250428191739.js: sha512-mTRXs89fOtxbwakiE+h9qo3nOKfOvt4ktEyUMNKtAAl0hLtfC0Q+qO8hp7GtjZ3GqieQrk08o+ra/qgODVV7sg==
- clerk-js/5.63.0-canary.v20250428191739/vendors_clerk.browser_d3ad51_5.63.0-canary.v20250428191739.js: sha512-r5fLcuaZe3tvWy4vHQYuYhZXF9t6vnxWYqMJLBOpD/EnKI4d0unGwXkBCGxRIy4eLuSw4ELGyEdVLYt2Ws+2aA==
- clerk-js/5.63.0-canary.v20250428191739/cookieSuffix_clerk.chips.browser_f82475_5.63.0-canary.v20250428191739.js: sha512-vg9W90KEqH+vc1JFRH1saEVXiUZnoB4PjRAUIK93ot8dTBNFw5s4bdxfDujpqxfPLF9nfaOTDTwxPkEGE9X40g==
- clerk-js/5.63.0-canary.v20250428191739/framework_clerk.legacy.browser_640018_5.63.0-canary.v20250428191739.js: sha512-tWnuBNJ/Z1n2go010KMl1MuVV1qjaoci7KaUrQ/1GCQTR2e7y2PXLGZsrDNWuUpYlAxRdcISVqu/QLJNtN+U5w==
- clerk-js/5.63.0-canary.v20250428191739/ui-common_clerk.browser_d3ad51_5.63.0-canary.v20250428191739.js: sha512-ptC0X4PMrqByQ15QmCUJh4JddB2Hqeo/O5k/dXTiSgcDSjF0yDzsaBSEdp0EilgGFI/L4zxOikXKyFaJPli9nA==
- clerk-js/5.63.0-canary.v20250428191739/userprofile_clerk.browser_d3ad51_5.63.0-canary.v20250428191739.js: sha512-s4cIDbp46HBrS4d4Yk+M3TLQ1z/Smk6Dzi2HL8ORJ2O+Fif1EtmxU4eyJzugyNp6vk6aQ1EEvWXvfshRSG45Sg==
- clerk-js/5.63.0-canary.v20250428191739/paymentSources_clerk.legacy.browser_640018_5.63.0-canary.v20250428191739.min.js: sha512-CIen7yCUzArjVFCaxQg56IUrg45QAYnxgswP5AFpL1e7TTP2BWAa5/88k4hOv0eRv/pVDzgKoq6eATjr+vsZIg==
- clerk-js/5.63.0-canary.v20250428191739/clerk.chips.browser.js: sha512-JPTwSEcvgP40W30W3buQ4XuQIxpRCPyJGnJgrMaDxAx+Y9G4P9P97EdfHE93/YglxUG2BZF6hEqJPcvB5k15Gg==
- clerk-js/5.63.0-canary.v20250428191739/coinbase-wallet-sdk_clerk.browser_d3ad51_5.63.0-canary.v20250428191739.min.js: sha512-N24hF+HeOHDAwQgxwr3blSCCT/s572gCq0UhHCWFX2oJV5FCmCRmw1mnzzilcrOwO2GFNqEN8dK0yiZtPqqK2g==
- clerk-js/5.63.0-canary.v20250428191739/createorganization_clerk.browser_d3ad51_5.63.0-canary.v20250428191739.min.js: sha512-K/l/QdK9EzUIXf7MuGFwLpC8aIjL6Kf/eH34nvgmCrytDfeKKnlWgmxjVaq4h9cCGJPuwWZxVnTBjKD5rS2QHw==
- clerk-js/5.63.0-canary.v20250428191739/onetap_clerk.legacy.browser_640018_5.63.0-canary.v20250428191739.js: sha512-DW1ctoojCP92gK5t4vq+bcJRp7Bg8/W+PzO1fXUqR5kogzyK8IUVu49grECSr7e2VUqGf4l1M2LpjW7XKWqoPw==
- clerk-js/5.63.0-canary.v20250428191739/paymentSources_clerk.chips.browser_f82475_5.63.0-canary.v20250428191739.js: sha512-bm+Meoy7xeadTeXafx1p/GaEQt9737UhiazLBUFFp+JaWXPxOCQKsVPFp6N3z5q5oZa09WdNkIotrYawwlDxHg==
- clerk-js/5.63.0-canary.v20250428191739/impersonationfab_clerk.chips.browser_f82475_5.63.0-canary.v20250428191739.js: sha512-B1rgfG+Z1TJwq1j+ZBIhdMkrRLf1GbOjpYE4ur9d59eckH+bpPjpXgKIAWRIQkBjPTJlGz3218qvKKCNz3hTaA==
- clerk-js/5.63.0-canary.v20250428191739/ui-common_clerk.legacy.browser_640018_5.63.0-canary.v20250428191739.js: sha512-kpzxjpj5SsM+PugUvH9wG1NktMyG48OixL8l7BptEuYUvoFz8zTrUTOwV2fYNW4/1cRcjD2KMo03w0MACJyjkw==
- clerk-js/5.63.0-canary.v20250428191739/up-billing-page_clerk.legacy.browser_640018_5.63.0-canary.v20250428191739.js: sha512-UPSX2qhziZ5xwUtTvZtXTwFwpdkfAuK8terXG2iieJdiR0hOdRozmGXqPUEV379i6UBwvozXUMqUCca27+Kfbg==
- clerk-js/5.63.0-canary.v20250428191739/zxcvbn-ts-core_clerk.browser_d3ad51_5.63.0-canary.v20250428191739.js: sha512-T5Mt+UVEb2tiTHrqR6sQ6t82Ex3xQPJymyialUQcwFvlaCBddm1n2Eiy65SelOvGbzEXk38aoRZUva6VwYxeVA==
- clerk-js/5.63.0-canary.v20250428191739/blankcaptcha_clerk.browser_d3ad51_5.63.0-canary.v20250428191739.js: sha512-EsOfEeCVWsMCCazDHrbtfj5KSq5MZRfltbQ/J4POkRfQ386EVZHlDLxWtdABlXVlx3koSnPBLQHPARlq5HkMkw==
- clerk-js/5.63.0-canary.v20250428191739/signup_clerk.chips.browser_f82475_5.63.0-canary.v20250428191739.min.js: sha512-wG5vm816rBCwBQXVFvfXC3Cux9Ie6mIuj7/8TrrMEK+jbnQZ/f1RjmUTq4y9xrLBrFT6urT3eIsDpFOsbQ5+WA==
- clerk-js/5.63.0-canary.v20250428191739/pricingTable_clerk.chips.browser_f82475_5.63.0-canary.v20250428191739.js: sha512-quEP0Y0k1UTAEwV7CG/TEF3xz1+SO1UfMFywz8e4gJFSVKTC1yECGdOwIW/Xpz9PjjAE5phKsslGSAuNvDQaDg==
- clerk-js/5.63.0-canary.v20250428191739/848_clerk.legacy.browser_640018_5.63.0-canary.v20250428191739.min.js: sha512-NxJX5K8hNbcAEgwZ3iyxYXCsrl/0Vyo0AUketn2Q7tzIAFZgwq0KZN+s3ND4g5La/8NxaUuyCxJy647QlldWJA==
- clerk-js/5.63.0-canary.v20250428191739/organizationlist_clerk.legacy.browser_640018_5.63.0-canary.v20250428191739.min.js: sha512-RMJW8QGtTheQASF4tSTzWQzNw/q9t0Yq5W/dwEPdb1Vk62zquGujNV9TqvJrSANXDz+vaQuJrsiTL1x4wf0pcg==
- clerk-js/5.63.0-canary.v20250428191739/377_clerk.headless_645b0f_5.63.0-canary.v20250428191739.min.js: sha512-F6coj+HeCu/LQQe+SxnItti0GzOGI0YQuh4qx7obTnNRIPOEqdjguZZr+5XGt0IWnPYy0g3HAaw5wz05SJViWQ==
- clerk-js/5.63.0-canary.v20250428191739/848_clerk.chips.browser_f82475_5.63.0-canary.v20250428191739.js: sha512-vCHfTw7u4mrzxlWL3cwkwpzU04RchnxHoCdHO/uukMd5LVjgCXjy4x138v4gjCJKFIFf5nlJijkAGg1hgrY3HQ==
- clerk-js/5.63.0-canary.v20250428191739/848_clerk.legacy.browser_640018_5.63.0-canary.v20250428191739.js: sha512-8q8xShqFIYhkFAg/AUxu58kWB1nFDBOzrayPZvpUg08Qsh1ZDCelSZv8SZrbjZdLzzxxmIm4Ky+YLKzYOf3GDA==
- clerk-js/5.63.0-canary.v20250428191739/signup_clerk.legacy.browser_640018_5.63.0-canary.v20250428191739.min.js: sha512-8vjZsyCuKDSKHrh1d6B/We6LnpCcDK86mezbDgELXMeyMmNLvcDgYy/pFRYgZeC4JRY1QvZQ74+vgX28AdqjnA==
- clerk-js/5.63.0-canary.v20250428191739/userverification_clerk.legacy.browser_640018_5.63.0-canary.v20250428191739.js: sha512-4y4zAvhNKkmVkNf/XVmBeQHAG4KFgR/yGFu78TEyZ3wTlzIk1ifjzFK91t9d2qR5HCdzOdg06kU62ZAp9CwPag==
- clerk-js/5.63.0-canary.v20250428191739/vendors_clerk.chips.browser_f82475_5.63.0-canary.v20250428191739.js: sha512-r5fLcuaZe3tvWy4vHQYuYhZXF9t6vnxWYqMJLBOpD/EnKI4d0unGwXkBCGxRIy4eLuSw4ELGyEdVLYt2Ws+2aA==
- clerk-js/5.63.0-canary.v20250428191739/zxcvbn-ts-core_clerk.headless.browser_0e847e_5.63.0-canary.v20250428191739.js: sha512-T5Mt+UVEb2tiTHrqR6sQ6t82Ex3xQPJymyialUQcwFvlaCBddm1n2Eiy65SelOvGbzEXk38aoRZUva6VwYxeVA==
- clerk-js/5.63.0-canary.v20250428191739/192_clerk.browser_d3ad51_5.63.0-canary.v20250428191739.js: sha512-yZq2u2bvOcRHburWWTP5NPZR5DdmR6oRM+HAe4zVHmSngWnpb/LrwmILWUP4oqIgJgvuebm0Ers8t4BuvrHmPA==
- clerk-js/5.63.0-canary.v20250428191739/checkout_clerk.legacy.browser_640018_5.63.0-canary.v20250428191739.min.js: sha512-hABKVczHhtfk3LCtcw9aFxf8lbOmctZiK2P5IgB9QCuUj5lk0EhlbF5B1eDkZsGFrOYS5yuWCtA3IZokYMYU+Q==
- clerk-js/5.63.0-canary.v20250428191739/clerk.headless.browser.js: sha512-l3m4+Fcos0CtDWHCxe0rGUveu2vh4ReqeiCbeY++ZjBpuuUfJ+7467xhe0l2y16M3kidmMkCRJ96u3YVsK3bug==
- clerk-js/5.63.0-canary.v20250428191739/onetap_clerk.browser_d3ad51_5.63.0-canary.v20250428191739.js: sha512-d02Q68Ck9tVm4K5T2KyevZ062TEZzQZ05s2g7tGzm67/dQJp4rcokuIh5K2iTTmpskgraz0QPWjiZfS9SPbQIQ==
- clerk-js/5.63.0-canary.v20250428191739/organizationprofile_clerk.legacy.browser_640018_5.63.0-canary.v20250428191739.min.js: sha512-7ZGjqxZF4DMICXS/kHRoItR5SGun+6YWS3VV5CF0R7ljNO/7JAh7I+PLAYSIlR7ulYP2lJzsWGV1Mj/HhIYu+g==
- clerk-js/5.63.0-canary.v20250428191739/signin_clerk.legacy.browser_640018_5.63.0-canary.v20250428191739.min.js: sha512-6fi85jIPui3j0M9k9n7BEaO671EMviYX3JyxREF94w376YjaqDd6YLY1GfuE1XVnI96hTUOzjRyB3LaM8k5sOg==
- clerk-js/5.63.0-canary.v20250428191739/890_clerk.headless_645b0f_5.63.0-canary.v20250428191739.js: sha512-qaKuwEtPi+VATum0zoEbwdQy3ByWKSaSDQpReqXytOKDPfYiNcrbWhatDwecv5eufi3D0B50DBgJ+8Gp24mf4Q==
- clerk-js/5.63.0-canary.v20250428191739/coinbase-wallet-sdk_clerk.chips.browser_f82475_5.63.0-canary.v20250428191739.js: sha512-1VZ8M8NSDi4jX74XEfN1WF+NkxcxechB4UL4LK/4RHQOA6CgKgKEYS4SgvX6kpnSoGTcnxLi4ciKd9bpQYZ2pQ==
- clerk-js/5.63.0-canary.v20250428191739/impersonationfab_clerk.chips.browser_f82475_5.63.0-canary.v20250428191739.min.js: sha512-SidCnM8BnyZ7DwloPfL9boC/zuqK3649SRrK7JJQzWCfTA1QNLkqIIruKyzgN08Isc/T9BokCs33YRd/OGvknA==
- clerk-js/5.63.0-canary.v20250428191739/organizationswitcher_clerk.legacy.browser_640018_5.63.0-canary.v20250428191739.min.js: sha512-qDyLHT+LFn+Q2HtWn4GjG+20EKHcPf2FQuSLRYdh9kabB3PIpSt3V2z5m/KCeS7j12evNqk6fdpVe9lpuexxFA==
- clerk-js/5.63.0-canary.v20250428191739/paymentSources_clerk.browser_d3ad51_5.63.0-canary.v20250428191739.min.js: sha512-IEv5kXitj2QZB6OlpLjTzklOqybtjHPzcK+FYRFXs3qAmh+ArfRKLaVjXUCRrsmcwlL6psU54jfSnn2fg30U9A==
- clerk-js/5.63.0-canary.v20250428191739/zxcvbn-common_clerk.legacy.browser_640018_5.63.0-canary.v20250428191739.js: sha512-5knNTx0uZuPVKY1g0pu82Rs/62bo0jwqJ7lYlf8XYLbOdMeNnY+JTv3kafFrYTXymJqXtZ5RJh5iH3N0Ahl/HA==
- clerk-js/5.63.0-canary.v20250428191739/192_clerk.chips.browser_f82475_5.63.0-canary.v20250428191739.min.js: sha512-YAz2q5kBUQIqcucMbo9Gou00gO9kaNgGtheLw8DmyxNcpJ3YS8AtV/JM/4fPGlNqlLNUBH5m8LIAVHFOm85i1A==
- clerk-js/5.63.0-canary.v20250428191739/checkout_clerk.chips.browser_f82475_5.63.0-canary.v20250428191739.js: sha512-yepKdMA2VANtzKV5YQzVLU3DeBw4/PEnrinz+knYuRtujhBUjCE/OFU5Ja27AmNCguMmDlfD2MJoW7P58rTHyA==
- clerk-js/5.63.0-canary.v20250428191739/keylessPrompt_clerk.legacy.browser_640018_5.63.0-canary.v20250428191739.min.js: sha512-bcFLavYGjHycqnSxvdYpsh+iR39aRahweT2B3XfK5a1uKni8Ldq7iyVQQ+7H+8+ZAqxMnw1CgYgyuH/2wKnp8Q==
- clerk-js/5.63.0-canary.v20250428191739/op-billing-page_clerk.browser_d3ad51_5.63.0-canary.v20250428191739.min.js: sha512-b9FyuuiyJmFg+dlp6Nr01jnPsiOBmombKU/g4xyhSZ3NguUoSpsdFk37TzqyZze+SdoyWcxP/TPKmmzf5RIyFw==
- clerk-js/5.63.0-canary.v20250428191739/userbutton_clerk.legacy.browser_640018_5.63.0-canary.v20250428191739.min.js: sha512-eG8E7mMQiV0FUdp/17udYPx0Fro0oBHsNGjDs0AaZJbGVojFR0XrSu6rkwggQ0n9sXocg/PqI5o6021fnX2yhQ==
- clerk-js/5.63.0-canary.v20250428191739/cookieSuffix_clerk.headless_645b0f_5.63.0-canary.v20250428191739.js: sha512-DbbncaS2EQBxFJTxSV84ifuy40zRRwOUsx11FPksOP6nbyXhy+a+lxx5qT7zo6kSuMbAeHP0IBvdKuLx+5wlsA==
- clerk-js/5.63.0-canary.v20250428191739/organizationswitcher_clerk.legacy.browser_640018_5.63.0-canary.v20250428191739.js: sha512-IWjLxaaKNAO3TJ7Ga0cPwG1KVPKNJlcNvSTDPUaPutYJ5zjCtSKtVMgVAiir5E3ygeP4r1QmwcD9TJJRWgKw0w==
- clerk-js/5.63.0-canary.v20250428191739/pricingTable_clerk.legacy.browser_640018_5.63.0-canary.v20250428191739.min.js: sha512-WhA5sC29XydwdNrVCXZPdVjGgOk3csiGGVPTuz2QpYYlNDbZcYjTTuRzBe1VrEEifTG/vFa7z/nPW0pW+Aptbg==
- clerk-js/5.63.0-canary.v20250428191739/userprofile_clerk.legacy.browser_640018_5.63.0-canary.v20250428191739.min.js: sha512-fbwLbqRGdNKaioQP7KCI9nNKesOp47TZMI39gBiULP8PFoDlKccZkPlzrdbLQCuVnGtQuUT2lHcUZ8x7arcoOw==
- clerk-js/5.63.0-canary.v20250428191739/impersonationfab_clerk.browser_d3ad51_5.63.0-canary.v20250428191739.js: sha512-B1rgfG+Z1TJwq1j+ZBIhdMkrRLf1GbOjpYE4ur9d59eckH+bpPjpXgKIAWRIQkBjPTJlGz3218qvKKCNz3hTaA==
- clerk-js/5.63.0-canary.v20250428191739/paymentSources_clerk.browser_d3ad51_5.63.0-canary.v20250428191739.js: sha512-bm+Meoy7xeadTeXafx1p/GaEQt9737UhiazLBUFFp+JaWXPxOCQKsVPFp6N3z5q5oZa09WdNkIotrYawwlDxHg==
- clerk-js/5.63.0-canary.v20250428191739/subscriptionDetails_clerk.browser_d3ad51_5.63.0-canary.v20250428191739.js: sha512-u0IVVoG3e/E+KGaUSVoQRyx9KrU9aCAw3M0d9kJZ2ejMc1HpZRRJolNUvevX6VqWtIe2JCEnBtuYzHKl1YQO8g==
- clerk-js/5.63.0-canary.v20250428191739/965_clerk.headless_645b0f_5.63.0-canary.v20250428191739.js: sha512-DrgUjZBWdCm3RPVW7cC422f+b3ID4ijTOOGKnYmdtF5t3Ww1/opOanHEBW5VlX3k0ayVFUYR4J0Kyc/y+a9MdQ==
- clerk-js/5.63.0-canary.v20250428191739/prefetchorganizationlist_clerk.browser_d3ad51_5.63.0-canary.v20250428191739.min.js: sha512-/eZNGvNNwf91txAg7uQf3TCXVoVdPol70k7+6+2CMRfQg39darwQtnpWxoc0MD260b9g6ofFK0MNtiZUel0SxQ==
- clerk-js/5.63.0-canary.v20250428191739/zxcvbn-ts-core_clerk.browser_d3ad51_5.63.0-canary.v20250428191739.min.js: sha512-xTpQZt/XJFLwCgh6g7h4et+3y8HcluxLiZLaDW9OjGMKNzMekFilKt/8CmnpywBmHZU78Og7GEeV4Kg5EOKsxA==
- clerk-js/5.63.0-canary.v20250428191739/onetap_clerk.chips.browser_f82475_5.63.0-canary.v20250428191739.js: sha512-d02Q68Ck9tVm4K5T2KyevZ062TEZzQZ05s2g7tGzm67/dQJp4rcokuIh5K2iTTmpskgraz0QPWjiZfS9SPbQIQ==
- clerk-js/5.63.0-canary.v20250428191739/organizationlist_clerk.browser_d3ad51_5.63.0-canary.v20250428191739.js: sha512-4ZU4TkhMr8ZkQ9tdAJX+uU71DMJeZMOb8UO5G1nXJfDvzq19d45Ft3sp8agYkxERhzbLvJBSUOB8BxJtkUy1hg==
- clerk-js/5.63.0-canary.v20250428191739/signup_clerk.chips.browser_f82475_5.63.0-canary.v20250428191739.js: sha512-oI8mAXsF0DNS2gohGgvpBl7Xu4ZSy8ELQ1NmKgCECbDSFQMB01FgUXx8cexlroRrVSHfxMzP9Huv3bR9VHGmaQ==
- clerk-js/5.63.0-canary.v20250428191739/userbutton_clerk.legacy.browser_640018_5.63.0-canary.v20250428191739.js: sha512-XYKH/Au/oNr3dtWIG+uVD/HbswM7kJ/IuNlRafoG/naXNNc/wrcdPvp6oTX1h4/hzntjWF7cKMw/uOHIs4f1IQ==
- clerk-js/5.63.0-canary.v20250428191739/waitlist_clerk.browser_d3ad51_5.63.0-canary.v20250428191739.min.js: sha512-W0BPmq0ELaG2MTt9DERoE8XobWoCarXxhUPi+2WaMy9Nvo417n/Rtuyzl2v8kHPfjV1IfbeOdNFMY4ThJihv2Q==
- clerk-js/5.63.0-canary.v20250428191739/userverification_clerk.chips.browser_f82475_5.63.0-canary.v20250428191739.min.js: sha512-J1cSjeA36IX4rQLzaaWrzfXXkxUTulqt0EV+Rg5i/J+P+Y3/MlzRzQMvk/Ua9KRsVQ1w3suyYvQMtTjTIFP7DQ==
- clerk-js/5.63.0-canary.v20250428191739/zxcvbn-common_clerk.headless.browser_0e847e_5.63.0-canary.v20250428191739.min.js: sha512-y9gRF5Ka0unhVB2xoG/Bj2bzMBaPmpTTA9TH7eV8uiBXGRYf00rNezp5SflLdYFXtbsBj8le/1j/wf0t9ArKog==
- clerk-js/5.63.0-canary.v20250428191739/keylessPrompt_clerk.chips.browser_f82475_5.63.0-canary.v20250428191739.js: sha512-SWLDlWtHsEGZLTUsKqZnr7a4BQ3PVLuZrmeyr+g/S6C3cwUSeou4fTF/roe6wBh9eFHetRxQka9gCQh0g6sXGw==
- clerk-js/5.63.0-canary.v20250428191739/keylessPrompt_clerk.chips.browser_f82475_5.63.0-canary.v20250428191739.min.js: sha512-obECHd2IpSSOaf+iPoTPylfe1UGDZMXyFp+1MHp1kpnsBbtUuxcKnDEg5tWtigNdSz1VnMoHd69hLSMd5zjSlA==
- clerk-js/5.63.0-canary.v20250428191739/subscriptionDetails_clerk.legacy.browser_640018_5.63.0-canary.v20250428191739.js: sha512-HrnGwctZFe64pykz6t18e3UAjx0vCWqpzVGnUflGR0yASkOsIqcU+vqiR3nl551BAV3RhScFRPwcbHyxsALtMg==
- clerk-js/5.63.0-canary.v20250428191739/up-billing-page_clerk.legacy.browser_640018_5.63.0-canary.v20250428191739.min.js: sha512-ywblWe4eSIcBHmq3S4VA9Bbbgrs9Keq7pdkr8VkLpR5DIe4m7uF2+X1m8gQEv5OkjTM+JToOzaU/E8lfQ8dEIA==
- clerk-js/5.63.0-canary.v20250428191739/userverification_clerk.chips.browser_f82475_5.63.0-canary.v20250428191739.js: sha512-Imi7SvySwFK2m+a3/KniVEQ8U4R9v8pyugmlYTeomOKsaP/l5CvVyT42qtlKq0rABU6+Gr+mX9aBRNEp3Pvlog==
- clerk-js/5.63.0-canary.v20250428191739/sessionTasks_clerk.chips.browser_f82475_5.63.0-canary.v20250428191739.min.js: sha512-HVZZrcja9tpP36QVAGZwo3s1+17/2lv7lTim/pDJiW/OEQebSKdr3XH5DPnrJDS+02BiTjMFViim5+Tu0oGcxQ==
- clerk-js/5.63.0-canary.v20250428191739/clerk.legacy.browser.min.js: sha512-QBmpZgZBZexTfGeNSsEAsI8TuKDvuAgMSwuKl5IYu/QKzr7FuRw0/9n5mvpALR5XVbJi6rE4leL+99goRt3Vyg==
- clerk-js/5.63.0-canary.v20250428191739/cookieSuffix_clerk.browser_d3ad51_5.63.0-canary.v20250428191739.min.js: sha512-vg9W90KEqH+vc1JFRH1saEVXiUZnoB4PjRAUIK93ot8dTBNFw5s4bdxfDujpqxfPLF9nfaOTDTwxPkEGE9X40g==
- clerk-js/5.63.0-canary.v20250428191739/framework_clerk.browser_d3ad51_5.63.0-canary.v20250428191739.js: sha512-tzb6+xSCXoHW1A/3MvW/WzBy3nMxuZEp/FmtWopEUDBhpxur1MmgmFPyLowrAEXTntykggo2DAQQxBxeFDT5ug==
- clerk-js/5.63.0-canary.v20250428191739/organizationprofile_clerk.legacy.browser_640018_5.63.0-canary.v20250428191739.js: sha512-esSCBneFnPu/6uo2REnORv4jQduTb06+ndIpwDHdlvDcNRPmJBmEFAb3EJ8cfcZz49du1yYLVLo5utAoFcejMA==
- clerk-js/5.63.0-canary.v20250428191739/prefetchorganizationlist_clerk.browser_d3ad51_5.63.0-canary.v20250428191739.js: sha512-Vw2gbvRvRdDrU8qMA0554MTu2lRVveEsEJkq3lTHelR6pz+rIDrCk3bKOwIVTRVJfFsSjFosuYiY9+kd9A+Cgg==
- clerk-js/5.63.0-canary.v20250428191739/clerk.browser.js: sha512-5x5API0cgkISqmhMuMUmkHJbmMtFHpdDlqwdueAHlFccGCvkBWLvMGivsHuPyRUwQpsIGlCr6hJNlgrSrO5F2A==
- clerk-js/5.63.0-canary.v20250428191739/organizationlist_clerk.chips.browser_f82475_5.63.0-canary.v20250428191739.min.js: sha512-sx+uC+Ph7+mCFbwIt966EeRUJfhui69U9xbOA0IBWXVIbSt4AoeBSoSkLYfxmOPMEyrnuFw+9aSeykU5TB623A==
- clerk-js/5.63.0-canary.v20250428191739/zxcvbn-common_clerk.headless.browser_0e847e_5.63.0-canary.v20250428191739.js: sha512-boX5uXNRQZQYN/W2CHlD1c+GxJz/eIvxQEB/NHUf35Kqhj/LVz3BNsbzlnJ//KfJNGLq2kp2aOx1pEYCA2ZJ1g==
- clerk-js/5.63.0-canary.v20250428191739/848_clerk.chips.browser_f82475_5.63.0-canary.v20250428191739.min.js: sha512-gbX7vksnRc+nyHVSWo8urJXfPtpuhmxIvfEsEEnQY3DDPCKIONbH2hdZPu2elktwbF3oAwCmsXKKSl5gE8JQAA==
- clerk-js/5.63.0-canary.v20250428191739/vendors_clerk.legacy.browser_640018_5.63.0-canary.v20250428191739.min.js: sha512-N6XKa6N4Mcl5xUiwgF6Pe/NcqDAxJjUocDLwdABz36/jLXH3lhSc0CwBpt75vbxQjq6XBKhERaTqVELW7eXr1w==
- clerk-js/5.63.0-canary.v20250428191739/zxcvbn-common_clerk.chips.browser_f82475_5.63.0-canary.v20250428191739.min.js: sha512-aCh2ygfnro5vZf81EzHC+a/0h3M9TnJ00IBt7iXKLjzLgyI3auAtH1LiZ+RWZSr6GgzVCxn+vp4qecJpbYQxzQ==
- clerk-js/5.63.0-canary.v20250428191739/cookieSuffix_clerk.headless_645b0f_5.63.0-canary.v20250428191739.min.js: sha512-4EUpSUHonBKrBJLqwevyDFCyTVJz/+Wr7b2xKgHYgjZt1NZtxiTd/kVMpRKuzrZTgnG5XlpPer2sG76Xz14NSQ==
- clerk-js/5.63.0-canary.v20250428191739/createorganization_clerk.chips.browser_f82475_5.63.0-canary.v20250428191739.js: sha512-6EtnxQ/TQgSB6Hz42hEkYpp9eQUdZNdcxqT7fZ4cdoJUCSr6099E9Y4HLIRSvicjTP3V+XfZo6S/2NRSXBXOxA==
- clerk-js/5.63.0-canary.v20250428191739/prefetchorganizationlist_clerk.legacy.browser_640018_5.63.0-canary.v20250428191739.js: sha512-eq+WC3rLj7YOsL0UDBKrSwv48hNidqUXvIOXn1my2y+wNlZrHA5iZGbST3feB4NHb0MYJU9wXAUn4lTP4nZFVg==
- clerk-js/5.63.0-canary.v20250428191739/192_clerk.browser_d3ad51_5.63.0-canary.v20250428191739.min.js: sha512-YAz2q5kBUQIqcucMbo9Gou00gO9kaNgGtheLw8DmyxNcpJ3YS8AtV/JM/4fPGlNqlLNUBH5m8LIAVHFOm85i1A==
- clerk-js/5.63.0-canary.v20250428191739/848_clerk.browser_d3ad51_5.63.0-canary.v20250428191739.js: sha512-vCHfTw7u4mrzxlWL3cwkwpzU04RchnxHoCdHO/uukMd5LVjgCXjy4x138v4gjCJKFIFf5nlJijkAGg1hgrY3HQ==
- clerk-js/5.63.0-canary.v20250428191739/prefetchorganizationlist_clerk.chips.browser_f82475_5.63.0-canary.v20250428191739.js: sha512-Vw2gbvRvRdDrU8qMA0554MTu2lRVveEsEJkq3lTHelR6pz+rIDrCk3bKOwIVTRVJfFsSjFosuYiY9+kd9A+Cgg==
- clerk-js/5.63.0-canary.v20250428191739/up-billing-page_clerk.browser_d3ad51_5.63.0-canary.v20250428191739.js: sha512-R9Z1Gj3oAibL3t0+Z+Yw0V/vmepQeg1f0qgcs5XSP7yHHgfgZ7OTqFCuZWaq1oC83S4HxFYqvzclUps5SiJa9Q==
- clerk-js/5.63.0-canary.v20250428191739/377_clerk.headless_645b0f_5.63.0-canary.v20250428191739.js: sha512-zc8F3yZk25QQjJrOShqLpeNBhA8ix9HZTcTIrQiPU60F0OKzyPgSPRi+CPwhDzAP7iSnJme4ws73O3/7Qicq0w==
- clerk-js/5.63.0-canary.v20250428191739/blankcaptcha_clerk.chips.browser_f82475_5.63.0-canary.v20250428191739.min.js: sha512-zqxH15pOZl4I9p8TRjJOoNr4CZmjarPbgE+DEJBK1z/IPeaC9DjUHTzLvsSxiT1SdWFrGFczVBzf13kpgfib2Q==
- clerk-js/5.63.0-canary.v20250428191739/organizationprofile_clerk.browser_d3ad51_5.63.0-canary.v20250428191739.js: sha512-AELVDR9AgdCX/Scq/fybPT6+iv/mdpHlgeNBebGaRxVc2JSN669l+pdYs2xUMGgCSe7EWrCO+93d7DAKinRavg==
- clerk-js/5.63.0-canary.v20250428191739/ui-common_clerk.legacy.browser_640018_5.63.0-canary.v20250428191739.min.js: sha512-CRvZwxKwmN9EoOuUEPFhRnk7K8x/ak0mPiknLUp/AfNJUJHAjFfGTiP9oykGP6Ga0fBCDuL09zW9J+OmID4Cpw==
- clerk-js/5.63.0-canary.v20250428191739/userverification_clerk.legacy.browser_640018_5.63.0-canary.v20250428191739.min.js: sha512-qEzL9qsRwfITAhEvhQgdN65AZFbTCruTAY906qX1C49eKP7bmCnCHdNpNw/iHxxxWUOzekK66zX58Tchr5Ch3A==
