published: 2026-10-09T11:54:33.879Z

- react-flow-renderer/10.3.10/esm/index-0142d63e.js.br
- react-flow-renderer/10.3.10/esm/index-0142d63e.js.gz
- react-flow-renderer/10.3.10/esm/index-0142d63e.js.map.br
- react-flow-renderer/10.3.10/esm/index-0142d63e.js.map.gz
- react-flow-renderer/10.3.10/esm/index-0142d63e.min.js.br
- react-flow-renderer/10.3.10/esm/index-0142d63e.min.js.gz
- react-flow-renderer/10.3.10/esm/index-650c5478.js.br
- react-flow-renderer/10.3.10/esm/index-650c5478.js.gz
- react-flow-renderer/10.3.10/esm/index-650c5478.js.map.br
- react-flow-renderer/10.3.10/esm/index-650c5478.js.map.gz
- react-flow-renderer/10.3.10/esm/index-650c5478.min.js.br
- react-flow-renderer/10.3.10/esm/index-650c5478.min.js.gz
- react-flow-renderer/10.3.10/esm/index-6934abdf.js.br
- react-flow-renderer/10.3.10/esm/index-6934abdf.js.gz
- react-flow-renderer/10.3.10/esm/index-6934abdf.js.map.br
- react-flow-renderer/10.3.10/esm/index-6934abdf.js.map.gz
- react-flow-renderer/10.3.10/esm/index-6934abdf.min.js.br
- react-flow-renderer/10.3.10/esm/index-6934abdf.min.js.gz
- react-flow-renderer/10.3.10/esm/index-c6136fed.js.br
- react-flow-renderer/10.3.10/esm/index-c6136fed.js.gz
- react-flow-renderer/10.3.10/esm/index-c6136fed.js.map.br
- react-flow-renderer/10.3.10/esm/index-c6136fed.js.map.gz
- react-flow-renderer/10.3.10/esm/index-c6136fed.min.js.br
- react-flow-renderer/10.3.10/esm/index-c6136fed.min.js.gz
- react-flow-renderer/10.3.10/esm/index.js.br
- react-flow-renderer/10.3.10/esm/index.js.gz
- react-flow-renderer/10.3.10/esm/index.js.map.br
- react-flow-renderer/10.3.10/esm/index.js.map.gz
- react-flow-renderer/10.3.10/esm/index.min.js.br
- react-flow-renderer/10.3.10/esm/index.min.js.gz
- react-flow-renderer/10.3.10/esm/index2.js.br
- react-flow-renderer/10.3.10/esm/index2.js.gz
- react-flow-renderer/10.3.10/esm/index2.js.map.br
- react-flow-renderer/10.3.10/esm/index2.js.map.gz
- react-flow-renderer/10.3.10/esm/index2.min.js.br
- react-flow-renderer/10.3.10/esm/index2.min.js.gz
- react-flow-renderer/10.3.10/esm/index3.js.br
- react-flow-renderer/10.3.10/esm/index3.js.gz
- react-flow-renderer/10.3.10/esm/index3.js.map.br
- react-flow-renderer/10.3.10/esm/index3.js.map.gz
- react-flow-renderer/10.3.10/esm/index3.min.js.br
- react-flow-renderer/10.3.10/esm/index3.min.js.gz
- react-flow-renderer/10.3.10/esm/index4.js.br
- react-flow-renderer/10.3.10/esm/index4.js.gz
- react-flow-renderer/10.3.10/esm/index4.js.map.br
- react-flow-renderer/10.3.10/esm/index4.js.map.gz
- react-flow-renderer/10.3.10/esm/index4.min.js.br
- react-flow-renderer/10.3.10/esm/index4.min.js.gz
- react-flow-renderer/10.3.10/esm/useEdges-f7fc2ad6.js.br
- react-flow-renderer/10.3.10/esm/useEdges-f7fc2ad6.js.gz
- react-flow-renderer/10.3.10/esm/useEdges-f7fc2ad6.js.map.br
- react-flow-renderer/10.3.10/esm/useEdges-f7fc2ad6.js.map.gz
- react-flow-renderer/10.3.10/esm/useEdges-f7fc2ad6.min.js.br
- react-flow-renderer/10.3.10/esm/useEdges-f7fc2ad6.min.js.gz
- react-flow-renderer/10.3.10/esm/useEdges.js.br
- react-flow-renderer/10.3.10/esm/useEdges.js.gz
- react-flow-renderer/10.3.10/esm/useEdges.js.map.br
- react-flow-renderer/10.3.10/esm/useEdges.js.map.gz
- react-flow-renderer/10.3.10/esm/useEdges.min.js.br
- react-flow-renderer/10.3.10/esm/useEdges.min.js.gz
- react-flow-renderer/10.3.10/esm/useNodes-fac047b6.js.br
- react-flow-renderer/10.3.10/esm/useNodes-fac047b6.js.gz
- react-flow-renderer/10.3.10/esm/useNodes-fac047b6.js.map.br
- react-flow-renderer/10.3.10/esm/useNodes-fac047b6.js.map.gz
- react-flow-renderer/10.3.10/esm/useNodes-fac047b6.min.js.br
- react-flow-renderer/10.3.10/esm/useNodes-fac047b6.min.js.gz
- react-flow-renderer/10.3.10/esm/useNodes.js.br
- react-flow-renderer/10.3.10/esm/useNodes.js.gz
- react-flow-renderer/10.3.10/esm/useNodes.js.map.br
- react-flow-renderer/10.3.10/esm/useNodes.js.map.gz
- react-flow-renderer/10.3.10/esm/useNodes.min.js.br
- react-flow-renderer/10.3.10/esm/useNodes.min.js.gz
- react-flow-renderer/10.3.10/esm/useReactFlow-80f694cd.js.br
- react-flow-renderer/10.3.10/esm/useReactFlow-80f694cd.js.gz
- react-flow-renderer/10.3.10/esm/useReactFlow-80f694cd.js.map.br
- react-flow-renderer/10.3.10/esm/useReactFlow-80f694cd.js.map.gz
- react-flow-renderer/10.3.10/esm/useReactFlow-80f694cd.min.js.br
- react-flow-renderer/10.3.10/esm/useReactFlow-80f694cd.min.js.gz
- react-flow-renderer/10.3.10/esm/useReactFlow.js.br
- react-flow-renderer/10.3.10/esm/useReactFlow.js.gz
- react-flow-renderer/10.3.10/esm/useReactFlow.js.map.br
- react-flow-renderer/10.3.10/esm/useReactFlow.js.map.gz
- react-flow-renderer/10.3.10/esm/useReactFlow.min.js.br
- react-flow-renderer/10.3.10/esm/useReactFlow.min.js.gz
- react-flow-renderer/10.3.10/esm/useUpdateNodeInternals-4f18bcd6.js.br
- react-flow-renderer/10.3.10/esm/useUpdateNodeInternals-4f18bcd6.js.gz
- react-flow-renderer/10.3.10/esm/useUpdateNodeInternals-4f18bcd6.js.map.br
- react-flow-renderer/10.3.10/esm/useUpdateNodeInternals-4f18bcd6.js.map.gz
- react-flow-renderer/10.3.10/esm/useUpdateNodeInternals-4f18bcd6.min.js.br
- react-flow-renderer/10.3.10/esm/useUpdateNodeInternals-4f18bcd6.min.js.gz
- react-flow-renderer/10.3.10/esm/useUpdateNodeInternals.js.br
- react-flow-renderer/10.3.10/esm/useUpdateNodeInternals.js.gz
- react-flow-renderer/10.3.10/esm/useUpdateNodeInternals.js.map.br
- react-flow-renderer/10.3.10/esm/useUpdateNodeInternals.js.map.gz
- react-flow-renderer/10.3.10/esm/useUpdateNodeInternals.min.js.br
- react-flow-renderer/10.3.10/esm/useUpdateNodeInternals.min.js.gz
- react-flow-renderer/10.3.10/esm/useViewport-137a410c.js.br
- react-flow-renderer/10.3.10/esm/useViewport-137a410c.js.gz
- react-flow-renderer/10.3.10/esm/useViewport-137a410c.js.map.br
- react-flow-renderer/10.3.10/esm/useViewport-137a410c.js.map.gz
- react-flow-renderer/10.3.10/esm/useViewport-137a410c.min.js.br
- react-flow-renderer/10.3.10/esm/useViewport-137a410c.min.js.gz
- react-flow-renderer/10.3.10/esm/useViewport.js.br
- react-flow-renderer/10.3.10/esm/useViewport.js.gz
- react-flow-renderer/10.3.10/esm/useViewport.js.map.br
- react-flow-renderer/10.3.10/esm/useViewport.js.map.gz
- react-flow-renderer/10.3.10/esm/useViewport.min.js.br
- react-flow-renderer/10.3.10/esm/useViewport.min.js.gz
- react-flow-renderer/10.3.10/nocss/esm/index-0142d63e.js.br
- react-flow-renderer/10.3.10/nocss/esm/index-0142d63e.js.gz
- react-flow-renderer/10.3.10/nocss/esm/index-0142d63e.js.map.br
- react-flow-renderer/10.3.10/nocss/esm/index-0142d63e.js.map.gz
- react-flow-renderer/10.3.10/nocss/esm/index-0142d63e.min.js.br
- react-flow-renderer/10.3.10/nocss/esm/index-0142d63e.min.js.gz
- react-flow-renderer/10.3.10/nocss/esm/index-650c5478.js.br
- react-flow-renderer/10.3.10/nocss/esm/index-650c5478.js.gz
- react-flow-renderer/10.3.10/nocss/esm/index-650c5478.js.map.br
- react-flow-renderer/10.3.10/nocss/esm/index-650c5478.js.map.gz
- react-flow-renderer/10.3.10/nocss/esm/index-650c5478.min.js.br
- react-flow-renderer/10.3.10/nocss/esm/index-650c5478.min.js.gz
- react-flow-renderer/10.3.10/nocss/esm/index-6934abdf.js.br
- react-flow-renderer/10.3.10/nocss/esm/index-6934abdf.js.gz
- react-flow-renderer/10.3.10/nocss/esm/index-6934abdf.js.map.br
- react-flow-renderer/10.3.10/nocss/esm/index-6934abdf.js.map.gz
- react-flow-renderer/10.3.10/nocss/esm/index-6934abdf.min.js.br
- react-flow-renderer/10.3.10/nocss/esm/index-6934abdf.min.js.gz
- react-flow-renderer/10.3.10/nocss/esm/index-c6136fed.js.br
- react-flow-renderer/10.3.10/nocss/esm/index-c6136fed.js.gz
- react-flow-renderer/10.3.10/nocss/esm/index-c6136fed.js.map.br
- react-flow-renderer/10.3.10/nocss/esm/index-c6136fed.js.map.gz
- react-flow-renderer/10.3.10/nocss/esm/index-c6136fed.min.js.br
- react-flow-renderer/10.3.10/nocss/esm/index-c6136fed.min.js.gz
- react-flow-renderer/10.3.10/nocss/esm/index.js.br
- react-flow-renderer/10.3.10/nocss/esm/index.js.gz
- react-flow-renderer/10.3.10/nocss/esm/index.js.map.br
- react-flow-renderer/10.3.10/nocss/esm/index.js.map.gz
- react-flow-renderer/10.3.10/nocss/esm/index.min.js.br
- react-flow-renderer/10.3.10/nocss/esm/index.min.js.gz
- react-flow-renderer/10.3.10/nocss/esm/index2.js.br
- react-flow-renderer/10.3.10/nocss/esm/index2.js.gz
- react-flow-renderer/10.3.10/nocss/esm/index2.js.map.br
- react-flow-renderer/10.3.10/nocss/esm/index2.js.map.gz
- react-flow-renderer/10.3.10/nocss/esm/index2.min.js.br
- react-flow-renderer/10.3.10/nocss/esm/index2.min.js.gz
- react-flow-renderer/10.3.10/nocss/esm/index3.js.br
- react-flow-renderer/10.3.10/nocss/esm/index3.js.gz
- react-flow-renderer/10.3.10/nocss/esm/index3.js.map.br
- react-flow-renderer/10.3.10/nocss/esm/index3.js.map.gz
- react-flow-renderer/10.3.10/nocss/esm/index3.min.js.br
- react-flow-renderer/10.3.10/nocss/esm/index3.min.js.gz
- react-flow-renderer/10.3.10/nocss/esm/index4.js.br
- react-flow-renderer/10.3.10/nocss/esm/index4.js.gz
- react-flow-renderer/10.3.10/nocss/esm/index4.js.map.br
- react-flow-renderer/10.3.10/nocss/esm/index4.js.map.gz
- react-flow-renderer/10.3.10/nocss/esm/index4.min.js.br
- react-flow-renderer/10.3.10/nocss/esm/index4.min.js.gz
- react-flow-renderer/10.3.10/nocss/esm/useEdges-f7fc2ad6.js.br
- react-flow-renderer/10.3.10/nocss/esm/useEdges-f7fc2ad6.js.gz
- react-flow-renderer/10.3.10/nocss/esm/useEdges-f7fc2ad6.js.map.br
- react-flow-renderer/10.3.10/nocss/esm/useEdges-f7fc2ad6.js.map.gz
- react-flow-renderer/10.3.10/nocss/esm/useEdges-f7fc2ad6.min.js.br
- react-flow-renderer/10.3.10/nocss/esm/useEdges-f7fc2ad6.min.js.gz
- react-flow-renderer/10.3.10/nocss/esm/useEdges.js.br
- react-flow-renderer/10.3.10/nocss/esm/useEdges.js.gz
- react-flow-renderer/10.3.10/nocss/esm/useEdges.js.map.br
- react-flow-renderer/10.3.10/nocss/esm/useEdges.js.map.gz
- react-flow-renderer/10.3.10/nocss/esm/useEdges.min.js.br
- react-flow-renderer/10.3.10/nocss/esm/useEdges.min.js.gz
- react-flow-renderer/10.3.10/nocss/esm/useNodes-fac047b6.js.br
- react-flow-renderer/10.3.10/nocss/esm/useNodes-fac047b6.js.gz
- react-flow-renderer/10.3.10/nocss/esm/useNodes-fac047b6.js.map.br
- react-flow-renderer/10.3.10/nocss/esm/useNodes-fac047b6.js.map.gz
- react-flow-renderer/10.3.10/nocss/esm/useNodes-fac047b6.min.js.br
- react-flow-renderer/10.3.10/nocss/esm/useNodes-fac047b6.min.js.gz
- react-flow-renderer/10.3.10/nocss/esm/useNodes.js.br
- react-flow-renderer/10.3.10/nocss/esm/useNodes.js.gz
- react-flow-renderer/10.3.10/nocss/esm/useNodes.js.map.br
- react-flow-renderer/10.3.10/nocss/esm/useNodes.js.map.gz
- react-flow-renderer/10.3.10/nocss/esm/useNodes.min.js.br
- react-flow-renderer/10.3.10/nocss/esm/useNodes.min.js.gz
- react-flow-renderer/10.3.10/nocss/esm/useReactFlow-80f694cd.js.br
- react-flow-renderer/10.3.10/nocss/esm/useReactFlow-80f694cd.js.gz
- react-flow-renderer/10.3.10/nocss/esm/useReactFlow-80f694cd.js.map.br
- react-flow-renderer/10.3.10/nocss/esm/useReactFlow-80f694cd.js.map.gz
- react-flow-renderer/10.3.10/nocss/esm/useReactFlow-80f694cd.min.js.br
- react-flow-renderer/10.3.10/nocss/esm/useReactFlow-80f694cd.min.js.gz
- react-flow-renderer/10.3.10/nocss/esm/useReactFlow.js.br
- react-flow-renderer/10.3.10/nocss/esm/useReactFlow.js.gz
- react-flow-renderer/10.3.10/nocss/esm/useReactFlow.js.map.br
- react-flow-renderer/10.3.10/nocss/esm/useReactFlow.js.map.gz
- react-flow-renderer/10.3.10/nocss/esm/useReactFlow.min.js.br
- react-flow-renderer/10.3.10/nocss/esm/useReactFlow.min.js.gz
- react-flow-renderer/10.3.10/nocss/esm/useUpdateNodeInternals-4f18bcd6.js.br
- react-flow-renderer/10.3.10/nocss/esm/useUpdateNodeInternals-4f18bcd6.js.gz
- react-flow-renderer/10.3.10/nocss/esm/useUpdateNodeInternals-4f18bcd6.js.map.br
- react-flow-renderer/10.3.10/nocss/esm/useUpdateNodeInternals-4f18bcd6.js.map.gz
- react-flow-renderer/10.3.10/nocss/esm/useUpdateNodeInternals-4f18bcd6.min.js.br
- react-flow-renderer/10.3.10/nocss/esm/useUpdateNodeInternals-4f18bcd6.min.js.gz
- react-flow-renderer/10.3.10/nocss/esm/useUpdateNodeInternals.js.br
- react-flow-renderer/10.3.10/nocss/esm/useUpdateNodeInternals.js.gz
- react-flow-renderer/10.3.10/nocss/esm/useUpdateNodeInternals.js.map.br
- react-flow-renderer/10.3.10/nocss/esm/useUpdateNodeInternals.js.map.gz
- react-flow-renderer/10.3.10/nocss/esm/useUpdateNodeInternals.min.js.br
- react-flow-renderer/10.3.10/nocss/esm/useUpdateNodeInternals.min.js.gz
- react-flow-renderer/10.3.10/nocss/esm/useViewport-137a410c.js.br
- react-flow-renderer/10.3.10/nocss/esm/useViewport-137a410c.js.gz
- react-flow-renderer/10.3.10/nocss/esm/useViewport-137a410c.js.map.br
- react-flow-renderer/10.3.10/nocss/esm/useViewport-137a410c.js.map.gz
- react-flow-renderer/10.3.10/nocss/esm/useViewport-137a410c.min.js.br
- react-flow-renderer/10.3.10/nocss/esm/useViewport-137a410c.min.js.gz
- react-flow-renderer/10.3.10/nocss/esm/useViewport.js.br
- react-flow-renderer/10.3.10/nocss/esm/useViewport.js.gz
- react-flow-renderer/10.3.10/nocss/esm/useViewport.js.map.br
- react-flow-renderer/10.3.10/nocss/esm/useViewport.js.map.gz
- react-flow-renderer/10.3.10/nocss/esm/useViewport.min.js.br
- react-flow-renderer/10.3.10/nocss/esm/useViewport.min.js.gz
- react-flow-renderer/10.3.10/nocss/umd/index.js.br
- react-flow-renderer/10.3.10/nocss/umd/index.js.gz
- react-flow-renderer/10.3.10/nocss/umd/index.js.map.br
- react-flow-renderer/10.3.10/nocss/umd/index.js.map.gz
- react-flow-renderer/10.3.10/nocss/umd/index.min.js.br
- react-flow-renderer/10.3.10/nocss/umd/index.min.js.gz
- react-flow-renderer/10.3.10/style.css.br
- react-flow-renderer/10.3.10/style.css.gz
- react-flow-renderer/10.3.10/style.min.css.br
- react-flow-renderer/10.3.10/style.min.css.gz
- react-flow-renderer/10.3.10/theme-default.css.br
- react-flow-renderer/10.3.10/theme-default.css.gz
- react-flow-renderer/10.3.10/theme-default.min.css.br
- react-flow-renderer/10.3.10/theme-default.min.css.gz
- react-flow-renderer/10.3.10/umd/index.js.br
- react-flow-renderer/10.3.10/umd/index.js.gz
- react-flow-renderer/10.3.10/umd/index.js.map.br
- react-flow-renderer/10.3.10/umd/index.js.map.gz
- react-flow-renderer/10.3.10/umd/index.min.js.br
- react-flow-renderer/10.3.10/umd/index.min.js.gz