2025/06/16 20:23:46 optimizing files (Js true, Css true, Png true, Jpg true)
2025/06/16 20:23:46 /tmp/work/dist/Bacon.min.js is already compressed
2025/06/16 20:23:46 sri /tmp/work/dist/Bacon.min.js -> /output/Bacon.min.js.sri
2025/06/16 20:23:46 algorithm: run /usr/bin/brotli --quality=11 --output=/output/Bacon.min.js.br /tmp/work/dist/Bacon.min.js
2025/06/16 20:23:46 compress: run /node_modules/uglify-js/bin/uglifyjs (3.15.4) [--mangle --compress if_return=true -o /tmp/work/dist/Bacon.noAssert.min.js /tmp/work/dist/Bacon.noAssert.js]
2025/06/16 20:23:46 /tmp/work/dist/Bacon.min.js already has corresponding compressed file
2025/06/16 20:23:46 sri /tmp/work/dist/Bacon.js -> /output/Bacon.js.sri
2025/06/16 20:23:46 algorithm: run /usr/bin/brotli --quality=11 --output=/output/Bacon.js.br /tmp/work/dist/Bacon.js
2025/06/16 20:23:46 br /tmp/work/dist/Bacon.min.js -> /output/Bacon.min.js.br
2025/06/16 20:23:46 gz /tmp/work/dist/Bacon.min.js -> /output/Bacon.min.js.gz
2025/06/16 20:23:47 br /tmp/work/dist/Bacon.js -> /output/Bacon.js.br
2025/06/16 20:23:47 gz /tmp/work/dist/Bacon.js -> /output/Bacon.js.gz
2025/06/16 20:23:48 sri /tmp/work/dist/Bacon.noAssert.min.js -> /output/Bacon.noAssert.min.js.sri
2025/06/16 20:23:48 algorithm: run /usr/bin/brotli --quality=11 --output=/output/Bacon.noAssert.min.js.br /tmp/work/dist/Bacon.noAssert.min.js
2025/06/16 20:23:49 br /tmp/work/dist/Bacon.noAssert.min.js -> /output/Bacon.noAssert.min.js.br
2025/06/16 20:23:49 gz /tmp/work/dist/Bacon.noAssert.min.js -> /output/Bacon.noAssert.min.js.gz
2025/06/16 20:23:49 sri /tmp/work/dist/Bacon.noAssert.js -> /output/Bacon.noAssert.js.sri
2025/06/16 20:23:49 algorithm: run /usr/bin/brotli --quality=11 --output=/output/Bacon.noAssert.js.br /tmp/work/dist/Bacon.noAssert.js
2025/06/16 20:23:49 br /tmp/work/dist/Bacon.noAssert.js -> /output/Bacon.noAssert.js.br
2025/06/16 20:23:49 gz /tmp/work/dist/Bacon.noAssert.js -> /output/Bacon.noAssert.js.gz
2025/06/16 20:23:49 processed bacon.js
