config: {"authors":[{"name":"Harbour Enterprises"}],"autoupdate":{"source":"npm","target":"@harbour-enterprises/superdoc","fileMap":[{"basePath":"dist","files":["*.js","*.css"]}]},"description":"The modern collaborative document editor for the web","filename":"superdoc.umd.min.js","homepage":"https://superdoc.dev","keywords":["document","editor","collaborative","docx","pdf","word","real-time","collaboration","microsoft-word","document-editing","rich-text","text-editor","docx-rich-text-editor"],"license":"AGPL-3.0","name":"superdoc","repository":{"type":"git","url":"https://github.com/Harbour-Enterprises/SuperDoc"},"author":"Harbour Enterprises"}
KV keys:
- superdoc/0.14.9-next.9/style.css.br
- superdoc/0.14.9-next.9/style.css.gz
- superdoc/0.14.9-next.9/style.min.css.br
- superdoc/0.14.9-next.9/style.min.css.gz
- superdoc/0.14.9-next.9/super-editor.es.js.br
- superdoc/0.14.9-next.9/super-editor.es.js.gz
- superdoc/0.14.9-next.9/super-editor.es.min.js.br
- superdoc/0.14.9-next.9/super-editor.es.min.js.gz
- superdoc/0.14.9-next.9/superdoc.es.js.br
- superdoc/0.14.9-next.9/superdoc.es.js.gz
- superdoc/0.14.9-next.9/superdoc.umd.js.br
- superdoc/0.14.9-next.9/superdoc.umd.js.gz
- superdoc/0.14.9-next.9/superdoc.umd.min.js.br
- superdoc/0.14.9-next.9/superdoc.umd.min.js.gz
SRIs:
- superdoc/0.14.9-next.9/style.css: sha512-VL/f0AT3OBcMEO/x4HAjufuReyx8/3REGaXWBXZtNx/tSbe342dzj5KCXtkj3w/Ee3ORYKAMl/r2zB1y4O8F1Q==
- superdoc/0.14.9-next.9/style.min.css: sha512-XpjgwZUtfRjB4qeYeQQSw1b10VQLsScUuBbgczr3138NoxR1u2C9aMtPRjuntV4F+g6MTVCITVlOrVkUh5dGZQ==
- superdoc/0.14.9-next.9/super-editor.es.js: sha512-jY1A73L1S/ySAA77DPm/MT1vGRlbSdnagL2TuiKnqNUb612LnjZgB6dXVr5NhTMkHrfU2fofaD5V8y/Rj68v0Q==
- superdoc/0.14.9-next.9/super-editor.es.min.js: sha512-T4YT7QY7jqeCMuOe4BblUGALgSvURhSugx914M27ybEBBvzggaQk/AIBwqJPLxlm7XeHkPWYVBSeZy267btOHA==
- superdoc/0.14.9-next.9/superdoc.es.js: sha512-G47ZayaPJoZ4zGvDP4cBHOWMJIcQBjj+xCH9X9uAHRjaN2Yr1M/ep29EVXzNwogGe0qNR4AqgIpxKu5sT6yCbg==
- superdoc/0.14.9-next.9/superdoc.umd.js: sha512-0KcpPuNUi6sAByl31Ku2gEyZrIcxkt7wlmJK3VO9P96WCY7EMppa73FCUtb5v+JDU1srKiD1WXfZ5kH4yiAdVQ==
- superdoc/0.14.9-next.9/superdoc.umd.min.js: sha512-N8G0Rw8bSfRysfcR4az9P8QrClxAQ1x99xixkyEd6TmTrQV4WwnPRdqY2+AGc6Mmqzs+xFfmj6+RIo//PWd57A==
