Files:
- ruffle-rs/0.1.0-nightly.2025.1.31/96521452977da8c192f9.wasm.br
- ruffle-rs/0.1.0-nightly.2025.1.31/96521452977da8c192f9.wasm.gz
- ruffle-rs/0.1.0-nightly.2025.1.31/98f11a849a8f007b0aaf.wasm.br
- ruffle-rs/0.1.0-nightly.2025.1.31/98f11a849a8f007b0aaf.wasm.gz
- ruffle-rs/0.1.0-nightly.2025.1.31/core.ruffle.3ca69ff41f3f4b829d7f.js.br
- ruffle-rs/0.1.0-nightly.2025.1.31/core.ruffle.3ca69ff41f3f4b829d7f.js.gz
- ruffle-rs/0.1.0-nightly.2025.1.31/core.ruffle.3ca69ff41f3f4b829d7f.js.sri
- ruffle-rs/0.1.0-nightly.2025.1.31/core.ruffle.3ca69ff41f3f4b829d7f.min.js.br
- ruffle-rs/0.1.0-nightly.2025.1.31/core.ruffle.3ca69ff41f3f4b829d7f.min.js.gz
- ruffle-rs/0.1.0-nightly.2025.1.31/core.ruffle.3ca69ff41f3f4b829d7f.min.js.sri
- ruffle-rs/0.1.0-nightly.2025.1.31/core.ruffle.7c25f7584a670c6525e9.js.br
- ruffle-rs/0.1.0-nightly.2025.1.31/core.ruffle.7c25f7584a670c6525e9.js.gz
- ruffle-rs/0.1.0-nightly.2025.1.31/core.ruffle.7c25f7584a670c6525e9.js.sri
- ruffle-rs/0.1.0-nightly.2025.1.31/core.ruffle.7c25f7584a670c6525e9.min.js.br
- ruffle-rs/0.1.0-nightly.2025.1.31/core.ruffle.7c25f7584a670c6525e9.min.js.gz
- ruffle-rs/0.1.0-nightly.2025.1.31/core.ruffle.7c25f7584a670c6525e9.min.js.sri
- ruffle-rs/0.1.0-nightly.2025.1.31/ruffle.js.br
- ruffle-rs/0.1.0-nightly.2025.1.31/ruffle.js.gz
- ruffle-rs/0.1.0-nightly.2025.1.31/ruffle.js.sri
- ruffle-rs/0.1.0-nightly.2025.1.31/ruffle.min.js.br
- ruffle-rs/0.1.0-nightly.2025.1.31/ruffle.min.js.gz
- ruffle-rs/0.1.0-nightly.2025.1.31/ruffle.min.js.sri
