config: {"authors":[{"name":"Google Inc."}],"autoupdate":{"source":"npm","target":"@fontsource/lexend","fileMap":[{"basePath":"","files":["*.css","files/*.@(woff|woff2)"]}],"excludeFromSearch":true},"description":"Self-host the Lexend font in a neatly bundled NPM package.","filename":"index.css","homepage":"https://fontsource.org/fonts/lexend","keywords":["fontsource","font","font family","google fonts","lexend","Lexend","css","sass","front-end","web","typeface","variable"],"license":"OFL-1.1","name":"fontsource-lexend","repository":{"type":"git","url":"git+https://github.com/fontsource/font-files.git"},"author":"Google Inc."}
KV keys:
- fontsource-lexend/5.2.7/100.css.br
- fontsource-lexend/5.2.7/100.css.gz
- fontsource-lexend/5.2.7/100.min.css.br
- fontsource-lexend/5.2.7/100.min.css.gz
- fontsource-lexend/5.2.7/200.css.br
- fontsource-lexend/5.2.7/200.css.gz
- fontsource-lexend/5.2.7/200.min.css.br
- fontsource-lexend/5.2.7/200.min.css.gz
- fontsource-lexend/5.2.7/300.css.br
- fontsource-lexend/5.2.7/300.css.gz
- fontsource-lexend/5.2.7/300.min.css.br
- fontsource-lexend/5.2.7/300.min.css.gz
- fontsource-lexend/5.2.7/400.css.br
- fontsource-lexend/5.2.7/400.css.gz
- fontsource-lexend/5.2.7/400.min.css.br
- fontsource-lexend/5.2.7/400.min.css.gz
- fontsource-lexend/5.2.7/500.css.br
- fontsource-lexend/5.2.7/500.css.gz
- fontsource-lexend/5.2.7/500.min.css.br
- fontsource-lexend/5.2.7/500.min.css.gz
- fontsource-lexend/5.2.7/600.css.br
- fontsource-lexend/5.2.7/600.css.gz
- fontsource-lexend/5.2.7/600.min.css.br
- fontsource-lexend/5.2.7/600.min.css.gz
- fontsource-lexend/5.2.7/700.css.br
- fontsource-lexend/5.2.7/700.css.gz
- fontsource-lexend/5.2.7/700.min.css.br
- fontsource-lexend/5.2.7/700.min.css.gz
- fontsource-lexend/5.2.7/800.css.br
- fontsource-lexend/5.2.7/800.css.gz
- fontsource-lexend/5.2.7/800.min.css.br
- fontsource-lexend/5.2.7/800.min.css.gz
- fontsource-lexend/5.2.7/900.css.br
- fontsource-lexend/5.2.7/900.css.gz
- fontsource-lexend/5.2.7/900.min.css.br
- fontsource-lexend/5.2.7/900.min.css.gz
- fontsource-lexend/5.2.7/files/lexend-latin-100-normal.woff.br
- fontsource-lexend/5.2.7/files/lexend-latin-100-normal.woff.gz
- fontsource-lexend/5.2.7/files/lexend-latin-100-normal.woff2
- fontsource-lexend/5.2.7/files/lexend-latin-200-normal.woff.br
- fontsource-lexend/5.2.7/files/lexend-latin-200-normal.woff.gz
- fontsource-lexend/5.2.7/files/lexend-latin-200-normal.woff2
- fontsource-lexend/5.2.7/files/lexend-latin-300-normal.woff.br
- fontsource-lexend/5.2.7/files/lexend-latin-300-normal.woff.gz
- fontsource-lexend/5.2.7/files/lexend-latin-300-normal.woff2
- fontsource-lexend/5.2.7/files/lexend-latin-400-normal.woff.br
- fontsource-lexend/5.2.7/files/lexend-latin-400-normal.woff.gz
- fontsource-lexend/5.2.7/files/lexend-latin-400-normal.woff2
- fontsource-lexend/5.2.7/files/lexend-latin-500-normal.woff.br
- fontsource-lexend/5.2.7/files/lexend-latin-500-normal.woff.gz
- fontsource-lexend/5.2.7/files/lexend-latin-500-normal.woff2
- fontsource-lexend/5.2.7/files/lexend-latin-600-normal.woff.br
- fontsource-lexend/5.2.7/files/lexend-latin-600-normal.woff.gz
- fontsource-lexend/5.2.7/files/lexend-latin-600-normal.woff2
- fontsource-lexend/5.2.7/files/lexend-latin-700-normal.woff.br
- fontsource-lexend/5.2.7/files/lexend-latin-700-normal.woff.gz
- fontsource-lexend/5.2.7/files/lexend-latin-700-normal.woff2
- fontsource-lexend/5.2.7/files/lexend-latin-800-normal.woff.br
- fontsource-lexend/5.2.7/files/lexend-latin-800-normal.woff.gz
- fontsource-lexend/5.2.7/files/lexend-latin-800-normal.woff2
- fontsource-lexend/5.2.7/files/lexend-latin-900-normal.woff.br
- fontsource-lexend/5.2.7/files/lexend-latin-900-normal.woff.gz
- fontsource-lexend/5.2.7/files/lexend-latin-900-normal.woff2
- fontsource-lexend/5.2.7/files/lexend-latin-ext-100-normal.woff.br
- fontsource-lexend/5.2.7/files/lexend-latin-ext-100-normal.woff.gz
- fontsource-lexend/5.2.7/files/lexend-latin-ext-100-normal.woff2
- fontsource-lexend/5.2.7/files/lexend-latin-ext-200-normal.woff.br
- fontsource-lexend/5.2.7/files/lexend-latin-ext-200-normal.woff.gz
- fontsource-lexend/5.2.7/files/lexend-latin-ext-200-normal.woff2
- fontsource-lexend/5.2.7/files/lexend-latin-ext-300-normal.woff.br
- fontsource-lexend/5.2.7/files/lexend-latin-ext-300-normal.woff.gz
- fontsource-lexend/5.2.7/files/lexend-latin-ext-300-normal.woff2
- fontsource-lexend/5.2.7/files/lexend-latin-ext-400-normal.woff.br
- fontsource-lexend/5.2.7/files/lexend-latin-ext-400-normal.woff.gz
- fontsource-lexend/5.2.7/files/lexend-latin-ext-400-normal.woff2
- fontsource-lexend/5.2.7/files/lexend-latin-ext-500-normal.woff.br
- fontsource-lexend/5.2.7/files/lexend-latin-ext-500-normal.woff.gz
- fontsource-lexend/5.2.7/files/lexend-latin-ext-500-normal.woff2
- fontsource-lexend/5.2.7/files/lexend-latin-ext-600-normal.woff.br
- fontsource-lexend/5.2.7/files/lexend-latin-ext-600-normal.woff.gz
- fontsource-lexend/5.2.7/files/lexend-latin-ext-600-normal.woff2
- fontsource-lexend/5.2.7/files/lexend-latin-ext-700-normal.woff.br
- fontsource-lexend/5.2.7/files/lexend-latin-ext-700-normal.woff.gz
- fontsource-lexend/5.2.7/files/lexend-latin-ext-700-normal.woff2
- fontsource-lexend/5.2.7/files/lexend-latin-ext-800-normal.woff.br
- fontsource-lexend/5.2.7/files/lexend-latin-ext-800-normal.woff.gz
- fontsource-lexend/5.2.7/files/lexend-latin-ext-800-normal.woff2
- fontsource-lexend/5.2.7/files/lexend-latin-ext-900-normal.woff.br
- fontsource-lexend/5.2.7/files/lexend-latin-ext-900-normal.woff.gz
- fontsource-lexend/5.2.7/files/lexend-latin-ext-900-normal.woff2
- fontsource-lexend/5.2.7/files/lexend-vietnamese-100-normal.woff.br
- fontsource-lexend/5.2.7/files/lexend-vietnamese-100-normal.woff.gz
- fontsource-lexend/5.2.7/files/lexend-vietnamese-100-normal.woff2
- fontsource-lexend/5.2.7/files/lexend-vietnamese-200-normal.woff.br
- fontsource-lexend/5.2.7/files/lexend-vietnamese-200-normal.woff.gz
- fontsource-lexend/5.2.7/files/lexend-vietnamese-200-normal.woff2
- fontsource-lexend/5.2.7/files/lexend-vietnamese-300-normal.woff.br
- fontsource-lexend/5.2.7/files/lexend-vietnamese-300-normal.woff.gz
- fontsource-lexend/5.2.7/files/lexend-vietnamese-300-normal.woff2
- fontsource-lexend/5.2.7/files/lexend-vietnamese-400-normal.woff.br
- fontsource-lexend/5.2.7/files/lexend-vietnamese-400-normal.woff.gz
- fontsource-lexend/5.2.7/files/lexend-vietnamese-400-normal.woff2
- fontsource-lexend/5.2.7/files/lexend-vietnamese-500-normal.woff.br
- fontsource-lexend/5.2.7/files/lexend-vietnamese-500-normal.woff.gz
- fontsource-lexend/5.2.7/files/lexend-vietnamese-500-normal.woff2
- fontsource-lexend/5.2.7/files/lexend-vietnamese-600-normal.woff.br
- fontsource-lexend/5.2.7/files/lexend-vietnamese-600-normal.woff.gz
- fontsource-lexend/5.2.7/files/lexend-vietnamese-600-normal.woff2
- fontsource-lexend/5.2.7/files/lexend-vietnamese-700-normal.woff.br
- fontsource-lexend/5.2.7/files/lexend-vietnamese-700-normal.woff.gz
- fontsource-lexend/5.2.7/files/lexend-vietnamese-700-normal.woff2
- fontsource-lexend/5.2.7/files/lexend-vietnamese-800-normal.woff.br
- fontsource-lexend/5.2.7/files/lexend-vietnamese-800-normal.woff.gz
- fontsource-lexend/5.2.7/files/lexend-vietnamese-800-normal.woff2
- fontsource-lexend/5.2.7/files/lexend-vietnamese-900-normal.woff.br
- fontsource-lexend/5.2.7/files/lexend-vietnamese-900-normal.woff.gz
- fontsource-lexend/5.2.7/files/lexend-vietnamese-900-normal.woff2
- fontsource-lexend/5.2.7/index.css.br
- fontsource-lexend/5.2.7/index.css.gz
- fontsource-lexend/5.2.7/index.min.css.br
- fontsource-lexend/5.2.7/index.min.css.gz
- fontsource-lexend/5.2.7/latin-100.css.br
- fontsource-lexend/5.2.7/latin-100.css.gz
- fontsource-lexend/5.2.7/latin-100.min.css.br
- fontsource-lexend/5.2.7/latin-100.min.css.gz
- fontsource-lexend/5.2.7/latin-200.css.br
- fontsource-lexend/5.2.7/latin-200.css.gz
- fontsource-lexend/5.2.7/latin-200.min.css.br
- fontsource-lexend/5.2.7/latin-200.min.css.gz
- fontsource-lexend/5.2.7/latin-300.css.br
- fontsource-lexend/5.2.7/latin-300.css.gz
- fontsource-lexend/5.2.7/latin-300.min.css.br
- fontsource-lexend/5.2.7/latin-300.min.css.gz
- fontsource-lexend/5.2.7/latin-400.css.br
- fontsource-lexend/5.2.7/latin-400.css.gz
- fontsource-lexend/5.2.7/latin-400.min.css.br
- fontsource-lexend/5.2.7/latin-400.min.css.gz
- fontsource-lexend/5.2.7/latin-500.css.br
- fontsource-lexend/5.2.7/latin-500.css.gz
- fontsource-lexend/5.2.7/latin-500.min.css.br
- fontsource-lexend/5.2.7/latin-500.min.css.gz
- fontsource-lexend/5.2.7/latin-600.css.br
- fontsource-lexend/5.2.7/latin-600.css.gz
- fontsource-lexend/5.2.7/latin-600.min.css.br
- fontsource-lexend/5.2.7/latin-600.min.css.gz
- fontsource-lexend/5.2.7/latin-700.css.br
- fontsource-lexend/5.2.7/latin-700.css.gz
- fontsource-lexend/5.2.7/latin-700.min.css.br
- fontsource-lexend/5.2.7/latin-700.min.css.gz
- fontsource-lexend/5.2.7/latin-800.css.br
- fontsource-lexend/5.2.7/latin-800.css.gz
- fontsource-lexend/5.2.7/latin-800.min.css.br
- fontsource-lexend/5.2.7/latin-800.min.css.gz
- fontsource-lexend/5.2.7/latin-900.css.br
- fontsource-lexend/5.2.7/latin-900.css.gz
- fontsource-lexend/5.2.7/latin-900.min.css.br
- fontsource-lexend/5.2.7/latin-900.min.css.gz
- fontsource-lexend/5.2.7/latin-ext-100.css.br
- fontsource-lexend/5.2.7/latin-ext-100.css.gz
- fontsource-lexend/5.2.7/latin-ext-100.min.css.br
- fontsource-lexend/5.2.7/latin-ext-100.min.css.gz
- fontsource-lexend/5.2.7/latin-ext-200.css.br
- fontsource-lexend/5.2.7/latin-ext-200.css.gz
- fontsource-lexend/5.2.7/latin-ext-200.min.css.br
- fontsource-lexend/5.2.7/latin-ext-200.min.css.gz
- fontsource-lexend/5.2.7/latin-ext-300.css.br
- fontsource-lexend/5.2.7/latin-ext-300.css.gz
- fontsource-lexend/5.2.7/latin-ext-300.min.css.br
- fontsource-lexend/5.2.7/latin-ext-300.min.css.gz
- fontsource-lexend/5.2.7/latin-ext-400.css.br
- fontsource-lexend/5.2.7/latin-ext-400.css.gz
- fontsource-lexend/5.2.7/latin-ext-400.min.css.br
- fontsource-lexend/5.2.7/latin-ext-400.min.css.gz
- fontsource-lexend/5.2.7/latin-ext-500.css.br
- fontsource-lexend/5.2.7/latin-ext-500.css.gz
- fontsource-lexend/5.2.7/latin-ext-500.min.css.br
- fontsource-lexend/5.2.7/latin-ext-500.min.css.gz
- fontsource-lexend/5.2.7/latin-ext-600.css.br
- fontsource-lexend/5.2.7/latin-ext-600.css.gz
- fontsource-lexend/5.2.7/latin-ext-600.min.css.br
- fontsource-lexend/5.2.7/latin-ext-600.min.css.gz
- fontsource-lexend/5.2.7/latin-ext-700.css.br
- fontsource-lexend/5.2.7/latin-ext-700.css.gz
- fontsource-lexend/5.2.7/latin-ext-700.min.css.br
- fontsource-lexend/5.2.7/latin-ext-700.min.css.gz
- fontsource-lexend/5.2.7/latin-ext-800.css.br
- fontsource-lexend/5.2.7/latin-ext-800.css.gz
- fontsource-lexend/5.2.7/latin-ext-800.min.css.br
- fontsource-lexend/5.2.7/latin-ext-800.min.css.gz
- fontsource-lexend/5.2.7/latin-ext-900.css.br
- fontsource-lexend/5.2.7/latin-ext-900.css.gz
- fontsource-lexend/5.2.7/latin-ext-900.min.css.br
- fontsource-lexend/5.2.7/latin-ext-900.min.css.gz
- fontsource-lexend/5.2.7/latin-ext.css.br
- fontsource-lexend/5.2.7/latin-ext.css.gz
- fontsource-lexend/5.2.7/latin-ext.min.css.br
- fontsource-lexend/5.2.7/latin-ext.min.css.gz
- fontsource-lexend/5.2.7/latin.css.br
- fontsource-lexend/5.2.7/latin.css.gz
- fontsource-lexend/5.2.7/latin.min.css.br
- fontsource-lexend/5.2.7/latin.min.css.gz
- fontsource-lexend/5.2.7/vietnamese-100.css.br
- fontsource-lexend/5.2.7/vietnamese-100.css.gz
- fontsource-lexend/5.2.7/vietnamese-100.min.css.br
- fontsource-lexend/5.2.7/vietnamese-100.min.css.gz
- fontsource-lexend/5.2.7/vietnamese-200.css.br
- fontsource-lexend/5.2.7/vietnamese-200.css.gz
- fontsource-lexend/5.2.7/vietnamese-200.min.css.br
- fontsource-lexend/5.2.7/vietnamese-200.min.css.gz
- fontsource-lexend/5.2.7/vietnamese-300.css.br
- fontsource-lexend/5.2.7/vietnamese-300.css.gz
- fontsource-lexend/5.2.7/vietnamese-300.min.css.br
- fontsource-lexend/5.2.7/vietnamese-300.min.css.gz
- fontsource-lexend/5.2.7/vietnamese-400.css.br
- fontsource-lexend/5.2.7/vietnamese-400.css.gz
- fontsource-lexend/5.2.7/vietnamese-400.min.css.br
- fontsource-lexend/5.2.7/vietnamese-400.min.css.gz
- fontsource-lexend/5.2.7/vietnamese-500.css.br
- fontsource-lexend/5.2.7/vietnamese-500.css.gz
- fontsource-lexend/5.2.7/vietnamese-500.min.css.br
- fontsource-lexend/5.2.7/vietnamese-500.min.css.gz
- fontsource-lexend/5.2.7/vietnamese-600.css.br
- fontsource-lexend/5.2.7/vietnamese-600.css.gz
- fontsource-lexend/5.2.7/vietnamese-600.min.css.br
- fontsource-lexend/5.2.7/vietnamese-600.min.css.gz
- fontsource-lexend/5.2.7/vietnamese-700.css.br
- fontsource-lexend/5.2.7/vietnamese-700.css.gz
- fontsource-lexend/5.2.7/vietnamese-700.min.css.br
- fontsource-lexend/5.2.7/vietnamese-700.min.css.gz
- fontsource-lexend/5.2.7/vietnamese-800.css.br
- fontsource-lexend/5.2.7/vietnamese-800.css.gz
- fontsource-lexend/5.2.7/vietnamese-800.min.css.br
- fontsource-lexend/5.2.7/vietnamese-800.min.css.gz
- fontsource-lexend/5.2.7/vietnamese-900.css.br
- fontsource-lexend/5.2.7/vietnamese-900.css.gz
- fontsource-lexend/5.2.7/vietnamese-900.min.css.br
- fontsource-lexend/5.2.7/vietnamese-900.min.css.gz
- fontsource-lexend/5.2.7/vietnamese.css.br
- fontsource-lexend/5.2.7/vietnamese.css.gz
- fontsource-lexend/5.2.7/vietnamese.min.css.br
- fontsource-lexend/5.2.7/vietnamese.min.css.gz
SRIs:
- fontsource-lexend/5.2.7/latin-800.css: sha512-lQcVhQNNZBqpB2Mi7DNmup185dkdrbSnExhSyBNmslmLm5tvtjhVnNKBQxter7SL0Aj3pOLTm30sAIa6vg4gsQ==
- fontsource-lexend/5.2.7/latin-900.css: sha512-XnKBHaerJtfqTGxnXsRekestiRXXarZVNUknb9cj4Nwz0k3hOFGE1Ak2FbEVtSJ9Zu2Ub3t3NyHYcvwNO9amUg==
- fontsource-lexend/5.2.7/latin-ext-300.css: sha512-A7z5gIe2cr4xqN0XARX5nsUqpkGmhxhyCwHNjfB43DCzuHO23mz+Ktyc8EpQxs3k/2jyF2SN/b515ShFxsIsMg==
- fontsource-lexend/5.2.7/vietnamese-300.min.css: sha512-dhU6JVbUVGPq4R2fIApiQJrhyMFLyXsJAJtdL6AaqD7Eyr+96BdUPLFx+4pfzyMHkOk9PM/bSSTJNF2o7IdUig==
- fontsource-lexend/5.2.7/300.css: sha512-LyV3WcNkBeuWSpSZwn8oFcDNgsvHBaoaTBDiTQa/7qXoz3XaBFEVaTmmKTI/TvUX8gqF95YRqAFttImgUm2JIg==
- fontsource-lexend/5.2.7/latin-300.min.css: sha512-HNX3qf8CIHCg4L+KR+hBSP74i+zz074/zXVkO29iBticFNIpM42jOsOGHbUyZEaxok9wH2vjXdc97hryqoas5A==
- fontsource-lexend/5.2.7/700.min.css: sha512-u4XbPN7vLKFbfvyUKpdNt5LysQSsqupBLi0OPfB5pCXXRfu9VFPTvbV+asgWmZ9bBhc7380TXgRJdZ7JICh1Qg==
- fontsource-lexend/5.2.7/latin-ext-400.min.css: sha512-Bvt2wNVIaWT67JR3O5G7fJyV2Hed1/zByZlaPuwtEKMYKgxN5ampnxuf2bAEIx1usXhD9COANUAQZ3AMwKH9SQ==
- fontsource-lexend/5.2.7/latin-200.css: sha512-e/kE17ccI/v8S3tn9v5HkqQPpSRg0b7sPV2pPLiEXppqEguw7cFk2fNl3a8uCgcwuEHlY6OeY4F1dG2fIoAh6Q==
- fontsource-lexend/5.2.7/latin-ext-500.css: sha512-pyApp8gyFBYRo0BsDJyB0mUpxX2JnO+/h5vJ3BXncRBHhel8CdSMR14VjMGbs412u/gBvFP22y7CxvG/uoEGIw==
- fontsource-lexend/5.2.7/latin-100.min.css: sha512-O0kdksLqKuQIbEmR7jpdvfJ6+UJG//bdNLLYwyPcaYYXAA10ZDVh9gQA+NbzxNP0JVfmdkcHmhev0CnGoHRFSg==
- fontsource-lexend/5.2.7/latin-400.min.css: sha512-fSIUtNPwRZNegiqtu4X4Vqoa9U9/7RIY/xw5qk7CtQLEeebKy9LYSRdRqbaGGO2DkkD92PzMY2JgQyVVP8KxMw==
- fontsource-lexend/5.2.7/latin-700.min.css: sha512-vrvEH+76/f4Gfn1i1kIrBBqpxO9reyPqGD3FWOpwVocffmzFKMqlf5l0t6E9m0TdcSixRExnAwoa/Rugt7BNUQ==
- fontsource-lexend/5.2.7/latin-ext.css: sha512-xInn4uJsYNdUizSWFlEWgss2DZIlDf1LfkMus6Wqco/4sVSmmMBsLJe4AxcRAr5N6+dUdJCL+fFncMpsD/s7ww==
- fontsource-lexend/5.2.7/vietnamese-200.css: sha512-z2px3bv3MSFBVUv0jYvzYsQ9+AkRM+F8QpS9Dke9X9U2XwLc5NgXXSuyKrd7f2MpfawFy0RZNN70+Ta8bAD66g==
- fontsource-lexend/5.2.7/vietnamese-900.min.css: sha512-O6+ppp3qaRf9yxQ16wed22aR5d0RtYo5cvzPSIzopqCg6GLyq8Ny2KPiLfwuq9h6b2NC+M653xyRt4g/gXCy2g==
- fontsource-lexend/5.2.7/500.css: sha512-iznk5gujfnfyBnHBU9rqxiSF68qpb1MoffOhlDWnuGRYk+O9/RYkLyBQv3NVBpWruGn1V9cXfgso0n66owoAbg==
- fontsource-lexend/5.2.7/500.min.css: sha512-BgBkZ08ZjY8wUP7G/txtXeTVLLITYC/GB7WWJK+5xPWFzS5yV4H8lNnVatfwgFj8Iv+gy7tDFAaSbEUvJ2RWRQ==
- fontsource-lexend/5.2.7/latin-ext-200.min.css: sha512-pUol/dUhgBBUdNzVEnHJIcoXpQA+TBTKdGbal5H6r6MiSQsGlO3iixaPV1kTQ4EcnMNH4B8BaKKGUUeJa/7T8A==
- fontsource-lexend/5.2.7/latin-ext-300.min.css: sha512-xC3BZJDc6vKTuBDVj6Ofpzo2BDlV2JWC0oeUXqHCGjbtXH8SC/ipnHPBXJuihGMEC2fu0g7Ko93GWomLWlDqAw==
- fontsource-lexend/5.2.7/vietnamese-100.min.css: sha512-f/zWPUrQCZcNBlGCnQiYCLBgHZoWVtd9wIbV/lEUuPCWZRL2TRI8VW3LeULrlbChjk7zKTTjjxvwA8KQgGMEPg==
- fontsource-lexend/5.2.7/latin-400.css: sha512-f/WAiOkj43ent7ok747qeNQyzs5hRhca075i7k37xPMfS1hlU1JOkbjK50mGEf3nbFwL0acgnMq+gtY44m/x7w==
- fontsource-lexend/5.2.7/latin-600.css: sha512-lQhEXe93/LHg4qdcxnifJ7mX7rciD420CIdWgrWRFhSzJIqboYuoR6xC9DtAuS0uEzlQp7guxwP+j2VNtuGVfw==
- fontsource-lexend/5.2.7/vietnamese-900.css: sha512-ydHbqR6OnwprCaHoDi3QUVLbUUXCfN6z9uLGkdip3yaETV9O9rqAwvZ5uRTg0ta34XKYRZhaJ8nLj5DBjTOWyA==
- fontsource-lexend/5.2.7/latin-600.min.css: sha512-CpyNdsk9ltgJ5gYdRivRm6vEJ9TwIZcUqvuRMVS9GX+3vdesStQ73+PC/9elEFXhTHXnGKljdPOiTFIzwvDKYw==
- fontsource-lexend/5.2.7/latin-700.css: sha512-CnpUTeu21pCHXOCCpiLWKOKTMPMhkGPoi9vEpNqWbXU5/mmLssiJ528uugA3/OCVFcI9fNZMvnCDYTTobYpl8w==
- fontsource-lexend/5.2.7/latin-ext-800.css: sha512-g35u/RbyrF5j9vJuDCRnxkuDySaXeHtimDAJQKJgegdrItGv2m4PXjeWP3EXnLjoWp1s1/qfiFoMKhSvL+xBkg==
- fontsource-lexend/5.2.7/index.css: sha512-UQ2zdGkDRLu2JXj5OnnAYPbQcrNfRYAz2lWydqNFcEUDVeyAUp91dzEH9i7ijYjNSTPlppN+z8nURktJMMsDdQ==
- fontsource-lexend/5.2.7/latin-500.min.css: sha512-vVMyyQ9SRkAn/6IN8Pvjr3eQwuYszSrhydW3ohIWqbIoxZEh8ATBtYczM0hFOI/orc8780nKycVYJpUQOm8sXQ==
- fontsource-lexend/5.2.7/vietnamese-400.css: sha512-VCUXxuU3QpN8O/Gt6+OEnmfxufChg0KnWWCM1sC/UiiVBRnYqH5oxRKXjIvZrb2+9sqpdtP4Tzrbh834RpZarg==
- fontsource-lexend/5.2.7/vietnamese-500.css: sha512-6u7yYZ2kYt8cAE1b1ZSXoFkNFRE8BKE7AXSg9YrbCRApDlhEWEGh9GQeHR56AzofwVDYOtDdTXftWzdegvOP4g==
- fontsource-lexend/5.2.7/vietnamese.min.css: sha512-889eB4IYBHUjrzNn65P72+Qr4OEodhDPRqiMyDaiUlSZY+aVTgDdcnIpw4WOZDQhPd50AyFROXvs7K/daPzNFA==
- fontsource-lexend/5.2.7/800.css: sha512-3E3Ip4m9D0L2J+wky1VE07Sw2s+6CkbplBfp6Z+Xcw5I3bmeGzUVUegvEFVsktsG4oQUIqviRLaJ4R7Gd300bg==
- fontsource-lexend/5.2.7/900.css: sha512-lgIXPIIO5cG2Ya3KKu0RCZGXrcvba1SEhFpLTVIBPmYsXxcr+0bfPSUZek2NCOZ418B3FCQciTxD8ozigNDcOg==
- fontsource-lexend/5.2.7/latin-ext-600.css: sha512-glrs2VTWEwdamrDY4RKGsE1n17B9FIUj72JSS54GGxBnfAjP8caEig3DdMHJf61YLRcPx/7ezBAmAVPrvtuPjg==
- fontsource-lexend/5.2.7/latin-ext-600.min.css: sha512-v+feK/6uz2Oo4E5l5jzBsj7I+9tHv7jyT8ZiItwFwqW6kyrx19T7/bQ5ayG8rAPLPYlJvEbyM5AcFOdH08Hltg==
- fontsource-lexend/5.2.7/latin-ext-700.min.css: sha512-rio48lSWckn4GpybldVdGvYI2AG4WIPJF+QUXxXnYXNl2ZFr38aaPpg9cImfeDxsKG748erVbvfS2BLjwPemsQ==
- fontsource-lexend/5.2.7/latin-ext-900.css: sha512-UN0GGSkrcfRztgSl3lRMkeE5fTZDrbH75aZQrxjPiorBwurQcEedBEk4OlbEeCFguq6cyLSnJ1D4XTEAdIbGrQ==
- fontsource-lexend/5.2.7/latin.css: sha512-l3pAol2kh77bDiwa3mPs6VVLiGCRB9sm4aGJeDrnluYCb1VKHpsrK39a2c4DefQ5ObtsOmiz3qz6RPpBXuHtDA==
- fontsource-lexend/5.2.7/latin-800.min.css: sha512-9pBAfIbJVhTVka2WX4WkBevWrPasX6XyNBd4yyt5nQOBCBpJ9NDl7BbS5IceZO2MsSj0r+uCUd0IxUaeIbnpyg==
- fontsource-lexend/5.2.7/latin-ext-100.css: sha512-K2lc+i0Rzh7GCJH1GqSTxMZ8nSr11aOyvUzLLHsAV7spAYBBks2McmcGF1A4jJKWk7frHFBI1yhevlVrGp0jVw==
- fontsource-lexend/5.2.7/latin-200.min.css: sha512-Tptate9rpg6eHeNEi7kD3uQ01uHbPO/XuBjSoH4DuNSSG691lHEGFbl8DrJTjSuEKlsNsYZ7g4RyuAEm3IGkwA==
- fontsource-lexend/5.2.7/latin-ext-800.min.css: sha512-vlQ7xvVSTQA7Jw04C1UsnH9x2NNOiCDNOjIZFUfdvG9jPfQUotvhCmOo3fAMMIxu7EErEzydyMmKsK9Ymw7imQ==
- fontsource-lexend/5.2.7/vietnamese-200.min.css: sha512-K8S8EKK0Yqpy8jN1jPyzb17NVMPCPCfHsUHCVH6EkswQa5xYtqVuFwhJ28UiwscqIYHMlPzsihgv7FK++Ssg0A==
- fontsource-lexend/5.2.7/vietnamese-400.min.css: sha512-06T3/MlzhF5yhCFycnFHS5dHd8O6MBOsKLoLWTefla5kgIGv1RXFxFymct7xNzgL5XuTeqIRum+S8HkdRMcOYw==
- fontsource-lexend/5.2.7/100.css: sha512-dAdd2v2M0ucsXuwfZv/Ce1gCyaU0XZ3qItrzTUBB1a08Tbbga7hgpx8eWeFQAh21B8wVGY6WL7zL/Clt0/u7AQ==
- fontsource-lexend/5.2.7/latin-100.css: sha512-Uzd2vqc7pzPpimnwc5/TcBBnwwAbTCa+6Ydodf4LncUZO+bZZDUgut208AbfvhCw6HrIbDGDVRAwB34bec243A==
- fontsource-lexend/5.2.7/latin-ext-100.min.css: sha512-TI1DpNkZYOeXoW0Y+L8PXGYcKoIqA+LlORTToPy4Zcec32Ut62tfpcet2FfGqu3fIMhWWDgpHVGaDnn2Lg+J4w==
- fontsource-lexend/5.2.7/latin-ext-900.min.css: sha512-yxCT5tsLT4BHsnI3uG01wOmyLn6jZI39lKQqbRsV1VkenOBGLlsX1aVCTfCljdVlM2SszkGGWGEuwe+b2kLctw==
- fontsource-lexend/5.2.7/vietnamese-800.css: sha512-uq0M+gWozI4v2z8426K6UZvxIpGTVEikSqXFxZqWJBazRWc4kqRUhVLS1vZngNoHvl9KEDustw4XmVT8+seL/w==
- fontsource-lexend/5.2.7/300.min.css: sha512-btiI22o0k2/FIeuKXZQEYPW/9p0F4tlOGqo9bYuSMZAv4z9VyaQAD0gZyFr4k3WHetVWsXVNoeCXmi/pInowAQ==
- fontsource-lexend/5.2.7/latin-500.css: sha512-FLW4BFbdsRAyLlIZ9O+berwJFkszR05ImC+ufxU82nM1ZDiU1dA5JQjwGhePP7AMuZp2lkYA0Yo9I7kONBW3Kg==
- fontsource-lexend/5.2.7/600.css: sha512-k8PgMJcbWkTwXUTONSwGk2YMd0V0kraK5cWjKEiCWTJ6hNHyUsN65DQfPwd9maCnHnaQTle6L7ylnMyeJwtF3g==
- fontsource-lexend/5.2.7/800.min.css: sha512-fYVwnBbZe7xFnlQ1vCc3EkkymRtxWLHwV36DNPHhlID4k/Hy5OvNoGeUzhmY6ARhZqPADaCDLpwxShHkTDFMGw==
- fontsource-lexend/5.2.7/latin-900.min.css: sha512-aFs6JEumujwFFLWgT9loKhslJF3Ywtlw3X6B4yQ1abYJ+2d/0QVzxvqiNQ0FuhfVTRcvuHHXi4IbJRNdEdWkNw==
- fontsource-lexend/5.2.7/latin-ext-400.css: sha512-FsKMRJfpvlfTG1NDbMogeHbBmxZR5VZHE0qiX3Hh98eOIJwJnQJFm0z88Bhnjpn8glRRHKVj1YQL547vwjwnJg==
- fontsource-lexend/5.2.7/latin-ext-700.css: sha512-7U6gIMdDGm5pr93TIlDJlheofOVQp6BgCE7cPNiAol182BQnDMcYh+NpZFn0b6TH+H4OZ2HwmBG5WrLR4Xl/YQ==
- fontsource-lexend/5.2.7/vietnamese-500.min.css: sha512-OhFgYQ0XUh6D07sWGBJk+6jmHmtXoaTdLUmd4xDdToN/q5R/cwDetV7SapzPUgMKjRttb/UBAxH32vvslg2Jcw==
- fontsource-lexend/5.2.7/200.css: sha512-F0+77a+09c6Z3rMH6Km9U9QvlemxcwGcAb2CAH2eLXIms5j8UYq5Z7ltWVod3yW4n/ZK3IAN4Y1Iq3bIevJZEQ==
- fontsource-lexend/5.2.7/200.min.css: sha512-ZLeNGdP2jInivc6pMnENldaC2QY+KXW4mImzTn52+BVf8DC6g1MEAp/8NJp1BDmWLj1rDlhpe/qGCm+KrwxmLg==
- fontsource-lexend/5.2.7/latin-ext.min.css: sha512-Np2+dceC92IIV4PNH2TxvdYoAsW+O57BRojDEcDE521K6jIabFncJjfYZ7TO/Jb1AhAed6fvXjHNCTFFVYvPLw==
- fontsource-lexend/5.2.7/vietnamese-100.css: sha512-nr7lUQ5EgqVaKjEW7AwItbO6CAu7SNMd9ATxlHeW2J30OXh7oK8ivLScxbECloN18iPN6QhHDXqGguC/O8L7VQ==
- fontsource-lexend/5.2.7/vietnamese-700.css: sha512-oXYjRsI5XLUEfhQnP10CADzQbWm+2wLeQR8xxQNWmI/te35kXBLqgUIuGA+wI3xDQKzbq4eU9sP2rnBkAhwVkA==
- fontsource-lexend/5.2.7/400.min.css: sha512-kPHal8u23343+Fd0T+q0MEycV3FSNXcZVt6mnJYNPLQEBkw7sWkuNHkXL1OvYVWOggz1X+VhdJzvujoDuODxDg==
- fontsource-lexend/5.2.7/900.min.css: sha512-qEN7SMkcyD3on9QQXvuz7M59PJ2A0sjMndc5sQtMgrQashXF1euCpaU6YbSe5eNxV06uHB8C/nDck7YghW1TeQ==
- fontsource-lexend/5.2.7/700.css: sha512-JMSRc7u+Vz/GIbBExe5hQRGc2ysA6Dt3mmxO4YlR9V0LycR6s0HI1MbqB2pv5JljfTxzBr/8fhUVeO5uDk4IXQ==
- fontsource-lexend/5.2.7/index.min.css: sha512-kPHal8u23343+Fd0T+q0MEycV3FSNXcZVt6mnJYNPLQEBkw7sWkuNHkXL1OvYVWOggz1X+VhdJzvujoDuODxDg==
- fontsource-lexend/5.2.7/latin-300.css: sha512-IRfiRlJhZD3ltnPNm3TwNht2ELs8w4G06/tMVi2406c0nJYna+5GhEyzrM36GaIIRuiu6u/XgvyxTf9GXwOPng==
- fontsource-lexend/5.2.7/latin-ext-500.min.css: sha512-1kprPOt+guvwC8iBIVD6lk/3o5vZFmIVW/ZGN3ah2p8dDaDayoVllbwe1XiSnO9TxiEFyrKFvTrDA83lnuL6SA==
- fontsource-lexend/5.2.7/vietnamese-600.css: sha512-o76jl9EfhaqSUrub+Afiw5jXLAIgYeZGgaWceQLWiISyfOHBuDToDh/07lWtjZ6MaCvP6JJYp8JDKfkMB/MZJA==
- fontsource-lexend/5.2.7/100.min.css: sha512-d1iuXhXmnDlf4H1Djf45/ADNesqxurPHrll4R1dBX+MLTweXdOCSOqbrehga5959Rp8J+NzHCzn42WXFR+7YFw==
- fontsource-lexend/5.2.7/600.min.css: sha512-rwxBwOmeBjMbRGCzrTGPp14pyis9/BsI0s2Rljc9IrPyCHrZd3A8ySr70WkGldDiRYt7gUI8T7rNrA8PiI3mIw==
- fontsource-lexend/5.2.7/vietnamese-800.min.css: sha512-F3o6J7Y8rz2coNsstSr+G3epmVbpEk/2iWKOh0uE5Y8r6h5EYqem0x7la+yq2Qc4r4EWi3TrOc6IyhNfOB1BUg==
- fontsource-lexend/5.2.7/400.css: sha512-UQ2zdGkDRLu2JXj5OnnAYPbQcrNfRYAz2lWydqNFcEUDVeyAUp91dzEH9i7ijYjNSTPlppN+z8nURktJMMsDdQ==
- fontsource-lexend/5.2.7/latin.min.css: sha512-qXnQWBprNOr+zsJkpIGNXPRHBZovuHFvspzVnFeMUMliTsyi1IYjrSLXDxc2mCgXI3i3uMf7e/jCx7cbfE97Hw==
- fontsource-lexend/5.2.7/vietnamese-600.min.css: sha512-kjLa6sQO7UxtBHPRkM9PTtykCli0VUW6silcnRsWY+z8ArZNtNVZO5s3NZtM6559pPrXkdBrkUwGJB0ToZLABA==
- fontsource-lexend/5.2.7/vietnamese-700.min.css: sha512-14wmA3GsINlsfdtAaHHYcD61a0mVmh+ox7xHTM7J2F1WeFXAkyr3VJASgleovsl53XE/yy4/9f2JkK3sI1W9qQ==
- fontsource-lexend/5.2.7/vietnamese.css: sha512-4E4NH0H4TmXcEhSmtOlx6Zr8H7Fu8Zkx29AbCBkiEK3cJE1mgJhIsIawzxpm86S5tMrr9k+oJliagl/azTAfGg==
- fontsource-lexend/5.2.7/latin-ext-200.css: sha512-AaYgo9StWP4RR9j7EPmsTxqYS6eGcXhFPChNDaz+ki03KZVOW6vbm7CXRlxePH3l3TCOmT2D72+ZwFOv6ttGyg==
- fontsource-lexend/5.2.7/vietnamese-300.css: sha512-CDfxzQNjKHFEdjscV3qKPLcCHvM8U184ezWbD7MAkEOdve/bmtXXjHpAVT5agboYlPqIo37x8ELTke+99qwCDQ==
