config: {"authors":[{"name":"Cloudinary"}],"autoupdate":{"source":"npm","target":"cloudinary-video-player","fileMap":[{"basePath":"dist","files":["*.@(js|css)","fonts/*.svg"]}]},"description":"Cloudinary Video Player","filename":"cld-video-player.min.js","homepage":"https://github.com/cloudinary/cloudinary-video-player#readme","keywords":["hls","video","video-player"],"license":"MIT","name":"cloudinary-video-player","repository":{"type":"git","url":"https://github.com/cloudinary/cloudinary-video-player"},"author":"Cloudinary"}
KV keys:
- cloudinary-video-player/3.1.2-edge.1/adaptive-streaming.js.br
- cloudinary-video-player/3.1.2-edge.1/adaptive-streaming.js.gz
- cloudinary-video-player/3.1.2-edge.1/adaptive-streaming.min.js.br
- cloudinary-video-player/3.1.2-edge.1/adaptive-streaming.min.js.gz
- cloudinary-video-player/3.1.2-edge.1/chapters.js.br
- cloudinary-video-player/3.1.2-edge.1/chapters.js.gz
- cloudinary-video-player/3.1.2-edge.1/chapters.min.js.br
- cloudinary-video-player/3.1.2-edge.1/chapters.min.js.gz
- cloudinary-video-player/3.1.2-edge.1/cld-video-player.css.br
- cloudinary-video-player/3.1.2-edge.1/cld-video-player.css.gz
- cloudinary-video-player/3.1.2-edge.1/cld-video-player.js.br
- cloudinary-video-player/3.1.2-edge.1/cld-video-player.js.gz
- cloudinary-video-player/3.1.2-edge.1/cld-video-player.light.js.br
- cloudinary-video-player/3.1.2-edge.1/cld-video-player.light.js.gz
- cloudinary-video-player/3.1.2-edge.1/cld-video-player.light.min.js.br
- cloudinary-video-player/3.1.2-edge.1/cld-video-player.light.min.js.gz
- cloudinary-video-player/3.1.2-edge.1/cld-video-player.min.css.br
- cloudinary-video-player/3.1.2-edge.1/cld-video-player.min.css.gz
- cloudinary-video-player/3.1.2-edge.1/cld-video-player.min.js.br
- cloudinary-video-player/3.1.2-edge.1/cld-video-player.min.js.gz
- cloudinary-video-player/3.1.2-edge.1/colors.js.br
- cloudinary-video-player/3.1.2-edge.1/colors.js.gz
- cloudinary-video-player/3.1.2-edge.1/colors.min.js.br
- cloudinary-video-player/3.1.2-edge.1/colors.min.js.gz
- cloudinary-video-player/3.1.2-edge.1/dash.js.br
- cloudinary-video-player/3.1.2-edge.1/dash.js.gz
- cloudinary-video-player/3.1.2-edge.1/dash.min.js.br
- cloudinary-video-player/3.1.2-edge.1/dash.min.js.gz
- cloudinary-video-player/3.1.2-edge.1/debug.js.br
- cloudinary-video-player/3.1.2-edge.1/debug.js.gz
- cloudinary-video-player/3.1.2-edge.1/debug.min.js.br
- cloudinary-video-player/3.1.2-edge.1/debug.min.js.gz
- cloudinary-video-player/3.1.2-edge.1/ima.js.br
- cloudinary-video-player/3.1.2-edge.1/ima.js.gz
- cloudinary-video-player/3.1.2-edge.1/ima.min.js.br
- cloudinary-video-player/3.1.2-edge.1/ima.min.js.gz
- cloudinary-video-player/3.1.2-edge.1/interaction-areas.js.br
- cloudinary-video-player/3.1.2-edge.1/interaction-areas.js.gz
- cloudinary-video-player/3.1.2-edge.1/interaction-areas.min.js.br
- cloudinary-video-player/3.1.2-edge.1/interaction-areas.min.js.gz
- cloudinary-video-player/3.1.2-edge.1/node_modules_lodash_throttle_js.js.br
- cloudinary-video-player/3.1.2-edge.1/node_modules_lodash_throttle_js.js.gz
- cloudinary-video-player/3.1.2-edge.1/node_modules_lodash_throttle_js.min.js.br
- cloudinary-video-player/3.1.2-edge.1/node_modules_lodash_throttle_js.min.js.gz
- cloudinary-video-player/3.1.2-edge.1/playlist.js.br
- cloudinary-video-player/3.1.2-edge.1/playlist.js.gz
- cloudinary-video-player/3.1.2-edge.1/playlist.min.js.br
- cloudinary-video-player/3.1.2-edge.1/playlist.min.js.gz
- cloudinary-video-player/3.1.2-edge.1/recommendations-overlay.js.br
- cloudinary-video-player/3.1.2-edge.1/recommendations-overlay.js.gz
- cloudinary-video-player/3.1.2-edge.1/recommendations-overlay.min.js.br
- cloudinary-video-player/3.1.2-edge.1/recommendations-overlay.min.js.gz
- cloudinary-video-player/3.1.2-edge.1/shoppable.js.br
- cloudinary-video-player/3.1.2-edge.1/shoppable.js.gz
- cloudinary-video-player/3.1.2-edge.1/shoppable.min.js.br
- cloudinary-video-player/3.1.2-edge.1/shoppable.min.js.gz
- cloudinary-video-player/3.1.2-edge.1/srt-text-tracks.js.br
- cloudinary-video-player/3.1.2-edge.1/srt-text-tracks.js.gz
- cloudinary-video-player/3.1.2-edge.1/srt-text-tracks.min.js.br
- cloudinary-video-player/3.1.2-edge.1/srt-text-tracks.min.js.gz
- cloudinary-video-player/3.1.2-edge.1/visual-search.js.br
- cloudinary-video-player/3.1.2-edge.1/visual-search.js.gz
- cloudinary-video-player/3.1.2-edge.1/visual-search.min.js.br
- cloudinary-video-player/3.1.2-edge.1/visual-search.min.js.gz
SRIs:
- cloudinary-video-player/3.1.2-edge.1/chapters.js: sha512-noM/WwMb76eGz59n90BwhfkY+utPBVWSgjSrK7V6TA3yc06GIkjd+rPiBONvptls7oNadVMdpcwt6Ik3Ogs6Sg==
- cloudinary-video-player/3.1.2-edge.1/cld-video-player.min.js: sha512-r5rkYKBgtVl7rh+LBW1WP9oB743UJdBx6X2pRwTm3sdE1ngrfwHRoePTfvWFOY7bua9DVvyI+mpRyqIyJNK3fA==
- cloudinary-video-player/3.1.2-edge.1/node_modules_lodash_throttle_js.js: sha512-omoMkNE4LgznZBNTznFx8tvtl6vebODZIcqZ2cRUeCOh9n8YqockuU4Alsq2tuUxdnRyQ0iPeIiJCKqAWPCjiQ==
- cloudinary-video-player/3.1.2-edge.1/recommendations-overlay.js: sha512-yzFy2J1b7nqqYH3Nb23X/zaGQYMSRu3Xps2T9hKdXNieHf6Bin/NHaqCQrqBXMhNEPwg+DwJW/OssP1BzLrDsQ==
- cloudinary-video-player/3.1.2-edge.1/adaptive-streaming.js: sha512-MwL7LDjnCvgRE88o7WusR3gEbPefNPu4ZWBBof/X9fgtoljLRBiOi2K6Ec0VUIl7ZKS5Wr+RoKK50Z8WjieXLg==
- cloudinary-video-player/3.1.2-edge.1/cld-video-player.js: sha512-mj8xB8gSJktLp2iVwC2Ft6zLTuMcY4FidvgriQNx+X8vAfmQxHkLXEey9DVeJ/mCsb1maWCaUnOQBmaZxrzNxA==
- cloudinary-video-player/3.1.2-edge.1/debug.min.js: sha512-S9/KXtnA1caLzpoXCuVvJXMADds3Ny8M/csMj2hfENbVVsvrIz/xic+OwQ5aCDPD7H7WgNBi5tvSqzE1pG26aw==
- cloudinary-video-player/3.1.2-edge.1/ima.min.js: sha512-AH3eL9JYqJcDw9oFEA2dubFRgvux4iHwxK1vVGlzI5cittkiJhlKul0pUcyoveYSeyt5pzZCkPlE7DiGbXBm9w==
- cloudinary-video-player/3.1.2-edge.1/node_modules_lodash_throttle_js.min.js: sha512-ghowmoqIflxAhe2MdmGLSDn/BGkP4DwlWjJ0I4/0vLGK9zUlhFB9Zjnwg/DQazq5fhCYzNUhfNxccYeY0Qghpg==
- cloudinary-video-player/3.1.2-edge.1/interaction-areas.min.js: sha512-K7Ztsz5TWjh2sdnR4YAA/ckS5APzM/xpzXL5gkjj/FGXYf6oBIfvUx7mE4Xt0cXBC6fDVbHhxIXjwFHS2NTAzw==
- cloudinary-video-player/3.1.2-edge.1/recommendations-overlay.min.js: sha512-cG57LX5mfMVIqpQNZO+RvN5G2bcXHXwbg96m81pnLy3AvgDA/rTneHu48PLO8nNNeRI+WFqd5gFI8LmfLOsPQQ==
- cloudinary-video-player/3.1.2-edge.1/srt-text-tracks.min.js: sha512-F/KhHeZyjFGD05tTuI7iDTPjkbdBc0DA33yX8NcDYlzJx9Fq5mGHqjmADMsgY9dbqk28YQiR6LeZ7W7t0PHWYw==
- cloudinary-video-player/3.1.2-edge.1/visual-search.js: sha512-R9d5xlpq/X3XoPc1uMlylpPY5LJikvYOEzjVsgCcznCuCadVWfBvCt+CVCnum/sT195V9ci4Xz1d44rN0jFpmg==
- cloudinary-video-player/3.1.2-edge.1/cld-video-player.light.js: sha512-TDMQLiQfF91N2MAcHEoW35tHc/8xLe6AxbtdCK7Jlb8R1lVY9Sr8xKeKKzZImvWrB7DEm+qzWAAQKWXTWNeusg==
- cloudinary-video-player/3.1.2-edge.1/cld-video-player.light.min.js: sha512-E6deUhtDPa1ynAP7+ZNTxwtdPkxY3mjR+cMBxd+CUOLFc7WmgwCn76XomBkKJkoKz1AP7DNqYwkqcM3sqONIMw==
- cloudinary-video-player/3.1.2-edge.1/cld-video-player.min.css: sha512-psUuX6wWciLanRfRSXryeUpirZFEm88/l7Rgat8+MWsvidnIOKiJpJDnNRAx0xnapcMzh4dZ1GPhGpEq5gO/JA==
- cloudinary-video-player/3.1.2-edge.1/dash.min.js: sha512-ySMeX4s9xd3N8E5Mz4JhD+DpyqD6WQt/o9dpIQUfQ84Sy44UmRDpVL3gPoSjmGryq1ZFjy/u7OTf5KKsTl09Bg==
- cloudinary-video-player/3.1.2-edge.1/playlist.js: sha512-R5kDzYDKqxWw8S4yQtHovaAxHmQB5v3f3C9t8RH+t47iK8jEtRNxH9EodsVE/2GmM3lsJCSYI+4cWwKttV5nTw==
- cloudinary-video-player/3.1.2-edge.1/cld-video-player.css: sha512-JfWn7Sk1qJIU4aCtKrpl+YIlkBX6LZ0re1Gmgjd5IQIcxxCLKPHStlXNSglSGMCz2pf4MuVXQjN1ulredxf/rA==
- cloudinary-video-player/3.1.2-edge.1/colors.js: sha512-E2F0vGSw1y5aYSUqns+orCV9cDCd96giyKf8+wXYEWHdaI6arN0XyjwiUqsjGDM6X+WHurcCNnp+wBJN4LHziA==
- cloudinary-video-player/3.1.2-edge.1/ima.js: sha512-HbatsAvg9J2ZUZwJZTKRzUKpOtoZ+bGcrljdfRSbYTzQnQ8cWeyCaCKp7TIFmfLx2Hw23/C4mo5T9oH78ixxJw==
- cloudinary-video-player/3.1.2-edge.1/dash.js: sha512-iC+ws+KE1nAfrzhSZN7QFrhQMiutQQmFuxZ1rHoPD9nMx0MZmndIyAAlVh90d6QxlBwji7k2GaVSSkU5WUzC4w==
- cloudinary-video-player/3.1.2-edge.1/playlist.min.js: sha512-ktFzANRx4EjBKORXU3xh9kT4qD7YAcXn/O04QO2XRgah3t0Kbl1pk0NBSnGjTlV8A0CGsSTdxO6xiaqd/lyk/w==
- cloudinary-video-player/3.1.2-edge.1/srt-text-tracks.js: sha512-Qbqb9EGFuEtF4ox4sxspesgNSOq1KC8LXwsS6ot3Yfnm/GbpbkmwZLzdgX/HrrZ+R/l27LLZ6XiRYlDLs3iA8A==
- cloudinary-video-player/3.1.2-edge.1/visual-search.min.js: sha512-wOf/cElg3EKR31D8Qr5XvD8WCNSi8bIuF09BdNmvEwX81vIv0dnawK7XnmlmXoGGRSkvy0HSDvIkMTz89I/tcw==
- cloudinary-video-player/3.1.2-edge.1/adaptive-streaming.min.js: sha512-4yQh7bXDGkiurtvxR97504AeuxusGTNWJAXHV4LRgIFfO8C2T321VSJ1aFRmyjIjbNX/pm6FmG5YfwlrEY8UzQ==
- cloudinary-video-player/3.1.2-edge.1/chapters.min.js: sha512-Yf/K6sk5HmF57qSvh92Qvz6/ZK+uLGsIqqj5pwZfUh+vPwCM4S3B+bJjUY22D2kW/hIEUUFgtZJ2ZSTnM1kKXQ==
- cloudinary-video-player/3.1.2-edge.1/debug.js: sha512-PGFURD+TLZ1JhoW+XYHAeFo7JQnxwcNweqgH8CoQo7LfdEvnIj5rrZw70o+RwgiMfIKaSSB0Qq3EJmM51YN/RQ==
- cloudinary-video-player/3.1.2-edge.1/shoppable.js: sha512-+6dV0cL0MvjzrZgUJ4m2m2J0C9NawNMtYlDsNwqtVR2FTogvXYC7BPNe+blYP5HPi6VhQKDp9Isl+ogyLYau0Q==
- cloudinary-video-player/3.1.2-edge.1/shoppable.min.js: sha512-c5/oL715Fn4h8pNrrhnY98loio0kxvTDc1nYjbd5ihAbYEY0mAUV9Q8hYqbZsL2AJlu25g9CuzQkYadRdU/nCw==
- cloudinary-video-player/3.1.2-edge.1/colors.min.js: sha512-D7dtESTx01y8nF5nkDqI5Y/duv1KzsLOVJMPl6y/g3FTAHnFZCIMJDklTRT4x829yv9qiGPKNKpYqXblPxwqng==
- cloudinary-video-player/3.1.2-edge.1/interaction-areas.js: sha512-hmhnNsHRDy/JjEeBfIBP5GQxYNKdygzZvgatlcN/3rRlbr5LZX/J1y5uPiB0D5pWgPEUBjbSQBDBNoVjQsIPBw==
