- html-reporter/11.9.2/134.min.js.br
- html-reporter/11.9.2/134.min.js.gz
- html-reporter/11.9.2/164.min.js.br
- html-reporter/11.9.2/164.min.js.gz
- html-reporter/11.9.2/182.min.css.br
- html-reporter/11.9.2/182.min.css.gz
- html-reporter/11.9.2/182.min.js.br
- html-reporter/11.9.2/182.min.js.gz
- html-reporter/11.9.2/420.min.js.br
- html-reporter/11.9.2/420.min.js.gz
- html-reporter/11.9.2/490.min.js.br
- html-reporter/11.9.2/490.min.js.gz
- html-reporter/11.9.2/516.min.js.br
- html-reporter/11.9.2/516.min.js.gz
- html-reporter/11.9.2/580.min.css.br
- html-reporter/11.9.2/580.min.css.gz
- html-reporter/11.9.2/580.min.js.br
- html-reporter/11.9.2/580.min.js.gz
- html-reporter/11.9.2/613.min.js.br
- html-reporter/11.9.2/613.min.js.gz
- html-reporter/11.9.2/641.min.js.br
- html-reporter/11.9.2/641.min.js.gz
- html-reporter/11.9.2/741.min.js.br
- html-reporter/11.9.2/741.min.js.gz
- html-reporter/11.9.2/76.min.js.br
- html-reporter/11.9.2/76.min.js.gz
- html-reporter/11.9.2/794.min.css.br
- html-reporter/11.9.2/794.min.css.gz
- html-reporter/11.9.2/794.min.js.br
- html-reporter/11.9.2/794.min.js.gz
- html-reporter/11.9.2/899.min.js.br
- html-reporter/11.9.2/899.min.js.gz
- html-reporter/11.9.2/gui.min.css.br
- html-reporter/11.9.2/gui.min.css.gz
- html-reporter/11.9.2/gui.min.js.br
- html-reporter/11.9.2/gui.min.js.gz
- html-reporter/11.9.2/newGui.min.css.br
- html-reporter/11.9.2/newGui.min.css.gz
- html-reporter/11.9.2/newGui.min.js.br
- html-reporter/11.9.2/newGui.min.js.gz
- html-reporter/11.9.2/newReport.min.js.br
- html-reporter/11.9.2/newReport.min.js.gz
- html-reporter/11.9.2/report.min.css.br
- html-reporter/11.9.2/report.min.css.gz
- html-reporter/11.9.2/report.min.js.br
- html-reporter/11.9.2/report.min.js.gz
- html-reporter/11.9.2/search-worker.min.js.br
- html-reporter/11.9.2/search-worker.min.js.gz