Files:
- clerk-js/5.68.0-canary.v20250604151506/192_clerk.browser_40f36c_5.68.0-canary.v20250604151506.js.br
- clerk-js/5.68.0-canary.v20250604151506/192_clerk.browser_40f36c_5.68.0-canary.v20250604151506.js.gz
- clerk-js/5.68.0-canary.v20250604151506/192_clerk.browser_40f36c_5.68.0-canary.v20250604151506.js.sri
- clerk-js/5.68.0-canary.v20250604151506/192_clerk.browser_40f36c_5.68.0-canary.v20250604151506.min.js.br
- clerk-js/5.68.0-canary.v20250604151506/192_clerk.browser_40f36c_5.68.0-canary.v20250604151506.min.js.gz
- clerk-js/5.68.0-canary.v20250604151506/192_clerk.browser_40f36c_5.68.0-canary.v20250604151506.min.js.sri
- clerk-js/5.68.0-canary.v20250604151506/192_clerk.chips.browser_7d2ea2_5.68.0-canary.v20250604151506.js.br
- clerk-js/5.68.0-canary.v20250604151506/192_clerk.chips.browser_7d2ea2_5.68.0-canary.v20250604151506.js.gz
- clerk-js/5.68.0-canary.v20250604151506/192_clerk.chips.browser_7d2ea2_5.68.0-canary.v20250604151506.js.sri
- clerk-js/5.68.0-canary.v20250604151506/192_clerk.chips.browser_7d2ea2_5.68.0-canary.v20250604151506.min.js.br
- clerk-js/5.68.0-canary.v20250604151506/192_clerk.chips.browser_7d2ea2_5.68.0-canary.v20250604151506.min.js.gz
- clerk-js/5.68.0-canary.v20250604151506/192_clerk.chips.browser_7d2ea2_5.68.0-canary.v20250604151506.min.js.sri
- clerk-js/5.68.0-canary.v20250604151506/192_clerk.legacy.browser_aa4a7a_5.68.0-canary.v20250604151506.js.br
- clerk-js/5.68.0-canary.v20250604151506/192_clerk.legacy.browser_aa4a7a_5.68.0-canary.v20250604151506.js.gz
- clerk-js/5.68.0-canary.v20250604151506/192_clerk.legacy.browser_aa4a7a_5.68.0-canary.v20250604151506.js.sri
- clerk-js/5.68.0-canary.v20250604151506/192_clerk.legacy.browser_aa4a7a_5.68.0-canary.v20250604151506.min.js.br
- clerk-js/5.68.0-canary.v20250604151506/192_clerk.legacy.browser_aa4a7a_5.68.0-canary.v20250604151506.min.js.gz
- clerk-js/5.68.0-canary.v20250604151506/192_clerk.legacy.browser_aa4a7a_5.68.0-canary.v20250604151506.min.js.sri
- clerk-js/5.68.0-canary.v20250604151506/377_clerk.headless_b9dcec_5.68.0-canary.v20250604151506.js.br
- clerk-js/5.68.0-canary.v20250604151506/377_clerk.headless_b9dcec_5.68.0-canary.v20250604151506.js.gz
- clerk-js/5.68.0-canary.v20250604151506/377_clerk.headless_b9dcec_5.68.0-canary.v20250604151506.js.sri
- clerk-js/5.68.0-canary.v20250604151506/377_clerk.headless_b9dcec_5.68.0-canary.v20250604151506.min.js.br
- clerk-js/5.68.0-canary.v20250604151506/377_clerk.headless_b9dcec_5.68.0-canary.v20250604151506.min.js.gz
- clerk-js/5.68.0-canary.v20250604151506/377_clerk.headless_b9dcec_5.68.0-canary.v20250604151506.min.js.sri
- clerk-js/5.68.0-canary.v20250604151506/645_clerk.browser_40f36c_5.68.0-canary.v20250604151506.js.br
- clerk-js/5.68.0-canary.v20250604151506/645_clerk.browser_40f36c_5.68.0-canary.v20250604151506.js.gz
- clerk-js/5.68.0-canary.v20250604151506/645_clerk.browser_40f36c_5.68.0-canary.v20250604151506.js.sri
- clerk-js/5.68.0-canary.v20250604151506/645_clerk.browser_40f36c_5.68.0-canary.v20250604151506.min.js.br
- clerk-js/5.68.0-canary.v20250604151506/645_clerk.browser_40f36c_5.68.0-canary.v20250604151506.min.js.gz
- clerk-js/5.68.0-canary.v20250604151506/645_clerk.browser_40f36c_5.68.0-canary.v20250604151506.min.js.sri
- clerk-js/5.68.0-canary.v20250604151506/645_clerk.chips.browser_7d2ea2_5.68.0-canary.v20250604151506.js.br
- clerk-js/5.68.0-canary.v20250604151506/645_clerk.chips.browser_7d2ea2_5.68.0-canary.v20250604151506.js.gz
- clerk-js/5.68.0-canary.v20250604151506/645_clerk.chips.browser_7d2ea2_5.68.0-canary.v20250604151506.js.sri
- clerk-js/5.68.0-canary.v20250604151506/645_clerk.chips.browser_7d2ea2_5.68.0-canary.v20250604151506.min.js.br
- clerk-js/5.68.0-canary.v20250604151506/645_clerk.chips.browser_7d2ea2_5.68.0-canary.v20250604151506.min.js.gz
- clerk-js/5.68.0-canary.v20250604151506/645_clerk.chips.browser_7d2ea2_5.68.0-canary.v20250604151506.min.js.sri
- clerk-js/5.68.0-canary.v20250604151506/645_clerk.legacy.browser_aa4a7a_5.68.0-canary.v20250604151506.js.br
- clerk-js/5.68.0-canary.v20250604151506/645_clerk.legacy.browser_aa4a7a_5.68.0-canary.v20250604151506.js.gz
- clerk-js/5.68.0-canary.v20250604151506/645_clerk.legacy.browser_aa4a7a_5.68.0-canary.v20250604151506.js.sri
- clerk-js/5.68.0-canary.v20250604151506/645_clerk.legacy.browser_aa4a7a_5.68.0-canary.v20250604151506.min.js.br
- clerk-js/5.68.0-canary.v20250604151506/645_clerk.legacy.browser_aa4a7a_5.68.0-canary.v20250604151506.min.js.gz
- clerk-js/5.68.0-canary.v20250604151506/645_clerk.legacy.browser_aa4a7a_5.68.0-canary.v20250604151506.min.js.sri
- clerk-js/5.68.0-canary.v20250604151506/66_clerk.browser_40f36c_5.68.0-canary.v20250604151506.js.br
- clerk-js/5.68.0-canary.v20250604151506/66_clerk.browser_40f36c_5.68.0-canary.v20250604151506.js.gz
- clerk-js/5.68.0-canary.v20250604151506/66_clerk.browser_40f36c_5.68.0-canary.v20250604151506.js.sri
- clerk-js/5.68.0-canary.v20250604151506/66_clerk.browser_40f36c_5.68.0-canary.v20250604151506.min.js.br
- clerk-js/5.68.0-canary.v20250604151506/66_clerk.browser_40f36c_5.68.0-canary.v20250604151506.min.js.gz
- clerk-js/5.68.0-canary.v20250604151506/66_clerk.browser_40f36c_5.68.0-canary.v20250604151506.min.js.sri
- clerk-js/5.68.0-canary.v20250604151506/66_clerk.chips.browser_7d2ea2_5.68.0-canary.v20250604151506.js.br
- clerk-js/5.68.0-canary.v20250604151506/66_clerk.chips.browser_7d2ea2_5.68.0-canary.v20250604151506.js.gz
- clerk-js/5.68.0-canary.v20250604151506/66_clerk.chips.browser_7d2ea2_5.68.0-canary.v20250604151506.js.sri
- clerk-js/5.68.0-canary.v20250604151506/66_clerk.chips.browser_7d2ea2_5.68.0-canary.v20250604151506.min.js.br
- clerk-js/5.68.0-canary.v20250604151506/66_clerk.chips.browser_7d2ea2_5.68.0-canary.v20250604151506.min.js.gz
- clerk-js/5.68.0-canary.v20250604151506/66_clerk.chips.browser_7d2ea2_5.68.0-canary.v20250604151506.min.js.sri
- clerk-js/5.68.0-canary.v20250604151506/66_clerk.legacy.browser_aa4a7a_5.68.0-canary.v20250604151506.js.br
- clerk-js/5.68.0-canary.v20250604151506/66_clerk.legacy.browser_aa4a7a_5.68.0-canary.v20250604151506.js.gz
- clerk-js/5.68.0-canary.v20250604151506/66_clerk.legacy.browser_aa4a7a_5.68.0-canary.v20250604151506.js.sri
- clerk-js/5.68.0-canary.v20250604151506/66_clerk.legacy.browser_aa4a7a_5.68.0-canary.v20250604151506.min.js.br
- clerk-js/5.68.0-canary.v20250604151506/66_clerk.legacy.browser_aa4a7a_5.68.0-canary.v20250604151506.min.js.gz
- clerk-js/5.68.0-canary.v20250604151506/66_clerk.legacy.browser_aa4a7a_5.68.0-canary.v20250604151506.min.js.sri
- clerk-js/5.68.0-canary.v20250604151506/890_clerk.headless_b9dcec_5.68.0-canary.v20250604151506.js.br
- clerk-js/5.68.0-canary.v20250604151506/890_clerk.headless_b9dcec_5.68.0-canary.v20250604151506.js.gz
- clerk-js/5.68.0-canary.v20250604151506/890_clerk.headless_b9dcec_5.68.0-canary.v20250604151506.js.sri
- clerk-js/5.68.0-canary.v20250604151506/890_clerk.headless_b9dcec_5.68.0-canary.v20250604151506.min.js.br
- clerk-js/5.68.0-canary.v20250604151506/890_clerk.headless_b9dcec_5.68.0-canary.v20250604151506.min.js.gz
- clerk-js/5.68.0-canary.v20250604151506/890_clerk.headless_b9dcec_5.68.0-canary.v20250604151506.min.js.sri
- clerk-js/5.68.0-canary.v20250604151506/965_clerk.headless_b9dcec_5.68.0-canary.v20250604151506.js.br
- clerk-js/5.68.0-canary.v20250604151506/965_clerk.headless_b9dcec_5.68.0-canary.v20250604151506.js.gz
- clerk-js/5.68.0-canary.v20250604151506/965_clerk.headless_b9dcec_5.68.0-canary.v20250604151506.js.sri
- clerk-js/5.68.0-canary.v20250604151506/965_clerk.headless_b9dcec_5.68.0-canary.v20250604151506.min.js.br
- clerk-js/5.68.0-canary.v20250604151506/965_clerk.headless_b9dcec_5.68.0-canary.v20250604151506.min.js.gz
- clerk-js/5.68.0-canary.v20250604151506/965_clerk.headless_b9dcec_5.68.0-canary.v20250604151506.min.js.sri
- clerk-js/5.68.0-canary.v20250604151506/blankcaptcha_clerk.browser_40f36c_5.68.0-canary.v20250604151506.js.br
- clerk-js/5.68.0-canary.v20250604151506/blankcaptcha_clerk.browser_40f36c_5.68.0-canary.v20250604151506.js.gz
- clerk-js/5.68.0-canary.v20250604151506/blankcaptcha_clerk.browser_40f36c_5.68.0-canary.v20250604151506.js.sri
- clerk-js/5.68.0-canary.v20250604151506/blankcaptcha_clerk.browser_40f36c_5.68.0-canary.v20250604151506.min.js.br
- clerk-js/5.68.0-canary.v20250604151506/blankcaptcha_clerk.browser_40f36c_5.68.0-canary.v20250604151506.min.js.gz
- clerk-js/5.68.0-canary.v20250604151506/blankcaptcha_clerk.browser_40f36c_5.68.0-canary.v20250604151506.min.js.sri
- clerk-js/5.68.0-canary.v20250604151506/blankcaptcha_clerk.chips.browser_7d2ea2_5.68.0-canary.v20250604151506.js.br
- clerk-js/5.68.0-canary.v20250604151506/blankcaptcha_clerk.chips.browser_7d2ea2_5.68.0-canary.v20250604151506.js.gz
- clerk-js/5.68.0-canary.v20250604151506/blankcaptcha_clerk.chips.browser_7d2ea2_5.68.0-canary.v20250604151506.js.sri
- clerk-js/5.68.0-canary.v20250604151506/blankcaptcha_clerk.chips.browser_7d2ea2_5.68.0-canary.v20250604151506.min.js.br
- clerk-js/5.68.0-canary.v20250604151506/blankcaptcha_clerk.chips.browser_7d2ea2_5.68.0-canary.v20250604151506.min.js.gz
- clerk-js/5.68.0-canary.v20250604151506/blankcaptcha_clerk.chips.browser_7d2ea2_5.68.0-canary.v20250604151506.min.js.sri
- clerk-js/5.68.0-canary.v20250604151506/blankcaptcha_clerk.legacy.browser_aa4a7a_5.68.0-canary.v20250604151506.js.br
- clerk-js/5.68.0-canary.v20250604151506/blankcaptcha_clerk.legacy.browser_aa4a7a_5.68.0-canary.v20250604151506.js.gz
- clerk-js/5.68.0-canary.v20250604151506/blankcaptcha_clerk.legacy.browser_aa4a7a_5.68.0-canary.v20250604151506.js.sri
- clerk-js/5.68.0-canary.v20250604151506/blankcaptcha_clerk.legacy.browser_aa4a7a_5.68.0-canary.v20250604151506.min.js.br
- clerk-js/5.68.0-canary.v20250604151506/blankcaptcha_clerk.legacy.browser_aa4a7a_5.68.0-canary.v20250604151506.min.js.gz
- clerk-js/5.68.0-canary.v20250604151506/blankcaptcha_clerk.legacy.browser_aa4a7a_5.68.0-canary.v20250604151506.min.js.sri
- clerk-js/5.68.0-canary.v20250604151506/checkout_clerk.browser_40f36c_5.68.0-canary.v20250604151506.js.br
- clerk-js/5.68.0-canary.v20250604151506/checkout_clerk.browser_40f36c_5.68.0-canary.v20250604151506.js.gz
- clerk-js/5.68.0-canary.v20250604151506/checkout_clerk.browser_40f36c_5.68.0-canary.v20250604151506.js.sri
- clerk-js/5.68.0-canary.v20250604151506/checkout_clerk.browser_40f36c_5.68.0-canary.v20250604151506.min.js.br
- clerk-js/5.68.0-canary.v20250604151506/checkout_clerk.browser_40f36c_5.68.0-canary.v20250604151506.min.js.gz
- clerk-js/5.68.0-canary.v20250604151506/checkout_clerk.browser_40f36c_5.68.0-canary.v20250604151506.min.js.sri
- clerk-js/5.68.0-canary.v20250604151506/checkout_clerk.chips.browser_7d2ea2_5.68.0-canary.v20250604151506.js.br
- clerk-js/5.68.0-canary.v20250604151506/checkout_clerk.chips.browser_7d2ea2_5.68.0-canary.v20250604151506.js.gz
- clerk-js/5.68.0-canary.v20250604151506/checkout_clerk.chips.browser_7d2ea2_5.68.0-canary.v20250604151506.js.sri
- clerk-js/5.68.0-canary.v20250604151506/checkout_clerk.chips.browser_7d2ea2_5.68.0-canary.v20250604151506.min.js.br
- clerk-js/5.68.0-canary.v20250604151506/checkout_clerk.chips.browser_7d2ea2_5.68.0-canary.v20250604151506.min.js.gz
- clerk-js/5.68.0-canary.v20250604151506/checkout_clerk.chips.browser_7d2ea2_5.68.0-canary.v20250604151506.min.js.sri
- clerk-js/5.68.0-canary.v20250604151506/checkout_clerk.legacy.browser_aa4a7a_5.68.0-canary.v20250604151506.js.br
- clerk-js/5.68.0-canary.v20250604151506/checkout_clerk.legacy.browser_aa4a7a_5.68.0-canary.v20250604151506.js.gz
- clerk-js/5.68.0-canary.v20250604151506/checkout_clerk.legacy.browser_aa4a7a_5.68.0-canary.v20250604151506.js.sri
- clerk-js/5.68.0-canary.v20250604151506/checkout_clerk.legacy.browser_aa4a7a_5.68.0-canary.v20250604151506.min.js.br
- clerk-js/5.68.0-canary.v20250604151506/checkout_clerk.legacy.browser_aa4a7a_5.68.0-canary.v20250604151506.min.js.gz
- clerk-js/5.68.0-canary.v20250604151506/checkout_clerk.legacy.browser_aa4a7a_5.68.0-canary.v20250604151506.min.js.sri
- clerk-js/5.68.0-canary.v20250604151506/clerk.browser.js.br
- clerk-js/5.68.0-canary.v20250604151506/clerk.browser.js.gz
- clerk-js/5.68.0-canary.v20250604151506/clerk.browser.js.sri
- clerk-js/5.68.0-canary.v20250604151506/clerk.browser.min.js.br
- clerk-js/5.68.0-canary.v20250604151506/clerk.browser.min.js.gz
- clerk-js/5.68.0-canary.v20250604151506/clerk.browser.min.js.sri
- clerk-js/5.68.0-canary.v20250604151506/clerk.chips.browser.js.br
- clerk-js/5.68.0-canary.v20250604151506/clerk.chips.browser.js.gz
- clerk-js/5.68.0-canary.v20250604151506/clerk.chips.browser.js.sri
- clerk-js/5.68.0-canary.v20250604151506/clerk.chips.browser.min.js.br
- clerk-js/5.68.0-canary.v20250604151506/clerk.chips.browser.min.js.gz
- clerk-js/5.68.0-canary.v20250604151506/clerk.chips.browser.min.js.sri
- clerk-js/5.68.0-canary.v20250604151506/clerk.headless.browser.js.br
- clerk-js/5.68.0-canary.v20250604151506/clerk.headless.browser.js.gz
- clerk-js/5.68.0-canary.v20250604151506/clerk.headless.browser.js.sri
- clerk-js/5.68.0-canary.v20250604151506/clerk.headless.browser.min.js.br
- clerk-js/5.68.0-canary.v20250604151506/clerk.headless.browser.min.js.gz
- clerk-js/5.68.0-canary.v20250604151506/clerk.headless.browser.min.js.sri
- clerk-js/5.68.0-canary.v20250604151506/clerk.headless.js.br
- clerk-js/5.68.0-canary.v20250604151506/clerk.headless.js.gz
- clerk-js/5.68.0-canary.v20250604151506/clerk.headless.js.sri
- clerk-js/5.68.0-canary.v20250604151506/clerk.headless.min.js.br
- clerk-js/5.68.0-canary.v20250604151506/clerk.headless.min.js.gz
- clerk-js/5.68.0-canary.v20250604151506/clerk.headless.min.js.sri
- clerk-js/5.68.0-canary.v20250604151506/clerk.js.br
- clerk-js/5.68.0-canary.v20250604151506/clerk.js.gz
- clerk-js/5.68.0-canary.v20250604151506/clerk.js.sri
- clerk-js/5.68.0-canary.v20250604151506/clerk.legacy.browser.js.br
- clerk-js/5.68.0-canary.v20250604151506/clerk.legacy.browser.js.gz
- clerk-js/5.68.0-canary.v20250604151506/clerk.legacy.browser.js.sri
- clerk-js/5.68.0-canary.v20250604151506/clerk.legacy.browser.min.js.br
- clerk-js/5.68.0-canary.v20250604151506/clerk.legacy.browser.min.js.gz
- clerk-js/5.68.0-canary.v20250604151506/clerk.legacy.browser.min.js.sri
- clerk-js/5.68.0-canary.v20250604151506/clerk.min.js.br
- clerk-js/5.68.0-canary.v20250604151506/clerk.min.js.gz
- clerk-js/5.68.0-canary.v20250604151506/clerk.min.js.sri
- clerk-js/5.68.0-canary.v20250604151506/clerk.mjs.br
- clerk-js/5.68.0-canary.v20250604151506/clerk.mjs.gz
- clerk-js/5.68.0-canary.v20250604151506/clerk.no-rhc.js.br
- clerk-js/5.68.0-canary.v20250604151506/clerk.no-rhc.js.gz
- clerk-js/5.68.0-canary.v20250604151506/clerk.no-rhc.js.sri
- clerk-js/5.68.0-canary.v20250604151506/clerk.no-rhc.min.js.br
- clerk-js/5.68.0-canary.v20250604151506/clerk.no-rhc.min.js.gz
- clerk-js/5.68.0-canary.v20250604151506/clerk.no-rhc.min.js.sri
- clerk-js/5.68.0-canary.v20250604151506/clerk.no-rhc.mjs.br
- clerk-js/5.68.0-canary.v20250604151506/clerk.no-rhc.mjs.gz
- clerk-js/5.68.0-canary.v20250604151506/coinbase-wallet-sdk_clerk.browser_40f36c_5.68.0-canary.v20250604151506.js.br
- clerk-js/5.68.0-canary.v20250604151506/coinbase-wallet-sdk_clerk.browser_40f36c_5.68.0-canary.v20250604151506.js.gz
- clerk-js/5.68.0-canary.v20250604151506/coinbase-wallet-sdk_clerk.browser_40f36c_5.68.0-canary.v20250604151506.js.sri
- clerk-js/5.68.0-canary.v20250604151506/coinbase-wallet-sdk_clerk.browser_40f36c_5.68.0-canary.v20250604151506.min.js.br
- clerk-js/5.68.0-canary.v20250604151506/coinbase-wallet-sdk_clerk.browser_40f36c_5.68.0-canary.v20250604151506.min.js.gz
- clerk-js/5.68.0-canary.v20250604151506/coinbase-wallet-sdk_clerk.browser_40f36c_5.68.0-canary.v20250604151506.min.js.sri
- clerk-js/5.68.0-canary.v20250604151506/coinbase-wallet-sdk_clerk.chips.browser_7d2ea2_5.68.0-canary.v20250604151506.js.br
- clerk-js/5.68.0-canary.v20250604151506/coinbase-wallet-sdk_clerk.chips.browser_7d2ea2_5.68.0-canary.v20250604151506.js.gz
- clerk-js/5.68.0-canary.v20250604151506/coinbase-wallet-sdk_clerk.chips.browser_7d2ea2_5.68.0-canary.v20250604151506.js.sri
- clerk-js/5.68.0-canary.v20250604151506/coinbase-wallet-sdk_clerk.chips.browser_7d2ea2_5.68.0-canary.v20250604151506.min.js.br
- clerk-js/5.68.0-canary.v20250604151506/coinbase-wallet-sdk_clerk.chips.browser_7d2ea2_5.68.0-canary.v20250604151506.min.js.gz
- clerk-js/5.68.0-canary.v20250604151506/coinbase-wallet-sdk_clerk.chips.browser_7d2ea2_5.68.0-canary.v20250604151506.min.js.sri
- clerk-js/5.68.0-canary.v20250604151506/coinbase-wallet-sdk_clerk.headless.browser_b78311_5.68.0-canary.v20250604151506.js.br
- clerk-js/5.68.0-canary.v20250604151506/coinbase-wallet-sdk_clerk.headless.browser_b78311_5.68.0-canary.v20250604151506.js.gz
- clerk-js/5.68.0-canary.v20250604151506/coinbase-wallet-sdk_clerk.headless.browser_b78311_5.68.0-canary.v20250604151506.js.sri
- clerk-js/5.68.0-canary.v20250604151506/coinbase-wallet-sdk_clerk.headless.browser_b78311_5.68.0-canary.v20250604151506.min.js.br
- clerk-js/5.68.0-canary.v20250604151506/coinbase-wallet-sdk_clerk.headless.browser_b78311_5.68.0-canary.v20250604151506.min.js.gz
- clerk-js/5.68.0-canary.v20250604151506/coinbase-wallet-sdk_clerk.headless.browser_b78311_5.68.0-canary.v20250604151506.min.js.sri
- clerk-js/5.68.0-canary.v20250604151506/coinbase-wallet-sdk_clerk.legacy.browser_aa4a7a_5.68.0-canary.v20250604151506.js.br
- clerk-js/5.68.0-canary.v20250604151506/coinbase-wallet-sdk_clerk.legacy.browser_aa4a7a_5.68.0-canary.v20250604151506.js.gz
- clerk-js/5.68.0-canary.v20250604151506/coinbase-wallet-sdk_clerk.legacy.browser_aa4a7a_5.68.0-canary.v20250604151506.js.sri
- clerk-js/5.68.0-canary.v20250604151506/coinbase-wallet-sdk_clerk.legacy.browser_aa4a7a_5.68.0-canary.v20250604151506.min.js.br
- clerk-js/5.68.0-canary.v20250604151506/coinbase-wallet-sdk_clerk.legacy.browser_aa4a7a_5.68.0-canary.v20250604151506.min.js.gz
- clerk-js/5.68.0-canary.v20250604151506/coinbase-wallet-sdk_clerk.legacy.browser_aa4a7a_5.68.0-canary.v20250604151506.min.js.sri
- clerk-js/5.68.0-canary.v20250604151506/cookieSuffix_clerk.browser_40f36c_5.68.0-canary.v20250604151506.js.br
- clerk-js/5.68.0-canary.v20250604151506/cookieSuffix_clerk.browser_40f36c_5.68.0-canary.v20250604151506.js.gz
- clerk-js/5.68.0-canary.v20250604151506/cookieSuffix_clerk.browser_40f36c_5.68.0-canary.v20250604151506.js.sri
- clerk-js/5.68.0-canary.v20250604151506/cookieSuffix_clerk.browser_40f36c_5.68.0-canary.v20250604151506.min.js.br
- clerk-js/5.68.0-canary.v20250604151506/cookieSuffix_clerk.browser_40f36c_5.68.0-canary.v20250604151506.min.js.gz
- clerk-js/5.68.0-canary.v20250604151506/cookieSuffix_clerk.browser_40f36c_5.68.0-canary.v20250604151506.min.js.sri
- clerk-js/5.68.0-canary.v20250604151506/cookieSuffix_clerk.chips.browser_7d2ea2_5.68.0-canary.v20250604151506.js.br
- clerk-js/5.68.0-canary.v20250604151506/cookieSuffix_clerk.chips.browser_7d2ea2_5.68.0-canary.v20250604151506.js.gz
- clerk-js/5.68.0-canary.v20250604151506/cookieSuffix_clerk.chips.browser_7d2ea2_5.68.0-canary.v20250604151506.js.sri
- clerk-js/5.68.0-canary.v20250604151506/cookieSuffix_clerk.chips.browser_7d2ea2_5.68.0-canary.v20250604151506.min.js.br
- clerk-js/5.68.0-canary.v20250604151506/cookieSuffix_clerk.chips.browser_7d2ea2_5.68.0-canary.v20250604151506.min.js.gz
- clerk-js/5.68.0-canary.v20250604151506/cookieSuffix_clerk.chips.browser_7d2ea2_5.68.0-canary.v20250604151506.min.js.sri
- clerk-js/5.68.0-canary.v20250604151506/cookieSuffix_clerk.headless.browser_b78311_5.68.0-canary.v20250604151506.js.br
- clerk-js/5.68.0-canary.v20250604151506/cookieSuffix_clerk.headless.browser_b78311_5.68.0-canary.v20250604151506.js.gz
- clerk-js/5.68.0-canary.v20250604151506/cookieSuffix_clerk.headless.browser_b78311_5.68.0-canary.v20250604151506.js.sri
- clerk-js/5.68.0-canary.v20250604151506/cookieSuffix_clerk.headless.browser_b78311_5.68.0-canary.v20250604151506.min.js.br
- clerk-js/5.68.0-canary.v20250604151506/cookieSuffix_clerk.headless.browser_b78311_5.68.0-canary.v20250604151506.min.js.gz
- clerk-js/5.68.0-canary.v20250604151506/cookieSuffix_clerk.headless.browser_b78311_5.68.0-canary.v20250604151506.min.js.sri
- clerk-js/5.68.0-canary.v20250604151506/cookieSuffix_clerk.headless_b9dcec_5.68.0-canary.v20250604151506.js.br
- clerk-js/5.68.0-canary.v20250604151506/cookieSuffix_clerk.headless_b9dcec_5.68.0-canary.v20250604151506.js.gz
- clerk-js/5.68.0-canary.v20250604151506/cookieSuffix_clerk.headless_b9dcec_5.68.0-canary.v20250604151506.js.sri
- clerk-js/5.68.0-canary.v20250604151506/cookieSuffix_clerk.headless_b9dcec_5.68.0-canary.v20250604151506.min.js.br
- clerk-js/5.68.0-canary.v20250604151506/cookieSuffix_clerk.headless_b9dcec_5.68.0-canary.v20250604151506.min.js.gz
- clerk-js/5.68.0-canary.v20250604151506/cookieSuffix_clerk.headless_b9dcec_5.68.0-canary.v20250604151506.min.js.sri
- clerk-js/5.68.0-canary.v20250604151506/cookieSuffix_clerk.legacy.browser_aa4a7a_5.68.0-canary.v20250604151506.js.br
- clerk-js/5.68.0-canary.v20250604151506/cookieSuffix_clerk.legacy.browser_aa4a7a_5.68.0-canary.v20250604151506.js.gz
- clerk-js/5.68.0-canary.v20250604151506/cookieSuffix_clerk.legacy.browser_aa4a7a_5.68.0-canary.v20250604151506.js.sri
- clerk-js/5.68.0-canary.v20250604151506/cookieSuffix_clerk.legacy.browser_aa4a7a_5.68.0-canary.v20250604151506.min.js.br
- clerk-js/5.68.0-canary.v20250604151506/cookieSuffix_clerk.legacy.browser_aa4a7a_5.68.0-canary.v20250604151506.min.js.gz
- clerk-js/5.68.0-canary.v20250604151506/cookieSuffix_clerk.legacy.browser_aa4a7a_5.68.0-canary.v20250604151506.min.js.sri
- clerk-js/5.68.0-canary.v20250604151506/createorganization_clerk.browser_40f36c_5.68.0-canary.v20250604151506.js.br
- clerk-js/5.68.0-canary.v20250604151506/createorganization_clerk.browser_40f36c_5.68.0-canary.v20250604151506.js.gz
- clerk-js/5.68.0-canary.v20250604151506/createorganization_clerk.browser_40f36c_5.68.0-canary.v20250604151506.js.sri
- clerk-js/5.68.0-canary.v20250604151506/createorganization_clerk.browser_40f36c_5.68.0-canary.v20250604151506.min.js.br
- clerk-js/5.68.0-canary.v20250604151506/createorganization_clerk.browser_40f36c_5.68.0-canary.v20250604151506.min.js.gz
- clerk-js/5.68.0-canary.v20250604151506/createorganization_clerk.browser_40f36c_5.68.0-canary.v20250604151506.min.js.sri
- clerk-js/5.68.0-canary.v20250604151506/createorganization_clerk.chips.browser_7d2ea2_5.68.0-canary.v20250604151506.js.br
- clerk-js/5.68.0-canary.v20250604151506/createorganization_clerk.chips.browser_7d2ea2_5.68.0-canary.v20250604151506.js.gz
- clerk-js/5.68.0-canary.v20250604151506/createorganization_clerk.chips.browser_7d2ea2_5.68.0-canary.v20250604151506.js.sri
- clerk-js/5.68.0-canary.v20250604151506/createorganization_clerk.chips.browser_7d2ea2_5.68.0-canary.v20250604151506.min.js.br
- clerk-js/5.68.0-canary.v20250604151506/createorganization_clerk.chips.browser_7d2ea2_5.68.0-canary.v20250604151506.min.js.gz
- clerk-js/5.68.0-canary.v20250604151506/createorganization_clerk.chips.browser_7d2ea2_5.68.0-canary.v20250604151506.min.js.sri
- clerk-js/5.68.0-canary.v20250604151506/createorganization_clerk.legacy.browser_aa4a7a_5.68.0-canary.v20250604151506.js.br
- clerk-js/5.68.0-canary.v20250604151506/createorganization_clerk.legacy.browser_aa4a7a_5.68.0-canary.v20250604151506.js.gz
- clerk-js/5.68.0-canary.v20250604151506/createorganization_clerk.legacy.browser_aa4a7a_5.68.0-canary.v20250604151506.js.sri
- clerk-js/5.68.0-canary.v20250604151506/createorganization_clerk.legacy.browser_aa4a7a_5.68.0-canary.v20250604151506.min.js.br
- clerk-js/5.68.0-canary.v20250604151506/createorganization_clerk.legacy.browser_aa4a7a_5.68.0-canary.v20250604151506.min.js.gz
- clerk-js/5.68.0-canary.v20250604151506/createorganization_clerk.legacy.browser_aa4a7a_5.68.0-canary.v20250604151506.min.js.sri
- clerk-js/5.68.0-canary.v20250604151506/framework_clerk.browser_40f36c_5.68.0-canary.v20250604151506.js.br
- clerk-js/5.68.0-canary.v20250604151506/framework_clerk.browser_40f36c_5.68.0-canary.v20250604151506.js.gz
- clerk-js/5.68.0-canary.v20250604151506/framework_clerk.browser_40f36c_5.68.0-canary.v20250604151506.js.sri
- clerk-js/5.68.0-canary.v20250604151506/framework_clerk.browser_40f36c_5.68.0-canary.v20250604151506.min.js.br
- clerk-js/5.68.0-canary.v20250604151506/framework_clerk.browser_40f36c_5.68.0-canary.v20250604151506.min.js.gz
- clerk-js/5.68.0-canary.v20250604151506/framework_clerk.browser_40f36c_5.68.0-canary.v20250604151506.min.js.sri
- clerk-js/5.68.0-canary.v20250604151506/framework_clerk.chips.browser_7d2ea2_5.68.0-canary.v20250604151506.js.br
- clerk-js/5.68.0-canary.v20250604151506/framework_clerk.chips.browser_7d2ea2_5.68.0-canary.v20250604151506.js.gz
- clerk-js/5.68.0-canary.v20250604151506/framework_clerk.chips.browser_7d2ea2_5.68.0-canary.v20250604151506.js.sri
- clerk-js/5.68.0-canary.v20250604151506/framework_clerk.chips.browser_7d2ea2_5.68.0-canary.v20250604151506.min.js.br
- clerk-js/5.68.0-canary.v20250604151506/framework_clerk.chips.browser_7d2ea2_5.68.0-canary.v20250604151506.min.js.gz
- clerk-js/5.68.0-canary.v20250604151506/framework_clerk.chips.browser_7d2ea2_5.68.0-canary.v20250604151506.min.js.sri
- clerk-js/5.68.0-canary.v20250604151506/framework_clerk.legacy.browser_aa4a7a_5.68.0-canary.v20250604151506.js.br
- clerk-js/5.68.0-canary.v20250604151506/framework_clerk.legacy.browser_aa4a7a_5.68.0-canary.v20250604151506.js.gz
- clerk-js/5.68.0-canary.v20250604151506/framework_clerk.legacy.browser_aa4a7a_5.68.0-canary.v20250604151506.js.sri
- clerk-js/5.68.0-canary.v20250604151506/framework_clerk.legacy.browser_aa4a7a_5.68.0-canary.v20250604151506.min.js.br
- clerk-js/5.68.0-canary.v20250604151506/framework_clerk.legacy.browser_aa4a7a_5.68.0-canary.v20250604151506.min.js.gz
- clerk-js/5.68.0-canary.v20250604151506/framework_clerk.legacy.browser_aa4a7a_5.68.0-canary.v20250604151506.min.js.sri
- clerk-js/5.68.0-canary.v20250604151506/impersonationfab_clerk.browser_40f36c_5.68.0-canary.v20250604151506.js.br
- clerk-js/5.68.0-canary.v20250604151506/impersonationfab_clerk.browser_40f36c_5.68.0-canary.v20250604151506.js.gz
- clerk-js/5.68.0-canary.v20250604151506/impersonationfab_clerk.browser_40f36c_5.68.0-canary.v20250604151506.js.sri
- clerk-js/5.68.0-canary.v20250604151506/impersonationfab_clerk.browser_40f36c_5.68.0-canary.v20250604151506.min.js.br
- clerk-js/5.68.0-canary.v20250604151506/impersonationfab_clerk.browser_40f36c_5.68.0-canary.v20250604151506.min.js.gz
- clerk-js/5.68.0-canary.v20250604151506/impersonationfab_clerk.browser_40f36c_5.68.0-canary.v20250604151506.min.js.sri
- clerk-js/5.68.0-canary.v20250604151506/impersonationfab_clerk.chips.browser_7d2ea2_5.68.0-canary.v20250604151506.js.br
- clerk-js/5.68.0-canary.v20250604151506/impersonationfab_clerk.chips.browser_7d2ea2_5.68.0-canary.v20250604151506.js.gz
- clerk-js/5.68.0-canary.v20250604151506/impersonationfab_clerk.chips.browser_7d2ea2_5.68.0-canary.v20250604151506.js.sri
- clerk-js/5.68.0-canary.v20250604151506/impersonationfab_clerk.chips.browser_7d2ea2_5.68.0-canary.v20250604151506.min.js.br
- clerk-js/5.68.0-canary.v20250604151506/impersonationfab_clerk.chips.browser_7d2ea2_5.68.0-canary.v20250604151506.min.js.gz
- clerk-js/5.68.0-canary.v20250604151506/impersonationfab_clerk.chips.browser_7d2ea2_5.68.0-canary.v20250604151506.min.js.sri
- clerk-js/5.68.0-canary.v20250604151506/impersonationfab_clerk.legacy.browser_aa4a7a_5.68.0-canary.v20250604151506.js.br
- clerk-js/5.68.0-canary.v20250604151506/impersonationfab_clerk.legacy.browser_aa4a7a_5.68.0-canary.v20250604151506.js.gz
- clerk-js/5.68.0-canary.v20250604151506/impersonationfab_clerk.legacy.browser_aa4a7a_5.68.0-canary.v20250604151506.js.sri
- clerk-js/5.68.0-canary.v20250604151506/impersonationfab_clerk.legacy.browser_aa4a7a_5.68.0-canary.v20250604151506.min.js.br
- clerk-js/5.68.0-canary.v20250604151506/impersonationfab_clerk.legacy.browser_aa4a7a_5.68.0-canary.v20250604151506.min.js.gz
- clerk-js/5.68.0-canary.v20250604151506/impersonationfab_clerk.legacy.browser_aa4a7a_5.68.0-canary.v20250604151506.min.js.sri
- clerk-js/5.68.0-canary.v20250604151506/keylessPrompt_clerk.browser_40f36c_5.68.0-canary.v20250604151506.js.br
- clerk-js/5.68.0-canary.v20250604151506/keylessPrompt_clerk.browser_40f36c_5.68.0-canary.v20250604151506.js.gz
- clerk-js/5.68.0-canary.v20250604151506/keylessPrompt_clerk.browser_40f36c_5.68.0-canary.v20250604151506.js.sri
- clerk-js/5.68.0-canary.v20250604151506/keylessPrompt_clerk.browser_40f36c_5.68.0-canary.v20250604151506.min.js.br
- clerk-js/5.68.0-canary.v20250604151506/keylessPrompt_clerk.browser_40f36c_5.68.0-canary.v20250604151506.min.js.gz
- clerk-js/5.68.0-canary.v20250604151506/keylessPrompt_clerk.browser_40f36c_5.68.0-canary.v20250604151506.min.js.sri
- clerk-js/5.68.0-canary.v20250604151506/keylessPrompt_clerk.chips.browser_7d2ea2_5.68.0-canary.v20250604151506.js.br
- clerk-js/5.68.0-canary.v20250604151506/keylessPrompt_clerk.chips.browser_7d2ea2_5.68.0-canary.v20250604151506.js.gz
- clerk-js/5.68.0-canary.v20250604151506/keylessPrompt_clerk.chips.browser_7d2ea2_5.68.0-canary.v20250604151506.js.sri
- clerk-js/5.68.0-canary.v20250604151506/keylessPrompt_clerk.chips.browser_7d2ea2_5.68.0-canary.v20250604151506.min.js.br
- clerk-js/5.68.0-canary.v20250604151506/keylessPrompt_clerk.chips.browser_7d2ea2_5.68.0-canary.v20250604151506.min.js.gz
- clerk-js/5.68.0-canary.v20250604151506/keylessPrompt_clerk.chips.browser_7d2ea2_5.68.0-canary.v20250604151506.min.js.sri
- clerk-js/5.68.0-canary.v20250604151506/keylessPrompt_clerk.legacy.browser_aa4a7a_5.68.0-canary.v20250604151506.js.br
- clerk-js/5.68.0-canary.v20250604151506/keylessPrompt_clerk.legacy.browser_aa4a7a_5.68.0-canary.v20250604151506.js.gz
- clerk-js/5.68.0-canary.v20250604151506/keylessPrompt_clerk.legacy.browser_aa4a7a_5.68.0-canary.v20250604151506.js.sri
- clerk-js/5.68.0-canary.v20250604151506/keylessPrompt_clerk.legacy.browser_aa4a7a_5.68.0-canary.v20250604151506.min.js.br
- clerk-js/5.68.0-canary.v20250604151506/keylessPrompt_clerk.legacy.browser_aa4a7a_5.68.0-canary.v20250604151506.min.js.gz
- clerk-js/5.68.0-canary.v20250604151506/keylessPrompt_clerk.legacy.browser_aa4a7a_5.68.0-canary.v20250604151506.min.js.sri
- clerk-js/5.68.0-canary.v20250604151506/oauthConsent_clerk.browser_40f36c_5.68.0-canary.v20250604151506.js.br
- clerk-js/5.68.0-canary.v20250604151506/oauthConsent_clerk.browser_40f36c_5.68.0-canary.v20250604151506.js.gz
- clerk-js/5.68.0-canary.v20250604151506/oauthConsent_clerk.browser_40f36c_5.68.0-canary.v20250604151506.js.sri
- clerk-js/5.68.0-canary.v20250604151506/oauthConsent_clerk.browser_40f36c_5.68.0-canary.v20250604151506.min.js.br
- clerk-js/5.68.0-canary.v20250604151506/oauthConsent_clerk.browser_40f36c_5.68.0-canary.v20250604151506.min.js.gz
- clerk-js/5.68.0-canary.v20250604151506/oauthConsent_clerk.browser_40f36c_5.68.0-canary.v20250604151506.min.js.sri
- clerk-js/5.68.0-canary.v20250604151506/oauthConsent_clerk.chips.browser_7d2ea2_5.68.0-canary.v20250604151506.js.br
- clerk-js/5.68.0-canary.v20250604151506/oauthConsent_clerk.chips.browser_7d2ea2_5.68.0-canary.v20250604151506.js.gz
- clerk-js/5.68.0-canary.v20250604151506/oauthConsent_clerk.chips.browser_7d2ea2_5.68.0-canary.v20250604151506.js.sri
- clerk-js/5.68.0-canary.v20250604151506/oauthConsent_clerk.chips.browser_7d2ea2_5.68.0-canary.v20250604151506.min.js.br
- clerk-js/5.68.0-canary.v20250604151506/oauthConsent_clerk.chips.browser_7d2ea2_5.68.0-canary.v20250604151506.min.js.gz
- clerk-js/5.68.0-canary.v20250604151506/oauthConsent_clerk.chips.browser_7d2ea2_5.68.0-canary.v20250604151506.min.js.sri
- clerk-js/5.68.0-canary.v20250604151506/oauthConsent_clerk.legacy.browser_aa4a7a_5.68.0-canary.v20250604151506.js.br
- clerk-js/5.68.0-canary.v20250604151506/oauthConsent_clerk.legacy.browser_aa4a7a_5.68.0-canary.v20250604151506.js.gz
- clerk-js/5.68.0-canary.v20250604151506/oauthConsent_clerk.legacy.browser_aa4a7a_5.68.0-canary.v20250604151506.js.sri
- clerk-js/5.68.0-canary.v20250604151506/oauthConsent_clerk.legacy.browser_aa4a7a_5.68.0-canary.v20250604151506.min.js.br
- clerk-js/5.68.0-canary.v20250604151506/oauthConsent_clerk.legacy.browser_aa4a7a_5.68.0-canary.v20250604151506.min.js.gz
- clerk-js/5.68.0-canary.v20250604151506/oauthConsent_clerk.legacy.browser_aa4a7a_5.68.0-canary.v20250604151506.min.js.sri
- clerk-js/5.68.0-canary.v20250604151506/onetap_clerk.browser_40f36c_5.68.0-canary.v20250604151506.js.br
- clerk-js/5.68.0-canary.v20250604151506/onetap_clerk.browser_40f36c_5.68.0-canary.v20250604151506.js.gz
- clerk-js/5.68.0-canary.v20250604151506/onetap_clerk.browser_40f36c_5.68.0-canary.v20250604151506.js.sri
- clerk-js/5.68.0-canary.v20250604151506/onetap_clerk.browser_40f36c_5.68.0-canary.v20250604151506.min.js.br
- clerk-js/5.68.0-canary.v20250604151506/onetap_clerk.browser_40f36c_5.68.0-canary.v20250604151506.min.js.gz
- clerk-js/5.68.0-canary.v20250604151506/onetap_clerk.browser_40f36c_5.68.0-canary.v20250604151506.min.js.sri
- clerk-js/5.68.0-canary.v20250604151506/onetap_clerk.chips.browser_7d2ea2_5.68.0-canary.v20250604151506.js.br
- clerk-js/5.68.0-canary.v20250604151506/onetap_clerk.chips.browser_7d2ea2_5.68.0-canary.v20250604151506.js.gz
- clerk-js/5.68.0-canary.v20250604151506/onetap_clerk.chips.browser_7d2ea2_5.68.0-canary.v20250604151506.js.sri
- clerk-js/5.68.0-canary.v20250604151506/onetap_clerk.chips.browser_7d2ea2_5.68.0-canary.v20250604151506.min.js.br
- clerk-js/5.68.0-canary.v20250604151506/onetap_clerk.chips.browser_7d2ea2_5.68.0-canary.v20250604151506.min.js.gz
- clerk-js/5.68.0-canary.v20250604151506/onetap_clerk.chips.browser_7d2ea2_5.68.0-canary.v20250604151506.min.js.sri
- clerk-js/5.68.0-canary.v20250604151506/onetap_clerk.legacy.browser_aa4a7a_5.68.0-canary.v20250604151506.js.br
- clerk-js/5.68.0-canary.v20250604151506/onetap_clerk.legacy.browser_aa4a7a_5.68.0-canary.v20250604151506.js.gz
- clerk-js/5.68.0-canary.v20250604151506/onetap_clerk.legacy.browser_aa4a7a_5.68.0-canary.v20250604151506.js.sri
- clerk-js/5.68.0-canary.v20250604151506/onetap_clerk.legacy.browser_aa4a7a_5.68.0-canary.v20250604151506.min.js.br
- clerk-js/5.68.0-canary.v20250604151506/onetap_clerk.legacy.browser_aa4a7a_5.68.0-canary.v20250604151506.min.js.gz
- clerk-js/5.68.0-canary.v20250604151506/onetap_clerk.legacy.browser_aa4a7a_5.68.0-canary.v20250604151506.min.js.sri
- clerk-js/5.68.0-canary.v20250604151506/op-billing-page_clerk.browser_40f36c_5.68.0-canary.v20250604151506.js.br
- clerk-js/5.68.0-canary.v20250604151506/op-billing-page_clerk.browser_40f36c_5.68.0-canary.v20250604151506.js.gz
- clerk-js/5.68.0-canary.v20250604151506/op-billing-page_clerk.browser_40f36c_5.68.0-canary.v20250604151506.js.sri
- clerk-js/5.68.0-canary.v20250604151506/op-billing-page_clerk.browser_40f36c_5.68.0-canary.v20250604151506.min.js.br
- clerk-js/5.68.0-canary.v20250604151506/op-billing-page_clerk.browser_40f36c_5.68.0-canary.v20250604151506.min.js.gz
- clerk-js/5.68.0-canary.v20250604151506/op-billing-page_clerk.browser_40f36c_5.68.0-canary.v20250604151506.min.js.sri
- clerk-js/5.68.0-canary.v20250604151506/op-billing-page_clerk.chips.browser_7d2ea2_5.68.0-canary.v20250604151506.js.br
- clerk-js/5.68.0-canary.v20250604151506/op-billing-page_clerk.chips.browser_7d2ea2_5.68.0-canary.v20250604151506.js.gz
- clerk-js/5.68.0-canary.v20250604151506/op-billing-page_clerk.chips.browser_7d2ea2_5.68.0-canary.v20250604151506.js.sri
- clerk-js/5.68.0-canary.v20250604151506/op-billing-page_clerk.chips.browser_7d2ea2_5.68.0-canary.v20250604151506.min.js.br
- clerk-js/5.68.0-canary.v20250604151506/op-billing-page_clerk.chips.browser_7d2ea2_5.68.0-canary.v20250604151506.min.js.gz
- clerk-js/5.68.0-canary.v20250604151506/op-billing-page_clerk.chips.browser_7d2ea2_5.68.0-canary.v20250604151506.min.js.sri
- clerk-js/5.68.0-canary.v20250604151506/op-billing-page_clerk.legacy.browser_aa4a7a_5.68.0-canary.v20250604151506.js.br
- clerk-js/5.68.0-canary.v20250604151506/op-billing-page_clerk.legacy.browser_aa4a7a_5.68.0-canary.v20250604151506.js.gz
- clerk-js/5.68.0-canary.v20250604151506/op-billing-page_clerk.legacy.browser_aa4a7a_5.68.0-canary.v20250604151506.js.sri
- clerk-js/5.68.0-canary.v20250604151506/op-billing-page_clerk.legacy.browser_aa4a7a_5.68.0-canary.v20250604151506.min.js.br
- clerk-js/5.68.0-canary.v20250604151506/op-billing-page_clerk.legacy.browser_aa4a7a_5.68.0-canary.v20250604151506.min.js.gz
- clerk-js/5.68.0-canary.v20250604151506/op-billing-page_clerk.legacy.browser_aa4a7a_5.68.0-canary.v20250604151506.min.js.sri
- clerk-js/5.68.0-canary.v20250604151506/organizationlist_clerk.browser_40f36c_5.68.0-canary.v20250604151506.js.br
- clerk-js/5.68.0-canary.v20250604151506/organizationlist_clerk.browser_40f36c_5.68.0-canary.v20250604151506.js.gz
- clerk-js/5.68.0-canary.v20250604151506/organizationlist_clerk.browser_40f36c_5.68.0-canary.v20250604151506.js.sri
- clerk-js/5.68.0-canary.v20250604151506/organizationlist_clerk.browser_40f36c_5.68.0-canary.v20250604151506.min.js.br
- clerk-js/5.68.0-canary.v20250604151506/organizationlist_clerk.browser_40f36c_5.68.0-canary.v20250604151506.min.js.gz
- clerk-js/5.68.0-canary.v20250604151506/organizationlist_clerk.browser_40f36c_5.68.0-canary.v20250604151506.min.js.sri
- clerk-js/5.68.0-canary.v20250604151506/organizationlist_clerk.chips.browser_7d2ea2_5.68.0-canary.v20250604151506.js.br
- clerk-js/5.68.0-canary.v20250604151506/organizationlist_clerk.chips.browser_7d2ea2_5.68.0-canary.v20250604151506.js.gz
- clerk-js/5.68.0-canary.v20250604151506/organizationlist_clerk.chips.browser_7d2ea2_5.68.0-canary.v20250604151506.js.sri
- clerk-js/5.68.0-canary.v20250604151506/organizationlist_clerk.chips.browser_7d2ea2_5.68.0-canary.v20250604151506.min.js.br
- clerk-js/5.68.0-canary.v20250604151506/organizationlist_clerk.chips.browser_7d2ea2_5.68.0-canary.v20250604151506.min.js.gz
- clerk-js/5.68.0-canary.v20250604151506/organizationlist_clerk.chips.browser_7d2ea2_5.68.0-canary.v20250604151506.min.js.sri
- clerk-js/5.68.0-canary.v20250604151506/organizationlist_clerk.legacy.browser_aa4a7a_5.68.0-canary.v20250604151506.js.br
- clerk-js/5.68.0-canary.v20250604151506/organizationlist_clerk.legacy.browser_aa4a7a_5.68.0-canary.v20250604151506.js.gz
- clerk-js/5.68.0-canary.v20250604151506/organizationlist_clerk.legacy.browser_aa4a7a_5.68.0-canary.v20250604151506.js.sri
- clerk-js/5.68.0-canary.v20250604151506/organizationlist_clerk.legacy.browser_aa4a7a_5.68.0-canary.v20250604151506.min.js.br
- clerk-js/5.68.0-canary.v20250604151506/organizationlist_clerk.legacy.browser_aa4a7a_5.68.0-canary.v20250604151506.min.js.gz
- clerk-js/5.68.0-canary.v20250604151506/organizationlist_clerk.legacy.browser_aa4a7a_5.68.0-canary.v20250604151506.min.js.sri
- clerk-js/5.68.0-canary.v20250604151506/organizationprofile_clerk.browser_40f36c_5.68.0-canary.v20250604151506.js.br
- clerk-js/5.68.0-canary.v20250604151506/organizationprofile_clerk.browser_40f36c_5.68.0-canary.v20250604151506.js.gz
- clerk-js/5.68.0-canary.v20250604151506/organizationprofile_clerk.browser_40f36c_5.68.0-canary.v20250604151506.js.sri
- clerk-js/5.68.0-canary.v20250604151506/organizationprofile_clerk.browser_40f36c_5.68.0-canary.v20250604151506.min.js.br
- clerk-js/5.68.0-canary.v20250604151506/organizationprofile_clerk.browser_40f36c_5.68.0-canary.v20250604151506.min.js.gz
- clerk-js/5.68.0-canary.v20250604151506/organizationprofile_clerk.browser_40f36c_5.68.0-canary.v20250604151506.min.js.sri
- clerk-js/5.68.0-canary.v20250604151506/organizationprofile_clerk.chips.browser_7d2ea2_5.68.0-canary.v20250604151506.js.br
- clerk-js/5.68.0-canary.v20250604151506/organizationprofile_clerk.chips.browser_7d2ea2_5.68.0-canary.v20250604151506.js.gz
- clerk-js/5.68.0-canary.v20250604151506/organizationprofile_clerk.chips.browser_7d2ea2_5.68.0-canary.v20250604151506.js.sri
- clerk-js/5.68.0-canary.v20250604151506/organizationprofile_clerk.chips.browser_7d2ea2_5.68.0-canary.v20250604151506.min.js.br
- clerk-js/5.68.0-canary.v20250604151506/organizationprofile_clerk.chips.browser_7d2ea2_5.68.0-canary.v20250604151506.min.js.gz
- clerk-js/5.68.0-canary.v20250604151506/organizationprofile_clerk.chips.browser_7d2ea2_5.68.0-canary.v20250604151506.min.js.sri
- clerk-js/5.68.0-canary.v20250604151506/organizationprofile_clerk.legacy.browser_aa4a7a_5.68.0-canary.v20250604151506.js.br
- clerk-js/5.68.0-canary.v20250604151506/organizationprofile_clerk.legacy.browser_aa4a7a_5.68.0-canary.v20250604151506.js.gz
- clerk-js/5.68.0-canary.v20250604151506/organizationprofile_clerk.legacy.browser_aa4a7a_5.68.0-canary.v20250604151506.js.sri
- clerk-js/5.68.0-canary.v20250604151506/organizationprofile_clerk.legacy.browser_aa4a7a_5.68.0-canary.v20250604151506.min.js.br
- clerk-js/5.68.0-canary.v20250604151506/organizationprofile_clerk.legacy.browser_aa4a7a_5.68.0-canary.v20250604151506.min.js.gz
- clerk-js/5.68.0-canary.v20250604151506/organizationprofile_clerk.legacy.browser_aa4a7a_5.68.0-canary.v20250604151506.min.js.sri
- clerk-js/5.68.0-canary.v20250604151506/organizationswitcher_clerk.browser_40f36c_5.68.0-canary.v20250604151506.js.br
- clerk-js/5.68.0-canary.v20250604151506/organizationswitcher_clerk.browser_40f36c_5.68.0-canary.v20250604151506.js.gz
- clerk-js/5.68.0-canary.v20250604151506/organizationswitcher_clerk.browser_40f36c_5.68.0-canary.v20250604151506.js.sri
- clerk-js/5.68.0-canary.v20250604151506/organizationswitcher_clerk.browser_40f36c_5.68.0-canary.v20250604151506.min.js.br
- clerk-js/5.68.0-canary.v20250604151506/organizationswitcher_clerk.browser_40f36c_5.68.0-canary.v20250604151506.min.js.gz
- clerk-js/5.68.0-canary.v20250604151506/organizationswitcher_clerk.browser_40f36c_5.68.0-canary.v20250604151506.min.js.sri
- clerk-js/5.68.0-canary.v20250604151506/organizationswitcher_clerk.chips.browser_7d2ea2_5.68.0-canary.v20250604151506.js.br
- clerk-js/5.68.0-canary.v20250604151506/organizationswitcher_clerk.chips.browser_7d2ea2_5.68.0-canary.v20250604151506.js.gz
- clerk-js/5.68.0-canary.v20250604151506/organizationswitcher_clerk.chips.browser_7d2ea2_5.68.0-canary.v20250604151506.js.sri
- clerk-js/5.68.0-canary.v20250604151506/organizationswitcher_clerk.chips.browser_7d2ea2_5.68.0-canary.v20250604151506.min.js.br
- clerk-js/5.68.0-canary.v20250604151506/organizationswitcher_clerk.chips.browser_7d2ea2_5.68.0-canary.v20250604151506.min.js.gz
- clerk-js/5.68.0-canary.v20250604151506/organizationswitcher_clerk.chips.browser_7d2ea2_5.68.0-canary.v20250604151506.min.js.sri
- clerk-js/5.68.0-canary.v20250604151506/organizationswitcher_clerk.legacy.browser_aa4a7a_5.68.0-canary.v20250604151506.js.br
- clerk-js/5.68.0-canary.v20250604151506/organizationswitcher_clerk.legacy.browser_aa4a7a_5.68.0-canary.v20250604151506.js.gz
- clerk-js/5.68.0-canary.v20250604151506/organizationswitcher_clerk.legacy.browser_aa4a7a_5.68.0-canary.v20250604151506.js.sri
- clerk-js/5.68.0-canary.v20250604151506/organizationswitcher_clerk.legacy.browser_aa4a7a_5.68.0-canary.v20250604151506.min.js.br
- clerk-js/5.68.0-canary.v20250604151506/organizationswitcher_clerk.legacy.browser_aa4a7a_5.68.0-canary.v20250604151506.min.js.gz
- clerk-js/5.68.0-canary.v20250604151506/organizationswitcher_clerk.legacy.browser_aa4a7a_5.68.0-canary.v20250604151506.min.js.sri
- clerk-js/5.68.0-canary.v20250604151506/paymentSources_clerk.browser_40f36c_5.68.0-canary.v20250604151506.js.br
- clerk-js/5.68.0-canary.v20250604151506/paymentSources_clerk.browser_40f36c_5.68.0-canary.v20250604151506.js.gz
- clerk-js/5.68.0-canary.v20250604151506/paymentSources_clerk.browser_40f36c_5.68.0-canary.v20250604151506.js.sri
- clerk-js/5.68.0-canary.v20250604151506/paymentSources_clerk.browser_40f36c_5.68.0-canary.v20250604151506.min.js.br
- clerk-js/5.68.0-canary.v20250604151506/paymentSources_clerk.browser_40f36c_5.68.0-canary.v20250604151506.min.js.gz
- clerk-js/5.68.0-canary.v20250604151506/paymentSources_clerk.browser_40f36c_5.68.0-canary.v20250604151506.min.js.sri
- clerk-js/5.68.0-canary.v20250604151506/paymentSources_clerk.chips.browser_7d2ea2_5.68.0-canary.v20250604151506.js.br
- clerk-js/5.68.0-canary.v20250604151506/paymentSources_clerk.chips.browser_7d2ea2_5.68.0-canary.v20250604151506.js.gz
- clerk-js/5.68.0-canary.v20250604151506/paymentSources_clerk.chips.browser_7d2ea2_5.68.0-canary.v20250604151506.js.sri
- clerk-js/5.68.0-canary.v20250604151506/paymentSources_clerk.chips.browser_7d2ea2_5.68.0-canary.v20250604151506.min.js.br
- clerk-js/5.68.0-canary.v20250604151506/paymentSources_clerk.chips.browser_7d2ea2_5.68.0-canary.v20250604151506.min.js.gz
- clerk-js/5.68.0-canary.v20250604151506/paymentSources_clerk.chips.browser_7d2ea2_5.68.0-canary.v20250604151506.min.js.sri
- clerk-js/5.68.0-canary.v20250604151506/paymentSources_clerk.legacy.browser_aa4a7a_5.68.0-canary.v20250604151506.js.br
- clerk-js/5.68.0-canary.v20250604151506/paymentSources_clerk.legacy.browser_aa4a7a_5.68.0-canary.v20250604151506.js.gz
- clerk-js/5.68.0-canary.v20250604151506/paymentSources_clerk.legacy.browser_aa4a7a_5.68.0-canary.v20250604151506.js.sri
- clerk-js/5.68.0-canary.v20250604151506/paymentSources_clerk.legacy.browser_aa4a7a_5.68.0-canary.v20250604151506.min.js.br
- clerk-js/5.68.0-canary.v20250604151506/paymentSources_clerk.legacy.browser_aa4a7a_5.68.0-canary.v20250604151506.min.js.gz
- clerk-js/5.68.0-canary.v20250604151506/paymentSources_clerk.legacy.browser_aa4a7a_5.68.0-canary.v20250604151506.min.js.sri
- clerk-js/5.68.0-canary.v20250604151506/planDetails_clerk.browser_40f36c_5.68.0-canary.v20250604151506.js.br
- clerk-js/5.68.0-canary.v20250604151506/planDetails_clerk.browser_40f36c_5.68.0-canary.v20250604151506.js.gz
- clerk-js/5.68.0-canary.v20250604151506/planDetails_clerk.browser_40f36c_5.68.0-canary.v20250604151506.js.sri
- clerk-js/5.68.0-canary.v20250604151506/planDetails_clerk.browser_40f36c_5.68.0-canary.v20250604151506.min.js.br
- clerk-js/5.68.0-canary.v20250604151506/planDetails_clerk.browser_40f36c_5.68.0-canary.v20250604151506.min.js.gz
- clerk-js/5.68.0-canary.v20250604151506/planDetails_clerk.browser_40f36c_5.68.0-canary.v20250604151506.min.js.sri
- clerk-js/5.68.0-canary.v20250604151506/planDetails_clerk.chips.browser_7d2ea2_5.68.0-canary.v20250604151506.js.br
- clerk-js/5.68.0-canary.v20250604151506/planDetails_clerk.chips.browser_7d2ea2_5.68.0-canary.v20250604151506.js.gz
- clerk-js/5.68.0-canary.v20250604151506/planDetails_clerk.chips.browser_7d2ea2_5.68.0-canary.v20250604151506.js.sri
- clerk-js/5.68.0-canary.v20250604151506/planDetails_clerk.chips.browser_7d2ea2_5.68.0-canary.v20250604151506.min.js.br
- clerk-js/5.68.0-canary.v20250604151506/planDetails_clerk.chips.browser_7d2ea2_5.68.0-canary.v20250604151506.min.js.gz
- clerk-js/5.68.0-canary.v20250604151506/planDetails_clerk.chips.browser_7d2ea2_5.68.0-canary.v20250604151506.min.js.sri
- clerk-js/5.68.0-canary.v20250604151506/planDetails_clerk.legacy.browser_aa4a7a_5.68.0-canary.v20250604151506.js.br
- clerk-js/5.68.0-canary.v20250604151506/planDetails_clerk.legacy.browser_aa4a7a_5.68.0-canary.v20250604151506.js.gz
- clerk-js/5.68.0-canary.v20250604151506/planDetails_clerk.legacy.browser_aa4a7a_5.68.0-canary.v20250604151506.js.sri
- clerk-js/5.68.0-canary.v20250604151506/planDetails_clerk.legacy.browser_aa4a7a_5.68.0-canary.v20250604151506.min.js.br
- clerk-js/5.68.0-canary.v20250604151506/planDetails_clerk.legacy.browser_aa4a7a_5.68.0-canary.v20250604151506.min.js.gz
- clerk-js/5.68.0-canary.v20250604151506/planDetails_clerk.legacy.browser_aa4a7a_5.68.0-canary.v20250604151506.min.js.sri
- clerk-js/5.68.0-canary.v20250604151506/prefetchorganizationlist_clerk.browser_40f36c_5.68.0-canary.v20250604151506.js.br
- clerk-js/5.68.0-canary.v20250604151506/prefetchorganizationlist_clerk.browser_40f36c_5.68.0-canary.v20250604151506.js.gz
- clerk-js/5.68.0-canary.v20250604151506/prefetchorganizationlist_clerk.browser_40f36c_5.68.0-canary.v20250604151506.js.sri
- clerk-js/5.68.0-canary.v20250604151506/prefetchorganizationlist_clerk.browser_40f36c_5.68.0-canary.v20250604151506.min.js.br
- clerk-js/5.68.0-canary.v20250604151506/prefetchorganizationlist_clerk.browser_40f36c_5.68.0-canary.v20250604151506.min.js.gz
- clerk-js/5.68.0-canary.v20250604151506/prefetchorganizationlist_clerk.browser_40f36c_5.68.0-canary.v20250604151506.min.js.sri
- clerk-js/5.68.0-canary.v20250604151506/prefetchorganizationlist_clerk.chips.browser_7d2ea2_5.68.0-canary.v20250604151506.js.br
- clerk-js/5.68.0-canary.v20250604151506/prefetchorganizationlist_clerk.chips.browser_7d2ea2_5.68.0-canary.v20250604151506.js.gz
- clerk-js/5.68.0-canary.v20250604151506/prefetchorganizationlist_clerk.chips.browser_7d2ea2_5.68.0-canary.v20250604151506.js.sri
- clerk-js/5.68.0-canary.v20250604151506/prefetchorganizationlist_clerk.chips.browser_7d2ea2_5.68.0-canary.v20250604151506.min.js.br
- clerk-js/5.68.0-canary.v20250604151506/prefetchorganizationlist_clerk.chips.browser_7d2ea2_5.68.0-canary.v20250604151506.min.js.gz
- clerk-js/5.68.0-canary.v20250604151506/prefetchorganizationlist_clerk.chips.browser_7d2ea2_5.68.0-canary.v20250604151506.min.js.sri
- clerk-js/5.68.0-canary.v20250604151506/prefetchorganizationlist_clerk.legacy.browser_aa4a7a_5.68.0-canary.v20250604151506.js.br
- clerk-js/5.68.0-canary.v20250604151506/prefetchorganizationlist_clerk.legacy.browser_aa4a7a_5.68.0-canary.v20250604151506.js.gz
- clerk-js/5.68.0-canary.v20250604151506/prefetchorganizationlist_clerk.legacy.browser_aa4a7a_5.68.0-canary.v20250604151506.js.sri
- clerk-js/5.68.0-canary.v20250604151506/prefetchorganizationlist_clerk.legacy.browser_aa4a7a_5.68.0-canary.v20250604151506.min.js.br
- clerk-js/5.68.0-canary.v20250604151506/prefetchorganizationlist_clerk.legacy.browser_aa4a7a_5.68.0-canary.v20250604151506.min.js.gz
- clerk-js/5.68.0-canary.v20250604151506/prefetchorganizationlist_clerk.legacy.browser_aa4a7a_5.68.0-canary.v20250604151506.min.js.sri
- clerk-js/5.68.0-canary.v20250604151506/pricingTable_clerk.browser_40f36c_5.68.0-canary.v20250604151506.js.br
- clerk-js/5.68.0-canary.v20250604151506/pricingTable_clerk.browser_40f36c_5.68.0-canary.v20250604151506.js.gz
- clerk-js/5.68.0-canary.v20250604151506/pricingTable_clerk.browser_40f36c_5.68.0-canary.v20250604151506.js.sri
- clerk-js/5.68.0-canary.v20250604151506/pricingTable_clerk.browser_40f36c_5.68.0-canary.v20250604151506.min.js.br
- clerk-js/5.68.0-canary.v20250604151506/pricingTable_clerk.browser_40f36c_5.68.0-canary.v20250604151506.min.js.gz
- clerk-js/5.68.0-canary.v20250604151506/pricingTable_clerk.browser_40f36c_5.68.0-canary.v20250604151506.min.js.sri
- clerk-js/5.68.0-canary.v20250604151506/pricingTable_clerk.chips.browser_7d2ea2_5.68.0-canary.v20250604151506.js.br
- clerk-js/5.68.0-canary.v20250604151506/pricingTable_clerk.chips.browser_7d2ea2_5.68.0-canary.v20250604151506.js.gz
- clerk-js/5.68.0-canary.v20250604151506/pricingTable_clerk.chips.browser_7d2ea2_5.68.0-canary.v20250604151506.js.sri
- clerk-js/5.68.0-canary.v20250604151506/pricingTable_clerk.chips.browser_7d2ea2_5.68.0-canary.v20250604151506.min.js.br
- clerk-js/5.68.0-canary.v20250604151506/pricingTable_clerk.chips.browser_7d2ea2_5.68.0-canary.v20250604151506.min.js.gz
- clerk-js/5.68.0-canary.v20250604151506/pricingTable_clerk.chips.browser_7d2ea2_5.68.0-canary.v20250604151506.min.js.sri
- clerk-js/5.68.0-canary.v20250604151506/pricingTable_clerk.legacy.browser_aa4a7a_5.68.0-canary.v20250604151506.js.br
- clerk-js/5.68.0-canary.v20250604151506/pricingTable_clerk.legacy.browser_aa4a7a_5.68.0-canary.v20250604151506.js.gz
- clerk-js/5.68.0-canary.v20250604151506/pricingTable_clerk.legacy.browser_aa4a7a_5.68.0-canary.v20250604151506.js.sri
- clerk-js/5.68.0-canary.v20250604151506/pricingTable_clerk.legacy.browser_aa4a7a_5.68.0-canary.v20250604151506.min.js.br
- clerk-js/5.68.0-canary.v20250604151506/pricingTable_clerk.legacy.browser_aa4a7a_5.68.0-canary.v20250604151506.min.js.gz
- clerk-js/5.68.0-canary.v20250604151506/pricingTable_clerk.legacy.browser_aa4a7a_5.68.0-canary.v20250604151506.min.js.sri
- clerk-js/5.68.0-canary.v20250604151506/sessionTasks_clerk.browser_40f36c_5.68.0-canary.v20250604151506.js.br
- clerk-js/5.68.0-canary.v20250604151506/sessionTasks_clerk.browser_40f36c_5.68.0-canary.v20250604151506.js.gz
- clerk-js/5.68.0-canary.v20250604151506/sessionTasks_clerk.browser_40f36c_5.68.0-canary.v20250604151506.js.sri
- clerk-js/5.68.0-canary.v20250604151506/sessionTasks_clerk.browser_40f36c_5.68.0-canary.v20250604151506.min.js.br
- clerk-js/5.68.0-canary.v20250604151506/sessionTasks_clerk.browser_40f36c_5.68.0-canary.v20250604151506.min.js.gz
- clerk-js/5.68.0-canary.v20250604151506/sessionTasks_clerk.browser_40f36c_5.68.0-canary.v20250604151506.min.js.sri
- clerk-js/5.68.0-canary.v20250604151506/sessionTasks_clerk.chips.browser_7d2ea2_5.68.0-canary.v20250604151506.js.br
- clerk-js/5.68.0-canary.v20250604151506/sessionTasks_clerk.chips.browser_7d2ea2_5.68.0-canary.v20250604151506.js.gz
- clerk-js/5.68.0-canary.v20250604151506/sessionTasks_clerk.chips.browser_7d2ea2_5.68.0-canary.v20250604151506.js.sri
- clerk-js/5.68.0-canary.v20250604151506/sessionTasks_clerk.chips.browser_7d2ea2_5.68.0-canary.v20250604151506.min.js.br
- clerk-js/5.68.0-canary.v20250604151506/sessionTasks_clerk.chips.browser_7d2ea2_5.68.0-canary.v20250604151506.min.js.gz
- clerk-js/5.68.0-canary.v20250604151506/sessionTasks_clerk.chips.browser_7d2ea2_5.68.0-canary.v20250604151506.min.js.sri
- clerk-js/5.68.0-canary.v20250604151506/sessionTasks_clerk.legacy.browser_aa4a7a_5.68.0-canary.v20250604151506.js.br
- clerk-js/5.68.0-canary.v20250604151506/sessionTasks_clerk.legacy.browser_aa4a7a_5.68.0-canary.v20250604151506.js.gz
- clerk-js/5.68.0-canary.v20250604151506/sessionTasks_clerk.legacy.browser_aa4a7a_5.68.0-canary.v20250604151506.js.sri
- clerk-js/5.68.0-canary.v20250604151506/sessionTasks_clerk.legacy.browser_aa4a7a_5.68.0-canary.v20250604151506.min.js.br
- clerk-js/5.68.0-canary.v20250604151506/sessionTasks_clerk.legacy.browser_aa4a7a_5.68.0-canary.v20250604151506.min.js.gz
- clerk-js/5.68.0-canary.v20250604151506/sessionTasks_clerk.legacy.browser_aa4a7a_5.68.0-canary.v20250604151506.min.js.sri
- clerk-js/5.68.0-canary.v20250604151506/signin_clerk.browser_40f36c_5.68.0-canary.v20250604151506.js.br
- clerk-js/5.68.0-canary.v20250604151506/signin_clerk.browser_40f36c_5.68.0-canary.v20250604151506.js.gz
- clerk-js/5.68.0-canary.v20250604151506/signin_clerk.browser_40f36c_5.68.0-canary.v20250604151506.js.sri
- clerk-js/5.68.0-canary.v20250604151506/signin_clerk.browser_40f36c_5.68.0-canary.v20250604151506.min.js.br
- clerk-js/5.68.0-canary.v20250604151506/signin_clerk.browser_40f36c_5.68.0-canary.v20250604151506.min.js.gz
- clerk-js/5.68.0-canary.v20250604151506/signin_clerk.browser_40f36c_5.68.0-canary.v20250604151506.min.js.sri
- clerk-js/5.68.0-canary.v20250604151506/signin_clerk.chips.browser_7d2ea2_5.68.0-canary.v20250604151506.js.br
- clerk-js/5.68.0-canary.v20250604151506/signin_clerk.chips.browser_7d2ea2_5.68.0-canary.v20250604151506.js.gz
- clerk-js/5.68.0-canary.v20250604151506/signin_clerk.chips.browser_7d2ea2_5.68.0-canary.v20250604151506.js.sri
- clerk-js/5.68.0-canary.v20250604151506/signin_clerk.chips.browser_7d2ea2_5.68.0-canary.v20250604151506.min.js.br
- clerk-js/5.68.0-canary.v20250604151506/signin_clerk.chips.browser_7d2ea2_5.68.0-canary.v20250604151506.min.js.gz
- clerk-js/5.68.0-canary.v20250604151506/signin_clerk.chips.browser_7d2ea2_5.68.0-canary.v20250604151506.min.js.sri
- clerk-js/5.68.0-canary.v20250604151506/signin_clerk.legacy.browser_aa4a7a_5.68.0-canary.v20250604151506.js.br
- clerk-js/5.68.0-canary.v20250604151506/signin_clerk.legacy.browser_aa4a7a_5.68.0-canary.v20250604151506.js.gz
- clerk-js/5.68.0-canary.v20250604151506/signin_clerk.legacy.browser_aa4a7a_5.68.0-canary.v20250604151506.js.sri
- clerk-js/5.68.0-canary.v20250604151506/signin_clerk.legacy.browser_aa4a7a_5.68.0-canary.v20250604151506.min.js.br
- clerk-js/5.68.0-canary.v20250604151506/signin_clerk.legacy.browser_aa4a7a_5.68.0-canary.v20250604151506.min.js.gz
- clerk-js/5.68.0-canary.v20250604151506/signin_clerk.legacy.browser_aa4a7a_5.68.0-canary.v20250604151506.min.js.sri
- clerk-js/5.68.0-canary.v20250604151506/signup_clerk.browser_40f36c_5.68.0-canary.v20250604151506.js.br
- clerk-js/5.68.0-canary.v20250604151506/signup_clerk.browser_40f36c_5.68.0-canary.v20250604151506.js.gz
- clerk-js/5.68.0-canary.v20250604151506/signup_clerk.browser_40f36c_5.68.0-canary.v20250604151506.js.sri
- clerk-js/5.68.0-canary.v20250604151506/signup_clerk.browser_40f36c_5.68.0-canary.v20250604151506.min.js.br
- clerk-js/5.68.0-canary.v20250604151506/signup_clerk.browser_40f36c_5.68.0-canary.v20250604151506.min.js.gz
- clerk-js/5.68.0-canary.v20250604151506/signup_clerk.browser_40f36c_5.68.0-canary.v20250604151506.min.js.sri
- clerk-js/5.68.0-canary.v20250604151506/signup_clerk.chips.browser_7d2ea2_5.68.0-canary.v20250604151506.js.br
- clerk-js/5.68.0-canary.v20250604151506/signup_clerk.chips.browser_7d2ea2_5.68.0-canary.v20250604151506.js.gz
- clerk-js/5.68.0-canary.v20250604151506/signup_clerk.chips.browser_7d2ea2_5.68.0-canary.v20250604151506.js.sri
- clerk-js/5.68.0-canary.v20250604151506/signup_clerk.chips.browser_7d2ea2_5.68.0-canary.v20250604151506.min.js.br
- clerk-js/5.68.0-canary.v20250604151506/signup_clerk.chips.browser_7d2ea2_5.68.0-canary.v20250604151506.min.js.gz
- clerk-js/5.68.0-canary.v20250604151506/signup_clerk.chips.browser_7d2ea2_5.68.0-canary.v20250604151506.min.js.sri
- clerk-js/5.68.0-canary.v20250604151506/signup_clerk.legacy.browser_aa4a7a_5.68.0-canary.v20250604151506.js.br
- clerk-js/5.68.0-canary.v20250604151506/signup_clerk.legacy.browser_aa4a7a_5.68.0-canary.v20250604151506.js.gz
- clerk-js/5.68.0-canary.v20250604151506/signup_clerk.legacy.browser_aa4a7a_5.68.0-canary.v20250604151506.js.sri
- clerk-js/5.68.0-canary.v20250604151506/signup_clerk.legacy.browser_aa4a7a_5.68.0-canary.v20250604151506.min.js.br
- clerk-js/5.68.0-canary.v20250604151506/signup_clerk.legacy.browser_aa4a7a_5.68.0-canary.v20250604151506.min.js.gz
- clerk-js/5.68.0-canary.v20250604151506/signup_clerk.legacy.browser_aa4a7a_5.68.0-canary.v20250604151506.min.js.sri
- clerk-js/5.68.0-canary.v20250604151506/ui-common_clerk.browser_40f36c_5.68.0-canary.v20250604151506.js.br
- clerk-js/5.68.0-canary.v20250604151506/ui-common_clerk.browser_40f36c_5.68.0-canary.v20250604151506.js.gz
- clerk-js/5.68.0-canary.v20250604151506/ui-common_clerk.browser_40f36c_5.68.0-canary.v20250604151506.js.sri
- clerk-js/5.68.0-canary.v20250604151506/ui-common_clerk.browser_40f36c_5.68.0-canary.v20250604151506.min.js.br
- clerk-js/5.68.0-canary.v20250604151506/ui-common_clerk.browser_40f36c_5.68.0-canary.v20250604151506.min.js.gz
- clerk-js/5.68.0-canary.v20250604151506/ui-common_clerk.browser_40f36c_5.68.0-canary.v20250604151506.min.js.sri
- clerk-js/5.68.0-canary.v20250604151506/ui-common_clerk.chips.browser_7d2ea2_5.68.0-canary.v20250604151506.js.br
- clerk-js/5.68.0-canary.v20250604151506/ui-common_clerk.chips.browser_7d2ea2_5.68.0-canary.v20250604151506.js.gz
- clerk-js/5.68.0-canary.v20250604151506/ui-common_clerk.chips.browser_7d2ea2_5.68.0-canary.v20250604151506.js.sri
- clerk-js/5.68.0-canary.v20250604151506/ui-common_clerk.chips.browser_7d2ea2_5.68.0-canary.v20250604151506.min.js.br
- clerk-js/5.68.0-canary.v20250604151506/ui-common_clerk.chips.browser_7d2ea2_5.68.0-canary.v20250604151506.min.js.gz
- clerk-js/5.68.0-canary.v20250604151506/ui-common_clerk.chips.browser_7d2ea2_5.68.0-canary.v20250604151506.min.js.sri
- clerk-js/5.68.0-canary.v20250604151506/ui-common_clerk.legacy.browser_aa4a7a_5.68.0-canary.v20250604151506.js.br
- clerk-js/5.68.0-canary.v20250604151506/ui-common_clerk.legacy.browser_aa4a7a_5.68.0-canary.v20250604151506.js.gz
- clerk-js/5.68.0-canary.v20250604151506/ui-common_clerk.legacy.browser_aa4a7a_5.68.0-canary.v20250604151506.js.sri
- clerk-js/5.68.0-canary.v20250604151506/ui-common_clerk.legacy.browser_aa4a7a_5.68.0-canary.v20250604151506.min.js.br
- clerk-js/5.68.0-canary.v20250604151506/ui-common_clerk.legacy.browser_aa4a7a_5.68.0-canary.v20250604151506.min.js.gz
- clerk-js/5.68.0-canary.v20250604151506/ui-common_clerk.legacy.browser_aa4a7a_5.68.0-canary.v20250604151506.min.js.sri
- clerk-js/5.68.0-canary.v20250604151506/up-billing-page_clerk.browser_40f36c_5.68.0-canary.v20250604151506.js.br
- clerk-js/5.68.0-canary.v20250604151506/up-billing-page_clerk.browser_40f36c_5.68.0-canary.v20250604151506.js.gz
- clerk-js/5.68.0-canary.v20250604151506/up-billing-page_clerk.browser_40f36c_5.68.0-canary.v20250604151506.js.sri
- clerk-js/5.68.0-canary.v20250604151506/up-billing-page_clerk.browser_40f36c_5.68.0-canary.v20250604151506.min.js.br
- clerk-js/5.68.0-canary.v20250604151506/up-billing-page_clerk.browser_40f36c_5.68.0-canary.v20250604151506.min.js.gz
- clerk-js/5.68.0-canary.v20250604151506/up-billing-page_clerk.browser_40f36c_5.68.0-canary.v20250604151506.min.js.sri
- clerk-js/5.68.0-canary.v20250604151506/up-billing-page_clerk.chips.browser_7d2ea2_5.68.0-canary.v20250604151506.js.br
- clerk-js/5.68.0-canary.v20250604151506/up-billing-page_clerk.chips.browser_7d2ea2_5.68.0-canary.v20250604151506.js.gz
- clerk-js/5.68.0-canary.v20250604151506/up-billing-page_clerk.chips.browser_7d2ea2_5.68.0-canary.v20250604151506.js.sri
- clerk-js/5.68.0-canary.v20250604151506/up-billing-page_clerk.chips.browser_7d2ea2_5.68.0-canary.v20250604151506.min.js.br
- clerk-js/5.68.0-canary.v20250604151506/up-billing-page_clerk.chips.browser_7d2ea2_5.68.0-canary.v20250604151506.min.js.gz
- clerk-js/5.68.0-canary.v20250604151506/up-billing-page_clerk.chips.browser_7d2ea2_5.68.0-canary.v20250604151506.min.js.sri
- clerk-js/5.68.0-canary.v20250604151506/up-billing-page_clerk.legacy.browser_aa4a7a_5.68.0-canary.v20250604151506.js.br
- clerk-js/5.68.0-canary.v20250604151506/up-billing-page_clerk.legacy.browser_aa4a7a_5.68.0-canary.v20250604151506.js.gz
- clerk-js/5.68.0-canary.v20250604151506/up-billing-page_clerk.legacy.browser_aa4a7a_5.68.0-canary.v20250604151506.js.sri
- clerk-js/5.68.0-canary.v20250604151506/up-billing-page_clerk.legacy.browser_aa4a7a_5.68.0-canary.v20250604151506.min.js.br
- clerk-js/5.68.0-canary.v20250604151506/up-billing-page_clerk.legacy.browser_aa4a7a_5.68.0-canary.v20250604151506.min.js.gz
- clerk-js/5.68.0-canary.v20250604151506/up-billing-page_clerk.legacy.browser_aa4a7a_5.68.0-canary.v20250604151506.min.js.sri
- clerk-js/5.68.0-canary.v20250604151506/userbutton_clerk.browser_40f36c_5.68.0-canary.v20250604151506.js.br
- clerk-js/5.68.0-canary.v20250604151506/userbutton_clerk.browser_40f36c_5.68.0-canary.v20250604151506.js.gz
- clerk-js/5.68.0-canary.v20250604151506/userbutton_clerk.browser_40f36c_5.68.0-canary.v20250604151506.js.sri
- clerk-js/5.68.0-canary.v20250604151506/userbutton_clerk.browser_40f36c_5.68.0-canary.v20250604151506.min.js.br
- clerk-js/5.68.0-canary.v20250604151506/userbutton_clerk.browser_40f36c_5.68.0-canary.v20250604151506.min.js.gz
- clerk-js/5.68.0-canary.v20250604151506/userbutton_clerk.browser_40f36c_5.68.0-canary.v20250604151506.min.js.sri
- clerk-js/5.68.0-canary.v20250604151506/userbutton_clerk.chips.browser_7d2ea2_5.68.0-canary.v20250604151506.js.br
- clerk-js/5.68.0-canary.v20250604151506/userbutton_clerk.chips.browser_7d2ea2_5.68.0-canary.v20250604151506.js.gz
- clerk-js/5.68.0-canary.v20250604151506/userbutton_clerk.chips.browser_7d2ea2_5.68.0-canary.v20250604151506.js.sri
- clerk-js/5.68.0-canary.v20250604151506/userbutton_clerk.chips.browser_7d2ea2_5.68.0-canary.v20250604151506.min.js.br
- clerk-js/5.68.0-canary.v20250604151506/userbutton_clerk.chips.browser_7d2ea2_5.68.0-canary.v20250604151506.min.js.gz
- clerk-js/5.68.0-canary.v20250604151506/userbutton_clerk.chips.browser_7d2ea2_5.68.0-canary.v20250604151506.min.js.sri
- clerk-js/5.68.0-canary.v20250604151506/userbutton_clerk.legacy.browser_aa4a7a_5.68.0-canary.v20250604151506.js.br
- clerk-js/5.68.0-canary.v20250604151506/userbutton_clerk.legacy.browser_aa4a7a_5.68.0-canary.v20250604151506.js.gz
- clerk-js/5.68.0-canary.v20250604151506/userbutton_clerk.legacy.browser_aa4a7a_5.68.0-canary.v20250604151506.js.sri
- clerk-js/5.68.0-canary.v20250604151506/userbutton_clerk.legacy.browser_aa4a7a_5.68.0-canary.v20250604151506.min.js.br
- clerk-js/5.68.0-canary.v20250604151506/userbutton_clerk.legacy.browser_aa4a7a_5.68.0-canary.v20250604151506.min.js.gz
- clerk-js/5.68.0-canary.v20250604151506/userbutton_clerk.legacy.browser_aa4a7a_5.68.0-canary.v20250604151506.min.js.sri
- clerk-js/5.68.0-canary.v20250604151506/userprofile_clerk.browser_40f36c_5.68.0-canary.v20250604151506.js.br
- clerk-js/5.68.0-canary.v20250604151506/userprofile_clerk.browser_40f36c_5.68.0-canary.v20250604151506.js.gz
- clerk-js/5.68.0-canary.v20250604151506/userprofile_clerk.browser_40f36c_5.68.0-canary.v20250604151506.js.sri
- clerk-js/5.68.0-canary.v20250604151506/userprofile_clerk.browser_40f36c_5.68.0-canary.v20250604151506.min.js.br
- clerk-js/5.68.0-canary.v20250604151506/userprofile_clerk.browser_40f36c_5.68.0-canary.v20250604151506.min.js.gz
- clerk-js/5.68.0-canary.v20250604151506/userprofile_clerk.browser_40f36c_5.68.0-canary.v20250604151506.min.js.sri
- clerk-js/5.68.0-canary.v20250604151506/userprofile_clerk.chips.browser_7d2ea2_5.68.0-canary.v20250604151506.js.br
- clerk-js/5.68.0-canary.v20250604151506/userprofile_clerk.chips.browser_7d2ea2_5.68.0-canary.v20250604151506.js.gz
- clerk-js/5.68.0-canary.v20250604151506/userprofile_clerk.chips.browser_7d2ea2_5.68.0-canary.v20250604151506.js.sri
- clerk-js/5.68.0-canary.v20250604151506/userprofile_clerk.chips.browser_7d2ea2_5.68.0-canary.v20250604151506.min.js.br
- clerk-js/5.68.0-canary.v20250604151506/userprofile_clerk.chips.browser_7d2ea2_5.68.0-canary.v20250604151506.min.js.gz
- clerk-js/5.68.0-canary.v20250604151506/userprofile_clerk.chips.browser_7d2ea2_5.68.0-canary.v20250604151506.min.js.sri
- clerk-js/5.68.0-canary.v20250604151506/userprofile_clerk.legacy.browser_aa4a7a_5.68.0-canary.v20250604151506.js.br
- clerk-js/5.68.0-canary.v20250604151506/userprofile_clerk.legacy.browser_aa4a7a_5.68.0-canary.v20250604151506.js.gz
- clerk-js/5.68.0-canary.v20250604151506/userprofile_clerk.legacy.browser_aa4a7a_5.68.0-canary.v20250604151506.js.sri
- clerk-js/5.68.0-canary.v20250604151506/userprofile_clerk.legacy.browser_aa4a7a_5.68.0-canary.v20250604151506.min.js.br
- clerk-js/5.68.0-canary.v20250604151506/userprofile_clerk.legacy.browser_aa4a7a_5.68.0-canary.v20250604151506.min.js.gz
- clerk-js/5.68.0-canary.v20250604151506/userprofile_clerk.legacy.browser_aa4a7a_5.68.0-canary.v20250604151506.min.js.sri
- clerk-js/5.68.0-canary.v20250604151506/userverification_clerk.browser_40f36c_5.68.0-canary.v20250604151506.js.br
- clerk-js/5.68.0-canary.v20250604151506/userverification_clerk.browser_40f36c_5.68.0-canary.v20250604151506.js.gz
- clerk-js/5.68.0-canary.v20250604151506/userverification_clerk.browser_40f36c_5.68.0-canary.v20250604151506.js.sri
- clerk-js/5.68.0-canary.v20250604151506/userverification_clerk.browser_40f36c_5.68.0-canary.v20250604151506.min.js.br
- clerk-js/5.68.0-canary.v20250604151506/userverification_clerk.browser_40f36c_5.68.0-canary.v20250604151506.min.js.gz
- clerk-js/5.68.0-canary.v20250604151506/userverification_clerk.browser_40f36c_5.68.0-canary.v20250604151506.min.js.sri
- clerk-js/5.68.0-canary.v20250604151506/userverification_clerk.chips.browser_7d2ea2_5.68.0-canary.v20250604151506.js.br
- clerk-js/5.68.0-canary.v20250604151506/userverification_clerk.chips.browser_7d2ea2_5.68.0-canary.v20250604151506.js.gz
- clerk-js/5.68.0-canary.v20250604151506/userverification_clerk.chips.browser_7d2ea2_5.68.0-canary.v20250604151506.js.sri
- clerk-js/5.68.0-canary.v20250604151506/userverification_clerk.chips.browser_7d2ea2_5.68.0-canary.v20250604151506.min.js.br
- clerk-js/5.68.0-canary.v20250604151506/userverification_clerk.chips.browser_7d2ea2_5.68.0-canary.v20250604151506.min.js.gz
- clerk-js/5.68.0-canary.v20250604151506/userverification_clerk.chips.browser_7d2ea2_5.68.0-canary.v20250604151506.min.js.sri
- clerk-js/5.68.0-canary.v20250604151506/userverification_clerk.legacy.browser_aa4a7a_5.68.0-canary.v20250604151506.js.br
- clerk-js/5.68.0-canary.v20250604151506/userverification_clerk.legacy.browser_aa4a7a_5.68.0-canary.v20250604151506.js.gz
- clerk-js/5.68.0-canary.v20250604151506/userverification_clerk.legacy.browser_aa4a7a_5.68.0-canary.v20250604151506.js.sri
- clerk-js/5.68.0-canary.v20250604151506/userverification_clerk.legacy.browser_aa4a7a_5.68.0-canary.v20250604151506.min.js.br
- clerk-js/5.68.0-canary.v20250604151506/userverification_clerk.legacy.browser_aa4a7a_5.68.0-canary.v20250604151506.min.js.gz
- clerk-js/5.68.0-canary.v20250604151506/userverification_clerk.legacy.browser_aa4a7a_5.68.0-canary.v20250604151506.min.js.sri
- clerk-js/5.68.0-canary.v20250604151506/vendors_clerk.browser_40f36c_5.68.0-canary.v20250604151506.js.br
- clerk-js/5.68.0-canary.v20250604151506/vendors_clerk.browser_40f36c_5.68.0-canary.v20250604151506.js.gz
- clerk-js/5.68.0-canary.v20250604151506/vendors_clerk.browser_40f36c_5.68.0-canary.v20250604151506.js.sri
- clerk-js/5.68.0-canary.v20250604151506/vendors_clerk.browser_40f36c_5.68.0-canary.v20250604151506.min.js.br
- clerk-js/5.68.0-canary.v20250604151506/vendors_clerk.browser_40f36c_5.68.0-canary.v20250604151506.min.js.gz
- clerk-js/5.68.0-canary.v20250604151506/vendors_clerk.browser_40f36c_5.68.0-canary.v20250604151506.min.js.sri
- clerk-js/5.68.0-canary.v20250604151506/vendors_clerk.chips.browser_7d2ea2_5.68.0-canary.v20250604151506.js.br
- clerk-js/5.68.0-canary.v20250604151506/vendors_clerk.chips.browser_7d2ea2_5.68.0-canary.v20250604151506.js.gz
- clerk-js/5.68.0-canary.v20250604151506/vendors_clerk.chips.browser_7d2ea2_5.68.0-canary.v20250604151506.js.sri
- clerk-js/5.68.0-canary.v20250604151506/vendors_clerk.chips.browser_7d2ea2_5.68.0-canary.v20250604151506.min.js.br
- clerk-js/5.68.0-canary.v20250604151506/vendors_clerk.chips.browser_7d2ea2_5.68.0-canary.v20250604151506.min.js.gz
- clerk-js/5.68.0-canary.v20250604151506/vendors_clerk.chips.browser_7d2ea2_5.68.0-canary.v20250604151506.min.js.sri
- clerk-js/5.68.0-canary.v20250604151506/vendors_clerk.headless.browser_b78311_5.68.0-canary.v20250604151506.js.br
- clerk-js/5.68.0-canary.v20250604151506/vendors_clerk.headless.browser_b78311_5.68.0-canary.v20250604151506.js.gz
- clerk-js/5.68.0-canary.v20250604151506/vendors_clerk.headless.browser_b78311_5.68.0-canary.v20250604151506.js.sri
- clerk-js/5.68.0-canary.v20250604151506/vendors_clerk.headless.browser_b78311_5.68.0-canary.v20250604151506.min.js.br
- clerk-js/5.68.0-canary.v20250604151506/vendors_clerk.headless.browser_b78311_5.68.0-canary.v20250604151506.min.js.gz
- clerk-js/5.68.0-canary.v20250604151506/vendors_clerk.headless.browser_b78311_5.68.0-canary.v20250604151506.min.js.sri
- clerk-js/5.68.0-canary.v20250604151506/vendors_clerk.legacy.browser_aa4a7a_5.68.0-canary.v20250604151506.js.br
- clerk-js/5.68.0-canary.v20250604151506/vendors_clerk.legacy.browser_aa4a7a_5.68.0-canary.v20250604151506.js.gz
- clerk-js/5.68.0-canary.v20250604151506/vendors_clerk.legacy.browser_aa4a7a_5.68.0-canary.v20250604151506.js.sri
- clerk-js/5.68.0-canary.v20250604151506/vendors_clerk.legacy.browser_aa4a7a_5.68.0-canary.v20250604151506.min.js.br
- clerk-js/5.68.0-canary.v20250604151506/vendors_clerk.legacy.browser_aa4a7a_5.68.0-canary.v20250604151506.min.js.gz
- clerk-js/5.68.0-canary.v20250604151506/vendors_clerk.legacy.browser_aa4a7a_5.68.0-canary.v20250604151506.min.js.sri
- clerk-js/5.68.0-canary.v20250604151506/waitlist_clerk.browser_40f36c_5.68.0-canary.v20250604151506.js.br
- clerk-js/5.68.0-canary.v20250604151506/waitlist_clerk.browser_40f36c_5.68.0-canary.v20250604151506.js.gz
- clerk-js/5.68.0-canary.v20250604151506/waitlist_clerk.browser_40f36c_5.68.0-canary.v20250604151506.js.sri
- clerk-js/5.68.0-canary.v20250604151506/waitlist_clerk.browser_40f36c_5.68.0-canary.v20250604151506.min.js.br
- clerk-js/5.68.0-canary.v20250604151506/waitlist_clerk.browser_40f36c_5.68.0-canary.v20250604151506.min.js.gz
- clerk-js/5.68.0-canary.v20250604151506/waitlist_clerk.browser_40f36c_5.68.0-canary.v20250604151506.min.js.sri
- clerk-js/5.68.0-canary.v20250604151506/waitlist_clerk.chips.browser_7d2ea2_5.68.0-canary.v20250604151506.js.br
- clerk-js/5.68.0-canary.v20250604151506/waitlist_clerk.chips.browser_7d2ea2_5.68.0-canary.v20250604151506.js.gz
- clerk-js/5.68.0-canary.v20250604151506/waitlist_clerk.chips.browser_7d2ea2_5.68.0-canary.v20250604151506.js.sri
- clerk-js/5.68.0-canary.v20250604151506/waitlist_clerk.chips.browser_7d2ea2_5.68.0-canary.v20250604151506.min.js.br
- clerk-js/5.68.0-canary.v20250604151506/waitlist_clerk.chips.browser_7d2ea2_5.68.0-canary.v20250604151506.min.js.gz
- clerk-js/5.68.0-canary.v20250604151506/waitlist_clerk.chips.browser_7d2ea2_5.68.0-canary.v20250604151506.min.js.sri
- clerk-js/5.68.0-canary.v20250604151506/waitlist_clerk.legacy.browser_aa4a7a_5.68.0-canary.v20250604151506.js.br
- clerk-js/5.68.0-canary.v20250604151506/waitlist_clerk.legacy.browser_aa4a7a_5.68.0-canary.v20250604151506.js.gz
- clerk-js/5.68.0-canary.v20250604151506/waitlist_clerk.legacy.browser_aa4a7a_5.68.0-canary.v20250604151506.js.sri
- clerk-js/5.68.0-canary.v20250604151506/waitlist_clerk.legacy.browser_aa4a7a_5.68.0-canary.v20250604151506.min.js.br
- clerk-js/5.68.0-canary.v20250604151506/waitlist_clerk.legacy.browser_aa4a7a_5.68.0-canary.v20250604151506.min.js.gz
- clerk-js/5.68.0-canary.v20250604151506/waitlist_clerk.legacy.browser_aa4a7a_5.68.0-canary.v20250604151506.min.js.sri
- clerk-js/5.68.0-canary.v20250604151506/zxcvbn-common_clerk.browser_40f36c_5.68.0-canary.v20250604151506.js.br
- clerk-js/5.68.0-canary.v20250604151506/zxcvbn-common_clerk.browser_40f36c_5.68.0-canary.v20250604151506.js.gz
- clerk-js/5.68.0-canary.v20250604151506/zxcvbn-common_clerk.browser_40f36c_5.68.0-canary.v20250604151506.js.sri
- clerk-js/5.68.0-canary.v20250604151506/zxcvbn-common_clerk.browser_40f36c_5.68.0-canary.v20250604151506.min.js.br
- clerk-js/5.68.0-canary.v20250604151506/zxcvbn-common_clerk.browser_40f36c_5.68.0-canary.v20250604151506.min.js.gz
- clerk-js/5.68.0-canary.v20250604151506/zxcvbn-common_clerk.browser_40f36c_5.68.0-canary.v20250604151506.min.js.sri
- clerk-js/5.68.0-canary.v20250604151506/zxcvbn-common_clerk.chips.browser_7d2ea2_5.68.0-canary.v20250604151506.js.br
- clerk-js/5.68.0-canary.v20250604151506/zxcvbn-common_clerk.chips.browser_7d2ea2_5.68.0-canary.v20250604151506.js.gz
- clerk-js/5.68.0-canary.v20250604151506/zxcvbn-common_clerk.chips.browser_7d2ea2_5.68.0-canary.v20250604151506.js.sri
- clerk-js/5.68.0-canary.v20250604151506/zxcvbn-common_clerk.chips.browser_7d2ea2_5.68.0-canary.v20250604151506.min.js.br
- clerk-js/5.68.0-canary.v20250604151506/zxcvbn-common_clerk.chips.browser_7d2ea2_5.68.0-canary.v20250604151506.min.js.gz
- clerk-js/5.68.0-canary.v20250604151506/zxcvbn-common_clerk.chips.browser_7d2ea2_5.68.0-canary.v20250604151506.min.js.sri
- clerk-js/5.68.0-canary.v20250604151506/zxcvbn-common_clerk.headless.browser_b78311_5.68.0-canary.v20250604151506.js.br
- clerk-js/5.68.0-canary.v20250604151506/zxcvbn-common_clerk.headless.browser_b78311_5.68.0-canary.v20250604151506.js.gz
- clerk-js/5.68.0-canary.v20250604151506/zxcvbn-common_clerk.headless.browser_b78311_5.68.0-canary.v20250604151506.js.sri
- clerk-js/5.68.0-canary.v20250604151506/zxcvbn-common_clerk.headless.browser_b78311_5.68.0-canary.v20250604151506.min.js.br
- clerk-js/5.68.0-canary.v20250604151506/zxcvbn-common_clerk.headless.browser_b78311_5.68.0-canary.v20250604151506.min.js.gz
- clerk-js/5.68.0-canary.v20250604151506/zxcvbn-common_clerk.headless.browser_b78311_5.68.0-canary.v20250604151506.min.js.sri
- clerk-js/5.68.0-canary.v20250604151506/zxcvbn-common_clerk.legacy.browser_aa4a7a_5.68.0-canary.v20250604151506.js.br
- clerk-js/5.68.0-canary.v20250604151506/zxcvbn-common_clerk.legacy.browser_aa4a7a_5.68.0-canary.v20250604151506.js.gz
- clerk-js/5.68.0-canary.v20250604151506/zxcvbn-common_clerk.legacy.browser_aa4a7a_5.68.0-canary.v20250604151506.js.sri
- clerk-js/5.68.0-canary.v20250604151506/zxcvbn-common_clerk.legacy.browser_aa4a7a_5.68.0-canary.v20250604151506.min.js.br
- clerk-js/5.68.0-canary.v20250604151506/zxcvbn-common_clerk.legacy.browser_aa4a7a_5.68.0-canary.v20250604151506.min.js.gz
- clerk-js/5.68.0-canary.v20250604151506/zxcvbn-common_clerk.legacy.browser_aa4a7a_5.68.0-canary.v20250604151506.min.js.sri
- clerk-js/5.68.0-canary.v20250604151506/zxcvbn-ts-core_clerk.browser_40f36c_5.68.0-canary.v20250604151506.js.br
- clerk-js/5.68.0-canary.v20250604151506/zxcvbn-ts-core_clerk.browser_40f36c_5.68.0-canary.v20250604151506.js.gz
- clerk-js/5.68.0-canary.v20250604151506/zxcvbn-ts-core_clerk.browser_40f36c_5.68.0-canary.v20250604151506.js.sri
- clerk-js/5.68.0-canary.v20250604151506/zxcvbn-ts-core_clerk.browser_40f36c_5.68.0-canary.v20250604151506.min.js.br
- clerk-js/5.68.0-canary.v20250604151506/zxcvbn-ts-core_clerk.browser_40f36c_5.68.0-canary.v20250604151506.min.js.gz
- clerk-js/5.68.0-canary.v20250604151506/zxcvbn-ts-core_clerk.browser_40f36c_5.68.0-canary.v20250604151506.min.js.sri
- clerk-js/5.68.0-canary.v20250604151506/zxcvbn-ts-core_clerk.chips.browser_7d2ea2_5.68.0-canary.v20250604151506.js.br
- clerk-js/5.68.0-canary.v20250604151506/zxcvbn-ts-core_clerk.chips.browser_7d2ea2_5.68.0-canary.v20250604151506.js.gz
- clerk-js/5.68.0-canary.v20250604151506/zxcvbn-ts-core_clerk.chips.browser_7d2ea2_5.68.0-canary.v20250604151506.js.sri
- clerk-js/5.68.0-canary.v20250604151506/zxcvbn-ts-core_clerk.chips.browser_7d2ea2_5.68.0-canary.v20250604151506.min.js.br
- clerk-js/5.68.0-canary.v20250604151506/zxcvbn-ts-core_clerk.chips.browser_7d2ea2_5.68.0-canary.v20250604151506.min.js.gz
- clerk-js/5.68.0-canary.v20250604151506/zxcvbn-ts-core_clerk.chips.browser_7d2ea2_5.68.0-canary.v20250604151506.min.js.sri
- clerk-js/5.68.0-canary.v20250604151506/zxcvbn-ts-core_clerk.headless.browser_b78311_5.68.0-canary.v20250604151506.js.br
- clerk-js/5.68.0-canary.v20250604151506/zxcvbn-ts-core_clerk.headless.browser_b78311_5.68.0-canary.v20250604151506.js.gz
- clerk-js/5.68.0-canary.v20250604151506/zxcvbn-ts-core_clerk.headless.browser_b78311_5.68.0-canary.v20250604151506.js.sri
- clerk-js/5.68.0-canary.v20250604151506/zxcvbn-ts-core_clerk.headless.browser_b78311_5.68.0-canary.v20250604151506.min.js.br
- clerk-js/5.68.0-canary.v20250604151506/zxcvbn-ts-core_clerk.headless.browser_b78311_5.68.0-canary.v20250604151506.min.js.gz
- clerk-js/5.68.0-canary.v20250604151506/zxcvbn-ts-core_clerk.headless.browser_b78311_5.68.0-canary.v20250604151506.min.js.sri
- clerk-js/5.68.0-canary.v20250604151506/zxcvbn-ts-core_clerk.legacy.browser_aa4a7a_5.68.0-canary.v20250604151506.js.br
- clerk-js/5.68.0-canary.v20250604151506/zxcvbn-ts-core_clerk.legacy.browser_aa4a7a_5.68.0-canary.v20250604151506.js.gz
- clerk-js/5.68.0-canary.v20250604151506/zxcvbn-ts-core_clerk.legacy.browser_aa4a7a_5.68.0-canary.v20250604151506.js.sri
- clerk-js/5.68.0-canary.v20250604151506/zxcvbn-ts-core_clerk.legacy.browser_aa4a7a_5.68.0-canary.v20250604151506.min.js.br
- clerk-js/5.68.0-canary.v20250604151506/zxcvbn-ts-core_clerk.legacy.browser_aa4a7a_5.68.0-canary.v20250604151506.min.js.gz
- clerk-js/5.68.0-canary.v20250604151506/zxcvbn-ts-core_clerk.legacy.browser_aa4a7a_5.68.0-canary.v20250604151506.min.js.sri
