published: 2026-09-23T19:12:34.360Z

- smokejs/2.1.6/css/smoke.css.br
- smokejs/2.1.6/css/smoke.css.gz
- smokejs/2.1.6/css/smoke.min.css.br
- smokejs/2.1.6/css/smoke.min.css.gz
- smokejs/2.1.6/js/smoke.js.br
- smokejs/2.1.6/js/smoke.js.gz
- smokejs/2.1.6/js/smoke.min.js.br
- smokejs/2.1.6/js/smoke.min.js.gz
- smokejs/2.1.6/lang/de.js.br
- smokejs/2.1.6/lang/de.js.gz
- smokejs/2.1.6/lang/de.min.js.br
- smokejs/2.1.6/lang/de.min.js.gz
- smokejs/2.1.6/lang/es.js.br
- smokejs/2.1.6/lang/es.js.gz
- smokejs/2.1.6/lang/es.min.js.br
- smokejs/2.1.6/lang/es.min.js.gz
- smokejs/2.1.6/lang/fr.js.br
- smokejs/2.1.6/lang/fr.js.gz
- smokejs/2.1.6/lang/fr.min.js.br
- smokejs/2.1.6/lang/fr.min.js.gz
- smokejs/2.1.6/lang/pt_br.js.br
- smokejs/2.1.6/lang/pt_br.js.gz
- smokejs/2.1.6/lang/pt_br.min.js.br
- smokejs/2.1.6/lang/pt_br.min.js.gz