- vanta/0.5.16/vanta.birds.min.js.br
- vanta/0.5.16/vanta.birds.min.js.gz
- vanta/0.5.16/vanta.cells.min.js.br
- vanta/0.5.16/vanta.cells.min.js.gz
- vanta/0.5.16/vanta.clouds.min.js.br
- vanta/0.5.16/vanta.clouds.min.js.gz
- vanta/0.5.16/vanta.clouds2.min.js.br
- vanta/0.5.16/vanta.clouds2.min.js.gz
- vanta/0.5.16/vanta.dots.min.js.br
- vanta/0.5.16/vanta.dots.min.js.gz
- vanta/0.5.16/vanta.fog.min.js.br
- vanta/0.5.16/vanta.fog.min.js.gz
- vanta/0.5.16/vanta.globe.min.js.br
- vanta/0.5.16/vanta.globe.min.js.gz
- vanta/0.5.16/vanta.halo.min.js.br
- vanta/0.5.16/vanta.halo.min.js.gz
- vanta/0.5.16/vanta.net.min.js.br
- vanta/0.5.16/vanta.net.min.js.gz
- vanta/0.5.16/vanta.rings.min.js.br
- vanta/0.5.16/vanta.rings.min.js.gz
- vanta/0.5.16/vanta.ripple.min.js.br
- vanta/0.5.16/vanta.ripple.min.js.gz
- vanta/0.5.16/vanta.topology.min.js.br
- vanta/0.5.16/vanta.topology.min.js.gz
- vanta/0.5.16/vanta.trunk.min.js.br
- vanta/0.5.16/vanta.trunk.min.js.gz
- vanta/0.5.16/vanta.waves.min.js.br
- vanta/0.5.16/vanta.waves.min.js.gz