Files:
- 18x/0.1.301/BC.js.br
- 18x/0.1.301/BC.js.gz
- 18x/0.1.301/BC.js.map.br
- 18x/0.1.301/BC.js.map.gz
- 18x/0.1.301/BC.js.sri
- 18x/0.1.301/Box.js.br
- 18x/0.1.301/Box.js.gz
- 18x/0.1.301/Box.js.map.br
- 18x/0.1.301/Box.js.map.gz
- 18x/0.1.301/Box.js.sri
- 18x/0.1.301/LANG_CODE.js.br
- 18x/0.1.301/LANG_CODE.js.gz
- 18x/0.1.301/LANG_CODE.js.map.br
- 18x/0.1.301/LANG_CODE.js.map.gz
- 18x/0.1.301/LANG_CODE.js.sri
- 18x/0.1.301/Match.js.br
- 18x/0.1.301/Match.js.gz
- 18x/0.1.301/Match.js.map.br
- 18x/0.1.301/Match.js.map.gz
- 18x/0.1.301/Match.js.sri
- 18x/0.1.301/On.js.br
- 18x/0.1.301/On.js.gz
- 18x/0.1.301/On.js.map.br
- 18x/0.1.301/On.js.map.gz
- 18x/0.1.301/On.js.sri
- 18x/0.1.301/W.js.br
- 18x/0.1.301/W.js.gz
- 18x/0.1.301/W.js.map.br
- 18x/0.1.301/W.js.map.gz
- 18x/0.1.301/W.js.sri
- 18x/0.1.301/_.css.br
- 18x/0.1.301/_.css.gz
- 18x/0.1.301/_.css.sri
- 18x/0.1.301/_.js.br
- 18x/0.1.301/_.js.gz
- 18x/0.1.301/_.js.map.br
- 18x/0.1.301/_.js.map.gz
- 18x/0.1.301/_.js.sri
- 18x/0.1.301/_.min.css.br
- 18x/0.1.301/_.min.css.gz
- 18x/0.1.301/_.min.css.sri
- 18x/0.1.301/a.js.br
- 18x/0.1.301/a.js.gz
- 18x/0.1.301/a.js.map.br
- 18x/0.1.301/a.js.map.gz
- 18x/0.1.301/a.js.sri
- 18x/0.1.301/bintxt.js.br
- 18x/0.1.301/bintxt.js.gz
- 18x/0.1.301/bintxt.js.map.br
- 18x/0.1.301/bintxt.js.map.gz
- 18x/0.1.301/bintxt.js.sri
- 18x/0.1.301/box.css.br
- 18x/0.1.301/box.css.gz
- 18x/0.1.301/box.css.sri
- 18x/0.1.301/box.min.css.br
- 18x/0.1.301/box.min.css.gz
- 18x/0.1.301/box.min.css.sri
- 18x/0.1.301/cookie.js.br
- 18x/0.1.301/cookie.js.gz
- 18x/0.1.301/cookie.js.map.br
- 18x/0.1.301/cookie.js.map.gz
- 18x/0.1.301/cookie.js.sri
- 18x/0.1.301/f.js.br
- 18x/0.1.301/f.js.gz
- 18x/0.1.301/f.js.map.br
- 18x/0.1.301/f.js.map.gz
- 18x/0.1.301/f.js.sri
- 18x/0.1.301/fBinPrefix.js.br
- 18x/0.1.301/fBinPrefix.js.gz
- 18x/0.1.301/fBinPrefix.js.map.br
- 18x/0.1.301/fBinPrefix.js.map.gz
- 18x/0.1.301/fBinPrefix.js.sri
- 18x/0.1.301/fBintxt.js.br
- 18x/0.1.301/fBintxt.js.gz
- 18x/0.1.301/fBintxt.js.map.br
- 18x/0.1.301/fBintxt.js.map.gz
- 18x/0.1.301/fBintxt.js.sri
- 18x/0.1.301/forceGoto.js.br
- 18x/0.1.301/forceGoto.js.gz
- 18x/0.1.301/forceGoto.js.map.br
- 18x/0.1.301/forceGoto.js.map.gz
- 18x/0.1.301/forceGoto.js.sri
- 18x/0.1.301/htmBox.js.br
- 18x/0.1.301/htmBox.js.gz
- 18x/0.1.301/htmBox.js.map.br
- 18x/0.1.301/htmBox.js.map.gz
- 18x/0.1.301/htmBox.js.sri
- 18x/0.1.301/i-h.js.br
- 18x/0.1.301/i-h.js.gz
- 18x/0.1.301/i-h.js.map.br
- 18x/0.1.301/i-h.js.map.gz
- 18x/0.1.301/i-h.js.sri
- 18x/0.1.301/init.css.br
- 18x/0.1.301/init.css.gz
- 18x/0.1.301/init.css.sri
- 18x/0.1.301/init.min.css.br
- 18x/0.1.301/init.min.css.gz
- 18x/0.1.301/init.min.css.sri
- 18x/0.1.301/initC.js.br
- 18x/0.1.301/initC.js.gz
- 18x/0.1.301/initC.js.map.br
- 18x/0.1.301/initC.js.map.gz
- 18x/0.1.301/initC.js.sri
- 18x/0.1.301/isPrefix.js.br
- 18x/0.1.301/isPrefix.js.gz
- 18x/0.1.301/isPrefix.js.map.br
- 18x/0.1.301/isPrefix.js.map.gz
- 18x/0.1.301/isPrefix.js.sri
- 18x/0.1.301/lang.js.br
- 18x/0.1.301/lang.js.gz
- 18x/0.1.301/lang.js.map.br
- 18x/0.1.301/lang.js.map.gz
- 18x/0.1.301/lang.js.sri
- 18x/0.1.301/langHook.js.br
- 18x/0.1.301/langHook.js.gz
- 18x/0.1.301/langHook.js.map.br
- 18x/0.1.301/langHook.js.map.gz
- 18x/0.1.301/langHook.js.sri
- 18x/0.1.301/langSite.js.br
- 18x/0.1.301/langSite.js.gz
- 18x/0.1.301/langSite.js.map.br
- 18x/0.1.301/langSite.js.map.gz
- 18x/0.1.301/langSite.js.sri
- 18x/0.1.301/mouse.js.br
- 18x/0.1.301/mouse.js.gz
- 18x/0.1.301/mouse.js.sri
- 18x/0.1.301/pair.js.br
- 18x/0.1.301/pair.js.gz
- 18x/0.1.301/pair.js.map.br
- 18x/0.1.301/pair.js.map.gz
- 18x/0.1.301/pair.js.sri
- 18x/0.1.301/pet.js.br
- 18x/0.1.301/pet.js.gz
- 18x/0.1.301/pet.js.map.br
- 18x/0.1.301/pet.js.map.gz
- 18x/0.1.301/pet.js.sri
- 18x/0.1.301/route.js.br
- 18x/0.1.301/route.js.gz
- 18x/0.1.301/route.js.map.br
- 18x/0.1.301/route.js.map.gz
- 18x/0.1.301/route.js.sri
- 18x/0.1.301/selfA.js.br
- 18x/0.1.301/selfA.js.gz
- 18x/0.1.301/selfA.js.map.br
- 18x/0.1.301/selfA.js.map.gz
- 18x/0.1.301/selfA.js.sri
- 18x/0.1.301/seo.css.br
- 18x/0.1.301/seo.css.gz
- 18x/0.1.301/seo.css.sri
- 18x/0.1.301/seo.js.br
- 18x/0.1.301/seo.js.gz
- 18x/0.1.301/seo.js.map.br
- 18x/0.1.301/seo.js.map.gz
- 18x/0.1.301/seo.js.sri
- 18x/0.1.301/seo.min.css.br
- 18x/0.1.301/seo.min.css.gz
- 18x/0.1.301/seo.min.css.sri
- 18x/0.1.301/share.js.br
- 18x/0.1.301/share.js.gz
- 18x/0.1.301/share.js.map.br
- 18x/0.1.301/share.js.map.gz
- 18x/0.1.301/share.js.sri
- 18x/0.1.301/split.js.br
- 18x/0.1.301/split.js.gz
- 18x/0.1.301/split.js.map.br
- 18x/0.1.301/split.js.map.gz
- 18x/0.1.301/split.js.sri
- 18x/0.1.301/toast.css.br
- 18x/0.1.301/toast.css.gz
- 18x/0.1.301/toast.css.sri
- 18x/0.1.301/toast.js.br
- 18x/0.1.301/toast.js.gz
- 18x/0.1.301/toast.js.map.br
- 18x/0.1.301/toast.js.map.gz
- 18x/0.1.301/toast.js.sri
- 18x/0.1.301/toast.min.css.br
- 18x/0.1.301/toast.min.css.gz
- 18x/0.1.301/toast.min.css.sri
- 18x/0.1.301/user.js.br
- 18x/0.1.301/user.js.gz
- 18x/0.1.301/user.js.map.br
- 18x/0.1.301/user.js.map.gz
- 18x/0.1.301/user.js.sri
- 18x/0.1.301/utf8d.js.br
- 18x/0.1.301/utf8d.js.gz
- 18x/0.1.301/utf8d.js.map.br
- 18x/0.1.301/utf8d.js.map.gz
- 18x/0.1.301/utf8d.js.sri
- 18x/0.1.301/vbD.js.br
- 18x/0.1.301/vbD.js.gz
- 18x/0.1.301/vbD.js.map.br
- 18x/0.1.301/vbD.js.map.gz
- 18x/0.1.301/vbD.js.sri
- 18x/0.1.301/xBox.js.br
- 18x/0.1.301/xBox.js.gz
- 18x/0.1.301/xBox.js.map.br
- 18x/0.1.301/xBox.js.map.gz
- 18x/0.1.301/xBox.js.sri
