published: 2026-10-08T23:54:29.906Z

- jquery-impromptu/6.1.0/jquery-impromptu.css.br
- jquery-impromptu/6.1.0/jquery-impromptu.css.gz
- jquery-impromptu/6.1.0/jquery-impromptu.js.br
- jquery-impromptu/6.1.0/jquery-impromptu.js.gz
- jquery-impromptu/6.1.0/jquery-impromptu.min.css.br
- jquery-impromptu/6.1.0/jquery-impromptu.min.css.gz
- jquery-impromptu/6.1.0/jquery-impromptu.min.js.br
- jquery-impromptu/6.1.0/jquery-impromptu.min.js.gz
- jquery-impromptu/6.1.0/themes/base.css.br
- jquery-impromptu/6.1.0/themes/base.css.gz
- jquery-impromptu/6.1.0/themes/base.min.css.br
- jquery-impromptu/6.1.0/themes/base.min.css.gz
- jquery-impromptu/6.1.0/themes/classic-impromptu.css.br
- jquery-impromptu/6.1.0/themes/classic-impromptu.css.gz
- jquery-impromptu/6.1.0/themes/classic-impromptu.min.css.br
- jquery-impromptu/6.1.0/themes/classic-impromptu.min.css.gz
- jquery-impromptu/6.1.0/themes/clean-blue.css.br
- jquery-impromptu/6.1.0/themes/clean-blue.css.gz
- jquery-impromptu/6.1.0/themes/clean-blue.min.css.br
- jquery-impromptu/6.1.0/themes/clean-blue.min.css.gz
- jquery-impromptu/6.1.0/themes/ext-blue.css.br
- jquery-impromptu/6.1.0/themes/ext-blue.css.gz
- jquery-impromptu/6.1.0/themes/ext-blue.min.css.br
- jquery-impromptu/6.1.0/themes/ext-blue.min.css.gz
- jquery-impromptu/6.1.0/themes/smooth.css.br
- jquery-impromptu/6.1.0/themes/smooth.css.gz
- jquery-impromptu/6.1.0/themes/smooth.min.css.br
- jquery-impromptu/6.1.0/themes/smooth.min.css.gz
- jquery-impromptu/6.1.0/themes/zoo.css.br
- jquery-impromptu/6.1.0/themes/zoo.css.gz
- jquery-impromptu/6.1.0/themes/zoo.min.css.br
- jquery-impromptu/6.1.0/themes/zoo.min.css.gz