Files:
- clerk-js/5.59.0-snapshot.v20250402194352/192_1e3c3e_5.59.0-snapshot.v20250402194352.js.br
- clerk-js/5.59.0-snapshot.v20250402194352/192_1e3c3e_5.59.0-snapshot.v20250402194352.js.gz
- clerk-js/5.59.0-snapshot.v20250402194352/192_1e3c3e_5.59.0-snapshot.v20250402194352.js.sri
- clerk-js/5.59.0-snapshot.v20250402194352/192_1e3c3e_5.59.0-snapshot.v20250402194352.min.js.br
- clerk-js/5.59.0-snapshot.v20250402194352/192_1e3c3e_5.59.0-snapshot.v20250402194352.min.js.gz
- clerk-js/5.59.0-snapshot.v20250402194352/192_1e3c3e_5.59.0-snapshot.v20250402194352.min.js.sri
- clerk-js/5.59.0-snapshot.v20250402194352/377_a16eec_5.59.0-snapshot.v20250402194352.js.br
- clerk-js/5.59.0-snapshot.v20250402194352/377_a16eec_5.59.0-snapshot.v20250402194352.js.gz
- clerk-js/5.59.0-snapshot.v20250402194352/377_a16eec_5.59.0-snapshot.v20250402194352.js.sri
- clerk-js/5.59.0-snapshot.v20250402194352/377_a16eec_5.59.0-snapshot.v20250402194352.min.js.br
- clerk-js/5.59.0-snapshot.v20250402194352/377_a16eec_5.59.0-snapshot.v20250402194352.min.js.gz
- clerk-js/5.59.0-snapshot.v20250402194352/377_a16eec_5.59.0-snapshot.v20250402194352.min.js.sri
- clerk-js/5.59.0-snapshot.v20250402194352/890_a16eec_5.59.0-snapshot.v20250402194352.js.br
- clerk-js/5.59.0-snapshot.v20250402194352/890_a16eec_5.59.0-snapshot.v20250402194352.js.gz
- clerk-js/5.59.0-snapshot.v20250402194352/890_a16eec_5.59.0-snapshot.v20250402194352.js.sri
- clerk-js/5.59.0-snapshot.v20250402194352/890_a16eec_5.59.0-snapshot.v20250402194352.min.js.br
- clerk-js/5.59.0-snapshot.v20250402194352/890_a16eec_5.59.0-snapshot.v20250402194352.min.js.gz
- clerk-js/5.59.0-snapshot.v20250402194352/890_a16eec_5.59.0-snapshot.v20250402194352.min.js.sri
- clerk-js/5.59.0-snapshot.v20250402194352/965_a16eec_5.59.0-snapshot.v20250402194352.js.br
- clerk-js/5.59.0-snapshot.v20250402194352/965_a16eec_5.59.0-snapshot.v20250402194352.js.gz
- clerk-js/5.59.0-snapshot.v20250402194352/965_a16eec_5.59.0-snapshot.v20250402194352.js.sri
- clerk-js/5.59.0-snapshot.v20250402194352/965_a16eec_5.59.0-snapshot.v20250402194352.min.js.br
- clerk-js/5.59.0-snapshot.v20250402194352/965_a16eec_5.59.0-snapshot.v20250402194352.min.js.gz
- clerk-js/5.59.0-snapshot.v20250402194352/965_a16eec_5.59.0-snapshot.v20250402194352.min.js.sri
- clerk-js/5.59.0-snapshot.v20250402194352/blankcaptcha_1e3c3e_5.59.0-snapshot.v20250402194352.js.br
- clerk-js/5.59.0-snapshot.v20250402194352/blankcaptcha_1e3c3e_5.59.0-snapshot.v20250402194352.js.gz
- clerk-js/5.59.0-snapshot.v20250402194352/blankcaptcha_1e3c3e_5.59.0-snapshot.v20250402194352.js.sri
- clerk-js/5.59.0-snapshot.v20250402194352/blankcaptcha_1e3c3e_5.59.0-snapshot.v20250402194352.min.js.br
- clerk-js/5.59.0-snapshot.v20250402194352/blankcaptcha_1e3c3e_5.59.0-snapshot.v20250402194352.min.js.gz
- clerk-js/5.59.0-snapshot.v20250402194352/blankcaptcha_1e3c3e_5.59.0-snapshot.v20250402194352.min.js.sri
- clerk-js/5.59.0-snapshot.v20250402194352/checkout_1e3c3e_5.59.0-snapshot.v20250402194352.js.br
- clerk-js/5.59.0-snapshot.v20250402194352/checkout_1e3c3e_5.59.0-snapshot.v20250402194352.js.gz
- clerk-js/5.59.0-snapshot.v20250402194352/checkout_1e3c3e_5.59.0-snapshot.v20250402194352.js.sri
- clerk-js/5.59.0-snapshot.v20250402194352/checkout_1e3c3e_5.59.0-snapshot.v20250402194352.min.js.br
- clerk-js/5.59.0-snapshot.v20250402194352/checkout_1e3c3e_5.59.0-snapshot.v20250402194352.min.js.gz
- clerk-js/5.59.0-snapshot.v20250402194352/checkout_1e3c3e_5.59.0-snapshot.v20250402194352.min.js.sri
- clerk-js/5.59.0-snapshot.v20250402194352/clerk.browser.js.br
- clerk-js/5.59.0-snapshot.v20250402194352/clerk.browser.js.gz
- clerk-js/5.59.0-snapshot.v20250402194352/clerk.browser.js.sri
- clerk-js/5.59.0-snapshot.v20250402194352/clerk.browser.min.js.br
- clerk-js/5.59.0-snapshot.v20250402194352/clerk.browser.min.js.gz
- clerk-js/5.59.0-snapshot.v20250402194352/clerk.browser.min.js.sri
- clerk-js/5.59.0-snapshot.v20250402194352/clerk.headless.browser.js.br
- clerk-js/5.59.0-snapshot.v20250402194352/clerk.headless.browser.js.gz
- clerk-js/5.59.0-snapshot.v20250402194352/clerk.headless.browser.js.sri
- clerk-js/5.59.0-snapshot.v20250402194352/clerk.headless.browser.min.js.br
- clerk-js/5.59.0-snapshot.v20250402194352/clerk.headless.browser.min.js.gz
- clerk-js/5.59.0-snapshot.v20250402194352/clerk.headless.browser.min.js.sri
- clerk-js/5.59.0-snapshot.v20250402194352/clerk.headless.js.br
- clerk-js/5.59.0-snapshot.v20250402194352/clerk.headless.js.gz
- clerk-js/5.59.0-snapshot.v20250402194352/clerk.headless.js.sri
- clerk-js/5.59.0-snapshot.v20250402194352/clerk.headless.min.js.br
- clerk-js/5.59.0-snapshot.v20250402194352/clerk.headless.min.js.gz
- clerk-js/5.59.0-snapshot.v20250402194352/clerk.headless.min.js.sri
- clerk-js/5.59.0-snapshot.v20250402194352/clerk.js.br
- clerk-js/5.59.0-snapshot.v20250402194352/clerk.js.gz
- clerk-js/5.59.0-snapshot.v20250402194352/clerk.js.sri
- clerk-js/5.59.0-snapshot.v20250402194352/clerk.min.js.br
- clerk-js/5.59.0-snapshot.v20250402194352/clerk.min.js.gz
- clerk-js/5.59.0-snapshot.v20250402194352/clerk.min.js.sri
- clerk-js/5.59.0-snapshot.v20250402194352/clerk.mjs.br
- clerk-js/5.59.0-snapshot.v20250402194352/clerk.mjs.gz
- clerk-js/5.59.0-snapshot.v20250402194352/clerk.no-rhc.js.br
- clerk-js/5.59.0-snapshot.v20250402194352/clerk.no-rhc.js.gz
- clerk-js/5.59.0-snapshot.v20250402194352/clerk.no-rhc.js.sri
- clerk-js/5.59.0-snapshot.v20250402194352/clerk.no-rhc.min.js.br
- clerk-js/5.59.0-snapshot.v20250402194352/clerk.no-rhc.min.js.gz
- clerk-js/5.59.0-snapshot.v20250402194352/clerk.no-rhc.min.js.sri
- clerk-js/5.59.0-snapshot.v20250402194352/clerk.no-rhc.mjs.br
- clerk-js/5.59.0-snapshot.v20250402194352/clerk.no-rhc.mjs.gz
- clerk-js/5.59.0-snapshot.v20250402194352/coinbase-wallet-sdk_1e3c3e_5.59.0-snapshot.v20250402194352.js.br
- clerk-js/5.59.0-snapshot.v20250402194352/coinbase-wallet-sdk_1e3c3e_5.59.0-snapshot.v20250402194352.js.gz
- clerk-js/5.59.0-snapshot.v20250402194352/coinbase-wallet-sdk_1e3c3e_5.59.0-snapshot.v20250402194352.js.sri
- clerk-js/5.59.0-snapshot.v20250402194352/coinbase-wallet-sdk_1e3c3e_5.59.0-snapshot.v20250402194352.min.js.br
- clerk-js/5.59.0-snapshot.v20250402194352/coinbase-wallet-sdk_1e3c3e_5.59.0-snapshot.v20250402194352.min.js.gz
- clerk-js/5.59.0-snapshot.v20250402194352/coinbase-wallet-sdk_1e3c3e_5.59.0-snapshot.v20250402194352.min.js.sri
- clerk-js/5.59.0-snapshot.v20250402194352/coinbase-wallet-sdk_b32225_5.59.0-snapshot.v20250402194352.js.br
- clerk-js/5.59.0-snapshot.v20250402194352/coinbase-wallet-sdk_b32225_5.59.0-snapshot.v20250402194352.js.gz
- clerk-js/5.59.0-snapshot.v20250402194352/coinbase-wallet-sdk_b32225_5.59.0-snapshot.v20250402194352.js.sri
- clerk-js/5.59.0-snapshot.v20250402194352/coinbase-wallet-sdk_b32225_5.59.0-snapshot.v20250402194352.min.js.br
- clerk-js/5.59.0-snapshot.v20250402194352/coinbase-wallet-sdk_b32225_5.59.0-snapshot.v20250402194352.min.js.gz
- clerk-js/5.59.0-snapshot.v20250402194352/coinbase-wallet-sdk_b32225_5.59.0-snapshot.v20250402194352.min.js.sri
- clerk-js/5.59.0-snapshot.v20250402194352/cookieSuffix_1e3c3e_5.59.0-snapshot.v20250402194352.js.br
- clerk-js/5.59.0-snapshot.v20250402194352/cookieSuffix_1e3c3e_5.59.0-snapshot.v20250402194352.js.gz
- clerk-js/5.59.0-snapshot.v20250402194352/cookieSuffix_1e3c3e_5.59.0-snapshot.v20250402194352.js.sri
- clerk-js/5.59.0-snapshot.v20250402194352/cookieSuffix_1e3c3e_5.59.0-snapshot.v20250402194352.min.js.br
- clerk-js/5.59.0-snapshot.v20250402194352/cookieSuffix_1e3c3e_5.59.0-snapshot.v20250402194352.min.js.gz
- clerk-js/5.59.0-snapshot.v20250402194352/cookieSuffix_1e3c3e_5.59.0-snapshot.v20250402194352.min.js.sri
- clerk-js/5.59.0-snapshot.v20250402194352/cookieSuffix_a16eec_5.59.0-snapshot.v20250402194352.js.br
- clerk-js/5.59.0-snapshot.v20250402194352/cookieSuffix_a16eec_5.59.0-snapshot.v20250402194352.js.gz
- clerk-js/5.59.0-snapshot.v20250402194352/cookieSuffix_a16eec_5.59.0-snapshot.v20250402194352.js.sri
- clerk-js/5.59.0-snapshot.v20250402194352/cookieSuffix_a16eec_5.59.0-snapshot.v20250402194352.min.js.br
- clerk-js/5.59.0-snapshot.v20250402194352/cookieSuffix_a16eec_5.59.0-snapshot.v20250402194352.min.js.gz
- clerk-js/5.59.0-snapshot.v20250402194352/cookieSuffix_a16eec_5.59.0-snapshot.v20250402194352.min.js.sri
- clerk-js/5.59.0-snapshot.v20250402194352/cookieSuffix_b32225_5.59.0-snapshot.v20250402194352.js.br
- clerk-js/5.59.0-snapshot.v20250402194352/cookieSuffix_b32225_5.59.0-snapshot.v20250402194352.js.gz
- clerk-js/5.59.0-snapshot.v20250402194352/cookieSuffix_b32225_5.59.0-snapshot.v20250402194352.js.sri
- clerk-js/5.59.0-snapshot.v20250402194352/cookieSuffix_b32225_5.59.0-snapshot.v20250402194352.min.js.br
- clerk-js/5.59.0-snapshot.v20250402194352/cookieSuffix_b32225_5.59.0-snapshot.v20250402194352.min.js.gz
- clerk-js/5.59.0-snapshot.v20250402194352/cookieSuffix_b32225_5.59.0-snapshot.v20250402194352.min.js.sri
- clerk-js/5.59.0-snapshot.v20250402194352/createorganization_1e3c3e_5.59.0-snapshot.v20250402194352.js.br
- clerk-js/5.59.0-snapshot.v20250402194352/createorganization_1e3c3e_5.59.0-snapshot.v20250402194352.js.gz
- clerk-js/5.59.0-snapshot.v20250402194352/createorganization_1e3c3e_5.59.0-snapshot.v20250402194352.js.sri
- clerk-js/5.59.0-snapshot.v20250402194352/createorganization_1e3c3e_5.59.0-snapshot.v20250402194352.min.js.br
- clerk-js/5.59.0-snapshot.v20250402194352/createorganization_1e3c3e_5.59.0-snapshot.v20250402194352.min.js.gz
- clerk-js/5.59.0-snapshot.v20250402194352/createorganization_1e3c3e_5.59.0-snapshot.v20250402194352.min.js.sri
- clerk-js/5.59.0-snapshot.v20250402194352/framework_1e3c3e_5.59.0-snapshot.v20250402194352.js.br
- clerk-js/5.59.0-snapshot.v20250402194352/framework_1e3c3e_5.59.0-snapshot.v20250402194352.js.gz
- clerk-js/5.59.0-snapshot.v20250402194352/framework_1e3c3e_5.59.0-snapshot.v20250402194352.js.sri
- clerk-js/5.59.0-snapshot.v20250402194352/framework_1e3c3e_5.59.0-snapshot.v20250402194352.min.js.br
- clerk-js/5.59.0-snapshot.v20250402194352/framework_1e3c3e_5.59.0-snapshot.v20250402194352.min.js.gz
- clerk-js/5.59.0-snapshot.v20250402194352/framework_1e3c3e_5.59.0-snapshot.v20250402194352.min.js.sri
- clerk-js/5.59.0-snapshot.v20250402194352/impersonationfab_1e3c3e_5.59.0-snapshot.v20250402194352.js.br
- clerk-js/5.59.0-snapshot.v20250402194352/impersonationfab_1e3c3e_5.59.0-snapshot.v20250402194352.js.gz
- clerk-js/5.59.0-snapshot.v20250402194352/impersonationfab_1e3c3e_5.59.0-snapshot.v20250402194352.js.sri
- clerk-js/5.59.0-snapshot.v20250402194352/impersonationfab_1e3c3e_5.59.0-snapshot.v20250402194352.min.js.br
- clerk-js/5.59.0-snapshot.v20250402194352/impersonationfab_1e3c3e_5.59.0-snapshot.v20250402194352.min.js.gz
- clerk-js/5.59.0-snapshot.v20250402194352/impersonationfab_1e3c3e_5.59.0-snapshot.v20250402194352.min.js.sri
- clerk-js/5.59.0-snapshot.v20250402194352/keylessPrompt_1e3c3e_5.59.0-snapshot.v20250402194352.js.br
- clerk-js/5.59.0-snapshot.v20250402194352/keylessPrompt_1e3c3e_5.59.0-snapshot.v20250402194352.js.gz
- clerk-js/5.59.0-snapshot.v20250402194352/keylessPrompt_1e3c3e_5.59.0-snapshot.v20250402194352.js.sri
- clerk-js/5.59.0-snapshot.v20250402194352/keylessPrompt_1e3c3e_5.59.0-snapshot.v20250402194352.min.js.br
- clerk-js/5.59.0-snapshot.v20250402194352/keylessPrompt_1e3c3e_5.59.0-snapshot.v20250402194352.min.js.gz
- clerk-js/5.59.0-snapshot.v20250402194352/keylessPrompt_1e3c3e_5.59.0-snapshot.v20250402194352.min.js.sri
- clerk-js/5.59.0-snapshot.v20250402194352/onetap_1e3c3e_5.59.0-snapshot.v20250402194352.js.br
- clerk-js/5.59.0-snapshot.v20250402194352/onetap_1e3c3e_5.59.0-snapshot.v20250402194352.js.gz
- clerk-js/5.59.0-snapshot.v20250402194352/onetap_1e3c3e_5.59.0-snapshot.v20250402194352.js.sri
- clerk-js/5.59.0-snapshot.v20250402194352/onetap_1e3c3e_5.59.0-snapshot.v20250402194352.min.js.br
- clerk-js/5.59.0-snapshot.v20250402194352/onetap_1e3c3e_5.59.0-snapshot.v20250402194352.min.js.gz
- clerk-js/5.59.0-snapshot.v20250402194352/onetap_1e3c3e_5.59.0-snapshot.v20250402194352.min.js.sri
- clerk-js/5.59.0-snapshot.v20250402194352/op-billing-page_1e3c3e_5.59.0-snapshot.v20250402194352.js.br
- clerk-js/5.59.0-snapshot.v20250402194352/op-billing-page_1e3c3e_5.59.0-snapshot.v20250402194352.js.gz
- clerk-js/5.59.0-snapshot.v20250402194352/op-billing-page_1e3c3e_5.59.0-snapshot.v20250402194352.js.sri
- clerk-js/5.59.0-snapshot.v20250402194352/op-billing-page_1e3c3e_5.59.0-snapshot.v20250402194352.min.js.br
- clerk-js/5.59.0-snapshot.v20250402194352/op-billing-page_1e3c3e_5.59.0-snapshot.v20250402194352.min.js.gz
- clerk-js/5.59.0-snapshot.v20250402194352/op-billing-page_1e3c3e_5.59.0-snapshot.v20250402194352.min.js.sri
- clerk-js/5.59.0-snapshot.v20250402194352/organizationlist_1e3c3e_5.59.0-snapshot.v20250402194352.js.br
- clerk-js/5.59.0-snapshot.v20250402194352/organizationlist_1e3c3e_5.59.0-snapshot.v20250402194352.js.gz
- clerk-js/5.59.0-snapshot.v20250402194352/organizationlist_1e3c3e_5.59.0-snapshot.v20250402194352.js.sri
- clerk-js/5.59.0-snapshot.v20250402194352/organizationlist_1e3c3e_5.59.0-snapshot.v20250402194352.min.js.br
- clerk-js/5.59.0-snapshot.v20250402194352/organizationlist_1e3c3e_5.59.0-snapshot.v20250402194352.min.js.gz
- clerk-js/5.59.0-snapshot.v20250402194352/organizationlist_1e3c3e_5.59.0-snapshot.v20250402194352.min.js.sri
- clerk-js/5.59.0-snapshot.v20250402194352/organizationprofile_1e3c3e_5.59.0-snapshot.v20250402194352.js.br
- clerk-js/5.59.0-snapshot.v20250402194352/organizationprofile_1e3c3e_5.59.0-snapshot.v20250402194352.js.gz
- clerk-js/5.59.0-snapshot.v20250402194352/organizationprofile_1e3c3e_5.59.0-snapshot.v20250402194352.js.sri
- clerk-js/5.59.0-snapshot.v20250402194352/organizationprofile_1e3c3e_5.59.0-snapshot.v20250402194352.min.js.br
- clerk-js/5.59.0-snapshot.v20250402194352/organizationprofile_1e3c3e_5.59.0-snapshot.v20250402194352.min.js.gz
- clerk-js/5.59.0-snapshot.v20250402194352/organizationprofile_1e3c3e_5.59.0-snapshot.v20250402194352.min.js.sri
- clerk-js/5.59.0-snapshot.v20250402194352/organizationswitcher_1e3c3e_5.59.0-snapshot.v20250402194352.js.br
- clerk-js/5.59.0-snapshot.v20250402194352/organizationswitcher_1e3c3e_5.59.0-snapshot.v20250402194352.js.gz
- clerk-js/5.59.0-snapshot.v20250402194352/organizationswitcher_1e3c3e_5.59.0-snapshot.v20250402194352.js.sri
- clerk-js/5.59.0-snapshot.v20250402194352/organizationswitcher_1e3c3e_5.59.0-snapshot.v20250402194352.min.js.br
- clerk-js/5.59.0-snapshot.v20250402194352/organizationswitcher_1e3c3e_5.59.0-snapshot.v20250402194352.min.js.gz
- clerk-js/5.59.0-snapshot.v20250402194352/organizationswitcher_1e3c3e_5.59.0-snapshot.v20250402194352.min.js.sri
- clerk-js/5.59.0-snapshot.v20250402194352/paymentSources_1e3c3e_5.59.0-snapshot.v20250402194352.js.br
- clerk-js/5.59.0-snapshot.v20250402194352/paymentSources_1e3c3e_5.59.0-snapshot.v20250402194352.js.gz
- clerk-js/5.59.0-snapshot.v20250402194352/paymentSources_1e3c3e_5.59.0-snapshot.v20250402194352.js.sri
- clerk-js/5.59.0-snapshot.v20250402194352/paymentSources_1e3c3e_5.59.0-snapshot.v20250402194352.min.js.br
- clerk-js/5.59.0-snapshot.v20250402194352/paymentSources_1e3c3e_5.59.0-snapshot.v20250402194352.min.js.gz
- clerk-js/5.59.0-snapshot.v20250402194352/paymentSources_1e3c3e_5.59.0-snapshot.v20250402194352.min.js.sri
- clerk-js/5.59.0-snapshot.v20250402194352/prefetchorganizationlist_1e3c3e_5.59.0-snapshot.v20250402194352.js.br
- clerk-js/5.59.0-snapshot.v20250402194352/prefetchorganizationlist_1e3c3e_5.59.0-snapshot.v20250402194352.js.gz
- clerk-js/5.59.0-snapshot.v20250402194352/prefetchorganizationlist_1e3c3e_5.59.0-snapshot.v20250402194352.js.sri
- clerk-js/5.59.0-snapshot.v20250402194352/prefetchorganizationlist_1e3c3e_5.59.0-snapshot.v20250402194352.min.js.br
- clerk-js/5.59.0-snapshot.v20250402194352/prefetchorganizationlist_1e3c3e_5.59.0-snapshot.v20250402194352.min.js.gz
- clerk-js/5.59.0-snapshot.v20250402194352/prefetchorganizationlist_1e3c3e_5.59.0-snapshot.v20250402194352.min.js.sri
- clerk-js/5.59.0-snapshot.v20250402194352/pricingTable_1e3c3e_5.59.0-snapshot.v20250402194352.js.br
- clerk-js/5.59.0-snapshot.v20250402194352/pricingTable_1e3c3e_5.59.0-snapshot.v20250402194352.js.gz
- clerk-js/5.59.0-snapshot.v20250402194352/pricingTable_1e3c3e_5.59.0-snapshot.v20250402194352.js.sri
- clerk-js/5.59.0-snapshot.v20250402194352/pricingTable_1e3c3e_5.59.0-snapshot.v20250402194352.min.js.br
- clerk-js/5.59.0-snapshot.v20250402194352/pricingTable_1e3c3e_5.59.0-snapshot.v20250402194352.min.js.gz
- clerk-js/5.59.0-snapshot.v20250402194352/pricingTable_1e3c3e_5.59.0-snapshot.v20250402194352.min.js.sri
- clerk-js/5.59.0-snapshot.v20250402194352/sessionTasks_1e3c3e_5.59.0-snapshot.v20250402194352.js.br
- clerk-js/5.59.0-snapshot.v20250402194352/sessionTasks_1e3c3e_5.59.0-snapshot.v20250402194352.js.gz
- clerk-js/5.59.0-snapshot.v20250402194352/sessionTasks_1e3c3e_5.59.0-snapshot.v20250402194352.js.sri
- clerk-js/5.59.0-snapshot.v20250402194352/sessionTasks_1e3c3e_5.59.0-snapshot.v20250402194352.min.js.br
- clerk-js/5.59.0-snapshot.v20250402194352/sessionTasks_1e3c3e_5.59.0-snapshot.v20250402194352.min.js.gz
- clerk-js/5.59.0-snapshot.v20250402194352/sessionTasks_1e3c3e_5.59.0-snapshot.v20250402194352.min.js.sri
- clerk-js/5.59.0-snapshot.v20250402194352/signin_1e3c3e_5.59.0-snapshot.v20250402194352.js.br
- clerk-js/5.59.0-snapshot.v20250402194352/signin_1e3c3e_5.59.0-snapshot.v20250402194352.js.gz
- clerk-js/5.59.0-snapshot.v20250402194352/signin_1e3c3e_5.59.0-snapshot.v20250402194352.js.sri
- clerk-js/5.59.0-snapshot.v20250402194352/signin_1e3c3e_5.59.0-snapshot.v20250402194352.min.js.br
- clerk-js/5.59.0-snapshot.v20250402194352/signin_1e3c3e_5.59.0-snapshot.v20250402194352.min.js.gz
- clerk-js/5.59.0-snapshot.v20250402194352/signin_1e3c3e_5.59.0-snapshot.v20250402194352.min.js.sri
- clerk-js/5.59.0-snapshot.v20250402194352/signup_1e3c3e_5.59.0-snapshot.v20250402194352.js.br
- clerk-js/5.59.0-snapshot.v20250402194352/signup_1e3c3e_5.59.0-snapshot.v20250402194352.js.gz
- clerk-js/5.59.0-snapshot.v20250402194352/signup_1e3c3e_5.59.0-snapshot.v20250402194352.js.sri
- clerk-js/5.59.0-snapshot.v20250402194352/signup_1e3c3e_5.59.0-snapshot.v20250402194352.min.js.br
- clerk-js/5.59.0-snapshot.v20250402194352/signup_1e3c3e_5.59.0-snapshot.v20250402194352.min.js.gz
- clerk-js/5.59.0-snapshot.v20250402194352/signup_1e3c3e_5.59.0-snapshot.v20250402194352.min.js.sri
- clerk-js/5.59.0-snapshot.v20250402194352/ui-common_1e3c3e_5.59.0-snapshot.v20250402194352.js.br
- clerk-js/5.59.0-snapshot.v20250402194352/ui-common_1e3c3e_5.59.0-snapshot.v20250402194352.js.gz
- clerk-js/5.59.0-snapshot.v20250402194352/ui-common_1e3c3e_5.59.0-snapshot.v20250402194352.js.sri
- clerk-js/5.59.0-snapshot.v20250402194352/ui-common_1e3c3e_5.59.0-snapshot.v20250402194352.min.js.br
- clerk-js/5.59.0-snapshot.v20250402194352/ui-common_1e3c3e_5.59.0-snapshot.v20250402194352.min.js.gz
- clerk-js/5.59.0-snapshot.v20250402194352/ui-common_1e3c3e_5.59.0-snapshot.v20250402194352.min.js.sri
- clerk-js/5.59.0-snapshot.v20250402194352/up-billing-page_1e3c3e_5.59.0-snapshot.v20250402194352.js.br
- clerk-js/5.59.0-snapshot.v20250402194352/up-billing-page_1e3c3e_5.59.0-snapshot.v20250402194352.js.gz
- clerk-js/5.59.0-snapshot.v20250402194352/up-billing-page_1e3c3e_5.59.0-snapshot.v20250402194352.js.sri
- clerk-js/5.59.0-snapshot.v20250402194352/up-billing-page_1e3c3e_5.59.0-snapshot.v20250402194352.min.js.br
- clerk-js/5.59.0-snapshot.v20250402194352/up-billing-page_1e3c3e_5.59.0-snapshot.v20250402194352.min.js.gz
- clerk-js/5.59.0-snapshot.v20250402194352/up-billing-page_1e3c3e_5.59.0-snapshot.v20250402194352.min.js.sri
- clerk-js/5.59.0-snapshot.v20250402194352/userbutton_1e3c3e_5.59.0-snapshot.v20250402194352.js.br
- clerk-js/5.59.0-snapshot.v20250402194352/userbutton_1e3c3e_5.59.0-snapshot.v20250402194352.js.gz
- clerk-js/5.59.0-snapshot.v20250402194352/userbutton_1e3c3e_5.59.0-snapshot.v20250402194352.js.sri
- clerk-js/5.59.0-snapshot.v20250402194352/userbutton_1e3c3e_5.59.0-snapshot.v20250402194352.min.js.br
- clerk-js/5.59.0-snapshot.v20250402194352/userbutton_1e3c3e_5.59.0-snapshot.v20250402194352.min.js.gz
- clerk-js/5.59.0-snapshot.v20250402194352/userbutton_1e3c3e_5.59.0-snapshot.v20250402194352.min.js.sri
- clerk-js/5.59.0-snapshot.v20250402194352/userprofile_1e3c3e_5.59.0-snapshot.v20250402194352.js.br
- clerk-js/5.59.0-snapshot.v20250402194352/userprofile_1e3c3e_5.59.0-snapshot.v20250402194352.js.gz
- clerk-js/5.59.0-snapshot.v20250402194352/userprofile_1e3c3e_5.59.0-snapshot.v20250402194352.js.sri
- clerk-js/5.59.0-snapshot.v20250402194352/userprofile_1e3c3e_5.59.0-snapshot.v20250402194352.min.js.br
- clerk-js/5.59.0-snapshot.v20250402194352/userprofile_1e3c3e_5.59.0-snapshot.v20250402194352.min.js.gz
- clerk-js/5.59.0-snapshot.v20250402194352/userprofile_1e3c3e_5.59.0-snapshot.v20250402194352.min.js.sri
- clerk-js/5.59.0-snapshot.v20250402194352/userverification_1e3c3e_5.59.0-snapshot.v20250402194352.js.br
- clerk-js/5.59.0-snapshot.v20250402194352/userverification_1e3c3e_5.59.0-snapshot.v20250402194352.js.gz
- clerk-js/5.59.0-snapshot.v20250402194352/userverification_1e3c3e_5.59.0-snapshot.v20250402194352.js.sri
- clerk-js/5.59.0-snapshot.v20250402194352/userverification_1e3c3e_5.59.0-snapshot.v20250402194352.min.js.br
- clerk-js/5.59.0-snapshot.v20250402194352/userverification_1e3c3e_5.59.0-snapshot.v20250402194352.min.js.gz
- clerk-js/5.59.0-snapshot.v20250402194352/userverification_1e3c3e_5.59.0-snapshot.v20250402194352.min.js.sri
- clerk-js/5.59.0-snapshot.v20250402194352/vendors_1e3c3e_5.59.0-snapshot.v20250402194352.js.br
- clerk-js/5.59.0-snapshot.v20250402194352/vendors_1e3c3e_5.59.0-snapshot.v20250402194352.js.gz
- clerk-js/5.59.0-snapshot.v20250402194352/vendors_1e3c3e_5.59.0-snapshot.v20250402194352.js.sri
- clerk-js/5.59.0-snapshot.v20250402194352/vendors_1e3c3e_5.59.0-snapshot.v20250402194352.min.js.br
- clerk-js/5.59.0-snapshot.v20250402194352/vendors_1e3c3e_5.59.0-snapshot.v20250402194352.min.js.gz
- clerk-js/5.59.0-snapshot.v20250402194352/vendors_1e3c3e_5.59.0-snapshot.v20250402194352.min.js.sri
- clerk-js/5.59.0-snapshot.v20250402194352/vendors_b32225_5.59.0-snapshot.v20250402194352.js.br
- clerk-js/5.59.0-snapshot.v20250402194352/vendors_b32225_5.59.0-snapshot.v20250402194352.js.gz
- clerk-js/5.59.0-snapshot.v20250402194352/vendors_b32225_5.59.0-snapshot.v20250402194352.js.sri
- clerk-js/5.59.0-snapshot.v20250402194352/vendors_b32225_5.59.0-snapshot.v20250402194352.min.js.br
- clerk-js/5.59.0-snapshot.v20250402194352/vendors_b32225_5.59.0-snapshot.v20250402194352.min.js.gz
- clerk-js/5.59.0-snapshot.v20250402194352/vendors_b32225_5.59.0-snapshot.v20250402194352.min.js.sri
- clerk-js/5.59.0-snapshot.v20250402194352/waitlist_1e3c3e_5.59.0-snapshot.v20250402194352.js.br
- clerk-js/5.59.0-snapshot.v20250402194352/waitlist_1e3c3e_5.59.0-snapshot.v20250402194352.js.gz
- clerk-js/5.59.0-snapshot.v20250402194352/waitlist_1e3c3e_5.59.0-snapshot.v20250402194352.js.sri
- clerk-js/5.59.0-snapshot.v20250402194352/waitlist_1e3c3e_5.59.0-snapshot.v20250402194352.min.js.br
- clerk-js/5.59.0-snapshot.v20250402194352/waitlist_1e3c3e_5.59.0-snapshot.v20250402194352.min.js.gz
- clerk-js/5.59.0-snapshot.v20250402194352/waitlist_1e3c3e_5.59.0-snapshot.v20250402194352.min.js.sri
- clerk-js/5.59.0-snapshot.v20250402194352/zxcvbn-common_1e3c3e_5.59.0-snapshot.v20250402194352.js.br
- clerk-js/5.59.0-snapshot.v20250402194352/zxcvbn-common_1e3c3e_5.59.0-snapshot.v20250402194352.js.gz
- clerk-js/5.59.0-snapshot.v20250402194352/zxcvbn-common_1e3c3e_5.59.0-snapshot.v20250402194352.js.sri
- clerk-js/5.59.0-snapshot.v20250402194352/zxcvbn-common_1e3c3e_5.59.0-snapshot.v20250402194352.min.js.br
- clerk-js/5.59.0-snapshot.v20250402194352/zxcvbn-common_1e3c3e_5.59.0-snapshot.v20250402194352.min.js.gz
- clerk-js/5.59.0-snapshot.v20250402194352/zxcvbn-common_1e3c3e_5.59.0-snapshot.v20250402194352.min.js.sri
- clerk-js/5.59.0-snapshot.v20250402194352/zxcvbn-common_b32225_5.59.0-snapshot.v20250402194352.js.br
- clerk-js/5.59.0-snapshot.v20250402194352/zxcvbn-common_b32225_5.59.0-snapshot.v20250402194352.js.gz
- clerk-js/5.59.0-snapshot.v20250402194352/zxcvbn-common_b32225_5.59.0-snapshot.v20250402194352.js.sri
- clerk-js/5.59.0-snapshot.v20250402194352/zxcvbn-common_b32225_5.59.0-snapshot.v20250402194352.min.js.br
- clerk-js/5.59.0-snapshot.v20250402194352/zxcvbn-common_b32225_5.59.0-snapshot.v20250402194352.min.js.gz
- clerk-js/5.59.0-snapshot.v20250402194352/zxcvbn-common_b32225_5.59.0-snapshot.v20250402194352.min.js.sri
- clerk-js/5.59.0-snapshot.v20250402194352/zxcvbn-ts-core_1e3c3e_5.59.0-snapshot.v20250402194352.js.br
- clerk-js/5.59.0-snapshot.v20250402194352/zxcvbn-ts-core_1e3c3e_5.59.0-snapshot.v20250402194352.js.gz
- clerk-js/5.59.0-snapshot.v20250402194352/zxcvbn-ts-core_1e3c3e_5.59.0-snapshot.v20250402194352.js.sri
- clerk-js/5.59.0-snapshot.v20250402194352/zxcvbn-ts-core_1e3c3e_5.59.0-snapshot.v20250402194352.min.js.br
- clerk-js/5.59.0-snapshot.v20250402194352/zxcvbn-ts-core_1e3c3e_5.59.0-snapshot.v20250402194352.min.js.gz
- clerk-js/5.59.0-snapshot.v20250402194352/zxcvbn-ts-core_1e3c3e_5.59.0-snapshot.v20250402194352.min.js.sri
- clerk-js/5.59.0-snapshot.v20250402194352/zxcvbn-ts-core_b32225_5.59.0-snapshot.v20250402194352.js.br
- clerk-js/5.59.0-snapshot.v20250402194352/zxcvbn-ts-core_b32225_5.59.0-snapshot.v20250402194352.js.gz
- clerk-js/5.59.0-snapshot.v20250402194352/zxcvbn-ts-core_b32225_5.59.0-snapshot.v20250402194352.js.sri
- clerk-js/5.59.0-snapshot.v20250402194352/zxcvbn-ts-core_b32225_5.59.0-snapshot.v20250402194352.min.js.br
- clerk-js/5.59.0-snapshot.v20250402194352/zxcvbn-ts-core_b32225_5.59.0-snapshot.v20250402194352.min.js.gz
- clerk-js/5.59.0-snapshot.v20250402194352/zxcvbn-ts-core_b32225_5.59.0-snapshot.v20250402194352.min.js.sri
