config: {"authors":[{"name":"Guillaume du Pontavice","email":"g.du.pontavice@gmail.com"}],"autoupdate":{"source":"npm","target":"hls.js","fileMap":[{"basePath":"dist","files":["**/!(*-demo.*)"]}],"ignoreVersions":["*-canary.*"]},"description":"JavaScript HLS client using MediaSourceExtension","filename":"hls.min.js","homepage":"https://hls-js.netlify.com/demo/","keywords":["hls.js","video","streaming","mediasource","player"],"license":"Apache-2.0","name":"hls.js","repository":{"type":"git","url":"git://github.com/video-dev/hls.js"},"author":"Guillaume du Pontavice \u003cg.du.pontavice@gmail.com\u003e"}
KV keys:
- hls.js/1.6.10-0.canary.11438/hls.d.mts.br
- hls.js/1.6.10-0.canary.11438/hls.d.mts.gz
- hls.js/1.6.10-0.canary.11438/hls.d.ts.br
- hls.js/1.6.10-0.canary.11438/hls.d.ts.gz
- hls.js/1.6.10-0.canary.11438/hls.js.br
- hls.js/1.6.10-0.canary.11438/hls.js.d.ts.br
- hls.js/1.6.10-0.canary.11438/hls.js.d.ts.gz
- hls.js/1.6.10-0.canary.11438/hls.js.gz
- hls.js/1.6.10-0.canary.11438/hls.js.map.br
- hls.js/1.6.10-0.canary.11438/hls.js.map.gz
- hls.js/1.6.10-0.canary.11438/hls.light.js.br
- hls.js/1.6.10-0.canary.11438/hls.light.js.gz
- hls.js/1.6.10-0.canary.11438/hls.light.js.map.br
- hls.js/1.6.10-0.canary.11438/hls.light.js.map.gz
- hls.js/1.6.10-0.canary.11438/hls.light.min.js.br
- hls.js/1.6.10-0.canary.11438/hls.light.min.js.gz
- hls.js/1.6.10-0.canary.11438/hls.light.min.js.map.br
- hls.js/1.6.10-0.canary.11438/hls.light.min.js.map.gz
- hls.js/1.6.10-0.canary.11438/hls.light.mjs.br
- hls.js/1.6.10-0.canary.11438/hls.light.mjs.gz
- hls.js/1.6.10-0.canary.11438/hls.light.mjs.map.br
- hls.js/1.6.10-0.canary.11438/hls.light.mjs.map.gz
- hls.js/1.6.10-0.canary.11438/hls.min.js.br
- hls.js/1.6.10-0.canary.11438/hls.min.js.gz
- hls.js/1.6.10-0.canary.11438/hls.min.js.map.br
- hls.js/1.6.10-0.canary.11438/hls.min.js.map.gz
- hls.js/1.6.10-0.canary.11438/hls.mjs.br
- hls.js/1.6.10-0.canary.11438/hls.mjs.gz
- hls.js/1.6.10-0.canary.11438/hls.mjs.map.br
- hls.js/1.6.10-0.canary.11438/hls.mjs.map.gz
- hls.js/1.6.10-0.canary.11438/hls.worker.js.br
- hls.js/1.6.10-0.canary.11438/hls.worker.js.gz
- hls.js/1.6.10-0.canary.11438/hls.worker.js.map.br
- hls.js/1.6.10-0.canary.11438/hls.worker.js.map.gz
- hls.js/1.6.10-0.canary.11438/hls.worker.min.js.br
- hls.js/1.6.10-0.canary.11438/hls.worker.min.js.gz
SRIs:
- hls.js/1.6.10-0.canary.11438/hls.worker.js: sha512-VEfZC39Sr6f30dEZahHXknPrO2oN+VKB7b/Hy0iYp7LtSXHRk4hkAgG8JC4n2wheOoOwfafRLKKknlgaio2fPA==
- hls.js/1.6.10-0.canary.11438/hls.worker.min.js: sha512-6W7c6XFEUqCD7yom/j4AeMB6lcjRPOCS2nEwHKUZIjdaSoKXmwpk322Aem1xCdVdYoC0mLIQELq7Tc6xGI6JVg==
- hls.js/1.6.10-0.canary.11438/hls.js: sha512-2qH9ENsINOkd6RO3g0nMitxhwTxPi28ZzfkIH6JGlKJeFGpMiDe6vI4fgppfVqDue92uDKYG3zGux2ChjFhRew==
- hls.js/1.6.10-0.canary.11438/hls.light.js: sha512-uLFX6iSyCS1nRjb9wN3tLjrCKuNo8eWbsNgQJ77/vCMrF6pJdaUem7kCulEP4rGhsUYs3cMQKw9NrJ7UPyFo9g==
- hls.js/1.6.10-0.canary.11438/hls.light.min.js: sha512-kZ6J28BJFdBFUUFFsAH0rcM9WPz/L6yfVIgL05IbJOVNJ/MZRbT6Y7utsHEaliK3+Auiswf1P5hb7shX2Dwqmg==
- hls.js/1.6.10-0.canary.11438/hls.min.js: sha512-NR3mabBoLOvF/3B2cdCmtTgHx44onakDmDJhQE5c4kgeEajmttz2bHMEaZ7OgPMJLEtWom7P5p2pVG9/+Qfz+Q==
