- juliamono/0.054/JuliaMono-Black.woff2
- juliamono/0.054/JuliaMono-BlackItalic.woff2
- juliamono/0.054/JuliaMono-Bold.woff2
- juliamono/0.054/JuliaMono-BoldItalic.woff2
- juliamono/0.054/JuliaMono-BoldLatin.woff2
- juliamono/0.054/JuliaMono-ExtraBold.woff2
- juliamono/0.054/JuliaMono-ExtraBoldItalic.woff2
- juliamono/0.054/JuliaMono-Light.woff2
- juliamono/0.054/JuliaMono-LightItalic.woff2
- juliamono/0.054/JuliaMono-Medium.woff2
- juliamono/0.054/JuliaMono-MediumItalic.woff2
- juliamono/0.054/JuliaMono-Regular.woff2
- juliamono/0.054/JuliaMono-RegularItalic.woff2
- juliamono/0.054/JuliaMono-RegularLatin.woff2
- juliamono/0.054/JuliaMono-SemiBold.woff2
- juliamono/0.054/JuliaMono-SemiBoldItalic.woff2
- juliamono/0.054/juliamono-regular.css.br
- juliamono/0.054/juliamono-regular.css.gz
- juliamono/0.054/juliamono-regular.min.css.br
- juliamono/0.054/juliamono-regular.min.css.gz
- juliamono/0.054/juliamono.css.br
- juliamono/0.054/juliamono.css.gz
- juliamono/0.054/juliamono.min.css.br
- juliamono/0.054/juliamono.min.css.gz