config: {"authors":[{"name":"Google Inc."}],"autoupdate":{"source":"npm","target":"@fontsource/cantarell","fileMap":[{"basePath":"","files":["*.css","files/*.@(woff|woff2)"]}],"excludeFromSearch":true},"description":"Self-host the Cantarell font in a neatly bundled NPM package.","filename":"index.css","homepage":"https://fontsource.org/fonts/cantarell","keywords":["fontsource","font","font family","google fonts","cantarell","Cantarell","css","sass","front-end","web","typeface","variable"],"license":"OFL-1.1","name":"fontsource-cantarell","repository":{"type":"git","url":"git+https://github.com/fontsource/font-files.git"},"author":"Google Inc."}
KV keys:
- fontsource-cantarell/5.2.8/400-italic.css.br
- fontsource-cantarell/5.2.8/400-italic.css.gz
- fontsource-cantarell/5.2.8/400-italic.min.css.br
- fontsource-cantarell/5.2.8/400-italic.min.css.gz
- fontsource-cantarell/5.2.8/400.css.br
- fontsource-cantarell/5.2.8/400.css.gz
- fontsource-cantarell/5.2.8/400.min.css.br
- fontsource-cantarell/5.2.8/400.min.css.gz
- fontsource-cantarell/5.2.8/700-italic.css.br
- fontsource-cantarell/5.2.8/700-italic.css.gz
- fontsource-cantarell/5.2.8/700-italic.min.css.br
- fontsource-cantarell/5.2.8/700-italic.min.css.gz
- fontsource-cantarell/5.2.8/700.css.br
- fontsource-cantarell/5.2.8/700.css.gz
- fontsource-cantarell/5.2.8/700.min.css.br
- fontsource-cantarell/5.2.8/700.min.css.gz
- fontsource-cantarell/5.2.8/files/cantarell-latin-400-italic.woff.br
- fontsource-cantarell/5.2.8/files/cantarell-latin-400-italic.woff.gz
- fontsource-cantarell/5.2.8/files/cantarell-latin-400-italic.woff2
- fontsource-cantarell/5.2.8/files/cantarell-latin-400-normal.woff.br
- fontsource-cantarell/5.2.8/files/cantarell-latin-400-normal.woff.gz
- fontsource-cantarell/5.2.8/files/cantarell-latin-400-normal.woff2
- fontsource-cantarell/5.2.8/files/cantarell-latin-700-italic.woff.br
- fontsource-cantarell/5.2.8/files/cantarell-latin-700-italic.woff.gz
- fontsource-cantarell/5.2.8/files/cantarell-latin-700-italic.woff2
- fontsource-cantarell/5.2.8/files/cantarell-latin-700-normal.woff.br
- fontsource-cantarell/5.2.8/files/cantarell-latin-700-normal.woff.gz
- fontsource-cantarell/5.2.8/files/cantarell-latin-700-normal.woff2
- fontsource-cantarell/5.2.8/files/cantarell-latin-ext-400-italic.woff.br
- fontsource-cantarell/5.2.8/files/cantarell-latin-ext-400-italic.woff.gz
- fontsource-cantarell/5.2.8/files/cantarell-latin-ext-400-italic.woff2
- fontsource-cantarell/5.2.8/files/cantarell-latin-ext-400-normal.woff.br
- fontsource-cantarell/5.2.8/files/cantarell-latin-ext-400-normal.woff.gz
- fontsource-cantarell/5.2.8/files/cantarell-latin-ext-400-normal.woff2
- fontsource-cantarell/5.2.8/files/cantarell-latin-ext-700-italic.woff.br
- fontsource-cantarell/5.2.8/files/cantarell-latin-ext-700-italic.woff.gz
- fontsource-cantarell/5.2.8/files/cantarell-latin-ext-700-italic.woff2
- fontsource-cantarell/5.2.8/files/cantarell-latin-ext-700-normal.woff.br
- fontsource-cantarell/5.2.8/files/cantarell-latin-ext-700-normal.woff.gz
- fontsource-cantarell/5.2.8/files/cantarell-latin-ext-700-normal.woff2
- fontsource-cantarell/5.2.8/index.css.br
- fontsource-cantarell/5.2.8/index.css.gz
- fontsource-cantarell/5.2.8/index.min.css.br
- fontsource-cantarell/5.2.8/index.min.css.gz
- fontsource-cantarell/5.2.8/latin-400-italic.css.br
- fontsource-cantarell/5.2.8/latin-400-italic.css.gz
- fontsource-cantarell/5.2.8/latin-400-italic.min.css.br
- fontsource-cantarell/5.2.8/latin-400-italic.min.css.gz
- fontsource-cantarell/5.2.8/latin-400.css.br
- fontsource-cantarell/5.2.8/latin-400.css.gz
- fontsource-cantarell/5.2.8/latin-400.min.css.br
- fontsource-cantarell/5.2.8/latin-400.min.css.gz
- fontsource-cantarell/5.2.8/latin-700-italic.css.br
- fontsource-cantarell/5.2.8/latin-700-italic.css.gz
- fontsource-cantarell/5.2.8/latin-700-italic.min.css.br
- fontsource-cantarell/5.2.8/latin-700-italic.min.css.gz
- fontsource-cantarell/5.2.8/latin-700.css.br
- fontsource-cantarell/5.2.8/latin-700.css.gz
- fontsource-cantarell/5.2.8/latin-700.min.css.br
- fontsource-cantarell/5.2.8/latin-700.min.css.gz
- fontsource-cantarell/5.2.8/latin-ext-400-italic.css.br
- fontsource-cantarell/5.2.8/latin-ext-400-italic.css.gz
- fontsource-cantarell/5.2.8/latin-ext-400-italic.min.css.br
- fontsource-cantarell/5.2.8/latin-ext-400-italic.min.css.gz
- fontsource-cantarell/5.2.8/latin-ext-400.css.br
- fontsource-cantarell/5.2.8/latin-ext-400.css.gz
- fontsource-cantarell/5.2.8/latin-ext-400.min.css.br
- fontsource-cantarell/5.2.8/latin-ext-400.min.css.gz
- fontsource-cantarell/5.2.8/latin-ext-700-italic.css.br
- fontsource-cantarell/5.2.8/latin-ext-700-italic.css.gz
- fontsource-cantarell/5.2.8/latin-ext-700-italic.min.css.br
- fontsource-cantarell/5.2.8/latin-ext-700-italic.min.css.gz
- fontsource-cantarell/5.2.8/latin-ext-700.css.br
- fontsource-cantarell/5.2.8/latin-ext-700.css.gz
- fontsource-cantarell/5.2.8/latin-ext-700.min.css.br
- fontsource-cantarell/5.2.8/latin-ext-700.min.css.gz
- fontsource-cantarell/5.2.8/latin-ext-italic.css.br
- fontsource-cantarell/5.2.8/latin-ext-italic.css.gz
- fontsource-cantarell/5.2.8/latin-ext-italic.min.css.br
- fontsource-cantarell/5.2.8/latin-ext-italic.min.css.gz
- fontsource-cantarell/5.2.8/latin-ext.css.br
- fontsource-cantarell/5.2.8/latin-ext.css.gz
- fontsource-cantarell/5.2.8/latin-ext.min.css.br
- fontsource-cantarell/5.2.8/latin-ext.min.css.gz
- fontsource-cantarell/5.2.8/latin-italic.css.br
- fontsource-cantarell/5.2.8/latin-italic.css.gz
- fontsource-cantarell/5.2.8/latin-italic.min.css.br
- fontsource-cantarell/5.2.8/latin-italic.min.css.gz
- fontsource-cantarell/5.2.8/latin.css.br
- fontsource-cantarell/5.2.8/latin.css.gz
- fontsource-cantarell/5.2.8/latin.min.css.br
- fontsource-cantarell/5.2.8/latin.min.css.gz
SRIs:
- fontsource-cantarell/5.2.8/latin-700.css: sha512-6ZrP6duoT4LPwk2zIgn3DlSgsNW+W28NCIT/mVGre9jHKZ/XIFG3Ok6SGmy28y0joPVrl4wYAPoJ3ug36OqgXA==
- fontsource-cantarell/5.2.8/latin-ext-400.css: sha512-i5uxYmq4IGIbqoYtWx+dCHsbRiwr+W5seIzUnlWwmBdky6ceoNtvZKfr/iMXshAUsrNoPD1Qfi6RYBxqlP9pBQ==
- fontsource-cantarell/5.2.8/latin-ext.min.css: sha512-3vY/jPPRz9NACsg5Bk646d18AvFsFP+p4kGYzSGZ29oxOpN4rJ+/Z4mGzoFqZVVVG1XuBgeoy4jybfd+bJA7WA==
- fontsource-cantarell/5.2.8/400.css: sha512-5PiCrP46mPYt5KDwOAv3YybnwwmTpXjOUaa/ZI0xS4DuAsftsBMLXJKznNMEL2ayVEqeGR62BcXgHTl8AXZY9g==
- fontsource-cantarell/5.2.8/index.css: sha512-5PiCrP46mPYt5KDwOAv3YybnwwmTpXjOUaa/ZI0xS4DuAsftsBMLXJKznNMEL2ayVEqeGR62BcXgHTl8AXZY9g==
- fontsource-cantarell/5.2.8/latin-400.css: sha512-+es2OOLDSKzdzXH4Aiskr+cSZ4KmP2k8reaGdc7dBEKfQtln6SXqvCWy6sag23sKQ0yGoeuqUKA2YoeCfCFk0Q==
- fontsource-cantarell/5.2.8/latin-700-italic.min.css: sha512-dshM+7OlnRWaz9MrGKpVvTpTSIjSnxmVebMsTNu5zkM8Wd0hkZ1kfs2sirEg90X3II0ioxvvZhiSLB4zrfkIyw==
- fontsource-cantarell/5.2.8/700.css: sha512-0kbnYgQ32YpakuTHrdG8LpToJxH08MgIqecDhEsajkfY8Rik4Cf+fQyL/a1L0Ee4xMcE3j3G6HWjck9CKTrbig==
- fontsource-cantarell/5.2.8/latin-400-italic.css: sha512-96HEo/TVoMrZ1n5s5LyerY/grD3dMKpIcCqyvhhKYkx0SG9l1viyOTxod2re2+lCpcQdLjCDKrMsPoBIEkYZWw==
- fontsource-cantarell/5.2.8/400-italic.css: sha512-Uh7S09o1RwjpK0c15mwkQzLLIMYNuvodfAC8huSqnFpkH3gZJNXIY54mpP7c9QajaxccxfOdVY/0JjJjkN9UnA==
- fontsource-cantarell/5.2.8/400.min.css: sha512-hE/2zP+nuJIzEViyMDcTGMyP9Z8G0Khc21/tXK5L/JQJ6rIhXnBHa0hmxG+ib5N27ZSPiAGZ6B8Z/i5nLOnErg==
- fontsource-cantarell/5.2.8/latin-ext-700-italic.min.css: sha512-dJahhVtAApUNVMGPHD+slrOnTtmYB8QIqoYvgls6OelKppmNFKSERz4ISg79XqUV/FTH98vA0s5N2WJ7wZWwIg==
- fontsource-cantarell/5.2.8/latin-italic.min.css: sha512-hjGDirrNWowTtNCQTDM3x+/ctQ/wR1tCIxX4tlAPamlFval0bRdlQOyhcDGRG5r1+6kyRoxGrrtA0s3IYi77dg==
- fontsource-cantarell/5.2.8/700-italic.css: sha512-SGiTstM56B9n8OAVZ7fNiCvIVr7Q2u8rhm6df3kjgs0c61iu4+0pRsb9OK8U4fEnIa5RNZiTx9WwdT/ZmcnsIw==
- fontsource-cantarell/5.2.8/latin-400-italic.min.css: sha512-u/V6iHgnK/YHAGr1DgEMzFjGvhs3g8pjaEj1wBeOfVTBiq+0VMERCvl931SK0FHP33v74dk3T1QzRRRoDDs/Lg==
- fontsource-cantarell/5.2.8/latin-ext-italic.css: sha512-dewu7Y9CdL9aIBvkaVN2GatHCeM6jEGMbnCkEd1lv0Id3nMZ0pgygiQ+/a/QEFgB2DMv4SQT+J/Qn2423gWmdA==
- fontsource-cantarell/5.2.8/700.min.css: sha512-5GTFRRqaZXVzruZNcSAQP49anoQBDYZuookN2Da1tYxwe3HFIbTFCXV8Vpd25rHKqsauClf0CZ4u1upAlRFfXA==
- fontsource-cantarell/5.2.8/index.min.css: sha512-hE/2zP+nuJIzEViyMDcTGMyP9Z8G0Khc21/tXK5L/JQJ6rIhXnBHa0hmxG+ib5N27ZSPiAGZ6B8Z/i5nLOnErg==
- fontsource-cantarell/5.2.8/latin-ext-400-italic.css: sha512-NFvl58lgtmF6BZrMoHHWkZ5IB747ynQsZmElNYCDZwGcPb/vdFE9cyQGMjU8Gl9HP6BRl4CUPVg+3XrFyV3hPQ==
- fontsource-cantarell/5.2.8/latin-ext-italic.min.css: sha512-XNR/dTBOEaoIXs58JSvaQihvukIETvFyVIXWWdB8fsu8lkwuDkxnjzvJ/CVHTdL6SlU0+FrnGjYnI7tLwMdoDQ==
- fontsource-cantarell/5.2.8/400-italic.min.css: sha512-x6L2rNWJp/G5uk/PtBG0gCbxlwQxojrSsq7BFRG0rdjmHDxBvjr9n37OGCmx1tGw+UoaIquLzWijM4pn2+w5Ag==
- fontsource-cantarell/5.2.8/latin-ext-700.css: sha512-qPi4HGUQxbrk3hb1UKY7jrvjwLq4HAb4fJFS5z/YZU3NtGKK96aEibjVI4IlCygETyFh0n0gDECh5d6fZi6yNQ==
- fontsource-cantarell/5.2.8/latin-ext-700-italic.css: sha512-IrIapLGF5GEoV0Gua9zJqr2Ox58+6b0DVmPfiw0+2ZCjsf58pIdYnalUH/jrS4Ocg9+ZL2aD9RbHTTrKSiKRFA==
- fontsource-cantarell/5.2.8/latin-ext-700.min.css: sha512-rGAv+vjESNwb9iUxnXrRSzrKC9aEv+cTJHp7JlTDHqmPAyrUY40wQYspaSYv4lbZm/pyF/CY/sY2C+/SEE/8fQ==
- fontsource-cantarell/5.2.8/latin-italic.css: sha512-tpUdn8XMNTk/W5JPZiRIHRcA8iUV2w10TZkBXzOFjc25Ky+gbsLk3ptZMURzAVfFvkiiY5cMC8jBfgGRvmWLrw==
- fontsource-cantarell/5.2.8/latin.css: sha512-2Qbuux6AsvSh5JoiXJ+rPUR6n23jH2+EabkI8DxCCJwsrLcxCXXMqXNZtvmLIg6THe1Gf/Ft1CXR/x7ylKHw7A==
- fontsource-cantarell/5.2.8/700-italic.min.css: sha512-9EBpFtPssGLaaCeiEq4mLLU+Xd2T9ePVIPJSe0ZLJiGCVOC6/ZPobZ13naQB0P8cvpU9YQ6D08ktnVw1+2TvsQ==
- fontsource-cantarell/5.2.8/latin-700-italic.css: sha512-W5h2lpdpfvXD1E12zy7M1qc1Sle+r+/W/1XVNmgIkAib1rhEDhLSxLfl7pS82t8Dk9+SeLV1ptwyw7Zib6q75g==
- fontsource-cantarell/5.2.8/latin-700.min.css: sha512-XV1YEUwJeWylO3LcF5uQhca2uuuK7xv25xd+chs4RQA2aTf9LCTDSXGc0bHqfMEvIklsUD2svxcna3jxHgrUSw==
- fontsource-cantarell/5.2.8/latin-ext-400-italic.min.css: sha512-E9dAMxx0DXdpsGsLyu1GAzx1KOM+gqBAq5o8QKO/xkRltcCSMHuhqkfEgtuqbiGVPWqLBpIpfpjVqPp9rMUEEw==
- fontsource-cantarell/5.2.8/latin.min.css: sha512-CcMy8mp/8NoJaTkdP3KjIlNknmUhh9o6Fzz3fWV+IYSjIPD1vFCXd9fjYUM64BPOs23ySALvDFhJbPnn4NweZA==
- fontsource-cantarell/5.2.8/latin-400.min.css: sha512-sLfqAbQcA/grlrcVeuE3o3/KKwk54KlHn/u/mIsa4Srm+h3tk4w37tAe5zt70qKPYnJxSjhifuDAy+48/nZNkA==
- fontsource-cantarell/5.2.8/latin-ext-400.min.css: sha512-wCPtQbh7GjSoeUdqozr8gVsl8TyoiWW8nbCNlh+Gu6LOIu+Nqxh88vD6Ujqit8TmLbLMy4DJ6/fupXelZerS4w==
- fontsource-cantarell/5.2.8/latin-ext.css: sha512-g8kxoSeAn+CrbRjb/MW6GZ5d8xZe6hfTD2awKf61fv2dWw053w8lCPo5eJDiUgi1HC1PCBu6a4dolaQ8N4vnhg==
