config: {"authors":[{"name":"Google Inc."}],"autoupdate":{"source":"npm","target":"@fontsource/hachi-maru-pop","fileMap":[{"basePath":"","files":["*.css","files/*.@(woff|woff2)"]}],"excludeFromSearch":true},"description":"Self-host the Hachi Maru Pop font in a neatly bundled NPM package.","filename":"index.css","homepage":"https://fontsource.org/fonts/hachi-maru-pop","keywords":["fontsource","font","font family","google fonts","hachi-maru-pop","Hachi Maru Pop","css","sass","front-end","web","typeface","variable"],"license":"OFL-1.1","name":"fontsource-hachi-maru-pop","repository":{"type":"git","url":"git+https://github.com/fontsource/font-files.git"},"author":"Google Inc."}
KV keys:
- fontsource-hachi-maru-pop/5.2.7/400.css.br
- fontsource-hachi-maru-pop/5.2.7/400.css.gz
- fontsource-hachi-maru-pop/5.2.7/400.min.css.br
- fontsource-hachi-maru-pop/5.2.7/400.min.css.gz
- fontsource-hachi-maru-pop/5.2.7/cyrillic-400.css.br
- fontsource-hachi-maru-pop/5.2.7/cyrillic-400.css.gz
- fontsource-hachi-maru-pop/5.2.7/cyrillic-400.min.css.br
- fontsource-hachi-maru-pop/5.2.7/cyrillic-400.min.css.gz
- fontsource-hachi-maru-pop/5.2.7/cyrillic.css.br
- fontsource-hachi-maru-pop/5.2.7/cyrillic.css.gz
- fontsource-hachi-maru-pop/5.2.7/cyrillic.min.css.br
- fontsource-hachi-maru-pop/5.2.7/cyrillic.min.css.gz
- fontsource-hachi-maru-pop/5.2.7/files/hachi-maru-pop-cyrillic-400-normal.woff.br
- fontsource-hachi-maru-pop/5.2.7/files/hachi-maru-pop-cyrillic-400-normal.woff.gz
- fontsource-hachi-maru-pop/5.2.7/files/hachi-maru-pop-cyrillic-400-normal.woff2
- fontsource-hachi-maru-pop/5.2.7/files/hachi-maru-pop-japanese-400-normal.woff.br
- fontsource-hachi-maru-pop/5.2.7/files/hachi-maru-pop-japanese-400-normal.woff.gz
- fontsource-hachi-maru-pop/5.2.7/files/hachi-maru-pop-japanese-400-normal.woff2
- fontsource-hachi-maru-pop/5.2.7/files/hachi-maru-pop-latin-400-normal.woff.br
- fontsource-hachi-maru-pop/5.2.7/files/hachi-maru-pop-latin-400-normal.woff.gz
- fontsource-hachi-maru-pop/5.2.7/files/hachi-maru-pop-latin-400-normal.woff2
- fontsource-hachi-maru-pop/5.2.7/files/hachi-maru-pop-latin-ext-400-normal.woff.br
- fontsource-hachi-maru-pop/5.2.7/files/hachi-maru-pop-latin-ext-400-normal.woff.gz
- fontsource-hachi-maru-pop/5.2.7/files/hachi-maru-pop-latin-ext-400-normal.woff2
- fontsource-hachi-maru-pop/5.2.7/index.css.br
- fontsource-hachi-maru-pop/5.2.7/index.css.gz
- fontsource-hachi-maru-pop/5.2.7/index.min.css.br
- fontsource-hachi-maru-pop/5.2.7/index.min.css.gz
- fontsource-hachi-maru-pop/5.2.7/japanese-400.css.br
- fontsource-hachi-maru-pop/5.2.7/japanese-400.css.gz
- fontsource-hachi-maru-pop/5.2.7/japanese-400.min.css.br
- fontsource-hachi-maru-pop/5.2.7/japanese-400.min.css.gz
- fontsource-hachi-maru-pop/5.2.7/japanese.css.br
- fontsource-hachi-maru-pop/5.2.7/japanese.css.gz
- fontsource-hachi-maru-pop/5.2.7/japanese.min.css.br
- fontsource-hachi-maru-pop/5.2.7/japanese.min.css.gz
- fontsource-hachi-maru-pop/5.2.7/latin-400.css.br
- fontsource-hachi-maru-pop/5.2.7/latin-400.css.gz
- fontsource-hachi-maru-pop/5.2.7/latin-400.min.css.br
- fontsource-hachi-maru-pop/5.2.7/latin-400.min.css.gz
- fontsource-hachi-maru-pop/5.2.7/latin-ext-400.css.br
- fontsource-hachi-maru-pop/5.2.7/latin-ext-400.css.gz
- fontsource-hachi-maru-pop/5.2.7/latin-ext-400.min.css.br
- fontsource-hachi-maru-pop/5.2.7/latin-ext-400.min.css.gz
- fontsource-hachi-maru-pop/5.2.7/latin-ext.css.br
- fontsource-hachi-maru-pop/5.2.7/latin-ext.css.gz
- fontsource-hachi-maru-pop/5.2.7/latin-ext.min.css.br
- fontsource-hachi-maru-pop/5.2.7/latin-ext.min.css.gz
- fontsource-hachi-maru-pop/5.2.7/latin.css.br
- fontsource-hachi-maru-pop/5.2.7/latin.css.gz
- fontsource-hachi-maru-pop/5.2.7/latin.min.css.br
- fontsource-hachi-maru-pop/5.2.7/latin.min.css.gz
SRIs:
- fontsource-hachi-maru-pop/5.2.7/latin.min.css: sha512-Thb7xoRJEzhZvtwnSEA7M2sy7rkZpyRo4wxvDBAsXIVU5w/zAqviN8Yez6Plu5TOWQ16tvO7ZNXrZue+0cnbdw==
- fontsource-hachi-maru-pop/5.2.7/400.min.css: sha512-+5X/92nI+I92VM+wi/oN40qybD8I35uI+FvLEFoq2v0cMk7GTivQRGQ8PgcTbI9UJJT5UH45fp0g1VICyRGryA==
- fontsource-hachi-maru-pop/5.2.7/index.css: sha512-hhPfVxBdXGoafVHD0uMRXCatIi2IGZk1bTT0DkNWIeww17VhKBSJIGj1a/x9g8jSG8FeG4NiqH4GvUDdNJ+woQ==
- fontsource-hachi-maru-pop/5.2.7/japanese.css: sha512-Rtz0zbZFSOYXIpOl+fgmdJc1m2PBiucm5ZV78WrWLdaYOLwJfLC+U7Dnk6YGylKO0kwQ/NUUGYPs54vXr0Oemg==
- fontsource-hachi-maru-pop/5.2.7/japanese.min.css: sha512-12Q38/DOvDIhijzTtppBdz45znbIUh5iZLzSp5ryhuNLpbmhNSJbCmlxK8BRTAgte8tpznElBTWwOeK1UhAIPw==
- fontsource-hachi-maru-pop/5.2.7/latin-400.css: sha512-EJ/h9kRDeeez7U46APntSkUxON9epUaWGL2K+gi2PVJ+WvpYaAEyWoe698vUaf9ZX4qDo15jQP5zxNkfXqSghw==
- fontsource-hachi-maru-pop/5.2.7/latin-400.min.css: sha512-Thb7xoRJEzhZvtwnSEA7M2sy7rkZpyRo4wxvDBAsXIVU5w/zAqviN8Yez6Plu5TOWQ16tvO7ZNXrZue+0cnbdw==
- fontsource-hachi-maru-pop/5.2.7/cyrillic.css: sha512-9nJU9duNgZbQ4kQr92irckMHYSYnaXdmLQq3LoyLXg/eDcPbqtL4934gjviawLhWjyaSZZCDgP3FM2DkNy7tyg==
- fontsource-hachi-maru-pop/5.2.7/cyrillic.min.css: sha512-h+o3VwEJxXS37j19mAfWG1AVXLAqVlqdWw+HTovmLI+CW85x+lrVjEsEP/Hl3GNDQsfMNqDZRUWSrGorqX/3Wg==
- fontsource-hachi-maru-pop/5.2.7/latin.css: sha512-EJ/h9kRDeeez7U46APntSkUxON9epUaWGL2K+gi2PVJ+WvpYaAEyWoe698vUaf9ZX4qDo15jQP5zxNkfXqSghw==
- fontsource-hachi-maru-pop/5.2.7/japanese-400.css: sha512-Rtz0zbZFSOYXIpOl+fgmdJc1m2PBiucm5ZV78WrWLdaYOLwJfLC+U7Dnk6YGylKO0kwQ/NUUGYPs54vXr0Oemg==
- fontsource-hachi-maru-pop/5.2.7/latin-ext.min.css: sha512-kT+AbFQ0xayCmMy2Js6V0NQtDY7rvhQQ6UC87uYlNtPhNdmav4/JMAk7zt9x+ossY9OQIwPe/LRJ1DlpZH4s3A==
- fontsource-hachi-maru-pop/5.2.7/latin-ext-400.min.css: sha512-kT+AbFQ0xayCmMy2Js6V0NQtDY7rvhQQ6UC87uYlNtPhNdmav4/JMAk7zt9x+ossY9OQIwPe/LRJ1DlpZH4s3A==
- fontsource-hachi-maru-pop/5.2.7/latin-ext.css: sha512-956mEXRWGPLFj7jJhQhQwhTah8Hv0nK6QiP099dVNj6Efzw1KKafublx7T3V9fshP/iTzuCKWlK2LabbkxhaiA==
- fontsource-hachi-maru-pop/5.2.7/400.css: sha512-hhPfVxBdXGoafVHD0uMRXCatIi2IGZk1bTT0DkNWIeww17VhKBSJIGj1a/x9g8jSG8FeG4NiqH4GvUDdNJ+woQ==
- fontsource-hachi-maru-pop/5.2.7/cyrillic-400.css: sha512-9nJU9duNgZbQ4kQr92irckMHYSYnaXdmLQq3LoyLXg/eDcPbqtL4934gjviawLhWjyaSZZCDgP3FM2DkNy7tyg==
- fontsource-hachi-maru-pop/5.2.7/cyrillic-400.min.css: sha512-h+o3VwEJxXS37j19mAfWG1AVXLAqVlqdWw+HTovmLI+CW85x+lrVjEsEP/Hl3GNDQsfMNqDZRUWSrGorqX/3Wg==
- fontsource-hachi-maru-pop/5.2.7/index.min.css: sha512-+5X/92nI+I92VM+wi/oN40qybD8I35uI+FvLEFoq2v0cMk7GTivQRGQ8PgcTbI9UJJT5UH45fp0g1VICyRGryA==
- fontsource-hachi-maru-pop/5.2.7/japanese-400.min.css: sha512-12Q38/DOvDIhijzTtppBdz45znbIUh5iZLzSp5ryhuNLpbmhNSJbCmlxK8BRTAgte8tpznElBTWwOeK1UhAIPw==
- fontsource-hachi-maru-pop/5.2.7/latin-ext-400.css: sha512-956mEXRWGPLFj7jJhQhQwhTah8Hv0nK6QiP099dVNj6Efzw1KKafublx7T3V9fshP/iTzuCKWlK2LabbkxhaiA==
