config: {"authors":[{"name":"Chupurnov","email":"chupurnov@gmail.com","url":"http://xdsoft.net/"}],"autoupdate":{"source":"npm","target":"jodit","fileMap":[{"basePath":"","files":["@(es2015|es2018|es2021|es2021.en|es5)/**/*.min.@(css|js)"]}]},"description":"Jodit is awesome and usefully wysiwyg editor with filebrowser","filename":"es2018/jodit.fat.min.js","homepage":"http://xdsoft.net/jodit/","keywords":["wysiwyg","editor","rich","jodit"],"license":"MIT","name":"jodit","repository":{"type":"git","url":"https://github.com/xdan/jodit.git"},"author":"Chupurnov \u003cchupurnov@gmail.com\u003e (http://xdsoft.net/)"}
KV keys:
- jodit/4.6.13/es2015/jodit.fat.min.css.br
- jodit/4.6.13/es2015/jodit.fat.min.css.gz
- jodit/4.6.13/es2015/jodit.fat.min.js.br
- jodit/4.6.13/es2015/jodit.fat.min.js.gz
- jodit/4.6.13/es2015/jodit.min.css.br
- jodit/4.6.13/es2015/jodit.min.css.gz
- jodit/4.6.13/es2015/jodit.min.js.br
- jodit/4.6.13/es2015/jodit.min.js.gz
- jodit/4.6.13/es2015/plugins/debug/debug.min.css.br
- jodit/4.6.13/es2015/plugins/debug/debug.min.css.gz
- jodit/4.6.13/es2015/plugins/debug/debug.min.js.br
- jodit/4.6.13/es2015/plugins/debug/debug.min.js.gz
- jodit/4.6.13/es2015/plugins/speech-recognize/speech-recognize.min.css.br
- jodit/4.6.13/es2015/plugins/speech-recognize/speech-recognize.min.css.gz
- jodit/4.6.13/es2015/plugins/speech-recognize/speech-recognize.min.js.br
- jodit/4.6.13/es2015/plugins/speech-recognize/speech-recognize.min.js.gz
- jodit/4.6.13/es2018/jodit.fat.min.css.br
- jodit/4.6.13/es2018/jodit.fat.min.css.gz
- jodit/4.6.13/es2018/jodit.fat.min.js.br
- jodit/4.6.13/es2018/jodit.fat.min.js.gz
- jodit/4.6.13/es2018/jodit.min.css.br
- jodit/4.6.13/es2018/jodit.min.css.gz
- jodit/4.6.13/es2018/jodit.min.js.br
- jodit/4.6.13/es2018/jodit.min.js.gz
- jodit/4.6.13/es2018/plugins/debug/debug.min.css.br
- jodit/4.6.13/es2018/plugins/debug/debug.min.css.gz
- jodit/4.6.13/es2018/plugins/debug/debug.min.js.br
- jodit/4.6.13/es2018/plugins/debug/debug.min.js.gz
- jodit/4.6.13/es2018/plugins/speech-recognize/speech-recognize.min.css.br
- jodit/4.6.13/es2018/plugins/speech-recognize/speech-recognize.min.css.gz
- jodit/4.6.13/es2018/plugins/speech-recognize/speech-recognize.min.js.br
- jodit/4.6.13/es2018/plugins/speech-recognize/speech-recognize.min.js.gz
- jodit/4.6.13/es2021/jodit.fat.min.css.br
- jodit/4.6.13/es2021/jodit.fat.min.css.gz
- jodit/4.6.13/es2021/jodit.fat.min.js.br
- jodit/4.6.13/es2021/jodit.fat.min.js.gz
- jodit/4.6.13/es2021/jodit.min.css.br
- jodit/4.6.13/es2021/jodit.min.css.gz
- jodit/4.6.13/es2021/jodit.min.js.br
- jodit/4.6.13/es2021/jodit.min.js.gz
- jodit/4.6.13/es2021/plugins/debug/debug.min.css.br
- jodit/4.6.13/es2021/plugins/debug/debug.min.css.gz
- jodit/4.6.13/es2021/plugins/debug/debug.min.js.br
- jodit/4.6.13/es2021/plugins/debug/debug.min.js.gz
- jodit/4.6.13/es2021/plugins/speech-recognize/speech-recognize.min.css.br
- jodit/4.6.13/es2021/plugins/speech-recognize/speech-recognize.min.css.gz
- jodit/4.6.13/es2021/plugins/speech-recognize/speech-recognize.min.js.br
- jodit/4.6.13/es2021/plugins/speech-recognize/speech-recognize.min.js.gz
- jodit/4.6.13/es2021.en/jodit.fat.min.css.br
- jodit/4.6.13/es2021.en/jodit.fat.min.css.gz
- jodit/4.6.13/es2021.en/jodit.fat.min.js.br
- jodit/4.6.13/es2021.en/jodit.fat.min.js.gz
- jodit/4.6.13/es2021.en/jodit.min.css.br
- jodit/4.6.13/es2021.en/jodit.min.css.gz
- jodit/4.6.13/es2021.en/jodit.min.js.br
- jodit/4.6.13/es2021.en/jodit.min.js.gz
- jodit/4.6.13/es2021.en/plugins/debug/debug.min.css.br
- jodit/4.6.13/es2021.en/plugins/debug/debug.min.css.gz
- jodit/4.6.13/es2021.en/plugins/debug/debug.min.js.br
- jodit/4.6.13/es2021.en/plugins/debug/debug.min.js.gz
- jodit/4.6.13/es2021.en/plugins/speech-recognize/speech-recognize.min.css.br
- jodit/4.6.13/es2021.en/plugins/speech-recognize/speech-recognize.min.css.gz
- jodit/4.6.13/es2021.en/plugins/speech-recognize/speech-recognize.min.js.br
- jodit/4.6.13/es2021.en/plugins/speech-recognize/speech-recognize.min.js.gz
- jodit/4.6.13/es5/415.fat.min.js.br
- jodit/4.6.13/es5/415.fat.min.js.gz
- jodit/4.6.13/es5/415.min.js.br
- jodit/4.6.13/es5/415.min.js.gz
- jodit/4.6.13/es5/5.fat.min.js.br
- jodit/4.6.13/es5/5.fat.min.js.gz
- jodit/4.6.13/es5/5.min.js.br
- jodit/4.6.13/es5/5.min.js.gz
- jodit/4.6.13/es5/jodit.fat.min.css.br
- jodit/4.6.13/es5/jodit.fat.min.css.gz
- jodit/4.6.13/es5/jodit.fat.min.js.br
- jodit/4.6.13/es5/jodit.fat.min.js.gz
- jodit/4.6.13/es5/jodit.min.css.br
- jodit/4.6.13/es5/jodit.min.css.gz
- jodit/4.6.13/es5/jodit.min.js.br
- jodit/4.6.13/es5/jodit.min.js.gz
- jodit/4.6.13/es5/plugins/debug/debug.min.css.br
- jodit/4.6.13/es5/plugins/debug/debug.min.css.gz
- jodit/4.6.13/es5/plugins/debug/debug.min.js.br
- jodit/4.6.13/es5/plugins/debug/debug.min.js.gz
- jodit/4.6.13/es5/plugins/speech-recognize/speech-recognize.min.css.br
- jodit/4.6.13/es5/plugins/speech-recognize/speech-recognize.min.css.gz
- jodit/4.6.13/es5/plugins/speech-recognize/speech-recognize.min.js.br
- jodit/4.6.13/es5/plugins/speech-recognize/speech-recognize.min.js.gz
SRIs:
- jodit/4.6.13/es5/plugins/debug/debug.min.css: sha512-Wr/G9YBDs8yyAzF3wqDoHfr6H9/V9b38xHE/bpghVTB83zjFw8ql6cJlT1hybAixRc44yervgGARgVjSygzmpw==
- jodit/4.6.13/es5/plugins/speech-recognize/speech-recognize.min.css: sha512-eg88d36JTN98CO9sj9WUgW3SpvxHBfm7gT7Ld5q2plOR/7UcG+S4HPq1vMwcLNnh/jja9CZBsazoR9iBLITb1Q==
- jodit/4.6.13/es2021.en/jodit.min.css: sha512-4n1ZHIw+LCuhnUPRKGYqCzMFW6UQ9Y9+UVBUpaYtmHD1S/MrGMEJyGveB9OrpnMg/aq1nfO8gw6XmHwwjx+/mQ==
- jodit/4.6.13/es2021.en/jodit.min.js: sha512-zCxRZTuv4uJkQiuySKcbktYYpPnNdhIYGagTmYf9BQEfemaZ8D6ixQlgnf6PIq6lxyvqmU8rUgFswkyDIfi0Hw==
- jodit/4.6.13/es5/415.min.js: sha512-3oKV3HTh+n5ovyv8HvsEr9p6IXWl29zyQKOI2k6XF+KPbbN2vzauxc1kiUb+dbP7vwOubIP5vGC9tKuk/lKI7w==
- jodit/4.6.13/es2021/jodit.min.js: sha512-ja7I6w2bF6I0on8przv3UEJj/AwQS4uSy8nBshP3OdjDFpgfXhw7VWJObYJ1qXtQlWdLHlnLgBx5WoZOzz5TmQ==
- jodit/4.6.13/es2021.en/jodit.fat.min.css: sha512-2cfnJ8ZMBqkaNXsi/6ucIcFRvKVFKW69HEP5S7L2fQtAaPrVg5XLkkUgl46kkaN5PPArXwLPCOqhbsAAiHQiXA==
- jodit/4.6.13/es2021.en/jodit.fat.min.js: sha512-PJmzVLtpfds5z0JmZJKWWko/pu5K8gzrpNki1rU88SQfdDXdyTWDui/tZqTllLkf6olUEiBEX/xq3w1jitPCzw==
- jodit/4.6.13/es2015/plugins/speech-recognize/speech-recognize.min.css: sha512-eg88d36JTN98CO9sj9WUgW3SpvxHBfm7gT7Ld5q2plOR/7UcG+S4HPq1vMwcLNnh/jja9CZBsazoR9iBLITb1Q==
- jodit/4.6.13/es2018/jodit.min.css: sha512-4n1ZHIw+LCuhnUPRKGYqCzMFW6UQ9Y9+UVBUpaYtmHD1S/MrGMEJyGveB9OrpnMg/aq1nfO8gw6XmHwwjx+/mQ==
- jodit/4.6.13/es2021/jodit.fat.min.js: sha512-+wv9KLlMDkafnlKoXTBI7hPNlcqS4ovpGvyHW5ChrSTIctSap++N9VPuDkFRXKawCfETYO7bpsqW+PBG71CX/Q==
- jodit/4.6.13/es2018/plugins/debug/debug.min.css: sha512-Wr/G9YBDs8yyAzF3wqDoHfr6H9/V9b38xHE/bpghVTB83zjFw8ql6cJlT1hybAixRc44yervgGARgVjSygzmpw==
- jodit/4.6.13/es2021/jodit.fat.min.css: sha512-2cfnJ8ZMBqkaNXsi/6ucIcFRvKVFKW69HEP5S7L2fQtAaPrVg5XLkkUgl46kkaN5PPArXwLPCOqhbsAAiHQiXA==
- jodit/4.6.13/es2021/plugins/speech-recognize/speech-recognize.min.css: sha512-eg88d36JTN98CO9sj9WUgW3SpvxHBfm7gT7Ld5q2plOR/7UcG+S4HPq1vMwcLNnh/jja9CZBsazoR9iBLITb1Q==
- jodit/4.6.13/es2018/jodit.fat.min.css: sha512-2cfnJ8ZMBqkaNXsi/6ucIcFRvKVFKW69HEP5S7L2fQtAaPrVg5XLkkUgl46kkaN5PPArXwLPCOqhbsAAiHQiXA==
- jodit/4.6.13/es2018/jodit.fat.min.js: sha512-WTmACaoglEK1EwdapDvHL91mK2yPjFEY1kSDZl/IjSiCIYKr5LKxhAiLmgpjlWwMjQRd7rutoPpuDS1y5Z83Nw==
- jodit/4.6.13/es2018/jodit.min.js: sha512-a4tU2yimUrh6FU/KcsEve7htNJ6aU8na8+SfG9EZqONOwGSqVn7lu9CS2Lk2EYCyISB1gzYGZOrvfLLbRxyGXA==
- jodit/4.6.13/es2018/plugins/speech-recognize/speech-recognize.min.js: sha512-wkX2oBF6gPYMEKnvLgIURe29/DbeoqTrrxKSycQS4vaETuFt2CjlynucOzn6lZKx82VsLt7AFnA//nqDJC81Vg==
- jodit/4.6.13/es5/5.min.js: sha512-+m4VIY5d1FuvXCpeYfU3JDQD9gCG7DK6iu5WTxfeRqbsFclDdJQcT8Z66K3HhtNAN12NBUeY6fUNYzpmuoldJg==
- jodit/4.6.13/es5/jodit.fat.min.css: sha512-2cfnJ8ZMBqkaNXsi/6ucIcFRvKVFKW69HEP5S7L2fQtAaPrVg5XLkkUgl46kkaN5PPArXwLPCOqhbsAAiHQiXA==
- jodit/4.6.13/es2015/jodit.fat.min.css: sha512-2cfnJ8ZMBqkaNXsi/6ucIcFRvKVFKW69HEP5S7L2fQtAaPrVg5XLkkUgl46kkaN5PPArXwLPCOqhbsAAiHQiXA==
- jodit/4.6.13/es2015/jodit.fat.min.js: sha512-dYEX/hXFaaEXe6DwMywiygdmsRbMs7GJfJW+4IeIjXJOeSFIkBxK7EPNK6fRR0v5GWB2uyk35r0qN+cc8KAA0Q==
- jodit/4.6.13/es2015/jodit.min.js: sha512-v+D6gNNzs/7XD0lV+Ap7Vm3jzVIf3+V/pFrVncP8sdZVixVo0q+YJQB2WwFB2z5XGsrGFA+a/TRN/pkF7bliYw==
- jodit/4.6.13/es5/5.fat.min.js: sha512-+m4VIY5d1FuvXCpeYfU3JDQD9gCG7DK6iu5WTxfeRqbsFclDdJQcT8Z66K3HhtNAN12NBUeY6fUNYzpmuoldJg==
- jodit/4.6.13/es5/jodit.min.css: sha512-U1Lv9P8nInbF7KNlxgX+TtY4z2ROutwOTg0wY/H9IGlCTM1M9Gxo5n2OzotZVu/UN3md2CFno59WPr8TQzKnfw==
- jodit/4.6.13/es2021/jodit.min.css: sha512-4n1ZHIw+LCuhnUPRKGYqCzMFW6UQ9Y9+UVBUpaYtmHD1S/MrGMEJyGveB9OrpnMg/aq1nfO8gw6XmHwwjx+/mQ==
- jodit/4.6.13/es2021.en/plugins/debug/debug.min.js: sha512-j0omApUaUUKNtO1qeQ1Ck0vr/zt2f/PxPQMDSrlwAQZmX5brHSB+8e0/njm7CybuT14VL7YAv6xwQyg27nl7wA==
- jodit/4.6.13/es2021.en/plugins/speech-recognize/speech-recognize.min.css: sha512-eg88d36JTN98CO9sj9WUgW3SpvxHBfm7gT7Ld5q2plOR/7UcG+S4HPq1vMwcLNnh/jja9CZBsazoR9iBLITb1Q==
- jodit/4.6.13/es2021/plugins/speech-recognize/speech-recognize.min.js: sha512-PNepxTUS0dFMa7aI0rBtOmzcCFRUaW/BwPyG1kK9QBLcu2sMQGzHRNeeHcIpBF0MihDQoQUmvqzw7AgeAymAWg==
- jodit/4.6.13/es2021.en/plugins/debug/debug.min.css: sha512-Wr/G9YBDs8yyAzF3wqDoHfr6H9/V9b38xHE/bpghVTB83zjFw8ql6cJlT1hybAixRc44yervgGARgVjSygzmpw==
- jodit/4.6.13/es5/jodit.fat.min.js: sha512-Ewc1z3m1hZN64pYw09VFs2Uvyl0ymhTkTLVmFROIW7FXm3I66SByPRMc3k4XN+eKQvF6fZ7dMeBP1sKJmlYR3g==
- jodit/4.6.13/es5/jodit.min.js: sha512-XrO9x6/s+pVJbj1+xnXnh9ZcH/lJG74HxR0FfIIYh6DiXBy/3lTz74pbzNObI7PnlLMSwWB8kCdUbWJGI5DvoQ==
- jodit/4.6.13/es5/plugins/debug/debug.min.js: sha512-r6Exlv2qyZIEraHED6m8/ds/JzKKU27w4NW59zrnNCqnP2LnIZvqfLOqI2Yj2BigPFWzmuHb7rpooIw9B0oVNQ==
- jodit/4.6.13/es2015/plugins/debug/debug.min.css: sha512-Wr/G9YBDs8yyAzF3wqDoHfr6H9/V9b38xHE/bpghVTB83zjFw8ql6cJlT1hybAixRc44yervgGARgVjSygzmpw==
- jodit/4.6.13/es2018/plugins/speech-recognize/speech-recognize.min.css: sha512-eg88d36JTN98CO9sj9WUgW3SpvxHBfm7gT7Ld5q2plOR/7UcG+S4HPq1vMwcLNnh/jja9CZBsazoR9iBLITb1Q==
- jodit/4.6.13/es2021/plugins/debug/debug.min.js: sha512-j0omApUaUUKNtO1qeQ1Ck0vr/zt2f/PxPQMDSrlwAQZmX5brHSB+8e0/njm7CybuT14VL7YAv6xwQyg27nl7wA==
- jodit/4.6.13/es2015/plugins/debug/debug.min.js: sha512-dPYRVwQZILD639VYjwRoF+ZZ4N9KiF2ON9G8LIX/wxhrN1KN5yVbSOoU3P4S7EdrJCUrrx7HkwULFYMlPMZDOw==
- jodit/4.6.13/es5/415.fat.min.js: sha512-3oKV3HTh+n5ovyv8HvsEr9p6IXWl29zyQKOI2k6XF+KPbbN2vzauxc1kiUb+dbP7vwOubIP5vGC9tKuk/lKI7w==
- jodit/4.6.13/es5/plugins/speech-recognize/speech-recognize.min.js: sha512-UEr9JuyuS22V2vFVxSkD8FIDQ+j/MJPxLf7npIeuqfF+1D1hXKrqn0qUQ5t697+lNANgFXaRjq9PdoX3anfypQ==
- jodit/4.6.13/es2021/plugins/debug/debug.min.css: sha512-Wr/G9YBDs8yyAzF3wqDoHfr6H9/V9b38xHE/bpghVTB83zjFw8ql6cJlT1hybAixRc44yervgGARgVjSygzmpw==
- jodit/4.6.13/es2021.en/plugins/speech-recognize/speech-recognize.min.js: sha512-tNp0BzlRoI63O76jIWxtsI/RqLvc6oAwDGv7SR0DSyY1yQyeZAR8Ncv8jR2JJ1qzTfrvwPIKhCD4F/KR61gBEA==
- jodit/4.6.13/es2015/jodit.min.css: sha512-4n1ZHIw+LCuhnUPRKGYqCzMFW6UQ9Y9+UVBUpaYtmHD1S/MrGMEJyGveB9OrpnMg/aq1nfO8gw6XmHwwjx+/mQ==
- jodit/4.6.13/es2015/plugins/speech-recognize/speech-recognize.min.js: sha512-wkX2oBF6gPYMEKnvLgIURe29/DbeoqTrrxKSycQS4vaETuFt2CjlynucOzn6lZKx82VsLt7AFnA//nqDJC81Vg==
- jodit/4.6.13/es2018/plugins/debug/debug.min.js: sha512-dPYRVwQZILD639VYjwRoF+ZZ4N9KiF2ON9G8LIX/wxhrN1KN5yVbSOoU3P4S7EdrJCUrrx7HkwULFYMlPMZDOw==
