Files:
- amis/6.13.0-beta.23/ang-ie11.css.br
- amis/6.13.0-beta.23/ang-ie11.css.gz
- amis/6.13.0-beta.23/ang-ie11.css.sri
- amis/6.13.0-beta.23/ang-ie11.min.css.br
- amis/6.13.0-beta.23/ang-ie11.min.css.gz
- amis/6.13.0-beta.23/ang-ie11.min.css.sri
- amis/6.13.0-beta.23/ang.css.br
- amis/6.13.0-beta.23/ang.css.gz
- amis/6.13.0-beta.23/ang.css.sri
- amis/6.13.0-beta.23/ang.min.css.br
- amis/6.13.0-beta.23/ang.min.css.gz
- amis/6.13.0-beta.23/ang.min.css.sri
- amis/6.13.0-beta.23/antd-ie11.css.br
- amis/6.13.0-beta.23/antd-ie11.css.gz
- amis/6.13.0-beta.23/antd-ie11.css.sri
- amis/6.13.0-beta.23/antd-ie11.min.css.br
- amis/6.13.0-beta.23/antd-ie11.min.css.gz
- amis/6.13.0-beta.23/antd-ie11.min.css.sri
- amis/6.13.0-beta.23/antd.css.br
- amis/6.13.0-beta.23/antd.css.gz
- amis/6.13.0-beta.23/antd.css.sri
- amis/6.13.0-beta.23/antd.min.css.br
- amis/6.13.0-beta.23/antd.min.css.gz
- amis/6.13.0-beta.23/antd.min.css.sri
- amis/6.13.0-beta.23/barcode.js.br
- amis/6.13.0-beta.23/barcode.js.gz
- amis/6.13.0-beta.23/barcode.js.sri
- amis/6.13.0-beta.23/barcode.min.js.br
- amis/6.13.0-beta.23/barcode.min.js.gz
- amis/6.13.0-beta.23/barcode.min.js.sri
- amis/6.13.0-beta.23/charts.js.br
- amis/6.13.0-beta.23/charts.js.gz
- amis/6.13.0-beta.23/charts.js.sri
- amis/6.13.0-beta.23/charts.min.js.br
- amis/6.13.0-beta.23/charts.min.js.gz
- amis/6.13.0-beta.23/charts.min.js.sri
- amis/6.13.0-beta.23/codemirror.js.br
- amis/6.13.0-beta.23/codemirror.js.gz
- amis/6.13.0-beta.23/codemirror.js.sri
- amis/6.13.0-beta.23/codemirror.min.js.br
- amis/6.13.0-beta.23/codemirror.min.js.gz
- amis/6.13.0-beta.23/codemirror.min.js.sri
- amis/6.13.0-beta.23/color-picker.js.br
- amis/6.13.0-beta.23/color-picker.js.gz
- amis/6.13.0-beta.23/color-picker.js.sri
- amis/6.13.0-beta.23/color-picker.min.js.br
- amis/6.13.0-beta.23/color-picker.min.js.gz
- amis/6.13.0-beta.23/color-picker.min.js.sri
- amis/6.13.0-beta.23/cropperjs.js.br
- amis/6.13.0-beta.23/cropperjs.js.gz
- amis/6.13.0-beta.23/cropperjs.js.sri
- amis/6.13.0-beta.23/cropperjs.min.js.br
- amis/6.13.0-beta.23/cropperjs.min.js.gz
- amis/6.13.0-beta.23/cropperjs.min.js.sri
- amis/6.13.0-beta.23/cxd-ie11.css.br
- amis/6.13.0-beta.23/cxd-ie11.css.gz
- amis/6.13.0-beta.23/cxd-ie11.css.sri
- amis/6.13.0-beta.23/cxd-ie11.min.css.br
- amis/6.13.0-beta.23/cxd-ie11.min.css.gz
- amis/6.13.0-beta.23/cxd-ie11.min.css.sri
- amis/6.13.0-beta.23/cxd.css.br
- amis/6.13.0-beta.23/cxd.css.gz
- amis/6.13.0-beta.23/cxd.css.sri
- amis/6.13.0-beta.23/cxd.min.css.br
- amis/6.13.0-beta.23/cxd.min.css.gz
- amis/6.13.0-beta.23/cxd.min.css.sri
- amis/6.13.0-beta.23/dark-ie11.css.br
- amis/6.13.0-beta.23/dark-ie11.css.gz
- amis/6.13.0-beta.23/dark-ie11.css.sri
- amis/6.13.0-beta.23/dark-ie11.min.css.br
- amis/6.13.0-beta.23/dark-ie11.min.css.gz
- amis/6.13.0-beta.23/dark-ie11.min.css.sri
- amis/6.13.0-beta.23/dark.css.br
- amis/6.13.0-beta.23/dark.css.gz
- amis/6.13.0-beta.23/dark.css.sri
- amis/6.13.0-beta.23/dark.min.css.br
- amis/6.13.0-beta.23/dark.min.css.gz
- amis/6.13.0-beta.23/dark.min.css.sri
- amis/6.13.0-beta.23/exceljs.js.br
- amis/6.13.0-beta.23/exceljs.js.gz
- amis/6.13.0-beta.23/exceljs.js.sri
- amis/6.13.0-beta.23/exceljs.min.js.br
- amis/6.13.0-beta.23/exceljs.min.js.gz
- amis/6.13.0-beta.23/exceljs.min.js.sri
- amis/6.13.0-beta.23/fomula-doc.js.br
- amis/6.13.0-beta.23/fomula-doc.js.gz
- amis/6.13.0-beta.23/fomula-doc.js.sri
- amis/6.13.0-beta.23/fomula-doc.min.js.br
- amis/6.13.0-beta.23/fomula-doc.min.js.gz
- amis/6.13.0-beta.23/fomula-doc.min.js.sri
- amis/6.13.0-beta.23/helper.css.br
- amis/6.13.0-beta.23/helper.css.gz
- amis/6.13.0-beta.23/helper.css.sri
- amis/6.13.0-beta.23/helper.min.css.br
- amis/6.13.0-beta.23/helper.min.css.gz
- amis/6.13.0-beta.23/helper.min.css.sri
- amis/6.13.0-beta.23/iconfont.css.br
- amis/6.13.0-beta.23/iconfont.css.gz
- amis/6.13.0-beta.23/iconfont.css.sri
- amis/6.13.0-beta.23/iconfont.eot.br
- amis/6.13.0-beta.23/iconfont.eot.gz
- amis/6.13.0-beta.23/iconfont.min.css.br
- amis/6.13.0-beta.23/iconfont.min.css.gz
- amis/6.13.0-beta.23/iconfont.min.css.sri
- amis/6.13.0-beta.23/iconfont.svg.br
- amis/6.13.0-beta.23/iconfont.svg.gz
- amis/6.13.0-beta.23/iconfont.ttf.br
- amis/6.13.0-beta.23/iconfont.ttf.gz
- amis/6.13.0-beta.23/iconfont.woff.br
- amis/6.13.0-beta.23/iconfont.woff.gz
- amis/6.13.0-beta.23/ie11-patch.css.br
- amis/6.13.0-beta.23/ie11-patch.css.gz
- amis/6.13.0-beta.23/ie11-patch.css.sri
- amis/6.13.0-beta.23/ie11-patch.min.css.br
- amis/6.13.0-beta.23/ie11-patch.min.css.gz
- amis/6.13.0-beta.23/ie11-patch.min.css.sri
- amis/6.13.0-beta.23/json-view.js.br
- amis/6.13.0-beta.23/json-view.js.gz
- amis/6.13.0-beta.23/json-view.js.sri
- amis/6.13.0-beta.23/json-view.min.js.br
- amis/6.13.0-beta.23/json-view.min.js.gz
- amis/6.13.0-beta.23/json-view.min.js.sri
- amis/6.13.0-beta.23/markdown.js.br
- amis/6.13.0-beta.23/markdown.js.gz
- amis/6.13.0-beta.23/markdown.js.sri
- amis/6.13.0-beta.23/markdown.min.js.br
- amis/6.13.0-beta.23/markdown.min.js.gz
- amis/6.13.0-beta.23/markdown.min.js.sri
- amis/6.13.0-beta.23/office-viewer.js.br
- amis/6.13.0-beta.23/office-viewer.js.gz
- amis/6.13.0-beta.23/office-viewer.js.sri
- amis/6.13.0-beta.23/office-viewer.min.js.br
- amis/6.13.0-beta.23/office-viewer.min.js.gz
- amis/6.13.0-beta.23/office-viewer.min.js.sri
- amis/6.13.0-beta.23/papaparse.js.br
- amis/6.13.0-beta.23/papaparse.js.gz
- amis/6.13.0-beta.23/papaparse.js.sri
- amis/6.13.0-beta.23/papaparse.min.js.br
- amis/6.13.0-beta.23/papaparse.min.js.gz
- amis/6.13.0-beta.23/papaparse.min.js.sri
- amis/6.13.0-beta.23/pdf-viewer.js.br
- amis/6.13.0-beta.23/pdf-viewer.js.gz
- amis/6.13.0-beta.23/pdf-viewer.js.sri
- amis/6.13.0-beta.23/pdf-viewer.min.js.br
- amis/6.13.0-beta.23/pdf-viewer.min.js.gz
- amis/6.13.0-beta.23/pdf-viewer.min.js.sri
- amis/6.13.0-beta.23/rest.js.br
- amis/6.13.0-beta.23/rest.js.gz
- amis/6.13.0-beta.23/rest.js.sri
- amis/6.13.0-beta.23/rest.min.js.br
- amis/6.13.0-beta.23/rest.min.js.gz
- amis/6.13.0-beta.23/rest.min.js.sri
- amis/6.13.0-beta.23/rich-text.js.br
- amis/6.13.0-beta.23/rich-text.js.gz
- amis/6.13.0-beta.23/rich-text.js.sri
- amis/6.13.0-beta.23/rich-text.min.js.br
- amis/6.13.0-beta.23/rich-text.min.js.gz
- amis/6.13.0-beta.23/rich-text.min.js.sri
- amis/6.13.0-beta.23/sdk-ie11.css.br
- amis/6.13.0-beta.23/sdk-ie11.css.gz
- amis/6.13.0-beta.23/sdk-ie11.css.sri
- amis/6.13.0-beta.23/sdk-ie11.min.css.br
- amis/6.13.0-beta.23/sdk-ie11.min.css.gz
- amis/6.13.0-beta.23/sdk-ie11.min.css.sri
- amis/6.13.0-beta.23/sdk.css.br
- amis/6.13.0-beta.23/sdk.css.gz
- amis/6.13.0-beta.23/sdk.css.sri
- amis/6.13.0-beta.23/sdk.js.br
- amis/6.13.0-beta.23/sdk.js.gz
- amis/6.13.0-beta.23/sdk.js.sri
- amis/6.13.0-beta.23/sdk.min.css.br
- amis/6.13.0-beta.23/sdk.min.css.gz
- amis/6.13.0-beta.23/sdk.min.css.sri
- amis/6.13.0-beta.23/sdk.min.js.br
- amis/6.13.0-beta.23/sdk.min.js.gz
- amis/6.13.0-beta.23/sdk.min.js.sri
- amis/6.13.0-beta.23/tinymce.js.br
- amis/6.13.0-beta.23/tinymce.js.gz
- amis/6.13.0-beta.23/tinymce.js.sri
- amis/6.13.0-beta.23/tinymce.min.js.br
- amis/6.13.0-beta.23/tinymce.min.js.gz
- amis/6.13.0-beta.23/tinymce.min.js.sri
- amis/6.13.0-beta.23/xlsx.js.br
- amis/6.13.0-beta.23/xlsx.js.gz
- amis/6.13.0-beta.23/xlsx.js.sri
- amis/6.13.0-beta.23/xlsx.min.js.br
- amis/6.13.0-beta.23/xlsx.min.js.gz
- amis/6.13.0-beta.23/xlsx.min.js.sri
